12-12 22:29:13.599   970   970 D NotificationService: updateLightListLocked :r=null, action=2
12-12 22:29:13.609 15553 15565 D TelephonyAutoProfiling: [parse] Load xml
12-12 22:29:13.609 12328 12328 I GeofencerStateMachine: sendQueryLocationOptIn
12-12 22:29:13.609 11629 15567 D AWSDeviceFarmAndroidLib: setEnabled: GPS is: false
12-12 22:29:13.609 11629 11629 D AatpDeviceManager: taskStatus update (7f023a63a59fd30b3d1f0e4084dedf707447da09: {"result":"GPS enabled: false","state":2})
12-12 22:29:13.609  1519  1536 I com.skyfire.browser.toolbar.ProcessObserverService: On importance changed 11629,15807,100
12-12 22:29:13.609 15553 15565 V TelephonyAutoProfiling: [getMatchedProfile] selected file : /etc/featureset.xml
12-12 22:29:13.609 15553 15565 V TelephonyAutoProfiling: [loadDataFromXml] load feature from xml complete : {force_write_mode_allowed=true, KRWapPushWithSpam=false, KREncodingScheme=false, GLOBALspam=false, copy_submit_to_uicc=false, enable_link_control=false, cmas_mlock_cb=false, KSC5601Decoding=true, MMSHiddenConfig=false, increase_user_permit_sent_sms_max_count=false, KR_Modem_Item=true, OperatorMessage=false, support_emoji_in_concat_message=false, do_not_save_sms_to_isis_short_code=false, att_vvm=false, set_clir_option_by_call_setting=false, SHOW_NETWORK_NAME_WHEN_MANUAL_NETWORK_SETTING_FAIL=true, spam=false, MANUAL_SELECTION_WITH_RAT=true, seperate_processing_sms_uicc=false}
12-12 22:29:13.609   970  1554 W BackupManagerService: dataChanged but no participant pkg='com.android.providers.settings' uid=15807
12-12 22:29:13.619  1519  1534 I com.skyfire.browser.toolbar.ProcessObserverService: On importance changed 11629,15807,130
12-12 22:29:13.619 15553 15553 D MobileConnectivityChangeReceiver: onReceive Intent { act=android.net.conn.CONNECTIVITY_CHANGE flg=0x4000010 cmp=com.google.android.setupwizard/.MobileConnectivityChangeReceiver (has extras) }
12-12 22:29:13.619   970   983 D LocationManagerService: getProviders()=[passive]
12-12 22:29:13.619   970  1022 D GpsLocationProvider: handleDisable
12-12 22:29:13.619   970  1022 D GpsLocationProvider: stopNavigating
12-12 22:29:13.619   970   970 D NotificationService: updateLightListLocked :r=NotificationRecord(0x42dd7cd8: pkg=com.amazon.aatp.aatpdevicemanager user=UserHandle{0} id=1096041566 tag=null score=0: Notification(pri=0 contentView=com.amazon.aatp.aatpdevicemanager/0x1090064 vibrate=null sound=null defaults=0x0 flags=0x62 kind=[null])), action=2
12-12 22:29:13.619   970   970 D NotificationService: notification=Notification(pri=0 contentView=com.amazon.aatp.aatpdevicemanager/0x1090064 vibrate=null sound=null defaults=0x0 flags=0x62 kind=[null])
12-12 22:29:13.629 15553 15553 D MobileConnectivityChangeReceiver: onReceive CONNECTIVITY_CHANGE networkType=1
12-12 22:29:13.629   970  1022 E LocSvc_eng: I/===> void loc_eng_cleanup(loc_eng_data_s_type&) line 1621 
12-12 22:29:13.629 15553 15553 E PhoneMonitor: onOtaspChanged old =0, new =3
12-12 22:29:13.629 15553 15553 V PhoneMonitor: mOtaspPhoneStateListener#onOtaspChanged, mOtaspMode=3
12-12 22:29:13.649   970  1917 I ActivityManager: Start proc com.android.chrome for broadcast com.android.chrome/com.google.android.apps.chrome.precache.PrecacheServiceLauncher: pid=15570 uid=10058 gids={50058, 3003, 1028, 1015}
12-12 22:29:13.649   970  1917 I ActivityManager: Killing 15016:com.android.keychain/1000 (adj 15): empty #14
12-12 22:29:13.659  1226  1237 V SplitWindowPolicyService: requestUpdateStackInfo
12-12 22:29:13.659  1519  1536 I com.skyfire.browser.toolbar.ProcessObserverService: On process died 15016,1000
12-12 22:29:13.659   970  1572 D ActivityManager: resumeTopActivityLocked: Top activity resumed ActivityRecord{4241fe00 u0 com.lge.launcher2/.Launcher t1}
12-12 22:29:13.669  1519  1534 I com.skyfire.browser.toolbar.ProcessObserverService: On importance changed 15570,10058,400
12-12 22:29:13.679 15570 15570 D HyLog   : I : /data/font/config/sfconfig.dat, No such file or directory (2)
12-12 22:29:13.679 15570 15570 D HyLog   : I : /data/font/config/dfactpre.dat, No such file or directory (2)
12-12 22:29:13.679 15570 15570 D HyLog   : I : /data/font/config/sfconfig.dat, No such file or directory (2)
12-12 22:29:13.689 15570 15570 W ActivityThread: Application com.android.chrome can be debugged on port 8100...
12-12 22:29:13.739 11629 15582 D Aatp    : /task/7f023a63a59fd30b3d1f0e4084dedf707447da09/status
12-12 22:29:13.769   970  1555 I ActivityManager: Start proc com.lge.drmservice for broadcast com.lge.drmservice/.DrmBroadcastReceiver: pid=15584 uid=10061 gids={50061, 4002, 3003, 1028}
12-12 22:29:13.769   970  1555 I ActivityManager: Killing 14820:com.android.documentsui/u0a60 (adj 15): empty #14
12-12 22:29:13.779  1519  1536 I com.skyfire.browser.toolbar.ProcessObserverService: On process died 14820,10060
12-12 22:29:13.779  1226  1238 V SplitWindowPolicyService: requestUpdateStackInfo
12-12 22:29:13.779  1519  1534 I com.skyfire.browser.toolbar.ProcessObserverService: On importance changed 15584,10061,400
12-12 22:29:13.779   970   983 D ActivityManager: resumeTopActivityLocked: Top activity resumed ActivityRecord{4241fe00 u0 com.lge.launcher2/.Launcher t1}
12-12 22:29:13.789 15584 15584 D HyLog   : I : /data/font/config/sfconfig.dat, No such file or directory (2)
12-12 22:29:13.789 15584 15584 D HyLog   : I : /data/font/config/dfactpre.dat, No such file or directory (2)
12-12 22:29:13.789 15584 15584 D HyLog   : I : /data/font/config/sfconfig.dat, No such file or directory (2)
12-12 22:29:13.809   970  1555 I ActivityManager: Start proc com.lge.lgdmsclient for broadcast com.lge.lgdmsclient/.dmclient.receiver.DmDeviceActionReceiver: pid=15597 uid=5000 gids={45000, 3003, 1028, 1015, 4002, 2001}
12-12 22:29:13.809   970  1555 I ActivityManager: Killing 14969:com.lge.lockscreensettings/u0a78 (adj 15): empty #14
12-12 22:29:13.819  1226  3934 V SplitWindowPolicyService: requestUpdateStackInfo
12-12 22:29:13.819  1519  1536 I com.skyfire.browser.toolbar.ProcessObserverService: On process died 14969,10078
12-12 22:29:13.819   970   983 D ActivityManager: resumeTopActivityLocked: Top activity resumed ActivityRecord{4241fe00 u0 com.lge.launcher2/.Launcher t1}
12-12 22:29:13.849 11629 15596 D Aatp    : /nfc
12-12 22:29:13.859 11629 15596 D Aatp    : sha1: 322628efcd8cdca7db61605c39aa60eb106db9c5
12-12 22:29:13.859 11629 15596 D AatpDeviceManager: k: enabled v: False
12-12 22:29:13.859 11629 15596 D AatpDeviceManager: k: NanoHttpd.QUERY_STRING v: enabled=False
12-12 22:29:13.969   303   381 I Vold    : [LGE][VOLD][NetlinkHandler.cpp][onEvent()] subsys:cpu, action:0
12-12 22:29:13.989   970  1202 D dalvikvm: GC_EXPLICIT freed 1770K, 41% free 19462K/32808K, paused 5ms+13ms, total 167ms
12-12 22:29:13.999  1519  1534 I com.skyfire.browser.toolbar.ProcessObserverService: On importance changed 11629,15807,100
12-12 22:29:14.019  1519  1536 I com.skyfire.browser.toolbar.ProcessObserverService: On importance changed 15597,5000,400
12-12 22:29:14.019  1519  1536 I com.skyfire.browser.toolbar.ProcessObserverService: On importance changed 11629,15807,130
12-12 22:29:14.029 11629 15596 D Aatp    : /task/322628efcd8cdca7db61605c39aa60eb106db9c5
12-12 22:29:14.029 11629 11629 D AatpDeviceManager: taskStatus update (322628efcd8cdca7db61605c39aa60eb106db9c5: {"state":1})
12-12 22:29:14.029  1519  1534 I com.skyfire.browser.toolbar.ProcessObserverService: On importance changed 11629,15807,100
12-12 22:29:14.029   970   970 D NotificationService: updateLightListLocked :r=null, action=2
12-12 22:29:14.029   970   970 D NotificationService: updateLightListLocked :r=NotificationRecord(0x42e3f4d0: pkg=com.amazon.aatp.aatpdevicemanager user=UserHandle{0} id=1096041567 tag=null score=0: Notification(pri=0 contentView=com.amazon.aatp.aatpdevicemanager/0x1090064 vibrate=null sound=null defaults=0x0 flags=0x62 kind=[null])), action=2
12-12 22:29:14.029   970   970 D NotificationService: notification=Notification(pri=0 contentView=com.amazon.aatp.aatpdevicemanager/0x1090064 vibrate=null sound=null defaults=0x0 flags=0x62 kind=[null])
12-12 22:29:14.039 11629 11629 D AatpDeviceManager: taskStatus update (322628efcd8cdca7db61605c39aa60eb106db9c5: {"result":"NFC not supported on platform. Skipping","state":2})
12-12 22:29:14.039  1519  1536 I com.skyfire.browser.toolbar.ProcessObserverService: On importance changed 11629,15807,130
12-12 22:29:14.049 15597 15597 D HyLog   : I : /data/font/config/sfconfig.dat, No such file or directory (2)
12-12 22:29:14.049 15597 15597 D HyLog   : I : /data/font/config/dfactpre.dat, No such file or directory (2)
12-12 22:29:14.049 15597 15597 D HyLog   : I : /data/font/config/sfconfig.dat, No such file or directory (2)
12-12 22:29:14.059 11629 11633 D dalvikvm: GC_CONCURRENT freed 2065K, 70% free 3516K/11632K, paused 17ms+3ms, total 39ms
12-12 22:29:14.069   303   381 I Vold    : [LGE][VOLD][NetlinkHandler.cpp][onEvent()] subsys:cpu, action:0
12-12 22:29:14.119 15597 15597 D LGDMClient: [DmDeviceActionReceiver.java] [onReceive()] : [67] : Device Action Receiver android.net.conn.CONNECTIVITY_CHANGE
12-12 22:29:14.119  1377  1377 D WeatherAncestor: 2 : onReceive, action: android.net.conn.CONNECTIVITY_CHANGE, Time(hour:min:sec) 22:29:14
12-12 22:29:14.119  1377  1377 D UpdateThreadPoolManager: 2 : This is isUpdating : false
12-12 22:29:14.119  1377  1377 D WeatherAncestor: connectivity changed - connection : false
12-12 22:29:14.119  1377  1377 D WeatherAncestor: 2 : onReceive has processed, action: android.net.conn.CONNECTIVITY_CHANGE, Time(hour:min:sec) 22:29:14
12-12 22:29:14.119  1377  1377 D WeatherService: 2 : onStartCommand, intent!=null, action: android.net.conn.CONNECTIVITY_CHANGE
12-12 22:29:14.129  1377  1377 D Weather.Utils: 2 : Utils getTopActivity com.lge.launcher2 / true
12-12 22:29:14.129  1377  1377 D WeatherService: 2 : shouldTimeTickRegistered - 4x2 : 1, FphWidget : 0
12-12 22:29:14.129  1377  1377 D WeatherService: 2 : shouldTimeTickRegistered : true - home screen widget is shown.
12-12 22:29:14.129 15398 15398 I NFS     : connectivityManager.getNetworkInfo = TYPE_WIFI
12-12 22:29:14.129 15597 15618 D LGDMClient: [DmUtil.java] [getServiceTypeBasedOnAgentState()] : [1789] : iAgentState=0, isUserType=0
12-12 22:29:14.139 15597 15618 D LGDMClient: [DmUtil.java] [getServiceTypeBasedOnAgentState()] : [1789] : iAgentState=0, isUserType=0
12-12 22:29:14.139 15597 15618 D LGDMClient: [DmATTAPNSettings.java] [checkNetworkState()] : [132] : ATT_APN: subtype = UNKNOWN avail = false / connect = false / MobileDataEnable = true
12-12 22:29:14.139 15597 15618 D LGDMClient: [DmATTAPNSettings.java] [isNetworkAvailable()] : [73] : ATT_APN: network state (false)=mobile is not available
12-12 22:29:14.139 15597 15618 D LGDMClient: [DmServiceProcessor.java] [onHandleIntent()] : [161] : ATT_APN: changed network = false --> false
12-12 22:29:14.149 11629 15617 D Aatp    : /task/322628efcd8cdca7db61605c39aa60eb106db9c5/status
12-12 22:29:14.159 15398 15398 I Wireless_Storage: intf.getDisplayName() = dummy0
12-12 22:29:14.159 15398 15398 I Wireless_Storage: intf.getDisplayName() = rmnet_usb0
12-12 22:29:14.159 15398 15398 I Wireless_Storage: intf.getDisplayName() = lo
12-12 22:29:14.159 15398 15398 I Wireless_Storage: intf.getDisplayName() = p2p0
12-12 22:29:14.159 15398 15398 I Wireless_Storage: intf.getDisplayName() = sit0
12-12 22:29:14.159 15398 15398 I Wireless_Storage: intf.getDisplayName() = teql0
12-12 22:29:14.159 15398 15398 I Wireless_Storage: intf.getDisplayName() = wlan0
12-12 22:29:14.159 15398 15398 I Wireless_Storage: intf.getDisplayName() = rev_rmnet1
12-12 22:29:14.159 15398 15398 I Wireless_Storage: intf.getDisplayName() = rev_rmnet0
12-12 22:29:14.159 15398 15398 I Wireless_Storage: intf.getDisplayName() = rev_rmnet4
12-12 22:29:14.159 15398 15398 I Wireless_Storage: intf.getDisplayName() = rev_rmnet3
12-12 22:29:14.159 15398 15398 I Wireless_Storage: intf.getDisplayName() = rev_rmnet2
12-12 22:29:14.159 15398 15398 I Wireless_Storage: intf.getDisplayName() = rev_rmnet7
12-12 22:29:14.159 15398 15398 I Wireless_Storage: intf.getDisplayName() = rev_rmnet6
12-12 22:29:14.159 15398 15398 I Wireless_Storage: intf.getDisplayName() = rev_rmnet5
12-12 22:29:14.159 15398 15398 I Wireless_Storage: intf.getDisplayName() = rev_rmnet8
12-12 22:29:14.159 15398 15398 I Wireless_Storage: intf.getDisplayName() = rmnet4
12-12 22:29:14.159 15398 15398 I Wireless_Storage: intf.getDisplayName() = rmnet3
12-12 22:29:14.159 15398 15398 I Wireless_Storage: intf.getDisplayName() = rmnet2
12-12 22:29:14.159 15398 15398 I Wireless_Storage: intf.getDisplayName() = rmnet7
12-12 22:29:14.159 15398 15398 I Wireless_Storage: intf.getDisplayName() = rmnet6
12-12 22:29:14.159 15398 15398 I Wireless_Storage: intf.getDisplayName() = rmnet5
12-12 22:29:14.159 15398 15398 I Wireless_Storage: intf.getDisplayName() = rmnet1
12-12 22:29:14.159 15398 15398 I Wireless_Storage: intf.getDisplayName() = rmnet0
12-12 22:29:14.159 15398 15398 I Wireless_Storage: CONNECT : WIFI_DISCONNECT
12-12 22:29:14.169   970  1555 I ActivityManager: Killing 13825:com.lge.lgworld/u0a35 (adj 15): empty #14
12-12 22:29:14.169  1226  1238 V SplitWindowPolicyService: requestUpdateStackInfo
12-12 22:29:14.169  1519  1534 I com.skyfire.browser.toolbar.ProcessObserverService: On process died 13825,10035
12-12 22:29:14.169   970  1917 D ActivityManager: resumeTopActivityLocked: Top activity resumed ActivityRecord{4241fe00 u0 com.lge.launcher2/.Launcher t1}
12-12 22:29:14.179   970  1184 D ConnectivityServiceHSM: Actual State: DefaultConnectivityState, Current State: DefaultConnectivityState.processMessage what=104
12-12 22:29:14.179   970  1184 D ConnectivityServiceHSM: Actual State: DefaultConnectivityState, Current State: DefaultConnectivityState.processMessage what=5006
12-12 22:29:14.179 12513 12513 I iu.Environment: update connectivity state; isNetworkMetered? false, isRoaming? false, isBackgroundDataAllowed? false*
12-12 22:29:14.179   970  1184 D QcConnectivityService: handleInetConditionChange: no active default network - ignore
12-12 22:29:14.189 12513 13443 I iu.UploadsManager: num queued entries: 0
12-12 22:29:14.189 12513 13443 I iu.UploadsManager: num updated entries: 0
12-12 22:29:14.189 12513 13443 I iu.SyncManager: NEXT; no task
12-12 22:29:14.199 12328 12328 I GCoreNlp: shouldConfirmNlp, NLP off. Ensuring opt-in disabled
12-12 22:29:14.209 12328 12328 I GeofencerStateMachine: sendQueryLocationOptIn
12-12 22:29:14.229 12328 15627 I GCoreUlr: Starting service, intent=Intent { act=com.google.android.location.reporting.ACTION_UPDATE_WORLD cmp=com.google.android.gms/com.google.android.location.reporting.service.DispatchingService (has extras) }, extras=Bundle[{receiverAction=android.location.PROVIDERS_CHANGED}]
12-12 22:29:14.249 11629 15625 D Aatp    : /stop-location
12-12 22:29:14.269 11629 15625 D AatpDeviceManager: stopTask
12-12 22:29:14.269 11629 15625 D AatpDeviceManager: got taskClass
12-12 22:29:14.269 11629 15625 D AatpDeviceManager: sending stop intent
12-12 22:29:14.269 11629 15625 D AatpDeviceManager: intent sent
12-12 22:29:14.269  1519  1536 I com.skyfire.browser.toolbar.ProcessObserverService: On importance changed 11629,15807,100
12-12 22:29:14.279 11629 15625 D Aatp    : /task/1f0c2554e28892eb6665f7b8e891de794ab65679
12-12 22:29:14.279 11629 11629 D AatpDeviceManager: taskStatus update (1f0c2554e28892eb6665f7b8e891de794ab65679: {"result":"","state":3})
12-12 22:29:14.279  1519  1534 I com.skyfire.browser.toolbar.ProcessObserverService: On importance changed 11629,15807,130
12-12 22:29:14.309 12328 12865 I GCoreUlr: WorldUpdater received intent Intent { act=com.google.android.location.reporting.ACTION_UPDATE_WORLD cmp=com.google.android.gms/com.google.android.location.reporting.service.DispatchingService (has extras) } with receiverAction android.location.PROVIDERS_CHANGED
12-12 22:29:14.319 12328 12865 I GCoreUlr: WorldUpdater:android.location.PROVIDERS_CHANGED: Ensuring that reporting is stopped because of reasons: (no Google accounts)
12-12 22:29:14.319 12328 12865 I GCoreUlr: Unbound from all location providers
12-12 22:29:14.319 12328 12865 I GCoreUlr: Place inference reporting - stop
12-12 22:29:14.339 12328 12865 I GCoreUlr: DispatchingService ignoring Intent { act=android.net.wifi.WIFI_STATE_CHANGED flg=0x4000010 (has extras) } because ULR inactive
12-12 22:29:14.369 12328 12328 I GCoreUlr: Stopping handler for UlrDispSvcFast
12-12 22:29:14.369 12328 12328 I GCoreUlr: Unbound from all location providers
12-12 22:29:14.369 12328 12328 I GCoreUlr: Place inference reporting - stop
12-12 22:29:14.399 11629 15630 D Aatp    : /task/1f0c2554e28892eb6665f7b8e891de794ab65679/status
12-12 22:29:14.429   303   381 I Vold    : [LGE][VOLD][NetlinkHandler.cpp][onEvent()] subsys:cpu, action:0
12-12 22:29:14.579   303   381 I Vold    : [LGE][VOLD][NetlinkHandler.cpp][onEvent()] subsys:cpu, action:0
12-12 22:29:14.649   303   381 I Vold    : [LGE][VOLD][NetlinkHandler.cpp][onEvent()] subsys:cpu, action:0
12-12 22:29:14.679 11629 11629 D AatpDeviceManager: taskStatus update (1f0c2554e28892eb6665f7b8e891de794ab65679: {"result":"","state":1})
12-12 22:29:14.739 12328 12900 W GCoreFlp: No location to return for getLastLocation()
12-12 22:29:14.759   970  1375 D LocationManagerService: request 42b392e8 passive Request[POWER_NONE passive fastest=0] from com.google.android.gms(10010)
12-12 22:29:14.759   970  1375 D LocationManagerService: provider request: passive ProviderRequest[ON interval=0]
12-12 22:29:14.839   303   381 I Vold    : [LGE][VOLD][NetlinkHandler.cpp][onEvent()] subsys:cpu, action:0
12-12 22:29:14.849 12328 12331 D dalvikvm: GC_CONCURRENT freed 2041K, 41% free 6894K/11632K, paused 4ms+6ms, total 104ms
12-12 22:29:15.049   970  1178 D WifiP2pService: P2pDisabledState{ when=-5ms what=143366 arg1=2 target=com.android.internal.util.StateMachine$SmHandler }
12-12 22:29:15.049   970  1178 D WifiP2pService: DefaultState{ when=-5ms what=143366 arg1=2 target=com.android.internal.util.StateMachine$SmHandler }
12-12 22:29:15.059   303   381 I Vold    : [LGE][VOLD][NetlinkHandler.cpp][onEvent()] subsys:cpu, action:0
12-12 22:29:15.439 11629 15649 D Aatp    : /task/1f0c2554e28892eb6665f7b8e891de794ab65679/status
12-12 22:29:15.479 15367 15367 V QRemote : [RemoteAppWidgetProvider.java:151:onReceive()] oooooo action name : com.lge.qremote.action.wait_loading
12-12 22:29:15.489 15367 15367 D QRemote : [RemoteAppWidgetProvider.java:208:onReceive()] oooooo 140514:alarm msg received!:3989
12-12 22:29:15.939 15413 15446 D UEI.SmartControl: Internal timer expired: 1
12-12 22:29:16.179 11629 12756 D AatpDeviceManager: Stopped Mock Location
12-12 22:29:16.179 11629 11629 D AatpDeviceManager: taskStatus update (1f0c2554e28892eb6665f7b8e891de794ab65679: {"result":"","state":2})
12-12 22:29:16.189  1519  1536 I com.skyfire.browser.toolbar.ProcessObserverService: On importance changed 11629,15807,100
12-12 22:29:16.189   970   970 D NotificationService: updateLightListLocked :r=NotificationRecord(0x41f42560: pkg=com.amazon.aatp.aatpdevicemanager user=UserHandle{0} id=1096041562 tag=null score=0: Notification(pri=0 contentView=com.amazon.aatp.aatpdevicemanager/0x1090064 vibrate=null sound=null defaults=0x0 flags=0x62 kind=[null])), action=2
12-12 22:29:16.199   970   970 D NotificationService: notification=Notification(pri=0 contentView=com.amazon.aatp.aatpdevicemanager/0x1090064 vibrate=null sound=null defaults=0x0 flags=0x62 kind=[null])
12-12 22:29:16.229  1519  1534 I com.skyfire.browser.toolbar.ProcessObserverService: On importance changed 11629,15807,130
12-12 22:29:16.519 11629 15651 D Aatp    : /task/1f0c2554e28892eb6665f7b8e891de794ab65679/status
12-12 22:29:16.569   970 14603 D qcom_sensors_hal: hal_time_data_cb: msg_type 2
12-12 22:29:16.569   970 14603 D qcom_sensors_hal: hal_time_data_cb: Sn 24, msg Id 3, txn Id 0
12-12 22:29:16.569   970 14603 D qcom_sensors_hal: hal_ts_offset_is: Apps: 1513135756571688716; DSPS: 363551298; Offset: 1513124661866549556
12-12 22:29:16.659 11629 15653 D Aatp    : /locale
12-12 22:29:16.709 11629 15653 D Aatp    : sha1: 8e178f1903b46c728818822b8cb47f75bf171787
12-12 22:29:16.709 11629 15653 D AatpDeviceManager: k: NanoHttpd.QUERY_STRING v: locale=en_US
12-12 22:29:16.709 11629 15653 D AatpDeviceManager: k: locale v: en_US
12-12 22:29:16.719  1519  1536 I com.skyfire.browser.toolbar.ProcessObserverService: On importance changed 11629,15807,100
12-12 22:29:16.719  1519  1534 I com.skyfire.browser.toolbar.ProcessObserverService: On importance changed 11629,15807,130
12-12 22:29:16.729 11629 15653 D Aatp    : /task/8e178f1903b46c728818822b8cb47f75bf171787
12-12 22:29:16.729   970   970 D NotificationService: updateLightListLocked :r=null, action=2
12-12 22:29:16.739 11629 11629 D AatpDeviceManager: taskStatus update (8e178f1903b46c728818822b8cb47f75bf171787: {"state":1})
12-12 22:29:16.739 11629 15654 D AatpDeviceManager: Setting locale to: en_US
12-12 22:29:16.739 11629 15654 D AWSDeviceFarmAndroidLib: Setting locale to: en_US
12-12 22:29:16.749   303   381 I Vold    : [LGE][VOLD][NetlinkHandler.cpp][onEvent()] subsys:cpu, action:0
12-12 22:29:16.869 11629 15661 D Aatp    : /task/8e178f1903b46c728818822b8cb47f75bf171787/status
12-12 22:29:16.869   970   982 I ActivityManager: Killing 14330:com.android.defcontainer/u0a7 (adj 15): empty #14
12-12 22:29:16.879  1226  1237 V SplitWindowPolicyService: requestUpdateStackInfo
12-12 22:29:16.879  1519  1536 I com.skyfire.browser.toolbar.ProcessObserverService: On process died 14330,10007
12-12 22:29:16.879   970  1569 D ActivityManager: resumeTopActivityLocked: Top activity resumed ActivityRecord{4241fe00 u0 com.lge.launcher2/.Launcher t1}
12-12 22:29:17.049   303   381 I Vold    : [LGE][VOLD][NetlinkHandler.cpp][onEvent()] subsys:cpu, action:0
12-12 22:29:17.579 12328 12328 W BleClientImpl: disconnect(): Cleaning up 1 dangling listeners.
12-12 22:29:17.589 12328 12328 I BeaconBle: Scan : No clients left, canceling alarm.
12-12 22:29:17.589 12328 12328 I BeaconBle: Scan canceled successfully.
12-12 22:29:17.769   323   417 I ThermalEngine: Sensor:pa_therm1:29000 mC
12-12 22:29:17.899 11629 15665 D Aatp    : /task/8e178f1903b46c728818822b8cb47f75bf171787/status
12-12 22:29:18.849 11629 11629 D AatpDeviceManager: taskStatus update (8e178f1903b46c728818822b8cb47f75bf171787: {"result":"en_US","state":2})
12-12 22:29:18.849  1519  1534 I com.skyfire.browser.toolbar.ProcessObserverService: On importance changed 11629,15807,100
12-12 22:29:18.849   970   970 D NotificationService: updateLightListLocked :r=NotificationRecord(0x42168bf8: pkg=com.amazon.aatp.aatpdevicemanager user=UserHandle{0} id=1096041569 tag=null score=0: Notification(pri=0 contentView=com.amazon.aatp.aatpdevicemanager/0x1090064 vibrate=null sound=null defaults=0x0 flags=0x62 kind=[null])), action=2
12-12 22:29:18.859   970   970 D NotificationService: notification=Notification(pri=0 contentView=com.amazon.aatp.aatpdevicemanager/0x1090064 vibrate=null sound=null defaults=0x0 flags=0x62 kind=[null])
12-12 22:29:18.869  1519  1536 I com.skyfire.browser.toolbar.ProcessObserverService: On importance changed 11629,15807,130
12-12 22:29:19.009 11629 15667 D Aatp    : /task/8e178f1903b46c728818822b8cb47f75bf171787/status
12-12 22:29:19.689 11629 15672 D Aatp    : /ping
12-12 22:29:19.729 12513 13071 I CastDatabase: Saving the database
12-12 22:29:19.779 12513 13071 I SQLiteCastStore: [CastNetworkInfo] saved: 0, skipped: 0, [CastDeviceInfo]: saved 0, skipped 0, Paired Guest Mode DeviceInfo] saved: 0, skipped: 0.
12-12 22:29:19.859 11629 15673 D Aatp    : /apps-to-uninstall
12-12 22:29:19.889 11629 15673 D Aatp    : sha1: bba9cc05793cb6a31c223f2c81be5c8c175ed466
12-12 22:29:19.889   970  1184 D ConnectivityServiceHSM: Actual State: DefaultConnectivityState, Current State: DefaultConnectivityState.processMessage what=108
12-12 22:29:19.889  1519  1534 I com.skyfire.browser.toolbar.ProcessObserverService: On importance changed 11629,15807,100
12-12 22:29:19.899   970  1184 D ConnectivityServiceHSM: NetTransition Wakelock for ConnectedState released by timeout
12-12 22:29:19.899  1519  1536 I com.skyfire.browser.toolbar.ProcessObserverService: On importance changed 11629,15807,130
12-12 22:29:19.909   970   970 D NotificationService: updateLightListLocked :r=null, action=2
12-12 22:29:19.919 11629 15673 D Aatp    : /task/bba9cc05793cb6a31c223f2c81be5c8c175ed466
12-12 22:29:19.919 11629 11629 D AatpDeviceManager: taskStatus update (bba9cc05793cb6a31c223f2c81be5c8c175ed466: {"state":1})
12-12 22:29:19.979 11629 15674 D dalvikvm: GC_FOR_ALLOC freed 1912K, 69% free 3651K/11632K, paused 39ms, total 41ms
12-12 22:29:20.009   303   381 I Vold    : [LGE][VOLD][NetlinkHandler.cpp][onEvent()] subsys:cpu, action:0
12-12 22:29:20.019   303   381 I Vold    : [LGE][VOLD][NetlinkHandler.cpp][onEvent()] subsys:cpu, action:0
12-12 22:29:20.039 11629 11633 D dalvikvm: GC_CONCURRENT freed 166K, 69% free 3715K/11632K, paused 2ms+5ms, total 56ms
12-12 22:29:20.049 11629 11629 D AatpDeviceManager: taskStatus update (bba9cc05793cb6a31c223f2c81be5c8c175ed466: {"result":[],"state":2})
12-12 22:29:20.049  1519  1534 I com.skyfire.browser.toolbar.ProcessObserverService: On importance changed 11629,15807,100
12-12 22:29:20.049  1519  1536 I com.skyfire.browser.toolbar.ProcessObserverService: On importance changed 11629,15807,130
12-12 22:29:20.049   970   970 D NotificationService: updateLightListLocked :r=NotificationRecord(0x41d685d0: pkg=com.amazon.aatp.aatpdevicemanager user=UserHandle{0} id=1096041570 tag=null score=0: Notification(pri=0 contentView=com.amazon.aatp.aatpdevicemanager/0x1090064 vibrate=null sound=null defaults=0x0 flags=0x62 kind=[null])), action=2
12-12 22:29:20.049   970   970 D NotificationService: notification=Notification(pri=0 contentView=com.amazon.aatp.aatpdevicemanager/0x1090064 vibrate=null sound=null defaults=0x0 flags=0x62 kind=[null])
12-12 22:29:20.109 11629 15685 D Aatp    : /task/bba9cc05793cb6a31c223f2c81be5c8c175ed466/status
12-12 22:29:20.189 11629 15686 D Aatp    : /ping
12-12 22:29:20.309   303   381 I Vold    : [LGE][VOLD][NetlinkHandler.cpp][onEvent()] subsys:cpu, action:0
12-12 22:29:20.319 11629 15687 D Aatp    : /clean-accounts
12-12 22:29:20.339 11629 15687 D Aatp    : sha1: df8c51e5c2e9d659c6ddaf65e1b982f7fd2d400b
12-12 22:29:20.349  1519  1534 I com.skyfire.browser.toolbar.ProcessObserverService: On importance changed 11629,15807,100
12-12 22:29:20.349  1519  1536 I com.skyfire.browser.toolbar.ProcessObserverService: On importance changed 11629,15807,130
12-12 22:29:20.359 11629 15687 D Aatp    : /task/df8c51e5c2e9d659c6ddaf65e1b982f7fd2d400b
12-12 22:29:20.369   970   970 D NotificationService: updateLightListLocked :r=null, action=2
12-12 22:29:20.379 11629 11629 D AatpDeviceManager: taskStatus update (df8c51e5c2e9d659c6ddaf65e1b982f7fd2d400b: {"state":1})
12-12 22:29:20.389 11629 11629 D AatpDeviceManager: taskStatus update (df8c51e5c2e9d659c6ddaf65e1b982f7fd2d400b: {"result":"Cleaned Accounts PASS","state":2})
12-12 22:29:20.389  1519  1534 I com.skyfire.browser.toolbar.ProcessObserverService: On importance changed 11629,15807,100
12-12 22:29:20.389   970   970 D NotificationService: updateLightListLocked :r=NotificationRecord(0x42360b38: pkg=com.amazon.aatp.aatpdevicemanager user=UserHandle{0} id=1096041571 tag=null score=0: Notification(pri=0 contentView=com.amazon.aatp.aatpdevicemanager/0x1090064 vibrate=null sound=null defaults=0x0 flags=0x62 kind=[null])), action=2
12-12 22:29:20.389   970   970 D NotificationService: notification=Notification(pri=0 contentView=com.amazon.aatp.aatpdevicemanager/0x1090064 vibrate=null sound=null defaults=0x0 flags=0x62 kind=[null])
12-12 22:29:20.399  1519  1536 I com.skyfire.browser.toolbar.ProcessObserverService: On importance changed 11629,15807,130
12-12 22:29:20.419   303   381 I Vold    : [LGE][VOLD][NetlinkHandler.cpp][onEvent()] subsys:cpu, action:0
12-12 22:29:20.529 11629 15696 D Aatp    : /task/df8c51e5c2e9d659c6ddaf65e1b982f7fd2d400b/status
12-12 22:29:20.619 11629 15697 D Aatp    : /rm-external-files
12-12 22:29:20.659 11629 15697 D Aatp    : sha1: 878e352c1e12e17bde0e727123c7e54a07278d66
12-12 22:29:20.669  1519  1534 I com.skyfire.browser.toolbar.ProcessObserverService: On importance changed 11629,15807,100
12-12 22:29:20.669  1519  1536 I com.skyfire.browser.toolbar.ProcessObserverService: On importance changed 11629,15807,130
12-12 22:29:20.669 11629 11629 D AatpDeviceManager: taskStatus update (878e352c1e12e17bde0e727123c7e54a07278d66: {"state":1})
12-12 22:29:20.669   303   381 I Vold    : [LGE][VOLD][NetlinkHandler.cpp][onEvent()] subsys:cpu, action:0
12-12 22:29:20.679   970   970 D NotificationService: updateLightListLocked :r=null, action=2
12-12 22:29:20.679 11629 15697 D Aatp    : /task/878e352c1e12e17bde0e727123c7e54a07278d66
12-12 22:29:20.689 11629 15698 D AatpDeviceManager: Wiping files from: /sdcard
12-12 22:29:20.709 11629 15698 D AatpDeviceManager: Wiping files from: /mnt/sdcard
12-12 22:29:20.709 11629 15698 D AatpDeviceManager: 0 files left!
12-12 22:29:20.709 11629 11629 D AatpDeviceManager: taskStatus update (878e352c1e12e17bde0e727123c7e54a07278d66: {"result":[],"state":2})
12-12 22:29:20.709   970   970 D NotificationService: updateLightListLocked :r=NotificationRecord(0x42180738: pkg=com.amazon.aatp.aatpdevicemanager user=UserHandle{0} id=1096041572 tag=null score=0: Notification(pri=0 contentView=com.amazon.aatp.aatpdevicemanager/0x1090064 vibrate=null sound=null defaults=0x0 flags=0x62 kind=[null])), action=2
12-12 22:29:20.709   970   970 D NotificationService: notification=Notification(pri=0 contentView=com.amazon.aatp.aatpdevicemanager/0x1090064 vibrate=null sound=null defaults=0x0 flags=0x62 kind=[null])
12-12 22:29:20.719  1519  1534 I com.skyfire.browser.toolbar.ProcessObserverService: On importance changed 11629,15807,100
12-12 22:29:20.719  1519  1536 I com.skyfire.browser.toolbar.ProcessObserverService: On importance changed 11629,15807,130
12-12 22:29:20.809 11629 15702 D Aatp    : /task/878e352c1e12e17bde0e727123c7e54a07278d66/status
12-12 22:29:20.979   303   381 I Vold    : [LGE][VOLD][NetlinkHandler.cpp][onEvent()] subsys:cpu, action:0
12-12 22:29:21.239   303   381 I Vold    : [LGE][VOLD][NetlinkHandler.cpp][onEvent()] subsys:cpu, action:0
12-12 22:29:21.299   970  6170 D LocationManagerService: getAllProviders()=[passive, gps, network]
12-12 22:29:21.429 15706 15706 D AndroidRuntime: 
12-12 22:29:21.429 15706 15706 D AndroidRuntime: >>>>>> AndroidRuntime START com.android.internal.os.RuntimeInit <<<<<<
12-12 22:29:21.439 15706 15706 D AndroidRuntime: CheckJNI is OFF
12-12 22:29:21.449 15706 15706 D dalvikvm: Trying to load lib libjavacore.so 0x0
12-12 22:29:21.459 15706 15706 D dalvikvm: Added shared lib libjavacore.so 0x0
12-12 22:29:21.459 15706 15706 D dalvikvm: Trying to load lib libnativehelper.so 0x0
12-12 22:29:21.459 15706 15706 D dalvikvm: Added shared lib libnativehelper.so 0x0
12-12 22:29:21.459 15706 15706 D dalvikvm: No JNI_OnLoad found in libnativehelper.so 0x0, skipping init
12-12 22:29:21.489 15706 15706 D dalvikvm: Note: class Landroid/app/ActivityManagerNative; has 184 unimplemented (abstract) methods
12-12 22:29:21.659 15706 15706 E memtrack: Couldn't load memtrack module (No such file or directory)
12-12 22:29:21.659 15706 15706 E android.os.Debug: failed to load memtrack module: -2
12-12 22:29:21.729   970  1145 V AlarmManager: RTC_WAKEUP set : Alarm{42d66710 type 0 com.android.vending} when  1513135761728
12-12 22:29:21.729 15706 15706 D AndroidRuntime: Calling main entry com.android.commands.pm.Pm
12-12 22:29:21.739 15706 15706 D AndroidRuntime: Shutting down VM
12-12 22:29:21.739 15706 15717 D dalvikvm: GC_CONCURRENT freed 97K, 15% free 593K/692K, paused 0ms+0ms, total 3ms
12-12 22:29:21.739   970   982 W ActivityManager: Invalid packageName: com.google.android.browser
12-12 22:29:21.839  2874  2874 D Finsky  : [1] 5.onFinished: Installation state replication succeeded.
12-12 22:29:22.049   303   381 I Vold    : [LGE][VOLD][NetlinkHandler.cpp][onEvent()] subsys:cpu, action:0
12-12 22:29:22.449   303   381 I Vold    : [LGE][VOLD][NetlinkHandler.cpp][onEvent()] subsys:cpu, action:0
12-12 22:29:22.539   970  1558 I ActivityManager: Start proc com.android.providers.calendar for content provider com.android.providers.calendar/.CalendarProvider2: pid=15733 uid=10018 gids={50018, 3003, 1028, 1015}
12-12 22:29:22.549  1519  1534 I com.skyfire.browser.toolbar.ProcessObserverService: On importance changed 15733,10018,400
12-12 22:29:22.549 15733 15733 D HyLog   : I : /data/font/config/sfconfig.dat, No such file or directory (2)
12-12 22:29:22.549 15733 15733 D HyLog   : I : /data/font/config/dfactpre.dat, No such file or directory (2)
12-12 22:29:22.549 15733 15733 D HyLog   : I : /data/font/config/sfconfig.dat, No such file or directory (2)
12-12 22:29:22.589 15727 15727 D AndroidRuntime: 
12-12 22:29:22.589 15727 15727 D AndroidRuntime: >>>>>> AndroidRuntime START com.android.internal.os.RuntimeInit <<<<<<
12-12 22:29:22.589 12328 12328 I BeaconBle: Scan : No clients left, canceling alarm.
12-12 22:29:22.589 15727 15727 D AndroidRuntime: CheckJNI is OFF
12-12 22:29:22.609 15733 15733 I CalendarProvider2: Created com.android.providers.calendar.CalendarAlarmManager@41b580e8(com.android.providers.calendar.CalendarProvider2@41b4ee68)
12-12 22:29:22.609 15727 15727 D dalvikvm: Trying to load lib libjavacore.so 0x0
12-12 22:29:22.609 15727 15727 D dalvikvm: Added shared lib libjavacore.so 0x0
12-12 22:29:22.609 15727 15727 D dalvikvm: Trying to load lib libnativehelper.so 0x0
12-12 22:29:22.609 15727 15727 D dalvikvm: Added shared lib libnativehelper.so 0x0
12-12 22:29:22.609 15727 15727 D dalvikvm: No JNI_OnLoad found in libnativehelper.so 0x0, skipping init
12-12 22:29:22.649 15727 15727 D dalvikvm: Note: class Landroid/app/ActivityManagerNative; has 184 unimplemented (abstract) methods
12-12 22:29:22.649   303   381 I Vold    : [LGE][VOLD][NetlinkHandler.cpp][onEvent()] subsys:cpu, action:0
12-12 22:29:22.659   303   381 I Vold    : [LGE][VOLD][NetlinkHandler.cpp][onEvent()] subsys:cpu, action:0
12-12 22:29:22.669 12513 13071 I IcingInternalCorpora: EventIndexer: starting incremental update
12-12 22:29:22.669 12513 13071 I IcingInternalCorpora: EventIndexer: 0 added, 0 removed, 0 changed, 0 unchanged, 0 errors.
12-12 22:29:22.669 12513 13071 I IcingInternalCorpora: EventIndexer: finished after 1 ms.
12-12 22:29:22.679   970  1032 D DSQN    : DNSproblemNotiEnabled is disabled ignore DNS fail CB
12-12 22:29:22.679 12328 15439 D libc    : remote DNS query failed we don't need to try local DNS query result_code =401
12-12 22:29:22.679 12328 15439 D libc    : dnsproxy getaddrinfo returns 401
12-12 22:29:22.779   323   417 I ThermalEngine: Sensor:pa_therm1:28000 mC
12-12 22:29:22.819 15727 15727 E memtrack: Couldn't load memtrack module (No such file or directory)
12-12 22:29:22.819 15727 15727 E android.os.Debug: failed to load memtrack module: -2
12-12 22:29:22.899 15727 15727 D AndroidRuntime: Calling main entry com.android.commands.pm.Pm
12-12 22:29:22.909  1226  1238 V SplitWindowPolicyService: requestUpdateStackInfo
12-12 22:29:22.909  1519  1536 I com.skyfire.browser.toolbar.ProcessObserverService: On process died 15570,10058
12-12 22:29:22.909   320   320 D keystore: calling clear_uid in state: 3
12-12 22:29:22.909   970  1376 I ActivityManager: Force stopping com.android.chrome appid=10058 user=0: clear data
12-12 22:29:22.909   970  1376 I ActivityManager: Killing 15570:com.android.chrome/u0a58 (adj 15): stop com.android.chrome
12-12 22:29:22.909   303   381 I Vold    : [LGE][VOLD][NetlinkHandler.cpp][onEvent()] subsys:cpu, action:0
12-12 22:29:22.909   970  1376 D ActivityManager: resumeTopActivityLocked: Top activity resumed ActivityRecord{4241fe00 u0 com.lge.launcher2/.Launcher t1}
12-12 22:29:22.919 12328 12328 I GeofencerStateMachine: removeGeofences: removeRequest=RemoveGeofencingRequest[REMOVE_ALL packageName=com.android.chrome]
12-12 22:29:22.919  1559  1559 I [LGHome]EVENT: [LauncherModel.java:1146:onReceive()]onReceive intent=Intent { act=android.intent.action.PACKAGE_DATA_CLEARED dat=package:com.android.chrome flg=0x10 (has extras) }
12-12 22:29:22.919  1210  1210 I [SystemUI]QPairHandler: onReceive = android.intent.action.PACKAGE_RESTARTED
12-12 22:29:22.919  1210  1210 I [SystemUI]GlobalAccessView: onReceive = android.intent.action.PACKAGE_RESTARTED
12-12 22:29:22.919   970   970 I ThemeManagerService: action = android.intent.action.PACKAGE_DATA_CLEARED
12-12 22:29:22.929   970  1021 I ActivityManager: Start proc com.android.calendar for broadcast com.android.calendar/.holiday.HolidayReceiver: pid=15771 uid=10017 gids={50017, 3003, 1028, 1015}
12-12 22:29:22.939  1519  1534 I com.skyfire.browser.toolbar.ProcessObserverService: On importance changed 15771,10017,400
12-12 22:29:22.939   970  1043 I ActivityManager: Start proc com.android.defcontainer for service com.android.defcontainer/.DefaultContainerService: pid=15783 uid=10007 gids={50007, 1028, 1015, 1023, 2001, 1035}
12-12 22:29:22.949  1210  1210 I [SystemUI]GlobalAccessView: onReceive = android.intent.action.PACKAGE_DATA_CLEARED
12-12 22:29:22.949  1519  1536 I com.skyfire.browser.toolbar.ProcessObserverService: On importance changed 15783,10007,400
12-12 22:29:22.959 15783 15783 D HyLog   : I : /data/font/config/sfconfig.dat, No such file or directory (2)
12-12 22:29:22.959 15771 15771 D HyLog   : I : /data/font/config/sfconfig.dat, No such file or directory (2)
12-12 22:29:22.959 15783 15783 D HyLog   : I : /data/font/config/dfactpre.dat, No such file or directory (2)
12-12 22:29:22.959 15783 15783 D HyLog   : I : /data/font/config/sfconfig.dat, No such file or directory (2)
12-12 22:29:22.959 15771 15771 D HyLog   : I : /data/font/config/dfactpre.dat, No such file or directory (2)
12-12 22:29:22.959 15771 15771 D HyLog   : I : /data/font/config/sfconfig.dat, No such file or directory (2)
12-12 22:29:22.979 15771 15771 D CalendarApplication: CalendarApplication.onCreate()
12-12 22:29:22.989 15727 15727 D AndroidRuntime: Shutting down VM
12-12 22:29:22.989 15727 15750 D dalvikvm: GC_CONCURRENT freed 97K, 15% free 593K/692K, paused 0ms+0ms, total 3ms
12-12 22:29:22.989 15771 15771 D PreferenceKeysParser: [debug_displayParseInfos] preference keys.size() = 48
12-12 22:29:22.989 15771 15771 D PreferenceKeysParser: [debug_displayParseInfos] preference keys = {lg_preferences_default_cell_height=com.android.calendar.adaptation.PreferenceKey$KeyData@41b58e40, lg_preferrences_country_code=com.android.calendar.adaptation.PreferenceKey$KeyData@41b594c0, lg_preferences_alerts_vibrateWhen=com.android.calendar.adaptation.PreferenceKey$KeyData@41b58800, lg_preferences_debug_gifticon=com.android.calendar.adaptation.PreferenceKey$KeyData@41b5ab00, lg_preferences_week_start_day=com.android.calendar.adaptation.PreferenceKey$KeyData@41b57c60, lg_preferences_dont_show_again_no_online_account=com.android.calendar.adaptation.PreferenceKey$KeyData@41b59a48, lg_preferences_debug_gifticon_test_server=com.android.calendar.adaptation.PreferenceKey$KeyData@41b5ad50, lg_preferences_tardis_1=com.android.calendar.adaptation.PreferenceKey$KeyData@41b5a5c0, lg_preferences_alerts_popup=com.android.calendar.adaptation.PreferenceKey$KeyData@41b584b8, lg_preferences_skip_setup=com.android.calendar.adaptation.PreferenceKey$KeyData@41b58118, lg_preferences_device_tz=com.android.calendar.adaptation.PreferenceKey$KeyData@41b597d0, lg_preferences_exclude_sticker_list=com.android.calendar.adaptation.PreferenceKey$KeyData@41b59e10, lg_preferences_debug_operator=com.android.calendar.adaptation.PreferenceKey$KeyData@41b5a7e0, lg_preference_default_myphonebook=com.android.calendar.adaptation.PreferenceKey$KeyData@41b59b68, lg_preferences_default_reminder=com.android.calendar.adaptation.PreferenceKey$KeyData@41b58d18, lg_preferences_show_controls=com.android.calendar.adaptation.PreferenceKey$KeyData@41b58bf8, lg_preferences_user_select_noti_sound=com.android.calendar.adaptation.PreferenceKey$KeyData@41b59c98, lg_preferences_show_week_num=com.android.calendar.adaptation.PreferenceKey$KeyData@41b57e90, lg_preferences_alerts_ringtone=com.android.calendar.adaptation.PreferenceKey$KeyData@41b58918, lg_preferences_debug_datesearch=com.android.calendar.adaptation.PreferenceKey$KeyData@41b5af78, lg_preferences_alerts=com.android.calendar.adaptation.PreferenceKey$KeyData@41b58350, lg_preference_received_provider_reminder_broadcast=com.android.calendar.adaptation.PreferenceKey$KeyData@41b5b1f8, lg_preferences_home_tz=com.android.calendar.adaptation.PreferenceKey$KeyData@41b596d0, lg_preferences_alerts_type=com.android.calendar.adaptation.PreferenceKey$KeyData@41b585c0, lg_preference_defaultCalendar=com.android.calendar.adaptation.PreferenceKey$KeyData@41b59148, lg_preferences_recent_timezones=com.android.calendar.adaptation.PreferenceKey$KeyData@41b59f30, lg_preferences_writable_calendars_count=com.android.calendar.adaptation.PreferenceKey$KeyData@41b59288, lg_preferences_widget_info_calendars=com.android.calendar.adaptation.PreferenceKey$KeyData@41b5a168, lg_preferences_debug_gifticon_server=com.android.calendar.adaptation.PreferenceKey$KeyData@41b5ac30, lg_preferred_detailedView=com.android.calendar.adaptation.PreferenceKey$KeyData@41b59038, lg_preferences_debug_floating=com.android.calendar.adaptation.PreferenceKey$KeyData@41b5a8f0, lg_preferences_select_aux_calendar=com.android.calendar.adaptation.PreferenceKey$KeyData@41b593b0, lg_preferences_weather_info=com.android.calendar.adaptation.PreferenceKey$KeyData@41b5a278, lg_preferences_alerts_vibratetype=com.android.calendar.adaptation.PreferenceKey$KeyData@41b5a398, lg_preferences_gifticon_agreement=com.android.calendar.adaptation.PreferenceKey$KeyData@41b5ae58, lg_preferences_hide_declined=com.android.calendar.adaptation.PreferenceKey$KeyData@41b57ae8, lg_preferences_debug_rtl=com.android.calendar.adaptation.PreferenceKey$KeyData@41b5a9f0, lg_preferences_app_version=com.android.calendar.adaptation.PreferenceKey$KeyData@41b5a038, lg_preferred_startView=com.android.calendar.adaptation.PreferenceKey$KeyData@41b58f38, lg_preferences_notification_type=com.android.calendar.adaptation.PreferenceKey$KeyData@41b586e0, lg_preferences_display_weather_information=com.android.calendar.adaptation.PreferenceKey$KeyData@41b58260, lg_preferences_days_per_week=com.android.calendar.adaptation.PreferenceKey$
12-12 22:29:22.999 15771 15771 D GeneralPreferenceUtils: [migratePrefrenceKeys] Exit: Version(42001300) >= 42001300
12-12 22:29:22.999 15771 15771 D Config  : [init]
12-12 22:29:22.999 15771 15771 I Config  : LGCalendar ver.4.20.13
12-12 22:29:22.999 15771 15771 I Config  : start check model
12-12 22:29:22.999 15771 15771 I Config  : start check native_ca
12-12 22:29:22.999 15771 15771 I Config  : Config Operator=ATT, Country=US
12-12 22:29:22.999 15771 15771 D Config  : [setDefaultValuesToPref]
12-12 22:29:22.999 15771 15771 D Config  : [parseProfiles]
12-12 22:29:23.009 15771 15771 D ProfilesParser: [debug_displayParseInfos] profile.country = US
12-12 22:29:23.009 15771 15771 D ProfilesParser: [debug_displayParseInfos] profile.operator = ATT
12-12 22:29:23.009 15771 15771 D ProfilesParser: [debug_displayParseInfos] profile.keyValue.size() = 1
12-12 22:29:23.009 15771 15771 D ProfilesParser: [debug_displayParseInfos] profile.prefValues = {lg_preferences_hide_declined=com.android.calendar.adaptation.Profile$PrefKeyData@41b83b50}
12-12 22:29:23.009 15771 15771 D Config  : [updateProfiletoCountryInfo]
12-12 22:29:23.009 15771 15771 D GeneralPreference: [checkAndMigrateOldPreference]
12-12 22:29:23.259   303   381 I Vold    : [LGE][VOLD][NetlinkHandler.cpp][onEvent()] subsys:cpu, action:0
12-12 22:29:23.429 15771 15801 I InitNotificationRingtoneService: Start InitializeAlertRingtoneService.onHandleIntent
12-12 22:29:23.439 15771 15802 W HolidayIntentService: onHandleIntent
12-12 22:29:23.439 15771 15801 I AlertUtils: [setFormatNotificationSound] current noti URI = content://media/internal/audio/media/38
12-12 22:29:23.439   970  1558 I ActivityManager: Start proc com.android.gallery3d for broadcast com.android.gallery3d/.app.PackagesMonitor: pid=15803 uid=10025 gids={50025, 3003, 1028, 1015, 1023, 4002, 4003}
12-12 22:29:23.449 15771 15802 D HolidayDataLoader: readJsonAsset : holiday.json
12-12 22:29:23.449  1519  1534 I com.skyfire.browser.toolbar.ProcessObserverService: On importance changed 15803,10025,400
12-12 22:29:23.459 15803 15803 D HyLog   : I : /data/font/config/sfconfig.dat, No such file or directory (2)
12-12 22:29:23.459 15803 15803 D HyLog   : I : /data/font/config/dfactpre.dat, No such file or directory (2)
12-12 22:29:23.459 15803 15803 D HyLog   : I : /data/font/config/sfconfig.dat, No such file or directory (2)
12-12 22:29:23.469 15771 15801 I AlertUtils: [getCalendarNotiSoundURIFromCursor] getCount()= 20
12-12 22:29:23.519 15771 15801 I AlertUtils: [getMediaFilepathFromContentUri] filepath = /system/media/audio/notifications/Arpeggio.ogg
12-12 22:29:23.519 15771 15801 I AlertUtils: [getMediaFilepathFromContentUri] filepath = /system/media/audio/notifications/Country_Blues.ogg
12-12 22:29:23.529 15771 15801 I AlertUtils: [getMediaFilepathFromContentUri] filepath = /system/media/audio/notifications/Crystal.ogg
12-12 22:29:23.529 15771 15801 I AlertUtils: [getMediaFilepathFromContentUri] filepath = /system/media/audio/notifications/Dewdrop.ogg
12-12 22:29:23.539 15771 15801 I AlertUtils: [getMediaFilepathFromContentUri] filepath = /system/media/audio/notifications/Ding_Dong.ogg
12-12 22:29:23.539   303   381 I Vold    : [LGE][VOLD][NetlinkHandler.cpp][onEvent()] subsys:cpu, action:0
12-12 22:29:23.549 15771 15801 I AlertUtils: [getMediaFilepathFromContentUri] filepath = /system/media/audio/notifications/Echo.ogg
12-12 22:29:23.549 15771 15801 I AlertUtils: [getMediaFilepathFromContentUri] filepath = /system/media/audio/notifications/Email.ogg
12-12 22:29:23.559 15771 15801 I AlertUtils: [getMediaFilepathFromContentUri] filepath = /system/media/audio/notifications/Game_Over.ogg
12-12 22:29:23.559 15771 15801 I AlertUtils: [getMediaFilepathFromContentUri] filepath = /system/media/audio/notifications/Gayageum.ogg
12-12 22:29:23.559 15771 15801 I AlertUtils: [getMediaFilepathFromContentUri] filepath = /system/media/audio/notifications/Harmonics.ogg
12-12 22:29:23.569 15771 15801 I AlertUtils: [getMediaFilepathFromContentUri] filepath = /system/media/audio/notifications/Idea.ogg
12-12 22:29:23.569 15771 15801 I AlertUtils: [getMediaFilepathFromContentUri] filepath = /system/media/audio/notifications/News.ogg
12-12 22:29:23.569 15771 15801 I AlertUtils: [getMediaFilepathFromContentUri] filepath = /system/media/audio/notifications/Pebble.ogg
12-12 22:29:23.579 15771 15801 I AlertUtils: [getMediaFilepathFromContentUri] filepath = /system/media/audio/notifications/Schedule.ogg
12-12 22:29:23.579 15771 15801 I AlertUtils: [getCalendarNotiSoundURIFromCursor] filePath = /system/media/audio/notifications/Schedule.ogg, new URI = content://media/internal/audio/media/38
12-12 22:29:23.579 15771 15801 I AlertUtils: set default noti to content://media/internal/audio/media/38
12-12 22:29:23.589 15771 15801 I InitNotificationRingtoneService: End InitializeAlertRingtoneService.onHandleIntent
12-12 22:29:23.589   303   381 I Vold    : [LGE][VOLD][NetlinkHandler.cpp][onEvent()] subsys:cpu, action:0
12-12 22:29:23.639 15733 15733 I CalendarProvider2: Sending notification intent: Intent { act=android.intent.action.PROVIDER_CHANGED dat=content://com.android.calendar }
12-12 22:29:23.639 15733 15733 W ContentResolver: Failed to get type for: content://com.android.calendar (Unknown URL content://com.android.calendar)
12-12 22:29:23.639   970  1918 I ActivityManager: Killing 15338:com.lge.sync/1000 (adj 15): empty #14
12-12 22:29:23.649 15771 15802 E HolidayIntentService: onHandleIntent:holiday data empty
12-12 22:29:23.649  1226  3934 V SplitWindowPolicyService: requestUpdateStackInfo
12-12 22:29:23.649  1519  1536 I com.skyfire.browser.toolbar.ProcessObserverService: On process died 15338,1000
12-12 22:29:23.649   970   983 D ActivityManager: resumeTopActivityLocked: Top activity resumed ActivityRecord{4241fe00 u0 com.lge.launcher2/.Launcher t1}
12-12 22:29:23.649   970  1569 I ActivityManager: Killing 15385:com.lge.p2pclients.tethering/u0a81 (adj 15): empty #14
12-12 22:29:23.659  1226  1237 V SplitWindowPolicyService: requestUpdateStackInfo
12-12 22:29:23.659  1519  1534 I com.skyfire.browser.toolbar.ProcessObserverService: On process died 15385,10081
12-12 22:29:23.659   970  1376 D ActivityManager: resumeTopActivityLocked: Top activity resumed ActivityRecord{4241fe00 u0 com.lge.launcher2/.Launcher t1}
12-12 22:29:23.789   970  1918 I ActivityManager: Killing 15000:com.android.settings/1000 (adj 15): empty #14
12-12 22:29:23.799 15815 15815 D AndroidRuntime: 
12-12 22:29:23.799 15815 15815 D AndroidRuntime: >>>>>> AndroidRuntime START com.android.internal.os.RuntimeInit <<<<<<
12-12 22:29:23.799 15815 15815 D AndroidRuntime: CheckJNI is OFF
12-12 22:29:23.809  1519  1536 I com.skyfire.browser.toolbar.ProcessObserverService: On process died 15000,1000
12-12 22:29:23.809  1226  1238 V SplitWindowPolicyService: requestUpdateStackInfo
12-12 22:29:23.809   970  1572 I ActivityManager: Start proc com.android.documentsui for broadcast com.android.documentsui/.PackageReceiver: pid=15832 uid=10060 gids={50060, 1028, 4002}
12-12 22:29:23.809   970  1202 D ActivityManager: resumeTopActivityLocked: Top activity resumed ActivityRecord{4241fe00 u0 com.lge.launcher2/.Launcher t1}
12-12 22:29:23.819 15815 15815 D dalvikvm: Trying to load lib libjavacore.so 0x0
12-12 22:29:23.819  1519  1534 I com.skyfire.browser.toolbar.ProcessObserverService: On importance changed 15832,10060,400
12-12 22:29:23.819 15815 15815 D dalvikvm: Added shared lib libjavacore.so 0x0
