12-12 22:29:27.839   970  1555 I ActivityManager: Force stopping com.android.settings appid=1000 user=0: clear data
12-12 22:29:27.839   970  1555 D ActivityManager: resumeTopActivityLocked: Top activity resumed ActivityRecord{4241fe00 u0 com.lge.launcher2/.Launcher t1}
12-12 22:29:27.849  1210  1210 I [SystemUI]QPairHandler: onReceive = android.intent.action.PACKAGE_RESTARTED
12-12 22:29:27.849  1210  1210 I [SystemUI]GlobalAccessView: onReceive = android.intent.action.PACKAGE_RESTARTED
12-12 22:29:27.849 12328 12328 I GeofencerStateMachine: removeGeofences: removeRequest=RemoveGeofencingRequest[REMOVE_ALL packageName=com.android.settings]
12-12 22:29:27.849  1559  1559 I [LGHome]EVENT: [LauncherModel.java:1146:onReceive()]onReceive intent=Intent { act=android.intent.action.PACKAGE_DATA_CLEARED dat=package:com.android.settings flg=0x10 (has extras) }
12-12 22:29:27.849   970   970 I ThemeManagerService: action = android.intent.action.PACKAGE_DATA_CLEARED
12-12 22:29:27.869 12513 15893 D Wear_Controller: Received broadcast action=android.intent.action.PACKAGE_DATA_CLEARED and uri=com.google.android.apps.maps
12-12 22:29:27.869 12513 15713 I LocationSettingsChecker: Removing dialog suppression flag for package com.google.android.apps.maps
12-12 22:29:27.869 15832 15936 D Documents: Used cached roots for com.android.externalstorage.documents
12-12 22:29:27.879  1210  1210 I [SystemUI]GlobalAccessView: onReceive = android.intent.action.PACKAGE_DATA_CLEARED
12-12 22:29:27.899 15832 15936 D Documents: Used cached roots for com.android.providers.downloads.documents
12-12 22:29:27.899   320   320 D keystore: calling clear_uid in state: 3
12-12 22:29:27.899 12513 15063 I Icing   : doRemovePackageData com.google.android.apps.maps
12-12 22:29:27.899 15832 15936 D Documents: Used cached roots for com.android.providers.media.documents
12-12 22:29:27.899 15832 15936 D Documents: Loading roots for com.google.android.apps.docs.storage
12-12 22:29:27.899   303   381 I Vold    : [LGE][VOLD][NetlinkHandler.cpp][onEvent()] subsys:cpu, action:0
12-12 22:29:27.919 15832 15936 D Documents: Update found 7 roots in 63ms
12-12 22:29:27.929 16035 16035 D AndroidRuntime: Shutting down VM
12-12 22:29:27.929 16035 16045 D dalvikvm: GC_CONCURRENT freed 97K, 15% free 593K/692K, paused 0ms+1ms, total 3ms
12-12 22:29:27.959   303   381 I Vold    : [LGE][VOLD][NetlinkHandler.cpp][onEvent()] subsys:cpu, action:0
12-12 22:29:27.959   970  1917 I ActivityManager: Start proc com.lge.defaultaccount for broadcast com.lge.defaultaccount/.receiver.ReceiverBootUp: pid=16067 uid=10072 gids={50072}
12-12 22:29:27.969 16067 16067 I dalvikvm: Enabling JNI app bug workarounds for target SDK version 8...
12-12 22:29:27.969  1519  1534 I com.skyfire.browser.toolbar.ProcessObserverService: On importance changed 16067,10072,400
12-12 22:29:27.979 16067 16067 D HyLog   : I : /data/font/config/sfconfig.dat, No such file or directory (2)
12-12 22:29:27.979 16067 16067 D HyLog   : I : /data/font/config/dfactpre.dat, No such file or directory (2)
12-12 22:29:27.979 16067 16067 D HyLog   : I : /data/font/config/sfconfig.dat, No such file or directory (2)
12-12 22:29:27.989 16067 16067 E ReceiverBootUp: Package Name is not 'com.android.providers.calendar'
12-12 22:29:27.989 16067 16067 I Process : Sending signal. PID: 16067 SIG: 9
12-12 22:29:27.999  1226  1237 V SplitWindowPolicyService: requestUpdateStackInfo
12-12 22:29:27.999  1519  1536 I com.skyfire.browser.toolbar.ProcessObserverService: On process died 16067,10072
12-12 22:29:27.999   970  5138 I ActivityManager: Process com.lge.defaultaccount (pid 16067) has died.
12-12 22:29:27.999   970  5138 D ActivityManager: resumeTopActivityLocked: Top activity resumed ActivityRecord{4241fe00 u0 com.lge.launcher2/.Launcher t1}
12-12 22:29:28.009 15876 15912 D dalvikvm: Trying to load lib /data/app-lib/com.google.android.gms-2/libgmscore.so 0x41fe66e8
12-12 22:29:28.009 15876 15912 D dalvikvm: Shared lib '/data/app-lib/com.google.android.gms-2/libgmscore.so' already loaded in same CL 0x41fe66e8
12-12 22:29:28.009 15876 15912 D dalvikvm: Trying to load lib /data/app-lib/com.google.android.gms-2/libconscrypt_gmscore_jni.so 0x41fe66e8
12-12 22:29:28.009 15876 15912 D dalvikvm: Shared lib '/data/app-lib/com.google.android.gms-2/libconscrypt_gmscore_jni.so' already loaded in same CL 0x41fe66e8
12-12 22:29:28.069 15876 15912 I ProviderInstaller: Installed default security provider GmsCore_OpenSSL
12-12 22:29:28.259   303   381 I Vold    : [LGE][VOLD][NetlinkHandler.cpp][onEvent()] subsys:cpu, action:0
12-12 22:29:28.369   303   381 I Vold    : [LGE][VOLD][NetlinkHandler.cpp][onEvent()] subsys:cpu, action:0
12-12 22:29:28.769 16085 16085 D AndroidRuntime: 
12-12 22:29:28.769 16085 16085 D AndroidRuntime: >>>>>> AndroidRuntime START com.android.internal.os.RuntimeInit <<<<<<
12-12 22:29:28.769 16085 16085 D AndroidRuntime: CheckJNI is OFF
12-12 22:29:28.779 16085 16085 D dalvikvm: Trying to load lib libjavacore.so 0x0
12-12 22:29:28.789 16085 16085 D dalvikvm: Added shared lib libjavacore.so 0x0
12-12 22:29:28.789 16085 16085 D dalvikvm: Trying to load lib libnativehelper.so 0x0
12-12 22:29:28.789 16085 16085 D dalvikvm: Added shared lib libnativehelper.so 0x0
12-12 22:29:28.789 16085 16085 D dalvikvm: No JNI_OnLoad found in libnativehelper.so 0x0, skipping init
12-12 22:29:28.819 16085 16085 D dalvikvm: Note: class Landroid/app/ActivityManagerNative; has 184 unimplemented (abstract) methods
12-12 22:29:28.989 16085 16085 E memtrack: Couldn't load memtrack module (No such file or directory)
12-12 22:29:28.989 16085 16085 E android.os.Debug: failed to load memtrack module: -2
12-12 22:29:29.079 16085 16085 D AndroidRuntime: Calling main entry com.android.commands.pm.Pm
12-12 22:29:29.079   970  1569 I ActivityManager: Force stopping com.google.android.gms appid=10010 user=0: clear data
12-12 22:29:29.079   970  1569 I ActivityManager: Killing 12328:com.google.android.gms.persistent/u0a10 (adj 1): stop com.google.android.gms
12-12 22:29:29.079   970  1569 W ActivityManager: Scheduling restart of crashed service com.google.android.gms/.pseudonymous.service.PseudonymousIdService in 1000ms
12-12 22:29:29.079   970  1569 W ActivityManager: Scheduling restart of crashed service com.google.android.gms/com.google.android.contextmanager.service.ContextManagerService in 11000ms
12-12 22:29:29.079   970  1569 W ActivityManager: Scheduling restart of crashed service com.google.android.gms/.gcm.GcmService in 21000ms
12-12 22:29:29.079   970  1569 W ActivityManager: Scheduling restart of crashed service com.google.android.gms/.common.stats.GmsCoreStatsService in 30999ms
12-12 22:29:29.079   970  1569 W ActivityManager: Scheduling restart of crashed service com.google.android.gms/.chimera.PersistentIntentOperationService in 40999ms
12-12 22:29:29.079   970  1569 W ActivityManager: Scheduling restart of crashed service com.google.android.gms/.deviceconnection.service.DeviceConnectionWatcherService in 40999ms
12-12 22:29:29.079   970  1569 W ActivityManager: Scheduling restart of crashed service com.google.android.gms/com.google.android.location.internal.GoogleLocationManagerService in 50999ms
12-12 22:29:29.079   970  1569 W ActivityManager: Scheduling restart of crashed service com.google.android.gms/.clearcut.service.ClearcutLoggerService in 60999ms
12-12 22:29:29.079   970  1569 W ActivityManager: Scheduling restart of crashed service com.google.android.gms/com.google.android.location.internal.server.GoogleLocationService in 70999ms
12-12 22:29:29.079   970  1569 W ActivityManager: Scheduling restart of crashed service com.google.android.gms/com.google.android.location.geocode.GeocodeService in 80999ms
12-12 22:29:29.079   970  1569 W ActivityManager: Scheduling restart of crashed service com.google.android.gms/.thunderbird.OutgoingSmsListenerService in 90998ms
12-12 22:29:29.079   970  1569 W ActivityManager: Scheduling restart of crashed service com.google.android.gms/com.google.android.location.fused.FusedLocationService in 100998ms
12-12 22:29:29.079   970  1569 W ActivityManager: Scheduling restart of crashed service com.google.android.gms/.phenotype.service.PhenotypeService in 110998ms
12-12 22:29:29.079   970  1569 W ActivityManager: Scheduling restart of crashed service com.google.android.gms/com.google.android.location.geofencer.service.GeofenceProviderService in 120998ms
12-12 22:29:29.079   970  1569 W ActivityManager: Scheduling restart of crashed service com.google.android.gms/com.google.android.location.fused.service.FusedProviderService in 130998ms
12-12 22:29:29.089  1519  1534 I com.skyfire.browser.toolbar.ProcessObserverService: On process died 12328,10010
12-12 22:29:29.089  1519  1536 I com.skyfire.browser.toolbar.ProcessObserverService: On process died 12513,10010
12-12 22:29:29.089  1519  1534 I com.skyfire.browser.toolbar.ProcessObserverService: On process died 12780,10010
12-12 22:29:29.089   970  1569 I ActivityManager: Killing 12513:com.google.android.gms/u0a10 (adj 1): stop com.google.android.gms
12-12 22:29:29.089   970  1569 W ActivityManager: Scheduling restart of crashed service com.google.android.gms/.icing.service.IndexService in 140994ms
12-12 22:29:29.089   970  1569 W ActivityManager: Scheduling restart of crashed service com.google.android.gms/.chimera.GmsIntentOperationService in 150993ms
12-12 22:29:29.089   970  1569 W ActivityManager: Scheduling restart of crashed service com.google.android.gms/.update.SystemUpdateService in 150993ms
12-12 22:29:29.089   970  1569 I ActivityManager: Killing 12780:com.google.process.gapps/u0a10 (adj 5): stop com.google.android.gms
12-12 22:29:29.089   970  1569 W ActivityManager: Scheduling restart of crashed service com.google.android.gms/.auth.setup.devicesignals.LockScreenService in 150991ms
12-12 22:29:29.089   970  1569 W ActivityManager: Scheduling restart of crashed service com.google.android.gms/.auth.account.service.WorkAccountService in 160991ms
12-12 22:29:29.089   970  1569 W ActivityManager: Scheduling restart of crashed service com.google.android.gms/.auth.proximity.firstparty.SystemMemoryCacheService in 160991ms
12-12 22:29:29.089   970  1569 I ActivityManager:   Force stopping service ServiceRecord{42ed57a8 u0 com.google.android.gms/.deviceconnection.service.DeviceConnectionWatcherService}
12-12 22:29:29.089   970  1569 I ActivityManager:   Force stopping service ServiceRecord{42b0a588 u0 com.google.android.gms/com.google.android.location.geocode.GeocodeService}
12-12 22:29:29.089   970  1569 I ActivityManager:   Force stopping service ServiceRecord{42a73640 u0 com.google.android.gms/.thunderbird.OutgoingSmsListenerService}
12-12 22:29:29.089   970  1569 I ActivityManager:   Force stopping service ServiceRecord{43213f50 u0 com.google.android.gms/.auth.setup.devicesignals.LockScreenService}
12-12 22:29:29.089   970  1569 I ActivityManager:   Force stopping service ServiceRecord{42f4f8e0 u0 com.google.android.gms/.gcm.GcmService}
12-12 22:29:29.089   970  1569 I ActivityManager:   Force stopping service ServiceRecord{41dbd108 u0 com.google.android.gms/com.google.android.location.fused.service.FusedProviderService}
12-12 22:29:29.089   970  1569 I ActivityManager:   Force stopping service ServiceRecord{427ff850 u0 com.google.android.gms/.phenotype.service.PhenotypeService}
12-12 22:29:29.089   970  1569 I ActivityManager:   Force stopping service ServiceRecord{42839d20 u0 com.google.android.gms/com.google.android.location.fused.FusedLocationService}
12-12 22:29:29.089   970  1569 I ActivityManager:   Force stopping service ServiceRecord{426a6718 u0 com.google.android.gms/com.google.android.location.geofencer.service.GeofenceProviderService}
12-12 22:29:29.089   970  1569 I ActivityManager:   Force stopping service ServiceRecord{42cf31a8 u0 com.google.android.gms/com.google.android.location.internal.server.GoogleLocationService}
12-12 22:29:29.089   970  1569 I ActivityManager:   Force stopping service ServiceRecord{431f48b0 u0 com.google.android.gms/com.google.android.contextmanager.service.ContextManagerService}
12-12 22:29:29.089   970  1569 I ActivityManager:   Force stopping service ServiceRecord{42e4abd8 u0 com.google.android.gms/com.google.android.location.internal.GoogleLocationManagerService}
12-12 22:29:29.089   970  1569 I ActivityManager:   Force stopping service ServiceRecord{42f1cbe8 u0 com.google.android.gms/.common.stats.GmsCoreStatsService}
12-12 22:29:29.089   970  1569 I ActivityManager:   Force stopping service ServiceRecord{42df7748 u0 com.google.android.gms/.clearcut.service.ClearcutLoggerService}
12-12 22:29:29.089   970  1569 I ActivityManager:   Force stopping service ServiceRecord{43145830 u0 com.google.android.gms/.icing.service.IndexService}
12-12 22:29:29.099  1226  1238 V SplitWindowPolicyService: requestUpdateStackInfo
12-12 22:29:29.099 11629 11629 D AatpDeviceManager: onDisconnected
12-12 22:29:29.099   970  1569 D ActivityManager: resumeTopActivityLocked: Top activity resumed ActivityRecord{4241fe00 u0 com.lge.launcher2/.Launcher t1}
12-12 22:29:29.109  1210  1210 I [SystemUI]QPairHandler: onReceive = android.intent.action.PACKAGE_RESTARTED
12-12 22:29:29.109  1210  1210 I [SystemUI]GlobalAccessView: onReceive = android.intent.action.PACKAGE_RESTARTED
12-12 22:29:29.119   970  1021 I ActivityManager: Start proc com.google.android.gms.persistent for broadcast com.google.android.gms/.chimera.GmsIntentOperationService$PersistentTrustedReceiver: pid=16096 uid=10010 gids={50010, 3003, 1007, 1028, 1015, 3002, 3001, 3007, 2001, 3006}
12-12 22:29:29.119  1559  1559 I [LGHome]EVENT: [LauncherModel.java:1146:onReceive()]onReceive intent=Intent { act=android.intent.action.PACKAGE_DATA_CLEARED dat=package:com.google.android.gms flg=0x10 (has extras) }
12-12 22:29:29.119   970   970 I ThemeManagerService: action = android.intent.action.PACKAGE_DATA_CLEARED
12-12 22:29:29.139  1519  1536 I com.skyfire.browser.toolbar.ProcessObserverService: On importance changed 16096,10010,400
12-12 22:29:29.149  1210  1210 I [SystemUI]GlobalAccessView: onReceive = android.intent.action.PACKAGE_DATA_CLEARED
12-12 22:29:29.149   320   320 D keystore: calling clear_uid in state: 3
12-12 22:29:29.149 15876 15876 W RocketImpressions: ClearcutLogger connection suspended: 1
12-12 22:29:29.159 16096 16096 D HyLog   : I : /data/font/config/sfconfig.dat, No such file or directory (2)
12-12 22:29:29.159 16096 16096 D HyLog   : I : /data/font/config/dfactpre.dat, No such file or directory (2)
12-12 22:29:29.159 16096 16096 D HyLog   : I : /data/font/config/sfconfig.dat, No such file or directory (2)
12-12 22:29:29.169 15832 15933 D Documents: Used cached roots for com.android.externalstorage.documents
12-12 22:29:29.169 15832 15933 D Documents: Used cached roots for com.android.providers.downloads.documents
12-12 22:29:29.169 15832 15933 D Documents: Used cached roots for com.android.providers.media.documents
12-12 22:29:29.169 15832 15933 D Documents: Loading roots for com.google.android.apps.docs.storage
12-12 22:29:29.179   303   381 I Vold    : [LGE][VOLD][NetlinkHandler.cpp][onEvent()] subsys:cpu, action:0
12-12 22:29:29.189 15832 15933 D Documents: Update found 7 roots in 53ms
12-12 22:29:29.189   303   381 I Vold    : [LGE][VOLD][NetlinkHandler.cpp][onEvent()] subsys:cpu, action:0
12-12 22:29:29.199 15771 15897 D AlertService: Beginning updateAlertNotification
12-12 22:29:29.199 16096 16096 W dalvikvm: VFY: unable to resolve static field 937 (PR_SET_DUMPABLE) in Landroid/system/OsConstants;
12-12 22:29:29.199 16096 16096 D dalvikvm: VFY: replacing opcode 0x60 at 0x0009
12-12 22:29:29.209 15771 15897 D AlertService: No fired or scheduled alerts
12-12 22:29:29.219 15771 15897 D AlertService: Scheduling next alarm with AlarmScheduler. sEventReminderReceived: null
12-12 22:29:29.219 16096 16096 W dalvikvm: VFY: unable to find class referenced in signature (Laqvj;)
12-12 22:29:29.219 16096 16096 W dalvikvm: VFY: unable to find class referenced in signature (Laqvj;)
12-12 22:29:29.219 16096 16096 W dalvikvm: VFY: unable to find class referenced in signature (Laqvj;)
12-12 22:29:29.219 16096 16096 W dalvikvm: VFY: unable to find class referenced in signature (Laqvj;)
12-12 22:29:29.219 16096 16096 I dalvikvm: Could not find method android.content.Context.getSystemService, referenced from method ro.a
12-12 22:29:29.219 16096 16096 W dalvikvm: VFY: unable to resolve virtual method 1684: Landroid/content/Context;.getSystemService (Ljava/lang/Class;)Ljava/lang/Object;
12-12 22:29:29.219 16096 16096 D dalvikvm: VFY: replacing opcode 0x6e at 0x0008
12-12 22:29:29.219 16096 16096 I dalvikvm: Could not find method android.content.Context.createDeviceProtectedStorageContext, referenced from method jkx.a
12-12 22:29:29.219 16096 16096 W dalvikvm: VFY: unable to resolve virtual method 1659: Landroid/content/Context;.createDeviceProtectedStorageContext ()Landroid/content/Context;
12-12 22:29:29.219 16096 16096 D dalvikvm: VFY: replacing opcode 0x6e at 0x0029
12-12 22:29:29.219 16096 16096 I dalvikvm: Could not find method android.content.Context.getSystemService, referenced from method jkx.b
12-12 22:29:29.219 16096 16096 W dalvikvm: VFY: unable to resolve virtual method 1684: Landroid/content/Context;.getSystemService (Ljava/lang/Class;)Ljava/lang/Object;
12-12 22:29:29.219 16096 16096 D dalvikvm: VFY: replacing opcode 0x6e at 0x000b
12-12 22:29:29.219 16096 16096 I dalvikvm: Could not find method android.content.Context.isDeviceProtectedStorage, referenced from method zcx.a
12-12 22:29:29.219 16096 16096 W dalvikvm: VFY: unable to resolve virtual method 1689: Landroid/content/Context;.isDeviceProtectedStorage ()Z
12-12 22:29:29.219 16096 16096 D dalvikvm: VFY: replacing opcode 0x6e at 0x0009
12-12 22:29:29.229 16096 16096 I dalvikvm: Could not find method android.content.Context.isDeviceProtectedStorage, referenced from method zcx.c
12-12 22:29:29.229 16096 16096 W dalvikvm: VFY: unable to resolve virtual method 1689: Landroid/content/Context;.isDeviceProtectedStorage ()Z
12-12 22:29:29.229 16096 16096 D dalvikvm: VFY: replacing opcode 0x6e at 0x005d
12-12 22:29:29.229 16096 16096 I dalvikvm: Could not find method android.os.PowerManager.isInteractive, referenced from method jih.a
12-12 22:29:29.229 16096 16096 W dalvikvm: VFY: unable to resolve virtual method 2258: Landroid/os/PowerManager;.isInteractive ()Z
12-12 22:29:29.229 16096 16096 D dalvikvm: VFY: replacing opcode 0x6e at 0x0012
12-12 22:29:29.229 16096 16096 I dalvikvm: Could not find method android.content.ContextWrapper.createCredentialProtectedStorageContext, referenced from method com.google.android.chimera.ModuleContext.createCredentialProtectedStorageContext
12-12 22:29:29.229 16096 16096 W dalvikvm: VFY: unable to resolve virtual method 1708: Landroid/content/ContextWrapper;.createCredentialProtectedStorageContext ()Landroid/content/Context;
12-12 22:29:29.229 16096 16096 D dalvikvm: VFY: replacing opcode 0x6f at 0x0002
12-12 22:29:29.229 16096 16096 I dalvikvm: Could not find method android.content.ContextWrapper.createDeviceProtectedStorageContext, referenced from method com.google.android.chimera.ModuleContext.createDeviceProtectedStorageContext
12-12 22:29:29.229 16096 16096 W dalvikvm: VFY: unable to resolve virtual method 1709: Landroid/content/ContextWrapper;.createDeviceProtectedStorageContext ()Landroid/content/Context;
12-12 22:29:29.229 16096 16096 D dalvikvm: VFY: replacing opcode 0x6f at 0x0002
12-12 22:29:29.229 16096 16096 I dalvikvm: Could not find method android.content.Context.isCredentialProtectedStorage, referenced from method cqq.a
12-12 22:29:29.229 16096 16096 W dalvikvm: VFY: unable to resolve virtual method 1688: Landroid/content/Context;.isCredentialProtectedStorage ()Z
12-12 22:29:29.229 16096 16096 D dalvikvm: VFY: replacing opcode 0x6e at 0x0000
12-12 22:29:29.229 16096 16096 I dalvikvm: Could not find method android.os.UserManager.isUserUnlocked, referenced from method cqq.a
12-12 22:29:29.229 16096 16096 W dalvikvm: VFY: unable to resolve virtual method 2311: Landroid/os/UserManager;.isUserUnlocked ()Z
12-12 22:29:29.229 16096 16096 D dalvikvm: VFY: replacing opcode 0x6e at 0x001a
12-12 22:29:29.229 16096 16096 I dalvikvm: Could not find method android.content.Context.isDeviceProtectedStorage, referenced from method cqq.b
12-12 22:29:29.229 16096 16096 W dalvikvm: VFY: unable to resolve virtual method 1689: Landroid/content/Context;.isDeviceProtectedStorage ()Z
12-12 22:29:29.229 16096 16096 D dalvikvm: VFY: replacing opcode 0x6e at 0x0000
12-12 22:29:29.229 16096 16096 I dalvikvm: Could not find method android.content.Context.isDeviceProtectedStorage, referenced from method cqq.c
12-12 22:29:29.229 16096 16096 W dalvikvm: VFY: unable to resolve virtual method 1689: Landroid/content/Context;.isDeviceProtectedStorage ()Z
12-12 22:29:29.229 16096 16096 D dalvikvm: VFY: replacing opcode 0x6e at 0x0000
12-12 22:29:29.229 15771 15897 D AlarmScheduler: No events found starting within 1 week.
12-12 22:29:29.239 16096 16096 I MultiDex: VM with version 1.6.0 does not have multidex support
12-12 22:29:29.239 16096 16096 I MultiDex: install
12-12 22:29:29.239 16096 16096 I MultiDex: MultiDexExtractor.load(/data/app/com.google.android.gms-2.apk, false)
12-12 22:29:29.239 16096 16096 I MultiDex: Blocking on lock /data/data/com.google.android.gms/code_cache/secondary-dexes/MultiDex.lock
12-12 22:29:29.239 16096 16096 I MultiDex: /data/data/com.google.android.gms/code_cache/secondary-dexes/MultiDex.lock locked
12-12 22:29:29.239 16096 16096 I MultiDex: Detected that extraction must be performed.
12-12 22:29:29.249   970  1183 D WifiService: Client connection lost with reason: 4
12-12 22:29:29.489   303   381 I Vold    : [LGE][VOLD][NetlinkHandler.cpp][onEvent()] subsys:cpu, action:0
12-12 22:29:29.509   970  1917 D GpsLocationProvider: GPS status listener died
12-12 22:29:29.509   970  1558 D LocationManagerService: Location listener died
12-12 22:29:29.509   970  1558 I LocationManagerService: remove 42461080
12-12 22:29:29.509   970  1558 D LocationManagerService: provider request: passive ProviderRequest[ON interval=0]
12-12 22:29:29.509   970  1554 D LocationManagerService: Location listener died
12-12 22:29:29.509   970  1554 I LocationManagerService: remove 42b392e8
12-12 22:29:29.509   970  1554 D LocationManagerService: provider request: passive ProviderRequest[ON interval=0]
12-12 22:29:29.509   970  1183 D WifiService: Client connection lost with reason: 4
12-12 22:29:29.539   303   381 I Vold    : [LGE][VOLD][NetlinkHandler.cpp][onEvent()] subsys:cpu, action:0
12-12 22:29:29.569 16096 16096 I MultiDex: Extraction is needed for file /data/data/com.google.android.gms/code_cache/secondary-dexes/com.google.android.gms-2.apk.classes2.zip
12-12 22:29:29.569 16096 16096 I MultiDex: Extracting /data/data/com.google.android.gms/code_cache/secondary-dexes/tmp-com.google.android.gms-2.apk.classes1487291966.zip
12-12 22:29:29.759 16085 16085 D AndroidRuntime: Shutting down VM
12-12 22:29:29.759 16085 16090 D dalvikvm: GC_CONCURRENT freed 97K, 15% free 593K/692K, paused 0ms+0ms, total 3ms
12-12 22:29:30.529 16126 16126 D AndroidRuntime: 
12-12 22:29:30.529 16126 16126 D AndroidRuntime: >>>>>> AndroidRuntime START com.android.internal.os.RuntimeInit <<<<<<
12-12 22:29:30.539 16126 16126 D AndroidRuntime: CheckJNI is OFF
12-12 22:29:30.549 16126 16126 D dalvikvm: Trying to load lib libjavacore.so 0x0
12-12 22:29:30.559 16126 16126 D dalvikvm: Added shared lib libjavacore.so 0x0
12-12 22:29:30.559 16126 16126 D dalvikvm: Trying to load lib libnativehelper.so 0x0
12-12 22:29:30.559 16126 16126 D dalvikvm: Added shared lib libnativehelper.so 0x0
12-12 22:29:30.559 16126 16126 D dalvikvm: No JNI_OnLoad found in libnativehelper.so 0x0, skipping init
12-12 22:29:30.589 16126 16126 D dalvikvm: Note: class Landroid/app/ActivityManagerNative; has 184 unimplemented (abstract) methods
12-12 22:29:30.769 16126 16126 E memtrack: Couldn't load memtrack module (No such file or directory)
12-12 22:29:30.769 16126 16126 E android.os.Debug: failed to load memtrack module: -2
12-12 22:29:30.849 16126 16126 D AndroidRuntime: Calling main entry com.android.commands.pm.Pm
12-12 22:29:30.859  1226  3934 V SplitWindowPolicyService: requestUpdateStackInfo
12-12 22:29:30.859   320   320 D keystore: calling clear_uid in state: 3
12-12 22:29:30.859  1210  1210 I [SystemUI]QPairHandler: onReceive = android.intent.action.PACKAGE_RESTARTED
12-12 22:29:30.859  1210  1210 I [SystemUI]GlobalAccessView: onReceive = android.intent.action.PACKAGE_RESTARTED
12-12 22:29:30.859   970  1918 I ActivityManager: Force stopping com.google.android.gm appid=10063 user=0: clear data
12-12 22:29:30.859   970  1918 D ActivityManager: resumeTopActivityLocked: Top activity resumed ActivityRecord{4241fe00 u0 com.lge.launcher2/.Launcher t1}
12-12 22:29:30.879  1559  1559 I [LGHome]EVENT: [LauncherModel.java:1146:onReceive()]onReceive intent=Intent { act=android.intent.action.PACKAGE_DATA_CLEARED dat=package:com.google.android.gm flg=0x10 (has extras) }
12-12 22:29:30.879   970   970 I ThemeManagerService: action = android.intent.action.PACKAGE_DATA_CLEARED
12-12 22:29:30.879  1210  1210 I [SystemUI]GlobalAccessView: onReceive = android.intent.action.PACKAGE_DATA_CLEARED
12-12 22:29:30.889 15832 15934 D Documents: Used cached roots for com.android.externalstorage.documents
12-12 22:29:30.889 15832 15934 D Documents: Used cached roots for com.android.providers.downloads.documents
12-12 22:29:30.889 15832 15934 D Documents: Used cached roots for com.android.providers.media.documents
12-12 22:29:30.889 15832 15934 D Documents: Loading roots for com.google.android.apps.docs.storage
12-12 22:29:30.899 16126 16126 D AndroidRuntime: Shutting down VM
12-12 22:29:30.899 15832 15934 D Documents: Update found 7 roots in 22ms
12-12 22:29:30.899 16126 16131 D dalvikvm: GC_CONCURRENT freed 97K, 15% free 592K/692K, paused 0ms+1ms, total 3ms
12-12 22:29:31.699 16138 16138 D AndroidRuntime: 
12-12 22:29:31.699 16138 16138 D AndroidRuntime: >>>>>> AndroidRuntime START com.android.internal.os.RuntimeInit <<<<<<
12-12 22:29:31.709 16138 16138 D AndroidRuntime: CheckJNI is OFF
12-12 22:29:31.719 16138 16138 D dalvikvm: Trying to load lib libjavacore.so 0x0
12-12 22:29:31.729 16138 16138 D dalvikvm: Added shared lib libjavacore.so 0x0
12-12 22:29:31.729 16138 16138 D dalvikvm: Trying to load lib libnativehelper.so 0x0
12-12 22:29:31.729 16138 16138 D dalvikvm: Added shared lib libnativehelper.so 0x0
12-12 22:29:31.729 16138 16138 D dalvikvm: No JNI_OnLoad found in libnativehelper.so 0x0, skipping init
12-12 22:29:31.769 16138 16138 D dalvikvm: Note: class Landroid/app/ActivityManagerNative; has 184 unimplemented (abstract) methods
12-12 22:29:31.939 16138 16138 E memtrack: Couldn't load memtrack module (No such file or directory)
12-12 22:29:31.939 16138 16138 E android.os.Debug: failed to load memtrack module: -2
12-12 22:29:32.029 16138 16138 D AndroidRuntime: Calling main entry com.android.commands.pm.Pm
12-12 22:29:32.029  1226  1237 V SplitWindowPolicyService: requestUpdateStackInfo
12-12 22:29:32.029   970  1554 I ActivityManager: Force stopping com.android.browser appid=10015 user=0: clear data
12-12 22:29:32.029   970  1554 D ActivityManager: resumeTopActivityLocked: Top activity resumed ActivityRecord{4241fe00 u0 com.lge.launcher2/.Launcher t1}
12-12 22:29:32.039  1210  1210 I [SystemUI]QPairHandler: onReceive = android.intent.action.PACKAGE_RESTARTED
12-12 22:29:32.039  1210  1210 I [SystemUI]GlobalAccessView: onReceive = android.intent.action.PACKAGE_RESTARTED
12-12 22:29:32.039  1559  1559 I [LGHome]EVENT: [LauncherModel.java:1146:onReceive()]onReceive intent=Intent { act=android.intent.action.PACKAGE_DATA_CLEARED dat=package:com.android.browser flg=0x10 (has extras) }
12-12 22:29:32.039   320   320 D keystore: calling clear_uid in state: 3
12-12 22:29:32.039   970   970 I ThemeManagerService: action = android.intent.action.PACKAGE_DATA_CLEARED
12-12 22:29:32.049  1210  1210 I [SystemUI]GlobalAccessView: onReceive = android.intent.action.PACKAGE_DATA_CLEARED
12-12 22:29:32.049 15832 15963 D Documents: Used cached roots for com.android.externalstorage.documents
12-12 22:29:32.059 15832 15963 D Documents: Used cached roots for com.android.providers.downloads.documents
12-12 22:29:32.059 15832 15963 D Documents: Used cached roots for com.android.providers.media.documents
12-12 22:29:32.059 15832 15963 D Documents: Loading roots for com.google.android.apps.docs.storage
12-12 22:29:32.069 16138 16138 D AndroidRuntime: Shutting down VM
12-12 22:29:32.069 16138 16143 D dalvikvm: GC_CONCURRENT freed 97K, 15% free 593K/692K, paused 0ms+1ms, total 3ms
12-12 22:29:32.079 15832 15963 D Documents: Update found 7 roots in 35ms
12-12 22:29:32.789   323   417 I ThermalEngine: Sensor:pa_therm1:29000 mC
12-12 22:29:32.839 16150 16150 D AndroidRuntime: 
12-12 22:29:32.839 16150 16150 D AndroidRuntime: >>>>>> AndroidRuntime START com.android.internal.os.RuntimeInit <<<<<<
12-12 22:29:32.839 16150 16150 D AndroidRuntime: CheckJNI is OFF
12-12 22:29:32.859 16150 16150 D dalvikvm: Trying to load lib libjavacore.so 0x0
12-12 22:29:32.859 16150 16150 D dalvikvm: Added shared lib libjavacore.so 0x0
12-12 22:29:32.869 16150 16150 D dalvikvm: Trying to load lib libnativehelper.so 0x0
12-12 22:29:32.869 16150 16150 D dalvikvm: Added shared lib libnativehelper.so 0x0
12-12 22:29:32.869 16150 16150 D dalvikvm: No JNI_OnLoad found in libnativehelper.so 0x0, skipping init
12-12 22:29:32.899 16150 16150 D dalvikvm: Note: class Landroid/app/ActivityManagerNative; has 184 unimplemented (abstract) methods
12-12 22:29:33.069 16150 16150 E memtrack: Couldn't load memtrack module (No such file or directory)
12-12 22:29:33.069 16150 16150 E android.os.Debug: failed to load memtrack module: -2
12-12 22:29:33.159 16150 16150 D AndroidRuntime: Calling main entry com.android.commands.pm.Pm
12-12 22:29:33.169 16150 16150 D AndroidRuntime: Shutting down VM
12-12 22:29:33.169 16150 16155 D dalvikvm: GC_CONCURRENT freed 98K, 15% free 592K/692K, paused 0ms+0ms, total 3ms
12-12 22:29:33.169   970  1202 W ActivityManager: Invalid packageName: com.android.browser.provider
12-12 22:29:33.329 16096 16096 I MultiDex: Renaming to /data/data/com.google.android.gms/code_cache/secondary-dexes/com.google.android.gms-2.apk.classes2.zip
12-12 22:29:33.329 16096 16096 I MultiDex: Extraction succeeded - length /data/data/com.google.android.gms/code_cache/secondary-dexes/com.google.android.gms-2.apk.classes2.zip: 3787698 - crc: 4066622347
12-12 22:29:33.329 16096 16096 I MultiDex: Extraction is needed for file /data/data/com.google.android.gms/code_cache/secondary-dexes/com.google.android.gms-2.apk.classes3.zip
12-12 22:29:33.329 16096 16096 I MultiDex: Extracting /data/data/com.google.android.gms/code_cache/secondary-dexes/tmp-com.google.android.gms-2.apk.classes1382618014.zip
12-12 22:29:33.929 16162 16162 D AndroidRuntime: 
12-12 22:29:33.929 16162 16162 D AndroidRuntime: >>>>>> AndroidRuntime START com.android.internal.os.RuntimeInit <<<<<<
12-12 22:29:33.929 16162 16162 D AndroidRuntime: CheckJNI is OFF
12-12 22:29:33.949 16162 16162 D dalvikvm: Trying to load lib libjavacore.so 0x0
12-12 22:29:33.949 16162 16162 D dalvikvm: Added shared lib libjavacore.so 0x0
12-12 22:29:33.949 16162 16162 D dalvikvm: Trying to load lib libnativehelper.so 0x0
12-12 22:29:33.949 16162 16162 D dalvikvm: Added shared lib libnativehelper.so 0x0
12-12 22:29:33.949 16162 16162 D dalvikvm: No JNI_OnLoad found in libnativehelper.so 0x0, skipping init
12-12 22:29:33.989 16162 16162 D dalvikvm: Note: class Landroid/app/ActivityManagerNative; has 184 unimplemented (abstract) methods
12-12 22:29:34.159 16162 16162 E memtrack: Couldn't load memtrack module (No such file or directory)
12-12 22:29:34.159 16162 16162 E android.os.Debug: failed to load memtrack module: -2
12-12 22:29:34.249 16162 16162 D AndroidRuntime: Calling main entry com.android.commands.pm.Pm
12-12 22:29:34.259 16162 16162 D AndroidRuntime: Shutting down VM
12-12 22:29:34.259 16162 16167 D dalvikvm: GC_CONCURRENT freed 97K, 15% free 592K/692K, paused 1ms+0ms, total 3ms
12-12 22:29:34.259   970  1554 W ActivityManager: Invalid packageName: com.samsung.android.scloud.proxy.sbrowser
12-12 22:29:34.999 16173 16173 D AndroidRuntime: 
12-12 22:29:34.999 16173 16173 D AndroidRuntime: >>>>>> AndroidRuntime START com.android.internal.os.RuntimeInit <<<<<<
12-12 22:29:34.999 16173 16173 D AndroidRuntime: CheckJNI is OFF
12-12 22:29:35.019 16173 16173 D dalvikvm: Trying to load lib libjavacore.so 0x0
12-12 22:29:35.019 16173 16173 D dalvikvm: Added shared lib libjavacore.so 0x0
12-12 22:29:35.029 16173 16173 D dalvikvm: Trying to load lib libnativehelper.so 0x0
12-12 22:29:35.029 16173 16173 D dalvikvm: Added shared lib libnativehelper.so 0x0
12-12 22:29:35.029 16173 16173 D dalvikvm: No JNI_OnLoad found in libnativehelper.so 0x0, skipping init
12-12 22:29:35.059 16173 16173 D dalvikvm: Note: class Landroid/app/ActivityManagerNative; has 184 unimplemented (abstract) methods
12-12 22:29:35.229 16173 16173 E memtrack: Couldn't load memtrack module (No such file or directory)
12-12 22:29:35.229 16173 16173 E android.os.Debug: failed to load memtrack module: -2
12-12 22:29:35.309 16173 16173 D AndroidRuntime: Calling main entry com.android.commands.pm.Pm
12-12 22:29:35.309 16173 16173 D AndroidRuntime: Shutting down VM
12-12 22:29:35.309   970  1569 W ActivityManager: Invalid packageName: com.sec.android.app.sbrowser
12-12 22:29:35.319 16173 16178 D dalvikvm: GC_CONCURRENT freed 97K, 15% free 593K/692K, paused 0ms+0ms, total 2ms
12-12 22:29:36.059 16184 16184 D AndroidRuntime: 
12-12 22:29:36.059 16184 16184 D AndroidRuntime: >>>>>> AndroidRuntime START com.android.internal.os.RuntimeInit <<<<<<
12-12 22:29:36.069 16184 16184 D AndroidRuntime: CheckJNI is OFF
12-12 22:29:36.079 16184 16184 D dalvikvm: Trying to load lib libjavacore.so 0x0
12-12 22:29:36.079 16184 16184 D dalvikvm: Added shared lib libjavacore.so 0x0
12-12 22:29:36.089 16184 16184 D dalvikvm: Trying to load lib libnativehelper.so 0x0
12-12 22:29:36.089 16184 16184 D dalvikvm: Added shared lib libnativehelper.so 0x0
12-12 22:29:36.089 16184 16184 D dalvikvm: No JNI_OnLoad found in libnativehelper.so 0x0, skipping init
12-12 22:29:36.119 16184 16184 D dalvikvm: Note: class Landroid/app/ActivityManagerNative; has 184 unimplemented (abstract) methods
12-12 22:29:36.289 16184 16184 E memtrack: Couldn't load memtrack module (No such file or directory)
12-12 22:29:36.289 16184 16184 E android.os.Debug: failed to load memtrack module: -2
12-12 22:29:36.379 16184 16184 D AndroidRuntime: Calling main entry com.android.commands.pm.Pm
12-12 22:29:36.379 16184 16184 D AndroidRuntime: Shutting down VM
12-12 22:29:36.379   970  1376 W ActivityManager: Invalid packageName: com.sec.android.app.sbrowsertry
12-12 22:29:36.389 16184 16189 D dalvikvm: GC_CONCURRENT freed 97K, 15% free 593K/692K, paused 0ms+0ms, total 3ms
12-12 22:29:36.569   970 14603 D qcom_sensors_hal: hal_time_data_cb: msg_type 2
12-12 22:29:36.569   970 14603 D qcom_sensors_hal: hal_time_data_cb: Sn 24, msg Id 3, txn Id 0
12-12 22:29:36.569   970 14603 D qcom_sensors_hal: hal_ts_offset_is: Apps: 1513135776572514126; DSPS: 364206685; Offset: 1513124661866550992
12-12 22:29:37.139 16096 16096 I MultiDex: Renaming to /data/data/com.google.android.gms/code_cache/secondary-dexes/com.google.android.gms-2.apk.classes3.zip
12-12 22:29:37.139 16096 16096 I MultiDex: Extraction succeeded - length /data/data/com.google.android.gms/code_cache/secondary-dexes/com.google.android.gms-2.apk.classes3.zip: 3889578 - crc: 3372551172
12-12 22:29:37.139 16096 16096 I MultiDex: Extraction is needed for file /data/data/com.google.android.gms/code_cache/secondary-dexes/com.google.android.gms-2.apk.classes4.zip
12-12 22:29:37.139 16096 16096 I MultiDex: Extracting /data/data/com.google.android.gms/code_cache/secondary-dexes/tmp-com.google.android.gms-2.apk.classes-1937687991.zip
12-12 22:29:37.199 11629 16200 D Aatp    : /ping
12-12 22:29:37.319 11629 16201 D Aatp    : /sleep
12-12 22:29:37.349 11629 16201 D Aatp    : sha1: 2b562ab61f5e3d77f5abe9cd93659660113bfb86
12-12 22:29:37.349  1519  1534 I com.skyfire.browser.toolbar.ProcessObserverService: On importance changed 11629,15807,100
12-12 22:29:37.359  1519  1536 I com.skyfire.browser.toolbar.ProcessObserverService: On importance changed 11629,15807,130
12-12 22:29:37.359 11629 11629 D AatpDeviceManager: taskStatus update (2b562ab61f5e3d77f5abe9cd93659660113bfb86: {"state":1})
12-12 22:29:37.359 11629 16202 D AWSDeviceFarmAndroidLib: WakeLock: release
12-12 22:29:37.359 11629 16201 D Aatp    : /task/2b562ab61f5e3d77f5abe9cd93659660113bfb86
12-12 22:29:37.359 11629 11629 D AatpDeviceManager: taskStatus update (2b562ab61f5e3d77f5abe9cd93659660113bfb86: {"result":"Nighty night","state":2})
12-12 22:29:37.359   970  1202 D PowerManagerService: releaseWakeLockInternal: lock=1111961600 [AWSDeviceFarmAndroidLib], flags=0x0
12-12 22:29:37.359   970  1202 D PowerManagerService: updateUserActivitySummaryLocked: mWakefulness=Awake, mUserActivitySummary=0x1, nextTimeout=11953490 (in 841386 ms)
12-12 22:29:37.359   970   970 D NotificationService: updateLightListLocked :r=null, action=2
12-12 22:29:37.369  1519  1534 I com.skyfire.browser.toolbar.ProcessObserverService: On importance changed 11629,15807,100
12-12 22:29:37.369  1519  1536 I com.skyfire.browser.toolbar.ProcessObserverService: On importance changed 11629,15807,130
12-12 22:29:37.369   970   970 D NotificationService: updateLightListLocked :r=NotificationRecord(0x42901578: pkg=com.amazon.aatp.aatpdevicemanager user=UserHandle{0} id=1096041573 tag=null score=0: Notification(pri=0 contentView=com.amazon.aatp.aatpdevicemanager/0x1090064 vibrate=null sound=null defaults=0x0 flags=0x62 kind=[null])), action=2
12-12 22:29:37.369   970   970 D NotificationService: notification=Notification(pri=0 contentView=com.amazon.aatp.aatpdevicemanager/0x1090064 vibrate=null sound=null defaults=0x0 flags=0x62 kind=[null])
12-12 22:29:37.489 11629 16204 D Aatp    : /task/2b562ab61f5e3d77f5abe9cd93659660113bfb86/status
12-12 22:29:37.519 11629 11633 D dalvikvm: GC_CONCURRENT freed 2118K, 70% free 3519K/11632K, paused 2ms+4ms, total 25ms
12-12 22:29:37.789   323   417 I ThermalEngine: Sensor:pa_therm1:29000 mC
12-12 22:29:38.769 16207 16207 D AndroidRuntime: 
12-12 22:29:38.769 16207 16207 D AndroidRuntime: >>>>>> AndroidRuntime START com.android.internal.os.RuntimeInit <<<<<<
12-12 22:29:38.779 16207 16207 D AndroidRuntime: CheckJNI is OFF
12-12 22:29:38.789 16207 16207 D dalvikvm: Trying to load lib libjavacore.so 0x0
12-12 22:29:38.799 16207 16207 D dalvikvm: Added shared lib libjavacore.so 0x0
12-12 22:29:38.799 16207 16207 D dalvikvm: Trying to load lib libnativehelper.so 0x0
12-12 22:29:38.799 16207 16207 D dalvikvm: Added shared lib libnativehelper.so 0x0
12-12 22:29:38.799 16207 16207 D dalvikvm: No JNI_OnLoad found in libnativehelper.so 0x0, skipping init
12-12 22:29:38.829 16207 16207 D dalvikvm: Note: class Landroid/app/ActivityManagerNative; has 184 unimplemented (abstract) methods
12-12 22:29:39.019 16207 16207 E memtrack: Couldn't load memtrack module (No such file or directory)
12-12 22:29:39.019 16207 16207 E android.os.Debug: failed to load memtrack module: -2
12-12 22:29:39.119 16207 16207 D AndroidRuntime: Calling main entry com.android.commands.am.Am
12-12 22:29:39.119   970   983 I ActivityManager: Force stopping com.amazon.aatp.aatpdevicemanager appid=15807 user=0: from pid 16207
12-12 22:29:39.119   970   983 I ActivityManager: Killing 11629:com.amazon.aatp.aatpdevicemanager/u0a5807 (adj 2): stop com.amazon.aatp.aatpdevicemanager
12-12 22:29:39.119   970   983 W ActivityManager: Scheduling restart of crashed service com.amazon.aatp.aatpdevicemanager/.DeviceManagerService in 1000ms
12-12 22:29:39.119   970   983 I ActivityManager:   Force stopping service ServiceRecord{42b3f648 u0 com.amazon.aatp.aatpdevicemanager/.DeviceManagerService}
12-12 22:29:39.129  1519  1534 I com.skyfire.browser.toolbar.ProcessObserverService: On process died 11629,15807
12-12 22:29:39.129   970   970 D NotificationService: updateLightListLocked :r=NotificationRecord(0x4295fbe8: pkg=com.amazon.aatp.aatpdevicemanager user=UserHandle{0} id=1096041549 tag=null score=0: Notification(pri=0 contentView=com.amazon.aatp.aatpdevicemanager/0x1090064 vibrate=null sound=null defaults=0x0 flags=0x62 kind=[null])), action=2
12-12 22:29:39.129   970   970 D NotificationService: notification=Notification(pri=0 contentView=com.amazon.aatp.aatpdevicemanager/0x1090064 vibrate=null sound=null defaults=0x0 flags=0x62 kind=[null])
12-12 22:29:39.129  1226  1238 V SplitWindowPolicyService: requestUpdateStackInfo
12-12 22:29:39.129   970   983 D ActivityManager: resumeTopActivityLocked: Top activity resumed ActivityRecord{4241fe00 u0 com.lge.launcher2/.Launcher t1}
12-12 22:29:39.139 16207 16207 D AndroidRuntime: Shutting down VM
12-12 22:29:39.139 16207 16212 D dalvikvm: GC_CONCURRENT freed 96K, 15% free 587K/688K, paused 0ms+0ms, total 3ms
12-12 22:29:39.139   970  1183 D WifiService: Client connection lost with reason: 4
12-12 22:29:39.149  1210  1220 D KeyguardViewMediator: setKeyguardEnabled(true)
12-12 22:29:39.149  1210  1220 D KeyguardViewMediator: previously hidden, reshowing, reenabling status bar expansion
12-12 22:29:39.149  1210  1220 D KeyguardViewMediator: showLocked
12-12 22:29:39.149  1210  1220 D KeyguardViewMediator: waiting until mWaitingUntilKeyguardVisible is false
12-12 22:29:39.149  1210  1210 I [SystemUI]QPairHandler: onReceive = android.intent.action.PACKAGE_RESTARTED
12-12 22:29:39.149  1210  1210 I [SystemUI]GlobalAccessView: onReceive = android.intent.action.PACKAGE_RESTARTED
12-12 22:29:39.159  1210  1210 D KeyguardViewMediator: handleShow
12-12 22:29:39.169  1210  1210 D KeyguardSecurityModel: getSecurityMode result is None
12-12 22:29:39.169  1210  1210 D LockPatternUtilsEx: OMADM Lock is OFF
12-12 22:29:39.179  1210  1210 D KeyguardViewMediator: don't play sound : the stream is muted.
12-12 22:29:39.179  1210  1210 D KeyguardViewManager: show(); mKeyguardView==null
12-12 22:29:39.179  1210  1210 W KeyguardViewManager: setKeyguardState(/sys/devices/virtual/input/lge_touch/keyguard): exception occurs
12-12 22:29:39.179  1210  1210 V KeyguardUpdateMonitor: *** register callback for com.android.keyguard.KeyguardViewManager$4@41b79a68
12-12 22:29:39.179  1210  1210 V KeyguardUpdateMonitor: *** unregister callback for null
12-12 22:29:39.179  1210  1210 D KeyguardModel: [multi sim] isMulsiSIM: false
12-12 22:29:39.179  1210  1210 D LockPatternUtilsEx: OMADM Lock is OFF
12-12 22:29:39.179  1210  1210 D KeyguardViewManager: LockScreen status : 1 (Normal Lock)
12-12 22:29:39.189  1210  1210 D KeyguardViewManager: setBackgroundWithNewConfig : 1
12-12 22:29:39.189  1210  1210 D LgeKeyguardWallpaperContainer: queryReferenceOfBackground isPortrait : true ,queryObject : com.android.keyguard.KeyguardViewManager@41b794f0
12-12 22:29:39.239  1210  1210 D LgeKeyguardAdaptiveText: getAdaptiveTextInfo brightness = 193
12-12 22:29:39.239  1210  1210 D LgeKeyguardAdaptiveText: getAdaptiveTextInfo isBootCompledted = true
12-12 22:29:39.239  1210  1210 D LgeKeyguardAdaptiveText: setTextInfo i = 5005
12-12 22:29:39.239  1210  1210 D KeyguardSecurityModel: getSecurityMode result is None
12-12 22:29:39.249  1210  1210 D LgeKeyguardHostView: LgeKeyguardHostView is created with orientation : 1
12-12 22:29:39.249  1210  1210 V LgeKeyguardHostView: Initial transport state: 1, pbstate=0
12-12 22:29:39.259  1210  1210 D KnockOffHandler: knockOffView: com.lge.lockscreen.LgeKeyguardHostView{41f898c8 V.E..... ......I. 0,0-0,0 #7f0c0049 app:id/keyguard_host_view}
12-12 22:29:39.279  1210  1210 D KeyguardSecurityModel: getSecurityMode result is None
12-12 22:29:39.279  1210  1210 E PerfLog : PowerManager.perflockBootExt(int, int) could not be found
12-12 22:29:39.299  1210  1210 D LgeKeyguardHostView: defered widget loading is enabled
12-12 22:29:39.309  1210  1210 D KeyguardSecurityModel: getSecurityMode result is None
12-12 22:29:39.309  1210  1210 V LgeKeyguardHostView: showPrimarySecurityScreen(turningOff=false)
12-12 22:29:39.309  1210  1210 D LgeKeyguardHostView: showSecurityScreen(None)
12-12 22:29:39.309  1210  1210 D LgeKeyguardHostView: navigation bar hidden: true
12-12 22:29:39.309  1210  1210 D LgeKeyguardHostView: missing security mode = Invalid
12-12 22:29:39.309  1210  1210 V LgeKeyguardHostView: inflating id = 2130903088
12-12 22:29:39.319  1210  1210 D KnockOffHandler: knockOffView: com.lge.lockscreen.widget.LgeKeyguardDragView{41b3abe8 V.E...C. ......I. 0,0-0,0 #7f0c00b0 app:id/lge_keyguard_drag_view}
12-12 22:29:39.319  1210  1210 V KeyguardUpdateMonitor: *** register callback for com.lge.lockscreen.widget.KeyguardMessageArea$3@41ec5c68
12-12 22:29:39.319  1210  1210 V KeyguardUpdateMonitor: *** unregister callback for null
12-12 22:29:39.319  1210  1210 D KeyguardModel: [multi sim] isMulsiSIM: false
12-12 22:29:39.319  1210  1210 D KeyguardMessageArea: updateCmasInfofalse
12-12 22:29:39.319  1210  1210 D CarrierText: [multi sim] phoneNumber: 1
12-12 22:29:39.319  1210  1210 D UpdateKeyguardStatusFactory: Country= US Carrier= ATT
12-12 22:29:39.319  1210  1210 V KeyguardUpdateMonitor: *** register callback for com.lge.lockscreen.widget.KeyguardMessageArea$3@41bad290
12-12 22:29:39.319  1210  1210 V KeyguardUpdateMonitor: *** unregister callback for null
12-12 22:29:39.319  1210  1210 D KeyguardModel: [multi sim] isMulsiSIM: false
12-12 22:29:39.319  1210  1210 D KeyguardMessageArea: updateCmasInfofalse
12-12 22:29:39.329  1210  1210 V KeyguardUpdateMonitor: *** register callback for com.lge.lockscreen.widget.KeyguardMessageArea$3@41e8aca0
12-12 22:29:39.329  1210  1210 V KeyguardUpdateMonitor: *** unregister callback for null
12-12 22:29:39.329  1210  1210 D KeyguardModel: [multi sim] isMulsiSIM: false
12-12 22:29:39.329  1210  1210 D KeyguardMessageArea: updateCmasInfofalse
12-12 22:29:39.329  1210  1210 V KeyguardUpdateMonitor: *** register callback for com.lge.lockscreen.widget.KeyguardMessageArea$3@41df5ae8
12-12 22:29:39.329  1210  1210 V KeyguardUpdateMonitor: *** unregister callba