12-12 22:28:55.749 14866 14866 D dalvikvm: VFY: replacing opcode 0x6e at 0x0006
12-12 22:28:55.749 14866 14866 I dalvikvm: Could not find method android.content.Context.getColorStateList, referenced from method in.b
12-12 22:28:55.749 14866 14866 W dalvikvm: VFY: unable to resolve virtual method 2762: Landroid/content/Context;.getColorStateList (I)Landroid/content/res/ColorStateList;
12-12 22:28:55.749 14866 14866 D dalvikvm: VFY: replacing opcode 0x6e at 0x0006
12-12 22:28:55.749 14866 14866 I dalvikvm: Could not find method android.content.Context.getColor, referenced from method in.c
12-12 22:28:55.749 14866 14866 W dalvikvm: VFY: unable to resolve virtual method 2761: Landroid/content/Context;.getColor (I)I
12-12 22:28:55.749 14866 14866 D dalvikvm: VFY: replacing opcode 0x6e at 0x0006
12-12 22:28:55.799   303   381 I Vold    : [LGE][VOLD][NetlinkHandler.cpp][onEvent()] subsys:cpu, action:0
12-12 22:28:55.849 14866 14866 W dalvikvm: Unable to resolve superclass of Lcom/google/android/apps/docs/notification/guns/GcmJobService; (592)
12-12 22:28:55.849 14866 14866 W dalvikvm: Link of class 'Lcom/google/android/apps/docs/notification/guns/GcmJobService;' failed
12-12 22:28:55.849 14866 14866 W dalvikvm: VFY: unable to find class referenced in signature (Lcom/google/android/apps/docs/notification/guns/GcmJobService;)
12-12 22:28:55.849 14866 14866 W dalvikvm: Unable to resolve superclass of Lcom/google/android/apps/docs/notification/guns/GcmJobService; (592)
12-12 22:28:55.859 14866 14866 W dalvikvm: Link of class 'Lcom/google/android/apps/docs/notification/guns/GcmJobService;' failed
12-12 22:28:55.859 14866 14866 W dalvikvm: VFY: unable to resolve instance field 11971
12-12 22:28:55.859 14866 14866 D dalvikvm: VFY: replacing opcode 0x5b at 0x0008
12-12 22:28:55.859 14866 14866 I dalvikvm: Could not find method java.util.Locale.toLanguageTag, referenced from method drz.a
12-12 22:28:55.859 14866 14866 W dalvikvm: VFY: unable to resolve virtual method 49887: Ljava/util/Locale;.toLanguageTag ()Ljava/lang/String;
12-12 22:28:55.859 14866 14866 D dalvikvm: VFY: replacing opcode 0x6e at 0x00ca
12-12 22:28:55.869 14866 14866 W dalvikvm: Unable to resolve superclass of Lcom/google/android/apps/docs/notification/guns/GcmJobService; (592)
12-12 22:28:55.869 14866 14866 W dalvikvm: Link of class 'Lcom/google/android/apps/docs/notification/guns/GcmJobService;' failed
12-12 22:28:55.869 14866 14866 I dalvikvm: DexOpt: unable to optimize instance field ref 0x2ec4 at 0x12 in Ldrz;.a
12-12 22:28:55.929 14866 14866 I dalvikvm: Could not find method java.util.Locale.toLanguageTag, referenced from method azc.a
12-12 22:28:55.929 14866 14866 W dalvikvm: VFY: unable to resolve virtual method 49887: Ljava/util/Locale;.toLanguageTag ()Ljava/lang/String;
12-12 22:28:55.929 14866 14866 D dalvikvm: VFY: replacing opcode 0x6e at 0x000e
12-12 22:28:56.039 14866 14892 I dalvikvm: Could not find method android.content.pm.PackageManager.getPackageInstaller, referenced from method ijj.a
12-12 22:28:56.039 14866 14892 W dalvikvm: VFY: unable to resolve virtual method 2942: Landroid/content/pm/PackageManager;.getPackageInstaller ()Landroid/content/pm/PackageInstaller;
12-12 22:28:56.039 14866 14892 D dalvikvm: VFY: replacing opcode 0x6e at 0x0012
12-12 22:28:56.049 14866 14892 I GAv4    : Google Analytics 11.0.11 is starting up. To enable debug logging on a device run:
12-12 22:28:56.049 14866 14892 I GAv4    :   adb shell setprop log.tag.GAv4 DEBUG
12-12 22:28:56.049 14866 14892 I GAv4    :   adb logcat -s GAv4
12-12 22:28:56.089 14866 14895 W GAv4    : AnalyticsReceiver is not registered or is disabled. Register the receiver for reliable dispatching on non-Google Play devices. See http://goo.gl/8Rd3yj for instructions.
12-12 22:28:56.089 14866 14892 W CoreComponentFactoryImpl: RetainedComponent will not be retained if  djl does not inherit FragmentActivity and fulfill jpt contract.
12-12 22:28:56.099 14866 14866 W FieldDefinition: Ignoring isIndexed constraint as field also has uniqueness constraint (on just this field, and therefore SQLite will have to create an index on that. For field: com.google.android.apps.docs.database.common.FieldDefinition$a@41d2dbf0
12-12 22:28:56.159   303   381 I Vold    : [LGE][VOLD][NetlinkHandler.cpp][onEvent()] subsys:cpu, action:0
12-12 22:28:56.169   303   381 I Vold    : [LGE][VOLD][NetlinkHandler.cpp][onEvent()] subsys:cpu, action:0
12-12 22:28:56.209 14866 14895 W GAv4    : CampaignTrackingReceiver is not registered, not exported or is disabled. Installation campaign tracking is not possible. See http://goo.gl/8Rd3yj for instructions.
12-12 22:28:56.219 14888 14888 D AndroidRuntime: 
12-12 22:28:56.219 14888 14888 D AndroidRuntime: >>>>>> AndroidRuntime START com.android.internal.os.RuntimeInit <<<<<<
12-12 22:28:56.219 14888 14888 D AndroidRuntime: CheckJNI is OFF
12-12 22:28:56.229 14866 14895 W GAv4    : AnalyticsService not registered in the app manifest. Hits might not be delivered reliably. See http://goo.gl/8Rd3yj for instructions.
12-12 22:28:56.239 14888 14888 D dalvikvm: Trying to load lib libjavacore.so 0x0
12-12 22:28:56.239 14888 14888 D dalvikvm: Added shared lib libjavacore.so 0x0
12-12 22:28:56.239 14888 14888 D dalvikvm: Trying to load lib libnativehelper.so 0x0
12-12 22:28:56.239 14888 14888 D dalvikvm: Added shared lib libnativehelper.so 0x0
12-12 22:28:56.239 14888 14888 D dalvikvm: No JNI_OnLoad found in libnativehelper.so 0x0, skipping init
12-12 22:28:56.279 14888 14888 D dalvikvm: Note: class Landroid/app/ActivityManagerNative; has 184 unimplemented (abstract) methods
12-12 22:28:56.299 14866 14892 I dalvikvm: Could not find method java.util.Locale.toLanguageTag, referenced from method drx.a
12-12 22:28:56.299 14866 14892 W dalvikvm: VFY: unable to resolve virtual method 49887: Ljava/util/Locale;.toLanguageTag ()Ljava/lang/String;
12-12 22:28:56.299 14866 14892 D dalvikvm: VFY: replacing opcode 0x6e at 0x02d6
12-12 22:28:56.319 14866 14892 I dalvikvm: Could not find method java.util.Locale.toLanguageTag, referenced from method drx.a
12-12 22:28:56.319 14866 14892 W dalvikvm: VFY: unable to resolve virtual method 49887: Ljava/util/Locale;.toLanguageTag ()Ljava/lang/String;
12-12 22:28:56.319 14866 14892 D dalvikvm: VFY: replacing opcode 0x6e at 0x00e2
12-12 22:28:56.329 14866 14866 W dalvikvm: Unable to resolve superclass of Lcom/google/android/apps/docs/sync/content/ContentSyncJobService; (592)
12-12 22:28:56.329 14866 14866 W dalvikvm: Link of class 'Lcom/google/android/apps/docs/sync/content/ContentSyncJobService;' failed
12-12 22:28:56.329 14866 14866 I dalvikvm: Could not find method com.google.android.apps.docs.sync.content.ContentSyncJobService.a, referenced from method fur.a
12-12 22:28:56.339 14866 14866 W dalvikvm: VFY: unable to resolve static method 20602: Lcom/google/android/apps/docs/sync/content/ContentSyncJobService;.a (Landroid/content/Context;Lfui;)V
12-12 22:28:56.339 14866 14866 D dalvikvm: VFY: replacing opcode 0x71 at 0x0010
12-12 22:28:56.379 14866 14866 W dalvikvm: Unable to resolve superclass of Lcom/google/android/apps/docs/appindexing/AppIndexingJobService; (592)
12-12 22:28:56.379 14866 14866 W dalvikvm: Link of class 'Lcom/google/android/apps/docs/appindexing/AppIndexingJobService;' failed
12-12 22:28:56.379 14866 14866 I dalvikvm: Could not find method com.google.android.apps.docs.appindexing.AppIndexingJobService.a, referenced from method aub.a
12-12 22:28:56.379 14866 14866 W dalvikvm: VFY: unable to resolve static method 16136: Lcom/google/android/apps/docs/appindexing/AppIndexingJobService;.a (Landroid/content/Context;ZJZ)V
12-12 22:28:56.379 14866 14866 D dalvikvm: VFY: replacing opcode 0x71 at 0x001d
12-12 22:28:56.379 14866 14866 W dalvikvm: Unable to resolve superclass of Lcom/google/android/apps/docs/appindexing/AppIndexingJobService; (592)
12-12 22:28:56.379 14866 14866 W dalvikvm: Link of class 'Lcom/google/android/apps/docs/appindexing/AppIndexingJobService;' failed
12-12 22:28:56.379 14866 14866 I dalvikvm: Could not find method com.google.android.apps.docs.appindexing.AppIndexingJobService.a, referenced from method aub.b
12-12 22:28:56.379 14866 14866 W dalvikvm: VFY: unable to resolve static method 16136: Lcom/google/android/apps/docs/appindexing/AppIndexingJobService;.a (Landroid/content/Context;ZJZ)V
12-12 22:28:56.379 14866 14866 D dalvikvm: VFY: replacing opcode 0x71 at 0x000d
12-12 22:28:56.409 14866 14866 E dalvikvm: Could not find class 'android.app.NotificationChannel', referenced from method ewv.a
12-12 22:28:56.409 14866 14866 W dalvikvm: VFY: unable to resolve new-instance 572 (Landroid/app/NotificationChannel;) in Lewv;
12-12 22:28:56.409 14866 14866 D dalvikvm: VFY: replacing opcode 0x22 at 0x001a
12-12 22:28:56.409 14866 14866 E dalvikvm: Could not find class 'android.app.NotificationChannel', referenced from method ewv.a
12-12 22:28:56.409 14866 14866 W dalvikvm: VFY: unable to resolve new-instance 572 (Landroid/app/NotificationChannel;) in Lewv;
12-12 22:28:56.409 14866 14866 D dalvikvm: VFY: replacing opcode 0x22 at 0x002b
12-12 22:28:56.409 14866 14866 I dalvikvm: Could not find method android.app.NotificationManager.createNotificationChannels, referenced from method ewv.a
12-12 22:28:56.409 14866 14866 W dalvikvm: VFY: unable to resolve virtual method 2311: Landroid/app/NotificationManager;.createNotificationChannels (Ljava/util/List;)V
12-12 22:28:56.409 14866 14866 D dalvikvm: VFY: replacing opcode 0x6e at 0x0055
12-12 22:28:56.409 14866 14866 D dalvikvm: DexOpt: unable to opt direct call 0x0902 at 0x26 in Lewv;.a
12-12 22:28:56.419 12513 14924 D Wear_Controller: Received broadcast action=android.intent.action.PACKAGE_DATA_CLEARED and uri=com.trellis
12-12 22:28:56.419 12513 13159 I Icing   : doRemovePackageData com.trellis
12-12 22:28:56.419 14866 14866 D dalvikvm: DexOpt: unable to opt direct call 0x0902 at 0x37 in Lewv;.a
12-12 22:28:56.419 12513 14924 I LocationSettingsChecker: Removing dialog suppression flag for package com.trellis
12-12 22:28:56.459 14888 14888 E memtrack: Couldn't load memtrack module (No such file or directory)
12-12 22:28:56.459 14888 14888 E android.os.Debug: failed to load memtrack module: -2
12-12 22:28:56.519 14820 14832 D Documents: Update found 7 roots in 1275ms
12-12 22:28:56.519 14820 14820 D Documents: Updating roots due to change at content://com.google.android.apps.docs.storage/root
12-12 22:28:56.519 14820 14934 D Documents: Loading roots for com.android.externalstorage.documents
12-12 22:28:56.539 14820 14935 D Documents: Used cached roots for com.android.externalstorage.documents
12-12 22:28:56.539 14820 14935 D Documents: Used cached roots for com.android.providers.downloads.documents
12-12 22:28:56.539 14820 14935 D Documents: Used cached roots for com.android.providers.media.documents
12-12 22:28:56.539 14820 14935 D Documents: Loading roots for com.google.android.apps.docs.storage
12-12 22:28:56.539 14888 14888 D AndroidRuntime: Calling main entry com.android.commands.pm.Pm
12-12 22:28:56.539 14820 14934 D Documents: Used cached roots for com.android.providers.downloads.documents
12-12 22:28:56.539 14820 14934 D Documents: Used cached roots for com.android.providers.media.documents
12-12 22:28:56.539 14820 14934 D Documents: Loading roots for com.google.android.apps.docs.storage
12-12 22:28:56.549 14820 14935 D Documents: Update found 7 roots in 15ms
12-12 22:28:56.559 14820 14934 D Documents: Update found 7 roots in 40ms
12-12 22:28:56.559   970 14603 D qcom_sensors_hal: hal_time_data_cb: msg_type 2
12-12 22:28:56.559   970 14603 D qcom_sensors_hal: hal_time_data_cb: Sn 24, msg Id 3, txn Id 0
12-12 22:28:56.559   970 14603 D qcom_sensors_hal: hal_ts_offset_is: Apps: 1513135736567478411; DSPS: 362895800; Offset: 1513124661866550677
12-12 22:28:56.629 14888 14888 D AndroidRuntime: Shutting down VM
12-12 22:28:56.629 14888 14914 D dalvikvm: GC_CONCURRENT freed 388K, 40% free 603K/996K, paused 0ms+0ms, total 3ms
12-12 22:28:56.679 12328 12331 D dalvikvm: GC_CONCURRENT freed 2086K, 41% free 6946K/11632K, paused 4ms+7ms, total 64ms
12-12 22:28:56.709 12328 13117 D libc    : getaddrinfo called from pid =12328
12-12 22:28:56.709 12328 13117 D libc    : getaddrinfo called from pid =12328
12-12 22:28:56.709   309 14939 D libc    : getaddrinfo called from pid =309
12-12 22:28:56.709   309 14939 D libc    : _dns_getaddrinfo: iptype =1
12-12 22:28:56.709   309 14939 D libc    : _dns_getaddrinfo: query_ipv4=1, query_ipv6=0
12-12 22:28:56.709 12328 13117 D libc    : dnsproxy getaddrinfo returns 0
12-12 22:28:56.749 12328 13117 D libc    : getaddrinfo called from pid =12328
12-12 22:28:56.759 12328 13117 W Conscrypt: Could not set socket write timeout:
12-12 22:28:56.759 12328 13117 W Conscrypt:    java.lang.reflect.Method.invokeNative(Native Method)
12-12 22:28:56.759 12328 13117 W Conscrypt:    java.lang.reflect.Method.invoke(Method.java:515)
12-12 22:28:56.809 12328 13117 W Conscrypt: Could not set socket write timeout:
12-12 22:28:56.809 12328 13117 W Conscrypt:    java.lang.reflect.Method.invokeNative(Native Method)
12-12 22:28:56.809 12328 13117 W Conscrypt:    java.lang.reflect.Method.invoke(Method.java:515)
12-12 22:28:56.869   303   381 I Vold    : [LGE][VOLD][NetlinkHandler.cpp][onEvent()] subsys:cpu, action:0
12-12 22:28:57.079   303   381 I Vold    : [LGE][VOLD][NetlinkHandler.cpp][onEvent()] subsys:cpu, action:0
12-12 22:28:57.289   303   381 I Vold    : [LGE][VOLD][NetlinkHandler.cpp][onEvent()] subsys:cpu, action:0
12-12 22:28:57.689   303   381 I Vold    : [LGE][VOLD][NetlinkHandler.cpp][onEvent()] subsys:cpu, action:0
12-12 22:28:57.739   323   417 I ThermalEngine: Sensor:pa_therm1:29000 mC
12-12 22:28:57.839 14951 14951 D AndroidRuntime: 
12-12 22:28:57.839 14951 14951 D AndroidRuntime: >>>>>> AndroidRuntime START com.android.internal.os.RuntimeInit <<<<<<
12-12 22:28:57.839 14951 14951 D AndroidRuntime: CheckJNI is OFF
12-12 22:28:57.859 14951 14951 D dalvikvm: Trying to load lib libjavacore.so 0x0
12-12 22:28:57.859 14951 14951 D dalvikvm: Added shared lib libjavacore.so 0x0
12-12 22:28:57.859 14951 14951 D dalvikvm: Trying to load lib libnativehelper.so 0x0
12-12 22:28:57.859 14951 14951 D dalvikvm: Added shared lib libnativehelper.so 0x0
12-12 22:28:57.859 14951 14951 D dalvikvm: No JNI_OnLoad found in libnativehelper.so 0x0, skipping init
12-12 22:28:57.899 14951 14951 D dalvikvm: Note: class Landroid/app/ActivityManagerNative; has 184 unimplemented (abstract) methods
12-12 22:28:57.909   970  1182 V WifiServiceExtension: checkPollTimer Cnt= 0 rssi =-38 threshold=-100
12-12 22:28:58.069 14951 14951 E memtrack: Couldn't load memtrack module (No such file or directory)
12-12 22:28:58.069 14951 14951 E android.os.Debug: failed to load memtrack module: -2
12-12 22:28:58.139 14951 14951 D AndroidRuntime: Calling main entry com.android.commands.pm.Pm
12-12 22:28:58.159   970  1021 I ActivityManager: Force stopping com.trellis appid=15809 user=-1: uninstall pkg
12-12 22:28:58.159  1226  1237 V SplitWindowPolicyService: requestUpdateStackInfo
12-12 22:28:58.159   970  1043 W PackageManager: Couldn't delete native library directory /data/app-lib/com.trellis
12-12 22:28:58.159   970  1021 D ActivityManager: resumeTopActivityLocked: Top activity resumed ActivityRecord{4241fe00 u0 com.lge.launcher2/.Launcher t1}
12-12 22:28:58.259   320   320 D keystore: calling clear_uid in state: 3
12-12 22:28:58.259  1226  3934 V SplitWindowPolicyService: requestUpdateStackInfo
12-12 22:28:58.259   970  1043 I ActivityManager: Force stopping com.trellis appid=15809 user=0: pkg removed
12-12 22:28:58.259   970  1043 D ActivityManager: resumeTopActivityLocked: Top activity resumed ActivityRecord{4241fe00 u0 com.lge.launcher2/.Launcher t1}
12-12 22:28:58.269  1226  1226 V SplitWindowPolicyService: onReceive
12-12 22:28:58.269  1226  1226 I SplitWindowPolicyService: android.intent.action.PACKAGE_REMOVED
12-12 22:28:58.269  1226  1226 V SplitWindowPolicyService: packageName = com.trellis
12-12 22:28:58.269  1226  1343 V SplitWindowPolicyService: handlePackageRemoved - com.trellis
12-12 22:28:58.279  1210  1210 D KeyguardModel: mPackageIntentReceiver, received action: android.intent.action.PACKAGE_REMOVED, sendingUserId:0
12-12 22:28:58.279  1559  1559 I [LGHome]EVENT: [LauncherModel.java:1146:onReceive()]onReceive intent=Intent { act=android.intent.action.PACKAGE_REMOVED dat=package:com.trellis flg=0x4000010 (has extras) }
12-12 22:28:58.279  1559  1559 I [LGHome]LGPlusHomeDBManager: [LGPlusHomeDBManager.java:308:onReceive()]onReceive intent=Intent { act=android.intent.action.PACKAGE_REMOVED dat=package:com.trellis flg=0x4000010 (has extras) }
12-12 22:28:58.279  1559  1559 I [LGHome]LGPlusHomeDBManager: [LGPlusHomeDBManager.java:374:packageUpdate()]PackageUpdatedTask: 3
12-12 22:28:58.289  1210  1210 I [SystemUI]AppWidgetPanel(QRemoteWidgetPanel): onReceive = android.intent.action.PACKAGE_REMOVED, packageName : com.trellis
12-12 22:28:58.289   970  1154 I InputReader: Reconfiguring input devices.  changes=0x00000010
12-12 22:28:58.289 12328 12328 I GeofencerStateMachine: removeGeofences: removeRequest=RemoveGeofencingRequest[REMOVE_ALL packageName=com.trellis]
12-12 22:28:58.299  2844  2844 W System.err: android.content.pm.PackageManager$NameNotFoundException: com.trellis
12-12 22:28:58.309  2844  2844 W System.err: 	at android.app.ApplicationPackageManager.getPackageInfo(ApplicationPackageManager.java:82)
12-12 22:28:58.309  2844  2844 W System.err: 	at com.lge.mlt.MptOnAppWatcher$1.onReceive(MptOnAppWatcher.java:44)
12-12 22:28:58.309  1344  1390 I LatinIME:LogUtils: Dictionary info: dictionary = main:en_us ; version = 45 ; date = 1400750631
12-12 22:28:58.319  1344  1390 I LatinIME:LogUtils: Dictionary info: dictionary = main:en_us ; version = 45 ; date = 1400750631
12-12 22:28:58.319   970  1201 I ActivityManager: Start proc com.lge.lockscreensettings for content provider com.lge.lockscreensettings/.LockSettingsProvider: pid=14969 uid=10078 gids={50078, 1028, 1015}
12-12 22:28:58.319   970  1918 D [SystemUI]SystemUIProvider: [SystemUIProvider.java:53:call()]method=SET_USER, extras=Bundle[mParcelledData.dataSize=76]
12-12 22:28:58.319   970  1918 D [SystemUI]SystemUIProvider: [SystemUIProvider.java:227:getOrEstablishDatabase()]userHandle=0
12-12 22:28:58.319   970  1202 D [SystemUI]SystemUIProvider: [SystemUIProvider.java:53:call()]method=QUICKSETTING_SAVE, extras=Bundle[mParcelledData.dataSize=1808]
12-12 22:28:58.329   313   313 D dalvikvm: GC_EXPLICIT freed 42K, 76% free 2864K/11632K, paused 1ms+1ms, total 21ms
12-12 22:28:58.339   303   381 I Vold    : [LGE][VOLD][NetlinkHandler.cpp][onEvent()] subsys:cpu, action:0
12-12 22:28:58.349  2844  2844 W System.err: 	at android.app.LoadedApk$ReceiverDispatcher$Args.run(LoadedApk.java:782)
12-12 22:28:58.349  2844  2844 W System.err: 	at android.os.Handler.handleCallback(Handler.java:733)
12-12 22:28:58.349  2844  2844 W System.err: 	at android.os.Handler.dispatchMessage(Handler.java:95)
12-12 22:28:58.349  2844  2844 W System.err: 	at android.os.Looper.loop(Looper.java:136)
12-12 22:28:58.349   313   313 D dalvikvm: GC_EXPLICIT freed <1K, 76% free 2864K/11632K, paused 1ms+2ms, total 21ms
12-12 22:28:58.349  1519  1536 I com.skyfire.browser.toolbar.ProcessObserverService: On importance changed 14969,10078,400
12-12 22:28:58.349  2844  2844 W System.err: 	at android.app.ActivityThread.main(ActivityThread.java:5118)
12-12 22:28:58.349  2844  2844 W System.err: 	at java.lang.reflect.Method.invokeNative(Native Method)
12-12 22:28:58.349  2844  2844 W System.err: 	at java.lang.reflect.Method.invoke(Method.java:515)
12-12 22:28:58.349  2844  2844 W System.err: 	at com.android.internal.os.ZygoteInit$MethodAndArgsCaller.run(ZygoteInit.java:790)
12-12 22:28:58.349   303   381 I Vold    : [LGE][VOLD][NetlinkHandler.cpp][onEvent()] subsys:cpu, action:0
12-12 22:28:58.359 14969 14969 D HyLog   : I : /data/font/config/sfconfig.dat, No such file or directory (2)
12-12 22:28:58.359  2844  2844 W System.err: 	at com.android.internal.os.ZygoteInit.main(ZygoteInit.java:606)
12-12 22:28:58.359  2844  2844 W System.err: 	at dalvik.system.NativeStart.main(Native Method)
12-12 22:28:58.359 14969 14969 D HyLog   : I : /data/font/config/dfactpre.dat, No such file or directory (2)
12-12 22:28:58.359 14969 14969 D HyLog   : I : /data/font/config/sfconfig.dat, No such file or directory (2)
12-12 22:28:58.369 14820 14968 D Documents: Used cached roots for com.android.externalstorage.documents
12-12 22:28:58.369 14820 14968 D Documents: Used cached roots for com.android.providers.downloads.documents
12-12 22:28:58.369 14820 14968 D Documents: Used cached roots for com.android.providers.media.documents
12-12 22:28:58.369 14820 14968 D Documents: Loading roots for com.google.android.apps.docs.storage
12-12 22:28:58.379   313   313 D dalvikvm: GC_EXPLICIT freed <1K, 76% free 2864K/11632K, paused 2ms+3ms, total 25ms
12-12 22:28:58.389 14969 14969 I LockScreenSettings: Wallpaper base directory = /data/user/0/com.lge.lockscreensettings/files/
12-12 22:28:58.389  4604  4604 W ContextImpl: Implicit intents with startService are not safe: Intent { act=com.wildtangent.intent.action.ACTION_UNINSTALL (has extras) } android.content.ContextWrapper.startService:494 com.wildtangent.android.costperinstall.CostPerInstallReceiver.onReceive:46 android.app.ActivityThread.handleReceiver:2429 
12-12 22:28:58.409   970   970 D administrator: Handling package changes for user 0
12-12 22:28:58.419 14820 14968 D Documents: Update found 7 roots in 55ms
12-12 22:28:58.419 14355 14355 D [BNRAppListMgrReceiver]: android.intent.action.PACKAGE_REMOVED : com.trellis
12-12 22:28:58.419  1210  1225 D KeyguardModel: package = com.android.contacts, class = com.android.contacts.activities.PeopleActivity
12-12 22:28:58.419  1210  1225 D KeyguardModel: createShortcutInfo...
12-12 22:28:58.419  1429  1429 D SplitUIManager: split_name #10 / not available #0
12-12 22:28:58.429  1429  1429 D SplitUIService: removed split : 
12-12 22:28:58.429   970   983 D [SystemUI]SystemUIProvider: [SystemUIProvider.java:53:call()]method=SET_USER, extras=Bundle[mParcelledData.dataSize=72]
12-12 22:28:58.439   970   983 D [SystemUI]SystemUIProvider: [SystemUIProvider.java:227:getOrEstablishDatabase()]userHandle=0
12-12 22:28:58.439   970  1918 D [SystemUI]SystemUIProvider: [SystemUIProvider.java:53:call()]method=DATA_GET, extras=Bundle[mParcelledData.dataSize=60]
12-12 22:28:58.439   970  1918 D [SystemUI]SystemUIProvider: [SystemUIProvider.java:126:call()]retValue = Bundle[{_return=null}]
12-12 22:28:58.439   970  1202 D [SystemUI]SystemUIProvider: [SystemUIProvider.java:53:call()]method=SET_USER, extras=Bundle[mParcelledData.dataSize=72]
12-12 22:28:58.439   970  1202 D [SystemUI]SystemUIProvider: [SystemUIProvider.java:227:getOrEstablishDatabase()]userHandle=0
12-12 22:28:58.439   970  1569 D [SystemUI]SystemUIProvider: [SystemUIProvider.java:53:call()]method=DATA_GET, extras=Bundle[mParcelledData.dataSize=60]
12-12 22:28:58.439   970  1569 D [SystemUI]SystemUIProvider: [SystemUIProvider.java:126:call()]retValue = Bundle[{_return=null}]
12-12 22:28:58.449  1429  1429 D SplitUIManager: split_name #10 / not available #0
12-12 22:28:58.449  1429  1429 I SplitUIService: split app #10
12-12 22:28:58.449   970  1201 D [SystemUI]SystemUIProvider: [SystemUIProvider.java:53:call()]method=SET_USER, extras=Bundle[mParcelledData.dataSize=72]
12-12 22:28:58.449   970  1201 D [SystemUI]SystemUIProvider: [SystemUIProvider.java:227:getOrEstablishDatabase()]userHandle=0
12-12 22:28:58.449   970  1202 D [SystemUI]SystemUIProvider: [SystemUIProvider.java:53:call()]method=DATA_GET, extras=Bundle[mParcelledData.dataSize=60]
12-12 22:28:58.449   970  1202 D [SystemUI]SystemUIProvider: [SystemUIProvider.java:480:get()]1
12-12 22:28:58.449   970  1202 D [SystemUI]SystemUIProvider: [SystemUIProvider.java:126:call()]retValue = Bundle[{_return=1}]
12-12 22:28:58.469  1210  1210 I [SystemUI]QSlideListController: onReceive = android.intent.action.PACKAGE_REMOVED
12-12 22:28:58.469  1210  1210 I [SystemUI]GlobalAccessView: onReceive = android.intent.action.PACKAGE_REMOVED
12-12 22:28:58.479  1391 14999 D VoicemailCleanupService: Cleaning up data for package: com.trellis
12-12 22:28:58.479   970  1184 D ConnectivityServiceHSM: Actual State: DefaultConnectivityState, Current State: DefaultConnectivityState.processMessage what=112
12-12 22:28:58.479   970  1184 D ConnectivityServiceHSM: Actual State: DefaultConnectivityState, Current State: DefaultConnectivityState.processMessage what=112
12-12 22:28:58.479   970  1184 D MobileDataStateTracker: default: setPolicyDataEnable(enabled=true)
12-12 22:28:58.489  1210  1210 D KeyguardModel: mPackageIntentReceiver, received action: android.intent.action.PACKAGE_FULLY_REMOVED, sendingUserId:0
12-12 22:28:58.499  8362  8362 I PackageChangeReceiver: intent action : android.intent.action.PACKAGE_REMOVED (at PackageChangeReceiver.java onReceive 20)
12-12 22:28:58.509  1210  1225 D KeyguardModel: package = com.lge.email, class = com.lge.email.ui.setupwizard.Welcome
12-12 22:28:58.509  1210  1225 D KeyguardModel: createShortcutInfo...
12-12 22:28:58.519  1210  1225 D KeyguardModel: package = com.android.browser, class = com.android.browser.BrowserActivity
12-12 22:28:58.519  1210  1225 D KeyguardModel: createShortcutInfo...
12-12 22:28:58.539  1210  1225 D KeyguardModel: package = com.lge.qmemoplus, class = com.lge.qmemoplus.ui.main.MainActivity
12-12 22:28:58.539  1210  1225 D KeyguardModel: createShortcutInfo...
12-12 22:28:58.539   970   983 I ActivityManager: Start proc com.android.settings for broadcast com.android.settings/.hotkey.PackageIntentReceiver: pid=15000 uid=1000 gids={41000, 1028, 1015, 3003, 3002, 3001, 1007, 1002, 3008, 1023, 1004, 2002, 1026, 3005, 1009, 1027, 1010, 5000, 2001, 4002, 1021, 3004, 1000, 3009}
12-12 22:28:58.559   970  1179 D WifiStateMachine: handleMessage: E msg.what=131155
12-12 22:28:58.559   970  1179 D WifiStateMachine: processMsg: ConnectedState
12-12 22:28:58.559   970  1179 D WifiStateMachine: processMsg: L2ConnectedState
12-12 22:28:58.559   970  1179 D WifiNative-wlan0: doString: SIGNAL_POLL
12-12 22:28:58.559  1210  1225 D KeyguardModel: package = com.android.gallery3d, class = com.android.gallery3d.app.Gallery
12-12 22:28:58.559  1210  1225 D KeyguardModel: createShortcutInfo...
12-12 22:28:58.559  1200  1200 D wpa_supplicant: wlan0: Control interface command 'SIGNAL_POLL'
12-12 22:28:58.569  1519  1534 I com.skyfire.browser.toolbar.ProcessObserverService: On importance changed 15000,1000,400
12-12 22:28:58.569  1210  1225 D KeyguardModel: package = com.lge.camera, class = com.lge.camera.CameraApp
12-12 22:28:58.569  1210  1225 D KeyguardModel: createShortcutInfo...
12-12 22:28:58.569  1200  1200 D wpa_supplicant: nl80211: survey data missing!
12-12 22:28:58.569   970  1179 D WifiStateMachine: handleMessage: X
12-12 22:28:58.579 15000 15000 D HyLog   : I : /data/font/config/sfconfig.dat, No such file or directory (2)
12-12 22:28:58.579 15000 15000 D HyLog   : I : /data/font/config/dfactpre.dat, No such file or directory (2)
12-12 22:28:58.579 15000 15000 D HyLog   : I : /data/font/config/sfconfig.dat, No such file or directory (2)
12-12 22:28:58.589  1210  1210 D KeyguardModel: handleShortcutListChanged...
12-12 22:28:58.599  1210  1225 D KeyguardModel: package = com.android.contacts, class = com.android.contacts.activities.PeopleActivity
12-12 22:28:58.599  1210  1225 D KeyguardModel: createShortcutInfo...
12-12 22:28:58.599  1210  1225 D KeyguardModel: package = com.lge.email, class = com.lge.email.ui.setupwizard.Welcome
12-12 22:28:58.599  1210  1225 D KeyguardModel: createShortcutInfo...
12-12 22:28:58.609  1210  1225 D KeyguardModel: package = com.android.browser, class = com.android.browser.BrowserActivity
12-12 22:28:58.609  1210  1225 D KeyguardModel: createShortcutInfo...
12-12 22:28:58.609  1210  1225 D KeyguardModel: package = com.lge.qmemoplus, class = com.lge.qmemoplus.ui.main.MainActivity
12-12 22:28:58.609  1210  1225 D KeyguardModel: createShortcutInfo...
12-12 22:28:58.609  1210  1225 D KeyguardModel: package = com.android.gallery3d, class = com.android.gallery3d.app.Gallery
12-12 22:28:58.609  1210  1225 D KeyguardModel: createShortcutInfo...
12-12 22:28:58.609  1210  1225 D KeyguardModel: package = com.lge.camera, class = com.lge.camera.CameraApp
12-12 22:28:58.609  1210  1225 D KeyguardModel: createShortcutInfo...
12-12 22:28:58.609   970  1376 I ActivityManager: Killing 13735:com.google.android.partnersetup/u0a13 (adj 15): empty #14
12-12 22:28:58.619  1210  1210 D KeyguardModel: handleShortcutListChanged...
12-12 22:28:58.619  1226  1238 V SplitWindowPolicyService: requestUpdateStackInfo
12-12 22:28:58.619  1519  1536 I com.skyfire.browser.toolbar.ProcessObserverService: On process died 13735,10013
12-12 22:28:58.619   970  1375 D ActivityManager: resumeTopActivityLocked: Top activity resumed ActivityRecord{4241fe00 u0 com.lge.launcher2/.Launcher t1}
12-12 22:28:58.679   970  1043 D dalvikvm: GC_EXPLICIT freed 1814K, 41% free 19569K/32808K, paused 7ms+17ms, total 290ms
12-12 22:28:58.679 15000 15000 I dalvikvm: Zip is good, but no classes.dex inside, and no valid .odex file in the same directory
12-12 22:28:58.689 14951 14951 D AndroidRuntime: Shutting down VM
12-12 22:28:58.689 14951 14961 D dalvikvm: GC_CONCURRENT freed 97K, 15% free 592K/692K, paused 0ms+1ms, total 3ms
12-12 22:28:58.719  1344  1412 I LatinIME:LogUtils: Dictionary info: dictionary = PersonalizationDictionary.en_US ; version = 1513135724 ; date = 1513135738
12-12 22:28:58.729   970   970 D BackupManagerService: Received broadcast Intent { act=android.intent.action.PACKAGE_REMOVED dat=package:com.trellis flg=0x4000010 (has extras) }
12-12 22:28:58.729   970   970 I InteractionManagerConfigurator: updateIntentFilterConfig
12-12 22:28:58.729   970   970 I InteractionManagerConfigurator: com.trellis isn't inclued in dragdropPackageList
12-12 22:28:58.729   970   970 V BackupManagerService: removePackageParticipantsLocked: uid=15809 #1
12-12 22:28:58.739 12513 13203 I Icing   : IndexChimeraService.getServiceInterface callingPackage=com.google.android.inputmethod.latin componentName=null serviceId=21
12-12 22:28:58.769 12513 13159 I Icing   : Usage reports ok 0, Failed Usage reports 0, indexed 0, rejected 0, imm upload false
12-12 22:28:58.769  1344  1412 I LatinIME:LogUtils: Dictionary info: dictionary = PersonalizationDictionary.en_US ; version = 1513135724 ; date = 1513135738
12-12 22:28:58.919 15000 15000 I Config  : start check native_ca
12-12 22:28:58.919 15000 15000 I Config  : getOperator() : ATT
12-12 22:28:58.919 15000 15000 D PackageIntentReceiver: Not supported Hotkey customization function 
12-12 22:28:58.919 15000 15000 D HideNavigationAppsReceiver: Receive package name : com.trellis, replacing=false, action=android.intent.action.PACKAGE_REMOVED
12-12 22:28:58.919 15000 15000 D HideNavigationAppsReceiver: replacing : false
12-12 22:28:58.919 15000 15000 D HideNavigationAppsReceiver: Delete mPackageMame : com.trellis
12-12 22:28:58.919 15000 15000 D ButtonCombinationReceiver: Receive package name : com.trellis
12-12 22:28:58.919 15000 15000 D ButtonCombinationReceiver: replacing : false
12-12 22:28:58.929   970   982 I ActivityManager: Killing 14405:com.lge.eula/1000 (adj 15): empty #14
12-12 22:28:58.939  1519  1534 I com.skyfire.browser.toolbar.ProcessObserverService: On process died 14405,1000
12-12 22:28:58.939  1226  1237 V SplitWindowPolicyService: requestUpdateStackInfo
12-12 22:28:58.939   970  1572 D ActivityManager: resumeTopActivityLocked: Top activity resumed ActivityRecord{4241fe00 u0 com.lge.launcher2/.Launcher t1}
12-12 22:28:58.949  1776 15015 I Icing.InternalIcingCorporaProvider: Updating corpora: A: com.trellis, C: MAYBE
12-12 22:28:58.959   970  1555 I ActivityManager: Start proc com.android.keychain for broadcast com.android.keychain/.KeyChainBroadcastReceiver: pid=15016 uid=1000 gids={41000, 1028, 1015, 3003, 3002, 3001, 1007, 1002, 3008, 1023, 1004, 2002, 1026, 3005, 1009, 1027, 1010, 5000, 2001, 4002, 1021, 3004, 1000, 3009}
12-12 22:28:58.969  1559  1559 I [LGHome]EVENT: [LauncherModel.java:1146:onReceive()]onReceive intent=Intent { act=android.search.action.SEARCHABLES_CHANGED flg=0x24000010 }
12-12 22:28:58.979  1519  1536 I com.skyfire.browser.toolbar.ProcessObserverService: On importance changed 15016,1000,400
12-12 22:28:58.979 15016 15016 D HyLog   : I : /data/font/config/sfconfig.dat, No such file or directory (2)
12-12 22:28:58.979 15016 15016 D HyLog   : I : /data/font/config/dfactpre.dat, No such file or directory (2)
12-12 22:28:58.979 15016 15016 D HyLog   : I : /data/font/config/sfconfig.dat, No such file or directory (2)
12-12 22:28:58.989  1776 15015 I Icing.InternalIcingCorporaProvider: UpdateCorporaTask done [took 43 ms] updated apps [took 43 ms] 
12-12 22:28:59.009 15016 15016 W ContextImpl: Calling a method in the system process without a qualified user: android.app.ContextImpl.startService:1607 android.content.ContextWrapper.startService:494 android.content.ContextWrapper.startService:494 com.android.keychain.KeyChainBroadcastReceiver.onReceive:12 android.app.ActivityThread.handleReceiver:2429 
12-12 22:28:59.039   970  1569 I ActivityManager: Killing 14422:com.google.android.apps.plus/u0a98 (adj 15): empty #14
12-12 22:28:59.049   303   381 I Vold    : [LGE][VOLD][NetlinkHandler.cpp][onEvent()] subsys:cpu, action:0
12-12 22:28:59.059  1226  3934 V SplitWindowPolicyService: requestUpdateStackInfo
12-12 22:28:59.059  1519  1534 I com.skyfire.browser.toolbar.ProcessObserverService: On process died 14422,10098
12-12 22:28:59.059 12328 14085 E NetworkScheduler: Unrecognised action provided: android.intent.action.PACKAGE_REMOVED
12-12 22:28:59.059   970  1917 D ActivityManager: resumeTopActivityLocked: Top activity resumed ActivityRecord{4241fe00 u0 com.lge.launcher2/.Launcher t1}
12-12 22:28:59.069 14866 14893 I dalvikvm: Could not find method android.provider.DocumentsContract.getTreeDocumentId, referenced from method fsk.a
12-12 22:28:59.069 14866 14893 W dalvikvm: VFY: unable to resolve static method 4184: Landroid/provider/DocumentsContract;.getTreeDocumentId (Landroid/net/Uri;)Ljava/lang/String;
12-12 22:28:59.069 14866 14893 D dalvikvm: VFY: replacing opcode 0x71 at 0x0075
12-12 22:28:59.099   970  1918 I ActivityManager: Start proc com.google.android.apps.plus for broadcast com.google.android.apps.plus/.service.PhotosAppTransitionMonitor: pid=15034 uid=10098 gids={50098, 3003, 1028, 1015}
12-12 22:28:59.099 14760 14793 D AlertService: Beginning updateAlertNotification
12-12 22:28:59.129  1519  1536 I com.skyfire.browser.toolbar.ProcessObserverService: On importance changed 15034,10098,400
12-12 22:28:59.149 14760 14793 D AlertService: No fired or scheduled alerts
12-12 22:28:59.149 15034 15034 D HyLog   : I : /data/font/config/sfconfig.dat, No such file or directory (2)
12-12 22:28:59.149 15034 15034 D HyLog   : I : /data/font/config/dfactpre.dat, No such file or directory (2)
12-12 22:28:59.149 15034 15034 D HyLog   : I : /data/font/config/sfconfig.dat, No such file or directory (2)
12-12 22:28:59.159   303   381 I Vold    : [LGE][VOLD][NetlinkHandler.cpp][onEvent()] subsys:cpu, action:0
12-12 22:28:59.169 14760 14793 D AlertService: Scheduling next alarm with AlarmScheduler. sEventReminderReceived: null
12-12 22:28:59.189 12328 13945 W ConfigurationChimeraPro: Got null configs for com.google.android.gms.drive
12-12 22:28:59.199 14760 14793 D AlarmScheduler: No events found starting within 1 week.
12-12 22:28:59.209   970  1554 I ActivityManager: Killing 14609:com.uei.lg.quicksetsdk.lite/u0a101 (adj 15): empty #14
12-12 22:28:59.239  1519  1534 I com.skyfire.browser.toolbar.ProcessObserverService: On process died 14609,10101
12-12 22:28:59.239  1226  1237 V SplitWindowPolicyService: requestUpdateStackInfo
12-12 22:28:59.239 15034 15034 I dalvikvm: Could not find method android.view.ViewAnimationUtils.createCircularReveal, referenced from method hb.a
12-12 22:28:59.239 15034 15034 W dalvikvm: VFY: unable to resolve static method 10806: Landroid/view/ViewAnimationUtils;.createCircularReveal (Landroid/view/View;IIFF)Landroid/animation/Animator;
12-12 22:28:59.239 15034 15034 D dalvikvm: VFY: replacing opcode 0x71 at 0x002d
12-12 22:28:59.239   970  6170 D ActivityManager: resumeTopActivityLocked: Top activity resumed ActivityRecord{4241fe00 u0 com.lge.launcher2/.Launcher t1}
12-12 22:28:59.279 14866 14893 I dalvikvm: Could not find method android.content.ContextWrapper.createCredentialProtectedStorageContext, referenced from method jwn.createCredentialProtectedStorageContext
12-12 22:28:59.279 14866 14893 W dalvikvm: VFY: unable to resolve virtual method 1708: Landroid/content/ContextWrapper;.createCredentialProtectedStorageContext ()Landroid/content/Context;
12-12 22:28:59.279 14866 14893 D dalvikvm: VFY: replacing opcode 0x6f at 0x0002
12-12 22:28:59.279 14866 14893 I dalvikvm: Could not find method android.content.ContextWrapper.createDeviceProtectedStorageContext, referenced from method jwn.createDeviceProtectedStorageContext
12-12 22:28:59.279 14866 14893 W dalvikvm: VFY: unable to resolve virtual method 1709: Landroid/content/ContextWrapper;.createDeviceProtectedStorageContext ()Landroid/content/Context;
12-12 22:28:59.279 14866 14893 D dalvikvm: VFY: replacing opcode 0x6f at 0x0002
12-12 22:28:59.279 14866 14893 D dalvikvm: DexOpt: couldn't find static field Landroid/os/Build;.SUPPORTED_ABIS
12-12 22:28:59.279 14866 14893 W dalvikvm: VFY: unable to resolve static field 918 (SUPPORTED_ABIS) in Landroid/os/Build;
12-12 22:28:59.289 14866 14893 D dalvikvm: VFY: replacing opcode 0x62 at 0x0008
12-12 22:28:59.289 14866 14893 D dalvikvm: DexOpt: couldn't find static field Landroid/os/Build;.SUPPORTED_ABIS
12-12 22:28:59.289 14866 14893 W dalvikvm: VFY: unable to resolve static field 918 (SUPPORTED_ABIS) in Landroid/os/Build;
12-12 22:28:59.289 14866 14893 D dalvikvm: VFY: replacing opcode 0x62 at 0x0097
12-12 22:28:59.289 14866 14893 D dalvikvm: DexOpt: couldn't find field Landroid/content/pm/ApplicationInfo;.splitSourceDirs
12-12 22:28:59.289 14866 14893 W dalvikvm: VFY: unable to resolve instance field 849
12-12 22:28:59.289 14866 14893 D dalvikvm: VFY: replacing opcode 0x54 at 0x0053
12-12 22:28:59.299 14866 14893 D dalvikvm: DexOpt: couldn't find field Landroid/content/pm/ApplicationInfo;.splitSourceDirs
12-12 22:28:59.299 14866 14893 I dalvikvm: DexOpt: unable to optimize instance field ref 0x0351 at 0x57 in Lkgr;.d
12-12 22:28:59.299 12513 12518 D dalvikvm: GC_CONCURRENT freed 1870K, 29% free 8375K/11636K, paused 6ms+8ms, total 86ms
12-12 22:28:59.299 12513 14927 D dalvikvm: WAIT_FOR_CONCURRENT_GC blocked 47ms
12-12 22:28:59.299 14866 14893 I dalvikvm: Could not find method android.content.ContextWrapper.createCredentialProtectedStorageContext, referenced from method com.google.android.chimera.ModuleContext.createCredentialProtectedStorageContext
12-12 22:28:59.299 14866 14893 W dalvikvm: VFY: unable to resolve virtual method 1708: Landroid/content/ContextWrapper;.createCredentialProtectedStorageContext ()Landroid/content/Context;
12-12 22:28:59.299 14866 14893 D dalvikvm: VFY: replacing opcode 0x6f at 0x0002
12-12 22:28:59.299 14866 14893 I dalvikvm: Could not find method android.content.ContextWrapper.createDeviceProtectedStorageContext, referenced from method com.google.android.chimera.ModuleContext.createDeviceProtectedStorageContext
12-12 22:28:59.299 14866 14893 W dalvikvm: VFY: unable to resolve virtual method 1709: Landroid/content/ContextWrapper;.createDeviceProtectedStorageContext ()Landroid/content/Context;
12-12 22:28:59.299 14866 14893 D dalvikvm: VFY: replacing opcode 0x6f at 0x0002
12-12 22:28:59.299 12513 14795 D dalvikvm: WAIT_FOR_CONCURRENT_GC blocked 35ms
12-12 22:28:59.299 12513 13159 D dalvikvm: WAIT_FOR_CONCURRENT_GC blocked 27ms
12-12 22:28:59.319 14866 14893 W dalvikvm: VFY: unable to find class referenced in signature (Larql;)
12-12 22:28:59.349 12513 15060 I PeopleContactsSync: triggerPendingContactsCleanup: no accounts
12-12 22:28:59.349 12513 12886 I Icing   : doRemovePackageData com.trellis
12-12 22:28:59.359 12513 15060 D Wear_Controller: Received broadcast action=android.intent.action.PACKAGE_REMOVED and uri=com.trellis
12-12 22:28:59.359 12513 15060 I LocationSettingsChecker: Removing dialog suppression flag for package com.trellis
12-12 22:28:59.369 12513 13096 I Icing   : IndexChimeraService.getServiceInterface callingPackage=com.google.android.gms componentName=AppsCorpus serviceId=32
12-12 22:28:59.379 12513 13203 I Icing   : IndexChimeraService.getServiceInterface callingPackage=com.google.android.gms componentName=AppsCorpus serviceId=36
12-12 22:28:59.389 14866 14893 I dalvikvm: Could not find method android.content.Context.isDeviceProtectedStorage, referenced from method kel.d
12-12 22:28:59.389 14866 14893 W dalvikvm: VFY: unable to resolve virtual method 1689: Landroid/content/Context;.isDeviceProtectedStorage ()Z
12-12 22:28:59.389 14866 14893 D dalvikvm: VFY: replacing opcode 0x6e at 0x0006
12-12 22:28:59.399 14866 14893 I dalvikvm: Could not find method android.os.UserHandle.isOwner, referenced from method kel.i
12-12 22:28:59.399 14866 14893 W dalvikvm: VFY: unable to resolve virtual method 2304: Landroid/os/UserHandle;.isOwner ()Z
12-12 22:28:59.399 14866 14893 D dalvikvm: VFY: replacing opcode 0x6e at 0x000a
12-12 22:28:59.399 14866 14893 I dalvikvm: Could not find method android.content.Context.createDeviceProtectedStorageContext, referenced from method jkx.a
12-12 22:28:59.399 14866 14893 W dalvikvm: VFY: unable to resolve virtual method 1659: Landroid/content/Context;.createDeviceProtectedStorageContext ()Landroid/content/Context;
12-12 22:28:59.399 14866 14893 D dalvikvm: VFY: replacing opcode 0x6e at 0x0029
12-12 22:28:59.399 14866 14893 I dalvikvm: Could not find method android.content.Context.getSystemService, referenced from method jkx.b
12-12 22:28:59.399 14866 14893 W dalvikvm: VFY: unable to resolve virtual method 1684: Landroid/content/Context;.getSystemService (Ljava/lang/Class;)Ljava/lang/Object;
12-12 22:28:59.399 14866 14893 D dalvikvm: VFY: replacing opcode 0x6e at 0x000b
12-12 22:28:59.409 12513 15045 I GrowthService: Package com.trellis uninstalled. Removing from storage.
12-12 22:28:59.419 14866 14893 D dalvikvm: Trying to load lib /data/app-lib/com.google.android.gms-2/libgmscore.so 0x41fdb668
12-12 22:28:59.429 14866 14893 D dalvikvm: Added shared lib /data/app-lib/com.google.android.gms-2/libgmscore.so 0x41fdb668
12-12 22:28:59.429 14866 14893 D dalvikvm: No JNI_OnLoad found in /data/app-lib/com.google.android.gms-2/libgmscore.so 0x41fdb668, skipping init
12-12 22:28:59.429 14866 14893 I dalvikvm: Could not find method android.content.pm.PackageManager.isInstantApp, referenced from method kkc.a
12-12 22:28:59.429 14866 14893 W dalvikvm: VFY: unable to resolve virtual method 1808: Landroid/content/pm/PackageManager;.isInstantApp (Ljava/lang/String;)Z
12-12 22:28:59.429 14866 14893 D dalvikvm: VFY: replacing opcode 0x6e at 0x002d
12-12 22:28:59.459 14866 14893 D dalvikvm: Trying to load lib /data/app-lib/com.google.android.gms-2/libconscrypt_gmscore_jni.so 0x41fdb668
12-12 22:28:59.469 14866 14893 D dalvikvm: Added shared lib /data/app-lib/com.google.android.gms-2/libconscrypt_gmscore_jni.so 0x41fdb668
12-12 22:28:59.469 12513 15066 I DatabaseHelper: Creating a new database at version 172 for /data/data/com.google.android.gms/databases/DocList.db
12-12 22:28:59.499 12513 12513 E ConnectivityChangeRecei: Ignoring connectivity change
12-12 22:28:59.519 14866 14893 V NativeCrypto: Registering com/google/android/gms/org/conscrypt/NativeCrypto's 276 native methods...
12-12 22:28:59.549 15056 15056 D AndroidRuntime: 
12-12 22:28:59.549 15056 15056 D AndroidRuntime: >>>>>> AndroidRuntime START com.android.internal.os.RuntimeInit <<<<<<
12-12 22:28:59.549 15056 15056 D AndroidRuntime: CheckJNI is OFF
12-12 22:28:59.559 14866 14893 E dalvikvm: Could not find class 'javax.net.ssl.SNIServerName', referenced from method com.google.android.gms.org.conscrypt.Platform.getSniHostnameFromParams
12-12 22:28:59.559 14866 14893 W dalvikvm: VFY: unable to resolve check-cast 2222 (Ljavax/net/ssl/SNIServerName;) in Lcom/google/android/gms/org/conscrypt/Platform;
12-12 22:28:59.559 14866 14893 D dalvikvm: VFY: replacing opcode 0x1f at 0x0025
12-12 22:28:59.569 15056 15056 D dalvikvm: Trying to load lib libjavacore.so 0x0
12-12 22:28:59.569 14866 14893 E dalvikvm: Could not find class 'javax.net.ssl.SNIHostName', referenced from method com.google.android.gms.org.conscrypt.Platform.setParametersSniHostname
12-12 22:28:59.569 14866 14893 W dalvikvm: VFY: unable to resolve new-instance 2221 (Ljavax/net/ssl/SNIHostName;) in Lcom/google/android/gms/org/conscrypt/Platform;
12-12 22:28:59.569 14866 14893 D dalvikvm: VFY: replacing opcode 0x22 at 0x0024
12-12 22:28:59.569 14866 14893 E dalvikvm: Could not find class 'javax.net.ssl.SNIHostName', referenced from method com.google.android.gms.org.conscrypt.Platform.setParametersSniHostname
12-12 22:28:59.569 14866 14893 W dalvikvm: VFY: unable to resolve new-instance 2221 (Ljavax/net/ssl/SNIHostName;) in Lcom/google/android/gms/org/conscrypt/Platform;
12-12 22:28:59.569 14866 14893 D dalvikvm: VFY: replacing opcode 0x22 at 0x0024
12-12 22:28:59.569 15056 15056 D dalvikvm: Added shared lib libjavacore.so 0x0
12-12 22:28:59.569 14866 14893 W dalvikvm: Unable to resolve superclass of Lcom/google/android/gms/org/conscrypt/DelegatingExtendedSSLSession; (2212)
12-12 22:28:59.569 14866 14893 W dalvikvm: Link of class 'Lcom/google/android/gms/org/conscrypt/DelegatingExtendedSSLSession;' failed
12-12 22:28:59.569 15056 15056 D dalvikvm: Trying to load lib libnativehelper.so 0x0
12-12 22:28:59.579 15056 15056 D dalvikvm: Added shared lib libnativehelper.so 0x0
12-12 22:28:59.579 15056 15056 D dalvikvm: No JNI_OnLoad found in libnativehelper.so 0x0, skipping init
12-12 22:28:59.579 14866 14893 E dalvikvm: Could not find class 'com.google.android.gms.org.conscrypt.DelegatingExtendedSSLSession', referenced from method com.google.android.gms.org.conscrypt.Platform.unwrapSSLSession
12-12 22:28:59.579 14866 14893 W dalvikvm: VFY: unable to resolve instanceof 1304 (Lcom/google/android/gms/org/conscrypt/DelegatingExtendedSSLSession;) in Lcom/google/android/gms/org/conscrypt/Platform;
12-12 22:28:59.579 14866 14893 D dalvikvm: VFY: replacing opcode 0x20 at 0x0007
12-12 22:28:59.579 14866 14893 W dalvikvm: Unable to resolve superclass of Lcom/google/android/gms/org/conscrypt/DelegatingExtendedSSLSession; (2212)
12-12 22:28:59.579 14866 14893 W dalvikvm: Link of class 'Lcom/google/android/gms/org/conscrypt/DelegatingExtendedSSLSession;' failed
12-12 22:28:59.579 14866 14893 E dalvikvm: Could not find class 'com.google.android.gms.org.conscrypt.DelegatingExtendedSSLSession', referenced from method com.google.android.gms.org.conscrypt.Platform.wrapSSLSession
12-12 22:28:59.579 14866 14893 W dalvikvm: VFY: unable to resolve new-instance 1304 (Lcom/google/android/gms/org/conscrypt/DelegatingExtendedSSLSession;) in Lcom/google/android/gms/org/conscrypt/Platform;
12-12 22:28:59.579 14866 14893 D dalvikvm: VFY: replacing opcode 0x22 at 0x0007
12-12 22:28:59.579 14866 14893 D dalvikvm: DexOpt: unable to opt direct call 0x3096 at 0x2a in Lcom/google/android/gms/org/conscrypt/Platform;.setParametersSniHostname
12-12 22:28:59.579 14866 14893 D dalvikvm: DexOpt: unable to opt direct call 0x3096 at 0x2a in Lcom/google/android/gms/org/conscrypt/Platform;.setParametersSniHostname
12-12 22:28:59.579 14866 14893 W dalvikvm: Unable to resolve superclass of Lcom/google/android/gms/org/conscrypt/DelegatingExtendedSSLSession; (2212)
12-12 22:28:59.579 14866 14893 W dalvikvm: Link of class 'Lcom/google/android/gms/org/conscrypt/DelegatingExtendedSSLSession;' failed
12-12 22:28:59.589 14866 14893 D dalvikvm: DexOpt: unable to opt direct call 0x1b67 at 0x09 in Lcom/google/android/gms/org/conscrypt/Platform;.wrapSSLSession
12-12 22:28:59.619 15056 15056 D dalvikvm: Note: class Landroid/app/ActivityManagerNative; has 184 unimplemented (abstract) methods
12-12 22:28:59.669 12780 13208 D dalvikvm: GC_EXPLICIT freed 127K, 63% free 4304K/11632K, paused 2ms+4ms, total 41ms
12-12 22:28:59.729 12513 15076 W DriveInitializer: Background init thread started
12-12 22:28:59.729 12513 14927 W DriveInitializer: Awaiting to be initialized
12-12 22:28:59.769 12513 12518 D dalvikvm: GC_CONCURRENT freed 1882K, 27% free 8541K/11636K, paused 6ms+10ms, total 78ms
12-12 22:28:59.769 12513 15066 D dalvikvm: WAIT_FOR_CONCURRENT_GC blocked 30ms
12-12 22:28:59.769 12513 12886 D dalvikvm: WAIT_FOR_CONCURRENT_GC blocked 29ms
12-12 22:28:59.789 15034 15034 W dalvikvm: VFY: unable to find class referenced in signature (Landroid/os/health/TimerStat;)
12-12 22:28:59.789 15034 15034 I dalvikvm: Could not find method android.os.health.TimerStat.getCount, referenced from method jjt.a
12-12 22:28:59.789 15034 15034 W dalvikvm: VFY: unable to resolve virtual method 8418: Landroid/os/health/TimerStat;.getCount ()I
12-12 22:28:59.789 15034 15034 D dalvikvm: VFY: replacing opcode 0x6e at 0x0005
12-12 22:28:59.789 15034 15034 W dalvikvm: VFY: unable to find class referenced in signature (Landroid/os/health/HealthStats;)
12-12 22:28:59.789 15034 15034 I dalvikvm: Could not find method android.os.health.HealthStats.hasMeasurement, referenced from method jjt.a
12-12 22:28:59.789 15034 15034 W dalvikvm: VFY: unable to resolve virtual method 8412: Landroid/os/health/HealthStats;.hasMeasurement (I)Z
12-12 22:28:59.789 15034 15034 D dalvikvm: VFY: replacing opcode 0x6e at 0x0001
12-12 22:28:59.789 15034 15034 W dalvikvm: VFY: unable to find class referenced in signature (Landroid/os/health/HealthStats;)
