12-12 22:29:06.269   970  1043 W PackageManager: Unknown permission com.lge.formmanager.permission.READ_FORMS_TABLE in package com.lge.launcher2
12-12 22:29:06.269   970  1043 W PackageManager: Unknown permission com.lge.mrg.boardcontent.permission.WRITE_BOARD_CONTENT in package com.lge.launcher2
12-12 22:29:06.269   970  1043 W PackageManager: Unknown permission com.android.vending.billing.IBillingAccountService.BIND2 in package com.google.android.gsf.login
12-12 22:29:06.269   970  1043 W PackageManager: Unknown permission com.android.gallery3d.permission.GALLERY_PROVIDER in package com.android.bluetooth
12-12 22:29:06.269   970  1043 W PackageManager: Unknown permission android.permission.MMS_SEND_OUTBOX_MSG in package com.android.bluetooth
12-12 22:29:06.279   970  1043 W PackageManager: Unknown permission android.permission.MMS_PUSH in package com.android.bluetooth
12-12 22:29:06.279   970  1043 W PackageManager: Unknown permission com.android.email.permission.ACCESS_PROVIDER in package com.android.bluetooth
12-12 22:29:06.279   970  1043 W PackageManager: Unknown permission com.android.email.permission.READ_ATTACHMENT in package com.android.bluetooth
12-12 22:29:06.279   970  1043 W PackageManager: Not granting permission android.permission.BROADCAST_PACKAGE_REMOVED to package com.lge.ime (protectionLevel=2 flags=0xc8be45)
12-12 22:29:06.279   970  1043 W PackageManager: Unknown permission android.permission.READ_OWNER_DATA in package com.lge.ime
12-12 22:29:06.279   970  1043 W PackageManager: Unknown permission android.permission.WRITE_OWNER_DATA in package com.lge.ime
12-12 22:29:06.279   970  1043 W PackageManager: Not granting permission com.google.android.gm.permission.READ_GMAIL to package com.android.calendar (protectionLevel=2 flags=0x40c9be45)
12-12 22:29:06.279   970  1043 W PackageManager: Unknown permission com.android.email.permission.READ_ATTACHMENT in package com.android.calendar
12-12 22:29:06.279   970  1043 W PackageManager: Unknown permission com.lge.email.permission.READ_EMAIL in package com.android.calendar
12-12 22:29:06.279   970  1043 W PackageManager: Unknown permission com.lge.cloudhub.provider.permission.read in package com.lge.filemanager
12-12 22:29:06.279   970  1043 W PackageManager: Unknown permission com.lge.cloudhub.provider.permission.write in package com.lge.filemanager
12-12 22:29:06.279   970  1043 W PackageManager: Not granting permission android.permission.MANAGE_ACTIVITY_STACKS to package com.android.browser (protectionLevel=2 flags=0x40c8be45)
12-12 22:29:06.279   970  1043 W PackageManager: Not granting permission android.permission.SEND_DOWNLOAD_COMPLETED_INTENTS to package com.android.browser (protectionLevel=2 flags=0x40c8be45)
12-12 22:29:06.279   970  1043 W PackageManager: Not granting permission android.permission.WRITE_SECURE_SETTINGS to package com.lge.gnss.airtest (protectionLevel=50 flags=0x88be45)
12-12 22:29:06.279   970  1043 W PackageManager: Unknown permission android.permission.LGT_CONTENTS in package com.lge.videoplayer
12-12 22:29:06.279   970  1043 W PackageManager: Unknown permission com.lge.vt.permission.VT_CALL_STATE_CHANGED in package com.lge.videoplayer
12-12 22:29:06.279   970  1043 W PackageManager: Unknown permission com.lge.cloudhub.provider.permission.read in package com.lge.videoplayer
12-12 22:29:06.279   970  1043 W PackageManager: Unknown permission com.lge.cloudhub.provider.permission.write in package com.lge.videoplayer
12-12 22:29:06.279   970  1043 W PackageManager: Unknown permission com.lge.systemui.permission.USE_NOTIFICATION_FLAGS in package com.lge.videoplayer
12-12 22:29:06.279   970  1043 W PackageManager: Unknown permission android.permission.LGT_CONTENTS in package com.android.providers.media
12-12 22:29:06.279   970  1043 W PackageManager: Not granting permission android.permission.BROADCAST_PACKAGE_REMOVED to package com.google.android.marvin.talkback (protectionLevel=2 flags=0xc9be45)
12-12 22:29:06.279   970  1043 W PackageManager: Unknown permission android.permission.OBSERVE_GRANT_REVOKE_PERMISSIONS in package com.google.android.gms
12-12 22:29:06.279   970  1043 W PackageManager: Unknown permission android.permission.MANAGE_SOUND_TRIGGER in package com.google.android.gms
12-12 22:29:06.279   970  1043 W PackageManager: Unknown permission android.permission.RECOVERY in package com.google.android.gms
12-12 22:29:06.279   970  1043 W PackageManager: Not granting permission android.permission.READ_DREAM_STATE to package com.google.android.gms (protectionLevel=2 flags=0xc83ec5)
12-12 22:29:06.279   970  1043 W PackageManager: Unknown permission android.permission.PROVIDE_TRUST_AGENT in package com.google.android.gms
12-12 22:29:06.279   970  1043 W PackageManager: Unknown permission android.permission.DISPATCH_PROVISIONING_MESSAGE in package com.google.android.gms
12-12 22:29:06.289   970  1043 W PackageManager: Unknown permission com.google.android.apps.enterprise.dmagent.permission.AutoSyncPermission in package com.google.android.gms
12-12 22:29:06.289   970  1043 W PackageManager: Not granting permission android.permission.READ_PRIVILEGED_PHONE_STATE to package com.google.android.gms (protectionLevel=18 flags=0xc83ec5)
12-12 22:29:06.289   970  1043 W PackageManager: Unknown permission android.permission.CONNECTIVITY_USE_RESTRICTED_NETWORKS in package com.google.android.gms
12-12 22:29:06.289   970  1043 W PackageManager: Unknown permission android.permission.USE_FINGERPRINT in package com.google.android.gms
12-12 22:29:06.289   970  1043 W PackageManager: Unknown permission android.permission.SEND_SMS_NO_CONFIRMATION in package com.google.android.gms
12-12 22:29:06.289   970  1043 W PackageManager: Not granting permission android.permission.PACKAGE_USAGE_STATS to package com.google.android.gms (protectionLevel=18 flags=0xc83ec5)
12-12 22:29:06.289   970  1043 W PackageManager: Not granting permission android.permission.BIND_NOTIFICATION_LISTENER_SERVICE to package com.google.android.gms (protectionLevel=2 flags=0xc83ec5)
12-12 22:29:06.289   970  1043 W PackageManager: Unknown permission com.google.android.finsky.permission.INSTANT_APP_STATE in package com.google.android.gms
12-12 22:29:06.289   970  1043 W PackageManager: Unknown permission com.google.android.googlequicksearchbox.permission.PAUSE_HOTWORD in package com.google.android.gms
12-12 22:29:06.289   970  1043 W PackageManager: Unknown permission android.permission.MANAGE_VOICE_KEYPHRASES in package com.google.android.gms
12-12 22:29:06.289   970  1043 W PackageManager: Unknown permission android.permission.TETHER_PRIVILEGED in package com.google.android.gms
12-12 22:29:06.289   970  1043 W PackageManager: Unknown permission android.permission.REAL_GET_TASKS in package com.google.android.gms
12-12 22:29:06.289   970  1043 W PackageManager: Unknown permission android.permission.READ_OEM_UNLOCK_STATE in package com.google.android.gms
12-12 22:29:06.289   970  1043 W PackageManager: Unknown permission android.permission.SCORE_NETWORKS in package com.google.android.gms
12-12 22:29:06.289   970  1043 W PackageManager: Unknown permission android.permission.OVERRIDE_WIFI_CONFIG in package com.google.android.gms
12-12 22:29:06.289   970  1043 W PackageManager: Unknown permission android.permission.CONTROL_INCALL_EXPERIENCE in package com.google.android.gms
12-12 22:29:06.289   970  1043 W PackageManager: Unknown permission android.permission.USER_ACTIVITY in package com.google.android.gms
12-12 22:29:06.289   970  1043 W PackageManager: Unknown permission android.permission.MODIFY_AUDIO_ROUTING in package com.google.android.gms
12-12 22:29:06.289   970  1043 W PackageManager: Unknown permission com.google.android.finsky.permission.GEARHEAD_SERVICE in package com.google.android.gms
12-12 22:29:06.289   970  1043 W PackageManager: Unknown permission com.google.android.permission.ACCESSIBILITY_SCAN_SERVICE in package com.google.android.gms
12-12 22:29:06.289   970  1043 W PackageManager: Unknown permission android.permission.START_TASKS_FROM_RECENTS in package com.google.android.gms
12-12 22:29:06.289   970  1043 W PackageManager: Not granting permission android.permission.MANAGE_ACTIVITY_STACKS to package com.google.android.gms (protectionLevel=2 flags=0xc83ec5)
12-12 22:29:06.289   970  1043 W PackageManager: Unknown permission android.permission.ACTIVITY_EMBEDDING in package com.google.android.gms
12-12 22:29:06.289   970  1043 W PackageManager: Unknown permission android.permission.PROVIDE_RESOLVER_RANKER_SERVICE in package com.google.android.gms
12-12 22:29:06.289   970  1043 W PackageManager: Unknown permission com.google.android.wearable.READ_SETTINGS in package com.google.android.gms
12-12 22:29:06.289   970  1043 W PackageManager: Unknown permission android.permission.INTENT_FILTER_VERIFICATION_AGENT in package com.google.android.gms
12-12 22:29:06.289   970  1043 W PackageManager: Unknown permission android.permission.LOCAL_MAC_ADDRESS in package com.google.android.gms
12-12 22:29:06.289   970  1043 W PackageManager: Unknown permission android.permission.CHANGE_DEVICE_IDLE_TEMP_WHITELIST in package com.google.android.gms
12-12 22:29:06.289   970  1043 W PackageManager: Unknown permission android.permission.READ_WIFI_CREDENTIAL in package com.google.android.gms
12-12 22:29:06.289   970  1043 W PackageManager: Unknown permission android.permission.SUBSTITUTE_NOTIFICATION_APP_NAME in package com.google.android.gms
12-12 22:29:06.289   970  1043 W PackageManager: Unknown permission android.permission.MANAGE_SUBSCRIPTION_PLANS in package com.google.android.gms
12-12 22:29:06.289   970  1043 W PackageManager: Unknown permission android.permission.NOTIFY_PENDING_SYSTEM_UPDATE in package com.google.android.gms
12-12 22:29:06.289   970  1043 W PackageManager: Unknown permission android.permission.BODY_SENSORS in package com.google.android.gms
12-12 22:29:06.289   970  1043 W PackageManager: Unknown permission com.google.android.launcher.permission.RECEIVE_LAUNCH_BROADCASTS in package com.google.android.gms
12-12 22:29:06.289   970  1043 W PackageManager: Unknown permission com.google.android.vending.verifier.ACCESS_VERIFIER in package com.google.android.gms
12-12 22:29:06.289   970  1043 W PackageManager: Unknown permission com.android.voicemail.permission.READ_VOICEMAIL in package com.google.android.gms
12-12 22:29:06.299   970  1043 W PackageManager: Unknown permission android.permission.READ_OWNER_DATA in package com.google.android.setupwizard
12-12 22:29:06.299   970  1043 W PackageManager: Unknown permission android.permission.WRITE_OWNER_DATA in package com.google.android.setupwizard
12-12 22:29:06.299   970  1043 W PackageManager: Unknown permission com.lge.apprecovery.permission.SAFE_MODE_BACKUP in package com.android.settings
12-12 22:29:06.299   970  1043 W PackageManager: Unknown permission com.lge.ims.permission.READ_IMS in package com.android.settings
12-12 22:29:06.299   970  1043 W PackageManager: Unknown permission com.lge.ims.permission.WRITE_IMS in package com.android.settings
12-12 22:29:06.299   970  1043 W PackageManager: Unknown permission com.lge.ims.rcsservice.permission.READY_FOR_RCS_ACTIVATE in package com.android.settings
12-12 22:29:06.299   970  1043 W PackageManager: Unknown permission com.lge.ims.rcsservice.permission.REQUEST_RCS_ACTIVATE in package com.android.settings
12-12 22:29:06.299   970  1043 W PackageManager: Unknown permission com.lge.launcher.permission.READ_SETTINGS in package com.lge.clock
12-12 22:29:06.299   970  1043 W PackageManager: Not granting permission android.permission.MOUNT_UNMOUNT_FILESYSTEMS to package com.lge.wireless_storage (protectionLevel=18 flags=0xc8be45)
12-12 22:29:06.299   970  1043 W PackageManager: Not granting permission android.permission.INTERACT_ACROSS_USERS_FULL to package com.lge.wireless_storage (protectionLevel=2 flags=0xc8be45)
12-12 22:29:06.299   970  1043 W PackageManager: Not granting permission android.permission.MANAGE_USERS to package com.lge.wireless_storage (protectionLevel=18 flags=0xc8be45)
12-12 22:29:06.299   970  1043 W PackageManager: Unknown permission com.lge.permission.ACCESS_NFCFELICA in package com.lge.systemservice
12-12 22:29:06.299   970  1043 W PackageManager: Unknown permission com.lge.systemui.permission.USE_NOTIFICATION_FLAGS in package com.lge.systemservice
12-12 22:29:06.299   970  1043 W PackageManager: Unknown permission com.google.android.voicesearch.SHORTCUTS_ACCESS in package com.google.android.googlequicksearchbox
12-12 22:29:06.299   970  1043 W PackageManager: Unknown permission com.google.android.voicesearch.ACCESS_SETTINGS in package com.google.android.googlequicksearchbox
12-12 22:29:06.299   970  1043 W PackageManager: Unknown permission com.google.android.ears.permission.WRITE in package com.google.android.googlequicksearchbox
12-12 22:29:06.299   970  1043 W PackageManager: Unknown permission com.google.googlenav.friend.permission.OPT_IN in package com.google.android.googlequicksearchbox
12-12 22:29:06.299   970  1043 W PackageManager: Unknown permission com.google.android.apps.googlevoice.permission.AUTO_SEND in package com.google.android.googlequicksearchbox
12-12 22:29:06.299   970  1043 W PackageManager: Not granting permission android.permission.WRITE_SECURE_SETTINGS to package com.lge.p2p (protectionLevel=50 flags=0xc8be45)
12-12 22:29:06.299   970  1043 W PackageManager: Not granting permission android.permission.INTERACT_ACROSS_USERS to package com.lge.p2p (protectionLevel=50 flags=0xc8be45)
12-12 22:29:06.299   970  1043 W PackageManager: Not granting permission android.permission.RECEIVE_EMERGENCY_BROADCAST to package com.lge.p2p (protectionLevel=18 flags=0xc8be45)
12-12 22:29:06.299   970  1043 W PackageManager: Not granting permission android.permission.MODIFY_PHONE_STATE to package com.lge.p2p (protectionLevel=18 flags=0xc8be45)
12-12 22:29:06.299   970  1043 W PackageManager: Unknown permission com.lge.cloudhub.provider.permission.read in package com.android.gallery3d
12-12 22:29:06.299   970  1043 W PackageManager: Unknown permission com.lge.cloudhub.provider.permission.write in package com.android.gallery3d
12-12 22:29:06.309   970  1043 W PackageManager: Unknown permission com.samsung.android.providers.context.permission.WRITE_USE_APP_FEATURE_SURVEY in package com.google.android.music
12-12 22:29:06.309   970  1043 W PackageManager: Unknown permission android.permission.LGT_CONTENTS in package com.android.packageinstaller
12-12 22:29:06.309   970  1043 W PackageManager: Unknown permission com.lge.cloudservice.permission.CLOUD_SYNC in package com.lge.music
12-12 22:29:06.309   970  1043 W PackageManager: Unknown permission com.lge.cloudservice.permission.FILE_UPLOAD in package com.lge.music
12-12 22:29:06.309   970  1043 W PackageManager: Unknown permission com.lge.cloudservice.permission.FILE_DOWNLOAD in package com.lge.music
12-12 22:29:06.309   970  1043 W PackageManager: Unknown permission com.lge.cloudservice.permission.CONTENT_REQUEST in package com.lge.music
12-12 22:29:06.309   970  1043 W PackageManager: Not granting permission android.permission.ACCESS_ALL_DOWNLOADS to package com.lge.music (protectionLevel=2 flags=0x40d8be65)
12-12 22:29:06.309   970  1043 W PackageManager: Unknown permission com.lge.systemui.permission.USE_NOTIFICATION_FLAGS in package com.lge.music
12-12 22:29:06.309   970  1043 W PackageManager: Not granting permission android.permission.INTERACT_ACROSS_USERS_FULL to package com.lge.music (protectionLevel=2 flags=0x40d8be65)
12-12 22:29:06.309   970  1043 W PackageManager: Unknown permission com.lge.cloudhub.provider.permission.read in package com.lge.music
12-12 22:29:06.309   970  1043 W PackageManager: Unknown permission com.lge.cloudhub.provider.permission.write in package com.lge.music
12-12 22:29:06.309   970  1043 W PackageManager: Unknown permission com.google.android.gms.permission.CAR_SPEED in package com.google.android.apps.maps
12-12 22:29:06.309   970  1043 W PackageManager: Unknown permission android.permission.WRITE_SYNC_STATS in package com.google.android.apps.docs
12-12 22:29:06.309   970  1043 W PackageManager: Not granting permission android.permission.SET_ORIENTATION to package com.amazon.aatp.aatpdevicemanager (protectionLevel=2 flags=0x80be44)
12-12 22:29:06.309   970  1043 W PackageManager: Not granting permission android.permission.ACCESS_ALL_EXTERNAL_STORAGE to package com.amazon.aatp.aatpdevicemanager (protectionLevel=2 flags=0x80be44)
12-12 22:29:06.309   970  1043 W PackageManager: Unknown permission com.android.launcher.permission.PRELOAD_WORKSPACE in package com.google.android.partnersetup
12-12 22:29:06.309   970  1043 W PackageManager: Unknown permission android.permission.READ_SETTINGS in package com.lge.hiddenmenu
12-12 22:29:06.309   970  1043 W PackageManager: Unknown permission android.permission.READ_ERS in package com.lge.hiddenmenu
12-12 22:29:06.309   970  1043 W PackageManager: Unknown permission android.permission.WRITE_ERS in package com.lge.hiddenmenu
12-12 22:29:06.319   970  1043 W PackageManager: Unknown permission com.lge.permission.LGSystemDB_READ in package com.lge.hiddenmenu
12-12 22:29:06.319   970  1043 W PackageManager: Unknown permission com.lge.permission.LGSystemDB_WRITE in package com.lge.hiddenmenu
12-12 22:29:06.319   970  1043 W PackageManager: Unknown permission com.android.providers.syncml.permission.READ_SYNCML_PROFILE in package com.lge.hiddenmenu
12-12 22:29:06.319   970  1043 W PackageManager: Unknown permission com.android.providers.syncml.permission.WRITE_SYNCML_PROFILE in package com.lge.hiddenmenu
12-12 22:29:06.319   970  1043 W PackageManager: Unknown permission com.lge.aab.READ_AAB_STATE in package com.lge.sync
12-12 22:29:06.319   970  1043 W PackageManager: Unknown permission com.lge.aab.WRITE_AAB_STATE in package com.lge.sync
12-12 22:29:06.319   970  1043 W PackageManager: Unknown permission android.permission.READ_APN_SETTINGS in package com.lge.android.atservice
12-12 22:29:06.319   970  1043 W PackageManager: Unknown permission com.android.email.permission.ACCESS_PROVIDER in package com.lge.android.atservice
12-12 22:29:06.319   970  1043 W PackageManager: Unknown permission com.android.providers.syncml.permission.READ_SYNCML_PROFILE in package com.lge.wapservice
12-12 22:29:06.319   970  1043 W PackageManager: Unknown permission com.android.providers.syncml.permission.WRITE_SYNCML_PROFILE in package com.lge.wapservice
12-12 22:29:06.319   970  1043 W PackageManager: Unknown permission android.permission.READ_SETTINGS in package com.lge.wapservice
12-12 22:29:06.319   970  1043 W PackageManager: Unknown permission com.lge.sns.READ_SN_MANAGER in package com.lge.email
12-12 22:29:06.319   970  1043 W PackageManager: Unknown permission com.lge.sns.WRITE_SN_MANAGER in package com.lge.email
12-12 22:29:06.319   970  1043 W PackageManager: Unknown permission android.permission.VIDEO_CALL_PRIVILEGED in package com.lge.email
12-12 22:29:06.319   970  1043 W PackageManager: Unknown permission com.google.android.gm.perm in package com.lge.email
12-12 22:29:06.319   970  1043 W PackageManager: Not granting permission com.google.android.gm.permission.READ_GMAIL to package com.lge.email (protectionLevel=2 flags=0x40c8bc45)
12-12 22:29:06.319   970  1043 W PackageManager: Unknown permission com.lge.ACCESS_SNC_ACCOUNT in package com.lge.email
12-12 22:29:06.319   970  1043 W PackageManager: Not granting permission com.google.android.gm.permission.WRITE_GMAIL to package com.lge.email (protectionLevel=2 flags=0x40c8bc45)
12-12 22:29:06.319   970  1043 W PackageManager: Unknown permission com.lge.snc.permission.ACCESS_PROVIDER in package com.lge.email
12-12 22:29:06.319   970  1043 W PackageManager: Not granting permission android.permission.INTERACT_ACROSS_USERS_FULL to package com.lge.email (protectionLevel=2 flags=0x40c8bc45)
12-12 22:29:06.329   970  1043 W PackageManager: Unknown permission com.lge.systemui.permission.USE_NOTIFICATION_FLAGS in package com.lge.voicerecorder
12-12 22:29:06.329   970  1043 W PackageManager: Unknown permission com.android.email.permission.READ_ATTACHMENT in package com.lge.task
12-12 22:29:06.329   970  1043 W PackageManager: Unknown permission com.qualcomm.permission.ACCESS_LOCATION_API in package com.qualcomm.location
12-12 22:29:06.329   970  1043 W PackageManager: Unknown permission com.google.googlenav.friend.permission.OPT_IN in package com.google.android.apps.plus
12-12 22:29:06.329   970  1043 W PackageManager: Not granting permission android.permission.SEND_DOWNLOAD_COMPLETED_INTENTS to package com.android.vending (protectionLevel=2 flags=0x408abe45)
12-12 22:29:06.329   970  1043 W PackageManager: Unknown permission android.permission.SEND_SMS_NO_CONFIRMATION in package com.android.vending
12-12 22:29:06.329   970  1043 W PackageManager: Unknown permission com.lge.ims.permission.READ_IMS in package com.android.systemui
12-12 22:29:06.329   970  1043 W PackageManager: Unknown permission com.lge.systemui.permission.USE_NOTIFICATION_FLAGS in package com.android.systemui
12-12 22:29:06.329   970  1043 W PackageManager: Unknown permission android.permission.WRITE_OWNER_DATA in package com.infraware.polarisoffice5tablet
12-12 22:29:06.329   970  1043 W PackageManager: Unknown permission android.permission.READ_OWNER_DATA in package com.infraware.polarisoffice5tablet
12-12 22:29:06.339   970  1043 W PackageManager: Unknown permission com.sec.android.cloudagent.permission.ACCESS in package com.infraware.polarisoffice5tablet
12-12 22:29:06.339   970  1043 W PackageManager: Unknown permission com.lge.cloudhub.permission.READ_TOKEN in package com.infraware.polarisoffice5tablet
12-12 22:29:06.339   970  1043 W PackageManager: Unknown permission com.lge.cloudhub.provider.permission.read in package com.infraware.polarisoffice5tablet
12-12 22:29:06.339   970  1043 W PackageManager: Unknown permission com.lge.cloudhub.provider.permission.write in package com.infraware.polarisoffice5tablet
12-12 22:29:06.339   970  1043 W PackageManager: Unknown permission com.lge.systemui.permission.USE_NOTIFICATION_FLAGS in package com.lge.smartsharebeam
12-12 22:29:06.339   970  1043 W PackageManager: Not granting permission android.permission.MANAGE_DOCUMENTS to package com.google.android.youtube (protectionLevel=18 flags=0xdbbec5)
12-12 22:29:06.339   970  1043 W PackageManager: Unknown permission com.lge.aab.READ_AAB_STATE in package com.lge.bnr
12-12 22:29:06.339   970  1043 W PackageManager: Unknown permission com.lge.aab.WRITE_AAB_STATE in package com.lge.bnr
12-12 22:29:06.339   970  1043 W PackageManager: Not granting permission android.permission.READ_DREAM_STATE to package com.google.android.gsf (protectionLevel=2 flags=0x40883e45)
12-12 22:29:06.339   970  1043 W PackageManager: Unknown permission android.permission.ACCESS_LOCATION in package com.smartcomroot
12-12 22:29:06.339   970  1043 W PackageManager: Unknown permission android.permission.ACCESS_GPS in package com.smartcomroot
12-12 22:29:06.339   970  1043 W PackageManager: Unknown permission com.lge.ims.permission.READ_IMS in package com.android.keyguard
12-12 22:29:06.339   970  1043 W PackageManager: Unknown permission com.lge.ims.permission.WRITE_IMS in package com.android.keyguard
12-12 22:29:06.339   970  1043 W PackageManager: Unknown permission com.chrome.permission.DEVICE_EXTRAS in package com.android.chrome
12-12 22:29:06.339   970  1043 W PackageManager: Unknown permission com.sec.enterprise.knox.MDM_CONTENT_PROVIDER in package com.android.chrome
12-12 22:29:06.449   320   320 D keystore: calling clear_uid in state: 3
12-12 22:29:06.449  1226  3934 V SplitWindowPolicyService: requestUpdateStackInfo
12-12 22:29:06.449   970  1043 I ActivityManager: Force stopping com.example.snoopy appid=15808 user=0: pkg removed
12-12 22:29:06.449   970  1043 D ActivityManager: resumeTopActivityLocked: Top activity resumed ActivityRecord{4241fe00 u0 com.lge.launcher2/.Launcher t1}
12-12 22:29:06.519  1776  1776 D dalvikvm: GC_EXPLICIT freed 2060K, 60% free 4729K/11632K, paused 2ms+3ms, total 61ms
12-12 22:29:06.519  1559  1559 D dalvikvm: GC_EXPLICIT freed 9015K, 56% free 9370K/21164K, paused 1ms+3ms, total 72ms
12-12 22:29:06.549 12513 12513 D dalvikvm: GC_EXPLICIT freed 1786K, 26% free 8655K/11636K, paused 9ms+9ms, total 92ms
12-12 22:29:06.559   970 14603 D qcom_sensors_hal: hal_time_data_cb: msg_type 2
12-12 22:29:06.559   970 14603 D qcom_sensors_hal: hal_time_data_cb: Sn 24, msg Id 3, txn Id 0
12-12 22:29:06.559   970 14603 D qcom_sensors_hal: hal_ts_offset_is: Apps: 1513135746567906271; DSPS: 363223494; Offset: 1513124661866551291
12-12 22:29:06.559   303   381 I Vold    : [LGE][VOLD][NetlinkHandler.cpp][onEvent()] subsys:cpu, action:0
12-12 22:29:06.569  1210  1210 D KeyguardModel: mPackageIntentReceiver, received action: android.intent.action.PACKAGE_REMOVED, sendingUserId:0
12-12 22:29:06.569  1226  1226 V SplitWindowPolicyService: onReceive
12-12 22:29:06.569  1559  1559 I [LGHome]EVENT: [LauncherModel.java:1146:onReceive()]onReceive intent=Intent { act=android.intent.action.PACKAGE_REMOVED dat=package:com.example.snoopy flg=0x4000010 (has extras) }
12-12 22:29:06.569  1210  1210 I [SystemUI]AppWidgetPanel(QRemoteWidgetPanel): onReceive = android.intent.action.PACKAGE_REMOVED, packageName : com.example.snoopy
12-12 22:29:06.569  1226  1226 I SplitWindowPolicyService: android.intent.action.PACKAGE_REMOVED
12-12 22:29:06.569  2844  2844 W System.err: android.content.pm.PackageManager$NameNotFoundException: com.example.snoopy
12-12 22:29:06.569  1226  1226 V SplitWindowPolicyService: packageName = co....
12-12 22:29:06.569  1559  1559 I [LGHome]LGPlusHomeDBManager: [LGPlusHomeDBManager.java:308:onReceive()]onReceive intent=Intent { act=android.intent.action.PACKAGE_REMOVED dat=package:com.example.snoopy flg=0x4000010 (has extras) }
12-12 22:29:06.569   303   381 I Vold    : [LGE][VOLD][NetlinkHandler.cpp][onEvent()] subsys:cpu, action:0
12-12 22:29:06.579 12328 12328 I GeofencerStateMachine: removeGeofences: removeRequest=RemoveGeofencingRequest[REMOVE_ALL packageName=com.example.snoopy]
12-12 22:29:06.579  1226  1343 V SplitWindowPolicyService: handlePackageRemoved - com.example.snoopy
12-12 22:29:06.579  1559  1559 I [LGHome]LGPlusHomeDBManager: [LGPlusHomeDBManager.java:374:packageUpdate()]PackageUpdatedTask: 3
12-12 22:29:06.579   970  1558 D [SystemUI]SystemUIProvider: [SystemUIProvider.java:53:call()]method=SET_USER, extras=Bundle[mParcelledData.dataSize=76]
12-12 22:29:06.579   970  1558 D [SystemUI]SystemUIProvider: [SystemUIProvider.java:227:getOrEstablishDatabase()]userHandle=0
12-12 22:29:06.589   970  1917 D [SystemUI]SystemUIProvider: [SystemUIProvider.java:53:call()]method=QUICKSETTING_SAVE, extras=Bundle[mParcelledData.dataSize=1808]
12-12 22:29:06.589   970  1154 I InputReader: Reconfiguring input devices.  changes=0x00000010
12-12 22:29:06.589  1210  1225 D KeyguardModel: package = com.android.contacts, class = com.android.contacts.activities.PeopleActivity
12-12 22:29:06.589  1210  1225 D KeyguardModel: createShortcutInfo...
12-12 22:29:06.589 14820 14832 D Documents: Used cached roots for com.android.externalstorage.documents
12-12 22:29:06.589 14820 14832 D Documents: Used cached roots for com.android.providers.downloads.documents
12-12 22:29:06.589 14820 14832 D Documents: Used cached roots for com.android.providers.media.documents
12-12 22:29:06.589 14820 14832 D Documents: Loading roots for com.google.android.apps.docs.storage
12-12 22:29:06.589  2844  2844 W System.err: 	at android.app.ApplicationPackageManager.getPackageInfo(ApplicationPackageManager.java:82)
12-12 22:29:06.589  2844  2844 W System.err: 	at com.lge.mlt.MptOnAppWatcher$1.onReceive(MptOnAppWatcher.java:44)
12-12 22:29:06.589  2844  2844 W System.err: 	at android.app.LoadedApk$ReceiverDispatcher$Args.run(LoadedApk.java:782)
12-12 22:29:06.589  2844  2844 W System.err: 	at android.os.Handler.handleCallback(Handler.java:733)
12-12 22:29:06.589  2844  2844 W System.err: 	at android.os.Handler.dispatchMessage(Handler.java:95)
12-12 22:29:06.589  2844  2844 W System.err: 	at android.os.Looper.loop(Looper.java:136)
12-12 22:29:06.589  2844  2844 W System.err: 	at android.app.ActivityThread.main(ActivityThread.java:5118)
12-12 22:29:06.589  2844  2844 W System.err: 	at java.lang.reflect.Method.invokeNative(Native Method)
12-12 22:29:06.599  2844  2844 W System.err: 	at java.lang.reflect.Method.invoke(Method.java:515)
12-12 22:29:06.599  2844  2844 W System.err: 	at com.android.internal.os.ZygoteInit$MethodAndArgsCaller.run(ZygoteInit.java:790)
12-12 22:29:06.599  2844  2844 W System.err: 	at com.android.internal.os.ZygoteInit.main(ZygoteInit.java:606)
12-12 22:29:06.599  2844  2844 W System.err: 	at dalvik.system.NativeStart.main(Native Method)
12-12 22:29:06.599   970   970 D administrator: Handling package changes for user 0
12-12 22:29:06.599  1210  1225 D KeyguardModel: package = com.lge.email, class = com.lge.email.ui.setupwizard.Welcome
12-12 22:29:06.599  1210  1225 D KeyguardModel: createShortcutInfo...
12-12 22:29:06.599  1210  1225 D KeyguardModel: package = com.android.browser, class = com.android.browser.BrowserActivity
12-12 22:29:06.599  1210  1225 D KeyguardModel: createShortcutInfo...
12-12 22:29:06.609  1210  1225 D KeyguardModel: package = com.lge.qmemoplus, class = com.lge.qmemoplus.ui.main.MainActivity
12-12 22:29:06.609  1210  1225 D KeyguardModel: createShortcutInfo...
12-12 22:29:06.609  1210  1225 D KeyguardModel: package = com.android.gallery3d, class = com.android.gallery3d.app.Gallery
12-12 22:29:06.609  1210  1225 D KeyguardModel: createShortcutInfo...
12-12 22:29:06.609  1344  1390 I LatinIME:LogUtils: Dictionary info: dictionary = main:en_us ; version = 45 ; date = 1400750631
12-12 22:29:06.609  1210  1225 D KeyguardModel: package = com.lge.camera, class = com.lge.camera.CameraApp
12-12 22:29:06.609  1344  1390 I LatinIME:LogUtils: Dictionary info: dictionary = main:en_us ; version = 45 ; date = 1400750631
12-12 22:29:06.609  1210  1225 D KeyguardModel: createShortcutInfo...
12-12 22:29:06.629  4604  4604 W ContextImpl: Implicit intents with startService are not safe: Intent { act=com.wildtangent.intent.action.ACTION_UNINSTALL (has extras) } android.content.ContextWrapper.startService:494 com.wildtangent.android.costperinstall.CostPerInstallReceiver.onReceive:46 android.app.ActivityThread.handleReceiver:2429 
12-12 22:29:06.639 14355 14355 D [BNRAppListMgrReceiver]: android.intent.action.PACKAGE_REMOVED : com.example.snoopy
12-12 22:29:06.649  1429  1429 D SplitUIManager: split_name #10 / not available #0
12-12 22:29:06.649   970  1918 D [SystemUI]SystemUIProvider: [SystemUIProvider.java:53:call()]method=SET_USER, extras=Bundle[mParcelledData.dataSize=72]
12-12 22:29:06.649   970  1918 D [SystemUI]SystemUIProvider: [SystemUIProvider.java:227:getOrEstablishDatabase()]userHandle=0
12-12 22:29:06.649  1429  1429 D SplitUIService: removed split : 
12-12 22:29:06.649 14820 14832 D Documents: Update found 7 roots in 67ms
12-12 22:29:06.649   970  1554 D [SystemUI]SystemUIProvider: [SystemUIProvider.java:53:call()]method=DATA_GET, extras=Bundle[mParcelledData.dataSize=60]
12-12 22:29:06.659   970  1554 D [SystemUI]SystemUIProvider: [SystemUIProvider.java:126:call()]retValue = Bundle[{_return=null}]
12-12 22:29:06.669  8362  8362 I PackageChangeReceiver: intent action : android.intent.action.PACKAGE_REMOVED (at PackageChangeReceiver.java onReceive 20)
12-12 22:29:06.669  1391 15263 D VoicemailCleanupService: Cleaning up data for package: com.example.snoopy
12-12 22:29:06.669   970  1202 D [SystemUI]SystemUIProvider: [SystemUIProvider.java:53:call()]method=SET_USER, extras=Bundle[mParcelledData.dataSize=72]
12-12 22:29:06.669   970  1202 D [SystemUI]SystemUIProvider: [SystemUIProvider.java:227:getOrEstablishDatabase()]userHandle=0
12-12 22:29:06.669   970  1554 D [SystemUI]SystemUIProvider: [SystemUIProvider.java:53:call()]method=DATA_GET, extras=Bundle[mParcelledData.dataSize=60]
12-12 22:29:06.669   970  1554 D [SystemUI]SystemUIProvider: [SystemUIProvider.java:126:call()]retValue = Bundle[{_return=null}]
12-12 22:29:06.679   970  1572 D [SystemUI]SystemUIProvider: [SystemUIProvider.java:53:call()]method=SET_USER, extras=Bundle[mParcelledData.dataSize=72]
12-12 22:29:06.679   970  1572 D [SystemUI]SystemUIProvider: [SystemUIProvider.java:227:getOrEstablishDatabase()]userHandle=0
12-12 22:29:06.679   970  1201 D [SystemUI]SystemUIProvider: [SystemUIProvider.java:53:call()]method=DATA_GET, extras=Bundle[mParcelledData.dataSize=60]
12-12 22:29:06.679   970  1201 D [SystemUI]SystemUIProvider: [SystemUIProvider.java:480:get()]1
12-12 22:29:06.679   970  1201 D [SystemUI]SystemUIProvider: [SystemUIProvider.java:126:call()]retValue = Bundle[{_return=1}]
12-12 22:29:06.689  1210  1210 I [SystemUI]QSlideListController: onReceive = android.intent.action.PACKAGE_REMOVED
12-12 22:29:06.689  1210  1210 I [SystemUI]GlobalAccessView: onReceive = android.intent.action.PACKAGE_REMOVED
12-12 22:29:06.689  1429  1429 D SplitUIManager: split_name #10 / not available #0
12-12 22:29:06.689  1429  1429 I SplitUIService: split app #10
12-12 22:29:06.699 15000 15000 D PackageIntentReceiver: Not supported Hotkey customization function 
12-12 22:29:06.699 15000 15000 D HideNavigationAppsReceiver: Receive package name : com.example.snoopy, replacing=false, action=android.intent.action.PACKAGE_REMOVED
12-12 22:29:06.699 15000 15000 D HideNavigationAppsReceiver: replacing : false
12-12 22:29:06.699 15000 15000 D HideNavigationAppsReceiver: Delete mPackageMame : com.example.snoopy
12-12 22:29:06.699 15000 15000 D ButtonCombinationReceiver: Receive package name : com.example.snoopy
12-12 22:29:06.699 15000 15000 D ButtonCombinationReceiver: replacing : false
12-12 22:29:06.709  1210  1210 D KeyguardModel: mPackageIntentReceiver, received action: android.intent.action.PACKAGE_FULLY_REMOVED, sendingUserId:0
12-12 22:29:06.709  1210  1210 D KeyguardModel: handleShortcutListChanged...
12-12 22:29:06.719  1210  1225 D KeyguardModel: package = com.android.contacts, class = com.android.contacts.activities.PeopleActivity
12-12 22:29:06.719  1210  1225 D KeyguardModel: createShortcutInfo...
12-12 22:29:06.719  1210  1225 D KeyguardModel: package = com.lge.email, class = com.lge.email.ui.setupwizard.Welcome
12-12 22:29:06.719  1210  1225 D KeyguardModel: createShortcutInfo...
12-12 22:29:06.719  1210  1225 D KeyguardModel: package = com.android.browser, class = com.android.browser.BrowserActivity
12-12 22:29:06.719  1210  1225 D KeyguardModel: createShortcutInfo...
12-12 22:29:06.729  1210  1225 D KeyguardModel: package = com.lge.qmemoplus, class = com.lge.qmemoplus.ui.main.MainActivity
12-12 22:29:06.729  1210  1225 D KeyguardModel: createShortcutInfo...
12-12 22:29:06.729  1210  1225 D KeyguardModel: package = com.android.gallery3d, class = com.android.gallery3d.app.Gallery
12-12 22:29:06.729  1210  1225 D KeyguardModel: createShortcutInfo...
12-12 22:29:06.729  1210  1225 D KeyguardModel: package = com.lge.camera, class = com.lge.camera.CameraApp
12-12 22:29:06.729  1210  1225 D KeyguardModel: createShortcutInfo...
12-12 22:29:06.749  1210  1210 D KeyguardModel: handleShortcutListChanged...
12-12 22:29:06.749  1776 15264 I Icing.InternalIcingCorporaProvider: Updating corpora: A: com.example.snoopy, C: MAYBE
12-12 22:29:06.749 15016 15016 W ContextImpl: Calling a method in the system process without a qualified user: android.app.ContextImpl.startService:1607 android.content.ContextWrapper.startService:494 android.content.ContextWrapper.startService:494 com.android.keychain.KeyChainBroadcastReceiver.onReceive:12 android.app.ActivityThread.handleReceiver:2429 
12-12 22:29:06.759   970   970 I InteractionManagerConfigurator: updateIntentFilterConfig
12-12 22:29:06.759   970   970 I InteractionManagerConfigurator: com.example.snoopy isn't inclued in dragdropPackageList
12-12 22:29:06.759   970   970 D BackupManagerService: Received broadcast Intent { act=android.intent.action.PACKAGE_REMOVED dat=package:com.example.snoopy flg=0x4000010 (has extras) }
12-12 22:29:06.759   970   970 V BackupManagerService: removePackageParticipantsLocked: uid=15808 #1
12-12 22:29:06.799  1344  1412 I LatinIME:LogUtils: Dictionary info: dictionary = PersonalizationDictionary.en_US ; version = 1513135724 ; date = 1513135746
12-12 22:29:06.819 12513 12939 I Icing   : IndexChimeraService.getServiceInterface callingPackage=com.google.android.googlequicksearchbox componentName=null serviceId=21
12-12 22:29:06.819 12513 13096 I Icing   : IndexChimeraService.getServiceInterface callingPackage=com.google.android.inputmethod.latin componentName=null serviceId=21
12-12 22:29:06.829   970  1184 D ConnectivityServiceHSM: Actual State: DefaultConnectivityState, Current State: DefaultConnectivityState.processMessage what=112
12-12 22:29:06.829   970  1184 D ConnectivityServiceHSM: Actual State: DefaultConnectivityState, Current State: DefaultConnectivityState.processMessage what=112
12-12 22:29:06.829   970  1184 D MobileDataStateTracker: default: setPolicyDataEnable(enabled=true)
12-12 22:29:06.839 12328 14088 E NetworkScheduler: Unrecognised action provided: android.intent.action.PACKAGE_REMOVED
12-12 22:29:06.859 15000 15000 D PackageIntentReceiver: Not supported Hotkey customization function 
12-12 22:29:06.909  1344  1412 I LatinIME:LogUtils: Dictionary info: dictionary = PersonalizationDictionary.en_US ; version = 1513135724 ; date = 1513135746
12-12 22:29:06.919   970  1182 V WifiServiceExtension: checkPollTimer Cnt= 0 rssi =-39 threshold=-100
12-12 22:29:06.929 12513 15270 D Wear_Controller: Received broadcast action=android.intent.action.PACKAGE_REMOVED and uri=com.example.snoopy
12-12 22:29:06.929 12513 15060 I GrowthService: Package com.example.snoopy uninstalled. Removing from storage.
12-12 22:29:06.929 12513 15270 I LocationSettingsChecker: Removing dialog suppression flag for package com.example.snoopy
12-12 22:29:06.939 12513 15059 I PeopleContactsSync: triggerPendingContactsCleanup: no accounts
12-12 22:29:06.939 12513 12890 I Icing   : Usage reports ok 0, Failed Usage reports 0, indexed 0, rejected 0, imm upload false
12-12 22:29:06.959  1776 15264 I Icing.InternalIcingCorporaProvider: UpdateCorporaTask done [took 210 ms] updated apps [took 210 ms] 
12-12 22:29:06.969 12513 12890 I Icing   : Usage reports ok 0, Failed Usage reports 0, indexed 0, rejected 0, imm upload true
12-12 22:29:06.999 12513 12890 I Icing   : doRemovePackageData com.example.snoopy
12-12 22:29:06.999 12513 12939 I Icing   : IndexChimeraService.getServiceInterface callingPackage=com.google.android.gms componentName=AppsCorpus serviceId=32
12-12 22:29:06.999 12513 13096 I Icing   : IndexChimeraService.getServiceInterface callingPackage=com.google.android.gms componentName=AppsCorpus serviceId=36
12-12 22:29:07.029   970  1043 D dalvikvm: GC_EXPLICIT freed 2656K, 40% free 19710K/32808K, paused 7ms+21ms, total 411ms
12-12 22:29:07.029  1559  1559 I [LGHome]EVENT: [LauncherModel.java:1146:onReceive()]onReceive intent=Intent { act=android.search.action.SEARCHABLES_CHANGED flg=0x24000010 }
12-12 22:29:07.039 15235 15235 D AndroidRuntime: Shutting down VM
12-12 22:29:07.039 15235 15241 D dalvikvm: GC_CONCURRENT freed 97K, 15% free 592K/692K, paused 0ms+1ms, total 3ms
12-12 22:29:07.059 12513 12890 I Icing   : Usage reports ok 0, Failed Usage reports 0, indexed 0, rejected 0, imm upload false
12-12 22:29:07.059 12513 12890 I Icing   : Usage reports ok 0, Failed Usage reports 0, indexed 0, rejected 0, imm upload false
12-12 22:29:07.319   303   381 I Vold    : [LGE][VOLD][NetlinkHandler.cpp][onEvent()] subsys:cpu, action:0
12-12 22:29:07.379   303   381 I Vold    : [LGE][VOLD][NetlinkHandler.cpp][onEvent()] subsys:cpu, action:0
12-12 22:29:07.439   303   381 I Vold    : [LGE][VOLD][NetlinkHandler.cpp][onEvent()] subsys:cpu, action:0
12-12 22:29:07.589   970  1179 D WifiStateMachine: handleMessage: E msg.what=131155
12-12 22:29:07.589   970  1179 D WifiStateMachine: processMsg: ConnectedState
12-12 22:29:07.589   970  1179 D WifiStateMachine: processMsg: L2ConnectedState
12-12 22:29:07.589   970  1179 D WifiNative-wlan0: doString: SIGNAL_POLL
12-12 22:29:07.589  1200  1200 D wpa_supplicant: wlan0: Control interface command 'SIGNAL_POLL'
12-12 22:29:07.589  1200  1200 D wpa_supplicant: nl80211: survey data missing!
12-12 22:29:07.589   970  1179 D WifiStateMachine: handleMessage: X
12-12 22:29:07.639   303   381 I Vold    : [LGE][VOLD][NetlinkHandler.cpp][onEvent()] subsys:cpu, action:0
12-12 22:29:07.759   323   417 I ThermalEngine: Sensor:pa_therm1:29000 mC
12-12 22:29:07.819 15283 15283 D AndroidRuntime: 
12-12 22:29:07.819 15283 15283 D AndroidRuntime: >>>>>> AndroidRuntime START com.android.internal.os.RuntimeInit <<<<<<
12-12 22:29:07.819 15283 15283 D AndroidRuntime: CheckJNI is OFF
12-12 22:29:07.839 15283 15283 D dalvikvm: Trying to load lib libjavacore.so 0x0
12-12 22:29:07.839 15283 15283 D dalvikvm: Added shared lib libjavacore.so 0x0
12-12 22:29:07.839 15283 15283 D dalvikvm: Trying to load lib libnativehelper.so 0x0
12-12 22:29:07.839 15283 15283 D dalvikvm: Added shared lib libnativehelper.so 0x0
12-12 22:29:07.839 15283 15283 D dalvikvm: No JNI_OnLoad found in libnativehelper.so 0x0, skipping init
12-12 22:29:07.869 15283 15283 D dalvikvm: Note: class Landroid/app/ActivityManagerNative; has 184 unimplemented (abstract) methods
12-12 22:29:07.969 12513 15063 I Icing   : Indexing B49CA7E58C82B9D13550FFB0E9C4BECAAE5C64B7 from com.google.android.googlequicksearchbox
12-12 22:29:08.039 15283 15283 E memtrack: Couldn't load memtrack module (No such file or directory)
12-12 22:29:08.039 15283 15283 E android.os.Debug: failed to load memtrack module: -2
12-12 22:29:08.059 12513 15063 I Icing   : Indexing done B49CA7E58C82B9D13550FFB0E9C4BECAAE5C64B7
12-12 22:29:08.089   303   381 I Vold    : [LGE][VOLD][NetlinkHandler.cpp][onEvent()] subsys:cpu, action:0
12-12 22:29:08.099 12513 15063 I Icing   : Indexing 5169AB777E1B1BBAAE186D9AA2D56318E8B2B013 from com.google.android.gms
12-12 22:29:08.109 12513 15063 I Icing   : Indexing done 5169AB777E1B1BBAAE186D9AA2D56318E8B2B013
12-12 22:29:08.129  1344  1344 D AmanattoDataUpdater: Ignoring new fetching request. Another task already exists.
12-12 22:29:08.129 15283 15283 D AndroidRuntime: Calling main entry com.android.commands.pm.Pm
12-12 22:29:08.129 12513 13096 I Icing   : IndexChimeraService.getServiceInterface callingPackage=com.google.android.inputmethod.latin componentName=null serviceId=21
12-12 22:29:08.159 12513 15063 I Icing   : Usage reports ok 0, Failed Usage reports 0, indexed 0, rejected 0, imm upload false
12-12 22:29:08.159  1344  1412 I LatinIME:LogUtils: Dictionary info: dictionary = PersonalizationDictionary.en_US ; version = 1513135724 ; date = 1513135748
12-12 22:29:08.229 15283 15283 D AndroidRuntime: Shutting down VM
12-12 22:29:08.229 15283 15293 D dalvikvm: GC_CONCURRENT freed 386K, 40% free 603K/992K, paused 0ms+1ms, total 4ms
12-12 22:29:08.449   303   381 I Vold    : [LGE][VOLD][NetlinkHandler.cpp][onEvent()] subsys:cpu, action:0
12-12 22:29:08.759   303   381 I Vold    : [LGE][VOLD][NetlinkHandler.cpp][onEvent()] subsys:cpu, action:0
12-12 22:29:08.909   312   312 E SurfaceFlinger: display removed
12-12 22:29:08.909   312   312 W libEGL  : EGLNativeWindowType 0xb7da1ef8 disconnect failed
12-12 22:29:09.519 11629 15315 D Aatp    : /ping
12-12 22:29:09.619 11629 11633 D dalvikvm: GC_CONCURRENT freed 2230K, 70% free 3552K/11632K, paused 6ms+4ms, total 61ms
12-12 22:29:09.719 11629 15316 D Aatp    : /wifi
12-12 22:29:09.749 11629 15316 D Aatp    : sha1: 00172131afb732f11fc2371561339f533c2d9a99
12-12 22:29:09.759 11629 15316 D AatpDeviceManager: k: enabled v: False
12-12 22:29:09.759 11629 15316 D AatpDeviceManager: k: NanoHttpd.QUERY_STRING v: enabled=False
12-12 22:29:09.759  1519  1536 I com.skyfire.browser.toolbar.ProcessObserverService: On importance changed 11629,15807,100
12-12 22:29:09.769  1519  1534 I com.skyfire.browser.toolbar.ProcessObserverService: On importance changed 11629,15807,130
12-12 22:29:09.779 11629 15316 D Aatp    : /task/00172131afb732f11fc2371561339f533c2d9a99
12-12 22:29:09.789 11629 11629 D AatpDeviceManager: taskStatus update (00172131afb732f11fc2371561339f533c2d9a99: {"state":1})
12-12 22:29:09.789 11629 15317 D AWSDeviceFarmAndroidLib: WifiLock: release
12-12 22:29:09.789   970   970 D NotificationService: updateLightListLocked :r=null, action=2
12-12 22:29:09.799 11629 15317 D AWSDeviceFarmAndroidLib: setWifiEnabled: setting wifi to: true
12-12 22:29:09.799 11629 15317 D AWSDeviceFarmAndroidLib: setWifiEnabled: wifi is: true
12-12 22:29:09.799   970  1179 D WifiStateMachine: handleMessage: E msg.what=131145
12-12 22:29:09.799   970  1179 D WifiStateMachine: processMsg: ConnectedState
12-12 22:29:09.799   970  1179 D WifiStateMachine: processMsg: L2ConnectedState
12-12 22:29:09.799   970  1179 D WifiNative-wlan0: doBoolean: DISCONNECT
12-12 22:29:09.799   970  1917 D WifiService: releaseWifiLockLocked: WifiLock{AWSDeviceFarmAndroidLib type=3 binder=android.os.BinderProxy@42b5dc68}, 11629, uid=15807, packageName=com.amazon.aatp.aatpdevicemanager
12-12 22:29:09.799   970  1558 D WifiService: setWifiEnabled: true pid=11629, uid=15807, package= com.amazon.aatp.aatpdevicemanager
12-12 22:29:09.799   970  1558 E WifiService: Invoking mWifiStateMachine.setWifiEnabled
12-12 22:29:09.799   970  1558 I WifiService: setWifiEnabled startWifiDelaySendMsg true
12-12 22:29:09.799   970  1918 D WifiService: disconnect pid=11629, uid=15807, packageName=com.amazon.aatp.aatpdevicemanager
12-12 22:29:09.809  1200  1200 D wpa_supplicant: wlan0: Control interface command 'DISCONNECT'
12-12 22:29:09.809  1200  1200 D wpa_supplicant: wlan0: Cancelling scan request
12-12 22:29:09.819  1200  1200 D wpa_supplicant: wlan0: P2P: Station mode scan operation not pending anymore (sta_scan_pending=0 p2p_cb_on_scan_complete=0)
12-12 22:29:09.819  1200  1200 D wpa_supplicant: wlan0: Request to deauthenticate - bssid=74:da:38:2b:43:fd pending_bssid=00:00:00:00:00:00 reason=3 state=COMPLETED
12-12 22:29:09.819  1200  1200 D wpa_supplicant: TDLS: Tear down peers
12-12 22:29:09.819  1200  1200 D wpa_supplicant: wpa_driver_nl80211_disconnect(reason_code=3)
12-12 22:29:09.849  1200  1200 D wpa_supplicant: wlan0: Event DEAUTH (12) received
12-12 22:29:09.849  1200  1200 D wpa_supplicant: wlan0: Deauthentication notification
12-12 22:29:09.849  1200  1200 D wpa_supplicant: wlan0:  * reason 3 (locally generated)
12-12 22:29:09.849  1200  1200 D wpa_supplicant: Deauthentication frame IE(s) - hexdump(len=0): [NULL]
12-12 22:29:09.849  1200  1200 I wpa_supplicant: wlan0: CTRL-EVENT-DISCONNECTED bssid=74:da:38:2b:43:fd reason=3 locally_generated=1
12-12 22:29:09.849   303   381 I Vold    : [LGE][VOLD][NetlinkHandler.cpp][onEvent()] subsys:platform, action:3
12-12 22:29:09.859  1200  1200 D wpa_supplicant: wlan0: Auto connect disabled: do not try to re-connect
12-12 22:29:09.859  1200  1200 D wpa_supplicant: wlan0: Ignore connection failure indication since interface has been put into disconnected state
12-12 22:29:09.859  1200  1200 D wpa_supplicant: TDLS: Remove peers on disassociation
12-12 22:29:09.859  1200  1200 D wpa_supplicant: wlan0: Disconnect event - remove keys
12-12 22:29:09.859  1200  1200 D wpa_supplicant: wpa_driver_nl80211_set_key: ifindex=23 (wlan0) alg=0 addr=0x0 key_idx=0 set_tx=0 seq_len=0 key_len=0
12-12 22:29:09.859  1200  1200 D wpa_supplicant: wpa_driver_nl80211_set_key: ifindex=23 (wlan0) alg=0 addr=0x0 key_idx=1 set_tx=0 seq_len=0 key_len=0
12-12 22:29:09.859  1200  1200 D wpa_supplicant: wpa_driver_nl80211_set_key: ifindex=23 (wlan0) alg=0 addr=0x0 key_idx=2 set_tx=0 seq_len=0 key_len=0
12-12 22:29:09.859  1200  1200 D wpa_supplicant: wpa_driver_nl80211_set_key: ifindex=23 (wlan0) alg=0 addr=0x0 key_idx=3 set_tx=0 seq_len=0 key_len=0
12-12 22:29:09.859  1200  1200 D wpa_supplicant: wpa_driver_nl80211_set_key: ifindex=23 (wlan0) alg=0 addr=0xb76325fc key_idx=0 set_tx=0 seq_len=0 key_len=0
12-12 22:29:09.859  1200  1200 D wpa_supplicant:    addr=74:da:38:2b:43:fd
12-12 22:29:09.859   970  1203 D WifiMonitor: Event [IFNAME=wlan0 CTRL-EVENT-DISCONNECTED bssid=74:da:38:2b:43:fd reason=3 locally_generated=1]
12-12 22:29:09.859  1200  1200 D wpa_supplicant: wlan0: State: COMPLETED -> DISCONNECTED
12-12 22:29:09.859  1200  1200 D wpa_supplicant: wpa_driver_nl80211_set_operstate: operstate 1->0 (DORMANT)
12-12 22:29:09.859  1200  1200 D wpa_supplicant: netlink: Operstate: linkmode=-1, operstate=5
12-12 22:29:09.859  1200  1200 D wpa_supplicant: EAPOL: External notification - portEnabled=0
12-12 22:29:09.859  1200  1200 D wpa_supplicant: EAPOL: SUPP_PAE entering state DISCONNECTED
12-12 22:29:09.859  1200  1200 D wpa_supplicant: EAPOL: Supplicant port status: Unauthorized
12-12 22:29:09.859  1200  1200 D wpa_supplicant: nl80211: Set supplicant port unauthorized for 00:00:00:00:00:00
12-12 22:29:09.859  1200  1200 D wpa_supplicant: EAPOL: SUPP_BE entering state INITIALIZE
12-12 22:29:09.859  1200  1200 D wpa_supplicant: EAPOL: Supplicant port status: Unauthorized
12-12 22:29:09.859  1200  1200 D wpa_supplicant: nl80211: Set supplicant port unauthorized for 00:00:00:00:00:00
12-12 22:29:09.859   303   381 I Vold    : [LGE][VOLD][NetlinkHandler.cpp][onEvent()] subsys:platform, action:3
12-12 22:29:09.869  1200  1200 D wpa_supplicant: EAPOL: External notification - portValid=0
12-12 22:29:09.869  1200  1200 D wpa_supplicant: EAPOL: Supplicant port status: Unauthorized
12-12 22:29:09.869  1200  1200 D wpa_supplicant: nl80211: Set supplicant port unauthorized for 00:00:00:00:00:00
12-12 22:29:09.869  1200  1200 D wpa_supplicant: EAPOL: External notification - EAP success=0
12-12 22:29:09.869  1200  1200 D wpa_supplicant: EAPOL: Supplicant port status: Unauthorized
