--------- beginning of /dev/log/main
12-12 20:18:56.542   675   960 I ServiceKeeper: In getappinfo pid = 675 pkgName = android appinfo = null
12-12 20:18:56.552   675   960 I ServiceKeeper: In getseinfo pid = 675 uid = 1000 seinfo= system
12-12 20:18:56.552   675   960 I ServiceKeeper: In getappinfo pid = 675 pkgName = android appinfo = null
12-12 20:18:56.552   675   960 I ServiceKeeper: In getseinfo pid = 675 uid = 1000 seinfo= system
12-12 20:18:56.872   253   253 E SMD     : DCD ON
12-12 20:18:57.562   675   960 I ServiceKeeper: In getappinfo pid = 675 pkgName = android appinfo = null
12-12 20:18:57.562   675   960 I ServiceKeeper: In getseinfo pid = 675 uid = 1000 seinfo= system
12-12 20:18:57.562   675   960 I ServiceKeeper: In getappinfo pid = 675 pkgName = android appinfo = null
12-12 20:18:57.562   675   960 I ServiceKeeper: In getseinfo pid = 675 uid = 1000 seinfo= system
12-12 20:18:57.872 16572 16572 D AndroidRuntime: 
12-12 20:18:57.872 16572 16572 D AndroidRuntime: >>>>>> AndroidRuntime START com.android.internal.os.RuntimeInit <<<<<<
12-12 20:18:57.872 16572 16572 D AndroidRuntime: CheckJNI is OFF
12-12 20:18:57.872 16572 16572 D AndroidRuntime: setted country_code = USA
12-12 20:18:57.882 16572 16572 D AndroidRuntime: setted countryiso_code = US
12-12 20:18:57.882 16572 16572 D AndroidRuntime: setted sales_code = TMB
12-12 20:18:57.882 16572 16572 D AndroidRuntime: readGMSProperty: start
12-12 20:18:57.882 16572 16572 D AndroidRuntime: readGMSProperty: already setted!!
12-12 20:18:57.882 16572 16572 D AndroidRuntime: readGMSProperty: end
12-12 20:18:57.882 16572 16572 D AndroidRuntime: addProductProperty: start
12-12 20:18:57.892 16572 16572 D dalvikvm: Trying to load lib libjavacore.so 0x0
12-12 20:18:57.902 16572 16572 D dalvikvm: Added shared lib libjavacore.so 0x0
12-12 20:18:57.902 16572 16572 D dalvikvm: Trying to load lib libnativehelper.so 0x0
12-12 20:18:57.902 16572 16572 D dalvikvm: Added shared lib libnativehelper.so 0x0
12-12 20:18:57.902 16572 16572 D dalvikvm: No JNI_OnLoad found in libnativehelper.so 0x0, skipping init
12-12 20:18:58.002 16572 16572 E memtrack: Couldn't load memtrack module (No such file or directory)
12-12 20:18:58.002 16572 16572 E android.os.Debug: failed to load memtrack module: -2
12-12 20:18:58.022 16572 16572 D dalvikvm: Note: class Landroid/app/ActivityManagerNative; has 192 unimplemented (abstract) methods
12-12 20:18:58.062 16572 16572 D AndroidRuntime: Calling main entry com.android.commands.am.Am
12-12 20:18:58.142 16584 16584 I SELinux : Function: selinux_android_load_priority [0], There is no sepolicy file.
12-12 20:18:58.142 16584 16584 I SELinux :  
12-12 20:18:58.172 16584 16584 I SELinux : Function: selinux_android_load_priority , spota verifySig and checkHash pass. priority version is VE=SEPF_SM-G900T_4.4.2_0055
12-12 20:18:58.172 16584 16584 I SELinux :  
12-12 20:18:58.172 16584 16584 I SELinux :  
12-12 20:18:58.172 16584 16584 I SELinux : selinux_android_seapp_context_reload: seapp_contexts file is loaded from /data/security/spota/seapp_contexts
12-12 20:18:58.182 16584 16584 E dalvikvm: >>>>> Normal User
12-12 20:18:58.182 16584 16584 E dalvikvm: >>>>> com.example.snoopy [ userId:0 | appId:14709 ]
12-12 20:18:58.182 16584 16584 D dalvikvm: Late-enabling CheckJNI
12-12 20:18:58.252 16584 16598 D skia    : GFXPNG PNG bitmap created width:42 height:126 bitmap id is 270 
12-12 20:18:58.252 16584 16598 D skia    : GFXPNG PNG bitmap created width:18 height:18 bitmap id is 271 
12-12 20:18:58.252 16584 16598 D skia    : GFXPNG PNG bitmap created width:18 height:18 bitmap id is 272 
12-12 20:18:58.252 16584 16598 D skia    : GFXPNG PNG bitmap created width:18 height:18 bitmap id is 273 
12-12 20:18:58.252 16584 16598 D skia    : GFXPNG PNG bitmap created width:38 height:33 bitmap id is 274 
12-12 20:18:58.252 16584 16598 D skia    : GFXPNG PNG bitmap created width:38 height:33 bitmap id is 275 
12-12 20:18:58.252 16584 16599 D skia    : GFXPNG PNG bitmap created width:72 height:72 bitmap id is 276 
12-12 20:18:58.342 16584 16584 I System.out: EMMA: collecting runtime coverage data ...
12-12 20:18:58.362 16584 16584 I dalvikvm: Could not find method android.content.pm.PackageManager.getPackageInstaller, referenced from method com.google.android.gms.common.zzo.zzx
12-12 20:18:58.362 16584 16584 W dalvikvm: VFY: unable to resolve virtual method 525: Landroid/content/pm/PackageManager;.getPackageInstaller ()Landroid/content/pm/PackageInstaller;
12-12 20:18:58.362 16584 16584 D dalvikvm: VFY: replacing opcode 0x6e at 0x0013
12-12 20:18:58.362 16584 16601 W DynamiteModule: Local module descriptor class for com.google.firebase.auth not found.
12-12 20:18:58.362 16584 16601 I dalvikvm: Could not find method android.content.pm.PackageManager.isInstantApp, referenced from method com.google.android.gms.internal.zzbec.zzalq
12-12 20:18:58.362 16584 16601 W dalvikvm: VFY: unable to resolve virtual method 532: Landroid/content/pm/PackageManager;.isInstantApp (Ljava/lang/String;)Z
12-12 20:18:58.362 16584 16601 D dalvikvm: VFY: replacing opcode 0x6e at 0x002d
12-12 20:18:58.372 16584 16584 I dalvikvm: Could not find method android.content.Context.getNoBackupFilesDir, referenced from method com.google.android.gms.common.util.zzu.getNoBackupFilesDir
12-12 20:18:58.372 16584 16584 W dalvikvm: VFY: unable to resolve virtual method 391: Landroid/content/Context;.getNoBackupFilesDir ()Ljava/io/File;
12-12 20:18:58.372 16584 16584 D dalvikvm: VFY: replacing opcode 0x6e at 0x0006
12-12 20:18:58.372 16584 16601 W DynamiteModule: Local module descriptor class for com.google.firebase.auth not found.
12-12 20:18:58.382 16584 16584 D FirebaseApp: com.google.firebase.crash.FirebaseCrash is not linked. Skipping initialization.
12-12 20:18:58.392 16584 16584 I FA      : App measurement is starting up, version: 11400
12-12 20:18:58.392 16584 16584 I FA      : To enable debug logging run: adb shell setprop log.tag.FA VERBOSE
12-12 20:18:58.392 16584 16584 I PersonaManager: getPersonaService() name persona_policy
12-12 20:18:58.402 16584 16584 I dalvikvm: Could not find method android.content.pm.PackageManager.isInstantApp, referenced from method com.google.android.gms.internal.zzbeb.zzcp
12-12 20:18:58.402 16584 16584 W dalvikvm: VFY: unable to resolve virtual method 531: Landroid/content/pm/PackageManager;.isInstantApp ()Z
12-12 20:18:58.402 16584 16584 D dalvikvm: VFY: replacing opcode 0x6e at 0x0028
12-12 20:18:58.402 16584 16584 I FA      : To enable faster debug mode event logging run:
12-12 20:18:58.402 16584 16584 I FA      :   adb shell setprop debug.firebase.analytics.app com.example.snoopy
12-12 20:18:58.402 16584 16584 E dalvikvm: Could not find class 'android.app.job.JobScheduler', referenced from method com.google.android.gms.internal.zzcfr.zzazv
12-12 20:18:58.402 16584 16584 W dalvikvm: VFY: unable to resolve check-cast 64 (Landroid/app/job/JobScheduler;) in Lcom/google/android/gms/internal/zzcfr;
12-12 20:18:58.402 16584 16584 D dalvikvm: VFY: replacing opcode 0x1f at 0x000b
12-12 20:18:58.412 16584 16584 E dalvikvm: Could not find class 'android.app.job.JobScheduler', referenced from method com.google.android.gms.internal.zzcfr.zzs
12-12 20:18:58.412 16584 16584 W dalvikvm: VFY: unable to resolve check-cast 64 (Landroid/app/job/JobScheduler;) in Lcom/google/android/gms/internal/zzcfr;
12-12 20:18:58.412 16584 16584 D dalvikvm: VFY: replacing opcode 0x1f at 0x0098
12-12 20:18:58.412 16584 16584 D dalvikvm: DexOpt: unable to opt direct call 0x0142 at 0xa0 in Lcom/google/android/gms/internal/zzcfr;.zzs
12-12 20:18:58.412 16584 16584 D dalvikvm: DexOpt: unable to opt direct call 0x0597 at 0xae in Lcom/google/android/gms/internal/zzcfr;.zzs
12-12 20:18:58.412 16584 16584 I FirebaseInitProvider: FirebaseApp initialization successful
12-12 20:18:58.412 16584 16605 W dalvikvm: VFY: unable to find class referenced in signature (Landroid/app/job/JobParameters;)
12-12 20:18:58.412 16584 16605 W dalvikvm: VFY: unable to find class referenced in signature (Landroid/app/job/JobParameters;)
12-12 20:18:58.412 16584 16605 W dalvikvm: VFY: unable to find class referenced in signature (Landroid/app/job/JobParameters;)
12-12 20:18:58.412 16584 16605 W dalvikvm: VFY: unable to find class referenced in signature (Landroid/app/job/JobParameters;)
12-12 20:18:58.412 16584 16605 I dalvikvm: Could not find method android.app.job.JobParameters.getExtras, referenced from method com.google.android.gms.internal.zzcfh.onStartJob
12-12 20:18:58.412 16584 16605 W dalvikvm: VFY: unable to resolve virtual method 327: Landroid/app/job/JobParameters;.getExtras ()Landroid/os/PersistableBundle;
12-12 20:18:58.422 16584 16605 D dalvikvm: VFY: replacing opcode 0x6e at 0x000a
12-12 20:18:58.422 16584 16606 I TestRunner: started: rmInternalFiles(com.trellis.AUTUtils)
12-12 20:18:58.452 16584 16606 D dalvikvm: GC_EXPLICIT freed 1539K, 36% free 17329K/26752K, paused 2ms+1ms, total 29ms
12-12 20:18:58.472 16584 16606 D dalvikvm: GC_EXPLICIT freed 18K, 36% free 17313K/26752K, paused 2ms+1ms, total 16ms
12-12 20:18:58.472 16584 16606 I TestRunner: finished: rmInternalFiles(com.trellis.AUTUtils)
12-12 20:18:58.472 16584 16606 I TestRunner: passed: rmInternalFiles(com.trellis.AUTUtils)
12-12 20:18:58.482 16572 16572 D AndroidRuntime: Shutting down VM
12-12 20:18:58.482 16572 16576 D dalvikvm: GC_CONCURRENT freed 108K, 15% free 677K/788K, paused 0ms+0ms, total 2ms
--------- beginning of /dev/log/system
12-12 20:18:58.482   675  1272 I ActivityManager: Killing 16584:com.example.snoopy/u0a4709 (adj 0): stop com.example.snoopy
12-12 20:18:58.482   675   935 W ContextImpl: Calling a method in the system process without a qualified user: android.app.ContextImpl.sendBroadcast:1505 com.android.server.am.AppStateBroadcaster.BroadcastAppState:128 com.android.server.am.AppStateBroadcaster.SendApplicationStop:53 com.android.server.am.ActivityManagerService$2.handleMessage:2141 android.os.Handler.dispatchMessage:102 
12-12 20:18:58.562   675   960 I ServiceKeeper: In getappinfo pid = 675 pkgName = android appinfo = null
12-12 20:18:58.562   675   960 I ServiceKeeper: In getseinfo pid = 675 uid = 1000 seinfo= system
12-12 20:18:58.562   675   960 I ServiceKeeper: In getappinfo pid = 675 pkgName = android appinfo = null
12-12 20:18:58.562   675   960 I ServiceKeeper: In getseinfo pid = 675 uid = 1000 seinfo= system
12-12 20:18:59.412 16618 16618 D AndroidRuntime: 
12-12 20:18:59.412 16618 16618 D AndroidRuntime: >>>>>> AndroidRuntime START com.android.internal.os.RuntimeInit <<<<<<
12-12 20:18:59.422 16618 16618 D AndroidRuntime: CheckJNI is OFF
12-12 20:18:59.422 16618 16618 D AndroidRuntime: setted country_code = USA
12-12 20:18:59.422 16618 16618 D AndroidRuntime: setted countryiso_code = US
12-12 20:18:59.422 16618 16618 D AndroidRuntime: setted sales_code = TMB
12-12 20:18:59.422 16618 16618 D AndroidRuntime: readGMSProperty: start
12-12 20:18:59.422 16618 16618 D AndroidRuntime: readGMSProperty: already setted!!
12-12 20:18:59.422 16618 16618 D AndroidRuntime: readGMSProperty: end
12-12 20:18:59.422 16618 16618 D AndroidRuntime: addProductProperty: start
12-12 20:18:59.442 16618 16618 D dalvikvm: Trying to load lib libjavacore.so 0x0
12-12 20:18:59.442 16618 16618 D dalvikvm: Added shared lib libjavacore.so 0x0
12-12 20:18:59.452 16618 16618 D dalvikvm: Trying to load lib libnativehelper.so 0x0
12-12 20:18:59.452 16618 16618 D dalvikvm: Added shared lib libnativehelper.so 0x0
12-12 20:18:59.452 16618 16618 D dalvikvm: No JNI_OnLoad found in libnativehelper.so 0x0, skipping init
12-12 20:18:59.542 16618 16618 E memtrack: Couldn't load memtrack module (No such file or directory)
12-12 20:18:59.542 16618 16618 E android.os.Debug: failed to load memtrack module: -2
12-12 20:18:59.572   675   960 I ServiceKeeper: In getappinfo pid = 675 pkgName = android appinfo = null
12-12 20:18:59.572   675   960 I ServiceKeeper: In getseinfo pid = 675 uid = 1000 seinfo= system
12-12 20:18:59.572   675   960 I ServiceKeeper: In getappinfo pid = 675 pkgName = android appinfo = null
12-12 20:18:59.572   675   960 I ServiceKeeper: In getseinfo pid = 675 uid = 1000 seinfo= system
12-12 20:18:59.572 16618 16618 D dalvikvm: Note: class Landroid/app/ActivityManagerNative; has 192 unimplemented (abstract) methods
12-12 20:18:59.622 16618 16618 D AndroidRuntime: Calling main entry com.android.commands.am.Am
12-12 20:18:59.652   675  1390 V ApplicationPolicy: isApplicationStateBlocked userId -1 pkgname com.trellis
12-12 20:18:59.652 16618 16618 D AndroidRuntime: Shutting down VM
12-12 20:18:59.662 16618 16624 D dalvikvm: GC_CONCURRENT freed 95K, 13% free 666K/764K, paused 0ms+0ms, total 2ms
12-12 20:18:59.672  4056  4056 D daemonapp: [MSC_Daemon]>>> AWDCDS:27 [0:0] AWD CD Act : androidintentactionPACKAGE_RESTARTED
12-12 20:18:59.672  1233  1233 I PersonaManager: getPersonaService() name persona_policy
12-12 20:18:59.872   253   253 E SMD     : DCD ON
12-12 20:18:59.992   675   979 W PersonaManager: getPersonaIds()
12-12 20:18:59.992   675   960 I ServiceKeeper: In getappinfo pid = 675 pkgName = android appinfo = null
12-12 20:18:59.992   675   960 I ServiceKeeper: In getseinfo pid = 675 uid = 1000 seinfo= system
12-12 20:18:59.992   675   979 V AlarmManager: waitForAlarm result :8
12-12 20:18:59.992   675   675 V AlarmManager: ClockReceiver onReceive() ACTION_TIME_TICK
12-12 20:19:00.012  1063  1063 D KeyguardUpdateMonitor: received broadcast android.intent.action.TIME_TICK
12-12 20:19:00.012  1063  1063 D KeyguardUpdateMonitor: handleTimeUpdate
12-12 20:19:00.022  1063  1063 D STATUSBAR-IconMerger: checkOverflow(216), More:true, Req:true Child:5
12-12 20:19:00.082  4056  4056 D daemonapp: [MSC_Daemon]>>> WU:237 [0:0] regintype : NA
12-12 20:19:00.082  4056  4056 D daemonapp: [MSC_Daemon]>>> WU:288 [0:0] cp type is : cp_eng
12-12 20:19:00.082  1846  1846 D accuweather: [KK AccuPhone]>>> SWW:462 [0:0] =============== BR act = androidintentactionTIME_TICK
12-12 20:19:00.092  1846  1846 D accuweather: [KK AccuPhone]>>> SWW:415 [0:0] doChangeDayOrNight : 1
12-12 20:19:00.092  1846  1846 D accuweather: [KK AccuPhone]>>> SWW:294 [0:0] getWeatherRenderer : 1
12-12 20:19:00.092  1846  1846 D accuweather: [KK AccuPhone]>>> SWW:432 [0:0] makeClock : 1
12-12 20:19:00.092  1846  1846 D accuweather: [KK AccuPhone]>>> SWW:294 [0:0] getWeatherRenderer : 1
12-12 20:19:00.092  1846  1846 D accuweather: [KK AccuPhone]>>> SM:1183 [0:0] setClockLayoutContent
12-12 20:19:00.212  1846  2037 D SurfaceWidget.Renderer: [237392/2] SurfaceWidget drawing first frame
12-12 20:19:00.222   675   960 I ServiceKeeper: In getappinfo pid = 675 pkgName = android appinfo = null
12-12 20:19:00.222   675   960 I ServiceKeeper: In getseinfo pid = 675 uid = 1000 seinfo= system
12-12 20:19:00.222   675   935 I ProcessStatsService: Prepared write state in 20ms
12-12 20:19:00.402 16630 16630 D AndroidRuntime: 
12-12 20:19:00.402 16630 16630 D AndroidRuntime: >>>>>> AndroidRuntime START com.android.internal.os.RuntimeInit <<<<<<
12-12 20:19:00.402 16630 16630 D AndroidRuntime: CheckJNI is OFF
12-12 20:19:00.402 16630 16630 D AndroidRuntime: setted country_code = USA
12-12 20:19:00.402 16630 16630 D AndroidRuntime: setted countryiso_code = US
12-12 20:19:00.402 16630 16630 D AndroidRuntime: setted sales_code = TMB
12-12 20:19:00.402 16630 16630 D AndroidRuntime: readGMSProperty: start
12-12 20:19:00.402 16630 16630 D AndroidRuntime: readGMSProperty: already setted!!
12-12 20:19:00.402 16630 16630 D AndroidRuntime: readGMSProperty: end
12-12 20:19:00.402 16630 16630 D AndroidRuntime: addProductProperty: start
12-12 20:19:00.422 16630 16630 D dalvikvm: Trying to load lib libjavacore.so 0x0
12-12 20:19:00.432 16630 16630 D dalvikvm: Added shared lib libjavacore.so 0x0
12-12 20:19:00.432 16630 16630 D dalvikvm: Trying to load lib libnativehelper.so 0x0
12-12 20:19:00.432 16630 16630 D dalvikvm: Added shared lib libnativehelper.so 0x0
12-12 20:19:00.432 16630 16630 D dalvikvm: No JNI_OnLoad found in libnativehelper.so 0x0, skipping init
12-12 20:19:00.522 16630 16630 E memtrack: Couldn't load memtrack module (No such file or directory)
12-12 20:19:00.522 16630 16630 E android.os.Debug: failed to load memtrack module: -2
12-12 20:19:00.552 16630 16630 D dalvikvm: Note: class Landroid/app/ActivityManagerNative; has 192 unimplemented (abstract) methods
12-12 20:19:00.572   675   960 I ServiceKeeper: In getappinfo pid = 675 pkgName = android appinfo = null
12-12 20:19:00.572   675   960 I ServiceKeeper: In getseinfo pid = 675 uid = 1000 seinfo= system
12-12 20:19:00.572   675   960 I ServiceKeeper: In getappinfo pid = 675 pkgName = android appinfo = null
12-12 20:19:00.572   675   960 I ServiceKeeper: In getseinfo pid = 675 uid = 1000 seinfo= system
12-12 20:19:00.592 16630 16630 D AndroidRuntime: Calling main entry com.android.commands.am.Am
12-12 20:19:00.622   675  1273 V ApplicationPolicy: isApplicationStateBlocked userId -1 pkgname com.trellis
12-12 20:19:00.622 16630 16630 D AndroidRuntime: Shutting down VM
12-12 20:19:00.632 16630 16635 D dalvikvm: GC_CONCURRENT freed 95K, 13% free 666K/764K, paused 0ms+0ms, total 3ms
12-12 20:19:00.632   675   935 W ContextImpl: Calling a method in the system process without a qualified user: android.app.ContextImpl.sendBroadcast:1505 com.android.server.am.AppStateBroadcaster.BroadcastAppState:128 com.android.server.am.AppStateBroadcaster.SendApplicationStop:53 com.android.server.am.ActivityManagerService$2.handleMessage:2141 android.os.Handler.dispatchMessage:102 
12-12 20:19:01.032   675  2599 D SSRMv2:SIOP: SIOP:: AP = 320, PST = 332, Delta = -7
12-12 20:19:01.032   675  2599 D AmoledAdjustTimer: prevTemp = 237, currTemp = 237, prevStep = 4, currStep = 4
12-12 20:19:01.182   675  1823 D BatteryService: level:100, scale:100, status:5, health:2, present:true, voltage: 4387, temperature: 236, technology: Li-ion, AC powered:false, USB powered:true, Wireless powered:false, icon:17303678, invalid charger:0, online:4, current avg:450, charge type:1, power sharing:false
12-12 20:19:01.182   675   675 I Tethering: BATTERY_CHANGED, level = 100lowBatteryThreshold = 15
12-12 20:19:01.182   675   675 D BatteryService: Sending ACTION_BATTERY_CHANGED.
12-12 20:19:01.192  1063  1063 D KeyguardUpdateMonitor: received broadcast android.intent.action.BATTERY_CHANGED
12-12 20:19:01.192  1063  1063 D KeyguardUpdateMonitor: handleBatteryUpdate
12-12 20:19:01.192   675   675 D UiModeManager: mCoverManager.getCoverState() : true
12-12 20:19:01.202  1063  1063 D STATUSBAR-PhoneStatusBar:  mBrightnessEnablebySettings = true mBrightnessEnablebyBattery = true mBrightnessEnablebyDisableFlag = true mPmsBrightnessEnablebySettings = true
12-12 20:19:01.212  1657 13433 D HeadsetStateMachine: Disconnected process message: 10
12-12 20:19:01.212  1063  1063 D STATUSBAR-IconMerger: checkOverflow(216), More:true, Req:true Child:5
12-12 20:19:01.222  1063  1063 D BatteryMeterView: ACTION_BATTERY_CHANGED : level:100 status:5 health:2
12-12 20:19:01.512 16641 16641 D AndroidRuntime: 
12-12 20:19:01.512 16641 16641 D AndroidRuntime: >>>>>> AndroidRuntime START com.android.internal.os.RuntimeInit <<<<<<
12-12 20:19:01.512 16641 16641 D AndroidRuntime: CheckJNI is OFF
12-12 20:19:01.512 16641 16641 D AndroidRuntime: setted country_code = USA
12-12 20:19:01.512 16641 16641 D AndroidRuntime: setted countryiso_code = US
12-12 20:19:01.522 16641 16641 D AndroidRuntime: setted sales_code = TMB
12-12 20:19:01.522 16641 16641 D AndroidRuntime: readGMSProperty: start
12-12 20:19:01.522 16641 16641 D AndroidRuntime: readGMSProperty: already setted!!
12-12 20:19:01.522 16641 16641 D AndroidRuntime: readGMSProperty: end
12-12 20:19:01.522 16641 16641 D AndroidRuntime: addProductProperty: start
12-12 20:19:01.542 16641 16641 D dalvikvm: Trying to load lib libjavacore.so 0x0
12-12 20:19:01.542 16641 16641 D dalvikvm: Added shared lib libjavacore.so 0x0
12-12 20:19:01.542 16641 16641 D dalvikvm: Trying to load lib libnativehelper.so 0x0
12-12 20:19:01.542 16641 16641 D dalvikvm: Added shared lib libnativehelper.so 0x0
12-12 20:19:01.542 16641 16641 D dalvikvm: No JNI_OnLoad found in libnativehelper.so 0x0, skipping init
12-12 20:19:01.582   675   960 I ServiceKeeper: In getappinfo pid = 675 pkgName = android appinfo = null
12-12 20:19:01.582   675   960 I ServiceKeeper: In getseinfo pid = 675 uid = 1000 seinfo= system
12-12 20:19:01.582   675   960 I ServiceKeeper: In getappinfo pid = 675 pkgName = android appinfo = null
12-12 20:19:01.582   675   960 I ServiceKeeper: In getseinfo pid = 675 uid = 1000 seinfo= system
12-12 20:19:01.642 16641 16641 E memtrack: Couldn't load memtrack module (No such file or directory)
12-12 20:19:01.642 16641 16641 E android.os.Debug: failed to load memtrack module: -2
12-12 20:19:01.672 16641 16641 D dalvikvm: Note: class Landroid/app/ActivityManagerNative; has 192 unimplemented (abstract) methods
12-12 20:19:01.722 16641 16641 D AndroidRuntime: Calling main entry com.android.commands.pm.Pm
12-12 20:19:01.772   675  1388 V ApplicationPolicy: isApplicationStateBlocked userId 0 pkgname com.trellis
12-12 20:19:01.792   675  1388 D EnterpriseDeviceManager: ContainerId: 0
12-12 20:19:01.792   675  1388 V ApplicationPolicy: isApplicationStateBlocked userId 0 pkgname com.trellis
12-12 20:19:01.792   675  1388 D PackageManager: START CLEAR APPLICATION USER DATA: observer{1130503496}
12-12 20:19:01.792   675  1388 D PackageManager: pkg{<packageName>}
12-12 20:19:01.792   675  1388 D PackageManager: user{0}
12-12 20:19:01.792   675   956 D PackageManager: [MSG] CLEAR_APPLICATION_USER_DATA
12-12 20:19:01.802   270   270 D keystore: calling clear_uid in state: 3
12-12 20:19:01.812  4056  4056 D daemonapp: [MSC_Daemon]>>> AWDCDS:27 [0:0] AWD CD Act : androidintentactionPACKAGE_RESTARTED
12-12 20:19:01.812 12618 12618 I GeofencerStateMachine: removeGeofences: removeRequest=RemoveGeofencingRequest[REMOVE_ALL packageName=com.trellis]
12-12 20:19:01.822  1233  1233 I PersonaManager: getPersonaService() name persona_policy
12-12 20:19:01.822   675   960 I ServiceKeeper: In getappinfo pid = 675 pkgName = android appinfo = null
12-12 20:19:01.822   675   960 I ServiceKeeper: In getseinfo pid = 675 uid = 1000 seinfo= system
12-12 20:19:01.822   675   960 I ServiceKeeper: In getappinfo pid = 675 pkgName = android appinfo = null
12-12 20:19:01.822   675   960 I ServiceKeeper: In getseinfo pid = 675 uid = 1000 seinfo= system
12-12 20:19:01.862 16661 16661 I SELinux : Function: selinux_android_load_priority [0], There is no sepolicy file.
12-12 20:19:01.862 16661 16661 I SELinux :  
12-12 20:19:01.872   675   956 D PackageManager: return delete result to caller: 1130503496
12-12 20:19:01.872 16641 16641 D AndroidRuntime: Shutting down VM
12-12 20:19:01.872 16641 16653 D dalvikvm: GC_CONCURRENT freed 97K, 13% free 677K/776K, paused 0ms+0ms, total 2ms
12-12 20:19:01.872   675   956 D PackageManager: returnCode: true
12-12 20:19:01.902 16661 16661 I SELinux : Function: selinux_android_load_priority , spota verifySig and checkHash pass. priority version is VE=SEPF_SM-G900T_4.4.2_0055
12-12 20:19:01.902 16661 16661 I SELinux :  
12-12 20:19:01.902 16661 16661 I SELinux :  
12-12 20:19:01.902 16661 16661 I SELinux : selinux_android_seapp_context_reload: seapp_contexts file is loaded from /data/security/spota/seapp_contexts
12-12 20:19:01.902 16661 16661 E dalvikvm: >>>>> Normal User
12-12 20:19:01.902 16661 16661 E dalvikvm: >>>>> com.android.documentsui [ userId:0 | appId:10101 ]
12-12 20:19:01.942 16661 16674 D Documents: Loading roots for com.android.externalstorage.documents
12-12 20:19:01.952   675   956 D PackageManager: [MSG] WRITE_PACKAGE_RESTRICTIONS
12-12 20:19:01.952   675  5908 I ActivityManager: Killing 14445:com.policydm/1000 (adj 15): empty #31
12-12 20:19:01.992 16675 16675 I SELinux : Function: selinux_android_load_priority [0], There is no sepolicy file.
12-12 20:19:01.992 16675 16675 I SELinux :  
12-12 20:19:02.012  4056  4056 D daemonapp: [MSC_Daemon]>>> AWDCDS:27 [0:0] AWD CD Act : androidintentactionPACKAGE_DATA_CLEARED
12-12 20:19:02.022 16675 16675 I SELinux : Function: selinux_android_load_priority , spota verifySig and checkHash pass. priority version is VE=SEPF_SM-G900T_4.4.2_0055
12-12 20:19:02.022 16675 16675 I SELinux :  
12-12 20:19:02.022 16675 16675 I SELinux :  
12-12 20:19:02.022 16675 16675 I SELinux : selinux_android_seapp_context_reload: seapp_contexts file is loaded from /data/security/spota/seapp_contexts
12-12 20:19:02.022 16675 16675 E dalvikvm: >>>>> Normal User
12-12 20:19:02.022 16675 16675 E dalvikvm: >>>>> com.android.externalstorage [ userId:0 | appId:10013 ]
12-12 20:19:02.042   675  1272 I ActivityManager: Killing 14470:com.sec.spp.push/u0a42 (adj 15): empty #31
12-12 20:19:02.052 12830 16692 D Wear_Controller: Received broadcast action=android.intent.action.PACKAGE_DATA_CLEARED and uri=com.trellis
12-12 20:19:02.062 12830 16699 I LocationSettingsChecker: Removing dialog suppression flag for package com.trellis
12-12 20:19:02.062   675   960 I ServiceKeeper: In getappinfo pid = 675 pkgName = android appinfo = null
12-12 20:19:02.062   675  1165 E Watchdog: !@Sync 241
12-12 20:19:02.072   675   960 I ServiceKeeper: In getseinfo pid = 675 uid = 1000 seinfo= system
12-12 20:19:02.072   675   960 I ServiceKeeper: In getappinfo pid = 675 pkgName = android appinfo = null
12-12 20:19:02.072   675   960 I ServiceKeeper: In getseinfo pid = 675 uid = 1000 seinfo= system
12-12 20:19:02.072   675   960 I ServiceKeeper: In getappinfo pid = 675 pkgName = android appinfo = null
12-12 20:19:02.072   675   960 I ServiceKeeper: In getseinfo pid = 675 uid = 1000 seinfo= system
12-12 20:19:02.072   675   960 I ServiceKeeper: In getappinfo pid = 675 pkgName = android appinfo = null
12-12 20:19:02.072 12830 13018 I Icing   : doRemovePackageData com.trellis
12-12 20:19:02.072   675   960 I ServiceKeeper: In getseinfo pid = 675 uid = 1000 seinfo= system
12-12 20:19:02.072   675   960 I ServiceKeeper: In getappinfo pid = 675 pkgName = android appinfo = null
12-12 20:19:02.072   675   960 I ServiceKeeper: In getseinfo pid = 675 uid = 1000 seinfo= system
12-12 20:19:02.102 16675 16675 D ExternalStorage: After updating volumes, found 1 active roots
12-12 20:19:02.102 16661 16661 D Documents: Updating roots due to change at content://com.android.externalstorage.documents/root
12-12 20:19:02.112 16661 16674 D Documents: Loading roots for com.android.providers.downloads.documents
12-12 20:19:02.112 16661 16674 D Documents: Loading roots for com.android.providers.media.documents
12-12 20:19:02.112   675   960 I ServiceKeeper: In getappinfo pid = 675 pkgName = android appinfo = null
12-12 20:19:02.112   675   960 I ServiceKeeper: In getseinfo pid = 675 uid = 1000 seinfo= system
12-12 20:19:02.112   675   960 I ServiceKeeper: In getappinfo pid = 675 pkgName = android appinfo = null
12-12 20:19:02.112   675   960 I ServiceKeeper: In getseinfo pid = 675 uid = 1000 seinfo= system
12-12 20:19:02.112   675   960 I ServiceKeeper: In getappinfo pid = 675 pkgName = android appinfo = null
12-12 20:19:02.112   675   960 I ServiceKeeper: In getseinfo pid = 675 uid = 1000 seinfo= system
12-12 20:19:02.112   675   960 I ServiceKeeper: In getappinfo pid = 675 pkgName = android appinfo = null
12-12 20:19:02.112   675   960 I ServiceKeeper: In getseinfo pid = 675 uid = 1000 seinfo= system
12-12 20:19:02.122   675   960 I ServiceKeeper: In getappinfo pid = 675 pkgName = android appinfo = null
12-12 20:19:02.122   675   960 I ServiceKeeper: In getseinfo pid = 675 uid = 1000 seinfo= system
12-12 20:19:02.132 16661 16674 D Documents: Loading roots for com.google.android.apps.docs.storage
12-12 20:19:02.152 16709 16709 I SELinux : Function: selinux_android_load_priority [0], There is no sepolicy file.
12-12 20:19:02.152 16709 16709 I SELinux :  
12-12 20:19:02.172 16709 16709 I SELinux : Function: selinux_android_load_priority , spota verifySig and checkHash pass. priority version is VE=SEPF_SM-G900T_4.4.2_0055
12-12 20:19:02.172 16709 16709 I SELinux :  
12-12 20:19:02.172 16709 16709 I SELinux :  
12-12 20:19:02.172 16709 16709 I SELinux : selinux_android_seapp_context_reload: seapp_contexts file is loaded from /data/security/spota/seapp_contexts
12-12 20:19:02.172 16709 16709 E dalvikvm: >>>>> Normal User
12-12 20:19:02.172 16709 16709 E dalvikvm: >>>>> com.google.android.apps.docs [ userId:0 | appId:10102 ]
12-12 20:19:02.192   675  1374 I ActivityManager: Killing 13676:com.osp.app.signin/u0a47 (adj 15): empty #31
12-12 20:19:02.232 16709 16709 E dalvikvm: Could not find class 'android.provider.DocumentsContract$Path', referenced from method com.google.android.apps.docs.storagebackend.StorageBackendContentProvider.a
12-12 20:19:02.232 16709 16709 W dalvikvm: VFY: unable to resolve new-instance 936 (Landroid/provider/DocumentsContract$Path;) in Lcom/google/android/apps/docs/storagebackend/StorageBackendContentProvider;
12-12 20:19:02.242 16709 16709 D dalvikvm: VFY: replacing opcode 0x22 at 0x0089
12-12 20:19:02.242 16709 16709 I dalvikvm: Could not find method frh.refresh, referenced from method com.google.android.apps.docs.storagebackend.StorageBackendContentProvider.refresh
12-12 20:19:02.242 16709 16709 W dalvikvm: VFY: unable to resolve virtual method 38100: Lfrh;.refresh (Landroid/net/Uri;Landroid/os/Bundle;Landroid/os/CancellationSignal;)Z
12-12 20:19:02.242 16709 16709 D dalvikvm: VFY: replacing opcode 0x6f at 0x0007
12-12 20:19:02.242 16709 16709 D dalvikvm: DexOpt: unable to opt direct call 0x1053 at 0x8b in Lcom/google/android/apps/docs/storagebackend/StorageBackendContentProvider;.a
12-12 20:19:02.252 16709 16709 I dalvikvm: Could not find method android.content.Context.getDrawable, referenced from method in.a
12-12 20:19:02.252 16709 16709 W dalvikvm: VFY: unable to resolve virtual method 2767: Landroid/content/Context;.getDrawable (I)Landroid/graphics/drawable/Drawable;
12-12 20:19:02.252 16709 16709 D dalvikvm: VFY: replacing opcode 0x6e at 0x0006
12-12 20:19:02.252 16709 16709 I dalvikvm: Could not find method android.content.Context.isDeviceProtectedStorage, referenced from method in.a
12-12 20:19:02.252 16709 16709 W dalvikvm: VFY: unable to resolve virtual method 2783: Landroid/content/Context;.isDeviceProtectedStorage ()Z
12-12 20:19:02.252 16709 16709 D dalvikvm: VFY: replacing opcode 0x6e at 0x0006
12-12 20:19:02.252 16709 16709 I dalvikvm: Could not find method android.content.Context.getColorStateList, referenced from method in.b
12-12 20:19:02.252 16709 16709 W dalvikvm: VFY: unable to resolve virtual method 2762: Landroid/content/Context;.getColorStateList (I)Landroid/content/res/ColorStateList;
12-12 20:19:02.252 16709 16709 D dalvikvm: VFY: replacing opcode 0x6e at 0x0006
12-12 20:19:02.252 16709 16709 I dalvikvm: Could not find method android.content.Context.getColor, referenced from method in.c
12-12 20:19:02.252 16709 16709 W dalvikvm: VFY: unable to resolve virtual method 2761: Landroid/content/Context;.getColor (I)I
12-12 20:19:02.252 16709 16709 D dalvikvm: VFY: replacing opcode 0x6e at 0x0006
12-12 20:19:02.322 16709 16709 W dalvikvm: Unable to resolve superclass of Lcom/google/android/apps/docs/notification/guns/GcmJobService; (592)
12-12 20:19:02.322 16709 16709 W dalvikvm: Link of class 'Lcom/google/android/apps/docs/notification/guns/GcmJobService;' failed
12-12 20:19:02.322 16709 16709 W dalvikvm: VFY: unable to find class referenced in signature (Lcom/google/android/apps/docs/notification/guns/GcmJobService;)
12-12 20:19:02.332 16709 16709 W dalvikvm: Unable to resolve superclass of Lcom/google/android/apps/docs/notification/guns/GcmJobService; (592)
12-12 20:19:02.332 16709 16709 W dalvikvm: Link of class 'Lcom/google/android/apps/docs/notification/guns/GcmJobService;' failed
12-12 20:19:02.332 16709 16709 W dalvikvm: VFY: unable to resolve instance field 11971
12-12 20:19:02.332 16709 16709 D dalvikvm: VFY: replacing opcode 0x5b at 0x0008
12-12 20:19:02.332 16709 16709 I dalvikvm: Could not find method java.util.Locale.toLanguageTag, referenced from method drz.a
12-12 20:19:02.332 16709 16709 W dalvikvm: VFY: unable to resolve virtual method 49887: Ljava/util/Locale;.toLanguageTag ()Ljava/lang/String;
12-12 20:19:02.332 16709 16709 D dalvikvm: VFY: replacing opcode 0x6e at 0x00ca
12-12 20:19:02.342 16709 16709 W dalvikvm: Unable to resolve superclass of Lcom/google/android/apps/docs/notification/guns/GcmJobService; (592)
12-12 20:19:02.342 16709 16709 W dalvikvm: Link of class 'Lcom/google/android/apps/docs/notification/guns/GcmJobService;' failed
12-12 20:19:02.342 16709 16709 I dalvikvm: DexOpt: unable to optimize instance field ref 0x2ec4 at 0x12 in Ldrz;.a
12-12 20:19:02.382 16709 16709 I dalvikvm: Could not find method java.util.Locale.toLanguageTag, referenced from method azc.a
12-12 20:19:02.382 16709 16709 W dalvikvm: VFY: unable to resolve virtual method 49887: Ljava/util/Locale;.toLanguageTag ()Ljava/lang/String;
12-12 20:19:02.382 16709 16709 D dalvikvm: VFY: replacing opcode 0x6e at 0x000e
12-12 20:19:02.462 16709 16733 I dalvikvm: Could not find method android.content.pm.PackageManager.getPackageInstaller, referenced from method ijj.a
12-12 20:19:02.462 16709 16733 W dalvikvm: VFY: unable to resolve virtual method 2942: Landroid/content/pm/PackageManager;.getPackageInstaller ()Landroid/content/pm/PackageInstaller;
12-12 20:19:02.462 16709 16733 D dalvikvm: VFY: replacing opcode 0x6e at 0x0012
12-12 20:19:02.462 16709 16733 I GAv4    : Google Analytics 11.0.11 is starting up. To enable debug logging on a device run:
12-12 20:19:02.462 16709 16733 I GAv4    :   adb shell setprop log.tag.GAv4 DEBUG
12-12 20:19:02.462 16709 16733 I GAv4    :   adb logcat -s GAv4
12-12 20:19:02.482 16709 16733 I PersonaManager: getPersonaService() name persona_policy
12-12 20:19:02.492 16709 16709 W FieldDefinition: Ignoring isIndexed constraint as field also has uniqueness constraint (on just this field, and therefore SQLite will have to create an index on that. For field: com.google.android.apps.docs.database.common.FieldDefinition$a@4337c948
12-12 20:19:02.492 16709 16733 W CoreComponentFactoryImpl: RetainedComponent will not be retained if  djl does not inherit FragmentActivity and fulfill jpt contract.
12-12 20:19:02.502 16709 16736 W GAv4    : AnalyticsReceiver is not registered or is disabled. Register the receiver for reliable dispatching on non-Google Play devices. See http://goo.gl/8Rd3yj for instructions.
12-12 20:19:02.582   675   960 I ServiceKeeper: In getappinfo pid = 675 pkgName = android appinfo = null
12-12 20:19:02.582   675   960 I ServiceKeeper: In getseinfo pid = 675 uid = 1000 seinfo= system
12-12 20:19:02.582   675   960 I ServiceKeeper: In getappinfo pid = 675 pkgName = android appinfo = null
12-12 20:19:02.582   675   960 I ServiceKeeper: In getseinfo pid = 675 uid = 1000 seinfo= system
12-12 20:19:02.592 16723 16723 D AndroidRuntime: 
12-12 20:19:02.592 16723 16723 D AndroidRuntime: >>>>>> AndroidRuntime START com.android.internal.os.RuntimeInit <<<<<<
12-12 20:19:02.592 16723 16723 D AndroidRuntime: CheckJNI is OFF
12-12 20:19:02.592 16723 16723 D AndroidRuntime: setted country_code = USA
12-12 20:19:02.592 16723 16723 D AndroidRuntime: setted countryiso_code = US
12-12 20:19:02.592 16723 16723 D AndroidRuntime: setted sales_code = TMB
12-12 20:19:02.592 16723 16723 D AndroidRuntime: readGMSProperty: start
12-12 20:19:02.592 16723 16723 D AndroidRuntime: readGMSProperty: already setted!!
12-12 20:19:02.592 16723 16723 D AndroidRuntime: readGMSProperty: end
12-12 20:19:02.592 16723 16723 D AndroidRuntime: addProductProperty: start
12-12 20:19:02.612 16723 16723 D dalvikvm: Trying to load lib libjavacore.so 0x0
12-12 20:19:02.612 16723 16723 D dalvikvm: Added shared lib libjavacore.so 0x0
12-12 20:19:02.612 16723 16723 D dalvikvm: Trying to load lib libnativehelper.so 0x0
12-12 20:19:02.612 16723 16723 D dalvikvm: Added shared lib libnativehelper.so 0x0
12-12 20:19:02.612 16723 16723 D dalvikvm: No JNI_OnLoad found in libnativehelper.so 0x0, skipping init
12-12 20:19:02.652 16709 16733 I dalvikvm: Could not find method java.util.Locale.toLanguageTag, referenced from method drx.a
12-12 20:19:02.652 16709 16733 W dalvikvm: VFY: unable to resolve virtual method 49887: Ljava/util/Locale;.toLanguageTag ()Ljava/lang/String;
12-12 20:19:02.652 16709 16733 D dalvikvm: VFY: replacing opcode 0x6e at 0x02d6
12-12 20:19:02.662 16709 16736 W GAv4    : CampaignTrackingReceiver is not registered, not exported or is disabled. Installation campaign tracking is not possible. See http://goo.gl/8Rd3yj for instructions.
12-12 20:19:02.672 16709 16736 W GAv4    : AnalyticsService not registered in the app manifest. Hits might not be delivered reliably. See http://goo.gl/8Rd3yj for instructions.
12-12 20:19:02.672 16709 16733 I dalvikvm: Could not find method java.util.Locale.toLanguageTag, referenced from method drx.a
12-12 20:19:02.672 16709 16733 W dalvikvm: VFY: unable to resolve virtual method 49887: Ljava/util/Locale;.toLanguageTag ()Ljava/lang/String;
12-12 20:19:02.672 16709 16733 D dalvikvm: VFY: replacing opcode 0x6e at 0x00e2
12-12 20:19:02.712 16709 16709 W dalvikvm: Unable to resolve superclass of Lcom/google/android/apps/docs/sync/content/ContentSyncJobService; (592)
12-12 20:19:02.712 16709 16709 W dalvikvm: Link of class 'Lcom/google/android/apps/docs/sync/content/ContentSyncJobService;' failed
12-12 20:19:02.712 16709 16709 I dalvikvm: Could not find method com.google.android.apps.docs.sync.content.ContentSyncJobService.a, referenced from method fur.a
12-12 20:19:02.712 16709 16709 W dalvikvm: VFY: unable to resolve static method 20602: Lcom/google/android/apps/docs/sync/content/ContentSyncJobService;.a (Landroid/content/Context;Lfui;)V
12-12 20:19:02.712 16709 16709 D dalvikvm: VFY: replacing opcode 0x71 at 0x0010
12-12 20:19:02.712 16723 16723 E memtrack: Couldn't load memtrack module (No such file or directory)
12-12 20:19:02.712 16723 16723 E android.os.Debug: failed to load memtrack module: -2
12-12 20:19:02.732 16709 16709 W dalvikvm: Unable to resolve superclass of Lcom/google/android/apps/docs/appindexing/AppIndexingJobService; (592)
12-12 20:19:02.732 16709 16709 W dalvikvm: Link of class 'Lcom/google/android/apps/docs/appindexing/AppIndexingJobService;' failed
12-12 20:19:02.732 16709 16709 I dalvikvm: Could not find method com.google.android.apps.docs.appindexing.AppIndexingJobService.a, referenced from method aub.a
12-12 20:19:02.732 16709 16709 W dalvikvm: VFY: unable to resolve static method 16136: Lcom/google/android/apps/docs/appindexing/AppIndexingJobService;.a (Landroid/content/Context;ZJZ)V
12-12 20:19:02.732 16709 16709 D dalvikvm: VFY: replacing opcode 0x71 at 0x001d
12-12 20:19:02.732 16709 16709 W dalvikvm: Unable to resolve superclass of Lcom/google/android/apps/docs/appindexing/AppIndexingJobService; (592)
12-12 20:19:02.732 16709 16709 W dalvikvm: Link of class 'Lcom/google/android/apps/docs/appindexing/AppIndexingJobService;' failed
12-12 20:19:02.732 16709 16709 I dalvikvm: Could not find method com.google.android.apps.docs.appindexing.AppIndexingJobService.a, referenced from method aub.b
12-12 20:19:02.732 16709 16709 W dalvikvm: VFY: unable to resolve static method 16136: Lcom/google/android/apps/docs/appindexing/AppIndexingJobService;.a (Landroid/content/Context;ZJZ)V
12-12 20:19:02.732 16709 16709 D dalvikvm: VFY: replacing opcode 0x71 at 0x000d
12-12 20:19:02.742 16709 16709 E dalvikvm: Could not find class 'android.app.NotificationChannel', referenced from method ewv.a
12-12 20:19:02.742 16723 16723 D dalvikvm: Note: class Landroid/app/ActivityManagerNative; has 192 unimplemented (abstract) methods
12-12 20:19:02.742 16709 16709 W dalvikvm: VFY: unable to resolve new-instance 572 (Landroid/app/NotificationChannel;) in Lewv;
12-12 20:19:02.742 16709 16709 D dalvikvm: VFY: replacing opcode 0x22 at 0x001a
12-12 20:19:02.742 16709 16709 E dalvikvm: Could not find class 'android.app.NotificationChannel', referenced from method ewv.a
12-12 20:19:02.742 16709 16709 W dalvikvm: VFY: unable to resolve new-instance 572 (Landroid/app/NotificationChannel;) in Lewv;
12-12 20:19:02.742 16709 16709 D dalvikvm: VFY: replacing opcode 0x22 at 0x002b
12-12 20:19:02.742 16709 16709 I dalvikvm: Could not find method android.app.NotificationManager.createNotificationChannels, referenced from method ewv.a
12-12 20:19:02.742 16709 16709 W dalvikvm: VFY: unable to resolve virtual method 2311: Landroid/app/NotificationManager;.createNotificationChannels (Ljava/util/List;)V
12-12 20:19:02.742 16709 16709 D dalvikvm: VFY: replacing opcode 0x6e at 0x0055
12-12 20:19:02.742 16709 16709 D dalvikvm: DexOpt: unable to opt direct call 0x0902 at 0x26 in Lewv;.a
12-12 20:19:02.742 16709 16709 D dalvikvm: DexOpt: unable to opt direct call 0x0902 at 0x37 in Lewv;.a
12-12 20:19:02.782 16723 16723 D AndroidRuntime: Calling main entry com.android.commands.pm.Pm
12-12 20:19:02.782 16661 16674 D Documents: Update found 6 roots in 837ms
12-12 20:19:02.782 16661 16661 D Documents: Updating roots due to change at content://com.google.android.apps.docs.storage/root
12-12 20:19:02.802 16661 16769 D Documents: Used cached roots for com.android.externalstorage.documents
12-12 20:19:02.802 16661 16769 D Documents: Used cached roots for com.android.providers.downloads.documents
12-12 20:19:02.802 16661 16769 D Documents: Used cached roots for com.android.providers.media.documents
12-12 20:19:02.802 16661 16769 D Documents: Loading roots for com.google.android.apps.docs.storage
12-12 20:19:02.812 16661 16767 D Documents: Loading roots for com.android.externalstorage.documents
12-12 20:19:02.812 16661 16767 D Documents: Used cached roots for com.android.providers.downloads.documents
12-12 20:19:02.812 16661 16767 D Documents: Used cached roots for com.android.providers.media.documents
12-12 20:19:02.812 16661 16767 D Documents: Loading roots for com.google.android.apps.docs.storage
12-12 20:19:02.822 16661 16769 D Documents: Update found 6 roots in 28ms
12-12 20:19:02.822 16661 16767 D Documents: Update found 6 roots in 38ms
12-12 20:19:02.872   253   253 E SMD     : DCD ON
12-12 20:19:02.942 16723 16723 D AndroidRuntime: Shutting down VM
12-12 20:19:02.952 16723 16749 D dalvikvm: GC_CONCURRENT freed 680K, 49% free 716K/1400K, paused 1ms+1ms, total 4ms
12-12 20:19:02.962 12618 13085 W Conscrypt: Could not set socket write timeout:
12-12 20:19:02.962 12618 13085 W Conscrypt:    java.lang.reflect.Method.invokeNative(Native Method)
12-12 20:19:02.962 12618 13085 W Conscrypt:    java.lang.reflect.Method.invoke(Method.java:515)
12-12 20:19:03.062 12618 12622 D dalvikvm: GC_CONCURRENT freed 2278K, 24% free 20979K/27352K, paused 4ms+3ms, total 39ms
12-12 20:19:03.062 12618 13085 W Conscrypt: Could not set socket write timeout:
12-12 20:19:03.062 12618 13085 W Conscrypt:    java.lang.reflect.Method.invokeNative(Native Method)
12-12 20:19:03.062 12618 13085 W Conscrypt:    java.lang.reflect.Method.invoke(Method.java:515)
12-12 20:19:03.502   675  1385 E PersonaManagerService: Unable to read user list
12-12 20:19:03.592   675   960 I ServiceKeeper: In getappinfo pid = 675 pkgName = android appinfo = null
12-12 20:19:03.592   675   960 I ServiceKeeper: In getseinfo pid = 675 uid = 1000 seinfo= system
12-12 20:19:03.612   675   960 I ServiceKeeper: In getappinfo pid = 675 pkgName = android appinfo = null
12-12 20:19:03.612   675   960 I ServiceKeeper: In getseinfo pid = 675 uid = 1000 seinfo= system
12-12 20:19:03.632  1063  1063 D STATUSBAR-NetworkController: refreshSignalCluster - setNWBoosterIndicators(false)
12-12 20:19:03.632  1063  1063 D STATUSBAR-NetworkController: refreshSignalCluster: data=-1 bt=false
12-12 20:19:03.642  1063  1063 D STATUSBAR-IconMerger: checkOverflow(216), More:true, Req:true Child:5
12-12 20:19:03.782 12618 13085 I zgp     : Scheduling Phenotype for a PhenotypeSyncImmediately(13, com.google.apps.drive.android) one off with window [1, 2] in seconds
12-12 20:19:03.842   675   960 I ServiceKeeper: In getappinfo pid = 675 pkgName = android appinfo = null
12-12 20:19:03.842   675   960 I ServiceKeeper: In getseinfo pid = 675 uid = 1000 seinfo= system
12-12 20:19:03.862   675   960 I ServiceKeeper: In getappinfo pid = 675 pkgName = android appinfo = null
12-12 20:19:03.862   675   960 I ServiceKeeper: In getseinfo pid = 675 uid = 1000 seinfo= system
12-12 20:19:04.162 16787 16787 D AndroidRuntime: 
12-12 20:19:04.162 16787 16787 D AndroidRuntime: >>>>>> AndroidRuntime START com.android.internal.os.RuntimeInit <<<<<<
12-12 20:19:04.162 16787 16787 D AndroidRuntime: CheckJNI is OFF
12-12 20:19:04.162 16787 16787 D AndroidRuntime: setted country_code = USA
12-12 20:19:04.172 16787 16787 D AndroidRuntime: setted countryiso_code = US
12-12 20:19:04.172 16787 16787 D AndroidRuntime: setted sales_code = TMB
12-12 20:19:04.172 16787 16787 D AndroidRuntime: readGMSProperty: start
12-12 20:19:04.172 16787 16787 D AndroidRuntime: readGMSProperty: already setted!!
12-12 20:19:04.172 16787 16787 D AndroidRuntime: readGMSProperty: end
12-12 20:19:04.172 16787 16787 D AndroidRuntime: addProductProperty: start
12-12 20:19:04.192 16787 16787 D dalvikvm: Trying to load lib libjavacore.so 0x0
12-12 20:19:04.192 16787 16787 D dalvikvm: Added shared lib libjavacore.so 0x0
12-12 20:19:04.192 16787 16787 D dalvikvm: Trying to load lib libnativehelper.so 0x0
12-12 20:19:04.192 16787 16787 D dalvikvm: Added shared lib libnativehelper.so 0x0
12-12 20:19:04.192 16787 16787 D dalvikvm: No JNI_OnLoad found in libnativehelper.so 0x0, skipping init
12-12 20:19:04.292 16787 16787 E memtrack: Couldn't load memtrack module (No such file or directory)
12-12 20:19:04.292 16787 16787 E android.os.Debug: failed to load memtrack module: -2
12-12 20:19:04.322 16787 16787 D dalvikvm: Note: class Landroid/app/ActivityManagerNative; has 192 unimplemented (abstract) methods
12-12 20:19:04.372 16787 16787 D AndroidRuntime: Calling main entry com.android.commands.pm.Pm
12-12 20:19:04.392   675  1823 D PackageManager: START PACKAGE DELETE: observer{1145226232}
12-12 20:19:04.392   675  1823 D PackageManager: pkg{<packageName>}
12-12 20:19:04.392   675  1823 D PackageManager: user{0}
12-12 20:19:04.392   675  1823 D PackageManager: deletePackageAsUser : uid = 2000 userId = 0
12-12 20:19:04.392   675   956 D PackageManager: [MSG] DELETE_PACKAGE_AS_USER
12-12 20:19:04.392   675   956 D ApplicationPolicy: getApplicationUninstallationEnabled
12-12 20:19:04.392   675   956 D ApplicationPolicy: getApplicationUninstallationEnabled :  enabled true
12-12 20:19:04.392   675   956 E PersonaManagerService: Unable to read user list
12-12 20:19:04.422   675   956 D PackageManager: !@killApplicatoin: 14710, uninstall pkg
12-12 20:19:04.432   675   956 W PackageManager: Couldn't delete native library directory /data/app-lib/com.trellis
12-12 20:19:04.532   675   956 E PersonaManagerService: Unable to read user list
12-12 20:19:04.552   270   270 D keystore: calling clear_uid in state: 3
12-12 20:19:04.552   675   956 D PackageManager: Sending to user 0: act=android.intent.action.PACKAGE_REMOVED dat=package:com.trellis flg=0x4000000 Bundle[{android.intent.extra.REMOVED_FOR_ALL_USERS=true, android.intent.extra.UID=14710, android.intent.extra.DATA_REMOVED=true, android.intent.extra.user_handle=0}]
12-12 20:19:04.612   675   960 I ServiceKeeper: In getappinfo pid = 675 pkgName = android appinfo = null
12-12 20:19:04.612   675   960 I ServiceKeeper: In getseinfo pid = 675 uid = 1000 seinfo= system
12-12 20:19:04.622  3766  3766 D QuickConnect: SconnectManager.onReceiver - action : android.intent.action.PACKAGE_REMOVED, package : com.trellis
12-12 20:19:04.632 12618 12618 I GeofencerStateMachine: removeGeofences: removeRequest=RemoveGeofencingRequest[REMOVE_ALL packageName=com.trellis]
12-12 20:19:04.632   675   985 I InputReader: Reconfiguring input devices.  changes=0x00000010
12-12 20:19:04.632   675  1374 D EnterpriseDeviceManager: ContainerId: 0
12-12 20:19:04.632   675  1272 D EnterpriseDeviceManager: ContainerId: 0
12-12 20:19:04.642   675   675 D RCPManagerService: PackageReceiver onReceive()
12-12 20:19:04.642   675  5908 I PackageManager:   Action: "android.intent.action.SENDTO"
12-12 20:19:04.642   675  5908 I PackageManager:   Category: "android.intent.category.DEFAULT"
12-12 20:19:04.642   675  5908 I PackageManager:   Scheme: "sms"
12-12 20:19:04.642   675   675 I HarmonyEASService: onReceive : android.intent.action.PACKAGE_REMOVED for 0
12-12 20:19:04.642  3550  3550 I elm     : MainReceiver.onReceive() : Intent { act=android.intent.action.PACKAGE_REMOVED dat=package:com.trellis flg=0x4000010 cmp=com.sec.esdk.elm/.receiver.MainReceiver (has extras) }
12-12 20:19:04.642   675  5908 I PackageManager: Adding preferred activity ComponentInfo{com.android.mms/com.android.mms.ui.ConversationComposer} for user 0 :
12-12 20:19:04.652   675   960 I ServiceKeeper: In getappinfo pid = 675 pkgName = android appinfo = null
12-12 20:19:04.652   675   960 I ServiceKeeper: In getseinfo pid = 675 uid = 1000 seinfo= system
12-12 20:19:04.652   675   936 W InputMethodInfo: Duplicated subtype definition found: , voice
12-12 20:19:04.652   675   956 D PackageManager: Sending to user 0: act=android.intent.action.PACKAGE_FULLY_REMOVED dat=package:com.trellis flg=0x4000000 Bundle[{android.intent.extra.REMOVED_FOR_ALL_USERS=true, android.intent.extra.UID=14710, android.intent.extra.DATA_REMOVED=true, android.intent.extra.user_handle=0}]
12-12 20:19:04.662   675   960 I ServiceKeeper: In getappinfo pid = 675 pkgName = android appinfo = null
12-12 20:19:04.662   675   960 I ServiceKeeper: In getseinfo pid = 675 uid = 1000 seinfo= system
12-12 20:19:04.662   675  1374 D EnterpriseDeviceManager: ContainerId: 0
12-12 20:19:04.672 16661 16803 D Documents: Used cached roots for com.android.externalstorage.documents
