12-12 20:19:23.332 17654 17654 D Headlines: HeadlinesCardManager constructor
12-12 20:19:23.332 17654 17654 D SA Version: CardProvider Library : 13
12-12 20:19:23.342  3766  3766 I QuickConnect: PeriphStartReceiver.onReceive - USER_OWNER care CONNECTIVITY_ACTION. run P service
12-12 20:19:23.342  3766  3766 V QuickConnect: SconnectManager.getInstance - () return existing instance com.samsung.android.sconnect.SconnectManager@431a17f8
12-12 20:19:23.342 17030 17042 D MagazineService::CardProviderContentProvider: insertProvider: provider already exists.: com.samsung.android.app.headlines
12-12 20:19:23.352 17030 17042 D MagazineService::CardProviderContentProvider: insertProvider: provider is updated.: com.samsung.android.app.headlines
12-12 20:19:23.372 17666 17666 I SELinux : Function: selinux_android_load_priority [0], There is no sepolicy file.
12-12 20:19:23.372 17666 17666 I SELinux :  
12-12 20:19:23.382 17654 17654 D com.samsung.android.magazine.cardprovider.ConfigurationManager: registerCardProvider: provider already exists.
12-12 20:19:23.382 17654 17654 I Headlines: HeadlinesDataCenter ctor
12-12 20:19:23.382 17654 17654 I Headlines: HeadlinesDataCenter. mLocale = en_US
12-12 20:19:23.382 17654 17654 D HeadlinesChannelUtil: getCountryCode(): countryCode = US
12-12 20:19:23.382 17654 17654 D Headlines: HeadlinesCardManager constructor welcome :YES
12-12 20:19:23.402 17654 17654 D skia    : GFXPNG PNG bitmap created width:90 height:90 bitmap id is 270 
12-12 20:19:23.402 17666 17666 I SELinux : Function: selinux_android_load_priority , spota verifySig and checkHash pass. priority version is VE=SEPF_SM-G900T_4.4.2_0055
12-12 20:19:23.402 17666 17666 I SELinux :  
12-12 20:19:23.402 17666 17666 I SELinux :  
12-12 20:19:23.402 17666 17666 I SELinux : selinux_android_seapp_context_reload: seapp_contexts file is loaded from /data/security/spota/seapp_contexts
12-12 20:19:23.402 17666 17666 E dalvikvm: >>>>> Normal User
12-12 20:19:23.402 17666 17666 E dalvikvm: >>>>> com.android.email [ userId:0 | appId:10178 ]
12-12 20:19:23.402 17654 17654 D Headlines: Breath timer started. interval : 30000
12-12 20:19:23.412 17654 17654 D Headlines: Breath.onStartCommand : com.samsung.android.internal.headlines.UPDATE_WELCOME_CARD flag : 0
12-12 20:19:23.412 17654 17654 D Headlines: [requestUpdateNewsWelcomeCard] request update welcome card to content card.
12-12 20:19:23.412 17654 17654 D HeadlinesDataCenter: requestUpdateNewsWelcomeCard !!! no welcome card
12-12 20:19:23.442  1233 13547 I NfcNfa  : GKI TASK_DEAD received. exit thread 3...
12-12 20:19:23.492   675  1272 D RCPManagerService: exchangeData() failure , invalid userId
12-12 20:19:23.502   675  1822 D RCPManagerService: exchangeData() failure , invalid userId
12-12 20:19:23.502   675  1390 D RCPManagerService: exchangeData() failure , invalid userId
12-12 20:19:23.542  1233  1233 W Settings: Setting device_provisioned has moved from android.provider.Settings.Secure to android.provider.Settings.Global.
12-12 20:19:23.542   675  1273 D EnterpriseDeviceManager: ContainerId: 0
12-12 20:19:23.552   675  1273 W LicenseLogService: log() failed
12-12 20:19:23.552   675  1026 D EnterpriseDeviceManager: ContainerId: 0
12-12 20:19:23.552   675  1026 W LicenseLogService: log() failed
12-12 20:19:23.562   675  5908 D EnterpriseDeviceManager: ContainerId: 0
12-12 20:19:23.562   675  5908 W LicenseLogService: log() failed
12-12 20:19:23.562   675   693 D EnterpriseDeviceManager: ContainerId: 0
12-12 20:19:23.562   675   693 W LicenseLogService: log() failed
12-12 20:19:23.562  1063  1063 D STATUSBAR-IconMerger: checkOverflow(504), More:false, Req:false Child:6
12-12 20:19:23.572   675  1823 D EnterpriseDeviceManager: ContainerId: 0
12-12 20:19:23.572   675  1823 W LicenseLogService: log() failed
12-12 20:19:23.572   675  1273 D RCPManagerService: exchangeData() failure , invalid userId
12-12 20:19:23.572   675  1385 D EnterpriseDeviceManager: ContainerId: 0
12-12 20:19:23.582   675  1385 W LicenseLogService: log() failed
12-12 20:19:23.592   675  5909 D EnterpriseDeviceManager: ContainerId: 0
12-12 20:19:23.592   675  5909 W LicenseLogService: log() failed
12-12 20:19:23.592   675  1272 D EnterpriseDeviceManager: ContainerId: 0
12-12 20:19:23.592   675  1272 W LicenseLogService: log() failed
12-12 20:19:23.592   675  5908 D EnterpriseDeviceManager: ContainerId: 0
12-12 20:19:23.592   675  5908 W LicenseLogService: log() failed
12-12 20:19:23.602 17687 17687 I SELinux : Function: selinux_android_load_priority [0], There is no sepolicy file.
12-12 20:19:23.602 17687 17687 I SELinux :  
12-12 20:19:23.602   675  1822 W ActivityManager: Unable to start service Intent { cmp=com.android.email/.service.AttachmentDownloadService } U=0: not found
12-12 20:19:23.632   675  5908 D RCPManagerService: exchangeData() failure , invalid userId
12-12 20:19:23.642 12014 17691 D Aatp    : /task/9a0350b607e7b0c4015d7d3a6150193e86a2fe23/status
12-12 20:19:23.642 17687 17687 I SELinux : Function: selinux_android_load_priority , spota verifySig and checkHash pass. priority version is VE=SEPF_SM-G900T_4.4.2_0055
12-12 20:19:23.642 17687 17687 I SELinux :  
12-12 20:19:23.642 17687 17687 I SELinux :  
12-12 20:19:23.642 17687 17687 I SELinux : selinux_android_seapp_context_reload: seapp_contexts file is loaded from /data/security/spota/seapp_contexts
12-12 20:19:23.652 17687 17687 E dalvikvm: >>>>> Normal User
12-12 20:19:23.652 17687 17687 E dalvikvm: >>>>> com.sec.android.provider.badge [ userId:0 | appId:10084 ]
12-12 20:19:23.672 12014 12018 D dalvikvm: GC_CONCURRENT freed 2053K, 35% free 17495K/26752K, paused 5ms+3ms, total 34ms
12-12 20:19:23.682 17700 17700 I SELinux : Function: selinux_android_load_priority [0], There is no sepolicy file.
12-12 20:19:23.682 17700 17700 I SELinux :  
12-12 20:19:23.682   675   953 I ActivityManager: Killing 16819:com.android.musicfx/u0a28 (adj 15): empty #31
12-12 20:19:23.692   675  1390 I ActivityManager: Killing 16848:com.samsung.android.app.galaxyfinder/u0a39 (adj 15): empty #31
12-12 20:19:23.702   262   262 D dalvikvm: GC_EXPLICIT freed 44K, 38% free 16812K/26752K, paused 1ms+1ms, total 20ms
12-12 20:19:23.722   262   262 D dalvikvm: GC_EXPLICIT freed <1K, 38% free 16812K/26752K, paused 1ms+2ms, total 14ms
12-12 20:19:23.732   262   262 D dalvikvm: GC_EXPLICIT freed <1K, 38% free 16812K/26752K, paused 1ms+2ms, total 14ms
12-12 20:19:23.752 17700 17700 I SELinux : Function: selinux_android_load_priority , spota verifySig and checkHash pass. priority version is VE=SEPF_SM-G900T_4.4.2_0055
12-12 20:19:23.752 17700 17700 I SELinux :  
12-12 20:19:23.752 17700 17700 I SELinux :  
12-12 20:19:23.752 17700 17700 I SELinux : selinux_android_seapp_context_reload: seapp_contexts file is loaded from /data/security/spota/seapp_contexts
12-12 20:19:23.752 17700 17700 E dalvikvm: >>>>> Normal User
12-12 20:19:23.752 17700 17700 E dalvikvm: >>>>> com.samsung.android.service.travel [ userId:0 | appId:10194 ]
12-12 20:19:23.752 17687 17687 D BadgeProvider: onCreate
12-12 20:19:23.752 17687 17687 D BadgeProvider: DatabaseHelper
12-12 20:19:23.772 17687 17699 D BadgeProvider: query, [selection] : package='com.android.email' AND class='com.android.email.activity.Welcome' AND extraData='base_extra_badge'
12-12 20:19:23.782 17687 17699 D BadgeProvider: sendNotify entered. [uri] : content://com.sec.badge/apps/1
12-12 20:19:23.782 17687 17699 D BadgeProvider: sendNotify, [notify] : null
12-12 20:19:23.782 17687 17699 D BadgeProvider: update, [uri] : content://com.sec.badge/apps/1
12-12 20:19:23.782 17687 17699 D BadgeProvider: update, [BadgeCount] : badgecount=0
12-12 20:19:23.782  1260  1260 D Launcher.Model: reloadBadges entered.
12-12 20:19:23.782 17687 17699 D BadgeProvider: update, [UpdateCount] : 1
12-12 20:19:23.822   675  1387 I ActivityManager: Killing 14308:com.android.defcontainer/u0a8 (adj 15): empty #31
12-12 20:19:23.832 17721 17721 I SELinux : Function: selinux_android_load_priority [0], There is no sepolicy file.
12-12 20:19:23.832 17721 17721 I SELinux :  
12-12 20:19:23.882   253   253 E SMD     : DCD ON
12-12 20:19:23.892 17721 17721 I SELinux : Function: selinux_android_load_priority , spota verifySig and checkHash pass. priority version is VE=SEPF_SM-G900T_4.4.2_0055
12-12 20:19:23.892 17721 17721 I SELinux :  
12-12 20:19:23.892 17721 17721 I SELinux :  
12-12 20:19:23.892 17721 17721 I SELinux : selinux_android_seapp_context_reload: seapp_contexts file is loaded from /data/security/spota/seapp_contexts
12-12 20:19:23.892 17721 17721 E dalvikvm: >>>>> Normal User
12-12 20:19:23.892 17721 17721 E dalvikvm: >>>>> com.tmobile.vvm.application [ userId:0 | appId:10199 ]
12-12 20:19:24.032   675  1388 I ActivityManager: Killing 16929:com.samsung.android.intelligenceservice/u0a6 (adj 15): empty #31
12-12 20:19:24.062 12830 12830 I iu.Environment: update connectivity state; isNetworkMetered? false, isRoaming? false, isBackgroundDataAllowed? false*
12-12 20:19:24.062 12830 13841 I iu.UploadsManager: num queued entries: 0
12-12 20:19:24.062 12830 13841 I iu.UploadsManager: num updated entries: 0
12-12 20:19:24.072 12830 13841 I iu.SyncManager: NEXT; no task
12-12 20:19:24.102  1260  1260 D skia    : GFXPNG PNG bitmap created width:264 height:132 bitmap id is 563 
12-12 20:19:24.112 12014 13733 D AatpDeviceManager: Stopped Mock Location
12-12 20:19:24.112 12014 12014 D AatpDeviceManager: taskStatus update (9a0350b607e7b0c4015d7d3a6150193e86a2fe23: {"result":"","state":2})
12-12 20:19:24.112   675   675 D NotificationService: cancelNotificationLocked
12-12 20:19:24.112   675   675 D NotificationService:  hasClearableItems
12-12 20:19:24.112   675   675 D NotificationService: Num of hasClearableItems : 1
12-12 20:19:24.112   675   675 W ContextImpl: Calling a method in the system process without a qualified user: android.app.ContextImpl.sendBroadcast:1505 com.android.server.StatusBarManagerService.sendNotification:985 com.android.server.StatusBarManagerService.removeNotification:710 com.android.server.NotificationManagerService.cancelNotificationLocked:2454 com.android.server.NotificationManagerService.access$5100:160 
12-12 20:19:24.112   675   675 D STATUSBAR-StatusBarManagerService: sendNotification(3) - 1096041560
12-12 20:19:24.112   675   675 D LightsService: [api] [SvcLED] turnOff:: id = 4 (uid: 1000 pid: 675) 
12-12 20:19:24.112   675   675 D LightsService: [SvcLED] setSvcLedStateLocked:: SvcLEDState : 0x0 -> 0x0 | SvcLED(id=4) set Off
12-12 20:19:24.112   675   971 D LightsService: [SvcLED] Lux failed to be updated in 700ms. -> handleForcedSvcLEDTasK
12-12 20:19:24.112   675   971 D LightsService: [SvcLED]  setSvcLedLightLocked :: Current SvcLED(id=3) maintains its priority right
12-12 20:19:24.122  1063  1063 D STATUSBAR-IconMerger: checkOverflow(504), More:false, Req:false Child:5
12-12 20:19:24.142  1260  1260 D dalvikvm: GC_FOR_ALLOC freed 6176K, 23% free 45046K/58452K, paused 38ms, total 38ms
12-12 20:19:24.142   675   960 I ServiceKeeper: In getappinfo pid = 675 pkgName = android appinfo = null
12-12 20:19:24.142   675   960 I ServiceKeeper: In getseinfo pid = 675 uid = 1000 seinfo= system
12-12 20:19:24.142 16907 16907 W ContextImpl: Calling a method in the system process without a qualified user: android.app.ContextImpl.startService:1847 android.content.ContextWrapper.startService:506 android.content.ContextWrapper.startService:506 com.android.settings.bluetooth.DockEventReceiver.beginStartingService:134 com.android.settings.bluetooth.DockEventReceiver.onReceive:115 
12-12 20:19:24.192 16907 16907 D LocalBluetoothProfileManager: PANU : true
12-12 20:19:24.192 16907 16907 D LocalBluetoothProfileManager: Adding local MAP profile
12-12 20:19:24.192 16907 16907 W ContextImpl: Calling a method in the system process without a qualified user: android.app.ContextImpl.bindService:1920 android.content.ContextWrapper.bindService:529 android.bluetooth.BluetoothPan.doBind:173 android.bluetooth.BluetoothPan.<init>:162 android.bluetooth.BluetoothAdapter.getProfileProxy:1401 
12-12 20:19:24.202 16907 16907 D BluetoothMap: Create BluetoothMap proxy object
12-12 20:19:24.202 16907 16907 W ContextImpl: Calling a method in the system process without a qualified user: android.app.ContextImpl.bindService:1920 android.content.ContextWrapper.bindService:529 android.bluetooth.BluetoothMap.doBind:109 android.bluetooth.BluetoothMap.<init>:102 android.bluetooth.BluetoothAdapter.getProfileProxy:1407 
12-12 20:19:24.202 16907 16907 W ContextImpl: Calling a method in the system process without a qualified user: android.app.ContextImpl.bindService:1920 android.content.ContextWrapper.bindService:529 android.bluetooth.BluetoothPbap.doBind:164 android.bluetooth.BluetoothPbap.<init>:157 com.android.settings.bluetooth.PbapServerProfile.<init>:68 
12-12 20:19:24.212 16907 16907 E Bluetoothsap: Could not bind to Bluetooth SAP Service with Intent { act=com.broadcom.bt.service.sap.IBluetoothSap }
12-12 20:19:24.212 16907 16907 D LocalBluetoothProfileManager: LocalBluetoothProfileManager construction complete
12-12 20:19:24.222 16907 16907 D DockEventReceiver: finishStartingService: stopping service
12-12 20:19:24.222   675   960 I ServiceKeeper: In getappinfo pid = 675 pkgName = android appinfo = null
12-12 20:19:24.222   675   960 I ServiceKeeper: In getseinfo pid = 675 uid = 1000 seinfo= system
12-12 20:19:24.222 16907 16907 D BluetoothNotiBroadcastReceiver: onReceive
12-12 20:19:24.272   675   960 I ServiceKeeper: In getappinfo pid = 675 pkgName = android appinfo = null
12-12 20:19:24.272   675   960 I ServiceKeeper: In getseinfo pid = 675 uid = 1000 seinfo= system
12-12 20:19:24.272 16907 16907 W ContextImpl: Calling a method in the system process without a qualified user: android.app.ContextImpl.startService:1847 android.content.ContextWrapper.startService:506 android.content.ContextWrapper.startService:506 com.android.settings.bluetooth.DockEventReceiver.beginStartingService:134 com.android.settings.bluetooth.DockEventReceiver.onReceive:115 
12-12 20:19:24.282 16907 16907 D DockEventReceiver: finishStartingService: stopping service
12-12 20:19:24.282   675   960 I ServiceKeeper: In getappinfo pid = 675 pkgName = android appinfo = null
12-12 20:19:24.282   675   960 I ServiceKeeper: In getseinfo pid = 675 uid = 1000 seinfo= system
12-12 20:19:24.292 16907 16907 D BluetoothNotiBroadcastReceiver: onReceive
12-12 20:19:24.372 12618 12618 I GCoreNlp: shouldConfirmNlp, NLP off. Ensuring opt-in disabled
12-12 20:19:24.402 12618 12618 I GeofencerStateMachine: sendQueryLocationOptIn
12-12 20:19:24.402   675   960 I ServiceKeeper: In getappinfo pid = 675 pkgName = android appinfo = null
12-12 20:19:24.402   675   960 I ServiceKeeper: In getseinfo pid = 675 uid = 1000 seinfo= system
12-12 20:19:24.402   675   960 I ServiceKeeper: In getappinfo pid = 675 pkgName = android appinfo = null
12-12 20:19:24.412   675   960 I ServiceKeeper: In getseinfo pid = 675 uid = 1000 seinfo= system
12-12 20:19:24.412 12618 17746 I GCoreUlr: Starting service, intent=Intent { act=com.google.android.location.reporting.ACTION_UPDATE_WORLD cmp=com.google.android.gms/com.google.android.location.reporting.service.DispatchingService (has extras) }, extras=Bundle[{receiverAction=android.location.PROVIDERS_CHANGED}]
12-12 20:19:24.412 12830 13061 I Authzen : [PermitStore] Getting all permits...
12-12 20:19:24.472   675   960 I ServiceKeeper: In getappinfo pid = 675 pkgName = android appinfo = null
12-12 20:19:24.472   675   960 I ServiceKeeper: In getseinfo pid = 675 uid = 1000 seinfo= system
12-12 20:19:24.472   675   960 I ServiceKeeper: In getappinfo pid = 675 pkgName = android appinfo = null
12-12 20:19:24.472   675   960 I ServiceKeeper: In getseinfo pid = 675 uid = 1000 seinfo= system
12-12 20:19:24.472   675   960 I ServiceKeeper: In getappinfo pid = 675 pkgName = android appinfo = null
12-12 20:19:24.472   675   960 I ServiceKeeper: In getseinfo pid = 675 uid = 1000 seinfo= system
12-12 20:19:24.472 16907 16907 D [SBeam] : SBeamEnabler.isPowerOff : shutdown - 0, reason - 0, retVal - false
12-12 20:19:24.482 12618 17751 I GCoreUlr: WorldUpdater received intent Intent { act=com.google.android.location.reporting.ACTION_UPDATE_WORLD cmp=com.google.android.gms/com.google.android.location.reporting.service.DispatchingService (has extras) } with receiverAction android.location.PROVIDERS_CHANGED
12-12 20:19:24.482   675  5909 D EnterpriseDeviceManager: ContainerId: 0
12-12 20:19:24.482   675  5909 W LicenseLogService: log() failed
12-12 20:19:24.482 12618 17751 I GCoreUlr: WorldUpdater:android.location.PROVIDERS_CHANGED: Ensuring that reporting is stopped because of reasons: (no Google accounts)
12-12 20:19:24.502 16907 16907 D [SBeam] : SBeamEnabler.saveSbeamOn : on[false] last[false] save[false]
12-12 20:19:24.502 16907 16907 W ContextImpl: Calling a method in the system process without a qualified user: android.app.ContextImpl.sendBroadcast:1491 android.content.ContextWrapper.sendBroadcast:377 android.content.ContextWrapper.sendBroadcast:377 com.android.settings.nfc.SBeamEnabler.saveSbeamOn:633 com.android.settings.nfc.SBeamStateReceiver.onReceive:69 
12-12 20:19:24.512   675   692 D EnterpriseDeviceManager: ContainerId: 0
12-12 20:19:24.512   675   692 V ApplicationPolicy: isApplicationStateBlocked userId 0 pkgname com.google.android.gms
12-12 20:19:24.512   675   960 I ServiceKeeper: In getappinfo pid = 675 pkgName = android appinfo = null
12-12 20:19:24.512   675   960 I ServiceKeeper: In getseinfo pid = 675 uid = 1000 seinfo= system
12-12 20:19:24.512   675   692 D CustomFrequencyManagerService: acquireDVFSLockLocked : type : DVFS_MIN_LIMIT  frequency : 1958400  uid : 1000  pid : 675  pkgName : ACTIVITY_RESUME_BOOSTER@6
12-12 20:19:24.522   261   261 I SurfaceFlinger: id=50 createSurf (16x16),-1 flag=20004, EimLayer
12-12 20:19:24.522   261   261 I SurfaceFlinger: id=51 createSurf (16x16),-1 flag=20004, EimLayer
12-12 20:19:24.522  1260  1260 D Launcher.HomeView: onPause
12-12 20:19:24.522   675   692 W ActivityManager: mDVFSHelper.acquire()
12-12 20:19:24.532   675   960 I ServiceKeeper: In getappinfo pid = 675 pkgName = android appinfo = null
12-12 20:19:24.532   675   960 I ServiceKeeper: In getseinfo pid = 675 uid = 1000 seinfo= system
12-12 20:19:24.532   675   934 D PointerIcon: setMouseIconStyle1 pointerType: 1001iconType:101 flag:0
12-12 20:19:24.532   675   934 D PointerIcon: setMouseCustomIcon IconType is same.101
12-12 20:19:24.532   675   934 D PointerIcon: setHoveringSpenIconStyle1 pointerType: 10001iconType:1 flag:0
12-12 20:19:24.532   675   934 D PointerIcon: setHoveringSpenCustomIcon IconType is same.1
12-12 20:19:24.532  1321  1321 D WfcActivityStateReceiver: onReceive(): packageName=com.sec.android.app.launcher, activityState=pause
12-12 20:19:24.532  1063  1063 D PhoneStatusBar: setTransGradationMode=false, mTransparentMode=false, mSemiTransparentMode=false, mMultiWindowMode=false
12-12 20:19:24.532   675   960 I ServiceKeeper: In getappinfo pid = 675 pkgName = android appinfo = null
12-12 20:19:24.532   675   960 I ServiceKeeper: In getseinfo pid = 675 uid = 1000 seinfo= system
12-12 20:19:24.532   675  1042 V SmartFaceService - 3rd party pause: onReceive [android.intent.action.ACTIVITY_STATE/com.sec.android.app.launcher/pause]
12-12 20:19:24.532   675  1823 D StatusBarManagerService: tr p:1260,o:f
12-12 20:19:24.562 17756 17756 I SELinux : Function: selinux_android_load_priority [0], There is no sepolicy file.
12-12 20:19:24.562 17756 17756 I SELinux :  
12-12 20:19:24.582 12618 12622 D dalvikvm: GC_CONCURRENT freed 1683K, 22% free 21353K/27352K, paused 4ms+3ms, total 37ms
12-12 20:19:24.582 17762 17762 I SELinux : Function: selinux_android_load_priority [0], There is no sepolicy file.
12-12 20:19:24.582 17762 17762 I SELinux :  
12-12 20:19:24.582   675  1387 W ContextImpl: Calling a method in the system process without a qualified user: android.app.ContextImpl.sendBroadcast:1505 com.android.server.am.AppStateBroadcaster.BroadcastAppState:128 com.android.server.am.AppStateBroadcaster.SendApplicationStart:28 com.android.server.am.ActivityStackSupervisor.startSpecificActivityLocked:1424 com.android.server.am.ActivityStack.resumeTopActivityLocked:2349 
12-12 20:19:24.582   675  1387 W ContextImpl: Calling a method in the system process without a qualified user: android.app.ContextImpl.sendBroadcast:1505 com.android.server.am.AppStateBroadcaster.BroadcastAppState:128 com.android.server.am.AppStateBroadcaster.SendApplicationFocusLoss:40 com.android.server.am.ActivityStack.resumeTopActivityLocked:2361 com.android.server.am.ActivityStackSupervisor.resumeTopActivitiesLocked:3313 
12-12 20:19:24.592  1063 12093 D LockPatternUtils: isPcwEnable = 10
12-12 20:19:24.592 17756 17756 I SELinux : Function: selinux_android_load_priority , spota verifySig and checkHash pass. priority version is VE=SEPF_SM-G900T_4.4.2_0055
12-12 20:19:24.592 17756 17756 I SELinux :  
12-12 20:19:24.592 17756 17756 I SELinux :  
12-12 20:19:24.592  1260  1260 D AbsListView: unregisterIRListener() is called 
12-12 20:19:24.592 17756 17756 I SELinux : selinux_android_seapp_context_reload: seapp_contexts file is loaded from /data/security/spota/seapp_contexts
12-12 20:19:24.592 17756 17756 E dalvikvm: >>>>> Normal User
12-12 20:19:24.592 17756 17756 E dalvikvm: >>>>> com.sec.android.widgetapp.activeapplicationwidget [ userId:0 | appId:10174 ]
12-12 20:19:24.592   675  1387 W ContextImpl: Calling a method in the system process without a qualified user: android.app.ContextImpl.sendBroadcast:1505 com.android.server.am.AppStateBroadcaster.BroadcastAppState:128 com.android.server.am.AppStateBroadcaster.SendApplicationFocusGain:34 com.android.server.am.ActivityStack.resumeTopActivityLocked:2362 com.android.server.am.ActivityStackSupervisor.resumeTopActivitiesLocked:3313 
12-12 20:19:24.602  1457  1617 I MicrophoneInputStream: mic_close fib@432078d0
12-12 20:19:24.612 17762 17762 I SELinux : Function: selinux_android_load_priority , spota verifySig and checkHash pass. priority version is VE=SEPF_SM-G900T_4.4.2_0055
12-12 20:19:24.612 17762 17762 I SELinux :  
12-12 20:19:24.612 17762 17762 I SELinux :  
12-12 20:19:24.612 17762 17762 I SELinux : selinux_android_seapp_context_reload: seapp_contexts file is loaded from /data/security/spota/seapp_contexts
12-12 20:19:24.612 17762 17762 E dalvikvm: >>>>> Normal User
12-12 20:19:24.612 17762 17762 E dalvikvm: >>>>> com.google.android.gms.ui [ userId:0 | appId:10015 ]
12-12 20:19:24.622   675  1388 W ContextImpl: Calling a method in the system process without a qualified user: android.app.ContextImpl.sendBroadcast:1505 com.android.server.am.AppStateBroadcaster.BroadcastAppState:128 com.android.server.am.AppStateBroadcaster.SendApplicationStart:28 com.android.server.am.ActivityStackSupervisor.startSpecificActivityLocked:1424 com.android.server.am.ActivityStack.ensureActivitiesVisibleLocked:1656 
12-12 20:19:24.632   266 16529 V audio_hw_primary: in_standby: enter
12-12 20:19:24.632  1260  1260 D skia    : GFXPNG PNG bitmap created width:96 height:96 bitmap id is 564 
12-12 20:19:24.632 12618 17751 I GCoreUlr: Unbound from all location providers
12-12 20:19:24.632 12618 17751 I GCoreUlr: Place inference reporting - stop
12-12 20:19:24.632   675   960 I ServiceKeeper: In getappinfo pid = 675 pkgName = android appinfo = null
12-12 20:19:24.632   675   960 I ServiceKeeper: In getseinfo pid = 675 uid = 1000 seinfo= system
12-12 20:19:24.642   675   960 I ServiceKeeper: In getappinfo pid = 675 pkgName = android appinfo = null
12-12 20:19:24.642   675   960 I ServiceKeeper: In getseinfo pid = 675 uid = 1000 seinfo= system
12-12 20:19:24.642   675   960 I ServiceKeeper: In getappinfo pid = 675 pkgName = android appinfo = null
12-12 20:19:24.642   675   960 I ServiceKeeper: In getseinfo pid = 675 uid = 1000 seinfo= system
12-12 20:19:24.662  1321  1321 D WfcActivityStateReceiver: onReceive(): packageName=com.google.android.gms, activityState=create
12-12 20:19:24.662   266 16529 V audio_hw_primary: stop_input_stream: enter: usecase(7: audio-record)
12-12 20:19:24.662   266 16529 V audio_hw_primary: disable_audio_route: enter: usecase(7)
12-12 20:19:24.662   266 16529 V audio_hw_primary: disable_audio_route: reset mixer path: audio-record
12-12 20:19:24.662   266 16529 D audio_route: ++++ audio_route_update_mixer ==============
12-12 20:19:24.662   266 16529 D audio_route: Setting mixer control: MultiMedia1 Mixer SLIM_0_TX, value: 0
12-12 20:19:24.662   675  1042 V SmartFaceService - 3rd party pause: onReceive [android.intent.action.ACTIVITY_STATE/com.google.android.gms/create]
12-12 20:19:24.672   266 16529 D audio_route: ------ audio_route_update_mixer ==============
12-12 20:19:24.672   266 16529 V audio_hw_primary: disable_audio_route: exit
12-12 20:19:24.672   266 16529 V audio_hw_primary: disable_snd_device: snd_device(121: vr-main-mic)
12-12 20:19:24.672   266 16529 D audio_route: ++++ audio_route_update_mixer ==============
12-12 20:19:24.672   266 16529 D audio_route: Setting mixer control: DEC2 Volume, value: 0
12-12 20:19:24.672   266 16529 D audio_route: Setting mixer control: SLIM TX7 MUX, value: 0
12-12 20:19:24.672   266 16529 D audio_route: Setting mixer control: AIF1_CAP Mixer SLIM TX7, value: 0
12-12 20:19:24.672   266 16529 D audio_route: Setting mixer control: DEC2 MUX, value: 0
12-12 20:19:24.672   266 16529 D audio_route: ------ audio_route_update_mixer ==============
12-12 20:19:24.672   266 16529 V audio_hw_primary: stop_input_stream: exit: status(0)
12-12 20:19:24.672   266 16529 V audio_hw_primary: in_standby: exit:  status(0)
12-12 20:19:24.672   675   960 I ServiceKeeper: In getappinfo pid = 675 pkgName = android appinfo = null
12-12 20:19:24.672   675   960 I ServiceKeeper: In getseinfo pid = 675 uid = 1000 seinfo= system
12-12 20:19:24.672   266   798 V AudioPolicyManagerBase: stopInput() input 23
12-12 20:19:24.682   675   960 I ServiceKeeper: In getappinfo pid = 675 pkgName = android appinfo = null
12-12 20:19:24.682 12014 17783 D Aatp    : /task/9a0350b607e7b0c4015d7d3a6150193e86a2fe23/status
12-12 20:19:24.682   675   960 I ServiceKeeper: In getseinfo pid = 675 uid = 1000 seinfo= system
12-12 20:19:24.682   675   960 I ServiceKeeper: In getappinfo pid = 675 pkgName = android appinfo = null
12-12 20:19:24.682   675   960 I ServiceKeeper: In getseinfo pid = 675 uid = 1000 seinfo= system
12-12 20:19:24.682   675   960 I ServiceKeeper: In getappinfo pid = 675 pkgName = android appinfo = null
12-12 20:19:24.682   675   960 I ServiceKeeper: In getseinfo pid = 675 uid = 1000 seinfo= system
12-12 20:19:24.692   266   835 V AudioPolicyManagerBase: releaseInput() 23
12-12 20:19:24.692  1457 16528 I HotwordRecognitionRnr: Hotword detection finished
12-12 20:19:24.692  1457  1618 I HotwordRecognitionRnr: Stopping hotword detection.
12-12 20:19:24.692 17762 17762 W dalvikvm: VFY: unable to resolve static field 937 (PR_SET_DUMPABLE) in Landroid/system/OsConstants;
12-12 20:19:24.692 17762 17762 D dalvikvm: VFY: replacing opcode 0x60 at 0x0009
12-12 20:19:24.692   266   835 V audio_hw_primary: adev_close_input_stream
12-12 20:19:24.692   266   835 V audio_hw_primary: in_standby: enter
12-12 20:19:24.692   266   835 V audio_hw_primary: in_standby: exit:  status(0)
12-12 20:19:24.692   266   835 V AudioPolicyManagerBase: releaseInput() exit
12-12 20:19:24.692   675   960 I ServiceKeeper: In getappinfo pid = 675 pkgName = android appinfo = null
12-12 20:19:24.692   675   960 I ServiceKeeper: In getseinfo pid = 675 uid = 1000 seinfo= system
12-12 20:19:24.702 17762 17762 W dalvikvm: VFY: unable to find class referenced in signature (Laqvj;)
12-12 20:19:24.702 17762 17762 W dalvikvm: VFY: unable to find class referenced in signature (Laqvj;)
12-12 20:19:24.702 17762 17762 W dalvikvm: VFY: unable to find class referenced in signature (Laqvj;)
12-12 20:19:24.702 17762 17762 W dalvikvm: VFY: unable to find class referenced in signature (Laqvj;)
12-12 20:19:24.702 17756 17756 V TaskCloserActivity: TaskCloserActivity enter()
12-12 20:19:24.702 17762 17762 I dalvikvm: Could not find method android.content.Context.getSystemService, referenced from method ro.a
12-12 20:19:24.702 17762 17762 W dalvikvm: VFY: unable to resolve virtual method 1684: Landroid/content/Context;.getSystemService (Ljava/lang/Class;)Ljava/lang/Object;
12-12 20:19:24.702 17762 17762 D dalvikvm: VFY: replacing opcode 0x6e at 0x0008
12-12 20:19:24.702 17762 17762 I dalvikvm: Could not find method android.content.Context.createDeviceProtectedStorageContext, referenced from method jkx.a
12-12 20:19:24.702 17762 17762 W dalvikvm: VFY: unable to resolve virtual method 1659: Landroid/content/Context;.createDeviceProtectedStorageContext ()Landroid/content/Context;
12-12 20:19:24.702 17762 17762 D dalvikvm: VFY: replacing opcode 0x6e at 0x0029
12-12 20:19:24.702 17762 17762 I dalvikvm: Could not find method android.content.Context.getSystemService, referenced from method jkx.b
12-12 20:19:24.702 17762 17762 W dalvikvm: VFY: unable to resolve virtual method 1684: Landroid/content/Context;.getSystemService (Ljava/lang/Class;)Ljava/lang/Object;
12-12 20:19:24.702 17762 17762 D dalvikvm: VFY: replacing opcode 0x6e at 0x000b
12-12 20:19:24.702 12618 17751 I GCoreUlr: DispatchingService ignoring Intent { act=android.net.wifi.WIFI_STATE_CHANGED flg=0x4000010 (has extras) } because ULR inactive
12-12 20:19:24.702 17756 17756 V TaskCloserActivity: TaskCloserActivity onReceive() - com.sec.android.intent.action.HOME_PAUSE
12-12 20:19:24.702   675   960 I ServiceKeeper: In getappinfo pid = 675 pkgName = android appinfo = null
12-12 20:19:24.702   675   960 I ServiceKeeper: In getseinfo pid = 675 uid = 1000 seinfo= system
12-12 20:19:24.702 17762 17762 I dalvikvm: Could not find method android.content.Context.isDeviceProtectedStorage, referenced from method zcx.a
12-12 20:19:24.702 17762 17762 W dalvikvm: VFY: unable to resolve virtual method 1689: Landroid/content/Context;.isDeviceProtectedStorage ()Z
12-12 20:19:24.702 17762 17762 D dalvikvm: VFY: replacing opcode 0x6e at 0x0009
12-12 20:19:24.702 17762 17762 I dalvikvm: Could not find method android.content.Context.isDeviceProtectedStorage, referenced from method zcx.c
12-12 20:19:24.702 17762 17762 W dalvikvm: VFY: unable to resolve virtual method 1689: Landroid/content/Context;.isDeviceProtectedStorage ()Z
12-12 20:19:24.702 17762 17762 D dalvikvm: VFY: replacing opcode 0x6e at 0x005d
12-12 20:19:24.702   675  5909 I ActivityManager: Killing 16944:com.samsung.android.app.assistantmenu/1000 (adj 15): empty #31
12-12 20:19:24.712 17762 17762 I dalvikvm: Could not find method android.os.PowerManager.isInteractive, referenced from method jih.a
12-12 20:19:24.712 17762 17762 W dalvikvm: VFY: unable to resolve virtual method 2258: Landroid/os/PowerManager;.isInteractive ()Z
12-12 20:19:24.712 17762 17762 D dalvikvm: VFY: replacing opcode 0x6e at 0x0012
12-12 20:19:24.712   675   960 I ServiceKeeper: In getappinfo pid = 675 pkgName = android appinfo = null
12-12 20:19:24.712   675   960 I ServiceKeeper: In getseinfo pid = 675 uid = 1000 seinfo= system
12-12 20:19:24.712 17762 17762 I dalvikvm: Could not find method android.content.ContextWrapper.createCredentialProtectedStorageContext, referenced from method com.google.android.chimera.ModuleContext.createCredentialProtectedStorageContext
12-12 20:19:24.712 17762 17762 W dalvikvm: VFY: unable to resolve virtual method 1708: Landroid/content/ContextWrapper;.createCredentialProtectedStorageContext ()Landroid/content/Context;
12-12 20:19:24.712 17762 17762 D dalvikvm: VFY: replacing opcode 0x6f at 0x0002
12-12 20:19:24.712 17762 17762 I dalvikvm: Could not find method android.content.ContextWrapper.createDeviceProtectedStorageContext, referenced from method com.google.android.chimera.ModuleContext.createDeviceProtectedStorageContext
12-12 20:19:24.712 17762 17762 W dalvikvm: VFY: unable to resolve virtual method 1709: Landroid/content/ContextWrapper;.createDeviceProtectedStorageContext ()Landroid/content/Context;
12-12 20:19:24.712 17762 17762 D dalvikvm: VFY: replacing opcode 0x6f at 0x0002
12-12 20:19:24.712 17762 17762 I dalvikvm: Could not find method android.content.Context.isCredentialProtectedStorage, referenced from method cqq.a
12-12 20:19:24.712 17762 17762 W dalvikvm: VFY: unable to resolve virtual method 1688: Landroid/content/Context;.isCredentialProtectedStorage ()Z
12-12 20:19:24.712 17762 17762 D dalvikvm: VFY: replacing opcode 0x6e at 0x0000
12-12 20:19:24.712 17762 17762 I dalvikvm: Could not find method android.os.UserManager.isUserUnlocked, referenced from method cqq.a
12-12 20:19:24.712 17762 17762 W dalvikvm: VFY: unable to resolve virtual method 2311: Landroid/os/UserManager;.isUserUnlocked ()Z
12-12 20:19:24.712 17762 17762 D dalvikvm: VFY: replacing opcode 0x6e at 0x001a
12-12 20:19:24.712 17762 17762 I dalvikvm: Could not find method android.content.Context.isDeviceProtectedStorage, referenced from method cqq.b
12-12 20:19:24.712 17762 17762 W dalvikvm: VFY: unable to resolve virtual method 1689: Landroid/content/Context;.isDeviceProtectedStorage ()Z
12-12 20:19:24.712 17762 17762 D dalvikvm: VFY: replacing opcode 0x6e at 0x0000
12-12 20:19:24.712 17762 17762 I dalvikvm: Could not find method android.content.Context.isDeviceProtectedStorage, referenced from method cqq.c
12-12 20:19:24.712 17762 17762 W dalvikvm: VFY: unable to resolve virtual method 1689: Landroid/content/Context;.isDeviceProtectedStorage ()Z
12-12 20:19:24.712 17762 17762 D dalvikvm: VFY: replacing opcode 0x6e at 0x0000
12-12 20:19:24.712 17762 17762 I MultiDex: VM with version 1.6.0 does not have multidex support
12-12 20:19:24.712 17762 17762 I MultiDex: install
12-12 20:19:24.712 17762 17762 I MultiDex: MultiDexExtractor.load(/data/app/com.google.android.gms-3519.apk, false)
12-12 20:19:24.712 17762 17762 I MultiDex: Blocking on lock /data/data/com.google.android.gms/code_cache/secondary-dexes/MultiDex.lock
12-12 20:19:24.712 17762 17762 I MultiDex: /data/data/com.google.android.gms/code_cache/secondary-dexes/MultiDex.lock locked
12-12 20:19:24.722 17762 17762 I MultiDex: loading existing secondary dex files
12-12 20:19:24.722 17762 17762 I MultiDex: load found 4 secondary dex files
12-12 20:19:24.722 17762 17762 I MultiDex: install done
12-12 20:19:24.732 17762 17762 I dalvikvm: Could not find method android.content.Context.isDeviceProtectedStorage, referenced from method kel.d
12-12 20:19:24.732 17762 17762 W dalvikvm: VFY: unable to resolve virtual method 1689: Landroid/content/Context;.isDeviceProtectedStorage ()Z
12-12 20:19:24.732 17762 17762 D dalvikvm: VFY: replacing opcode 0x6e at 0x0006
12-12 20:19:24.732 17762 17762 I dalvikvm: Could not find method android.os.UserHandle.isOwner, referenced from method kel.i
12-12 20:19:24.732 17762 17762 W dalvikvm: VFY: unable to resolve virtual method 2304: Landroid/os/UserHandle;.isOwner ()Z
12-12 20:19:24.732 17762 17762 D dalvikvm: VFY: replacing opcode 0x6e at 0x000a
12-12 20:19:24.742 17762 17762 I dalvikvm: Could not find method android.content.pm.PackageManager.isInstantApp, referenced from method kkc.a
12-12 20:19:24.742 17762 17762 W dalvikvm: VFY: unable to resolve virtual method 1808: Landroid/content/pm/PackageManager;.isInstantApp (Ljava/lang/String;)Z
12-12 20:19:24.742 17762 17762 D dalvikvm: VFY: replacing opcode 0x6e at 0x002d
12-12 20:19:24.752 17762 17762 I dalvikvm: Could not find method android.content.ContextWrapper.createCredentialProtectedStorageContext, referenced from method jwn.createCredentialProtectedStorageContext
12-12 20:19:24.752 17762 17762 W dalvikvm: VFY: unable to resolve virtual method 1708: Landroid/content/ContextWrapper;.createCredentialProtectedStorageContext ()Landroid/content/Context;
12-12 20:19:24.752 17762 17762 D dalvikvm: VFY: replacing opcode 0x6f at 0x0002
12-12 20:19:24.752 17762 17762 I dalvikvm: Could not find method android.content.ContextWrapper.createDeviceProtectedStorageContext, referenced from method jwn.createDeviceProtectedStorageContext
12-12 20:19:24.752 17762 17762 W dalvikvm: VFY: unable to resolve virtual method 1709: Landroid/content/ContextWrapper;.createDeviceProtectedStorageContext ()Landroid/content/Context;
12-12 20:19:24.752 17762 17762 D dalvikvm: VFY: replacing opcode 0x6f at 0x0002
12-12 20:19:24.752 17762 17762 D dalvikvm: DexOpt: couldn't find static field Landroid/os/Build;.SUPPORTED_ABIS
12-12 20:19:24.752 17762 17762 W dalvikvm: VFY: unable to resolve static field 918 (SUPPORTED_ABIS) in Landroid/os/Build;
12-12 20:19:24.752 17762 17762 D dalvikvm: VFY: replacing opcode 0x62 at 0x0008
12-12 20:19:24.752 17762 17762 D dalvikvm: DexOpt: couldn't find static field Landroid/os/Build;.SUPPORTED_ABIS
12-12 20:19:24.752 17762 17762 W dalvikvm: VFY: unable to resolve static field 918 (SUPPORTED_ABIS) in Landroid/os/Build;
12-12 20:19:24.752 17762 17762 D dalvikvm: VFY: replacing opcode 0x62 at 0x0097
12-12 20:19:24.752 17762 17762 D dalvikvm: DexOpt: couldn't find field Landroid/content/pm/ApplicationInfo;.splitSourceDirs
12-12 20:19:24.752 17762 17762 W dalvikvm: VFY: unable to resolve instance field 849
12-12 20:19:24.752 17762 17762 D dalvikvm: VFY: replacing opcode 0x54 at 0x0053
12-12 20:19:24.752 17762 17762 D dalvikvm: DexOpt: couldn't find field Landroid/content/pm/ApplicationInfo;.splitSourceDirs
12-12 20:19:24.752 17762 17762 I dalvikvm: DexOpt: unable to optimize instance field ref 0x0351 at 0x57 in Lkgr;.d
12-12 20:19:24.752 17762 17762 D dalvikvm: Trying to load lib /data/app-lib/com.google.android.gms-3519/libgmscore.so 0x43198820
12-12 20:19:24.762 17762 17762 D dalvikvm: Added shared lib /data/app-lib/com.google.android.gms-3519/libgmscore.so 0x43198820
12-12 20:19:24.762 17762 17762 D dalvikvm: No JNI_OnLoad found in /data/app-lib/com.google.android.gms-3519/libgmscore.so 0x43198820, skipping init
12-12 20:19:24.762 17762 17762 D dalvikvm: Trying to load lib /data/app-lib/com.google.android.gms-3519/libconscrypt_gmscore_jni.so 0x43198820
12-12 20:19:24.762 17762 17762 D dalvikvm: Added shared lib /data/app-lib/com.google.android.gms-3519/libconscrypt_gmscore_jni.so 0x43198820
12-12 20:19:24.762 17762 17762 V NativeCrypto: Registering com/google/android/gms/org/conscrypt/NativeCrypto's 276 native methods...
12-12 20:19:24.762 17762 17762 E dalvikvm: Could not find class 'javax.net.ssl.SNIServerName', referenced from method com.google.android.gms.org.conscrypt.Platform.getSniHostnameFromParams
12-12 20:19:24.762 17762 17762 W dalvikvm: VFY: unable to resolve check-cast 2222 (Ljavax/net/ssl/SNIServerName;) in Lcom/google/android/gms/org/conscrypt/Platform;
12-12 20:19:24.762 17762 17762 D dalvikvm: VFY: replacing opcode 0x1f at 0x0025
12-12 20:19:24.762 17762 17762 E dalvikvm: Could not find class 'javax.net.ssl.SNIHostName', referenced from method com.google.android.gms.org.conscrypt.Platform.setParametersSniHostname
12-12 20:19:24.762 17762 17762 W dalvikvm: VFY: unable to resolve new-instance 2221 (Ljavax/net/ssl/SNIHostName;) in Lcom/google/android/gms/org/conscrypt/Platform;
12-12 20:19:24.762 17762 17762 D dalvikvm: VFY: replacing opcode 0x22 at 0x0024
12-12 20:19:24.762 17762 17762 E dalvikvm: Could not find class 'javax.net.ssl.SNIHostName', referenced from method com.google.android.gms.org.conscrypt.Platform.setParametersSniHostname
12-12 20:19:24.762 17762 17762 W dalvikvm: VFY: unable to resolve new-instance 2221 (Ljavax/net/ssl/SNIHostName;) in Lcom/google/android/gms/org/conscrypt/Platform;
12-12 20:19:24.762 17762 17762 D dalvikvm: VFY: replacing opcode 0x22 at 0x0024
12-12 20:19:24.762 17762 17762 W dalvikvm: Unable to resolve superclass of Lcom/google/android/gms/org/conscrypt/DelegatingExtendedSSLSession; (2212)
12-12 20:19:24.762 17762 17762 W dalvikvm: Link of class 'Lcom/google/android/gms/org/conscrypt/DelegatingExtendedSSLSession;' failed
12-12 20:19:24.762 17762 17762 E dalvikvm: Could not find class 'com.google.android.gms.org.conscrypt.DelegatingExtendedSSLSession', referenced from method com.google.android.gms.org.conscrypt.Platform.unwrapSSLSession
12-12 20:19:24.762 17762 17762 W dalvikvm: VFY: unable to resolve instanceof 1304 (Lcom/google/android/gms/org/conscrypt/DelegatingExtendedSSLSession;) in Lcom/google/android/gms/org/conscrypt/Platform;
12-12 20:19:24.762 17762 17762 D dalvikvm: VFY: replacing opcode 0x20 at 0x0007
12-12 20:19:24.772 17762 17762 W dalvikvm: Unable to resolve superclass of Lcom/google/android/gms/org/conscrypt/DelegatingExtendedSSLSession; (2212)
12-12 20:19:24.772 17762 17762 W dalvikvm: Link of class 'Lcom/google/android/gms/org/conscrypt/DelegatingExtendedSSLSession;' failed
12-12 20:19:24.772 17762 17762 E dalvikvm: Could not find class 'com.google.android.gms.org.conscrypt.DelegatingExtendedSSLSession', referenced from method com.google.android.gms.org.conscrypt.Platform.wrapSSLSession
12-12 20:19:24.772 17762 17762 W dalvikvm: VFY: unable to resolve new-instance 1304 (Lcom/google/android/gms/org/conscrypt/DelegatingExtendedSSLSession;) in Lcom/google/android/gms/org/conscrypt/Platform;
12-12 20:19:24.772 17762 17762 D dalvikvm: VFY: replacing opcode 0x22 at 0x0007
12-12 20:19:24.772 17762 17762 D dalvikvm: DexOpt: unable to opt direct call 0x3096 at 0x2a in Lcom/google/android/gms/org/conscrypt/Platform;.setParametersSniHostname
12-12 20:19:24.772 17762 17762 D dalvikvm: DexOpt: unable to opt direct call 0x3096 at 0x2a in Lcom/google/android/gms/org/conscrypt/Platform;.setParametersSniHostname
12-12 20:19:24.772 17762 17762 W dalvikvm: Unable to resolve superclass of Lcom/google/android/gms/org/conscrypt/DelegatingExtendedSSLSession; (2212)
12-12 20:19:24.772 17762 17762 W dalvikvm: Link of class 'Lcom/google/android/gms/org/conscrypt/DelegatingExtendedSSLSession;' failed
12-12 20:19:24.772 17762 17762 D dalvikvm: DexOpt: unable to opt direct call 0x1b67 at 0x09 in Lcom/google/android/gms/org/conscrypt/Platform;.wrapSSLSession
12-12 20:19:24.772 12014 17787 D Aatp    : /locale
12-12 20:19:24.782 12014 17787 D Aatp    : sha1: c6615cfa9073e73fbf1bd7378ca92c1080ecb89b
12-12 20:19:24.782 12014 17787 D AatpDeviceManager: k: NanoHttpd.QUERY_STRING v: locale=en_US
12-12 20:19:24.782 12014 17787 D AatpDeviceManager: k: locale v: en_US
12-12 20:19:24.792 12014 12014 D AatpDeviceManager: taskStatus update (c6615cfa9073e73fbf1bd7378ca92c1080ecb89b: {"state":1})
12-12 20:19:24.792 12014 17789 D AatpDeviceManager: Setting locale to: en_US
12-12 20:19:24.792 12014 17789 D AWSDeviceFarmAndroidLib: Setting locale to: en_US
12-12 20:19:24.792   675   675 W ContextImpl: Calling a method in the system process without a qualified user: android.app.ContextImpl.sendBroadcast:1505 com.android.server.StatusBarManagerService.sendNotification:985 com.android.server.StatusBarManagerService.addNotification:674 com.android.server.NotificationManagerService$7.run:2142 android.os.Handler.handleCallback:733 
12-12 20:19:24.792   675   675 D STATUSBAR-StatusBarManagerService: sendNotification(1) - 1096041567
12-12 20:19:24.802  1063  1063 D ProgressBar: setProgressDrawable drawableHeight = 0
12-12 20:19:24.802 12014 17787 D Aatp    : /task/c6615cfa9073e73fbf1bd7378ca92c1080ecb89b
12-12 20:19:24.802  1063  1063 D PhoneStatusBar: tick(): knoxCustomManager = android.app.enterprise.knoxcustom.KnoxCustomManager@431e2e68
12-12 20:19:24.812 17762 17762 D dalvikvm: Trying to load lib /data/app-lib/com.google.android.gms-3519/libgmscore.so 0x43198820
12-12 20:19:24.812 17762 17762 D dalvikvm: Shared lib '/data/app-lib/com.google.android.gms-3519/libgmscore.so' already loaded in same CL 0x43198820
12-12 20:19:24.812 17762 17762 D dalvikvm: Trying to load lib /data/app-lib/com.google.android.gms-3519/libconscrypt_gmscore_jni.so 0x43198820
12-12 20:19:24.812 17762 17762 D dalvikvm: Shared lib '/data/app-lib/com.google.android.gms-3519/libconscrypt_gmscore_jni.so' already loaded in same CL 0x43198820
12-12 20:19:24.822  1063  1063 D STATUSBAR-IconMerger: checkOverflow(504), More:false, Req:false Child:6
12-12 20:19:24.832   675  1025 D dalvikvm: GC_EXPLICIT freed 3587K, 29% free 44861K/62652K, paused 6ms+10ms, total 185ms
12-12 20:19:24.842 12618 12618 I GCoreUlr: Stopping handler for UlrDispSvcFast
12-12 20:19:24.842   675   960 I ServiceKeeper: In getappinfo pid = 675 pkgName = android appinfo = null
12-12 20:19:24.842   675   960 I ServiceKeeper: In getseinfo pid = 675 uid = 1000 seinfo= system
12-12 20:19:24.842   675   960 I ServiceKeeper: In getappinfo pid = 675 pkgName = android appinfo = null
12-12 20:19:24.842   675   960 I ServiceKeeper: In getseinfo pid = 675 uid = 1000 seinfo= system
12-12 20:19:24.842 12618 12618 I GCoreUlr: Unbound from all location providers
12-12 20:19:24.842 12618 12618 I GCoreUlr: Place inference reporting - stop
12-12 20:19:24.842 17762 17762 I ProviderInstaller: Installed default security provider GmsCore_OpenSSL
12-12 20:19:24.852   675   960 I ServiceKeeper: In getappinfo pid = 675 pkgName = android appinfo = null
12-12 20:19:24.852   675   960 I ServiceKeeper: In getseinfo pid = 675 uid = 1000 seinfo= system
12-12 20:19:24.852   675   960 I ServiceKeeper: In getappinfo pid = 675 pkgName = android appinfo = null
12-12 20:19:24.852   675   960 I ServiceKeeper: In getseinfo pid = 675 uid = 1000 seinfo= system
12-12 20:19:24.852 17762 17762 I dalvikvm: Could not find method android.app.AppOpsManager.permissionToOp, referenced from method pq.a
12-12 20:19:24.852 17762 17762 W dalvikvm: VFY: unable to resolve static method 1450: Landroid/app/AppOpsManager;.permissionToOp (Ljava/lang/String;)Ljava/lang/String;
12-12 20:19:24.852 17762 17762 D dalvikvm: VFY: replacing opcode 0x71 at 0x000f
12-12 20:19:24.852 17762 17762 I dalvikvm: Could not find method android.content.Context.getSystemService, referenced from method pq.a
12-12 20:19:24.852 17762 17762 W dalvikvm: VFY: unable to resolve virtual method 1684: Landroid/content/Context;.getSystemService (Ljava/lang/Class;)Ljava/lang/Object;
12-12 20:19:24.852 17762 17762 D dalvikvm: VFY: replacing opcode 0x6e at 0x0030
12-12 20:19:24.892 17762 17762 W dalvikvm: VFY: unable to find class referenced in signature (Landroid/app/VoiceInteractor;)
12-12 20:19:24.892 17762 17762 W dalvikvm: VFY: unable to find class referenced in signature (Landroid/app/VoiceInteractor;)
12-12 20:19:24.892 17762 17762 W dalvikvm: VFY: unable to find class referenced in signature (Landroid/os/PersistableBundle;)
12-12 20:19:24.892 17762 17762 W dalvikvm: VFY: unable to find class referenced in signature (Landroid/os/PersistableBundle;)
12-12 20:19:24.892 17762 17762 W dalvikvm: VFY: unable to find class referenced in signature (Landroid/os/PersistableBundle;)
12-12 20:19:24.892 17762 17762 W dalvikvm: VFY: unable to find class referenced in signature (Landroid/os/PersistableBundle;)
12-12 20:19:24.892 17762 17762 W dalvikvm: VFY: unable to find class referenced in signature (Landroid/app/assist/AssistContent;)
12-12 20:19:24.892 17762 17762 W dalvikvm: VFY: unable to find class referenced in signature (Landroid/app/assist/AssistContent;)
12-12 20:19:24.892 17762 17762 W dalvikvm: VFY: unable to find class referenced in signature (Landroid/os/PersistableBundle;)
12-12 20:19:24.892 17762 17762 W dalvikvm: VFY: unable to find class referenced in signature (Landroid/os/PersistableBundle;)
12-12 20:19:24.892 17762 17762 W dalvikvm: VFY: unable to find class referenced in signature (Landroid/os/PersistableBundle;)
12-12 20:19:24.902 17762 17762 W dalvikvm: VFY: unable to find class referenced in signature (Landroid/os/PersistableBundle;)
12-12 20:19:24.902 17762 17762 W dalvikvm: VFY: unable to find class referenced in signature (Landroid/os/PersistableBundle;)
12-12 20:19:24.902 17762 17762 W dalvikvm: VFY: unable to find class referenced in signature (Landroid/view/SearchEvent;)
12-12 20:19:24.902 17762 17762 W dalvikvm: VFY: unable to find class referenced in signature (Landroid/view/SearchEvent;)
12-12 20:19:24.902 17762 17762 I dalvikvm: Could not find method lm.convertToTranslucent, referenced from method cps.superConvertToTranslucent
12-12 20:19:24.902 17762 17762 W dalvikvm: VFY: unable to resolve virtual method 15358: Llm;.convertToTranslucent (Landroid/app/Activity$TranslucentConversionListener;Landroid/app/ActivityOptions;)Z
12-12 20:19:24.902 17762 17762 D dalvikvm: VFY: replacing opcode 0x6f at 0x0000
12-12 20:19:24.902 17762 17762 I dalvikvm: Could not find method android.app.Activity.finishAfterTransition, referenced from method cps.superFinishAfterTransition
12-12 20:19:24.902 17762 17762 W dalvikvm: VFY: unable to resolve virtual method 1399: Landroid/app/Activity;.finishAfterTransition ()V
12-12 20:19:24.902 17762 17762 D dalvikvm: VFY: replacing opcode 0x6f at 0x0000
12-12 20:19:24.902 17762 17762 I dalvikvm: Could not find method lm.finishAndRemoveTask, referenced from method cps.superFinishAndRemoveTask
12-12 20:19:24.902 17762 17762 W dalvikvm: VFY: unable to resolve virtual method 15372: Llm;.finishAndRemoveTask ()V
12-12 20:19:24.902 17762 17762 D dalvikvm: VFY: replacing opcode 0x6f at 0x0000
12-12 20:19:24.902 17762 17762 I dalvikvm: Could not find method lm.getContentScene, referenced from method cps.superGetContentScene
12-12 20:19:24.902 17762 17762 W dalvikvm: VFY: unable to resolve virtual method 15377: Llm;.getContentScene ()Landroid/transition/Scene;
12-12 20:19:24.902 17762 17762 D dalvikvm: VFY: replacing opcode 0x6f at 0x0000
12-12 20:19:24.902 17762 17762 I dalvikvm: Could not find method lm.getContentTransitionManager, referenced from method cps.superGetContentTransitionManager
12-12 20:19:24.902 17762 17762 W dalvikvm: VFY: unable to resolve virtual method 15378: Llm;.getContentTransitionManager ()Landroid/transition/TransitionManager;
12-12 20:19:24.902 17762 17762 D dalvikvm: VFY: replacing opcode 0x6f at 0x0000
12-12 20:19:24.902 17762 17762 I dalvikvm: Could not find method lm.getReferrer, referenced from method cps.superGetReferrer
