12-12 20:19:15.572  1321  1321 I WfcConnectivityReceiver: notifyRssiChange(): rssi=-74
12-12 20:19:15.572  1321  1321 I WfcConnectivityReceiver: notifyRssiChange(): networkInfo=NetworkInfo: type: WIFI[], state: CONNECTED/CONNECTED, reason: (unspecified), extra: "9902431635", roaming: false, failover: false, isAvailable: true, isConnectedToProvisioningNetwork: false
12-12 20:19:15.572  1321  1321 D WfcConnectivityReceiver: parseWifiConnectivity(): connected=true
12-12 20:19:15.572   675   956 D PackageManager: Sending to user 0: act=android.intent.action.PACKAGE_REMOVED dat=package:com.example.snoopy flg=0x4000000 Bundle[{android.intent.extra.REMOVED_FOR_ALL_USERS=true, android.intent.extra.UID=14709, android.intent.extra.DATA_REMOVED=true, android.intent.extra.user_handle=0}]
12-12 20:19:15.572  1063  1063 D STATUSBAR-NetworkController: onReceive() - RSSI_CHANGED_ACTION, WIFI_STATE, NETWORK_STATE
12-12 20:19:15.572  1063  1063 D STATUSBAR-NetworkController: refreshSignalCluster - setNWBoosterIndicators(false)
12-12 20:19:15.572  1063  1063 D STATUSBAR-NetworkController: refreshSignalCluster: data=-1 bt=false
12-12 20:19:15.582  1321  1321 D WfcConnectivityReceiver: calculateRssi(): rssi=-74
12-12 20:19:15.582  1321  1321 D WfcConnectivityReceiver: calculateRssi(): returning CONNECTED_ROVE_IN
12-12 20:19:15.582  1321  1321 D WfcService: updateWifiState(): wifiState=CONNECTED_ROVE_IN
12-12 20:19:15.582   675   960 I ServiceKeeper: In getappinfo pid = 675 pkgName = android appinfo = null
12-12 20:19:15.582   675   960 I ServiceKeeper: In getseinfo pid = 675 uid = 1000 seinfo= system
12-12 20:19:15.582  1063  1063 D STATUSBAR-IconMerger: checkOverflow(216), More:true, Req:true Child:5
12-12 20:19:15.612  1457  1457 D dalvikvm: GC_EXPLICIT freed 506K, 28% free 19463K/26752K, paused 11ms+3ms, total 32ms
12-12 20:19:15.652   675   956 D PackageManager: Sending to user 0: act=android.intent.action.PACKAGE_FULLY_REMOVED dat=package:com.example.snoopy flg=0x4000000 Bundle[{android.intent.extra.REMOVED_FOR_ALL_USERS=true, android.intent.extra.UID=14709, android.intent.extra.DATA_REMOVED=true, android.intent.extra.user_handle=0}]
12-12 20:19:15.662  1321  1321 D WfcController: processWifiState(): Change in WifiState: new state=CONNECTED_ROVE_IN
12-12 20:19:15.662  1321  1321 D WfcController: isRadioConnected(): radio is not connected
12-12 20:19:15.662  1321  1321 D WfcController: checkAndUpdateLowSignal(): !isRadioConnected()=true, (mWfcControlState.mWifiState == WifiStates.DISCONNECTED)=false, mWifiManager.isWifiEnabled()=true
12-12 20:19:15.662  1321  1321 D WfcController: isRadioConnected(): radio is not connected
12-12 20:19:15.662  1321  1321 D WfcController: checkAndUpdateLowSignal(): Broadcast NOT in low signal
12-12 20:19:15.662  1321  1321 D WfcController: checkAndUpdateLowSignal(): Broadcast nothing changed
12-12 20:19:15.662  1321  1321 D WfcController: checkUpdate(): mWfcControlState=WfcController {mIsRegistered=false mIsInCall=false mCurrentProfile=WIFI_PREFERRED mWifiState=CONNECTED_ROVE_IN mGsmRadioState=1 mGsmSignalStrength=0 mRadioState=NO_RADIO mIsLowSignal=false mSimState=ABSENT}
12-12 20:19:15.662  1321  1321 D WfcController: isAllConditonsMetToProcessUpdate(): Do not register since user has disabled WFC
12-12 20:19:15.662   675   956 D PackageManager: Sending to user 0: act=android.intent.action.UID_REMOVED flg=0x4000000 Bundle[{android.intent.extra.REMOVED_FOR_ALL_USERS=true, android.intent.extra.UID=14709, android.intent.extra.DATA_REMOVED=true, android.intent.extra.user_handle=0}]
12-12 20:19:15.672 12830 12830 D dalvikvm: GC_EXPLICIT freed 2665K, 37% free 22040K/34852K, paused 7ms+4ms, total 91ms
12-12 20:19:15.692  3766  3766 D QuickConnect: SconnectManager.onReceiver - action : android.intent.action.PACKAGE_REMOVED, package : com.example.snoopy
12-12 20:19:15.692 12618 12618 I GeofencerStateMachine: removeGeofences: removeRequest=RemoveGeofencingRequest[REMOVE_ALL packageName=com.example.snoopy]
12-12 20:19:15.692   675   985 I InputReader: Reconfiguring input devices.  changes=0x00000010
12-12 20:19:15.692   675  1387 D EnterpriseDeviceManager: ContainerId: 0
12-12 20:19:15.702   675   960 I ServiceKeeper: In getappinfo pid = 675 pkgName = android appinfo = null
12-12 20:19:15.702   675   960 I ServiceKeeper: In getseinfo pid = 675 uid = 1000 seinfo= system
12-12 20:19:15.702   675   960 I ServiceKeeper: In getappinfo pid = 675 pkgName = android appinfo = null
12-12 20:19:15.702   675   960 I ServiceKeeper: In getseinfo pid = 675 uid = 1000 seinfo= system
12-12 20:19:15.702  1619  1619 D dalvikvm: GC_EXPLICIT freed 1172K, 36% free 17348K/26752K, paused 3ms+3ms, total 58ms
12-12 20:19:15.712   675  1822 D EnterpriseDeviceManager: ContainerId: 0
12-12 20:19:15.712   675  1273 I PackageManager:   Action: "android.intent.action.SENDTO"
12-12 20:19:15.712   675  1273 I PackageManager:   Category: "android.intent.category.DEFAULT"
12-12 20:19:15.712   675  1273 I PackageManager:   Scheme: "sms"
12-12 20:19:15.712   675   960 I ServiceKeeper: In getappinfo pid = 675 pkgName = android appinfo = null
12-12 20:19:15.712   675   960 I ServiceKeeper: In getseinfo pid = 675 uid = 1000 seinfo= system
12-12 20:19:15.712   675  1273 I PackageManager: Adding preferred activity ComponentInfo{com.android.mms/com.android.mms.ui.ConversationComposer} for user 0 :
12-12 20:19:15.722   675   675 D RCPManagerService: PackageReceiver onReceive()
12-12 20:19:15.732 16661 16674 D Documents: Used cached roots for com.android.externalstorage.documents
12-12 20:19:15.732  1233  1233 I PersonaManager: getPersonaService() name persona_policy
12-12 20:19:15.732   675   675 I HarmonyEASService: onReceive : android.intent.action.PACKAGE_REMOVED for 0
12-12 20:19:15.732   675  1390 D EnterpriseDeviceManager: ContainerId: 0
12-12 20:19:15.732 16661 16674 D Documents: Used cached roots for com.android.providers.downloads.documents
12-12 20:19:15.732 16661 16674 D Documents: Used cached roots for com.android.providers.media.documents
12-12 20:19:15.732 16661 16674 D Documents: Loading roots for com.google.android.apps.docs.storage
12-12 20:19:15.742  3550  3550 I elm     : MainReceiver.onReceive() : Intent { act=android.intent.action.PACKAGE_REMOVED dat=package:com.example.snoopy flg=0x4000010 cmp=com.sec.esdk.elm/.receiver.MainReceiver (has extras) }
12-12 20:19:15.742   675  1385 I PackageManager:   Action: "android.intent.action.SENDTO"
12-12 20:19:15.742   675  1385 I PackageManager:   Category: "android.intent.category.DEFAULT"
12-12 20:19:15.742   675  1385 I PackageManager:   Scheme: "smsto"
12-12 20:19:15.742  1949  1949 D dalvikvm: GC_EXPLICIT freed 613K, 35% free 17425K/26752K, paused 3ms+5ms, total 100ms
12-12 20:19:15.742  1949  1963 I System.out: FinalizerDaemon calls detatch()
12-12 20:19:15.742   675  1385 I PackageManager: Adding preferred activity ComponentInfo{com.android.mms/com.android.mms.ui.ConversationComposer} for user 0 :
12-12 20:19:15.752   675  1822 D EnterpriseDeviceManager: ContainerId: 0
12-12 20:19:15.762   675  5908 I PackageManager:   Action: "android.intent.action.SENDTO"
12-12 20:19:15.762   675  5908 I PackageManager:   Category: "android.intent.category.DEFAULT"
12-12 20:19:15.762   675  5908 I PackageManager:   Scheme: "mms"
12-12 20:19:15.762   675  5908 I PackageManager: Adding preferred activity ComponentInfo{com.android.mms/com.android.mms.ui.ConversationComposer} for user 0 :
12-12 20:19:15.772  3550  3550 I elm     : MainReceiver : Receive Intent { act=android.intent.action.PACKAGE_REMOVED dat=package:com.example.snoopy flg=0x4000010 cmp=com.sec.esdk.elm/.service.ElmAgentService (has extras) } END.
12-12 20:19:15.772  3550  3550 D elm     : ElmAgentService : onStartCommand()
12-12 20:19:15.772  3550  3550 D elm     : MainReceiver.listeningToPackageRemoved()
12-12 20:19:15.772  3550  3550 D elm     : MDMBridge.getInstance()
12-12 20:19:15.772  3550  3550 D elm     : MDMBridge.getAllLicenseInfoFromSDK()
12-12 20:19:15.802  2268  2274 D dalvikvm: GC_CONCURRENT freed 7656K, 36% free 17336K/26752K, paused 9ms+4ms, total 105ms
12-12 20:19:15.802  2268  2285 D dalvikvm: WAIT_FOR_CONCURRENT_GC blocked 43ms
12-12 20:19:15.912   675   956 D dalvikvm: GC_EXPLICIT freed 7807K, 19% free 52929K/64760K, paused 10ms+36ms, total 252ms
12-12 20:19:15.912   675  5908 D dalvikvm: WAIT_FOR_CONCURRENT_GC blocked 142ms
12-12 20:19:15.912   675   675 D dalvikvm: WAIT_FOR_CONCURRENT_GC blocked 130ms
12-12 20:19:15.912   675  2665 D dalvikvm: WAIT_FOR_CONCURRENT_GC blocked 15ms
12-12 20:19:15.912   675  1823 D dalvikvm: WAIT_FOR_CONCURRENT_GC blocked 113ms
12-12 20:19:15.922   675  1026 D dalvikvm: WAIT_FOR_CONCURRENT_GC blocked 146ms
12-12 20:19:15.922   675  1006 D dalvikvm: WAIT_FOR_CONCURRENT_GC blocked 147ms
12-12 20:19:15.922   675   692 D PackageManager: checkUidPermission - Execution time: 158 ms
12-12 20:19:15.922   675  1388 D PackageManager: checkUidPermission - Execution time: 146 ms
12-12 20:19:15.922  1233  1233 I PersonaManager: getPersonaService() name persona_policy
12-12 20:19:15.922   675  1387 D EnterpriseDeviceManager: ContainerId: 0
12-12 20:19:15.922  1787  1787 I knox    : MainReceiver.onReceive() : Intent { act=android.intent.action.PACKAGE_REMOVED dat=package:com.example.snoopy flg=0x4000010 cmp=com.sec.knox.seandroid/.receiver.MainReceiver (has extras) }
12-12 20:19:15.922   675   956 D PackageManager: delete sourFile : 
12-12 20:19:15.922   675   956 D PackageManager: delete native library directory: 
12-12 20:19:15.922  1787  1787 W ContextImpl: Calling a method in the system process without a qualified user: android.app.ContextImpl.startService:1847 android.content.ContextWrapper.startService:506 android.content.ContextWrapper.startService:506 com.sec.knox.seandroid.receiver.MainReceiver.onReceive:89 android.app.ActivityThread.handleReceiver:2642 
12-12 20:19:15.932  3550  3550 D elm     : MDMBridge.getAllLicenseInfoFromSDK()
12-12 20:19:15.932 17277 17277 D AndroidRuntime: Shutting down VM
12-12 20:19:15.932 17277 17282 D dalvikvm: GC_CONCURRENT freed 96K, 13% free 666K/764K, paused 0ms+1ms, total 2ms
12-12 20:19:15.932   675   956 D PackageManager: return delete result to caller: 1134531600
12-12 20:19:15.932   675   956 D PackageManager: returnCode: 1
12-12 20:19:15.932   675  5909 I PackageManager: Adding preferred activity ComponentInfo{com.android.mms/com.android.mms.ui.ConversationComposer} for user 0 :
12-12 20:19:15.942   675  5909 I PackageManager:   Action: "android.intent.action.SENDTO"
12-12 20:19:15.942   675  5909 I PackageManager:   Category: "android.intent.category.DEFAULT"
12-12 20:19:15.942   675  5909 I PackageManager:   Scheme: "mmsto"
12-12 20:19:15.952   675   936 W InputMethodInfo: Duplicated subtype definition found: , voice
12-12 20:19:15.982  1787  1787 D knox    : MainReceiver.listeningToPackageRemoved()
12-12 20:19:15.982  1787  1787 I knox    : MainReceiver.onReceive() END - - - - - : Intent { act=android.intent.action.PACKAGE_REMOVED dat=package:com.example.snoopy flg=0x4000010 cmp=com.sec.knox.seandroid/.receiver.MainReceiver (has extras) }
12-12 20:19:15.992   675   675 D BackupManagerService: Received broadcast Intent { act=android.intent.action.PACKAGE_REMOVED dat=package:com.example.snoopy flg=0x4000010 (has extras) }
12-12 20:19:15.992 16661 16674 D Documents: Update found 6 roots in 290ms
12-12 20:19:15.992   675   675 V BackupManagerService: removePackageParticipantsLocked: uid=14709 #1
12-12 20:19:16.002   675  1388 D EnterpriseDeviceManager: ContainerId: 0
12-12 20:19:16.002  3550  3550 D elm     : MainReceiver.listeningToPackageRemoved(). SEND to KLMS. Remove All KNOX/ONS License
12-12 20:19:16.002   675  1822 I PackageManager:   Action: "android.intent.action.SENDTO"
12-12 20:19:16.002   675  1822 I PackageManager:   Category: "android.intent.category.DEFAULT"
12-12 20:19:16.002   675  1822 I PackageManager:   Scheme: "sms"
12-12 20:19:16.002   675  1822 I PackageManager: Adding preferred activity ComponentInfo{com.android.mms/com.android.mms.ui.ConversationComposer} for user 0 :
12-12 20:19:16.022   675  1823 D EnterpriseDeviceManager: ContainerId: 0
12-12 20:19:16.022   675  1387 I PackageManager:   Action: "android.intent.action.SENDTO"
12-12 20:19:16.022   675  1387 I PackageManager:   Category: "android.intent.category.DEFAULT"
12-12 20:19:16.022   675  1387 I PackageManager:   Scheme: "smsto"
12-12 20:19:16.022   675   956 D EnterpriseDeviceManager: ContainerId: 0
12-12 20:19:16.022   675  1387 I PackageManager: Adding preferred activity ComponentInfo{com.android.mms/com.android.mms.ui.ConversationComposer} for user 0 :
12-12 20:19:16.032   675   953 D EnterpriseDeviceManager: ContainerId: 0
12-12 20:19:16.042   675   956 D EnterpriseDeviceManager: ContainerId: 0
12-12 20:19:16.042   675  1385 I PackageManager:   Action: "android.intent.action.SENDTO"
12-12 20:19:16.042   675  1385 I PackageManager:   Category: "android.intent.category.DEFAULT"
12-12 20:19:16.042   675  1385 I PackageManager:   Scheme: "mms"
12-12 20:19:16.042   675   936 D EnterpriseDeviceManagerService: Package has changed for user 0
12-12 20:19:16.042   675   936 D EnterpriseDeviceManagerService: Admin package name: com.google.android.gms
12-12 20:19:16.042   675  1385 I PackageManager: Adding preferred activity ComponentInfo{com.android.mms/com.android.mms.ui.ConversationComposer} for user 0 :
12-12 20:19:16.052   675  1390 D EnterpriseDeviceManager: ContainerId: 0
12-12 20:19:16.052   675  1272 I PackageManager:   Action: "android.intent.action.SENDTO"
12-12 20:19:16.052   675  1272 I PackageManager:   Category: "android.intent.category.DEFAULT"
12-12 20:19:16.052   675  1272 I PackageManager:   Scheme: "mmsto"
12-12 20:19:16.052   675  1272 I PackageManager: Adding preferred activity ComponentInfo{com.android.mms/com.android.mms.ui.ConversationComposer} for user 0 :
12-12 20:19:16.062  2564  2573 I dalvikvm: Jit: resizing JitTable from 4096 to 8192
12-12 20:19:16.072   675   956 I PackageManager:   Action: "android.intent.action.SENDTO"
12-12 20:19:16.072   675   956 I PackageManager:   Category: "android.intent.category.DEFAULT"
12-12 20:19:16.072   675   956 I PackageManager:   Scheme: "sms"
12-12 20:19:16.072   675   956 I PackageManager: Adding preferred activity ComponentInfo{com.android.mms/com.android.mms.ui.ConversationComposer} for user 0 :
12-12 20:19:16.092   675   956 D EnterpriseDeviceManager: ContainerId: 0
12-12 20:19:16.092   675   956 I PackageManager:   Action: "android.intent.action.SENDTO"
12-12 20:19:16.092   675   956 I PackageManager:   Category: "android.intent.category.DEFAULT"
12-12 20:19:16.092   675   956 I PackageManager:   Scheme: "smsto"
12-12 20:19:16.092   675   936 I PersonaManager: getPersonaService() name persona_policy
12-12 20:19:16.092   675   956 I PackageManager: Adding preferred activity ComponentInfo{com.android.mms/com.android.mms.ui.ConversationComposer} for user 0 :
12-12 20:19:16.112   675  1374 D EnterpriseDeviceManager: ContainerId: 0
12-12 20:19:16.112 16834 16834 I PCWCLIENTTRACE_PushUtil: SPPPushClient is installed : true
12-12 20:19:16.112 16834 16834 I PCWCLIENTTRACE_PushUtil: sales region : global
12-12 20:19:16.112 16834 16834 I PCWCLIENTTRACE_PushUtil: getPushTypeList : [SPP, GCM]
12-12 20:19:16.112 16834 16834 I PCWCLIENTTRACE_SYSTEMReceiver: [onReceive] - android.intent.action.PACKAGE_REMOVED
12-12 20:19:16.112   675  1374 W LicenseLogService: log() failed
12-12 20:19:16.112   675  5909 D EnterpriseDeviceManager: ContainerId: 0
12-12 20:19:16.112   675   960 I ServiceKeeper: In getappinfo pid = 675 pkgName = android appinfo = null
12-12 20:19:16.112   675   960 I ServiceKeeper: In getseinfo pid = 675 uid = 1000 seinfo= system
12-12 20:19:16.112   675  5909 W LicenseLogService: log() failed
12-12 20:19:16.112   675  1007 D EnterpriseDeviceManager: ContainerId: 0
12-12 20:19:16.122   675   956 D EnterpriseDeviceManager: ContainerId: 0
12-12 20:19:16.122   675   693 D EnterpriseDeviceManager: ContainerId: 0
12-12 20:19:16.122   675   693 W LicenseLogService: log() failed
12-12 20:19:16.122   675  1007 D EnterpriseDeviceManager: ContainerId: 0
12-12 20:19:16.122   675   956 I PackageManager:   Action: "android.intent.action.SENDTO"
12-12 20:19:16.122   675   956 I PackageManager:   Category: "android.intent.category.DEFAULT"
12-12 20:19:16.122   675   956 I PackageManager:   Scheme: "mms"
12-12 20:19:16.122   675   956 I PackageManager: Adding preferred activity ComponentInfo{com.android.mms/com.android.mms.ui.ConversationComposer} for user 0 :
12-12 20:19:16.132   675   936 I PersonaManager: getPersonaService() name persona_policy
12-12 20:19:16.142   675  1385 D EnterpriseDeviceManager: ContainerId: 0
12-12 20:19:16.142   675  1385 W LicenseLogService: log() failed
12-12 20:19:16.142   675   956 D EnterpriseDeviceManager: ContainerId: 0
12-12 20:19:16.142   675   936 I PersonaManager: getPersonaService() name persona_policy
12-12 20:19:16.142   675   956 I PackageManager:   Action: "android.intent.action.SENDTO"
12-12 20:19:16.142   675   956 I PackageManager: Adding preferred activity ComponentInfo{com.android.mms/com.android.mms.ui.ConversationComposer} for user 0 :
12-12 20:19:16.152   675   956 I PackageManager:   Category: "android.intent.category.DEFAULT"
12-12 20:19:16.152   675   956 I PackageManager:   Scheme: "mmsto"
12-12 20:19:16.152   675   936 I PersonaManager: getPersonaService() name persona_policy
12-12 20:19:16.162   675   936 W Resources: Converting to string: TypedValue{t=0x12/d=0xffffffff a=-1}
12-12 20:19:16.162   675   956 D PackageManager: [MSG] START_CLEANING_PACKAGE
12-12 20:19:16.172   675   936 I PersonaManager: getPersonaService() name persona_policy
12-12 20:19:16.172   675  1026 D BatteryService: level:100, scale:100, status:5, health:2, present:true, voltage: 4200, temperature: 237, technology: Li-ion, AC powered:false, USB powered:true, Wireless powered:false, icon:17303678, invalid charger:0, online:4, current avg:450, charge type:1, power sharing:false
12-12 20:19:16.172   675   675 D BatteryService: Sending ACTION_BATTERY_CHANGED.
12-12 20:19:16.182   675   675 I Tethering: BATTERY_CHANGED, level = 100lowBatteryThreshold = 15
12-12 20:19:16.182  1063  1063 D KeyguardUpdateMonitor: received broadcast android.intent.action.BATTERY_CHANGED
12-12 20:19:16.182   675   936 W Resources: Converting to string: TypedValue{t=0x12/d=0xffffffff a=-1}
12-12 20:19:16.182  1063  1063 D KeyguardUpdateMonitor: handleBatteryUpdate
12-12 20:19:16.182   675   936 I PersonaManager: getPersonaService() name persona_policy
12-12 20:19:16.182  1657 13433 D HeadsetStateMachine: Disconnected process message: 10
12-12 20:19:16.182   675   675 D UiModeManager: mCoverManager.getCoverState() : true
12-12 20:19:16.182  1063  1063 D STATUSBAR-PhoneStatusBar:  mBrightnessEnablebySettings = true mBrightnessEnablebyBattery = true mBrightnessEnablebyDisableFlag = true mPmsBrightnessEnablebySettings = true
12-12 20:19:16.192   675   936 I PersonaManager: getPersonaService() name persona_policy
12-12 20:19:16.192 16889 16889 I SA      : [SUR] onReceive log=[SA = 2.0.0095 V = 19 HWD = 1920X1080 3.0 dpi = 480  SIZE = 2 LOCALE = en_US CSC = TMB MCC = 0 MNC 0 T = user DEVICE = kltetmo P = kltetmo I = KOT49H M = SM-G900T OKLEFT false DIS KOT49H.G900TUVU1CNK2 PSS = 5.219788042639568  ]
12-12 20:19:16.192 16889 16889 I SA      : [SUR] onReceive Intent=[ action_PACKAGE_REMOVED package ]
12-12 20:19:16.192  1063  1063 D STATUSBAR-IconMerger: checkOverflow(216), More:true, Req:true Child:5
12-12 20:19:16.192  1063  1063 D BatteryMeterView: ACTION_BATTERY_CHANGED : level:100 status:5 health:2
12-12 20:19:16.192   675  1390 I ActivityManager: Killing 14488:com.android.mms/u0a52 (adj 15): empty #31
12-12 20:19:16.202   675   936 I PersonaManager: getPersonaService() name persona_policy
12-12 20:19:16.202   675   936 W Resources: Converting to string: TypedValue{t=0x12/d=0xffffffff a=-1}
12-12 20:19:16.212   675   936 I PersonaManager: getPersonaService() name persona_policy
12-12 20:19:16.222   675  1273 I TactileAssist: enable value -1
12-12 20:19:16.222   675  1273 I TactileAssist: internal enable value -1
12-12 20:19:16.222   675  1273 I TactileAssist: intensity value -1
12-12 20:19:16.222   675  1273 I TactileAssist: saveAppList value true
12-12 20:19:16.232   675  1273 I TactileAssist: List of disabled apps :
12-12 20:19:16.232   675   936 W Resources: Converting to string: TypedValue{t=0x12/d=0xffffffff a=-1}
12-12 20:19:16.232   675   936 I PersonaManager: getPersonaService() name persona_policy
12-12 20:19:16.242   675   936 I PersonaManager: getPersonaService() name persona_policy
12-12 20:19:16.242  1457 17317 I IcingCorporaProvider: Updating corpora: APPS=com.example.snoopy, CONTACTS=MAYBE
12-12 20:19:16.242   675   936 I PersonaManager: getPersonaService() name persona_policy
12-12 20:19:16.252   675  1387 D CountryDetector: No listener is left
12-12 20:19:16.252   675   936 I PersonaManager: getPersonaService() name persona_policy
12-12 20:19:16.262 16929 16929 D UserAnalysis.UserAnalysisBroadcastReceiver: Create SecureDbHelper
12-12 20:19:16.262   675   936 W Resources: Converting to string: TypedValue{t=0x12/d=0xffffffff a=-1}
12-12 20:19:16.262   675   936 I PersonaManager: getPersonaService() name persona_policy
12-12 20:19:16.262   675   936 I PersonaManager: getPersonaService() name persona_policy
12-12 20:19:16.272   675   936 W Resources: Converting to string: TypedValue{t=0x12/d=0xffffffff a=-1}
12-12 20:19:16.272   675   936 I PersonaManager: getPersonaService() name persona_policy
12-12 20:19:16.272   675   936 I PersonaManager: getPersonaService() name persona_policy
12-12 20:19:16.282   675   936 W Resources: Converting to string: TypedValue{t=0x12/d=0xffffffff a=-1}
12-12 20:19:16.282   675   936 I PersonaManager: getPersonaService() name persona_policy
12-12 20:19:16.282 16958 16958 D RCPManager:  in createShortcut() for packageName: com.example.snoopy userId0
12-12 20:19:16.282   675  1025 D RCPManagerService:  in createShortcut() for packageName: com.example.snoopy userId0
12-12 20:19:16.282   675  1025 D RCPManagerService: queryAllProviders():  providerCallBack is not register for 0
12-12 20:19:16.282 16944 16944 W ContextImpl: Calling a method in the system process without a qualified user: android.app.ContextImpl.startService:1847 android.content.ContextWrapper.startService:506 android.content.ContextWrapper.startService:506 com.samsung.android.app.assistantmenu.AssistantMenuReceiver.onReceive:165 android.app.ActivityThread.handleReceiver:2642 
12-12 20:19:16.292   675   936 I PersonaManager: getPersonaService() name persona_policy
12-12 20:19:16.292 16971 16971 D CapabilityManagerService New: Receiver Broadcast:android.intent.action.PACKAGE_REMOVED
12-12 20:19:16.292 16971 16971 D CapabilityManagerService New: The package(com.example.snoopy) removed
12-12 20:19:16.292   675   936 I PersonaManager: getPersonaService() name persona_policy
12-12 20:19:16.292   675   936 W Resources: Converting to string: TypedValue{t=0x12/d=0xffffffff a=-1}
12-12 20:19:16.292   675   936 I PersonaManager: getPersonaService() name persona_policy
12-12 20:19:16.302   675   936 I PersonaManager: getPersonaService() name persona_policy
12-12 20:19:16.302   675   936 I PersonaManager: getPersonaService() name persona_policy
12-12 20:19:16.302   675   936 I PersonaManager: getPersonaService() name persona_policy
12-12 20:19:16.302   675   936 I PersonaManager: getPersonaService() name persona_policy
12-12 20:19:16.302   675   936 I PersonaManager: getPersonaService() name persona_policy
12-12 20:19:16.302   675   936 I PersonaManager: getPersonaService() name persona_policy
12-12 20:19:16.312   675   936 I PersonaManager: getPersonaService() name persona_policy
12-12 20:19:16.312   675   936 I PersonaManager: getPersonaService() name persona_policy
12-12 20:19:16.312   675   936 I PersonaManager: getPersonaService() name persona_policy
12-12 20:19:16.322   675   936 W Resources: Converting to string: TypedValue{t=0x12/d=0xffffffff a=-1}
12-12 20:19:16.322   675   936 I PersonaManager: getPersonaService() name persona_policy
12-12 20:19:16.322   675   936 W Resources: Converting to string: TypedValue{t=0x12/d=0xffffffff a=-1}
12-12 20:19:16.322   675   936 I PersonaManager: getPersonaService() name persona_policy
12-12 20:19:16.322   675   936 W Resources: Converting to string: TypedValue{t=0x12/d=0xffffffff a=-1}
12-12 20:19:16.322   675   936 W Resources: Converting to string: TypedValue{t=0x12/d=0x0 a=-1}
12-12 20:19:16.322   675   936 I PersonaManager: getPersonaService() name persona_policy
12-12 20:19:16.322   675   936 W Resources: Converting to string: TypedValue{t=0x12/d=0xffffffff a=-1}
12-12 20:19:16.322   675   936 I PersonaManager: getPersonaService() name persona_policy
12-12 20:19:16.332   675   936 W Resources: Converting to string: TypedValue{t=0x12/d=0xffffffff a=-1}
12-12 20:19:16.332   675   936 W Resources: Converting to string: TypedValue{t=0x12/d=0x0 a=-1}
12-12 20:19:16.332   675   936 I PersonaManager: getPersonaService() name persona_policy
12-12 20:19:16.332   675   936 W Resources: Converting to string: TypedValue{t=0x12/d=0xffffffff a=-1}
12-12 20:19:16.332   675   936 I PersonaManager: getPersonaService() name persona_policy
12-12 20:19:16.332   675   936 W Resources: Converting to string: TypedValue{t=0x12/d=0xffffffff a=-1}
12-12 20:19:16.332   675   936 W Resources: Converting to string: TypedValue{t=0x12/d=0x0 a=-1}
12-12 20:19:16.342 17319 17319 I SELinux : Function: selinux_android_load_priority [0], There is no sepolicy file.
12-12 20:19:16.342 17319 17319 I SELinux :  
12-12 20:19:16.342   675   936 I CrashAnrDetector: onPackageRemoved : com.example.snoopy
12-12 20:19:16.342  1260  1260 D WallpaperManager: SEC_PRODUCT_FEATURE_COMMON_ENABLE_TEXTURE_COMPRESSION is true
12-12 20:19:16.352  1260  1260 D WallpaperManager: SEC_PRODUCT_FEATURE_COMMON_ENABLE_TEXTURE_COMPRESSION is true
12-12 20:19:16.352   675   960 I ServiceKeeper: In getappinfo pid = 675 pkgName = android appinfo = null
12-12 20:19:16.352   675   960 I ServiceKeeper: In getseinfo pid = 675 uid = 1000 seinfo= system
12-12 20:19:16.352  1260  1260 D WallpaperManager: SEC_PRODUCT_FEATURE_COMMON_ENABLE_TEXTURE_COMPRESSION is true
12-12 20:19:16.352   675   960 I ServiceKeeper: In getappinfo pid = 675 pkgName = android appinfo = null
12-12 20:19:16.352   675   960 I ServiceKeeper: In getseinfo pid = 675 uid = 1000 seinfo= system
12-12 20:19:16.352 12830 13061 I Icing   : IndexChimeraService.getServiceInterface callingPackage=com.google.android.googlequicksearchbox componentName=null serviceId=21
12-12 20:19:16.352   675   960 I ServiceKeeper: In getappinfo pid = 675 pkgName = android appinfo = null
12-12 20:19:16.352   675   960 I ServiceKeeper: In getseinfo pid = 675 uid = 1000 seinfo= system
12-12 20:19:16.362   675   960 I ServiceKeeper: In getappinfo pid = 675 pkgName = android appinfo = null
12-12 20:19:16.362   675   960 I ServiceKeeper: In getseinfo pid = 675 uid = 1000 seinfo= system
12-12 20:19:16.372   675   960 I ServiceKeeper: In getappinfo pid = 675 pkgName = android appinfo = null
12-12 20:19:16.372   675   960 I ServiceKeeper: In getseinfo pid = 675 uid = 1000 seinfo= system
12-12 20:19:16.372   675   936 I LocationManagerService: remove 44674c30 by android
12-12 20:19:16.372 17319 17319 I SELinux : Function: selinux_android_load_priority , spota verifySig and checkHash pass. priority version is VE=SEPF_SM-G900T_4.4.2_0055
12-12 20:19:16.372 17319 17319 I SELinux :  
12-12 20:19:16.372 17319 17319 I SELinux :  
12-12 20:19:16.372 17319 17319 I SELinux : selinux_android_seapp_context_reload: seapp_contexts file is loaded from /data/security/spota/seapp_contexts
12-12 20:19:16.372 17319 17319 E dalvikvm: >>>>> Normal User
12-12 20:19:16.372 17319 17319 E dalvikvm: >>>>> com.samsung.android.app.filterinstaller [ userId:0 | appId:1000 ]
12-12 20:19:16.372   675   960 I ServiceKeeper: In getappinfo pid = 675 pkgName = android appinfo = null
12-12 20:19:16.382   675   960 I ServiceKeeper: In getseinfo pid = 675 uid = 1000 seinfo= system
12-12 20:19:16.382   675   960 I ServiceKeeper: In getappinfo pid = 675 pkgName = android appinfo = null
12-12 20:19:16.382   675   960 I ServiceKeeper: In getseinfo pid = 675 uid = 1000 seinfo= system
12-12 20:19:16.382   675   960 I ServiceKeeper: In getappinfo pid = 675 pkgName = android appinfo = null
12-12 20:19:16.382   675   960 I ServiceKeeper: In getseinfo pid = 675 uid = 1000 seinfo= system
12-12 20:19:16.382   675   960 I ServiceKeeper: In getappinfo pid = 675 pkgName = android appinfo = null
12-12 20:19:16.382   675   960 I ServiceKeeper: In getseinfo pid = 675 uid = 1000 seinfo= system
12-12 20:19:16.382   675   936 D LocationManagerService: provider request: passive ProviderRequest[ON interval=0]
12-12 20:19:16.382   675   960 I ServiceKeeper: In getappinfo pid = 675 pkgName = android appinfo = null
12-12 20:19:16.382   675   960 I ServiceKeeper: In getseinfo pid = 675 uid = 1000 seinfo= system
12-12 20:19:16.382   675   960 I ServiceKeeper: In getappinfo pid = 675 pkgName = android appinfo = null
12-12 20:19:16.382   675   960 I ServiceKeeper: In getseinfo pid = 675 uid = 1000 seinfo= system
12-12 20:19:16.392 12830 13106 I Icing   : Usage reports ok 0, Failed Usage reports 0, indexed 0, rejected 0, imm upload true
12-12 20:19:16.392   675   960 I ServiceKeeper: In getappinfo pid = 675 pkgName = android appinfo = null
12-12 20:19:16.392   675   960 I ServiceKeeper: In getseinfo pid = 675 uid = 1000 seinfo= system
12-12 20:19:16.392   675   960 I ServiceKeeper: In getappinfo pid = 675 pkgName = android appinfo = null
12-12 20:19:16.392   675   960 I ServiceKeeper: In getseinfo pid = 675 uid = 1000 seinfo= system
12-12 20:19:16.402  1457 17317 I IcingCorporaProvider: UpdateCorporaTask done [took 153 ms] updated apps [took 153 ms] 
12-12 20:19:16.412 17319 17319 W ContextImpl: Calling a method in the system process without a qualified user: android.app.ContextImpl.startService:1847 android.content.ContextWrapper.startService:506 android.content.ContextWrapper.startService:506 com.samsung.android.app.filterinstaller.PackageIntentReceiver.onReceive:53 android.app.ActivityThread.handleReceiver:2642 
12-12 20:19:16.412 17030 17030 D MagazineService::MagazineBroadcastReceiver: [onReceive] android.intent.action.PACKAGE_REMOVED com.example.snoopy
12-12 20:19:16.422 17030 17333 I MagazineService::MagazineService: [onHandleIntent] ACTION_PACKAGE_REMOVED
12-12 20:19:16.422 17057 17057 W ContextImpl: Calling a method in the system process without a qualified user: android.app.ContextImpl.startService:1847 android.content.ContextWrapper.startService:506 android.content.ContextWrapper.startService:506 com.android.keychain.KeyChainBroadcastReceiver.onReceive:12 android.app.ActivityThread.handleReceiver:2642 
12-12 20:19:16.432 17071 17071 D KidsModeInstallReceiver: onReceive intent data =  package:com.example.snoopy
12-12 20:19:16.432 17071 17071 D KidsModeInstallerWidget: PACKAGE_REMOVED : package:com.example.snoopy
12-12 20:19:16.432 17071 17071 D KidsPlatformStub: Package not found : com.sec.android.app.kidshome
12-12 20:19:16.442 17092 17092 V IapReceiver: onReceive      intent.getAction() :   android.intent.action.PACKAGE_REMOVED
12-12 20:19:16.442 17092 17092 I IapReceiver: packageName = com.example.snoopy
12-12 20:19:16.462 12618 14803 E NetworkScheduler: Unrecognised action provided: android.intent.action.PACKAGE_REMOVED
12-12 20:19:16.472   675  5908 D EnterpriseDeviceManager: ContainerId: 0
12-12 20:19:16.472   675  5908 W LicenseLogService: log() failed
12-12 20:19:16.502 17319 17332 W ContextImpl: Calling a method in the system process without a qualified user: android.app.ContextImpl.sendBroadcast:1491 android.content.ContextWrapper.sendBroadcast:377 com.samsung.android.app.filterinstaller.FilterUninstaller.uninstallFilters:43 com.samsung.android.app.filterinstaller.FilterPackageService$ServiceHandler.handleMessage:132 android.os.Handler.dispatchMessage:102 
12-12 20:19:16.522 17319 17319 I AndroidRuntime: VM exiting with result code 0, cleanup skipped.
12-12 20:19:16.532 12830 17347 D Wear_Controller: Received broadcast action=android.intent.action.PACKAGE_REMOVED and uri=com.example.snoopy
12-12 20:19:16.532   675   960 I ServiceKeeper: In getappinfo pid = 675 pkgName = android appinfo = null
12-12 20:19:16.542 12830 17347 I LocationSettingsChecker: Removing dialog suppression flag for package com.example.snoopy
12-12 20:19:16.552 12830 17344 I PeopleContactsSync: triggerPendingContactsCleanup: no accounts
12-12 20:19:16.552   675  1273 D EnterpriseDeviceManager: ContainerId: 0
12-12 20:19:16.552   675  1273 W LicenseLogService: log() failed
12-12 20:19:16.552   675   960 I ServiceKeeper: In getseinfo pid = 675 uid = 1000 seinfo= system
12-12 20:19:16.552 12830 17152 I Icing   : doRemovePackageData com.example.snoopy
12-12 20:19:16.572 12830 13061 I Icing   : IndexChimeraService.getServiceInterface callingPackage=com.google.android.gms componentName=AppsCorpus serviceId=36
12-12 20:19:16.572 12830 12982 I Icing   : IndexChimeraService.getServiceInterface callingPackage=com.google.android.gms componentName=AppsCorpus serviceId=32
12-12 20:19:16.572 12830 17339 I GrowthService: Package com.example.snoopy uninstalled. Removing from storage.
12-12 20:19:16.582   675   960 I ServiceKeeper: In getappinfo pid = 675 pkgName = android appinfo = null
12-12 20:19:16.582   675   960 I ServiceKeeper: In getseinfo pid = 675 uid = 1000 seinfo= system
12-12 20:19:16.582   675   960 I ServiceKeeper: In getappinfo pid = 675 pkgName = android appinfo = null
12-12 20:19:16.592   675   960 I ServiceKeeper: In getseinfo pid = 675 uid = 1000 seinfo= system
12-12 20:19:16.592   675   960 I ServiceKeeper: In getappinfo pid = 675 pkgName = android appinfo = null
12-12 20:19:16.592   675   960 I ServiceKeeper: In getseinfo pid = 675 uid = 1000 seinfo= system
12-12 20:19:16.592   675   960 I ServiceKeeper: In getappinfo pid = 675 pkgName = android appinfo = null
12-12 20:19:16.592   675   960 I ServiceKeeper: In getseinfo pid = 675 uid = 1000 seinfo= system
12-12 20:19:16.592   675   960 I ServiceKeeper: In getappinfo pid = 675 pkgName = android appinfo = null
12-12 20:19:16.592   675   960 I ServiceKeeper: In getseinfo pid = 675 uid = 1000 seinfo= system
12-12 20:19:16.592   675   960 I ServiceKeeper: In getappinfo pid = 675 pkgName = android appinfo = null
12-12 20:19:16.592   675   960 I ServiceKeeper: In getseinfo pid = 675 uid = 1000 seinfo= system
12-12 20:19:16.592   675   960 I ServiceKeeper: In getappinfo pid = 675 pkgName = android appinfo = null
12-12 20:19:16.592   675   960 I ServiceKeeper: In getseinfo pid = 675 uid = 1000 seinfo= system
12-12 20:19:16.592   675   960 I ServiceKeeper: In getappinfo pid = 675 pkgName = android appinfo = null
12-12 20:19:16.592   675   960 I ServiceKeeper: In getseinfo pid = 675 uid = 1000 seinfo= system
12-12 20:19:16.592   675   960 I ServiceKeeper: In getappinfo pid = 675 pkgName = android appinfo = null
12-12 20:19:16.592   675   960 I ServiceKeeper: In getseinfo pid = 675 uid = 1000 seinfo= system
12-12 20:19:16.592   675   960 I ServiceKeeper: In getappinfo pid = 675 pkgName = android appinfo = null
12-12 20:19:16.592   675   960 I ServiceKeeper: In getseinfo pid = 675 uid = 1000 seinfo= system
12-12 20:19:16.602   675  1026 I ActivityManager: Process com.samsung.android.app.filterinstaller (pid 17319) (adj 0) has died.
12-12 20:19:16.612   675   960 I ServiceKeeper: In getappinfo pid = 675 pkgName = android appinfo = null
12-12 20:19:16.612   675   960 I ServiceKeeper: In getseinfo pid = 675 uid = 1000 seinfo= system
12-12 20:19:16.612   675   960 I ServiceKeeper: In getappinfo pid = 675 pkgName = android appinfo = null
12-12 20:19:16.612   675   960 I ServiceKeeper: In getseinfo pid = 675 uid = 1000 seinfo= system
12-12 20:19:16.612   675   960 I ServiceKeeper: In getappinfo pid = 675 pkgName = android appinfo = null
12-12 20:19:16.622   675   960 I ServiceKeeper: In getseinfo pid = 675 uid = 1000 seinfo= system
12-12 20:19:16.622 17186 17186 I KLMS-2.3.164 : : ELMReceiver() : EventNotificationReciver- method called: AppActivityListner onReceive for Intent Action : com.sec.esdk.elm.action.DEACTIVE_PACKAGE , timestamp: 1513109956632
12-12 20:19:16.622 17186 17186 I KLMS-2.3.164 : : ELMReceiver() : ELM_DEACTIVATE_LICENSE
12-12 20:19:16.632 17186 17186 I KLMS-2.3.164 : : KnoxLicenseServicesImpl() : deactivateLicense()
12-12 20:19:16.632 17186 17186 I KLMS-2.3.164 : : DeviceServices() : Deactivation initiator=1001 | packageName=ELM
12-12 20:19:16.632 17186 17186 I KLMS-2.3.164 : : KLMSUtility() : isNetworkAvailable() - WIFI : true| MOBILE : false
12-12 20:19:16.632 12830 17152 I Icing   : Usage reports ok 0, Failed Usage reports 0, indexed 0, rejected 0, imm upload false
12-12 20:19:16.642 12830 17152 I Icing   : Usage reports ok 0, Failed Usage reports 0, indexed 0, rejected 0, imm upload false
12-12 20:19:16.672   675   960 I ServiceKeeper: In getappinfo pid = 675 pkgName = android appinfo = null
12-12 20:19:16.672   675   960 I ServiceKeeper: In getseinfo pid = 675 uid = 1000 seinfo= system
12-12 20:19:16.672   675   979 V AlarmManager: waitForAlarm result :8
12-12 20:19:16.682 17334 17334 D AndroidRuntime: 
12-12 20:19:16.682 17334 17334 D AndroidRuntime: >>>>>> AndroidRuntime START com.android.internal.os.RuntimeInit <<<<<<
12-12 20:19:16.682   675   960 I ServiceKeeper: In getappinfo pid = 675 pkgName = android appinfo = null
12-12 20:19:16.682   675   960 I ServiceKeeper: In getseinfo pid = 675 uid = 1000 seinfo= system
12-12 20:19:16.682   675   960 I ServiceKeeper: In getappinfo pid = 675 pkgName = android appinfo = null
12-12 20:19:16.682   675   960 I ServiceKeeper: In getseinfo pid = 675 uid = 1000 seinfo= system
12-12 20:19:16.682 17334 17334 D AndroidRuntime: CheckJNI is OFF
12-12 20:19:16.682 17334 17334 D AndroidRuntime: setted country_code = USA
12-12 20:19:16.682 17334 17334 D AndroidRuntime: setted countryiso_code = US
12-12 20:19:16.682 17334 17334 D AndroidRuntime: setted sales_code = TMB
12-12 20:19:16.682 17334 17334 D AndroidRuntime: readGMSProperty: start
12-12 20:19:16.682 17334 17334 D AndroidRuntime: readGMSProperty: already setted!!
12-12 20:19:16.682 17334 17334 D AndroidRuntime: readGMSProperty: end
12-12 20:19:16.682 17334 17334 D AndroidRuntime: addProductProperty: start
12-12 20:19:16.692   675   960 I ServiceKeeper: In getappinfo pid = 675 pkgName = android appinfo = null
12-12 20:19:16.692   675   960 I ServiceKeeper: In getseinfo pid = 675 uid = 1000 seinfo= system
12-12 20:19:16.702  1619  1649 W ApplicationsProvider: Could not fetch usage stats
12-12 20:19:16.702  1619  1649 W ApplicationsProvider: java.lang.SecurityException: Neither user 10025 nor current process has android.permission.PACKAGE_USAGE_STATS.
12-12 20:19:16.702  1619  1649 W ApplicationsProvider: 	at android.os.Parcel.readException(Parcel.java:1465)
12-12 20:19:16.702  1619  1649 W ApplicationsProvider: 	at android.os.Parcel.readException(Parcel.java:1419)
12-12 20:19:16.702  1619  1649 W ApplicationsProvider: 	at com.android.internal.app.IUsageStats$Stub$Proxy.getAllPkgUsageStats(IUsageStats.java:317)
12-12 20:19:16.702  1619  1649 W ApplicationsProvider: 	at android.app.ActivityManager.getAllPackageUsageStats(ActivityManager.java:2516)
12-12 20:19:16.702  1619  1649 W ApplicationsProvider: 	at com.android.providers.applications.ApplicationsProvider.fetchUsageStats(ApplicationsProvider.java:681)
12-12 20:19:16.702  1619  1649 W ApplicationsProvider: 	at com.android.providers.applications.ApplicationsProvider.updateApplicationsList(ApplicationsProvider.java:519)
12-12 20:19:16.702  1619  1649 W ApplicationsProvider: 	at com.android.providers.applications.ApplicationsProvider.access$300(ApplicationsProvider.java:70)
12-12 20:19:16.702  1619  1649 W ApplicationsProvider: 	at com.android.providers.applications.ApplicationsProvider$UpdateHandler.handleMessage(ApplicationsProvider.java:209)
12-12 20:19:16.702  1619  1649 W ApplicationsProvider: 	at android.os.Handler.dispatchMessage(Handler.java:102)
12-12 20:19:16.702  1619  1649 W ApplicationsProvider: 	at android.os.Looper.loop(Looper.java:136)
12-12 20:19:16.702  1619  1649 W ApplicationsProvider: 	at android.os.HandlerThread.run(HandlerThread.java:61)
12-12 20:19:16.702 17334 17334 D dalvikvm: Trying to load lib libjavacore.so 0x0
12-12 20:19:16.702 17334 17334 D dalvikvm: Added shared lib libjavacore.so 0x0
12-12 20:19:16.702 17334 17334 D dalvikvm: Trying to load lib libnativehelper.so 0x0
12-12 20:19:16.702 17334 17334 D dalvikvm: Added shared lib libnativehelper.so 0x0
12-12 20:19:16.702 17334 17334 D dalvikvm: No JNI_OnLoad found in libnativehelper.so 0x0, skipping init
12-12 20:19:16.802 17334 17334 E memtrack: Couldn't load memtrack module (No such file or directory)
12-12 20:19:16.802 17334 17334 E android.os.Debug: failed to load memtrack module: -2
12-12 20:19:16.822   675   960 I ServiceKeeper: In getappinfo pid = 675 pkgName = android appinfo = null
12-12 20:19:16.822   675   960 I ServiceKeeper: In getseinfo pid = 675 uid = 1000 seinfo= system
12-12 20:19:16.822 17334 17334 D dalvikvm: Note: class Landroid/app/ActivityManagerNative; has 192 unimplemented (abstract) methods
12-12 20:19:16.842   675   960 I ServiceKeeper: In getappinfo pid = 675 pkgName = android appinfo = null
12-12 20:19:16.842   675   960 I ServiceKeeper: In getseinfo pid = 675 uid = 1000 seinfo= system
12-12 20:19:16.862 12830 12830 W dalvikvm: VFY: unable to find class referenced in signature (Landroid/app/job/JobParameters;)
12-12 20:19:16.872 17334 17334 D AndroidRuntime: Calling main entry com.android.commands.pm.Pm
12-12 20:19:16.872   675   960 I ServiceKeeper: In getappinfo pid = 675 pkgName = android appinfo = null
12-12 20:19:16.872   675   960 I ServiceKeeper: In getseinfo pid = 675 uid = 1000 seinfo= system
12-12 20:19:16.892 12618 12622 D dalvikvm: GC_CONCURRENT freed 2563K, 23% free 21111K/27352K, paused 2ms+5ms, total 37ms
12-12 20:19:16.972   675   960 I ServiceKeeper: In getappinfo pid = 675 pkgName = android appinfo = null
12-12 20:19:16.972   675   960 I ServiceKeeper: In getseinfo pid = 675 uid = 1000 seinfo= system
12-12 20:19:16.982   675   960 I ServiceKeeper: In getappinfo pid = 675 pkgName = android appinfo = null
12-12 20:19:16.982   675   960 I ServiceKeeper: In getseinfo pid = 675 uid = 1000 seinfo= system
12-12 20:19:16.982   675   960 I ServiceKeeper: In getappinfo pid = 675 pkgName = android appinfo = null
12-12 20:19:16.982   675   960 I ServiceKeeper: In getseinfo pid = 675 uid = 1000 seinfo= system
12-12 20:19:17.012  1063  1063 D STATUSBAR-NetworkController: refreshSignalCluster - setNWBoosterIndicators(false)
12-12 20:19:17.012  1063  1063 D STATUSBAR-NetworkController: refreshSignalCluster: data=-1 bt=false
12-12 20:19:17.022  1063  1063 D STATUSBAR-IconMerger: checkOverflow(216), More:true, Req:true Child:5
12-12 20:19:17.032   675   960 I ServiceKeeper: In getappinfo pid = 675 pkgName = android appinfo = null
12-12 20:19:17.032   675   960 I ServiceKeeper: In getseinfo pid = 675 uid = 1000 seinfo= system
12-12 20:19:17.042 17334 17334 D AndroidRuntime: Shutting down VM
12-12 20:19:17.042   675   960 I ServiceKeeper: In getappinfo pid = 675 pkgName = android appinfo = null
12-12 20:19:17.042   675   960 I ServiceKeeper: In getseinfo pid = 675 uid = 1000 seinfo= system
12-12 20:19:17.042   675   960 I ServiceKeeper: In getappinfo pid = 675 pkgName = android appinfo = null
12-12 20:19:17.042   675   960 I ServiceKeeper: In getseinfo pid = 675 uid = 1000 seinfo= system
12-12 20:19:17.052 17334 17357 D dalvikvm: GC_CONCURRENT freed 677K, 49% free 716K/1396K, paused 0ms+1ms, total 3ms
12-12 20:19:17.052   675   960 I ServiceKeeper: In getappinfo pid = 675 pkgName = android appinfo = null
12-12 20:19:17.052   675   960 I ServiceKeeper: In getseinfo pid = 675 uid = 1000 seinfo= system
12-12 20:19:17.092   675   956 D PackageManager: [MSG] WRITE_PACKAGE_RESTRICTIONS
12-12 20:19:17.402 12830 13106 I Icing   : Indexing 6635C01235D7872B903186BA5C69CEA6E32E6F63 from com.google.android.googlequicksearchbox
12-12 20:19:17.492 12830 13106 I Icing   : Indexing done 6635C01235D7872B903186BA5C69CEA6E32E6F63
12-12 20:19:17.492   675   960 I ServiceKeeper: In getappinfo pid = 675 pkgName = android appinfo = null
12-12 20:19:17.492   675   960 I ServiceKeeper: In getseinfo pid = 675 uid = 1000 seinfo= system
12-12 20:19:17.492   675   960 I ServiceKeeper: In getappinfo pid = 675 pkgName = android appinfo = null
12-12 20:19:17.492   675   960 I ServiceKeeper: In getseinfo pid = 675 uid = 1000 seinfo= system
12-12 20:19:17.582   675   960 I ServiceKeeper: In getappinfo pid = 675 pkgName = android appinfo = null
12-12 20:19:17.582   675   960 I ServiceKeeper: In getseinfo pid = 675 uid = 1000 seinfo= system
12-12 20:19:17.582   675   960 I ServiceKeeper: In getappinfo pid = 675 pkgName = android appinfo = null
12-12 20:19:17.582   675   960 I ServiceKeeper: In getseinfo pid = 675 uid = 1000 seinfo= system
12-12 20:19:17.672 12830 13106 I Icing   : Indexing 7DFE3648128E9F5D427390E0EC6BBF65E51FB99A from com.google.android.gms
12-12 20:19:17.682 12830 13106 I Icing   : Indexing done 7DFE3648128E9F5D427390E0EC6BBF65E51FB99A
12-12 20:19:17.682   675   960 I ServiceKeeper: In getappinfo pid = 675 pkgName = android appinfo = null
12-12 20:19:17.682   675   960 I ServiceKeeper: In getseinfo pid = 675 uid = 1000 seinfo= system
12-12 20:19:17.882   253   253 E SMD     : DCD ON
12-12 20:19:18.032  1063  1063 D STATUSBAR-NetworkController: refreshSignalCluster - setNWBoosterIndicators(false)
12-12 20:19:18.032  1063  1063 D STATUSBAR-NetworkController: refreshSignalCluster: data=-1 bt=false
12-12 20:19:18.042  1063  1063 D STATUSBAR-IconMerger: checkOverflow(216), More:true, Req:true Child:5
12-12 20:19:18.142   261   261 W libEGL  : EGLNativeWindowType 0xb8c05c98 disconnect failed
12-12 20:19:18.592   675   960 I ServiceKeeper: In getappinfo pid = 675 pkgName = android appinfo = null
12-12 20:19:18.592   675   960 I ServiceKeeper: In getseinfo pid = 675 uid = 1000 seinfo= system
12-12 20:19:18.592   675   960 I ServiceKeeper: In getappinfo pid = 675 pkgName = android appinfo = null
12-12 20:19:18.592   675   960 I ServiceKeeper: In getseinfo pid = 675 uid = 1000 seinfo= system
12-12 20:19:18.852 12014 17375 D Aatp    : /ping
12-12 20:19:18.952 12014 17376 D Aatp    : /wifi
12-12 20:19:18.982 12014 17376 D Aatp    : sha1: 7672ed30876cc89062525c5402d085a3c7fb491e
12-12 20:19:18.982 12014 17376 D AatpDeviceManager: k: enabled v: False
12-12 20:19:18.982 12014 17376 D AatpDeviceManager: k: NanoHttpd.QUERY_STRING v: enabled=False
12-12 20:19:19.002 12014 12014 D AatpDeviceManager: taskStatus update (7672ed30876cc89062525c5402d085a3c7fb491e: {"state":1})
12-12 20:19:19.002 12014 17377 D AWSDeviceFarmAndroidLib: WifiLock: release
12-12 20:19:19.002 12014 17377 D AWSDeviceFarmAndroidLib: setWifiEnabled: setting wifi to: true
12-12 20:19:19.002 12014 17377 I WifiManager: setWifiEnabled : true
12-12 20:19:19.002   675   675 W ContextImpl: Calling a method in the system process without a qualified user: android.app.ContextImpl.sendBroadcast:1505 com.android.server.StatusBarManagerService.sendNotification:985 com.android.server.StatusBarManagerService.addNotification:674 com.android.server.NotificationManagerService$7.run:2142 android.os.Handler.handleCallback:733 
12-12 20:19:19.012   675  1387 I WifiService: setWifiEnabled: true pid=12014, uid=14708
12-12 20:19:19.012 12014 17376 D Aatp    : /task/7672ed30876cc89062525c5402d085a3c7fb491e
12-12 20:19:19.012   675  1387 W WifiService: Failed getting userId using ActivityManagerNative
12-12 20:19:19.012   675  1387 W WifiService: java.lang.SecurityException: Permission Denial: getCurrentUser() from pid=12014, uid=14708 requires android.permission.INTERACT_ACROSS_USERS
12-12 20:19:19.012   675  1387 W WifiService: 	at com.android.server.am.ActivityManagerService.getCurrentUser(ActivityManagerService.java:20057)
12-12 20:19:19.012   675  1387 W WifiService: 	at com.android.server.wifi.WifiService.setWifiEnabled(WifiService.java:2082)
12-12 20:19:19.012   675  1387 W WifiService: 	at com.android.server.wifi.WifiService.setWifiEnabled(WifiService.java:2070)
12-12 20:19:19.012   675  1387 W WifiService: 	at android.net.wifi.IWifiManager$Stub.onTransact(IWifiManager.java:178)
12-12 20:19:19.012   675  1387 W WifiService: 	at android.os.Binder.execTransact(Binder.java:404)
12-12 20:19:19.012   675  1387 W WifiService: 	at dalvik.system.NativeStart.run(Native Method)
12-12 20:19:19.012   675  1387 W ActivityManager: Permission Denial: getCurrentUser() from pid=12014, uid=14708 requires android.permission.INTERACT_ACROSS_USERS
12-12 20:19:19.022   675  1387 E Tethering: No numeric data
12-12 20:19:19.022 12014 17377 D AWSDeviceFarmAndroidLib: setWifiEnabled: wifi is: true
12-12 20:19:19.022   675   953 I WifiService: disconnect: pid=12014, uid=14708
12-12 20:19:19.022  1027  1027 I wpa_supplicant: [wpa_supplicant_ctrl_iface_process] : DISCONNECT
12-12 20:19:19.022   675  1387 I ConnectivityService: defaultVal : 1, tetherEnabledInSettings : true
12-12 20:19:19.032  1063  1063 D ProgressBar: setProgressDrawable drawableHeight = 0
12-12 20:19:19.032  1027  1027 I wpa_supplicant: CTRL-EVENT-DISCONNECTED bssid=74.48.C6 reason=3 locally_generated=1
12-12 20:19:19.032  1027  1027 I wpa_supplicant: CTRL-EVENT-STATE-CHANGE id=0 state=0 BSSID=74.48.C6 SSID=39393032343331363335
12-12 20:19:19.032   675   675 D STATUSBAR-StatusBarManagerService: sendNotification(1) - 1096041562
12-12 20:19:19.042  1335  1347 D CommonIMSInterface: IMSEventListenerForNetwork: Interface Changed is ::  wlan0 link up
12-12 20:19:19.042  1027  1027 I wpa_supplicant: reset timer : RESET_TIMER 0
