12-12 20:19:19.042  1027  1027 I wpa_supplicant: wlan0: Setting scan request: 0 sec 0 usec
12-12 20:19:19.042  1027  1027 I wpa_supplicant: CTRL-EVENT-STATE-CHANGE id=-1 state=3 BSSID=00.00.00 SSID=
12-12 20:19:19.042  1027  1027 I wpa_supplicant: First Scan Start
12-12 20:19:19.042  1027  1027 I wpa_supplicant: Scan requested (ret=0) - scan timeout 30 seconds
12-12 20:19:19.042   675  1009 W Settings: Setting airplane_mode_on has moved from android.provider.Settings.System to android.provider.Settings.Global, returning read-only value.
12-12 20:19:19.042   675   960 I ServiceKeeper: In getappinfo pid = 675 pkgName = android appinfo = null
12-12 20:19:19.052   675   943 D Tethering: interfaceLinkStateChanged wlan0, true
12-12 20:19:19.052   675   943 D Tethering: interfaceStatusChanged wlan0, true
12-12 20:19:19.052   250   933 D CommandListener: Clearing all IP addresses on wlan0
12-12 20:19:19.052  1321  1321 I WfcConnectivityReceiver: onReceive(): action=WifiManager.RSSI_CHANGED_ACTION
12-12 20:19:19.052  1321  1321 I WfcConnectivityReceiver: notifyRssiChange(): rssi=-74
12-12 20:19:19.052  1335  1442 D CommonIMSInterface: IMSEventListenerForNetwork: Interface Changed is ::  wlan0 link up
12-12 20:19:19.052   675  1008 D WifiP2pService: InactiveState{ what=143375 }
12-12 20:19:19.052   675  1008 D WifiP2pService: P2pEnabledState{ what=143375 }
12-12 20:19:19.052  1063  1063 D PhoneStatusBar: tick(): knoxCustomManager = android.app.enterprise.knoxcustom.KnoxCustomManager@431e2e68
12-12 20:19:19.062   675   943 D Tethering: interfaceLinkStateChanged wlan0, true
12-12 20:19:19.062   675   943 D Tethering: interfaceStatusChanged wlan0, true
12-12 20:19:19.062  1063  1063 D STATUSBAR-NetworkController: onReceive() - RSSI_CHANGED_ACTION, WIFI_STATE, NETWORK_STATE
12-12 20:19:19.062  1063  1063 D STATUSBAR-IconMerger: checkOverflow(216), More:true, Req:true Child:6
12-12 20:19:19.072   675   675 I WifiTrafficPoller: evaluateTrafficStatsPolling
12-12 20:19:19.072   675  1011 D ConnectivityService: ConnectivityChange for WIFI: DISCONNECTED/DISCONNECTED
12-12 20:19:19.072   675  1011 D ConnectivityService: tryFailover: set mActiveDefaultNetwork=-1, prevNetType=1
12-12 20:19:19.072  1063  1063 D STATUSBAR-NetworkController: onReceive() - RSSI_CHANGED_ACTION, WIFI_STATE, NETWORK_STATE
12-12 20:19:19.072  1063  1063 D STATUSBAR-NetworkController: NoService, mRoamingIconId = 0
12-12 20:19:19.072  1063  1063 D STATUSBAR-NetworkController: refreshSignalCluster - setNWBoosterIndicators(false)
12-12 20:19:19.072  1063  1063 D STATUSBAR-NetworkController: refreshSignalCluster: data=-1 bt=false
12-12 20:19:19.082   675   960 I ServiceKeeper: In getseinfo pid = 675 uid = 1000 seinfo= system
12-12 20:19:19.082   675  1008 D WifiP2pService: InactiveState{ what=143375 }
12-12 20:19:19.082  1063  1063 D STATUSBAR-IconMerger: checkOverflow(288), More:true, Req:true Child:6
12-12 20:19:19.082   675  1008 D WifiP2pService: P2pEnabledState{ what=143375 }
12-12 20:19:19.092  1321  1321 I WfcConnectivityReceiver: onReceive(): action=WifiManager.NETWORK_STATE_CHANGED_ACTION
12-12 20:19:19.092  1321  1321 D WfcConnectivityReceiver: notifyNetworkStateChange(): networkInfo=NetworkInfo: type: WIFI[], state: DISCONNECTED/DISCONNECTED, reason: (unspecified), extra: <unknown ssid>, roaming: false, failover: false, isAvailable: true, isConnectedToProvisioningNetwork: false, isConnected=false
12-12 20:19:19.092  1321  1321 D WfcConnectivityReceiver: processConnectivity(): connected=false, type=1
12-12 20:19:19.092  1321  1321 D WfcConnectivityReceiver: parseWifiConnectivity(): connected=false
12-12 20:19:19.092  1321  1321 D WfcService: updateWifiState(): wifiState=DISCONNECTED
12-12 20:19:19.092 12618 12618 I GeofencerStateMachine: sendWifiConnectivityChanged: connectivity=false
12-12 20:19:19.092   675  1011 D ConnectivityService: Attempting to switch to mobile
12-12 20:19:19.102   675   960 I ServiceKeeper: In getappinfo pid = 675 pkgName = android appinfo = null
12-12 20:19:19.102   675   960 I ServiceKeeper: In getseinfo pid = 675 uid = 1000 seinfo= system
12-12 20:19:19.102   675   960 I ServiceKeeper: In getappinfo pid = 675 pkgName = android appinfo = null
12-12 20:19:19.102   675   960 I ServiceKeeper: In getseinfo pid = 675 uid = 1000 seinfo= system
12-12 20:19:19.102   675  1011 D ConnectivityService: Attempting to switch to BLUETOOTH_TETHER
12-12 20:19:19.112   250   933 V RouteController: /system/bin/ip -6 route del default table 2 2>&1
12-12 20:19:19.122 17393 17393 I SELinux : Function: selinux_android_load_priority [0], There is no sepolicy file.
12-12 20:19:19.122 17393 17393 I SELinux :  
12-12 20:19:19.132  1321  1321 D WfcController: processWifiState(): Change in WifiState: new state=DISCONNECTED
12-12 20:19:19.132  1321  1321 D WfcController: isRadioConnected(): radio is not connected
12-12 20:19:19.132  1321  1321 D WfcController: checkAndUpdateLowSignal(): !isRadioConnected()=true, (mWfcControlState.mWifiState == WifiStates.DISCONNECTED)=true, mWifiManager.isWifiEnabled()=true
12-12 20:19:19.132  1321  1321 D WfcController: isRadioConnected(): radio is not connected
12-12 20:19:19.132  1321  1321 D WfcController: checkAndUpdateLowSignal(): Broadcast LOW SIGNAL!!!
12-12 20:19:19.132  1321  1321 D WfcController: checkAndUpdateLowSignal(): Broadcast updating provider
12-12 20:19:19.132  1321  1321 D WfcController: setLowSignal(): updating provider lowSignal=true
12-12 20:19:19.132   250   933 V RouteController: RTNETLINK answers: No such process
12-12 20:19:19.132   250   933 V RouteController: /system/bin/ip -6 rule del table 2 2>&1
12-12 20:19:19.132  1063  1063 D STATUSBAR-NetworkController: onReceive() - RSSI_CHANGED_ACTION, WIFI_STATE, NETWORK_STATE
12-12 20:19:19.132  1063  1063 D STATUSBAR-NetworkController: NoService, mRoamingIconId = 0
12-12 20:19:19.142  1321  1321 D WfcController: processWifiState(): Wifi is DISCONNECTED: wifiState=DISCONNECTED
12-12 20:19:19.142  1321  1321 D WfcController: handleWifiDisconnectedState()
12-12 20:19:19.142  1321  1321 D WfcController: unregisterOnlyIfRegistered(): isError=false, registrationStateSummaryResId=2131099672
12-12 20:19:19.142  1321  1321 D WfcController: unregisterOnlyIfRegistered(): Resetting mAtomicReg.
12-12 20:19:19.142  1321  1321 D WfcRegistrationStateListener: isManualRegisterPending(): mManualRegisterPending.get()=false
12-12 20:19:19.142  1321  1321 D WfcController: Resetting Blocked registration and registeration events
12-12 20:19:19.142  1321  1321 D WfcRegistrationStateListener: stopRegistration(): notify=false
12-12 20:19:19.152   250   933 V RouteController: RTNETLINK answers: No such file or directory
12-12 20:19:19.152   250   933 D CommandListener: Clearing all IP addresses on wlan0
12-12 20:19:19.152  1321  1321 D WfcNotificationHelper: updateNotification(): cancelling notification  isSwitchedOn=false isRegistered=false isError=false
12-12 20:19:19.152  1321  1321 I WfcConnectivityReceiver: onReceive(): action=WifiManager.RSSI_CHANGED_ACTION
12-12 20:19:19.162  1321  1321 I WfcConnectivityReceiver: notifyRssiChange(): rssi=-200
12-12 20:19:19.162 12014 17386 D Aatp    : /task/7672ed30876cc89062525c5402d085a3c7fb491e/status
12-12 20:19:19.162  1321  1321 I WfcConnectivityReceiver: notifyRssiChange(): networkInfo=NetworkInfo: type: WIFI[], state: DISCONNECTED/DISCONNECTED, reason: (unspecified), extra: <unknown ssid>, roaming: false, failover: false, isAvailable: true, isConnectedToProvisioningNetwork: false
12-12 20:19:19.162  1321  1321 D WfcConnectivityReceiver: parseWifiConnectivity(): connected=false
12-12 20:19:19.162  1321  1321 D WfcConnectivityReceiver: parseWifiConnectivity(): do not update wifi-state to controller. Same as before DISCONNECTED
12-12 20:19:19.162  1321  1321 D WfcActivityStateReceiver: LowSignalContentObserver/onChange(): selfChange=false, uri=content://com.samsung.tmowfc.wfcprovider/low_signal
12-12 20:19:19.162  1321  1321 I WfcActivityStateReceiver: LowSignalContentObserver/onChange(): low signal is true, display notification
12-12 20:19:19.162  1321  1321 D WfcActivityNotification: updateNotification(): packageName=null
12-12 20:19:19.162  1321  1321 D WfcActivityNotification: createActivityIntent(): resid=2131099678
12-12 20:19:19.162   675  1011 W NetworkManagementService: route cmd failed: 
12-12 20:19:19.162   675  1011 W NetworkManagementService: com.android.server.NativeDaemonConnector$NativeDaemonFailureException: command '48 route del src v6 2' failed with '400 48 -6 rule del table 2: RTNETLINK answers: No such file or directory
12-12 20:19:19.162   675  1011 W NetworkManagementService: '
12-12 20:19:19.162   675  1011 W NetworkManagementService: 	at com.android.server.NativeDaemonConnector.execute(NativeDaemonConnector.java:406)
12-12 20:19:19.162   675  1011 W NetworkManagementService: 	at com.android.server.NativeDaemonConnector.executeForList(NativeDaemonConnector.java:338)
12-12 20:19:19.162   675  1011 W NetworkManagementService: 	at com.android.server.NativeDaemonConnector.execute(NativeDaemonConnector.java:303)
12-12 20:19:19.162   675  1011 W NetworkManagementService: 	at com.android.server.NativeDaemonConnector.execute(NativeDaemonConnector.java:288)
12-12 20:19:19.162   675  1011 W NetworkManagementService: 	at com.android.server.NetworkManagementService.delSrcRoute(NetworkManagementService.java:2375)
12-12 20:19:19.162   675  1011 W NetworkManagementService: 	at com.android.server.ConnectivityService.updateSourceRoutes(ConnectivityService.java:4043)
12-12 20:19:19.162   675  1011 W NetworkManagementService: 	at com.android.server.ConnectivityService.handleConnectivityChange(ConnectivityService.java:3814)
12-12 20:19:19.162   675  1011 W NetworkManagementService: 	at com.android.server.ConnectivityService.handleDisconnect(ConnectivityService.java:3007)
12-12 20:19:19.162   675  1011 W NetworkManagementService: 	at com.android.server.ConnectivityService.access$1800(ConnectivityService.java:256)
12-12 20:19:19.162   675  1011 W NetworkManagementService: 	at com.android.server.ConnectivityService$NetworkStateTrackerHandler.handleMessage(ConnectivityService.java:4557)
12-12 20:19:19.162   675  1011 W NetworkManagementService: 	at android.os.Handler.dispatchMessage(Handler.java:102)
12-12 20:19:19.162   675  1011 W NetworkManagementService: 	at android.os.Looper.loop(Looper.java:136)
12-12 20:19:19.162   675  1011 W NetworkManagementService: 	at android.os.HandlerThread.run(HandlerThread.java:61)
12-12 20:19:19.172   675   675 I WifiTrafficPoller: evaluateTrafficStatsPolling
12-12 20:19:19.172  1321  1321 I WfcConnectivityReceiver: onReceive(): action=WifiManager.NETWORK_STATE_CHANGED_ACTION
12-12 20:19:19.172  1321  1321 D WfcConnectivityReceiver: notifyNetworkStateChange(): networkInfo=NetworkInfo: type: WIFI[], state: DISCONNECTED/DISCONNECTED, reason: (unspecified), extra: <unknown ssid>, roaming: false, failover: false, isAvailable: true, isConnectedToProvisioningNetwork: false, isConnected=false
12-12 20:19:19.172  1321  1321 D WfcConnectivityReceiver: processConnectivity(): connected=false, type=1
12-12 20:19:19.172  1321  1321 D WfcConnectivityReceiver: parseWifiConnectivity(): connected=false
12-12 20:19:19.172  1321  1321 D WfcConnectivityReceiver: parseWifiConnectivity(): do not update wifi-state to controller. Same as before DISCONNECTED
12-12 20:19:19.172   675   692 W BackupManagerService: dataChanged but no participant pkg='com.android.providers.settings' uid=1001
12-12 20:19:19.172  1063  1063 D STATUSBAR-NetworkController: onReceive() - RSSI_CHANGED_ACTION, WIFI_STATE, NETWORK_STATE
12-12 20:19:19.172  1063  1063 D STATUSBAR-NetworkController: NoService, mRoamingIconId = 0
12-12 20:19:19.172   675   675 W ContextImpl: Calling a method in the system process without a qualified user: android.app.ContextImpl.sendBroadcast:1505 com.android.server.StatusBarManagerService.sendNotification:985 com.android.server.StatusBarManagerService.addNotification:674 com.android.server.NotificationManagerService$7.run:2142 android.os.Handler.handleCallback:733 
12-12 20:19:19.182 17393 17393 I SELinux : Function: selinux_android_load_priority , spota verifySig and checkHash pass. priority version is VE=SEPF_SM-G900T_4.4.2_0055
12-12 20:19:19.182 17393 17393 I SELinux :  
12-12 20:19:19.182 17393 17393 I SELinux :  
12-12 20:19:19.182 17393 17393 I SELinux : selinux_android_seapp_context_reload: seapp_contexts file is loaded from /data/security/spota/seapp_contexts
12-12 20:19:19.182   675  1009 E WifiStateMachine: Error! unhandled message{ when=-90ms what=135188 target=com.android.internal.util.StateMachine$SmHandler }
12-12 20:19:19.182 17393 17393 E dalvikvm: >>>>> Normal User
12-12 20:19:19.182 17393 17393 E dalvikvm: >>>>> com.vlingo.midas [ userId:0 | appId:10038 ]
12-12 20:19:19.182   675  1009 E WifiStateMachine: Error! unhandled message{ when=-90ms what=135188 target=com.android.internal.util.StateMachine$SmHandler }
12-12 20:19:19.182   250   933 V RouteController: /system/bin/ip -4 route del default table 2 2>&1
12-12 20:19:19.182   675   675 D STATUSBAR-StatusBarManagerService: sendNotification(1) - 101
12-12 20:19:19.192  1063  1063 D ProgressBar: setProgressDrawable drawableHeight = 18
12-12 20:19:19.192   250   933 V RouteController: RTNETLINK answers: No such process
12-12 20:19:19.192  1063  1063 D PhoneStatusBar: tick(): knoxCustomManager = android.app.enterprise.knoxcustom.KnoxCustomManager@431e2e68
12-12 20:19:19.202   250   933 V RouteController: /system/bin/ip -4 rule del table 2 2>&1
12-12 20:19:19.202   675  1009 E WifiStateMachine: Error! unhandled message{ when=-20ms what=135188 target=com.android.internal.util.StateMachine$SmHandler }
12-12 20:19:19.212   250   933 V RouteController: /system/bin/ip route flush cached 2>&1
12-12 20:19:19.212  1063  1063 D STATUSBAR-IconMerger: checkOverflow(288), More:true, Req:true Child:7
12-12 20:19:19.222 12014 17377 D AWSDeviceFarmAndroidLib: setWifiEnabled: setting wifi to: false
12-12 20:19:19.232 12014 17377 I WifiManager: setWifiEnabled : false
12-12 20:19:19.232   675  1387 I WifiService: isScanAlwaysAvailable
12-12 20:19:19.232   675  1387 I WifiService: setWifiEnabled: false pid=12014, uid=14708
12-12 20:19:19.232   675  1011 D NetUtils: android_net_utils_resetConnections in env=0x79a1a238 clazz=0x36d00001 iface=wlan0 mask=0x3
12-12 20:19:19.232   675  1009 D WifiNative: callSECApiInt - ID [53]
12-12 20:19:19.232   675  1011 D ConnectivityService: resetConnections(wlan0, 3)
12-12 20:19:19.232   675  1008 D WifiP2pService: InactiveState{ what=131204 }
12-12 20:19:19.232   675  1008 D WifiP2pService: P2pEnabledState{ what=131204 }
12-12 20:19:19.232   675  1008 D WifiP2pService: sending p2p connection changed broadcast: FAILED
12-12 20:19:19.242 12014 17377 D AWSDeviceFarmAndroidLib: setWifiEnabled: wifi is: false
12-12 20:19:19.242 12014 12014 D AatpDeviceManager: taskStatus update (7672ed30876cc89062525c5402d085a3c7fb491e: {"result":"Wifi enabled: false","state":2})
12-12 20:19:19.242  1321  1321 I WfcConnectivityReceiver: onReceive(): WifiManager.WIFI_STATE_CHANGED_ACTION
12-12 20:19:19.242  1321  1321 D WfcConnectivityReceiver: processWifiChanged(): state=1
12-12 20:19:19.242  1321  1321 D WfcConnectivityReceiver: parseWifiConnectivity(): connected=false
12-12 20:19:19.242  1321  1321 D WfcService: updateWifiState(): wifiState=DISCONNECTED
12-12 20:19:19.242 12618 13050 W Settings: Setting airplane_mode_on has moved from android.provider.Settings.System to android.provider.Settings.Global, returning read-only value.
12-12 20:19:19.242  3766  3766 D QuickConnect: P2pHelper.onReceive - P2P_CONNECTION_CHANGED : 
12-12 20:19:19.242  3766  3766 D QuickConnect: SconnectManager.INetworkStateListener, onDisconnected - networkType : 4
12-12 20:19:19.242   675   675 D SmartBondingService: SmartBondingReceiver: onReceive action=android.net.wifi.WIFI_STATE_CHANGED
12-12 20:19:19.242   675  1014 D SmartBondingService: getNetworkEnabled : wifi : false mobile : true
12-12 20:19:19.242  1063  1063 D STATUSBAR-NetworkController: onReceive() - RSSI_CHANGED_ACTION, WIFI_STATE, NETWORK_STATE
12-12 20:19:19.242  1063  1063 D STATUSBAR-NetworkController: NoService, mRoamingIconId = 0
12-12 20:19:19.242  1063  1063 D STATUSBAR-NetworkController: refreshSignalCluster - setNWBoosterIndicators(false)
12-12 20:19:19.242  1063  1063 D STATUSBAR-NetworkController: refreshSignalCluster: data=-1 bt=false
12-12 20:19:19.242   675   675 W WifiP2pStateTracker: WifiP2pStateReceiver : android.net.wifi.p2p.CONNECTION_STATE_CHANGE
12-12 20:19:19.242   675   934 D WifiDisplayController: Received WIFI_P2P_CONNECTION_CHANGED_ACTION: networkInfo=NetworkInfo: type: WIFI_P2P[], state: DISCONNECTED/FAILED, reason: (unspecified), extra: (none), roaming: false, failover: false, isAvailable: true, isConnectedToProvisioningNetwork: false
12-12 20:19:19.242   675   934 D WifiDisplayAdapter: onP2pDisconnected
12-12 20:19:19.242   675   934 D IpRemoteDisplayController: disconnectWfdBridgeServer
12-12 20:19:19.242   675   934 D IpRemoteDisplayController: WfdBridgeServer is already null
12-12 20:19:19.252  1321  1321 D WfcController: processWifiState(): Change in WifiState: new state=DISCONNECTED
12-12 20:19:19.252  1321  1321 D WfcController: isRadioConnected(): radio is not connected
12-12 20:19:19.252  1321  1321 D WfcController: checkAndUpdateLowSignal(): !isRadioConnected()=true, (mWfcControlState.mWifiState == WifiStates.DISCONNECTED)=true, mWifiManager.isWifiEnabled()=false
12-12 20:19:19.252  1321  1321 D WfcController: isRadioConnected(): radio is not connected
12-12 20:19:19.252  1321  1321 D WfcController: checkAndUpdateLowSignal(): Broadcast NOT in low signal
12-12 20:19:19.252  1321  1321 D WfcController: checkAndUpdateLowSignal(): Broadcast updating provider
12-12 20:19:19.252  1321  1321 D WfcController: setLowSignal(): updating provider lowSignal=false
12-12 20:19:19.252   675   675 D NotificationService: cancelNotificationLocked
12-12 20:19:19.252   675   675 D NotificationService:  hasClearableItems
12-12 20:19:19.252   675   675 D NotificationService: Num of hasClearableItems : 1
12-12 20:19:19.252  1321  1321 D WfcController: processWifiState(): Wifi is DISCONNECTED: wifiState=DISCONNECTED
12-12 20:19:19.252  1321  1321 D WfcController: handleWifiDisconnectedState()
12-12 20:19:19.252   675   675 W ContextImpl: Calling a method in the system process without a qualified user: android.app.ContextImpl.sendBroadcast:1505 com.android.server.StatusBarManagerService.sendNotification:985 com.android.server.StatusBarManagerService.removeNotification:710 com.android.server.NotificationManagerService.cancelNotificationLocked:2454 com.android.server.NotificationManagerService.access$5100:160 
12-12 20:19:19.252   675   675 D STATUSBAR-StatusBarManagerService: sendNotification(3) - 1096041562
12-12 20:19:19.252   675   675 D LightsService: [api] [SvcLED] turnOff:: id = 4 (uid: 1000 pid: 675) 
12-12 20:19:19.252   675   675 D LightsService: [SvcLED] setSvcLedStateLocked:: SvcLEDState : 0x0 -> 0x0 | SvcLED(id=4) set Off
12-12 20:19:19.252   675   971 D LightsService: [SvcLED] Lux failed to be updated in 700ms. -> handleForcedSvcLEDTasK
12-12 20:19:19.252   675   971 D LightsService: [SvcLED]  setSvcLedLightLocked :: Current SvcLED(id=3) maintains its priority right
12-12 20:19:19.262  1321  1321 D WfcController: unregisterOnlyIfRegistered(): isError=false, registrationStateSummaryResId=2131099673
12-12 20:19:19.262  1321  1321 D WfcController: unregisterOnlyIfRegistered(): Resetting mAtomicReg.
12-12 20:19:19.262  1321  1321 D WfcRegistrationStateListener: isManualRegisterPending(): mManualRegisterPending.get()=false
12-12 20:19:19.262  1321  1321 D WfcController: Resetting Blocked registration and registeration events
12-12 20:19:19.262  1321  1321 D WfcRegistrationStateListener: stopRegistration(): notify=false
12-12 20:19:19.262  1063  1063 D STATUSBAR-IconMerger: checkOverflow(288), More:true, Req:true Child:6
12-12 20:19:19.272  1321  1321 D WfcNotificationHelper: updateNotification(): cancelling notification  isSwitchedOn=false isRegistered=false isError=false
12-12 20:19:19.272  1321  1321 D WfcActivityStateReceiver: LowSignalContentObserver/onChange(): selfChange=false, uri=content://com.samsung.tmowfc.wfcprovider/low_signal
12-12 20:19:19.272  1321  1321 I WfcActivityStateReceiver: LowSignalContentObserver/onChange(): low signal is false, dismiss notification
12-12 20:19:19.272  1321  1321 D WfcActivityNotification: dismissNotification()
12-12 20:19:19.272   675   675 D NotificationService: cancelNotificationLocked
12-12 20:19:19.272   675   675 D NotificationService:  hasClearableItems
12-12 20:19:19.272   675   675 D NotificationService: Num of hasClearableItems : 1
12-12 20:19:19.272   675   675 W ContextImpl: Calling a method in the system process without a qualified user: android.app.ContextImpl.sendBroadcast:1505 com.android.server.StatusBarManagerService.sendNotification:985 com.android.server.StatusBarManagerService.removeNotification:710 com.android.server.NotificationManagerService.cancelNotificationLocked:2454 com.android.server.NotificationManagerService.access$5100:160 
12-12 20:19:19.272   675   675 D STATUSBAR-StatusBarManagerService: sendNotification(3) - 101
12-12 20:19:19.272   675   675 D LightsService: [api] [SvcLED] turnOff:: id = 4 (uid: 1000 pid: 675) 
12-12 20:19:19.272   675   675 D LightsService: [SvcLED] setSvcLedStateLocked:: SvcLEDState : 0x0 -> 0x0 | SvcLED(id=4) set Off
12-12 20:19:19.272   675   971 D LightsService: [SvcLED] Lux failed to be updated in 700ms. -> handleForcedSvcLEDTasK
12-12 20:19:19.282 12618 13864 V NativeCrypto: Read error: ssl=0x7ad5ef68: I/O error during system call, Connection timed out
12-12 20:19:19.282   675   960 I ServiceKeeper: In getappinfo pid = 675 pkgName = android appinfo = null
12-12 20:19:19.282   675   960 I ServiceKeeper: In getseinfo pid = 675 uid = 1000 seinfo= system
12-12 20:19:19.282 12618 13864 V NativeCrypto: SSL shutdown failed: ssl=0x7ad5ef68: I/O error during system call, Broken pipe
12-12 20:19:19.282   675   971 D LightsService: [SvcLED]  setSvcLedLightLocked :: Current SvcLED(id=3) maintains its priority right
12-12 20:19:19.282  1063  1063 D STATUSBAR-IconMerger: checkOverflow(288), More:true, Req:true Child:5
12-12 20:19:19.282   675   979 V AlarmManager: waitForAlarm result :8
12-12 20:19:19.302  1027  1027 I wpa_supplicant: [wpa_supplicant_ctrl_iface_process] : DISCONNECT
12-12 20:19:19.302  1027  1027 I wpa_supplicant: CTRL-EVENT-STATE-CHANGE id=-1 state=0 BSSID=00.00.00 SSID=
12-12 20:19:19.302   675  1009 D WifiStateMachine: skipWifiStateBroadcast:false, LastBroadcastedWifiState:1
12-12 20:19:19.302   675  1009 D WifiNative: callSECApiBoolean - ID [11]
12-12 20:19:19.302  1027  1027 I wpa_supplicant: STOP_PERIODIC_SCAN command
12-12 20:19:19.302   675  1009 D WifiNative: callSECApiBoolean - ID [13]
12-12 20:19:19.302  1027  1027 I wpa_supplicant: USE_NETWORK : USE_NETWORK ON
12-12 20:19:19.302   675   675 E WifiStateMachine: BroadcastReceiver : WIFI_P2P_STATE_CHANGED_ACTION is : android.net.wifi.p2p.STATE_CHANGED
12-12 20:19:19.302   675  1008 D WifiP2pService: sending p2p connection changed broadcast: DISCONNECTED
12-12 20:19:19.302   675   934 D WifiDisplayController: Received WIFI_P2P_STATE_CHANGED_ACTION: enabled=false
12-12 20:19:19.302   675   934 D WifiDisplayController: updateScanState() mScanRequested = false, mWfdEnabled = false, mDiscoverPeersInProgress = false
12-12 20:19:19.302   675   934 D WifiDisplayController: disconnect
12-12 20:19:19.302   675   934 D WifiDisplayController: updateConnection
12-12 20:19:19.302   675   934 D WifiDisplayController: updateScanState() mScanRequested = false, mWfdEnabled = false, mDiscoverPeersInProgress = false
12-12 20:19:19.302   675   934 D WifiDisplayAdapter: getWifiDisplayStatusLocked: result=WifiDisplayStatus{featureState=1, scanState=0, activeDisplayState=0, activeDisplay=null, displays=[], sessionInfo=WifiDisplaySessionInfo: Client/Owner: Client GroupId:  Passphrase:  SessionId: 0 IP Address: , connectedState=-1, networkQoS=0}
12-12 20:19:19.312  3766  3766 D QuickConnect: SconnectManager.INetworkStateListener, onDisabled - mNetworkState : 0
12-12 20:19:19.312  3766  3766 D QuickConnect: P2pHelper.cancelConnectPeer -  mTargetList clear all 
12-12 20:19:19.312  3766  3766 D QuickConnect: P2pHelper.removeP2pConfirm - skip: false
12-12 20:19:19.312  3766  3766 D QuickConnect: CentralActionManager.removeHoldingIntentAll - all request done.
12-12 20:19:19.312  3766  3766 D QuickConnect: P2pHelper.requestGroupInfo  - onGroupInfoAvailable- null
12-12 20:19:19.312  3766  3766 D QuickConnect: P2pHelper.onReceive - P2P_CONNECTION_CHANGED : 
12-12 20:19:19.312   675  1008 D WifiP2pService: P2pDisablingState
12-12 20:19:19.312   675  1008 D WifiP2pService: P2pDisablingState{ what=139287 }
12-12 20:19:19.312   675  1008 D WifiP2pService: DefaultState{ what=139287 }
12-12 20:19:19.312   675   675 W WifiP2pStateTracker: WifiP2pStateReceiver : android.net.wifi.p2p.CONNECTION_STATE_CHANGE
12-12 20:19:19.312   675  1008 D WifiP2pService: P2pDisablingState{ what=147458 }
12-12 20:19:19.312   675  1008 D WifiP2pService: p2p socket connection lost
12-12 20:19:19.312   675  1008 D WifiP2pService: P2pDisabledState
12-12 20:19:19.312   675  1008 D WifiP2pService: P2pDisabledState{ what=139376 }
12-12 20:19:19.312   675  1008 D WifiP2pService: DefaultState{ what=139376 }
12-12 20:19:19.312   675  1008 E WifiP2pService: Unhandled message { what=139376 }
12-12 20:19:19.312   675   934 D WifiDisplayController: Received WIFI_P2P_CONNECTION_CHANGED_ACTION: networkInfo=NetworkInfo: type: WIFI_P2P[], state: DISCONNECTED/DISCONNECTED, reason: (unspecified), extra: (none), roaming: false, failover: false, isAvailable: false, isConnectedToProvisioningNetwork: false
12-12 20:19:19.312   675   934 D WifiDisplayAdapter: onP2pDisconnected
12-12 20:19:19.312   675   934 D IpRemoteDisplayController: disconnectWfdBridgeServer
12-12 20:19:19.312   675   934 D IpRemoteDisplayController: WfdBridgeServer is already null
12-12 20:19:19.322  3766  3766 D QuickConnect: SconnectManager.INetworkStateListener, onDisconnected - networkType : 4
12-12 20:19:19.322  3766  3766 D QuickConnect: P2pHelper.onReceive - ACTION_WIFI_DISPLAY_STATUS_CHANGED :0
12-12 20:19:19.322  3766  3766 D QuickConnect: P2pHelper.requestGroupInfo  - onGroupInfoAvailable- null
12-12 20:19:19.322   675  1822 D WifiDisplayAdapter: getWifiDisplayStatusLocked: result=WifiDisplayStatus{featureState=1, scanState=0, activeDisplayState=0, activeDisplay=null, displays=[], sessionInfo=WifiDisplaySessionInfo: Client/Owner: Client GroupId:  Passphrase:  SessionId: 0 IP Address: , connectedState=-1, networkQoS=0}
12-12 20:19:19.322   675  1008 D WifiP2pService: P2pDisabledState{ what=139287 }
12-12 20:19:19.322   675  1008 D WifiP2pService: DefaultState{ what=139287 }
12-12 20:19:19.342   675  1011 D ConnectivityService: handleInetConditionChange: no active default network - ignore
12-12 20:19:19.342   675   960 I ServiceKeeper: In getappinfo pid = 675 pkgName = android appinfo = null
12-12 20:19:19.342   675   960 I ServiceKeeper: In getseinfo pid = 675 uid = 1000 seinfo= system
12-12 20:19:19.342   675  1007 D EnterpriseDeviceManager: ContainerId: 0
12-12 20:19:19.342   675  1007 D EnterpriseDeviceManager: ContainerId: 0
12-12 20:19:19.342   675   675 D SmartBondingService: SmartBondingReceiver: onReceive action=android.net.conn.CONNECTIVITY_CHANGE_IMMEDIATE
12-12 20:19:19.342   675  1014 D SmartBondingService: EVENT_UPDATE_SB_STATE called / mDisableBySIOP false
12-12 20:19:19.352   675  1014 D SmartBondingService: getNetworkEnabled : wifi : false mobile : true
12-12 20:19:19.362   675   960 I ServiceKeeper: In getappinfo pid = 675 pkgName = android appinfo = null
12-12 20:19:19.362   675   960 I ServiceKeeper: In getseinfo pid = 675 uid = 1000 seinfo= system
12-12 20:19:19.372   675   960 I ServiceKeeper: In getappinfo pid = 675 pkgName = android appinfo = null
12-12 20:19:19.372   675   960 I ServiceKeeper: In getseinfo pid = 675 uid = 1000 seinfo= system
12-12 20:19:19.372   675  1007 D EnterpriseDeviceManager: ContainerId: 0
12-12 20:19:19.382 17393 17393 I System.out: Inside WakeupProvider
12-12 20:19:19.382 17393 17393 I System.out: Inside onCreate() of WakeupTriggerProvide
12-12 20:19:19.412 17393 17393 E ResourceType: getSupportListinCSC: cannot open file 
12-12 20:19:19.412 17393 17393 E ResourceType: The locale in CSC is empty.
12-12 20:19:19.422 17393 17393 I VlingoApplication: VlingoApplication appVersion ='11.4.0.2.33726', ro.csc.sales_code=TMB
12-12 20:19:19.422 17393 17393 D VlingoApplication: Couldn't create com.nuance.nuancedebugutilpackage context for host settings utility
12-12 20:19:19.422 17393 17393 D VlingoApplication: Couldn't create com.vlingo.midas.lmttutilitypackage context for host settings utility
12-12 20:19:19.572   675  1272 D EnterpriseDeviceManager: ContainerId: 0
12-12 20:19:19.572   675  1272 W LicenseLogService: log() failed
12-12 20:19:19.582   675  1026 D EnterpriseDeviceManager: ContainerId: 0
12-12 20:19:19.582   675  1026 W LicenseLogService: log() failed
12-12 20:19:19.592   675   960 I ServiceKeeper: In getappinfo pid = 675 pkgName = android appinfo = null
12-12 20:19:19.592   675   960 I ServiceKeeper: In getseinfo pid = 675 uid = 1000 seinfo= system
12-12 20:19:19.592   675   960 I ServiceKeeper: In getappinfo pid = 675 pkgName = android appinfo = null
12-12 20:19:19.592   675   960 I ServiceKeeper: In getseinfo pid = 675 uid = 1000 seinfo= system
12-12 20:19:19.692 17393 17393 D DialogFlow: initQueue()
12-12 20:19:19.702 16907 16907 D NearbySettings: MountReceiver.onReceive - Create HandlerThread
12-12 20:19:19.702 16907 16907 D NearbySettings: MountReceiver.onReceive - Start HandlerThread
12-12 20:19:19.702 16907 16907 D NearbySettings: MountReceiver.onReceive - Create mPrefHandler
12-12 20:19:19.702 16907 16907 D NearbySettings: MountReceiver.onReceive - ACTION: android.net.wifi.STATE_CHANGE
12-12 20:19:19.702 16907 16907 V NearbySettings: DMSUtil.isNetworkConnected - flag-null, state-null
12-12 20:19:19.702 16907 16907 I NearbySettings: DMSUtil.isNetworkConnected - WIFI: DISCONNECTED
12-12 20:19:19.712 16907 16907 I NearbySettings: DMSUtil.isNetworkConnected - P2P: DISCONNECTED
12-12 20:19:19.712 16907 16907 I NearbySettings: DMSUtil.isNetworkConnected - WIFI-false, Hotspot-false, P2P-false, Eth-false
12-12 20:19:19.712 16907 16907 I NearbySettings: MountReceiver.onReceive - Set preference state off
12-12 20:19:19.712 16907 17431 V NearbySettings: MountReceiver.mPrefHandler - 7002
12-12 20:19:19.732 16907 16907 D NearbySettings: MountReceiver.onReceive - ACTION: android.net.wifi.STATE_CHANGE
12-12 20:19:19.732 16907 16907 V NearbySettings: DMSUtil.isNetworkConnected - flag-null, state-null
12-12 20:19:19.732 16907 16907 I NearbySettings: DMSUtil.isNetworkConnected - WIFI: DISCONNECTED
12-12 20:19:19.732 16907 16907 I NearbySettings: DMSUtil.isNetworkConnected - P2P: DISCONNECTED
12-12 20:19:19.732 16907 16907 I NearbySettings: DMSUtil.isNetworkConnected - WIFI-false, Hotspot-false, P2P-false, Eth-false
12-12 20:19:19.732 16907 16907 I NearbySettings: MountReceiver.onReceive - Set preference state off
12-12 20:19:19.732 16907 17431 V NearbySettings: MountReceiver.mPrefHandler - 7002
12-12 20:19:19.732   675  1823 I ActivityManager: Killing 15164:com.sec.android.app.clockpackage/u0a96 (adj 15): empty #31
12-12 20:19:19.782  3550  3550 I elm     : MainReceiver.onReceive() : Intent { act=android.net.wifi.WIFI_STATE_CHANGED flg=0x4000010 cmp=com.sec.esdk.elm/.receiver.MainReceiver (has extras) }
12-12 20:19:19.782  3550  3550 I elm     : MainReceiver : Receive Intent { act=android.net.wifi.WIFI_STATE_CHANGED flg=0x4000010 cmp=com.sec.esdk.elm/.service.ElmAgentService (has extras) } END.
12-12 20:19:19.782  3550  3550 D elm     : ElmAgentService : onStartCommand()
12-12 20:19:19.792  1787  1787 I knox    : MainReceiver.onReceive() : Intent { act=android.net.wifi.WIFI_STATE_CHANGED flg=0x4000010 cmp=com.sec.knox.seandroid/.receiver.MainReceiver (has extras) }
12-12 20:19:19.792  1787  1787 I knox    : MainReceiver.onReceive() END - - - - - : Intent { act=android.net.wifi.WIFI_STATE_CHANGED flg=0x4000010 cmp=com.sec.knox.seandroid/.receiver.MainReceiver (has extras) }
12-12 20:19:19.792  1787  1787 W ContextImpl: Calling a method in the system process without a qualified user: android.app.ContextImpl.startService:1847 android.content.ContextWrapper.startService:506 android.content.ContextWrapper.startService:506 com.sec.knox.seandroid.receiver.MainReceiver.onReceive:89 android.app.ActivityThread.handleReceiver:2642 
12-12 20:19:19.832 17434 17434 I SELinux : Function: selinux_android_load_priority [0], There is no sepolicy file.
12-12 20:19:19.832 17434 17434 I SELinux :  
12-12 20:19:19.852   675   675 I ApplicationPolicy: updateDataUsageMap
12-12 20:19:19.862  1063  1063 D STATUSBAR-NetworkController: onReceive() - CONNECTIVITY_ACTION, INET_CONDITION_ACTION
12-12 20:19:19.862  1063  1063 D STATUSBAR-NetworkController: getUpdateDataNetType() - mDataNetType:0
12-12 20:19:19.862  1063  1063 D STATUSBAR-NetworkController: NoService, mRoamingIconId = 0
12-12 20:19:19.862  1063  1063 D STATUSBAR-NetworkController: NoService, mRoamingIconId = 0
12-12 20:19:19.872  1335  1335 D CommonIMSInterface: IMSEventListenerForNetwork: Received Intent : android.net.conn.CONNECTIVITY_CHANGE
12-12 20:19:19.872  1335  1335 D CommonIMSInterface: IMSEventListenerForNetwork: NetworkInfo [NetworkInfo: type: mobile[UNKNOWN], state: UNKNOWN/IDLE, reason: (unspecified), extra: (none), roaming: false, failover: true, isAvailable: false, isConnectedToProvisioningNetwork: false]
12-12 20:19:19.872  1335  1335 D CommonIMSInterface: IMSEventListenerForNetwork: networkType [0] old state [UNKNOWN] new state [UNKNOWN]
12-12 20:19:19.872  1335  1335 D CommonIMSInterface: IMSEventListenerForNetwork: NetworkInfo [NetworkInfo: type: mobile_ims[UNKNOWN], state: UNKNOWN/IDLE, reason: (unspecified), extra: (none), roaming: false, failover: false, isAvailable: false, isConnectedToProvisioningNetwork: false]
12-12 20:19:19.872  1335  1335 D CommonIMSInterface: IMSEventListenerForNetwork: networkType [1] old state [UNKNOWN] new state [UNKNOWN]
12-12 20:19:19.872  1335  1335 D CommonIMSInterface: IMSEventListenerForNetwork: NetworkInfo [NetworkInfo: type: WIFI[], state: DISCONNECTED/DISCONNECTED, reason: (unspecified), extra: <unknown ssid>, roaming: false, failover: false, isAvailable: true, isConnectedToProvisioningNetwork: false]
12-12 20:19:19.872  1335  1335 D CommonIMSInterface: IMSEventListenerForNetwork: networkType [2] old state [CONNECTED] new state [DISCONNECTED]
12-12 20:19:19.872  1335  1335 D CommonIMSInterface: IMSEventListenerForNetwork: notifyConnectivityChange() state [DISCONNECTED]
12-12 20:19:19.872  1335  1335 D CommonIMSInterface: IMSEventListenerForNetwork: onNetworkDisconnected : networkType [2] info [NetworkInfo: type: WIFI[], state: DISCONNECTED/DISCONNECTED, reason: (unspecified), extra: <unknown ssid>, roaming: false, failover: false, isAvailable: true, isConnectedToProvisioningNetwork: false]
12-12 20:19:19.882  1846  1846 D accuweather: [KK AccuPhone]>>> SWW:61 [0:0] action : androidnetconnCONNECTIVITY_CHANGE
12-12 20:19:19.892 17434 17434 I SELinux : Function: selinux_android_load_priority , spota verifySig and checkHash pass. priority version is VE=SEPF_SM-G900T_4.4.2_0055
12-12 20:19:19.892 17434 17434 I SELinux :  
12-12 20:19:19.892 17434 17434 I SELinux :  
12-12 20:19:19.892  1321  1321 I WfcConnectivityReceiver: onReceive(): action=ConnectivityManager.CONNECTIVITY_ACTION
12-12 20:19:19.892 17434 17434 I SELinux : selinux_android_seapp_context_reload: seapp_contexts file is loaded from /data/security/spota/seapp_contexts
12-12 20:19:19.892  1321  1321 D WfcConnectivityReceiver: processConnectivity(): connected=false, type=1
12-12 20:19:19.892  1321  1321 D WfcConnectivityReceiver: parseWifiConnectivity(): connected=false
12-12 20:19:19.892  1321  1321 D WfcConnectivityReceiver: parseWifiConnectivity(): do not update wifi-state to controller. Same as before DISCONNECTED
12-12 20:19:19.892 17434 17434 E dalvikvm: >>>>> Normal User
12-12 20:19:19.892 17434 17434 E dalvikvm: >>>>> tv.peel.smartremote [ userId:0 | appId:10186 ]
12-12 20:19:19.902  1335  1335 I BusinessExecutor: registered Task#127 : NetworkEventSource$5
12-12 20:19:19.902  1335  1440 D CommonIMSInterface: IMSSystemMediator: Enter notify
12-12 20:19:19.902  1335  1433 I BusinessExecutor: Task#127 : #run() called
12-12 20:19:19.912  1335  1440 D CommonIMSInterface: IMSSystemMediator: notify [com.samsung.commonimsinterface.imssystem.event.IMSNetworkEvent : com.samsung.commonimsinterface.imsframework.internal.IMSEPDGNotifier$1@43235788]
12-12 20:19:19.912  1335  1433 I NetworkEventSource: handleNetworkStateChanged(NetworkInfo: type: WIFI[], state: DISCONNECTED/DISCONNECTED, reason: (unspecified), extra: <unknown ssid>, roaming: false, failover: false, isAvailable: true, isConnectedToProvisioningNetwork: false)
12-12 20:19:19.912  1335  1440 D CommonIMSInterface: IMSSystemMediator: notify [com.samsung.commonimsinterface.imssystem.event.IMSNetworkEvent : com.samsung.commonimsinterface.imsframework.call.IMSCallManager$2@431f9978]
12-12 20:19:19.912  1335  1440 D CommonIMSInterface: IMSSystemMediator: notify [com.samsung.commonimsinterface.imssystem.event.IMSNetworkEvent : com.samsung.commonimsinterface.imsframework.connectivity.IMSConnectivityManager$1@431fe8e8]
12-12 20:19:19.912  1335  1433 I NetworkEventSource: In AttachedHandler handleNetworkChange for networkType: WIFI isConnected: false
12-12 20:19:19.912  1335  1433 I NetworkEventSource: iface: null networkType: WIFI
12-12 20:19:19.912  1335  1440 D CommonIMSInterface: IMSConnectivityManager: onNetworkDisconnected : info [NetworkInfo: type: WIFI[], state: DISCONNECTED/DISCONNECTED, reason: (unspecified), extra: <unknown ssid>, roaming: false, failover: false, isAvailable: true, isConnectedToProvisioningNetwork: false]
12-12 20:19:19.912  1335  1433 I BusinessExecutor: registered Task#128 : PlatformEventSender$1
12-12 20:19:19.912  1335  1433 I BusinessExecutor: registered Task#129 : PlatformEventSender$1
12-12 20:19:19.912  1335  1433 I BusinessExecutor: Task#127 : #run() ended
12-12 20:19:19.912  1335  1440 D CommonIMSInterface: IMSConnectivityManager MOBILE_INET [DISCONNECTED] Since (N/A) MOBILE_IMS [DISCONNECTED] Since (N/A) WIFI [CONNECTED] Since (20:16:10.432): ****** LEAVE STATE ******
12-12 20:19:19.912  1335  1433 I BusinessExecutor: Task#128 : #run() called
12-12 20:19:19.912  1335  1433 I PlatformEventSender: event : com.sec.ims.android.platform.eventsources.NetworkEventSource$NetworkStateEvent@28a717
12-12 20:19:19.912  1335  1440 D CommonIMSInterface: IMSConnectivityManager MOBILE_INET [DISCONNECTED] Since (N/A) MOBILE_IMS [DISCONNECTED] Since (N/A) WIFI [DISCONNECTED] Since (20:19:19.921): ****** ENTER STATE ******
12-12 20:19:19.912  1335  1433 I VolteDedicatedBearerController: onNetworkChange() called current state is- DisabledState
12-12 20:19:19.912  1335  1433 I VolteDedicatedBearerController: printAllValues() VolteDedicatedBearerController [isInetConnected=false, isEnabled=false, isConnected=false, isAirPlaneModeEnabled=false, isSimReady=false, isVolteEnabled=true, isAuthenticated=false, isImsEnabledOnRoamingFromConfig=false, isImsPdnRestartRequested=false, isWifiConnected= false, isEPDGEnabled= falseisSimRefreshPending= false]
12-12 20:19:19.912  1335  1433 I BusinessExecutor: Task#128 : #run() ended
12-12 20:19:19.912  1335  1433 I BusinessExecutor: Task#129 : #run() called
12-12 20:19:19.912  1335  1433 I PlatformEventSender: event : com.sec.ims.android.platform.eventsources.NetworkEventSource$7@436d2780
12-12 20:19:19.922  1335  1433 I BusinessExecutor: Task#129 : #run() ended
12-12 20:19:19.922  1335  1440 D CommonIMSInterface: IMSConnectivityManager: Notifying listener [com.samsung.commonimsinterface.imsstub.common.IMSListener@432b0020] with action [1013]
12-12 20:19:19.922  1335  1440 D CommonIMSInterface: IMSListener: onReceive : token[7] action [1013] parameter [com.samsung.commonimsinterface.imscommon.IMSParameter@436d3578]
12-12 20:19:19.922  1335  1440 D CommonIMSInterface: IMSListener: Length : 2
12-12 20:19:19.922  1321  2595 D CommonIMSInterface: IMSRemoteListenerStub: onReceive : token [7] action [1013] parameter [com.samsung.commonimsinterface.imscommon.IMSParameter@43230d78]
12-12 20:19:19.922  1229  1250 D CommonIMSInterface: IMSRemoteListenerStub: onReceive : token [7] action [1013] parameter [com.samsung.commonimsinterface.imscommon.IMSParameter@431be110]
12-12 20:19:19.922  1335  1440 D CommonIMSInterface: IMSSystemMediator: notify [com.samsung.commonimsinterface.imssystem.event.IMSNetworkEvent : com.samsung.commonimsinterface.imsframework.registration.IMSRegistrationManager$1@4320b5d8]
12-12 20:19:19.922  1335  1440 E CommonIMSInterface: IMSRegistrationManager MOBILE [REGISTERING] Since (18:18:36.424) WIFI [DEREGISTERED] Since (N/A): changeState : Already In State [4]
12-12 20:19:19.922  1335  1440 D CommonIMSInterface: IMSSystemMediator: Leave notify
12-12 20:19:19.932 12830 12830 I CmaSystemUpdateService: connectivity change: Intent { act=android.net.conn.CONNECTIVITY_CHANGE flg=0x4000010 (has extras) }
12-12 20:19:19.932 12830 12830 I CmaSystemUpdateService: receiver: Intent { act=android.net.conn.CONNECTIVITY_CHANGE flg=0x4000010 (has extras) }
12-12 20:19:19.932   675   675 D Tethering: Tethering got CONNECTIVITY_ACTION
12-12 20:19:19.932   675  1013 D Tethering: MasterInitialState.processMessage what=3
12-12 20:19:19.932   675   675 D SmartBondingService: SmartBondingReceiver: onReceive action=android.net.conn.CONNECTIVITY_CHANGE
12-12 20:19:19.932   675  1014 D SmartBondingService: EVENT_UPDATE_SB_STATE called / mDisableBySIOP false
12-12 20:19:19.942   675  1147 D CaptivePortalTracker: Disconnected from active network NetworkInfo: type: WIFI[], state: DISCONNECTED/DISCONNECTED, reason: (unspecified), extra: <unknown ssid>, roaming: false, failover: false, isAvailable: true, isConnectedToProvisioningNetwork: false
12-12 20:19:19.942  3228  3228 I DBG_DM  : [3.19.140311][Line:2202][xdmProtoIsWIFIConnected] WiFi DisConnected
12-12 20:19:19.942   675   960 I ServiceKeeper: In getappinfo pid = 675 pkgName = android appinfo = null
12-12 20:19:19.942   675   960 I ServiceKeeper: In getseinfo pid = 675 uid = 1000 seinfo= system
12-12 20:19:19.942   675  1014 D SmartBondingService: getNetworkEnabled : wifi : false mobile : true
12-12 20:19:19.942   675  1147 D ConnectivityService: setProvNotificationVisible: E visible=false networkType=1 extraInfo=null url=null
12-12 20:19:19.942   675   675 W ContextImpl: Calling a method in the system process without a qualified user: android.app.ContextImpl.sendBroadcast:1505 com.android.server.StatusBarManagerService.sendNotification:985 com.android.server.StatusBarManagerService.updateNotification:694 com.android.server.NotificationManagerService$7.run:2134 android.os.Handler.handleCallback:733 
12-12 20:19:19.942   675   675 D STATUSBAR-StatusBarManagerService: sendNotification(2) - 273
12-12 20:19:19.952   675   675 D LocSvc_java: updateNetworkState unavailable info: NetworkInfo: type: WIFI[], state: DISCONNECTED/DISCONNECTED, reason: (unspecified), extra: <unknown ssid>, roaming: false, failover: false, isAvailable: true, isConnectedToProvisioningNetwork: false
12-12 20:19:19.952   675   675 D LocSvc_java: getAGpsConnectionInfo connType - 4
12-12 20:19:19.952   675   675 D LocSvc_java: ignore wifi update if we are not in OPENING or CLOSING
12-12 20:19:19.952   675   960 I ServiceKeeper: In getappinfo pid = 675 pkgName = android appinfo = null
12-12 20:19:19.952   675   960 I ServiceKeeper: In getseinfo pid = 675 uid = 1000 seinfo= system
12-12 20:19:19.952   675   960 I ServiceKeeper: In getappinfo pid = 675 pkgName = android appinfo = null
12-12 20:19:19.952   675   960 I ServiceKeeper: In getseinfo pid = 675 uid = 1000 seinfo= system
12-12 20:19:19.952   675   960 I ServiceKeeper: In getappinfo pid = 675 pkgName = android appinfo = null
12-12 20:19:19.952   675   960 I ServiceKeeper: In getseinfo pid = 675 uid = 1000 seinfo= system
12-12 20:19:19.952   675   960 I ServiceKeeper: In getappinfo pid = 675 pkgName = android appinfo = null
12-12 20:19:19.952   675   960 I ServiceKeeper: In getseinfo pid = 675 uid = 1000 seinfo= system
12-12 20:19:19.952   675   960 I ServiceKeeper: In getappinfo pid = 675 pkgName = android appinfo = null
12-12 20:19:19.952   675   960 I ServiceKeeper: In getseinfo pid = 675 uid = 1000 seinfo= system
12-12 20:19:19.962  1027  1027 I wpa_supplicant: nl80211: Received scan results (7 BSSes)
12-12 20:19:19.962  1027  1027 I wpa_supplicant: _wpa_supplicant_event_scan_results: wpa_s->bStopPeriodicScan : 1
12-12 20:19:19.962  1335  1349 D CommonIMSInterface: IMSEventListenerForNetwork: Interface Changed is ::  wlan0 link up
12-12 20:19:19.962   675   943 D Tethering: interfaceLinkStateChanged wlan0, true
12-12 20:19:19.962   675   943 D Tethering: interfaceStatusChanged wlan0, true
12-12 20:19:19.972 12618 13050 I dalvikvm: Could not find method android.net.wifi.ScanResult.is80211mcResponder, referenced from method amia.a
12-12 20:19:19.972 12618 13050 W dalvikvm: VFY: unable to resolve virtual method 24224: Landroid/net/wifi/ScanResult;.is80211mcResponder ()Z
12-12 20:19:19.972 12618 13050 D dalvikvm: VFY: replacing opcode 0x6e at 0x000b
12-12 20:19:19.972 12618 13050 D dalvikvm: DexOpt: couldn't find field Landroid/net/wifi/ScanResult;.channelWidth
12-12 20:19:19.972 12618 13050 I dalvikvm: DexOpt: unable to optimize instance field ref 0x3e1f at 0x18 in Lamia;.a
12-12 20:19:19.972 12618 13050 D dalvikvm: DexOpt: couldn't find field Landroid/net/wifi/ScanResult;.centerFreq0
12-12 20:19:19.972 12618 13050 I dalvikvm: DexOpt: unable to optimize instance field ref 0x3e1d at 0x1e in Lamia;.a
12-12 20:19:19.972 12618 13050 D dalvikvm: DexOpt: couldn't find field Landroid/net/wifi/ScanResult;.centerFreq1
12-12 20:19:19.972 12618 13050 I dalvikvm: DexOpt: unable to optimize instance field ref 0x3e1e at 0x20 in Lamia;.a
12-12 20:19:20.232 12014 17465 D Aatp    : /task/7672ed30876cc89062525c5402d085a3c7fb491e/status
12-12 20:19:20.282 12014 12018 D dalvikvm: GC_CONCURRENT freed 1900K, 35% free 17518K/26752K, paused 2ms+3ms, total 29ms
12-12 20:19:20.302 16907 16907 D NearbySettings: MountReceiver.onReceive - ACTION: android.net.wifi.p2p.CONNECTION_STATE_CHANGE
12-12 20:19:20.302 16907 16907 V NearbySettings: DMSUtil.isNetworkConnected - flag-null, state-null
12-12 20:19:20.312 16907 16907 I NearbySettings: DMSUtil.isNetworkConnected - WIFI: DISCONNECTED
12-12 20:19:20.312 16907 16907 I NearbySettings: DMSUtil.isNetworkConnected - P2P: DISCONNECTED
12-12 20:19:20.312 16907 16907 I NearbySettings: DMSUtil.isNetworkConnected - WIFI-false, Hotspot-false, P2P-false, Eth-false
12-12 20:19:20.312 16907 16907 I NearbySettings: MountReceiver.onReceive - Set preference state off
12-12 20:19:20.312 16907 17431 V NearbySettings: MountReceiver.mPrefHandler - 7002
12-12 20:19:20.342 17469 17469 I SELinux : Function: selinux_android_load_priority [0], There is no sepolicy file.
12-12 20:19:20.342 17469 17469 I SELinux :  
12-12 20:19:20.342   675  1385 I ActivityManager: Killing 15184:com.sec.android.widgetapp.digitalclock/u0a98 (adj 15): empty #31
12-12 20:19:20.372 12014 17468 D Aatp    : /bluetooth
12-12 20:19:20.382 12014 17468 D Aatp    : sha1: aff6d3478dab667d3c614c8e812b509b7427ea83
12-12 20:19:20.382 12014 17468 D AatpDeviceManager: k: enabled v: False
12-12 20:19:20.382 12014 17468 D AatpDeviceManager: k: NanoHttpd.QUERY_STRING v: enabled=False
12-12 20:19:20.392 12014 12014 D AatpDeviceManager: taskStatus update (aff6d3478dab667d3c614c8e812b509b7427ea83: {"state":1})
12-12 20:19:20.392 12014 17473 D AWSDeviceFarmAndroidLib: setEnabled: enabled: false
12-12 20:19:20.402 17469 17469 I SELinux : Function: selinux_android_load_priority , spota verifySig and checkHash pass. priority version is VE=SEPF_SM-G900T_4.4.2_0055
12-12 20:19:20.402 17469 17469 I SELinux :  
12-12 20:19:20.402 17469 17469 I SELinux :  
12-12 20:19:20.402 17469 17469 I SELinux : selinux_android_seapp_context_reload: seapp_contexts file is loaded from /data/security/spota/seapp_contexts
12-12 20:19:20.402 17469 17469 E dalvikvm: >>>>> Normal User
12-12 20:19:20.402 17469 17469 E dalvikvm: >>>>> com.sec.android.app.FileShareServer [ userId:0 | appId:10080 ]
12-12 20:19:20.402 12014 17473 D AWSDeviceFarmAndroidLib: setEnabled: setting bluetooth to: false
12-12 20:19:20.402 12014 17468 D Aatp    : /task/aff6d3478dab667d3c614c8e812b509b7427ea83
12-12 20:19:20.402   675   675 W ContextImpl: Calling a method in the system process without a qualified user: android.app.ContextImpl.sendBroadcast:1505 com.android.server.StatusBarManagerService.sendNotification:985 com.android.server.StatusBarManagerService.addNotification:674 com.android.server.NotificationManagerService$7.run:2142 android.os.Handler.handleCallback:733 
12-12 20:19:20.402   675   675 D STATUSBAR-StatusBarManagerService: sendNotification(1) - 1096041563
12-12 20:19:20.412  1657 13435 D BluetoothAdapterService(1125877448): unRegister RemoteMessageListener
12-12 20:19:20.412  1657 13435 D HeadsetService: getHeadsetService(): returning com.android.bluetooth.hfp.HeadsetService@431b16d8
12-12 20:19:20.412  1657 13435 D HeadsetService: registerMessageListener
12-12 20:19:20.412  1657 13433 D HeadsetStateMachine: Disconnected process message: 80
12-12 20:19:20.412  1657  3794 D BluetoothAdapterState: CURRENT_STATE=ON, MSG = USER_TURN_OFF
12-12 20:19:20.412  1657  3794 I BluetoothAdapterState: Bluetooth adapter state changed: 12-> 13
