12-12 12:18:23.928  7173  7173 I abtfilt : BT Filter Core : WLAN removed 
12-12 12:18:23.928  7173  7173 I abtfilt : WLAN Stack Notification de-init complete
12-12 12:18:23.928  7173  7176 I abtfilt : Terminating the BT Filter task
12-12 12:18:23.928  7173  7173 I abtfilt : BT Filter Core de-init complete
12-12 12:18:23.928  7173  7173 I abtfilt : Shutting Down Complete
12-12 12:18:23.928  7173  7173 D abtfilt : Service terminated 
12-12 12:18:23.928 10344 10344 I qcom-bt-wlan-coex: /system/etc/init.qcom.coex.sh: Coex stopped 
12-12 12:18:23.948  6286 10345 D Aatp    : /task/bf27b42facfb09f66b8da547e2a28762036f835c/status
12-12 12:18:24.008   926  1214 W SharedAssetStorage: Launching com.amazon.device.messaging (32013) with AMZ_APP_GID
12-12 12:18:24.018 10346 10346 I dalvikvm: Marking process com.amazon.device.messaging skinny
12-12 12:18:24.018   926  1214 I ActivityManager: Start proc com.amazon.device.messaging for broadcast com.amazon.device.messaging/.OdotService$ScheduleFlushReceiver: pid=10346 uid=32013 gids={72013, 3003, 9001}
12-12 12:18:24.018   926  1214 I ActivityManager: Killing 8044:com.amazon.kindle/u0a22070 (adj 12): empty #17
12-12 12:18:24.028  1382  1382 E ActivityThread: Service com.audible.application.download.service.DownloadManagerService has leaked IntentReceiver com.audible.application.download.NetworkStateChangeHelper$NetworkStateReceiver@41d66708 that was originally registered here. Are you missing a call to unregisterReceiver()?
12-12 12:18:24.028  1382  1382 E ActivityThread: android.app.IntentReceiverLeaked: Service com.audible.application.download.service.DownloadManagerService has leaked IntentReceiver com.audible.application.download.NetworkStateChangeHelper$NetworkStateReceiver@41d66708 that was originally registered here. Are you missing a call to unregisterReceiver()?
12-12 12:18:24.028  1382  1382 E ActivityThread: 	at android.app.LoadedApk$ReceiverDispatcher.<init>(LoadedApk.java:861)
12-12 12:18:24.028  1382  1382 E ActivityThread: 	at android.app.LoadedApk.getReceiverDispatcher(LoadedApk.java:662)
12-12 12:18:24.028  1382  1382 E ActivityThread: 	at android.app.ContextImpl.registerReceiverInternal(ContextImpl.java:1767)
12-12 12:18:24.028  1382  1382 E ActivityThread: 	at android.app.ContextImpl.registerReceiver(ContextImpl.java:1747)
12-12 12:18:24.028  1382  1382 E ActivityThread: 	at android.app.ContextImpl.registerReceiver(ContextImpl.java:1741)
12-12 12:18:24.028  1382  1382 E ActivityThread: 	at android.content.ContextWrapper.registerReceiver(ContextWrapper.java:502)
12-12 12:18:24.028  1382  1382 E ActivityThread: 	at com.audible.application.download.NetworkStateChangeHelper.<init>(NetworkStateChangeHelper.java:33)
12-12 12:18:24.028  1382  1382 E ActivityThread: 	at com.audible.application.download.service.DownloadManagerController.<init>(DownloadManagerController.java:61)
12-12 12:18:24.028  1382  1382 E ActivityThread: 	at com.audible.application.download.service.DownloadManagerService.onCreate(DownloadManagerService.java:70)
12-12 12:18:24.028  1382  1382 E ActivityThread: 	at android.app.ActivityThread.handleCreateService(ActivityThread.java:2685)
12-12 12:18:24.028  1382  1382 E ActivityThread: 	at android.app.ActivityThread.access$1800(ActivityThread.java:145)
12-12 12:18:24.028  1382  1382 E ActivityThread: 	at android.app.ActivityThread$H.handleMessage(ActivityThread.java:1298)
12-12 12:18:24.028  1382  1382 E ActivityThread: 	at android.os.Handler.dispatchMessage(Handler.java:102)
12-12 12:18:24.028  1382  1382 E ActivityThread: 	at android.os.Looper.loop(Looper.java:145)
12-12 12:18:24.028  1382  1382 E ActivityThread: 	at android.app.ActivityThread.main(ActivityThread.java:5266)
12-12 12:18:24.028  1382  1382 E ActivityThread: 	at java.lang.reflect.Method.invokeNative(Native Method)
12-12 12:18:24.028  1382  1382 E ActivityThread: 	at java.lang.reflect.Method.invoke(Method.java:515)
12-12 12:18:24.028  1382  1382 E ActivityThread: 	at com.android.internal.os.ZygoteInit$MethodAndArgsCaller.run(ZygoteInit.java:826)
12-12 12:18:24.028  1382  1382 E ActivityThread: 	at com.android.internal.os.ZygoteInit.main(ZygoteInit.java:642)
12-12 12:18:24.028  1382  1382 E ActivityThread: 	at dalvik.system.NativeStart.main(Native Method)
12-12 12:18:24.038   926  1741 I ActivityManager: Killing 9840:com.android.externalstorage/u0a22020 (adj 12): empty #17
12-12 12:18:24.098  6286 10358 D Aatp    : /gps
12-12 12:18:24.108  6286 10358 D Aatp    : sha1: c4fcc930363c6f19d2daa26d648803a181bd64af
12-12 12:18:24.108  6286 10358 D AatpDeviceManager: k: enabled v: False
12-12 12:18:24.108  6286 10358 D AatpDeviceManager: k: NanoHttpd.QUERY_STRING v: enabled=False
12-12 12:18:24.108  6286  6286 D AatpDeviceManager: taskStatus update (c4fcc930363c6f19d2daa26d648803a181bd64af: {"state":1})
12-12 12:18:24.108  6286  6286 D AatpDeviceManager: taskStatus update (c4fcc930363c6f19d2daa26d648803a181bd64af: {"result":"GPS not supported on this platform","state":2})
12-12 12:18:24.118  6286 10364 D AWSDeviceFarmAndroidLib: setEnabled: disabling GPS
12-12 12:18:24.118  6286 10364 D AWSDeviceFarmAndroidLib: disableGPS()
12-12 12:18:24.118  6286 10364 D AWSDeviceFarmAndroidLib: disableGPS(): network,wifi,gps
12-12 12:18:24.118  6286 10364 D AWSDeviceFarmAndroidLib: disableGPS(): gpsDisabled: network,wifi
12-12 12:18:24.128  6286 10358 D Aatp    : /task/c4fcc930363c6f19d2daa26d648803a181bd64af
12-12 12:18:24.138   926   959 E LocSvc_eng: I/===> void loc_eng_delete_aiding_data(loc_eng_data_s_type&, GpsAidingData) line 1909 
12-12 12:18:24.138   926  1215 E LocSvc_api_v02: I/---> locClientSendReq line 2305 QMI_LOC_DELETE_ASSIST_DATA_REQ_V02
12-12 12:18:24.138   926  1268 E LocSvc_ApiV02: I/<--- void globalRespCb(locClientHandleType, uint32_t, locClientRespIndUnionType, void*) line 106 QMI_LOC_DELETE_ASSIST_DATA_REQ_V02
12-12 12:18:24.138   926  1450 W BackupManagerService: dataChanged but no participant pkg='com.android.providers.settings' uid=10000
12-12 12:18:24.148  6286 10364 D AWSDeviceFarmAndroidLib: setEnabled: GPS is: false
12-12 12:18:24.148  6286  6286 D AatpDeviceManager: taskStatus update (c4fcc930363c6f19d2daa26d648803a181bd64af: {"result":"GPS enabled: false","state":2})
12-12 12:18:24.148   926   959 E LocSvc_eng: I/===> void loc_eng_cleanup(loc_eng_data_s_type&) line 1620 
12-12 12:18:24.238   353   353 I rmt_storage: rmt_storage_connect_cb: clnt_h=0x6 conn_h=0xb89a6178
12-12 12:18:24.238   353   353 I rmt_storage: rmt_storage_rw_iovec_cb: /boot/modem_fs1: clnt_h=0x1: req_h=0xa msg_id=3: R/W request received
12-12 12:18:24.238   353   353 I rmt_storage: wakelock acquired: 1, error no: 42
12-12 12:18:24.238   353   618 I rmt_storage: rmt_storage_client_thread: /boot/modem_fs1: clnt_h=0x1 Unblock worker thread (th_id: -1197842712)
12-12 12:18:24.248  6286 10366 D Aatp    : /task/c4fcc930363c6f19d2daa26d648803a181bd64af/status
12-12 12:18:24.328   353   618 I rmt_storage: rmt_storage_client_thread: /boot/modem_fs1: clnt_h=0x1: req_h=0xa msg_id=3: Bytes written = 1572864
12-12 12:18:24.328   353   618 I rmt_storage: rmt_storage_client_thread: /boot/modem_fs1: clnt_h=0x1: req_h=0xa msg_id=3: Send response: res=0 err=0
12-12 12:18:24.328   353   618 I rmt_storage: rmt_storage_client_thread: /boot/modem_fs1: clnt_h=0x1 About to block rmt_storage client thread (th_id: -1197842712) wakelock released: 1, error no: 22
12-12 12:18:24.328   353   618 I rmt_storage: 
12-12 12:18:24.328   353   353 I rmt_storage: rmt_storage_disconnect_cb: clnt_h=0x0x6 conn_h=0x0xb89a6178
12-12 12:18:24.388  6286 10367 D Aatp    : /nfc
12-12 12:18:24.388   926   991 I RadioPowerPolicy: Unable to turn on Mobile Radio. Aborting.
12-12 12:18:24.398  6286 10367 D Aatp    : sha1: fc0bbbf20af93ce1293ecfaa592dd9ab7da18e23
12-12 12:18:24.398  6286 10367 D AatpDeviceManager: k: enabled v: False
12-12 12:18:24.398  6286 10367 D AatpDeviceManager: k: NanoHttpd.QUERY_STRING v: enabled=False
12-12 12:18:24.398  6286  6286 D AatpDeviceManager: taskStatus update (fc0bbbf20af93ce1293ecfaa592dd9ab7da18e23: {"state":1})
12-12 12:18:24.398  6286  6286 D AatpDeviceManager: taskStatus update (fc0bbbf20af93ce1293ecfaa592dd9ab7da18e23: {"result":"NFC not supported on platform. Skipping","state":2})
12-12 12:18:24.418  6286 10367 D Aatp    : /task/fc0bbbf20af93ce1293ecfaa592dd9ab7da18e23
12-12 12:18:24.538   926  1747 I MediaFocusControl:  AudioFocus  abandonAudioFocus() from android.media.AudioManager@41d0d298com.audible.application.media.AudioFocusController$1@41d6c188
12-12 12:18:24.548  6286 10369 D Aatp    : /task/fc0bbbf20af93ce1293ecfaa592dd9ab7da18e23/status
12-12 12:18:24.638  6286 10375 D Aatp    : /stop-location
12-12 12:18:24.658  6286 10375 D AatpDeviceManager: stopTask
12-12 12:18:24.658  6286 10375 D AatpDeviceManager: got taskClass
12-12 12:18:24.658  6286 10375 D AatpDeviceManager: sending stop intent
12-12 12:18:24.658  6286 10375 D AatpDeviceManager: intent sent
12-12 12:18:24.658   926  1096 W SchedPolicy: Failed to set io priority for tid 10376 (No such process)
12-12 12:18:24.668  6286 10375 D Aatp    : /task/efc6ba3d1f0e3e1e942ee17d614353cd23ab1736
12-12 12:18:24.678   926   936 D ActivityManager: single user service: com.amazon.dcp:OTAService
12-12 12:18:24.678   926   936 D ActivityManager: app = com.amazon.dcp:OTAService, has single user service, setting process record.
12-12 12:18:24.688   926  1127 D ActivityManager: single user service: com.amazon.device.settings:Settings
12-12 12:18:24.688   926  1214 W SharedAssetStorage: Launching com.amazon.digital.asset.ownership.app (32059) with AMZ_APP_GID
12-12 12:18:24.688   926  1127 D ActivityManager: app = com.amazon.device.settings:Settings, has single user service, setting process record.
12-12 12:18:24.698   926  1214 I ActivityManager: Start proc com.amazon.digital.asset.ownership.app for broadcast com.amazon.digital.asset.ownership.app/.notification.reciever.NetworkStateChangeBroadcastReciever: pid=10381 uid=32059 gids={72059, 3003, 9001}
12-12 12:18:24.748   926   936 I ActivityManager: Killing 6622:com.amazon.dcp/u0a22016 (adj 12): empty #17
12-12 12:18:24.778 10245 10245 I LbsExpiryBroadcastReceiver: Lbs expiry broadcast Receiver triggered
12-12 12:18:24.778 10245 10245 I LbsExpiryBroadcastReceiver: Received Mode changed action
12-12 12:18:24.778 10245 10245 D LbsExpiryBroadcastReceiver: Lbs Enabled: true
12-12 12:18:24.788 10245 10245 D FmkBroadcastReceiver: FMK broadcast Receiver triggered
12-12 12:18:24.798  6286 10394 D Aatp    : /task/efc6ba3d1f0e3e1e942ee17d614353cd23ab1736/status
12-12 12:18:24.858   926   958 I ActivityManager: Waited long enough for: ServiceRecord{4248bc78 u0 com.amazon.venezia/com.amazon.mas.client.locker.service.appmgr.AppManagerService}
12-12 12:18:24.888  6286 10404 D Aatp    : /locale
12-12 12:18:24.908  6286 10404 D Aatp    : sha1: d267ccccec5ad88d91ff8fc63b5feda80826df97
12-12 12:18:24.908  6286 10404 D AatpDeviceManager: k: NanoHttpd.QUERY_STRING v: locale=en_US
12-12 12:18:24.908  6286 10404 D AatpDeviceManager: k: locale v: en_US
12-12 12:18:24.908  6286 10406 D AatpDeviceManager: Setting locale to: en_US
12-12 12:18:24.908  6286  6286 D AatpDeviceManager: taskStatus update (d267ccccec5ad88d91ff8fc63b5feda80826df97: {"state":1})
12-12 12:18:24.908  6286 10406 D AWSDeviceFarmAndroidLib: Setting locale to: en_US
12-12 12:18:24.918  6286 10404 D Aatp    : /task/d267ccccec5ad88d91ff8fc63b5feda80826df97
12-12 12:18:25.048  6286 10407 D Aatp    : /task/d267ccccec5ad88d91ff8fc63b5feda80826df97/status
12-12 12:18:25.718   926  1004 I ActivityManager: Killing 7637:com.amazon.identity.auth.device.authorization/u0a22032 (adj 12): empty #17
12-12 12:18:26.088  6286 10418 D Aatp    : /task/d267ccccec5ad88d91ff8fc63b5feda80826df97/status
12-12 12:18:27.018  6286  6286 D AatpDeviceManager: taskStatus update (d267ccccec5ad88d91ff8fc63b5feda80826df97: {"result":"en_US","state":2})
12-12 12:18:27.178  6286 10419 D Aatp    : /task/d267ccccec5ad88d91ff8fc63b5feda80826df97/status
12-12 12:18:27.898  6286 10425 D Aatp    : /ping
12-12 12:18:27.988  6286 10426 D Aatp    : /apps-to-uninstall
12-12 12:18:27.998  6286 10426 D Aatp    : sha1: 25a2a38b2c784f586df29f73a9917f6aeef6df39
12-12 12:18:28.038  6286 10426 D Aatp    : /task/25a2a38b2c784f586df29f73a9917f6aeef6df39
12-12 12:18:28.038  6286  6286 D AatpDeviceManager: taskStatus update (25a2a38b2c784f586df29f73a9917f6aeef6df39: {"state":1})
12-12 12:18:28.098  6286  6286 D AatpDeviceManager: taskStatus update (25a2a38b2c784f586df29f73a9917f6aeef6df39: {"result":[],"state":2})
12-12 12:18:28.188  6286 10428 D Aatp    : /task/25a2a38b2c784f586df29f73a9917f6aeef6df39/status
12-12 12:18:28.288  6286 10429 D Aatp    : /ping
12-12 12:18:28.458  6286 10430 D Aatp    : /clean-accounts
12-12 12:18:28.458  6286 10430 D Aatp    : sha1: 99823037467edb8c69029364a398b1eb3853c246
12-12 12:18:28.478  6286 10430 D Aatp    : /task/99823037467edb8c69029364a398b1eb3853c246
12-12 12:18:28.518  6286  6286 D AatpDeviceManager: taskStatus update (99823037467edb8c69029364a398b1eb3853c246: {"state":1})
12-12 12:18:28.528  6286  6286 D AatpDeviceManager: taskStatus update (99823037467edb8c69029364a398b1eb3853c246: {"result":"Cleaned Accounts PASS","state":2})
12-12 12:18:28.638  6286 10432 D Aatp    : /task/99823037467edb8c69029364a398b1eb3853c246/status
12-12 12:18:28.788  6286 10433 D Aatp    : /rm-external-files
12-12 12:18:28.858  6286 10433 D Aatp    : sha1: 7df99e4c9c882f0be8cf9b783927d3ff36257643
12-12 12:18:28.888  6286 10433 D Aatp    : /task/7df99e4c9c882f0be8cf9b783927d3ff36257643
12-12 12:18:28.918  6286  6286 D AatpDeviceManager: taskStatus update (7df99e4c9c882f0be8cf9b783927d3ff36257643: {"state":1})
12-12 12:18:28.928  6286 10436 D AatpDeviceManager: Wiping files from: /sdcard
12-12 12:18:28.988  6286 10436 D AatpDeviceManager: Wiping files from: /mnt/sdcard
12-12 12:18:28.988  6286 10436 D AatpDeviceManager: Wiping files from: /storage/sdcard1
12-12 12:18:28.988  6286 10436 D AatpDeviceManager: 0 files left!
12-12 12:18:28.988  6286  6286 D AatpDeviceManager: taskStatus update (7df99e4c9c882f0be8cf9b783927d3ff36257643: {"result":[],"state":2})
12-12 12:18:29.038  6286 10453 D Aatp    : /task/7df99e4c9c882f0be8cf9b783927d3ff36257643/status
12-12 12:18:29.528 10462 10462 D AndroidRuntime: 
12-12 12:18:29.528 10462 10462 D AndroidRuntime: >>>>>> AndroidRuntime START com.android.internal.os.RuntimeInit <<<<<<
12-12 12:18:29.528 10462 10462 D AndroidRuntime: CheckJNI is OFF
12-12 12:18:29.538 10462 10462 D dalvikvm: Good opt header, DEX offset is 64, flags=0x00
12-12 12:18:29.538 10462 10462 D dalvikvm: dalvik-aux-structure mapped at 0x588bb000 with sizes 17456 9068 22916 7820
12-12 12:18:29.538 10462 10462 D dalvikvm: Good opt header, DEX offset is 64, flags=0x00
12-12 12:18:29.538 10462 10462 D dalvikvm: dalvik-aux-structure mapped at 0x588c9000 with sizes 3488 1968 3700 1000
12-12 12:18:29.538 10462 10462 D dalvikvm: Good opt header, DEX offset is 64, flags=0x00
12-12 12:18:29.538 10462 10462 D dalvikvm: dalvik-aux-structure mapped at 0x588cd000 with sizes 1212 1216 2416 256
12-12 12:18:29.538 10462 10462 D dalvikvm: Good opt header, DEX offset is 64, flags=0x00
12-12 12:18:29.538 10462 10462 D dalvikvm: dalvik-aux-structure mapped at 0x588d4000 with sizes 132 296 392 8
12-12 12:18:29.538 10462 10462 D dalvikvm: Good opt header, DEX offset is 64, flags=0x00
12-12 12:18:29.538 10462 10462 D dalvikvm: dalvik-aux-structure mapped at 0x58a93000 with sizes 8748 4364 7932 3996
12-12 12:18:29.538 10462 10462 D dalvikvm: Good opt header, DEX offset is 64, flags=0x00
12-12 12:18:29.538 10462 10462 D dalvikvm: dalvik-aux-structure mapped at 0x58a9a000 with sizes 22496 5184 8544 1804
12-12 12:18:29.538 10462 10462 D dalvikvm: Good opt header, DEX offset is 64, flags=0x00
12-12 12:18:29.538 10462 10462 D dalvikvm: dalvik-aux-structure mapped at 0x5960f000 with sizes 56984 26392 103956 34404
12-12 12:18:29.538 10462 10462 D dalvikvm: Good opt header, DEX offset is 64, flags=0x00
12-12 12:18:29.538 10462 10462 D dalvikvm: dalvik-aux-structure mapped at 0x5982a000 with sizes 9456 6512 11508 3328
12-12 12:18:29.538 10462 10462 D dalvikvm: Good opt header, DEX offset is 64, flags=0x00
12-12 12:18:29.538 10462 10462 D dalvikvm: dalvik-aux-structure mapped at 0x5999e000 with sizes 20776 3532 10520 3092
12-12 12:18:29.538 10462 10462 D dalvikvm: Good opt header, DEX offset is 64, flags=0x00
12-12 12:18:29.538 10462 10462 D dalvikvm: dalvik-aux-structure mapped at 0x58aa9000 with sizes 1660 956 2388 56
12-12 12:18:29.538 10462 10462 D dalvikvm: Good opt header, DEX offset is 64, flags=0x00
12-12 12:18:29.538 10462 10462 D dalvikvm: dalvik-aux-structure mapped at 0x59a06000 with sizes 1312 504 800 184
12-12 12:18:29.538 10462 10462 D dalvikvm: Good opt header, DEX offset is 64, flags=0x00
12-12 12:18:29.538 10462 10462 D dalvikvm: dalvik-aux-structure mapped at 0x59a07000 with sizes 1704 1896 3404 216
12-12 12:18:29.538 10462 10462 D dalvikvm: Good opt header, DEX offset is 64, flags=0x00
12-12 12:18:29.538 10462 10462 D dalvikvm: dalvik-aux-structure mapped at 0x59e4b000 with sizes 41708 10740 31748 2024
12-12 12:18:29.538 10462 10462 D dalvikvm: Good opt header, DEX offset is 64, flags=0x00
12-12 12:18:29.538 10462 10462 D dalvikvm: dalvik-aux-structure mapped at 0x59a0c000 with sizes 13340 3572 6468 560
12-12 12:18:29.538 10462 10462 D dalvikvm: Good opt header, DEX offset is 64, flags=0x00
12-12 12:18:29.548 10462 10462 D dalvikvm: dalvik-aux-structure mapped at 0x5a090000 with sizes 3752 5072 11996 2620
12-12 12:18:29.548 10462 10462 D dalvikvm: Good opt header, DEX offset is 64, flags=0x00
12-12 12:18:29.548 10462 10462 D dalvikvm: dalvik-aux-structure mapped at 0x59a14000 with sizes 864 112 12 8
12-12 12:18:29.548 10462 10462 D dalvikvm: Good opt header, DEX offset is 64, flags=0x00
12-12 12:18:29.548 10462 10462 D dalvikvm: dalvik-aux-structure mapped at 0x59a16000 with sizes 144 424 416 84
12-12 12:18:29.548 10462 10462 D dalvikvm: Good opt header, DEX offset is 64, flags=0x00
12-12 12:18:29.548 10462 10462 D dalvikvm: dalvik-aux-structure mapped at 0x5a0a9000 with sizes 8 84 20 52
12-12 12:18:29.548 10462 10462 D dalvikvm: Good opt header, DEX offset is 64, flags=0x00
12-12 12:18:29.548 10462 10462 D dalvikvm: dalvik-aux-structure mapped at 0x5a0aa000 with sizes 2300 1284 1900 732
12-12 12:18:29.548 10462 10462 D dalvikvm: Good opt header, DEX offset is 64, flags=0x00
12-12 12:18:29.548 10462 10462 D dalvikvm: dalvik-aux-structure mapped at 0x5a0ad000 with sizes 3104 1556 4388 1468
12-12 12:18:29.548 10462 10462 D dalvikvm: Good opt header, DEX offset is 64, flags=0x00
12-12 12:18:29.548 10462 10462 D dalvikvm: dalvik-aux-structure mapped at 0x5a0b1000 with sizes 2512 2028 2656 348
12-12 12:18:29.548 10462 10462 D dalvikvm: Good opt header, DEX offset is 64, flags=0x00
12-12 12:18:29.548 10462 10462 D dalvikvm: dalvik-aux-structure mapped at 0x5a0b4000 with sizes 244 632 480 120
12-12 12:18:29.548 10462 10462 D dalvikvm: Good opt header, DEX offset is 64, flags=0x00
12-12 12:18:29.548 10462 10462 D dalvikvm: dalvik-aux-structure mapped at 0x5a0b7000 with sizes 44 16 4 16
12-12 12:18:29.548 10462 10462 D dalvikvm: Good opt header, DEX offset is 64, flags=0x00
12-12 12:18:29.548 10462 10462 D dalvikvm: dalvik-aux-structure mapped at 0x5a408000 with sizes 17456 5180 15016 5508
12-12 12:18:29.548 10462 10462 D dalvikvm: Good opt header, DEX offset is 64, flags=0x00
12-12 12:18:29.548 10462 10462 D dalvikvm: dalvik-aux-structure mapped at 0x5a19f000 with sizes 17648 1196 1848 1084
12-12 12:18:29.548 10462 10462 D dalvikvm: Good opt header, DEX offset is 64, flags=0x00
12-12 12:18:29.548 10462 10462 D dalvikvm: dalvik-aux-structure mapped at 0x5a638000 with sizes 5448 6248 17376 5152
12-12 12:18:29.548 10462 10462 D dalvikvm: Good opt header, DEX offset is 64, flags=0x00
12-12 12:18:29.548 10462 10462 D dalvikvm: dalvik-aux-structure mapped at 0x5a1a5000 with sizes 92 272 204 12
12-12 12:18:29.548 10462 10462 D dalvikvm: Good opt header, DEX offset is 64, flags=0x00
12-12 12:18:29.548 10462 10462 D dalvikvm: dalvik-aux-structure mapped at 0x5a649000 with sizes 368 52 8 52
12-12 12:18:29.548 10462 10462 D dalvikvm: Good opt header, DEX offset is 64, flags=0x00
12-12 12:18:29.548 10462 10462 D dalvikvm: dalvik-aux-structure mapped at 0x5a666000 with sizes 848 488 512 692
12-12 12:18:29.548 10462 10462 D dalvikvm: Good opt header, DEX offset is 64, flags=0x00
12-12 12:18:29.548 10462 10462 D dalvikvm: dalvik-aux-structure mapped at 0x5a669000 with sizes 20 36 20 8
12-12 12:18:29.548 10462 10462 D dalvikvm: Good opt header, DEX offset is 64, flags=0x00
12-12 12:18:29.548 10462 10462 D dalvikvm: dalvik-aux-structure mapped at 0x5a672000 with sizes 360 232 320 68
12-12 12:18:29.548 10462 10462 D dalvikvm: Good opt header, DEX offset is 64, flags=0x00
12-12 12:18:29.548 10462 10462 D dalvikvm: dalvik-aux-structure mapped at 0x5a682000 with sizes 864 272 320 208
12-12 12:18:29.558 10462 10462 D dalvikvm: Trying to load lib libjavacore.so 0x0
12-12 12:18:29.558 10462 10462 D dalvikvm: Added shared lib libjavacore.so 0x0
12-12 12:18:29.558 10462 10462 D dalvikvm: Trying to load lib libnativehelper.so 0x0
12-12 12:18:29.558 10462 10462 D dalvikvm: Added shared lib libnativehelper.so 0x0
12-12 12:18:29.558 10462 10462 D dalvikvm: No JNI_OnLoad found in libnativehelper.so 0x0, skipping init
12-12 12:18:29.568 10462 10462 D dalvikvm: Good opt header, DEX offset is 64, flags=0x00
12-12 12:18:29.568 10462 10462 D dalvikvm: dalvik-aux-structure mapped at 0x5b8e7000 with sizes 936 360 416 20
12-12 12:18:29.588 10462 10462 D dalvikvm: Note: class Landroid/app/ActivityManagerNative; has 179 unimplemented (abstract) methods
12-12 12:18:29.708 10462 10462 D AndroidRuntime: Calling main entry com.android.commands.pm.Pm
12-12 12:18:29.718 10462 10462 D AndroidRuntime: Shutting down VM
12-12 12:18:29.718   926  1539 W ActivityManager: Invalid packageName: com.google.android.browser
12-12 12:18:30.448 10482 10482 D AndroidRuntime: 
12-12 12:18:30.448 10482 10482 D AndroidRuntime: >>>>>> AndroidRuntime START com.android.internal.os.RuntimeInit <<<<<<
12-12 12:18:30.448 10482 10482 D AndroidRuntime: CheckJNI is OFF
12-12 12:18:30.448 10482 10482 D dalvikvm: Good opt header, DEX offset is 64, flags=0x00
12-12 12:18:30.448 10482 10482 D dalvikvm: dalvik-aux-structure mapped at 0x588fa000 with sizes 17456 9068 22916 7820
12-12 12:18:30.448 10482 10482 D dalvikvm: Good opt header, DEX offset is 64, flags=0x00
12-12 12:18:30.448 10482 10482 D dalvikvm: dalvik-aux-structure mapped at 0x58908000 with sizes 3488 1968 3700 1000
12-12 12:18:30.448 10482 10482 D dalvikvm: Good opt header, DEX offset is 64, flags=0x00
12-12 12:18:30.448 10482 10482 D dalvikvm: dalvik-aux-structure mapped at 0x5890c000 with sizes 1212 1216 2416 256
12-12 12:18:30.458 10482 10482 D dalvikvm: Good opt header, DEX offset is 64, flags=0x00
12-12 12:18:30.458 10482 10482 D dalvikvm: dalvik-aux-structure mapped at 0x58913000 with sizes 132 296 392 8
12-12 12:18:30.458 10482 10482 D dalvikvm: Good opt header, DEX offset is 64, flags=0x00
12-12 12:18:30.458 10482 10482 D dalvikvm: dalvik-aux-structure mapped at 0x58ad2000 with sizes 8748 4364 7932 3996
12-12 12:18:30.458 10482 10482 D dalvikvm: Good opt header, DEX offset is 64, flags=0x00
12-12 12:18:30.458 10482 10482 D dalvikvm: dalvik-aux-structure mapped at 0x58ad9000 with sizes 22496 5184 8544 1804
12-12 12:18:30.458 10482 10482 D dalvikvm: Good opt header, DEX offset is 64, flags=0x00
12-12 12:18:30.458 10482 10482 D dalvikvm: dalvik-aux-structure mapped at 0x5964e000 with sizes 56984 26392 103956 34404
12-12 12:18:30.458 10482 10482 D dalvikvm: Good opt header, DEX offset is 64, flags=0x00
12-12 12:18:30.458 10482 10482 D dalvikvm: dalvik-aux-structure mapped at 0x59869000 with sizes 9456 6512 11508 3328
12-12 12:18:30.458 10482 10482 D dalvikvm: Good opt header, DEX offset is 64, flags=0x00
12-12 12:18:30.458 10482 10482 D dalvikvm: dalvik-aux-structure mapped at 0x599dd000 with sizes 20776 3532 10520 3092
12-12 12:18:30.458 10482 10482 D dalvikvm: Good opt header, DEX offset is 64, flags=0x00
12-12 12:18:30.458 10482 10482 D dalvikvm: dalvik-aux-structure mapped at 0x58ae8000 with sizes 1660 956 2388 56
12-12 12:18:30.458 10482 10482 D dalvikvm: Good opt header, DEX offset is 64, flags=0x00
12-12 12:18:30.458 10482 10482 D dalvikvm: dalvik-aux-structure mapped at 0x59a45000 with sizes 1312 504 800 184
12-12 12:18:30.458 10482 10482 D dalvikvm: Good opt header, DEX offset is 64, flags=0x00
12-12 12:18:30.458 10482 10482 D dalvikvm: dalvik-aux-structure mapped at 0x59a46000 with sizes 1704 1896 3404 216
12-12 12:18:30.458 10482 10482 D dalvikvm: Good opt header, DEX offset is 64, flags=0x00
12-12 12:18:30.458 10482 10482 D dalvikvm: dalvik-aux-structure mapped at 0x59e8a000 with sizes 41708 10740 31748 2024
12-12 12:18:30.458 10482 10482 D dalvikvm: Good opt header, DEX offset is 64, flags=0x00
12-12 12:18:30.458 10482 10482 D dalvikvm: dalvik-aux-structure mapped at 0x59a4b000 with sizes 13340 3572 6468 560
12-12 12:18:30.458 10482 10482 D dalvikvm: Good opt header, DEX offset is 64, flags=0x00
12-12 12:18:30.458 10482 10482 D dalvikvm: dalvik-aux-structure mapped at 0x5a0cf000 with sizes 3752 5072 11996 2620
12-12 12:18:30.458 10482 10482 D dalvikvm: Good opt header, DEX offset is 64, flags=0x00
12-12 12:18:30.458 10482 10482 D dalvikvm: dalvik-aux-structure mapped at 0x59a53000 with sizes 864 112 12 8
12-12 12:18:30.458 10482 10482 D dalvikvm: Good opt header, DEX offset is 64, flags=0x00
12-12 12:18:30.458 10482 10482 D dalvikvm: dalvik-aux-structure mapped at 0x59a55000 with sizes 144 424 416 84
12-12 12:18:30.458 10482 10482 D dalvikvm: Good opt header, DEX offset is 64, flags=0x00
12-12 12:18:30.468 10482 10482 D dalvikvm: dalvik-aux-structure mapped at 0x5a0e8000 with sizes 8 84 20 52
12-12 12:18:30.468 10482 10482 D dalvikvm: Good opt header, DEX offset is 64, flags=0x00
12-12 12:18:30.468 10482 10482 D dalvikvm: dalvik-aux-structure mapped at 0x5a0e9000 with sizes 2300 1284 1900 732
12-12 12:18:30.468 10482 10482 D dalvikvm: Good opt header, DEX offset is 64, flags=0x00
12-12 12:18:30.468 10482 10482 D dalvikvm: dalvik-aux-structure mapped at 0x5a0ec000 with sizes 3104 1556 4388 1468
12-12 12:18:30.468 10482 10482 D dalvikvm: Good opt header, DEX offset is 64, flags=0x00
12-12 12:18:30.468 10482 10482 D dalvikvm: dalvik-aux-structure mapped at 0x5a0f0000 with sizes 2512 2028 2656 348
12-12 12:18:30.468 10482 10482 D dalvikvm: Good opt header, DEX offset is 64, flags=0x00
12-12 12:18:30.468 10482 10482 D dalvikvm: dalvik-aux-structure mapped at 0x5a0f3000 with sizes 244 632 480 120
12-12 12:18:30.468 10482 10482 D dalvikvm: Good opt header, DEX offset is 64, flags=0x00
12-12 12:18:30.468 10482 10482 D dalvikvm: dalvik-aux-structure mapped at 0x5a0f6000 with sizes 44 16 4 16
12-12 12:18:30.468 10482 10482 D dalvikvm: Good opt header, DEX offset is 64, flags=0x00
12-12 12:18:30.468 10482 10482 D dalvikvm: dalvik-aux-structure mapped at 0x5a447000 with sizes 17456 5180 15016 5508
12-12 12:18:30.468 10482 10482 D dalvikvm: Good opt header, DEX offset is 64, flags=0x00
12-12 12:18:30.468 10482 10482 D dalvikvm: dalvik-aux-structure mapped at 0x5a1de000 with sizes 17648 1196 1848 1084
12-12 12:18:30.468 10482 10482 D dalvikvm: Good opt header, DEX offset is 64, flags=0x00
12-12 12:18:30.468 10482 10482 D dalvikvm: dalvik-aux-structure mapped at 0x5a677000 with sizes 5448 6248 17376 5152
12-12 12:18:30.468 10482 10482 D dalvikvm: Good opt header, DEX offset is 64, flags=0x00
12-12 12:18:30.468 10482 10482 D dalvikvm: dalvik-aux-structure mapped at 0x5a1e4000 with sizes 92 272 204 12
12-12 12:18:30.468 10482 10482 D dalvikvm: Good opt header, DEX offset is 64, flags=0x00
12-12 12:18:30.468 10482 10482 D dalvikvm: dalvik-aux-structure mapped at 0x5a688000 with sizes 368 52 8 52
12-12 12:18:30.468 10482 10482 D dalvikvm: Good opt header, DEX offset is 64, flags=0x00
12-12 12:18:30.468 10482 10482 D dalvikvm: dalvik-aux-structure mapped at 0x5a6a5000 with sizes 848 488 512 692
12-12 12:18:30.468 10482 10482 D dalvikvm: Good opt header, DEX offset is 64, flags=0x00
12-12 12:18:30.468 10482 10482 D dalvikvm: dalvik-aux-structure mapped at 0x5a6a8000 with sizes 20 36 20 8
12-12 12:18:30.468 10482 10482 D dalvikvm: Good opt header, DEX offset is 64, flags=0x00
12-12 12:18:30.468 10482 10482 D dalvikvm: dalvik-aux-structure mapped at 0x5a6b1000 with sizes 360 232 320 68
12-12 12:18:30.468 10482 10482 D dalvikvm: Good opt header, DEX offset is 64, flags=0x00
12-12 12:18:30.468 10482 10482 D dalvikvm: dalvik-aux-structure mapped at 0x5a6c1000 with sizes 864 272 320 208
12-12 12:18:30.478 10482 10482 D dalvikvm: Trying to load lib libjavacore.so 0x0
12-12 12:18:30.478 10482 10482 D dalvikvm: Added shared lib libjavacore.so 0x0
12-12 12:18:30.478 10482 10482 D dalvikvm: Trying to load lib libnativehelper.so 0x0
12-12 12:18:30.478 10482 10482 D dalvikvm: Added shared lib libnativehelper.so 0x0
12-12 12:18:30.478 10482 10482 D dalvikvm: No JNI_OnLoad found in libnativehelper.so 0x0, skipping init
12-12 12:18:30.488 10482 10482 D dalvikvm: Good opt header, DEX offset is 64, flags=0x00
12-12 12:18:30.488 10482 10482 D dalvikvm: dalvik-aux-structure mapped at 0x5b926000 with sizes 936 360 416 20
12-12 12:18:30.518 10482 10482 D dalvikvm: Note: class Landroid/app/ActivityManagerNative; has 179 unimplemented (abstract) methods
12-12 12:18:30.638 10482 10482 D AndroidRuntime: Calling main entry com.android.commands.pm.Pm
12-12 12:18:30.638 10482 10482 D AndroidRuntime: Shutting down VM
12-12 12:18:30.638   926  1004 W ActivityManager: Invalid packageName: com.android.chrome
12-12 12:18:31.368 10503 10503 D AndroidRuntime: 
12-12 12:18:31.368 10503 10503 D AndroidRuntime: >>>>>> AndroidRuntime START com.android.internal.os.RuntimeInit <<<<<<
12-12 12:18:31.368 10503 10503 D AndroidRuntime: CheckJNI is OFF
12-12 12:18:31.368 10503 10503 D dalvikvm: Good opt header, DEX offset is 64, flags=0x00
12-12 12:18:31.368 10503 10503 D dalvikvm: dalvik-aux-structure mapped at 0x41c71000 with sizes 17456 9068 22916 7820
12-12 12:18:31.368 10503 10503 D dalvikvm: Good opt header, DEX offset is 64, flags=0x00
12-12 12:18:31.368 10503 10503 D dalvikvm: dalvik-aux-structure mapped at 0x41c7f000 with sizes 3488 1968 3700 1000
12-12 12:18:31.368 10503 10503 D dalvikvm: Good opt header, DEX offset is 64, flags=0x00
12-12 12:18:31.368 10503 10503 D dalvikvm: dalvik-aux-structure mapped at 0x41c83000 with sizes 1212 1216 2416 256
12-12 12:18:31.368 10503 10503 D dalvikvm: Good opt header, DEX offset is 64, flags=0x00
12-12 12:18:31.368 10503 10503 D dalvikvm: dalvik-aux-structure mapped at 0x41c8a000 with sizes 132 296 392 8
12-12 12:18:31.368 10503 10503 D dalvikvm: Good opt header, DEX offset is 64, flags=0x00
12-12 12:18:31.368 10503 10503 D dalvikvm: dalvik-aux-structure mapped at 0x41cf8000 with sizes 8748 4364 7932 3996
12-12 12:18:31.368 10503 10503 D dalvikvm: Good opt header, DEX offset is 64, flags=0x00
12-12 12:18:31.368 10503 10503 D dalvikvm: dalvik-aux-structure mapped at 0x41cff000 with sizes 22496 5184 8544 1804
12-12 12:18:31.378 10503 10503 D dalvikvm: Good opt header, DEX offset is 64, flags=0x00
12-12 12:18:31.378 10503 10503 D dalvikvm: dalvik-aux-structure mapped at 0x59653000 with sizes 56984 26392 103956 34404
12-12 12:18:31.378 10503 10503 D dalvikvm: Good opt header, DEX offset is 64, flags=0x00
12-12 12:18:31.378 10503 10503 D dalvikvm: dalvik-aux-structure mapped at 0x5986e000 with sizes 9456 6512 11508 3328
12-12 12:18:31.378 10503 10503 D dalvikvm: Good opt header, DEX offset is 64, flags=0x00
12-12 12:18:31.378 10503 10503 D dalvikvm: dalvik-aux-structure mapped at 0x599e2000 with sizes 20776 3532 10520 3092
12-12 12:18:31.378 10503 10503 D dalvikvm: Good opt header, DEX offset is 64, flags=0x00
12-12 12:18:31.378 10503 10503 D dalvikvm: dalvik-aux-structure mapped at 0x41d0e000 with sizes 1660 956 2388 56
12-12 12:18:31.378 10503 10503 D dalvikvm: Good opt header, DEX offset is 64, flags=0x00
12-12 12:18:31.378 10503 10503 D dalvikvm: dalvik-aux-structure mapped at 0x41d25000 with sizes 1312 504 800 184
12-12 12:18:31.378 10503 10503 D dalvikvm: Good opt header, DEX offset is 64, flags=0x00
12-12 12:18:31.378 10503 10503 D dalvikvm: dalvik-aux-structure mapped at 0x59a99000 with sizes 1704 1896 3404 216
12-12 12:18:31.378 10503 10503 D dalvikvm: Good opt header, DEX offset is 64, flags=0x00
12-12 12:18:31.378 10503 10503 D dalvikvm: dalvik-aux-structure mapped at 0x59e8e000 with sizes 41708 10740 31748 2024
12-12 12:18:31.378 10503 10503 D dalvikvm: Good opt header, DEX offset is 64, flags=0x00
12-12 12:18:31.378 10503 10503 D dalvikvm: dalvik-aux-structure mapped at 0x59a9b000 with sizes 13340 3572 6468 560
12-12 12:18:31.378 10503 10503 D dalvikvm: Good opt header, DEX offset is 64, flags=0x00
12-12 12:18:31.378 10503 10503 D dalvikvm: dalvik-aux-structure mapped at 0x59aa2000 with sizes 3752 5072 11996 2620
12-12 12:18:31.378 10503 10503 D dalvikvm: Good opt header, DEX offset is 64, flags=0x00
12-12 12:18:31.378 10503 10503 D dalvikvm: dalvik-aux-structure mapped at 0x59aa9000 with sizes 864 112 12 8
12-12 12:18:31.378 10503 10503 D dalvikvm: Good opt header, DEX offset is 64, flags=0x00
12-12 12:18:31.378 10503 10503 D dalvikvm: dalvik-aux-structure mapped at 0x59aab000 with sizes 144 424 416 84
12-12 12:18:31.378 10503 10503 D dalvikvm: Good opt header, DEX offset is 64, flags=0x00
12-12 12:18:31.378 10503 10503 D dalvikvm: dalvik-aux-structure mapped at 0x5a0e9000 with sizes 8 84 20 52
12-12 12:18:31.378 10503 10503 D dalvikvm: Good opt header, DEX offset is 64, flags=0x00
12-12 12:18:31.378 10503 10503 D dalvikvm: dalvik-aux-structure mapped at 0x5a0ea000 with sizes 2300 1284 1900 732
12-12 12:18:31.378 10503 10503 D dalvikvm: Good opt header, DEX offset is 64, flags=0x00
12-12 12:18:31.378 10503 10503 D dalvikvm: dalvik-aux-structure mapped at 0x5a0ed000 with sizes 3104 1556 4388 1468
12-12 12:18:31.378 10503 10503 D dalvikvm: Good opt header, DEX offset is 64, flags=0x00
12-12 12:18:31.378 10503 10503 D dalvikvm: dalvik-aux-structure mapped at 0x5a0f1000 with sizes 2512 2028 2656 348
12-12 12:18:31.388 10503 10503 D dalvikvm: Good opt header, DEX offset is 64, flags=0x00
12-12 12:18:31.388 10503 10503 D dalvikvm: dalvik-aux-structure mapped at 0x5a0f4000 with sizes 244 632 480 120
12-12 12:18:31.388 10503 10503 D dalvikvm: Good opt header, DEX offset is 64, flags=0x00
12-12 12:18:31.388 10503 10503 D dalvikvm: dalvik-aux-structure mapped at 0x5a0f7000 with sizes 44 16 4 16
12-12 12:18:31.388 10503 10503 D dalvikvm: Good opt header, DEX offset is 64, flags=0x00
12-12 12:18:31.388 10503 10503 D dalvikvm: dalvik-aux-structure mapped at 0x5a448000 with sizes 17456 5180 15016 5508
12-12 12:18:31.388 10503 10503 D dalvikvm: Good opt header, DEX offset is 64, flags=0x00
12-12 12:18:31.388 10503 10503 D dalvikvm: dalvik-aux-structure mapped at 0x5a1df000 with sizes 17648 1196 1848 1084
12-12 12:18:31.388 10503 10503 D dalvikvm: Good opt header, DEX offset is 64, flags=0x00
12-12 12:18:31.388 10503 10503 D dalvikvm: dalvik-aux-structure mapped at 0x5a678000 with sizes 5448 6248 17376 5152
12-12 12:18:31.388 10503 10503 D dalvikvm: Good opt header, DEX offset is 64, flags=0x00
12-12 12:18:31.388 10503 10503 D dalvikvm: dalvik-aux-structure mapped at 0x5a1e5000 with sizes 92 272 204 12
12-12 12:18:31.388 10503 10503 D dalvikvm: Good opt header, DEX offset is 64, flags=0x00
12-12 12:18:31.388 10503 10503 D dalvikvm: dalvik-aux-structure mapped at 0x5a689000 with sizes 368 52 8 52
12-12 12:18:31.388 10503 10503 D dalvikvm: Good opt header, DEX offset is 64, flags=0x00
12-12 12:18:31.388 10503 10503 D dalvikvm: dalvik-aux-structure mapped at 0x5a6a6000 with sizes 848 488 512 692
12-12 12:18:31.388 10503 10503 D dalvikvm: Good opt header, DEX offset is 64, flags=0x00
12-12 12:18:31.388 10503 10503 D dalvikvm: dalvik-aux-structure mapped at 0x5a6a9000 with sizes 20 36 20 8
12-12 12:18:31.388 10503 10503 D dalvikvm: Good opt header, DEX offset is 64, flags=0x00
12-12 12:18:31.388 10503 10503 D dalvikvm: dalvik-aux-structure mapped at 0x5a6b2000 with sizes 360 232 320 68
12-12 12:18:31.388 10503 10503 D dalvikvm: Good opt header, DEX offset is 64, flags=0x00
12-12 12:18:31.388 10503 10503 D dalvikvm: dalvik-aux-structure mapped at 0x5a6c2000 with sizes 864 272 320 208
12-12 12:18:31.398 10503 10503 D dalvikvm: Trying to load lib libjavacore.so 0x0
12-12 12:18:31.398 10503 10503 D dalvikvm: Added shared lib libjavacore.so 0x0
12-12 12:18:31.398 10503 10503 D dalvikvm: Trying to load lib libnativehelper.so 0x0
12-12 12:18:31.398 10503 10503 D dalvikvm: Added shared lib libnativehelper.so 0x0
12-12 12:18:31.398 10503 10503 D dalvikvm: No JNI_OnLoad found in libnativehelper.so 0x0, skipping init
12-12 12:18:31.408 10503 10503 D dalvikvm: Good opt header, DEX offset is 64, flags=0x00
12-12 12:18:31.408 10503 10503 D dalvikvm: dalvik-aux-structure mapped at 0x5b927000 with sizes 936 360 416 20
12-12 12:18:31.428 10503 10503 D dalvikvm: Note: class Landroid/app/ActivityManagerNative; has 179 unimplemented (abstract) methods
12-12 12:18:31.548 10503 10503 D AndroidRuntime: Calling main entry com.android.commands.pm.Pm
12-12 12:18:31.548   926  1740 I ActivityManager: Force stopping com.android.systemui appid=32039 user=0: clear data
12-12 12:18:31.558   265   265 E installd: Couldn't opendir data/securedStorageLocation/com.android.systemui: No such file or directory
12-12 12:18:31.558   265   265 I installd: no data under secured storage for com.android.systemui
12-12 12:18:31.558   926  1213 W SharedAssetStorage: Launching com.amazon.dcp (32016) with AMZ_APP_GID
12-12 12:18:31.558   337   337 D keystore: calling clear_uid in state: 3
12-12 12:18:31.568 10520 10520 I dalvikvm: Marking process com.amazon.dcp skinny
12-12 12:18:31.568   926  1213 I ActivityManager: Start proc com.amazon.dcp for broadcast com.amazon.dcp/.framework.ServicePersistenceHelper: pid=10520 uid=32016 gids={72016, 2001, 3003, 1028, 1015, 3002, 9001}
12-12 12:18:31.588 10503 10503 D AndroidRuntime: Shutting down VM
12-12 12:18:31.588   926  1001 D DeviceStorageMonitorService: Sending broadcast for delta increase in free memory. Delta memory: 18366464 freeMem: 57705660416
12-12 12:18:31.608   926   959 W Settings: Setting default_input_method has moved from android.provider.Settings.Secure to android.provider.Settings.Global.
12-12 12:18:32.018   926  1740 I ActivityManager: Killing 7661:com.amazon.kindle.unifiedSearch/u0a22081 (adj 12): empty #17
12-12 12:18:32.258 10544 10544 D AndroidRuntime: 
12-12 12:18:32.258 10544 10544 D AndroidRuntime: >>>>>> AndroidRuntime START com.android.internal.os.RuntimeInit <<<<<<
12-12 12:18:32.268 10544 10544 D AndroidRuntime: CheckJNI is OFF
12-12 12:18:32.268 10544 10544 D dalvikvm: Good opt header, DEX offset is 64, flags=0x00
12-12 12:18:32.268 10544 10544 D dalvikvm: dalvik-aux-structure mapped at 0x41de4000 with sizes 17456 9068 22916 7820
12-12 12:18:32.268 10544 10544 D dalvikvm: Good opt header, DEX offset is 64, flags=0x00
12-12 12:18:32.268 10544 10544 D dalvikvm: dalvik-aux-structure mapped at 0x41df2000 with sizes 3488 1968 3700 1000
12-12 12:18:32.268 10544 10544 D dalvikvm: Good opt header, DEX offset is 64, flags=0x00
12-12 12:18:32.268 10544 10544 D dalvikvm: dalvik-aux-structure mapped at 0x41df6000 with sizes 1212 1216 2416 256
12-12 12:18:32.268 10544 10544 D dalvikvm: Good opt header, DEX offset is 64, flags=0x00
12-12 12:18:32.268 10544 10544 D dalvikvm: dalvik-aux-structure mapped at 0x41dfd000 with sizes 132 296 392 8
12-12 12:18:32.268 10544 10544 D dalvikvm: Good opt header, DEX offset is 64, flags=0x00
12-12 12:18:32.268 10544 10544 D dalvikvm: dalvik-aux-structure mapped at 0x58a48000 with sizes 8748 4364 7932 3996
12-12 12:18:32.268 10544 10544 D dalvikvm: Good opt header, DEX offset is 64, flags=0x00
12-12 12:18:32.268 10544 10544 D dalvikvm: dalvik-aux-structure mapped at 0x58a4f000 with sizes 22496 5184 8544 1804
12-12 12:18:32.268 10544 10544 D dalvikvm: Good opt header, DEX offset is 64, flags=0x00
12-12 12:18:32.268 10544 10544 D dalvikvm: dalvik-aux-structure mapped at 0x595c4000 with sizes 56984 26392 103956 34404
12-12 12:18:32.268 10544 10544 D dalvikvm: Good opt header, DEX offset is 64, flags=0x00
12-12 12:18:32.268 10544 10544 D dalvikvm: dalvik-aux-structure mapped at 0x597df000 with sizes 9456 6512 11508 3328
12-12 12:18:32.268 10544 10544 D dalvikvm: Good opt header, DEX offset is 64, flags=0x00
12-12 12:18:32.268 10544 10544 D dalvikvm: dalvik-aux-structure mapped at 0x59953000 with sizes 20776 3532 10520 3092
12-12 12:18:32.268 10544 10544 D dalvikvm: Good opt header, DEX offset is 64, flags=0x00
12-12 12:18:32.268 10544 10544 D dalvikvm: dalvik-aux-structure mapped at 0x58a5d000 with sizes 1660 956 2388 56
12-12 12:18:32.268 10544 10544 D dalvikvm: Good opt header, DEX offset is 64, flags=0x00
12-12 12:18:32.268 10544 10544 D dalvikvm: dalvik-aux-structure mapped at 0x599ba000 with sizes 1312 504 800 184
12-12 12:18:32.268 10544 10544 D dalvikvm: Good opt header, DEX offset is 64, flags=0x00
12-12 12:18:32.268 10544 10544 D dalvikvm: dalvik-aux-structure mapped at 0x599bb000 with sizes 1704 1896 3404 216
12-12 12:18:32.268 10544 10544 D dalvikvm: Good opt header, DEX offset is 64, flags=0x00
12-12 12:18:32.268 10544 10544 D dalvikvm: dalvik-aux-structure mapped at 0x59dff000 with sizes 41708 10740 31748 2024
12-12 12:18:32.268 10544 10544 D dalvikvm: Good opt header, DEX offset is 64, flags=0x00
12-12 12:18:32.268 10544 10544 D dalvikvm: dalvik-aux-structure mapped at 0x599c0000 with sizes 13340 3572 6468 560
12-12 12:18:32.268 10544 10544 D dalvikvm: Good opt header, DEX offset is 64, flags=0x00
12-12 12:18:32.268 10544 10544 D dalvikvm: dalvik-aux-structure mapped at 0x5a044000 with sizes 3752 5072 11996 2620
12-12 12:18:32.268 10544 10544 D dalvikvm: Good opt header, DEX offset is 64, flags=0x00
12-12 12:18:32.268 10544 10544 D dalvikvm: dalvik-aux-structure mapped at 0x599c8000 with sizes 864 112 12 8
12-12 12:18:32.268 10544 10544 D dalvikvm: Good opt header, DEX offset is 64, flags=0x00
12-12 12:18:32.268 10544 10544 D dalvikvm: dalvik-aux-structure mapped at 0x599ca000 with sizes 144 424 416 84
12-12 12:18:32.268 10544 10544 D dalvikvm: Good opt header, DEX offset is 64, flags=0x00
12-12 12:18:32.268 10544 10544 D dalvikvm: dalvik-aux-structure mapped at 0x5a05d000 with sizes 8 84 20 52
12-12 12:18:32.278 10544 10544 D dalvikvm: Good opt header, DEX offset is 64, flags=0x00
12-12 12:18:32.278 10544 10544 D dalvikvm: dalvik-aux-structure mapped at 0x5a05e000 with sizes 2300 1284 1900 732
12-12 12:18:32.278 10544 10544 D dalvikvm: Good opt header, DEX offset is 64, flags=0x00
12-12 12:18:32.278 10544 10544 D dalvikvm: dalvik-aux-structure mapped at 0x5a061000 with sizes 3104 1556 4388 1468
12-12 12:18:32.278 10544 10544 D dalvikvm: Good opt header, DEX offset is 64, flags=0x00
12-12 12:18:32.278 10544 10544 D dalvikvm: dalvik-aux-structure mapped at 0x5a065000 with sizes 2512 2028 2656 348
12-12 12:18:32.278 10544 10544 D dalvikvm: Good opt header, DEX offset is 64, flags=0x00
12-12 12:18:32.278 10544 10544 D dalvikvm: dalvik-aux-structure mapped at 0x5a068000 with sizes 244 632 480 120
12-12 12:18:32.278 10544 10544 D dalvikvm: Good opt header, DEX offset is 64, flags=0x00
12-12 12:18:32.278 10544 10544 D dalvikvm: dalvik-aux-structure mapped at 0x5a06b000 with sizes 44 16 4 16
12-12 12:18:32.278 10544 10544 D dalvikvm: Good opt header, DEX offset is 64, flags=0x00
12-12 12:18:32.278 10544 10544 D dalvikvm: dalvik-aux-structure mapped at 0x5a3bc000 with sizes 17456 5180 15016 5508
12-12 12:18:32.278 10544 10544 D dalvikvm: Good opt header, DEX offset is 64, flags=0x00
12-12 12:18:32.278 10544 10544 D dalvikvm: dalvik-aux-structure mapped at 0x5a153000 with sizes 17648 1196 1848 1084
12-12 12:18:32.278 10544 10544 D dalvikvm: Good opt header, DEX offset is 64, flags=0x00
12-12 12:18:32.278 10544 10544 D dalvikvm: dalvik-aux-structure mapped at 0x5a5ec000 with sizes 5448 6248 17376 5152
12-12 12:18:32.278 10544 10544 D dalvikvm: Good opt header, DEX offset is 64, flags=0x00
12-12 12:18:32.278 10544 10544 D dalvikvm: dalvik-aux-structure mapped at 0x5a159000 with sizes 92 272 204 12
12-12 12:18:32.278 10544 10544 D dalvikvm: Good opt header, DEX offset is 64, flags=0x00
12-12 12:18:32.278 10544 10544 D dalvikvm: dalvik-aux-structure mapped at 0x5a5fd000 with sizes 368 52 8 52
12-12 12:18:32.278 10544 10544 D dalvikvm: Good opt header, DEX offset is 64, flags=0x00
12-12 12:18:32.278 10544 10544 D dalvikvm: dalvik-aux-structure mapped at 0x5a61a000 with sizes 848 488 512 692
12-12 12:18:32.278 10544 10544 D dalvikvm: Good opt header, DEX offset is 64, flags=0x00
12-12 12:18:32.278 10544 10544 D dalvikvm: dalvik-aux-structure mapped at 0x5a61d000 with sizes 20 36 20 8
12-12 12:18:32.278 10544 10544 D dalvikvm: Good opt header, DEX offset is 64, flags=0x00
12-12 12:18:32.278 10544 10544 D dalvikvm: dalvik-aux-structure mapped at 0x5a626000 with sizes 360 232 320 68
12-12 12:18:32.278 10544 10544 D dalvikvm: Good opt header, DEX offset is 64, flags=0x00
12-12 12:18:32.278 10544 10544 D dalvikvm: dalvik-aux-structure mapped at 0x5a636000 with sizes 864 272 320 208
12-12 12:18:32.288 10544 10544 D dalvikvm: Trying to load lib libjavacore.so 0x0
12-12 12:18:32.288 10544 10544 D dalvikvm: Added shared lib libjavacore.so 0x0
12-12 12:18:32.288 10544 10544 D dalvikvm: Trying to load lib libnativehelper.so 0x0
12-12 12:18:32.288 10544 10544 D dalvikvm: Added shared lib libnativehelper.so 0x0
12-12 12:18:32.288 10544 10544 D dalvikvm: No JNI_OnLoad found in libnativehelper.so 0x0, skipping init
12-12 12:18:32.298 10544 10544 D dalvikvm: Good opt header, DEX offset is 64, flags=0x00
12-12 12:18:32.298 10544 10544 D dalvikvm: dalvik-aux-structure mapped at 0x5b89b000 with sizes 936 360 416 20
12-12 12:18:32.318 10544 10544 D dalvikvm: Note: class Landroid/app/ActivityManagerNative; has 179 unimplemented (abstract) methods
12-12 12:18:32.438 10544 10544 D AndroidRuntime: Calling main entry com.android.commands.pm.Pm
12-12 12:18:32.438   926  1236 I ActivityManager: Force stopping com.android.phone appid=1001 user=0: clear data
12-12 12:18:32.448   265   265 E installd: Couldn't opendir data/securedStorageLocation/com.android.phone: No such file or directory
12-12 12:18:32.448   265   265 I installd: no data under secured storage for com.android.phone
12-12 12:18:32.448   337   337 D keystore: calling clear_uid in state: 3
12-12 12:18:32.448   926   959 W Settings: Setting default_input_method has moved from android.provider.Settings.Secure to android.provider.Settings.Global.
12-12 12:18:32.458 10544 10544 D AndroidRuntime: Shutting down VM
12-12 12:18:33.168 10558 10558 D AndroidRuntime: 
12-12 12:18:33.168 10558 10558 D AndroidRuntime: >>>>>> AndroidRuntime START com.android.internal.os.RuntimeInit <<<<<<
12-12 12:18:33.168 10558 10558 D AndroidRuntime: CheckJNI is OFF
12-12 12:18:33.168 10558 10558 D dalvikvm: Good opt header, DEX offset is 64, flags=0x00
12-12 12:18:33.168 10558 10558 D dalvikvm: dalvik-aux-structure mapped at 0x41ea1000 with sizes 17456 9068 22916 7820
12-12 12:18:33.168 10558 10558 D dalvikvm: Good opt header, DEX offset is 64, flags=0x00
12-12 12:18:33.168 10558 10558 D dalvikvm: dalvik-aux-structure mapped at 0x41eaf000 with sizes 3488 1968 3700 1000
12-12 12:18:33.168 10558 10558 D dalvikvm: Good opt header, DEX offset is 64, flags=0x00
12-12 12:18:33.168 10558 10558 D dalvikvm: dalvik-aux-structure mapped at 0x41eb3000 with sizes 1212 1216 2416 256
12-12 12:18:33.168 10558 10558 D dalvikvm: Good opt header, DEX offset is 64, flags=0x00
12-12 12:18:33.168 10558 10558 D dalvikvm: dalvik-aux-structure mapped at 0x41eba000 with sizes 132 296 392 8
12-12 12:18:33.168 10558 10558 D dalvikvm: Good opt header, DEX offset is 64, flags=0x00
12-12 12:18:33.168 10558 10558 D dalvikvm: dalvik-aux-structure mapped at 0x41ec8000 with sizes 8748 4364 7932 3996
12-12 12:18:33.168 10558 10558 D dalvikvm: Good opt header, DEX offset is 64, flags=0x00
12-12 12:18:33.168 10558 10558 D dalvikvm: dalvik-aux-structure mapped at 0x41ecf000 with sizes 22496 5184 8544 1804
12-12 12:18:33.168 10558 10558 D dalvikvm: Good opt header, DEX offset is 64, flags=0x00
12-12 12:18:33.168 10558 10558 D dalvikvm: dalvik-aux-structure mapped at 0x59691000 with sizes 56984 26392 103956 34404
12-12 12:18:33.168 10558 10558 D dalvikvm: Good opt header, DEX offset is 64, flags=0x00
12-12 12:18:33.168 10558 10558 D dalvikvm: dalvik-aux-structure mapped at 0x41ed9000 with sizes 9456 6512 11508 3328
12-12 12:18:33.168 10558 10558 D dalvikvm: Good opt header, DEX offset is 64, flags=0x00
12-12 12:18:33.168 10558 10558 D dalvikvm: dalvik-aux-structure mapped at 0x59a18000 with sizes 20776 3532 10520 3092
12-12 12:18:33.168 10558 10558 D dalvikvm: Good opt header, DEX offset is 64, flags=0x00
12-12 12:18:33.178 10558 10558 D dalvikvm: dalvik-aux-structure mapped at 0x41ee5000 with sizes 1660 956 2388 56
12-12 12:18:33.178 10558 10558 D dalvikvm: Good opt header, DEX offset is 64, flags=0x00
12-12 12:18:33.178 10558 10558 D dalvikvm: dalvik-aux-structure mapped at 0x41ee9000 with sizes 1312 504 800 184
12-12 12:18:33.178 10558 10558 D dalvikvm: Good opt header, DEX offset is 64, flags=0x00
12-12 12:18:33.178 10558 10558 D dalvikvm: dalvik-aux-structure mapped at 0x41eec000 with sizes 1704 1896 3404 216
12-12 12:18:33.178 10558 10558 D dalvikvm: Good opt header, DEX offset is 64, flags=0x00
12-12 12:18:33.178 10558 10558 D dalvikvm: dalvik-aux-structure mapped at 0x59eb0000 with sizes 41708 10740 31748 2024
12-12 12:18:33.178 10558 10558 D dalvikvm: Good opt header, DEX offset is 64, flags=0x00
12-12 12:18:33.178 10558 10558 D dalvikvm: dalvik-aux-structure mapped at 0x5a01e000 with sizes 13340 3572 6468 560
