12-12 12:18:20.388  7106  7147 D bt_hci_bdroid: bt_hc_worker_thread events : 0x4
12-12 12:18:20.388  7106  7147 D bt_h4   : hci_h4_receive_msg  
12-12 12:18:20.388  7106  7157 D bt_hci_bdroid: signal_event :0x4
12-12 12:18:20.388  7106  7147 D bt_hci_bdroid: bt_hc_worker_thread events : 0x4
12-12 12:18:20.388  7106  7147 D bt_h4   : hci_h4_receive_msg  
12-12 12:18:20.388  7173  7177 I abtfilt :  AFH Command successfully issued 
12-12 12:18:20.388  7106  7152 D bt_hci_bdroid: signal_event :0x80
12-12 12:18:20.388  7106  7152 D bt_hci_bdroid: signal_event :0x80
12-12 12:18:20.388  7106  7147 D bt_hci_bdroid: bt_hc_worker_thread events : 0x80
12-12 12:18:20.388   257   910 D CommandListener: Clearing all IP addresses on wlan0
12-12 12:18:20.388   926   996 D ConnectivityService: ConnectivityChange for WIFI: DISCONNECTED/DISCONNECTED
12-12 12:18:20.388   926   996 D ConnectivityService: tryFailover: set mActiveDefaultNetwork=-1, prevNetType=1
12-12 12:18:20.388   926   996 D ConnectivityService: Attempting to switch to BLUETOOTH_TETHER
12-12 12:18:20.388   926   996 D ConnectivityService: Attempting to switch to ETHERNET
12-12 12:18:20.398   926   993 I WifiStateMachine: [DHCP INFO UPDATED (LinkProperties cleared)]  DATA: [ xxxx]
12-12 12:18:20.398   926   996 D NetUtils: android_net_utils_resetConnections in env=0x60fe5c60 clazz=0x42500001 iface=wlan0 mask=0x3
12-12 12:18:20.398   926   996 D ConnectivityService: resetConnections(wlan0, 3)
12-12 12:18:20.408  6286 10169 E WifiManager: Wifi removeNetwork called by com.amazon.aatp.aatpdevicemanager
12-12 12:18:20.408   926  1450 I WifiService: [REMOVE NETWORK Net id:0] 
12-12 12:18:20.408   926   958 I ActivityManager: Start proc com.amazon.securitysyncclient for broadcast com.amazon.securitysyncclient/.CRLSetNetworkChangeReceiver: pid=10187 uid=32033 gids={72033, 3003, 9001}
12-12 12:18:20.418   926   993 I WifiConfigStore: [CONFIGURED NETWORKS LIST CHANGED (NETWORK REMOVED) Remaining number of networks:0]  DATA: [ xxxx]
12-12 12:18:20.418   926  1741 I WifiService: [SAVE CONFIGURATION command sent] 
12-12 12:18:20.418  6286 10169 D AWSDeviceFarmAndroidLib: setWifiEnabled: setting wifi to: false
12-12 12:18:20.418  6286 10169 E WifiManager: Wifi enable=false called by com.amazon.aatp.aatpdevicemanager
12-12 12:18:20.418   926  1746 D WifiService: setWifiEnabled: false pid=6286, uid=10000
12-12 12:18:20.478   926   996 D Nat464Xlat: requiresClat: netType=1, hasIPv4Address=false
12-12 12:18:20.488   926  1018 I SmartSuspendNetworkModule: WifiSettingsObserver: OnChange() self=false
12-12 12:18:20.488   926  1018 I SmartSuspendNetworkModule: handleWifiSettingsChanged()
12-12 12:18:20.488   926  1018 I SmartSuspendNetworkModule: getWifiToggleState = 0
12-12 12:18:20.488   926  1018 I SmartSuspendNetworkModule: getWifiToggleState = 0
12-12 12:18:20.488   926  1018 I SmartSuspendNetworkModule: storeOriginalWifiToggleStateLocked() state=0
12-12 12:18:20.488   926   993 E WifiStateMachine: Unexpected BatchedScanResults :null
12-12 12:18:20.488   926   992 I WifiMonitor: [Disconnected from supplicant] 
12-12 12:18:20.498   257   910 D CommandListener: Clearing all IP addresses on wlan0
12-12 12:18:20.498   926   993 I WifiStateMachine: [DHCP INFO UPDATED (LinkProperties cleared)]  DATA: [ xxxx]
12-12 12:18:20.498   926   993 I WifiStateMachine: [WIFI STATE CHANGED]  DATA: [ New State:disabling]
12-12 12:18:20.508   926  1741 W SharedAssetStorage: Launching com.amazon.devicecontrol (1000) with AMZ_APP_GID
12-12 12:18:20.518   926  1741 I ActivityManager: Start proc com.amazon.devicecontrol for broadcast com.amazon.devicecontrol/com.amazon.robocop.rules.wifi.WifiStateChangeReceiver: pid=10208 uid=1000 gids={41000, 1028, 1015, 3002, 3001, 3003, 2001, 1021, 3004, 3005, 1000, 3009, 1023, 1010, 9001}
12-12 12:18:20.518   926  1741 I ActivityManager: Killing 7394:com.android.providers.calendar/u0a22102 (adj 12): empty #17
12-12 12:18:20.538  6915  6915 I wpa_supplicant: wlan0: CTRL-EVENT-TERMINATING 
12-12 12:18:20.538   926  6924 I WifiMonitor: [Supplicant event:TERMINATING]  DATA: [ xxxx]
12-12 12:18:20.538   926  6924 I WifiMonitor: [Disconnected from supplicant] 
12-12 12:18:20.538 10208 10208 D dalvikvm: Good opt header, DEX offset is 64, flags=0x00
12-12 12:18:20.538 10208 10208 D dalvikvm: dalvik-aux-structure mapped at 0x60449000 with sizes 16 716 216 108
12-12 12:18:20.548 10208 10208 D dalvikvm: Good opt header, DEX offset is 64, flags=0x00
12-12 12:18:20.548 10208 10208 D dalvikvm: dalvik-aux-structure mapped at 0x6044a000 with sizes 1808 1032 1236 300
12-12 12:18:20.548 10208 10208 D dalvikvm: Good opt header, DEX offset is 64, flags=0x00
12-12 12:18:20.548 10208 10208 D dalvikvm: dalvik-aux-structure mapped at 0x60456000 with sizes 752 564 744 248
12-12 12:18:20.548 10208 10208 D ProfileManager: Create ProfileManager instance
12-12 12:18:20.548 10208 10208 W ResourceType: No package identifier when getting value for resource number 0x00000000
12-12 12:18:20.548 10208 10208 I Dispatch: No dispatch information file found
12-12 12:18:20.558 10208 10223 I Enterprise.RuleHandlerService: onReceive
12-12 12:18:20.558 10208 10208 W ContextImpl: Calling a method in the system process without a qualified user: android.app.ContextImpl.startService:1818 android.content.ContextWrapper.startService:529 android.content.ContextWrapper.startService:529 com.amazon.robocop.rules.wifi.WifiStateChangeReceiver.onReceive:34 android.app.ActivityThread.handleReceiver:2512 
12-12 12:18:20.558 10208 10208 W ContextImpl: Calling a method in the system process without a qualified user: android.app.ContextImpl.startService:1818 android.content.ContextWrapper.startService:529 android.content.ContextWrapper.startService:529 com.amazon.robocop.rules.wifi.WifiStateChangeReceiver.onReceive:34 android.app.ActivityThread.handleReceiver:2512 
12-12 12:18:20.568 10208 10223 I Enterprise.RuleHandlerService: onReceive
12-12 12:18:20.588 10208 10224 I Enterprise.RuleHandlerService: onReceive
12-12 12:18:20.588 10208 10208 W ContextImpl: Calling a method in the system process without a qualified user: android.app.ContextImpl.startService:1818 android.content.ContextWrapper.startService:529 android.content.ContextWrapper.startService:529 com.amazon.robocop.rules.wifi.WifiStateChangeReceiver.onReceive:34 android.app.ActivityThread.handleReceiver:2512 
12-12 12:18:20.588   926  1236 I ActivityManager: Killing 7358:com.android.calendar/u0a22099 (adj 12): empty #17
12-12 12:18:20.648   926   993 I WifiStateMachine: [WIFI STATE CHANGED]  DATA: [ New State:disabled]
12-12 12:18:20.888  7173  7177 I abtfilt : BT Filter Core : WLAN removed 
12-12 12:18:20.888  7173  7177 I abtfilt : WLAN Adapter Removed
12-12 12:18:20.888   257   905 W Netd    : No subsystem found in netlink event
12-12 12:18:20.888   257   905 D NetlinkEvent: Unexpected netlink message. type=0x11
12-12 12:18:20.918  7173  7177 D abtfilt : WLAN Adapter Interface: p2p0, Len: 5
12-12 12:18:20.928   257   905 W Netd    : No subsystem found in netlink event
12-12 12:18:20.928   257   905 D NetlinkEvent: Unexpected netlink message. type=0x11
12-12 12:18:21.388   926   991 I RadioPowerPolicy: Attempt 2: Unable to turn on radio. Trying again in 1000 milliseconds.
12-12 12:18:21.388  7106  7162 D bt_hci_bdroid: signal_event :0x100
12-12 12:18:21.388  7106  7147 D bt_hci_bdroid: bt_hc_worker_thread events : 0x100
12-12 12:18:21.388  7106  7147 I bt_hci_bdroid: ro.qualcomm.bt.hci_transport not set, so using default.
12-12 12:18:21.388  7106  7147 D bt_h4   : hci_h4_set_lpm : state : 0, lpm_Ind : 1 
12-12 12:18:21.388  7106  7147 D bt_h4   : lpm_start_timer  ,  timer_index : 1
12-12 12:18:21.388  7106  7147 D bt_h4   : lpm_state_machine.lpm_ack_lock :  Aquired
12-12 12:18:21.398  7106  7157 I bt_h4   : Command complete recvd for wake/sleep command
12-12 12:18:21.398  7106  7157 I bt_h4   : Stopped the timer: 1
12-12 12:18:21.398  7106  7157 I bt_h4   : Indicating Rx/Tx path to proceed with data transfer
12-12 12:18:21.398  7106  7157 D bt_hci_bdroid: signal_event :0x4
12-12 12:18:21.398  7106  7147 I bt_h4   : hci_h4_set_lpm: Received wake-ack from SOC : 1
12-12 12:18:21.398  7106  7147 I bt_h4   : Stopped the timer: 1
12-12 12:18:21.398  7106  7147 E bt_vendor: lpm mode: 0  action: 1
12-12 12:18:21.398  7106  7147 I bt_vendor: UPIO_BT_WAKE
12-12 12:18:21.398  7106  7147 I bt_vendor: BT_WAKE is set to de-asserted
12-12 12:18:21.398  7106  7147 I bt_vendor: proc btwrite assertion
12-12 12:18:21.398  7106  7147 D bt_h4   : lpm_state_machine.lpm_ack_lock :  released
12-12 12:18:21.398  7106  7147 D bt_h4   : lpm_state_machine.lpm_state_lock :  released
12-12 12:18:21.398  7106  7147 D bt_hci_bdroid: bt_hc_worker_thread events : 0x4
12-12 12:18:21.398  7106  7147 D bt_h4   : hci_h4_receive_msg  
12-12 12:18:21.398  7106  7152 D bt_hci_bdroid: signal_event :0x80
12-12 12:18:21.398  7106  7152 D bt_hci_bdroid: signal_event :0x80
12-12 12:18:21.398  7106  7147 D bt_hci_bdroid: bt_hc_worker_thread events : 0x80
12-12 12:18:21.428  6286 10234 D Aatp    : /task/6e7251b941ee912f1642b94e1094afb3a1c0eeb8/status
12-12 12:18:21.488  6286 10169 D AWSDeviceFarmAndroidLib: setWifiEnabled: wifi is: false
12-12 12:18:21.488  6286  6286 D AatpDeviceManager: taskStatus update (6e7251b941ee912f1642b94e1094afb3a1c0eeb8: {"result":"Wifi enabled: false","state":2})
12-12 12:18:22.388   926   991 I RadioPowerPolicy: Attempt 3: Unable to turn on radio. Trying again in 1000 milliseconds.
12-12 12:18:22.398  7106  7162 D bt_hci_bdroid: signal_event :0x100
12-12 12:18:22.398  7106  7147 D bt_hci_bdroid: bt_hc_worker_thread events : 0x100
12-12 12:18:22.408  7106  7147 I bt_hci_bdroid: ro.qualcomm.bt.hci_transport not set, so using default.
12-12 12:18:22.408  7106  7147 D bt_h4   : hci_h4_set_lpm : state : 1, lpm_Ind : 1 
12-12 12:18:22.408  7106  7147 D bt_h4   : hci_h4_set_lpm : ** SAME **Current state and the Requested states are same   
12-12 12:18:22.508  6286 10235 D Aatp    : /task/6e7251b941ee912f1642b94e1094afb3a1c0eeb8/status
12-12 12:18:22.668  6286 10236 D Aatp    : /bluetooth
12-12 12:18:22.708  6286 10236 D Aatp    : sha1: bf27b42facfb09f66b8da547e2a28762036f835c
12-12 12:18:22.708  6286 10236 D AatpDeviceManager: k: enabled v: False
12-12 12:18:22.718  6286 10236 D AatpDeviceManager: k: NanoHttpd.QUERY_STRING v: enabled=False
12-12 12:18:22.748  6286 10236 D Aatp    : /task/bf27b42facfb09f66b8da547e2a28762036f835c
12-12 12:18:22.758  6286  6286 D AatpDeviceManager: taskStatus update (bf27b42facfb09f66b8da547e2a28762036f835c: {"state":1})
12-12 12:18:22.758  6286 10237 D AWSDeviceFarmAndroidLib: setEnabled: enabled: false
12-12 12:18:22.758  6286 10237 D AWSDeviceFarmAndroidLib: setEnabled: setting bluetooth to: false
12-12 12:18:22.758   926   936 D BluetoothManagerService: disable()
12-12 12:18:22.758   926   936 D BluetoothManagerService: checkIfCallerIsForegroundUser: valid=true callingUser=0 foregroundUser=0
12-12 12:18:22.758   926   936 D BluetoothManagerService: enterpriseAwareDisable(): mBluetooth = android.bluetooth.IBluetooth$Stub$Proxy@41d71f40 mBinding = false
12-12 12:18:22.788   926   964 D BluetoothManagerService: Message: 2
12-12 12:18:22.788  7106  7120 D BluetoothAdapterService(1101821312): getState(): mAdapterProperties: com.android.bluetooth.btservice.AdapterProperties@41ac9660
12-12 12:18:22.788   926   964 D BluetoothManagerService: Sending off request.
12-12 12:18:22.788  7106  7121 D BluetoothAdapterService(1101821312): disable() called...
12-12 12:18:22.788  7106  7125 D BluetoothAdapterState: CURRENT_STATE=ON, MESSAGE = USER_TURN_OFF
12-12 12:18:22.788  7106  7125 D BluetoothAdapterProperties: Setting state to 13
12-12 12:18:22.788  7106  7125 I BluetoothAdapterState: Bluetooth adapter state changed: 12-> 13
12-12 12:18:22.788  7106  7125 D BluetoothAdapterService: Broadcasting updateAdapterState() to 1 receivers.
12-12 12:18:22.788  7106  7125 D BluetoothAdapterProperties: onBluetoothDisable()
12-12 12:18:22.788  7106  7152 D bt_hci_bdroid: signal_event :0x8
12-12 12:18:22.788  7106  7147 D bt_hci_bdroid: bt_hc_worker_thread events : 0x8
12-12 12:18:22.788  7106  7147 D bt_hci_bdroid: bt_hc_worker_thread recvd HC_EVENT_TX
12-12 12:18:22.788  7106  7147 D bt_h4   : hci_h4_send_msg  
12-12 12:18:22.788  7106  7147 D bt_h4   : hci_h4_set_lpm : state : 1, lpm_Ind : 0 
12-12 12:18:22.788  7106  7147 E bt_vendor: lpm mode: 0  action: 2
12-12 12:18:22.788  7106  7147 I bt_vendor: UPIO_BT_WAKE
12-12 12:18:22.798  7106  7127 I BluetoothAdapterProperties: adapterPropertyChangedCallback with type:7 len:4
12-12 12:18:22.798  7106  7127 D BluetoothAdapterProperties: Scan Mode:20
12-12 12:18:22.798  7106  7125 I BluetoothAdapterState: Entering PendingCommandState State: isTurningOn()=false, isTurningOff()=true
12-12 12:18:22.798  7106  7125 D BluetoothAdapterState: CURRENT_STATE=PENDING, MESSAGE = BEGIN_DISABLE, isTurningOn=false, isTurningOff=true
12-12 12:18:22.798  7106  7134 D BluetoothAdapterService(1101821312): getState(): mAdapterProperties: com.android.bluetooth.btservice.AdapterProperties@41ac9660
12-12 12:18:22.798   926   964 D BluetoothManagerService: Message: 60
12-12 12:18:22.808   926   964 D BluetoothManagerService: MESSAGE_BLUETOOTH_STATE_CHANGE: prevState = 12, newState=13
12-12 12:18:22.808   926   964 D BluetoothManagerService: Bluetooth State Change Intent: 12 -> 13
12-12 12:18:22.808  7106  7152 W bt-btif : bta_dm_disable BTA_DISABLE_DELAY set to 200 ms
12-12 12:18:22.808  7106  7152 D bt-btif : AV Sevent(0x41)=0x120a(API_CLOSE) state=0(INIT)
12-12 12:18:22.808  7106  7152 W bt-l2cap: L2CAP - L2CA_Deregister() called for PSM: 0x0019
12-12 12:18:22.808  7106  7152 W bt-l2cap: L2CAP - L2CA_Deregister() called for PSM: 0x0017
12-12 12:18:22.808  7106  7152 W bt-l2cap: L2CAP - L2CA_Deregister() called for PSM: 0x0019
12-12 12:18:22.808  7106  7152 W bt-l2cap: L2CAP - PSM: 0x0019 not found for deregistration
12-12 12:18:22.808  7106  7152 W bt-l2cap: L2CAP - L2CA_Deregister() called for PSM: 0x0017
12-12 12:18:22.808  7106  7152 W bt-l2cap: L2CAP - PSM: 0x0017 not found for deregistration
12-12 12:18:22.808  7106  7152 W bt-l2cap: L2CAP - L2CA_Deregister() called for PSM: 0x0011
12-12 12:18:22.808  7106  7152 W bt-l2cap: L2CAP - L2CA_Deregister() called for PSM: 0x0013
12-12 12:18:22.808  7106  7152 E bt-btif : bta_gattc_deregister Deregister Failedm unknown client cif
12-12 12:18:22.808   926   958 W SharedAssetStorage: Launching com.android.settings (1000) with AMZ_APP_GID
12-12 12:18:22.808   926   958 W BroadcastQueue: Permission Denial: receiving Intent { act=android.bluetooth.adapter.action.STATE_CHANGED flg=0x14000010 (has extras) } to ProcessRecord{4263a968 2885:com.amazon.whisperplay.cds:cds_services/u0a22006} (pid=2885, uid=32006) requires android.permission.BLUETOOTH due to sender android (uid 1000)
12-12 12:18:22.818  7106  7125 D btif_config_util: btif_config_save_file(L188): in file name:/data/misc/bluedroid/bt_config.new
12-12 12:18:22.818  7106  7120 D BluetoothAdapterService(1101821312): getState(): mAdapterProperties: com.android.bluetooth.btservice.AdapterProperties@41ac9660
12-12 12:18:22.818   926   958 I ActivityManager: Start proc com.android.settings for broadcast com.android.settings/.bluetooth.DockEventReceiver: pid=10245 uid=1000 gids={41000, 1028, 1015, 3002, 3001, 3003, 2001, 1021, 3004, 3005, 1000, 3009, 1023, 1010, 9001}
12-12 12:18:22.828  7106  7147 I bt_vendor: BT_WAKE is set to asserted
12-12 12:18:22.828  7106  7147 I bt_vendor: proc btwrite assertion
12-12 12:18:22.828  7106  7147 D bt_h4   : lpm_start_timer  ,  timer_index : 0
12-12 12:18:22.828  7106  7147 D bt_h4   : lpm_state_machine.lpm_ack_lock :  Aquired
12-12 12:18:22.828  7106  7157 I bt_h4   : Command complete recvd for wake/sleep command
12-12 12:18:22.828  7106  7157 I bt_h4   : Stopped the timer: 0
12-12 12:18:22.828  7106  7157 I bt_h4   : Indicating Rx/Tx path to proceed with data transfer
12-12 12:18:22.828  7106  7157 D bt_hci_bdroid: signal_event :0x4
12-12 12:18:22.828  7106  7147 I bt_h4   : hci_h4_set_lpm: Received wake-ack from SOC: 1
12-12 12:18:22.828  7106  7147 I bt_h4   : Stopped the timer: 0
12-12 12:18:22.828  7106  7147 D bt_h4   : lpm_state_machine.lpm_ack_lock :  released
12-12 12:18:22.828  7106  7147 D bt_h4   : lpm_state_machine.lpm_state_lock :  released
12-12 12:18:22.828  7106  7147 D bt_hci_bdroid: bt_hc_worker_thread events : 0x4
12-12 12:18:22.828  7106  7147 D bt_h4   : hci_h4_receive_msg  
12-12 12:18:22.828  7106  7152 D bt_hci_bdroid: signal_event :0x8
12-12 12:18:22.828  7106  7147 D bt_hci_bdroid: bt_hc_worker_thread events : 0x8
12-12 12:18:22.828  7106  7147 D bt_hci_bdroid: bt_hc_worker_thread recvd HC_EVENT_TX
12-12 12:18:22.828  7106  7147 D bt_h4   : hci_h4_send_msg  
12-12 12:18:22.828  7106  7147 D bt_h4   : hci_h4_set_lpm : state : 0, lpm_Ind : 0 
12-12 12:18:22.828  7106  7147 D bt_h4   : hci_h4_set_lpm : ** SAME **Current state and the Requested states are same   
12-12 12:18:22.828  7106  7157 D bt_hci_bdroid: signal_event :0x4
12-12 12:18:22.828  7106  7147 D bt_hci_bdroid: bt_hc_worker_thread events : 0x4
12-12 12:18:22.828  7106  7147 D bt_h4   : hci_h4_receive_msg  
12-12 12:18:22.828  7106  7152 D bt_hci_bdroid: signal_event :0x8
12-12 12:18:22.828  7106  7147 D bt_hci_bdroid: bt_hc_worker_thread events : 0x8
12-12 12:18:22.828  7106  7147 D bt_hci_bdroid: bt_hc_worker_thread recvd HC_EVENT_TX
12-12 12:18:22.828  7106  7147 D bt_h4   : hci_h4_send_msg  
12-12 12:18:22.828  7106  7147 D bt_h4   : hci_h4_set_lpm : state : 0, lpm_Ind : 0 
12-12 12:18:22.828  7106  7147 D bt_h4   : hci_h4_set_lpm : ** SAME **Current state and the Requested states are same   
12-12 12:18:22.828  7106  7157 D bt_hci_bdroid: signal_event :0x4
12-12 12:18:22.828  7106  7147 D bt_hci_bdroid: bt_hc_worker_thread events : 0x4
12-12 12:18:22.828  7106  7147 D bt_h4   : hci_h4_receive_msg  
12-12 12:18:22.828  7106  7152 D bt_hci_bdroid: signal_event :0x8
12-12 12:18:22.828  7106  7147 D bt_hci_bdroid: bt_hc_worker_thread events : 0x8
12-12 12:18:22.828  7106  7147 D bt_hci_bdroid: bt_hc_worker_thread recvd HC_EVENT_TX
12-12 12:18:22.828  7106  7147 D bt_h4   : hci_h4_send_msg  
12-12 12:18:22.828  7106  7157 D bt_hci_bdroid: signal_event :0x4
12-12 12:18:22.828  7106  7147 D bt_h4   : hci_h4_set_lpm : state : 0, lpm_Ind : 0 
12-12 12:18:22.828  7106  7147 D bt_h4   : hci_h4_set_lpm : ** SAME **Current state and the Requested states are same   
12-12 12:18:22.828  7106  7147 D bt_hci_bdroid: bt_hc_worker_thread events : 0x4
12-12 12:18:22.828  7106  7147 D bt_h4   : hci_h4_receive_msg  
12-12 12:18:22.828  7106  7152 D bt_hci_bdroid: signal_event :0x8
12-12 12:18:22.828  7106  7147 D bt_hci_bdroid: bt_hc_worker_thread events : 0x8
12-12 12:18:22.828  7106  7147 D bt_hci_bdroid: bt_hc_worker_thread recvd HC_EVENT_TX
12-12 12:18:22.828  7106  7147 D bt_h4   : hci_h4_send_msg  
12-12 12:18:22.828  7106  7147 D bt_h4   : hci_h4_set_lpm : state : 0, lpm_Ind : 0 
12-12 12:18:22.828  7106  7147 D bt_h4   : hci_h4_set_lpm : ** SAME **Current state and the Requested states are same   
12-12 12:18:22.828  7106  7157 D bt_hci_bdroid: signal_event :0x4
12-12 12:18:22.828  7106  7147 D bt_hci_bdroid: bt_hc_worker_thread events : 0x4
12-12 12:18:22.828  7106  7157 D bt_hci_bdroid: signal_event :0x4
12-12 12:18:22.828  7106  7147 D bt_h4   : hci_h4_receive_msg  
12-12 12:18:22.828  7106  7147 D bt_hci_bdroid: bt_hc_worker_thread events : 0x4
12-12 12:18:22.828  7106  7152 D bt_hci_bdroid: signal_event :0x8
12-12 12:18:22.828  7106  7147 D bt_h4   : hci_h4_receive_msg  
12-12 12:18:22.828  7106  7152 D bt_hci_bdroid: signal_event :0x8
12-12 12:18:22.828  7106  7147 D bt_hci_bdroid: bt_hc_worker_thread events : 0x8
12-12 12:18:22.828  7106  7147 D bt_hci_bdroid: bt_hc_worker_thread recvd HC_EVENT_TX
12-12 12:18:22.828  7106  7147 D bt_h4   : hci_h4_send_msg  
12-12 12:18:22.828  7106  7147 D bt_h4   : hci_h4_set_lpm : state : 0, lpm_Ind : 0 
12-12 12:18:22.828  7106  7147 D bt_h4   : hci_h4_set_lpm : ** SAME **Current state and the Requested states are same   
12-12 12:18:22.828  7106  7147 D bt_hci_bdroid: Used up Tx Cmd credits
12-12 12:18:22.828  7106  7157 D bt_hci_bdroid: signal_event :0x4
12-12 12:18:22.828  7106  7147 D bt_hci_bdroid: bt_hc_worker_thread events : 0x4
12-12 12:18:22.828  7106  7147 D bt_h4   : hci_h4_receive_msg  
12-12 12:18:22.828  7106  7147 D bt_hci_bdroid: bt_hc_worker_thread recvd HC_EVENT_TX
12-12 12:18:22.828  7106  7152 D bt_hci_bdroid: signal_event :0x8
12-12 12:18:22.828  7106  7147 D bt_h4   : hci_h4_send_msg  
12-12 12:18:22.828  7106  7147 D bt_h4   : hci_h4_set_lpm : state : 0, lpm_Ind : 0 
12-12 12:18:22.828  7106  7147 D bt_h4   : hci_h4_set_lpm : ** SAME **Current state and the Requested states are same   
12-12 12:18:22.828  7106  7147 D bt_hci_bdroid: Used up Tx Cmd credits
12-12 12:18:22.828  7106  7147 D bt_hci_bdroid: bt_hc_worker_thread events : 0x8
12-12 12:18:22.828  7106  7147 D bt_hci_bdroid: bt_hc_worker_thread recvd HC_EVENT_TX
12-12 12:18:22.828  7106  7147 D bt_hci_bdroid: Used up Tx Cmd credits
12-12 12:18:22.828  7106  7157 D bt_hci_bdroid: signal_event :0x4
12-12 12:18:22.828  7106  7147 D bt_hci_bdroid: bt_hc_worker_thread events : 0x4
12-12 12:18:22.828  7106  7147 D bt_h4   : hci_h4_receive_msg  
12-12 12:18:22.828  7106  7147 D bt_hci_bdroid: bt_hc_worker_thread recvd HC_EVENT_TX
12-12 12:18:22.828  7106  7147 D bt_h4   : hci_h4_send_msg  
12-12 12:18:22.828  7106  7147 D bt_h4   : hci_h4_set_lpm : state : 0, lpm_Ind : 0 
12-12 12:18:22.828  7106  7147 D bt_h4   : hci_h4_set_lpm : ** SAME **Current state and the Requested states are same   
12-12 12:18:22.828  7106  7157 D bt_hci_bdroid: signal_event :0x4
12-12 12:18:22.828  7106  7147 D bt_hci_bdroid: bt_hc_worker_thread events : 0x4
12-12 12:18:22.828  7106  7147 D bt_h4   : hci_h4_receive_msg  
12-12 12:18:22.828  7106  7152 D bt_hci_bdroid: signal_event :0x80
12-12 12:18:22.828  7106  7152 D bt_hci_bdroid: signal_event :0x80
12-12 12:18:22.828  7106  7147 D bt_hci_bdroid: bt_hc_worker_thread events : 0x80
12-12 12:18:22.858 10245 10245 W dalvikvm: Refusing to reopen boot DEX '/system/framework/eaclibrary.jar'
12-12 12:18:22.858 10245 10245 D dalvikvm: Good opt header, DEX offset is 64, flags=0x00
12-12 12:18:22.858 10245 10245 D dalvikvm: dalvik-aux-structure mapped at 0x60dbe000 with sizes 1992 2188 3416 1324
12-12 12:18:22.858 10245 10245 D dalvikvm: Good opt header, DEX offset is 64, flags=0x00
12-12 12:18:22.858 10245 10245 D dalvikvm: dalvik-aux-structure mapped at 0x60dc3000 with sizes 12960 4952 10452 3280
12-12 12:18:22.858 10245 10245 D dalvikvm: Good opt header, DEX offset is 64, flags=0x00
12-12 12:18:22.858 10245 10245 D dalvikvm: dalvik-aux-structure mapped at 0x6163c000 with sizes 40520 26084 53968 12536
12-12 12:18:22.858 10245 10245 D dalvikvm: Good opt header, DEX offset is 64, flags=0x00
12-12 12:18:22.858 10245 10245 D dalvikvm: dalvik-aux-structure mapped at 0x60dcc000 with sizes 696 840 960 188
12-12 12:18:22.858 10245 10245 D dalvikvm: Good opt header, DEX offset is 64, flags=0x00
12-12 12:18:22.858 10245 10245 D dalvikvm: dalvik-aux-structure mapped at 0x60f5f000 with sizes 1484 716 1504 928
12-12 12:18:22.858 10245 10245 D dalvikvm: Good opt header, DEX offset is 64, flags=0x00
12-12 12:18:22.858 10245 10245 D dalvikvm: dalvik-aux-structure mapped at 0x60f62000 with sizes 752 564 744 248
12-12 12:18:22.858 10245 10245 D dalvikvm: Good opt header, DEX offset is 64, flags=0x00
12-12 12:18:22.858 10245 10245 D dalvikvm: dalvik-aux-structure mapped at 0x616c1000 with sizes 164 364 528 88
12-12 12:18:22.858 10245 10245 D ProfileManager: Create ProfileManager instance
12-12 12:18:22.868 10245 10245 W ActivityThread: ClassLoader.loadClass: The class loader returned by Thread.getContextClassLoader() may fail for processes that host multiple applications. You should explicitly specify a context class loader. For example: Thread.setContextClassLoader(getClass().getClassLoader());
12-12 12:18:22.878 10245 10245 W ResourceType: No package identifier when getting value for resource number 0x00000000
12-12 12:18:22.878 10245 10245 I Dispatch: No dispatch information file found
12-12 12:18:22.898  6286 10257 D Aatp    : /task/bf27b42facfb09f66b8da547e2a28762036f835c/status
12-12 12:18:22.898 10245 10245 W ContextImpl: Calling a method in the system process without a qualified user: android.app.ContextImpl.startService:1818 android.content.ContextWrapper.startService:529 android.content.ContextWrapper.startService:529 com.android.settings.bluetooth.DockEventReceiver.beginStartingService:134 com.android.settings.bluetooth.DockEventReceiver.onReceive:115 
12-12 12:18:22.908   926   964 D BluetoothManagerService: Message: 20
12-12 12:18:22.908   926   964 D BluetoothManagerService: Added callback: android.bluetooth.IBluetoothManagerCallback$Stub$Proxy@426ff548:true
12-12 12:18:22.908  7106  7134 D BluetoothAdapterService(1101821312): getState(): mAdapterProperties: com.android.bluetooth.btservice.AdapterProperties@41ac9660
12-12 12:18:22.908   926   964 D BluetoothManagerService: Message: 30
12-12 12:18:22.908 10245 10245 W ContextImpl: Calling a method in the system process without a qualified user: android.app.ContextImpl.bindService:1882 android.content.ContextWrapper.bindService:552 android.bluetooth.BluetoothInputDevice.doBind:308 android.bluetooth.BluetoothInputDevice.<init>:301 android.bluetooth.BluetoothAdapter.getProfileProxy:1424 
12-12 12:18:22.918   926   964 D BluetoothManagerService: Message: 30
12-12 12:18:22.918 10245 10245 E BluetoothPan: Could not bind to Bluetooth Pan Service with Intent { act=android.bluetooth.IBluetoothPan }
12-12 12:18:22.918 10245 10245 D LocalBluetoothProfileManager: Adding local MAP profile
12-12 12:18:22.918 10245 10245 D BluetoothMap: Create BluetoothMap proxy object
12-12 12:18:22.918   926   964 D BluetoothManagerService: Message: 30
12-12 12:18:22.918 10245 10245 E BluetoothMap: Could not bind to Bluetooth MAP Service with Intent { act=android.bluetooth.IBluetoothMap }
12-12 12:18:22.918   926   964 D BluetoothManagerService: Message: 30
12-12 12:18:22.918 10245 10245 E BluetoothPbap: Could not bind to Bluetooth Pbap Service with Intent { act=android.bluetooth.IBluetoothPbap }
12-12 12:18:22.918 10245 10245 D LocalBluetoothProfileManager: LocalBluetoothProfileManager construction complete
12-12 12:18:22.918 10245 10245 D DockEventReceiver: finishStartingService: stopping service
12-12 12:18:22.938 10245 10245 D BluetoothInputDevice: Proxy object connected
12-12 12:18:22.938 10245 10245 D HidProfile: Bluetooth service connected
12-12 12:18:22.938  7106  7120 D BluetoothAdapterService(1101821312): getState(): mAdapterProperties: com.android.bluetooth.btservice.AdapterProperties@41ac9660
12-12 12:18:22.938   926   936 I ActivityManager: Killing 7691:com.svox.pico/u0a22114 (adj 12): empty #17
12-12 12:18:23.008  7106  7127 D bt_hci_bdroid: signal_event :0x20
12-12 12:18:23.008  7106  7147 D bt_hci_bdroid: bt_hc_worker_thread events : 0x20
12-12 12:18:23.008  7106  7147 E bt_vendor: lpm mode: 2  action: 1
12-12 12:18:23.008  7106  7147 I bt_vendor: UPIO_LPM_MODE
12-12 12:18:23.008  7106  7152 W bt-l2cap: L2CAP - L2CA_Deregister() called for PSM: 0x0019
12-12 12:18:23.008  7106  7152 W bt-l2cap: L2CAP - PSM: 0x0019 not found for deregistration
12-12 12:18:23.008  7106  7152 W bt-l2cap: L2CAP - L2CA_Deregister() called for PSM: 0x0017
12-12 12:18:23.008  7106  7127 D bt_hci_bdroid: cleanup
12-12 12:18:23.008  7106  7152 W bt-l2cap: L2CAP - PSM: 0x0017 not found for deregistration
12-12 12:18:23.008  7106  7127 D bt_hci_bdroid: signal_event :0x400
12-12 12:18:23.008  7106  7152 W bt-l2cap: L2CAP - L2CA_Deregister() called for PSM: 0x0019
12-12 12:18:23.008  7106  7152 W bt-l2cap: L2CAP - PSM: 0x0019 not found for deregistration
12-12 12:18:23.008  7106  7152 W bt-l2cap: L2CAP - L2CA_Deregister() called for PSM: 0x0017
12-12 12:18:23.008  7106  7159 I bt_h4   : Received message payload: hostisdown, ret: 44
12-12 12:18:23.008  7106  7159 I bt_h4   : 
12-12 12:18:23.008  7106  7159 I bt_h4   : host_wake_read_thread exited
12-12 12:18:23.008  7106  7147 E bt_vendor: LPM is set to disabled
12-12 12:18:23.008  7106  7147 D bt_hci_bdroid: bt_hc_worker_thread events : 0x400
12-12 12:18:23.008  7106  7147 E bt_hci_bdroid: bt_hc_worker_thread HC_EVENT_EPILOG
12-12 12:18:23.008  7106  7147 D bt_hci_bdroid: signal_event :0x200
12-12 12:18:23.008  7106  7147 D bt_hci_bdroid: bt_hc_worker_thread events : 0x200
12-12 12:18:23.008  7106  7147 I bt_hci_bdroid: bt_hc_worker_thread exiting
12-12 12:18:23.008  7106  7152 W bt-l2cap: L2CAP - PSM: 0x0017 not found for deregistration
12-12 12:18:23.008  7106  7157 W bt_userial: select_read return size <=0:-1, exiting userial_read_thread
12-12 12:18:23.008  7106  7127 I bt_vendor: bt-vendor : BT_VND_OP_USERIAL_CLOSE btSocType: 2
12-12 12:18:23.008  7106  7127 I bt_vendor: device fd = 84 close
12-12 12:18:23.008  7106  7152 W bt-l2cap: L2CAP - L2CA_Deregister() called for PSM: 0x0019
12-12 12:18:23.008  7106  7152 W bt-l2cap: L2CAP - PSM: 0x0019 not found for deregistration
12-12 12:18:23.008  7106  7152 W bt-l2cap: L2CAP - L2CA_Deregister() called for PSM: 0x0017
12-12 12:18:23.008  7106  7127 D bt_h4   : hci_h4_cleanup
12-12 12:18:23.008  7106  7127 I bt_h4   :  Closing fd_athlpm before exiting 89 ==>
12-12 12:18:23.008  7106  7127 I bt_h4   :  Closing fd_athlpm  ==>
12-12 12:18:23.008  7106  7127 D BTSNOOP-DISP: btsnoop_close
12-12 12:18:23.008  7106  7127 I bt_vendor: cleanup
12-12 12:18:23.008  7106  7127 D bt_hci_bdroid: set_power 0
12-12 12:18:23.008  7106  7127 I bt_vendor: bt-vendor : BT_VND_OP_POWER_CTRL: Off
12-12 12:18:23.008  7106  7127 I bt_vendor: bt_powerup: 0
12-12 12:18:23.008  7106  7152 W bt-l2cap: L2CAP - PSM: 0x0017 not found for deregistration
12-12 12:18:23.008  7106  7152 E bt-btif : bta_gattc_deregister Deregister Failedm unknown client cif
12-12 12:18:23.388   926   991 I RadioPowerPolicy: Attempt 4: Unable to turn on radio. Trying again in 1000 milliseconds.
12-12 12:18:23.448  7106  7127 E bt_vendor: bt_wait_for_service_done: check
12-12 12:18:23.448  7106  7127 E bt_vendor: Write 0 to rfkill
12-12 12:18:23.488   926   964 D Tethering: MasterInitialState.processMessage what=3
12-12 12:18:23.488   926  1138 D ConnectivityService: setProvNotificationVisible: E visible=false networkType=1 extraInfo= url=null
12-12 12:18:23.498   926   958 W SharedAssetStorage: Launching com.amazon.webapp (32096) with AMZ_APP_GID
12-12 12:18:23.518   926   958 I ActivityManager: Start proc com.amazon.webapp for broadcast com.amazon.webapp/.deviceevents.ConnectivityChangeReceiver: pid=10276 uid=32096 gids={72096, 3003, 1028, 1015, 9001}
12-12 12:18:23.558  7106  7127 E bt_vendor: Stopping HCI filter as part of CTRL:OFF
12-12 12:18:23.558  7106  7127 E bt_vendor: bt get wifi status: unloaded, isInit: 0
12-12 12:18:23.558  7106  7127 I bt_vendor: bt_powerup: BT_VND_PWR_OFF
12-12 12:18:23.768  7106  7152 I GKI_LINUX: gki_task_entry: gki_task task_id=0 [BTU] terminating
12-12 12:18:23.768  7106  7127 I GKI_LINUX: GKI_exit_task: GKI_exit_task 0 done
12-12 12:18:23.768  7106  7127 I GKI_LINUX: GKI_destroy_task: GKI_shutdown(): task [BTU] terminated
12-12 12:18:23.768  7106  7125 D BluetoothAdapterState: CURRENT_STATE=PENDING, MESSAGE = DISABLED, isTurningOn=false, isTurningOff=true
12-12 12:18:23.778  7106  7125 D BluetoothAdapterService: mProfilesStarted : true supportedProfileServices.length : 3
12-12 12:18:23.778  7106  7125 W BluetoothAdapterService: Stopping service com.android.bluetooth.a2dp.A2dpService
12-12 12:18:23.778  7106  7125 W BluetoothAdapterService: Stopping service com.android.bluetooth.hid.HidService
12-12 12:18:23.778  7106  7106 D A2dpService: Received stop request...Stopping profile...
12-12 12:18:23.778  7106  7106 D BluetoothAdapterService: getAdapterService(): returning com.android.bluetooth.btservice.AdapterService@41ac7580
12-12 12:18:23.778  7106  7142 D A2dpStateMachine: Exit Disconnected: -1
12-12 12:18:23.778   926   926 D BluetoothA2dp: Proxy object disconnected
12-12 12:18:23.778  7106  7125 W BluetoothAdapterService: Stopping service com.android.bluetooth.gatt.GattService
12-12 12:18:23.778  7106  7106 D BluetoothAdapterService(1101821312): Message: 1
12-12 12:18:23.778  7106  7106 D BluetoothAdapterService(1101821312): MESSAGE_PROFILE_SERVICE_STATE_CHANGED
12-12 12:18:23.778  7106  7106 D BluetoothAdapterService: onProfileServiceStateChange: serviceName=com.android.bluetooth.a2dp.A2dpService, state = 10, doUpdate = true
12-12 12:18:23.778  7106  7125 D BluetoothAdapterState: Stopping profile services that were post enabled
12-12 12:18:23.778  7106  7106 D BluetoothAdapterService: Profile still running: com.android.bluetooth.hid.HidService
12-12 12:18:23.778  7106  7143 I GKI_LINUX: gki_task_entry: gki_task task_id=2 [A2DP-MEDIA] terminating
12-12 12:18:23.778  7106  7106 I GKI_LINUX: GKI_exit_task: GKI_exit_task 2 done
12-12 12:18:23.778  7106  7106 I GKI_LINUX: GKI_destroy_task: GKI_shutdown(): task [A2DP-MEDIA] terminated
12-12 12:18:23.778  7106  7106 D HidService: Received stop request...Stopping profile...
12-12 12:18:23.778  7106  7106 D BluetoothAdapterService: getAdapterService(): returning com.android.bluetooth.btservice.AdapterService@41ac7580
12-12 12:18:23.778  7106  7106 D BtGatt.DebugUtils: handleDebugAction() action=null
12-12 12:18:23.778 10245 10245 D BluetoothInputDevice: Proxy object disconnected
12-12 12:18:23.778 10245 10245 D HidProfile: Bluetooth service disconnected
12-12 12:18:23.778  7106  7106 D BtGatt.GattService: Received stop request...Stopping profile...
12-12 12:18:23.778  7106  7106 D BtGatt.GattService: stop()
12-12 12:18:23.778  7106  7106 D BluetoothAdapterService: getAdapterService(): returning com.android.bluetooth.btservice.AdapterService@41ac7580
12-12 12:18:23.778  7106  7106 D BluetoothAdapterService(1101821312): Message: 1
12-12 12:18:23.778  7106  7106 D BluetoothAdapterService(1101821312): MESSAGE_PROFILE_SERVICE_STATE_CHANGED
12-12 12:18:23.788  7106  7106 D BluetoothAdapterService: onProfileServiceStateChange: serviceName=com.android.bluetooth.hid.HidService, state = 10, doUpdate = true
12-12 12:18:23.788  7106  7106 D BluetoothAdapterService: Profile still running: com.android.bluetooth.gatt.GattService
12-12 12:18:23.788  7106  7106 W BluetoothHidServiceJni: Cleaning up Bluetooth HID Interface...
12-12 12:18:23.788  7106  7106 W BluetoothHidServiceJni: Cleaning up Bluetooth GID callback object
12-12 12:18:23.788  7106  7106 D BluetoothAdapterService(1101821312): Message: 1
12-12 12:18:23.788  7106  7106 D BluetoothAdapterService(1101821312): MESSAGE_PROFILE_SERVICE_STATE_CHANGED
12-12 12:18:23.788  7106  7106 D BluetoothAdapterService: onProfileServiceStateChange: serviceName=com.android.bluetooth.gatt.GattService, state = 10, doUpdate = true
12-12 12:18:23.788  7106  7106 D BluetoothAdapterService: All profile services stopped...
12-12 12:18:23.788  7106  7125 D BluetoothAdapterState: CURRENT_STATE=PENDING, MESSAGE = STOPPED, isTurningOn=false, isTurningOff=true
12-12 12:18:23.788  7106  7125 D BluetoothAdapterProperties: Setting state to 10
12-12 12:18:23.788  7106  7125 I BluetoothAdapterState: Bluetooth adapter state changed: 13-> 10
12-12 12:18:23.788  7106  7125 D BluetoothAdapterService: Broadcasting updateAdapterState() to 1 receivers.
12-12 12:18:23.788  7106  7125 I BluetoothAdapterState: Entering OffState
12-12 12:18:23.788   926   964 D BluetoothManagerService: Message: 60
12-12 12:18:23.788   926   964 D BluetoothManagerService: MESSAGE_BLUETOOTH_STATE_CHANGE: prevState = 13, newState=10
12-12 12:18:23.788   926   964 D BluetoothManagerService: Broadcasting onBluetoothStateChange(false) to 10 receivers.
12-12 12:18:23.788   926   964 E BluetoothPan: 
12-12 12:18:23.788   926   964 E BluetoothPan: java.lang.IllegalArgumentException: Service not registered: android.bluetooth.BluetoothPan$2@420e1570
12-12 12:18:23.788   926   964 E BluetoothPan: 	at android.app.LoadedApk.forgetServiceDispatcher(LoadedApk.java:987)
12-12 12:18:23.788   926   964 E BluetoothPan: 	at android.app.ContextImpl.unbindService(ContextImpl.java:1934)
12-12 12:18:23.788   926   964 E BluetoothPan: 	at android.bluetooth.BluetoothPan$1.onBluetoothStateChange(BluetoothPan.java:201)
12-12 12:18:23.788   926   964 E BluetoothPan: 	at com.android.server.BluetoothManagerService.sendBluetoothStateCallback(BluetoothManagerService.java:591)
12-12 12:18:23.788   926   964 E BluetoothPan: 	at com.android.server.BluetoothManagerService.bluetoothStateChangeHandler(BluetoothManagerService.java:1236)
12-12 12:18:23.788   926   964 E BluetoothPan: 	at com.android.server.BluetoothManagerService.access$2800(BluetoothManagerService.java:70)
12-12 12:18:23.788   926   964 E BluetoothPan: 	at com.android.server.BluetoothManagerService$BluetoothHandler.handleMessage(BluetoothManagerService.java:971)
12-12 12:18:23.788   926   964 E BluetoothPan: 	at android.os.Handler.dispatchMessage(Handler.java:102)
12-12 12:18:23.788   926   964 E BluetoothPan: 	at android.os.Looper.loop(Looper.java:145)
12-12 12:18:23.788   926   964 E BluetoothPan: 	at android.os.HandlerThread.run(HandlerThread.java:61)
12-12 12:18:23.788   926   964 D BluetoothHeadset: onBluetoothStateChange: up=false
12-12 12:18:23.788  6286 10237 D AWSDeviceFarmAndroidLib: setEnabled: bt is: false
12-12 12:18:23.788  6286  6286 D AatpDeviceManager: taskStatus update (bf27b42facfb09f66b8da547e2a28762036f835c: {"result":"Bluetooth enabled: false","state":2})
12-12 12:18:23.788   926   964 E BluetoothHeadset: 
12-12 12:18:23.788   926   964 E BluetoothHeadset: java.lang.IllegalArgumentException: Service not registered: android.bluetooth.BluetoothHeadset$2@42272290
12-12 12:18:23.788   926   964 E BluetoothHeadset: 	at android.app.LoadedApk.forgetServiceDispatcher(LoadedApk.java:987)
12-12 12:18:23.788   926   964 E BluetoothHeadset: 	at android.app.ContextImpl.unbindService(ContextImpl.java:1934)
12-12 12:18:23.788   926   964 E BluetoothHeadset: 	at android.bluetooth.BluetoothHeadset$1.onBluetoothStateChange(BluetoothHeadset.java:241)
12-12 12:18:23.788   926   964 E BluetoothHeadset: 	at com.android.server.BluetoothManagerService.sendBluetoothStateCallback(BluetoothManagerService.java:591)
12-12 12:18:23.788   926   964 E BluetoothHeadset: 	at com.android.server.BluetoothManagerService.bluetoothStateChangeHandler(BluetoothManagerService.java:1236)
12-12 12:18:23.788   926   964 E BluetoothHeadset: 	at com.android.server.BluetoothManagerService.access$2800(BluetoothManagerService.java:70)
12-12 12:18:23.788   926   964 E BluetoothHeadset: 	at com.android.server.BluetoothManagerService$BluetoothHandler.handleMessage(BluetoothManagerService.java:971)
12-12 12:18:23.788   926   964 E BluetoothHeadset: 	at android.os.Handler.dispatchMessage(Handler.java:102)
12-12 12:18:23.788   926   964 E BluetoothHeadset: 	at android.os.Looper.loop(Looper.java:145)
12-12 12:18:23.788   926   964 E BluetoothHeadset: 	at android.os.HandlerThread.run(HandlerThread.java:61)
12-12 12:18:23.788   926   964 D BluetoothA2dp: onBluetoothStateChange: up=false
12-12 12:18:23.788  1225  1338 D BluetoothHeadset: onBluetoothStateChange: up=false
12-12 12:18:23.788  1225  1338 E BluetoothHeadset: 
12-12 12:18:23.788  1225  1338 E BluetoothHeadset: java.lang.IllegalArgumentException: Service not registered: android.bluetooth.BluetoothHeadset$2@41b63f90
12-12 12:18:23.788  1225  1338 E BluetoothHeadset: 	at android.app.LoadedApk.forgetServiceDispatcher(LoadedApk.java:987)
12-12 12:18:23.788  1225  1338 E BluetoothHeadset: 	at android.app.ContextImpl.unbindService(ContextImpl.java:1934)
12-12 12:18:23.788  1225  1338 E BluetoothHeadset: 	at android.content.ContextWrapper.unbindService(ContextWrapper.java:564)
12-12 12:18:23.788  1225  1338 E BluetoothHeadset: 	at android.content.ContextWrapper.unbindService(ContextWrapper.java:564)
12-12 12:18:23.788  1225  1338 E BluetoothHeadset: 	at android.bluetooth.BluetoothHeadset$1.onBluetoothStateChange(BluetoothHeadset.java:241)
12-12 12:18:23.788  1225  1338 E BluetoothHeadset: 	at android.bluetooth.IBluetoothStateChangeCallback$Stub.onTransact(IBluetoothStateChangeCallback.java:55)
12-12 12:18:23.788  1225  1338 E BluetoothHeadset: 	at android.os.Binder.execTransact(Binder.java:404)
12-12 12:18:23.788  1225  1338 E BluetoothHeadset: 	at dalvik.system.NativeStart.run(Native Method)
12-12 12:18:23.788  1225 10301 D BluetoothHeadset: onBluetoothStateChange: up=false
12-12 12:18:23.798  1225 10301 E BluetoothHeadset: 
12-12 12:18:23.798  1225 10301 E BluetoothHeadset: java.lang.IllegalArgumentException: Service not registered: android.bluetooth.BluetoothHeadset$2@41b6a4a8
12-12 12:18:23.798  1225 10301 E BluetoothHeadset: 	at android.app.LoadedApk.forgetServiceDispatcher(LoadedApk.java:987)
12-12 12:18:23.798  1225 10301 E BluetoothHeadset: 	at android.app.ContextImpl.unbindService(ContextImpl.java:1934)
12-12 12:18:23.798  1225 10301 E BluetoothHeadset: 	at android.content.ContextWrapper.unbindService(ContextWrapper.java:564)
12-12 12:18:23.798  1225 10301 E BluetoothHeadset: 	at android.bluetooth.BluetoothHeadset$1.onBluetoothStateChange(BluetoothHeadset.java:241)
12-12 12:18:23.798  1225 10301 E BluetoothHeadset: 	at android.bluetooth.IBluetoothStateChangeCallback$Stub.onTransact(IBluetoothStateChangeCallback.java:55)
12-12 12:18:23.798  1225 10301 E BluetoothHeadset: 	at android.os.Binder.execTransact(Binder.java:404)
12-12 12:18:23.798  1225 10301 E BluetoothHeadset: 	at dalvik.system.NativeStart.run(Native Method)
12-12 12:18:23.798  1225  1241 D BluetoothHeadset: onBluetoothStateChange: up=false
12-12 12:18:23.798  1225  1241 E BluetoothHeadset: 
12-12 12:18:23.798  1225  1241 E BluetoothHeadset: java.lang.IllegalArgumentException: Service not registered: android.bluetooth.BluetoothHeadset$2@41bac9a8
12-12 12:18:23.798  1225  1241 E BluetoothHeadset: 	at android.app.LoadedApk.forgetServiceDispatcher(LoadedApk.java:987)
12-12 12:18:23.798  1225  1241 E BluetoothHeadset: 	at android.app.ContextImpl.unbindService(ContextImpl.java:1934)
12-12 12:18:23.798  1225  1241 E BluetoothHeadset: 	at android.content.ContextWrapper.unbindService(ContextWrapper.java:564)
12-12 12:18:23.798  1225  1241 E BluetoothHeadset: 	at android.bluetooth.BluetoothHeadset$1.onBluetoothStateChange(BluetoothHeadset.java:241)
12-12 12:18:23.798  1225  1241 E BluetoothHeadset: 	at android.bluetooth.IBluetoothStateChangeCallback$Stub.onTransact(IBluetoothStateChangeCallback.java:55)
12-12 12:18:23.798  1225  1241 E BluetoothHeadset: 	at android.os.Binder.execTransact(Binder.java:404)
12-12 12:18:23.798  1225  1241 E BluetoothHeadset: 	at dalvik.system.NativeStart.run(Native Method)
12-12 12:18:23.798 10245 10256 D BluetoothPbap: onBluetoothStateChange: up=false
12-12 12:18:23.798 10245 10256 E BluetoothPbap: 
12-12 12:18:23.798 10245 10256 E BluetoothPbap: java.lang.IllegalArgumentException: Service not registered: android.bluetooth.BluetoothPbap$2@41b60070
12-12 12:18:23.798 10245 10256 E BluetoothPbap: 	at android.app.LoadedApk.forgetServiceDispatcher(LoadedApk.java:987)
12-12 12:18:23.798 10245 10256 E BluetoothPbap: 	at android.app.ContextImpl.unbindService(ContextImpl.java:1934)
12-12 12:18:23.798 10245 10256 E BluetoothPbap: 	at android.content.ContextWrapper.unbindService(ContextWrapper.java:564)
12-12 12:18:23.798 10245 10256 E BluetoothPbap: 	at android.bluetooth.BluetoothPbap$1.onBluetoothStateChange(BluetoothPbap.java:122)
12-12 12:18:23.798 10245 10256 E BluetoothPbap: 	at android.bluetooth.IBluetoothStateChangeCallback$Stub.onTransact(IBluetoothStateChangeCallback.java:55)
12-12 12:18:23.798 10245 10256 E BluetoothPbap: 	at android.os.Binder.execTransact(Binder.java:404)
12-12 12:18:23.798 10245 10256 E BluetoothPbap: 	at dalvik.system.NativeStart.run(Native Method)
12-12 12:18:23.798 10245 10255 D BluetoothMap: onBluetoothStateChange: up=false
12-12 12:18:23.798 10245 10255 E BluetoothMap: 
12-12 12:18:23.798 10245 10255 E BluetoothMap: java.lang.IllegalArgumentException: Service not registered: android.bluetooth.BluetoothMap$2@41b5ea08
12-12 12:18:23.798 10245 10255 E BluetoothMap: 	at android.app.LoadedApk.forgetServiceDispatcher(LoadedApk.java:987)
12-12 12:18:23.798 10245 10255 E BluetoothMap: 	at android.app.ContextImpl.unbindService(ContextImpl.java:1934)
12-12 12:18:23.798 10245 10255 E BluetoothMap: 	at android.content.ContextWrapper.unbindService(ContextWrapper.java:564)
12-12 12:18:23.798 10245 10255 E BluetoothMap: 	at android.bluetooth.BluetoothMap$1.onBluetoothStateChange(BluetoothMap.java:68)
12-12 12:18:23.798 10245 10255 E BluetoothMap: 	at android.bluetooth.IBluetoothStateChangeCallback$Stub.onTransact(IBluetoothStateChangeCallback.java:55)
12-12 12:18:23.798 10245 10255 E BluetoothMap: 	at android.os.Binder.execTransact(Binder.java:404)
12-12 12:18:23.798 10245 10255 E BluetoothMap: 	at dalvik.system.NativeStart.run(Native Method)
12-12 12:18:23.798 10245 10256 E BluetoothPan: 
12-12 12:18:23.798 10245 10256 E BluetoothPan: java.lang.IllegalArgumentException: Service not registered: android.bluetooth.BluetoothPan$2@41b5d000
12-12 12:18:23.798 10245 10256 E BluetoothPan: 	at android.app.LoadedApk.forgetServiceDispatcher(LoadedApk.java:987)
12-12 12:18:23.798 10245 10256 E BluetoothPan: 	at android.app.ContextImpl.unbindService(ContextImpl.java:1934)
12-12 12:18:23.798 10245 10256 E BluetoothPan: 	at android.content.ContextWrapper.unbindService(ContextWrapper.java:564)
12-12 12:18:23.798 10245 10256 E BluetoothPan: 	at android.bluetooth.BluetoothPan$1.onBluetoothStateChange(BluetoothPan.java:201)
12-12 12:18:23.798 10245 10256 E BluetoothPan: 	at android.bluetooth.IBluetoothStateChangeCallback$Stub.onTransact(IBluetoothStateChangeCallback.java:55)
12-12 12:18:23.798 10245 10256 E BluetoothPan: 	at android.os.Binder.execTransact(Binder.java:404)
12-12 12:18:23.798 10245 10256 E BluetoothPan: 	at dalvik.system.NativeStart.run(Native Method)
12-12 12:18:23.798 10245 10255 D BluetoothInputDevice: onBluetoothStateChange: up=false
12-12 12:18:23.798 10336 10336 I log     : Unbinding HSIC before BT turns off 
12-12 12:18:23.798  7106  7134 D BluetoothAdapterService(1101821312): getState(): mAdapterProperties: com.android.bluetooth.btservice.AdapterProperties@41ac9660
12-12 12:18:23.798   926   964 D BluetoothManagerService: Calling onBluetoothServiceDown callbacks
12-12 12:18:23.798   926   964 D BluetoothManagerService: Broadcasting onBluetoothServiceDown() to 6 receivers.
12-12 12:18:23.798   926   964 D BluetoothManagerService: unbindAndFinish(): android.bluetooth.IBluetooth$Stub$Proxy@41d71f40 mBinding = false
12-12 12:18:23.798   926   964 D BluetoothManagerService: Sending unbind request.
12-12 12:18:23.798   926   964 D BluetoothManagerService: Bluetooth State Change Intent: 13 -> 10
12-12 12:18:23.798   926   958 W BroadcastQueue: Permission Denial: receiving Intent { act=android.bluetooth.adapter.action.STATE_CHANGED flg=0x14000010 (has extras) } to ProcessRecord{4263a968 2885:com.amazon.whisperplay.cds:cds_services/u0a22006} (pid=2885, uid=32006) requires android.permission.BLUETOOTH due to sender android (uid 1000)
12-12 12:18:23.808  7106  7106 D BluetoothAdapterService(1101821312): getState(): mAdapterProperties: com.android.bluetooth.btservice.AdapterProperties@41ac9660
12-12 12:18:23.808  7106  7106 D BluetoothAdapterService(1101821312): onUnbind, calling cleanup
12-12 12:18:23.808  7106  7106 D BluetoothAdapterService(1101821312): cleanup()
12-12 12:18:23.808  7106  7106 D BluetoothAdapterService: Cleaning up adapter native....
12-12 12:18:23.808  7106  7127 I GKI_LINUX: gki_task_entry: gki_task task_id=1 [BTIF] terminating
12-12 12:18:23.808  7106  7106 I GKI_LINUX: GKI_exit_task: GKI_exit_task 1 done
12-12 12:18:23.808  7106  7106 I GKI_LINUX: GKI_destroy_task: GKI_shutdown(): task [BTIF] terminated
12-12 12:18:23.808  7106  7106 I BluetoothServiceJni: cleanupNative: return from cleanup
12-12 12:18:23.808  7106  7106 D BluetoothAdapterService: Done cleaning up adapter native....
12-12 12:18:23.808  7106  7106 D BluetoothAdapterService(1101821312): cleanup() done
12-12 12:18:23.808  7106  7106 D BluetoothAdapterService(1101821312): ****onDestroy()********
12-12 12:18:23.808  7106  7106 D BtGatt.GattService: cleanup()
12-12 12:18:23.808  7106  7106 W bt-btif : GATTC Module not enabled/already disabled
12-12 12:18:23.808  7106  7106 W bt-btif : GATTS Module not enabled/already disabled
12-12 12:18:23.808  7173  7188 I abtfilt : Bluedroid_stack_event_thread: receved event: 0x21
12-12 12:18:23.808  7173  7188 I abtfilt : BtAdapterRemoved:276
12-12 12:18:23.808  7173  7188 I abtfilt : BT turned off
12-12 12:18:23.808  7173  7188 I abtfilt : BT OFF
12-12 12:18:23.808  7173  7188 E abtfilt : [Abf_WlanIssueBtOnOff] Failed to Abf_WlanIssueBtOnOff(OFF)
12-12 12:18:23.808  7173  7188 E abtfilt : Last Error: Success
12-12 12:18:23.808  7173  7188 I abtfilt : Terminate abtfilt
12-12 12:18:23.808 10245 10245 D DockEventReceiver: finishStartingService: stopping service
12-12 12:18:23.808  7106  7106 V BTCService: onDestroy
12-12 12:18:23.808 10245 10245 W ContextImpl: Calling a method in the system process without a qualified user: android.app.ContextImpl.startService:1818 android.content.ContextWrapper.startService:529 android.content.ContextWrapper.startService:529 com.android.settings.bluetooth.DockEventReceiver.beginStartingService:134 com.android.settings.bluetooth.DockEventReceiver.onReceive:115 
12-12 12:18:23.818   926  1539 I ActivityManager: Killing 7253:com.amazon.device.messaging/u0a22013 (adj 12): empty #17
12-12 12:18:23.908  7173  7173 I abtfilt : Shutting Down
12-12 12:18:23.908  7173  7173 I abtfilt : BT Stack Notification de-init complete
12-12 12:18:23.928  7173  7177 I abtfilt : Terminating the WLAN Event Handler task
