12-12 12:18:14.468 10068 10068 D dalvikvm: dalvik-aux-structure mapped at 0x5a1ca000 with sizes 17648 1196 1848 1084
12-12 12:18:14.468 10068 10068 D dalvikvm: Good opt header, DEX offset is 64, flags=0x00
12-12 12:18:14.468 10068 10068 D dalvikvm: dalvik-aux-structure mapped at 0x5a663000 with sizes 5448 6248 17376 5152
12-12 12:18:14.468 10068 10068 D dalvikvm: Good opt header, DEX offset is 64, flags=0x00
12-12 12:18:14.468 10068 10068 D dalvikvm: dalvik-aux-structure mapped at 0x5a1d0000 with sizes 92 272 204 12
12-12 12:18:14.478 10068 10068 D dalvikvm: Good opt header, DEX offset is 64, flags=0x00
12-12 12:18:14.478 10068 10068 D dalvikvm: dalvik-aux-structure mapped at 0x5a674000 with sizes 368 52 8 52
12-12 12:18:14.478 10068 10068 D dalvikvm: Good opt header, DEX offset is 64, flags=0x00
12-12 12:18:14.478 10068 10068 D dalvikvm: dalvik-aux-structure mapped at 0x5a691000 with sizes 848 488 512 692
12-12 12:18:14.478 10068 10068 D dalvikvm: Good opt header, DEX offset is 64, flags=0x00
12-12 12:18:14.478 10068 10068 D dalvikvm: dalvik-aux-structure mapped at 0x5a694000 with sizes 20 36 20 8
12-12 12:18:14.478 10068 10068 D dalvikvm: Good opt header, DEX offset is 64, flags=0x00
12-12 12:18:14.478 10068 10068 D dalvikvm: dalvik-aux-structure mapped at 0x5a69d000 with sizes 360 232 320 68
12-12 12:18:14.478 10068 10068 D dalvikvm: Good opt header, DEX offset is 64, flags=0x00
12-12 12:18:14.478 10068 10068 D dalvikvm: dalvik-aux-structure mapped at 0x5a6ad000 with sizes 864 272 320 208
12-12 12:18:14.478 10068 10068 D dalvikvm: Trying to load lib libjavacore.so 0x0
12-12 12:18:14.478 10068 10068 D dalvikvm: Added shared lib libjavacore.so 0x0
12-12 12:18:14.478 10068 10068 D dalvikvm: Trying to load lib libnativehelper.so 0x0
12-12 12:18:14.488 10068 10068 D dalvikvm: Added shared lib libnativehelper.so 0x0
12-12 12:18:14.488 10068 10068 D dalvikvm: No JNI_OnLoad found in libnativehelper.so 0x0, skipping init
12-12 12:18:14.488 10068 10068 D dalvikvm: Good opt header, DEX offset is 64, flags=0x00
12-12 12:18:14.488 10068 10068 D dalvikvm: dalvik-aux-structure mapped at 0x5b912000 with sizes 936 360 416 20
12-12 12:18:14.518 10068 10068 D dalvikvm: Note: class Landroid/app/ActivityManagerNative; has 179 unimplemented (abstract) methods
12-12 12:18:14.638 10068 10068 D AndroidRuntime: Calling main entry com.android.commands.pm.Pm
12-12 12:18:14.708 10068 10068 D AndroidRuntime: Shutting down VM
12-12 12:18:14.948   926   958 W ProcessCpuTracker: Skipping unknown process pid 10068
12-12 12:18:14.948   926   958 W ProcessCpuTracker: Skipping unknown process pid 10070
12-12 12:18:14.958   926   958 W ProcessCpuTracker: Skipping unknown process pid 10073
12-12 12:18:15.788 10091 10091 D AndroidRuntime: 
12-12 12:18:15.788 10091 10091 D AndroidRuntime: >>>>>> AndroidRuntime START com.android.internal.os.RuntimeInit <<<<<<
12-12 12:18:15.788 10091 10091 D AndroidRuntime: CheckJNI is OFF
12-12 12:18:15.788 10091 10091 D dalvikvm: Good opt header, DEX offset is 64, flags=0x00
12-12 12:18:15.788 10091 10091 D dalvikvm: dalvik-aux-structure mapped at 0x5889d000 with sizes 17456 9068 22916 7820
12-12 12:18:15.788 10091 10091 D dalvikvm: Good opt header, DEX offset is 64, flags=0x00
12-12 12:18:15.788 10091 10091 D dalvikvm: dalvik-aux-structure mapped at 0x588ab000 with sizes 3488 1968 3700 1000
12-12 12:18:15.788 10091 10091 D dalvikvm: Good opt header, DEX offset is 64, flags=0x00
12-12 12:18:15.788 10091 10091 D dalvikvm: dalvik-aux-structure mapped at 0x588af000 with sizes 1212 1216 2416 256
12-12 12:18:15.788 10091 10091 D dalvikvm: Good opt header, DEX offset is 64, flags=0x00
12-12 12:18:15.788 10091 10091 D dalvikvm: dalvik-aux-structure mapped at 0x588b6000 with sizes 132 296 392 8
12-12 12:18:15.788 10091 10091 D dalvikvm: Good opt header, DEX offset is 64, flags=0x00
12-12 12:18:15.798 10091 10091 D dalvikvm: dalvik-aux-structure mapped at 0x58a75000 with sizes 8748 4364 7932 3996
12-12 12:18:15.798 10091 10091 D dalvikvm: Good opt header, DEX offset is 64, flags=0x00
12-12 12:18:15.798 10091 10091 D dalvikvm: dalvik-aux-structure mapped at 0x58a7c000 with sizes 22496 5184 8544 1804
12-12 12:18:15.798 10091 10091 D dalvikvm: Good opt header, DEX offset is 64, flags=0x00
12-12 12:18:15.798 10091 10091 D dalvikvm: dalvik-aux-structure mapped at 0x595f1000 with sizes 56984 26392 103956 34404
12-12 12:18:15.798 10091 10091 D dalvikvm: Good opt header, DEX offset is 64, flags=0x00
12-12 12:18:15.798 10091 10091 D dalvikvm: dalvik-aux-structure mapped at 0x5980c000 with sizes 9456 6512 11508 3328
12-12 12:18:15.798 10091 10091 D dalvikvm: Good opt header, DEX offset is 64, flags=0x00
12-12 12:18:15.798 10091 10091 D dalvikvm: dalvik-aux-structure mapped at 0x59980000 with sizes 20776 3532 10520 3092
12-12 12:18:15.798 10091 10091 D dalvikvm: Good opt header, DEX offset is 64, flags=0x00
12-12 12:18:15.798 10091 10091 D dalvikvm: dalvik-aux-structure mapped at 0x58a8b000 with sizes 1660 956 2388 56
12-12 12:18:15.798 10091 10091 D dalvikvm: Good opt header, DEX offset is 64, flags=0x00
12-12 12:18:15.798 10091 10091 D dalvikvm: dalvik-aux-structure mapped at 0x599e8000 with sizes 1312 504 800 184
12-12 12:18:15.798 10091 10091 D dalvikvm: Good opt header, DEX offset is 64, flags=0x00
12-12 12:18:15.798 10091 10091 D dalvikvm: dalvik-aux-structure mapped at 0x599e9000 with sizes 1704 1896 3404 216
12-12 12:18:15.798 10091 10091 D dalvikvm: Good opt header, DEX offset is 64, flags=0x00
12-12 12:18:15.798 10091 10091 D dalvikvm: dalvik-aux-structure mapped at 0x59e2d000 with sizes 41708 10740 31748 2024
12-12 12:18:15.798 10091 10091 D dalvikvm: Good opt header, DEX offset is 64, flags=0x00
12-12 12:18:15.798 10091 10091 D dalvikvm: dalvik-aux-structure mapped at 0x599ee000 with sizes 13340 3572 6468 560
12-12 12:18:15.798 10091 10091 D dalvikvm: Good opt header, DEX offset is 64, flags=0x00
12-12 12:18:15.798 10091 10091 D dalvikvm: dalvik-aux-structure mapped at 0x5a072000 with sizes 3752 5072 11996 2620
12-12 12:18:15.798 10091 10091 D dalvikvm: Good opt header, DEX offset is 64, flags=0x00
12-12 12:18:15.798 10091 10091 D dalvikvm: dalvik-aux-structure mapped at 0x599f6000 with sizes 864 112 12 8
12-12 12:18:15.798 10091 10091 D dalvikvm: Good opt header, DEX offset is 64, flags=0x00
12-12 12:18:15.798 10091 10091 D dalvikvm: dalvik-aux-structure mapped at 0x599f8000 with sizes 144 424 416 84
12-12 12:18:15.798 10091 10091 D dalvikvm: Good opt header, DEX offset is 64, flags=0x00
12-12 12:18:15.798 10091 10091 D dalvikvm: dalvik-aux-structure mapped at 0x5a08b000 with sizes 8 84 20 52
12-12 12:18:15.798 10091 10091 D dalvikvm: Good opt header, DEX offset is 64, flags=0x00
12-12 12:18:15.798 10091 10091 D dalvikvm: dalvik-aux-structure mapped at 0x5a08c000 with sizes 2300 1284 1900 732
12-12 12:18:15.798 10091 10091 D dalvikvm: Good opt header, DEX offset is 64, flags=0x00
12-12 12:18:15.798 10091 10091 D dalvikvm: dalvik-aux-structure mapped at 0x5a08f000 with sizes 3104 1556 4388 1468
12-12 12:18:15.808 10091 10091 D dalvikvm: Good opt header, DEX offset is 64, flags=0x00
12-12 12:18:15.808 10091 10091 D dalvikvm: dalvik-aux-structure mapped at 0x5a093000 with sizes 2512 2028 2656 348
12-12 12:18:15.808 10091 10091 D dalvikvm: Good opt header, DEX offset is 64, flags=0x00
12-12 12:18:15.808 10091 10091 D dalvikvm: dalvik-aux-structure mapped at 0x5a096000 with sizes 244 632 480 120
12-12 12:18:15.808 10091 10091 D dalvikvm: Good opt header, DEX offset is 64, flags=0x00
12-12 12:18:15.808 10091 10091 D dalvikvm: dalvik-aux-structure mapped at 0x5a099000 with sizes 44 16 4 16
12-12 12:18:15.808 10091 10091 D dalvikvm: Good opt header, DEX offset is 64, flags=0x00
12-12 12:18:15.808 10091 10091 D dalvikvm: dalvik-aux-structure mapped at 0x5a3ea000 with sizes 17456 5180 15016 5508
12-12 12:18:15.808 10091 10091 D dalvikvm: Good opt header, DEX offset is 64, flags=0x00
12-12 12:18:15.808 10091 10091 D dalvikvm: dalvik-aux-structure mapped at 0x5a181000 with sizes 17648 1196 1848 1084
12-12 12:18:15.808 10091 10091 D dalvikvm: Good opt header, DEX offset is 64, flags=0x00
12-12 12:18:15.808 10091 10091 D dalvikvm: dalvik-aux-structure mapped at 0x5a61a000 with sizes 5448 6248 17376 5152
12-12 12:18:15.808 10091 10091 D dalvikvm: Good opt header, DEX offset is 64, flags=0x00
12-12 12:18:15.808 10091 10091 D dalvikvm: dalvik-aux-structure mapped at 0x5a187000 with sizes 92 272 204 12
12-12 12:18:15.808 10091 10091 D dalvikvm: Good opt header, DEX offset is 64, flags=0x00
12-12 12:18:15.808 10091 10091 D dalvikvm: dalvik-aux-structure mapped at 0x5a62b000 with sizes 368 52 8 52
12-12 12:18:15.808 10091 10091 D dalvikvm: Good opt header, DEX offset is 64, flags=0x00
12-12 12:18:15.808 10091 10091 D dalvikvm: dalvik-aux-structure mapped at 0x5a648000 with sizes 848 488 512 692
12-12 12:18:15.808 10091 10091 D dalvikvm: Good opt header, DEX offset is 64, flags=0x00
12-12 12:18:15.808 10091 10091 D dalvikvm: dalvik-aux-structure mapped at 0x5a64b000 with sizes 20 36 20 8
12-12 12:18:15.808 10091 10091 D dalvikvm: Good opt header, DEX offset is 64, flags=0x00
12-12 12:18:15.808 10091 10091 D dalvikvm: dalvik-aux-structure mapped at 0x5a654000 with sizes 360 232 320 68
12-12 12:18:15.808 10091 10091 D dalvikvm: Good opt header, DEX offset is 64, flags=0x00
12-12 12:18:15.808 10091 10091 D dalvikvm: dalvik-aux-structure mapped at 0x5a664000 with sizes 864 272 320 208
12-12 12:18:15.818 10091 10091 D dalvikvm: Trying to load lib libjavacore.so 0x0
12-12 12:18:15.818 10091 10091 D dalvikvm: Added shared lib libjavacore.so 0x0
12-12 12:18:15.818 10091 10091 D dalvikvm: Trying to load lib libnativehelper.so 0x0
12-12 12:18:15.818 10091 10091 D dalvikvm: Added shared lib libnativehelper.so 0x0
12-12 12:18:15.818 10091 10091 D dalvikvm: No JNI_OnLoad found in libnativehelper.so 0x0, skipping init
12-12 12:18:15.828 10091 10091 D dalvikvm: Good opt header, DEX offset is 64, flags=0x00
12-12 12:18:15.828 10091 10091 D dalvikvm: dalvik-aux-structure mapped at 0x5b8c9000 with sizes 936 360 416 20
12-12 12:18:15.868 10091 10091 D dalvikvm: Note: class Landroid/app/ActivityManagerNative; has 179 unimplemented (abstract) methods
12-12 12:18:15.998 10091 10091 D AndroidRuntime: Calling main entry com.android.commands.pm.Pm
12-12 12:18:16.008   926   958 I ActivityManager: Force stopping com.example.snoopy appid=10002 user=-1: uninstall pkg
12-12 12:18:16.008   926   967 W PackageManager: Couldn't delete native library directory /data/app-lib/com.example.snoopy
12-12 12:18:16.008   926   967 I PackageManager: Removing old permission: com.example.snoopy.permission.C2D_MESSAGE from package com.example.snoopy
12-12 12:18:16.008   926   967 W PackageManager: Unknown permission com.amazon.dcp.metrics.permission.METRICS_PERMISSION in package com.amazon.communication.discovery
12-12 12:18:16.008   926   967 W PackageManager: Unknown permission android.permission.ACCESS_SUPERUSER in package com.amazon.ods.kindleconnect
12-12 12:18:16.008   926   967 W PackageManager: Unknown permission android.permission.NEW_OUTGOING_CALL in package com.amazon.ods.kindleconnect
12-12 12:18:16.018   926   967 W PackageManager: Unknown permission com.amazon.dcp.metrics.permission.METRICS_PERMISSION in package com.amazon.ods.kindleconnect
12-12 12:18:16.018   926   967 W PackageManager: Unknown permission com.amazon.dcp.metrics.permission.METRICS_PERMISSION in package com.amazon.platform
12-12 12:18:16.018   926   967 W PackageManager: Unknown permission com.google.android.googleapps.permission.GOOGLE_AUTH.mail in package com.android.contacts
12-12 12:18:16.018   926   967 W PackageManager: Unknown permission com.amazon.dcp.metrics.permission.METRICS_PERMISSION in package com.android.contacts
12-12 12:18:16.018   926   967 W PackageManager: Unknown permission com.amazon.dcp.metrics.permission.METRICS_PERMISSION in package com.audible.application.kindle
12-12 12:18:16.018   926   967 W PackageManager: Unknown permission com.amazon.permission.CONFIG_SOFTKEYS in package com.audible.application.kindle
12-12 12:18:16.028   926   967 W PackageManager: Unknown permission com.amazon.setupwizard.permission.AMAZON_FIRST_RUN_STATUS in package com.android.phone
12-12 12:18:16.028   926   967 W PackageManager: Unknown permission amazon.permission.settings.ACCESS_TASK_STATES in package com.android.phone
12-12 12:18:16.028   926   967 W PackageManager: Unknown permission com.amazon.nyota.VVM_PERMISSION in package com.android.phone
12-12 12:18:16.028   926   967 W PackageManager: Unknown permission com.amazon.dcp.metrics.permission.METRICS_PERMISSION in package com.amazon.dcp
12-12 12:18:16.028   926   967 W PackageManager: Unknown permission com.amazon.dcp.metrics.permission.METRICS_PERMISSION in package com.amazon.whisperplay.cds.settings
12-12 12:18:16.028   926   967 W PackageManager: Unknown permission com.amazon.dcp.metrics.permission.METRICS_PERMISSION in package com.amazon.zico
12-12 12:18:16.028   926   967 W PackageManager: Unknown permission com.amazon.docs.NEW_DOCUMENT in package com.amazon.zico
12-12 12:18:16.028   926   967 W PackageManager: Unknown permission com.amazon.nds.permission.NDS_CLIENT_ACCESS in package com.amazon.zico
12-12 12:18:16.028   926   967 W PackageManager: Unknown permission com.amazon.device.speech.USE_VOICE_ASSISTANT in package com.android.bluetooth
12-12 12:18:16.028   926   967 W PackageManager: Unknown permission com.google.android.gallery3d.permission.GALLERY_PROVIDER in package com.android.bluetooth
12-12 12:18:16.038   926   967 W PackageManager: Unknown permission com.android.gallery3d.permission.GALLERY_PROVIDER in package com.android.bluetooth
12-12 12:18:16.038   926   967 W PackageManager: Unknown permission android.permission.MMS_SEND_OUTBOX_MSG in package com.android.bluetooth
12-12 12:18:16.038   926   967 W PackageManager: Unknown permission com.google.android.googleapps.permission.GOOGLE_AUTH in package com.android.providers.calendar
12-12 12:18:16.038   926   967 W PackageManager: Unknown permission com.google.android.googleapps.permission.GOOGLE_AUTH.cl in package com.android.providers.calendar
12-12 12:18:16.038   926   967 W PackageManager: Unknown permission com.amazon.dcp.metrics.permission.METRICS_PERMISSION in package com.android.providers.calendar
12-12 12:18:16.038   926   967 W PackageManager: Unknown permission com.amazon.pinochle.client.PINOCHLE_ACCESS in package com.android.providers.calendar
12-12 12:18:16.038   926   967 W PackageManager: Unknown permission amazon.permission.settings.ACCESS_TASK_STATES in package com.amazon.kor.demo
12-12 12:18:16.038   926   967 W PackageManager: Unknown permission com.amazon.dcp.metrics.permission.METRICS_PERMISSION in package com.amazon.kor.demo
12-12 12:18:16.038   926   967 W PackageManager: Unknown permission com.amazon.setupwizard.permission.AMAZON_FIRST_RUN_STATUS in package com.amazon.kor.demo
12-12 12:18:16.038   926   967 W PackageManager: Unknown permission com.amazon.dcp.metrics.permission.METRICS_PERMISSION in package com.amazon.windowshop
12-12 12:18:16.038   926   967 W PackageManager: Unknown permission com.google.android.googleapps.permission.GOOGLE_AUTH.mail in package com.android.calendar
12-12 12:18:16.038   926   967 W PackageManager: Unknown permission com.amazon.dcp.metrics.permission.METRICS_PERMISSION in package com.android.calendar
12-12 12:18:16.038   926   967 W PackageManager: Unknown permission com.amazon.pinochle.client.PINOCHLE_ACCESS in package com.android.calendar
12-12 12:18:16.038   926   967 W PackageManager: Unknown permission com.amazon.dcp.metrics.permission.METRICS_PERMISSION in package com.amazon.h2sharingsettings
12-12 12:18:16.038   926   967 W PackageManager: Unknown permission com.amazon.permission.SET_FLAG_EXPANDED_SOFTKEYS in package com.amazon.avod
12-12 12:18:16.038   926   967 W PackageManager: Unknown permission com.amazon.permission.CONFIG_SOFTKEYS in package com.amazon.avod
12-12 12:18:16.038   926   967 W PackageManager: Unknown permission com.amazon.dcp.metrics.permission.METRICS_PERMISSION in package com.amazon.avod
12-12 12:18:16.038   926   967 W PackageManager: Unknown permission com.amazon.dcp.metrics.permission.METRICS_PERMISSION in package com.amazon.kindle.devicecontrols
12-12 12:18:16.038   926   967 W PackageManager: Unknown permission com.amazon.dcp.metrics.permission.METRICS_PERMISSION in package com.amazon.device.crashmanager
12-12 12:18:16.048   926   967 W PackageManager: Unknown permission com.google.android.googleapps.permission.GOOGLE_AUTH in package com.android.settings
12-12 12:18:16.048   926   967 W PackageManager: Unknown permission com.android.launcher.permission.READ_SETTINGS in package com.android.settings
12-12 12:18:16.048   926   967 W PackageManager: Unknown permission com.android.launcher.permission.WRITE_SETTINGS in package com.android.settings
12-12 12:18:16.048   926   967 W PackageManager: Unknown permission com.amazon.dcp.metrics.permission.METRICS_PERMISSION in package com.android.settings
12-12 12:18:16.048   926   967 W PackageManager: Unknown permission com.amazon.sync.permission.FTUE in package com.amazon.kindle
12-12 12:18:16.048   926   967 W PackageManager: Unknown permission com.amazon.gardemanger.OFFICEDOC_RECEIVER_ACCESS in package com.amazon.kindle
12-12 12:18:16.048   926   967 W PackageManager: Unknown permission android.Manifest.permission.INTERNAL_SYSTEM_WINDOW in package com.amazon.kindle
12-12 12:18:16.048   926   967 W PackageManager: Unknown permission com.amazon.dcp.config.permission.READ_SETTINGS in package com.amazon.kindle
12-12 12:18:16.048   926   967 W PackageManager: Unknown permission com.amazon.dcp.metrics.permission.METRICS_PERMISSION in package com.amazon.kindle
12-12 12:18:16.048   926   967 W PackageManager: Unknown permission com.amazon.sync.attributes.USE_SYNC_ATTRIBUTE_PROVIDER in package com.amazon.kindle
12-12 12:18:16.048   926   967 W PackageManager: Unknown permission com.amazon.firecard.permission.CARD_PRODUCER in package com.amazon.kindle
12-12 12:18:16.048   926   967 W PackageManager: Unknown permission com.amazon.pm.permission.SEND_EVENT in package com.amazon.kindle
12-12 12:18:16.048   926   967 W PackageManager: Unknown permission com.audible.hushpuppy.tablet.permission.COMPANION_MAPPING in package com.amazon.kindle
12-12 12:18:16.048   926   967 W PackageManager: Unknown permission com.amazon.dcp.metrics.permission.METRICS_PERMISSION in package com.amazon.kindle.otter.settings
12-12 12:18:16.048   926   967 W PackageManager: Unknown permission com.amazon.permission.CONFIG_SOFTKEYS in package com.amazon.kindle.otter.settings
12-12 12:18:16.048   926   967 W PackageManager: Unknown permission amazon.permission.VANADIUM in package com.amazon.kindle.otter.settings
12-12 12:18:16.048   926   967 W PackageManager: Unknown permission com.amazon.primeupsell.permission.LAUNCH_PRIME_UPSELL in package com.amazon.kindle.otter.settings
12-12 12:18:16.048   926   967 W PackageManager: Unknown permission com.amazon.dcp.metrics.permission.METRICS_PERMISSION in package com.amazon.identity.auth.device.authorization
12-12 12:18:16.048   926   967 W PackageManager: Not granting permission android.permission.DELETE_PACKAGES to package com.svox.pico (protectionLevel=18 flags=0x88be45)
12-12 12:18:16.048   926   967 W PackageManager: Not granting permission com.amazon.permission.FORCE_AUTH_ACCT to package com.amazon.kindle.unifiedSearch (protectionLevel=2 flags=0x4088be45)
12-12 12:18:16.048   926   967 W PackageManager: Unknown permission com.amazon.cloud9.permission.SEARCH in package com.amazon.kindle.unifiedSearch
12-12 12:18:16.048   926   967 W PackageManager: Unknown permission tyto.permission.READ_IDENTIFIES_HISTORY in package com.amazon.kindle.unifiedSearch
12-12 12:18:16.048   926   967 W PackageManager: Unknown permission com.amazon.mas.client.CONTENT_PROVIDER_READ in package com.amazon.kindle.unifiedSearch
12-12 12:18:16.048   926   967 W PackageManager: Unknown permission com.amazon.dcp.metrics.permission.METRICS_PERMISSION in package com.amazon.kindle.unifiedSearch
12-12 12:18:16.048   926   967 W PackageManager: Unknown permission com.amazon.dcp.metrics.permission.METRICS_PERMISSION in package com.amazon.kindleautomatictimezone
12-12 12:18:16.048   926   967 W PackageManager: Unknown permission  android.permission.INTERACT_ACROSS_USERS in package com.amazon.kindle.kso
12-12 12:18:16.058   926   967 W PackageManager: Unknown permission com.amazon.dcp.metrics.permission.METRICS_PERMISSION in package com.amazon.kindle.kso
12-12 12:18:16.058   926   967 W PackageManager: Unknown permission com.amazon.dcp.metrics.permission.METRICS_PERMISSION in package com.android.email
12-12 12:18:16.058   926   967 W PackageManager: Unknown permission com.amazon.pinochle.client.PINOCHLE_ACCESS in package com.android.email
12-12 12:18:16.058   926   967 W PackageManager: Unknown permission com.amazon.dcp.metrics.permission.METRICS_PERMISSION in package com.amazon.device.sync.sdk.internal
12-12 12:18:16.058   926   967 W PackageManager: Unknown permission com.amazon.dcp.metrics.permission.METRICS_PERMISSION in package com.amazon.device.sync
12-12 12:18:16.058   926   967 W PackageManager: Unknown permission com.amazon.dcp.metrics.permission.METRICS_PERMISSION in package com.amazon.whisperlink.core.android
12-12 12:18:16.058   926   967 W PackageManager: Unknown permission com.amazon.dcp.metrics.permission.METRICS_PERMISSION in package com.android.providers.downloads
12-12 12:18:16.058   926   967 W PackageManager: Unknown permission com.amazon.dcp.metrics.permission.METRICS_PERMISSION in package com.amazon.mp3
12-12 12:18:16.058   926   967 W PackageManager: Unknown permission com.amazon.setupwizard.permission.AMAZON_FIRST_RUN_STATUS in package com.amazon.mp3
12-12 12:18:16.058   926   967 W PackageManager: Unknown permission com.amazon.pm.permission.SEND_EVENT in package com.amazon.mp3
12-12 12:18:16.058   926   967 W PackageManager: Unknown permission com.amazon.dcp.metrics.permission.METRICS_PERMISSION in package com.amazon.imp
12-12 12:18:16.058   926   967 W PackageManager: Unknown permission com.amazon.dcp.metrics.permission.METRICS_PERMISSION in package com.amazon.h2settingsfortablet
12-12 12:18:16.058   926   967 W PackageManager: Unknown permission com.amazon.dcp.metrics.permission.METRICS_PERMISSION in package com.amazon.photos
12-12 12:18:16.058   926   967 W PackageManager: Unknown permission com.amazon.nds.permission.NDS_CLIENT_ACCESS in package com.amazon.geo.client.maps
12-12 12:18:16.058   926   967 W PackageManager: Unknown permission com.amazon.dcp.metrics.permission.METRICS_PERMISSION in package com.amazon.geo.client.maps
12-12 12:18:16.058   926   967 W PackageManager: Not granting permission android.permission.DISABLE_KEYGUARD to package com.amazon.aatp.aatpdevicemanager (protectionLevel=82 flags=0x80be44)
12-12 12:18:16.058   926   967 W PackageManager: Not granting permission android.permission.SET_ORIENTATION to package com.amazon.aatp.aatpdevicemanager (protectionLevel=2 flags=0x80be44)
12-12 12:18:16.068   926   967 W PackageManager: Not granting permission android.permission.ACCESS_ALL_EXTERNAL_STORAGE to package com.amazon.aatp.aatpdevicemanager (protectionLevel=2 flags=0x80be44)
12-12 12:18:16.068   926   967 W PackageManager: Unknown permission com.amazon.dcp.metrics.permission.METRICS_PERMISSION in package com.amazon.sharingservice.android.client.proxy
12-12 12:18:16.068   926   967 W PackageManager: Unknown permission com.amazon.identity.auth.device.api.permission.CUSTOMER_ATTRIBUTE_SERVICE in package com.amazon.dp.fbcontacts
12-12 12:18:16.068   926   967 W PackageManager: Unknown permission com.amazon.dcp.metrics.permission.METRICS_PERMISSION in package com.amazon.parentalcontrols
12-12 12:18:16.068   926   967 W PackageManager: Unknown permission com.amazon.dcp.metrics.permission.METRICS_PERMISSION in package com.amazon.unifiedshare.actionchooser
12-12 12:18:16.068   926   967 W PackageManager: Unknown permission com.amazon.permission.CONFIG_SOFTKEYS in package com.amazon.csapp
12-12 12:18:16.068   926   967 W PackageManager: Unknown permission com.amazon.dcp.metrics.permission.METRICS_PERMISSION in package com.amazon.csapp
12-12 12:18:16.068   926   967 W PackageManager: Unknown permission com.amazon.dcp.metrics.permission.METRICS_PERMISSION in package com.audible.application.store
12-12 12:18:16.068   926   967 W PackageManager: Unknown permission com.amazon.permission.CONFIG_SOFTKEYS in package com.audible.application.store
12-12 12:18:16.068   926   967 W PackageManager: Unknown permission com.amazon.dcp.sso.action.GET_DEVICE_CREDENTIALS in package com.audible.application.store
12-12 12:18:16.068   926   967 W PackageManager: Unknown permission com.amazon.dcp.metrics.permission.METRICS_PERMISSION in package com.amazon.device.messaging
12-12 12:18:16.068   926   967 W PackageManager: Unknown permission com.amazon.dcp.messaging.permission.SERVICE_BROADCASTS in package com.amazon.socialplatform
12-12 12:18:16.068   926   967 W PackageManager: Unknown permission com.amazon.dcp.metrics.permission.METRICS_PERMISSION in package com.amazon.socialplatform
12-12 12:18:16.068   926   967 W PackageManager: Unknown permission com.amazon.dcp.metrics.permission.METRICS_PERMISSION in package com.amazon.device.logmanager
12-12 12:18:16.068   926   967 W PackageManager: Unknown permission com.alphonso.pulse.amazon.permission.LAUNCHER in package com.amazon.kindle.otter
12-12 12:18:16.068   926   967 W PackageManager: Unknown permission com.amazon.permission.CONFIG_SOFTKEYS in package com.amazon.kindle.otter
12-12 12:18:16.068   926   967 W PackageManager: Unknown permission com.amazon.dcp.metrics.permission.METRICS_PERMISSION in package com.amazon.kindle.otter
12-12 12:18:16.068   926   967 W PackageManager: Unknown permission tyto.permission.COLLECT_METRICS in package com.amazon.kindle.otter
12-12 12:18:16.068   926   967 W PackageManager: Unknown permission com.amazon.dcp.metrics.permission.METRICS_PERMISSION in package com.amazon.securitysyncclient
12-12 12:18:16.078   926   967 W PackageManager: Unknown permission com.amazon.dcp.metrics.permission.METRICS_PERMISSION in package com.goodreads.kindle
12-12 12:18:16.078   926   967 W PackageManager: Unknown permission android.permission.MMS_PUSH in package org.codeaurora.bluetooth
12-12 12:18:16.078   926   967 W PackageManager: Unknown permission com.amazon.dcp.metrics.permission.METRICS_PERMISSION in package com.amazon.ags.app
12-12 12:18:16.078   926   967 W PackageManager: Unknown permission com.amazon.dcp.metrics.permission.METRICS_PERMISSION in package com.amazon.webapp
12-12 12:18:16.078   926   967 W PackageManager: Unknown permission com.amazon.gardemanger.OFFICEDOC_RECEIVER_ACCESS in package com.amazon.webapp
12-12 12:18:16.078   926   967 W PackageManager: Unknown permission com.amazon.permission.CONFIG_SOFTKEYS in package com.amazon.webapp
12-12 12:18:16.078   926   967 W PackageManager: Unknown permission com.qualcomm.permission.READ_DHCP_INFO in package com.amazon.whisperplay.cds
12-12 12:18:16.078   926   967 W PackageManager: Unknown permission android.intent.action.PHONE_STATE in package com.amazon.whisperplay.cds
12-12 12:18:16.078   926   967 W PackageManager: Unknown permission com.amazon.dcp.metrics.permission.METRICS_PERMISSION in package com.android.providers.contacts
12-12 12:18:16.078   926   967 W PackageManager: Unknown permission com.amazon.dcp.metrics.permission.METRICS_PERMISSION in package com.amazon.geo.mapsv2.services
12-12 12:18:16.078   926   967 W PackageManager: Unknown permission com.qualcomm.permission.ACCESS_LOCATION_API in package com.qualcomm.location
12-12 12:18:16.078   926   967 W PackageManager: Unknown permission com.amazon.dcp.metrics.permission.METRICS_PERMISSION in package com.amazon.dataplanmanager
12-12 12:18:16.078   926   967 W PackageManager: Unknown permission com.amazon.dcp.metrics.permission.METRICS_PERMISSION in package com.amazon.device.backup
12-12 12:18:16.078   926   967 W PackageManager: Unknown permission amazon.permission.settings.ACCESS_TASK_STATES in package com.amazon.device.backup
12-12 12:18:16.078   926   967 W PackageManager: Unknown permission com.amazon.setupwizard.permission.AMAZON_FIRST_RUN_STATUS in package com.amazon.device.backup
12-12 12:18:16.078   926   967 W PackageManager: Unknown permission com.amazon.dcp.metrics.permission.METRICS_PERMISSION in package com.amazon.cloud9
12-12 12:18:16.078   926   967 W PackageManager: Unknown permission com.amazon.permission.CONFIG_SOFTKEYS in package com.amazon.cloud9
12-12 12:18:16.078   926   967 W PackageManager: Unknown permission com.amazon.dcp.metrics.permission.METRICS_PERMISSION in package com.amazon.kindle.otter.oobe
12-12 12:18:16.078   926   967 W PackageManager: Unknown permission com.amazon.dcp.messaging.permission.SERVICE_BROADCASTS in package com.amazon.kindle.otter.oobe
12-12 12:18:16.078   926   967 W PackageManager: Unknown permission com.amazon.permission.CONFIG_SOFTKEYS in package com.amazon.kindle.otter.oobe
12-12 12:18:16.078   926   967 W PackageManager: Unknown permission com.amazon.kindle.otter.settings.START_AUDIBLE_SERVICE in package com.amazon.kindle.otter.oobe
12-12 12:18:16.088   926   967 W PackageManager: Unknown permission com.amazon.dcp.metrics.permission.METRICS_PERMISSION in package com.android.systemui
12-12 12:18:16.088   926   967 W PackageManager: Unknown permission com.amazon.setupwizard.permission.AMAZON_FIRST_RUN_STATUS in package com.amazon.kindle.cms
12-12 12:18:16.088   926   967 W PackageManager: Unknown permission com.amazon.dcp.metrics.permission.METRICS_PERMISSION in package com.amazon.kindle.cms
12-12 12:18:16.088   926   967 W PackageManager: Unknown permission com.amazon.dcp.metrics.permission.METRICS_PERMISSION in package com.amazon.device.settings
12-12 12:18:16.088   926   967 W PackageManager: Unknown permission com.amazon.dcp.metrics.permission.METRICS_PERMISSION in package com.amazon.tcomm
12-12 12:18:16.088   926   967 W PackageManager: Unknown permission com.amazon.dcp.metrics.permission.METRICS_PERMISSION in package com.amazon.tahoe
12-12 12:18:16.088   926   967 W PackageManager: Unknown permission com.amazon.mas.client.CONTENT_PROVIDER_READ in package com.amazon.tahoe
12-12 12:18:16.088   926   967 W PackageManager: Unknown permission com.amazon.alta.h2settings.permission.USE_DIALOGS in package com.amazon.tahoe
12-12 12:18:16.088   926   967 W PackageManager: Unknown permission com.amazon.dcp.metrics.permission.METRICS_PERMISSION in package com.android.keyguard
12-12 12:18:16.088   926   967 W PackageManager: Unknown permission com.hp.pps.htmlprintservice.PRINT in package com.kingsoft.office.amz
12-12 12:18:16.088   926   967 W PackageManager: Unknown permission com.amazon.dcp.metrics.permission.METRICS_PERMISSION in package com.amazon.kindle.rdmdeviceadmin
12-12 12:18:16.088   926   967 W PackageManager: Unknown permission com.amazon.dcp.metrics.permission.METRICS_PERMISSION in package com.amazon.alta.h2clientservice
12-12 12:18:16.088   926   967 W PackageManager: Unknown permission android.net.conn.CONNECTIVITY_CHANGE in package com.amazon.digital.asset.ownership.app
12-12 12:18:16.088   926   967 W PackageManager: Unknown permission com.amazon.dcp.metrics.permission.METRICS_PERMISSION in package com.amazon.digital.asset.ownership.app
12-12 12:18:16.158   337   337 D keystore: calling clear_uid in state: 3
12-12 12:18:16.158   926   967 I ActivityManager: Force stopping com.example.snoopy appid=10002 user=0: pkg removed
12-12 12:18:16.168   926   926 D BinderInternal: GC called due to : bg
12-12 12:18:16.188   926   987 I RegisteredPolicyManager: user/package action=android.intent.action.PACKAGE_REMOVED	userHandle0
12-12 12:18:16.188   926   987 W PackageManager: com.example.snoopy is not installed for user 0
12-12 12:18:16.188   926   987 W RegisteredPolicyManager: Metadata not available in package:com.example.snoopy
12-12 12:18:16.188   926   987 I RegisteredPolicyManager: Package removed:com.example.snoopy
12-12 12:18:16.198   926   987 I DevicePolicyManagerService: Notified isValidMDM=true
12-12 12:18:16.198   926   987 I DevicePolicyManagerService: Notified isValidMDM=true
12-12 12:18:16.198   926   987 I DevicePolicyManagerService: Notified isValidMDM=true
12-12 12:18:16.198   926   987 I DevicePolicyManagerService: Notified isValidMDM=true
12-12 12:18:16.198   926   987 I DevicePolicyManagerService: Notified isValidMDM=true
12-12 12:18:16.198   926   987 I DevicePolicyManagerService: Notified isValidMDM=true
12-12 12:18:16.198   926   987 I DevicePolicyManagerService: isAdmin ComponentInfo{com.android.email/com.android.email.SecurityPolicy$PolicyAdmin} whiteListed true
12-12 12:18:16.198   926   987 I DevicePolicyManagerService: isAdmin ComponentInfo{com.amazon.kor.demo/com.amazon.kor.demo.receiver.BindDeviceAdminReceiver} whiteListed true
12-12 12:18:16.198   926   987 I DevicePolicyManagerService: isAdmin ComponentInfo{com.amazon.parentalcontrols/com.amazon.parentalcontrols.receivers.ParentalAdminReceiver} whiteListed true
12-12 12:18:16.198   926   987 I DevicePolicyManagerService: isAdmin ComponentInfo{com.amazon.kindle.rdmdeviceadmin/com.amazon.rdmdeviceadmin.DeviceControlsAdminReceiver} whiteListed true
12-12 12:18:16.198   926   987 I DevicePolicyManagerService: isAdmin ComponentInfo{com.amazon.tahoe/com.amazon.tahoe.deviceadmin.FreeTimeDeviceAdminReceiver} whiteListed true
12-12 12:18:16.198   926   987 I DevicePolicyManagerService: isAdmin ComponentInfo{com.amazon.kindle.devicecontrols/com.amazon.kindle.devicecontrols.receivers.DeviceControlsAdminReceiver} whiteListed true
12-12 12:18:16.198   926   981 I InputReader: Reconfiguring input devices.  changes=0x00000010
12-12 12:18:16.218   926   959 W Settings: Setting default_input_method has moved from android.provider.Settings.Secure to android.provider.Settings.Global.
12-12 12:18:16.228   926   959 W Settings: Setting default_input_method has moved from android.provider.Settings.Secure to android.provider.Settings.Global.
12-12 12:18:16.228   926   959 W InputMethodInfo: Duplicated subtype definition found: ja, keyboard
12-12 12:18:16.238   926  1127 V IntentResolver: Resolving type=null scheme=null defaultOnly=false userId=0 of Intent { act=com.amazon.whisperlink.actview.ui.SELECTION flg=0x8 }
12-12 12:18:16.238   926  1127 V IntentResolver: Action list: [ServiceIntentInfo{4210c360 com.amazon.photos/com.amazon.gallery.thor.whisperplay.ThorWhisperService}, null]
12-12 12:18:16.238   926  1127 V IntentResolver: Matching against filter ServiceIntentInfo{4210c360 com.amazon.photos/com.amazon.gallery.thor.whisperplay.ThorWhisperService}
12-12 12:18:16.238   926  1127 V IntentResolver:   Filter matched!  match=0x108000 hasDefault=false
12-12 12:18:16.238   926  1127 V IntentResolver:     4203c640 com.amazon.photos/com.amazon.gallery.thor.whisperplay.ThorWhisperService filter 4210c360
12-12 12:18:16.238   926  1127 V IntentResolver:     Action: "com.amazon.whisperlink.actview.ui.SELECTION"
12-12 12:18:16.238   926  1127 V IntentResolver:     Action: "com.amazon.whisperlink.actview.ui.DEFAULT_UX"
12-12 12:18:16.238   926  1127 V IntentResolver: Final result list:
12-12 12:18:16.238   926  1127 V IntentResolver:   ResolveInfo{427fd670 com.amazon.photos/com.amazon.gallery.thor.whisperplay.ThorWhisperService m=0x108000}
12-12 12:18:16.298   926  1127 W PackageManager: com.example.snoopy is not installed for user 0
12-12 12:18:16.298   926  1214 W PackageManager: com.example.snoopy is not installed for user 0
12-12 12:18:16.308   926   936 W PackageManager: com.example.snoopy is not installed for user 0
12-12 12:18:16.368   926   926 D BackupManagerService: Received broadcast Intent { act=android.intent.action.PACKAGE_REMOVED dat=xxxx flg=0x4000010 (has extras) }
12-12 12:18:16.368   926   926 V BackupManagerService: removePackageParticipantsLocked: uid=10002 #1
12-12 12:18:16.388  9944  9944 W ContextImpl: Calling a method in the system process without a qualified user: android.app.ContextImpl.startService:1818 android.content.ContextWrapper.startService:529 android.content.ContextWrapper.startService:529 com.android.keychain.KeyChainBroadcastReceiver.onReceive:12 android.app.ActivityThread.handleReceiver:2512 
12-12 12:18:16.388   926  1213 I ActivityManager: Delay finish: com.android.keychain/.KeyChainBroadcastReceiver
12-12 12:18:16.408   926  1745 I ActivityManager: Resuming delayed broadcast
12-12 12:18:16.438   926   959 W Searchables: No web search activity found
12-12 12:18:16.548 10091 10091 D AndroidRuntime: Shutting down VM
12-12 12:18:17.278 10139 10139 D AndroidRuntime: 
12-12 12:18:17.278 10139 10139 D AndroidRuntime: >>>>>> AndroidRuntime START com.android.internal.os.RuntimeInit <<<<<<
12-12 12:18:17.278 10139 10139 D AndroidRuntime: CheckJNI is OFF
12-12 12:18:17.278 10139 10139 D dalvikvm: Good opt header, DEX offset is 64, flags=0x00
12-12 12:18:17.278 10139 10139 D dalvikvm: dalvik-aux-structure mapped at 0x588e0000 with sizes 17456 9068 22916 7820
12-12 12:18:17.278 10139 10139 D dalvikvm: Good opt header, DEX offset is 64, flags=0x00
12-12 12:18:17.278 10139 10139 D dalvikvm: dalvik-aux-structure mapped at 0x588ee000 with sizes 3488 1968 3700 1000
12-12 12:18:17.278 10139 10139 D dalvikvm: Good opt header, DEX offset is 64, flags=0x00
12-12 12:18:17.278 10139 10139 D dalvikvm: dalvik-aux-structure mapped at 0x588f2000 with sizes 1212 1216 2416 256
12-12 12:18:17.278 10139 10139 D dalvikvm: Good opt header, DEX offset is 64, flags=0x00
12-12 12:18:17.278 10139 10139 D dalvikvm: dalvik-aux-structure mapped at 0x588f9000 with sizes 132 296 392 8
12-12 12:18:17.278 10139 10139 D dalvikvm: Good opt header, DEX offset is 64, flags=0x00
12-12 12:18:17.278 10139 10139 D dalvikvm: dalvik-aux-structure mapped at 0x58ab8000 with sizes 8748 4364 7932 3996
12-12 12:18:17.278 10139 10139 D dalvikvm: Good opt header, DEX offset is 64, flags=0x00
12-12 12:18:17.278 10139 10139 D dalvikvm: dalvik-aux-structure mapped at 0x58abf000 with sizes 22496 5184 8544 1804
12-12 12:18:17.278 10139 10139 D dalvikvm: Good opt header, DEX offset is 64, flags=0x00
12-12 12:18:17.278 10139 10139 D dalvikvm: dalvik-aux-structure mapped at 0x59634000 with sizes 56984 26392 103956 34404
12-12 12:18:17.278 10139 10139 D dalvikvm: Good opt header, DEX offset is 64, flags=0x00
12-12 12:18:17.278 10139 10139 D dalvikvm: dalvik-aux-structure mapped at 0x5984f000 with sizes 9456 6512 11508 3328
12-12 12:18:17.278 10139 10139 D dalvikvm: Good opt header, DEX offset is 64, flags=0x00
12-12 12:18:17.278 10139 10139 D dalvikvm: dalvik-aux-structure mapped at 0x599c3000 with sizes 20776 3532 10520 3092
12-12 12:18:17.278 10139 10139 D dalvikvm: Good opt header, DEX offset is 64, flags=0x00
12-12 12:18:17.278 10139 10139 D dalvikvm: dalvik-aux-structure mapped at 0x58ace000 with sizes 1660 956 2388 56
12-12 12:18:17.278 10139 10139 D dalvikvm: Good opt header, DEX offset is 64, flags=0x00
12-12 12:18:17.278 10139 10139 D dalvikvm: dalvik-aux-structure mapped at 0x59a2b000 with sizes 1312 504 800 184
12-12 12:18:17.278 10139 10139 D dalvikvm: Good opt header, DEX offset is 64, flags=0x00
12-12 12:18:17.278 10139 10139 D dalvikvm: dalvik-aux-structure mapped at 0x59a2c000 with sizes 1704 1896 3404 216
12-12 12:18:17.278 10139 10139 D dalvikvm: Good opt header, DEX offset is 64, flags=0x00
12-12 12:18:17.278 10139 10139 D dalvikvm: dalvik-aux-structure mapped at 0x59e70000 with sizes 41708 10740 31748 2024
12-12 12:18:17.278 10139 10139 D dalvikvm: Good opt header, DEX offset is 64, flags=0x00
12-12 12:18:17.278 10139 10139 D dalvikvm: dalvik-aux-structure mapped at 0x59a31000 with sizes 13340 3572 6468 560
12-12 12:18:17.278 10139 10139 D dalvikvm: Good opt header, DEX offset is 64, flags=0x00
12-12 12:18:17.278 10139 10139 D dalvikvm: dalvik-aux-structure mapped at 0x5a0b5000 with sizes 3752 5072 11996 2620
12-12 12:18:17.278 10139 10139 D dalvikvm: Good opt header, DEX offset is 64, flags=0x00
12-12 12:18:17.278 10139 10139 D dalvikvm: dalvik-aux-structure mapped at 0x59a39000 with sizes 864 112 12 8
12-12 12:18:17.278 10139 10139 D dalvikvm: Good opt header, DEX offset is 64, flags=0x00
12-12 12:18:17.278 10139 10139 D dalvikvm: dalvik-aux-structure mapped at 0x59a3b000 with sizes 144 424 416 84
12-12 12:18:17.278 10139 10139 D dalvikvm: Good opt header, DEX offset is 64, flags=0x00
12-12 12:18:17.278 10139 10139 D dalvikvm: dalvik-aux-structure mapped at 0x5a0ce000 with sizes 8 84 20 52
12-12 12:18:17.278 10139 10139 D dalvikvm: Good opt header, DEX offset is 64, flags=0x00
12-12 12:18:17.278 10139 10139 D dalvikvm: dalvik-aux-structure mapped at 0x5a0cf000 with sizes 2300 1284 1900 732
12-12 12:18:17.278 10139 10139 D dalvikvm: Good opt header, DEX offset is 64, flags=0x00
12-12 12:18:17.278 10139 10139 D dalvikvm: dalvik-aux-structure mapped at 0x5a0d2000 with sizes 3104 1556 4388 1468
12-12 12:18:17.278 10139 10139 D dalvikvm: Good opt header, DEX offset is 64, flags=0x00
12-12 12:18:17.278 10139 10139 D dalvikvm: dalvik-aux-structure mapped at 0x5a0d6000 with sizes 2512 2028 2656 348
12-12 12:18:17.278 10139 10139 D dalvikvm: Good opt header, DEX offset is 64, flags=0x00
12-12 12:18:17.288 10139 10139 D dalvikvm: dalvik-aux-structure mapped at 0x5a0d9000 with sizes 244 632 480 120
12-12 12:18:17.288 10139 10139 D dalvikvm: Good opt header, DEX offset is 64, flags=0x00
12-12 12:18:17.288 10139 10139 D dalvikvm: dalvik-aux-structure mapped at 0x5a0dc000 with sizes 44 16 4 16
12-12 12:18:17.288 10139 10139 D dalvikvm: Good opt header, DEX offset is 64, flags=0x00
12-12 12:18:17.288 10139 10139 D dalvikvm: dalvik-aux-structure mapped at 0x5a42d000 with sizes 17456 5180 15016 5508
12-12 12:18:17.288 10139 10139 D dalvikvm: Good opt header, DEX offset is 64, flags=0x00
12-12 12:18:17.288 10139 10139 D dalvikvm: dalvik-aux-structure mapped at 0x5a1c4000 with sizes 17648 1196 1848 1084
12-12 12:18:17.288 10139 10139 D dalvikvm: Good opt header, DEX offset is 64, flags=0x00
12-12 12:18:17.288 10139 10139 D dalvikvm: dalvik-aux-structure mapped at 0x5a65d000 with sizes 5448 6248 17376 5152
12-12 12:18:17.288 10139 10139 D dalvikvm: Good opt header, DEX offset is 64, flags=0x00
12-12 12:18:17.288 10139 10139 D dalvikvm: dalvik-aux-structure mapped at 0x5a1ca000 with sizes 92 272 204 12
12-12 12:18:17.288 10139 10139 D dalvikvm: Good opt header, DEX offset is 64, flags=0x00
12-12 12:18:17.288 10139 10139 D dalvikvm: dalvik-aux-structure mapped at 0x5a66e000 with sizes 368 52 8 52
12-12 12:18:17.288 10139 10139 D dalvikvm: Good opt header, DEX offset is 64, flags=0x00
12-12 12:18:17.288 10139 10139 D dalvikvm: dalvik-aux-structure mapped at 0x5a68b000 with sizes 848 488 512 692
12-12 12:18:17.288 10139 10139 D dalvikvm: Good opt header, DEX offset is 64, flags=0x00
12-12 12:18:17.288 10139 10139 D dalvikvm: dalvik-aux-structure mapped at 0x5a68e000 with sizes 20 36 20 8
12-12 12:18:17.288 10139 10139 D dalvikvm: Good opt header, DEX offset is 64, flags=0x00
12-12 12:18:17.288 10139 10139 D dalvikvm: dalvik-aux-structure mapped at 0x5a697000 with sizes 360 232 320 68
12-12 12:18:17.288 10139 10139 D dalvikvm: Good opt header, DEX offset is 64, flags=0x00
12-12 12:18:17.288 10139 10139 D dalvikvm: dalvik-aux-structure mapped at 0x5a6a7000 with sizes 864 272 320 208
12-12 12:18:17.288 10139 10139 D dalvikvm: Trying to load lib libjavacore.so 0x0
12-12 12:18:17.298 10139 10139 D dalvikvm: Added shared lib libjavacore.so 0x0
12-12 12:18:17.298 10139 10139 D dalvikvm: Trying to load lib libnativehelper.so 0x0
12-12 12:18:17.298 10139 10139 D dalvikvm: Added shared lib libnativehelper.so 0x0
12-12 12:18:17.298 10139 10139 D dalvikvm: No JNI_OnLoad found in libnativehelper.so 0x0, skipping init
12-12 12:18:17.308 10139 10139 D dalvikvm: Good opt header, DEX offset is 64, flags=0x00
12-12 12:18:17.308 10139 10139 D dalvikvm: dalvik-aux-structure mapped at 0x5b90c000 with sizes 936 360 416 20
12-12 12:18:17.338 10139 10139 D dalvikvm: Note: class Landroid/app/ActivityManagerNative; has 179 unimplemented (abstract) methods
12-12 12:18:17.488 10139 10139 D AndroidRuntime: Calling main entry com.android.commands.pm.Pm
12-12 12:18:17.568 10139 10139 D AndroidRuntime: Shutting down VM
12-12 12:18:19.318   259   259 W libEGL  : EGLNativeWindowType 0xb717ebd8 disconnect failed
12-12 12:18:19.918  6286 10167 D Aatp    : /ping
12-12 12:18:20.098  6286 10168 D Aatp    : /wifi
12-12 12:18:20.168  6286 10168 D Aatp    : sha1: 6e7251b941ee912f1642b94e1094afb3a1c0eeb8
12-12 12:18:20.168  6286 10168 D AatpDeviceManager: k: enabled v: False
12-12 12:18:20.168  6286 10168 D AatpDeviceManager: k: NanoHttpd.QUERY_STRING v: enabled=False
12-12 12:18:20.208  6286 10168 D Aatp    : /task/6e7251b941ee912f1642b94e1094afb3a1c0eeb8
12-12 12:18:20.208  6286  6286 D AatpDeviceManager: taskStatus update (6e7251b941ee912f1642b94e1094afb3a1c0eeb8: {"state":1})
12-12 12:18:20.208  6286 10169 D AWSDeviceFarmAndroidLib: WifiLock: release
12-12 12:18:20.208  6286 10169 D AWSDeviceFarmAndroidLib: setWifiEnabled: setting wifi to: true
12-12 12:18:20.208  6286 10169 E WifiManager: Wifi enable=true called by com.amazon.aatp.aatpdevicemanager
12-12 12:18:20.208   926   937 D WifiService: setWifiEnabled: true pid=6286, uid=10000
12-12 12:18:20.218  6286 10169 D AWSDeviceFarmAndroidLib: setWifiEnabled: wifi is: true
12-12 12:18:20.218  6286 10169 E WifiManager: Wifi disconnect called by com.amazon.aatp.aatpdevicemanager
12-12 12:18:20.218   926  1450 I WifiService: [DISCONNECT REQUESTED] 
12-12 12:18:20.338  6915  6915 I wpa_supplicant: wlan0: CTRL-EVENT-DISCONNECTED bssid=a0ab086247a53c685 reason=3 locally_generated=1
12-12 12:18:20.338  6915  6915 I wpa_supplicant: wlan0: CTRL-EVENT-STATE-CHANGE id=0 state=0 BSSID=a0ab086247a53c685 SSID=a351cd847f
12-12 12:18:20.338   926  6924 I WifiMonitor: [Supplicant event:DISCONNECTED]  DATA: [ xxxx]
12-12 12:18:20.338  7173  7177 D abtfilt : WirelessCustomEvent ifIndex=118, eventid=4800
12-12 12:18:20.338  6915  6915 E wpa_supplicant: ath6kl: vif 0 time 1513109719
12-12 12:18:20.338  6915  6915 E wpa_supplicant: bmiss 0 con 1 discon 0
12-12 12:18:20.338  6915  6915 E wpa_supplicant: averssi -55 lrssi 0 roam 1
12-12 12:18:20.338  6915  6915 E wpa_supplicant: ath6kl: antenna config = dual ant. high isolation
12-12 12:18:20.338  6915  6915 E wpa_supplicant: ath6kl: vif 0 time 1513109734
12-12 12:18:20.338  6915  6915 E wpa_supplicant: bmiss 1 con 1 discon 0
12-12 12:18:20.338  6915  6915 E wpa_supplicant: averssi -54 lrssi 0 roam 1
12-12 12:18:20.338  6915  6915 E wpa_supplicant: ath6kl: ath6kl_cfg80211_disconnect:vif=0 reason=3
12-12 12:18:20.338  7173  7177 D abtfilt : WirelessCustomEvent ifIndex=4, eventid=1003
12-12 12:18:20.338  7173  7177 D abtfilt : WMI DISCONNECT: 14
12-12 12:18:20.338  7173  7177 D abtfilt : abfDelConnection : ifId:4 status=0
12-12 12:18:20.338  7173  7177 D abtfilt : <---------Dumping 10 Bytes : AFH Channel Classification Map ------>
12-12 12:18:20.338  7173  7177 D abtfilt : [H]: FF FF FF FF FF FF FF FF FF 7F 
12-12 12:18:20.338  7173  7177 D abtfilt : <------------------------------------------------->
12-12 12:18:20.338  7173  7177 I abtfilt : Waiting for HCI CMD Complete Event, Opcode: 0x0C3F (2000 MS) 
12-12 12:18:20.348  7106  7158 E BTC_COMMON: btc_process_client_command 
12-12 12:18:20.348  7106  7152 D bt_hci_bdroid: signal_event :0x8
12-12 12:18:20.348  7106  7147 D bt_hci_bdroid: bt_hc_worker_thread events : 0x8
12-12 12:18:20.348  7106  7147 D bt_hci_bdroid: bt_hc_worker_thread recvd HC_EVENT_TX
12-12 12:18:20.348  7106  7147 D bt_h4   : hci_h4_send_msg  
12-12 12:18:20.348  7106  7147 D bt_h4   : hci_h4_set_lpm : state : 1, lpm_Ind : 0 
12-12 12:18:20.348  7106  7147 E bt_vendor: lpm mode: 0  action: 2
12-12 12:18:20.348  7106  7147 I bt_vendor: UPIO_BT_WAKE
12-12 12:18:20.358   926   964 D Tethering: InitialState.processMessage what=4
12-12 12:18:20.358   926   964 D Tethering: sendTetherStateChangedBroadcast 0, 0, 0
12-12 12:18:20.378   257   910 D CommandListener: Clearing all IP addresses on wlan0
12-12 12:18:20.378  6286 10171 D Aatp    : /task/6e7251b941ee912f1642b94e1094afb3a1c0eeb8/status
12-12 12:18:20.378   926   993 I WifiStateMachine: [DHCP INFO UPDATED (LinkProperties cleared)]  DATA: [ xxxx]
12-12 12:18:20.388  7106  7147 I bt_vendor: BT_WAKE is set to asserted
12-12 12:18:20.388  7106  7147 I bt_vendor: proc btwrite assertion
12-12 12:18:20.388  7106  7147 D bt_h4   : lpm_start_timer  ,  timer_index : 0
12-12 12:18:20.388  7106  7147 D bt_h4   : lpm_state_machine.lpm_ack_lock :  Aquired
12-12 12:18:20.388   926   991 D RadioPowerPolicy: Wifi disconnected
12-12 12:18:20.388  7106  7157 I bt_h4   : Command complete recvd for wake/sleep command
12-12 12:18:20.388   926   991 I RadioPowerPolicy: Enabling mobile radio only if user preference is enabled(enabled) and airplane mode state is off(off)
12-12 12:18:20.388   926   991 I RadioPowerPolicy: Attempting to turn on Mobile Radio
12-12 12:18:20.388   926   991 I RadioPowerPolicy: Attempt 1: Unable to turn on radio. Trying again in 1000 milliseconds.
12-12 12:18:20.388  7106  7157 I bt_h4   : Stopped the timer: 0
12-12 12:18:20.388  7106  7157 I bt_h4   : Indicating Rx/Tx path to proceed with data transfer
12-12 12:18:20.388  7106  7157 D bt_hci_bdroid: signal_event :0x4
12-12 12:18:20.388   926  1539 I WifiStateMachine: [SUPPLICANT PING STATUS : true] 
12-12 12:18:20.388  7106  7147 I bt_h4   : hci_h4_set_lpm: Received wake-ack from SOC: 1
12-12 12:18:20.388   926   958 W SharedAssetStorage: Launching com.amazon.securitysyncclient (32033) with AMZ_APP_GID
12-12 12:18:20.388  7106  7147 I bt_h4   : Stopped the timer: 0
12-12 12:18:20.388  7106  7147 D bt_h4   : lpm_state_machine.lpm_ack_lock :  released
12-12 12:18:20.388  7106  7147 D bt_h4   : lpm_state_machine.lpm_state_lock :  released
