--------- beginning of /dev/log/main
12-12 12:18:04.218  9728  9728 D AndroidRuntime: 
12-12 12:18:04.218  9728  9728 D AndroidRuntime: >>>>>> AndroidRuntime START com.android.internal.os.RuntimeInit <<<<<<
12-12 12:18:04.218  9728  9728 D AndroidRuntime: CheckJNI is OFF
12-12 12:18:04.218  9728  9728 D dalvikvm: Good opt header, DEX offset is 64, flags=0x00
12-12 12:18:04.218  9728  9728 D dalvikvm: dalvik-aux-structure mapped at 0x5891b000 with sizes 17456 9068 22916 7820
12-12 12:18:04.218  9728  9728 D dalvikvm: Good opt header, DEX offset is 64, flags=0x00
12-12 12:18:04.218  9728  9728 D dalvikvm: dalvik-aux-structure mapped at 0x58929000 with sizes 3488 1968 3700 1000
12-12 12:18:04.218  9728  9728 D dalvikvm: Good opt header, DEX offset is 64, flags=0x00
12-12 12:18:04.218  9728  9728 D dalvikvm: dalvik-aux-structure mapped at 0x5892d000 with sizes 1212 1216 2416 256
12-12 12:18:04.218  9728  9728 D dalvikvm: Good opt header, DEX offset is 64, flags=0x00
12-12 12:18:04.218  9728  9728 D dalvikvm: dalvik-aux-structure mapped at 0x58934000 with sizes 132 296 392 8
12-12 12:18:04.218  9728  9728 D dalvikvm: Good opt header, DEX offset is 64, flags=0x00
12-12 12:18:04.218  9728  9728 D dalvikvm: dalvik-aux-structure mapped at 0x58af3000 with sizes 8748 4364 7932 3996
12-12 12:18:04.218  9728  9728 D dalvikvm: Good opt header, DEX offset is 64, flags=0x00
12-12 12:18:04.218  9728  9728 D dalvikvm: dalvik-aux-structure mapped at 0x58afa000 with sizes 22496 5184 8544 1804
12-12 12:18:04.218  9728  9728 D dalvikvm: Good opt header, DEX offset is 64, flags=0x00
12-12 12:18:04.218  9728  9728 D dalvikvm: dalvik-aux-structure mapped at 0x5966f000 with sizes 56984 26392 103956 34404
12-12 12:18:04.218  9728  9728 D dalvikvm: Good opt header, DEX offset is 64, flags=0x00
12-12 12:18:04.218  9728  9728 D dalvikvm: dalvik-aux-structure mapped at 0x5988a000 with sizes 9456 6512 11508 3328
12-12 12:18:04.218  9728  9728 D dalvikvm: Good opt header, DEX offset is 64, flags=0x00
12-12 12:18:04.218  9728  9728 D dalvikvm: dalvik-aux-structure mapped at 0x599fe000 with sizes 20776 3532 10520 3092
12-12 12:18:04.228  9728  9728 D dalvikvm: Good opt header, DEX offset is 64, flags=0x00
12-12 12:18:04.228  9728  9728 D dalvikvm: dalvik-aux-structure mapped at 0x58b09000 with sizes 1660 956 2388 56
12-12 12:18:04.228  9728  9728 D dalvikvm: Good opt header, DEX offset is 64, flags=0x00
12-12 12:18:04.228  9728  9728 D dalvikvm: dalvik-aux-structure mapped at 0x59a66000 with sizes 1312 504 800 184
12-12 12:18:04.228  9728  9728 D dalvikvm: Good opt header, DEX offset is 64, flags=0x00
12-12 12:18:04.228  9728  9728 D dalvikvm: dalvik-aux-structure mapped at 0x59a67000 with sizes 1704 1896 3404 216
12-12 12:18:04.228  9728  9728 D dalvikvm: Good opt header, DEX offset is 64, flags=0x00
12-12 12:18:04.228  9728  9728 D dalvikvm: dalvik-aux-structure mapped at 0x59eab000 with sizes 41708 10740 31748 2024
12-12 12:18:04.228  9728  9728 D dalvikvm: Good opt header, DEX offset is 64, flags=0x00
12-12 12:18:04.228  9728  9728 D dalvikvm: dalvik-aux-structure mapped at 0x59a6c000 with sizes 13340 3572 6468 560
12-12 12:18:04.228  9728  9728 D dalvikvm: Good opt header, DEX offset is 64, flags=0x00
12-12 12:18:04.228  9728  9728 D dalvikvm: dalvik-aux-structure mapped at 0x5a0f0000 with sizes 3752 5072 11996 2620
12-12 12:18:04.228  9728  9728 D dalvikvm: Good opt header, DEX offset is 64, flags=0x00
12-12 12:18:04.228  9728  9728 D dalvikvm: dalvik-aux-structure mapped at 0x59a74000 with sizes 864 112 12 8
12-12 12:18:04.228  9728  9728 D dalvikvm: Good opt header, DEX offset is 64, flags=0x00
12-12 12:18:04.228  9728  9728 D dalvikvm: dalvik-aux-structure mapped at 0x59a76000 with sizes 144 424 416 84
12-12 12:18:04.228  9728  9728 D dalvikvm: Good opt header, DEX offset is 64, flags=0x00
12-12 12:18:04.228  9728  9728 D dalvikvm: dalvik-aux-structure mapped at 0x5a109000 with sizes 8 84 20 52
12-12 12:18:04.228  9728  9728 D dalvikvm: Good opt header, DEX offset is 64, flags=0x00
12-12 12:18:04.228  9728  9728 D dalvikvm: dalvik-aux-structure mapped at 0x5a10a000 with sizes 2300 1284 1900 732
12-12 12:18:04.228  9728  9728 D dalvikvm: Good opt header, DEX offset is 64, flags=0x00
12-12 12:18:04.228  9728  9728 D dalvikvm: dalvik-aux-structure mapped at 0x5a10d000 with sizes 3104 1556 4388 1468
12-12 12:18:04.228  9728  9728 D dalvikvm: Good opt header, DEX offset is 64, flags=0x00
12-12 12:18:04.228  9728  9728 D dalvikvm: dalvik-aux-structure mapped at 0x5a111000 with sizes 2512 2028 2656 348
12-12 12:18:04.228  9728  9728 D dalvikvm: Good opt header, DEX offset is 64, flags=0x00
12-12 12:18:04.228  9728  9728 D dalvikvm: dalvik-aux-structure mapped at 0x5a114000 with sizes 244 632 480 120
12-12 12:18:04.228  9728  9728 D dalvikvm: Good opt header, DEX offset is 64, flags=0x00
12-12 12:18:04.228  9728  9728 D dalvikvm: dalvik-aux-structure mapped at 0x5a117000 with sizes 44 16 4 16
12-12 12:18:04.228  9728  9728 D dalvikvm: Good opt header, DEX offset is 64, flags=0x00
12-12 12:18:04.228  9728  9728 D dalvikvm: dalvik-aux-structure mapped at 0x5a468000 with sizes 17456 5180 15016 5508
12-12 12:18:04.228  9728  9728 D dalvikvm: Good opt header, DEX offset is 64, flags=0x00
12-12 12:18:04.228  9728  9728 D dalvikvm: dalvik-aux-structure mapped at 0x5a1ff000 with sizes 17648 1196 1848 1084
12-12 12:18:04.228  9728  9728 D dalvikvm: Good opt header, DEX offset is 64, flags=0x00
12-12 12:18:04.228  9728  9728 D dalvikvm: dalvik-aux-structure mapped at 0x5a698000 with sizes 5448 6248 17376 5152
12-12 12:18:04.228  9728  9728 D dalvikvm: Good opt header, DEX offset is 64, flags=0x00
12-12 12:18:04.228  9728  9728 D dalvikvm: dalvik-aux-structure mapped at 0x5a205000 with sizes 92 272 204 12
12-12 12:18:04.228  9728  9728 D dalvikvm: Good opt header, DEX offset is 64, flags=0x00
12-12 12:18:04.238  9728  9728 D dalvikvm: dalvik-aux-structure mapped at 0x5a6a9000 with sizes 368 52 8 52
12-12 12:18:04.238  9728  9728 D dalvikvm: Good opt header, DEX offset is 64, flags=0x00
12-12 12:18:04.238  9728  9728 D dalvikvm: dalvik-aux-structure mapped at 0x5a6c6000 with sizes 848 488 512 692
12-12 12:18:04.238  9728  9728 D dalvikvm: Good opt header, DEX offset is 64, flags=0x00
12-12 12:18:04.238  9728  9728 D dalvikvm: dalvik-aux-structure mapped at 0x5a6c9000 with sizes 20 36 20 8
12-12 12:18:04.238  9728  9728 D dalvikvm: Good opt header, DEX offset is 64, flags=0x00
12-12 12:18:04.238  9728  9728 D dalvikvm: dalvik-aux-structure mapped at 0x5a6d2000 with sizes 360 232 320 68
12-12 12:18:04.238  9728  9728 D dalvikvm: Good opt header, DEX offset is 64, flags=0x00
12-12 12:18:04.238  9728  9728 D dalvikvm: dalvik-aux-structure mapped at 0x5a6e2000 with sizes 864 272 320 208
12-12 12:18:04.238  9728  9728 D dalvikvm: Trying to load lib libjavacore.so 0x0
12-12 12:18:04.238  9728  9728 D dalvikvm: Added shared lib libjavacore.so 0x0
12-12 12:18:04.248  9728  9728 D dalvikvm: Trying to load lib libnativehelper.so 0x0
12-12 12:18:04.248  9728  9728 D dalvikvm: Added shared lib libnativehelper.so 0x0
12-12 12:18:04.248  9728  9728 D dalvikvm: No JNI_OnLoad found in libnativehelper.so 0x0, skipping init
12-12 12:18:04.258  9728  9728 D dalvikvm: Good opt header, DEX offset is 64, flags=0x00
12-12 12:18:04.258  9728  9728 D dalvikvm: dalvik-aux-structure mapped at 0x5b949000 with sizes 912 344 448 12
12-12 12:18:04.278  9728  9728 D dalvikvm: Note: class Landroid/app/ActivityManagerNative; has 179 unimplemented (abstract) methods
12-12 12:18:04.398  9728  9728 D AndroidRuntime: Calling main entry com.android.commands.am.Am
--------- beginning of /dev/log/system
12-12 12:18:04.408   926  1214 I ActivityManager: Force stopping com.example.snoopy appid=10002 user=0: start instr
12-12 12:18:04.428  9744  9744 D dalvikvm: Late-enabling CheckJNI
12-12 12:18:04.428   926  1214 I ActivityManager: Start proc com.example.snoopy for added application com.example.snoopy: pid=9744 uid=10002 gids={50002, 3003, 1028, 1015}
12-12 12:18:04.518  9744  9744 D dalvikvm: Good opt header, DEX offset is 64, flags=0x00
12-12 12:18:04.518  9744  9744 D dalvikvm: dalvik-aux-structure mapped at 0x60599000 with sizes 1044 1456 1664 116
12-12 12:18:04.538  9744  9744 D dalvikvm: Good opt header, DEX offset is 64, flags=0x00
12-12 12:18:04.538  9744  9744 D dalvikvm: dalvik-aux-structure mapped at 0x6059c000 with sizes 5164 2636 5256 1292
12-12 12:18:04.538  9744  9744 D dalvikvm: Good opt header, DEX offset is 64, flags=0x00
12-12 12:18:04.538  9744  9744 D dalvikvm: dalvik-aux-structure mapped at 0x60ad1000 with sizes 17256 15772 38280 8156
12-12 12:18:04.538  9744  9744 D dalvikvm: Good opt header, DEX offset is 64, flags=0x00
12-12 12:18:04.538  9744  9744 D dalvikvm: dalvik-aux-structure mapped at 0x605a4000 with sizes 752 564 744 248
12-12 12:18:04.538  9744  9744 D dalvikvm: Good opt header, DEX offset is 64, flags=0x00
12-12 12:18:04.538  9744  9744 D dalvikvm: dalvik-aux-structure mapped at 0x60669000 with sizes 80 112 108 44
12-12 12:18:04.598  9744  9744 I System.out: EMMA: collecting runtime coverage data ...
12-12 12:18:04.598  9744  9744 D ProfileManager: Create ProfileManager instance
12-12 12:18:04.608  9744  9744 I dalvikvm: Could not find method android.content.pm.PackageManager.getPackageInstaller, referenced from method com.google.android.gms.common.zzo.zzx
12-12 12:18:04.608  9744  9744 W dalvikvm: VFY: unable to resolve virtual method 4346: Landroid/content/pm/PackageManager;.getPackageInstaller ()Landroid/content/pm/PackageInstaller;
12-12 12:18:04.608  9744  9744 D dalvikvm: VFY: replacing opcode 0x6e at 0x0013
12-12 12:18:04.608  9744  9744 I dalvikvm: Could not find method android.content.Context.getNoBackupFilesDir, referenced from method com.google.android.gms.common.util.zzu.getNoBackupFilesDir
12-12 12:18:04.618  9744  9744 W dalvikvm: VFY: unable to resolve virtual method 863: Landroid/content/Context;.getNoBackupFilesDir ()Ljava/io/File;
12-12 12:18:04.618  9744  9744 D dalvikvm: VFY: replacing opcode 0x6e at 0x0006
12-12 12:18:04.618  9744  9744 W InstanceID/Rpc: Failed to resolve IID implementation package, falling back
12-12 12:18:04.618   926  1236 W PackageManager: com.google.android.gms is not installed for user 0
12-12 12:18:04.618   926  1004 W PackageManager: com.google.android.gsf is not installed for user 0
12-12 12:18:04.618  9744  9744 W InstanceID/Rpc: Google Play services is missing, unable to get tokens
12-12 12:18:04.618  9744  9744 D FirebaseApp: com.google.firebase.crash.FirebaseCrash is not linked. Skipping initialization.
12-12 12:18:04.618  9744  9757 W DynamiteModule: Local module descriptor class for com.google.firebase.auth not found.
12-12 12:18:04.618  9744  9757 I dalvikvm: Could not find method android.content.pm.PackageManager.isInstantApp, referenced from method com.google.android.gms.internal.zzbec.zzalq
12-12 12:18:04.618  9744  9757 W dalvikvm: VFY: unable to resolve virtual method 4531: Landroid/content/pm/PackageManager;.isInstantApp (Ljava/lang/String;)Z
12-12 12:18:04.618  9744  9757 D dalvikvm: VFY: replacing opcode 0x6e at 0x002d
12-12 12:18:04.618  9744  9757 W GooglePlayServicesUtil: Google Play Store is missing.
12-12 12:18:04.628  9744  9744 I FA      : App measurement is starting up, version: 11400
12-12 12:18:04.628  9744  9744 I FA      : To enable debug logging run: adb shell setprop log.tag.FA VERBOSE
12-12 12:18:04.628  9744  9744 I dalvikvm: Could not find method android.content.pm.PackageManager.isInstantApp, referenced from method com.google.android.gms.internal.zzbeb.zzcp
12-12 12:18:04.628  9744  9744 W dalvikvm: VFY: unable to resolve virtual method 4523: Landroid/content/pm/PackageManager;.isInstantApp ()Z
12-12 12:18:04.628  9744  9744 D dalvikvm: VFY: replacing opcode 0x6e at 0x0028
12-12 12:18:04.628  9744  9744 I FA      : To enable faster debug mode event logging run:
12-12 12:18:04.628  9744  9744 I FA      :   adb shell setprop debug.firebase.analytics.app com.example.snoopy
12-12 12:18:04.638  9744  9744 E dalvikvm: Could not find class 'android.app.job.JobScheduler', referenced from method com.google.android.gms.internal.zzcfr.zzazv
12-12 12:18:04.638  9744  9744 W dalvikvm: VFY: unable to resolve check-cast 64 (Landroid/app/job/JobScheduler;) in Lcom/google/android/gms/internal/zzcfr;
12-12 12:18:04.638  9744  9744 D dalvikvm: VFY: replacing opcode 0x1f at 0x000b
12-12 12:18:04.638  9744  9744 E dalvikvm: Could not find class 'android.app.job.JobScheduler', referenced from method com.google.android.gms.internal.zzcfr.zzs
12-12 12:18:04.638  9744  9744 W dalvikvm: VFY: unable to resolve check-cast 64 (Landroid/app/job/JobScheduler;) in Lcom/google/android/gms/internal/zzcfr;
12-12 12:18:04.638  9744  9744 D dalvikvm: VFY: replacing opcode 0x1f at 0x0098
12-12 12:18:04.638  9744  9744 D dalvikvm: DexOpt: unable to opt direct call 0x2262 at 0xa0 in Lcom/google/android/gms/internal/zzcfr;.zzs
12-12 12:18:04.638  9744  9744 D dalvikvm: DexOpt: unable to opt direct call 0x2265 at 0xae in Lcom/google/android/gms/internal/zzcfr;.zzs
12-12 12:18:04.638  9744  9744 I FirebaseInitProvider: FirebaseApp initialization successful
12-12 12:18:04.638  9744  9761 W dalvikvm: VFY: unable to find class referenced in signature (Landroid/app/job/JobParameters;)
12-12 12:18:04.638  9744  9761 W dalvikvm: VFY: unable to find class referenced in signature (Landroid/app/job/JobParameters;)
12-12 12:18:04.638  9744  9761 W dalvikvm: VFY: unable to find class referenced in signature (Landroid/app/job/JobParameters;)
12-12 12:18:04.638  9744  9761 W dalvikvm: VFY: unable to find class referenced in signature (Landroid/app/job/JobParameters;)
12-12 12:18:04.638  9744  9761 I dalvikvm: Could not find method android.app.job.JobParameters.getExtras, referenced from method com.google.android.gms.internal.zzcfh.onStartJob
12-12 12:18:04.638  9744  9761 W dalvikvm: VFY: unable to resolve virtual method 4778: Landroid/app/job/JobParameters;.getExtras ()Landroid/os/PersistableBundle;
12-12 12:18:04.638  9744  9761 D dalvikvm: VFY: replacing opcode 0x6e at 0x000a
12-12 12:18:04.648  9744  9762 I TestRunner: started: rmInternalFiles(com.trellis.AUTUtils)
12-12 12:18:04.658  9744  9744 W ResourceType: No package identifier when getting value for resource number 0x00000000
12-12 12:18:04.658  9744  9744 I Dispatch: No dispatch information file found
12-12 12:18:04.678  9744  9761 I FA      : This instance being marked as an uploader
12-12 12:18:04.698  9744  9762 I TestRunner: finished: rmInternalFiles(com.trellis.AUTUtils)
12-12 12:18:04.698  9744  9762 I TestRunner: passed: rmInternalFiles(com.trellis.AUTUtils)
12-12 12:18:04.698  9728  9728 D AndroidRuntime: Shutting down VM
12-12 12:18:04.918   926  1344 I ActivityManager: Force stopping com.example.snoopy appid=10002 user=0: finished inst
12-12 12:18:04.918   926  1344 I ActivityManager: Killing 9744:com.example.snoopy/u0a2 (adj 0): stop com.example.snoopy
12-12 12:18:04.918   926  1344 W ActivityManager: Service ServiceRecord{4255f1d8 u0 com.example.snoopy/com.google.android.gms.measurement.AppMeasurementService} in process ProcessRecord{4234b018 9744:com.example.snoopy/u0a2} not same as in map: null
12-12 12:18:05.458  9766  9766 D AndroidRuntime: 
12-12 12:18:05.458  9766  9766 D AndroidRuntime: >>>>>> AndroidRuntime START com.android.internal.os.RuntimeInit <<<<<<
12-12 12:18:05.458  9766  9766 D AndroidRuntime: CheckJNI is OFF
12-12 12:18:05.458  9766  9766 D dalvikvm: Good opt header, DEX offset is 64, flags=0x00
12-12 12:18:05.458  9766  9766 D dalvikvm: dalvik-aux-structure mapped at 0x5895d000 with sizes 17456 9068 22916 7820
12-12 12:18:05.458  9766  9766 D dalvikvm: Good opt header, DEX offset is 64, flags=0x00
12-12 12:18:05.458  9766  9766 D dalvikvm: dalvik-aux-structure mapped at 0x5896b000 with sizes 3488 1968 3700 1000
12-12 12:18:05.458  9766  9766 D dalvikvm: Good opt header, DEX offset is 64, flags=0x00
12-12 12:18:05.458  9766  9766 D dalvikvm: dalvik-aux-structure mapped at 0x5896f000 with sizes 1212 1216 2416 256
12-12 12:18:05.458  9766  9766 D dalvikvm: Good opt header, DEX offset is 64, flags=0x00
12-12 12:18:05.458  9766  9766 D dalvikvm: dalvik-aux-structure mapped at 0x58976000 with sizes 132 296 392 8
12-12 12:18:05.458  9766  9766 D dalvikvm: Good opt header, DEX offset is 64, flags=0x00
12-12 12:18:05.458  9766  9766 D dalvikvm: dalvik-aux-structure mapped at 0x58b35000 with sizes 8748 4364 7932 3996
12-12 12:18:05.458  9766  9766 D dalvikvm: Good opt header, DEX offset is 64, flags=0x00
12-12 12:18:05.458  9766  9766 D dalvikvm: dalvik-aux-structure mapped at 0x58b3c000 with sizes 22496 5184 8544 1804
12-12 12:18:05.468  9766  9766 D dalvikvm: Good opt header, DEX offset is 64, flags=0x00
12-12 12:18:05.468  9766  9766 D dalvikvm: dalvik-aux-structure mapped at 0x596b1000 with sizes 56984 26392 103956 34404
12-12 12:18:05.468  9766  9766 D dalvikvm: Good opt header, DEX offset is 64, flags=0x00
12-12 12:18:05.468  9766  9766 D dalvikvm: dalvik-aux-structure mapped at 0x598cc000 with sizes 9456 6512 11508 3328
12-12 12:18:05.468  9766  9766 D dalvikvm: Good opt header, DEX offset is 64, flags=0x00
12-12 12:18:05.468  9766  9766 D dalvikvm: dalvik-aux-structure mapped at 0x59a40000 with sizes 20776 3532 10520 3092
12-12 12:18:05.468  9766  9766 D dalvikvm: Good opt header, DEX offset is 64, flags=0x00
12-12 12:18:05.468  9766  9766 D dalvikvm: dalvik-aux-structure mapped at 0x58b4b000 with sizes 1660 956 2388 56
12-12 12:18:05.468  9766  9766 D dalvikvm: Good opt header, DEX offset is 64, flags=0x00
12-12 12:18:05.468  9766  9766 D dalvikvm: dalvik-aux-structure mapped at 0x59aa8000 with sizes 1312 504 800 184
12-12 12:18:05.468  9766  9766 D dalvikvm: Good opt header, DEX offset is 64, flags=0x00
12-12 12:18:05.468  9766  9766 D dalvikvm: dalvik-aux-structure mapped at 0x59aa9000 with sizes 1704 1896 3404 216
12-12 12:18:05.468  9766  9766 D dalvikvm: Good opt header, DEX offset is 64, flags=0x00
12-12 12:18:05.468  9766  9766 D dalvikvm: dalvik-aux-structure mapped at 0x59eed000 with sizes 41708 10740 31748 2024
12-12 12:18:05.468  9766  9766 D dalvikvm: Good opt header, DEX offset is 64, flags=0x00
12-12 12:18:05.468  9766  9766 D dalvikvm: dalvik-aux-structure mapped at 0x59aae000 with sizes 13340 3572 6468 560
12-12 12:18:05.468  9766  9766 D dalvikvm: Good opt header, DEX offset is 64, flags=0x00
12-12 12:18:05.468  9766  9766 D dalvikvm: dalvik-aux-structure mapped at 0x5a132000 with sizes 3752 5072 11996 2620
12-12 12:18:05.468  9766  9766 D dalvikvm: Good opt header, DEX offset is 64, flags=0x00
12-12 12:18:05.468  9766  9766 D dalvikvm: dalvik-aux-structure mapped at 0x59ab6000 with sizes 864 112 12 8
12-12 12:18:05.468  9766  9766 D dalvikvm: Good opt header, DEX offset is 64, flags=0x00
12-12 12:18:05.468  9766  9766 D dalvikvm: dalvik-aux-structure mapped at 0x59ab8000 with sizes 144 424 416 84
12-12 12:18:05.468  9766  9766 D dalvikvm: Good opt header, DEX offset is 64, flags=0x00
12-12 12:18:05.468  9766  9766 D dalvikvm: dalvik-aux-structure mapped at 0x5a14b000 with sizes 8 84 20 52
12-12 12:18:05.468  9766  9766 D dalvikvm: Good opt header, DEX offset is 64, flags=0x00
12-12 12:18:05.468  9766  9766 D dalvikvm: dalvik-aux-structure mapped at 0x5a14c000 with sizes 2300 1284 1900 732
12-12 12:18:05.468  9766  9766 D dalvikvm: Good opt header, DEX offset is 64, flags=0x00
12-12 12:18:05.468  9766  9766 D dalvikvm: dalvik-aux-structure mapped at 0x5a14f000 with sizes 3104 1556 4388 1468
12-12 12:18:05.468  9766  9766 D dalvikvm: Good opt header, DEX offset is 64, flags=0x00
12-12 12:18:05.468  9766  9766 D dalvikvm: dalvik-aux-structure mapped at 0x5a153000 with sizes 2512 2028 2656 348
12-12 12:18:05.468  9766  9766 D dalvikvm: Good opt header, DEX offset is 64, flags=0x00
12-12 12:18:05.468  9766  9766 D dalvikvm: dalvik-aux-structure mapped at 0x5a156000 with sizes 244 632 480 120
12-12 12:18:05.468  9766  9766 D dalvikvm: Good opt header, DEX offset is 64, flags=0x00
12-12 12:18:05.468  9766  9766 D dalvikvm: dalvik-aux-structure mapped at 0x5a159000 with sizes 44 16 4 16
12-12 12:18:05.468  9766  9766 D dalvikvm: Good opt header, DEX offset is 64, flags=0x00
12-12 12:18:05.468  9766  9766 D dalvikvm: dalvik-aux-structure mapped at 0x5a4aa000 with sizes 17456 5180 15016 5508
12-12 12:18:05.468  9766  9766 D dalvikvm: Good opt header, DEX offset is 64, flags=0x00
12-12 12:18:05.468  9766  9766 D dalvikvm: dalvik-aux-structure mapped at 0x5a241000 with sizes 17648 1196 1848 1084
12-12 12:18:05.468  9766  9766 D dalvikvm: Good opt header, DEX offset is 64, flags=0x00
12-12 12:18:05.468  9766  9766 D dalvikvm: dalvik-aux-structure mapped at 0x5a6da000 with sizes 5448 6248 17376 5152
12-12 12:18:05.468  9766  9766 D dalvikvm: Good opt header, DEX offset is 64, flags=0x00
12-12 12:18:05.468  9766  9766 D dalvikvm: dalvik-aux-structure mapped at 0x5a247000 with sizes 92 272 204 12
12-12 12:18:05.468  9766  9766 D dalvikvm: Good opt header, DEX offset is 64, flags=0x00
12-12 12:18:05.468  9766  9766 D dalvikvm: dalvik-aux-structure mapped at 0x5a6eb000 with sizes 368 52 8 52
12-12 12:18:05.468  9766  9766 D dalvikvm: Good opt header, DEX offset is 64, flags=0x00
12-12 12:18:05.468  9766  9766 D dalvikvm: dalvik-aux-structure mapped at 0x5a708000 with sizes 848 488 512 692
12-12 12:18:05.478  9766  9766 D dalvikvm: Good opt header, DEX offset is 64, flags=0x00
12-12 12:18:05.478  9766  9766 D dalvikvm: dalvik-aux-structure mapped at 0x5a70b000 with sizes 20 36 20 8
12-12 12:18:05.478  9766  9766 D dalvikvm: Good opt header, DEX offset is 64, flags=0x00
12-12 12:18:05.478  9766  9766 D dalvikvm: dalvik-aux-structure mapped at 0x5a714000 with sizes 360 232 320 68
12-12 12:18:05.478  9766  9766 D dalvikvm: Good opt header, DEX offset is 64, flags=0x00
12-12 12:18:05.478  9766  9766 D dalvikvm: dalvik-aux-structure mapped at 0x5a724000 with sizes 864 272 320 208
12-12 12:18:05.478  9766  9766 D dalvikvm: Trying to load lib libjavacore.so 0x0
12-12 12:18:05.478  9766  9766 D dalvikvm: Added shared lib libjavacore.so 0x0
12-12 12:18:05.478  9766  9766 D dalvikvm: Trying to load lib libnativehelper.so 0x0
12-12 12:18:05.478  9766  9766 D dalvikvm: Added shared lib libnativehelper.so 0x0
12-12 12:18:05.478  9766  9766 D dalvikvm: No JNI_OnLoad found in libnativehelper.so 0x0, skipping init
12-12 12:18:05.488  9766  9766 D dalvikvm: Good opt header, DEX offset is 64, flags=0x00
12-12 12:18:05.488  9766  9766 D dalvikvm: dalvik-aux-structure mapped at 0x5b98b000 with sizes 912 344 448 12
12-12 12:18:05.518  9766  9766 D dalvikvm: Note: class Landroid/app/ActivityManagerNative; has 179 unimplemented (abstract) methods
12-12 12:18:05.638  9766  9766 D AndroidRuntime: Calling main entry com.android.commands.am.Am
12-12 12:18:05.638  9766  9766 D AndroidRuntime: Shutting down VM
12-12 12:18:05.638   926   959 W Settings: Setting default_input_method has moved from android.provider.Settings.Secure to android.provider.Settings.Global.
12-12 12:18:05.638   926  1450 I ActivityManager: Force stopping com.trellis appid=10003 user=0: from pid 9766
12-12 12:18:06.358  9787  9787 D AndroidRuntime: 
12-12 12:18:06.358  9787  9787 D AndroidRuntime: >>>>>> AndroidRuntime START com.android.internal.os.RuntimeInit <<<<<<
12-12 12:18:06.368  9787  9787 D AndroidRuntime: CheckJNI is OFF
12-12 12:18:06.368  9787  9787 D dalvikvm: Good opt header, DEX offset is 64, flags=0x00
12-12 12:18:06.368  9787  9787 D dalvikvm: dalvik-aux-structure mapped at 0x41ec5000 with sizes 17456 9068 22916 7820
12-12 12:18:06.368  9787  9787 D dalvikvm: Good opt header, DEX offset is 64, flags=0x00
12-12 12:18:06.368  9787  9787 D dalvikvm: dalvik-aux-structure mapped at 0x41ed3000 with sizes 3488 1968 3700 1000
12-12 12:18:06.368  9787  9787 D dalvikvm: Good opt header, DEX offset is 64, flags=0x00
12-12 12:18:06.368  9787  9787 D dalvikvm: dalvik-aux-structure mapped at 0x41ed7000 with sizes 1212 1216 2416 256
12-12 12:18:06.368  9787  9787 D dalvikvm: Good opt header, DEX offset is 64, flags=0x00
12-12 12:18:06.368  9787  9787 D dalvikvm: dalvik-aux-structure mapped at 0x41ede000 with sizes 132 296 392 8
12-12 12:18:06.368  9787  9787 D dalvikvm: Good opt header, DEX offset is 64, flags=0x00
12-12 12:18:06.368  9787  9787 D dalvikvm: dalvik-aux-structure mapped at 0x41eec000 with sizes 8748 4364 7932 3996
12-12 12:18:06.368  9787  9787 D dalvikvm: Good opt header, DEX offset is 64, flags=0x00
12-12 12:18:06.368  9787  9787 D dalvikvm: dalvik-aux-structure mapped at 0x58b38000 with sizes 22496 5184 8544 1804
12-12 12:18:06.368  9787  9787 D dalvikvm: Good opt header, DEX offset is 64, flags=0x00
12-12 12:18:06.368  9787  9787 D dalvikvm: dalvik-aux-structure mapped at 0x596ad000 with sizes 56984 26392 103956 34404
12-12 12:18:06.368  9787  9787 D dalvikvm: Good opt header, DEX offset is 64, flags=0x00
12-12 12:18:06.368  9787  9787 D dalvikvm: dalvik-aux-structure mapped at 0x41ef4000 with sizes 9456 6512 11508 3328
12-12 12:18:06.368  9787  9787 D dalvikvm: Good opt header, DEX offset is 64, flags=0x00
12-12 12:18:06.368  9787  9787 D dalvikvm: dalvik-aux-structure mapped at 0x59a34000 with sizes 20776 3532 10520 3092
12-12 12:18:06.368  9787  9787 D dalvikvm: Good opt header, DEX offset is 64, flags=0x00
12-12 12:18:06.368  9787  9787 D dalvikvm: dalvik-aux-structure mapped at 0x58b46000 with sizes 1660 956 2388 56
12-12 12:18:06.368  9787  9787 D dalvikvm: Good opt header, DEX offset is 64, flags=0x00
12-12 12:18:06.368  9787  9787 D dalvikvm: dalvik-aux-structure mapped at 0x59a9b000 with sizes 1312 504 800 184
12-12 12:18:06.368  9787  9787 D dalvikvm: Good opt header, DEX offset is 64, flags=0x00
12-12 12:18:06.368  9787  9787 D dalvikvm: dalvik-aux-structure mapped at 0x59a9c000 with sizes 1704 1896 3404 216
12-12 12:18:06.368  9787  9787 D dalvikvm: Good opt header, DEX offset is 64, flags=0x00
12-12 12:18:06.368  9787  9787 D dalvikvm: dalvik-aux-structure mapped at 0x59ee0000 with sizes 41708 10740 31748 2024
12-12 12:18:06.368  9787  9787 D dalvikvm: Good opt header, DEX offset is 64, flags=0x00
12-12 12:18:06.368  9787  9787 D dalvikvm: dalvik-aux-structure mapped at 0x59aa1000 with sizes 13340 3572 6468 560
12-12 12:18:06.368  9787  9787 D dalvikvm: Good opt header, DEX offset is 64, flags=0x00
12-12 12:18:06.368  9787  9787 D dalvikvm: dalvik-aux-structure mapped at 0x5a125000 with sizes 3752 5072 11996 2620
12-12 12:18:06.368  9787  9787 D dalvikvm: Good opt header, DEX offset is 64, flags=0x00
12-12 12:18:06.368  9787  9787 D dalvikvm: dalvik-aux-structure mapped at 0x59aa9000 with sizes 864 112 12 8
12-12 12:18:06.368  9787  9787 D dalvikvm: Good opt header, DEX offset is 64, flags=0x00
12-12 12:18:06.368  9787  9787 D dalvikvm: dalvik-aux-structure mapped at 0x59aab000 with sizes 144 424 416 84
12-12 12:18:06.368  9787  9787 D dalvikvm: Good opt header, DEX offset is 64, flags=0x00
12-12 12:18:06.368  9787  9787 D dalvikvm: dalvik-aux-structure mapped at 0x5a13e000 with sizes 8 84 20 52
12-12 12:18:06.378  9787  9787 D dalvikvm: Good opt header, DEX offset is 64, flags=0x00
12-12 12:18:06.378  9787  9787 D dalvikvm: dalvik-aux-structure mapped at 0x5a13f000 with sizes 2300 1284 1900 732
12-12 12:18:06.378  9787  9787 D dalvikvm: Good opt header, DEX offset is 64, flags=0x00
12-12 12:18:06.378  9787  9787 D dalvikvm: dalvik-aux-structure mapped at 0x5a142000 with sizes 3104 1556 4388 1468
12-12 12:18:06.378  9787  9787 D dalvikvm: Good opt header, DEX offset is 64, flags=0x00
12-12 12:18:06.378  9787  9787 D dalvikvm: dalvik-aux-structure mapped at 0x5a146000 with sizes 2512 2028 2656 348
12-12 12:18:06.378  9787  9787 D dalvikvm: Good opt header, DEX offset is 64, flags=0x00
12-12 12:18:06.378  9787  9787 D dalvikvm: dalvik-aux-structure mapped at 0x5a149000 with sizes 244 632 480 120
12-12 12:18:06.378  9787  9787 D dalvikvm: Good opt header, DEX offset is 64, flags=0x00
12-12 12:18:06.378  9787  9787 D dalvikvm: dalvik-aux-structure mapped at 0x5a14c000 with sizes 44 16 4 16
12-12 12:18:06.378  9787  9787 D dalvikvm: Good opt header, DEX offset is 64, flags=0x00
12-12 12:18:06.378  9787  9787 D dalvikvm: dalvik-aux-structure mapped at 0x5a49d000 with sizes 17456 5180 15016 5508
12-12 12:18:06.378  9787  9787 D dalvikvm: Good opt header, DEX offset is 64, flags=0x00
12-12 12:18:06.378  9787  9787 D dalvikvm: dalvik-aux-structure mapped at 0x5a234000 with sizes 17648 1196 1848 1084
12-12 12:18:06.378  9787  9787 D dalvikvm: Good opt header, DEX offset is 64, flags=0x00
12-12 12:18:06.378  9787  9787 D dalvikvm: dalvik-aux-structure mapped at 0x5a6cd000 with sizes 5448 6248 17376 5152
12-12 12:18:06.378  9787  9787 D dalvikvm: Good opt header, DEX offset is 64, flags=0x00
12-12 12:18:06.378  9787  9787 D dalvikvm: dalvik-aux-structure mapped at 0x5a23a000 with sizes 92 272 204 12
12-12 12:18:06.378  9787  9787 D dalvikvm: Good opt header, DEX offset is 64, flags=0x00
12-12 12:18:06.378  9787  9787 D dalvikvm: dalvik-aux-structure mapped at 0x5a6de000 with sizes 368 52 8 52
12-12 12:18:06.378  9787  9787 D dalvikvm: Good opt header, DEX offset is 64, flags=0x00
12-12 12:18:06.378  9787  9787 D dalvikvm: dalvik-aux-structure mapped at 0x5a6fb000 with sizes 848 488 512 692
12-12 12:18:06.378  9787  9787 D dalvikvm: Good opt header, DEX offset is 64, flags=0x00
12-12 12:18:06.378  9787  9787 D dalvikvm: dalvik-aux-structure mapped at 0x5a6fe000 with sizes 20 36 20 8
12-12 12:18:06.378  9787  9787 D dalvikvm: Good opt header, DEX offset is 64, flags=0x00
12-12 12:18:06.378  9787  9787 D dalvikvm: dalvik-aux-structure mapped at 0x5a707000 with sizes 360 232 320 68
12-12 12:18:06.378  9787  9787 D dalvikvm: Good opt header, DEX offset is 64, flags=0x00
12-12 12:18:06.378  9787  9787 D dalvikvm: dalvik-aux-structure mapped at 0x5a717000 with sizes 864 272 320 208
12-12 12:18:06.378  9787  9787 D dalvikvm: Trying to load lib libjavacore.so 0x0
12-12 12:18:06.388  9787  9787 D dalvikvm: Added shared lib libjavacore.so 0x0
12-12 12:18:06.388  9787  9787 D dalvikvm: Trying to load lib libnativehelper.so 0x0
12-12 12:18:06.388  9787  9787 D dalvikvm: Added shared lib libnativehelper.so 0x0
12-12 12:18:06.388  9787  9787 D dalvikvm: No JNI_OnLoad found in libnativehelper.so 0x0, skipping init
12-12 12:18:06.398  9787  9787 D dalvikvm: Good opt header, DEX offset is 64, flags=0x00
12-12 12:18:06.398  9787  9787 D dalvikvm: dalvik-aux-structure mapped at 0x5b97e000 with sizes 912 344 448 12
12-12 12:18:06.418  9787  9787 D dalvikvm: Note: class Landroid/app/ActivityManagerNative; has 179 unimplemented (abstract) methods
12-12 12:18:06.538  9787  9787 D AndroidRuntime: Calling main entry com.android.commands.am.Am
12-12 12:18:06.538  9787  9787 D AndroidRuntime: Shutting down VM
12-12 12:18:07.268  9807  9807 D AndroidRuntime: 
12-12 12:18:07.268  9807  9807 D AndroidRuntime: >>>>>> AndroidRuntime START com.android.internal.os.RuntimeInit <<<<<<
12-12 12:18:07.278  9807  9807 D AndroidRuntime: CheckJNI is OFF
12-12 12:18:07.278  9807  9807 D dalvikvm: Good opt header, DEX offset is 64, flags=0x00
12-12 12:18:07.278  9807  9807 D dalvikvm: dalvik-aux-structure mapped at 0x588b6000 with sizes 17456 9068 22916 7820
12-12 12:18:07.278  9807  9807 D dalvikvm: Good opt header, DEX offset is 64, flags=0x00
12-12 12:18:07.278  9807  9807 D dalvikvm: dalvik-aux-structure mapped at 0x588c4000 with sizes 3488 1968 3700 1000
12-12 12:18:07.278  9807  9807 D dalvikvm: Good opt header, DEX offset is 64, flags=0x00
12-12 12:18:07.278  9807  9807 D dalvikvm: dalvik-aux-structure mapped at 0x588c8000 with sizes 1212 1216 2416 256
12-12 12:18:07.278  9807  9807 D dalvikvm: Good opt header, DEX offset is 64, flags=0x00
12-12 12:18:07.278  9807  9807 D dalvikvm: dalvik-aux-structure mapped at 0x588cf000 with sizes 132 296 392 8
12-12 12:18:07.278  9807  9807 D dalvikvm: Good opt header, DEX offset is 64, flags=0x00
12-12 12:18:07.278  9807  9807 D dalvikvm: dalvik-aux-structure mapped at 0x58a8e000 with sizes 8748 4364 7932 3996
12-12 12:18:07.278  9807  9807 D dalvikvm: Good opt header, DEX offset is 64, flags=0x00
12-12 12:18:07.278  9807  9807 D dalvikvm: dalvik-aux-structure mapped at 0x58a95000 with sizes 22496 5184 8544 1804
12-12 12:18:07.278  9807  9807 D dalvikvm: Good opt header, DEX offset is 64, flags=0x00
12-12 12:18:07.278  9807  9807 D dalvikvm: dalvik-aux-structure mapped at 0x5960a000 with sizes 56984 26392 103956 34404
12-12 12:18:07.278  9807  9807 D dalvikvm: Good opt header, DEX offset is 64, flags=0x00
12-12 12:18:07.278  9807  9807 D dalvikvm: dalvik-aux-structure mapped at 0x59825000 with sizes 9456 6512 11508 3328
12-12 12:18:07.278  9807  9807 D dalvikvm: Good opt header, DEX offset is 64, flags=0x00
12-12 12:18:07.278  9807  9807 D dalvikvm: dalvik-aux-structure mapped at 0x59999000 with sizes 20776 3532 10520 3092
12-12 12:18:07.278  9807  9807 D dalvikvm: Good opt header, DEX offset is 64, flags=0x00
12-12 12:18:07.278  9807  9807 D dalvikvm: dalvik-aux-structure mapped at 0x58aa4000 with sizes 1660 956 2388 56
12-12 12:18:07.278  9807  9807 D dalvikvm: Good opt header, DEX offset is 64, flags=0x00
12-12 12:18:07.278  9807  9807 D dalvikvm: dalvik-aux-structure mapped at 0x59a01000 with sizes 1312 504 800 184
12-12 12:18:07.278  9807  9807 D dalvikvm: Good opt header, DEX offset is 64, flags=0x00
12-12 12:18:07.278  9807  9807 D dalvikvm: dalvik-aux-structure mapped at 0x59a02000 with sizes 1704 1896 3404 216
12-12 12:18:07.278  9807  9807 D dalvikvm: Good opt header, DEX offset is 64, flags=0x00
12-12 12:18:07.278  9807  9807 D dalvikvm: dalvik-aux-structure mapped at 0x59e46000 with sizes 41708 10740 31748 2024
12-12 12:18:07.278  9807  9807 D dalvikvm: Good opt header, DEX offset is 64, flags=0x00
12-12 12:18:07.278  9807  9807 D dalvikvm: dalvik-aux-structure mapped at 0x59a07000 with sizes 13340 3572 6468 560
12-12 12:18:07.278  9807  9807 D dalvikvm: Good opt header, DEX offset is 64, flags=0x00
12-12 12:18:07.278  9807  9807 D dalvikvm: dalvik-aux-structure mapped at 0x5a08b000 with sizes 3752 5072 11996 2620
12-12 12:18:07.278  9807  9807 D dalvikvm: Good opt header, DEX offset is 64, flags=0x00
12-12 12:18:07.278  9807  9807 D dalvikvm: dalvik-aux-structure mapped at 0x59a0f000 with sizes 864 112 12 8
12-12 12:18:07.278  9807  9807 D dalvikvm: Good opt header, DEX offset is 64, flags=0x00
12-12 12:18:07.278  9807  9807 D dalvikvm: dalvik-aux-structure mapped at 0x59a11000 with sizes 144 424 416 84
12-12 12:18:07.278  9807  9807 D dalvikvm: Good opt header, DEX offset is 64, flags=0x00
12-12 12:18:07.278  9807  9807 D dalvikvm: dalvik-aux-structure mapped at 0x5a0a4000 with sizes 8 84 20 52
12-12 12:18:07.278  9807  9807 D dalvikvm: Good opt header, DEX offset is 64, flags=0x00
12-12 12:18:07.278  9807  9807 D dalvikvm: dalvik-aux-structure mapped at 0x5a0a5000 with sizes 2300 1284 1900 732
12-12 12:18:07.278  9807  9807 D dalvikvm: Good opt header, DEX offset is 64, flags=0x00
12-12 12:18:07.278  9807  9807 D dalvikvm: dalvik-aux-structure mapped at 0x5a0a8000 with sizes 3104 1556 4388 1468
12-12 12:18:07.278  9807  9807 D dalvikvm: Good opt header, DEX offset is 64, flags=0x00
12-12 12:18:07.278  9807  9807 D dalvikvm: dalvik-aux-structure mapped at 0x5a0ac000 with sizes 2512 2028 2656 348
12-12 12:18:07.278  9807  9807 D dalvikvm: Good opt header, DEX offset is 64, flags=0x00
12-12 12:18:07.278  9807  9807 D dalvikvm: dalvik-aux-structure mapped at 0x5a0af000 with sizes 244 632 480 120
12-12 12:18:07.278  9807  9807 D dalvikvm: Good opt header, DEX offset is 64, flags=0x00
12-12 12:18:07.278  9807  9807 D dalvikvm: dalvik-aux-structure mapped at 0x5a0b2000 with sizes 44 16 4 16
12-12 12:18:07.288  9807  9807 D dalvikvm: Good opt header, DEX offset is 64, flags=0x00
12-12 12:18:07.288  9807  9807 D dalvikvm: dalvik-aux-structure mapped at 0x5a403000 with sizes 17456 5180 15016 5508
12-12 12:18:07.288  9807  9807 D dalvikvm: Good opt header, DEX offset is 64, flags=0x00
12-12 12:18:07.288  9807  9807 D dalvikvm: dalvik-aux-structure mapped at 0x5a19a000 with sizes 17648 1196 1848 1084
12-12 12:18:07.288  9807  9807 D dalvikvm: Good opt header, DEX offset is 64, flags=0x00
12-12 12:18:07.288  9807  9807 D dalvikvm: dalvik-aux-structure mapped at 0x5a633000 with sizes 5448 6248 17376 5152
12-12 12:18:07.288  9807  9807 D dalvikvm: Good opt header, DEX offset is 64, flags=0x00
12-12 12:18:07.288  9807  9807 D dalvikvm: dalvik-aux-structure mapped at 0x5a1a0000 with sizes 92 272 204 12
12-12 12:18:07.288  9807  9807 D dalvikvm: Good opt header, DEX offset is 64, flags=0x00
12-12 12:18:07.288  9807  9807 D dalvikvm: dalvik-aux-structure mapped at 0x5a644000 with sizes 368 52 8 52
12-12 12:18:07.288  9807  9807 D dalvikvm: Good opt header, DEX offset is 64, flags=0x00
12-12 12:18:07.288  9807  9807 D dalvikvm: dalvik-aux-structure mapped at 0x5a661000 with sizes 848 488 512 692
12-12 12:18:07.288  9807  9807 D dalvikvm: Good opt header, DEX offset is 64, flags=0x00
12-12 12:18:07.288  9807  9807 D dalvikvm: dalvik-aux-structure mapped at 0x5a664000 with sizes 20 36 20 8
12-12 12:18:07.288  9807  9807 D dalvikvm: Good opt header, DEX offset is 64, flags=0x00
12-12 12:18:07.288  9807  9807 D dalvikvm: dalvik-aux-structure mapped at 0x5a66d000 with sizes 360 232 320 68
12-12 12:18:07.288  9807  9807 D dalvikvm: Good opt header, DEX offset is 64, flags=0x00
12-12 12:18:07.288  9807  9807 D dalvikvm: dalvik-aux-structure mapped at 0x5a67d000 with sizes 864 272 320 208
12-12 12:18:07.288  9807  9807 D dalvikvm: Trying to load lib libjavacore.so 0x0
12-12 12:18:07.288   926  1001 D DeviceStorageMonitorService: Sending broadcast for delta increase in free memory. Delta memory: 29028352 freeMem: 57687293952
12-12 12:18:07.298  9807  9807 D dalvikvm: Added shared lib libjavacore.so 0x0
12-12 12:18:07.298  9807  9807 D dalvikvm: Trying to load lib libnativehelper.so 0x0
12-12 12:18:07.298  9807  9807 D dalvikvm: Added shared lib libnativehelper.so 0x0
12-12 12:18:07.298  9807  9807 D dalvikvm: No JNI_OnLoad found in libnativehelper.so 0x0, skipping init
12-12 12:18:07.308  9807  9807 D dalvikvm: Good opt header, DEX offset is 64, flags=0x00
12-12 12:18:07.308  9807  9807 D dalvikvm: dalvik-aux-structure mapped at 0x5b8e2000 with sizes 936 360 416 20
12-12 12:18:07.328  9807  9807 D dalvikvm: Note: class Landroid/app/ActivityManagerNative; has 179 unimplemented (abstract) methods
12-12 12:18:07.458  9807  9807 D AndroidRuntime: Calling main entry com.android.commands.pm.Pm
12-12 12:18:07.458   926  1740 I ActivityManager: Force stopping com.trellis appid=10003 user=0: clear data
12-12 12:18:07.468   926   959 W Settings: Setting default_input_method has moved from android.provider.Settings.Secure to android.provider.Settings.Global.
12-12 12:18:07.468   265   265 E installd: Couldn't opendir data/securedStorageLocation/com.trellis: No such file or directory
12-12 12:18:07.468   265   265 I installd: no data under secured storage for com.trellis
12-12 12:18:07.468   337   337 D keystore: calling clear_uid in state: 3
12-12 12:18:07.468   926  1213 W SharedAssetStorage: Launching com.android.documentsui (32110) with AMZ_APP_GID
12-12 12:18:07.478   926  1213 I ActivityManager: Start proc com.android.documentsui for broadcast com.android.documentsui/.PackageReceiver: pid=9827 uid=32110 gids={72110, 9001}
12-12 12:18:07.488  9807  9807 D AndroidRuntime: Shutting down VM
12-12 12:18:07.538   926   937 I ActivityManager: Killing 7320:com.amazon.digital.asset.ownership.app/u0a22059 (adj 12): empty #17
12-12 12:18:07.538   926  1532 W SharedAssetStorage: Launching com.android.externalstorage (32020) with AMZ_APP_GID
12-12 12:18:07.558   926  1532 I ActivityManager: Start proc com.android.externalstorage for content provider com.android.externalstorage/.ExternalStorageProvider: pid=9840 uid=32020 gids={72020, 1028, 1015, 1023, 9001}
12-12 12:18:07.558   926  1532 I ActivityManager: CPR:ContentProviderRecord{425f7cd0 u0 com.android.externalstorage/.ExternalStorageProvider}, wait begins for proc9827 nCountWaiting=1
12-12 12:18:07.558   926  1532 I ActivityManager: CPR: ContentProviderRecord{425f7cd0 u0 com.android.externalstorage/.ExternalStorageProvider} long wait begins for proc9827
12-12 12:18:07.558   926  1236 I ActivityManager: Killing 7130:com.android.settings/1000 (adj 12): empty #17
12-12 12:18:07.598   926  1532 I ActivityManager: CPR: ContentProviderRecord{425f7cd0 u0 com.android.externalstorage/.ExternalStorageProvider} continue to wait after long wait
12-12 12:18:08.228  9873  9873 D AndroidRuntime: 
12-12 12:18:08.228  9873  9873 D AndroidRuntime: >>>>>> AndroidRuntime START com.android.internal.os.RuntimeInit <<<<<<
12-12 12:18:08.228  9873  9873 D AndroidRuntime: CheckJNI is OFF
12-12 12:18:08.228  9873  9873 D dalvikvm: Good opt header, DEX offset is 64, flags=0x00
12-12 12:18:08.228  9873  9873 D dalvikvm: dalvik-aux-structure mapped at 0x5889d000 with sizes 17456 9068 22916 7820
12-12 12:18:08.228  9873  9873 D dalvikvm: Good opt header, DEX offset is 64, flags=0x00
12-12 12:18:08.228  9873  9873 D dalvikvm: dalvik-aux-structure mapped at 0x588ab000 with sizes 3488 1968 3700 1000
12-12 12:18:08.228  9873  9873 D dalvikvm: Good opt header, DEX offset is 64, flags=0x00
12-12 12:18:08.228  9873  9873 D dalvikvm: dalvik-aux-structure mapped at 0x588af000 with sizes 1212 1216 2416 256
12-12 12:18:08.228  9873  9873 D dalvikvm: Good opt header, DEX offset is 64, flags=0x00
12-12 12:18:08.228  9873  9873 D dalvikvm: dalvik-aux-structure mapped at 0x588b6000 with sizes 132 296 392 8
12-12 12:18:08.228  9873  9873 D dalvikvm: Good opt header, DEX offset is 64, flags=0x00
12-12 12:18:08.228  9873  9873 D dalvikvm: dalvik-aux-structure mapped at 0x58a75000 with sizes 8748 4364 7932 3996
12-12 12:18:08.228  9873  9873 D dalvikvm: Good opt header, DEX offset is 64, flags=0x00
12-12 12:18:08.228  9873  9873 D dalvikvm: dalvik-aux-structure mapped at 0x58a7c000 with sizes 22496 5184 8544 1804
12-12 12:18:08.228  9873  9873 D dalvikvm: Good opt header, DEX offset is 64, flags=0x00
12-12 12:18:08.228  9873  9873 D dalvikvm: dalvik-aux-structure mapped at 0x595f1000 with sizes 56984 26392 103956 34404
12-12 12:18:08.228  9873  9873 D dalvikvm: Good opt header, DEX offset is 64, flags=0x00
12-12 12:18:08.228  9873  9873 D dalvikvm: dalvik-aux-structure mapped at 0x5980c000 with sizes 9456 6512 11508 3328
12-12 12:18:08.228  9873  9873 D dalvikvm: Good opt header, DEX offset is 64, flags=0x00
12-12 12:18:08.228  9873  9873 D dalvikvm: dalvik-aux-structure mapped at 0x59980000 with sizes 20776 3532 10520 3092
12-12 12:18:08.228  9873  9873 D dalvikvm: Good opt header, DEX offset is 64, flags=0x00
12-12 12:18:08.228  9873  9873 D dalvikvm: dalvik-aux-structure mapped at 0x58a8b000 with sizes 1660 956 2388 56
12-12 12:18:08.228  9873  9873 D dalvikvm: Good opt header, DEX offset is 64, flags=0x00
12-12 12:18:08.228  9873  9873 D dalvikvm: dalvik-aux-structure mapped at 0x599e8000 with sizes 1312 504 800 184
12-12 12:18:08.228  9873  9873 D dalvikvm: Good opt header, DEX offset is 64, flags=0x00
12-12 12:18:08.228  9873  9873 D dalvikvm: dalvik-aux-structure mapped at 0x599e9000 with sizes 1704 1896 3404 216
12-12 12:18:08.228  9873  9873 D dalvikvm: Good opt header, DEX offset is 64, flags=0x00
12-12 12:18:08.228  9873  9873 D dalvikvm: dalvik-aux-structure mapped at 0x59e2d000 with sizes 41708 10740 31748 2024
12-12 12:18:08.228  9873  9873 D dalvikvm: Good opt header, DEX offset is 64, flags=0x00
12-12 12:18:08.228  9873  9873 D dalvikvm: dalvik-aux-structure mapped at 0x599ee000 with sizes 13340 3572 6468 560
12-12 12:18:08.228  9873  9873 D dalvikvm: Good opt header, DEX offset is 64, flags=0x00
12-12 12:18:08.228  9873  9873 D dalvikvm: dalvik-aux-structure mapped at 0x5a072000 with sizes 3752 5072 11996 2620
12-12 12:18:08.238  9873  9873 D dalvikvm: Good opt header, DEX offset is 64, flags=0x00
12-12 12:18:08.238  9873  9873 D dalvikvm: dalvik-aux-structure mapped at 0x599f6000 with sizes 864 112 12 8
12-12 12:18:08.238  9873  9873 D dalvikvm: Good opt header, DEX offset is 64, flags=0x00
12-12 12:18:08.238  9873  9873 D dalvikvm: dalvik-aux-structure mapped at 0x599f8000 with sizes 144 424 416 84
12-12 12:18:08.238  9873  9873 D dalvikvm: Good opt header, DEX offset is 64, flags=0x00
12-12 12:18:08.238  9873  9873 D dalvikvm: dalvik-aux-structure mapped at 0x5a08b000 with sizes 8 84 20 52
12-12 12:18:08.238  9873  9873 D dalvikvm: Good opt header, DEX offset is 64, flags=0x00
12-12 12:18:08.238  9873  9873 D dalvikvm: dalvik-aux-structure mapped at 0x5a08c000 with sizes 2300 1284 1900 732
12-12 12:18:08.238  9873  9873 D dalvikvm: Good opt header, DEX offset is 64, flags=0x00
12-12 12:18:08.238  9873  9873 D dalvikvm: dalvik-aux-structure mapped at 0x5a08f000 with sizes 3104 1556 4388 1468
12-12 12:18:08.238  9873  9873 D dalvikvm: Good opt header, DEX offset is 64, flags=0x00
12-12 12:18:08.238  9873  9873 D dalvikvm: dalvik-aux-structure mapped at 0x5a093000 with sizes 2512 2028 2656 348
12-12 12:18:08.238  9873  9873 D dalvikvm: Good opt header, DEX offset is 64, flags=0x00
12-12 12:18:08.238  9873  9873 D dalvikvm: dalvik-aux-structure mapped at 0x5a096000 with sizes 244 632 480 120
12-12 12:18:08.238  9873  9873 D dalvikvm: Good opt header, DEX offset is 64, flags=0x00
12-12 12:18:08.238  9873  9873 D dalvikvm: dalvik-aux-structure mapped at 0x5a099000 with sizes 44 16 4 16
12-12 12:18:08.238  9873  9873 D dalvikvm: Good opt header, DEX offset is 64, flags=0x00
12-12 12:18:08.238  9873  9873 D dalvikvm: dalvik-aux-structure mapped at 0x5a3ea000 with sizes 17456 5180 15016 5508
12-12 12:18:08.238  9873  9873 D dalvikvm: Good opt header, DEX offset is 64, flags=0x00
12-12 12:18:08.238  9873  9873 D dalvikvm: dalvik-aux-structure mapped at 0x5a181000 with sizes 17648 1196 1848 1084
12-12 12:18:08.238  9873  9873 D dalvikvm: Good opt header, DEX offset is 64, flags=0x00
12-12 12:18:08.238  9873  9873 D dalvikvm: dalvik-aux-structure mapped at 0x5a61a000 with sizes 5448 6248 17376 5152
12-12 12:18:08.238  9873  9873 D dalvikvm: Good opt header, DEX offset is 64, flags=0x00
12-12 12:18:08.238  9873  9873 D dalvikvm: dalvik-aux-structure mapped at 0x5a187000 with sizes 92 272 204 12
12-12 12:18:08.238  9873  9873 D dalvikvm: Good opt header, DEX offset is 64, flags=0x00
12-12 12:18:08.238  9873  9873 D dalvikvm: dalvik-aux-structure mapped at 0x5a62b000 with sizes 368 52 8 52
12-12 12:18:08.238  9873  9873 D dalvikvm: Good opt header, DEX offset is 64, flags=0x00
12-12 12:18:08.238  9873  9873 D dalvikvm: dalvik-aux-structure mapped at 0x5a648000 with sizes 848 488 512 692
12-12 12:18:08.238  9873  9873 D dalvikvm: Good opt header, DEX offset is 64, flags=0x00
12-12 12:18:08.238  9873  9873 D dalvikvm: dalvik-aux-structure mapped at 0x5a64b000 with sizes 20 36 20 8
12-12 12:18:08.238  9873  9873 D dalvikvm: Good opt header, DEX offset is 64, flags=0x00
12-12 12:18:08.238  9873  9873 D dalvikvm: dalvik-aux-structure mapped at 0x5a654000 with sizes 360 232 320 68
12-12 12:18:08.238  9873  9873 D dalvikvm: Good opt header, DEX offset is 64, flags=0x00
12-12 12:18:08.238  9873  9873 D dalvikvm: dalvik-aux-structure mapped at 0x5a664000 with sizes 864 272 320 208
12-12 12:18:08.248  9873  9873 D dalvikvm: Trying to load lib libjavacore.so 0x0
12-12 12:18:08.248  9873  9873 D dalvikvm: Added shared lib libjavacore.so 0x0
12-12 12:18:08.248  9873  9873 D dalvikvm: Trying to load lib libnativehelper.so 0x0
12-12 12:18:08.248  9873  9873 D dalvikvm: Added shared lib libnativehelper.so 0x0
12-12 12:18:08.248  9873  9873 D dalvikvm: No JNI_OnLoad found in libnativehelper.so 0x0, skipping init
12-12 12:18:08.258  9873  9873 D dalvikvm: Good opt header, DEX offset is 64, flags=0x00
12-12 12:18:08.258  9873  9873 D dalvikvm: dalvik-aux-structure mapped at 0x5b8c9000 with sizes 936 360 416 20
12-12 12:18:08.278  9873  9873 D dalvikvm: Note: class Landroid/app/ActivityManagerNative; has 179 unimplemented (abstract) methods
12-12 12:18:08.398  9873  9873 D AndroidRuntime: Calling main entry com.android.commands.pm.Pm
12-12 12:18:08.488  9873  9873 D AndroidRuntime: Shutting down VM
12-12 12:18:09.548  9895  9895 D AndroidRuntime: 
12-12 12:18:09.548  9895  9895 D AndroidRuntime: >>>>>> AndroidRuntime START com.android.internal.os.RuntimeInit <<<<<<
12-12 12:18:09.548  9895  9895 D AndroidRuntime: CheckJNI is OFF
12-12 12:18:09.548  9895  9895 D dalvikvm: Good opt header, DEX offset is 64, flags=0x00
12-12 12:18:09.548  9895  9895 D dalvikvm: dalvik-aux-structure mapped at 0x58943000 with sizes 17456 9068 22916 7820
12-12 12:18:09.548  9895  9895 D dalvikvm: Good opt header, DEX offset is 64, flags=0x00
12-12 12:18:09.548  9895  9895 D dalvikvm: dalvik-aux-structure mapped at 0x58951000 with sizes 3488 1968 3700 1000
12-12 12:18:09.548  9895  9895 D dalvikvm: Good opt header, DEX offset is 64, flags=0x00
12-12 12:18:09.548  9895  9895 D dalvikvm: dalvik-aux-structure mapped at 0x58955000 with sizes 1212 1216 2416 256
12-12 12:18:09.548  9895  9895 D dalvikvm: Good opt header, DEX offset is 64, flags=0x00
12-12 12:18:09.548  9895  9895 D dalvikvm: dalvik-aux-structure mapped at 0x5895c000 with sizes 132 296 392 8
12-12 12:18:09.548  9895  9895 D dalvikvm: Good opt header, DEX offset is 64, flags=0x00
12-12 12:18:09.548  9895  9895 D dalvikvm: dalvik-aux-structure mapped at 0x58b1b000 with sizes 8748 4364 7932 3996
12-12 12:18:09.548  9895  9895 D dalvikvm: Good opt header, DEX offset is 64, flags=0x00
12-12 12:18:09.548  9895  9895 D dalvikvm: dalvik-aux-structure mapped at 0x58b22000 with sizes 22496 5184 8544 1804
12-12 12:18:09.548  9895  9895 D dalvikvm: Good opt header, DEX offset is 64, flags=0x00
12-12 12:18:09.548  9895  9895 D dalvikvm: dalvik-aux-structure mapped at 0x59697000 with sizes 56984 26392 103956 34404
12-12 12:18:09.548  9895  9895 D dalvikvm: Good opt header, DEX offset is 64, flags=0x00
