12-12 22:28:44.399   970 14562 I LGImmersionVibrator: [Vibrator on] timeout_ms : 40 magnitude : 6125
12-12 22:28:44.399  1226  1264 D VolumeVibrator: clear
12-12 22:28:44.399  1344  1344 I ViewRootImpl: ViewRoot's Touch Event : ACTION_UP
12-12 22:28:44.399  1226  1238 D VolumeVibrator: milliseconds : 40
12-12 22:28:44.399  1226  1238 D VolumeVibrator: getCurrent::mPatternworking : true
12-12 22:28:44.399  1226  1238 D VolumeVibrator: getCurrent::mVolumes.size : 0
12-12 22:28:44.399  1226  1238 D VolumeVibrator: getCurrent::mJustVibrate false
12-12 22:28:44.399  1226  1238 D VolumeVibrator: mPatternIndex : 1 mCurVibration.mPattern[mPatternIndex] : 40
12-12 22:28:44.399  1226  1238 D VolumeVibrator: volume vibration pattern's value: 6125
12-12 22:28:44.399  1226  1238 D VolumeVibrator: clear
12-12 22:28:44.419 14506 14506 D BubblePopupHelper: isShowingBubblePopup : false
12-12 22:28:44.419 14506 14506 D BubblePopupHelper: isShowingBubblePopup : false
12-12 22:28:44.429  1344  1412 I LatinIME:LogUtils: Dictionary info: dictionary = PersonalizationDictionary.en_US ; version = 1513135724 ; date = 1513135724
12-12 22:28:44.439  1344  1412 I LatinIME:LogUtils: Dictionary info: dictionary = PersonalizationDictionary.en_US ; version = 1513135724 ; date = 1513135724
12-12 22:28:44.459   970  1572 I VolumeVibratorManager: getVibrateVolume vibrateType 2
12-12 22:28:44.459   970  1572 I VolumeVibratorManager: vibratePattern()  volumeIndex 5
12-12 22:28:44.459   970  6170 I LGImmersionVibrator: [Vibrator off]
12-12 22:28:44.459  1344  1344 I ViewRootImpl: ViewRoot's Touch Event : ACTION_DOWN
12-12 22:28:44.459  1226  1264 D VolumeVibrator: clear
12-12 22:28:44.469   970 14563 I LGImmersionVibrator: [Vibrator on] timeout_ms : 40 magnitude : 6125
12-12 22:28:44.469  1226  1237 D VolumeVibrator: milliseconds : 40
12-12 22:28:44.469  1226  1237 D VolumeVibrator: getCurrent::mPatternworking : true
12-12 22:28:44.469  1226  1237 D VolumeVibrator: getCurrent::mVolumes.size : 0
12-12 22:28:44.469  1226  1237 D VolumeVibrator: getCurrent::mJustVibrate false
12-12 22:28:44.469  1226  1237 D VolumeVibrator: mPatternIndex : 1 mCurVibration.mPattern[mPatternIndex] : 40
12-12 22:28:44.469  1226  1237 D VolumeVibrator: volume vibration pattern's value: 6125
12-12 22:28:44.469  1226  1237 D VolumeVibrator: clear
12-12 22:28:44.469  1344  1344 I ViewRootImpl: ViewRoot's Touch Event : ACTION_UP
12-12 22:28:44.479  1344  1412 I LatinIME:LogUtils: Dictionary info: dictionary = PersonalizationDictionary.en_US ; version = 1513135724 ; date = 1513135724
12-12 22:28:44.479   970  1376 I LGImmersionVibrator: Vibrator exists
12-12 22:28:44.479 14506 14506 D BubblePopupHelper: isShowingBubblePopup : false
12-12 22:28:44.479 14506 14506 D BubblePopupHelper: isShowingBubblePopup : false
12-12 22:28:44.499 14506 14506 I ViewRootImpl: ViewRoot's Touch Event : ACTION_DOWN
12-12 22:28:44.519  1344  1344 D BubblePopupHelper: BubblePopupHelper has no instance. Hence we cannot call setShowingBubblePopup : false
12-12 22:28:44.599 14506 14506 I ViewRootImpl: ViewRoot's Touch Event : ACTION_UP
12-12 22:28:44.649 14506 14506 I ViewRootImpl: ViewRoot's Touch Event : ACTION_DOWN
12-12 22:28:44.649 14506 14506 I ViewRootImpl: ViewRoot's Touch Event : ACTION_UP
12-12 22:28:44.699   970  1153 D PowerManagerService: updateUserActivitySummaryLocked: mWakefulness=Awake, mUserActivitySummary=0x1, nextTimeout=11952444 (in 892999 ms)
12-12 22:28:44.699 14506 14506 I ViewRootImpl: ViewRoot's Touch Event : ACTION_DOWN
12-12 22:28:44.699 14506 14506 I ViewRootImpl: ViewRoot's Touch Event : ACTION_UP
12-12 22:28:44.749 14506 14506 I ViewRootImpl: ViewRoot's Touch Event : ACTION_DOWN
12-12 22:28:44.759 14506 14506 I ViewRootImpl: ViewRoot's Touch Event : ACTION_UP
12-12 22:28:44.809 14506 14506 I ViewRootImpl: ViewRoot's Touch Event : ACTION_DOWN
12-12 22:28:44.819 14506 14506 I ViewRootImpl: ViewRoot's Touch Event : ACTION_UP
12-12 22:28:44.869 14491 14491 I ActivityManager: Timeline: Activity_launch_request id:com.example.snoopy time:11059613
12-12 22:28:44.869   970 12350 I ActivityManager: START u0 {act=android.intent.action.MAIN cat=[android.intent.category.LAUNCHER] flg=0x10200000 cmp=com.example.snoopy/.MainActivity} from pid 14491
12-12 22:28:44.909  1226  1238 D dalvikvm: GC_EXPLICIT freed 22K, 65% free 4125K/11632K, paused 2ms+2ms, total 30ms
12-12 22:28:44.909   970 12350 I ActivityManager: ActivityRecord{42c1d168 u0 com.example.snoopy/.MainActivity t-1} Support Split:false Is ScreenFull:true
12-12 22:28:44.939  1226  3934 D dalvikvm: GC_EXPLICIT freed 13K, 65% free 4125K/11632K, paused 2ms+2ms, total 25ms
12-12 22:28:44.939  1226  3934 V SplitWindowPolicyService: checkScreen => return. sourceIntent is null or not support SplitWindow component: ComponentInfo{co..../co.....MainActivity}
12-12 22:28:44.939  1226  1237 V SplitWindowPolicyService: requestUpdateStackInfo
12-12 22:28:44.939   970 12350 D ActivityManager: resumeTopActivityLocked: Top activity resumed ActivityRecord{41cd5850 u0 com.example.snoopy/.MainActivity t4}
12-12 22:28:44.989 14491 14491 I ActivityManager: Timeline: Activity_launch_request id:com.example.snoopy time:11059732
12-12 22:28:44.989   970  1202 I ActivityManager: START u0 {act=android.intent.action.MAIN cat=[android.intent.category.LAUNCHER] flg=0x10200000 cmp=com.example.snoopy/.MainActivity} from pid 14491
12-12 22:28:45.019  1226  1238 D dalvikvm: GC_EXPLICIT freed 14K, 65% free 4125K/11632K, paused 3ms+3ms, total 28ms
12-12 22:28:45.019   970  1202 I ActivityManager: ActivityRecord{42baaf98 u0 com.example.snoopy/.MainActivity t-1} Support Split:false Is ScreenFull:true
12-12 22:28:45.029   303   381 I Vold    : [LGE][VOLD][NetlinkHandler.cpp][onEvent()] subsys:cpu, action:0
12-12 22:28:45.059  1226  1237 D dalvikvm: GC_EXPLICIT freed 13K, 65% free 4125K/11632K, paused 2ms+2ms, total 32ms
12-12 22:28:45.059  1226  1237 V SplitWindowPolicyService: checkScreen => return. sourceIntent is null or not support SplitWindow component: ComponentInfo{co..../co.....MainActivity}
12-12 22:28:45.059  1226  3934 V SplitWindowPolicyService: requestUpdateStackInfo
12-12 22:28:45.059   970  1202 D ActivityManager: resumeTopActivityLocked: Top activity resumed ActivityRecord{41cd5850 u0 com.example.snoopy/.MainActivity t4}
12-12 22:28:45.119 14506 14506 I ViewRootImpl: ViewRoot's Touch Event : ACTION_DOWN
12-12 22:28:45.119 14506 14506 I ViewRootImpl: ViewRoot's Touch Event : ACTION_UP
12-12 22:28:45.169   970  1569 I VolumeVibratorManager: getVibrateVolume vibrateType 2
12-12 22:28:45.169   970  1569 I VolumeVibratorManager: vibratePattern()  volumeIndex 5
12-12 22:28:45.169   970  1918 I LGImmersionVibrator: [Vibrator off]
12-12 22:28:45.169  1344  1344 I ViewRootImpl: ViewRoot's Touch Event : ACTION_DOWN
12-12 22:28:45.169  1344  1344 I ViewRootImpl: ViewRoot's Touch Event : ACTION_UP
12-12 22:28:45.169  1226  1264 D VolumeVibrator: clear
12-12 22:28:45.179  1344  1344 D BubblePopupHelper: BubblePopupHelper has no instance. Hence we cannot call setShowingBubblePopup : false
12-12 22:28:45.179   970 14573 I LGImmersionVibrator: [Vibrator on] timeout_ms : 40 magnitude : 6125
12-12 22:28:45.179  1226  3934 D VolumeVibrator: milliseconds : 40
12-12 22:28:45.179  1226  3934 D VolumeVibrator: getCurrent::mPatternworking : true
12-12 22:28:45.179  1226  3934 D VolumeVibrator: getCurrent::mVolumes.size : 0
12-12 22:28:45.179  1226  3934 D VolumeVibrator: getCurrent::mJustVibrate false
12-12 22:28:45.179  1226  3934 D VolumeVibrator: mPatternIndex : 1 mCurVibration.mPattern[mPatternIndex] : 40
12-12 22:28:45.179  1226  3934 D VolumeVibrator: volume vibration pattern's value: 6125
12-12 22:28:45.179  1226  3934 D VolumeVibrator: clear
12-12 22:28:45.179 14506 14506 D BubblePopupHelper: isShowingBubblePopup : false
12-12 22:28:45.179 14506 14506 D BubblePopupHelper: isShowingBubblePopup : false
12-12 22:28:45.219  1344  1344 I ViewRootImpl: ViewRoot's Touch Event : ACTION_DOWN
12-12 22:28:45.229   970  1558 I VolumeVibratorManager: getVibrateVolume vibrateType 2
12-12 22:28:45.229   970  1558 I VolumeVibratorManager: vibratePattern()  volumeIndex 5
12-12 22:28:45.229   970  1554 I LGImmersionVibrator: [Vibrator off]
12-12 22:28:45.229  1344  1344 D BubblePopupHelper: BubblePopupHelper has no instance. Hence we cannot call setShowingBubblePopup : false
12-12 22:28:45.229   970 14574 I LGImmersionVibrator: [Vibrator on] timeout_ms : 40 magnitude : 6125
12-12 22:28:45.229   970  1153 D PowerManagerService: updateUserActivitySummaryLocked: mWakefulness=Awake, mUserActivitySummary=0x1, nextTimeout=11952964 (in 892994 ms)
12-12 22:28:45.229  1226  1264 D VolumeVibrator: clear
12-12 22:28:45.229  1344  1344 I ViewRootImpl: ViewRoot's Touch Event : ACTION_UP
12-12 22:28:45.229  1226  3934 D VolumeVibrator: milliseconds : 40
12-12 22:28:45.229  1226  3934 D VolumeVibrator: getCurrent::mPatternworking : true
12-12 22:28:45.229  1226  3934 D VolumeVibrator: getCurrent::mVolumes.size : 0
12-12 22:28:45.229  1226  3934 D VolumeVibrator: getCurrent::mJustVibrate false
12-12 22:28:45.229  1226  3934 D VolumeVibrator: mPatternIndex : 1 mCurVibration.mPattern[mPatternIndex] : 40
12-12 22:28:45.229  1226  3934 D VolumeVibrator: volume vibration pattern's value: 6125
12-12 22:28:45.229  1226  3934 D VolumeVibrator: clear
12-12 22:28:45.239 14506 14506 D BubblePopupHelper: isShowingBubblePopup : false
12-12 22:28:45.239 14506 14506 D BubblePopupHelper: isShowingBubblePopup : false
12-12 22:28:45.279 14491 14491 I ActivityManager: Timeline: Activity_launch_request id:com.example.snoopy time:11060023
12-12 22:28:45.279   970  1918 I ActivityManager: START u0 {act=android.intent.action.MAIN cat=[android.intent.category.LAUNCHER] flg=0x10200000 cmp=com.example.snoopy/.MainActivity} from pid 14491
12-12 22:28:45.319  1226  1238 D dalvikvm: GC_EXPLICIT freed 19K, 65% free 4125K/11632K, paused 2ms+2ms, total 27ms
12-12 22:28:45.319   970  1918 I ActivityManager: ActivityRecord{42e563c0 u0 com.example.snoopy/.MainActivity t-1} Support Split:false Is ScreenFull:true
12-12 22:28:45.349  1226  1237 D dalvikvm: GC_EXPLICIT freed 13K, 65% free 4125K/11632K, paused 1ms+2ms, total 25ms
12-12 22:28:45.349  1226  1237 V SplitWindowPolicyService: checkScreen => return. sourceIntent is null or not support SplitWindow component: ComponentInfo{co..../co.....MainActivity}
12-12 22:28:45.349  1226  3934 V SplitWindowPolicyService: requestUpdateStackInfo
12-12 22:28:45.349   970  1918 D ActivityManager: resumeTopActivityLocked: Top activity resumed ActivityRecord{41cd5850 u0 com.example.snoopy/.MainActivity t4}
12-12 22:28:45.409   970  1376 I VolumeVibratorManager: getVibrateVolume vibrateType 2
12-12 22:28:45.409   970  1376 I VolumeVibratorManager: vibratePattern()  volumeIndex 5
12-12 22:28:45.409   970  1375 I LGImmersionVibrator: [Vibrator off]
12-12 22:28:45.409  1344  1344 I ViewRootImpl: ViewRoot's Touch Event : ACTION_DOWN
12-12 22:28:45.409  1226  1264 D VolumeVibrator: clear
12-12 22:28:45.409  1226  1237 D VolumeVibrator: milliseconds : 40
12-12 22:28:45.409  1226  1237 D VolumeVibrator: getCurrent::mPatternworking : true
12-12 22:28:45.409  1226  1237 D VolumeVibrator: getCurrent::mVolumes.size : 0
12-12 22:28:45.409  1226  1237 D VolumeVibrator: getCurrent::mJustVibrate false
12-12 22:28:45.409  1226  1237 D VolumeVibrator: mPatternIndex : 1 mCurVibration.mPattern[mPatternIndex] : 40
12-12 22:28:45.409  1226  1237 D VolumeVibrator: volume vibration pattern's value: 6125
12-12 22:28:45.409  1226  1237 D VolumeVibrator: clear
12-12 22:28:45.419   970 14575 I LGImmersionVibrator: [Vibrator on] timeout_ms : 40 magnitude : 6125
12-12 22:28:45.419  1344  1344 D BubblePopupHelper: BubblePopupHelper has no instance. Hence we cannot call setShowingBubblePopup : false
12-12 22:28:45.419  1344  1344 I ViewRootImpl: ViewRoot's Touch Event : ACTION_UP
12-12 22:28:45.429 14506 14506 D BubblePopupHelper: isShowingBubblePopup : false
12-12 22:28:45.429 14506 14506 D BubblePopupHelper: isShowingBubblePopup : false
12-12 22:28:45.469 14506 14506 I ViewRootImpl: ViewRoot's Touch Event : ACTION_DOWN
12-12 22:28:45.479 14506 14506 I ViewRootImpl: ViewRoot's Touch Event : ACTION_UP
12-12 22:28:45.529 14506 14506 I ViewRootImpl: ViewRoot's Touch Event : ACTION_DOWN
12-12 22:28:45.529 14506 14506 I ViewRootImpl: ViewRoot's Touch Event : ACTION_UP
12-12 22:28:45.579 14506 14506 I ViewRootImpl: ViewRoot's Touch Event : ACTION_DOWN
12-12 22:28:45.579 14506 14506 I ViewRootImpl: ViewRoot's Touch Event : ACTION_UP
12-12 22:28:45.629   970  1555 I VolumeVibratorManager: getVibrateVolume vibrateType 2
12-12 22:28:45.629   970  1555 I VolumeVibratorManager: vibratePattern()  volumeIndex 5
12-12 22:28:45.629  1344  1344 I ViewRootImpl: ViewRoot's Touch Event : ACTION_DOWN
12-12 22:28:45.639   970  1376 I LGImmersionVibrator: [Vibrator off]
12-12 22:28:45.639   970 14576 I LGImmersionVibrator: [Vibrator on] timeout_ms : 40 magnitude : 6125
12-12 22:28:45.639  1344  1344 D BubblePopupHelper: BubblePopupHelper has no instance. Hence we cannot call setShowingBubblePopup : false
12-12 22:28:45.639 14506 14506 D BubblePopupHelper: isShowingBubblePopup : false
12-12 22:28:45.639 14506 14506 D BubblePopupHelper: isShowingBubblePopup : false
12-12 22:28:45.639  1226  1264 D VolumeVibrator: clear
12-12 22:28:45.639  1344  1344 I ViewRootImpl: ViewRoot's Touch Event : ACTION_UP
12-12 22:28:45.639  1226  1237 D VolumeVibrator: milliseconds : 40
12-12 22:28:45.639  1226  1237 D VolumeVibrator: getCurrent::mPatternworking : true
12-12 22:28:45.639  1226  1237 D VolumeVibrator: getCurrent::mVolumes.size : 0
12-12 22:28:45.639  1226  1237 D VolumeVibrator: getCurrent::mJustVibrate false
12-12 22:28:45.639  1226  1237 D VolumeVibrator: mPatternIndex : 1 mCurVibration.mPattern[mPatternIndex] : 40
12-12 22:28:45.639  1226  1237 D VolumeVibrator: volume vibration pattern's value: 6125
12-12 22:28:45.639  1226  1237 D VolumeVibrator: clear
12-12 22:28:45.689 14506 14506 I ViewRootImpl: ViewRoot's Touch Event : ACTION_DOWN
12-12 22:28:45.689 14506 14506 I ViewRootImpl: ViewRoot's Touch Event : ACTION_UP
12-12 22:28:45.749   970  1153 D PowerManagerService: updateUserActivitySummaryLocked: mWakefulness=Awake, mUserActivitySummary=0x1, nextTimeout=11953490 (in 892999 ms)
12-12 22:28:45.749  1210  1210 I ViewRootImpl: ViewRoot's Touch Event : ACTION_DOWN
12-12 22:28:45.769  1210  1210 V FlingTracker: skipping simultaneous event at t=11060496
12-12 22:28:45.769  1210  1210 V PanelView: animationTick called with dtms=0; nothing to do (h=0.0 v=0.0)
12-12 22:28:45.769  1210  1210 V PanelView: animationTick called with dtms=-9; nothing to do (h=0.0 v=0.0)
12-12 22:28:45.769  1210  1210 I ViewRootImpl: ViewRoot's Touch Event : ACTION_UP
12-12 22:28:45.799 14506 14506 I ViewRootImpl: ViewRoot's Touch Event : ACTION_DOWN
12-12 22:28:45.809 14506 14506 I ViewRootImpl: ViewRoot's Touch Event : ACTION_UP
12-12 22:28:45.859   970  1558 I VolumeVibratorManager: getVibrateVolume vibrateType 2
12-12 22:28:45.859   970  1558 I VolumeVibratorManager: vibratePattern()  volumeIndex 5
12-12 22:28:45.859  1344  1344 I ViewRootImpl: ViewRoot's Touch Event : ACTION_DOWN
12-12 22:28:45.869   970  6170 I LGImmersionVibrator: [Vibrator off]
12-12 22:28:45.869   970 14583 I LGImmersionVibrator: [Vibrator on] timeout_ms : 40 magnitude : 6125
12-12 22:28:45.869  1226  1264 D VolumeVibrator: clear
12-12 22:28:45.869  1344  1344 I ViewRootImpl: ViewRoot's Touch Event : ACTION_UP
12-12 22:28:45.869  1226  1237 D VolumeVibrator: milliseconds : 40
12-12 22:28:45.869  1226  1237 D VolumeVibrator: getCurrent::mPatternworking : true
12-12 22:28:45.869  1226  1237 D VolumeVibrator: getCurrent::mVolumes.size : 0
12-12 22:28:45.869  1226  1237 D VolumeVibrator: getCurrent::mJustVibrate false
12-12 22:28:45.869  1226  1237 D VolumeVibrator: mPatternIndex : 1 mCurVibration.mPattern[mPatternIndex] : 40
12-12 22:28:45.869  1226  1237 D VolumeVibrator: volume vibration pattern's value: 6125
12-12 22:28:45.869  1226  1237 D VolumeVibrator: clear
12-12 22:28:45.879  1344  1344 D BubblePopupHelper: BubblePopupHelper has no instance. Hence we cannot call setShowingBubblePopup : false
12-12 22:28:45.879 14506 14506 D BubblePopupHelper: isShowingBubblePopup : false
12-12 22:28:45.879 14506 14506 D BubblePopupHelper: isShowingBubblePopup : false
12-12 22:28:45.899   970  1182 V WifiServiceExtension: checkPollTimer Cnt= 0 rssi =-39 threshold=-100
12-12 22:28:45.919   970   982 I VolumeVibratorManager: getVibrateVolume vibrateType 2
12-12 22:28:45.919   970   982 I VolumeVibratorManager: vibratePattern()  volumeIndex 5
12-12 22:28:45.919   970  1572 I LGImmersionVibrator: [Vibrator off]
12-12 22:28:45.919  1344  1344 I ViewRootImpl: ViewRoot's Touch Event : ACTION_DOWN
12-12 22:28:45.919  1226  1264 D VolumeVibrator: clear
12-12 22:28:45.919  1226  1237 D VolumeVibrator: milliseconds : 40
12-12 22:28:45.919  1226  1237 D VolumeVibrator: getCurrent::mPatternworking : true
12-12 22:28:45.919  1226  1237 D VolumeVibrator: getCurrent::mVolumes.size : 0
12-12 22:28:45.919  1226  1237 D VolumeVibrator: getCurrent::mJustVibrate false
12-12 22:28:45.919  1226  1237 D VolumeVibrator: mPatternIndex : 1 mCurVibration.mPattern[mPatternIndex] : 40
12-12 22:28:45.919  1226  1237 D VolumeVibrator: volume vibration pattern's value: 6125
12-12 22:28:45.919  1226  1237 D VolumeVibrator: clear
12-12 22:28:45.929   970 14586 I LGImmersionVibrator: [Vibrator on] timeout_ms : 40 magnitude : 6125
12-12 22:28:45.929   970  1201 I VolumeVibratorManager: getVibrateVolume vibrateType 2
12-12 22:28:45.929   970  1201 I VolumeVibratorManager: vibratePattern()  volumeIndex 5
12-12 22:28:45.929   970  1376 I LGImmersionVibrator: [Vibrator off]
12-12 22:28:45.929   970 14587 I LGImmersionVibrator: [Vibrator on] timeout_ms : 40 magnitude : 6125
12-12 22:28:45.929  1226  1264 D VolumeVibrator: clear
12-12 22:28:45.929  1344  1344 I ViewRootImpl: ViewRoot's Touch Event : ACTION_UP
12-12 22:28:45.929  1226  1237 D VolumeVibrator: milliseconds : 40
12-12 22:28:45.929  1226  1237 D VolumeVibrator: getCurrent::mPatternworking : true
12-12 22:28:45.929  1226  1237 D VolumeVibrator: getCurrent::mVolumes.size : 0
12-12 22:28:45.929  1226  1237 D VolumeVibrator: getCurrent::mJustVibrate false
12-12 22:28:45.929  1226  1237 D VolumeVibrator: mPatternIndex : 1 mCurVibration.mPattern[mPatternIndex] : 40
12-12 22:28:45.929  1226  1237 D VolumeVibrator: volume vibration pattern's value: 6125
12-12 22:28:45.929  1226  1237 D VolumeVibrator: clear
12-12 22:28:45.939 14506 14506 D BubblePopupHelper: isShowingBubblePopup : false
12-12 22:28:45.939 14506 14506 D BubblePopupHelper: isShowingBubblePopup : false
12-12 22:28:45.949  1344  1344 D BubblePopupHelper: BubblePopupHelper has no instance. Hence we cannot call setShowingBubblePopup : false
12-12 22:28:45.959  1344  1344 D BubblePopupHelper: BubblePopupHelper has no instance. Hence we cannot call setShowingBubblePopup : false
12-12 22:28:45.959 14506 14506 D BubblePopupHelper: isShowingBubblePopup : false
12-12 22:28:45.959 14506 14506 D BubblePopupHelper: isShowingBubblePopup : false
12-12 22:28:45.989 14506 14506 I ViewRootImpl: ViewRoot's Touch Event : ACTION_DOWN
12-12 22:28:45.989 14506 14506 I ViewRootImpl: ViewRoot's Touch Event : ACTION_UP
12-12 22:28:46.099 14506 14506 E ViewRootImpl: mIsPenSupport: :true
12-12 22:28:46.099 14506 14506 D AndroidRuntime: Shutting down VM
12-12 22:28:46.099 14506 14506 W dalvikvm: threadid=1: thread exiting with uncaught exception (group=0x417e1e48)
12-12 22:28:46.099   970  1572 I VolumeVibratorManager: getVibrateVolume vibrateType 2
12-12 22:28:46.099   970  1572 I VolumeVibratorManager: vibratePattern()  volumeIndex 5
12-12 22:28:46.099   970   983 I LGImmersionVibrator: [Vibrator off]
12-12 22:28:46.099  1344  1344 I ViewRootImpl: ViewRoot's Touch Event : ACTION_DOWN
12-12 22:28:46.099 14506 14506 E AndroidRuntime: FATAL EXCEPTION: main
12-12 22:28:46.099 14506 14506 E AndroidRuntime: Process: com.example.snoopy, PID: 14506
12-12 22:28:46.099 14506 14506 E AndroidRuntime: java.lang.IllegalArgumentException: Given String is empty or null
12-12 22:28:46.099 14506 14506 E AndroidRuntime: 	at com.google.android.gms.common.internal.zzbp.zzgg(Unknown Source)
12-12 22:28:46.099 14506 14506 E AndroidRuntime: 	at com.google.firebase.auth.FirebaseAuth.createUserWithEmailAndPassword(Unknown Source)
12-12 22:28:46.099 14506 14506 E AndroidRuntime: 	at com.example.snoopy.MainActivity.registerUser(MainActivity.java:84)
12-12 22:28:46.099 14506 14506 E AndroidRuntime: 	at com.example.snoopy.MainActivity.onClick(MainActivity.java:107)
12-12 22:28:46.099 14506 14506 E AndroidRuntime: 	at android.view.View.performClick(View.java:4461)
12-12 22:28:46.099 14506 14506 E AndroidRuntime: 	at android.view.View$PerformClick.run(View.java:18525)
12-12 22:28:46.099 14506 14506 E AndroidRuntime: 	at android.os.Handler.handleCallback(Handler.java:733)
12-12 22:28:46.099 14506 14506 E AndroidRuntime: 	at android.os.Handler.dispatchMessage(Handler.java:95)
12-12 22:28:46.099 14506 14506 E AndroidRuntime: 	at android.os.Looper.loop(Looper.java:136)
12-12 22:28:46.099 14506 14506 E AndroidRuntime: 	at android.app.ActivityThread.main(ActivityThread.java:5118)
12-12 22:28:46.099 14506 14506 E AndroidRuntime: 	at java.lang.reflect.Method.invokeNative(Native Method)
12-12 22:28:46.099 14506 14506 E AndroidRuntime: 	at java.lang.reflect.Method.invoke(Method.java:515)
12-12 22:28:46.099 14506 14506 E AndroidRuntime: 	at com.android.internal.os.ZygoteInit$MethodAndArgsCaller.run(ZygoteInit.java:790)
12-12 22:28:46.099 14506 14506 E AndroidRuntime: 	at com.android.internal.os.ZygoteInit.main(ZygoteInit.java:606)
12-12 22:28:46.099 14506 14506 E AndroidRuntime: 	at dalvik.system.NativeStart.main(Native Method)
12-12 22:28:46.099  1226  1264 D VolumeVibrator: clear
12-12 22:28:46.109   970 14588 I LGImmersionVibrator: [Vibrator on] timeout_ms : 40 magnitude : 6125
12-12 22:28:46.109  1344  1344 I ViewRootImpl: ViewRoot's Touch Event : ACTION_UP
12-12 22:28:46.109  1226  1237 D VolumeVibrator: milliseconds : 40
12-12 22:28:46.109  1226  1237 D VolumeVibrator: getCurrent::mPatternworking : true
12-12 22:28:46.109  1226  1237 D VolumeVibrator: getCurrent::mVolumes.size : 0
12-12 22:28:46.109  1226  1237 D VolumeVibrator: getCurrent::mJustVibrate false
12-12 22:28:46.109  1226  1237 D VolumeVibrator: mPatternIndex : 1 mCurVibration.mPattern[mPatternIndex] : 40
12-12 22:28:46.109  1226  1237 D VolumeVibrator: volume vibration pattern's value: 6125
12-12 22:28:46.109  1226  1237 D VolumeVibrator: clear
12-12 22:28:46.109   970 12350 W ActivityManager:   Force finishing activity com.example.snoopy/.MainActivity
12-12 22:28:46.119   970 12350 V ActivityManager: Moving to PAUSING: ActivityRecord{41cd5850 u0 com.example.snoopy/.MainActivity t4 f}
12-12 22:28:46.269   970 12350 D dalvikvm: GC_FOR_ALLOC freed 2617K, 43% free 17749K/31136K, paused 135ms, total 135ms
12-12 22:28:46.269   970 12350 I dalvikvm-heap: Grow heap (frag case) to 20.727MB for 855792-byte allocation
12-12 22:28:46.389   970 12350 D dalvikvm: GC_FOR_ALLOC freed 31K, 42% free 18559K/31972K, paused 117ms, total 117ms
12-12 22:28:46.399   970 12350 I dalvikvm-heap: Grow heap (frag case) to 21.518MB for 855792-byte allocation
12-12 22:28:46.399  1226  1238 D SplitWindowPolicyService: updateActivityStateChanged: resumed=false pkgName=co.....MainActivity, screenId=3, isScreenFull=true, isMinimized=false, topRunningActivity=ActivityInfo{41b91ac8 co.....MainActivity}, taskId=4, activityType=0
12-12 22:28:46.399   970  1038 D SettingsProvider: User 0 external modification to /data/data/com.android.providers.settings/databases/settings.db; event=2
12-12 22:28:46.399   970  1038 D SettingsProvider: User 0 updating our caches for /data/data/com.android.providers.settings/databases/settings.db
12-12 22:28:46.399   970  1033 I SensorManager: removeAllSensors  sensor: LGE Motion Accel Sensor, by pid 970
12-12 22:28:46.399   970  1033 I qcom_sensors_hal: _hal_sensors_activate: handle=34, enabled=0
12-12 22:28:46.399   970  1033 I qcom_sensors_hal: _hal_sensors_activate: active_sensors mask=0x400000000 handle=34
12-12 22:28:46.399   970  1033 D qcom_sensors_hal: hal_schedule_acquire_resources: Setting acquire resources timer for 10000 usec
12-12 22:28:46.409   970  1013 D qcom_sensors_hal: hal_acquire_resources
12-12 22:28:46.419   970  1013 D qcom_sensors_hal: hal_acquire_resources: Deactivating sensor handle=34
12-12 22:28:46.419   970  1013 D qcom_sensors_hal: hal_ma_stop: Stopping Motion Accel sensor
12-12 22:28:46.419   970  1013 D qcom_sensors_hal: hal_sam_send_cancel: Sending cancel to 5
12-12 22:28:46.419   970  1013 D qcom_sensors_hal: hal_sam_send_cancel: Sending cancel to 0
12-12 22:28:46.419   970  1150 D qcom_sensors_hal: hal_ma_thread: Leaving Motion Accel thread
12-12 22:28:46.419   970  1013 I qcom_sensors_hal: hal_sensor1_close: closing sensor1...
12-12 22:28:46.419   970  1013 I qcom_sensors_hal: hal_time_stop: closing sensor1...
12-12 22:28:46.479   970  1021 E ViewRootImpl: mIsPenSupport: :true
12-12 22:28:46.489   721   728 E Diag_Lib: [IMS_FATAL]| 2912 | 728 |ims-rtp-daemon ims_rtp_qmi_handler_thread_func waiting on select thread>
12-12 22:28:46.489   970  1179 D WifiStateMachine: handleMessage: E msg.what=131155
12-12 22:28:46.489   970  1179 D WifiStateMachine: processMsg: ConnectedState
12-12 22:28:46.489   970  1179 D WifiStateMachine: processMsg: L2ConnectedState
12-12 22:28:46.489   970  1179 D WifiNative-wlan0: doString: SIGNAL_POLL
12-12 22:28:46.489  1200  1200 D wpa_supplicant: wlan0: Control interface command 'SIGNAL_POLL'
12-12 22:28:46.489   303   381 I Vold    : [LGE][VOLD][NetlinkHandler.cpp][onEvent()] subsys:cpu, action:0
12-12 22:28:46.509  1200  1200 D wpa_supplicant: nl80211: survey data missing!
12-12 22:28:46.509 14491 14491 I AndroidRuntime: VM exiting with result code 215.
12-12 22:28:46.509   970  1179 D WifiStateMachine: handleMessage: X
12-12 22:28:46.529   970  1038 D SettingsProvider: row count exceeds max cache entries for table system
12-12 22:28:46.529   970  1038 D SettingsProvider: User 0 external modification to /data/data/com.android.providers.settings/databases/settings.db; event=2
12-12 22:28:46.539   970  1038 D SettingsProvider: User 0 updating our caches for /data/data/com.android.providers.settings/databases/settings.db
12-12 22:28:46.559   970  1033 I SensorManager: registerListenerImpl  sensor: LGE Motion Accel Sensor, listener: com.android.internal.policy.impl.WindowOrientationListener$SensorEventListenerImpl@41cae0f8 by pid 970
12-12 22:28:46.559   970  1033 I qcom_sensors_hal: _hal_sensors_batch: period_ns=66667000 sns_hndl: 34 timeout: 0 flags:0x1
12-12 22:28:46.559   970  1033 I qcom_sensors_hal: _hal_sensors_batch: period_ns=66667000 sns_hndl: 34 timeout: 0 flags:0x0
12-12 22:28:46.559   970  1033 D qcom_sensors_hal: _hal_sensors_batch: sample_rate=120 report_rate=0 curr sample rate:0 cur rpt rate:0 max:120.000000 min:1.000000
12-12 22:28:46.559   970  1033 D qcom_sensors_hal: hal_schedule_acquire_resources: Setting acquire resources timer for 10000 usec
12-12 22:28:46.559   970  1033 I qcom_sensors_hal: _hal_sensors_flush: handle=34
12-12 22:28:46.559   970  1033 D qcom_sensors_hal: _hal_sensors_flush: handle 34 is inactive
12-12 22:28:46.559   970  1033 I qcom_sensors_hal: _hal_sensors_activate: handle=34, enabled=1
12-12 22:28:46.559   970  1033 D qcom_sensors_hal: hal_wait_for_response: timeout=1000
12-12 22:28:46.569   970 14603 D qcom_sensors_hal: hal_time_data_cb: msg_type 1
12-12 22:28:46.569   970 14603 D qcom_sensors_hal: hal_time_data_cb: Sn 24, msg Id 2, txn Id 1
12-12 22:28:46.569   970 14603 D qcom_sensors_hal: hal_ts_offset_is: Apps: 1513135726567175655; DSPS: 362568111; Offset: 1513124661866522579
12-12 22:28:46.569   970  1033 I qcom_sensors_hal: _hal_sensors_activate: active_sensors mask=0x0 handle=34
12-12 22:28:46.569   970  1033 D qcom_sensors_hal: hal_schedule_acquire_resources: Resetting acquire resources timer for 10000 usec. old_value = 3453 usec
12-12 22:28:46.579   970  1013 D qcom_sensors_hal: hal_acquire_resources
12-12 22:28:46.579   970  1013 I qcom_sensors_hal: Sensor1 open: 0 282
12-12 22:28:46.579   970  1013 D qcom_sensors_hal: hal_acquire_resources: found active sensor handle=34, sample_rate=120 report_rate=0 WuFF=0 batched=0
12-12 22:28:46.579   970  1013 D qcom_sensors_hal: hal_apply_rate: handle 34, sample rate:120 report rate:0 WuFF:0 buffering:0 ignore_prev:1
12-12 22:28:46.579   970  1038 D SettingsProvider: row count exceeds max cache entries for table system
12-12 22:28:46.589   970 14606 D qcom_sensors_hal: hal_ma_thread: Starting Motion Accel thread
12-12 22:28:46.589   970 14606 D qcom_sensors_hal: hal_ma_start_rmd: Enabling RMD
12-12 22:28:46.589   970  1014 D qcom_sensors_hal: hal_ma_sensor1_data_cb: Id: 34 Resp: 0 txn id 0
12-12 22:28:46.589   970 14606 D qcom_sensors_hal: hal_ma_thread: wait on RMD ind
12-12 22:28:46.609   970  1033 I SystemUI[Framework]: PhoneWindowManager.updateSystemUiVisibilityLw() :visibility=0x0, pkg=android
12-12 22:28:46.609   970   983 I ActivityManager: Killing 13681:com.uei.lg.quicksetsdk.lite/u0a101 (adj 15): empty #14
12-12 22:28:46.649   970  1555 W ActivityManager: Scheduling restart of crashed service com.uei.lg.quicksetsdk.lite/com.uei.control.Service in 1000ms
12-12 22:28:46.649   970  1555 D ActivityManager: resumeTopActivityLocked: No more activities go home
12-12 22:28:46.659  1519  1534 I com.skyfire.browser.toolbar.ProcessObserverService: On process died 13681,10101
12-12 22:28:46.659  1519  1536 I com.skyfire.browser.toolbar.ProcessObserverService: On importance changed 14506,15808,400
12-12 22:28:46.659  1519  1536 I com.skyfire.browser.toolbar.ProcessObserverService: On foreground activity changed : 1559,10026,true
12-12 22:28:46.659   970  1555 D ActivityManager: allPausedActivitiesComplete: r=ActivityRecord{41cd5850 u0 com.example.snoopy/.MainActivity t4 f} state=PAUSING
12-12 22:28:46.659   970  1555 V ActivityManager: resumeTopActivityLocked: Skip resume: some activity pausing.
12-12 22:28:46.659   970  1555 D ActivityManager: allPausedActivitiesComplete: r=ActivityRecord{41cd5850 u0 com.example.snoopy/.MainActivity t4 f} state=PAUSING
12-12 22:28:46.659   970  1555 V ActivityManager: resumeTopActivityLocked: Skip resume: some activity pausing.
12-12 22:28:46.669  1519  1536 I com.skyfire.browser.toolbar.ProcessObserverService: On importance changed 1559,10026,100
12-12 22:28:46.689 13662 13662 I QRemote : [RemoteControlManager.java:206:onServiceDisconnected()] oooooo start
12-12 22:28:46.699 13662 13662 W System.err: android.os.DeadObjectException
12-12 22:28:46.699 13662 13662 W System.err: 	at android.os.BinderProxy.transact(Native Method)
12-12 22:28:46.699 13662 13662 W System.err: 	at com.uei.control.IControl.unregisterCallback(IControl.java:502)
12-12 22:28:46.699 13662 13662 W System.err: 	at com.lge.qremote.remote.system.RemoteControlManager$1.onServiceDisconnected(RemoteControlManager.java:210)
12-12 22:28:46.699 13662 13662 W System.err: 	at android.app.LoadedApk$ServiceDispatcher.doDeath(LoadedApk.java:1129)
12-12 22:28:46.699 13662 13662 W System.err: 	at android.app.LoadedApk$ServiceDispatcher$RunConnection.run(LoadedApk.java:1143)
12-12 22:28:46.699 13662 13662 W System.err: 	at android.os.Handler.handleCallback(Handler.java:733)
12-12 22:28:46.699 13662 13662 W System.err: 	at android.os.Handler.dispatchMessage(Handler.java:95)
12-12 22:28:46.699 13662 13662 W System.err: 	at android.os.Looper.loop(Looper.java:136)
12-12 22:28:46.699 13662 13662 W System.err: 	at android.app.ActivityThread.main(ActivityThread.java:5118)
12-12 22:28:46.699 13662 13662 W System.err: 	at java.lang.reflect.Method.invokeNative(Native Method)
12-12 22:28:46.699 13662 13662 W System.err: 	at java.lang.reflect.Method.invoke(Method.java:515)
12-12 22:28:46.699 13662 13662 W System.err: 	at com.android.internal.os.ZygoteInit$MethodAndArgsCaller.run(ZygoteInit.java:790)
12-12 22:28:46.699 13662 13662 W System.err: 	at com.android.internal.os.ZygoteInit.main(ZygoteInit.java:606)
12-12 22:28:46.699 13662 13662 W System.err: 	at dalvik.system.NativeStart.main(Native Method)
12-12 22:28:46.699 13662 13662 E UEI.SmartControl: IControl.unregisterCallback error: android.os.DeadObjectException
12-12 22:28:46.699 13662 13662 W System.err: android.os.DeadObjectException
12-12 22:28:46.699 13662 13662 W System.err: 	at android.os.BinderProxy.transact(Native Method)
12-12 22:28:46.699 13662 13662 W System.err: 	at com.uei.control.IControl.unregisterSetupReadyCallback(IControl.java:818)
12-12 22:28:46.699 13662 13662 W System.err: 	at com.lge.qremote.remote.system.RemoteControlManager$1.onServiceDisconnected(RemoteControlManager.java:211)
12-12 22:28:46.709 13662 13662 W System.err: 	at android.app.LoadedApk$ServiceDispatcher.doDeath(LoadedApk.java:1129)
12-12 22:28:46.709 13662 13662 W System.err: 	at android.app.LoadedApk$ServiceDispatcher$RunConnection.run(LoadedApk.java:1143)
12-12 22:28:46.709 13662 13662 W System.err: 	at android.os.Handler.handleCallback(Handler.java:733)
12-12 22:28:46.709 13662 13662 W System.err: 	at android.os.Handler.dispatchMessage(Handler.java:95)
12-12 22:28:46.709 13662 13662 W System.err: 	at android.os.Looper.loop(Looper.java:136)
12-12 22:28:46.709 13662 13662 W System.err: 	at android.app.ActivityThread.main(ActivityThread.java:5118)
12-12 22:28:46.709 13662 13662 W System.err: 	at java.lang.reflect.Method.invokeNative(Native Method)
12-12 22:28:46.709 13662 13662 W System.err: 	at java.lang.reflect.Method.invoke(Method.java:515)
12-12 22:28:46.709 13662 13662 W System.err: 	at com.android.internal.os.ZygoteInit$MethodAndArgsCaller.run(ZygoteInit.java:790)
12-12 22:28:46.709 13662 13662 W System.err: 	at com.android.internal.os.ZygoteInit.main(ZygoteInit.java:606)
12-12 22:28:46.709 13662 13662 W System.err: 	at dalvik.system.NativeStart.main(Native Method)
12-12 22:28:46.709 13662 13662 E UEI.SmartControl: IControl.unregisterSetupReadyCallback error: android.os.DeadObjectException
12-12 22:28:46.709 13662 13662 D QRemote : [RemoteControlManager.java:453:setStateInt()] oooooo RemoteControl set [State]10
12-12 22:28:46.709 13662 13662 I QRemote : [RemoteControlManager.java:152:onBindIRService()] oooooo bind
12-12 22:28:46.739 13662 13662 D QRemote : [RemoteControlManager.java:453:setStateInt()] oooooo RemoteControl set [State]11
12-12 22:28:46.739   970  1917 I ActivityManager: Start proc com.uei.lg.quicksetsdk.lite for service com.uei.lg.quicksetsdk.lite/com.uei.control.Service: pid=14609 uid=10101 gids={50101, 3003, 1028, 1015}
12-12 22:28:46.749  1559  1559 I [LGHome]EVENT: [Launcher.java:5219:onStart()]onStart
12-12 22:28:46.749  1519  1534 I com.skyfire.browser.toolbar.ProcessObserverService: On importance changed 14609,10101,400
12-12 22:28:46.769 14609 14609 D HyLog   : I : /data/font/config/sfconfig.dat, No such file or directory (2)
12-12 22:28:46.769 14609 14609 D HyLog   : I : /data/font/config/dfactpre.dat, No such file or directory (2)
12-12 22:28:46.769 14609 14609 D HyLog   : I : /data/font/config/sfconfig.dat, No such file or directory (2)
12-12 22:28:46.799  1559 14621 D WallpaperManager: suggestDesiredDimensions(1600, 1280) by package(com.lge.launcher2)
12-12 22:28:46.829 14609 14609 D UEI.SmartControl: Quickset Services start...
12-12 22:28:46.839 14609 14609 I UEI.SmartControl: Manufacture = LGE
12-12 22:28:46.839 14609 14609 D UEI.SmartControl: Extracting JNI libs...
12-12 22:28:46.849 14609 14609 D UEI.SmartControl: QS Libs size = 262388
12-12 22:28:46.899   970  1021 W ActivityManager: Activity pause timeout for ActivityRecord{41cd5850 u0 com.example.snoopy/.MainActivity t4 f}
12-12 22:28:46.899   970  1021 V ActivityManager: Moving to PAUSED: ActivityRecord{41cd5850 u0 com.example.snoopy/.MainActivity t4 f} (due to timeout)
12-12 22:28:46.899   970  1021 V ActivityManager: Moving to STOPPING: ActivityRecord{41cd5850 u0 com.example.snoopy/.MainActivity t4 f} (finish requested)
12-12 22:28:46.899   970  1021 V ActivityManager: Moving to RESUMED: ActivityRecord{4241fe00 u0 com.lge.launcher2/.Launcher t1} (in existing)
12-12 22:28:46.899  1226  1237 D SplitWindowPolicyService: updateActivityStateChanged: resumed=true pkgName=co.....Launcher, screenId=0, isScreenFull=true, isMinimized=false, topRunningActivity=ActivityInfo{41c8e750 co.....Launcher}, taskId=1, activityType=1
12-12 22:28:46.899   970  1021 D ActivityManager: resumeTopActivityLocked: Resumed ActivityRecord{4241fe00 u0 com.lge.launcher2/.Launcher t1}
12-12 22:28:46.909  1226  1238 V SplitWindowPolicyService: requestUpdateStackInfo
12-12 22:28:46.919  1559  1559 I [LGHome]EVENT: [Launcher.java:870:onResume()]onResume
12-12 22:28:46.949   970  1033 I SystemUI[Framework]: PhoneWindowManager.updateSystemUiVisibilityLw() :visibility=0x40000000, pkg=android
12-12 22:28:46.969  1559  1559 I [LGHome]LGActivityUtil: [LGActivityUtil.java:303:notifyToWeatherWidget()]broadcast to weather widget, intent: Intent { act=com.lge.launcher2.RESUME }
12-12 22:28:46.979  1559  1559 I [LGHome]EVENT: [Launcher.java:1023:onResume()]onResume end
12-12 22:28:46.979  1559  1559 I ActivityManager: Timeline: Activity_idle id: android.os.BinderProxy@41b41fc0 time:11061722
12-12 22:28:46.989   970  1014 D qcom_sensors_hal: hal_process_report_ind: St: 0 ReportId: 34 Rate: 0, Len: 1
12-12 22:28:46.989   970  1014 D qcom_sensors_hal: hal_process_report_ind: Id: ACCEL_DATA: Ty: 0 Q: 5
12-12 22:28:46.989   970  1014 D qcom_sensors_hal: hal_process_report_ind: X: 0.525360 Y: 0.119904 Z: 9.614456 
12-12 22:28:46.989   970  1019 D qcom_sensors_hal: _hal_sensors_data_poll: poll data:1;data[0].sensor:34 .type:33171011 .x:0.525360 .y:0.119904 .z:9.614456
12-12 22:28:46.989   970  1019 D qcom_sensors_hal: _hal_sensors_data_poll: cnt: 256
12-12 22:28:46.989   970  1019 D qcom_sensors_hal: hal_wait_for_response: timeout=0
12-12 22:28:46.989  1377  1377 D WeatherAncestor: 2 : onReceive, action: com.lge.launcher2.RESUME, Time(hour:min:sec) 22:28:46
12-12 22:28:46.999   970  1020 I ActivityManager: Timeline: Activity_windows_visible id: ActivityRecord{4241fe00 u0 com.lge.launcher2/.Launcher t1} time:11061746
12-12 22:28:46.999  1377  1377 D UpdateThreadPoolManager: 2 : This is isUpdating : false
12-12 22:28:46.999   970  1021 V ActivityManager: Moving to FINISHING: ActivityRecord{41cd5850 u0 com.example.snoopy/.MainActivity t4 f}
12-12 22:28:46.999   970  1021 V ActivityManager: Moving to DESTROYING: ActivityRecord{41cd5850 u0 com.example.snoopy/.MainActivity t4 f} (destroy requested)
12-12 22:28:47.009  1519  1536 I com.skyfire.browser.toolbar.ProcessObserverService: On foreground activity changed : 14506,15808,false
12-12 22:28:47.029  1377  1377 D WeatherService: 2 : shouldTimeTickRegistered - 4x2 : 1, FphWidget : 0
12-12 22:28:47.029  1377  1377 D WeatherService: 2 : shouldTimeTickRegistered : true - home screen widget is shown.
12-12 22:28:47.029  1377  1377 D WeatherAncestor: 2 : shouldTimeTickRegistered().........
12-12 22:28:47.039  1377  1377 W ContextImpl: Implicit intents with startService are not safe: Intent { act=com.lge.weather.WIDGET_REFRESH } android.content.ContextWrapper.startService:494 android.content.ContextWrapper.startService:494 com.lge.sizechangable.weather.layout.WeatherWidget.onReceive:463 
12-12 22:28:47.039  1377  1377 D WeatherAncestor: 2 : onReceive has processed, action: com.lge.launcher2.RESUME, Time(hour:min:sec) 22:28:47
12-12 22:28:47.039  1377  1377 D WeatherService: 2 : onStartCommand, intent!=null, action: com.lge.launcher2.RESUME
12-12 22:28:47.049  1226  1343 D dalvikvm: GC_EXPLICIT freed 31K, 65% free 4126K/11632K, paused 11ms+11ms, total 114ms
12-12 22:28:47.059   970  1014 D qcom_sensors_hal: hal_process_report_ind: St: 0 ReportId: 34 Rate: 0, Len: 1
12-12 22:28:47.069  1226  1343 V SplitWindowPolicyService: updateScreenStateAndRunningActivity: screenId=0, isFull=true, isMinimized=false, topRunningActivity=ActivityInfo{41c8e750 co.....Launcher}, uid=10026
12-12 22:28:47.089 14609 14609 I UEI.SmartControl: --- Selecting new region: 2
12-12 22:28:47.089 14609 14609 I UEI.SmartControl: -- Running on KitKat(19) and above! JNI will be used.
12-12 22:28:47.089  1377  1377 D Weather.Utils: 2 : Utils getTopActivity com.lge.launcher2 / true
12-12 22:28:47.089 14609 14609 I UEI.SmartControl: Model: LG-V410 uses JNI
12-12 22:28:47.089  1377  1377 D WeatherService: 2 : shouldTimeTickRegistered - 4x2 : 1, FphWidget : 0
12-12 22:28:47.089  1377  1377 D WeatherService: 2 : shouldTimeTickRegistered : true - home screen widget is shown.
12-12 22:28:47.089 14609 14609 D UEI.SmartControl: QS Service created
12-12 22:28:47.099  1377  1377 D WeatherService: 2 : onStartCommand, intent!=null, action: com.lge.weather.WIDGET_REFRESH
12-12 22:28:47.099  1377  1377 D WeatherService: 2 : requestRefreshAppWidget, isUpdateStart : false
12-12 22:28:47.109  1377  1377 D UpdateThreadPoolManager: 2 : This is isUpdating : false
12-12 22:28:47.119  1377  1377 D WeatherService: 2 : requestRefreshAppWidget, isUpdating : false
12-12 22:28:47.119  1377  1377 D WeatherAncestor: 2 : buildUpdate, appWidgetId: 5
12-12 22:28:47.129  1377  1377 D WeatherReflect: 2 : Map key string is -2
12-12 22:28:47.129  1377  1377 D lim     : 2 : time = 10:28 PM
12-12 22:28:47.129  1377  1377 I WeatherReflect: Model Name : LG-V410
12-12 22:28:47.129  1377  1377 D WeatherTheme: 2 : exactly same view!
12-12 22:28:47.129  1377  1377 D WeatherTheme: 2 : widgetId = 5 : widgetSize = 1 : Do not refresh any widget.
12-12 22:28:47.129  1377  1377 D Weather.Utils: 2 : Utils getTopActivity com.lge.launcher2 / true
12-12 22:28:47.139 14609 14609 E UEI.SmartControl: QS start get config
12-12 22:28:47.149  1377  1377 D WeatherService: 2 : shouldTimeTickRegistered - 4x2 : 1, FphWidget : 0
12-12 22:28:47.159  1377  1377 D WeatherService: 2 : shouldTimeTickRegistered : true - home screen widget is shown.
12-12 22:28:47.229 14609 14609 D UEI.SmartControl: Loading JNI Libs...
12-12 22:28:47.229 14609 14609 D dalvikvm: Trying to load lib /data/data/com.uei.lg.quicksetsdk.lite/files/libcurl.so 0x41b3d6b0
12-12 22:28:47.229 14609 14609 D dalvikvm: Added shared lib /data/data/com.uei.lg.quicksetsdk.lite/files/libcurl.so 0x41b3d6b0
12-12 22:28:47.229 14609 14609 D dalvikvm: No JNI_OnLoad found in /data/data/com.uei.lg.quicksetsdk.lite/files/libcurl.so 0x41b3d6b0, skipping init
12-12 22:28:47.229 14609 14609 D dalvikvm: Trying to load lib /data/data/com.uei.lg.quicksetsdk.lite/files/libjson.so 0x41b3d6b0
12-12 22:28:47.229 14609 14609 D dalvikvm: Added shared lib /data/data/com.uei.lg.quicksetsdk.lite/files/libjson.so 0x41b3d6b0
12-12 22:28:47.229 14609 14609 D dalvikvm: No JNI_OnLoad found in /data/data/com.uei.lg.quicksetsdk.lite/files/libjson.so 0x41b3d6b0, skipping init
12-12 22:28:47.229 14609 14609 D dalvikvm: Trying to load lib /data/data/com.uei.lg.quicksetsdk.lite/files/libqs.so 0x41b3d6b0
12-12 22:28:47.229 14609 14609 D dalvikvm: Added shared lib /data/data/com.uei.lg.quicksetsdk.lite/files/libqs.so 0x41b3d6b0
12-12 22:28:47.229 14609 14609 D dalvikvm: No JNI_OnLoad found in /data/data/com.uei.lg.quicksetsdk.lite/files/libqs.so 0x41b3d6b0, skipping init
12-12 22:28:47.229 14609 14609 D dalvikvm: Trying to load lib /data/data/com.uei.lg.quicksetsdk.lite/files/libndk_jni.so 0x41b3d6b0
12-12 22:28:47.229 14609 14609 D dalvikvm: Added shared lib /data/data/com.uei.lg.quicksetsdk.lite/files/libndk_jni.so 0x41b3d6b0
12-12 22:28:47.229 14609 14609 D quickset:  QS libjni JNI_OnLoad 
12-12 22:28:47.229 14609 14609 D UEI.SmartControl:  configuring local db...
12-12 22:28:47.239 14506 14513 I dalvikvm: Total arena pages for JIT: 11
12-12 22:28:47.239 14506 14513 I dalvikvm: Total arena pages for JIT: 12
12-12 22:28:47.239 14506 14513 I dalvikvm: Total arena pages for JIT: 13
12-12 22:28:47.239 14506 14513 I dalvikvm: Total arena pages for JIT: 14
12-12 22:28:47.289 14506 14544 I FA      : Tag Manager is not found and thus will not be used
12-12 22:28:47.469 14609 14609 D UEI.SmartControl:  ---- Has DB8: true
12-12 22:28:47.509 14609 14609 D UEI.SmartControl: QS start statue = true Error code = 0
12-12 22:28:47.509 14609 14609 D UEI.SmartControl: QS version = v2.5.2.1_RC10
12-12 22:28:47.509 14609 14609 D UEI.SmartControl: QS DB version = LG_Mobile_SW_Blaster_EU_database_v3.4_nevosmart
12-12 22:28:47.519 14609 14609 D UEI.SmartControl: IRRCDataComm has AudioManager!!!!.
12-12 22:28:47.529 14609 14609 D dalvikvm: No JNI_OnLoad found in /system/lib/libirrc.so 0x41b3d6b0, skipping init
12-12 22:28:47.529 14609 14609 D dalvikvm: No JNI_OnLoad found in /system/lib/libirrcJni.so 0x41b3d6b0, skipping init
12-12 22:28:47.529 14609 14609 W irrc_jni: IRRCPlayer_nativeInit ++ 
12-12 22:28:47.529 14609 14609 D irrcClient: IrrcClient ++ 
12-12 22:28:47.529 14609 14609 D irrcClient: getIrrcService ++ 
12-12 22:28:47.529 14609 14609 E irrcClient: sDeathNotifier = new DeathNotifier();
12-12 22:28:47.529 14609 14609 E irrcClient: linkToDeath...
12-12 22:28:47.529 14609 14609 D irrcClient: getIrrcService -- 
12-12 22:28:47.529 14609 14609 D irrcClient: IrrcClient -- 
12-12 22:28:47.529 14609 14609 W irrc_jni: IRRCPlayer_nativeInit -- 
12-12 22:28:47.529 14609 14632 I UEI.SmartControl: Device manager: loading config....
12-12 22:28:47.529 14609 14609 D UEI.SmartControl: Services init done
12-12 22:28:47.539 14609 14609 D UEI.SmartControl: QS Service init finished
12-12 22:28:47.539 14609 14609 D UEI.SmartControl: QS Service version name: 0.1.67
12-12 22:28:47.539 14609 14609 D UEI.SmartControl: QS Service version code: 1
12-12 22:28:47.539 14609 14632 D UEI.SmartControl: Config is loaded...
12-12 22:28:47.539 14609 14609 D UEI.SmartControl: Service requested: Control
12-12 22:28:47.549 13662 13662 I QRemote : [RemoteControlManager.java:191:onServiceConnected()] oooooo start
12-12 22:28:47.549 14609 14620 D UEI.SmartControl: -----IControl: 11
12-12 22:28:47.549 14609 14609 D UEI.SmartControl: Internal service binding...
12-12 22:28:47.549 14609 14620 D UEI.SmartControl: ------------ IControl registerCallback...
12-12 22:28:47.549 14609 14620 I UEI.SmartControl: Registering callback...
12-12 22:28:47.549   970   983 I ActivityManager: Killing 13662:com.lge.qremote/u0a33 (adj 15): empty #14
12-12 22:28:47.559  1226  3934 V SplitWindowPolicyService: requestUpdateStackInfo
12-12 22:28:47.559  1519  1534 I com.skyfire.browser.toolbar.ProcessObserverService: On process died 13662,10033
12-12 22:28:47.559   970  1201 D ActivityManager: resumeTopActivityLocked: Top activity resumed ActivityRecord{4241fe00 u0 com.lge.launcher2/.Launcher t1}
12-12 22:28:47.569 14609 14631 D UEI.SmartControl:  ----- QS SDK is ready!!!
12-12 22:28:47.569 14609 14631 I UEI.SmartControl: Notify AllClients services are ready: 0
12-12 22:28:47.729   323   417 I ThermalEngine: Sensor:pa_therm1:30000 mC
12-12 22:28:47.759   970  1014 D qcom_sensors_hal: hal_ma_sensor1_data_cb: Update motion state 1 -> 1
12-12 22:28:47.759   970 14606 D qcom_sensors_hal: hal_ma_thread: wait on RMD ind
12-12 22:28:47.799   303   381 I Vold    : [LGE][VOLD][NetlinkHandler.cpp][onEvent()] subsys:cpu, action:0
12-12 22:28:48.109   303   381 I Vold    : [LGE][VOLD][NetlinkHandler.cpp][onEvent()] subsys:cpu, action:0
12-12 22:28:48.259   970  1014 D qcom_sensors_hal: hal_sam_send_cancel: Sending cancel to 0
