--------- beginning of /dev/log/main
12-12 12:17:18.747   990  1143 D qcom_sensors_hal: hal_time_data_cb: msg_type 2
12-12 12:17:18.757   990  1143 D qcom_sensors_hal: hal_time_data_cb: Sn 24, msg Id 3, txn Id 0
12-12 12:17:18.757   990  1143 D qcom_sensors_hal: hal_ts_offset_is: Apps: 1513109838759320174; DSPS: 927763665; Offset: 1513081525659192001
12-12 12:17:19.107   990  1176 D WifiStateMachine: handleMessage: E msg.what=131155
12-12 12:17:19.107   990  1176 D WifiStateMachine: processMsg: ConnectedState
12-12 12:17:19.107   990  1176 D WifiStateMachine: processMsg: L2ConnectedState
12-12 12:17:19.107   990  1176 D WifiNative-wlan0: doString: SIGNAL_POLL
12-12 12:17:19.107  1198  1198 D wpa_supplicant: wlan0: Control interface command 'SIGNAL_POLL'
12-12 12:17:19.127  1198  1198 D wpa_supplicant: nl80211: survey data missing!
12-12 12:17:19.127   990  1176 D WifiStateMachine: handleMessage: X
12-12 12:17:19.427   990  1179 V WifiServiceExtension: checkPollTimer Cnt= 0 rssi =-37 threshold=-100
--------- beginning of /dev/log/system
12-12 12:17:19.797   304   384 I Vold    : [LGE][VOLD][NetlinkHandler.cpp][onEvent()] subsys:cpu, action:0
12-12 12:17:20.007 19672 19672 D AndroidRuntime: 
12-12 12:17:20.007 19672 19672 D AndroidRuntime: >>>>>> AndroidRuntime START com.android.internal.os.RuntimeInit <<<<<<
12-12 12:17:20.007 19672 19672 D AndroidRuntime: CheckJNI is OFF
12-12 12:17:20.027 19672 19672 D dalvikvm: Trying to load lib libjavacore.so 0x0
12-12 12:17:20.027 19672 19672 D dalvikvm: Added shared lib libjavacore.so 0x0
12-12 12:17:20.037 19672 19672 D dalvikvm: Trying to load lib libnativehelper.so 0x0
12-12 12:17:20.037 19672 19672 D dalvikvm: Added shared lib libnativehelper.so 0x0
12-12 12:17:20.037 19672 19672 D dalvikvm: No JNI_OnLoad found in libnativehelper.so 0x0, skipping init
12-12 12:17:20.087 19672 19672 D dalvikvm: DexOpt: --- BEGIN 'explorerQxPElO.jar' (bootstrap=0) ---
12-12 12:17:20.377 19682 19682 D dalvikvm: DexOpt: load 18ms, verify+opt 192ms, 886284 bytes
12-12 12:17:20.407 19672 19672 D dalvikvm: DexOpt: --- END 'explorerQxPElO.jar' (success) ---
12-12 12:17:20.407 19672 19672 D dalvikvm: DEX prep '/storage/emulated/legacy/explorerQxPElO.jar': unzip in 18ms, rewrite 325ms
12-12 12:17:20.417 19672 19672 I dalvikvm: Zip is good, but no classes.dex inside, and no valid .odex file in the same directory
12-12 12:17:20.437 19672 19672 D dalvikvm: Note: class Landroid/app/ActivityManagerNative; has 184 unimplemented (abstract) methods
12-12 12:17:20.597 19672 19672 E memtrack: Couldn't load memtrack module (No such file or directory)
12-12 12:17:20.597 19672 19672 E android.os.Debug: failed to load memtrack module: -2
12-12 12:17:20.667 19672 19672 D AndroidRuntime: Calling main entry com.android.commands.uiautomator.Launcher
12-12 12:17:20.797 19672 19672 D MAS.AVS : Initializing R9ActivityThread
12-12 12:17:21.307   304   384 I Vold    : [LGE][VOLD][NetlinkHandler.cpp][onEvent()] subsys:cpu, action:0
12-12 12:17:21.407   304   384 I Vold    : [LGE][VOLD][NetlinkHandler.cpp][onEvent()] subsys:cpu, action:0
12-12 12:17:21.997 19672 19672 D dalvikvm: Trying to load lib /storage/emulated/legacy/libopencv_java.so 0x417f1558
12-12 12:17:22.097 19672 19672 D dalvikvm: Added shared lib /storage/emulated/legacy/libopencv_java.so 0x417f1558
12-12 12:17:22.127   990  1176 D WifiStateMachine: handleMessage: E msg.what=131155
12-12 12:17:22.127   990  1176 D WifiStateMachine: processMsg: ConnectedState
12-12 12:17:22.127   990  1176 D WifiStateMachine: processMsg: L2ConnectedState
12-12 12:17:22.127   990  1176 D WifiNative-wlan0: doString: SIGNAL_POLL
12-12 12:17:22.127  1198  1198 D wpa_supplicant: wlan0: Control interface command 'SIGNAL_POLL'
12-12 12:17:22.137  1198  1198 D wpa_supplicant: nl80211: survey data missing!
12-12 12:17:22.137   990  1176 D WifiStateMachine: handleMessage: X
12-12 12:17:22.187   990  1176 D WifiStateMachine: handleMessage: E msg.what=132096
12-12 12:17:22.187   990  1176 D WifiStateMachine: processMsg: ConnectedState
12-12 12:17:22.187   990  1176 D WifiStateMachine: processMsg: L2ConnectedState
12-12 12:17:22.187   990  1176 D WifiStateMachine: processMsg: ConnectModeState
12-12 12:17:22.187   990  1176 D WifiStateMachine: processMsg: DriverStartedState
12-12 12:17:22.187   990  1176 D WifiStateMachine: processMsg: DriverStartedStateExt
12-12 12:17:22.187   990  1141 D PowerManagerService: updateUserActivitySummaryLocked: mWakefulness=Awake, mUserActivitySummary=0x1, nextTimeout=29206140 (in 892996 ms)
12-12 12:17:22.197   990  1176 I WifiServiceExtension: set CMD_DISCONNECT_RSSI_LVL : -100
12-12 12:17:22.197  1198  1198 D wpa_supplicant: wlan0: Control interface command 'DISCONNECT_RSSI_LVL -100'
12-12 12:17:22.197  1198  1198 E wpa_supplicant: disconnect_rssi_lvl: -100
12-12 12:17:22.197   990  1176 D WifiStateMachine: handleMessage: X
12-12 12:17:22.197   990  1179 E WifiServiceExtension: AutoConnectionEnabledSettingObserver onChange selfChange = false
12-12 12:17:22.197   990  1179 E WifiServiceExtension: AutoConnectionEnabledSettingObserver  getValue
12-12 12:17:22.197   990   990 V WifiServiceExtension: registerForRSSIThreshold onChange threshold=-100mMobileDataEnable=1
12-12 12:17:22.197   990  1179 E WifiServiceExtension: AutoConnectionEnabledSettingObserver::onChange(), netId = 1mAutoConnectionEnabled = true
12-12 12:17:22.197   990  1141 D PowerManagerService: updateUserActivitySummaryLocked: mWakefulness=Awake, mUserActivitySummary=0x1, nextTimeout=29206147 (in 892989 ms)
12-12 12:17:22.207   990  1176 D WifiStateMachine: handleMessage: E msg.what=132106
12-12 12:17:22.207   990  1176 D WifiStateMachine: processMsg: ConnectedState
12-12 12:17:22.207   990  1176 D WifiStateMachine: processMsg: L2ConnectedState
12-12 12:17:22.207   990  1176 D WifiStateMachine: processMsg: ConnectModeState
12-12 12:17:22.207   990   990 I LGImmersionVibrator: [Vibrator off]
12-12 12:17:22.207   990  1179 D WifiNative-wlan0: doBoolean: ENABLE_NETWORK 0
12-12 12:17:22.207   990  1176 D WifiStateMachine: processMsg: DriverStartedState
12-12 12:17:22.207   990  1176 D WifiStateMachine: processMsg: DriverStartedStateExt
12-12 12:17:22.207   990  1176 I WifiServiceExtension: setWifiDualbandAPConnection band : 1
12-12 12:17:22.207  1198  1198 D wpa_supplicant: wlan0: Control interface command 'DUALBAND_AP_CONNECT 1'
12-12 12:17:22.207  1198  1198 E wpa_supplicant: nWIFIDualbandAPConnection: 1
12-12 12:17:22.207   990  1176 D WifiStateMachine: handleMessage: X
12-12 12:17:22.207  1198  1198 D wpa_supplicant: wlan0: Control interface command 'ENABLE_NETWORK 0'
12-12 12:17:22.207  1198  1198 D wpa_supplicant: CTRL_IFACE: ENABLE_NETWORK id=0
12-12 12:17:22.207  1360  1360 D WeatherService: 2 : change Observer called
12-12 12:17:22.207  1360  1360 D UpdateThreadPoolManager: 2 : This is isUpdating : false
12-12 12:17:22.217   319  1043 V AudioPolicyService: setForceUse()
12-12 12:17:22.217   990  1179 D WifiNative-wlan0:    returned true
12-12 12:17:22.217  1206  1206 I [SystemUI]BrightHandler: BrightnessObservers, Current is MAX
12-12 12:17:22.217   319  1043 V AudioPolicyManagerBase: setOutputDevice() output 3 device 0000 delayMs 0
12-12 12:17:22.217   319  1043 V AudioPolicyManagerBase: setOutputDevice() prevDevice 0002
12-12 12:17:22.217   319  1043 V AudioPolicyManagerBase: setOutputDevice() setting same device 0000 or null device for output 3
12-12 12:17:22.217   319  1043 V AudioPolicyManagerBase: setOutputDevice() output 2 device 0000 delayMs 0
12-12 12:17:22.217   319  1043 V AudioPolicyManagerBase: setOutputDevice() prevDevice 0002
12-12 12:17:22.217   319  1043 V AudioPolicyManagerBase: setOutputDevice() setting same device 0000 or null device for output 2
12-12 12:17:22.217   990  1179 D WifiNative-wlan0: doBoolean: SAVE_CONFIG
12-12 12:17:22.217   990  1141 D PowerManagerService: updateUserActivitySummaryLocked: mWakefulness=Awake, mUserActivitySummary=0x1, nextTimeout=29206161 (in 892985 ms)
12-12 12:17:22.227  1198  1198 D wpa_supplicant: wlan0: Control interface command 'SAVE_CONFIG'
12-12 12:17:22.227  1198  1198 D wpa_supplicant: Writing configuration file '/data/misc/wifi/wpa_supplicant.conf.tmp'
12-12 12:17:22.227   990  1141 D PowerManagerService: updateUserActivitySummaryLocked: mWakefulness=Awake, mUserActivitySummary=0x1, nextTimeout=29206176 (in 892995 ms)
12-12 12:17:22.227   990  1141 D PowerManagerService: updateUserActivitySummaryLocked: mWakefulness=Awake, mUserActivitySummary=0x1, nextTimeout=29206181 (in 892997 ms)
12-12 12:17:22.247  1198  1198 D wpa_supplicant: Configuration file '/data/misc/wifi/wpa_supplicant.conf' written successfully
12-12 12:17:22.247  1198  1198 D wpa_supplicant: CTRL_IFACE: SAVE_CONFIG - Configuration updated
12-12 12:17:22.247   990  1179 D WifiNative-wlan0:    returned true
12-12 12:17:22.247   990  1179 E WifiServiceExtension: RssiBasedOperationEnabledSettingObserver getValue
12-12 12:17:22.247   990  1179 E WifiServiceExtension: onChange getValue = false
12-12 12:17:22.247   990  1141 I LGPowerManagerService: [WiseScreen] mWiseScreenEnable = 0
12-12 12:17:22.257   304   384 I Vold    : [LGE][VOLD][NetlinkHandler.cpp][onEvent()] subsys:cpu, action:0
12-12 12:17:22.267   304   384 I Vold    : [LGE][VOLD][NetlinkHandler.cpp][onEvent()] subsys:cpu, action:0
12-12 12:17:22.267   990  1141 I LGPowerManagerService: [WiseScreen] mWirelessChargingEnable = 0
12-12 12:17:22.267   990  1141 W LGPowerManagerService: setWirelessCharging, write : java.io.FileNotFoundException: /sys/class/power_supply/wireless/enabled: open failed: ENOENT (No such file or directory)
12-12 12:17:22.267   990  1141 D KnockOnPowerController: [updateSettings] mKnockOnSetting = true, mKnockCodeSetting = false, tapcount = 0, mIsSame1st2ndTap =false
12-12 12:17:22.267   990  1141 D PowerManagerService: updateUserActivitySummaryLocked: mWakefulness=Awake, mUserActivitySummary=0x1, nextTimeout=29206181 (in 892955 ms)
12-12 12:17:22.267   990  1141 I LGPowerManagerService: [WiseScreen] mWiseScreenEnable = 0
12-12 12:17:22.267   990  1141 I LGPowerManagerService: [WiseScreen] mWirelessChargingEnable = 0
12-12 12:17:22.267   990  1141 W LGPowerManagerService: setWirelessCharging, write : java.io.FileNotFoundException: /sys/class/power_supply/wireless/enabled: open failed: ENOENT (No such file or directory)
12-12 12:17:22.277   990  1141 D KnockOnPowerController: [updateSettings] mKnockOnSetting = true, mKnockCodeSetting = false, tapcount = 0, mIsSame1st2ndTap =false
12-12 12:17:22.277   990  1141 D PowerManagerService: updateUserActivitySummaryLocked: mWakefulness=Awake, mUserActivitySummary=0x1, nextTimeout=29206181 (in 892951 ms)
12-12 12:17:22.297   990  1036 W PhoneWindowManagerEx: setSmartCoverSetting(/sys/devices/virtual/input/lge_touch/use_quick_window): file does not exist
12-12 12:17:22.297  1360  1360 D ForecastDataCache: 2 : lastUpdatedTime: 53927592942
12-12 12:17:22.297  1360  1360 D ForecastDataCache: 2 : currentPackageVersion: 4.20.14
12-12 12:17:22.297  1360  1360 D ForecastDataCache: 2 : Cache is up-to-date, count: 0
12-12 12:17:22.297  1360  1360 D WeatherService: 2 : requestRefreshAppWidget, isUpdateStart : false
12-12 12:17:22.297   990  1036 W PhoneWindowManagerEx: setSmartCoverSetting(/sys/devices/virtual/input/lge_touch/use_quick_window): file does not exist
12-12 12:17:22.307  1360  1360 D UpdateThreadPoolManager: 2 : This is isUpdating : false
12-12 12:17:22.307  1360  1360 D WeatherService: 2 : requestRefreshAppWidget, isUpdating : false
12-12 12:17:22.307  1360  1360 D WeatherAncestor: 2 : buildUpdate, appWidgetId: 3
12-12 12:17:22.307  1360  1360 D WeatherReflect: 2 : Map key string is -2
12-12 12:17:22.307   990 19706 D SettingsProvider: row count exceeds max cache entries for table system
12-12 12:17:22.317  1206  1206 I [SystemUI]NavigationBarManager: updateCustomButtonSet
12-12 12:17:22.317  1206  1206 I [SystemUI]NavigationBarManager: Read custom buttonset : Back|Home|RecentApps|DualWindow|
12-12 12:17:22.317  1206  1206 I [SystemUI]NavigationBarManager: Converted custom buttonset : Back|Home|RecentApps|DualWindow|
12-12 12:17:22.317  1360  1360 D lim     : 2 : time = 12:17 PM
12-12 12:17:22.317  1360  1360 I WeatherReflect: Model Name : LG-V410
12-12 12:17:22.337  1360  1360 D WeatherTheme: 2 : exactly same view!
12-12 12:17:22.337  1360  1360 D WeatherTheme: 2 : widgetId = 3 : widgetSize = 1 : Do not refresh any widget.
12-12 12:17:22.337  1360  1360 D WeatherService: 2 : change Observer called
12-12 12:17:22.337  1360  1360 D UpdateThreadPoolManager: 2 : This is isUpdating : false
12-12 12:17:22.337  1360  1360 D ForecastDataCache: 2 : lastUpdatedTime: 53927592942
12-12 12:17:22.337  1360  1360 D ForecastDataCache: 2 : currentPackageVersion: 4.20.14
12-12 12:17:22.337  1360  1360 D ForecastDataCache: 2 : Cache is up-to-date, count: 0
12-12 12:17:22.337  1360  1360 D WeatherService: 2 : requestRefreshAppWidget, isUpdateStart : false
12-12 12:17:22.347  1206  1206 W System.err: android.provider.Settings$SettingNotFoundException: navigation_bar_edit
12-12 12:17:22.347  1360  1360 D UpdateThreadPoolManager: 2 : This is isUpdating : false
12-12 12:17:22.347  1360  1360 D WeatherService: 2 : requestRefreshAppWidget, isUpdating : false
12-12 12:17:22.347  1360  1360 D WeatherAncestor: 2 : buildUpdate, appWidgetId: 3
12-12 12:17:22.347  1360  1360 D WeatherReflect: 2 : Map key string is -2
12-12 12:17:22.357  1360  1360 D lim     : 2 : time = 12:17 PM
12-12 12:17:22.357  1360  1360 I WeatherReflect: Model Name : LG-V410
12-12 12:17:22.357  1360  1360 D WeatherTheme: 2 : exactly same view!
12-12 12:17:22.357  1360  1360 D WeatherTheme: 2 : widgetId = 3 : widgetSize = 1 : Do not refresh any widget.
12-12 12:17:22.357  1206  1206 W System.err: 	at android.provider.Settings$System.getIntForUser(Settings.java:1260)
12-12 12:17:22.357  1206  1206 W System.err: 	at com.lge.navigationbar.NavigationBarDBConverter.updateButtonSet(NavigationBarDBConverter.java:94)
12-12 12:17:22.357  1206  1206 W System.err: 	at com.lge.navigationbar.NavigationBarDBConverter.access$400(NavigationBarDBConverter.java:32)
12-12 12:17:22.357  1206  1206 W System.err: 	at com.lge.navigationbar.NavigationBarDBConverter$2.onChange(NavigationBarDBConverter.java:63)
12-12 12:17:22.357  1206  1206 W System.err: 	at android.database.ContentObserver.onChange(ContentObserver.java:129)
12-12 12:17:22.357  1206  1206 W System.err: 	at android.database.ContentObserver$NotificationRunnable.run(ContentObserver.java:180)
12-12 12:17:22.357  1206  1206 W System.err: 	at android.os.Handler.handleCallback(Handler.java:733)
12-12 12:17:22.357  1206  1206 W System.err: 	at android.os.Handler.dispatchMessage(Handler.java:95)
12-12 12:17:22.357  1206  1206 W System.err: 	at android.os.Looper.loop(Looper.java:136)
12-12 12:17:22.357  1206  1206 W System.err: 	at android.app.ActivityThread.main(ActivityThread.java:5118)
12-12 12:17:22.357  1206  1206 W System.err: 	at java.lang.reflect.Method.invokeNative(Native Method)
12-12 12:17:22.357  1206  1206 W System.err: 	at java.lang.reflect.Method.invoke(Method.java:515)
12-12 12:17:22.357  1206  1206 W System.err: 	at com.android.internal.os.ZygoteInit$MethodAndArgsCaller.run(ZygoteInit.java:790)
12-12 12:17:22.357  1206  1206 W System.err: 	at com.android.internal.os.ZygoteInit.main(ZygoteInit.java:606)
12-12 12:17:22.357  1206  1206 W System.err: 	at dalvik.system.NativeStart.main(Native Method)
12-12 12:17:22.367  1206  1206 I [SystemUI]BrightHandler: BrightnessObservers, Current is MAX
12-12 12:17:22.387  1489  1489 W ResourceType: No known package when getting name for resource number 0x9b000000
12-12 12:17:22.387  1489  1489 W ResourceType: No known package when getting name for resource number 0x9b000100
12-12 12:17:22.387  1489  1489 W ResourceType: No known package when getting name for resource number 0x9b000200
12-12 12:17:22.387  1489  1489 W ResourceType: No known package when getting name for resource number 0x9b000300
12-12 12:17:22.387  1489  1489 W ResourceType: No known package when getting name for resource number 0x9b000400
12-12 12:17:22.387  1489  1489 W ResourceType: No known package when getting name for resource number 0x9b000500
12-12 12:17:22.387  1489  1489 W ResourceType: No known package when getting name for resource number 0x9b000600
12-12 12:17:22.387  1489  1489 W ResourceType: No known package when getting name for resource number 0x9c000000
12-12 12:17:22.397  1489  1489 W ResourceType: No known package when getting name for resource number 0x9c000001
12-12 12:17:22.397  1489  1489 W ResourceType: No known package when getting name for resource number 0x9c000103
12-12 12:17:22.397  1489  1489 W ResourceType: No known package when getting name for resource number 0x9c000005
12-12 12:17:22.397  1489  1489 W ResourceType: No known package when getting name for resource number 0x9c000105
12-12 12:17:22.397  1489  1489 W ResourceType: No known package when getting name for resource number 0x9c000205
12-12 12:17:22.397  1489  1489 W ResourceType: No known package when getting name for resource number 0x9c000305
12-12 12:17:22.397  1489  1489 W ResourceType: No known package when getting name for resource number 0x9c000405
12-12 12:17:22.397  1489  1489 W ResourceType: No known package when getting name for resource number 0x9c000505
12-12 12:17:22.427   990  1179 V WifiServiceExtension: checkPollTimer Cnt= 0 rssi =-37 threshold=-100
12-12 12:17:22.457 19672 19672 I AccessibilityNodeInfoDumper: Skipping invisible child: android.view.accessibility.AccessibilityNodeInfo@8acf; boundsInParent: Rect(0, 0 - 800, 0); boundsInScreen: Rect(0, 33 - 800, 33); packageName: com.lge.launcher2; className: android.widget.FrameLayout; text: null; contentDescription: null; viewIdResName: com.lge.launcher2:id/search_droptarget_bar; checkable: false; checked: false; focusable: false; focused: false; selected: false; clickable: false; longClickable: false; enabled: true; password: false; scrollable: false; [ACTION_SELECT, ACTION_CLEAR_SELECTION, ACTION_ACCESSIBILITY_FOCUS]
12-12 12:17:22.497 19672 19672 I AccessibilityNodeInfoDumper: Skipping invisible child: android.view.accessibility.AccessibilityNodeInfo@1fab1; boundsInParent: Rect(0, 0 - 0, 29); boundsInScreen: Rect(16, 233 - 16, 262); packageName: com.lge.sizechangable.weather.theme.optimus; className: android.widget.TextView; text: null; contentDescription: null; viewIdResName: com.lge.sizechangable.weather.theme.optimus:id/widget_city_name; checkable: false; checked: false; focusable: false; focused: false; selected: false; clickable: false; longClickable: false; enabled: true; password: false; scrollable: false; [ACTION_SELECT, ACTION_CLEAR_SELECTION, ACTION_ACCESSIBILITY_FOCUS]
12-12 12:17:22.497 19672 19672 I AccessibilityNodeInfoDumper: Skipping invisible child: android.view.accessibility.AccessibilityNodeInfo@1e7ec; boundsInParent: Rect(0, 0 - 0, 28); boundsInScreen: Rect(30, 395 - 30, 423); packageName: com.lge.sizechangable.weather.theme.optimus; className: android.widget.LinearLayout; text: null; contentDescription: null; viewIdResName: com.lge.sizechangable.weather.theme.optimus:id/widget_HL_temp; checkable: false; checked: false; focusable: false; focused: false; selected: false; clickable: false; longClickable: false; enabled: true; password: false; scrollable: false; [ACTION_SELECT, ACTION_CLEAR_SELECTION, ACTION_ACCESSIBILITY_FOCUS]
12-12 12:17:22.497 19672 19672 I AccessibilityNodeInfoDumper: Skipping invisible child: android.view.accessibility.AccessibilityNodeInfo@1ebad; boundsInParent: Rect(0, 0 - 0, 0); boundsInScreen: Rect(30, 423 - 30, 423); packageName: com.lge.sizechangable.weather.theme.optimus; className: android.widget.LinearLayout; text: null; contentDescription: null; viewIdResName: null; checkable: false; checked: false; focusable: false; focused: false; selected: false; clickable: false; longClickable: false; enabled: true; password: false; scrollable: false; [ACTION_SELECT, ACTION_CLEAR_SELECTION, ACTION_ACCESSIBILITY_FOCUS]
12-12 12:17:22.507 19672 19672 I AccessibilityNodeInfoDumper: Skipping invisible child: android.view.accessibility.AccessibilityNodeInfo@13b3e; boundsInParent: Rect(0, 0 - 0, 0); boundsInScreen: Rect(198, 554 - 198, 554); packageName: com.smartcom; className: android.widget.LinearLayout; text: null; contentDescription: null; viewIdResName: null; checkable: false; checked: false; focusable: false; focused: false; selected: false; clickable: false; longClickable: false; enabled: true; password: false; scrollable: false; [ACTION_SELECT, ACTION_CLEAR_SELECTION, ACTION_ACCESSIBILITY_FOCUS]
12-12 12:17:22.517 19672 19672 I AccessibilityNodeInfoDumper: Skipping invisible child: android.view.accessibility.AccessibilityNodeInfo@9d94; boundsInParent: Rect(0, 0 - 800, 998); boundsInScreen: Rect(800, 33 - 1600, 1031); packageName: com.lge.launcher2; className: android.view.View; text: null; contentDescription: null; viewIdResName: null; checkable: false; checked: false; focusable: false; focused: false; selected: false; clickable: true; longClickable: true; enabled: true; password: false; scrollable: false; [ACTION_SELECT, ACTION_CLEAR_SELECTION, ACTION_CLICK, ACTION_LONG_CLICK, ACTION_ACCESSIBILITY_FOCUS]
12-12 12:17:22.527 19672 19672 W AccessibilityNodeInfoDumper: Fetch time: 79ms
12-12 12:17:22.617   304   384 I Vold    : [LGE][VOLD][NetlinkHandler.cpp][onEvent()] subsys:cpu, action:0
12-12 12:17:22.667   304   384 I Vold    : [LGE][VOLD][NetlinkHandler.cpp][onEvent()] subsys:cpu, action:0
12-12 12:17:22.717 19672 19672 D TextLayoutCache: Using debug level = 0 - Debug Enabled = 0
12-12 12:17:22.717 19672 19672 D HyLog   : I : Font Manager creation successful.
12-12 12:17:22.927 19672 19672 D HyLog   : I : /data/font/config/sfconfig.dat, No such file or directory (2)
12-12 12:17:22.927 19672 19672 D HyLog   : I : /data/font/config/dfactpre.dat, No such file or directory (2)
12-12 12:17:22.937 19672 19672 D HyLog   : I : /data/font/config/sfconfig.dat, No such file or directory (2)
12-12 12:17:22.937 19672 19672 D HyLog   : I : We have 75 system fonts
12-12 12:17:22.937 19672 19672 D HyLog   : I : We have 46 system familys
12-12 12:17:22.937 19672 19672 D HyLog   : I : Number of families : 6 ( BootTypeface(0) : newlggothic )
12-12 12:17:23.107   327   427 I ThermalEngine: Sensor:pa_therm1:28000 mC
12-12 12:17:23.177   990  1036 I SensorManager: removeAllSensors  sensor: LGE Motion Accel Sensor, by pid 990
12-12 12:17:23.177   990  1036 I qcom_sensors_hal: _hal_sensors_activate: handle=34, enabled=0
12-12 12:17:23.177   990  1036 I qcom_sensors_hal: _hal_sensors_activate: active_sensors mask=0x400000000 handle=34
12-12 12:17:23.177   990  1036 D qcom_sensors_hal: hal_schedule_acquire_resources: Setting acquire resources timer for 10000 usec
12-12 12:17:23.187   990  1024 D qcom_sensors_hal: hal_acquire_resources
12-12 12:17:23.187   990  1024 D qcom_sensors_hal: hal_acquire_resources: Deactivating sensor handle=34
12-12 12:17:23.187   990  1024 D qcom_sensors_hal: hal_ma_stop: Stopping Motion Accel sensor
12-12 12:17:23.187   990  1024 D qcom_sensors_hal: hal_sam_send_cancel: Sending cancel to 5
12-12 12:17:23.197   990  1024 D qcom_sensors_hal: hal_sam_send_cancel: Sending cancel to 0
12-12 12:17:23.197   990  1147 D qcom_sensors_hal: hal_ma_thread: Leaving Motion Accel thread
12-12 12:17:23.197   990  1024 I qcom_sensors_hal: hal_sensor1_close: closing sensor1...
12-12 12:17:23.197   990  1024 I qcom_sensors_hal: hal_time_stop: closing sensor1...
12-12 12:17:23.217   727   732 E Diag_Lib: [IMS_FATAL]| 2912 | 732 |ims-rtp-daemon ims_rtp_qmi_handler_thread_func waiting on select thread>
12-12 12:17:23.227   304   384 I Vold    : [LGE][VOLD][NetlinkHandler.cpp][onEvent()] subsys:cpu, action:0
12-12 12:17:23.447 19746 19746 D AndroidRuntime: 
12-12 12:17:23.447 19746 19746 D AndroidRuntime: >>>>>> AndroidRuntime START com.android.internal.os.RuntimeInit <<<<<<
12-12 12:17:23.447 19746 19746 D AndroidRuntime: CheckJNI is OFF
12-12 12:17:23.467 19746 19746 D dalvikvm: Trying to load lib libjavacore.so 0x0
12-12 12:17:23.467 19746 19746 D dalvikvm: Added shared lib libjavacore.so 0x0
12-12 12:17:23.477 19746 19746 D dalvikvm: Trying to load lib libnativehelper.so 0x0
12-12 12:17:23.477 19746 19746 D dalvikvm: Added shared lib libnativehelper.so 0x0
12-12 12:17:23.477 19746 19746 D dalvikvm: No JNI_OnLoad found in libnativehelper.so 0x0, skipping init
12-12 12:17:23.517 19746 19746 D dalvikvm: Note: class Landroid/app/ActivityManagerNative; has 184 unimplemented (abstract) methods
12-12 12:17:23.527   304   384 I Vold    : [LGE][VOLD][NetlinkHandler.cpp][onEvent()] subsys:cpu, action:0
12-12 12:17:23.687 19746 19746 E memtrack: Couldn't load memtrack module (No such file or directory)
12-12 12:17:23.687 19746 19746 E android.os.Debug: failed to load memtrack module: -2
12-12 12:17:23.767 19746 19746 D AndroidRuntime: Calling main entry com.android.commands.pm.Pm
12-12 12:17:23.827 19746 19746 D AndroidRuntime: Shutting down VM
12-12 12:17:23.827 19746 19750 D dalvikvm: GC_CONCURRENT freed 356K, 38% free 603K/964K, paused 0ms+1ms, total 4ms
12-12 12:17:24.107  1489  1489 W ResourceType: No known package when getting name for resource number 0x9b000000
12-12 12:17:24.107  1489  1489 W ResourceType: No known package when getting name for resource number 0x9b000100
12-12 12:17:24.117  1489  1489 W ResourceType: No known package when getting name for resource number 0x9b000200
12-12 12:17:24.117  1489  1489 W ResourceType: No known package when getting name for resource number 0x9b000300
12-12 12:17:24.117  1489  1489 W ResourceType: No known package when getting name for resource number 0x9b000400
12-12 12:17:24.117  1489  1489 W ResourceType: No known package when getting name for resource number 0x9b000500
12-12 12:17:24.117  1489  1489 W ResourceType: No known package when getting name for resource number 0x9b000600
12-12 12:17:24.117  1489  1489 W ResourceType: No known package when getting name for resource number 0x9c000000
12-12 12:17:24.117  1489  1489 W ResourceType: No known package when getting name for resource number 0x9c000001
12-12 12:17:24.117  1489  1489 W ResourceType: No known package when getting name for resource number 0x9c000103
12-12 12:17:24.117  1489  1489 W ResourceType: No known package when getting name for resource number 0x9c000005
12-12 12:17:24.117  1489  1489 W ResourceType: No known package when getting name for resource number 0x9c000105
12-12 12:17:24.117  1489  1489 W ResourceType: No known package when getting name for resource number 0x9c000205
12-12 12:17:24.117  1489  1489 W ResourceType: No known package when getting name for resource number 0x9c000305
12-12 12:17:24.117  1489  1489 W ResourceType: No known package when getting name for resource number 0x9c000405
12-12 12:17:24.117  1489  1489 W ResourceType: No known package when getting name for resource number 0x9c000505
12-12 12:17:24.147 19672 19672 I AccessibilityNodeInfoDumper: Skipping invisible child: android.view.accessibility.AccessibilityNodeInfo@8acf; boundsInParent: Rect(0, 0 - 800, 0); boundsInScreen: Rect(0, 33 - 800, 33); packageName: com.lge.launcher2; className: android.widget.FrameLayout; text: null; contentDescription: null; viewIdResName: com.lge.launcher2:id/search_droptarget_bar; checkable: false; checked: false; focusable: false; focused: false; selected: false; clickable: false; longClickable: false; enabled: true; password: false; scrollable: false; [ACTION_SELECT, ACTION_CLEAR_SELECTION, ACTION_ACCESSIBILITY_FOCUS]
12-12 12:17:24.157 19672 19672 I AccessibilityNodeInfoDumper: Skipping invisible child: android.view.accessibility.AccessibilityNodeInfo@1fab1; boundsInParent: Rect(0, 0 - 0, 29); boundsInScreen: Rect(16, 233 - 16, 262); packageName: com.lge.sizechangable.weather.theme.optimus; className: android.widget.TextView; text: null; contentDescription: null; viewIdResName: com.lge.sizechangable.weather.theme.optimus:id/widget_city_name; checkable: false; checked: false; focusable: false; focused: false; selected: false; clickable: false; longClickable: false; enabled: true; password: false; scrollable: false; [ACTION_SELECT, ACTION_CLEAR_SELECTION, ACTION_ACCESSIBILITY_FOCUS]
12-12 12:17:24.157 19672 19672 I AccessibilityNodeInfoDumper: Skipping invisible child: android.view.accessibility.AccessibilityNodeInfo@1e7ec; boundsInParent: Rect(0, 0 - 0, 28); boundsInScreen: Rect(30, 395 - 30, 423); packageName: com.lge.sizechangable.weather.theme.optimus; className: android.widget.LinearLayout; text: null; contentDescription: null; viewIdResName: com.lge.sizechangable.weather.theme.optimus:id/widget_HL_temp; checkable: false; checked: false; focusable: false; focused: false; selected: false; clickable: false; longClickable: false; enabled: true; password: false; scrollable: false; [ACTION_SELECT, ACTION_CLEAR_SELECTION, ACTION_ACCESSIBILITY_FOCUS]
12-12 12:17:24.157 19672 19672 I AccessibilityNodeInfoDumper: Skipping invisible child: android.view.accessibility.AccessibilityNodeInfo@1ebad; boundsInParent: Rect(0, 0 - 0, 0); boundsInScreen: Rect(30, 423 - 30, 423); packageName: com.lge.sizechangable.weather.theme.optimus; className: android.widget.LinearLayout; text: null; contentDescription: null; viewIdResName: null; checkable: false; checked: false; focusable: false; focused: false; selected: false; clickable: false; longClickable: false; enabled: true; password: false; scrollable: false; [ACTION_SELECT, ACTION_CLEAR_SELECTION, ACTION_ACCESSIBILITY_FOCUS]
12-12 12:17:24.167 19672 19672 I AccessibilityNodeInfoDumper: Skipping invisible child: android.view.accessibility.AccessibilityNodeInfo@13b3e; boundsInParent: Rect(0, 0 - 0, 0); boundsInScreen: Rect(198, 554 - 198, 554); packageName: com.smartcom; className: android.widget.LinearLayout; text: null; contentDescription: null; viewIdResName: null; checkable: false; checked: false; focusable: false; focused: false; selected: false; clickable: false; longClickable: false; enabled: true; password: false; scrollable: false; [ACTION_SELECT, ACTION_CLEAR_SELECTION, ACTION_ACCESSIBILITY_FOCUS]
12-12 12:17:24.177 19672 19672 I AccessibilityNodeInfoDumper: Skipping invisible child: android.view.accessibility.AccessibilityNodeInfo@9d94; boundsInParent: Rect(0, 0 - 800, 998); boundsInScreen: Rect(800, 33 - 1600, 1031); packageName: com.lge.launcher2; className: android.view.View; text: null; contentDescription: null; viewIdResName: null; checkable: false; checked: false; focusable: false; focused: false; selected: false; clickable: true; longClickable: true; enabled: true; password: false; scrollable: false; [ACTION_SELECT, ACTION_CLEAR_SELECTION, ACTION_CLICK, ACTION_LONG_CLICK, ACTION_ACCESSIBILITY_FOCUS]
12-12 12:17:24.187 19672 19672 W AccessibilityNodeInfoDumper: Fetch time: 43ms
12-12 12:17:24.487   304   384 I Vold    : [LGE][VOLD][NetlinkHandler.cpp][onEvent()] subsys:cpu, action:0
12-12 12:17:24.667   990  1142 V AlarmManager: ELAPSED_WAKEUP set : Alarm{41f969f8 type 2 com.google.android.gms} when  28315611
12-12 12:17:24.677 19763 19763 D AndroidRuntime: 
12-12 12:17:24.677 19763 19763 D AndroidRuntime: >>>>>> AndroidRuntime START com.android.internal.os.RuntimeInit <<<<<<
12-12 12:17:24.687 19763 19763 D AndroidRuntime: CheckJNI is OFF
12-12 12:17:24.697 19763 19763 D dalvikvm: Trying to load lib libjavacore.so 0x0
12-12 12:17:24.697 19763 19763 D dalvikvm: Added shared lib libjavacore.so 0x0
12-12 12:17:24.707 19763 19763 D dalvikvm: Trying to load lib libnativehelper.so 0x0
12-12 12:17:24.707 19763 19763 D dalvikvm: Added shared lib libnativehelper.so 0x0
12-12 12:17:24.707 19763 19763 D dalvikvm: No JNI_OnLoad found in libnativehelper.so 0x0, skipping init
12-12 12:17:24.727 18566 19769 W ConfigurationChimeraPro: Got null configs for com.google.android.gms.tapandpay_legacy_gservices
12-12 12:17:24.747 19763 19763 D dalvikvm: Note: class Landroid/app/ActivityManagerNative; has 184 unimplemented (abstract) methods
12-12 12:17:24.857 18566 18570 D dalvikvm: GC_CONCURRENT freed 1952K, 39% free 7121K/11632K, paused 3ms+8ms, total 94ms
12-12 12:17:24.857 18566 18818 D dalvikvm: WAIT_FOR_CONCURRENT_GC blocked 73ms
12-12 12:17:24.907   990  3238 I ActivityManager: Start proc com.android.providers.calendar for content provider com.android.providers.calendar/.CalendarProvider2: pid=19782 uid=10018 gids={50018, 3003, 1028, 1015}
12-12 12:17:24.917  1464  1475 I com.skyfire.browser.toolbar.ProcessObserverService: On importance changed 19782,10018,400
12-12 12:17:24.927 19782 19782 D HyLog   : I : /data/font/config/sfconfig.dat, No such file or directory (2)
12-12 12:17:24.927 19782 19782 D HyLog   : I : /data/font/config/dfactpre.dat, No such file or directory (2)
12-12 12:17:24.927 19782 19782 D HyLog   : I : /data/font/config/sfconfig.dat, No such file or directory (2)
12-12 12:17:24.937 19763 19763 E memtrack: Couldn't load memtrack module (No such file or directory)
12-12 12:17:24.937 19763 19763 E android.os.Debug: failed to load memtrack module: -2
12-12 12:17:24.987 19782 19782 I CalendarProvider2: Created com.android.providers.calendar.CalendarAlarmManager@41b8ff28(com.android.providers.calendar.CalendarProvider2@41b86ca8)
12-12 12:17:25.017 19763 19763 D AndroidRuntime: Calling main entry com.android.commands.am.Am
12-12 12:17:25.017  1222  1233 V SplitWindowPolicyService: requestUpdateStackInfo
12-12 12:17:25.017   990  3364 I ActivityManager: Force stopping com.example.snoopy appid=12459 user=0: from pid 19763
12-12 12:17:25.017   990  3364 D ActivityManager: resumeTopActivityLocked: Top activity resumed ActivityRecord{41ea4de8 u0 com.lge.launcher2/.Launcher t1}
12-12 12:17:25.027 19763 19763 D AndroidRuntime: Shutting down VM
12-12 12:17:25.027 19763 19775 D dalvikvm: GC_CONCURRENT freed 96K, 15% free 587K/688K, paused 0ms+0ms, total 3ms
12-12 12:17:25.027  1206  1206 I [SystemUI]GlobalAccessView: onReceive = android.intent.action.PACKAGE_RESTARTED
12-12 12:17:25.037  1206  1206 I [SystemUI]QPairHandler: onReceive = android.intent.action.PACKAGE_RESTARTED
12-12 12:17:25.097 18919 19324 I IcingInternalCorpora: EventIndexer: starting full update
12-12 12:17:25.097 18919 19324 I IcingInternalCorpora: EventIndexer: 0 added, 0 removed, 0 changed, 0 unchanged, 0 errors.
12-12 12:17:25.097 18919 19324 I IcingInternalCorpora: EventIndexer: finished after 2 ms.
12-12 12:17:25.117   478   478 I rmt_storage: rmt_storage_connect_cb: clnt_h=0x6 conn_h=0xb7f7e178
12-12 12:17:25.117   478   478 I rmt_storage: rmt_storage_rw_iovec_cb: /boot/modem_fs1: clnt_h=0x1: req_h=0xa msg_id=3: R/W request received
12-12 12:17:25.117   478   478 I rmt_storage: wakelock acquired: 1, error no: 42
12-12 12:17:25.117   478   744 I rmt_storage: rmt_storage_client_thread: /boot/modem_fs1: clnt_h=0x1 Unblock worker thread (th_id: -1208492312)
12-12 12:17:25.137   990  1176 D WifiStateMachine: handleMessage: E msg.what=131155
12-12 12:17:25.137   990  1176 D WifiStateMachine: processMsg: ConnectedState
12-12 12:17:25.137   990  1176 D WifiStateMachine: processMsg: L2ConnectedState
12-12 12:17:25.137   990  1176 D WifiNative-wlan0: doString: SIGNAL_POLL
12-12 12:17:25.137  1198  1198 D wpa_supplicant: wlan0: Control interface command 'SIGNAL_POLL'
12-12 12:17:25.147  1198  1198 D wpa_supplicant: nl80211: survey data missing!
12-12 12:17:25.147   990  1176 D WifiStateMachine: handleMessage: X
12-12 12:17:25.207   478   744 I rmt_storage: rmt_storage_client_thread: /boot/modem_fs1: clnt_h=0x1: req_h=0xa msg_id=3: Bytes written = 1572864
12-12 12:17:25.207   478   744 I rmt_storage: rmt_storage_client_thread: /boot/modem_fs1: clnt_h=0x1: req_h=0xa msg_id=3: Send response: res=0 err=0
12-12 12:17:25.207   478   744 I rmt_storage: rmt_storage_client_thread: /boot/modem_fs1: clnt_h=0x1 About to block rmt_storage client thread (th_id: -1208492312) wakelock released: 1, error no: 0
12-12 12:17:25.207   478   744 I rmt_storage: 
12-12 12:17:25.207   478   478 I rmt_storage: rmt_storage_disconnect_cb: clnt_h=0x0x6 conn_h=0x0xb7f7e178
12-12 12:17:25.207   727   732 E Diag_Lib: [IMS_FATAL]| 2912 | 732 |ims-rtp-daemon ims_rtp_qmi_handler_thread_func waiting on select thread>
12-12 12:17:25.297  1489  1489 W ResourceType: No known package when getting name for resource number 0x9b000000
12-12 12:17:25.297  1489  1489 W ResourceType: No known package when getting name for resource number 0x9b000100
12-12 12:17:25.297  1489  1489 W ResourceType: No known package when getting name for resource number 0x9b000200
12-12 12:17:25.297  1489  1489 W ResourceType: No known package when getting name for resource number 0x9b000300
12-12 12:17:25.297  1489  1489 W ResourceType: No known package when getting name for resource number 0x9b000400
12-12 12:17:25.297  1489  1489 W ResourceType: No known package when getting name for resource number 0x9b000500
12-12 12:17:25.297  1489  1489 W ResourceType: No known package when getting name for resource number 0x9b000600
12-12 12:17:25.297  1489  1489 W ResourceType: No known package when getting name for resource number 0x9c000000
12-12 12:17:25.297  1489  1489 W ResourceType: No known package when getting name for resource number 0x9c000001
12-12 12:17:25.297  1489  1489 W ResourceType: No known package when getting name for resource number 0x9c000103
12-12 12:17:25.297  1489  1489 W ResourceType: No known package when getting name for resource number 0x9c000005
12-12 12:17:25.297  1489  1489 W ResourceType: No known package when getting name for resource number 0x9c000105
12-12 12:17:25.307  1489  1489 W ResourceType: No known package when getting name for resource number 0x9c000205
12-12 12:17:25.307  1489  1489 W ResourceType: No known package when getting name for resource number 0x9c000305
12-12 12:17:25.307  1489  1489 W ResourceType: No known package when getting name for resource number 0x9c000405
12-12 12:17:25.307  1489  1489 W ResourceType: No known package when getting name for resource number 0x9c000505
12-12 12:17:25.327 19672 19672 I AccessibilityNodeInfoDumper: Skipping invisible child: android.view.accessibility.AccessibilityNodeInfo@8acf; boundsInParent: Rect(0, 0 - 800, 0); boundsInScreen: Rect(0, 33 - 800, 33); packageName: com.lge.launcher2; className: android.widget.FrameLayout; text: null; contentDescription: null; viewIdResName: com.lge.launcher2:id/search_droptarget_bar; checkable: false; checked: false; focusable: false; focused: false; selected: false; clickable: false; longClickable: false; enabled: true; password: false; scrollable: false; [ACTION_SELECT, ACTION_CLEAR_SELECTION, ACTION_ACCESSIBILITY_FOCUS]
12-12 12:17:25.347 19672 19672 D dalvikvm: GC_FOR_ALLOC freed 6194K, 76% free 1993K/8192K, paused 24ms, total 24ms
12-12 12:17:25.357 19672 19672 I AccessibilityNodeInfoDumper: Skipping invisible child: android.view.accessibility.AccessibilityNodeInfo@1fab1; boundsInParent: Rect(0, 0 - 0, 29); boundsInScreen: Rect(16, 233 - 16, 262); packageName: com.lge.sizechangable.weather.theme.optimus; className: android.widget.TextView; text: null; contentDescription: null; viewIdResName: com.lge.sizechangable.weather.theme.optimus:id/widget_city_name; checkable: false; checked: false; focusable: false; focused: false; selected: false; clickable: false; longClickable: false; enabled: true; password: false; scrollable: false; [ACTION_SELECT, ACTION_CLEAR_SELECTION, ACTION_ACCESSIBILITY_FOCUS]
12-12 12:17:25.367 19672 19672 I AccessibilityNodeInfoDumper: Skipping invisible child: android.view.accessibility.AccessibilityNodeInfo@1e7ec; boundsInParent: Rect(0, 0 - 0, 28); boundsInScreen: Rect(30, 395 - 30, 423); packageName: com.lge.sizechangable.weather.theme.optimus; className: android.widget.LinearLayout; text: null; contentDescription: null; viewIdResName: com.lge.sizechangable.weather.theme.optimus:id/widget_HL_temp; checkable: false; checked: false; focusable: false; focused: false; selected: false; clickable: false; longClickable: false; enabled: true; password: false; scrollable: false; [ACTION_SELECT, ACTION_CLEAR_SELECTION, ACTION_ACCESSIBILITY_FOCUS]
12-12 12:17:25.367 19672 19672 I AccessibilityNodeInfoDumper: Skipping invisible child: android.view.accessibility.AccessibilityNodeInfo@1ebad; boundsInParent: Rect(0, 0 - 0, 0); boundsInScreen: Rect(30, 423 - 30, 423); packageName: com.lge.sizechangable.weather.theme.optimus; className: android.widget.LinearLayout; text: null; contentDescription: null; viewIdResName: null; checkable: false; checked: false; focusable: false; focused: false; selected: false; clickable: false; longClickable: false; enabled: true; password: false; scrollable: false; [ACTION_SELECT, ACTION_CLEAR_SELECTION, ACTION_ACCESSIBILITY_FOCUS]
12-12 12:17:25.377 19672 19672 I AccessibilityNodeInfoDumper: Skipping invisible child: android.view.accessibility.AccessibilityNodeInfo@13b3e; boundsInParent: Rect(0, 0 - 0, 0); boundsInScreen: Rect(198, 554 - 198, 554); packageName: com.smartcom; className: android.widget.LinearLayout; text: null; contentDescription: null; viewIdResName: null; checkable: false; checked: false; focusable: false; focused: false; selected: false; clickable: false; longClickable: false; enabled: true; password: false; scrollable: false; [ACTION_SELECT, ACTION_CLEAR_SELECTION, ACTION_ACCESSIBILITY_FOCUS]
12-12 12:17:25.387 19672 19672 I AccessibilityNodeInfoDumper: Skipping invisible child: android.view.accessibility.AccessibilityNodeInfo@9d94; boundsInParent: Rect(0, 0 - 800, 998); boundsInScreen: Rect(800, 33 - 1600, 1031); packageName: com.lge.launcher2; className: android.view.View; text: null; contentDescription: null; viewIdResName: null; checkable: false; checked: false; focusable: false; focused: false; selected: false; clickable: true; longClickable: true; enabled: true; password: false; scrollable: false; [ACTION_SELECT, ACTION_CLEAR_SELECTION, ACTION_CLICK, ACTION_LONG_CLICK, ACTION_ACCESSIBILITY_FOCUS]
12-12 12:17:25.397 19672 19672 W AccessibilityNodeInfoDumper: Fetch time: 76ms
12-12 12:17:25.427   990  1179 V WifiServiceExtension: checkPollTimer Cnt= 0 rssi =-37 threshold=-100
12-12 12:17:25.507   990  3237 I ActivityManager: Killing 19353:com.lge.lockscreensettings/u0a78 (adj 15): empty #14
12-12 12:17:25.517  1222  6598 V SplitWindowPolicyService: requestUpdateStackInfo
12-12 12:17:25.517  1464  1474 I com.skyfire.browser.toolbar.ProcessObserverService: On process died 19353,10078
12-12 12:17:25.517   990  5309 D ActivityManager: resumeTopActivityLocked: Top activity resumed ActivityRecord{41ea4de8 u0 com.lge.launcher2/.Launcher t1}
12-12 12:17:25.697   990  1325 I WindowManager: interceptKeyTq keycode=3 down=true screenIsOn=true keyguardActive=false policyFlags=b000000 isWakeKey=false
12-12 12:17:25.707   990  1150 D PowerManagerService: updateUserActivitySummaryLocked: mWakefulness=Awake, mUserActivitySummary=0x1, nextTimeout=29209636 (in 892976 ms)
12-12 12:17:25.717   990  1150 I WindowManager: interceptKeyTi keyCode=3 down=true repeatCount=0 keyguardOn=false mHomePressed=false canceled=false
12-12 12:17:25.727   990  1503 I WindowManager: interceptKeyTq keycode=3 down=false screenIsOn=true keyguardActive=false policyFlags=b000000 isWakeKey=false
12-12 12:17:25.727   990  1150 I WindowManager: interceptKeyTi keyCode=3 down=false repeatCount=0 keyguardOn=false mHomePressed=true canceled=false
12-12 12:17:25.727   990  1150 D PowerManagerService: updateUserActivitySummaryLocked: mWakefulness=Awake, mUserActivitySummary=0x1, nextTimeout=29209687 (in 893000 ms)
12-12 12:17:25.727   990  1150 I ActivityManager: START u0 {act=android.intent.action.MAIN cat=[android.intent.category.HOME] flg=0x10200000 cmp=com.lge.launcher2/.Launcher} from pid 990
12-12 12:17:25.767  1222  6012 D dalvikvm: GC_EXPLICIT freed 13K, 67% free 3886K/11632K, paused 2ms+2ms, total 24ms
12-12 12:17:25.767   990  1150 I ActivityManager: ActivityRecord{42ef3dc8 u0 com.lge.launcher2/.Launcher t-1} Support Split:false Is ScreenFull:true
12-12 12:17:25.797  1222  1233 D dalvikvm: GC_EXPLICIT freed 7K, 67% free 3887K/11632K, paused 2ms+2ms, total 23ms
12-12 12:17:25.797  1222  1233 V SplitWindowPolicyService: checkScreen => return. sourceIntent is null or not support SplitWindow component: ComponentInfo{co..../co.....Launcher}
12-12 12:17:25.807  1222  6598 V SplitWindowPolicyService: requestUpdateStackInfo
12-12 12:17:25.807  1489  1489 I [LGHome]EVENT: [Launcher.java:1056:onPause()]onPause
12-12 12:17:25.807   990  1150 D ActivityManager: resumeTopActivityLocked: Top activity resumed ActivityRecord{41ea4de8 u0 com.lge.launcher2/.Launcher t1}
12-12 12:17:25.817  1489  1489 I [LGHome]EVENT: [Launcher.java:1947:onNewIntent()]Default Home screen would be seen
12-12 12:17:25.827  1489  1489 I [LGHome]EVENT: [Launcher.java:870:onResume()]onResume
12-12 12:17:25.827  1489  1489 I [LGHome]LGActivityUtil: [LGActivityUtil.java:303:notifyToWeatherWidget()]broadcast to weather widget, intent: Intent { act=com.lge.launcher2.RESUME }
12-12 12:17:25.827  1489  1489 I [LGHome]EVENT: [Launcher.java:1023:onResume()]onResume end
12-12 12:17:25.837  1360  1360 D WeatherAncestor: 2 : onReceive, action: com.lge.launcher2.RESUME, Time(hour:min:sec) 12:17:25
12-12 12:17:25.837  1360  1360 D UpdateThreadPoolManager: 2 : This is isUpdating : false
12-12 12:17:25.837  1360  1360 D WeatherService: 2 : shouldTimeTickRegistered - 4x2 : 1, FphWidget : 0
12-12 12:17:25.837  1360  1360 D WeatherService: 2 : shouldTimeTickRegistered : true - home screen widget is shown.
12-12 12:17:25.837  1360  1360 D WeatherAncestor: 2 : shouldTimeTickRegistered().........
12-12 12:17:25.847  1360  1360 W ContextImpl: Implicit intents with startService are not safe: Intent { act=com.lge.weather.WIDGET_REFRESH } android.content.ContextWrapper.startService:494 android.content.ContextWrapper.startService:494 com.lge.sizechangable.weather.layout.WeatherWidget.onReceive:463 
12-12 12:17:25.847  1360  1360 D WeatherAncestor: 2 : onReceive has processed, action: com.lge.launcher2.RESUME, Time(hour:min:sec) 12:17:25
12-12 12:17:25.847  1360  1360 D WeatherService: 2 : onStartCommand, intent!=null, action: com.lge.launcher2.RESUME
12-12 12:17:25.847  1360  1360 D Weather.Utils: 2 : Utils getTopActivity com.lge.launcher2 / true
12-12 12:17:25.857  1360  1360 D WeatherService: 2 : shouldTimeTickRegistered - 4x2 : 1, FphWidget : 0
12-12 12:17:25.857  1360  1360 D WeatherService: 2 : shouldTimeTickRegistered : true - home screen widget is shown.
12-12 12:17:25.857  1360  1360 D WeatherService: 2 : onStartCommand, intent!=null, action: com.lge.weather.WIDGET_REFRESH
12-12 12:17:25.857  1360  1360 D WeatherService: 2 : requestRefreshAppWidget, isUpdateStart : false
12-12 12:17:25.857  1360  1360 D UpdateThreadPoolManager: 2 : This is isUpdating : false
12-12 12:17:25.857  1360  1360 D WeatherService: 2 : requestRefreshAppWidget, isUpdating : false
12-12 12:17:25.857  1360  1360 D WeatherAncestor: 2 : buildUpdate, appWidgetId: 3
12-12 12:17:25.857  1360  1360 D WeatherReflect: 2 : Map key string is -2
12-12 12:17:25.857  1360  1360 D lim     : 2 : time = 12:17 PM
12-12 12:17:25.857  1360  1360 I WeatherReflect: Model Name : LG-V410
12-12 12:17:25.857  1360  1360 D WeatherTheme: 2 : exactly same view!
12-12 12:17:25.857  1360  1360 D WeatherTheme: 2 : widgetId = 3 : widgetSize = 1 : Do not refresh any widget.
12-12 12:17:25.867  1360  1360 D Weather.Utils: 2 : Utils getTopActivity com.lge.launcher2 / true
12-12 12:17:25.867  1360  1360 D WeatherService: 2 : shouldTimeTickRegistered - 4x2 : 1, FphWidget : 0
12-12 12:17:25.867  1360  1360 D WeatherService: 2 : shouldTimeTickRegistered : true - home screen widget is shown.
12-12 12:17:25.947   304   384 I Vold    : [LGE][VOLD][NetlinkHandler.cpp][onEvent()] subsys:cpu, action:0
12-12 12:17:26.017 19782 19782 I CalendarProvider2: Sending notification intent: Intent { act=android.intent.action.PROVIDER_CHANGED dat=content://com.android.calendar }
12-12 12:17:26.017 19782 19782 W ContentResolver: Failed to get type for: content://com.android.calendar (Unknown URL content://com.android.calendar)
12-12 12:17:26.037   990  1032 I ActivityManager: Start proc com.android.calendar for broadcast com.android.calendar/.alerts.AlertReceiver: pid=19808 uid=10017 gids={50017, 3003, 1028, 1015}
12-12 12:17:26.037   990  5309 I ActivityManager: Killing 19267:com.google.android.gms.ui/u0a10 (adj 15): empty #14
12-12 12:17:26.077  1464  1475 I com.skyfire.browser.toolbar.ProcessObserverService: On importance changed 19808,10017,400
12-12 12:17:26.087 19808 19808 D HyLog   : I : /data/font/config/sfconfig.dat, No such file or directory (2)
12-12 12:17:26.087 19808 19808 D HyLog   : I : /data/font/config/dfactpre.dat, No such file or directory (2)
12-12 12:17:26.087 19808 19808 D HyLog   : I : /data/font/config/sfconfig.dat, No such file or directory (2)
12-12 12:17:26.097  1464  1474 I com.skyfire.browser.toolbar.ProcessObserverService: On process died 19267,10010
12-12 12:17:26.097  1222  1234 V SplitWindowPolicyService: requestUpdateStackInfo
12-12 12:17:26.097   304   384 I Vold    : [LGE][VOLD][NetlinkHandler.cpp][onEvent()] subsys:cpu, action:0
12-12 12:17:26.097   990  1327 D ActivityManager: resumeTopActivityLocked: Top activity resumed ActivityRecord{41ea4de8 u0 com.lge.launcher2/.Launcher t1}
12-12 12:17:26.137 19808 19808 D CalendarApplication: CalendarApplication.onCreate()
12-12 12:17:26.137 19808 19808 D PreferenceKeysParser: [debug_displayParseInfos] preference keys.size() = 48
