12-12 12:17:46.157 18566 20111 W NetRec  : [920] ConfigChangedIntentOperation.onHandleIntent: Device does not support scoring, exiting
12-12 12:17:46.167 18566 20111 W NetRec  : [920] ConfigChangedIntentOperation.onHandleIntent: Device does not support scoring, exiting
12-12 12:17:46.187 18919 20115 I SettingsChangedIntentOp: SettingsChangedIntentOperation.run: Got intent Intent { act=com.google.android.gms.phenotype.COMMITTED flg=0x10 pkg=com.google.android.gms cmp=com.google.android.gms/.chimera.GmsIntentOperationService (has extras) }
12-12 12:17:46.187 18919 20115 I SettingsChangedIntentOp: SettingsChangedIntentOperation.run Intent extra com.google.android.gms.phenotype.PACKAGE_NAME: com.google.android.gms.growth
12-12 12:17:46.187 18919 20115 I SettingsChangedIntentOp: Action: com.google.android.gms.phenotype.COMMITTED
12-12 12:17:46.187 18919 20115 I SettingsChangedIntentOp: EXTRA_PACKAGE_NAME: com.google.android.gms.growth
12-12 12:17:46.197 18566 20111 I PTCommittedOperation: Receive new configuration for com.google.android.gms.growth
12-12 12:17:46.227 18566 20112 W NetRec  : [921] ConfigChangedIntentOperation.onHandleIntent: Device does not support scoring, exiting
12-12 12:17:46.237   990  1176 D WifiStateMachine: handleMessage: E msg.what=131155
12-12 12:17:46.237   990  1176 D WifiStateMachine: processMsg: ConnectedState
12-12 12:17:46.237   990  1176 D WifiStateMachine: processMsg: L2ConnectedState
12-12 12:17:46.237   990  1176 D WifiNative-wlan0: doString: SIGNAL_POLL
12-12 12:17:46.237  1198  1198 D wpa_supplicant: wlan0: Control interface command 'SIGNAL_POLL'
12-12 12:17:46.247  1198  1198 D wpa_supplicant: nl80211: survey data missing!
12-12 12:17:46.247   990  1176 D WifiStateMachine: handleMessage: X
12-12 12:17:46.257 18919 20113 I SettingsChangedIntentOp: SettingsChangedIntentOperation.run: Got intent Intent { act=com.google.android.gms.phenotype.COMMITTED flg=0x10 pkg=com.google.android.gms cmp=com.google.android.gms/.chimera.GmsIntentOperationService (has extras) }
12-12 12:17:46.257 18919 20113 I SettingsChangedIntentOp: SettingsChangedIntentOperation.run Intent extra com.google.android.gms.phenotype.PACKAGE_NAME: com.google.android.gms.matchstick
12-12 12:17:46.257 18919 20113 I SettingsChangedIntentOp: Action: com.google.android.gms.phenotype.COMMITTED
12-12 12:17:46.257 18919 20113 I SettingsChangedIntentOp: EXTRA_PACKAGE_NAME: com.google.android.gms.matchstick
12-12 12:17:46.267 18566 20109 I PTCommittedOperation: Receive new configuration for com.google.android.gms.matchstick
12-12 12:17:46.317 18566 18570 D dalvikvm: GC_CONCURRENT freed 2053K, 39% free 7149K/11632K, paused 5ms+7ms, total 73ms
12-12 12:17:46.317 18566 18805 D dalvikvm: WAIT_FOR_CONCURRENT_GC blocked 24ms
12-12 12:17:46.317 18566 18812 D dalvikvm: WAIT_FOR_CONCURRENT_GC blocked 27ms
12-12 12:17:46.317 18566 20110 D dalvikvm: WAIT_FOR_CONCURRENT_GC blocked 25ms
12-12 12:17:46.327 18566 20112 W NetRec  : [921] ConfigChangedIntentOperation.onHandleIntent: Device does not support scoring, exiting
12-12 12:17:46.347 18566 20109 I PTCommittedOperation: Receive new configuration for com.google.android.gms.romanesco
12-12 12:17:46.357 18919 20114 I SettingsChangedIntentOp: SettingsChangedIntentOperation.run: Got intent Intent { act=com.google.android.gms.phenotype.COMMITTED flg=0x10 pkg=com.google.android.gms cmp=com.google.android.gms/.chimera.GmsIntentOperationService (has extras) }
12-12 12:17:46.357 18919 20114 I SettingsChangedIntentOp: SettingsChangedIntentOperation.run Intent extra com.google.android.gms.phenotype.PACKAGE_NAME: com.google.android.gms.romanesco
12-12 12:17:46.357 18919 20114 I SettingsChangedIntentOp: Action: com.google.android.gms.phenotype.COMMITTED
12-12 12:17:46.357 18919 20114 I SettingsChangedIntentOp: EXTRA_PACKAGE_NAME: com.google.android.gms.romanesco
12-12 12:17:46.397 18566 20112 W NetRec  : [921] ConfigChangedIntentOperation.onHandleIntent: Device does not support scoring, exiting
12-12 12:17:46.407 18566 20110 I PTCommittedOperation: Receive new configuration for com.google.android.gms.ulr
12-12 12:17:46.407 18566 20110 I GCoreUlr: Starting service, intent=Intent { act=com.google.android.location.reporting.ACTION_UPDATE_WORLD cmp=com.google.android.gms/com.google.android.location.reporting.service.DispatchingService (has extras) }, extras=Bundle[{receiverAction=com.google.gservices.intent.action.GSERVICES_CHANGED}]
12-12 12:17:46.407 18919 20087 I SettingsChangedIntentOp: SettingsChangedIntentOperation.run: Got intent Intent { act=com.google.android.gms.phenotype.COMMITTED flg=0x10 pkg=com.google.android.gms cmp=com.google.android.gms/.chimera.GmsIntentOperationService (has extras) }
12-12 12:17:46.407 18919 20087 I SettingsChangedIntentOp: SettingsChangedIntentOperation.run Intent extra com.google.android.gms.phenotype.PACKAGE_NAME: com.google.android.gms.ulr
12-12 12:17:46.407 18919 20087 I SettingsChangedIntentOp: Action: com.google.android.gms.phenotype.COMMITTED
12-12 12:17:46.407 18919 20087 I SettingsChangedIntentOp: EXTRA_PACKAGE_NAME: com.google.android.gms.ulr
12-12 12:17:46.447   990  1179 V WifiServiceExtension: checkPollTimer Cnt= 0 rssi =-36 threshold=-100
12-12 12:17:46.467 18566 19426 W NetRec  : [893] ConfigChangedIntentOperation.onHandleIntent: Device does not support scoring, exiting
12-12 12:17:46.507 18566 20109 W NetRec  : [918] ConfigChangedIntentOperation.onHandleIntent: Device does not support scoring, exiting
12-12 12:17:46.547 18566 20112 W NetRec  : [921] ConfigChangedIntentOperation.onHandleIntent: Device does not support scoring, exiting
12-12 12:17:46.607   990  3364 D dalvikvm: GC_EXPLICIT freed 2532K, 45% free 17819K/31944K, paused 6ms+16ms, total 195ms
12-12 12:17:46.607 18919 20087 I SettingsChangedIntentOp: SettingsChangedIntentOperation.run: Got intent Intent { act=com.google.android.gms.phenotype.COMMITTED flg=0x10 pkg=com.google.android.gms cmp=com.google.android.gms/.chimera.GmsIntentOperationService (has extras) }
12-12 12:17:46.607 18919 20087 I SettingsChangedIntentOp: SettingsChangedIntentOperation.run Intent extra com.google.android.gms.phenotype.PACKAGE_NAME: com.google.android.gms.reachability
12-12 12:17:46.617 18919 20087 I SettingsChangedIntentOp: Action: com.google.android.gms.phenotype.COMMITTED
12-12 12:17:46.617 18919 20087 I SettingsChangedIntentOp: EXTRA_PACKAGE_NAME: com.google.android.gms.reachability
12-12 12:17:46.637 18566 20139 I PTCommittedOperation: Receive new configuration for com.google.android.gms.reachability
12-12 12:17:46.647 18566 20110 W NetRec  : [919] ConfigChangedIntentOperation.onHandleIntent: Device does not support scoring, exiting
12-12 12:17:46.647 18566 20111 I PTCommittedOperation: Receive new configuration for com.google.android.gms.feedback
12-12 12:17:46.647 18919 20114 I SettingsChangedIntentOp: SettingsChangedIntentOperation.run: Got intent Intent { act=com.google.android.gms.phenotype.COMMITTED flg=0x10 pkg=com.google.android.gms cmp=com.google.android.gms/.chimera.GmsIntentOperationService (has extras) }
12-12 12:17:46.647 18919 20114 I SettingsChangedIntentOp: SettingsChangedIntentOperation.run Intent extra com.google.android.gms.phenotype.PACKAGE_NAME: com.google.android.gms.feedback
12-12 12:17:46.647 18919 20114 I SettingsChangedIntentOp: Action: com.google.android.gms.phenotype.COMMITTED
12-12 12:17:46.647 18919 20114 I SettingsChangedIntentOp: EXTRA_PACKAGE_NAME: com.google.android.gms.feedback
12-12 12:17:46.657 18566 18798 I GCoreUlr: WorldUpdater received intent Intent { act=com.google.android.location.reporting.ACTION_UPDATE_WORLD cmp=com.google.android.gms/com.google.android.location.reporting.service.DispatchingService (has extras) } with receiverAction com.google.gservices.intent.action.GSERVICES_CHANGED
12-12 12:17:46.667 18566 20111 I PTCommittedOperation: Receive new configuration for com.google.android.gms.walletp2p#config
12-12 12:17:46.667 18919 20141 I SettingsChangedIntentOp: SettingsChangedIntentOperation.run: Got intent Intent { act=com.google.android.gms.phenotype.COMMITTED flg=0x10 pkg=com.google.android.gms cmp=com.google.android.gms/.chimera.GmsIntentOperationService (has extras) }
12-12 12:17:46.667 18919 20141 I SettingsChangedIntentOp: SettingsChangedIntentOperation.run Intent extra com.google.android.gms.phenotype.PACKAGE_NAME: com.google.android.gms.walletp2p#config
12-12 12:17:46.667 18919 20141 I SettingsChangedIntentOp: Action: com.google.android.gms.phenotype.COMMITTED
12-12 12:17:46.667 18919 20141 I SettingsChangedIntentOp: EXTRA_PACKAGE_NAME: com.google.android.gms.walletp2p#config
12-12 12:17:46.677 18566 18798 I GCoreUlr: WorldUpdater:com.google.gservices.intent.action.GSERVICES_CHANGED: Ensuring that reporting is stopped because of reasons: (no Google accounts)
12-12 12:17:46.687 18566 18798 I GCoreUlr: Unbound from all location providers
12-12 12:17:46.687 18566 18798 I GCoreUlr: Place inference reporting - stop
12-12 12:17:46.687 18566 20110 I PTCommittedOperation: Receive new configuration for com.google.android.gms.nearby
12-12 12:17:46.687 18919 20099 I SettingsChangedIntentOp: SettingsChangedIntentOperation.run: Got intent Intent { act=com.google.android.gms.phenotype.COMMITTED flg=0x10 pkg=com.google.android.gms cmp=com.google.android.gms/.chimera.GmsIntentOperationService (has extras) }
12-12 12:17:46.687 18919 20099 I SettingsChangedIntentOp: SettingsChangedIntentOperation.run Intent extra com.google.android.gms.phenotype.PACKAGE_NAME: com.google.android.gms.nearby
12-12 12:17:46.687 18919 20099 I SettingsChangedIntentOp: Action: com.google.android.gms.phenotype.COMMITTED
12-12 12:17:46.687 18919 20099 I SettingsChangedIntentOp: EXTRA_PACKAGE_NAME: com.google.android.gms.nearby
12-12 12:17:46.697 18566 18798 I GCoreUlr: DispatchingService ignoring Intent { act=android.net.wifi.WIFI_STATE_CHANGED flg=0x44000010 (has extras) } because ULR inactive
12-12 12:17:46.727 18566 20140 W NetRec  : [930] ConfigChangedIntentOperation.onHandleIntent: Device does not support scoring, exiting
12-12 12:17:46.747 18566 18566 I GCoreUlr: Stopping handler for UlrDispSvcFast
12-12 12:17:46.757 18566 18566 I GCoreUlr: Unbound from all location providers
12-12 12:17:46.757 18566 18566 I GCoreUlr: Place inference reporting - stop
12-12 12:17:46.777 18566 20111 W NetRec  : [920] ConfigChangedIntentOperation.onHandleIntent: Device does not support scoring, exiting
12-12 12:17:46.787 18919 20117 I SettingsChangedIntentOp: SettingsChangedIntentOperation.run: Got intent Intent { act=com.google.android.gms.phenotype.COMMITTED flg=0x10 pkg=com.google.android.gms cmp=com.google.android.gms/.chimera.GmsIntentOperationService (has extras) }
12-12 12:17:46.787 18919 20117 I SettingsChangedIntentOp: SettingsChangedIntentOperation.run Intent extra com.google.android.gms.phenotype.PACKAGE_NAME: com.google.android.gms.devicedoctor
12-12 12:17:46.787 18919 20117 I SettingsChangedIntentOp: Action: com.google.android.gms.phenotype.COMMITTED
12-12 12:17:46.787 18919 20117 I SettingsChangedIntentOp: EXTRA_PACKAGE_NAME: com.google.android.gms.devicedoctor
12-12 12:17:46.847 18566 18570 D dalvikvm: GC_CONCURRENT freed 2058K, 39% free 7138K/11632K, paused 4ms+9ms, total 72ms
12-12 12:17:46.847 18566 18566 D dalvikvm: WAIT_FOR_CONCURRENT_GC blocked 38ms
12-12 12:17:46.847 18566 19014 D dalvikvm: WAIT_FOR_CONCURRENT_GC blocked 33ms
12-12 12:17:46.857 18566 20139 I PTCommittedOperation: Receive new configuration for com.google.android.gms.devicedoctor
12-12 12:17:46.857 18566 20139 I PTCommittedOperation: Running Fixer Framework for com.google.android.gms.devicedoctor
12-12 12:17:46.857 18919 20117 I SettingsChangedIntentOp: SettingsChangedIntentOperation.run: Got intent Intent { act=com.google.android.gms.phenotype.COMMITTED flg=0x10 pkg=com.google.android.gms cmp=com.google.android.gms/.chimera.GmsIntentOperationService (has extras) }
12-12 12:17:46.857 18919 20117 I SettingsChangedIntentOp: SettingsChangedIntentOperation.run Intent extra com.google.android.gms.phenotype.PACKAGE_NAME: com.google.android.gms.thunderbird
12-12 12:17:46.867 18919 20117 I SettingsChangedIntentOp: Action: com.google.android.gms.phenotype.COMMITTED
12-12 12:17:46.867 18919 20117 I SettingsChangedIntentOp: EXTRA_PACKAGE_NAME: com.google.android.gms.thunderbird
12-12 12:17:46.887 18566 20140 W NetRec  : [930] ConfigChangedIntentOperation.onHandleIntent: Device does not support scoring, exiting
12-12 12:17:46.887 18919 20099 I SettingsChangedIntentOp: SettingsChangedIntentOperation.run: Got intent Intent { act=com.google.android.gms.phenotype.COMMITTED flg=0x10 pkg=com.google.android.gms cmp=com.google.android.gms/.chimera.GmsIntentOperationService (has extras) }
12-12 12:17:46.887 18919 20099 I SettingsChangedIntentOp: SettingsChangedIntentOperation.run Intent extra com.google.android.gms.phenotype.PACKAGE_NAME: com.google.android.gms.wearable
12-12 12:17:46.887 18566 20139 I PTCommittedOperation: Receive new configuration for com.google.android.gms.thunderbird
12-12 12:17:46.887 18919 20099 I SettingsChangedIntentOp: Action: com.google.android.gms.phenotype.COMMITTED
12-12 12:17:46.887 18919 20099 I SettingsChangedIntentOp: EXTRA_PACKAGE_NAME: com.google.android.gms.wearable
12-12 12:17:46.927 18566 20111 I PTCommittedOperation: Receive new configuration for com.google.android.gms.wearable
12-12 12:17:46.927 18566 20140 W NetRec  : [930] ConfigChangedIntentOperation.onHandleIntent: Device does not support scoring, exiting
12-12 12:17:46.937 18566 20110 I PTCommittedOperation: Receive new configuration for com.google.android.gms.herrevad
12-12 12:17:46.937 18919 20115 I SettingsChangedIntentOp: SettingsChangedIntentOperation.run: Got intent Intent { act=com.google.android.gms.phenotype.COMMITTED flg=0x10 pkg=com.google.android.gms cmp=com.google.android.gms/.chimera.GmsIntentOperationService (has extras) }
12-12 12:17:46.937 18919 20115 I SettingsChangedIntentOp: SettingsChangedIntentOperation.run Intent extra com.google.android.gms.phenotype.PACKAGE_NAME: com.google.android.gms.herrevad
12-12 12:17:46.937 18919 20115 I SettingsChangedIntentOp: Action: com.google.android.gms.phenotype.COMMITTED
12-12 12:17:46.937 18919 20115 I SettingsChangedIntentOp: EXTRA_PACKAGE_NAME: com.google.android.gms.herrevad
12-12 12:17:46.967 18566 20140 W NetRec  : [930] ConfigChangedIntentOperation.onHandleIntent: Device does not support scoring, exiting
12-12 12:17:46.977 18919 20115 I SettingsChangedIntentOp: SettingsChangedIntentOperation.run: Got intent Intent { act=com.google.android.gms.phenotype.COMMITTED flg=0x10 pkg=com.google.android.gms cmp=com.google.android.gms/.chimera.GmsIntentOperationService (has extras) }
12-12 12:17:46.977 18919 20115 I SettingsChangedIntentOp: SettingsChangedIntentOperation.run Intent extra com.google.android.gms.phenotype.PACKAGE_NAME: com.google.android.gms.firebase.auth
12-12 12:17:46.977 18919 20115 I SettingsChangedIntentOp: Action: com.google.android.gms.phenotype.COMMITTED
12-12 12:17:46.977 18919 20115 I SettingsChangedIntentOp: EXTRA_PACKAGE_NAME: com.google.android.gms.firebase.auth
12-12 12:17:46.977 18566 19426 I PTCommittedOperation: Receive new configuration for com.google.android.gms.firebase.auth
12-12 12:17:47.017 18566 20111 W NetRec  : [920] ConfigChangedIntentOperation.onHandleIntent: Device does not support scoring, exiting
12-12 12:17:47.017 18566 19426 W NetRec  : [893] ConfigChangedIntentOperation.onHandleIntent: Device does not support scoring, exiting
12-12 12:17:47.017 18919 20113 I SettingsChangedIntentOp: SettingsChangedIntentOperation.run: Got intent Intent { act=com.google.android.gms.phenotype.COMMITTED flg=0x10 pkg=com.google.android.gms cmp=com.google.android.gms/.chimera.GmsIntentOperationService (has extras) }
12-12 12:17:47.017 18919 20113 I SettingsChangedIntentOp: SettingsChangedIntentOperation.run Intent extra com.google.android.gms.phenotype.PACKAGE_NAME: alt.com.google.android.gms.devicedoctor
12-12 12:17:47.017 18919 20113 I SettingsChangedIntentOp: Action: com.google.android.gms.phenotype.COMMITTED
12-12 12:17:47.017 18919 20113 I SettingsChangedIntentOp: EXTRA_PACKAGE_NAME: alt.com.google.android.gms.devicedoctor
12-12 12:17:47.017 18566 20110 I PTCommittedOperation: Receive new configuration for alt.com.google.android.gms.devicedoctor
12-12 12:17:47.077 18566 20110 W NetRec  : [919] ConfigChangedIntentOperation.onHandleIntent: Device does not support scoring, exiting
12-12 12:17:47.107 18566 20139 W NetRec  : [927] ConfigChangedIntentOperation.onHandleIntent: Device does not support scoring, exiting
12-12 12:17:47.117 18919 20113 I SettingsChangedIntentOp: SettingsChangedIntentOperation.run: Got intent Intent { act=com.google.android.gms.phenotype.COMMITTED flg=0x10 pkg=com.google.android.gms cmp=com.google.android.gms/.chimera.GmsIntentOperationService (has extras) }
12-12 12:17:47.117 18919 20113 I SettingsChangedIntentOp: SettingsChangedIntentOperation.run Intent extra com.google.android.gms.phenotype.PACKAGE_NAME: com.google.android.gms.udc
12-12 12:17:47.117 18919 20113 I SettingsChangedIntentOp: Action: com.google.android.gms.phenotype.COMMITTED
12-12 12:17:47.117 18919 20113 I SettingsChangedIntentOp: EXTRA_PACKAGE_NAME: com.google.android.gms.udc
12-12 12:17:47.127 18566 20110 I PTCommittedOperation: Receive new configuration for com.google.android.gms.udc
12-12 12:17:47.157 18566 20110 W NetRec  : [919] ConfigChangedIntentOperation.onHandleIntent: Device does not support scoring, exiting
12-12 12:17:47.167 18919 20115 I SettingsChangedIntentOp: SettingsChangedIntentOperation.run: Got intent Intent { act=com.google.android.gms.phenotype.COMMITTED flg=0x10 pkg=com.google.android.gms cmp=com.google.android.gms/.chimera.GmsIntentOperationService (has extras) }
12-12 12:17:47.167 18919 20115 I SettingsChangedIntentOp: SettingsChangedIntentOperation.run Intent extra com.google.android.gms.phenotype.PACKAGE_NAME: com.google.android.gms.clearcut.public
12-12 12:17:47.167 18919 20115 I SettingsChangedIntentOp: Action: com.google.android.gms.phenotype.COMMITTED
12-12 12:17:47.167 18919 20115 I SettingsChangedIntentOp: EXTRA_PACKAGE_NAME: com.google.android.gms.clearcut.public
12-12 12:17:47.187 18566 20140 I PTCommittedOperation: Receive new configuration for com.google.android.gms.clearcut.public
12-12 12:17:47.207 18566 19426 W NetRec  : [893] ConfigChangedIntentOperation.onHandleIntent: Device does not support scoring, exiting
12-12 12:17:47.217 18919 20099 I SettingsChangedIntentOp: SettingsChangedIntentOperation.run: Got intent Intent { act=com.google.android.gms.phenotype.COMMITTED flg=0x10 pkg=com.google.android.gms cmp=com.google.android.gms/.chimera.GmsIntentOperationService (has extras) }
12-12 12:17:47.217 18919 20099 I SettingsChangedIntentOp: SettingsChangedIntentOperation.run Intent extra com.google.android.gms.phenotype.PACKAGE_NAME: com.google.android.gms.wallet
12-12 12:17:47.217 18919 20099 I SettingsChangedIntentOp: Action: com.google.android.gms.phenotype.COMMITTED
12-12 12:17:47.217 18919 20099 I SettingsChangedIntentOp: EXTRA_PACKAGE_NAME: com.google.android.gms.wallet
12-12 12:17:47.227 18566 19426 I PTCommittedOperation: Receive new configuration for com.google.android.gms.wallet
12-12 12:17:47.247 18566 19426 W NetRec  : [893] ConfigChangedIntentOperation.onHandleIntent: Device does not support scoring, exiting
12-12 12:17:47.257 18919 20141 I SettingsChangedIntentOp: SettingsChangedIntentOperation.run: Got intent Intent { act=com.google.android.gms.phenotype.COMMITTED flg=0x10 pkg=com.google.android.gms cmp=com.google.android.gms/.chimera.GmsIntentOperationService (has extras) }
12-12 12:17:47.257 18919 20141 I SettingsChangedIntentOp: SettingsChangedIntentOperation.run Intent extra com.google.android.gms.phenotype.PACKAGE_NAME: com.google.android.gms.smart_profile
12-12 12:17:47.257 18919 20141 I SettingsChangedIntentOp: Action: com.google.android.gms.phenotype.COMMITTED
12-12 12:17:47.257 18919 20141 I SettingsChangedIntentOp: EXTRA_PACKAGE_NAME: com.google.android.gms.smart_profile
12-12 12:17:47.267 18566 19426 I PTCommittedOperation: Receive new configuration for com.google.android.gms.smart_profile
12-12 12:17:47.297 18566 20111 W NetRec  : [920] ConfigChangedIntentOperation.onHandleIntent: Device does not support scoring, exiting
12-12 12:17:47.307 18919 20099 I SettingsChangedIntentOp: SettingsChangedIntentOperation.run: Got intent Intent { act=com.google.android.gms.phenotype.COMMITTED flg=0x10 pkg=com.google.android.gms cmp=com.google.android.gms/.chimera.GmsIntentOperationService (has extras) }
12-12 12:17:47.307 18919 20099 I SettingsChangedIntentOp: SettingsChangedIntentOperation.run Intent extra com.google.android.gms.phenotype.PACKAGE_NAME: com.google.android.gms.smartdevice
12-12 12:17:47.307 18919 20099 I SettingsChangedIntentOp: Action: com.google.android.gms.phenotype.COMMITTED
12-12 12:17:47.307 18919 20099 I SettingsChangedIntentOp: EXTRA_PACKAGE_NAME: com.google.android.gms.smartdevice
12-12 12:17:47.307 18566 20111 I PTCommittedOperation: Receive new configuration for com.google.android.gms.smartdevice
12-12 12:17:47.347 18566 20139 W NetRec  : [927] ConfigChangedIntentOperation.onHandleIntent: Device does not support scoring, exiting
12-12 12:17:47.347 18566 20139 I PTCommittedOperation: Receive new configuration for com.google.android.gms.instantapps
12-12 12:17:47.357 18919 20115 I SettingsChangedIntentOp: SettingsChangedIntentOperation.run: Got intent Intent { act=com.google.android.gms.phenotype.COMMITTED flg=0x10 pkg=com.google.android.gms cmp=com.google.android.gms/.chimera.GmsIntentOperationService (has extras) }
12-12 12:17:47.357 18919 20115 I SettingsChangedIntentOp: SettingsChangedIntentOperation.run Intent extra com.google.android.gms.phenotype.PACKAGE_NAME: com.google.android.gms.instantapps
12-12 12:17:47.357 18919 20115 I SettingsChangedIntentOp: Action: com.google.android.gms.phenotype.COMMITTED
12-12 12:17:47.357 18919 20115 I SettingsChangedIntentOp: EXTRA_PACKAGE_NAME: com.google.android.gms.instantapps
12-12 12:17:47.387 18566 20139 W NetRec  : [927] ConfigChangedIntentOperation.onHandleIntent: Device does not support scoring, exiting
12-12 12:17:47.397 18566 20110 I PTCommittedOperation: Receive new configuration for com.google.android.gms.beacon
12-12 12:17:47.397 18919 20115 I SettingsChangedIntentOp: SettingsChangedIntentOperation.run: Got intent Intent { act=com.google.android.gms.phenotype.COMMITTED flg=0x10 pkg=com.google.android.gms cmp=com.google.android.gms/.chimera.GmsIntentOperationService (has extras) }
12-12 12:17:47.397 18919 20115 I SettingsChangedIntentOp: SettingsChangedIntentOperation.run Intent extra com.google.android.gms.phenotype.PACKAGE_NAME: com.google.android.gms.beacon
12-12 12:17:47.407 18919 20115 I SettingsChangedIntentOp: Action: com.google.android.gms.phenotype.COMMITTED
12-12 12:17:47.407 18919 20115 I SettingsChangedIntentOp: EXTRA_PACKAGE_NAME: com.google.android.gms.beacon
12-12 12:17:47.437 18919 18921 D dalvikvm: GC_CONCURRENT freed 2104K, 34% free 7684K/11636K, paused 6ms+7ms, total 80ms
12-12 12:17:47.437 18919 20087 D dalvikvm: WAIT_FOR_CONCURRENT_GC blocked 27ms
12-12 12:17:47.437 18566 20139 W NetRec  : [927] ConfigChangedIntentOperation.onHandleIntent: Device does not support scoring, exiting
12-12 12:17:47.447 18919 20099 I SettingsChangedIntentOp: SettingsChangedIntentOperation.run: Got intent Intent { act=com.google.android.gms.phenotype.COMMITTED flg=0x10 pkg=com.google.android.gms cmp=com.google.android.gms/.chimera.GmsIntentOperationService (has extras) }
12-12 12:17:47.447 18919 20099 I SettingsChangedIntentOp: SettingsChangedIntentOperation.run Intent extra com.google.android.gms.phenotype.PACKAGE_NAME: com.google.android.gms.contextmanager
12-12 12:17:47.447 18919 20099 I SettingsChangedIntentOp: Action: com.google.android.gms.phenotype.COMMITTED
12-12 12:17:47.447 18919 20099 I SettingsChangedIntentOp: EXTRA_PACKAGE_NAME: com.google.android.gms.contextmanager
12-12 12:17:47.457 18566 20140 I PTCommittedOperation: Receive new configuration for com.google.android.gms.contextmanager
12-12 12:17:47.507 18566 18570 D dalvikvm: GC_CONCURRENT freed 2060K, 39% free 7126K/11632K, paused 5ms+8ms, total 62ms
12-12 12:17:47.507 18566 19014 D dalvikvm: WAIT_FOR_CONCURRENT_GC blocked 33ms
12-12 12:17:47.507 18566 19036 D dalvikvm: WAIT_FOR_CONCURRENT_GC blocked 35ms
12-12 12:17:47.507 18566 18798 D dalvikvm: WAIT_FOR_CONCURRENT_GC blocked 35ms
12-12 12:17:47.527 18566 20139 W NetRec  : [927] ConfigChangedIntentOperation.onHandleIntent: Device does not support scoring, exiting
12-12 12:17:47.537 18919 20099 I SettingsChangedIntentOp: SettingsChangedIntentOperation.run: Got intent Intent { act=com.google.android.gms.phenotype.COMMITTED flg=0x10 pkg=com.google.android.gms cmp=com.google.android.gms/.chimera.GmsIntentOperationService (has extras) }
12-12 12:17:47.537 18919 20099 I SettingsChangedIntentOp: SettingsChangedIntentOperation.run Intent extra com.google.android.gms.phenotype.PACKAGE_NAME: com.google.android.gms.security
12-12 12:17:47.537 18919 20099 I SettingsChangedIntentOp: Action: com.google.android.gms.phenotype.COMMITTED
12-12 12:17:47.537 18919 20099 I SettingsChangedIntentOp: EXTRA_PACKAGE_NAME: com.google.android.gms.security
12-12 12:17:47.547 18566 20110 I PTCommittedOperation: Receive new configuration for com.google.android.gms.security
12-12 12:17:47.587 18566 20111 W NetRec  : [920] ConfigChangedIntentOperation.onHandleIntent: Device does not support scoring, exiting
12-12 12:17:47.587 18566 19426 I PTCommittedOperation: Receive new configuration for com.google.android.gms.gcm
12-12 12:17:47.597 18566 20139 W NetRec  : [927] ConfigChangedIntentOperation.onHandleIntent: Device does not support scoring, exiting
12-12 12:17:47.597 18919 20099 I SettingsChangedIntentOp: SettingsChangedIntentOperation.run: Got intent Intent { act=com.google.android.gms.phenotype.COMMITTED flg=0x10 pkg=com.google.android.gms cmp=com.google.android.gms/.chimera.GmsIntentOperationService (has extras) }
12-12 12:17:47.597 18919 20099 I SettingsChangedIntentOp: SettingsChangedIntentOperation.run Intent extra com.google.android.gms.phenotype.PACKAGE_NAME: com.google.android.gms.gcm
12-12 12:17:47.597 18919 20099 I SettingsChangedIntentOp: Action: com.google.android.gms.phenotype.COMMITTED
12-12 12:17:47.597 18919 20099 I SettingsChangedIntentOp: EXTRA_PACKAGE_NAME: com.google.android.gms.gcm
12-12 12:17:47.607 18566 20110 W ConfigurationChimeraPro: Got null configs for com.google.android.gms.tapandpay_legacy_gservices
12-12 12:17:47.727 18566 20111 W NetRec  : [920] ConfigChangedIntentOperation.onHandleIntent: Device does not support scoring, exiting
12-12 12:17:47.737 18919 20087 I SettingsChangedIntentOp: SettingsChangedIntentOperation.run: Got intent Intent { act=com.google.android.gms.phenotype.COMMITTED flg=0x10 pkg=com.google.android.gms cmp=com.google.android.gms/.chimera.GmsIntentOperationService (has extras) }
12-12 12:17:47.737 18566 19426 I PTCommittedOperation: Receive new configuration for com.google.android.gms
12-12 12:17:47.737 18919 20087 I SettingsChangedIntentOp: SettingsChangedIntentOperation.run Intent extra com.google.android.gms.phenotype.PACKAGE_NAME: com.google.android.gms
12-12 12:17:47.737 18919 20087 I SettingsChangedIntentOp: Action: com.google.android.gms.phenotype.COMMITTED
12-12 12:17:47.737 18919 20087 I SettingsChangedIntentOp: EXTRA_PACKAGE_NAME: com.google.android.gms
12-12 12:17:47.777 18566 19426 W NetRec  : [893] ConfigChangedIntentOperation.onHandleIntent: Device does not support scoring, exiting
12-12 12:17:47.787 18566 20110 I PTCommittedOperation: Receive new configuration for com.google.android.gms.netrec
12-12 12:17:47.787 18919 20115 I SettingsChangedIntentOp: SettingsChangedIntentOperation.run: Got intent Intent { act=com.google.android.gms.phenotype.COMMITTED flg=0x10 pkg=com.google.android.gms cmp=com.google.android.gms/.chimera.GmsIntentOperationService (has extras) }
12-12 12:17:47.787 18919 20115 I SettingsChangedIntentOp: SettingsChangedIntentOperation.run Intent extra com.google.android.gms.phenotype.PACKAGE_NAME: com.google.android.gms.netrec
12-12 12:17:47.787 18919 20115 I SettingsChangedIntentOp: Action: com.google.android.gms.phenotype.COMMITTED
12-12 12:17:47.787 18919 20115 I SettingsChangedIntentOp: EXTRA_PACKAGE_NAME: com.google.android.gms.netrec
12-12 12:17:47.827 18566 20109 W NetRec  : [918] ConfigChangedIntentOperation.onHandleIntent: Device does not support scoring, exiting
12-12 12:17:47.837 18919 20115 I SettingsChangedIntentOp: SettingsChangedIntentOperation.run: Got intent Intent { act=com.google.android.gms.phenotype.COMMITTED flg=0x10 pkg=com.google.android.gms cmp=com.google.android.gms/.chimera.GmsIntentOperationService (has extras) }
12-12 12:17:47.837 18919 20115 I SettingsChangedIntentOp: SettingsChangedIntentOperation.run Intent extra com.google.android.gms.phenotype.PACKAGE_NAME: com.google.android.gms.places
12-12 12:17:47.837 18919 20115 I SettingsChangedIntentOp: Action: com.google.android.gms.phenotype.COMMITTED
12-12 12:17:47.837 18919 20115 I SettingsChangedIntentOp: EXTRA_PACKAGE_NAME: com.google.android.gms.places
12-12 12:17:47.837 18566 20109 I PTCommittedOperation: Receive new configuration for com.google.android.gms.places
12-12 12:17:48.027   304   384 I Vold    : [LGE][VOLD][NetlinkHandler.cpp][onEvent()] subsys:cpu, action:0
12-12 12:17:48.087   304   384 I Vold    : [LGE][VOLD][NetlinkHandler.cpp][onEvent()] subsys:cpu, action:0
12-12 12:17:48.127   327   427 I ThermalEngine: Sensor:pa_therm1:29000 mC
12-12 12:17:48.337   304   384 I Vold    : [LGE][VOLD][NetlinkHandler.cpp][onEvent()] subsys:cpu, action:0
12-12 12:17:49.217   990  1001 D LocationManagerService: getAllProviders()=[passive, gps, network]
12-12 12:17:49.247   990  1176 D WifiStateMachine: handleMessage: E msg.what=131155
12-12 12:17:49.247   990  1176 D WifiStateMachine: processMsg: ConnectedState
12-12 12:17:49.247   990  1176 D WifiStateMachine: processMsg: L2ConnectedState
12-12 12:17:49.247   990  1176 D WifiNative-wlan0: doString: SIGNAL_POLL
12-12 12:17:49.247  1198  1198 D wpa_supplicant: wlan0: Control interface command 'SIGNAL_POLL'
12-12 12:17:49.257  1198  1198 D wpa_supplicant: nl80211: survey data missing!
12-12 12:17:49.257   990  1176 D WifiStateMachine: handleMessage: X
12-12 12:17:49.347   304   384 I Vold    : [LGE][VOLD][NetlinkHandler.cpp][onEvent()] subsys:cpu, action:0
12-12 12:17:49.447   990  1179 V WifiServiceExtension: checkPollTimer Cnt= 0 rssi =-37 threshold=-100
12-12 12:17:49.747   304   384 I Vold    : [LGE][VOLD][NetlinkHandler.cpp][onEvent()] subsys:cpu, action:0
12-12 12:17:50.237 19672 19672 D dalvikvm: GC_FOR_ALLOC freed 5105K, 75% free 2068K/8192K, paused 38ms, total 42ms
12-12 12:17:50.237 19672 19672 I dalvikvm-heap: Grow heap (frag case) to 4.996MB for 1024016-byte allocation
12-12 12:17:50.267   304   384 I Vold    : [LGE][VOLD][NetlinkHandler.cpp][onEvent()] subsys:cpu, action:0
12-12 12:17:50.567   304   384 I Vold    : [LGE][VOLD][NetlinkHandler.cpp][onEvent()] subsys:cpu, action:0
12-12 12:17:51.277   304   384 I Vold    : [LGE][VOLD][NetlinkHandler.cpp][onEvent()] subsys:cpu, action:0
12-12 12:17:51.427   304   384 I Vold    : [LGE][VOLD][NetlinkHandler.cpp][onEvent()] subsys:cpu, action:0
12-12 12:17:51.427   304   384 I Vold    : [LGE][VOLD][NetlinkHandler.cpp][onEvent()] subsys:cpu, action:0
12-12 12:17:51.437 18919 18919 W dalvikvm: VFY: unable to find class referenced in signature (Landroid/app/job/JobParameters;)
12-12 12:17:51.497 18919 20205 D libc    : getaddrinfo called from pid =18919
12-12 12:17:51.497 18919 20205 D libc    : getaddrinfo called from pid =18919
12-12 12:17:51.497   313 20207 D libc    : getaddrinfo called from pid =313
12-12 12:17:51.497   313 20207 D libc    : _dns_getaddrinfo: iptype =1
12-12 12:17:51.497   313 20207 D libc    : _dns_getaddrinfo: query_ipv4=1, query_ipv6=0
12-12 12:17:51.557 18919 20205 D libc    : dnsproxy getaddrinfo returns 0
12-12 12:17:51.577 19672 19672 D libc    : getaddrinfo called from pid =19672
12-12 12:17:51.577 19672 19672 D libc    : getaddrinfo called from pid =19672
12-12 12:17:51.577   313 20209 D libc    : getaddrinfo called from pid =313
12-12 12:17:51.577   313 20209 D libc    : _dns_getaddrinfo: iptype =1
12-12 12:17:51.577   313 20209 D libc    : _dns_getaddrinfo: query_ipv4=1, query_ipv6=0
12-12 12:17:51.587 18919 20205 D libc    : getaddrinfo called from pid =18919
12-12 12:17:51.597 19672 19672 D libc    : dnsproxy getaddrinfo returns 0
12-12 12:17:51.737   304   384 I Vold    : [LGE][VOLD][NetlinkHandler.cpp][onEvent()] subsys:cpu, action:0
12-12 12:17:51.797   304   384 I Vold    : [LGE][VOLD][NetlinkHandler.cpp][onEvent()] subsys:cpu, action:0
12-12 12:17:51.897   304   384 I Vold    : [LGE][VOLD][NetlinkHandler.cpp][onEvent()] subsys:cpu, action:0
12-12 12:17:52.267   990  1176 D WifiStateMachine: handleMessage: E msg.what=131155
12-12 12:17:52.267   990  1176 D WifiStateMachine: processMsg: ConnectedState
12-12 12:17:52.267   990  1176 D WifiStateMachine: processMsg: L2ConnectedState
12-12 12:17:52.267   990  1176 D WifiNative-wlan0: doString: SIGNAL_POLL
12-12 12:17:52.267  1198  1198 D wpa_supplicant: wlan0: Control interface command 'SIGNAL_POLL'
12-12 12:17:52.267  1198  1198 D wpa_supplicant: nl80211: survey data missing!
12-12 12:17:52.267   990  1176 D WifiStateMachine: handleMessage: X
12-12 12:17:52.297  1206  1206 I [SystemUI]LGPowerUI: onReceive = com.lge.android.intent.action.BATTERYEX
12-12 12:17:52.297   304   384 I Vold    : [LGE][VOLD][NetlinkHandler.cpp][onEvent()] subsys:power_supply, action:3
12-12 12:17:52.327   990   990 W Settings: Setting stay_on_while_plugged_in has moved from android.provider.Settings.System to android.provider.Settings.Global, returning read-only value.
12-12 12:17:52.327   990   990 W Settings: Setting wifi_sleep_policy has moved from android.provider.Settings.System to android.provider.Settings.Global, returning read-only value.
12-12 12:17:52.327  2459  2483 D HeadsetStateMachine: Disconnected process message: 10
12-12 12:17:52.327  1206  1206 D KeyguardUpdateMonitor: received broadcast android.intent.action.BATTERY_CHANGED
12-12 12:17:52.327  1206  1206 I [SystemUI]LGPowerUI: onReceive = android.intent.action.BATTERY_CHANGED
12-12 12:17:52.327  1206  1206 I [SystemUI]LGPowerUI: android.intent.action.BATTERY_CHANGEDlevel=100, temperature=191, plugged=true, isCharging=false
12-12 12:17:52.327  1206  1206 I [SystemUI]LGPowerUI: StopCharging degree: 550
12-12 12:17:52.327  1206  1206 I [SystemUI]StatusBar.BatteryController: level = 100 status = 5 mIsPlugged = true isCharging = false isFullCharged = true mPlugType = 2 mIsSmartCharging = false
12-12 12:17:52.327   990  1180 D WifiController: battery changed pluggedType: 2
12-12 12:17:52.337 18566 19313 W ConfigurationChimeraPro: Got null configs for com.google.android.gms.update
12-12 12:17:52.457   990  1179 V WifiServiceExtension: checkPollTimer Cnt= 0 rssi =-37 threshold=-100
12-12 12:17:52.467 19672 19672 D dalvikvm: GC_FOR_ALLOC freed 3141K, 79% free 1973K/9196K, paused 19ms, total 19ms
12-12 12:17:52.607   304   384 I Vold    : [LGE][VOLD][NetlinkHandler.cpp][onEvent()] subsys:cpu, action:0
12-12 12:17:53.027   990  5309 I ActivityManager: Killing 19464:com.google.android.music:main/u0a93 (adj 15): empty #14
12-12 12:17:53.047  1464  1474 I com.skyfire.browser.toolbar.ProcessObserverService: On process died 19464,10093
12-12 12:17:53.047  1222  1233 V SplitWindowPolicyService: requestUpdateStackInfo
12-12 12:17:53.047   990  1002 V ActivityManager: Service ServiceRecord{42ec6910 u0 com.google.android.music/.download.artwork.ArtDownloadService} in process ProcessRecord{42e78778 19464:com.google.android.music:main/u0a93} not same as in map: null
12-12 12:17:53.047   990  1002 D ActivityManager: resumeTopActivityLocked: Top activity resumed ActivityRecord{428b2838 u0 com.example.snoopy/.MainActivity t3}
12-12 12:17:53.137   327   427 I ThermalEngine: Sensor:pa_therm1:28000 mC
12-12 12:17:53.317   304   384 I Vold    : [LGE][VOLD][NetlinkHandler.cpp][onEvent()] subsys:cpu, action:0
12-12 12:17:53.947   990  3237 I WindowManager: interceptKeyTq keycode=4 down=true screenIsOn=true keyguardActive=false policyFlags=b000000 isWakeKey=false
12-12 12:17:53.947   990  1150 D PowerManagerService: updateUserActivitySummaryLocked: mWakefulness=Awake, mUserActivitySummary=0x1, nextTimeout=29237904 (in 892997 ms)
12-12 12:17:53.957   990  1150 I WindowManager: interceptKeyTi keyCode=4 down=true repeatCount=0 keyguardOn=false mHomePressed=false canceled=false
12-12 12:17:53.957 19898 19898 D BubblePopupHelper: isShowingBubblePopup : false
12-12 12:17:53.957 19898 19898 I ViewRootImpl: ViewRoot's KeyEvent { action=ACTION_DOWN, keyCode=KEYCODE_BACK, scanCode=0, metaState=0, flags=0x0, repeatCount=0, eventTime=28344904, downTime=28344904, deviceId=-1, source=0x101 } to com.android.internal.policy.impl.PhoneWindow$DecorView{41c4b448 V.E..... R....... 0,0-800,1212}
12-12 12:17:53.967   990  1950 I WindowManager: interceptKeyTq keycode=4 down=false screenIsOn=true keyguardActive=false policyFlags=b000000 isWakeKey=false
12-12 12:17:53.967   990  1150 I WindowManager: interceptKeyTi keyCode=4 down=false repeatCount=0 keyguardOn=false mHomePressed=false canceled=false
12-12 12:17:53.967 19898 19898 D BubblePopupHelper: isShowingBubblePopup : false
12-12 12:17:53.967 19898 19898 I ViewRootImpl: ViewRoot's KeyEvent { action=ACTION_UP, keyCode=KEYCODE_BACK, scanCode=0, metaState=0, flags=0x0, repeatCount=0, eventTime=28344904, downTime=28344904, deviceId=-1, source=0x101 } to com.android.internal.policy.impl.PhoneWindow$DecorView{41c4b448 V.E..... R....... 0,0-800,1212}
12-12 12:17:53.967   990   990 D NotificationService: updateLightListLocked :r=NotificationRecord(0x423b6e20: pkg=android user=UserHandle{-1} id=17040545 tag=null score=0: Notification(pri=0 contentView=android/0x1090064 vibrate=null sound=null defaults=0x0 flags=0x2 kind=[android.system.imeswitcher])), action=2
12-12 12:17:53.977   990   990 D NotificationService: notification=Notification(pri=0 contentView=android/0x1090064 vibrate=null sound=null defaults=0x0 flags=0x2 kind=[android.system.imeswitcher])
12-12 12:17:53.997  1206  1206 D KeyguardUpdateMonitor: received broadcast com.lge.softkeypad.intent.HIDE
12-12 12:17:53.997  1206  1206 D KeyguardUpdateMonitor: IME visibility change, visible = false
12-12 12:17:54.047 19898 19898 D BubblePopupHelper: isShowingBubblePopup : false
12-12 12:17:54.047 19898 19898 D BubblePopupHelper: isShowingBubblePopup : false
12-12 12:17:54.047 19898 19898 D BubblePopupHelper: isShowingBubblePopup : false
12-12 12:17:54.047 19898 19898 D BubblePopupHelper: isShowingBubblePopup : false
12-12 12:17:54.047   304   384 I Vold    : [LGE][VOLD][NetlinkHandler.cpp][onEvent()] subsys:cpu, action:0
12-12 12:17:54.097   304   384 I Vold    : [LGE][VOLD][NetlinkHandler.cpp][onEvent()] subsys:cpu, action:0
12-12 12:17:54.107   304   384 I Vold    : [LGE][VOLD][NetlinkHandler.cpp][onEvent()] subsys:cpu, action:0
12-12 12:17:54.407   304   384 I Vold    : [LGE][VOLD][NetlinkHandler.cpp][onEvent()] subsys:cpu, action:0
12-12 12:17:54.717   304   384 I Vold    : [LGE][VOLD][NetlinkHandler.cpp][onEvent()] subsys:cpu, action:0
12-12 12:17:54.817   304   384 I Vold    : [LGE][VOLD][NetlinkHandler.cpp][onEvent()] subsys:cpu, action:0
12-12 12:17:54.977 19672 19672 W InteractionController: runAndwaitForEvent timedout waiting for events
12-12 12:17:55.207 18919 19050 I IcingInternalCorpora: EventIndexer: starting incremental update
12-12 12:17:55.217 18919 19050 I IcingInternalCorpora: EventIndexer: 0 added, 0 removed, 0 changed, 0 unchanged, 0 errors.
12-12 12:17:55.217 18919 19050 I IcingInternalCorpora: EventIndexer: finished after 10 ms.
12-12 12:17:55.217   304   384 I Vold    : [LGE][VOLD][NetlinkHandler.cpp][onEvent()] subsys:cpu, action:0
12-12 12:17:55.267   990  1176 D WifiStateMachine: handleMessage: E msg.what=131155
12-12 12:17:55.267   990  1176 D WifiStateMachine: processMsg: ConnectedState
12-12 12:17:55.267   990  1176 D WifiStateMachine: processMsg: L2ConnectedState
12-12 12:17:55.267   990  1176 D WifiNative-wlan0: doString: SIGNAL_POLL
12-12 12:17:55.267  1198  1198 D wpa_supplicant: wlan0: Control interface command 'SIGNAL_POLL'
12-12 12:17:55.277  1198  1198 D wpa_supplicant: nl80211: survey data missing!
12-12 12:17:55.277   990  1176 D WifiStateMachine: handleMessage: X
12-12 12:17:55.457   990  1179 V WifiServiceExtension: checkPollTimer Cnt= 0 rssi =-37 threshold=-100
12-12 12:17:55.477   304   384 I Vold    : [LGE][VOLD][NetlinkHandler.cpp][onEvent()] subsys:cpu, action:0
12-12 12:17:55.727   304   384 I Vold    : [LGE][VOLD][NetlinkHandler.cpp][onEvent()] subsys:cpu, action:0
12-12 12:17:55.737   304   384 I Vold    : [LGE][VOLD][NetlinkHandler.cpp][onEvent()] subsys:cpu, action:0
12-12 12:17:55.997 19672 19672 I AccessibilityNodeInfoDumper: Skipping invisible child: android.view.accessibility.AccessibilityNodeInfo@a8de; boundsInParent: Rect(0, 0 - 0, 85); boundsInScreen: Rect(789, 33 - 789, 118); packageName: com.example.snoopy; className: android.support.v7.widget.LinearLayoutCompat; text: null; contentDescription: null; viewIdResName: null; checkable: false; checked: false; focusable: false; focused: false; selected: false; clickable: false; longClickable: false; enabled: true; password: false; scrollable: false; [ACTION_SELECT, ACTION_CLEAR_SELECTION, ACTION_ACCESSIBILITY_FOCUS]
12-12 12:17:56.007   304   384 I Vold    : [LGE][VOLD][NetlinkHandler.cpp][onEvent()] subsys:cpu, action:0
12-12 12:17:56.017 19672 19672 W AccessibilityNodeInfoDumper: Fetch time: 20ms
12-12 12:17:56.507 19672 19672 I AccessibilityNodeInfoDumper: Skipping invisible child: android.view.accessibility.AccessibilityNodeInfo@a8de; boundsInParent: Rect(0, 0 - 0, 85); boundsInScreen: Rect(789, 33 - 789, 118); packageName: com.example.snoopy; className: android.support.v7.widget.LinearLayoutCompat; text: null; contentDescription: null; viewIdResName: null; checkable: false; checked: false; focusable: false; focused: false; selected: false; clickable: false; longClickable: false; enabled: true; password: false; scrollable: false; [ACTION_SELECT, ACTION_CLEAR_SELECTION, ACTION_ACCESSIBILITY_FOCUS]
12-12 12:17:56.517 19672 19672 W AccessibilityNodeInfoDumper: Fetch time: 7ms
12-12 12:17:56.557   304   384 I Vold    : [LGE][VOLD][NetlinkHandler.cpp][onEvent()] subsys:cpu, action:0
12-12 12:17:56.667   304   384 I Vold    : [LGE][VOLD][NetlinkHandler.cpp][onEvent()] subsys:cpu, action:0
12-12 12:17:56.687 19672 19686 D dalvikvm: GC_CONCURRENT freed 4699K, 66% free 3177K/9196K, paused 1ms+14ms, total 44ms
12-12 12:17:56.917   304   384 I Vold    : [LGE][VOLD][NetlinkHandler.cpp][onEvent()] subsys:cpu, action:0
12-12 12:17:56.977   304   384 I Vold    : [LGE][VOLD][NetlinkHandler.cpp][onEvent()] subsys:cpu, action:0
12-12 12:17:57.287 19672 19672 D dalvikvm: GC_FOR_ALLOC freed 1275K, 79% free 1956K/9196K, paused 16ms, total 16ms
12-12 12:17:57.297 19672 19672 I dalvikvm-heap: Grow heap (frag case) to 7.816MB for 4096016-byte allocation
12-12 12:17:57.357 19672 19672 D dalvikvm: GC_FOR_ALLOC freed 53K, 56% free 5906K/13200K, paused 11ms, total 11ms
12-12 12:17:57.357 19672 19672 I dalvikvm-heap: Grow heap (frag case) to 11.673MB for 4096016-byte allocation
12-12 12:17:58.137   327   427 I ThermalEngine: Sensor:pa_therm1:28000 mC
12-12 12:17:58.287   990  1176 D WifiStateMachine: handleMessage: E msg.what=131155
12-12 12:17:58.287   990  1176 D WifiStateMachine: processMsg: ConnectedState
12-12 12:17:58.287   990  1176 D WifiStateMachine: processMsg: L2ConnectedState
12-12 12:17:58.287   990  1176 D WifiNative-wlan0: doString: SIGNAL_POLL
12-12 12:17:58.287  1198  1198 D wpa_supplicant: wlan0: Control interface command 'SIGNAL_POLL'
12-12 12:17:58.297  1198  1198 D wpa_supplicant: nl80211: survey data missing!
12-12 12:17:58.297   990  1176 D WifiStateMachine: handleMessage: X
12-12 12:17:58.457   990  1179 V WifiServiceExtension: checkPollTimer Cnt= 0 rssi =-37 threshold=-100
12-12 12:17:58.837 19672 19672 I AccessibilityNodeInfoDumper: Skipping invisible child: android.view.accessibility.AccessibilityNodeInfo@a8de; boundsInParent: Rect(0, 0 - 0, 85); boundsInScreen: Rect(789, 33 - 789, 118); packageName: com.example.snoopy; className: android.support.v7.widget.LinearLayoutCompat; text: null; contentDescription: null; viewIdResName: null; checkable: false; checked: false; focusable: false; focused: false; selected: false; clickable: false; longClickable: false; enabled: true; password: false; scrollable: false; [ACTION_SELECT, ACTION_CLEAR_SELECTION, ACTION_ACCESSIBILITY_FOCUS]
12-12 12:17:58.837 19672 19672 W AccessibilityNodeInfoDumper: Fetch time: 11ms
12-12 12:17:59.047 19672 19672 D dalvikvm: GC_FOR_ALLOC freed 9600K, 72% free 2353K/8168K, paused 29ms, total 31ms
12-12 12:17:59.067 19672 19672 I QueryController: Matched selector: UiSelector[CLASS=android.widget.EditText, INSTANCE=0, PACKAGE NAME=com.example.snoopy] <<==>> [android.view.accessibility.AccessibilityNodeInfo@7811; boundsInParent: Rect(0, 0 - 450, 60); boundsInScreen: Rect(20, 138 - 470, 198); packageName: com.example.snoopy; className: android.widget.EditText; text: Enter your email; contentDescription: null; viewIdResName: com.example.snoopy:id/editTextEmail; checkable: false; checked: false; focusable: true; focused: true; selected: false; clickable: true; longClickable: true; enabled: true; password: false; scrollable: false; [ACTION_CLEAR_FOCUS, ACTION_SELECT, ACTION_CLEAR_SELECTION, ACTION_CLICK, ACTION_LONG_CLICK, ACTION_ACCESSIBILITY_FOCUS]]
12-12 12:17:59.077 19672 19672 I QueryController: Matched selector: UiSelector[CLASS=android.widget.EditText, INSTANCE=0, PACKAGE NAME=com.example.snoopy] <<==>> [android.view.accessibility.AccessibilityNodeInfo@7811; boundsInParent: Rect(0, 0 - 450, 60); boundsInScreen: Rect(20, 138 - 470, 198); packageName: com.example.snoopy; className: android.widget.EditText; text: Enter your email; contentDescription: null; viewIdResName: com.example.snoopy:id/editTextEmail; checkable: false; checked: false; focusable: true; focused: true; selected: false; clickable: true; longClickable: true; enabled: true; password: false; scrollable: false; [ACTION_CLEAR_FOCUS, ACTION_SELECT, ACTION_CLEAR_SELECTION, ACTION_CLICK, ACTION_LONG_CLICK, ACTION_ACCESSIBILITY_FOCUS]]
12-12 12:17:59.587   304   384 I Vold    : [LGE][VOLD][NetlinkHandler.cpp][onEvent()] subsys:cpu, action:0
12-12 12:17:59.647   304   384 I Vold    : [LGE][VOLD][NetlinkHandler.cpp][onEvent()] subsys:cpu, action:0
12-12 12:17:59.907   304   384 I Vold    : [LGE][VOLD][NetlinkHandler.cpp][onEvent()] subsys:cpu, action:0
12-12 12:18:00.027  1206  1206 D KeyguardUpdateMonitor: received broadcast android.intent.action.TIME_TICK
12-12 12:18:00.037  1360  1360 D WeatherService: 2 : TimeTick Intent has been received, Time(hour:min:sec) 12:18:0
12-12 12:18:00.037  1360  1360 D WeatherService: 2 : TimeTick Intent And Screen On
12-12 12:18:00.037  1360  1360 D WeatherService: 2 : SDK version : 19
12-12 12:18:00.047  1360  1360 D Weather.Utils: 2 : Utils getTopActivity com.lge.launcher2 / false
12-12 12:18:00.047  1360  1360 D Weather.Utils: 2 : Utils getTopActivity com.lge.easyhome / false
12-12 12:18:00.047  1360  1360 D WeatherService: 2 : shouldTimeTickRegistered : false
12-12 12:18:00.047  1360  1360 D WeatherService: 2 : TimeTick Receiver Unregister
12-12 12:18:00.077  1206  1206 D Clock   : Clock updated, drawingStartTime : 1513109880076, nextTick: 59945, mDrawingTime: 6
12-12 12:18:00.077  1206  1206 D Clock   : Clock updated, drawingStartTime : 1513109880088, nextTick: 59941, mDrawingTime: 3
12-12 12:18:00.087  1360  1360 D WeatherService: 2 : TimeTick Intent has been processed, Time(hour:min:sec) 12:18:0
12-12 12:18:00.087   304   384 I Vold    : [LGE][VOLD][NetlinkHandler.cpp][onEvent()] subsys:cpu, action:0
12-12 12:18:00.097  1206  1206 D KeyguardUpdateMonitor: handleTimeUpdate
12-12 12:18:00.097   304   384 I Vold    : [LGE][VOLD][NetlinkHandler.cpp][onEvent()] subsys:cpu, action:0
12-12 12:18:00.137   304   384 I Vold    : [LGE][VOLD][NetlinkHandler.cpp][onEvent()] subsys:cpu, action:0
12-12 12:18:00.157 19672 19672 I QueryController: Matched selector: UiSelector[CLASS=android.widget.EditText, INSTANCE=0, PACKAGE NAME=com.example.snoopy] <<==>> [android.view.accessibility.AccessibilityNodeInfo@7811; boundsInParent: Rect(0, 0 - 450, 60); boundsInScreen: Rect(20, 138 - 470, 198); packageName: com.example.snoopy; className: android.widget.EditText; text: Enter your email; contentDescription: null; viewIdResName: com.example.snoopy:id/editTextEmail; checkable: false; checked: false; focusable: true; focused: true; selected: false; clickable: true; longClickable: true; enabled: true; password: false; scrollable: false; [ACTION_CLEAR_FOCUS, ACTION_SELECT, ACTION_CLEAR_SELECTION, ACTION_CLICK, ACTION_LONG_CLICK, ACTION_ACCESSIBILITY_FOCUS]]
12-12 12:18:00.157   990  1150 D PowerManagerService: updateUserActivitySummaryLocked: mWakefulness=Awake, mUserActivitySummary=0x1, nextTimeout=29244118 (in 892999 ms)
12-12 12:18:00.227 19898 19898 I ViewRootImpl: ViewRoot's Touch Event : ACTION_DOWN
12-12 12:18:00.447   304   384 I Vold    : [LGE][VOLD][NetlinkHandler.cpp][onEvent()] subsys:cpu, action:0
12-12 12:18:00.737   990  1150 D PowerManagerService: updateUserActivitySummaryLocked: mWakefulness=Awake, mUserActivitySummary=0x1, nextTimeout=29244692 (in 892999 ms)
12-12 12:18:00.787   990  1001 D LocationManagerService: getAllProviders()=[passive, gps, network]
12-12 12:18:00.847 19898 19898 D cliptray_Editor: isOwnerforClipTray():mIsOwner :  true
12-12 12:18:00.857   990  1326 I VolumeVibratorManager: getVibrateVolume vibrateType 2
