12-12 12:18:19.227   990  3364 D ActivityManager: resumeTopActivityLocked: Pausing null
12-12 12:18:19.227   990  3364 V ActivityManager: resumeTopActivityLocked: Skip resume: need to start pausing
12-12 12:18:19.237  1222  1234 D SplitWindowPolicyService: updateActivityStateChanged: resumed=true pkgName=co.....StorageActivity, screenId=2, isScreenFull=true, isMinimized=false, topRunningActivity=ActivityInfo{41cd9008 co.....StorageActivity}, taskId=4, activityType=0
12-12 12:18:19.237   990  3364 D ActivityManager: allPausedActivitiesComplete: r=ActivityRecord{41b98018 u0 com.example.snoopy/.ProfileActivity t4} state=PAUSING
12-12 12:18:19.237   990  3237 V ActivityManager: Moving to PAUSED: ActivityRecord{41b98018 u0 com.example.snoopy/.ProfileActivity t4} (pause complete)
12-12 12:18:19.237   990  3237 D ActivityManager: resumeTopActivityLocked: Restarting ActivityRecord{41ba6a48 u0 com.example.snoopy/.StorageActivity t4}
12-12 12:18:19.237   990  3237 V ActivityManager: Moving to RESUMED: ActivityRecord{41ba6a48 u0 com.example.snoopy/.StorageActivity t4} (starting new instance)
12-12 12:18:19.247  1222  6598 V SplitWindowPolicyService: requestUpdateStackInfo
12-12 12:18:19.247   304   384 I Vold    : [LGE][VOLD][NetlinkHandler.cpp][onEvent()] subsys:cpu, action:0
12-12 12:18:19.267 18566 18566 I WearableService: Wearable Services stopping
12-12 12:18:19.297  1222  1320 D dalvikvm: GC_EXPLICIT freed 20K, 67% free 3894K/11632K, paused 2ms+2ms, total 31ms
12-12 12:18:19.297  1222  1320 V SplitWindowPolicyService: updateScreenStateAndRunningActivity: screenId=2, isFull=true, isMinimized=false, topRunningActivity=ActivityInfo{41cd9008 co.....StorageActivity}, uid=12459
12-12 12:18:19.307 19898 19898 E ViewRootImpl: mIsPenSupport: :true
12-12 12:18:19.317   990  1036 I SystemUI[Framework]: PhoneWindowManager.updateSystemUiVisibilityLw() :visibility=0x0, pkg=com.example.snoopy
12-12 12:18:19.357   304   384 I Vold    : [LGE][VOLD][NetlinkHandler.cpp][onEvent()] subsys:cpu, action:0
12-12 12:18:19.387 19898 19898 I ActivityManager: Timeline: Activity_idle id: android.os.BinderProxy@42118730 time:28370349
12-12 12:18:19.397   990  1176 D WifiStateMachine: handleMessage: E msg.what=131155
12-12 12:18:19.397   990  1176 D WifiStateMachine: processMsg: ConnectedState
12-12 12:18:19.397   990  1176 D WifiStateMachine: processMsg: L2ConnectedState
12-12 12:18:19.397   990  1176 D WifiNative-wlan0: doString: SIGNAL_POLL
12-12 12:18:19.397  1198  1198 D wpa_supplicant: wlan0: Control interface command 'SIGNAL_POLL'
12-12 12:18:19.407  1198  1198 D wpa_supplicant: nl80211: survey data missing!
12-12 12:18:19.407   990  1176 D WifiStateMachine: handleMessage: X
12-12 12:18:19.417   990  1031 I ActivityManager: Displayed com.example.snoopy/.StorageActivity: +182ms
12-12 12:18:19.477   990  1179 V WifiServiceExtension: checkPollTimer Cnt= 0 rssi =-37 threshold=-100
12-12 12:18:19.757   990  1031 I ActivityManager: Timeline: Activity_windows_visible id: ActivityRecord{41ba6a48 u0 com.example.snoopy/.StorageActivity t4} time:28370718
12-12 12:18:19.757   990  1032 V ActivityManager: Moving to STOPPING: ActivityRecord{41b98018 u0 com.example.snoopy/.ProfileActivity t4} (stop requested)
12-12 12:18:19.777   990  3365 V ActivityManager: Moving to STOPPED: ActivityRecord{41b98018 u0 com.example.snoopy/.ProfileActivity t4} (stop complete)
12-12 12:18:19.907   304   384 I Vold    : [LGE][VOLD][NetlinkHandler.cpp][onEvent()] subsys:cpu, action:0
12-12 12:18:20.017   304   384 I Vold    : [LGE][VOLD][NetlinkHandler.cpp][onEvent()] subsys:cpu, action:0
12-12 12:18:20.077   304   384 I Vold    : [LGE][VOLD][NetlinkHandler.cpp][onEvent()] subsys:cpu, action:0
12-12 12:18:21.127   304   384 I Vold    : [LGE][VOLD][NetlinkHandler.cpp][onEvent()] subsys:cpu, action:0
12-12 12:18:21.317 19672 19672 I AccessibilityNodeInfoDumper: Skipping invisible child: android.view.accessibility.AccessibilityNodeInfo@12887; boundsInParent: Rect(0, 0 - 0, 85); boundsInScreen: Rect(789, 33 - 789, 118); packageName: com.example.snoopy; className: android.support.v7.widget.LinearLayoutCompat; text: null; contentDescription: null; viewIdResName: null; checkable: false; checked: false; focusable: false; focused: false; selected: false; clickable: false; longClickable: false; enabled: true; password: false; scrollable: false; [ACTION_SELECT, ACTION_CLEAR_SELECTION, ACTION_ACCESSIBILITY_FOCUS]
12-12 12:18:21.317 19672 19672 I AccessibilityNodeInfoDumper: Skipping invisible child: android.view.accessibility.AccessibilityNodeInfo@124c6; boundsInParent: Rect(0, 0 - 0, 659); boundsInScreen: Rect(0, 182 - 0, 841); packageName: com.example.snoopy; className: android.widget.ImageView; text: null; contentDescription: null; viewIdResName: com.example.snoopy:id/imageView; checkable: false; checked: false; focusable: false; focused: false; selected: false; clickable: false; longClickable: false; enabled: true; password: false; scrollable: false; [ACTION_SELECT, ACTION_CLEAR_SELECTION, ACTION_ACCESSIBILITY_FOCUS]
12-12 12:18:21.317 19672 19672 W AccessibilityNodeInfoDumper: Fetch time: 7ms
12-12 12:18:21.427   304   384 I Vold    : [LGE][VOLD][NetlinkHandler.cpp][onEvent()] subsys:cpu, action:0
12-12 12:18:21.437   304   384 I Vold    : [LGE][VOLD][NetlinkHandler.cpp][onEvent()] subsys:cpu, action:0
12-12 12:18:21.737   304   384 I Vold    : [LGE][VOLD][NetlinkHandler.cpp][onEvent()] subsys:cpu, action:0
12-12 12:18:21.797   304   384 I Vold    : [LGE][VOLD][NetlinkHandler.cpp][onEvent()] subsys:cpu, action:0
12-12 12:18:21.837 19672 19672 I QueryController: Matched selector: UiSelector[CLASS=android.widget.Button, INSTANCE=1, PACKAGE NAME=com.example.snoopy, COUNT=1] <<==>> [android.view.accessibility.AccessibilityNodeInfo@ff3c; boundsInParent: Rect(0, 0 - 245, 64); boundsInScreen: Rect(245, 118 - 490, 182); packageName: com.example.snoopy; className: android.widget.Button; text: Upload; contentDescription: null; viewIdResName: com.example.snoopy:id/buttonUpload; checkable: false; checked: false; focusable: true; focused: false; selected: false; clickable: true; longClickable: false; enabled: true; password: false; scrollable: false; [ACTION_FOCUS, ACTION_SELECT, ACTION_CLEAR_SELECTION, ACTION_CLICK, ACTION_ACCESSIBILITY_FOCUS, ACTION_NEXT_AT_MOVEMENT_GRANULARITY, ACTION_PREVIOUS_AT_MOVEMENT_GRANULARITY, ACTION_SET_SELECTION]]
12-12 12:18:21.847 19672 19672 I QueryController: Matched selector: UiSelector[CLASS=android.widget.Button, INSTANCE=1, PACKAGE NAME=com.example.snoopy, COUNT=1] <<==>> [android.view.accessibility.AccessibilityNodeInfo@ff3c; boundsInParent: Rect(0, 0 - 245, 64); boundsInScreen: Rect(245, 118 - 490, 182); packageName: com.example.snoopy; className: android.widget.Button; text: Upload; contentDescription: null; viewIdResName: com.example.snoopy:id/buttonUpload; checkable: false; checked: false; focusable: true; focused: false; selected: false; clickable: true; longClickable: false; enabled: true; password: false; scrollable: false; [ACTION_FOCUS, ACTION_SELECT, ACTION_CLEAR_SELECTION, ACTION_CLICK, ACTION_ACCESSIBILITY_FOCUS, ACTION_NEXT_AT_MOVEMENT_GRANULARITY, ACTION_PREVIOUS_AT_MOVEMENT_GRANULARITY, ACTION_SET_SELECTION]]
12-12 12:18:22.107   304   384 I Vold    : [LGE][VOLD][NetlinkHandler.cpp][onEvent()] subsys:cpu, action:0
12-12 12:18:22.417   990  1176 D WifiStateMachine: handleMessage: E msg.what=131155
12-12 12:18:22.417   990  1176 D WifiStateMachine: processMsg: ConnectedState
12-12 12:18:22.417   990  1176 D WifiStateMachine: processMsg: L2ConnectedState
12-12 12:18:22.417   990  1176 D WifiNative-wlan0: doString: SIGNAL_POLL
12-12 12:18:22.417  1198  1198 D wpa_supplicant: wlan0: Control interface command 'SIGNAL_POLL'
12-12 12:18:22.427  1198  1198 D wpa_supplicant: nl80211: survey data missing!
12-12 12:18:22.427   990  1176 D WifiStateMachine: handleMessage: X
12-12 12:18:22.487   990  1179 V WifiServiceExtension: checkPollTimer Cnt= 0 rssi =-37 threshold=-100
12-12 12:18:22.957 19672 19672 I QueryController: Matched selector: UiSelector[CLASS=android.widget.Button, INSTANCE=1, PACKAGE NAME=com.example.snoopy, COUNT=1] <<==>> [android.view.accessibility.AccessibilityNodeInfo@ff3c; boundsInParent: Rect(0, 0 - 245, 64); boundsInScreen: Rect(245, 118 - 490, 182); packageName: com.example.snoopy; className: android.widget.Button; text: Upload; contentDescription: null; viewIdResName: com.example.snoopy:id/buttonUpload; checkable: false; checked: false; focusable: true; focused: false; selected: false; clickable: true; longClickable: false; enabled: true; password: false; scrollable: false; [ACTION_FOCUS, ACTION_SELECT, ACTION_CLEAR_SELECTION, ACTION_CLICK, ACTION_ACCESSIBILITY_FOCUS, ACTION_NEXT_AT_MOVEMENT_GRANULARITY, ACTION_PREVIOUS_AT_MOVEMENT_GRANULARITY, ACTION_SET_SELECTION]]
12-12 12:18:22.957 19672 19672 D InteractionController: clickAndSync(367, 150)
12-12 12:18:22.967   990  1150 D PowerManagerService: updateUserActivitySummaryLocked: mWakefulness=Awake, mUserActivitySummary=0x1, nextTimeout=29266922 (in 892997 ms)
12-12 12:18:22.977 19898 19898 I ViewRootImpl: ViewRoot's Touch Event : ACTION_DOWN
12-12 12:18:23.077 19898 19898 I ViewRootImpl: ViewRoot's Touch Event : ACTION_UP
12-12 12:18:23.157   327   427 I ThermalEngine: Sensor:pa_therm1:28000 mC
12-12 12:18:23.237   304   384 I Vold    : [LGE][VOLD][NetlinkHandler.cpp][onEvent()] subsys:cpu, action:0
12-12 12:18:23.247   304   384 I Vold    : [LGE][VOLD][NetlinkHandler.cpp][onEvent()] subsys:cpu, action:0
12-12 12:18:23.537   304   384 I Vold    : [LGE][VOLD][NetlinkHandler.cpp][onEvent()] subsys:cpu, action:0
12-12 12:18:23.597   304   384 I Vold    : [LGE][VOLD][NetlinkHandler.cpp][onEvent()] subsys:cpu, action:0
12-12 12:18:25.027   304   384 I Vold    : [LGE][VOLD][NetlinkHandler.cpp][onEvent()] subsys:cpu, action:0
12-12 12:18:25.277   304   384 I Vold    : [LGE][VOLD][NetlinkHandler.cpp][onEvent()] subsys:cpu, action:0
12-12 12:18:25.427   990  1176 D WifiStateMachine: handleMessage: E msg.what=131155
12-12 12:18:25.427   990  1176 D WifiStateMachine: processMsg: ConnectedState
12-12 12:18:25.427   990  1176 D WifiStateMachine: processMsg: L2ConnectedState
12-12 12:18:25.437   990  1176 D WifiNative-wlan0: doString: SIGNAL_POLL
12-12 12:18:25.437  1198  1198 D wpa_supplicant: wlan0: Control interface command 'SIGNAL_POLL'
12-12 12:18:25.447  1198  1198 D wpa_supplicant: nl80211: survey data missing!
12-12 12:18:25.447   990  1176 D WifiStateMachine: handleMessage: X
12-12 12:18:25.487   990  1179 V WifiServiceExtension: checkPollTimer Cnt= 0 rssi =-37 threshold=-100
12-12 12:18:26.087 19672 19672 W InteractionController: runAndwaitForEvent timedout waiting for events
12-12 12:18:26.937   304   384 I Vold    : [LGE][VOLD][NetlinkHandler.cpp][onEvent()] subsys:cpu, action:0
12-12 12:18:27.487   990  1326 D dalvikvm: GC_FOR_ALLOC freed 2799K, 46% free 18372K/33616K, paused 121ms, total 121ms
12-12 12:18:27.557 19672 19672 I AccessibilityNodeInfoDumper: Skipping invisible child: android.view.accessibility.AccessibilityNodeInfo@12887; boundsInParent: Rect(0, 0 - 0, 85); boundsInScreen: Rect(789, 33 - 789, 118); packageName: com.example.snoopy; className: android.support.v7.widget.LinearLayoutCompat; text: null; contentDescription: null; viewIdResName: null; checkable: false; checked: false; focusable: false; focused: false; selected: false; clickable: false; longClickable: false; enabled: true; password: false; scrollable: false; [ACTION_SELECT, ACTION_CLEAR_SELECTION, ACTION_ACCESSIBILITY_FOCUS]
12-12 12:18:27.567 19672 19672 I AccessibilityNodeInfoDumper: Skipping invisible child: android.view.accessibility.AccessibilityNodeInfo@124c6; boundsInParent: Rect(0, 0 - 0, 659); boundsInScreen: Rect(0, 182 - 0, 841); packageName: com.example.snoopy; className: android.widget.ImageView; text: null; contentDescription: null; viewIdResName: com.example.snoopy:id/imageView; checkable: false; checked: false; focusable: false; focused: false; selected: false; clickable: false; longClickable: false; enabled: true; password: false; scrollable: false; [ACTION_SELECT, ACTION_CLEAR_SELECTION, ACTION_ACCESSIBILITY_FOCUS]
12-12 12:18:27.567 19672 19672 W AccessibilityNodeInfoDumper: Fetch time: 6ms
12-12 12:18:27.667 19672 19672 I QueryController: Matched selector: UiSelector[CLASS=android.widget.Button, INSTANCE=0, PACKAGE NAME=com.example.snoopy] <<==>> [android.view.accessibility.AccessibilityNodeInfo@fb7b; boundsInParent: Rect(0, 0 - 245, 64); boundsInScreen: Rect(0, 118 - 245, 182); packageName: com.example.snoopy; className: android.widget.Button; text: Select; contentDescription: null; viewIdResName: com.example.snoopy:id/buttonSelect; checkable: false; checked: false; focusable: true; focused: false; selected: false; clickable: true; longClickable: false; enabled: true; password: false; scrollable: false; [ACTION_FOCUS, ACTION_SELECT, ACTION_CLEAR_SELECTION, ACTION_CLICK, ACTION_ACCESSIBILITY_FOCUS, ACTION_NEXT_AT_MOVEMENT_GRANULARITY, ACTION_PREVIOUS_AT_MOVEMENT_GRANULARITY, ACTION_SET_SELECTION]]
12-12 12:18:27.677 19672 19672 I QueryController: Matched selector: UiSelector[CLASS=android.widget.Button, INSTANCE=0, PACKAGE NAME=com.example.snoopy] <<==>> [android.view.accessibility.AccessibilityNodeInfo@fb7b; boundsInParent: Rect(0, 0 - 245, 64); boundsInScreen: Rect(0, 118 - 245, 182); packageName: com.example.snoopy; className: android.widget.Button; text: Select; contentDescription: null; viewIdResName: com.example.snoopy:id/buttonSelect; checkable: false; checked: false; focusable: true; focused: false; selected: false; clickable: true; longClickable: false; enabled: true; password: false; scrollable: false; [ACTION_FOCUS, ACTION_SELECT, ACTION_CLEAR_SELECTION, ACTION_CLICK, ACTION_ACCESSIBILITY_FOCUS, ACTION_NEXT_AT_MOVEMENT_GRANULARITY, ACTION_PREVIOUS_AT_MOVEMENT_GRANULARITY, ACTION_SET_SELECTION]]
12-12 12:18:28.167   327   427 I ThermalEngine: Sensor:pa_therm1:27000 mC
12-12 12:18:28.447   990  1176 D WifiStateMachine: handleMessage: E msg.what=131155
12-12 12:18:28.447   990  1176 D WifiStateMachine: processMsg: ConnectedState
12-12 12:18:28.447   990  1176 D WifiStateMachine: processMsg: L2ConnectedState
12-12 12:18:28.447   990  1176 D WifiNative-wlan0: doString: SIGNAL_POLL
12-12 12:18:28.457  1198  1198 D wpa_supplicant: wlan0: Control interface command 'SIGNAL_POLL'
12-12 12:18:28.467  1198  1198 D wpa_supplicant: nl80211: survey data missing!
12-12 12:18:28.467   990  1176 D WifiStateMachine: handleMessage: X
12-12 12:18:28.487   990  1179 V WifiServiceExtension: checkPollTimer Cnt= 0 rssi =-37 threshold=-100
12-12 12:18:28.757 19672 19672 I QueryController: Matched selector: UiSelector[CLASS=android.widget.Button, INSTANCE=0, PACKAGE NAME=com.example.snoopy] <<==>> [android.view.accessibility.AccessibilityNodeInfo@fb7b; boundsInParent: Rect(0, 0 - 245, 64); boundsInScreen: Rect(0, 118 - 245, 182); packageName: com.example.snoopy; className: android.widget.Button; text: Select; contentDescription: null; viewIdResName: com.example.snoopy:id/buttonSelect; checkable: false; checked: false; focusable: true; focused: false; selected: false; clickable: true; longClickable: false; enabled: true; password: false; scrollable: false; [ACTION_FOCUS, ACTION_SELECT, ACTION_CLEAR_SELECTION, ACTION_CLICK, ACTION_ACCESSIBILITY_FOCUS, ACTION_NEXT_AT_MOVEMENT_GRANULARITY, ACTION_PREVIOUS_AT_MOVEMENT_GRANULARITY, ACTION_SET_SELECTION]]
12-12 12:18:28.757 19672 19672 D InteractionController: clickAndSync(122, 150)
12-12 12:18:28.757 19898 19898 I ViewRootImpl: ViewRoot's Touch Event : ACTION_DOWN
12-12 12:18:28.757   990  1150 D PowerManagerService: updateUserActivitySummaryLocked: mWakefulness=Awake, mUserActivitySummary=0x1, nextTimeout=29272712 (in 892999 ms)
12-12 12:18:28.857 19898 19898 I ViewRootImpl: ViewRoot's Touch Event : ACTION_UP
12-12 12:18:28.877   990  5309 I ActivityManager: START u0 {act=android.intent.action.CHOOSER cmp=android/com.android.internal.app.ChooserActivity (has extras)} from pid 19898
12-12 12:18:28.907  1222  6598 D dalvikvm: GC_EXPLICIT freed 14K, 67% free 3886K/11632K, paused 1ms+2ms, total 27ms
12-12 12:18:28.907   990  5309 I ActivityManager: ActivityRecord{41d07f08 u0 android/com.android.internal.app.ChooserActivity t-1} Support Split:true Is ScreenFull:true
12-12 12:18:28.937  1222  6012 D dalvikvm: GC_EXPLICIT freed 3K, 67% free 3886K/11632K, paused 2ms+2ms, total 23ms
12-12 12:18:28.937  1222  6012 V SplitWindowPolicyService: checkScreen => screen zone to be launched by 0, isSplitMode: false
12-12 12:18:28.937  1222  6012 V SplitWindowPolicyService:                launch: ComponentInfo{android/co.....app.ChooserActivity}, from: ComponentInfo{co..../co.....StorageActivity}
12-12 12:18:28.937  1222  6012 W SplitWindowPolicyService: wrong split window lauch option! 0
12-12 12:18:28.937  1222  6012 V SplitWindowPolicyService: checkAutoSplitRule => autosplit mode is false and screen zone to be changed by 0
12-12 12:18:28.937  1222  1233 D SplitWindowPolicyService: updateActivityStateChanged: resumed=false pkgName=co.....StorageActivity, screenId=2, isScreenFull=true, isMinimized=false, topRunningActivity=ActivityInfo{41ca7f90 co.....StorageActivity}, taskId=4, activityType=0
12-12 12:18:28.937   990  5309 V ActivityManager: Moving to PAUSING: ActivityRecord{41ba6a48 u0 com.example.snoopy/.StorageActivity t4}
12-12 12:18:28.937   990  5309 D ActivityManager: resumeTopActivityLocked: Pausing null
12-12 12:18:28.937   990  5309 V ActivityManager: resumeTopActivityLocked: Skip resume: need to start pausing
12-12 12:18:28.947   990  5309 D ActivityManager: allPausedActivitiesComplete: r=ActivityRecord{41ba6a48 u0 com.example.snoopy/.StorageActivity t4} state=PAUSING
12-12 12:18:28.947   990  3364 V ActivityManager: Moving to PAUSED: ActivityRecord{41ba6a48 u0 com.example.snoopy/.StorageActivity t4} (pause complete)
12-12 12:18:28.947   990  3364 D ActivityManager: resumeTopActivityLocked: Restarting ActivityRecord{41d07f08 u0 android/com.android.internal.app.ChooserActivity t4}
12-12 12:18:28.947   990  3364 V ActivityManager: Moving to RESUMED: ActivityRecord{41d07f08 u0 android/com.android.internal.app.ChooserActivity t4} (starting new instance)
12-12 12:18:28.947  1222  6012 D SplitWindowPolicyService: updateActivityStateChanged: resumed=true pkgName=co.....app.ChooserActivity, screenId=2, isScreenFull=true, isMinimized=false, topRunningActivity=ActivityInfo{41ca7370 co.....app.ChooserActivity}, taskId=4, activityType=0
12-12 12:18:28.957  1222  1233 V SplitWindowPolicyService: requestUpdateStackInfo
12-12 12:18:29.007   304   384 I Vold    : [LGE][VOLD][NetlinkHandler.cpp][onEvent()] subsys:cpu, action:0
12-12 12:18:29.017  1222  1320 D dalvikvm: GC_EXPLICIT freed 13K, 67% free 3890K/11632K, paused 2ms+6ms, total 55ms
12-12 12:18:29.017  1222  1320 V SplitWindowPolicyService: updateScreenStateAndRunningActivity: screenId=2, isFull=true, isMinimized=false, topRunningActivity=ActivityInfo{41ca7370 co.....app.ChooserActivity}, uid=12459
12-12 12:18:29.047 19898 19898 I ActivityManager: Timeline: Activity_launch_request id:com.android.documentsui time:28380008
12-12 12:18:29.047   990  1325 I ActivityManager: START u0 {act=android.intent.action.GET_CONTENT typ=image/* flg=0x3000000 cmp=com.android.documentsui/.DocumentsActivity} from pid 19898
12-12 12:18:29.067   304   384 I Vold    : [LGE][VOLD][NetlinkHandler.cpp][onEvent()] subsys:cpu, action:0
12-12 12:18:29.087  1222  6012 D dalvikvm: GC_EXPLICIT freed 8K, 67% free 3889K/11632K, paused 2ms+2ms, total 29ms
12-12 12:18:29.087   990  1325 I ActivityManager: ActivityRecord{41d08ad0 u0 com.android.documentsui/.DocumentsActivity t-1} Support Split:false Is ScreenFull:true
12-12 12:18:29.107  1222  1233 D dalvikvm: GC_EXPLICIT freed 4K, 67% free 3888K/11632K, paused 2ms+2ms, total 24ms
12-12 12:18:29.107  1222  1233 V SplitWindowPolicyService: checkScreen => return. sourceIntent is null or not support SplitWindow component: ComponentInfo{co..../co.....DocumentsActivity}
12-12 12:18:29.107   990  1325 V ActivityManager: Moving to PAUSING: ActivityRecord{41d07f08 u0 android/com.android.internal.app.ChooserActivity t4}
12-12 12:18:29.117  1222  1234 D SplitWindowPolicyService: updateActivityStateChanged: resumed=false pkgName=co.....app.ChooserActivity, screenId=2, isScreenFull=true, isMinimized=false, topRunningActivity=ActivityInfo{41ca7f90 co.....app.ChooserActivity}, taskId=4, activityType=0
12-12 12:18:29.117   990  1325 D ActivityManager: resumeTopActivityLocked: Pausing null
12-12 12:18:29.117   990  1325 V ActivityManager: resumeTopActivityLocked: Skip resume: need to start pausing
12-12 12:18:29.117   990  1325 D ActivityManager: allPausedActivitiesComplete: r=ActivityRecord{41d07f08 u0 android/com.android.internal.app.ChooserActivity t4} state=PAUSING
12-12 12:18:29.117   990  1001 V ActivityManager: Finishing activity token=Token{4246dc88 ActivityRecord{41d07f08 u0 android/com.android.internal.app.ChooserActivity t4}} r=, result=0, data=null, reason=app-request
12-12 12:18:29.117   990  1326 V ActivityManager: Moving to PAUSED: ActivityRecord{41d07f08 u0 android/com.android.internal.app.ChooserActivity t4 f} (pause complete)
12-12 12:18:29.117   990  1326 V ActivityManager: Moving to FINISHING: ActivityRecord{41d07f08 u0 android/com.android.internal.app.ChooserActivity t4 f}
12-12 12:18:29.117   990  1326 D ActivityManager: allPausedActivitiesComplete: r=ActivityRecord{41d07f08 u0 android/com.android.internal.app.ChooserActivity t4 f} state=FINISHING
12-12 12:18:29.117   990  1326 V ActivityManager: resumeTopActivityLocked: Skip resume: some activity pausing.
12-12 12:18:29.117   990  1326 D ActivityManager: resumeTopActivityLocked: Restarting ActivityRecord{41d08ad0 u0 com.android.documentsui/.DocumentsActivity t4}
12-12 12:18:29.127   990  1326 I ActivityManager: Start proc com.android.documentsui for activity com.android.documentsui/.DocumentsActivity: pid=20884 uid=10060 gids={50060, 1028, 4002}
12-12 12:18:29.137   990  1031 E ViewRootImpl: mIsPenSupport: :true
12-12 12:18:29.157  1222  6012 D SplitWindowPolicyService: updateActivityStateChanged: resumed=true pkgName=co.....DocumentsActivity, screenId=2, isScreenFull=true, isMinimized=false, topRunningActivity=ActivityInfo{41be3cc0 co.....DocumentsActivity}, taskId=4, activityType=0
12-12 12:18:29.157  1222  1233 V SplitWindowPolicyService: requestUpdateStackInfo
12-12 12:18:29.157  1464  1475 I com.skyfire.browser.toolbar.ProcessObserverService: On foreground activity changed : 20884,10060,true
12-12 12:18:29.157  1464  1475 I com.skyfire.browser.toolbar.ProcessObserverService: On importance changed 20884,10060,100
12-12 12:18:29.157  1464  1475 I com.skyfire.browser.toolbar.ProcessObserverService: On importance changed 19898,12459,400
12-12 12:18:29.157   990  3366 V ActivityManager: Moving to RESUMED: ActivityRecord{41d08ad0 u0 com.android.documentsui/.DocumentsActivity t4} (starting new instance)
12-12 12:18:29.157   990  1032 V ActivityManager: Moving to DESTROYING: ActivityRecord{41d07f08 u0 android/com.android.internal.app.ChooserActivity t4 f} (destroy requested)
12-12 12:18:29.167  1222  1233 V SplitWindowPolicyService: requestUpdateStackInfo
12-12 12:18:29.167 20884 20884 D HyLog   : I : /data/font/config/sfconfig.dat, No such file or directory (2)
12-12 12:18:29.167 20884 20884 D HyLog   : I : /data/font/config/dfactpre.dat, No such file or directory (2)
12-12 12:18:29.167 20884 20884 D HyLog   : I : /data/font/config/sfconfig.dat, No such file or directory (2)
12-12 12:18:29.167   990  1502 V ActivityManager: Moving to DESTROYED: ActivityRecord{41d07f08 u0 android/com.android.internal.app.ChooserActivity t4 f} (removed from history)
12-12 12:18:29.167   990  1502 D ActivityManager: resumeTopActivityLocked: Top activity resumed ActivityRecord{41d08ad0 u0 com.android.documentsui/.DocumentsActivity t4}
12-12 12:18:29.197  1222  1320 D dalvikvm: GC_EXPLICIT freed 12K, 67% free 3891K/11632K, paused 2ms+6ms, total 34ms
12-12 12:18:29.207  1222  1320 V SplitWindowPolicyService: updateScreenStateAndRunningActivity: screenId=2, isFull=true, isMinimized=false, topRunningActivity=ActivityInfo{41be3cc0 co.....DocumentsActivity}, uid=10060
12-12 12:18:29.207  1222  1320 V SplitWindowPolicyService: notifySplitWindowStateChanged: 12
12-12 12:18:29.227 20884 20897 D Documents: Loading roots for com.android.externalstorage.documents
12-12 12:18:29.247   990  3237 I ActivityManager: Start proc com.android.externalstorage for content provider com.android.externalstorage/.ExternalStorageProvider: pid=20898 uid=10008 gids={50008, 1028, 1015, 1023}
12-12 12:18:29.277  1464  1474 I com.skyfire.browser.toolbar.ProcessObserverService: On importance changed 20898,10008,400
12-12 12:18:29.277 20898 20898 D HyLog   : I : /data/font/config/sfconfig.dat, No such file or directory (2)
12-12 12:18:29.277 20898 20898 D HyLog   : I : /data/font/config/dfactpre.dat, No such file or directory (2)
12-12 12:18:29.277 20898 20898 D HyLog   : I : /data/font/config/sfconfig.dat, No such file or directory (2)
12-12 12:18:29.287   990  1031 V WindowStateAnimator: Starting window displayed
12-12 12:18:29.297   990  1036 I SystemUI[Framework]: PhoneWindowManager.updateSystemUiVisibilityLw() :visibility=0x0, pkg=com.android.documentsui
12-12 12:18:29.317 20898 20898 D ExternalStorage: After updating volumes, found 1 active roots
12-12 12:18:29.337 20884 20897 D Documents: Loading roots for com.android.providers.downloads.documents
12-12 12:18:29.347 20884 20897 D Documents: Loading roots for com.android.providers.media.documents
12-12 12:18:29.347 20884 20884 E ViewRootImpl: mIsPenSupport: :true
12-12 12:18:29.357 20884 20884 D Documents: Updating roots due to change at content://com.android.externalstorage.documents/root
12-12 12:18:29.387 20884 20897 D Documents: Loading roots for com.google.android.apps.docs.storage
12-12 12:18:29.407   990  1197 I ActivityManager: Start proc com.google.android.apps.docs for content provider com.google.android.apps.docs/.storagebackend.StorageBackendContentProvider: pid=20917 uid=10068 gids={50068, 1028, 1015, 3003}
12-12 12:18:29.427  1464  1475 I com.skyfire.browser.toolbar.ProcessObserverService: On importance changed 20917,10068,400
12-12 12:18:29.437 20917 20917 D HyLog   : I : /data/font/config/sfconfig.dat, No such file or directory (2)
12-12 12:18:29.437 20917 20917 D HyLog   : I : /data/font/config/dfactpre.dat, No such file or directory (2)
12-12 12:18:29.437 20917 20917 D HyLog   : I : /data/font/config/sfconfig.dat, No such file or directory (2)
12-12 12:18:29.617 20917 20917 E dalvikvm: Could not find class 'android.provider.DocumentsContract$Path', referenced from method com.google.android.apps.docs.storagebackend.StorageBackendContentProvider.a
12-12 12:18:29.617 20917 20917 W dalvikvm: VFY: unable to resolve new-instance 936 (Landroid/provider/DocumentsContract$Path;) in Lcom/google/android/apps/docs/storagebackend/StorageBackendContentProvider;
12-12 12:18:29.617 20917 20917 D dalvikvm: VFY: replacing opcode 0x22 at 0x0089
12-12 12:18:29.617 20917 20917 I dalvikvm: Could not find method frh.refresh, referenced from method com.google.android.apps.docs.storagebackend.StorageBackendContentProvider.refresh
12-12 12:18:29.617 20917 20917 W dalvikvm: VFY: unable to resolve virtual method 38100: Lfrh;.refresh (Landroid/net/Uri;Landroid/os/Bundle;Landroid/os/CancellationSignal;)Z
12-12 12:18:29.617 20917 20917 D dalvikvm: VFY: replacing opcode 0x6f at 0x0007
12-12 12:18:29.617 20917 20917 D dalvikvm: DexOpt: unable to opt direct call 0x1053 at 0x8b in Lcom/google/android/apps/docs/storagebackend/StorageBackendContentProvider;.a
12-12 12:18:29.647 20917 20917 I dalvikvm: Could not find method android.content.Context.getDrawable, referenced from method in.a
12-12 12:18:29.647 20917 20917 W dalvikvm: VFY: unable to resolve virtual method 2767: Landroid/content/Context;.getDrawable (I)Landroid/graphics/drawable/Drawable;
12-12 12:18:29.647 20917 20917 D dalvikvm: VFY: replacing opcode 0x6e at 0x0006
12-12 12:18:29.647 20917 20917 I dalvikvm: Could not find method android.content.Context.isDeviceProtectedStorage, referenced from method in.a
12-12 12:18:29.647 20917 20917 W dalvikvm: VFY: unable to resolve virtual method 2783: Landroid/content/Context;.isDeviceProtectedStorage ()Z
12-12 12:18:29.647 20917 20917 D dalvikvm: VFY: replacing opcode 0x6e at 0x0006
12-12 12:18:29.647 20917 20917 I dalvikvm: Could not find method android.content.Context.getColorStateList, referenced from method in.b
12-12 12:18:29.647 20917 20917 W dalvikvm: VFY: unable to resolve virtual method 2762: Landroid/content/Context;.getColorStateList (I)Landroid/content/res/ColorStateList;
12-12 12:18:29.647 20917 20917 D dalvikvm: VFY: replacing opcode 0x6e at 0x0006
12-12 12:18:29.647 20917 20917 I dalvikvm: Could not find method android.content.Context.getColor, referenced from method in.c
12-12 12:18:29.647 20917 20917 W dalvikvm: VFY: unable to resolve virtual method 2761: Landroid/content/Context;.getColor (I)I
12-12 12:18:29.647 20917 20917 D dalvikvm: VFY: replacing opcode 0x6e at 0x0006
12-12 12:18:29.757 20917 20917 W dalvikvm: Unable to resolve superclass of Lcom/google/android/apps/docs/notification/guns/GcmJobService; (592)
12-12 12:18:29.757 20917 20917 W dalvikvm: Link of class 'Lcom/google/android/apps/docs/notification/guns/GcmJobService;' failed
12-12 12:18:29.767 20917 20917 W dalvikvm: VFY: unable to find class referenced in signature (Lcom/google/android/apps/docs/notification/guns/GcmJobService;)
12-12 12:18:29.767 20917 20917 W dalvikvm: Unable to resolve superclass of Lcom/google/android/apps/docs/notification/guns/GcmJobService; (592)
12-12 12:18:29.767 20917 20917 W dalvikvm: Link of class 'Lcom/google/android/apps/docs/notification/guns/GcmJobService;' failed
12-12 12:18:29.767 20917 20917 W dalvikvm: VFY: unable to resolve instance field 11971
12-12 12:18:29.767 20917 20917 D dalvikvm: VFY: replacing opcode 0x5b at 0x0008
12-12 12:18:29.767 20917 20917 I dalvikvm: Could not find method java.util.Locale.toLanguageTag, referenced from method drz.a
12-12 12:18:29.767 20917 20917 W dalvikvm: VFY: unable to resolve virtual method 49887: Ljava/util/Locale;.toLanguageTag ()Ljava/lang/String;
12-12 12:18:29.767 20917 20917 D dalvikvm: VFY: replacing opcode 0x6e at 0x00ca
12-12 12:18:29.787 20917 20917 W dalvikvm: Unable to resolve superclass of Lcom/google/android/apps/docs/notification/guns/GcmJobService; (592)
12-12 12:18:29.787 20917 20917 W dalvikvm: Link of class 'Lcom/google/android/apps/docs/notification/guns/GcmJobService;' failed
12-12 12:18:29.787 20917 20917 I dalvikvm: DexOpt: unable to optimize instance field ref 0x2ec4 at 0x12 in Ldrz;.a
12-12 12:18:29.827 20917 20917 I dalvikvm: Could not find method java.util.Locale.toLanguageTag, referenced from method azc.a
12-12 12:18:29.827 20917 20917 W dalvikvm: VFY: unable to resolve virtual method 49887: Ljava/util/Locale;.toLanguageTag ()Ljava/lang/String;
12-12 12:18:29.827 20917 20917 D dalvikvm: VFY: replacing opcode 0x6e at 0x000e
12-12 12:18:29.867 19672 19686 D dalvikvm: GC_CONCURRENT freed 7207K, 64% free 4074K/11284K, paused 1ms+11ms, total 36ms
12-12 12:18:29.927 20917 20932 I dalvikvm: Could not find method android.content.pm.PackageManager.getPackageInstaller, referenced from method ijj.a
12-12 12:18:29.927 20917 20932 W dalvikvm: VFY: unable to resolve virtual method 2942: Landroid/content/pm/PackageManager;.getPackageInstaller ()Landroid/content/pm/PackageInstaller;
12-12 12:18:29.927 20917 20932 D dalvikvm: VFY: replacing opcode 0x6e at 0x0012
12-12 12:18:29.937 20917 20932 I GAv4    : Google Analytics 11.0.11 is starting up. To enable debug logging on a device run:
12-12 12:18:29.937 20917 20932 I GAv4    :   adb shell setprop log.tag.GAv4 DEBUG
12-12 12:18:29.937 20917 20932 I GAv4    :   adb logcat -s GAv4
12-12 12:18:29.947 20917 20935 W GAv4    : AnalyticsReceiver is not registered or is disabled. Register the receiver for reliable dispatching on non-Google Play devices. See http://goo.gl/8Rd3yj for instructions.
12-12 12:18:29.947 20917 20932 W CoreComponentFactoryImpl: RetainedComponent will not be retained if  djl does not inherit FragmentActivity and fulfill jpt contract.
12-12 12:18:29.967 20917 20917 W FieldDefinition: Ignoring isIndexed constraint as field also has uniqueness constraint (on just this field, and therefore SQLite will have to create an index on that. For field: com.google.android.apps.docs.database.common.FieldDefinition$a@41d8c4c8
12-12 12:18:29.977 20917 20935 W GAv4    : CampaignTrackingReceiver is not registered, not exported or is disabled. Installation campaign tracking is not possible. See http://goo.gl/8Rd3yj for instructions.
12-12 12:18:29.977 20917 20935 W GAv4    : AnalyticsService not registered in the app manifest. Hits might not be delivered reliably. See http://goo.gl/8Rd3yj for instructions.
12-12 12:18:30.107 20917 20932 I dalvikvm: Could not find method java.util.Locale.toLanguageTag, referenced from method drx.a
12-12 12:18:30.107 20917 20932 W dalvikvm: VFY: unable to resolve virtual method 49887: Ljava/util/Locale;.toLanguageTag ()Ljava/lang/String;
12-12 12:18:30.107 20917 20932 D dalvikvm: VFY: replacing opcode 0x6e at 0x02d6
12-12 12:18:30.127 20917 20932 I dalvikvm: Could not find method java.util.Locale.toLanguageTag, referenced from method drx.a
12-12 12:18:30.127 20917 20932 W dalvikvm: VFY: unable to resolve virtual method 49887: Ljava/util/Locale;.toLanguageTag ()Ljava/lang/String;
12-12 12:18:30.127 20917 20932 D dalvikvm: VFY: replacing opcode 0x6e at 0x00e2
12-12 12:18:30.147 20917 20917 W dalvikvm: Unable to resolve superclass of Lcom/google/android/apps/docs/sync/content/ContentSyncJobService; (592)
12-12 12:18:30.147 20917 20917 W dalvikvm: Link of class 'Lcom/google/android/apps/docs/sync/content/ContentSyncJobService;' failed
12-12 12:18:30.147 20917 20917 I dalvikvm: Could not find method com.google.android.apps.docs.sync.content.ContentSyncJobService.a, referenced from method fur.a
12-12 12:18:30.147 20917 20917 W dalvikvm: VFY: unable to resolve static method 20602: Lcom/google/android/apps/docs/sync/content/ContentSyncJobService;.a (Landroid/content/Context;Lfui;)V
12-12 12:18:30.147 20917 20917 D dalvikvm: VFY: replacing opcode 0x71 at 0x0010
12-12 12:18:30.177 20917 20917 W dalvikvm: Unable to resolve superclass of Lcom/google/android/apps/docs/appindexing/AppIndexingJobService; (592)
12-12 12:18:30.177 20917 20917 W dalvikvm: Link of class 'Lcom/google/android/apps/docs/appindexing/AppIndexingJobService;' failed
12-12 12:18:30.177 20917 20917 I dalvikvm: Could not find method com.google.android.apps.docs.appindexing.AppIndexingJobService.a, referenced from method aub.a
12-12 12:18:30.177 20917 20917 W dalvikvm: VFY: unable to resolve static method 16136: Lcom/google/android/apps/docs/appindexing/AppIndexingJobService;.a (Landroid/content/Context;ZJZ)V
12-12 12:18:30.177 20917 20917 D dalvikvm: VFY: replacing opcode 0x71 at 0x001d
12-12 12:18:30.177 20917 20917 W dalvikvm: Unable to resolve superclass of Lcom/google/android/apps/docs/appindexing/AppIndexingJobService; (592)
12-12 12:18:30.177 20917 20917 W dalvikvm: Link of class 'Lcom/google/android/apps/docs/appindexing/AppIndexingJobService;' failed
12-12 12:18:30.177 20917 20917 I dalvikvm: Could not find method com.google.android.apps.docs.appindexing.AppIndexingJobService.a, referenced from method aub.b
12-12 12:18:30.177 20917 20917 W dalvikvm: VFY: unable to resolve static method 16136: Lcom/google/android/apps/docs/appindexing/AppIndexingJobService;.a (Landroid/content/Context;ZJZ)V
12-12 12:18:30.177 20917 20917 D dalvikvm: VFY: replacing opcode 0x71 at 0x000d
12-12 12:18:30.187 20917 20917 E dalvikvm: Could not find class 'android.app.NotificationChannel', referenced from method ewv.a
12-12 12:18:30.187 20917 20917 W dalvikvm: VFY: unable to resolve new-instance 572 (Landroid/app/NotificationChannel;) in Lewv;
12-12 12:18:30.187 20917 20917 D dalvikvm: VFY: replacing opcode 0x22 at 0x001a
12-12 12:18:30.187 20917 20917 E dalvikvm: Could not find class 'android.app.NotificationChannel', referenced from method ewv.a
12-12 12:18:30.187 20917 20917 W dalvikvm: VFY: unable to resolve new-instance 572 (Landroid/app/NotificationChannel;) in Lewv;
12-12 12:18:30.187 20917 20917 D dalvikvm: VFY: replacing opcode 0x22 at 0x002b
12-12 12:18:30.187 20917 20917 I dalvikvm: Could not find method android.app.NotificationManager.createNotificationChannels, referenced from method ewv.a
12-12 12:18:30.187 20917 20917 W dalvikvm: VFY: unable to resolve virtual method 2311: Landroid/app/NotificationManager;.createNotificationChannels (Ljava/util/List;)V
12-12 12:18:30.187 20917 20917 D dalvikvm: VFY: replacing opcode 0x6e at 0x0055
12-12 12:18:30.187 20917 20917 D dalvikvm: DexOpt: unable to opt direct call 0x0902 at 0x26 in Lewv;.a
12-12 12:18:30.187 20917 20917 D dalvikvm: DexOpt: unable to opt direct call 0x0902 at 0x37 in Lewv;.a
12-12 12:18:30.267 20884 20897 D Documents: Update found 6 roots in 1057ms
12-12 12:18:30.267 20884 20954 D Documents: Loading roots for com.android.externalstorage.documents
12-12 12:18:30.267   990  1325 I ActivityManager: Killing 19593:com.google.android.partnersetup/u0a13 (adj 15): empty #14
12-12 12:18:30.277 20884 20884 D Documents: Current stack: 
12-12 12:18:30.277 20884 20884 D Documents:  * null
12-12 12:18:30.277 20884 20884 I Choreographer: Skipped 55 frames!  The application may be doing too much work on its main thread.
12-12 12:18:30.287  1222  6012 V SplitWindowPolicyService: requestUpdateStackInfo
12-12 12:18:30.287  1464  1474 I com.skyfire.browser.toolbar.ProcessObserverService: On process died 19593,10013
12-12 12:18:30.287   990  1502 D ActivityManager: resumeTopActivityLocked: Top activity resumed ActivityRecord{41d08ad0 u0 com.android.documentsui/.DocumentsActivity t4}
12-12 12:18:30.297 20884 20954 D Documents: Used cached roots for com.android.providers.downloads.documents
12-12 12:18:30.297 20884 20954 D Documents: Used cached roots for com.android.providers.media.documents
12-12 12:18:30.297 20884 20954 D Documents: Loading roots for com.google.android.apps.docs.storage
12-12 12:18:30.307 20884 20884 I Adreno-EGL: <qeglDrvAPI_eglInitialize:410>: EGL 1.4 QUALCOMM build:  ()
12-12 12:18:30.307 20884 20884 I Adreno-EGL: OpenGL ES Shader Compiler Version: E031.24.00.08
12-12 12:18:30.307 20884 20884 I Adreno-EGL: Build Date: 03/21/14 Fri
12-12 12:18:30.307 20884 20884 I Adreno-EGL: Local Branch: AU200-20140313-all-patches-KK8x26-664328
12-12 12:18:30.307 20884 20884 I Adreno-EGL: Remote Branch: 
12-12 12:18:30.307 20884 20884 I Adreno-EGL: Local Patches: 
12-12 12:18:30.307 20884 20884 I Adreno-EGL: Reconstruct Branch: 
12-12 12:18:30.307 20884 20954 D Documents: Update found 6 roots in 37ms
12-12 12:18:30.367 20884 20884 D OpenGLRenderer: Enabling debug mode 0
12-12 12:18:30.377 20884 20884 D Documents: Updating roots due to change at content://com.google.android.apps.docs.storage/root
12-12 12:18:30.377 20884 20956 D Documents: Used cached roots for com.android.externalstorage.documents
12-12 12:18:30.377 20884 20956 D Documents: Used cached roots for com.android.providers.downloads.documents
12-12 12:18:30.377 20884 20956 D Documents: Used cached roots for com.android.providers.media.documents
12-12 12:18:30.377 20884 20956 D Documents: Loading roots for com.google.android.apps.docs.storage
12-12 12:18:30.377 20884 20956 D Documents: Update found 6 roots in 8ms
12-12 12:18:30.397  2240  2642 V DownloadManager: starting query, database is not null; projection[0] is _id; projection[1] is _data AS local_filename; projection[2] is mediaprovider_uri; projection[3] is destination; projection[4] is title; projection[5] is description; projection[6] is uri; projection[7] is status; projection[8] is hint; projection[9] is mimetype AS media_type; projection[10] is total_bytes AS total_size; projection[11] is lastmod AS last_modified_timestamp; projection[12] is current_bytes AS bytes_so_far; projection[13] is allow_write; projection[14] is 'placeholder' AS local_uri; projection[15] is 'placeholder' AS reason; projection[16] is drm_status; selection is status='200' AND is_visible_in_downloads_ui != '0' AND deleted != '1'; selectionArgs is null; sort is lastmod DESC.
12-12 12:18:30.407  2240  2642 V DownloadManager: created cursor android.database.sqlite.SQLiteCursor@41c51ee8 on behalf of 2240
12-12 12:18:30.407 20884 20897 D Documents: Before filtering 0, after 0
12-12 12:18:30.407 20884 20897 D Documents: Found 1 of 1 recent queries done
12-12 12:18:30.417 20884 20884 D BubblePopupHelper: isShowingBubblePopup : false
12-12 12:18:30.427 18566 19036 D libc    : getaddrinfo called from pid =18566
12-12 12:18:30.427 18566 19036 D libc    : getaddrinfo called from pid =18566
12-12 12:18:30.427   313 20958 D libc    : getaddrinfo called from pid =313
12-12 12:18:30.427   313 20958 D libc    : _dns_getaddrinfo: iptype =1
12-12 12:18:30.427   313 20958 D libc    : _dns_getaddrinfo: query_ipv4=1, query_ipv6=0
12-12 12:18:30.447 18566 19036 D libc    : dnsproxy getaddrinfo returns 0
12-12 12:18:30.467 20884 20884 D BubblePopupHelper: isShowingBubblePopup : false
12-12 12:18:30.467   990  1197 I ActivityManager: Killing 19093:com.lge.bnr/1000 (adj 15): empty #14
12-12 12:18:30.477   990  1031 I ActivityManager: Displayed com.android.documentsui/.DocumentsActivity: +1s351ms (total +1s529ms)
12-12 12:18:30.477   990  1031 I ActivityManager: Timeline: Activity_windows_visible id: ActivityRecord{41d08ad0 u0 com.android.documentsui/.DocumentsActivity t4} time:28381430
12-12 12:18:30.477  1464  1475 I com.skyfire.browser.toolbar.ProcessObserverService: On process died 19093,1000
12-12 12:18:30.477  1222  1234 V SplitWindowPolicyService: requestUpdateStackInfo
12-12 12:18:30.477   990  3366 D ActivityManager: resumeTopActivityLocked: Top activity resumed ActivityRecord{41d08ad0 u0 com.android.documentsui/.DocumentsActivity t4}
12-12 12:18:30.487 20884 20884 D BubblePopupHelper: isShowingBubblePopup : false
12-12 12:18:30.487 18566 19036 D libc    : getaddrinfo called from pid =18566
12-12 12:18:30.497 18566 19036 W Conscrypt: Could not set socket write timeout:
12-12 12:18:30.497 18566 19036 W Conscrypt:    java.lang.reflect.Method.invokeNative(Native Method)
12-12 12:18:30.497 18566 19036 W Conscrypt:    java.lang.reflect.Method.invoke(Method.java:515)
12-12 12:18:30.547 18566 19036 W Conscrypt: Could not set socket write timeout:
12-12 12:18:30.547 18566 19036 W Conscrypt:    java.lang.reflect.Method.invokeNative(Native Method)
12-12 12:18:30.547 18566 19036 W Conscrypt:    java.lang.reflect.Method.invoke(Method.java:515)
12-12 12:18:30.647 18566 18570 D dalvikvm: GC_CONCURRENT freed 2323K, 41% free 6964K/11632K, paused 9ms+8ms, total 75ms
12-12 12:18:30.647 18566 19036 D dalvikvm: WAIT_FOR_CONCURRENT_GC blocked 32ms
12-12 12:18:30.847 20884 20884 I ActivityManager: Timeline: Activity_idle id: android.os.BinderProxy@41b77bb0 time:28381803
12-12 12:18:30.847   990  1950 V ActivityManager: Moving to STOPPING: ActivityRecord{41ba6a48 u0 com.example.snoopy/.StorageActivity t4} (stop requested)
12-12 12:18:30.857   990  3238 V ActivityManager: Moving to STOPPED: ActivityRecord{41ba6a48 u0 com.example.snoopy/.StorageActivity t4} (stop complete)
12-12 12:18:30.867  1464  1474 I com.skyfire.browser.toolbar.ProcessObserverService: On foreground activity changed : 19898,12459,false
12-12 12:18:30.887 20884 20884 D BubblePopupHelper: isShowingBubblePopup : false
12-12 12:18:30.907 18566 19036 I zgp     : Scheduling Phenotype for a PhenotypeSyncImmediately(13, com.google.apps.drive.android) one off with window [1, 2] in seconds
12-12 12:18:30.907 20884 20884 D BubblePopupHelper: isShowingBubblePopup : false
12-12 12:18:31.187   304   384 I Vold    : [LGE][VOLD][NetlinkHandler.cpp][onEvent()] subsys:cpu, action:0
12-12 12:18:31.447   304   384 I Vold    : [LGE][VOLD][NetlinkHandler.cpp][onEvent()] subsys:cpu, action:0
12-12 12:18:31.467   990  1176 D WifiStateMachine: handleMessage: E msg.what=131155
12-12 12:18:31.467   990  1176 D WifiStateMachine: processMsg: ConnectedState
12-12 12:18:31.467   990  1176 D WifiStateMachine: processMsg: L2ConnectedState
12-12 12:18:31.467   990  1176 D WifiNative-wlan0: doString: SIGNAL_POLL
12-12 12:18:31.467  1198  1198 D wpa_supplicant: wlan0: Control interface command 'SIGNAL_POLL'
12-12 12:18:31.477  1198  1198 D wpa_supplicant: nl80211: survey data missing!
12-12 12:18:31.477   990  1176 D WifiStateMachine: handleMessage: X
12-12 12:18:31.497   990  1179 V WifiServiceExtension: checkPollTimer Cnt= 0 rssi =-37 threshold=-100
12-12 12:18:31.507   304   384 I Vold    : [LGE][VOLD][NetlinkHandler.cpp][onEvent()] subsys:cpu, action:0
12-12 12:18:32.127   304   384 I Vold    : [LGE][VOLD][NetlinkHandler.cpp][onEvent()] subsys:cpu, action:0
12-12 12:18:32.347   304   384 I Vold    : [LGE][VOLD][NetlinkHandler.cpp][onEvent()] subsys:cpu, action:0
12-12 12:18:32.587   304   384 I Vold    : [LGE][VOLD][NetlinkHandler.cpp][onEvent()] subsys:cpu, action:0
12-12 12:18:32.957   990  1142 V AlarmManager: ELAPSED_WAKEUP set : Alarm{424b3e00 type 2 com.google.android.gms} when  28383890
12-12 12:18:33.037   304   384 I Vold    : [LGE][VOLD][NetlinkHandler.cpp][onEvent()] subsys:cpu, action:0
12-12 12:18:33.047   304   384 I Vold    : [LGE][VOLD][NetlinkHandler.cpp][onEvent()] subsys:cpu, action:0
12-12 12:18:33.067 20917 20934 I dalvikvm: Could not find method android.provider.DocumentsContract.getTreeDocumentId, referenced from method fsk.a
12-12 12:18:33.067 20917 20934 W dalvikvm: VFY: unable to resolve static method 4184: Landroid/provider/DocumentsContract;.getTreeDocumentId (Landroid/net/Uri;)Ljava/lang/String;
12-12 12:18:33.067 20917 20934 D dalvikvm: VFY: replacing opcode 0x71 at 0x0075
12-12 12:18:33.117   304   434 E cutils  : Failed to mkdirat(/storage/external_SD/Android): Read-only file system
12-12 12:18:33.117 20917 20934 W ContextImpl: Failed to ensure directory: /storage/external_SD/Android/data/com.google.android.apps.docs/cache
12-12 12:18:33.117   304   434 E VoldCmdListener: [LGE][VOLD][CommandListener.cpp][VolumeCmd::runCommand()] argv[1]:mkdirs, argv[2]:/storage/external_SD/Android/data/com.google.android.apps.docs/cache/, argv[3]:(null), argc:3
12-12 12:18:33.117   304   434 W Vold    : Returning OperationFailed - no handler for errno 30
12-12 12:18:33.167   327   427 I ThermalEngine: Sensor:pa_therm1:27000 mC
12-12 12:18:33.177 20917 20934 I dalvikvm: Could not find method android.content.ContextWrapper.createCredentialProtectedStorageContext, referenced from method jwn.createCredentialProtectedStorageContext
12-12 12:18:33.177 20917 20934 W dalvikvm: VFY: unable to resolve virtual method 1708: Landroid/content/ContextWrapper;.createCredentialProtectedStorageContext ()Landroid/content/Context;
12-12 12:18:33.177 20917 20934 D dalvikvm: VFY: replacing opcode 0x6f at 0x0002
12-12 12:18:33.177 20917 20934 I dalvikvm: Could not find method android.content.ContextWrapper.createDeviceProtectedStorageContext, referenced from method jwn.createDeviceProtectedStorageContext
12-12 12:18:33.177 20917 20934 W dalvikvm: VFY: unable to resolve virtual method 1709: Landroid/content/ContextWrapper;.createDeviceProtectedStorageContext ()Landroid/content/Context;
12-12 12:18:33.177 20917 20934 D dalvikvm: VFY: replacing opcode 0x6f at 0x0002
12-12 12:18:33.187 20917 20934 D dalvikvm: DexOpt: couldn't find static field Landroid/os/Build;.SUPPORTED_ABIS
12-12 12:18:33.187 20917 20934 W dalvikvm: VFY: unable to resolve static field 918 (SUPPORTED_ABIS) in Landroid/os/Build;
12-12 12:18:33.187 20917 20934 D dalvikvm: VFY: replacing opcode 0x62 at 0x0008
12-12 12:18:33.187 20917 20934 D dalvikvm: DexOpt: couldn't find static field Landroid/os/Build;.SUPPORTED_ABIS
12-12 12:18:33.187 20917 20934 W dalvikvm: VFY: unable to resolve static field 918 (SUPPORTED_ABIS) in Landroid/os/Build;
12-12 12:18:33.187 20917 20934 D dalvikvm: VFY: replacing opcode 0x62 at 0x0097
12-12 12:18:33.187 20917 20934 D dalvikvm: DexOpt: couldn't find field Landroid/content/pm/ApplicationInfo;.splitSourceDirs
12-12 12:18:33.187 20917 20934 W dalvikvm: VFY: unable to resolve instance field 849
12-12 12:18:33.187 20917 20934 D dalvikvm: VFY: replacing opcode 0x54 at 0x0053
12-12 12:18:33.197 20917 20934 D dalvikvm: DexOpt: couldn't find field Landroid/content/pm/ApplicationInfo;.splitSourceDirs
12-12 12:18:33.197 20917 20934 I dalvikvm: DexOpt: unable to optimize instance field ref 0x0351 at 0x57 in Lkgr;.d
12-12 12:18:33.197 20917 20934 I dalvikvm: Could not find method android.content.ContextWrapper.createCredentialProtectedStorageContext, referenced from method com.google.android.chimera.ModuleContext.createCredentialProtectedStorageContext
12-12 12:18:33.197 20917 20934 W dalvikvm: VFY: unable to resolve virtual method 1708: Landroid/content/ContextWrapper;.createCredentialProtectedStorageContext ()Landroid/content/Context;
12-12 12:18:33.197 20917 20934 D dalvikvm: VFY: replacing opcode 0x6f at 0x0002
12-12 12:18:33.197 20917 20934 I dalvikvm: Could not find method android.content.ContextWrapper.createDeviceProtectedStorageContext, referenced from method com.google.android.chimera.ModuleContext.createDeviceProtectedStorageContext
12-12 12:18:33.197 20917 20934 W dalvikvm: VFY: unable to resolve virtual method 1709: Landroid/content/ContextWrapper;.createDeviceProtectedStorageContext ()Landroid/content/Context;
12-12 12:18:33.197 20917 20934 D dalvikvm: VFY: replacing opcode 0x6f at 0x0002
12-12 12:18:33.197 20917 20934 W dalvikvm: VFY: unable to find class referenced in signature (Larql;)
12-12 12:18:33.207 20917 20934 I dalvikvm: Could not find method android.content.Context.isDeviceProtectedStorage, referenced from method kel.d
