12-12 12:18:49.707 19898 19898 D BubblePopupHelper: isShowingBubblePopup : false
12-12 12:18:49.707   304   384 I Vold    : [LGE][VOLD][NetlinkHandler.cpp][onEvent()] subsys:cpu, action:0
12-12 12:18:50.097   304   384 I Vold    : [LGE][VOLD][NetlinkHandler.cpp][onEvent()] subsys:cpu, action:0
12-12 12:18:50.157   304   384 I Vold    : [LGE][VOLD][NetlinkHandler.cpp][onEvent()] subsys:cpu, action:0
12-12 12:18:50.357   304   384 I Vold    : [LGE][VOLD][NetlinkHandler.cpp][onEvent()] subsys:cpu, action:0
12-12 12:18:50.647 19672 19672 W InteractionController: runAndwaitForEvent timedout waiting for events
12-12 12:18:51.657   304   384 I Vold    : [LGE][VOLD][NetlinkHandler.cpp][onEvent()] subsys:cpu, action:0
12-12 12:18:51.667 19672 19672 I AccessibilityNodeInfoDumper: Skipping invisible child: android.view.accessibility.AccessibilityNodeInfo@1649b; boundsInParent: Rect(0, 0 - 0, 85); boundsInScreen: Rect(789, 33 - 789, 118); packageName: com.example.snoopy; className: android.support.v7.widget.LinearLayoutCompat; text: null; contentDescription: null; viewIdResName: null; checkable: false; checked: false; focusable: false; focused: false; selected: false; clickable: false; longClickable: false; enabled: true; password: false; scrollable: false; [ACTION_SELECT, ACTION_CLEAR_SELECTION, ACTION_ACCESSIBILITY_FOCUS]
12-12 12:18:51.677 19672 19672 W AccessibilityNodeInfoDumper: Fetch time: 11ms
12-12 12:18:52.007   304   384 I Vold    : [LGE][VOLD][NetlinkHandler.cpp][onEvent()] subsys:cpu, action:0
12-12 12:18:52.187 19672 19672 I QueryController: Matched selector: UiSelector[CLASS=android.widget.EditText, INSTANCE=0, PACKAGE NAME=com.example.snoopy] <<==>> [android.view.accessibility.AccessibilityNodeInfo@1300d; boundsInParent: Rect(0, 0 - 450, 60); boundsInScreen: Rect(20, 175 - 470, 235); packageName: com.example.snoopy; className: android.widget.EditText; text: Enter your email; contentDescription: null; viewIdResName: com.example.snoopy:id/editTextEmail; checkable: false; checked: false; focusable: true; focused: true; selected: false; clickable: true; longClickable: true; enabled: true; password: false; scrollable: false; [ACTION_CLEAR_FOCUS, ACTION_SELECT, ACTION_CLEAR_SELECTION, ACTION_CLICK, ACTION_LONG_CLICK, ACTION_ACCESSIBILITY_FOCUS]]
12-12 12:18:52.247 19672 19672 I QueryController: Matched selector: UiSelector[CLASS=android.widget.EditText, INSTANCE=0, PACKAGE NAME=com.example.snoopy] <<==>> [android.view.accessibility.AccessibilityNodeInfo@1300d; boundsInParent: Rect(0, 0 - 450, 60); boundsInScreen: Rect(20, 175 - 470, 235); packageName: com.example.snoopy; className: android.widget.EditText; text: Enter your email; contentDescription: null; viewIdResName: com.example.snoopy:id/editTextEmail; checkable: false; checked: false; focusable: true; focused: true; selected: false; clickable: true; longClickable: true; enabled: true; password: false; scrollable: false; [ACTION_CLEAR_FOCUS, ACTION_SELECT, ACTION_CLEAR_SELECTION, ACTION_CLICK, ACTION_LONG_CLICK, ACTION_ACCESSIBILITY_FOCUS]]
12-12 12:18:52.297 19672 19672 D dalvikvm: GC_FOR_ALLOC freed 6253K, 79% free 2627K/12256K, paused 26ms, total 29ms
12-12 12:18:52.377   304   384 I Vold    : [LGE][VOLD][NetlinkHandler.cpp][onEvent()] subsys:cpu, action:0
12-12 12:18:52.457  1206  1206 I [SystemUI]LGPowerUI: onReceive = com.lge.android.intent.action.BATTERYEX
12-12 12:18:52.457   304   384 I Vold    : [LGE][VOLD][NetlinkHandler.cpp][onEvent()] subsys:power_supply, action:3
12-12 12:18:52.487  2459  2483 D HeadsetStateMachine: Disconnected process message: 10
12-12 12:18:52.487  1206  1206 D KeyguardUpdateMonitor: received broadcast android.intent.action.BATTERY_CHANGED
12-12 12:18:52.487  1206  1206 I [SystemUI]LGPowerUI: onReceive = android.intent.action.BATTERY_CHANGED
12-12 12:18:52.487   990   990 W Settings: Setting stay_on_while_plugged_in has moved from android.provider.Settings.System to android.provider.Settings.Global, returning read-only value.
12-12 12:18:52.487   990   990 W Settings: Setting wifi_sleep_policy has moved from android.provider.Settings.System to android.provider.Settings.Global, returning read-only value.
12-12 12:18:52.487  1206  1206 I [SystemUI]LGPowerUI: android.intent.action.BATTERY_CHANGEDlevel=100, temperature=192, plugged=true, isCharging=false
12-12 12:18:52.487   990  1180 D WifiController: battery changed pluggedType: 2
12-12 12:18:52.497  1206  1206 I [SystemUI]LGPowerUI: StopCharging degree: 550
12-12 12:18:52.497  1206  1206 I [SystemUI]StatusBar.BatteryController: level = 100 status = 5 mIsPlugged = true isCharging = false isFullCharged = true mPlugType = 2 mIsSmartCharging = false
12-12 12:18:52.497  1206  1206 D KeyguardUpdateMonitor: handleBatteryUpdate (2) (100)
12-12 12:18:52.517   990  1179 V WifiServiceExtension: checkPollTimer Cnt= 0 rssi =-37 threshold=-100
12-12 12:18:52.567   990  1176 D WifiStateMachine: handleMessage: E msg.what=131155
12-12 12:18:52.567   990  1176 D WifiStateMachine: processMsg: ConnectedState
12-12 12:18:52.567   990  1176 D WifiStateMachine: processMsg: L2ConnectedState
12-12 12:18:52.567   990  1176 D WifiNative-wlan0: doString: SIGNAL_POLL
12-12 12:18:52.567  1198  1198 D wpa_supplicant: wlan0: Control interface command 'SIGNAL_POLL'
12-12 12:18:52.577  1198  1198 D wpa_supplicant: nl80211: survey data missing!
12-12 12:18:52.577   990  1176 D WifiStateMachine: handleMessage: X
12-12 12:18:52.727   304   384 I Vold    : [LGE][VOLD][NetlinkHandler.cpp][onEvent()] subsys:cpu, action:0
12-12 12:18:53.187   327   427 I ThermalEngine: Sensor:pa_therm1:28000 mC
12-12 12:18:53.327   304   384 I Vold    : [LGE][VOLD][NetlinkHandler.cpp][onEvent()] subsys:cpu, action:0
12-12 12:18:53.417 19672 19672 I QueryController: Matched selector: UiSelector[CLASS=android.widget.EditText, INSTANCE=0, PACKAGE NAME=com.example.snoopy] <<==>> [android.view.accessibility.AccessibilityNodeInfo@1300d; boundsInParent: Rect(0, 0 - 450, 60); boundsInScreen: Rect(20, 175 - 470, 235); packageName: com.example.snoopy; className: android.widget.EditText; text: Enter your email; contentDescription: null; viewIdResName: com.example.snoopy:id/editTextEmail; checkable: false; checked: false; focusable: true; focused: true; selected: false; clickable: true; longClickable: true; enabled: true; password: false; scrollable: false; [ACTION_CLEAR_FOCUS, ACTION_SELECT, ACTION_CLEAR_SELECTION, ACTION_CLICK, ACTION_LONG_CLICK, ACTION_ACCESSIBILITY_FOCUS]]
12-12 12:18:53.417   990  1150 D PowerManagerService: updateUserActivitySummaryLocked: mWakefulness=Awake, mUserActivitySummary=0x1, nextTimeout=29297374 (in 892999 ms)
12-12 12:18:53.417 19898 19898 I ViewRootImpl: ViewRoot's Touch Event : ACTION_DOWN
12-12 12:18:53.717   304   384 I Vold    : [LGE][VOLD][NetlinkHandler.cpp][onEvent()] subsys:cpu, action:0
12-12 12:18:53.767   304   384 I Vold    : [LGE][VOLD][NetlinkHandler.cpp][onEvent()] subsys:cpu, action:0
12-12 12:18:53.937   990  1150 D PowerManagerService: updateUserActivitySummaryLocked: mWakefulness=Awake, mUserActivitySummary=0x1, nextTimeout=29297890 (in 892998 ms)
12-12 12:18:53.997 19898 19898 D dalvikvm: GC_FOR_ALLOC freed 1443K, 70% free 3538K/11632K, paused 18ms, total 19ms
12-12 12:18:54.027   304   384 I Vold    : [LGE][VOLD][NetlinkHandler.cpp][onEvent()] subsys:cpu, action:0
12-12 12:18:54.037 19898 19898 D cliptray_Editor: isOwnerforClipTray():mIsOwner :  true
12-12 12:18:54.037   990  3363 I VolumeVibratorManager: getVibrateVolume vibrateType 2
12-12 12:18:54.037   990  3363 I VolumeVibratorManager: vibratePattern()  volumeIndex 5
12-12 12:18:54.047   990  1503 I LGImmersionVibrator: [Vibrator off]
12-12 12:18:54.047  1222  1222 E CliptrayService: cliptrayEventReceiver :onReceivecom.lge.systemservice.core.cliptray.INPUTTYPE_CLIPTRAY
12-12 12:18:54.047  1222  1222 I CliptrayService: CLIPTRAY_INPUTTYPEg=10
12-12 12:18:54.047   990 21430 I LGImmersionVibrator: [Vibrator on] timeout_ms : 40 magnitude : 6125
12-12 12:18:54.047  1222  1249 D VolumeVibrator: clear
12-12 12:18:54.047 19898 19898 I ViewRootImpl: ViewRoot's Touch Event : ACTION_UP
12-12 12:18:54.047  1222  6598 D VolumeVibrator: milliseconds : 40
12-12 12:18:54.047  1222  6598 D VolumeVibrator: getCurrent::mPatternworking : true
12-12 12:18:54.047  1222  6598 D VolumeVibrator: getCurrent::mVolumes.size : 0
12-12 12:18:54.047  1222  6598 D VolumeVibrator: getCurrent::mJustVibrate false
12-12 12:18:54.047  1222  6598 D VolumeVibrator: mPatternIndex : 1 mCurVibration.mPattern[mPatternIndex] : 40
12-12 12:18:54.047  1222  6598 D VolumeVibrator: volume vibration pattern's value: 6125
12-12 12:18:54.047  1222  6598 D VolumeVibrator: clear
12-12 12:18:54.067 19898 19898 E ViewRootImpl: mIsPenSupport: :true
12-12 12:18:54.087   304   384 I Vold    : [LGE][VOLD][NetlinkHandler.cpp][onEvent()] subsys:cpu, action:0
12-12 12:18:54.187   304   384 I Vold    : [LGE][VOLD][NetlinkHandler.cpp][onEvent()] subsys:cpu, action:0
12-12 12:18:54.197   304   384 I Vold    : [LGE][VOLD][NetlinkHandler.cpp][onEvent()] subsys:cpu, action:0
12-12 12:18:54.497   304   384 I Vold    : [LGE][VOLD][NetlinkHandler.cpp][onEvent()] subsys:cpu, action:0
12-12 12:18:54.557   304   384 I Vold    : [LGE][VOLD][NetlinkHandler.cpp][onEvent()] subsys:cpu, action:0
12-12 12:18:54.737 19672 19672 I AccessibilityNodeInfoDumper: Skipping invisible child: android.view.accessibility.AccessibilityNodeInfo@1649b; boundsInParent: Rect(0, 0 - 0, 85); boundsInScreen: Rect(789, 33 - 789, 118); packageName: com.example.snoopy; className: android.support.v7.widget.LinearLayoutCompat; text: null; contentDescription: null; viewIdResName: null; checkable: false; checked: false; focusable: false; focused: false; selected: false; clickable: false; longClickable: false; enabled: true; password: false; scrollable: false; [ACTION_SELECT, ACTION_CLEAR_SELECTION, ACTION_ACCESSIBILITY_FOCUS]
12-12 12:18:54.747 19672 19672 W AccessibilityNodeInfoDumper: Fetch time: 17ms
12-12 12:18:55.157   304   384 I Vold    : [LGE][VOLD][NetlinkHandler.cpp][onEvent()] subsys:cpu, action:0
12-12 12:18:55.517   990  1179 V WifiServiceExtension: checkPollTimer Cnt= 0 rssi =-37 threshold=-100
12-12 12:18:55.577   990  1176 D WifiStateMachine: handleMessage: E msg.what=131155
12-12 12:18:55.577   990  1176 D WifiStateMachine: processMsg: ConnectedState
12-12 12:18:55.577   990  1176 D WifiStateMachine: processMsg: L2ConnectedState
12-12 12:18:55.577   990  1176 D WifiNative-wlan0: doString: SIGNAL_POLL
12-12 12:18:55.577  1198  1198 D wpa_supplicant: wlan0: Control interface command 'SIGNAL_POLL'
12-12 12:18:55.587  1198  1198 D wpa_supplicant: nl80211: survey data missing!
12-12 12:18:55.587   990  1176 D WifiStateMachine: handleMessage: X
12-12 12:18:56.107   990  1503 I WindowManager: interceptKeyTq keycode=67 down=true screenIsOn=true keyguardActive=false policyFlags=b000000 isWakeKey=false
12-12 12:18:56.107   990  1150 D PowerManagerService: updateUserActivitySummaryLocked: mWakefulness=Awake, mUserActivitySummary=0x1, nextTimeout=29300061 (in 892999 ms)
12-12 12:18:56.107   990  1150 I WindowManager: interceptKeyTi keyCode=67 down=true repeatCount=0 keyguardOn=false mHomePressed=false canceled=false
12-12 12:18:56.107 19898 19898 I ViewRootImpl: ViewRoot's KeyEvent { action=ACTION_DOWN, keyCode=KEYCODE_DEL, scanCode=0, metaState=0, flags=0x0, repeatCount=0, eventTime=28407061, downTime=28407061, deviceId=-1, source=0x101 } to com.android.internal.policy.impl.PhoneWindow$DecorView{423014a8 V.E..... R....... 0,0-800,1212}
12-12 12:18:56.107  1222  6598 W ContextImpl: Calling a method in the system process without a qualified user: android.app.ContextImpl.sendBroadcast:1251 android.content.ContextWrapper.sendBroadcast:365 com.lge.systemservice.service.CliptrayService.isAvailable:256 com.lge.systemservice.core.ICliptrayService$Stub.onTransact:159 android.os.Binder.execTransact:407 
12-12 12:18:56.117  1222  1222 E CliptrayService: cliptrayEventReceiver :onReceivecom.lge.systemservice.core.cliptray.INPUTTYPE_CLIPTRAY
12-12 12:18:56.117  1222  1222 I CliptrayService: CLIPTRAY_INPUTTYPEg=10
12-12 12:18:56.117  1222  6598 D CliptrayService:  isAvailable() send intent : INIT_CLIPTRAY
12-12 12:18:56.167   990  3237 I WindowManager: interceptKeyTq keycode=67 down=false screenIsOn=true keyguardActive=false policyFlags=b000000 isWakeKey=false
12-12 12:18:56.167   990  1150 I WindowManager: interceptKeyTi keyCode=67 down=false repeatCount=0 keyguardOn=false mHomePressed=false canceled=false
12-12 12:18:56.167 19898 19898 I ViewRootImpl: ViewRoot's KeyEvent { action=ACTION_UP, keyCode=KEYCODE_DEL, scanCode=0, metaState=0, flags=0x0, repeatCount=0, eventTime=28407061, downTime=28407061, deviceId=-1, source=0x101 } to com.android.internal.policy.impl.PhoneWindow$DecorView{423014a8 V.E..... R....... 0,0-800,1212}
12-12 12:18:56.177   990  1950 I WindowManager: interceptKeyTq keycode=29 down=true screenIsOn=true keyguardActive=false policyFlags=b000000 isWakeKey=false
12-12 12:18:56.177   990  1150 I WindowManager: interceptKeyTi keyCode=29 down=true repeatCount=0 keyguardOn=false mHomePressed=false canceled=false
12-12 12:18:56.177 19898 19898 I ViewRootImpl: ViewRoot's KeyEvent { action=ACTION_DOWN, keyCode=KEYCODE_A, scanCode=0, metaState=0, flags=0x0, repeatCount=0, eventTime=28407130, downTime=28407129, deviceId=-1, source=0x101 } to com.android.internal.policy.impl.PhoneWindow$DecorView{423014a8 V.E..... R....... 0,0-800,1212}
12-12 12:18:56.207   990  3365 I WindowManager: interceptKeyTq keycode=29 down=false screenIsOn=true keyguardActive=false policyFlags=b000000 isWakeKey=false
12-12 12:18:56.207   990  1150 I WindowManager: interceptKeyTi keyCode=29 down=false repeatCount=0 keyguardOn=false mHomePressed=false canceled=false
12-12 12:18:56.217 19898 19898 D BubblePopupHelper: isShowingBubblePopup : false
12-12 12:18:56.217 19898 19898 D BubblePopupHelper: isShowingBubblePopup : false
12-12 12:18:56.217 19898 19898 I ViewRootImpl: ViewRoot's KeyEvent { action=ACTION_UP, keyCode=KEYCODE_A, scanCode=0, metaState=0, flags=0x0, repeatCount=0, eventTime=28407161, downTime=28407129, deviceId=-1, source=0x101 } to com.android.internal.policy.impl.PhoneWindow$DecorView{423014a8 V.E..... R......D 0,0-800,1212}
12-12 12:18:56.267   304   384 I Vold    : [LGE][VOLD][NetlinkHandler.cpp][onEvent()] subsys:cpu, action:0
12-12 12:18:56.297  1348  1348 D BubblePopupHelper: BubblePopupHelper has no instance. Hence we cannot call setShowingBubblePopup : false
12-12 12:18:56.297   990  1325 I WindowManager: interceptKeyTq keycode=46 down=true screenIsOn=true keyguardActive=false policyFlags=b000000 isWakeKey=false
12-12 12:18:56.307   990  1150 I WindowManager: interceptKeyTi keyCode=46 down=true repeatCount=0 keyguardOn=false mHomePressed=false canceled=false
12-12 12:18:56.307 19898 19898 I ViewRootImpl: ViewRoot's KeyEvent { action=ACTION_DOWN, keyCode=KEYCODE_R, scanCode=0, metaState=0, flags=0x0, repeatCount=0, eventTime=28407259, downTime=28407129, deviceId=-1, source=0x101 } to com.android.internal.policy.impl.PhoneWindow$DecorView{423014a8 V.E..... R....... 0,0-800,1212}
12-12 12:18:56.317   304   384 I Vold    : [LGE][VOLD][NetlinkHandler.cpp][onEvent()] subsys:cpu, action:0
12-12 12:18:56.337   990  1503 I WindowManager: interceptKeyTq keycode=46 down=false screenIsOn=true keyguardActive=false policyFlags=b000000 isWakeKey=false
12-12 12:18:56.337   990  1150 I WindowManager: interceptKeyTi keyCode=46 down=false repeatCount=0 keyguardOn=false mHomePressed=false canceled=false
12-12 12:18:56.337 19898 19898 I ViewRootImpl: ViewRoot's KeyEvent { action=ACTION_UP, keyCode=KEYCODE_R, scanCode=0, metaState=0, flags=0x0, repeatCount=0, eventTime=28407291, downTime=28407129, deviceId=-1, source=0x101 } to com.android.internal.policy.impl.PhoneWindow$DecorView{423014a8 V.E..... R......D 0,0-800,1212}
12-12 12:18:56.347 19898 19898 D BubblePopupHelper: isShowingBubblePopup : false
12-12 12:18:56.347 19898 19898 D BubblePopupHelper: isShowingBubblePopup : false
12-12 12:18:56.367  1348  1348 D BubblePopupHelper: BubblePopupHelper has no instance. Hence we cannot call setShowingBubblePopup : false
12-12 12:18:56.367   990  3238 I WindowManager: interceptKeyTq keycode=47 down=true screenIsOn=true keyguardActive=false policyFlags=b000000 isWakeKey=false
12-12 12:18:56.367   990  1150 I WindowManager: interceptKeyTi keyCode=47 down=true repeatCount=0 keyguardOn=false mHomePressed=false canceled=false
12-12 12:18:56.367 19898 19898 I ViewRootImpl: ViewRoot's KeyEvent { action=ACTION_DOWN, keyCode=KEYCODE_S, scanCode=0, metaState=0, flags=0x0, repeatCount=0, eventTime=28407322, downTime=28407129, deviceId=-1, source=0x101 } to com.android.internal.policy.impl.PhoneWindow$DecorView{423014a8 V.E..... R....... 0,0-800,1212}
12-12 12:18:56.377   304   384 I Vold    : [LGE][VOLD][NetlinkHandler.cpp][onEvent()] subsys:cpu, action:0
12-12 12:18:56.397 19898 19898 D BubblePopupHelper: isShowingBubblePopup : false
12-12 12:18:56.397 19898 19898 D BubblePopupHelper: isShowingBubblePopup : false
12-12 12:18:56.397   990  3366 I WindowManager: interceptKeyTq keycode=47 down=false screenIsOn=true keyguardActive=false policyFlags=b000000 isWakeKey=false
12-12 12:18:56.397   990  1150 I WindowManager: interceptKeyTi keyCode=47 down=false repeatCount=0 keyguardOn=false mHomePressed=false canceled=false
12-12 12:18:56.397 19898 19898 I ViewRootImpl: ViewRoot's KeyEvent { action=ACTION_UP, keyCode=KEYCODE_S, scanCode=0, metaState=0, flags=0x0, repeatCount=0, eventTime=28407351, downTime=28407129, deviceId=-1, source=0x101 } to com.android.internal.policy.impl.PhoneWindow$DecorView{423014a8 V.E..... R....... 0,0-800,1212}
12-12 12:18:56.407  1348  1348 D BubblePopupHelper: BubblePopupHelper has no instance. Hence we cannot call setShowingBubblePopup : false
12-12 12:18:56.407   990  1197 I WindowManager: interceptKeyTq keycode=36 down=true screenIsOn=true keyguardActive=false policyFlags=b000000 isWakeKey=false
12-12 12:18:56.407   990  1150 I WindowManager: interceptKeyTi keyCode=36 down=true repeatCount=0 keyguardOn=false mHomePressed=false canceled=false
12-12 12:18:56.407 19898 19898 I ViewRootImpl: ViewRoot's KeyEvent { action=ACTION_DOWN, keyCode=KEYCODE_H, scanCode=0, metaState=0, flags=0x0, repeatCount=0, eventTime=28407365, downTime=28407129, deviceId=-1, source=0x101 } to com.android.internal.policy.impl.PhoneWindow$DecorView{423014a8 V.E..... R....... 0,0-800,1212}
12-12 12:18:56.417   990  1197 I WindowManager: interceptKeyTq keycode=36 down=false screenIsOn=true keyguardActive=false policyFlags=b000000 isWakeKey=false
12-12 12:18:56.417   990  1150 I WindowManager: interceptKeyTi keyCode=36 down=false repeatCount=0 keyguardOn=false mHomePressed=false canceled=false
12-12 12:18:56.417 19898 19898 I ViewRootImpl: ViewRoot's KeyEvent { action=ACTION_UP, keyCode=KEYCODE_H, scanCode=0, metaState=0, flags=0x0, repeatCount=0, eventTime=28407376, downTime=28407129, deviceId=-1, source=0x101 } to com.android.internal.policy.impl.PhoneWindow$DecorView{423014a8 V.E..... R......D 0,0-800,1212}
12-12 12:18:56.427 19898 19898 D BubblePopupHelper: isShowingBubblePopup : false
12-12 12:18:56.427 19898 19898 D BubblePopupHelper: isShowingBubblePopup : false
12-12 12:18:56.437  1348  1348 D BubblePopupHelper: BubblePopupHelper has no instance. Hence we cannot call setShowingBubblePopup : false
12-12 12:18:56.437   990  1950 I WindowManager: interceptKeyTq keycode=9 down=true screenIsOn=true keyguardActive=false policyFlags=b000000 isWakeKey=false
12-12 12:18:56.437   990  1150 I WindowManager: interceptKeyTi keyCode=9 down=true repeatCount=0 keyguardOn=false mHomePressed=false canceled=false
12-12 12:18:56.437 19898 19898 I ViewRootImpl: ViewRoot's KeyEvent { action=ACTION_DOWN, keyCode=KEYCODE_2, scanCode=0, metaState=0, flags=0x0, repeatCount=0, eventTime=28407392, downTime=28407129, deviceId=-1, source=0x101 } to com.android.internal.policy.impl.PhoneWindow$DecorView{423014a8 V.E..... R....... 0,0-800,1212}
12-12 12:18:56.447   990  1502 I WindowManager: interceptKeyTq keycode=9 down=false screenIsOn=true keyguardActive=false policyFlags=b000000 isWakeKey=false
12-12 12:18:56.447   990  1150 I WindowManager: interceptKeyTi keyCode=9 down=false repeatCount=0 keyguardOn=false mHomePressed=false canceled=false
12-12 12:18:56.447 19898 19898 I ViewRootImpl: ViewRoot's KeyEvent { action=ACTION_UP, keyCode=KEYCODE_2, scanCode=0, metaState=0, flags=0x0, repeatCount=0, eventTime=28407404, downTime=28407129, deviceId=-1, source=0x101 } to com.android.internal.policy.impl.PhoneWindow$DecorView{423014a8 V.E..... R......D 0,0-800,1212}
12-12 12:18:56.457 19898 19898 D BubblePopupHelper: isShowingBubblePopup : false
12-12 12:18:56.457 19898 19898 D BubblePopupHelper: isShowingBubblePopup : false
12-12 12:18:56.467  1348  1348 D BubblePopupHelper: BubblePopupHelper has no instance. Hence we cannot call setShowingBubblePopup : false
12-12 12:18:56.467   990  1001 I WindowManager: interceptKeyTq keycode=14 down=true screenIsOn=true keyguardActive=false policyFlags=b000000 isWakeKey=false
12-12 12:18:56.467   990  1150 I WindowManager: interceptKeyTi keyCode=14 down=true repeatCount=0 keyguardOn=false mHomePressed=false canceled=false
12-12 12:18:56.467 19898 19898 I ViewRootImpl: ViewRoot's KeyEvent { action=ACTION_DOWN, keyCode=KEYCODE_7, scanCode=0, metaState=0, flags=0x0, repeatCount=0, eventTime=28407422, downTime=28407129, deviceId=-1, source=0x101 } to com.android.internal.policy.impl.PhoneWindow$DecorView{423014a8 V.E..... R....... 0,0-800,1212}
12-12 12:18:56.477 19898 19898 D BubblePopupHelper: isShowingBubblePopup : false
12-12 12:18:56.477 19898 19898 D BubblePopupHelper: isShowingBubblePopup : false
12-12 12:18:56.477   990  1197 I WindowManager: interceptKeyTq keycode=14 down=false screenIsOn=true keyguardActive=false policyFlags=b000000 isWakeKey=false
12-12 12:18:56.477   990  1150 I WindowManager: interceptKeyTi keyCode=14 down=false repeatCount=0 keyguardOn=false mHomePressed=false canceled=false
12-12 12:18:56.477 19898 19898 I ViewRootImpl: ViewRoot's KeyEvent { action=ACTION_UP, keyCode=KEYCODE_7, scanCode=0, metaState=0, flags=0x0, repeatCount=0, eventTime=28407430, downTime=28407129, deviceId=-1, source=0x101 } to com.android.internal.policy.impl.PhoneWindow$DecorView{423014a8 V.E..... R....... 0,0-800,1212}
12-12 12:18:56.487  1348  1348 D BubblePopupHelper: BubblePopupHelper has no instance. Hence we cannot call setShowingBubblePopup : false
12-12 12:18:56.487   990  1950 I WindowManager: interceptKeyTq keycode=16 down=true screenIsOn=true keyguardActive=false policyFlags=b000000 isWakeKey=false
12-12 12:18:56.487   990  1150 I WindowManager: interceptKeyTi keyCode=16 down=true repeatCount=0 keyguardOn=false mHomePressed=false canceled=false
12-12 12:18:56.487 19898 19898 I ViewRootImpl: ViewRoot's KeyEvent { action=ACTION_DOWN, keyCode=KEYCODE_9, scanCode=0, metaState=0, flags=0x0, repeatCount=0, eventTime=28407445, downTime=28407129, deviceId=-1, source=0x101 } to com.android.internal.policy.impl.PhoneWindow$DecorView{423014a8 V.E..... R....... 0,0-800,1212}
12-12 12:18:56.497   990  1502 I WindowManager: interceptKeyTq keycode=16 down=false screenIsOn=true keyguardActive=false policyFlags=b000000 isWakeKey=false
12-12 12:18:56.497   990  1150 I WindowManager: interceptKeyTi keyCode=16 down=false repeatCount=0 keyguardOn=false mHomePressed=false canceled=false
12-12 12:18:56.507 19898 19898 D BubblePopupHelper: isShowingBubblePopup : false
12-12 12:18:56.507 19898 19898 D BubblePopupHelper: isShowingBubblePopup : false
12-12 12:18:56.507 19898 19898 I ViewRootImpl: ViewRoot's KeyEvent { action=ACTION_UP, keyCode=KEYCODE_9, scanCode=0, metaState=0, flags=0x0, repeatCount=0, eventTime=28407457, downTime=28407129, deviceId=-1, source=0x101 } to com.android.internal.policy.impl.PhoneWindow$DecorView{423014a8 V.E..... R......D 0,0-800,1212}
12-12 12:18:56.517  1348  1348 D BubblePopupHelper: BubblePopupHelper has no instance. Hence we cannot call setShowingBubblePopup : false
12-12 12:18:56.517   990  1001 I WindowManager: interceptKeyTq keycode=11 down=true screenIsOn=true keyguardActive=false policyFlags=b000000 isWakeKey=false
12-12 12:18:56.517   990  1150 I WindowManager: interceptKeyTi keyCode=11 down=true repeatCount=0 keyguardOn=false mHomePressed=false canceled=false
12-12 12:18:56.517 19898 19898 I ViewRootImpl: ViewRoot's KeyEvent { action=ACTION_DOWN, keyCode=KEYCODE_4, scanCode=0, metaState=0, flags=0x0, repeatCount=0, eventTime=28407472, downTime=28407129, deviceId=-1, source=0x101 } to com.android.internal.policy.impl.PhoneWindow$DecorView{423014a8 V.E..... R....... 0,0-800,1212}
12-12 12:18:56.527   990  1197 I WindowManager: interceptKeyTq keycode=11 down=false screenIsOn=true keyguardActive=false policyFlags=b000000 isWakeKey=false
12-12 12:18:56.527 19898 19898 D BubblePopupHelper: isShowingBubblePopup : false
12-12 12:18:56.527 19898 19898 D BubblePopupHelper: isShowingBubblePopup : false
12-12 12:18:56.527   990  1150 I WindowManager: interceptKeyTi keyCode=11 down=false repeatCount=0 keyguardOn=false mHomePressed=false canceled=false
12-12 12:18:56.527 19898 19898 I ViewRootImpl: ViewRoot's KeyEvent { action=ACTION_UP, keyCode=KEYCODE_4, scanCode=0, metaState=0, flags=0x0, repeatCount=0, eventTime=28407479, downTime=28407129, deviceId=-1, source=0x101 } to com.android.internal.policy.impl.PhoneWindow$DecorView{423014a8 V.E..... R....... 0,0-800,1212}
12-12 12:18:56.537  1348  1348 D BubblePopupHelper: BubblePopupHelper has no instance. Hence we cannot call setShowingBubblePopup : false
12-12 12:18:56.537   990  1950 I WindowManager: interceptKeyTq keycode=59 down=true screenIsOn=true keyguardActive=false policyFlags=b000000 isWakeKey=false
12-12 12:18:56.537   990  1150 I WindowManager: interceptKeyTi keyCode=59 down=true repeatCount=0 keyguardOn=false mHomePressed=false canceled=false
12-12 12:18:56.537 19898 19898 I ViewRootImpl: ViewRoot's KeyEvent { action=ACTION_DOWN, keyCode=KEYCODE_SHIFT_LEFT, scanCode=0, metaState=META_SHIFT_ON|META_SHIFT_LEFT_ON, flags=0x0, repeatCount=0, eventTime=28407493, downTime=28407129, deviceId=-1, source=0x101 } to com.android.internal.policy.impl.PhoneWindow$DecorView{423014a8 V.E..... R....... 0,0-800,1212}
12-12 12:18:56.547   990  1327 I WindowManager: interceptKeyTq keycode=9 down=true screenIsOn=true keyguardActive=false policyFlags=b000000 isWakeKey=false
12-12 12:18:56.547   990  1150 I WindowManager: interceptKeyTi keyCode=9 down=true repeatCount=0 keyguardOn=false mHomePressed=false canceled=false
12-12 12:18:56.547 19898 19898 I ViewRootImpl: ViewRoot's KeyEvent { action=ACTION_DOWN, keyCode=KEYCODE_2, scanCode=0, metaState=META_SHIFT_ON|META_SHIFT_LEFT_ON, flags=0x0, repeatCount=0, eventTime=28407501, downTime=28407129, deviceId=-1, source=0x101 } to com.android.internal.policy.impl.PhoneWindow$DecorView{423014a8 V.E..... R......D 0,0-800,1212}
12-12 12:18:56.557   990  1002 I WindowManager: interceptKeyTq keycode=9 down=false screenIsOn=true keyguardActive=false policyFlags=b000000 isWakeKey=false
12-12 12:18:56.557   990  1150 I WindowManager: interceptKeyTi keyCode=9 down=false repeatCount=0 keyguardOn=false mHomePressed=false canceled=false
12-12 12:18:56.557 19898 19898 D BubblePopupHelper: isShowingBubblePopup : false
12-12 12:18:56.557 19898 19898 D BubblePopupHelper: isShowingBubblePopup : false
12-12 12:18:56.557 19898 19898 I ViewRootImpl: ViewRoot's KeyEvent { action=ACTION_UP, keyCode=KEYCODE_2, scanCode=0, metaState=META_SHIFT_ON|META_SHIFT_LEFT_ON, flags=0x0, repeatCount=0, eventTime=28407509, downTime=28407129, deviceId=-1, source=0x101 } to com.android.internal.policy.impl.PhoneWindow$DecorView{423014a8 V.E..... R......D 0,0-800,1212}
12-12 12:18:56.567  1348  1348 D BubblePopupHelper: BubblePopupHelper has no instance. Hence we cannot call setShowingBubblePopup : false
12-12 12:18:56.567   990  3364 I WindowManager: interceptKeyTq keycode=59 down=false screenIsOn=true keyguardActive=false policyFlags=b000000 isWakeKey=false
12-12 12:18:56.567   990  1150 I WindowManager: interceptKeyTi keyCode=59 down=false repeatCount=0 keyguardOn=false mHomePressed=false canceled=false
12-12 12:18:56.567 19898 19898 I ViewRootImpl: ViewRoot's KeyEvent { action=ACTION_UP, keyCode=KEYCODE_SHIFT_LEFT, scanCode=0, metaState=0, flags=0x0, repeatCount=0, eventTime=28407522, downTime=28407129, deviceId=-1, source=0x101 } to com.android.internal.policy.impl.PhoneWindow$DecorView{423014a8 V.E..... R....... 0,0-800,1212}
12-12 12:18:56.567   990  1503 I WindowManager: interceptKeyTq keycode=35 down=true screenIsOn=true keyguardActive=false policyFlags=b000000 isWakeKey=false
12-12 12:18:56.567   990  1150 I WindowManager: interceptKeyTi keyCode=35 down=true repeatCount=0 keyguardOn=false mHomePressed=false canceled=false
12-12 12:18:56.567 19898 19898 I ViewRootImpl: ViewRoot's KeyEvent { action=ACTION_DOWN, keyCode=KEYCODE_G, scanCode=0, metaState=0, flags=0x0, repeatCount=0, eventTime=28407525, downTime=28407129, deviceId=-1, source=0x101 } to com.android.internal.policy.impl.PhoneWindow$DecorView{423014a8 V.E..... R......D 0,0-800,1212}
12-12 12:18:56.587   990  5309 I WindowManager: interceptKeyTq keycode=35 down=false screenIsOn=true keyguardActive=false policyFlags=b000000 isWakeKey=false
12-12 12:18:56.587   990  1150 I WindowManager: interceptKeyTi keyCode=35 down=false repeatCount=0 keyguardOn=false mHomePressed=false canceled=false
12-12 12:18:56.587 19898 19898 D BubblePopupHelper: isShowingBubblePopup : false
12-12 12:18:56.587 19898 19898 D BubblePopupHelper: isShowingBubblePopup : false
12-12 12:18:56.587 19898 19898 I ViewRootImpl: ViewRoot's KeyEvent { action=ACTION_UP, keyCode=KEYCODE_G, scanCode=0, metaState=0, flags=0x0, repeatCount=0, eventTime=28407539, downTime=28407129, deviceId=-1, source=0x101 } to com.android.internal.policy.impl.PhoneWindow$DecorView{423014a8 V.E..... R......D 0,0-800,1212}
12-12 12:18:56.597  1348  1348 D BubblePopupHelper: BubblePopupHelper has no instance. Hence we cannot call setShowingBubblePopup : false
12-12 12:18:56.607   990  1325 I WindowManager: interceptKeyTq keycode=41 down=true screenIsOn=true keyguardActive=false policyFlags=b000000 isWakeKey=false
12-12 12:18:56.607   990  1150 I WindowManager: interceptKeyTi keyCode=41 down=true repeatCount=0 keyguardOn=false mHomePressed=false canceled=false
12-12 12:18:56.607 19898 19898 I ViewRootImpl: ViewRoot's KeyEvent { action=ACTION_DOWN, keyCode=KEYCODE_M, scanCode=0, metaState=0, flags=0x0, repeatCount=0, eventTime=28407559, downTime=28407129, deviceId=-1, source=0x101 } to com.android.internal.policy.impl.PhoneWindow$DecorView{423014a8 V.E..... R....... 0,0-800,1212}
12-12 12:18:56.617   990  3364 I WindowManager: interceptKeyTq keycode=41 down=false screenIsOn=true keyguardActive=false policyFlags=b000000 isWakeKey=false
12-12 12:18:56.617   990  1150 D PowerManagerService: updateUserActivitySummaryLocked: mWakefulness=Awake, mUserActivitySummary=0x1, nextTimeout=29300573 (in 892999 ms)
12-12 12:18:56.617   990  1150 I WindowManager: interceptKeyTi keyCode=41 down=false repeatCount=0 keyguardOn=false mHomePressed=false canceled=false
12-12 12:18:56.617 19898 19898 I ViewRootImpl: ViewRoot's KeyEvent { action=ACTION_UP, keyCode=KEYCODE_M, scanCode=0, metaState=0, flags=0x0, repeatCount=0, eventTime=28407573, downTime=28407129, deviceId=-1, source=0x101 } to com.android.internal.policy.impl.PhoneWindow$DecorView{423014a8 V.E..... R......D 0,0-800,1212}
12-12 12:18:56.627 19898 19898 D BubblePopupHelper: isShowingBubblePopup : false
12-12 12:18:56.627 19898 19898 D BubblePopupHelper: isShowingBubblePopup : false
12-12 12:18:56.627  1348  1348 D BubblePopupHelper: BubblePopupHelper has no instance. Hence we cannot call setShowingBubblePopup : false
12-12 12:18:56.627   990  1503 I WindowManager: interceptKeyTq keycode=29 down=true screenIsOn=true keyguardActive=false policyFlags=b000000 isWakeKey=false
12-12 12:18:56.637   990  1150 I WindowManager: interceptKeyTi keyCode=29 down=true repeatCount=0 keyguardOn=false mHomePressed=false canceled=false
12-12 12:18:56.637 19898 19898 I ViewRootImpl: ViewRoot's KeyEvent { action=ACTION_DOWN, keyCode=KEYCODE_A, scanCode=0, metaState=0, flags=0x0, repeatCount=0, eventTime=28407588, downTime=28407129, deviceId=-1, source=0x101 } to com.android.internal.policy.impl.PhoneWindow$DecorView{423014a8 V.E..... R....... 0,0-800,1212}
12-12 12:18:56.657   990  3366 I WindowManager: interceptKeyTq keycode=29 down=false screenIsOn=true keyguardActive=false policyFlags=b000000 isWakeKey=false
12-12 12:18:56.657 19898 19898 D BubblePopupHelper: isShowingBubblePopup : false
12-12 12:18:56.657 19898 19898 D BubblePopupHelper: isShowingBubblePopup : false
12-12 12:18:56.657   990  1150 I WindowManager: interceptKeyTi keyCode=29 down=false repeatCount=0 keyguardOn=false mHomePressed=false canceled=false
12-12 12:18:56.657 19898 19898 I ViewRootImpl: ViewRoot's KeyEvent { action=ACTION_UP, keyCode=KEYCODE_A, scanCode=0, metaState=0, flags=0x0, repeatCount=0, eventTime=28407610, downTime=28407129, deviceId=-1, source=0x101 } to com.android.internal.policy.impl.PhoneWindow$DecorView{423014a8 V.E..... R....... 0,0-800,1212}
12-12 12:18:56.667  1348  1348 D BubblePopupHelper: BubblePopupHelper has no instance. Hence we cannot call setShowingBubblePopup : false
12-12 12:18:56.667   990  1950 I WindowManager: interceptKeyTq keycode=37 down=true screenIsOn=true keyguardActive=false policyFlags=b000000 isWakeKey=false
12-12 12:18:56.677   990  1150 I WindowManager: interceptKeyTi keyCode=37 down=true repeatCount=0 keyguardOn=false mHomePressed=false canceled=false
12-12 12:18:56.677 19898 19898 I ViewRootImpl: ViewRoot's KeyEvent { action=ACTION_DOWN, keyCode=KEYCODE_I, scanCode=0, metaState=0, flags=0x0, repeatCount=0, eventTime=28407628, downTime=28407129, deviceId=-1, source=0x101 } to com.android.internal.policy.impl.PhoneWindow$DecorView{423014a8 V.E..... R....... 0,0-800,1212}
12-12 12:18:56.687   990  1327 I WindowManager: interceptKeyTq keycode=37 down=false screenIsOn=true keyguardActive=false policyFlags=b000000 isWakeKey=false
12-12 12:18:56.687 19898 19898 D BubblePopupHelper: isShowingBubblePopup : false
12-12 12:18:56.687   990  1150 I WindowManager: interceptKeyTi keyCode=37 down=false repeatCount=0 keyguardOn=false mHomePressed=false canceled=false
12-12 12:18:56.697 19898 19898 D BubblePopupHelper: isShowingBubblePopup : false
12-12 12:18:56.697 19898 19898 I ViewRootImpl: ViewRoot's KeyEvent { action=ACTION_UP, keyCode=KEYCODE_I, scanCode=0, metaState=0, flags=0x0, repeatCount=0, eventTime=28407647, downTime=28407129, deviceId=-1, source=0x101 } to com.android.internal.policy.impl.PhoneWindow$DecorView{423014a8 V.E..... R....... 0,0-800,1212}
12-12 12:18:56.697  1348  1348 D BubblePopupHelper: BubblePopupHelper has no instance. Hence we cannot call setShowingBubblePopup : false
12-12 12:18:56.707   990  3363 I WindowManager: interceptKeyTq keycode=40 down=true screenIsOn=true keyguardActive=false policyFlags=b000000 isWakeKey=false
12-12 12:18:56.707   990  1150 I WindowManager: interceptKeyTi keyCode=40 down=true repeatCount=0 keyguardOn=false mHomePressed=false canceled=false
12-12 12:18:56.707 19898 19898 I ViewRootImpl: ViewRoot's KeyEvent { action=ACTION_DOWN, keyCode=KEYCODE_L, scanCode=0, metaState=0, flags=0x0, repeatCount=0, eventTime=28407659, downTime=28407129, deviceId=-1, source=0x101 } to com.android.internal.policy.impl.PhoneWindow$DecorView{423014a8 V.E..... R....... 0,0-800,1212}
12-12 12:18:56.727   990  1326 I WindowManager: interceptKeyTq keycode=40 down=false screenIsOn=true keyguardActive=false policyFlags=b000000 isWakeKey=false
12-12 12:18:56.727 19898 19898 D BubblePopupHelper: isShowingBubblePopup : false
12-12 12:18:56.727 19898 19898 D BubblePopupHelper: isShowingBubblePopup : false
12-12 12:18:56.727   990  1150 I WindowManager: interceptKeyTi keyCode=40 down=false repeatCount=0 keyguardOn=false mHomePressed=false canceled=false
12-12 12:18:56.777 19898 19898 I ViewRootImpl: ViewRoot's KeyEvent { action=ACTION_UP, keyCode=KEYCODE_L, scanCode=0, metaState=0, flags=0x0, repeatCount=0, eventTime=28407681, downTime=28407129, deviceId=-1, source=0x101 } to com.android.internal.policy.impl.PhoneWindow$DecorView{423014a8 V.E..... R....... 0,0-800,1212}
12-12 12:18:56.787  1348  1348 D BubblePopupHelper: BubblePopupHelper has no instance. Hence we cannot call setShowingBubblePopup : false
12-12 12:18:56.787   990  1325 I WindowManager: interceptKeyTq keycode=56 down=true screenIsOn=true keyguardActive=false policyFlags=b000000 isWakeKey=false
12-12 12:18:56.787   990  1150 I WindowManager: interceptKeyTi keyCode=56 down=true repeatCount=0 keyguardOn=false mHomePressed=false canceled=false
12-12 12:18:56.787 19898 19898 I ViewRootImpl: ViewRoot's KeyEvent { action=ACTION_DOWN, keyCode=KEYCODE_PERIOD, scanCode=0, metaState=0, flags=0x0, repeatCount=0, eventTime=28407742, downTime=28407129, deviceId=-1, source=0x101 } to com.android.internal.policy.impl.PhoneWindow$DecorView{423014a8 V.E..... R....... 0,0-800,1212}
12-12 12:18:56.797   990  1197 I WindowManager: interceptKeyTq keycode=56 down=false screenIsOn=true keyguardActive=false policyFlags=b000000 isWakeKey=false
12-12 12:18:56.797   990  1150 I WindowManager: interceptKeyTi keyCode=56 down=false repeatCount=0 keyguardOn=false mHomePressed=false canceled=false
12-12 12:18:56.797 19898 19898 I ViewRootImpl: ViewRoot's KeyEvent { action=ACTION_UP, keyCode=KEYCODE_PERIOD, scanCode=0, metaState=0, flags=0x0, repeatCount=0, eventTime=28407749, downTime=28407129, deviceId=-1, source=0x101 } to com.android.internal.policy.impl.PhoneWindow$DecorView{423014a8 V.E..... R......D 0,0-800,1212}
12-12 12:18:56.807 19898 19898 D BubblePopupHelper: isShowingBubblePopup : false
12-12 12:18:56.807 19898 19898 D BubblePopupHelper: isShowingBubblePopup : false
12-12 12:18:56.817  1348  1348 D BubblePopupHelper: BubblePopupHelper has no instance. Hence we cannot call setShowingBubblePopup : false
12-12 12:18:56.817   990  1502 I WindowManager: interceptKeyTq keycode=31 down=true screenIsOn=true keyguardActive=false policyFlags=b000000 isWakeKey=false
12-12 12:18:56.817   990  1150 I WindowManager: interceptKeyTi keyCode=31 down=true repeatCount=0 keyguardOn=false mHomePressed=false canceled=false
12-12 12:18:56.817 19898 19898 I ViewRootImpl: ViewRoot's KeyEvent { action=ACTION_DOWN, keyCode=KEYCODE_C, scanCode=0, metaState=0, flags=0x0, repeatCount=0, eventTime=28407771, downTime=28407129, deviceId=-1, source=0x101 } to com.android.internal.policy.impl.PhoneWindow$DecorView{423014a8 V.E..... R....... 0,0-800,1212}
12-12 12:18:56.827 19898 19898 D BubblePopupHelper: isShowingBubblePopup : false
12-12 12:18:56.827 19898 19898 D BubblePopupHelper: isShowingBubblePopup : false
12-12 12:18:56.827   990  1002 I WindowManager: interceptKeyTq keycode=31 down=false screenIsOn=true keyguardActive=false policyFlags=b000000 isWakeKey=false
12-12 12:18:56.827   990  1150 I WindowManager: interceptKeyTi keyCode=31 down=false repeatCount=0 keyguardOn=false mHomePressed=false canceled=false
12-12 12:18:56.827 19898 19898 I ViewRootImpl: ViewRoot's KeyEvent { action=ACTION_UP, keyCode=KEYCODE_C, scanCode=0, metaState=0, flags=0x0, repeatCount=0, eventTime=28407778, downTime=28407129, deviceId=-1, source=0x101 } to com.android.internal.policy.impl.PhoneWindow$DecorView{423014a8 V.E..... R....... 0,0-800,1212}
12-12 12:18:56.837  1348  1348 D BubblePopupHelper: BubblePopupHelper has no instance. Hence we cannot call setShowingBubblePopup : false
12-12 12:18:56.837   990  3366 I WindowManager: interceptKeyTq keycode=43 down=true screenIsOn=true keyguardActive=false policyFlags=b000000 isWakeKey=false
12-12 12:18:56.837   990  1150 I WindowManager: interceptKeyTi keyCode=43 down=true repeatCount=0 keyguardOn=false mHomePressed=false canceled=false
12-12 12:18:56.837 19898 19898 I ViewRootImpl: ViewRoot's KeyEvent { action=ACTION_DOWN, keyCode=KEYCODE_O, scanCode=0, metaState=0, flags=0x0, repeatCount=0, eventTime=28407792, downTime=28407129, deviceId=-1, source=0x101 } to com.android.internal.policy.impl.PhoneWindow$DecorView{423014a8 V.E..... R....... 0,0-800,1212}
12-12 12:18:56.847   990  1950 I WindowManager: interceptKeyTq keycode=43 down=false screenIsOn=true keyguardActive=false policyFlags=b000000 isWakeKey=false
12-12 12:18:56.847   990  1150 I WindowManager: interceptKeyTi keyCode=43 down=false repeatCount=0 keyguardOn=false mHomePressed=false canceled=false
12-12 12:18:56.847 19898 19898 I ViewRootImpl: ViewRoot's KeyEvent { action=ACTION_UP, keyCode=KEYCODE_O, scanCode=0, metaState=0, flags=0x0, repeatCount=0, eventTime=28407805, downTime=28407129, deviceId=-1, source=0x101 } to com.android.internal.policy.impl.PhoneWindow$DecorView{423014a8 V.E..... R......D 0,0-800,1212}
12-12 12:18:56.857 19898 19898 D BubblePopupHelper: isShowingBubblePopup : false
12-12 12:18:56.857 19898 19898 D BubblePopupHelper: isShowingBubblePopup : false
12-12 12:18:56.867  1348  1348 D BubblePopupHelper: BubblePopupHelper has no instance. Hence we cannot call setShowingBubblePopup : false
12-12 12:18:56.867   990  1502 I WindowManager: interceptKeyTq keycode=41 down=true screenIsOn=true keyguardActive=false policyFlags=b000000 isWakeKey=false
12-12 12:18:56.867   990  1150 I WindowManager: interceptKeyTi keyCode=41 down=true repeatCount=0 keyguardOn=false mHomePressed=false canceled=false
12-12 12:18:56.867 19898 19898 I ViewRootImpl: ViewRoot's KeyEvent { action=ACTION_DOWN, keyCode=KEYCODE_M, scanCode=0, metaState=0, flags=0x0, repeatCount=0, eventTime=28407822, downTime=28407129, deviceId=-1, source=0x101 } to com.android.internal.policy.impl.PhoneWindow$DecorView{423014a8 V.E..... R....... 0,0-800,1212}
12-12 12:18:56.877   990  1002 I WindowManager: interceptKeyTq keycode=41 down=false screenIsOn=true keyguardActive=false policyFlags=b000000 isWakeKey=false
12-12 12:18:56.877   990  1150 I WindowManager: interceptKeyTi keyCode=41 down=false repeatCount=0 keyguardOn=false mHomePressed=false canceled=false
12-12 12:18:56.887 19898 19898 I ViewRootImpl: ViewRoot's KeyEvent { action=ACTION_UP, keyCode=KEYCODE_M, scanCode=0, metaState=0, flags=0x0, repeatCount=0, eventTime=28407835, downTime=28407129, deviceId=-1, source=0x101 } to com.android.internal.policy.impl.PhoneWindow$DecorView{423014a8 V.E..... R......D 0,0-800,1212}
12-12 12:18:56.887 19898 19898 D BubblePopupHelper: isShowingBubblePopup : false
12-12 12:18:56.887 19898 19898 D BubblePopupHelper: isShowingBubblePopup : false
12-12 12:18:56.897  1348  1348 D BubblePopupHelper: BubblePopupHelper has no instance. Hence we cannot call setShowingBubblePopup : false
12-12 12:18:57.137   304   384 I Vold    : [LGE][VOLD][NetlinkHandler.cpp][onEvent()] subsys:cpu, action:0
12-12 12:18:57.187   304   384 I Vold    : [LGE][VOLD][NetlinkHandler.cpp][onEvent()] subsys:cpu, action:0
12-12 12:18:57.247   304   384 I Vold    : [LGE][VOLD][NetlinkHandler.cpp][onEvent()] subsys:cpu, action:0
12-12 12:18:58.197   327   427 I ThermalEngine: Sensor:pa_therm1:28000 mC
12-12 12:18:58.457   304   384 I Vold    : [LGE][VOLD][NetlinkHandler.cpp][onEvent()] subsys:cpu, action:0
12-12 12:18:58.457   304   384 I Vold    : [LGE][VOLD][NetlinkHandler.cpp][onEvent()] subsys:cpu, action:0
12-12 12:18:58.467 19672 19672 I QueryController: Matched selector: UiSelector[CLASS=android.widget.EditText, INSTANCE=1, PACKAGE NAME=com.example.snoopy, COUNT=1] <<==>> [android.view.accessibility.AccessibilityNodeInfo@133ce; boundsInParent: Rect(0, 0 - 450, 60); boundsInScreen: Rect(20, 275 - 470, 335); packageName: com.example.snoopy; className: android.widget.EditText; text: null; contentDescription: null; viewIdResName: com.example.snoopy:id/editTextPassword; checkable: false; checked: false; focusable: true; focused: false; selected: false; clickable: true; longClickable: true; enabled: true; password: true; scrollable: false; [ACTION_FOCUS, ACTION_SELECT, ACTION_CLEAR_SELECTION, ACTION_CLICK, ACTION_LONG_CLICK, ACTION_ACCESSIBILITY_FOCUS]]
12-12 12:18:58.477 19672 19672 I QueryController: Matched selector: UiSelector[CLASS=android.widget.EditText, INSTANCE=1, PACKAGE NAME=com.example.snoopy, COUNT=1] <<==>> [android.view.accessibility.AccessibilityNodeInfo@133ce; boundsInParent: Rect(0, 0 - 450, 60); boundsInScreen: Rect(20, 275 - 470, 335); packageName: com.example.snoopy; className: android.widget.EditText; text: null; contentDescription: null; viewIdResName: com.example.snoopy:id/editTextPassword; checkable: false; checked: false; focusable: true; focused: false; selected: false; clickable: true; longClickable: true; enabled: true; password: true; scrollable: false; [ACTION_FOCUS, ACTION_SELECT, ACTION_CLEAR_SELECTION, ACTION_CLICK, ACTION_LONG_CLICK, ACTION_ACCESSIBILITY_FOCUS]]
12-12 12:18:58.507   304   384 I Vold    : [LGE][VOLD][NetlinkHandler.cpp][onEvent()] subsys:cpu, action:0
12-12 12:18:58.517   990  1179 V WifiServiceExtension: checkPollTimer Cnt= 0 rssi =-36 threshold=-100
12-12 12:18:58.597   990  1176 D WifiStateMachine: handleMessage: E msg.what=131155
12-12 12:18:58.597   990  1176 D WifiStateMachine: processMsg: ConnectedState
12-12 12:18:58.597   990  1176 D WifiStateMachine: processMsg: L2ConnectedState
12-12 12:18:58.597   990  1176 D WifiNative-wlan0: doString: SIGNAL_POLL
12-12 12:18:58.597  1198  1198 D wpa_supplicant: wlan0: Control interface command 'SIGNAL_POLL'
12-12 12:18:58.607  1198  1198 D wpa_supplicant: nl80211: survey data missing!
12-12 12:18:58.607   990  1176 D WifiStateMachine: handleMessage: X
12-12 12:18:58.807   304   384 I Vold    : [LGE][VOLD][NetlinkHandler.cpp][onEvent()] subsys:cpu, action:0
12-12 12:18:58.867   304   384 I Vold    : [LGE][VOLD][NetlinkHandler.cpp][onEvent()] subsys:cpu, action:0
12-12 12:18:59.067   304   384 I Vold    : [LGE][VOLD][NetlinkHandler.cpp][onEvent()] subsys:cpu, action:0
12-12 12:18:59.567 19672 19672 I QueryController: Matched selector: UiSelector[CLASS=android.widget.EditText, INSTANCE=1, PACKAGE NAME=com.example.snoopy, COUNT=1] <<==>> [android.view.accessibility.AccessibilityNodeInfo@133ce; boundsInParent: Rect(0, 0 - 450, 60); boundsInScreen: Rect(20, 275 - 470, 335); packageName: com.example.snoopy; className: android.widget.EditText; text: null; contentDescription: null; viewIdResName: com.example.snoopy:id/editTextPassword; checkable: false; checked: false; focusable: true; focused: false; selected: false; clickable: true; longClickable: true; enabled: true; password: true; scrollable: false; [ACTION_FOCUS, ACTION_SELECT, ACTION_CLEAR_SELECTION, ACTION_CLICK, ACTION_LONG_CLICK, ACTION_ACCESSIBILITY_FOCUS]]
12-12 12:18:59.567   990  1150 D PowerManagerService: updateUserActivitySummaryLocked: mWakefulness=Awake, mUserActivitySummary=0x1, nextTimeout=29303522 (in 893000 ms)
12-12 12:18:59.567 19898 19898 I ViewRootImpl: ViewRoot's Touch Event : ACTION_DOWN
12-12 12:18:59.617   304   384 I Vold    : [LGE][VOLD][NetlinkHandler.cpp][onEvent()] subsys:cpu, action:0
12-12 12:18:59.987   304   384 I Vold    : [LGE][VOLD][NetlinkHandler.cpp][onEvent()] subsys:cpu, action:0
12-12 12:18:59.997  1206  1206 D KeyguardUpdateMonitor: received broadcast android.intent.action.TIME_TICK
12-12 12:19:00.007  1206  1206 D KeyguardUpdateMonitor: handleTimeUpdate
12-12 12:19:00.037  1206  1206 D Clock   : Clock updated, drawingStartTime : 1513109940026, nextTick: 59976, mDrawingTime: 12
12-12 12:19:00.047  1206  1206 D Clock   : Clock updated, drawingStartTime : 1513109940046, nextTick: 59978, mDrawingTime: 4
12-12 12:19:00.087   990  1150 D PowerManagerService: updateUserActivitySummaryLocked: mWakefulness=Awake, mUserActivitySummary=0x1, nextTimeout=29304031 (in 892991 ms)
12-12 12:19:00.097 19898 19898 D cliptray_Editor: isOwnerforClipTray():mIsOwner :  true
12-12 12:19:00.127   990  3366 I VolumeVibratorManager: getVibrateVolume vibrateType 2
12-12 12:19:00.127   990  3366 I VolumeVibratorManager: vibratePattern()  volumeIndex 5
12-12 12:19:00.127   990  1950 I LGImmersionVibrator: [Vibrator off]
12-12 12:19:00.127  1222  1249 D VolumeVibrator: clear
12-12 12:19:00.127 19898 19898 I ViewRootImpl: ViewRoot's Touch Event : ACTION_UP
12-12 12:19:00.137  1222  6598 D VolumeVibrator: milliseconds : 40
12-12 12:19:00.137  1222  6598 D VolumeVibrator: getCurrent::mPatternworking : true
12-12 12:19:00.137  1222  6598 D VolumeVibrator: getCurrent::mVolumes.size : 0
12-12 12:19:00.137  1222  6598 D VolumeVibrator: getCurrent::mJustVibrate false
12-12 12:19:00.137  1222  6598 D VolumeVibrator: mPatternIndex : 1 mCurVibration.mPattern[mPatternIndex] : 40
12-12 12:19:00.137  1222  6598 D VolumeVibrator: volume vibration pattern's value: 6125
12-12 12:19:00.137   990 21544 I LGImmersionVibrator: [Vibrator on] timeout_ms : 40 magnitude : 6125
12-12 12:19:00.137  1222  6598 D VolumeVibrator: clear
12-12 12:19:00.147  1222  1222 E CliptrayService: cliptrayEventReceiver :onReceivecom.lge.systemservice.core.cliptray.HIDE_CLIPTRAY
12-12 12:19:00.147  1222  1222 E CliptrayService: cliptrayEventReceiver :onReceivecom.lge.systemservice.core.cliptray.INPUTTYPE_CLIPTRAY
12-12 12:19:00.147  1222  1222 I CliptrayService: CLIPTRAY_INPUTTYPEg=10
12-12 12:19:00.157 19898 19898 E ViewRootImpl: mIsPenSupport: :true
12-12 12:19:00.157  1222  1222 E CliptrayService: cliptrayEventReceiver :onReceivecom.lge.systemservice.core.cliptray.INPUTTYPE_CLIPTRAY
12-12 12:19:00.157  1222  1222 I CliptrayService: CLIPTRAY_INPUTTYPEg=10
12-12 12:19:00.157 19898 19898 D cliptray_Editor:  setInputTypeforClipTray(): 0
12-12 12:19:00.157  1222  1222 E CliptrayService: cliptrayEventReceiver :onReceivecom.lge.systemservice.core.cliptray.INPUTTYPE_CLIPTRAY
12-12 12:19:00.157  1222  1222 I CliptrayService: CLIPTRAY_INPUTTYPEg=0
