12-13 01:27:25.389  2902  2902 I SQLiteSecureOpenHelper: getWritableDatabase(pwd)
12-13 01:27:25.389  2902  2902 I SQLiteSecureOpenHelper: getDatabaseLocked(b,b,pwd)...
12-13 01:27:25.419  2902  2902 I SQLiteSecureOpenHelper: getWritableDatabase(pwd)
12-13 01:27:25.419  2902  2902 I SQLiteSecureOpenHelper: getDatabaseLocked(b,b,pwd)...
12-13 01:27:25.449  2902  2902 I SQLiteSecureOpenHelper: getWritableDatabase(pwd)
12-13 01:27:25.449  2902  2902 I SQLiteSecureOpenHelper: getDatabaseLocked(b,b,pwd)...
12-13 01:27:25.479  2902  2902 I SQLiteSecureOpenHelper: getWritableDatabase(pwd)
12-13 01:27:25.479  2902  2902 I SQLiteSecureOpenHelper: getDatabaseLocked(b,b,pwd)...
12-13 01:27:25.479 13007 13007 D AndroidRuntime: 
12-13 01:27:25.479 13007 13007 D AndroidRuntime: >>>>>> AndroidRuntime START com.android.internal.os.RuntimeInit <<<<<<
12-13 01:27:25.489 13007 13007 D AndroidRuntime: CheckJNI is OFF
12-13 01:27:25.489 13007 13007 D AndroidRuntime: setted country_code = USA
12-13 01:27:25.489 13007 13007 D AndroidRuntime: setted countryiso_code = US
12-13 01:27:25.489 13007 13007 D AndroidRuntime: setted sales_code = TMB
12-13 01:27:25.489 13007 13007 D AndroidRuntime: readGMSProperty: start
12-13 01:27:25.489 13007 13007 D AndroidRuntime: readGMSProperty: already setted!!
12-13 01:27:25.489 13007 13007 D AndroidRuntime: readGMSProperty: end
12-13 01:27:25.489 13007 13007 D AndroidRuntime: addProductProperty: start
12-13 01:27:25.499 13007 13007 D dalvikvm: Trying to load lib libjavacore.so 0x0
12-13 01:27:25.499 13007 13007 D dalvikvm: Added shared lib libjavacore.so 0x0
12-13 01:27:25.509 13007 13007 D dalvikvm: Trying to load lib libnativehelper.so 0x0
12-13 01:27:25.509 13007 13007 D dalvikvm: Added shared lib libnativehelper.so 0x0
12-13 01:27:25.509 13007 13007 D dalvikvm: No JNI_OnLoad found in libnativehelper.so 0x0, skipping init
12-13 01:27:25.509  2902  2902 I SQLiteSecureOpenHelper: getWritableDatabase(pwd)
12-13 01:27:25.509  2902  2902 I SQLiteSecureOpenHelper: getDatabaseLocked(b,b,pwd)...
12-13 01:27:25.539  2902  2902 I SQLiteSecureOpenHelper: getWritableDatabase(pwd)
12-13 01:27:25.539  2902  2902 I SQLiteSecureOpenHelper: getDatabaseLocked(b,b,pwd)...
12-13 01:27:25.579  2902  2902 I SQLiteSecureOpenHelper: getWritableDatabase(pwd)
12-13 01:27:25.579  2902  2902 I SQLiteSecureOpenHelper: getDatabaseLocked(b,b,pwd)...
12-13 01:27:25.589  7789  7793 D dalvikvm: GC_CONCURRENT freed 1956K, 36% free 17193K/26744K, paused 1ms+1ms, total 15ms
12-13 01:27:25.609 13007 13007 E memtrack: Couldn't load memtrack module (No such file or directory)
12-13 01:27:25.609 13007 13007 E android.os.Debug: failed to load memtrack module: -2
12-13 01:27:25.609  2902  2902 I SQLiteSecureOpenHelper: getWritableDatabase(pwd)
12-13 01:27:25.609  2902  2902 I SQLiteSecureOpenHelper: getDatabaseLocked(b,b,pwd)...
12-13 01:27:25.629 13007 13007 D dalvikvm: Note: class Landroid/app/ActivityManagerNative; has 192 unimplemented (abstract) methods
12-13 01:27:25.649  2902  2902 I SQLiteSecureOpenHelper: getWritableDatabase(pwd)
12-13 01:27:25.649  2902  2902 I SQLiteSecureOpenHelper: getDatabaseLocked(b,b,pwd)...
12-13 01:27:25.669 13007 13007 D AndroidRuntime: Calling main entry com.android.commands.pm.Pm
12-13 01:27:25.679  2902  2902 I SQLiteSecureOpenHelper: getWritableDatabase(pwd)
12-13 01:27:25.679  2902  2902 I SQLiteSecureOpenHelper: getDatabaseLocked(b,b,pwd)...
12-13 01:27:25.709   717  1218 V ApplicationPolicy: isApplicationStateBlocked userId 0 pkgname com.google.android.gm
12-13 01:27:25.709   717  1218 D PackageManager: START CLEAR APPLICATION USER DATA: observer{1139797680}
12-13 01:27:25.709   717  1218 D PackageManager: pkg{<packageName>}
12-13 01:27:25.709   717  1218 D PackageManager: user{0}
12-13 01:27:25.719   717  1218 D EnterpriseDeviceManager: ContainerId: 0
12-13 01:27:25.719   717  1218 V ApplicationPolicy: isApplicationStateBlocked userId 0 pkgname com.google.android.gm
12-13 01:27:25.719   276   276 D keystore: calling clear_uid in state: 3
12-13 01:27:25.719  1672  1672 D daemonapp: [MSC_Daemon]>>> AWDCDS:27 [0:0] AWD CD Act : androidintentactionPACKAGE_RESTARTED
12-13 01:27:25.719  2902  2902 I SQLiteSecureOpenHelper: getWritableDatabase(pwd)
12-13 01:27:25.719  2902  2902 I SQLiteSecureOpenHelper: getDatabaseLocked(b,b,pwd)...
12-13 01:27:25.719   717   963 D PackageManager: [MSG] CLEAR_APPLICATION_USER_DATA
12-13 01:27:25.729  1259  1259 I PersonaManager: getPersonaService() name persona_policy
12-13 01:27:25.729 12835 12919 D Documents: Used cached roots for com.android.externalstorage.documents
12-13 01:27:25.729 12835 12919 D Documents: Used cached roots for com.android.providers.downloads.documents
12-13 01:27:25.729 12835 12919 D Documents: Used cached roots for com.android.providers.media.documents
12-13 01:27:25.729 12835 12919 D Documents: Loading roots for com.google.android.apps.docs.storage
12-13 01:27:25.739 12835 12919 D Documents: Update found 6 roots in 13ms
12-13 01:27:25.749   717   963 D PackageManager: return delete result to caller: 1139797680
12-13 01:27:25.749 13007 13007 D AndroidRuntime: Shutting down VM
12-13 01:27:25.749 13007 13012 D dalvikvm: GC_CONCURRENT freed 97K, 13% free 677K/776K, paused 1ms+0ms, total 2ms
12-13 01:27:25.749   717   963 D PackageManager: returnCode: true
12-13 01:27:25.769  2902  2902 I SQLiteSecureOpenHelper: getWritableDatabase(pwd)
12-13 01:27:25.769  2902  2902 I SQLiteSecureOpenHelper: getDatabaseLocked(b,b,pwd)...
12-13 01:27:25.769  1672  1672 D daemonapp: [MSC_Daemon]>>> AWDCDS:27 [0:0] AWD CD Act : androidintentactionPACKAGE_DATA_CLEARED
12-13 01:27:25.799 13019 13019 I SELinux : Function: selinux_android_load_priority [0], There is no sepolicy file.
12-13 01:27:25.799 13019 13019 I SELinux :  
12-13 01:27:25.809  2902  2902 I SQLiteSecureOpenHelper: getWritableDatabase(pwd)
12-13 01:27:25.809  2902  2902 I SQLiteSecureOpenHelper: getDatabaseLocked(b,b,pwd)...
12-13 01:27:25.829 13019 13019 I SELinux : Function: selinux_android_load_priority , spota verifySig and checkHash pass. priority version is VE=SEPF_SM-G900T_4.4.2_0055
12-13 01:27:25.829 13019 13019 I SELinux :  
12-13 01:27:25.829 13019 13019 I SELinux :  
12-13 01:27:25.829 13019 13019 I SELinux : selinux_android_seapp_context_reload: seapp_contexts file is loaded from /data/security/spota/seapp_contexts
12-13 01:27:25.829 13019 13019 E dalvikvm: >>>>> Normal User
12-13 01:27:25.829 13019 13019 E dalvikvm: >>>>> com.google.android.gms.persistent [ userId:0 | appId:10015 ]
12-13 01:27:25.849  2902  2902 I SQLiteSecureOpenHelper: getWritableDatabase(pwd)
12-13 01:27:25.849  2902  2902 I SQLiteSecureOpenHelper: getDatabaseLocked(b,b,pwd)...
12-13 01:27:25.879 13019 13019 W dalvikvm: VFY: unable to resolve static field 937 (PR_SET_DUMPABLE) in Landroid/system/OsConstants;
12-13 01:27:25.879 13019 13019 D dalvikvm: VFY: replacing opcode 0x60 at 0x0009
12-13 01:27:25.879  2902  2902 I SQLiteSecureOpenHelper: getWritableDatabase(pwd)
12-13 01:27:25.879  2902  2902 I SQLiteSecureOpenHelper: getDatabaseLocked(b,b,pwd)...
12-13 01:27:25.889 13019 13019 W dalvikvm: VFY: unable to find class referenced in signature (Laqvj;)
12-13 01:27:25.889 13019 13019 W dalvikvm: VFY: unable to find class referenced in signature (Laqvj;)
12-13 01:27:25.889 13019 13019 W dalvikvm: VFY: unable to find class referenced in signature (Laqvj;)
12-13 01:27:25.889 13019 13019 W dalvikvm: VFY: unable to find class referenced in signature (Laqvj;)
12-13 01:27:25.889 13019 13019 I dalvikvm: Could not find method android.content.Context.getSystemService, referenced from method ro.a
12-13 01:27:25.889 13019 13019 W dalvikvm: VFY: unable to resolve virtual method 1684: Landroid/content/Context;.getSystemService (Ljava/lang/Class;)Ljava/lang/Object;
12-13 01:27:25.889 13019 13019 D dalvikvm: VFY: replacing opcode 0x6e at 0x0008
12-13 01:27:25.889 13019 13019 I dalvikvm: Could not find method android.content.Context.createDeviceProtectedStorageContext, referenced from method jkx.a
12-13 01:27:25.889 13019 13019 W dalvikvm: VFY: unable to resolve virtual method 1659: Landroid/content/Context;.createDeviceProtectedStorageContext ()Landroid/content/Context;
12-13 01:27:25.889 13019 13019 D dalvikvm: VFY: replacing opcode 0x6e at 0x0029
12-13 01:27:25.899 13019 13019 I dalvikvm: Could not find method android.content.Context.getSystemService, referenced from method jkx.b
12-13 01:27:25.899 13019 13019 W dalvikvm: VFY: unable to resolve virtual method 1684: Landroid/content/Context;.getSystemService (Ljava/lang/Class;)Ljava/lang/Object;
12-13 01:27:25.899 13019 13019 D dalvikvm: VFY: replacing opcode 0x6e at 0x000b
12-13 01:27:25.899 13019 13019 I dalvikvm: Could not find method android.content.Context.isDeviceProtectedStorage, referenced from method zcx.a
12-13 01:27:25.899 13019 13019 W dalvikvm: VFY: unable to resolve virtual method 1689: Landroid/content/Context;.isDeviceProtectedStorage ()Z
12-13 01:27:25.899 13019 13019 D dalvikvm: VFY: replacing opcode 0x6e at 0x0009
12-13 01:27:25.899 13019 13019 I dalvikvm: Could not find method android.content.Context.isDeviceProtectedStorage, referenced from method zcx.c
12-13 01:27:25.899 13019 13019 W dalvikvm: VFY: unable to resolve virtual method 1689: Landroid/content/Context;.isDeviceProtectedStorage ()Z
12-13 01:27:25.899 13019 13019 D dalvikvm: VFY: replacing opcode 0x6e at 0x005d
12-13 01:27:25.899 13019 13019 I dalvikvm: Could not find method android.os.PowerManager.isInteractive, referenced from method jih.a
12-13 01:27:25.899 13019 13019 W dalvikvm: VFY: unable to resolve virtual method 2258: Landroid/os/PowerManager;.isInteractive ()Z
12-13 01:27:25.899 13019 13019 D dalvikvm: VFY: replacing opcode 0x6e at 0x0012
12-13 01:27:25.899 13019 13019 I dalvikvm: Could not find method android.content.ContextWrapper.createCredentialProtectedStorageContext, referenced from method com.google.android.chimera.ModuleContext.createCredentialProtectedStorageContext
12-13 01:27:25.899 13019 13019 W dalvikvm: VFY: unable to resolve virtual method 1708: Landroid/content/ContextWrapper;.createCredentialProtectedStorageContext ()Landroid/content/Context;
12-13 01:27:25.899 13019 13019 D dalvikvm: VFY: replacing opcode 0x6f at 0x0002
12-13 01:27:25.899 13019 13019 I dalvikvm: Could not find method android.content.ContextWrapper.createDeviceProtectedStorageContext, referenced from method com.google.android.chimera.ModuleContext.createDeviceProtectedStorageContext
12-13 01:27:25.899 13019 13019 W dalvikvm: VFY: unable to resolve virtual method 1709: Landroid/content/ContextWrapper;.createDeviceProtectedStorageContext ()Landroid/content/Context;
12-13 01:27:25.899 13019 13019 D dalvikvm: VFY: replacing opcode 0x6f at 0x0002
12-13 01:27:25.899 13019 13019 I dalvikvm: Could not find method android.content.Context.isCredentialProtectedStorage, referenced from method cqq.a
12-13 01:27:25.899 13019 13019 W dalvikvm: VFY: unable to resolve virtual method 1688: Landroid/content/Context;.isCredentialProtectedStorage ()Z
12-13 01:27:25.899 13019 13019 D dalvikvm: VFY: replacing opcode 0x6e at 0x0000
12-13 01:27:25.899 13019 13019 I dalvikvm: Could not find method android.os.UserManager.isUserUnlocked, referenced from method cqq.a
12-13 01:27:25.899 13019 13019 W dalvikvm: VFY: unable to resolve virtual method 2311: Landroid/os/UserManager;.isUserUnlocked ()Z
12-13 01:27:25.899 13019 13019 D dalvikvm: VFY: replacing opcode 0x6e at 0x001a
12-13 01:27:25.909 13019 13019 I dalvikvm: Could not find method android.content.Context.isDeviceProtectedStorage, referenced from method cqq.b
12-13 01:27:25.909 13019 13019 W dalvikvm: VFY: unable to resolve virtual method 1689: Landroid/content/Context;.isDeviceProtectedStorage ()Z
12-13 01:27:25.909 13019 13019 D dalvikvm: VFY: replacing opcode 0x6e at 0x0000
12-13 01:27:25.909 13019 13019 I dalvikvm: Could not find method android.content.Context.isDeviceProtectedStorage, referenced from method cqq.c
12-13 01:27:25.909 13019 13019 W dalvikvm: VFY: unable to resolve virtual method 1689: Landroid/content/Context;.isDeviceProtectedStorage ()Z
12-13 01:27:25.909 13019 13019 D dalvikvm: VFY: replacing opcode 0x6e at 0x0000
12-13 01:27:25.909 13019 13019 I MultiDex: VM with version 1.6.0 does not have multidex support
12-13 01:27:25.909 13019 13019 I MultiDex: install
12-13 01:27:25.909 13019 13019 I MultiDex: MultiDexExtractor.load(/data/app/com.google.android.gms-3593.apk, false)
12-13 01:27:25.909 13019 13019 I MultiDex: Blocking on lock /data/data/com.google.android.gms/code_cache/secondary-dexes/MultiDex.lock
12-13 01:27:25.909 13019 13019 I MultiDex: /data/data/com.google.android.gms/code_cache/secondary-dexes/MultiDex.lock locked
12-13 01:27:25.909 13019 13019 I MultiDex: Detected that extraction must be performed.
12-13 01:27:25.919  2902  2902 I SQLiteSecureOpenHelper: getWritableDatabase(pwd)
12-13 01:27:25.919  2902  2902 I SQLiteSecureOpenHelper: getDatabaseLocked(b,b,pwd)...
12-13 01:27:25.949  2902  2902 I SQLiteSecureOpenHelper: getWritableDatabase(pwd)
12-13 01:27:25.949  2902  2902 I SQLiteSecureOpenHelper: getDatabaseLocked(b,b,pwd)...
12-13 01:27:25.979  2902  2902 I SQLiteSecureOpenHelper: getWritableDatabase(pwd)
12-13 01:27:25.979  2902  2902 I SQLiteSecureOpenHelper: getDatabaseLocked(b,b,pwd)...
12-13 01:27:26.009  2902  2902 I SQLiteSecureOpenHelper: getWritableDatabase(pwd)
12-13 01:27:26.009  2902  2902 I SQLiteSecureOpenHelper: getDatabaseLocked(b,b,pwd)...
12-13 01:27:26.019 13019 13019 I MultiDex: Extraction is needed for file /data/data/com.google.android.gms/code_cache/secondary-dexes/com.google.android.gms-3593.apk.classes2.zip
12-13 01:27:26.019 13019 13019 I MultiDex: Extracting /data/data/com.google.android.gms/code_cache/secondary-dexes/tmp-com.google.android.gms-3593.apk.classes1354085803.zip
12-13 01:27:26.039  2902  2902 I SQLiteSecureOpenHelper: getWritableDatabase(pwd)
12-13 01:27:26.039  2902  2902 I SQLiteSecureOpenHelper: getDatabaseLocked(b,b,pwd)...
12-13 01:27:26.069  2902  2902 I SQLiteSecureOpenHelper: getWritableDatabase(pwd)
12-13 01:27:26.069  2902  2902 I SQLiteSecureOpenHelper: getDatabaseLocked(b,b,pwd)...
12-13 01:27:26.099  2902  2902 I SQLiteSecureOpenHelper: getWritableDatabase(pwd)
12-13 01:27:26.099  2902  2902 I SQLiteSecureOpenHelper: getDatabaseLocked(b,b,pwd)...
12-13 01:27:26.129  2902  2902 I SQLiteSecureOpenHelper: getWritableDatabase(pwd)
12-13 01:27:26.129  2902  2902 I SQLiteSecureOpenHelper: getDatabaseLocked(b,b,pwd)...
12-13 01:27:26.169  2902  2902 I SQLiteSecureOpenHelper: getWritableDatabase(pwd)
12-13 01:27:26.169  2902  2902 I SQLiteSecureOpenHelper: getDatabaseLocked(b,b,pwd)...
12-13 01:27:26.199  2902  2902 I SQLiteSecureOpenHelper: getWritableDatabase(pwd)
12-13 01:27:26.199  2902  2902 I SQLiteSecureOpenHelper: getDatabaseLocked(b,b,pwd)...
12-13 01:27:26.229  2902  2902 I SQLiteSecureOpenHelper: getWritableDatabase(pwd)
12-13 01:27:26.229  2902  2902 I SQLiteSecureOpenHelper: getDatabaseLocked(b,b,pwd)...
12-13 01:27:26.269  2902  2902 I SQLiteSecureOpenHelper: getWritableDatabase(pwd)
12-13 01:27:26.269  2902  2902 I SQLiteSecureOpenHelper: getDatabaseLocked(b,b,pwd)...
12-13 01:27:26.299  2902  2902 I SQLiteSecureOpenHelper: getWritableDatabase(pwd)
12-13 01:27:26.299  2902  2902 I SQLiteSecureOpenHelper: getDatabaseLocked(b,b,pwd)...
12-13 01:27:26.329  2902  2902 I SQLiteSecureOpenHelper: getWritableDatabase(pwd)
12-13 01:27:26.329  2902  2902 I SQLiteSecureOpenHelper: getDatabaseLocked(b,b,pwd)...
12-13 01:27:26.369  7789  7793 D dalvikvm: GC_CONCURRENT freed 1933K, 36% free 17220K/26744K, paused 1ms+2ms, total 16ms
12-13 01:27:26.369  2902  2902 I SQLiteSecureOpenHelper: getWritableDatabase(pwd)
12-13 01:27:26.369  2902  2902 I SQLiteSecureOpenHelper: getDatabaseLocked(b,b,pwd)...
12-13 01:27:26.399  2902  2902 I SQLiteSecureOpenHelper: getWritableDatabase(pwd)
12-13 01:27:26.399  2902  2902 I SQLiteSecureOpenHelper: getDatabaseLocked(b,b,pwd)...
12-13 01:27:26.439  2902  2902 I SQLiteSecureOpenHelper: getWritableDatabase(pwd)
12-13 01:27:26.439  2902  2902 I SQLiteSecureOpenHelper: getDatabaseLocked(b,b,pwd)...
12-13 01:27:26.459 13032 13032 D AndroidRuntime: 
12-13 01:27:26.459 13032 13032 D AndroidRuntime: >>>>>> AndroidRuntime START com.android.internal.os.RuntimeInit <<<<<<
12-13 01:27:26.459 13032 13032 D AndroidRuntime: CheckJNI is OFF
12-13 01:27:26.459 13032 13032 D AndroidRuntime: setted country_code = USA
12-13 01:27:26.459 13032 13032 D AndroidRuntime: setted countryiso_code = US
12-13 01:27:26.459 13032 13032 D AndroidRuntime: setted sales_code = TMB
12-13 01:27:26.459 13032 13032 D AndroidRuntime: readGMSProperty: start
12-13 01:27:26.459 13032 13032 D AndroidRuntime: readGMSProperty: already setted!!
12-13 01:27:26.459 13032 13032 D AndroidRuntime: readGMSProperty: end
12-13 01:27:26.459 13032 13032 D AndroidRuntime: addProductProperty: start
12-13 01:27:26.469  2902  2902 I SQLiteSecureOpenHelper: getWritableDatabase(pwd)
12-13 01:27:26.469  2902  2902 I SQLiteSecureOpenHelper: getDatabaseLocked(b,b,pwd)...
12-13 01:27:26.479 13032 13032 D dalvikvm: Trying to load lib libjavacore.so 0x0
12-13 01:27:26.479 13032 13032 D dalvikvm: Added shared lib libjavacore.so 0x0
12-13 01:27:26.479 13032 13032 D dalvikvm: Trying to load lib libnativehelper.so 0x0
12-13 01:27:26.479 13032 13032 D dalvikvm: Added shared lib libnativehelper.so 0x0
12-13 01:27:26.479 13032 13032 D dalvikvm: No JNI_OnLoad found in libnativehelper.so 0x0, skipping init
12-13 01:27:26.499  2902  2902 I SQLiteSecureOpenHelper: getWritableDatabase(pwd)
12-13 01:27:26.499  2902  2902 I SQLiteSecureOpenHelper: getDatabaseLocked(b,b,pwd)...
12-13 01:27:26.529  2902  2902 I SQLiteSecureOpenHelper: getWritableDatabase(pwd)
12-13 01:27:26.529  2902  2902 I SQLiteSecureOpenHelper: getDatabaseLocked(b,b,pwd)...
12-13 01:27:26.559  2902  2902 I SQLiteSecureOpenHelper: getWritableDatabase(pwd)
12-13 01:27:26.559  2902  2902 I SQLiteSecureOpenHelper: getDatabaseLocked(b,b,pwd)...
12-13 01:27:26.579 13032 13032 E memtrack: Couldn't load memtrack module (No such file or directory)
12-13 01:27:26.579 13032 13032 E android.os.Debug: failed to load memtrack module: -2
12-13 01:27:26.599  2902  2902 I SQLiteSecureOpenHelper: getWritableDatabase(pwd)
12-13 01:27:26.599  2902  2902 I SQLiteSecureOpenHelper: getDatabaseLocked(b,b,pwd)...
12-13 01:27:26.599 13032 13032 D dalvikvm: Note: class Landroid/app/ActivityManagerNative; has 192 unimplemented (abstract) methods
12-13 01:27:26.629  2902  2902 I SQLiteSecureOpenHelper: getWritableDatabase(pwd)
12-13 01:27:26.629  2902  2902 I SQLiteSecureOpenHelper: getDatabaseLocked(b,b,pwd)...
12-13 01:27:26.629 13032 13032 D AndroidRuntime: Calling main entry com.android.commands.pm.Pm
12-13 01:27:26.659  2902  2902 I SQLiteSecureOpenHelper: getWritableDatabase(pwd)
12-13 01:27:26.659  2902  2902 I SQLiteSecureOpenHelper: getDatabaseLocked(b,b,pwd)...
12-13 01:27:26.679   717   961 V ApplicationPolicy: isApplicationStateBlocked userId 0 pkgname com.android.browser
12-13 01:27:26.679 13032 13032 D AndroidRuntime: Shutting down VM
12-13 01:27:26.679 13032 13037 D dalvikvm: GC_CONCURRENT freed 97K, 13% free 677K/776K, paused 1ms+0ms, total 2ms
12-13 01:27:26.679   717   961 W ActivityManager: Invalid packageName: com.android.browser
12-13 01:27:26.699  2902  2902 I SQLiteSecureOpenHelper: getWritableDatabase(pwd)
12-13 01:27:26.699  2902  2902 I SQLiteSecureOpenHelper: getDatabaseLocked(b,b,pwd)...
12-13 01:27:26.729  2902  2902 I SQLiteSecureOpenHelper: getWritableDatabase(pwd)
12-13 01:27:26.729  2902  2902 I SQLiteSecureOpenHelper: getDatabaseLocked(b,b,pwd)...
12-13 01:27:26.759  2902  2902 I SQLiteSecureOpenHelper: getWritableDatabase(pwd)
12-13 01:27:26.759  2902  2902 I SQLiteSecureOpenHelper: getDatabaseLocked(b,b,pwd)...
12-13 01:27:26.789  2902  2902 I SQLiteSecureOpenHelper: getWritableDatabase(pwd)
12-13 01:27:26.789  2902  2902 I SQLiteSecureOpenHelper: getDatabaseLocked(b,b,pwd)...
12-13 01:27:26.819  2902  2902 I SQLiteSecureOpenHelper: getWritableDatabase(pwd)
12-13 01:27:26.819  2902  2902 I SQLiteSecureOpenHelper: getDatabaseLocked(b,b,pwd)...
12-13 01:27:26.849  2902  2902 I SQLiteSecureOpenHelper: getWritableDatabase(pwd)
12-13 01:27:26.849  2902  2902 I SQLiteSecureOpenHelper: getDatabaseLocked(b,b,pwd)...
12-13 01:27:26.909  2902  2902 I SQLiteSecureOpenHelper: getWritableDatabase(pwd)
12-13 01:27:26.909  2902  2902 I SQLiteSecureOpenHelper: getDatabaseLocked(b,b,pwd)...
12-13 01:27:26.939  2902  2902 I SQLiteSecureOpenHelper: getWritableDatabase(pwd)
12-13 01:27:26.939  2902  2902 I SQLiteSecureOpenHelper: getDatabaseLocked(b,b,pwd)...
12-13 01:27:26.969  2902  2902 I SQLiteSecureOpenHelper: getWritableDatabase(pwd)
12-13 01:27:26.969  2902  2902 I SQLiteSecureOpenHelper: getDatabaseLocked(b,b,pwd)...
12-13 01:27:26.999  2902  2902 I SQLiteSecureOpenHelper: getWritableDatabase(pwd)
12-13 01:27:26.999  2902  2902 I SQLiteSecureOpenHelper: getDatabaseLocked(b,b,pwd)...
12-13 01:27:27.039  2902  2902 I SQLiteSecureOpenHelper: getWritableDatabase(pwd)
12-13 01:27:27.039  2902  2902 I SQLiteSecureOpenHelper: getDatabaseLocked(b,b,pwd)...
12-13 01:27:27.079  2902  2902 I SQLiteSecureOpenHelper: getWritableDatabase(pwd)
12-13 01:27:27.079  2902  2902 I SQLiteSecureOpenHelper: getDatabaseLocked(b,b,pwd)...
12-13 01:27:27.129  2902  2902 I SQLiteSecureOpenHelper: getWritableDatabase(pwd)
12-13 01:27:27.129  2902  2902 I SQLiteSecureOpenHelper: getDatabaseLocked(b,b,pwd)...
12-13 01:27:27.169  7789  7793 D dalvikvm: GC_CONCURRENT freed 1966K, 36% free 17221K/26744K, paused 1ms+2ms, total 16ms
12-13 01:27:27.169  2902  2902 I SQLiteSecureOpenHelper: getWritableDatabase(pwd)
12-13 01:27:27.169  2902  2902 I SQLiteSecureOpenHelper: getDatabaseLocked(b,b,pwd)...
12-13 01:27:27.199  2902  2902 I SQLiteSecureOpenHelper: getWritableDatabase(pwd)
12-13 01:27:27.199  2902  2902 I SQLiteSecureOpenHelper: getDatabaseLocked(b,b,pwd)...
12-13 01:27:27.239  2902  2902 I SQLiteSecureOpenHelper: getWritableDatabase(pwd)
12-13 01:27:27.239  2902  2902 I SQLiteSecureOpenHelper: getDatabaseLocked(b,b,pwd)...
12-13 01:27:27.279  2902  2902 I SQLiteSecureOpenHelper: getWritableDatabase(pwd)
12-13 01:27:27.279  2902  2902 I SQLiteSecureOpenHelper: getDatabaseLocked(b,b,pwd)...
12-13 01:27:27.309  2902  2902 I SQLiteSecureOpenHelper: getWritableDatabase(pwd)
12-13 01:27:27.309  2902  2902 I SQLiteSecureOpenHelper: getDatabaseLocked(b,b,pwd)...
12-13 01:27:27.339  2902  2902 I SQLiteSecureOpenHelper: getWritableDatabase(pwd)
12-13 01:27:27.339  2902  2902 I SQLiteSecureOpenHelper: getDatabaseLocked(b,b,pwd)...
12-13 01:27:27.369  2902  2902 I SQLiteSecureOpenHelper: getWritableDatabase(pwd)
12-13 01:27:27.369  2902  2902 I SQLiteSecureOpenHelper: getDatabaseLocked(b,b,pwd)...
12-13 01:27:27.389   257   257 E SMD     : DCD ON
12-13 01:27:27.409  2902  2902 I SQLiteSecureOpenHelper: getWritableDatabase(pwd)
12-13 01:27:27.409  2902  2902 I SQLiteSecureOpenHelper: getDatabaseLocked(b,b,pwd)...
12-13 01:27:27.419 13043 13043 D AndroidRuntime: 
12-13 01:27:27.419 13043 13043 D AndroidRuntime: >>>>>> AndroidRuntime START com.android.internal.os.RuntimeInit <<<<<<
12-13 01:27:27.419 13043 13043 D AndroidRuntime: CheckJNI is OFF
12-13 01:27:27.419 13043 13043 D AndroidRuntime: setted country_code = USA
12-13 01:27:27.419 13043 13043 D AndroidRuntime: setted countryiso_code = US
12-13 01:27:27.419 13043 13043 D AndroidRuntime: setted sales_code = TMB
12-13 01:27:27.419 13043 13043 D AndroidRuntime: readGMSProperty: start
12-13 01:27:27.419 13043 13043 D AndroidRuntime: readGMSProperty: already setted!!
12-13 01:27:27.419 13043 13043 D AndroidRuntime: readGMSProperty: end
12-13 01:27:27.419 13043 13043 D AndroidRuntime: addProductProperty: start
12-13 01:27:27.439 13043 13043 D dalvikvm: Trying to load lib libjavacore.so 0x0
12-13 01:27:27.439 13043 13043 D dalvikvm: Added shared lib libjavacore.so 0x0
12-13 01:27:27.439 13043 13043 D dalvikvm: Trying to load lib libnativehelper.so 0x0
12-13 01:27:27.439 13043 13043 D dalvikvm: Added shared lib libnativehelper.so 0x0
12-13 01:27:27.439 13043 13043 D dalvikvm: No JNI_OnLoad found in libnativehelper.so 0x0, skipping init
12-13 01:27:27.439  2902  2902 I SQLiteSecureOpenHelper: getWritableDatabase(pwd)
12-13 01:27:27.439  2902  2902 I SQLiteSecureOpenHelper: getDatabaseLocked(b,b,pwd)...
12-13 01:27:27.479  2902  2902 I SQLiteSecureOpenHelper: getWritableDatabase(pwd)
12-13 01:27:27.479  2902  2902 I SQLiteSecureOpenHelper: getDatabaseLocked(b,b,pwd)...
12-13 01:27:27.509  2902  2902 I SQLiteSecureOpenHelper: getWritableDatabase(pwd)
12-13 01:27:27.509  2902  2902 I SQLiteSecureOpenHelper: getDatabaseLocked(b,b,pwd)...
12-13 01:27:27.539 13043 13043 E memtrack: Couldn't load memtrack module (No such file or directory)
12-13 01:27:27.539 13043 13043 E android.os.Debug: failed to load memtrack module: -2
12-13 01:27:27.539  2902  2902 I SQLiteSecureOpenHelper: getWritableDatabase(pwd)
12-13 01:27:27.539  2902  2902 I SQLiteSecureOpenHelper: getDatabaseLocked(b,b,pwd)...
12-13 01:27:27.559 13043 13043 D dalvikvm: Note: class Landroid/app/ActivityManagerNative; has 192 unimplemented (abstract) methods
12-13 01:27:27.569  2902  2902 I SQLiteSecureOpenHelper: getWritableDatabase(pwd)
12-13 01:27:27.569  2902  2902 I SQLiteSecureOpenHelper: getDatabaseLocked(b,b,pwd)...
12-13 01:27:27.599 13043 13043 D AndroidRuntime: Calling main entry com.android.commands.pm.Pm
12-13 01:27:27.609  2902  2902 I SQLiteSecureOpenHelper: getWritableDatabase(pwd)
12-13 01:27:27.609  2902  2902 I SQLiteSecureOpenHelper: getDatabaseLocked(b,b,pwd)...
12-13 01:27:27.639  2902  2902 I SQLiteSecureOpenHelper: getWritableDatabase(pwd)
12-13 01:27:27.639  2902  2902 I SQLiteSecureOpenHelper: getDatabaseLocked(b,b,pwd)...
12-13 01:27:27.639   717  1235 V ApplicationPolicy: isApplicationStateBlocked userId 0 pkgname com.android.browser.provider
12-13 01:27:27.649   717  1235 D EnterpriseDeviceManager: ContainerId: 0
12-13 01:27:27.649   717  1235 V ApplicationPolicy: isApplicationStateBlocked userId 0 pkgname com.android.browser.provider
12-13 01:27:27.649   276   276 D keystore: calling clear_uid in state: 3
12-13 01:27:27.649   717  1235 D PackageManager: START CLEAR APPLICATION USER DATA: observer{1138867848}
12-13 01:27:27.649   717  1235 D PackageManager: pkg{<packageName>}
12-13 01:27:27.649   717  1235 D PackageManager: user{0}
12-13 01:27:27.649   717   963 D PackageManager: [MSG] CLEAR_APPLICATION_USER_DATA
12-13 01:27:27.659 12835 12944 D Documents: Used cached roots for com.android.externalstorage.documents
12-13 01:27:27.659 12835 12944 D Documents: Used cached roots for com.android.providers.downloads.documents
12-13 01:27:27.659 12835 12944 D Documents: Used cached roots for com.android.providers.media.documents
12-13 01:27:27.659 12835 12944 D Documents: Loading roots for com.google.android.apps.docs.storage
12-13 01:27:27.659  1259  1259 I PersonaManager: getPersonaService() name persona_policy
12-13 01:27:27.669 12835 12944 D Documents: Update found 6 roots in 15ms
12-13 01:27:27.669 13043 13043 D AndroidRuntime: Shutting down VM
12-13 01:27:27.669   717   963 D PackageManager: return delete result to caller: 1138867848
12-13 01:27:27.669   717   963 D PackageManager: returnCode: true
12-13 01:27:27.679 13043 13049 D dalvikvm: GC_CONCURRENT freed 97K, 13% free 677K/776K, paused 1ms+0ms, total 2ms
12-13 01:27:27.679  2902  2902 I SQLiteSecureOpenHelper: getWritableDatabase(pwd)
12-13 01:27:27.679  2902  2902 I SQLiteSecureOpenHelper: getDatabaseLocked(b,b,pwd)...
12-13 01:27:27.709  2902  2902 I SQLiteSecureOpenHelper: getWritableDatabase(pwd)
12-13 01:27:27.709  2902  2902 I SQLiteSecureOpenHelper: getDatabaseLocked(b,b,pwd)...
12-13 01:27:27.739  2902  2902 I SQLiteSecureOpenHelper: getWritableDatabase(pwd)
12-13 01:27:27.739  2902  2902 I SQLiteSecureOpenHelper: getDatabaseLocked(b,b,pwd)...
12-13 01:27:27.769  2902  2902 I SQLiteSecureOpenHelper: getWritableDatabase(pwd)
12-13 01:27:27.769  2902  2902 I SQLiteSecureOpenHelper: getDatabaseLocked(b,b,pwd)...
12-13 01:27:27.799  2902  2902 I SQLiteSecureOpenHelper: getWritableDatabase(pwd)
12-13 01:27:27.799  2902  2902 I SQLiteSecureOpenHelper: getDatabaseLocked(b,b,pwd)...
12-13 01:27:27.829  2902  2902 I SQLiteSecureOpenHelper: getWritableDatabase(pwd)
12-13 01:27:27.829  2902  2902 I SQLiteSecureOpenHelper: getDatabaseLocked(b,b,pwd)...
12-13 01:27:27.869  2902  2902 I SQLiteSecureOpenHelper: getWritableDatabase(pwd)
12-13 01:27:27.869  2902  2902 I SQLiteSecureOpenHelper: getDatabaseLocked(b,b,pwd)...
12-13 01:27:27.909  2902  2902 I SQLiteSecureOpenHelper: getWritableDatabase(pwd)
12-13 01:27:27.909  2902  2902 I SQLiteSecureOpenHelper: getDatabaseLocked(b,b,pwd)...
12-13 01:27:27.949  2902  2902 I SQLiteSecureOpenHelper: getWritableDatabase(pwd)
12-13 01:27:27.949  2902  2902 I SQLiteSecureOpenHelper: getDatabaseLocked(b,b,pwd)...
12-13 01:27:27.949  7789  7793 D dalvikvm: GC_CONCURRENT freed 1989K, 36% free 17199K/26744K, paused 0ms+1ms, total 16ms
12-13 01:27:27.949   717   717 I Tethering: BATTERY_CHANGED, level = 100lowBatteryThreshold = 15
12-13 01:27:27.949  1067  1067 D KeyguardUpdateMonitor: received broadcast android.intent.action.BATTERY_CHANGED
12-13 01:27:27.949  1067  1067 D KeyguardUpdateMonitor: handleBatteryUpdate
12-13 01:27:27.949   717   744 D BatteryService: level:100, scale:100, status:5, health:2, present:true, voltage: 4175, temperature: 262, technology: Li-ion, AC powered:false, USB powered:true, Wireless powered:false, icon:17303678, invalid charger:0, online:4, current avg:450, charge type:1, power sharing:false
12-13 01:27:27.949   717   717 D BatteryService: Sending ACTION_BATTERY_CHANGED.
12-13 01:27:27.949   717   717 D UiModeManager: mCoverManager.getCoverState() : true
12-13 01:27:27.959  1067  1067 D STATUSBAR-PhoneStatusBar:  mBrightnessEnablebySettings = true mBrightnessEnablebyBattery = true mBrightnessEnablebyDisableFlag = true mPmsBrightnessEnablebySettings = true
12-13 01:27:27.959  1067  1067 D BatteryMeterView: ACTION_BATTERY_CHANGED : level:100 status:5 health:2
12-13 01:27:27.969  1067  1067 D STATUSBAR-IconMerger: checkOverflow(432), More:false, Req:false Child:3
12-13 01:27:27.979  2902  2902 I SQLiteSecureOpenHelper: getWritableDatabase(pwd)
12-13 01:27:27.979  2902  2902 I SQLiteSecureOpenHelper: getDatabaseLocked(b,b,pwd)...
12-13 01:27:28.009  2902  2902 I SQLiteSecureOpenHelper: getWritableDatabase(pwd)
12-13 01:27:28.009  2902  2902 I SQLiteSecureOpenHelper: getDatabaseLocked(b,b,pwd)...
12-13 01:27:28.049  2902  2902 I SQLiteSecureOpenHelper: getWritableDatabase(pwd)
12-13 01:27:28.049  2902  2902 I SQLiteSecureOpenHelper: getDatabaseLocked(b,b,pwd)...
12-13 01:27:28.079  2902  2902 I SQLiteSecureOpenHelper: getWritableDatabase(pwd)
12-13 01:27:28.079  2902  2902 I SQLiteSecureOpenHelper: getDatabaseLocked(b,b,pwd)...
12-13 01:27:28.109  2902  2902 I SQLiteSecureOpenHelper: getWritableDatabase(pwd)
12-13 01:27:28.109  2902  2902 I SQLiteSecureOpenHelper: getDatabaseLocked(b,b,pwd)...
12-13 01:27:28.149  2902  2902 I SQLiteSecureOpenHelper: getWritableDatabase(pwd)
12-13 01:27:28.149  2902  2902 I SQLiteSecureOpenHelper: getDatabaseLocked(b,b,pwd)...
12-13 01:27:28.179  2902  2902 I SQLiteSecureOpenHelper: getWritableDatabase(pwd)
12-13 01:27:28.179  2902  2902 I SQLiteSecureOpenHelper: getDatabaseLocked(b,b,pwd)...
12-13 01:27:28.219  2902  2902 I SQLiteSecureOpenHelper: getWritableDatabase(pwd)
12-13 01:27:28.219  2902  2902 I SQLiteSecureOpenHelper: getDatabaseLocked(b,b,pwd)...
12-13 01:27:28.249  2902  2902 I SQLiteSecureOpenHelper: getWritableDatabase(pwd)
12-13 01:27:28.249  2902  2902 I SQLiteSecureOpenHelper: getDatabaseLocked(b,b,pwd)...
12-13 01:27:28.279  2902  2902 I SQLiteSecureOpenHelper: getWritableDatabase(pwd)
12-13 01:27:28.279  2902  2902 I SQLiteSecureOpenHelper: getDatabaseLocked(b,b,pwd)...
12-13 01:27:28.319  2902  2902 I SQLiteSecureOpenHelper: getWritableDatabase(pwd)
12-13 01:27:28.319  2902  2902 I SQLiteSecureOpenHelper: getDatabaseLocked(b,b,pwd)...
12-13 01:27:28.329 13019 13019 I MultiDex: Renaming to /data/data/com.google.android.gms/code_cache/secondary-dexes/com.google.android.gms-3593.apk.classes2.zip
12-13 01:27:28.329 13019 13019 I MultiDex: Extraction succeeded - length /data/data/com.google.android.gms/code_cache/secondary-dexes/com.google.android.gms-3593.apk.classes2.zip: 3787697 - crc: 1805438098
12-13 01:27:28.329 13019 13019 I MultiDex: Extraction is needed for file /data/data/com.google.android.gms/code_cache/secondary-dexes/com.google.android.gms-3593.apk.classes3.zip
12-13 01:27:28.329 13019 13019 I MultiDex: Extracting /data/data/com.google.android.gms/code_cache/secondary-dexes/tmp-com.google.android.gms-3593.apk.classes-453977355.zip
12-13 01:27:28.349  2902  2902 I SQLiteSecureOpenHelper: getWritableDatabase(pwd)
12-13 01:27:28.349  2902  2902 I SQLiteSecureOpenHelper: getDatabaseLocked(b,b,pwd)...
12-13 01:27:28.379  2902  2902 I SQLiteSecureOpenHelper: getWritableDatabase(pwd)
12-13 01:27:28.379  2902  2902 I SQLiteSecureOpenHelper: getDatabaseLocked(b,b,pwd)...
12-13 01:27:28.389 13056 13056 D AndroidRuntime: 
12-13 01:27:28.389 13056 13056 D AndroidRuntime: >>>>>> AndroidRuntime START com.android.internal.os.RuntimeInit <<<<<<
12-13 01:27:28.399 13056 13056 D AndroidRuntime: CheckJNI is OFF
12-13 01:27:28.399 13056 13056 D AndroidRuntime: setted country_code = USA
12-13 01:27:28.399 13056 13056 D AndroidRuntime: setted countryiso_code = US
12-13 01:27:28.399 13056 13056 D AndroidRuntime: setted sales_code = TMB
12-13 01:27:28.399 13056 13056 D AndroidRuntime: readGMSProperty: start
12-13 01:27:28.399 13056 13056 D AndroidRuntime: readGMSProperty: already setted!!
12-13 01:27:28.399 13056 13056 D AndroidRuntime: readGMSProperty: end
12-13 01:27:28.399 13056 13056 D AndroidRuntime: addProductProperty: start
12-13 01:27:28.409 13056 13056 D dalvikvm: Trying to load lib libjavacore.so 0x0
12-13 01:27:28.409  2902  2902 I SQLiteSecureOpenHelper: getWritableDatabase(pwd)
12-13 01:27:28.409  2902  2902 I SQLiteSecureOpenHelper: getDatabaseLocked(b,b,pwd)...
12-13 01:27:28.419 13056 13056 D dalvikvm: Added shared lib libjavacore.so 0x0
12-13 01:27:28.419 13056 13056 D dalvikvm: Trying to load lib libnativehelper.so 0x0
12-13 01:27:28.419 13056 13056 D dalvikvm: Added shared lib libnativehelper.so 0x0
12-13 01:27:28.419 13056 13056 D dalvikvm: No JNI_OnLoad found in libnativehelper.so 0x0, skipping init
12-13 01:27:28.449  2902  2902 I SQLiteSecureOpenHelper: getWritableDatabase(pwd)
12-13 01:27:28.449  2902  2902 I SQLiteSecureOpenHelper: getDatabaseLocked(b,b,pwd)...
12-13 01:27:28.479  2902  2902 I SQLiteSecureOpenHelper: getWritableDatabase(pwd)
12-13 01:27:28.479  2902  2902 I SQLiteSecureOpenHelper: getDatabaseLocked(b,b,pwd)...
12-13 01:27:28.509  2902  2902 I SQLiteSecureOpenHelper: getWritableDatabase(pwd)
12-13 01:27:28.509  2902  2902 I SQLiteSecureOpenHelper: getDatabaseLocked(b,b,pwd)...
12-13 01:27:28.519 13056 13056 E memtrack: Couldn't load memtrack module (No such file or directory)
12-13 01:27:28.519 13056 13056 E android.os.Debug: failed to load memtrack module: -2
12-13 01:27:28.539  2902  2902 I SQLiteSecureOpenHelper: getWritableDatabase(pwd)
12-13 01:27:28.539  2902  2902 I SQLiteSecureOpenHelper: getDatabaseLocked(b,b,pwd)...
12-13 01:27:28.539 13056 13056 D dalvikvm: Note: class Landroid/app/ActivityManagerNative; has 192 unimplemented (abstract) methods
12-13 01:27:28.569  2902  2902 I SQLiteSecureOpenHelper: getWritableDatabase(pwd)
12-13 01:27:28.569  2902  2902 I SQLiteSecureOpenHelper: getDatabaseLocked(b,b,pwd)...
12-13 01:27:28.579 13056 13056 D AndroidRuntime: Calling main entry com.android.commands.pm.Pm
12-13 01:27:28.609  2902  2902 I SQLiteSecureOpenHelper: getWritableDatabase(pwd)
12-13 01:27:28.609  2902  2902 I SQLiteSecureOpenHelper: getDatabaseLocked(b,b,pwd)...
12-13 01:27:28.629   717  1403 V ApplicationPolicy: isApplicationStateBlocked userId 0 pkgname com.samsung.android.scloud.proxy.sbrowser
12-13 01:27:28.629   717  1403 D EnterpriseDeviceManager: ContainerId: 0
12-13 01:27:28.629   717  1403 V ApplicationPolicy: isApplicationStateBlocked userId 0 pkgname com.samsung.android.scloud.proxy.sbrowser
12-13 01:27:28.629   717  1403 D PackageManager: START CLEAR APPLICATION USER DATA: observer{1153856736}
12-13 01:27:28.629   717  1403 D PackageManager: pkg{<packageName>}
12-13 01:27:28.629   717  1403 D PackageManager: user{0}
12-13 01:27:28.639   276   276 D keystore: calling clear_uid in state: 3
12-13 01:27:28.639  2902  2902 I SQLiteSecureOpenHelper: getWritableDatabase(pwd)
12-13 01:27:28.639  2902  2902 I SQLiteSecureOpenHelper: getDatabaseLocked(b,b,pwd)...
12-13 01:27:28.639  1259  1259 I PersonaManager: getPersonaService() name persona_policy
12-13 01:27:28.639   717   963 D PackageManager: [MSG] CLEAR_APPLICATION_USER_DATA
12-13 01:27:28.649 12835 12848 D Documents: Used cached roots for com.android.externalstorage.documents
12-13 01:27:28.649 12835 12848 D Documents: Used cached roots for com.android.providers.downloads.documents
12-13 01:27:28.649 12835 12848 D Documents: Used cached roots for com.android.providers.media.documents
12-13 01:27:28.649 12835 12848 D Documents: Loading roots for com.google.android.apps.docs.storage
12-13 01:27:28.659   717   963 D PackageManager: return delete result to caller: 1153856736
12-13 01:27:28.659   717   963 D PackageManager: returnCode: true
12-13 01:27:28.659 13056 13056 D AndroidRuntime: Shutting down VM
12-13 01:27:28.669 12835 12848 D Documents: Update found 6 roots in 24ms
12-13 01:27:28.669 13056 13061 D dalvikvm: GC_CONCURRENT freed 97K, 13% free 677K/776K, paused 0ms+0ms, total 2ms
12-13 01:27:28.679  2902  2902 I SQLiteSecureOpenHelper: getWritableDatabase(pwd)
12-13 01:27:28.679  2902  2902 I SQLiteSecureOpenHelper: getDatabaseLocked(b,b,pwd)...
12-13 01:27:28.719  7789  7793 D dalvikvm: GC_CONCURRENT freed 1941K, 36% free 17222K/26744K, paused 1ms+2ms, total 18ms
12-13 01:27:28.719  2902  2902 I SQLiteSecureOpenHelper: getWritableDatabase(pwd)
12-13 01:27:28.719  2902  2902 I SQLiteSecureOpenHelper: getDatabaseLocked(b,b,pwd)...
12-13 01:27:28.749  2902  2902 I SQLiteSecureOpenHelper: getWritableDatabase(pwd)
12-13 01:27:28.749  2902  2902 I SQLiteSecureOpenHelper: getDatabaseLocked(b,b,pwd)...
12-13 01:27:28.789  2902  2902 I SQLiteSecureOpenHelper: getWritableDatabase(pwd)
12-13 01:27:28.789  2902  2902 I SQLiteSecureOpenHelper: getDatabaseLocked(b,b,pwd)...
12-13 01:27:28.829  2902  2902 I SQLiteSecureOpenHelper: getWritableDatabase(pwd)
12-13 01:27:28.829  2902  2902 I SQLiteSecureOpenHelper: getDatabaseLocked(b,b,pwd)...
12-13 01:27:28.859  2902  2902 I SQLiteSecureOpenHelper: getWritableDatabase(pwd)
12-13 01:27:28.859  2902  2902 I SQLiteSecureOpenHelper: getDatabaseLocked(b,b,pwd)...
12-13 01:27:28.909  2902  2902 I SQLiteSecureOpenHelper: getWritableDatabase(pwd)
12-13 01:27:28.909  2902  2902 I SQLiteSecureOpenHelper: getDatabaseLocked(b,b,pwd)...
12-13 01:27:28.939  2902  2902 I SQLiteSecureOpenHelper: getWritableDatabase(pwd)
12-13 01:27:28.939  2902  2902 I SQLiteSecureOpenHelper: getDatabaseLocked(b,b,pwd)...
12-13 01:27:28.979  2902  2902 I SQLiteSecureOpenHelper: getWritableDatabase(pwd)
12-13 01:27:28.979  2902  2902 I SQLiteSecureOpenHelper: getDatabaseLocked(b,b,pwd)...
12-13 01:27:29.009  2902  2902 I SQLiteSecureOpenHelper: getWritableDatabase(pwd)
12-13 01:27:29.009  2902  2902 I SQLiteSecureOpenHelper: getDatabaseLocked(b,b,pwd)...
12-13 01:27:29.039  2902  2902 I SQLiteSecureOpenHelper: getWritableDatabase(pwd)
12-13 01:27:29.039  2902  2902 I SQLiteSecureOpenHelper: getDatabaseLocked(b,b,pwd)...
12-13 01:27:29.079  2902  2902 I SQLiteSecureOpenHelper: getWritableDatabase(pwd)
12-13 01:27:29.079  2902  2902 I SQLiteSecureOpenHelper: getDatabaseLocked(b,b,pwd)...
12-13 01:27:29.119  2902  2902 I SQLiteSecureOpenHelper: getWritableDatabase(pwd)
12-13 01:27:29.129  2902  2902 I SQLiteSecureOpenHelper: getDatabaseLocked(b,b,pwd)...
12-13 01:27:29.159  2902  2902 I SQLiteSecureOpenHelper: getWritableDatabase(pwd)
12-13 01:27:29.159  2902  2902 I SQLiteSecureOpenHelper: getDatabaseLocked(b,b,pwd)...
12-13 01:27:29.199  2902  2902 I SQLiteSecureOpenHelper: getWritableDatabase(pwd)
12-13 01:27:29.199  2902  2902 I SQLiteSecureOpenHelper: getDatabaseLocked(b,b,pwd)...
12-13 01:27:29.229  2902  2902 I SQLiteSecureOpenHelper: getWritableDatabase(pwd)
12-13 01:27:29.229  2902  2902 I SQLiteSecureOpenHelper: getDatabaseLocked(b,b,pwd)...
12-13 01:27:29.279  2902  2902 I SQLiteSecureOpenHelper: getWritableDatabase(pwd)
12-13 01:27:29.279  2902  2902 I SQLiteSecureOpenHelper: getDatabaseLocked(b,b,pwd)...
12-13 01:27:29.309  2902  2902 I SQLiteSecureOpenHelper: getWritableDatabase(pwd)
12-13 01:27:29.309  2902  2902 I SQLiteSecureOpenHelper: getDatabaseLocked(b,b,pwd)...
12-13 01:27:29.349  2902  2902 I SQLiteSecureOpenHelper: getWritableDatabase(pwd)
12-13 01:27:29.349  2902  2902 I SQLiteSecureOpenHelper: getDatabaseLocked(b,b,pwd)...
12-13 01:27:29.369 13068 13068 D AndroidRuntime: 
12-13 01:27:29.369 13068 13068 D AndroidRuntime: >>>>>> AndroidRuntime START com.android.internal.os.RuntimeInit <<<<<<
12-13 01:27:29.379 13068 13068 D AndroidRuntime: CheckJNI is OFF
12-13 01:27:29.379 13068 13068 D AndroidRuntime: setted country_code = USA
12-13 01:27:29.379 13068 13068 D AndroidRuntime: setted countryiso_code = US
12-13 01:27:29.379 13068 13068 D AndroidRuntime: setted sales_code = TMB
12-13 01:27:29.379 13068 13068 D AndroidRuntime: readGMSProperty: start
12-13 01:27:29.379 13068 13068 D AndroidRuntime: readGMSProperty: already setted!!
12-13 01:27:29.379 13068 13068 D AndroidRuntime: readGMSProperty: end
12-13 01:27:29.379 13068 13068 D AndroidRuntime: addProductProperty: start
12-13 01:27:29.389 13068 13068 D dalvikvm: Trying to load lib libjavacore.so 0x0
12-13 01:27:29.389  2902  2902 I SQLiteSecureOpenHelper: getWritableDatabase(pwd)
12-13 01:27:29.389  2902  2902 I SQLiteSecureOpenHelper: getDatabaseLocked(b,b,pwd)...
12-13 01:27:29.389 13068 13068 D dalvikvm: Added shared lib libjavacore.so 0x0
12-13 01:27:29.389 13068 13068 D dalvikvm: Trying to load lib libnativehelper.so 0x0
12-13 01:27:29.389 13068 13068 D dalvikvm: Added shared lib libnativehelper.so 0x0
12-13 01:27:29.389 13068 13068 D dalvikvm: No JNI_OnLoad found in libnativehelper.so 0x0, skipping init
12-13 01:27:29.429  2902  2902 I SQLiteSecureOpenHelper: getWritableDatabase(pwd)
12-13 01:27:29.429  2902  2902 I SQLiteSecureOpenHelper: getDatabaseLocked(b,b,pwd)...
12-13 01:27:29.469  2902  2902 I SQLiteSecureOpenHelper: getWritableDatabase(pwd)
12-13 01:27:29.469  2902  2902 I SQLiteSecureOpenHelper: getDatabaseLocked(b,b,pwd)...
12-13 01:27:29.489 13068 13068 E memtrack: Couldn't load memtrack module (No such file or directory)
12-13 01:27:29.489 13068 13068 E android.os.Debug: failed to load memtrack module: -2
12-13 01:27:29.499  2902  2902 I SQLiteSecureOpenHelper: getWritableDatabase(pwd)
12-13 01:27:29.499  2902  2902 I SQLiteSecureOpenHelper: getDatabaseLocked(b,b,pwd)...
12-13 01:27:29.509 13068 13068 D dalvikvm: Note: class Landroid/app/ActivityManagerNative; has 192 unimplemented (abstract) methods
12-13 01:27:29.539  2902  2902 I SQLiteSecureOpenHelper: getWritableDatabase(pwd)
12-13 01:27:29.539  2902  2902 I SQLiteSecureOpenHelper: getDatabaseLocked(b,b,pwd)...
12-13 01:27:29.549 13068 13068 D AndroidRuntime: Calling main entry com.android.commands.pm.Pm
12-13 01:27:29.579  2902  2902 I SQLiteSecureOpenHelper: getWritableDatabase(pwd)
12-13 01:27:29.579  2902  2902 I SQLiteSecureOpenHelper: getDatabaseLocked(b,b,pwd)...
12-13 01:27:29.579  7789  7793 D dalvikvm: GC_CONCURRENT freed 1962K, 36% free 17223K/26744K, paused 2ms+1ms, total 21ms
12-13 01:27:29.599   717  1819 V ApplicationPolicy: isApplicationStateBlocked userId 0 pkgname com.sec.android.app.sbrowser
12-13 01:27:29.599   717  1819 D EnterpriseDeviceManager: ContainerId: 0
12-13 01:27:29.599   717  1819 V ApplicationPolicy: isApplicationStateBlocked userId 0 pkgname com.sec.android.app.sbrowser
12-13 01:27:29.599   717  1819 D PackageManager: START CLEAR APPLICATION USER DATA: observer{1147405944}
12-13 01:27:29.599   717  1819 D PackageManager: pkg{<packageName>}
12-13 01:27:29.599   717  1819 D PackageManager: user{0}
12-13 01:27:29.599   717   963 D PackageManager: [MSG] CLEAR_APPLICATION_USER_DATA
12-13 01:27:29.609  1259  1259 I PersonaManager: getPersonaService() name persona_policy
12-13 01:27:29.609 12835 12918 D Documents: Used cached roots for com.android.externalstorage.documents
12-13 01:27:29.609 12835 12918 D Documents: Used cached roots for com.android.providers.downloads.documents
12-13 01:27:29.609 12835 12918 D Documents: Used cached roots for com.android.providers.media.documents
12-13 01:27:29.609 12835 12918 D Documents: Loading roots for com.google.android.apps.docs.storage
12-13 01:27:29.619 12835 12918 D Documents: Update found 6 roots in 5ms
12-13 01:27:29.639   276   276 D keystore: calling clear_uid in state: 3
12-13 01:27:29.649  2902  2902 I SQLiteSecureOpenHelper: getWritableDatabase(pwd)
12-13 01:27:29.649  2902  2902 I SQLiteSecureOpenHelper: getDatabaseLocked(b,b,pwd)...
12-13 01:27:29.649   717   963 D PackageManager: return delete result to caller: 1147405944
12-13 01:27:29.649 13068 13068 D AndroidRuntime: Shutting down VM
12-13 01:27:29.649   717   963 D PackageManager: returnCode: true
12-13 01:27:29.659 13068 13073 D dalvikvm: GC_CONCURRENT freed 97K, 13% free 677K/776K, paused 0ms+0ms, total 2ms
12-13 01:27:29.689  2902  2902 I SQLiteSecureOpenHelper: getWritableDatabase(pwd)
12-13 01:27:29.689  2902  2902 I SQLiteSecureOpenHelper: getDatabaseLocked(b,b,pwd)...
12-13 01:27:29.719  2902  2902 I SQLiteSecureOpenHelper: getWritableDatabase(pwd)
12-13 01:27:29.719  2902  2902 I SQLiteSecureOpenHelper: getDatabaseLocked(b,b,pwd)...
12-13 01:27:29.749  2902  2902 I SQLiteSecureOpenHelper: getWritableDatabase(pwd)
12-13 01:27:29.749  2902  2902 I SQLiteSecureOpenHelper: getDatabaseLocked(b,b,pwd)...
12-13 01:27:29.779  2902  2902 I SQLiteSecureOpenHelper: getWritableDatabase(pwd)
12-13 01:27:29.779  2902  2902 I SQLiteSecureOpenHelper: getDatabaseLocked(b,b,pwd)...
12-13 01:27:29.809  2902  2902 I SQLiteSecureOpenHelper: getWritableDatabase(pwd)
12-13 01:27:29.809  2902  2902 I SQLiteSecureOpenHelper: getDatabaseLocked(b,b,pwd)...
12-13 01:27:29.849  2902  2902 I SQLiteSecureOpenHelper: getWritableDatabase(pwd)
12-13 01:27:29.849  2902  2902 I SQLiteSecureOpenHelper: getDatabaseLocked(b,b,pwd)...
12-13 01:27:29.879  2902  2902 I SQLiteSecureOpenHelper: getWritableDatabase(pwd)
12-13 01:27:29.879  2902  2902 I SQLiteSecureOpenHelper: getDatabaseLocked(b,b,pwd)...
12-13 01:27:29.909  2902  2902 I SQLiteSecureOpenHelper: getWritableDatabase(pwd)
12-13 01:27:29.909  2902  2902 I SQLiteSecureOpenHelper: getDatabaseLocked(b,b,pwd)...
12-13 01:27:29.939  2902  2902 I SQLiteSecureOpenHelper: getWritableDatabase(pwd)
12-13 01:27:29.939  2902  2902 I SQLiteSecureOpenHelper: getDatabaseLocked(b,b,pwd)...
12-13 01:27:29.969  2902  2902 I SQLiteSecureOpenHelper: getWritableDatabase(pwd)
12-13 01:27:29.969  2902  2902 I SQLiteSecureOpenHelper: getDatabaseLocked(b,b,pwd)...
12-13 01:27:29.999  2902  2902 I SQLiteSecureOpenHelper: getWritableDatabase(pwd)
12-13 01:27:29.999  2902  2902 I SQLiteSecureOpenHelper: getDatabaseLocked(b,b,pwd)...
12-13 01:27:30.029  2902  2902 I SQLiteSecureOpenHelper: getWritableDatabase(pwd)
12-13 01:27:30.029  2902  2902 I SQLiteSecureOpenHelper: getDatabaseLocked(b,b,pwd)...
12-13 01:27:30.069  2902  2902 I SQLiteSecureOpenHelper: getWritableDatabase(pwd)
12-13 01:27:30.069  2902  2902 I SQLiteSecureOpenHelper: getDatabaseLocked(b,b,pwd)...
12-13 01:27:30.099  2902  2902 I SQLiteSecureOpenHelper: getWritableDatabase(pwd)
12-13 01:27:30.099  2902  2902 I SQLiteSecureOpenHelper: getDatabaseLocked(b,b,pwd)...
12-13 01:27:30.129  2902  2902 I SQLiteSecureOpenHelper: getWritableDatabase(pwd)
12-13 01:27:30.129  2902  2902 I SQLiteSecureOpenHelper: getDatabaseLocked(b,b,pwd)...
12-13 01:27:30.159  2902  2902 I SQLiteSecureOpenHelper: getWritableDatabase(pwd)
12-13 01:27:30.159  2902  2902 I SQLiteSecureOpenHelper: getDatabaseLocked(b,b,pwd)...
12-13 01:27:30.189  2902  2902 I SQLiteSecureOpenHelper: getWritableDatabase(pwd)
12-13 01:27:30.189  2902  2902 I SQLiteSecureOpenHelper: getDatabaseLocked(b,b,pwd)...
12-13 01:27:30.229  2902  2902 I SQLiteSecureOpenHelper: getWritableDatabase(pwd)
12-13 01:27:30.229  2902  2902 I SQLiteSecureOpenHelper: getDatabaseLocked(b,b,pwd)...
12-13 01:27:30.259  2902  2902 I SQLiteSecureOpenHelper: getWritableDatabase(pwd)
12-13 01:27:30.259  2902  2902 I SQLiteSecureOpenHelper: getDatabaseLocked(b,b,pwd)...
12-13 01:27:30.289  2902  2902 I SQLiteSecureOpenHelper: getWritableDatabase(pwd)
12-13 01:27:30.289  2902  2902 I SQLiteSecureOpenHelper: getDatabaseLocked(b,b,pwd)...
12-13 01:27:30.329  2902  2902 I SQLiteSecureOpenHelper: getWritableDatabase(pwd)
12-13 01:27:30.329  2902  2902 I SQLiteSecureOpenHelper: getDatabaseLocked(b,b,pwd)...
12-13 01:27:30.359  2902  2902 I SQLiteSecureOpenHelper: getWritableDatabase(pwd)
12-13 01:27:30.359  2902  2902 I SQLiteSecureOpenHelper: getDatabaseLocked(b,b,pwd)...
12-13 01:27:30.359  7789  7793 D dalvikvm: GC_CONCURRENT freed 1964K, 36% free 17222K/26744K, paused 1ms+1ms, total 16ms
12-13 01:27:30.389   257   257 E SMD     : DCD ON
12-13 01:27:30.399  2902  2902 I SQLiteSecureOpenHelper: getWritableDatabase(pwd)
12-13 01:27:30.399  2902  2902 I SQLiteSecureOpenHelper: getDatabaseLocked(b,b,pwd)...
12-13 01:27:30.409 13080 13080 D AndroidRuntime: 
12-13 01:27:30.409 13080 13080 D AndroidRuntime: >>>>>> AndroidRuntime START com.android.internal.os.RuntimeInit <<<<<<
12-13 01:27:30.409 13080 13080 D AndroidRuntime: CheckJNI is OFF
