12-13 01:27:08.589  1067  1067 D STATUSBAR-IconMerger: checkOverflow(432), More:false, Req:false Child:6
12-13 01:27:08.599   717 12532 W ContextImpl: Calling a method in the system process without a qualified user: android.app.ContextImpl.sendBroadcast:1491 com.android.server.InputMethodManagerService$4.run:2827 java.lang.Thread.run:841 <bottom of call stack> <bottom of call stack> 
12-13 01:27:08.609  2902  2902 I SQLiteSecureOpenHelper: getWritableDatabase(pwd)
12-13 01:27:08.609  2902  2902 I SQLiteSecureOpenHelper: getDatabaseLocked(b,b,pwd)...
12-13 01:27:08.629   717   953 D EnterpriseDeviceManager: ContainerId: 0
12-13 01:27:08.629   717   953 D STATUSBAR-StatusBarManagerService: manageDisableList what=0x0 pkg=WindowManager.LayoutParams
12-13 01:27:08.639  1067  1067 V PhoneStatusBar: setLightsOn(true)
12-13 01:27:08.639   717   968 I ServiceKeeper: In getappinfo pid = 717 pkgName = android appinfo = null
12-13 01:27:08.639   717   968 I ServiceKeeper: In getseinfo pid = 717 uid = 1000 seinfo= system
12-13 01:27:08.639   717   935 D CustomFrequencyManagerService: releaseDVFSLockLocked : Getting Lock type frm List : DVFS_MIN_LIMIT  frequency : 1958400  uid : 1000  pid : 717  tag : ACTIVITY_RESUME_BOOSTER@6
12-13 01:27:08.639   717   935 W ActivityManager: mDVFSHelper.release()
12-13 01:27:08.649   717   936 D CustomFrequencyManagerService: acquireDVFSLockLocked : type : DVFS_MIN_LIMIT  frequency : 1958400  uid : 1000  pid : 717  pkgName : ACTIVITY_RESUME_BOOSTER@9
12-13 01:27:08.669  2902  2902 I SQLiteSecureOpenHelper: getWritableDatabase(pwd)
12-13 01:27:08.669  2902  2902 I SQLiteSecureOpenHelper: getDatabaseLocked(b,b,pwd)...
12-13 01:27:08.709  2902  2902 I SQLiteSecureOpenHelper: getWritableDatabase(pwd)
12-13 01:27:08.709  2902  2902 I SQLiteSecureOpenHelper: getDatabaseLocked(b,b,pwd)...
12-13 01:27:08.749  2902  2902 I SQLiteSecureOpenHelper: getWritableDatabase(pwd)
12-13 01:27:08.749  2902  2902 I SQLiteSecureOpenHelper: getDatabaseLocked(b,b,pwd)...
12-13 01:27:08.789  2902  2902 I SQLiteSecureOpenHelper: getWritableDatabase(pwd)
12-13 01:27:08.789  2902  2902 I SQLiteSecureOpenHelper: getDatabaseLocked(b,b,pwd)...
12-13 01:27:08.799  7789  7793 D dalvikvm: GC_CONCURRENT freed 1962K, 36% free 17221K/26744K, paused 1ms+2ms, total 19ms
12-13 01:27:08.839  2902  2902 I SQLiteSecureOpenHelper: getWritableDatabase(pwd)
12-13 01:27:08.839  2902  2902 I SQLiteSecureOpenHelper: getDatabaseLocked(b,b,pwd)...
12-13 01:27:08.879  2902  2902 I SQLiteSecureOpenHelper: getWritableDatabase(pwd)
12-13 01:27:08.879  2902  2902 I SQLiteSecureOpenHelper: getDatabaseLocked(b,b,pwd)...
12-13 01:27:08.909  2902  2902 I SQLiteSecureOpenHelper: getWritableDatabase(pwd)
12-13 01:27:08.909  2902  2902 I SQLiteSecureOpenHelper: getDatabaseLocked(b,b,pwd)...
12-13 01:27:08.939  2902  2902 I SQLiteSecureOpenHelper: getWritableDatabase(pwd)
12-13 01:27:08.939  2902  2902 I SQLiteSecureOpenHelper: getDatabaseLocked(b,b,pwd)...
12-13 01:27:08.949   717  1073 I ApplicationUsage: Done Updating Usage Statistics in DB @ 1513135628960
12-13 01:27:08.959   717   717 D CustomFrequencyManagerService: releaseDVFSLockLocked : Getting Lock type frm List : DVFS_MIN_LIMIT  frequency : 1958400  uid : 1000  pid : 717  tag : ACTIVITY_RESUME_BOOSTER@9
12-13 01:27:08.969  2902  2902 I SQLiteSecureOpenHelper: getWritableDatabase(pwd)
12-13 01:27:08.969  2902  2902 I SQLiteSecureOpenHelper: getDatabaseLocked(b,b,pwd)...
12-13 01:27:08.999  2902  2902 I SQLiteSecureOpenHelper: getWritableDatabase(pwd)
12-13 01:27:08.999  2902  2902 I SQLiteSecureOpenHelper: getDatabaseLocked(b,b,pwd)...
12-13 01:27:09.029  2902  2902 I SQLiteSecureOpenHelper: getWritableDatabase(pwd)
12-13 01:27:09.029  2902  2902 I SQLiteSecureOpenHelper: getDatabaseLocked(b,b,pwd)...
12-13 01:27:09.059  2902  2902 I SQLiteSecureOpenHelper: getWritableDatabase(pwd)
12-13 01:27:09.059  2902  2902 I SQLiteSecureOpenHelper: getDatabaseLocked(b,b,pwd)...
12-13 01:27:09.099  2902  2902 I SQLiteSecureOpenHelper: getWritableDatabase(pwd)
12-13 01:27:09.099  2902  2902 I SQLiteSecureOpenHelper: getDatabaseLocked(b,b,pwd)...
12-13 01:27:09.129  2902  2902 I SQLiteSecureOpenHelper: getWritableDatabase(pwd)
12-13 01:27:09.129  2902  2902 I SQLiteSecureOpenHelper: getDatabaseLocked(b,b,pwd)...
12-13 01:27:09.159  2902  2902 I SQLiteSecureOpenHelper: getWritableDatabase(pwd)
12-13 01:27:09.159  2902  2902 I SQLiteSecureOpenHelper: getDatabaseLocked(b,b,pwd)...
12-13 01:27:09.189  2902  2902 I SQLiteSecureOpenHelper: getWritableDatabase(pwd)
12-13 01:27:09.189  2902  2902 I SQLiteSecureOpenHelper: getDatabaseLocked(b,b,pwd)...
12-13 01:27:09.219  2902  2902 I SQLiteSecureOpenHelper: getWritableDatabase(pwd)
12-13 01:27:09.219  2902  2902 I SQLiteSecureOpenHelper: getDatabaseLocked(b,b,pwd)...
12-13 01:27:09.259  2902  2902 I SQLiteSecureOpenHelper: getWritableDatabase(pwd)
12-13 01:27:09.259  2902  2902 I SQLiteSecureOpenHelper: getDatabaseLocked(b,b,pwd)...
12-13 01:27:09.289  2902  2902 I SQLiteSecureOpenHelper: getWritableDatabase(pwd)
12-13 01:27:09.289  2902  2902 I SQLiteSecureOpenHelper: getDatabaseLocked(b,b,pwd)...
12-13 01:27:09.319  2902  2902 I SQLiteSecureOpenHelper: getWritableDatabase(pwd)
12-13 01:27:09.319  2902  2902 I SQLiteSecureOpenHelper: getDatabaseLocked(b,b,pwd)...
12-13 01:27:09.349  2902  2902 I SQLiteSecureOpenHelper: getWritableDatabase(pwd)
12-13 01:27:09.349  2902  2902 I SQLiteSecureOpenHelper: getDatabaseLocked(b,b,pwd)...
12-13 01:27:09.379  2902  2902 I SQLiteSecureOpenHelper: getWritableDatabase(pwd)
12-13 01:27:09.379  2902  2902 I SQLiteSecureOpenHelper: getDatabaseLocked(b,b,pwd)...
12-13 01:27:09.389   257   257 E SMD     : DCD ON
12-13 01:27:09.419  2902  2902 I SQLiteSecureOpenHelper: getWritableDatabase(pwd)
12-13 01:27:09.419  2902  2902 I SQLiteSecureOpenHelper: getDatabaseLocked(b,b,pwd)...
12-13 01:27:09.449  2902  2902 I SQLiteSecureOpenHelper: getWritableDatabase(pwd)
12-13 01:27:09.449  2902  2902 I SQLiteSecureOpenHelper: getDatabaseLocked(b,b,pwd)...
12-13 01:27:09.479  2902  2902 I SQLiteSecureOpenHelper: getWritableDatabase(pwd)
12-13 01:27:09.479  2902  2902 I SQLiteSecureOpenHelper: getDatabaseLocked(b,b,pwd)...
12-13 01:27:09.609   717  1819 D dalvikvm: GC_FOR_ALLOC freed 3565K, 36% free 41625K/64144K, paused 111ms, total 112ms
12-13 01:27:09.649   717   968 I ServiceKeeper: In getappinfo pid = 717 pkgName = android appinfo = null
12-13 01:27:09.649   717   968 I ServiceKeeper: In getseinfo pid = 717 uid = 1000 seinfo= system
12-13 01:27:09.649  1319  1319 D WfcActivityStateReceiver: onReceive(): packageName=com.amazon.aatp.aatpdevicemanager, activityState=pause
12-13 01:27:09.649   717  1048 V SmartFaceService - 3rd party pause: onReceive [android.intent.action.ACTIVITY_STATE/com.amazon.aatp.aatpdevicemanager/pause]
12-13 01:27:09.649   717  1397 D CustomFrequencyManagerService: acquireDVFSLockLocked : type : DVFS_MIN_LIMIT  frequency : 1958400  uid : 1000  pid : 717  pkgName : ACTIVITY_RESUME_BOOSTER@6
12-13 01:27:09.659  1067  1067 D PhoneStatusBar: setSemiTransparentMode=false, mTransparentMode=false, mSemiTransparentMode=false, mMultiWindowMode=false
12-13 01:27:09.659   717  1397 W ActivityManager: mDVFSHelper.acquire()
12-13 01:27:09.659   717  7178 D StatusBarManagerService: semi p:5261,o:f
12-13 01:27:09.669  2902  2902 I SQLiteSecureOpenHelper: getWritableDatabase(pwd)
12-13 01:27:09.669  2902  2902 I SQLiteSecureOpenHelper: getDatabaseLocked(b,b,pwd)...
12-13 01:27:09.679   717   953 D EnterpriseDeviceManager: ContainerId: 0
12-13 01:27:09.679   717  1397 I SpenGestureManager: setFocusWindow21020
12-13 01:27:09.679   717   953 D STATUSBAR-StatusBarManagerService: manageDisableList what=0x0 pkg=WindowManager.LayoutParams
12-13 01:27:09.689   717   953 D EnterpriseDeviceManager: ContainerId: 0
12-13 01:27:09.689   717   935 D PointerIcon: setMouseIconStyle1 pointerType: 1001iconType:101 flag:0
12-13 01:27:09.689   717   935 D PointerIcon: setMouseCustomIcon IconType is same.101
12-13 01:27:09.689   717   935 D PointerIcon: setHoveringSpenIconStyle1 pointerType: 10001iconType:1 flag:0
12-13 01:27:09.689   717   935 D PointerIcon: setHoveringSpenCustomIcon IconType is same.1
12-13 01:27:09.689   717   953 D STATUSBAR-StatusBarManagerService: manageDisableList what=0x0 pkg=WindowManager.LayoutParams
12-13 01:27:09.689   717  1397 W ContextImpl: Calling a method in the system process without a qualified user: android.app.ContextImpl.sendBroadcast:1505 com.android.server.am.AppStateBroadcaster.BroadcastAppState:128 com.android.server.am.AppStateBroadcaster.SendApplicationFocusLoss:40 com.android.server.am.ActivityStack.resumeTopActivityLocked:2361 com.android.server.am.ActivityStackSupervisor.resumeTopActivitiesLocked:3313 
12-13 01:27:09.689   717  1397 W ContextImpl: Calling a method in the system process without a qualified user: android.app.ContextImpl.sendBroadcast:1505 com.android.server.am.AppStateBroadcaster.BroadcastAppState:128 com.android.server.am.AppStateBroadcaster.SendApplicationFocusGain:34 com.android.server.am.ActivityStack.resumeTopActivityLocked:2362 com.android.server.am.ActivityStackSupervisor.resumeTopActivitiesLocked:3313 
12-13 01:27:09.689   717  1048 V SmartFaceService - 3rd party pause: onReceive [android.intent.action.ACTIVITY_STATE/com.android.settings/resume]
12-13 01:27:09.699  1319  1319 D WfcActivityStateReceiver: onReceive(): packageName=com.android.settings, activityState=resume
12-13 01:27:09.719   264   469 I SurfaceFlinger: id=20 Removed EeviceManag (11/13)
12-13 01:27:09.719   264  1483 I SurfaceFlinger: id=20 Removed EeviceManag (-2/13)
12-13 01:27:09.719   717   968 I ServiceKeeper: In getappinfo pid = 717 pkgName = android appinfo = null
12-13 01:27:09.719   717   968 I ServiceKeeper: In getseinfo pid = 717 uid = 1000 seinfo= system
12-13 01:27:09.749  7789  7793 D dalvikvm: GC_CONCURRENT freed 1965K, 36% free 17220K/26744K, paused 1ms+2ms, total 24ms
12-13 01:27:09.759  2902  2902 I SQLiteSecureOpenHelper: getWritableDatabase(pwd)
12-13 01:27:09.759  2902  2902 I SQLiteSecureOpenHelper: getDatabaseLocked(b,b,pwd)...
12-13 01:27:09.799  2902  2902 I SQLiteSecureOpenHelper: getWritableDatabase(pwd)
12-13 01:27:09.799  2902  2902 I SQLiteSecureOpenHelper: getDatabaseLocked(b,b,pwd)...
12-13 01:27:09.829  2902  2902 I SQLiteSecureOpenHelper: getWritableDatabase(pwd)
12-13 01:27:09.829  2902  2902 I SQLiteSecureOpenHelper: getDatabaseLocked(b,b,pwd)...
12-13 01:27:09.869  2902  2902 I SQLiteSecureOpenHelper: getWritableDatabase(pwd)
12-13 01:27:09.869  2902  2902 I SQLiteSecureOpenHelper: getDatabaseLocked(b,b,pwd)...
12-13 01:27:09.909  2902  2902 I SQLiteSecureOpenHelper: getWritableDatabase(pwd)
12-13 01:27:09.909  2902  2902 I SQLiteSecureOpenHelper: getDatabaseLocked(b,b,pwd)...
12-13 01:27:09.939  2902  2902 I SQLiteSecureOpenHelper: getWritableDatabase(pwd)
12-13 01:27:09.939  2902  2902 I SQLiteSecureOpenHelper: getDatabaseLocked(b,b,pwd)...
12-13 01:27:09.979  2902  2902 I SQLiteSecureOpenHelper: getWritableDatabase(pwd)
12-13 01:27:09.979  2902  2902 I SQLiteSecureOpenHelper: getDatabaseLocked(b,b,pwd)...
12-13 01:27:10.009  2902  2902 I SQLiteSecureOpenHelper: getWritableDatabase(pwd)
12-13 01:27:10.009  2902  2902 I SQLiteSecureOpenHelper: getDatabaseLocked(b,b,pwd)...
12-13 01:27:10.039  2902  2902 I SQLiteSecureOpenHelper: getWritableDatabase(pwd)
12-13 01:27:10.039  2902  2902 I SQLiteSecureOpenHelper: getDatabaseLocked(b,b,pwd)...
12-13 01:27:10.069  2902  2902 I SQLiteSecureOpenHelper: getWritableDatabase(pwd)
12-13 01:27:10.069  2902  2902 I SQLiteSecureOpenHelper: getDatabaseLocked(b,b,pwd)...
12-13 01:27:10.109  2902  2902 I SQLiteSecureOpenHelper: getWritableDatabase(pwd)
12-13 01:27:10.109  2902  2902 I SQLiteSecureOpenHelper: getDatabaseLocked(b,b,pwd)...
12-13 01:27:10.139  2902  2902 I SQLiteSecureOpenHelper: getWritableDatabase(pwd)
12-13 01:27:10.139  2902  2902 I SQLiteSecureOpenHelper: getDatabaseLocked(b,b,pwd)...
12-13 01:27:10.169  2902  2902 I SQLiteSecureOpenHelper: getWritableDatabase(pwd)
12-13 01:27:10.169  2902  2902 I SQLiteSecureOpenHelper: getDatabaseLocked(b,b,pwd)...
12-13 01:27:10.199  2902  2902 I SQLiteSecureOpenHelper: getWritableDatabase(pwd)
12-13 01:27:10.199  2902  2902 I SQLiteSecureOpenHelper: getDatabaseLocked(b,b,pwd)...
12-13 01:27:10.239  2902  2902 I SQLiteSecureOpenHelper: getWritableDatabase(pwd)
12-13 01:27:10.239  2902  2902 I SQLiteSecureOpenHelper: getDatabaseLocked(b,b,pwd)...
12-13 01:27:10.269  2902  2902 I SQLiteSecureOpenHelper: getWritableDatabase(pwd)
12-13 01:27:10.269  2902  2902 I SQLiteSecureOpenHelper: getDatabaseLocked(b,b,pwd)...
12-13 01:27:10.309  2902  2902 I SQLiteSecureOpenHelper: getWritableDatabase(pwd)
12-13 01:27:10.309  2902  2902 I SQLiteSecureOpenHelper: getDatabaseLocked(b,b,pwd)...
12-13 01:27:10.339  2902  2902 I SQLiteSecureOpenHelper: getWritableDatabase(pwd)
12-13 01:27:10.339  2902  2902 I SQLiteSecureOpenHelper: getDatabaseLocked(b,b,pwd)...
12-13 01:27:10.369  2902  2902 I SQLiteSecureOpenHelper: getWritableDatabase(pwd)
12-13 01:27:10.369  2902  2902 I SQLiteSecureOpenHelper: getDatabaseLocked(b,b,pwd)...
12-13 01:27:10.399  2902  2902 I SQLiteSecureOpenHelper: getWritableDatabase(pwd)
12-13 01:27:10.399  2902  2902 I SQLiteSecureOpenHelper: getDatabaseLocked(b,b,pwd)...
12-13 01:27:10.439  2902  2902 I SQLiteSecureOpenHelper: getWritableDatabase(pwd)
12-13 01:27:10.439  2902  2902 I SQLiteSecureOpenHelper: getDatabaseLocked(b,b,pwd)...
12-13 01:27:10.449 12557 12557 D AndroidRuntime: 
12-13 01:27:10.449 12557 12557 D AndroidRuntime: >>>>>> AndroidRuntime START com.android.internal.os.RuntimeInit <<<<<<
12-13 01:27:10.449 12557 12557 D AndroidRuntime: CheckJNI is OFF
12-13 01:27:10.449 12557 12557 D AndroidRuntime: setted country_code = USA
12-13 01:27:10.449 12557 12557 D AndroidRuntime: setted countryiso_code = US
12-13 01:27:10.449 12557 12557 D AndroidRuntime: setted sales_code = TMB
12-13 01:27:10.449 12557 12557 D AndroidRuntime: readGMSProperty: start
12-13 01:27:10.449 12557 12557 D AndroidRuntime: readGMSProperty: already setted!!
12-13 01:27:10.449 12557 12557 D AndroidRuntime: readGMSProperty: end
12-13 01:27:10.449 12557 12557 D AndroidRuntime: addProductProperty: start
12-13 01:27:10.469 12557 12557 D dalvikvm: Trying to load lib libjavacore.so 0x0
12-13 01:27:10.469 12557 12557 D dalvikvm: Added shared lib libjavacore.so 0x0
12-13 01:27:10.469 12557 12557 D dalvikvm: Trying to load lib libnativehelper.so 0x0
12-13 01:27:10.469 12557 12557 D dalvikvm: Added shared lib libnativehelper.so 0x0
12-13 01:27:10.469 12557 12557 D dalvikvm: No JNI_OnLoad found in libnativehelper.so 0x0, skipping init
12-13 01:27:10.469  2902  2902 I SQLiteSecureOpenHelper: getWritableDatabase(pwd)
12-13 01:27:10.469  2902  2902 I SQLiteSecureOpenHelper: getDatabaseLocked(b,b,pwd)...
12-13 01:27:10.509  2902  2902 I SQLiteSecureOpenHelper: getWritableDatabase(pwd)
12-13 01:27:10.509  2902  2902 I SQLiteSecureOpenHelper: getDatabaseLocked(b,b,pwd)...
12-13 01:27:10.539   717   901 E LightSensor: RED : 1, GREEN : 3, BLUE : 3, CLEAR : 6, CALCULATED LUX : 0.000000, CCT : 8282.000000, REAL LUX : 0.000000 a_time = 238, gain = 64, ir=1, rp1=1, gp1=2, bp1=2, cp1=5, cpl=3202560
12-13 01:27:10.539  2902  2902 I SQLiteSecureOpenHelper: getWritableDatabase(pwd)
12-13 01:27:10.539  2902  2902 I SQLiteSecureOpenHelper: getDatabaseLocked(b,b,pwd)...
12-13 01:27:10.559  7789  7793 D dalvikvm: GC_CONCURRENT freed 2001K, 36% free 17193K/26744K, paused 1ms+2ms, total 23ms
12-13 01:27:10.569 12557 12557 E memtrack: Couldn't load memtrack module (No such file or directory)
12-13 01:27:10.569 12557 12557 E android.os.Debug: failed to load memtrack module: -2
12-13 01:27:10.579  2902  2902 I SQLiteSecureOpenHelper: getWritableDatabase(pwd)
12-13 01:27:10.579  2902  2902 I SQLiteSecureOpenHelper: getDatabaseLocked(b,b,pwd)...
12-13 01:27:10.589 12557 12557 D dalvikvm: Note: class Landroid/app/ActivityManagerNative; has 192 unimplemented (abstract) methods
12-13 01:27:10.609  2902  2902 I SQLiteSecureOpenHelper: getWritableDatabase(pwd)
12-13 01:27:10.609  2902  2902 I SQLiteSecureOpenHelper: getDatabaseLocked(b,b,pwd)...
12-13 01:27:10.629 12557 12557 D AndroidRuntime: Calling main entry com.android.commands.wm.Wm
12-13 01:27:10.629 12557 12557 D AndroidRuntime: Shutting down VM
12-13 01:27:10.629 12557 12562 D dalvikvm: GC_CONCURRENT freed 96K, 14% free 656K/756K, paused 1ms+0ms, total 2ms
12-13 01:27:10.649  2902  2902 I SQLiteSecureOpenHelper: getWritableDatabase(pwd)
12-13 01:27:10.649  2902  2902 I SQLiteSecureOpenHelper: getDatabaseLocked(b,b,pwd)...
12-13 01:27:10.679  2902  2902 I SQLiteSecureOpenHelper: getWritableDatabase(pwd)
12-13 01:27:10.679  2902  2902 I SQLiteSecureOpenHelper: getDatabaseLocked(b,b,pwd)...
12-13 01:27:10.709  2902  2902 I SQLiteSecureOpenHelper: getWritableDatabase(pwd)
12-13 01:27:10.709  2902  2902 I SQLiteSecureOpenHelper: getDatabaseLocked(b,b,pwd)...
12-13 01:27:10.739  2902  2902 I SQLiteSecureOpenHelper: getWritableDatabase(pwd)
12-13 01:27:10.739  2902  2902 I SQLiteSecureOpenHelper: getDatabaseLocked(b,b,pwd)...
12-13 01:27:10.769  2902  2902 I SQLiteSecureOpenHelper: getWritableDatabase(pwd)
12-13 01:27:10.769  2902  2902 I SQLiteSecureOpenHelper: getDatabaseLocked(b,b,pwd)...
12-13 01:27:10.799  2902  2902 I SQLiteSecureOpenHelper: getWritableDatabase(pwd)
12-13 01:27:10.799  2902  2902 I SQLiteSecureOpenHelper: getDatabaseLocked(b,b,pwd)...
12-13 01:27:10.839  2902  2902 I SQLiteSecureOpenHelper: getWritableDatabase(pwd)
12-13 01:27:10.839  2902  2902 I SQLiteSecureOpenHelper: getDatabaseLocked(b,b,pwd)...
12-13 01:27:10.869  2902  2902 I SQLiteSecureOpenHelper: getWritableDatabase(pwd)
12-13 01:27:10.869  2902  2902 I SQLiteSecureOpenHelper: getDatabaseLocked(b,b,pwd)...
12-13 01:27:10.899  2902  2902 I SQLiteSecureOpenHelper: getWritableDatabase(pwd)
12-13 01:27:10.899  2902  2902 I SQLiteSecureOpenHelper: getDatabaseLocked(b,b,pwd)...
12-13 01:27:10.929  2902  2902 I SQLiteSecureOpenHelper: getWritableDatabase(pwd)
12-13 01:27:10.929  2902  2902 I SQLiteSecureOpenHelper: getDatabaseLocked(b,b,pwd)...
12-13 01:27:10.969  2902  2902 I SQLiteSecureOpenHelper: getWritableDatabase(pwd)
12-13 01:27:10.969  2902  2902 I SQLiteSecureOpenHelper: getDatabaseLocked(b,b,pwd)...
12-13 01:27:10.999  2902  2902 I SQLiteSecureOpenHelper: getWritableDatabase(pwd)
12-13 01:27:10.999  2902  2902 I SQLiteSecureOpenHelper: getDatabaseLocked(b,b,pwd)...
12-13 01:27:11.029  2902  2902 I SQLiteSecureOpenHelper: getWritableDatabase(pwd)
12-13 01:27:11.029  2902  2902 I SQLiteSecureOpenHelper: getDatabaseLocked(b,b,pwd)...
12-13 01:27:11.059  2902  2902 I SQLiteSecureOpenHelper: getWritableDatabase(pwd)
12-13 01:27:11.059  2902  2902 I SQLiteSecureOpenHelper: getDatabaseLocked(b,b,pwd)...
12-13 01:27:11.099  2902  2902 I SQLiteSecureOpenHelper: getWritableDatabase(pwd)
12-13 01:27:11.099  2902  2902 I SQLiteSecureOpenHelper: getDatabaseLocked(b,b,pwd)...
12-13 01:27:11.129  2902  2902 I SQLiteSecureOpenHelper: getWritableDatabase(pwd)
12-13 01:27:11.129  2902  2902 I SQLiteSecureOpenHelper: getDatabaseLocked(b,b,pwd)...
12-13 01:27:11.169  2902  2902 I SQLiteSecureOpenHelper: getWritableDatabase(pwd)
12-13 01:27:11.169  2902  2902 I SQLiteSecureOpenHelper: getDatabaseLocked(b,b,pwd)...
12-13 01:27:11.199  2902  2902 I SQLiteSecureOpenHelper: getWritableDatabase(pwd)
12-13 01:27:11.199  2902  2902 I SQLiteSecureOpenHelper: getDatabaseLocked(b,b,pwd)...
12-13 01:27:11.229  2902  2902 I SQLiteSecureOpenHelper: getWritableDatabase(pwd)
12-13 01:27:11.229  2902  2902 I SQLiteSecureOpenHelper: getDatabaseLocked(b,b,pwd)...
12-13 01:27:11.249   717   936 D CustomFrequencyManagerService: releaseDVFSLockLocked : Getting Lock type frm List : DVFS_MIN_LIMIT  frequency : 1958400  uid : 1000  pid : 717  tag : ACTIVITY_RESUME_BOOSTER@6
12-13 01:27:11.249   717   936 W ActivityManager: mDVFSHelper.release()
12-13 01:27:11.249   717   936 D CustomFrequencyManagerService: acquireDVFSLockLocked : type : DVFS_MIN_LIMIT  frequency : 1958400  uid : 1000  pid : 717  pkgName : ACTIVITY_RESUME_BOOSTER@9
12-13 01:27:11.259  2902  2902 I SQLiteSecureOpenHelper: getWritableDatabase(pwd)
12-13 01:27:11.259  2902  2902 I SQLiteSecureOpenHelper: getDatabaseLocked(b,b,pwd)...
12-13 01:27:11.299  2902  2902 I SQLiteSecureOpenHelper: getWritableDatabase(pwd)
12-13 01:27:11.299  2902  2902 I SQLiteSecureOpenHelper: getDatabaseLocked(b,b,pwd)...
12-13 01:27:11.299  7789  7793 D dalvikvm: GC_CONCURRENT freed 1943K, 36% free 17217K/26744K, paused 1ms+2ms, total 15ms
12-13 01:27:11.329  2902  2902 I SQLiteSecureOpenHelper: getWritableDatabase(pwd)
12-13 01:27:11.329  2902  2902 I SQLiteSecureOpenHelper: getDatabaseLocked(b,b,pwd)...
12-13 01:27:11.359  2902  2902 I SQLiteSecureOpenHelper: getWritableDatabase(pwd)
12-13 01:27:11.359  2902  2902 I SQLiteSecureOpenHelper: getDatabaseLocked(b,b,pwd)...
12-13 01:27:11.399  2902  2902 I SQLiteSecureOpenHelper: getWritableDatabase(pwd)
12-13 01:27:11.399  2902  2902 I SQLiteSecureOpenHelper: getDatabaseLocked(b,b,pwd)...
12-13 01:27:11.429  2902  2902 I SQLiteSecureOpenHelper: getWritableDatabase(pwd)
12-13 01:27:11.429  2902  2902 I SQLiteSecureOpenHelper: getDatabaseLocked(b,b,pwd)...
12-13 01:27:11.459  2902  2902 I SQLiteSecureOpenHelper: getWritableDatabase(pwd)
12-13 01:27:11.459  2902  2902 I SQLiteSecureOpenHelper: getDatabaseLocked(b,b,pwd)...
12-13 01:27:11.499  2902  2902 I SQLiteSecureOpenHelper: getWritableDatabase(pwd)
12-13 01:27:11.499  2902  2902 I SQLiteSecureOpenHelper: getDatabaseLocked(b,b,pwd)...
12-13 01:27:11.529  2902  2902 I SQLiteSecureOpenHelper: getWritableDatabase(pwd)
12-13 01:27:11.529  2902  2902 I SQLiteSecureOpenHelper: getDatabaseLocked(b,b,pwd)...
12-13 01:27:11.539   717   901 E LightSensor: RED : 1, GREEN : 3, BLUE : 3, CLEAR : 6, CALCULATED LUX : 0.000000, CCT : 8282.000000, REAL LUX : 0.000000 a_time = 238, gain = 64, ir=1, rp1=1, gp1=2, bp1=2, cp1=5, cpl=3202560
12-13 01:27:11.549   717   717 D CustomFrequencyManagerService: releaseDVFSLockLocked : Getting Lock type frm List : DVFS_MIN_LIMIT  frequency : 1958400  uid : 1000  pid : 717  tag : ACTIVITY_RESUME_BOOSTER@9
12-13 01:27:11.559  2902  2902 I SQLiteSecureOpenHelper: getWritableDatabase(pwd)
12-13 01:27:11.559  2902  2902 I SQLiteSecureOpenHelper: getDatabaseLocked(b,b,pwd)...
12-13 01:27:11.619  2902  2902 I SQLiteSecureOpenHelper: getWritableDatabase(pwd)
12-13 01:27:11.619  2902  2902 I SQLiteSecureOpenHelper: getDatabaseLocked(b,b,pwd)...
12-13 01:27:11.669  2902  2902 I SQLiteSecureOpenHelper: getWritableDatabase(pwd)
12-13 01:27:11.669  2902  2902 I SQLiteSecureOpenHelper: getDatabaseLocked(b,b,pwd)...
12-13 01:27:11.729  2902  2902 I SQLiteSecureOpenHelper: getWritableDatabase(pwd)
12-13 01:27:11.729  2902  2902 I SQLiteSecureOpenHelper: getDatabaseLocked(b,b,pwd)...
12-13 01:27:11.789  2902  2902 I SQLiteSecureOpenHelper: getWritableDatabase(pwd)
12-13 01:27:11.789  2902  2902 I SQLiteSecureOpenHelper: getDatabaseLocked(b,b,pwd)...
12-13 01:27:11.849  2902  2902 I SQLiteSecureOpenHelper: getWritableDatabase(pwd)
12-13 01:27:11.849  2902  2902 I SQLiteSecureOpenHelper: getDatabaseLocked(b,b,pwd)...
12-13 01:27:11.909  2902  2902 I SQLiteSecureOpenHelper: getWritableDatabase(pwd)
12-13 01:27:11.909  2902  2902 I SQLiteSecureOpenHelper: getDatabaseLocked(b,b,pwd)...
12-13 01:27:11.949  2902  2902 I SQLiteSecureOpenHelper: getWritableDatabase(pwd)
12-13 01:27:11.949  2902  2902 I SQLiteSecureOpenHelper: getDatabaseLocked(b,b,pwd)...
12-13 01:27:11.989  2902  2902 I SQLiteSecureOpenHelper: getWritableDatabase(pwd)
12-13 01:27:11.989  2902  2902 I SQLiteSecureOpenHelper: getDatabaseLocked(b,b,pwd)...
12-13 01:27:12.049  2902  2902 I SQLiteSecureOpenHelper: getWritableDatabase(pwd)
12-13 01:27:12.049  2902  2902 I SQLiteSecureOpenHelper: getDatabaseLocked(b,b,pwd)...
12-13 01:27:12.089  2902  2902 I SQLiteSecureOpenHelper: getWritableDatabase(pwd)
12-13 01:27:12.089  2902  2902 I SQLiteSecureOpenHelper: getDatabaseLocked(b,b,pwd)...
12-13 01:27:12.129  2902  2902 I SQLiteSecureOpenHelper: getWritableDatabase(pwd)
12-13 01:27:12.129  2902  2902 I SQLiteSecureOpenHelper: getDatabaseLocked(b,b,pwd)...
12-13 01:27:12.179  2902  2902 I SQLiteSecureOpenHelper: getWritableDatabase(pwd)
12-13 01:27:12.179  2902  2902 I SQLiteSecureOpenHelper: getDatabaseLocked(b,b,pwd)...
12-13 01:27:12.219  2902  2902 I SQLiteSecureOpenHelper: getWritableDatabase(pwd)
12-13 01:27:12.219  2902  2902 I SQLiteSecureOpenHelper: getDatabaseLocked(b,b,pwd)...
12-13 01:27:12.259  2902  2902 I SQLiteSecureOpenHelper: getWritableDatabase(pwd)
12-13 01:27:12.259  2902  2902 I SQLiteSecureOpenHelper: getDatabaseLocked(b,b,pwd)...
12-13 01:27:12.309  7789  7793 D dalvikvm: GC_CONCURRENT freed 1950K, 36% free 17216K/26744K, paused 1ms+2ms, total 15ms
12-13 01:27:12.319  2902  2902 I SQLiteSecureOpenHelper: getWritableDatabase(pwd)
12-13 01:27:12.319  2902  2902 I SQLiteSecureOpenHelper: getDatabaseLocked(b,b,pwd)...
12-13 01:27:12.359  2902  2902 I SQLiteSecureOpenHelper: getWritableDatabase(pwd)
12-13 01:27:12.359  2902  2902 I SQLiteSecureOpenHelper: getDatabaseLocked(b,b,pwd)...
12-13 01:27:12.389   257   257 E SMD     : DCD ON
12-13 01:27:12.399  2902  2902 I SQLiteSecureOpenHelper: getWritableDatabase(pwd)
12-13 01:27:12.399  2902  2902 I SQLiteSecureOpenHelper: getDatabaseLocked(b,b,pwd)...
12-13 01:27:12.439  2902  2902 I SQLiteSecureOpenHelper: getWritableDatabase(pwd)
12-13 01:27:12.439  2902  2902 I SQLiteSecureOpenHelper: getDatabaseLocked(b,b,pwd)...
12-13 01:27:12.489  2902  2902 I SQLiteSecureOpenHelper: getWritableDatabase(pwd)
12-13 01:27:12.489  2902  2902 I SQLiteSecureOpenHelper: getDatabaseLocked(b,b,pwd)...
12-13 01:27:12.539  2902  2902 I SQLiteSecureOpenHelper: getWritableDatabase(pwd)
12-13 01:27:12.539  2902  2902 I SQLiteSecureOpenHelper: getDatabaseLocked(b,b,pwd)...
12-13 01:27:12.569  2902  2902 I SQLiteSecureOpenHelper: getWritableDatabase(pwd)
12-13 01:27:12.569  2902  2902 I SQLiteSecureOpenHelper: getDatabaseLocked(b,b,pwd)...
12-13 01:27:12.609  2902  2902 I SQLiteSecureOpenHelper: getWritableDatabase(pwd)
12-13 01:27:12.609  2902  2902 I SQLiteSecureOpenHelper: getDatabaseLocked(b,b,pwd)...
12-13 01:27:12.639  2902  2902 I SQLiteSecureOpenHelper: getWritableDatabase(pwd)
12-13 01:27:12.639  2902  2902 I SQLiteSecureOpenHelper: getDatabaseLocked(b,b,pwd)...
12-13 01:27:12.679  2902  2902 I SQLiteSecureOpenHelper: getWritableDatabase(pwd)
12-13 01:27:12.679  2902  2902 I SQLiteSecureOpenHelper: getDatabaseLocked(b,b,pwd)...
12-13 01:27:12.719  2902  2902 I SQLiteSecureOpenHelper: getWritableDatabase(pwd)
12-13 01:27:12.719  2902  2902 I SQLiteSecureOpenHelper: getDatabaseLocked(b,b,pwd)...
12-13 01:27:12.759  2902  2902 I SQLiteSecureOpenHelper: getWritableDatabase(pwd)
12-13 01:27:12.759  2902  2902 I SQLiteSecureOpenHelper: getDatabaseLocked(b,b,pwd)...
12-13 01:27:12.799  2902  2902 I SQLiteSecureOpenHelper: getWritableDatabase(pwd)
12-13 01:27:12.799  2902  2902 I SQLiteSecureOpenHelper: getDatabaseLocked(b,b,pwd)...
12-13 01:27:12.819 12515 12575 D Aatp    : /ping
12-13 01:27:12.839  2902  2902 I SQLiteSecureOpenHelper: getWritableDatabase(pwd)
12-13 01:27:12.839  2902  2902 I SQLiteSecureOpenHelper: getDatabaseLocked(b,b,pwd)...
12-13 01:27:12.879  2902  2902 I SQLiteSecureOpenHelper: getWritableDatabase(pwd)
12-13 01:27:12.879  2902  2902 I SQLiteSecureOpenHelper: getDatabaseLocked(b,b,pwd)...
12-13 01:27:12.909  2902  2902 I SQLiteSecureOpenHelper: getWritableDatabase(pwd)
12-13 01:27:12.909  2902  2902 I SQLiteSecureOpenHelper: getDatabaseLocked(b,b,pwd)...
12-13 01:27:12.939  2902  2902 I SQLiteSecureOpenHelper: getWritableDatabase(pwd)
12-13 01:27:12.939  2902  2902 I SQLiteSecureOpenHelper: getDatabaseLocked(b,b,pwd)...
12-13 01:27:12.959 12515 12576 D Aatp    : /wake
12-13 01:27:12.979  2902  2902 I SQLiteSecureOpenHelper: getWritableDatabase(pwd)
12-13 01:27:12.979  2902  2902 I SQLiteSecureOpenHelper: getDatabaseLocked(b,b,pwd)...
12-13 01:27:13.009  2902  2902 I SQLiteSecureOpenHelper: getWritableDatabase(pwd)
12-13 01:27:13.009  2902  2902 I SQLiteSecureOpenHelper: getDatabaseLocked(b,b,pwd)...
12-13 01:27:13.049  2902  2902 I SQLiteSecureOpenHelper: getWritableDatabase(pwd)
12-13 01:27:13.049  2902  2902 I SQLiteSecureOpenHelper: getDatabaseLocked(b,b,pwd)...
12-13 01:27:13.049 12515 12576 D Aatp    : sha1: 622821446740ddcb0d4c5ab71b7c55d9082a5c47
12-13 01:27:13.059   717  2645 D SSRMv2:SIOP: SIOP:: AP = 360, PST = 343, Delta = 2
12-13 01:27:13.059   717  2645 D AmoledAdjustTimer: prevTemp = 261, currTemp = 261, prevStep = 4, currStep = 4
12-13 01:27:13.069 12515 12515 D AatpDeviceManager: taskStatus update (622821446740ddcb0d4c5ab71b7c55d9082a5c47: {"state":1})
12-13 01:27:13.069 12515 12577 D AWSDeviceFarmAndroidLib: WakeLock: acquire
12-13 01:27:13.069 12515 12577 I AWSDeviceFarmAndroidLib: ET phone home
12-13 01:27:13.069   717   717 W ContextImpl: Calling a method in the system process without a qualified user: android.app.ContextImpl.sendBroadcast:1505 com.android.server.StatusBarManagerService.sendNotification:985 com.android.server.StatusBarManagerService.addNotification:674 com.android.server.NotificationManagerService$7.run:2142 android.os.Handler.handleCallback:733 
12-13 01:27:13.069   717   717 D STATUSBAR-StatusBarManagerService: sendNotification(1) - 1096041550
12-13 01:27:13.069   717   743 D PowerManagerService: [api] acquire WakeLock flags=0x30000006 tag=AWSDeviceFarmAndroidLib uid=14036 pid=12515
12-13 01:27:13.079   717   968 I ServiceKeeper: In getappinfo pid = 717 pkgName = android appinfo = null
12-13 01:27:13.079   717   968 I ServiceKeeper: In getseinfo pid = 717 uid = 1000 seinfo= system
12-13 01:27:13.079  1067  1067 D ProgressBar: setProgressDrawable drawableHeight = 0
12-13 01:27:13.089 12515 12576 D Aatp    : /task/622821446740ddcb0d4c5ab71b7c55d9082a5c47
12-13 01:27:13.089  1067  1067 D PhoneStatusBar: tick(): knoxCustomManager = android.app.enterprise.knoxcustom.KnoxCustomManager@4299fe68
12-13 01:27:13.109  1067  1067 D STATUSBAR-IconMerger: checkOverflow(432), More:false, Req:true Child:7
12-13 01:27:13.119   717  1819 D CustomFrequencyManagerService: acquireDVFSLockLocked : type : DVFS_MIN_LIMIT  frequency : 1958400  uid : 1000  pid : 717  pkgName : ACTIVITY_RESUME_BOOSTER@6
12-13 01:27:13.119   717  1819 W ActivityManager: mDVFSHelper.acquire()
12-13 01:27:13.119  1067  1067 D STATUSBAR-IconMerger: checkOverflow(360), More:true, Req:true Child:6
12-13 01:27:13.119   717   953 D EnterpriseDeviceManager: ContainerId: 0
12-13 01:27:13.119   717   935 D PointerIcon: setMouseIconStyle1 pointerType: 1001iconType:101 flag:0
12-13 01:27:13.119   717   935 D PointerIcon: setMouseCustomIcon IconType is same.101
12-13 01:27:13.119   717   935 D PointerIcon: setHoveringSpenIconStyle1 pointerType: 10001iconType:1 flag:0
12-13 01:27:13.119   717   935 D PointerIcon: setHoveringSpenCustomIcon IconType is same.1
12-13 01:27:13.119   717   953 D STATUSBAR-StatusBarManagerService: manageDisableList what=0x0 pkg=WindowManager.LayoutParams
12-13 01:27:13.129  2902  2902 I SQLiteSecureOpenHelper: getWritableDatabase(pwd)
12-13 01:27:13.129  2902  2902 I SQLiteSecureOpenHelper: getDatabaseLocked(b,b,pwd)...
12-13 01:27:13.139   717  1819 I dalvikvm-heap: Grow heap (frag case) to 47.930MB for 856096-byte allocation
12-13 01:27:13.169   717   968 I ServiceKeeper: In getappinfo pid = 717 pkgName = android appinfo = null
12-13 01:27:13.169   717   968 I ServiceKeeper: In getseinfo pid = 717 uid = 1000 seinfo= system
12-13 01:27:13.169 12515 12577 I AWSDeviceFarmAndroidLib: Muting audio streams
12-13 01:27:13.179  1319  1319 D WfcActivityStateReceiver: onReceive(): packageName=com.android.settings, activityState=pause
12-13 01:27:13.179   717  4391 I AudioService: setRingerMode is called by pid: 12515, uid=14036
12-13 01:27:13.179   717  4391 I AudioService: Ringer mode : silent & set driving mode off
12-13 01:27:13.179   717  1048 V SmartFaceService - 3rd party pause: onReceive [android.intent.action.ACTIVITY_STATE/com.android.settings/pause]
12-13 01:27:13.189  2902  2902 I SQLiteSecureOpenHelper: getWritableDatabase(pwd)
12-13 01:27:13.189  2902  2902 I SQLiteSecureOpenHelper: getDatabaseLocked(b,b,pwd)...
12-13 01:27:13.199   717  1272 I SpenGestureManager: setFocusWindow21010
12-13 01:27:13.209   717   935 D PointerIcon: setMouseIconStyle1 pointerType: 1001iconType:101 flag:0
12-13 01:27:13.209   717   935 D PointerIcon: setMouseCustomIcon IconType is same.101
12-13 01:27:13.209   717   935 D PointerIcon: setHoveringSpenIconStyle1 pointerType: 10001iconType:1 flag:0
12-13 01:27:13.209   717   935 D PointerIcon: setHoveringSpenCustomIcon IconType is same.1
12-13 01:27:13.209   717  1272 W ContextImpl: Calling a method in the system process without a qualified user: android.app.ContextImpl.sendBroadcast:1505 com.android.server.am.AppStateBroadcaster.BroadcastAppState:128 com.android.server.am.AppStateBroadcaster.SendApplicationFocusLoss:40 com.android.server.am.ActivityStack.resumeTopActivityLocked:2361 com.android.server.am.ActivityStackSupervisor.resumeTopActivitiesLocked:3313 
12-13 01:27:13.209   717  1272 W ContextImpl: Calling a method in the system process without a qualified user: android.app.ContextImpl.sendBroadcast:1505 com.android.server.am.AppStateBroadcaster.BroadcastAppState:128 com.android.server.am.AppStateBroadcaster.SendApplicationFocusGain:34 com.android.server.am.ActivityStack.resumeTopActivityLocked:2362 com.android.server.am.ActivityStackSupervisor.resumeTopActivitiesLocked:3313 
12-13 01:27:13.209 12515 12588 D Aatp    : /task/622821446740ddcb0d4c5ab71b7c55d9082a5c47/status
12-13 01:27:13.219  1286  1286 D Launcher: onResume, Launcher: 1118074888
12-13 01:27:13.219  1067  1067 D PhoneStatusBar: setSemiTransparentMode=false, mTransparentMode=false, mSemiTransparentMode=false, mMultiWindowMode=false
12-13 01:27:13.219  1286  1286 D Launcher.HomeView: onResume
12-13 01:27:13.219   717   961 D StatusBarManagerService: semi p:1286,o:f
12-13 01:27:13.219  1286  1286 D Launcher: setSystemUiTransparency.SettingNotFoundException : set as TRUE
12-13 01:27:13.219   717   744 D StatusBarManagerService: tr p:1286,o:t
12-13 01:27:13.229  1067  1067 D PhoneStatusBar: setTransGradationMode=true, mTransparentMode=true, mSemiTransparentMode=false, mMultiWindowMode=false
12-13 01:27:13.229  1319  1319 D WfcActivityStateReceiver: onReceive(): packageName=com.sec.android.app.launcher, activityState=resume
12-13 01:27:13.229   717   717 D VolumePanel: change mode by MSG_RINGER_MODE_CHANGED
12-13 01:27:13.229   717  1048 V SmartFaceService - 3rd party pause: onReceive [android.intent.action.ACTIVITY_STATE/com.sec.android.app.launcher/resume]
12-13 01:27:13.239   717  1888 D skia    : GFXPNG PNG bitmap created width:18 height:18 bitmap id is 297 
12-13 01:27:13.239   717  1888 D skia    : GFXPNG PNG bitmap created width:18 height:18 bitmap id is 298 
12-13 01:27:13.249   717  1888 D skia    : GFXPNG PNG bitmap created width:18 height:18 bitmap id is 299 
12-13 01:27:13.249  1067  1067 D KeyguardUpdateMonitor: received broadcast android.media.RINGER_MODE_CHANGED
12-13 01:27:13.249   717  1888 D ProgressBar: setProgressDrawable drawableHeight = 18
12-13 01:27:13.249   717  1888 D ExtSeekBar: setProgress = 0
12-13 01:27:13.249   717  1888 D ExtSeekBar: setProgress = 0, fromUser = false, isEnableChangeColor() = false
12-13 01:27:13.249   717  1888 D ExtSeekBar: updateDrawable this.mThumb = null, msetDrawable = null, mOffsetThumb = 0
12-13 01:27:13.249   717  1888 D ExtSeekBar: updateDrawable getProgress() = 0, getMax() = 100GeneralUtil.isTablet() = false
12-13 01:27:13.249   717  1888 D ProgressBar: setProgressDrawable drawableHeight = 18
12-13 01:27:13.249  1067  1067 D skia    : GFXPNG PNG bitmap created width:168 height:168 bitmap id is 395 
12-13 01:27:13.249  2902  2902 I SQLiteSecureOpenHelper: getWritableDatabase(pwd)
12-13 01:27:13.249  2902  2902 I SQLiteSecureOpenHelper: getDatabaseLocked(b,b,pwd)...
12-13 01:27:13.259 12591 12591 I SELinux : Function: selinux_android_load_priority [0], There is no sepolicy file.
12-13 01:27:13.259 12591 12591 I SELinux :  
12-13 01:27:13.259   717  1888 D skia    : GFXPNG PNG bitmap created width:90 height:90 bitmap id is 300 
12-13 01:27:13.269  1067  1067 D KeyguardUpdateMonitor: handleRingerModeChange(0)
12-13 01:27:13.269  1247  1247 D CallNotifier: stopRing()... (silenceRinger)
12-13 01:27:13.269   717  1888 D skia    : GFXPNG PNG bitmap created width:90 height:90 bitmap id is 301 
12-13 01:27:13.269  1067  1067 D skia    : GFXPNG PNG bitmap created width:72 height:54 bitmap id is 396 
12-13 01:27:13.269  1247  1247 D Ringer  : stopRing()...
12-13 01:27:13.279  1286  1286 D MenuAppsGridFragment: onResume
12-13 01:27:13.279   717  1888 D skia    : GFXPNG PNG bitmap created width:90 height:90 bitmap id is 302 
12-13 01:27:13.279  1247  1247 D Ringer  : - stopRing: null mRingHandler!
12-13 01:27:13.279  1247  1247 V Vibrator: Called cancel() API - PUID: 1001, PackageName: com.android.phone
12-13 01:27:13.279   717  1888 D skia    : GFXPNG PNG bitmap created width:90 height:90 bitmap id is 303 
12-13 01:27:13.279   269   269 D dalvikvm: GC_EXPLICIT freed 45K, 38% free 16811K/26744K, paused 2ms+1ms, total 24ms
12-13 01:27:13.279   717  7178 D PowerManagerService: [api] setAttentionLight: on: false color: 0 (uid: 1001 pid: 1247)
12-13 01:27:13.279   717   743 D VibratorService: ImmVibe vibratorOff()
12-13 01:27:13.289   717  1888 D AbsSeekBar: AbsSeekBar Constructor: misSeebarAnimationAvailable = true
12-13 01:27:13.289  1247  1247 W Vibrator: Vibrator.cancel()
12-13 01:27:13.289   717  1888 I ProgressBar: setExtSeekBar isExtSeekBar = true
12-13 01:27:13.289   717  1888 D skia    : GFXPNG PNG bitmap created width:3 height:2 bitmap id is 304 
12-13 01:27:13.289   717  1888 D skia    : GFXPNG PNG bitmap created width:96 height:96 bitmap id is 305 
12-13 01:27:13.289 12591 12591 I SELinux : Function: selinux_android_load_priority , spota verifySig and checkHash pass. priority version is VE=SEPF_SM-G900T_4.4.2_0055
12-13 01:27:13.289 12591 12591 I SELinux :  
12-13 01:27:13.289 12591 12591 I SELinux :  
12-13 01:27:13.289 12591 12591 I SELinux : selinux_android_seapp_context_reload: seapp_contexts file is loaded from /data/security/spota/seapp_contexts
12-13 01:27:13.289   717  1888 D ProgressBar: setProgressDrawable drawableHeight = 18
12-13 01:27:13.289 12591 12591 E dalvikvm: >>>>> Normal User
12-13 01:27:13.289 12591 12591 E dalvikvm: >>>>> com.android.settings [ userId:0 | appId:1000 ]
12-13 01:27:13.289   717  1888 D ExtSeekBar: setProgress = 0
12-13 01:27:13.289   717  1888 D ExtSeekBar: setProgress = 0, fromUser = false, isEnableChangeColor() = false
12-13 01:27:13.289   717  1888 D ExtSeekBar: updateDrawable this.mThumb = null, msetDrawable = null, mOffsetThumb = 0
12-13 01:27:13.289   717  1888 D ExtSeekBar: updateDrawable getProgress() = 0, getMax() = 100GeneralUtil.isTablet() = false
12-13 01:27:13.289   717  1888 D ProgressBar: setProgressDrawable drawableHeight = 18
12-13 01:27:13.289   717  1888 D AbsSeekBar: AbsSeekBar Constructor: misSeebarAnimationAvailable = true
12-13 01:27:13.289   717  1888 I ProgressBar: setExtSeekBar isExtSeekBar = true
12-13 01:27:13.299   269   269 D dalvikvm: GC_EXPLICIT freed <1K, 38% free 16811K/26744K, paused 1ms+1ms, total 15ms
12-13 01:27:13.299  1785  1785 I MultiWindowTrayService: mHomeResumeReceiver : onReceive
12-13 01:27:13.319   269   269 D dalvikvm: GC_EXPLICIT freed <1K, 38% free 16811K/26744K, paused 2ms+3ms, total 19ms
12-13 01:27:13.319   717  1888 D skia    : GFXPNG PNG bitmap created width:96 height:96 bitmap id is 306 
12-13 01:27:13.319  1785  1785 I Sally Service: removeWindow window
12-13 01:27:13.319  1286  1286 D WallpaperManager: SEC_PRODUCT_FEATURE_COMMON_ENABLE_TEXTURE_COMPRESSION is true
12-13 01:27:13.319   717  1888 D ProgressBar: setProgressDrawable drawableHeight = 18
12-13 01:27:13.319   717  1888 D ExtSeekBar: setProgress = 0
12-13 01:27:13.319   717  1888 D ExtSeekBar: setProgress = 0, fromUser = false, isEnableChangeColor() = false
12-13 01:27:13.319   717  1888 D ExtSeekBar: updateDrawable this.mThumb = null, msetDrawable = null, mOffsetThumb = 0
12-13 01:27:13.319   717  1888 D ExtSeekBar: updateDrawable getProgress() = 0, getMax() = 100GeneralUtil.isTablet() = false
12-13 01:27:13.319   717  1888 D ProgressBar: setProgressDrawable drawableHeight = 18
12-13 01:27:13.319  1286  1286 D WallpaperManager: SEC_PRODUCT_FEATURE_COMMON_ENABLE_TEXTURE_COMPRESSION is true
12-13 01:27:13.329   717  1888 D AbsSeekBar: AbsSeekBar Constructor: misSeebarAnimationAvailable = true
12-13 01:27:13.329   717  1888 I ProgressBar: setExtSeekBar isExtSeekBar = true
12-13 01:27:13.329  1286  1286 D WallpaperManager: SEC_PRODUCT_FEATURE_COMMON_ENABLE_TEXTURE_COMPRESSION is true
12-13 01:27:13.329   717  1888 D skia    : GFXPNG PNG bitmap created width:96 height:96 bitmap id is 307 
12-13 01:27:13.329   717  1888 D ProgressBar: setProgressDrawable drawableHeight = 18
12-13 01:27:13.329   717  1888 D ExtSeekBar: setProgress = 0
12-13 01:27:13.329   717  1888 D ExtSeekBar: setProgress = 0, fromUser = false, isEnableChangeColor() = false
12-13 01:27:13.329   717  1888 D ExtSeekBar: updateDrawable this.mThumb = null, msetDrawable = null, mOffsetThumb = 0
12-13 01:27:13.329   717  1888 D ExtSeekBar: updateDrawable getProgress() = 0, getMax() = 100GeneralUtil.isTablet() = false
12-13 01:27:13.329   717  1888 D ProgressBar: setProgressDrawable drawableHeight = 18
12-13 01:27:13.329   717  1888 D AbsSeekBar: AbsSeekBar Constructor: misSeebarAnimationAvailable = true
12-13 01:27:13.329   717  1888 I ProgressBar: setExtSeekBar isExtSeekBar = true
12-13 01:27:13.329   717  1888 D skia    : GFXPNG PNG bitmap created width:96 height:96 bitmap id is 308 
12-13 01:27:13.339   717  1888 D ProgressBar: setProgressDrawable drawableHeight = 18
12-13 01:27:13.339   717  1888 D ExtSeekBar: setProgress = 0
12-13 01:27:13.339   717  1888 D ExtSeekBar: setProgress = 0, fromUser = false, isEnableChangeColor() = false
12-13 01:27:13.339   717  1888 D ExtSeekBar: updateDrawable this.mThumb = null, msetDrawable = null, mOffsetThumb = 0
12-13 01:27:13.339   717  1888 D ExtSeekBar: updateDrawable getProgress() = 0, getMax() = 100GeneralUtil.isTablet() = false
12-13 01:27:13.339   717  1888 D ProgressBar: setProgressDrawable drawableHeight = 18
12-13 01:27:13.339   717  1888 D AbsSeekBar: AbsSeekBar Constructor: misSeebarAnimationAvailable = true
12-13 01:27:13.339   717  1888 I ProgressBar: setExtSeekBar isExtSeekBar = true
12-13 01:27:13.349   717  1888 D ProgressBar: setProgressDrawable drawableHeight = 18
12-13 01:27:13.349   717  1888 D ExtSeekBar: setProgress = 0
12-13 01:27:13.349   717  1888 D ExtSeekBar: setProgress = 0, fromUser = false, isEnableChangeColor() = false
12-13 01:27:13.349   717  1888 D ExtSeekBar: updateDrawable this.mThumb = null, msetDrawable = null, mOffsetThumb = 0
12-13 01:27:13.349   717  1888 D ExtSeekBar: updateDrawable getProgress() = 0, getMax() = 100GeneralUtil.isTablet() = false
12-13 01:27:13.349   717  1888 D ProgressBar: setProgressDrawable drawableHeight = 18
12-13 01:27:13.349   717  1888 D AbsSeekBar: AbsSeekBar Constructor: misSeebarAnimationAvailable = true
12-13 01:27:13.349   717  1888 I ProgressBar: setExtSeekBar isExtSeekBar = true
12-13 01:27:13.349   717  1888 D skia    : GFXPNG PNG bitmap created width:96 height:96 bitmap id is 309 
12-13 01:27:13.359   717  1218 D ActivityManager: resume name com.sec.android.app.launcher/com.android.launcher2.Launcher
12-13 01:27:13.359   717  1218 I ServiceKeeper: In getappinfo pid = 717 pkgName = android appinfo = null
12-13 01:27:13.359   717  1218 I ServiceKeeper: In getseinfo pid = 717 uid = 1000 seinfo= system
12-13 01:27:13.359  1286  1286 D Launcher: setSystemUiTransparency.SettingNotFoundException : set as TRUE
12-13 01:27:13.359  1286  1286 D AbsListView: unregisterIRListener() is called 
12-13 01:27:13.359   717  1888 D ProgressBar: setProgressDrawable drawableHeight = 18
12-13 01:27:13.359   717  1888 D ExtSeekBar: setProgress = 0
12-13 01:27:13.359   717  1284 D StatusBarManagerService: tr p:1286,o:t
12-13 01:27:13.359   717 12603 W ContextImpl: Calling a method in the system process without a qualified user: android.app.ContextImpl.sendBroadcast:1491 com.android.server.InputMethodManagerService$4.run:2827 java.lang.Thread.run:841 <bottom of call stack> <bottom of call stack> 
12-13 01:27:13.369   717  1888 D ExtSeekBar: setProgress = 0, fromUser = false, isEnableChangeColor() = false
12-13 01:27:13.369   717  1888 D ExtSeekBar: updateDrawable this.mThumb = null, msetDrawable = null, mOffsetThumb = 0
12-13 01:27:13.369   717  1888 D ExtSeekBar: updateDrawable getProgress() = 0, getMax() = 100GeneralUtil.isTablet() = false
12-13 01:27:13.369   717  1888 D ProgressBar: setProgressDrawable drawableHeight = 18
12-13 01:27:13.369   717  1888 D AbsSeekBar: AbsSeekBar Constructor: misSeebarAnimationAvailable = true
12-13 01:27:13.369   717  1888 I ProgressBar: setExtSeekBar isExtSeekBar = true
12-13 01:27:13.379  1067  1067 D PhoneStatusBar: setTransGradationMode=true, mTransparentMode=true, mSemiTransparentMode=false, mMultiWindowMode=false
12-13 01:27:13.379   717  1888 D ProgressBar: setProgressDrawable drawableHeight = 18
12-13 01:27:13.379   717  1888 D ExtSeekBar: setProgress = 0
12-13 01:27:13.379   717  1888 D ExtSeekBar: setProgress = 0, fromUser = false, isEnableChangeColor() = false
12-13 01:27:13.379   717  1888 D ExtSeekBar: updateDrawable this.mThumb = null, msetDrawable = null, mOffsetThumb = 0
12-13 01:27:13.379   717  1888 D ExtSeekBar: updateDrawable getProgress() = 0, getMax() = 100GeneralUtil.isTablet() = false
12-13 01:27:13.379   717  1888 D ProgressBar: setProgressDrawable drawableHeight = 18
12-13 01:27:13.379   717  1888 D AbsSeekBar: AbsSeekBar Constructor: misSeebarAnimationAvailable = true
12-13 01:27:13.379   717  1888 I ProgressBar: setExtSeekBar isExtSeekBar = true
12-13 01:27:13.379   717  1888 D skia    : GFXPNG PNG bitmap created width:96 height:96 bitmap id is 310 
12-13 01:27:13.389   717  1888 D ProgressBar: setProgressDrawable drawableHeight = 18
12-13 01:27:13.389   717  1888 D ExtSeekBar: setProgress = 0
12-13 01:27:13.389   717  1888 D ExtSeekBar: setProgress = 0, fromUser = false, isEnableChangeColor() = false
12-13 01:27:13.389   717  1888 D ExtSeekBar: updateDrawable this.mThumb = null, msetDrawable = null, mOffsetThumb = 0
12-13 01:27:13.389   717  1888 D ExtSeekBar: updateDrawable getProgress() = 0, getMax() = 100GeneralUtil.isTablet() = false
12-13 01:27:13.389   717  1888 D ProgressBar: setProgressDrawable drawableHeight = 18
12-13 01:27:13.389   717  1888 D AbsSeekBar: AbsSeekBar Constructor: misSeebarAnimationAvailable = true
12-13 01:27:13.389   717  1888 I ProgressBar: setExtSeekBar isExtSeekBar = true
12-13 01:27:13.389   717   968 I ServiceKeeper: In getappinfo pid = 717 pkgName = android appinfo = null
12-13 01:27:13.389   717   968 I ServiceKeeper: In getseinfo pid = 717 uid = 1000 seinfo= system
12-13 01:27:13.399   717  1888 D ProgressBar: setProgressDrawable drawableHeight = 18
12-13 01:27:13.399   717  1888 D ExtSeekBar: setProgress = 0
12-13 01:27:13.399   717  1888 D ExtSeekBar: setProgress = 0, fromUser = false, isEnableChangeColor() = false
12-13 01:27:13.399   717  1888 D ExtSeekBar: updateDrawable this.mThumb = null, msetDrawable = null, mOffsetThumb = 0
12-13 01:27:13.399   717  1888 D ExtSeekBar: updateDrawable getProgress() = 0, getMax() = 100GeneralUtil.isTablet() = false
12-13 01:27:13.399   717  1888 D ProgressBar: setProgressDrawable drawableHeight = 18
12-13 01:27:13.399  2902  2902 I SQLiteSecureOpenHelper: getWritableDatabase(pwd)
12-13 01:27:13.399  2902  2902 I SQLiteSecureOpenHelper: getDatabaseLocked(b,b,pwd)...
12-13 01:27:13.399   717  1888 D AbsSeekBar: AbsSeekBar Constructor: misSeebarAnimationAvailable = true
12-13 01:27:13.399   717  1888 I ProgressBar: setExtSeekBar isExtSeekBar = true
12-13 01:27:13.399   717  1888 D ProgressBar: setProgressDrawable drawableHeight = 18
12-13 01:27:13.409   717  1888 D ExtSeekBar: setProgress = 0
12-13 01:27:13.409   717  1888 D ExtSeekBar: setProgress = 0, fromUser = false, isEnableChangeColor() = false
12-13 01:27:13.409   717  1888 D ExtSeekBar: updateDrawable this.mThumb = null, msetDrawable = null, mOffsetThumb = 0
12-13 01:27:13.409   717  1888 D ExtSeekBar: updateDrawable getProgress() = 0, getMax() = 100GeneralUtil.isTablet() = false
12-13 01:27:13.409   717  1888 D ProgressBar: setProgressDrawable drawableHeight = 18
12-13 01:27:13.409   717  1888 D AbsSeekBar: AbsSeekBar Constructor: misSeebarAnimationAvailable = true
12-13 01:27:13.409   717  1888 I ProgressBar: setExtSeekBar isExtSeekBar = true
12-13 01:27:13.409  7789  7793 D dalvikvm: GC_CONCURRENT freed 2005K, 36% free 17196K/26744K, paused 12ms+2ms, total 36ms
12-13 01:27:13.409   717  1888 D skia    : GFXPNG PNG bitmap created width:96 height:96 bitmap id is 311 
12-13 01:27:13.409   717   717 D VolumePanel: change volume by MSG_VOLUME_CHANGED
12-13 01:27:13.409   717   717 D VolumePanel: onVolumeChanged(streamType: 1, flags: 0)
12-13 01:27:13.419 12591 12591 W dalvikvm: Refusing to reopen boot DEX '/system/framework/TmoWfcUtils.jar'
12-13 01:27:13.419   717   717 D VolumePanel: change volume by MSG_VOLUME_CHANGED
12-13 01:27:13.419   717   717 D VolumePanel: onVolumeChanged(streamType: 5, flags: 0)
12-13 01:27:13.419 12591 12591 W dalvikvm: Refusing to reopen boot DEX '/system/framework/commonimsinterface.jar'
12-13 01:27:13.419   717   717 D VolumePanel: change volume by MSG_VOLUME_CHANGED
12-13 01:27:13.419   717   717 D VolumePanel: onVolumeChanged(streamType: 4, flags: 0)
12-13 01:27:13.429  1431 12605 I MicrophoneInputStream: mic_starting fib@42a6c070
