12-13 01:27:16.169  1286  1286 W ResourceType: No known package when getting name for resource number 0x9c000000
12-13 01:27:16.169  2902  2902 I SQLiteSecureOpenHelper: getWritableDatabase(pwd)
12-13 01:27:16.169  2902  2902 I SQLiteSecureOpenHelper: getDatabaseLocked(b,b,pwd)...
12-13 01:27:16.169  1286  1286 W ResourceType: No known package when getting name for resource number 0x9c000002
12-13 01:27:16.169  1286  1286 W ResourceType: No known package when getting name for resource number 0x9c000003
12-13 01:27:16.169  1286  1286 W ResourceType: No known package when getting name for resource number 0x9c000103
12-13 01:27:16.179  1286  1286 W ResourceType: No known package when getting name for resource number 0x9c000203
12-13 01:27:16.179  1286  1286 W ResourceType: No known package when getting name for resource number 0x9c000303
12-13 01:27:16.179 12610 12610 D skia    : GFXPNG PNG bitmap created width:1 height:1 bitmap id is 348 
12-13 01:27:16.179   717  1402 D MotionRecognitionService:  ssp status : true
12-13 01:27:16.189  1286  1286 D skia    : GFXPNG PNG bitmap created width:186 height:186 bitmap id is 553 
12-13 01:27:16.189  1286  1286 D skia    : GFXPNG PNG bitmap created width:186 height:186 bitmap id is 554 
12-13 01:27:16.189  1286  1286 D skia    : GFXPNG PNG bitmap created width:186 height:186 bitmap id is 555 
12-13 01:27:16.209 12610 12610 D skia    : GFXPNG PNG bitmap created width:3 height:3 bitmap id is 349 
12-13 01:27:16.209  1286  1286 W ResourceType: No known package when getting name for resource number 0x9c020100
12-13 01:27:16.209  1286  1286 W ResourceType: No known package when getting name for resource number 0x9c020200
12-13 01:27:16.209  1286  1286 W ResourceType: No known package when getting name for resource number 0x9c020300
12-13 01:27:16.209  2902  2902 I SQLiteSecureOpenHelper: getWritableDatabase(pwd)
12-13 01:27:16.219  2902  2902 I SQLiteSecureOpenHelper: getDatabaseLocked(b,b,pwd)...
12-13 01:27:16.219  1286  1286 W ResourceType: No known package when getting name for resource number 0x9c000003
12-13 01:27:16.219 12610 12610 D checkbox: setButtonDrawable(Drawable d) mButtonBgHasBeenSet=false
12-13 01:27:16.219 12610 12610 D checkbox: This is checkbox with ADVANCED_VI_EFFECTS enabled
12-13 01:27:16.219  1286  1286 W ResourceType: No known package when getting name for resource number 0x9c000103
12-13 01:27:16.219 12610 12610 D checkbox: setChecked(1) checked=false, mCheckBoxAnimationEnabled=true, mIsAttached=false
12-13 01:27:16.219 12610 12610 D checkbox: checkMarkDrawable=android.graphics.drawable.StateListDrawable@42e08ab0, checkRectangleDrawable=android.graphics.drawable.StateListDrawable@42e08ed8, enabled=true
12-13 01:27:16.219  1286  1286 W ResourceType: No known package when getting name for resource number 0x9c000203
12-13 01:27:16.219  1286  1286 W ResourceType: No known package when getting name for resource number 0x9c000303
12-13 01:27:16.219 12610 12610 D skia    : GFXPNG PNG bitmap created width:96 height:96 bitmap id is 350 
12-13 01:27:16.229 12610 12610 D skia    : GFXPNG PNG bitmap created width:83 height:83 bitmap id is 351 
12-13 01:27:16.229 12610 12610 D skia    : GFXPNG PNG bitmap created width:83 height:83 bitmap id is 352 
12-13 01:27:16.229 12610 12610 D skia    : GFXPNG PNG bitmap created width:165 height:165 bitmap id is 353 
12-13 01:27:16.239  7789  7793 D dalvikvm: GC_CONCURRENT freed 1974K, 36% free 17215K/26744K, paused 1ms+13ms, total 36ms
12-13 01:27:16.239 12610 12610 V WebViewChromium: Binding Chromium to the main looper Looper (main, tid 1) {4294d548}
12-13 01:27:16.239 12610 12610 I chromium: [INFO:library_loader_hooks.cc(112)] Chromium logging enabled: level = 0, default verbosity = 0
12-13 01:27:16.239 12610 12610 I BrowserProcessMain: Initializing chromium process, renderers=0
12-13 01:27:16.249 12610 12761 W chromium: [WARNING:proxy_service.cc(888)] PAC support disabled because there is no system implementation
12-13 01:27:16.249 12610 12610 I Adreno-EGL: <qeglDrvAPI_eglInitialize:410>: EGL 1.4 QUALCOMM build:  ()
12-13 01:27:16.249 12610 12610 I Adreno-EGL: OpenGL ES Shader Compiler Version: E031.24.00.08
12-13 01:27:16.249 12610 12610 I Adreno-EGL: Build Date: 02/20/14 Thu
12-13 01:27:16.249 12610 12610 I Adreno-EGL: Local Branch: AU200_patches_ms_memleak_libsc_profiler
12-13 01:27:16.249 12610 12610 I Adreno-EGL: Remote Branch: 
12-13 01:27:16.249 12610 12610 I Adreno-EGL: Local Patches: 
12-13 01:27:16.249 12610 12610 I Adreno-EGL: Reconstruct Branch: 
12-13 01:27:16.259  2902  2902 I SQLiteSecureOpenHelper: getWritableDatabase(pwd)
12-13 01:27:16.259  2902  2902 I SQLiteSecureOpenHelper: getDatabaseLocked(b,b,pwd)...
12-13 01:27:16.269 12610 12610 D skia    : GFXPNG PNG bitmap created width:3 height:3 bitmap id is 354 
12-13 01:27:16.279 12610 12610 D skia    : GFXPNG PNG bitmap created width:39 height:45 bitmap id is 355 
12-13 01:27:16.279 12610 12610 D skia    : GFXPNG PNG bitmap created width:48 height:48 bitmap id is 356 
12-13 01:27:16.279 12610 12610 D skia    : GFXPNG PNG bitmap created width:48 height:48 bitmap id is 357 
12-13 01:27:16.289 12610 12610 D skia    : GFXPNG PNG bitmap created width:102 height:102 bitmap id is 358 
12-13 01:27:16.289 12610 12610 D skia    : GFXPNG PNG bitmap created width:90 height:90 bitmap id is 359 
12-13 01:27:16.289 12610 12610 D skia    : GFXPNG PNG bitmap created width:90 height:90 bitmap id is 360 
12-13 01:27:16.289 12610 12610 D skia    : GFXPNG PNG bitmap created width:90 height:90 bitmap id is 361 
12-13 01:27:16.299  2902  2902 I SQLiteSecureOpenHelper: getWritableDatabase(pwd)
12-13 01:27:16.299 12610 12610 D checkbox: setButtonDrawable(Drawable d) mButtonBgHasBeenSet=false
12-13 01:27:16.299  2902  2902 I SQLiteSecureOpenHelper: getDatabaseLocked(b,b,pwd)...
12-13 01:27:16.299 12610 12610 D checkbox: This is checkbox with ADVANCED_VI_EFFECTS enabled
12-13 01:27:16.299 12610 12610 D checkbox: setChecked(1) checked=false, mCheckBoxAnimationEnabled=true, mIsAttached=false
12-13 01:27:16.299 12610 12610 D checkbox: checkMarkDrawable=android.graphics.drawable.StateListDrawable@42eb9910, checkRectangleDrawable=android.graphics.drawable.StateListDrawable@42eb9d18, enabled=true
12-13 01:27:16.319 12610 12610 D checkbox: setButtonDrawable(Drawable d) mButtonBgHasBeenSet=false
12-13 01:27:16.319 12610 12610 D checkbox: This is checkbox with ADVANCED_VI_EFFECTS enabled
12-13 01:27:16.319 12610 12610 D checkbox: setChecked(1) checked=false, mCheckBoxAnimationEnabled=true, mIsAttached=false
12-13 01:27:16.319 12610 12610 D checkbox: checkMarkDrawable=android.graphics.drawable.StateListDrawable@42ece658, checkRectangleDrawable=android.graphics.drawable.StateListDrawable@42ecea60, enabled=true
12-13 01:27:16.329  2902  2902 I SQLiteSecureOpenHelper: getWritableDatabase(pwd)
12-13 01:27:16.329  2902  2902 I SQLiteSecureOpenHelper: getDatabaseLocked(b,b,pwd)...
12-13 01:27:16.349 12610 12610 D checkbox: setButtonDrawable(Drawable d) mButtonBgHasBeenSet=false
12-13 01:27:16.349 12610 12610 D checkbox: This is checkbox with ADVANCED_VI_EFFECTS enabled
12-13 01:27:16.349 12610 12610 D checkbox: setChecked(1) checked=false, mCheckBoxAnimationEnabled=true, mIsAttached=false
12-13 01:27:16.349 12610 12610 D checkbox: checkMarkDrawable=android.graphics.drawable.StateListDrawable@42ee2e48, checkRectangleDrawable=android.graphics.drawable.StateListDrawable@42ee3250, enabled=true
12-13 01:27:16.369  2902  2902 I SQLiteSecureOpenHelper: getWritableDatabase(pwd)
12-13 01:27:16.369  2902  2902 I SQLiteSecureOpenHelper: getDatabaseLocked(b,b,pwd)...
12-13 01:27:16.379 12610 12610 D checkbox: setButtonDrawable(Drawable d) mButtonBgHasBeenSet=false
12-13 01:27:16.379 12610 12610 D checkbox: This is checkbox with ADVANCED_VI_EFFECTS enabled
12-13 01:27:16.379 12610 12610 D checkbox: setChecked(1) checked=false, mCheckBoxAnimationEnabled=true, mIsAttached=false
12-13 01:27:16.379 12610 12610 D checkbox: checkMarkDrawable=android.graphics.drawable.StateListDrawable@42ef77b8, checkRectangleDrawable=android.graphics.drawable.StateListDrawable@42ef7bc0, enabled=true
12-13 01:27:16.399  2902  2902 I SQLiteSecureOpenHelper: getWritableDatabase(pwd)
12-13 01:27:16.399  2902  2902 I SQLiteSecureOpenHelper: getDatabaseLocked(b,b,pwd)...
12-13 01:27:16.409 12610 12610 D checkbox: setButtonDrawable(Drawable d) mButtonBgHasBeenSet=false
12-13 01:27:16.409 12610 12610 D checkbox: This is checkbox with ADVANCED_VI_EFFECTS enabled
12-13 01:27:16.409 12610 12610 D checkbox: setChecked(1) checked=false, mCheckBoxAnimationEnabled=true, mIsAttached=false
12-13 01:27:16.409 12610 12610 D checkbox: checkMarkDrawable=android.graphics.drawable.StateListDrawable@42f0bfa8, checkRectangleDrawable=android.graphics.drawable.StateListDrawable@42f0c3b0, enabled=true
12-13 01:27:16.429 12610 12610 D checkbox: setButtonDrawable(Drawable d) mButtonBgHasBeenSet=false
12-13 01:27:16.429 12610 12610 D checkbox: This is checkbox with ADVANCED_VI_EFFECTS enabled
12-13 01:27:16.429 12610 12610 D checkbox: setChecked(1) checked=false, mCheckBoxAnimationEnabled=true, mIsAttached=false
12-13 01:27:16.429 12610 12610 D checkbox: checkMarkDrawable=android.graphics.drawable.StateListDrawable@42f209c8, checkRectangleDrawable=android.graphics.drawable.StateListDrawable@42f20dd0, enabled=true
12-13 01:27:16.429  2902  2902 I SQLiteSecureOpenHelper: getWritableDatabase(pwd)
12-13 01:27:16.429  2902  2902 I SQLiteSecureOpenHelper: getDatabaseLocked(b,b,pwd)...
12-13 01:27:16.459 12610 12610 D checkbox: setButtonDrawable(Drawable d) mButtonBgHasBeenSet=false
12-13 01:27:16.459 12610 12610 D checkbox: This is checkbox with ADVANCED_VI_EFFECTS enabled
12-13 01:27:16.459 12610 12610 D checkbox: setChecked(1) checked=false, mCheckBoxAnimationEnabled=true, mIsAttached=false
12-13 01:27:16.459 12610 12610 D checkbox: checkMarkDrawable=android.graphics.drawable.StateListDrawable@42f351b8, checkRectangleDrawable=android.graphics.drawable.StateListDrawable@42f355c0, enabled=true
12-13 01:27:16.469  2902  2902 I SQLiteSecureOpenHelper: getWritableDatabase(pwd)
12-13 01:27:16.469  2902  2902 I SQLiteSecureOpenHelper: getDatabaseLocked(b,b,pwd)...
12-13 01:27:16.479 12610 12610 D Mms/BubbleViewCache: fillCache bubble = 8
12-13 01:27:16.479 12610 12766 D Mms/Synchronizer: [start]    dbSync()
12-13 01:27:16.479 12610 12766 D Mms/Synchronizer: [end]    dbSync()
12-13 01:27:16.489 12610 12610 D Mms/MessagingNotification: checkBadgeCount unreadCount=0 badgeCount=0
12-13 01:27:16.499  2902  2902 I SQLiteSecureOpenHelper: getWritableDatabase(pwd)
12-13 01:27:16.499  2902  2902 I SQLiteSecureOpenHelper: getDatabaseLocked(b,b,pwd)...
12-13 01:27:16.529  2902  2902 I SQLiteSecureOpenHelper: getWritableDatabase(pwd)
12-13 01:27:16.529  2902  2902 I SQLiteSecureOpenHelper: getDatabaseLocked(b,b,pwd)...
12-13 01:27:16.569  2902  2902 I SQLiteSecureOpenHelper: getWritableDatabase(pwd)
12-13 01:27:16.569  2902  2902 I SQLiteSecureOpenHelper: getDatabaseLocked(b,b,pwd)...
12-13 01:27:16.599  2902  2902 I SQLiteSecureOpenHelper: getWritableDatabase(pwd)
12-13 01:27:16.599  2902  2902 I SQLiteSecureOpenHelper: getDatabaseLocked(b,b,pwd)...
12-13 01:27:16.629  2902  2902 I SQLiteSecureOpenHelper: getWritableDatabase(pwd)
12-13 01:27:16.629  2902  2902 I SQLiteSecureOpenHelper: getDatabaseLocked(b,b,pwd)...
12-13 01:27:16.659  2902  2902 I SQLiteSecureOpenHelper: getWritableDatabase(pwd)
12-13 01:27:16.659  2902  2902 I SQLiteSecureOpenHelper: getDatabaseLocked(b,b,pwd)...
12-13 01:27:16.689  1286  1286 W ResourceType: No known package when getting name for resource number 0x9c020000
12-13 01:27:16.689  1286  1286 W ResourceType: No known package when getting name for resource number 0x9c020100
12-13 01:27:16.689  1286  1286 W ResourceType: No known package when getting name for resource number 0x9c020200
12-13 01:27:16.689  1286  1286 W ResourceType: No known package when getting name for resource number 0x9c020300
12-13 01:27:16.689  1286  1286 W ResourceType: No known package when getting name for resource number 0x9c000000
12-13 01:27:16.689  1286  1286 W ResourceType: No known package when getting name for resource number 0x9c000002
12-13 01:27:16.689  1286  1286 W ResourceType: No known package when getting name for resource number 0x9c000003
12-13 01:27:16.689  1286  1286 W ResourceType: No known package when getting name for resource number 0x9c000103
12-13 01:27:16.689  1286  1286 W ResourceType: No known package when getting name for resource number 0x9c000203
12-13 01:27:16.689  1286  1286 W ResourceType: No known package when getting name for resource number 0x9c000303
12-13 01:27:16.699  2902  2902 I SQLiteSecureOpenHelper: getWritableDatabase(pwd)
12-13 01:27:16.699  2902  2902 I SQLiteSecureOpenHelper: getDatabaseLocked(b,b,pwd)...
12-13 01:27:16.699  1286  1286 W ResourceType: No known package when getting name for resource number 0x9c020000
12-13 01:27:16.699  1286  1286 W ResourceType: No known package when getting name for resource number 0x9c020100
12-13 01:27:16.699  1286  1286 W ResourceType: No known package when getting name for resource number 0x9c020200
12-13 01:27:16.699  1286  1286 W ResourceType: No known package when getting name for resource number 0x9c020300
12-13 01:27:16.709  1286  1286 W ResourceType: No known package when getting name for resource number 0x9c000000
12-13 01:27:16.709  1286  1286 W ResourceType: No known package when getting name for resource number 0x9c000002
12-13 01:27:16.709  1286  1286 W ResourceType: No known package when getting name for resource number 0x9c000003
12-13 01:27:16.709  1286  1286 W ResourceType: No known package when getting name for resource number 0x9c000103
12-13 01:27:16.709  1286  1286 W ResourceType: No known package when getting name for resource number 0x9c000203
12-13 01:27:16.709  1286  1286 W ResourceType: No known package when getting name for resource number 0x9c000303
12-13 01:27:16.719   717  1888 W PersonaManager: getPersonaIds()
12-13 01:27:16.719   717  1888 V WindowOrientationListener: mSContextAutoRotationListener.getProposedRotation, mbResultFaceDectection: false
12-13 01:27:16.719   717  1888 V WindowOrientationListener: mSContextAutoRotationListener.getProposedRotation, Rotation: 0
12-13 01:27:16.719   717  1888 V WindowOrientationListener: mSContextAutoRotationListener.getProposedRotation, mbResultFaceDectection: false
12-13 01:27:16.719   717  1888 V WindowOrientationListener: mSContextAutoRotationListener.getProposedRotation, Rotation: 0
12-13 01:27:16.719 12740 12740 I AndroidRuntime: VM exiting with result code 0.
12-13 01:27:16.719   717  1888 V WindowManager: rotationForOrientationLw(orient=1, last=0); user=0  sensorRotation=0 mLidState=-1 mDockMode=0 mHdmiPlugged=false mAccelerometerDefault=false gripRotationLock=false
12-13 01:27:16.739  2902  2902 I SQLiteSecureOpenHelper: getWritableDatabase(pwd)
12-13 01:27:16.739  2902  2902 I SQLiteSecureOpenHelper: getDatabaseLocked(b,b,pwd)...
12-13 01:27:16.769  2902  2902 I SQLiteSecureOpenHelper: getWritableDatabase(pwd)
12-13 01:27:16.769  2902  2902 I SQLiteSecureOpenHelper: getDatabaseLocked(b,b,pwd)...
12-13 01:27:16.799 12515 12768 D Aatp    : /ping
12-13 01:27:16.799  2902  2902 I SQLiteSecureOpenHelper: getWritableDatabase(pwd)
12-13 01:27:16.799  2902  2902 I SQLiteSecureOpenHelper: getDatabaseLocked(b,b,pwd)...
12-13 01:27:16.839  2902  2902 I SQLiteSecureOpenHelper: getWritableDatabase(pwd)
12-13 01:27:16.839  2902  2902 I SQLiteSecureOpenHelper: getDatabaseLocked(b,b,pwd)...
12-13 01:27:16.879  2902  2902 I SQLiteSecureOpenHelper: getWritableDatabase(pwd)
12-13 01:27:16.879  2902  2902 I SQLiteSecureOpenHelper: getDatabaseLocked(b,b,pwd)...
12-13 01:27:16.919  2902  2902 I SQLiteSecureOpenHelper: getWritableDatabase(pwd)
12-13 01:27:16.919  2902  2902 I SQLiteSecureOpenHelper: getDatabaseLocked(b,b,pwd)...
12-13 01:27:16.919 12515 12769 D Aatp    : /apps-to-uninstall
12-13 01:27:16.929 12515 12769 D Aatp    : sha1: 5d62491636328ad68425984b40a9e5a652572912
12-13 01:27:16.949 12515 12515 D AatpDeviceManager: taskStatus update (5d62491636328ad68425984b40a9e5a652572912: {"state":1})
12-13 01:27:16.949 12515 12769 D Aatp    : /task/5d62491636328ad68425984b40a9e5a652572912
12-13 01:27:16.949  2902  2902 I SQLiteSecureOpenHelper: getWritableDatabase(pwd)
12-13 01:27:16.949  2902  2902 I SQLiteSecureOpenHelper: getDatabaseLocked(b,b,pwd)...
12-13 01:27:16.959   717   717 W ContextImpl: Calling a method in the system process without a qualified user: android.app.ContextImpl.sendBroadcast:1505 com.android.server.StatusBarManagerService.sendNotification:985 com.android.server.StatusBarManagerService.addNotification:674 com.android.server.NotificationManagerService$7.run:2142 android.os.Handler.handleCallback:733 
12-13 01:27:16.959   717   717 D STATUSBAR-StatusBarManagerService: sendNotification(1) - 1096041552
12-13 01:27:16.999  1067  1080 D dalvikvm: GC_EXPLICIT freed 1373K, 16% free 51522K/60880K, paused 1ms+4ms, total 36ms
12-13 01:27:17.009  2902  2902 I SQLiteSecureOpenHelper: getWritableDatabase(pwd)
12-13 01:27:17.009  2902  2902 I SQLiteSecureOpenHelper: getDatabaseLocked(b,b,pwd)...
12-13 01:27:17.009  1067  1067 D ProgressBar: setProgressDrawable drawableHeight = 0
12-13 01:27:17.009  1067  1067 D skia    : GFXPNG PNG bitmap created width:36 height:30 bitmap id is 397 
12-13 01:27:17.009  1067  1067 D skia    : GFXPNG PNG bitmap created width:36 height:30 bitmap id is 398 
12-13 01:27:17.019  1067  1067 D skia    : GFXPNG PNG bitmap created width:36 height:30 bitmap id is 399 
12-13 01:27:17.019  1067  1067 D PhoneStatusBar: tick(): knoxCustomManager = android.app.enterprise.knoxcustom.KnoxCustomManager@4299fe68
12-13 01:27:17.039  1067  1067 D STATUSBAR-IconMerger: checkOverflow(432), More:false, Req:true Child:7
12-13 01:27:17.049 12515 12515 D AatpDeviceManager: taskStatus update (5d62491636328ad68425984b40a9e5a652572912: {"result":[],"state":2})
12-13 01:27:17.049   717   717 D NotificationService: cancelNotificationLocked
12-13 01:27:17.049   717   717 D NotificationService:  hasClearableItems
12-13 01:27:17.049   717   717 D NotificationService: Num of hasClearableItems : 2
12-13 01:27:17.049  2902  2902 I SQLiteSecureOpenHelper: getWritableDatabase(pwd)
12-13 01:27:17.049  2902  2902 I SQLiteSecureOpenHelper: getDatabaseLocked(b,b,pwd)...
12-13 01:27:17.049   717   717 W ContextImpl: Calling a method in the system process without a qualified user: android.app.ContextImpl.sendBroadcast:1505 com.android.server.StatusBarManagerService.sendNotification:985 com.android.server.StatusBarManagerService.removeNotification:710 com.android.server.NotificationManagerService.cancelNotificationLocked:2454 com.android.server.NotificationManagerService.access$5100:160 
12-13 01:27:17.049   717   717 D STATUSBAR-StatusBarManagerService: sendNotification(3) - 1096041552
12-13 01:27:17.049  1067  1067 D STATUSBAR-IconMerger: checkOverflow(360), More:true, Req:true Child:6
12-13 01:27:17.049   717   717 D LightsService: [api] [SvcLED] turnOff:: id = 4 (uid: 1000 pid: 717) 
12-13 01:27:17.049   717   717 D LightsService: [SvcLED] setSvcLedStateLocked:: SvcLEDState : 0x0 -> 0x0 | SvcLED(id=4) set Off
12-13 01:27:17.049   717   980 D LightsService: [SvcLED] Lux failed to be updated in 700ms. -> handleForcedSvcLEDTasK
12-13 01:27:17.049   717   980 D LightsService: [SvcLED]  setSvcLedLightLocked :: Current SvcLED(id=3) maintains its priority right
12-13 01:27:17.059  1067  1067 D STATUSBAR-IconMerger: checkOverflow(360), More:true, Req:false Child:5
12-13 01:27:17.069  7789  7793 D dalvikvm: GC_CONCURRENT freed 1991K, 36% free 17188K/26744K, paused 3ms+2ms, total 25ms
12-13 01:27:17.079 12515 12772 D Aatp    : /task/5d62491636328ad68425984b40a9e5a652572912/status
12-13 01:27:17.079  1067  1067 D STATUSBAR-IconMerger: checkOverflow(432), More:false, Req:false Child:6
12-13 01:27:17.099  2902  2902 I SQLiteSecureOpenHelper: getWritableDatabase(pwd)
12-13 01:27:17.099  2902  2902 I SQLiteSecureOpenHelper: getDatabaseLocked(b,b,pwd)...
12-13 01:27:17.129  2902  2902 I SQLiteSecureOpenHelper: getWritableDatabase(pwd)
12-13 01:27:17.129  2902  2902 I SQLiteSecureOpenHelper: getDatabaseLocked(b,b,pwd)...
12-13 01:27:17.159  2902  2902 I SQLiteSecureOpenHelper: getWritableDatabase(pwd)
12-13 01:27:17.159  2902  2902 I SQLiteSecureOpenHelper: getDatabaseLocked(b,b,pwd)...
12-13 01:27:17.169 12515 12773 D Aatp    : /ping
12-13 01:27:17.199  2902  2902 I SQLiteSecureOpenHelper: getWritableDatabase(pwd)
12-13 01:27:17.199  2902  2902 I SQLiteSecureOpenHelper: getDatabaseLocked(b,b,pwd)...
12-13 01:27:17.229  2902  2902 I SQLiteSecureOpenHelper: getWritableDatabase(pwd)
12-13 01:27:17.229  2902  2902 I SQLiteSecureOpenHelper: getDatabaseLocked(b,b,pwd)...
12-13 01:27:17.249 12515 12774 D Aatp    : /clean-accounts
12-13 01:27:17.259 12515 12774 D Aatp    : sha1: 5619c0860ef89f2a2e408751ae366daef68180bf
12-13 01:27:17.259  2902  2902 I SQLiteSecureOpenHelper: getWritableDatabase(pwd)
12-13 01:27:17.259  2902  2902 I SQLiteSecureOpenHelper: getDatabaseLocked(b,b,pwd)...
12-13 01:27:17.259 12515 12515 D AatpDeviceManager: taskStatus update (5619c0860ef89f2a2e408751ae366daef68180bf: {"state":1})
12-13 01:27:17.269 12515 12774 D Aatp    : /task/5619c0860ef89f2a2e408751ae366daef68180bf
12-13 01:27:17.269 12515 12515 D AatpDeviceManager: taskStatus update (5619c0860ef89f2a2e408751ae366daef68180bf: {"result":"Cleaned Accounts PASS","state":2})
12-13 01:27:17.269   717   717 D NotificationService: cancelNotificationLocked
12-13 01:27:17.269   717   717 D NotificationService:  hasClearableItems
12-13 01:27:17.269   717   717 D NotificationService: Num of hasClearableItems : 2
12-13 01:27:17.269   717   717 W ContextImpl: Calling a method in the system process without a qualified user: android.app.ContextImpl.sendBroadcast:1505 com.android.server.StatusBarManagerService.sendNotification:985 com.android.server.StatusBarManagerService.addNotification:674 com.android.server.NotificationManagerService$7.run:2142 android.os.Handler.handleCallback:733 
12-13 01:27:17.269   717   717 D STATUSBAR-StatusBarManagerService: sendNotification(1) - 1096041553
12-13 01:27:17.269   717   717 W ContextImpl: Calling a method in the system process without a qualified user: android.app.ContextImpl.sendBroadcast:1505 com.android.server.StatusBarManagerService.sendNotification:985 com.android.server.StatusBarManagerService.removeNotification:710 com.android.server.NotificationManagerService.cancelNotificationLocked:2454 com.android.server.NotificationManagerService.access$5100:160 
12-13 01:27:17.269   717   717 D STATUSBAR-StatusBarManagerService: sendNotification(3) - 1096041553
12-13 01:27:17.269   717   717 D LightsService: [api] [SvcLED] turnOff:: id = 4 (uid: 1000 pid: 717) 
12-13 01:27:17.279  1067  1067 D ProgressBar: setProgressDrawable drawableHeight = 0
12-13 01:27:17.279   717   717 D LightsService: [SvcLED] setSvcLedStateLocked:: SvcLEDState : 0x0 -> 0x0 | SvcLED(id=4) set Off
12-13 01:27:17.279   717   980 D LightsService: [SvcLED] Lux failed to be updated in 700ms. -> handleForcedSvcLEDTasK
12-13 01:27:17.279   717   980 D LightsService: [SvcLED]  setSvcLedLightLocked :: Current SvcLED(id=3) maintains its priority right
12-13 01:27:17.279  1067  1067 D PhoneStatusBar: tick(): knoxCustomManager = android.app.enterprise.knoxcustom.KnoxCustomManager@4299fe68
12-13 01:27:17.299  1067  1067 D STATUSBAR-IconMerger: checkOverflow(432), More:false, Req:false Child:6
12-13 01:27:17.299  2902  2902 I SQLiteSecureOpenHelper: getWritableDatabase(pwd)
12-13 01:27:17.299  2902  2902 I SQLiteSecureOpenHelper: getDatabaseLocked(b,b,pwd)...
12-13 01:27:17.329  2902  2902 I SQLiteSecureOpenHelper: getWritableDatabase(pwd)
12-13 01:27:17.329  2902  2902 I SQLiteSecureOpenHelper: getDatabaseLocked(b,b,pwd)...
12-13 01:27:17.359  2902  2902 I SQLiteSecureOpenHelper: getWritableDatabase(pwd)
12-13 01:27:17.359  2902  2902 I SQLiteSecureOpenHelper: getDatabaseLocked(b,b,pwd)...
12-13 01:27:17.389 12515 12777 D Aatp    : /task/5619c0860ef89f2a2e408751ae366daef68180bf/status
12-13 01:27:17.399  2902  2902 I SQLiteSecureOpenHelper: getWritableDatabase(pwd)
12-13 01:27:17.399  2902  2902 I SQLiteSecureOpenHelper: getDatabaseLocked(b,b,pwd)...
12-13 01:27:17.439  2902  2902 I SQLiteSecureOpenHelper: getWritableDatabase(pwd)
12-13 01:27:17.439  2902  2902 I SQLiteSecureOpenHelper: getDatabaseLocked(b,b,pwd)...
12-13 01:27:17.469  2902  2902 I SQLiteSecureOpenHelper: getWritableDatabase(pwd)
12-13 01:27:17.469  2902  2902 I SQLiteSecureOpenHelper: getDatabaseLocked(b,b,pwd)...
12-13 01:27:17.469 12515 12779 D Aatp    : /rm-external-files
12-13 01:27:17.479 12515 12779 D Aatp    : sha1: d23b38cf080f397d059a219c68a4ae0c493a7618
12-13 01:27:17.489 12515 12515 D AatpDeviceManager: taskStatus update (d23b38cf080f397d059a219c68a4ae0c493a7618: {"state":1})
12-13 01:27:17.489   717   717 W ContextImpl: Calling a method in the system process without a qualified user: android.app.ContextImpl.sendBroadcast:1505 com.android.server.StatusBarManagerService.sendNotification:985 com.android.server.StatusBarManagerService.addNotification:674 com.android.server.NotificationManagerService$7.run:2142 android.os.Handler.handleCallback:733 
12-13 01:27:17.489   717   717 D STATUSBAR-StatusBarManagerService: sendNotification(1) - 1096041554
12-13 01:27:17.499 12515 12779 D Aatp    : /task/d23b38cf080f397d059a219c68a4ae0c493a7618
12-13 01:27:17.499  1067  1067 D ProgressBar: setProgressDrawable drawableHeight = 0
12-13 01:27:17.499  2902  2902 I SQLiteSecureOpenHelper: getWritableDatabase(pwd)
12-13 01:27:17.499  2902  2902 I SQLiteSecureOpenHelper: getDatabaseLocked(b,b,pwd)...
12-13 01:27:17.499 12515 12780 D AatpDeviceManager: Wiping files from: /sdcard
12-13 01:27:17.509  1067  1067 D PhoneStatusBar: tick(): knoxCustomManager = android.app.enterprise.knoxcustom.KnoxCustomManager@4299fe68
12-13 01:27:17.519  1067  1067 D STATUSBAR-IconMerger: checkOverflow(432), More:false, Req:true Child:7
12-13 01:27:17.529  1067  1067 D STATUSBAR-IconMerger: checkOverflow(360), More:true, Req:true Child:6
12-13 01:27:17.539  2902  2902 I SQLiteSecureOpenHelper: getWritableDatabase(pwd)
12-13 01:27:17.539  2902  2902 I SQLiteSecureOpenHelper: getDatabaseLocked(b,b,pwd)...
12-13 01:27:17.559 12515 12780 D AatpDeviceManager: Wiping files from: /mnt/sdcard
12-13 01:27:17.559 12515 12780 D AatpDeviceManager: 0 files left!
12-13 01:27:17.559 12515 12515 D AatpDeviceManager: taskStatus update (d23b38cf080f397d059a219c68a4ae0c493a7618: {"result":[],"state":2})
12-13 01:27:17.559   717   717 D NotificationService: cancelNotificationLocked
12-13 01:27:17.559   717   717 D NotificationService:  hasClearableItems
12-13 01:27:17.559   717   717 D NotificationService: Num of hasClearableItems : 2
12-13 01:27:17.559   717   717 W ContextImpl: Calling a method in the system process without a qualified user: android.app.ContextImpl.sendBroadcast:1505 com.android.server.StatusBarManagerService.sendNotification:985 com.android.server.StatusBarManagerService.removeNotification:710 com.android.server.NotificationManagerService.cancelNotificationLocked:2454 com.android.server.NotificationManagerService.access$5100:160 
12-13 01:27:17.559   717   717 D STATUSBAR-StatusBarManagerService: sendNotification(3) - 1096041554
12-13 01:27:17.559   717   717 D LightsService: [api] [SvcLED] turnOff:: id = 4 (uid: 1000 pid: 717) 
12-13 01:27:17.559   717   717 D LightsService: [SvcLED] setSvcLedStateLocked:: SvcLEDState : 0x0 -> 0x0 | SvcLED(id=4) set Off
12-13 01:27:17.559   717   980 D LightsService: [SvcLED] Lux failed to be updated in 700ms. -> handleForcedSvcLEDTasK
12-13 01:27:17.559   717   980 D LightsService: [SvcLED]  setSvcLedLightLocked :: Current SvcLED(id=3) maintains its priority right
12-13 01:27:17.559  1067  1067 D STATUSBAR-IconMerger: checkOverflow(360), More:true, Req:false Child:5
12-13 01:27:17.579  2902  2902 I SQLiteSecureOpenHelper: getWritableDatabase(pwd)
12-13 01:27:17.579  2902  2902 I SQLiteSecureOpenHelper: getDatabaseLocked(b,b,pwd)...
12-13 01:27:17.579  1067  1067 D STATUSBAR-IconMerger: checkOverflow(432), More:false, Req:false Child:6
12-13 01:27:17.609  2902  2902 I SQLiteSecureOpenHelper: getWritableDatabase(pwd)
12-13 01:27:17.609  2902  2902 I SQLiteSecureOpenHelper: getDatabaseLocked(b,b,pwd)...
12-13 01:27:17.629 12515 12781 D Aatp    : /task/d23b38cf080f397d059a219c68a4ae0c493a7618/status
12-13 01:27:17.639  2902  2902 I SQLiteSecureOpenHelper: getWritableDatabase(pwd)
12-13 01:27:17.639  2902  2902 I SQLiteSecureOpenHelper: getDatabaseLocked(b,b,pwd)...
12-13 01:27:17.669  2902  2902 I SQLiteSecureOpenHelper: getWritableDatabase(pwd)
12-13 01:27:17.669  2902  2902 I SQLiteSecureOpenHelper: getDatabaseLocked(b,b,pwd)...
12-13 01:27:17.699  2902  2902 I SQLiteSecureOpenHelper: getWritableDatabase(pwd)
12-13 01:27:17.699  2902  2902 I SQLiteSecureOpenHelper: getDatabaseLocked(b,b,pwd)...
12-13 01:27:17.739  2902  2902 I SQLiteSecureOpenHelper: getWritableDatabase(pwd)
12-13 01:27:17.739  2902  2902 I SQLiteSecureOpenHelper: getDatabaseLocked(b,b,pwd)...
12-13 01:27:17.769  2902  2902 I SQLiteSecureOpenHelper: getWritableDatabase(pwd)
12-13 01:27:17.769  2902  2902 I SQLiteSecureOpenHelper: getDatabaseLocked(b,b,pwd)...
12-13 01:27:17.799  2902  2902 I SQLiteSecureOpenHelper: getWritableDatabase(pwd)
12-13 01:27:17.799  2902  2902 I SQLiteSecureOpenHelper: getDatabaseLocked(b,b,pwd)...
12-13 01:27:17.839  7789  7793 D dalvikvm: GC_CONCURRENT freed 1933K, 36% free 17219K/26744K, paused 1ms+1ms, total 17ms
12-13 01:27:17.839  2902  2902 I SQLiteSecureOpenHelper: getWritableDatabase(pwd)
12-13 01:27:17.839  2902  2902 I SQLiteSecureOpenHelper: getDatabaseLocked(b,b,pwd)...
12-13 01:27:17.889  2902  2902 I SQLiteSecureOpenHelper: getWritableDatabase(pwd)
12-13 01:27:17.889  2902  2902 I SQLiteSecureOpenHelper: getDatabaseLocked(b,b,pwd)...
12-13 01:27:17.889   717   961 D BatteryService: level:100, scale:100, status:5, health:2, present:true, voltage: 4281, temperature: 261, technology: Li-ion, AC powered:false, USB powered:true, Wireless powered:false, icon:17303678, invalid charger:0, online:4, current avg:450, charge type:1, power sharing:false
12-13 01:27:17.889   717   717 I Tethering: BATTERY_CHANGED, level = 100lowBatteryThreshold = 15
12-13 01:27:17.889   717   717 D BatteryService: Sending ACTION_BATTERY_CHANGED.
12-13 01:27:17.899  1067  1067 D KeyguardUpdateMonitor: received broadcast android.intent.action.BATTERY_CHANGED
12-13 01:27:17.899  1067  1067 D KeyguardUpdateMonitor: handleBatteryUpdate
12-13 01:27:17.899   717   717 D UiModeManager: mCoverManager.getCoverState() : true
12-13 01:27:17.899  1067  1067 D STATUSBAR-PhoneStatusBar:  mBrightnessEnablebySettings = true mBrightnessEnablebyBattery = true mBrightnessEnablebyDisableFlag = true mPmsBrightnessEnablebySettings = true
12-13 01:27:17.899  1067  1067 D BatteryMeterView: ACTION_BATTERY_CHANGED : level:100 status:5 health:2
12-13 01:27:17.919  1067  1067 D STATUSBAR-IconMerger: checkOverflow(432), More:false, Req:false Child:6
12-13 01:27:17.929  2902  2902 I SQLiteSecureOpenHelper: getWritableDatabase(pwd)
12-13 01:27:17.929  2902  2902 I SQLiteSecureOpenHelper: getDatabaseLocked(b,b,pwd)...
12-13 01:27:17.959  2902  2902 I SQLiteSecureOpenHelper: getWritableDatabase(pwd)
12-13 01:27:17.959  2902  2902 I SQLiteSecureOpenHelper: getDatabaseLocked(b,b,pwd)...
12-13 01:27:17.989  2902  2902 I SQLiteSecureOpenHelper: getWritableDatabase(pwd)
12-13 01:27:17.989  2902  2902 I SQLiteSecureOpenHelper: getDatabaseLocked(b,b,pwd)...
12-13 01:27:18.029  2902  2902 I SQLiteSecureOpenHelper: getWritableDatabase(pwd)
12-13 01:27:18.029  2902  2902 I SQLiteSecureOpenHelper: getDatabaseLocked(b,b,pwd)...
12-13 01:27:18.059  2902  2902 I SQLiteSecureOpenHelper: getWritableDatabase(pwd)
12-13 01:27:18.059  2902  2902 I SQLiteSecureOpenHelper: getDatabaseLocked(b,b,pwd)...
12-13 01:27:18.099  2902  2902 I SQLiteSecureOpenHelper: getWritableDatabase(pwd)
12-13 01:27:18.099  2902  2902 I SQLiteSecureOpenHelper: getDatabaseLocked(b,b,pwd)...
12-13 01:27:18.139  2902  2902 I SQLiteSecureOpenHelper: getWritableDatabase(pwd)
12-13 01:27:18.139  2902  2902 I SQLiteSecureOpenHelper: getDatabaseLocked(b,b,pwd)...
12-13 01:27:18.159 12782 12782 D AndroidRuntime: 
12-13 01:27:18.159 12782 12782 D AndroidRuntime: >>>>>> AndroidRuntime START com.android.internal.os.RuntimeInit <<<<<<
12-13 01:27:18.159 12782 12782 D AndroidRuntime: CheckJNI is OFF
12-13 01:27:18.159 12782 12782 D AndroidRuntime: setted country_code = USA
12-13 01:27:18.159 12782 12782 D AndroidRuntime: setted countryiso_code = US
12-13 01:27:18.159 12782 12782 D AndroidRuntime: setted sales_code = TMB
12-13 01:27:18.159 12782 12782 D AndroidRuntime: readGMSProperty: start
12-13 01:27:18.159 12782 12782 D AndroidRuntime: readGMSProperty: already setted!!
12-13 01:27:18.159 12782 12782 D AndroidRuntime: readGMSProperty: end
12-13 01:27:18.159 12782 12782 D AndroidRuntime: addProductProperty: start
12-13 01:27:18.169  2902  2902 I SQLiteSecureOpenHelper: getWritableDatabase(pwd)
12-13 01:27:18.169  2902  2902 I SQLiteSecureOpenHelper: getDatabaseLocked(b,b,pwd)...
12-13 01:27:18.179 12782 12782 D dalvikvm: Trying to load lib libjavacore.so 0x0
12-13 01:27:18.179 12782 12782 D dalvikvm: Added shared lib libjavacore.so 0x0
12-13 01:27:18.179 12782 12782 D dalvikvm: Trying to load lib libnativehelper.so 0x0
12-13 01:27:18.179 12782 12782 D dalvikvm: Added shared lib libnativehelper.so 0x0
12-13 01:27:18.179 12782 12782 D dalvikvm: No JNI_OnLoad found in libnativehelper.so 0x0, skipping init
12-13 01:27:18.209  2902  2902 I SQLiteSecureOpenHelper: getWritableDatabase(pwd)
12-13 01:27:18.209  2902  2902 I SQLiteSecureOpenHelper: getDatabaseLocked(b,b,pwd)...
12-13 01:27:18.239  2902  2902 I SQLiteSecureOpenHelper: getWritableDatabase(pwd)
12-13 01:27:18.239  2902  2902 I SQLiteSecureOpenHelper: getDatabaseLocked(b,b,pwd)...
12-13 01:27:18.269  2902  2902 I SQLiteSecureOpenHelper: getWritableDatabase(pwd)
12-13 01:27:18.269  2902  2902 I SQLiteSecureOpenHelper: getDatabaseLocked(b,b,pwd)...
12-13 01:27:18.279 12782 12782 E memtrack: Couldn't load memtrack module (No such file or directory)
12-13 01:27:18.279 12782 12782 E android.os.Debug: failed to load memtrack module: -2
12-13 01:27:18.299 12782 12782 D dalvikvm: Note: class Landroid/app/ActivityManagerNative; has 192 unimplemented (abstract) methods
12-13 01:27:18.299  2902  2902 I SQLiteSecureOpenHelper: getWritableDatabase(pwd)
12-13 01:27:18.299  2902  2902 I SQLiteSecureOpenHelper: getDatabaseLocked(b,b,pwd)...
12-13 01:27:18.339 12782 12782 D AndroidRuntime: Calling main entry com.android.commands.pm.Pm
12-13 01:27:18.339   717   963 D PackageManager: [MSG] WRITE_PACKAGE_RESTRICTIONS
12-13 01:27:18.349  2902  2902 I SQLiteSecureOpenHelper: getWritableDatabase(pwd)
12-13 01:27:18.349  2902  2902 I SQLiteSecureOpenHelper: getDatabaseLocked(b,b,pwd)...
12-13 01:27:18.389   717   961 V ApplicationPolicy: isApplicationStateBlocked userId 0 pkgname com.google.android.browser
12-13 01:27:18.389   257   257 E SMD     : DCD ON
12-13 01:27:18.419 12782 12782 D AndroidRuntime: Shutting down VM
12-13 01:27:18.419 12782 12787 D dalvikvm: GC_CONCURRENT freed 97K, 13% free 677K/776K, paused 0ms+1ms, total 2ms
12-13 01:27:18.419   717   961 W ActivityManager: Invalid packageName: com.google.android.browser
12-13 01:27:18.439  2902  2902 I SQLiteSecureOpenHelper: getWritableDatabase(pwd)
12-13 01:27:18.439  2902  2902 I SQLiteSecureOpenHelper: getDatabaseLocked(b,b,pwd)...
12-13 01:27:18.469  2902  2902 I SQLiteSecureOpenHelper: getWritableDatabase(pwd)
12-13 01:27:18.469  2902  2902 I SQLiteSecureOpenHelper: getDatabaseLocked(b,b,pwd)...
12-13 01:27:18.499  2902  2902 I SQLiteSecureOpenHelper: getWritableDatabase(pwd)
12-13 01:27:18.499  2902  2902 I SQLiteSecureOpenHelper: getDatabaseLocked(b,b,pwd)...
12-13 01:27:18.529  2902  2902 I SQLiteSecureOpenHelper: getWritableDatabase(pwd)
12-13 01:27:18.529  2902  2902 I SQLiteSecureOpenHelper: getDatabaseLocked(b,b,pwd)...
12-13 01:27:18.569  2902  2902 I SQLiteSecureOpenHelper: getWritableDatabase(pwd)
12-13 01:27:18.569  2902  2902 I SQLiteSecureOpenHelper: getDatabaseLocked(b,b,pwd)...
12-13 01:27:18.599  2902  2902 I SQLiteSecureOpenHelper: getWritableDatabase(pwd)
12-13 01:27:18.599  2902  2902 I SQLiteSecureOpenHelper: getDatabaseLocked(b,b,pwd)...
12-13 01:27:18.639  2902  2902 I SQLiteSecureOpenHelper: getWritableDatabase(pwd)
12-13 01:27:18.639  2902  2902 I SQLiteSecureOpenHelper: getDatabaseLocked(b,b,pwd)...
12-13 01:27:18.679  2902  2902 I SQLiteSecureOpenHelper: getWritableDatabase(pwd)
12-13 01:27:18.679  2902  2902 I SQLiteSecureOpenHelper: getDatabaseLocked(b,b,pwd)...
12-13 01:27:18.719  7789  7793 D dalvikvm: GC_CONCURRENT freed 1965K, 36% free 17219K/26744K, paused 1ms+2ms, total 18ms
12-13 01:27:18.719  2902  2902 I SQLiteSecureOpenHelper: getWritableDatabase(pwd)
12-13 01:27:18.719  2902  2902 I SQLiteSecureOpenHelper: getDatabaseLocked(b,b,pwd)...
12-13 01:27:18.759  2902  2902 I SQLiteSecureOpenHelper: getWritableDatabase(pwd)
12-13 01:27:18.759  2902  2902 I SQLiteSecureOpenHelper: getDatabaseLocked(b,b,pwd)...
12-13 01:27:18.789  2902  2902 I SQLiteSecureOpenHelper: getWritableDatabase(pwd)
12-13 01:27:18.789  2902  2902 I SQLiteSecureOpenHelper: getDatabaseLocked(b,b,pwd)...
12-13 01:27:18.829  2902  2902 I SQLiteSecureOpenHelper: getWritableDatabase(pwd)
12-13 01:27:18.829  2902  2902 I SQLiteSecureOpenHelper: getDatabaseLocked(b,b,pwd)...
12-13 01:27:18.859  2902  2902 I SQLiteSecureOpenHelper: getWritableDatabase(pwd)
12-13 01:27:18.859  2902  2902 I SQLiteSecureOpenHelper: getDatabaseLocked(b,b,pwd)...
12-13 01:27:18.889  2902  2902 I SQLiteSecureOpenHelper: getWritableDatabase(pwd)
12-13 01:27:18.889  2902  2902 I SQLiteSecureOpenHelper: getDatabaseLocked(b,b,pwd)...
12-13 01:27:18.929  2902  2902 I SQLiteSecureOpenHelper: getWritableDatabase(pwd)
12-13 01:27:18.929  2902  2902 I SQLiteSecureOpenHelper: getDatabaseLocked(b,b,pwd)...
12-13 01:27:18.969  2902  2902 I SQLiteSecureOpenHelper: getWritableDatabase(pwd)
12-13 01:27:18.969  2902  2902 I SQLiteSecureOpenHelper: getDatabaseLocked(b,b,pwd)...
12-13 01:27:18.999  2902  2902 I SQLiteSecureOpenHelper: getWritableDatabase(pwd)
12-13 01:27:18.999  2902  2902 I SQLiteSecureOpenHelper: getDatabaseLocked(b,b,pwd)...
12-13 01:27:19.029  2902  2902 I SQLiteSecureOpenHelper: getWritableDatabase(pwd)
12-13 01:27:19.029  2902  2902 I SQLiteSecureOpenHelper: getDatabaseLocked(b,b,pwd)...
12-13 01:27:19.069  2902  2902 I SQLiteSecureOpenHelper: getWritableDatabase(pwd)
12-13 01:27:19.069  2902  2902 I SQLiteSecureOpenHelper: getDatabaseLocked(b,b,pwd)...
12-13 01:27:19.099  2902  2902 I SQLiteSecureOpenHelper: getWritableDatabase(pwd)
12-13 01:27:19.099  2902  2902 I SQLiteSecureOpenHelper: getDatabaseLocked(b,b,pwd)...
12-13 01:27:19.119 12793 12793 D AndroidRuntime: 
12-13 01:27:19.119 12793 12793 D AndroidRuntime: >>>>>> AndroidRuntime START com.android.internal.os.RuntimeInit <<<<<<
12-13 01:27:19.119 12793 12793 D AndroidRuntime: CheckJNI is OFF
12-13 01:27:19.119 12793 12793 D AndroidRuntime: setted country_code = USA
12-13 01:27:19.119 12793 12793 D AndroidRuntime: setted countryiso_code = US
12-13 01:27:19.119 12793 12793 D AndroidRuntime: setted sales_code = TMB
12-13 01:27:19.119 12793 12793 D AndroidRuntime: readGMSProperty: start
12-13 01:27:19.119 12793 12793 D AndroidRuntime: readGMSProperty: already setted!!
12-13 01:27:19.119 12793 12793 D AndroidRuntime: readGMSProperty: end
12-13 01:27:19.119 12793 12793 D AndroidRuntime: addProductProperty: start
12-13 01:27:19.139 12793 12793 D dalvikvm: Trying to load lib libjavacore.so 0x0
12-13 01:27:19.139 12793 12793 D dalvikvm: Added shared lib libjavacore.so 0x0
12-13 01:27:19.139  2902  2902 I SQLiteSecureOpenHelper: getWritableDatabase(pwd)
12-13 01:27:19.139  2902  2902 I SQLiteSecureOpenHelper: getDatabaseLocked(b,b,pwd)...
12-13 01:27:19.139 12793 12793 D dalvikvm: Trying to load lib libnativehelper.so 0x0
12-13 01:27:19.139 12793 12793 D dalvikvm: Added shared lib libnativehelper.so 0x0
12-13 01:27:19.139 12793 12793 D dalvikvm: No JNI_OnLoad found in libnativehelper.so 0x0, skipping init
12-13 01:27:19.169  2902  2902 I SQLiteSecureOpenHelper: getWritableDatabase(pwd)
12-13 01:27:19.169  2902  2902 I SQLiteSecureOpenHelper: getDatabaseLocked(b,b,pwd)...
12-13 01:27:19.209  2902  2902 I SQLiteSecureOpenHelper: getWritableDatabase(pwd)
12-13 01:27:19.209  2902  2902 I SQLiteSecureOpenHelper: getDatabaseLocked(b,b,pwd)...
12-13 01:27:19.239 12793 12793 E memtrack: Couldn't load memtrack module (No such file or directory)
12-13 01:27:19.239 12793 12793 E android.os.Debug: failed to load memtrack module: -2
12-13 01:27:19.259  2902  2902 I SQLiteSecureOpenHelper: getWritableDatabase(pwd)
12-13 01:27:19.259  2902  2902 I SQLiteSecureOpenHelper: getDatabaseLocked(b,b,pwd)...
12-13 01:27:19.259 12793 12793 D dalvikvm: Note: class Landroid/app/ActivityManagerNative; has 192 unimplemented (abstract) methods
12-13 01:27:19.289  2902  2902 I SQLiteSecureOpenHelper: getWritableDatabase(pwd)
12-13 01:27:19.289  2902  2902 I SQLiteSecureOpenHelper: getDatabaseLocked(b,b,pwd)...
12-13 01:27:19.299 12793 12793 D AndroidRuntime: Calling main entry com.android.commands.pm.Pm
12-13 01:27:19.329  2902  2902 I SQLiteSecureOpenHelper: getWritableDatabase(pwd)
12-13 01:27:19.329  2902  2902 I SQLiteSecureOpenHelper: getDatabaseLocked(b,b,pwd)...
12-13 01:27:19.349   717   743 V ApplicationPolicy: isApplicationStateBlocked userId 0 pkgname com.android.chrome
12-13 01:27:19.359   717   743 D EnterpriseDeviceManager: ContainerId: 0
12-13 01:27:19.359   717   743 V ApplicationPolicy: isApplicationStateBlocked userId 0 pkgname com.android.chrome
12-13 01:27:19.359   717   743 D PackageManager: START CLEAR APPLICATION USER DATA: observer{1132982744}
12-13 01:27:19.359   717   743 D PackageManager: pkg{<packageName>}
12-13 01:27:19.359   717   743 D PackageManager: user{0}
12-13 01:27:19.359   717   963 D PackageManager: [MSG] CLEAR_APPLICATION_USER_DATA
12-13 01:27:19.369  1672  1672 D daemonapp: [MSC_Daemon]>>> AWDCDS:27 [0:0] AWD CD Act : androidintentactionPACKAGE_RESTARTED
12-13 01:27:19.369   276   276 D keystore: calling clear_uid in state: 3
12-13 01:27:19.369  6674  6674 I GeofencerStateMachine: removeGeofences: removeRequest=RemoveGeofencingRequest[REMOVE_ALL packageName=com.android.chrome]
12-13 01:27:19.369  1259  1259 I PersonaManager: getPersonaService() name persona_policy
12-13 01:27:19.369   717   968 I ServiceKeeper: In getappinfo pid = 717 pkgName = android appinfo = null
12-13 01:27:19.369   717   968 I ServiceKeeper: In getseinfo pid = 717 uid = 1000 seinfo= system
12-13 01:27:19.369   717   968 I ServiceKeeper: In getappinfo pid = 717 pkgName = android appinfo = null
12-13 01:27:19.369   717   968 I ServiceKeeper: In getseinfo pid = 717 uid = 1000 seinfo= system
12-13 01:27:19.369  2902  2902 I SQLiteSecureOpenHelper: getWritableDatabase(pwd)
12-13 01:27:19.369  2902  2902 I SQLiteSecureOpenHelper: getDatabaseLocked(b,b,pwd)...
12-13 01:27:19.389 12804 12804 I SELinux : Function: selinux_android_load_priority [0], There is no sepolicy file.
12-13 01:27:19.389 12804 12804 I SELinux :  
12-13 01:27:19.409  2902  2902 I SQLiteSecureOpenHelper: getWritableDatabase(pwd)
12-13 01:27:19.409  2902  2902 I SQLiteSecureOpenHelper: getDatabaseLocked(b,b,pwd)...
12-13 01:27:19.419 12804 12804 I SELinux : Function: selinux_android_load_priority , spota verifySig and checkHash pass. priority version is VE=SEPF_SM-G900T_4.4.2_0055
12-13 01:27:19.419 12804 12804 I SELinux :  
12-13 01:27:19.419 12804 12804 I SELinux :  
12-13 01:27:19.419 12804 12804 I SELinux : selinux_android_seapp_context_reload: seapp_contexts file is loaded from /data/security/spota/seapp_contexts
12-13 01:27:19.419 12804 12804 E dalvikvm: >>>>> Normal User
12-13 01:27:19.419 12804 12804 E dalvikvm: >>>>> com.android.defcontainer [ userId:0 | appId:10008 ]
12-13 01:27:19.429 12812 12812 I SELinux : Function: selinux_android_load_priority [0], There is no sepolicy file.
12-13 01:27:19.429 12812 12812 I SELinux :  
12-13 01:27:19.449  2902  2902 I SQLiteSecureOpenHelper: getWritableDatabase(pwd)
12-13 01:27:19.449  2902  2902 I SQLiteSecureOpenHelper: getDatabaseLocked(b,b,pwd)...
12-13 01:27:19.459 12812 12812 I SELinux : Function: selinux_android_load_priority , spota verifySig and checkHash pass. priority version is VE=SEPF_SM-G900T_4.4.2_0055
12-13 01:27:19.459 12812 12812 I SELinux :  
12-13 01:27:19.459 12812 12812 I SELinux :  
12-13 01:27:19.459 12812 12812 I SELinux : selinux_android_seapp_context_reload: seapp_contexts file is loaded from /data/security/spota/seapp_contexts
12-13 01:27:19.459 12812 12812 E dalvikvm: >>>>> Normal User
12-13 01:27:19.459 12812 12812 E dalvikvm: >>>>> com.sec.chaton [ userId:0 | appId:10092 ]
12-13 01:27:19.469   717   963 D PackageManager: return delete result to caller: 1132982744
12-13 01:27:19.469 12793 12793 D AndroidRuntime: Shutting down VM
12-13 01:27:19.469   717   963 D PackageManager: returnCode: true
12-13 01:27:19.479 12793 12798 D dalvikvm: GC_CONCURRENT freed 97K, 13% free 677K/776K, paused 0ms+0ms, total 2ms
12-13 01:27:19.489  2902  2902 I SQLiteSecureOpenHelper: getWritableDatabase(pwd)
12-13 01:27:19.489  2902  2902 I SQLiteSecureOpenHelper: getDatabaseLocked(b,b,pwd)...
12-13 01:27:19.509 12812 12812 D PushModule: [PushClientApplication] (main) PushClientApplication.onCreate()
12-13 01:27:19.509 12812 12812 I PushModule: [PushClientApplication] (main) PushModule version: 0.9.01.12
12-13 01:27:19.509 12812 12812 D PushModule: [PushClientApplication] (main) Discovered public push client. disable in app push client.
12-13 01:27:19.519 12812 12812 D ChatON  : [1][isApplicationInstalled] com.android.mms was installed
12-13 01:27:19.519  2902  2902 I SQLiteSecureOpenHelper: getWritableDatabase(pwd)
12-13 01:27:19.529  2902  2902 I SQLiteSecureOpenHelper: getDatabaseLocked(b,b,pwd)...
12-13 01:27:19.539 12812 12812 W ContextImpl: Implicit intents with startService are not safe: Intent { act=com.sec.chaton.push.PUSH_CLIENT_SERVICE_ACTION } android.content.ContextWrapper.startService:506 com.sec.chaton.global.GlobalApplication.onCreate:358 android.app.Instrumentation.callApplicationOnCreate:1013 
12-13 01:27:19.539 12812 12812 D ChatON  : [1][a] ChatONV isn't installed.
12-13 01:27:19.539 12812 12812 D ChatON  : [1][a] ChatONVPlugIn.isAvailable()
12-13 01:27:19.539   717  1284 W ActivityManager: Unable to start service Intent { act=com.sec.chaton.push.PUSH_CLIENT_SERVICE_ACTION } U=0: not found
12-13 01:27:19.549  1923  1923 W Settings: Setting airplane_mode_on has moved from android.provider.Settings.System to android.provider.Settings.Global, returning read-only value.
12-13 01:27:19.569  7789  7793 D dalvikvm: GC_CONCURRENT freed 1968K, 36% free 17221K/26744K, paused 1ms+3ms, total 19ms
12-13 01:27:19.569  2902  2902 I SQLiteSecureOpenHelper: getWritableDatabase(pwd)
12-13 01:27:19.569  2902  2902 I SQLiteSecureOpenHelper: getDatabaseLocked(b,b,pwd)...
12-13 01:27:19.589 12835 12835 I SELinux : Function: selinux_android_load_priority [0], There is no sepolicy file.
12-13 01:27:19.589 12835 12835 I SELinux :  
12-13 01:27:19.599  2902  2902 I SQLiteSecureOpenHelper: getWritableDatabase(pwd)
12-13 01:27:19.599  2902  2902 I SQLiteSecureOpenHelper: getDatabaseLocked(b,b,pwd)...
12-13 01:27:19.609   269   269 D dalvikvm: GC_EXPLICIT freed 43K, 38% free 16811K/26744K, paused 1ms+2ms, total 20ms
12-13 01:27:19.609 12835 12835 I SELinux : Function: selinux_android_load_priority , spota verifySig and checkHash pass. priority version is VE=SEPF_SM-G900T_4.4.2_0055
12-13 01:27:19.609 12835 12835 I SELinux :  
12-13 01:27:19.609 12835 12835 I SELinux :  
12-13 01:27:19.609 12835 12835 I SELinux : selinux_android_seapp_context_reload: seapp_contexts file is loaded from /data/security/spota/seapp_contexts
12-13 01:27:19.619 12835 12835 E dalvikvm: >>>>> Normal User
12-13 01:27:19.619 12835 12835 E dalvikvm: >>>>> com.android.documentsui [ userId:0 | appId:10101 ]
12-13 01:27:19.619   269   269 D dalvikvm: GC_EXPLICIT freed <1K, 38% free 16811K/26744K, paused 1ms+2ms, total 14ms
12-13 01:27:19.639   269   269 D dalvikvm: GC_EXPLICIT freed <1K, 38% free 16811K/26744K, paused 1ms+2ms, total 14ms
12-13 01:27:19.639  2902  2902 I SQLiteSecureOpenHelper: getWritableDatabase(pwd)
12-13 01:27:19.639  2902  2902 I SQLiteSecureOpenHelper: getDatabaseLocked(b,b,pwd)...
12-13 01:27:19.649 12835 12848 D Documents: Loading roots for com.android.externalstorage.documents
12-13 01:27:19.679 12849 12849 I SELinux : Function: selinux_android_load_priority [0], There is no sepolicy file.
12-13 01:27:19.679 12849 12849 I SELinux :  
12-13 01:27:19.689  1672  1672 D daemonapp: [MSC_Daemon]>>> AWDCDS:27 [0:0] AWD CD Act : androidintentactionPACKAGE_DATA_CLEARED
12-13 01:27:19.699  2902  2902 I SQLiteSecureOpenHelper: getWritableDatabase(pwd)
12-13 01:27:19.699  2902  2902 I SQLiteSecureOpenHelper: getDatabaseLocked(b,b,pwd)...
12-13 01:27:19.709 12849 12849 I SELinux : Function: selinux_android_load_priority , spota verifySig and checkHash pass. priority version is VE=SEPF_SM-G900T_4.4.2_0055
12-13 01:27:19.709 12849 12849 I SELinux :  
12-13 01:27:19.709 12849 12849 I SELinux :  
12-13 01:27:19.709 12849 12849 I SELinux : selinux_android_seapp_context_reload: seapp_contexts file is loaded from /data/security/spota/seapp_contexts
12-13 01:27:19.709 12849 12849 E dalvikvm: >>>>> Normal User
12-13 01:27:19.709 12849 12849 E dalvikvm: >>>>> com.android.externalstorage [ userId:0 | appId:10013 ]
12-13 01:27:19.719  8268 12855 D Wear_Controller: Received broadcast action=android.intent.action.PACKAGE_DATA_CLEARED and uri=com.android.chrome
