--------- beginning of /dev/log/main
12-13 01:27:01.499  2902  2902 I SQLiteSecureOpenHelper: getWritableDatabase(pwd)
12-13 01:27:01.499  2902  2902 I SQLiteSecureOpenHelper: getDatabaseLocked(b,b,pwd)...
12-13 01:27:01.579  2902  2902 I SQLiteSecureOpenHelper: getWritableDatabase(pwd)
12-13 01:27:01.579  2902  2902 I SQLiteSecureOpenHelper: getDatabaseLocked(b,b,pwd)...
12-13 01:27:01.639  2902  2902 I SQLiteSecureOpenHelper: getWritableDatabase(pwd)
12-13 01:27:01.639  2902  2902 I SQLiteSecureOpenHelper: getDatabaseLocked(b,b,pwd)...
12-13 01:27:01.709  2902  2902 I SQLiteSecureOpenHelper: getWritableDatabase(pwd)
12-13 01:27:01.709  2902  2902 I SQLiteSecureOpenHelper: getDatabaseLocked(b,b,pwd)...
12-13 01:27:01.749  2902  2902 I SQLiteSecureOpenHelper: getWritableDatabase(pwd)
12-13 01:27:01.749  2902  2902 I SQLiteSecureOpenHelper: getDatabaseLocked(b,b,pwd)...
12-13 01:27:01.759   717   901 E LightSensor: RED : 1, GREEN : 3, BLUE : 3, CLEAR : 6, CALCULATED LUX : 0.000000, CCT : 8282.000000, REAL LUX : 0.000000 a_time = 238, gain = 64, ir=1, rp1=1, gp1=2, bp1=2, cp1=5, cpl=3202560
12-13 01:27:01.809  2902  2902 I SQLiteSecureOpenHelper: getWritableDatabase(pwd)
12-13 01:27:01.809  2902  2902 I SQLiteSecureOpenHelper: getDatabaseLocked(b,b,pwd)...
12-13 01:27:01.879  2902  2902 I SQLiteSecureOpenHelper: getWritableDatabase(pwd)
12-13 01:27:01.879  2902  2902 I SQLiteSecureOpenHelper: getDatabaseLocked(b,b,pwd)...
12-13 01:27:01.929  2902  2902 I SQLiteSecureOpenHelper: getWritableDatabase(pwd)
12-13 01:27:01.929  2902  2902 I SQLiteSecureOpenHelper: getDatabaseLocked(b,b,pwd)...
12-13 01:27:01.979  2902  2902 I SQLiteSecureOpenHelper: getWritableDatabase(pwd)
12-13 01:27:01.979  2902  2902 I SQLiteSecureOpenHelper: getDatabaseLocked(b,b,pwd)...
12-13 01:27:02.029  2902  2902 I SQLiteSecureOpenHelper: getWritableDatabase(pwd)
12-13 01:27:02.029  2902  2902 I SQLiteSecureOpenHelper: getDatabaseLocked(b,b,pwd)...
12-13 01:27:02.079  2902  2902 I SQLiteSecureOpenHelper: getWritableDatabase(pwd)
12-13 01:27:02.079  2902  2902 I SQLiteSecureOpenHelper: getDatabaseLocked(b,b,pwd)...
12-13 01:27:02.119  2902  2902 I SQLiteSecureOpenHelper: getWritableDatabase(pwd)
12-13 01:27:02.119  2902  2902 I SQLiteSecureOpenHelper: getDatabaseLocked(b,b,pwd)...
12-13 01:27:02.169  2902  2902 I SQLiteSecureOpenHelper: getWritableDatabase(pwd)
12-13 01:27:02.169  2902  2902 I SQLiteSecureOpenHelper: getDatabaseLocked(b,b,pwd)...
12-13 01:27:02.209  2902  2902 I SQLiteSecureOpenHelper: getWritableDatabase(pwd)
12-13 01:27:02.209  2902  2902 I SQLiteSecureOpenHelper: getDatabaseLocked(b,b,pwd)...
12-13 01:27:02.259  2902  2902 I SQLiteSecureOpenHelper: getWritableDatabase(pwd)
12-13 01:27:02.259  2902  2902 I SQLiteSecureOpenHelper: getDatabaseLocked(b,b,pwd)...
12-13 01:27:02.359  2902  2902 I SQLiteSecureOpenHelper: getWritableDatabase(pwd)
12-13 01:27:02.359  2902  2902 I SQLiteSecureOpenHelper: getDatabaseLocked(b,b,pwd)...
12-13 01:27:02.429  2902  2902 I SQLiteSecureOpenHelper: getWritableDatabase(pwd)
12-13 01:27:02.429  2902  2902 I SQLiteSecureOpenHelper: getDatabaseLocked(b,b,pwd)...
12-13 01:27:02.449  7789  7793 D dalvikvm: GC_CONCURRENT freed 1996K, 36% free 17199K/26744K, paused 3ms+13ms, total 37ms
12-13 01:27:02.479  2902  2902 I SQLiteSecureOpenHelper: getWritableDatabase(pwd)
12-13 01:27:02.479  2902  2902 I SQLiteSecureOpenHelper: getDatabaseLocked(b,b,pwd)...
12-13 01:27:02.559  2902  2902 I SQLiteSecureOpenHelper: getWritableDatabase(pwd)
12-13 01:27:02.559  2902  2902 I SQLiteSecureOpenHelper: getDatabaseLocked(b,b,pwd)...
12-13 01:27:02.619  2902  2902 I SQLiteSecureOpenHelper: getWritableDatabase(pwd)
12-13 01:27:02.619  2902  2902 I SQLiteSecureOpenHelper: getDatabaseLocked(b,b,pwd)...
12-13 01:27:02.669  2902  2902 I SQLiteSecureOpenHelper: getWritableDatabase(pwd)
12-13 01:27:02.669  2902  2902 I SQLiteSecureOpenHelper: getDatabaseLocked(b,b,pwd)...
12-13 01:27:02.719  2902  2902 I SQLiteSecureOpenHelper: getWritableDatabase(pwd)
12-13 01:27:02.719  2902  2902 I SQLiteSecureOpenHelper: getDatabaseLocked(b,b,pwd)...
12-13 01:27:02.779  2902  2902 I SQLiteSecureOpenHelper: getWritableDatabase(pwd)
12-13 01:27:02.779  2902  2902 I SQLiteSecureOpenHelper: getDatabaseLocked(b,b,pwd)...
12-13 01:27:02.819  2902  2902 I SQLiteSecureOpenHelper: getWritableDatabase(pwd)
12-13 01:27:02.819  2902  2902 I SQLiteSecureOpenHelper: getDatabaseLocked(b,b,pwd)...
12-13 01:27:02.859  2902  2902 I SQLiteSecureOpenHelper: getWritableDatabase(pwd)
12-13 01:27:02.859  2902  2902 I SQLiteSecureOpenHelper: getDatabaseLocked(b,b,pwd)...
12-13 01:27:02.889  2902  2902 I SQLiteSecureOpenHelper: getWritableDatabase(pwd)
12-13 01:27:02.889  2902  2902 I SQLiteSecureOpenHelper: getDatabaseLocked(b,b,pwd)...
12-13 01:27:02.929  2902  2902 I SQLiteSecureOpenHelper: getWritableDatabase(pwd)
12-13 01:27:02.929  2902  2902 I SQLiteSecureOpenHelper: getDatabaseLocked(b,b,pwd)...
12-13 01:27:02.959  2902  2902 I SQLiteSecureOpenHelper: getWritableDatabase(pwd)
12-13 01:27:02.959  2902  2902 I SQLiteSecureOpenHelper: getDatabaseLocked(b,b,pwd)...
12-13 01:27:02.989  2902  2902 I SQLiteSecureOpenHelper: getWritableDatabase(pwd)
12-13 01:27:02.989  2902  2902 I SQLiteSecureOpenHelper: getDatabaseLocked(b,b,pwd)...
12-13 01:27:02.999 12427 12427 D AndroidRuntime: 
12-13 01:27:02.999 12427 12427 D AndroidRuntime: >>>>>> AndroidRuntime START com.android.internal.os.RuntimeInit <<<<<<
12-13 01:27:02.999 12427 12427 D AndroidRuntime: CheckJNI is OFF
12-13 01:27:02.999 12427 12427 D AndroidRuntime: setted country_code = USA
12-13 01:27:02.999 12427 12427 D AndroidRuntime: setted countryiso_code = US
12-13 01:27:02.999 12427 12427 D AndroidRuntime: setted sales_code = TMB
12-13 01:27:02.999 12427 12427 D AndroidRuntime: readGMSProperty: start
12-13 01:27:02.999 12427 12427 D AndroidRuntime: readGMSProperty: already setted!!
12-13 01:27:02.999 12427 12427 D AndroidRuntime: readGMSProperty: end
12-13 01:27:02.999 12427 12427 D AndroidRuntime: addProductProperty: start
12-13 01:27:03.019 12427 12427 D dalvikvm: Trying to load lib libjavacore.so 0x0
12-13 01:27:03.019 12427 12427 D dalvikvm: Added shared lib libjavacore.so 0x0
12-13 01:27:03.019 12427 12427 D dalvikvm: Trying to load lib libnativehelper.so 0x0
12-13 01:27:03.019 12427 12427 D dalvikvm: Added shared lib libnativehelper.so 0x0
12-13 01:27:03.019 12427 12427 D dalvikvm: No JNI_OnLoad found in libnativehelper.so 0x0, skipping init
--------- beginning of /dev/log/system
12-13 01:27:03.019   717  2645 D SSRMv2:SIOP: SIOP:: AP = 340, PST = 341, Delta = 0
12-13 01:27:03.019   717  2645 D AmoledAdjustTimer: prevTemp = 261, currTemp = 261, prevStep = 4, currStep = 4
12-13 01:27:03.029  2902  2902 I SQLiteSecureOpenHelper: getWritableDatabase(pwd)
12-13 01:27:03.029  2902  2902 I SQLiteSecureOpenHelper: getDatabaseLocked(b,b,pwd)...
12-13 01:27:03.059  2902  2902 I SQLiteSecureOpenHelper: getWritableDatabase(pwd)
12-13 01:27:03.059  2902  2902 I SQLiteSecureOpenHelper: getDatabaseLocked(b,b,pwd)...
12-13 01:27:03.089  2902  2902 I SQLiteSecureOpenHelper: getWritableDatabase(pwd)
12-13 01:27:03.089  2902  2902 I SQLiteSecureOpenHelper: getDatabaseLocked(b,b,pwd)...
12-13 01:27:03.119  2902  2902 I SQLiteSecureOpenHelper: getWritableDatabase(pwd)
12-13 01:27:03.119  2902  2902 I SQLiteSecureOpenHelper: getDatabaseLocked(b,b,pwd)...
12-13 01:27:03.129 12427 12427 E memtrack: Couldn't load memtrack module (No such file or directory)
12-13 01:27:03.129 12427 12427 E android.os.Debug: failed to load memtrack module: -2
12-13 01:27:03.149 12427 12427 D dalvikvm: Note: class Landroid/app/ActivityManagerNative; has 192 unimplemented (abstract) methods
12-13 01:27:03.159  2902  2902 I SQLiteSecureOpenHelper: getWritableDatabase(pwd)
12-13 01:27:03.159  2902  2902 I SQLiteSecureOpenHelper: getDatabaseLocked(b,b,pwd)...
12-13 01:27:03.189  2902  2902 I SQLiteSecureOpenHelper: getWritableDatabase(pwd)
12-13 01:27:03.189  2902  2902 I SQLiteSecureOpenHelper: getDatabaseLocked(b,b,pwd)...
12-13 01:27:03.199 12427 12427 D AndroidRuntime: Calling main entry com.android.commands.pm.Pm
12-13 01:27:03.219  2902  2902 I SQLiteSecureOpenHelper: getWritableDatabase(pwd)
12-13 01:27:03.219  2902  2902 I SQLiteSecureOpenHelper: getDatabaseLocked(b,b,pwd)...
12-13 01:27:03.389   257   257 E SMD     : DCD ON
12-13 01:27:03.399   717   736 D dalvikvm: GC_CONCURRENT freed 5611K, 39% free 39608K/64144K, paused 4ms+5ms, total 133ms
12-13 01:27:03.399   717   744 D dalvikvm: WAIT_FOR_CONCURRENT_GC blocked 112ms
12-13 01:27:03.469   717   744 E PersonaManagerService: Unable to read user list
12-13 01:27:03.489   717   743 D PackageManager: checkUidPermission - Execution time: 245 ms
12-13 01:27:03.489 12427 12427 D AndroidRuntime: Shutting down VM
12-13 01:27:03.489 12427 12432 D dalvikvm: GC_CONCURRENT freed 96K, 13% free 665K/764K, paused 0ms+0ms, total 3ms
12-13 01:27:03.509  2902  2902 I SQLiteSecureOpenHelper: getWritableDatabase(pwd)
12-13 01:27:03.509  2902  2902 I SQLiteSecureOpenHelper: getDatabaseLocked(b,b,pwd)...
12-13 01:27:03.539  2902  2902 I SQLiteSecureOpenHelper: getWritableDatabase(pwd)
12-13 01:27:03.539  2902  2902 I SQLiteSecureOpenHelper: getDatabaseLocked(b,b,pwd)...
12-13 01:27:03.569  2902  2902 I SQLiteSecureOpenHelper: getWritableDatabase(pwd)
12-13 01:27:03.569  2902  2902 I SQLiteSecureOpenHelper: getDatabaseLocked(b,b,pwd)...
12-13 01:27:03.609  7789  7793 D dalvikvm: GC_CONCURRENT freed 1937K, 36% free 17222K/26744K, paused 1ms+2ms, total 16ms
12-13 01:27:03.609  2902  2902 I SQLiteSecureOpenHelper: getWritableDatabase(pwd)
12-13 01:27:03.619  2902  2902 I SQLiteSecureOpenHelper: getDatabaseLocked(b,b,pwd)...
12-13 01:27:03.649  2902  2902 I SQLiteSecureOpenHelper: getWritableDatabase(pwd)
12-13 01:27:03.649  2902  2902 I SQLiteSecureOpenHelper: getDatabaseLocked(b,b,pwd)...
12-13 01:27:03.679  2902  2902 I SQLiteSecureOpenHelper: getWritableDatabase(pwd)
12-13 01:27:03.679  2902  2902 I SQLiteSecureOpenHelper: getDatabaseLocked(b,b,pwd)...
12-13 01:27:03.709  2902  2902 I SQLiteSecureOpenHelper: getWritableDatabase(pwd)
12-13 01:27:03.709  2902  2902 I SQLiteSecureOpenHelper: getDatabaseLocked(b,b,pwd)...
12-13 01:27:03.749  2902  2902 I SQLiteSecureOpenHelper: getWritableDatabase(pwd)
12-13 01:27:03.749  2902  2902 I SQLiteSecureOpenHelper: getDatabaseLocked(b,b,pwd)...
12-13 01:27:03.779  2902  2902 I SQLiteSecureOpenHelper: getWritableDatabase(pwd)
12-13 01:27:03.779  2902  2902 I SQLiteSecureOpenHelper: getDatabaseLocked(b,b,pwd)...
12-13 01:27:03.809  2902  2902 I SQLiteSecureOpenHelper: getWritableDatabase(pwd)
12-13 01:27:03.809  2902  2902 I SQLiteSecureOpenHelper: getDatabaseLocked(b,b,pwd)...
12-13 01:27:03.829   717  1186 E Watchdog: !@Sync 164
12-13 01:27:03.839  2902  2902 I SQLiteSecureOpenHelper: getWritableDatabase(pwd)
12-13 01:27:03.839  2902  2902 I SQLiteSecureOpenHelper: getDatabaseLocked(b,b,pwd)...
12-13 01:27:03.869  2902  2902 I SQLiteSecureOpenHelper: getWritableDatabase(pwd)
12-13 01:27:03.869  2902  2902 I SQLiteSecureOpenHelper: getDatabaseLocked(b,b,pwd)...
12-13 01:27:03.909  2902  2902 I SQLiteSecureOpenHelper: getWritableDatabase(pwd)
12-13 01:27:03.909  2902  2902 I SQLiteSecureOpenHelper: getDatabaseLocked(b,b,pwd)...
12-13 01:27:03.939  2902  2902 I SQLiteSecureOpenHelper: getWritableDatabase(pwd)
12-13 01:27:03.939  2902  2902 I SQLiteSecureOpenHelper: getDatabaseLocked(b,b,pwd)...
12-13 01:27:03.969  2902  2902 I SQLiteSecureOpenHelper: getWritableDatabase(pwd)
12-13 01:27:03.969  2902  2902 I SQLiteSecureOpenHelper: getDatabaseLocked(b,b,pwd)...
12-13 01:27:04.009  2902  2902 I SQLiteSecureOpenHelper: getWritableDatabase(pwd)
12-13 01:27:04.009  2902  2902 I SQLiteSecureOpenHelper: getDatabaseLocked(b,b,pwd)...
12-13 01:27:04.039  2902  2902 I SQLiteSecureOpenHelper: getWritableDatabase(pwd)
12-13 01:27:04.039  2902  2902 I SQLiteSecureOpenHelper: getDatabaseLocked(b,b,pwd)...
12-13 01:27:04.079  2902  2902 I SQLiteSecureOpenHelper: getWritableDatabase(pwd)
12-13 01:27:04.079  2902  2902 I SQLiteSecureOpenHelper: getDatabaseLocked(b,b,pwd)...
12-13 01:27:04.119  2902  2902 I SQLiteSecureOpenHelper: getWritableDatabase(pwd)
12-13 01:27:04.119  2902  2902 I SQLiteSecureOpenHelper: getDatabaseLocked(b,b,pwd)...
12-13 01:27:04.149  2902  2902 I SQLiteSecureOpenHelper: getWritableDatabase(pwd)
12-13 01:27:04.149  2902  2902 I SQLiteSecureOpenHelper: getDatabaseLocked(b,b,pwd)...
12-13 01:27:04.179  2902  2902 I SQLiteSecureOpenHelper: getWritableDatabase(pwd)
12-13 01:27:04.179  2902  2902 I SQLiteSecureOpenHelper: getDatabaseLocked(b,b,pwd)...
12-13 01:27:04.209  2902  2902 I SQLiteSecureOpenHelper: getWritableDatabase(pwd)
12-13 01:27:04.209  2902  2902 I SQLiteSecureOpenHelper: getDatabaseLocked(b,b,pwd)...
12-13 01:27:04.209 12438 12438 D AndroidRuntime: 
12-13 01:27:04.209 12438 12438 D AndroidRuntime: >>>>>> AndroidRuntime START com.android.internal.os.RuntimeInit <<<<<<
12-13 01:27:04.219 12438 12438 D AndroidRuntime: CheckJNI is OFF
12-13 01:27:04.219 12438 12438 D AndroidRuntime: setted country_code = USA
12-13 01:27:04.219 12438 12438 D AndroidRuntime: setted countryiso_code = US
12-13 01:27:04.219 12438 12438 D AndroidRuntime: setted sales_code = TMB
12-13 01:27:04.219 12438 12438 D AndroidRuntime: readGMSProperty: start
12-13 01:27:04.219 12438 12438 D AndroidRuntime: readGMSProperty: already setted!!
12-13 01:27:04.219 12438 12438 D AndroidRuntime: readGMSProperty: end
12-13 01:27:04.219 12438 12438 D AndroidRuntime: addProductProperty: start
12-13 01:27:04.229 12438 12438 D dalvikvm: Trying to load lib libjavacore.so 0x0
12-13 01:27:04.229 12438 12438 D dalvikvm: Added shared lib libjavacore.so 0x0
12-13 01:27:04.239 12438 12438 D dalvikvm: Trying to load lib libnativehelper.so 0x0
12-13 01:27:04.239 12438 12438 D dalvikvm: Added shared lib libnativehelper.so 0x0
12-13 01:27:04.239 12438 12438 D dalvikvm: No JNI_OnLoad found in libnativehelper.so 0x0, skipping init
12-13 01:27:04.239  2902  2902 I SQLiteSecureOpenHelper: getWritableDatabase(pwd)
12-13 01:27:04.239  2902  2902 I SQLiteSecureOpenHelper: getDatabaseLocked(b,b,pwd)...
12-13 01:27:04.279  2902  2902 I SQLiteSecureOpenHelper: getWritableDatabase(pwd)
12-13 01:27:04.279  2902  2902 I SQLiteSecureOpenHelper: getDatabaseLocked(b,b,pwd)...
12-13 01:27:04.309  2902  2902 I SQLiteSecureOpenHelper: getWritableDatabase(pwd)
12-13 01:27:04.309  2902  2902 I SQLiteSecureOpenHelper: getDatabaseLocked(b,b,pwd)...
12-13 01:27:04.339 12438 12438 E memtrack: Couldn't load memtrack module (No such file or directory)
12-13 01:27:04.339 12438 12438 E android.os.Debug: failed to load memtrack module: -2
12-13 01:27:04.339  2902  2902 I SQLiteSecureOpenHelper: getWritableDatabase(pwd)
12-13 01:27:04.339  2902  2902 I SQLiteSecureOpenHelper: getDatabaseLocked(b,b,pwd)...
12-13 01:27:04.359 12438 12438 D dalvikvm: Note: class Landroid/app/ActivityManagerNative; has 192 unimplemented (abstract) methods
12-13 01:27:04.389  2902  2902 I SQLiteSecureOpenHelper: getWritableDatabase(pwd)
12-13 01:27:04.389  2902  2902 I SQLiteSecureOpenHelper: getDatabaseLocked(b,b,pwd)...
12-13 01:27:04.389 12438 12438 D AndroidRuntime: Calling main entry com.android.commands.pm.Pm
12-13 01:27:04.419  7789  7793 D dalvikvm: GC_CONCURRENT freed 1996K, 36% free 17194K/26744K, paused 7ms+1ms, total 45ms
12-13 01:27:04.489   717  1402 E PersonaManagerService: Unable to read user list
12-13 01:27:04.509 12438 12438 D AndroidRuntime: Shutting down VM
12-13 01:27:04.519 12438 12443 D dalvikvm: GC_CONCURRENT freed 96K, 13% free 665K/764K, paused 0ms+0ms, total 5ms
12-13 01:27:04.529  2902  2902 I SQLiteSecureOpenHelper: getWritableDatabase(pwd)
12-13 01:27:04.529  2902  2902 I SQLiteSecureOpenHelper: getDatabaseLocked(b,b,pwd)...
12-13 01:27:04.539  1923  1923 W Settings: Setting airplane_mode_on has moved from android.provider.Settings.System to android.provider.Settings.Global, returning read-only value.
12-13 01:27:04.569  2902  2902 I SQLiteSecureOpenHelper: getWritableDatabase(pwd)
12-13 01:27:04.569  2902  2902 I SQLiteSecureOpenHelper: getDatabaseLocked(b,b,pwd)...
12-13 01:27:04.599  2902  2902 I SQLiteSecureOpenHelper: getWritableDatabase(pwd)
12-13 01:27:04.599  2902  2902 I SQLiteSecureOpenHelper: getDatabaseLocked(b,b,pwd)...
12-13 01:27:04.629  2902  2902 I SQLiteSecureOpenHelper: getWritableDatabase(pwd)
12-13 01:27:04.629  2902  2902 I SQLiteSecureOpenHelper: getDatabaseLocked(b,b,pwd)...
12-13 01:27:04.669  2902  2902 I SQLiteSecureOpenHelper: getWritableDatabase(pwd)
12-13 01:27:04.669  2902  2902 I SQLiteSecureOpenHelper: getDatabaseLocked(b,b,pwd)...
12-13 01:27:04.699  2902  2902 I SQLiteSecureOpenHelper: getWritableDatabase(pwd)
12-13 01:27:04.699  2902  2902 I SQLiteSecureOpenHelper: getDatabaseLocked(b,b,pwd)...
12-13 01:27:04.739  2902  2902 I SQLiteSecureOpenHelper: getWritableDatabase(pwd)
12-13 01:27:04.739  2902  2902 I SQLiteSecureOpenHelper: getDatabaseLocked(b,b,pwd)...
12-13 01:27:04.779  2902  2902 I SQLiteSecureOpenHelper: getWritableDatabase(pwd)
12-13 01:27:04.779  2902  2902 I SQLiteSecureOpenHelper: getDatabaseLocked(b,b,pwd)...
12-13 01:27:04.839  2902  2902 I SQLiteSecureOpenHelper: getWritableDatabase(pwd)
12-13 01:27:04.839  2902  2902 I SQLiteSecureOpenHelper: getDatabaseLocked(b,b,pwd)...
12-13 01:27:04.879  2902  2902 I SQLiteSecureOpenHelper: getWritableDatabase(pwd)
12-13 01:27:04.879  2902  2902 I SQLiteSecureOpenHelper: getDatabaseLocked(b,b,pwd)...
12-13 01:27:04.909  2902  2902 I SQLiteSecureOpenHelper: getWritableDatabase(pwd)
12-13 01:27:04.909  2902  2902 I SQLiteSecureOpenHelper: getDatabaseLocked(b,b,pwd)...
12-13 01:27:04.949  2902  2902 I SQLiteSecureOpenHelper: getWritableDatabase(pwd)
12-13 01:27:04.949  2902  2902 I SQLiteSecureOpenHelper: getDatabaseLocked(b,b,pwd)...
12-13 01:27:04.999  2902  2902 I SQLiteSecureOpenHelper: getWritableDatabase(pwd)
12-13 01:27:04.999  2902  2902 I SQLiteSecureOpenHelper: getDatabaseLocked(b,b,pwd)...
12-13 01:27:05.039  2902  2902 I SQLiteSecureOpenHelper: getWritableDatabase(pwd)
12-13 01:27:05.039  2902  2902 I SQLiteSecureOpenHelper: getDatabaseLocked(b,b,pwd)...
12-13 01:27:05.069  2902  2902 I SQLiteSecureOpenHelper: getWritableDatabase(pwd)
12-13 01:27:05.069  2902  2902 I SQLiteSecureOpenHelper: getDatabaseLocked(b,b,pwd)...
12-13 01:27:05.099  2902  2902 I SQLiteSecureOpenHelper: getWritableDatabase(pwd)
12-13 01:27:05.099  2902  2902 I SQLiteSecureOpenHelper: getDatabaseLocked(b,b,pwd)...
12-13 01:27:05.139  2902  2902 I SQLiteSecureOpenHelper: getWritableDatabase(pwd)
12-13 01:27:05.139  2902  2902 I SQLiteSecureOpenHelper: getDatabaseLocked(b,b,pwd)...
12-13 01:27:05.179  2902  2902 I SQLiteSecureOpenHelper: getWritableDatabase(pwd)
12-13 01:27:05.179  2902  2902 I SQLiteSecureOpenHelper: getDatabaseLocked(b,b,pwd)...
12-13 01:27:05.209  2902  2902 I SQLiteSecureOpenHelper: getWritableDatabase(pwd)
12-13 01:27:05.209  2902  2902 I SQLiteSecureOpenHelper: getDatabaseLocked(b,b,pwd)...
12-13 01:27:05.239  2902  2902 I SQLiteSecureOpenHelper: getWritableDatabase(pwd)
12-13 01:27:05.239  2902  2902 I SQLiteSecureOpenHelper: getDatabaseLocked(b,b,pwd)...
12-13 01:27:05.249 12449 12449 D AndroidRuntime: 
12-13 01:27:05.249 12449 12449 D AndroidRuntime: >>>>>> AndroidRuntime START com.android.internal.os.RuntimeInit <<<<<<
12-13 01:27:05.249 12449 12449 D AndroidRuntime: CheckJNI is OFF
12-13 01:27:05.249 12449 12449 D AndroidRuntime: setted country_code = USA
12-13 01:27:05.249 12449 12449 D AndroidRuntime: setted countryiso_code = US
12-13 01:27:05.249 12449 12449 D AndroidRuntime: setted sales_code = TMB
12-13 01:27:05.249 12449 12449 D AndroidRuntime: readGMSProperty: start
12-13 01:27:05.249 12449 12449 D AndroidRuntime: readGMSProperty: already setted!!
12-13 01:27:05.249 12449 12449 D AndroidRuntime: readGMSProperty: end
12-13 01:27:05.249 12449 12449 D AndroidRuntime: addProductProperty: start
12-13 01:27:05.269 12449 12449 D dalvikvm: Trying to load lib libjavacore.so 0x0
12-13 01:27:05.269 12449 12449 D dalvikvm: Added shared lib libjavacore.so 0x0
12-13 01:27:05.269 12449 12449 D dalvikvm: Trying to load lib libnativehelper.so 0x0
12-13 01:27:05.269 12449 12449 D dalvikvm: Added shared lib libnativehelper.so 0x0
12-13 01:27:05.269 12449 12449 D dalvikvm: No JNI_OnLoad found in libnativehelper.so 0x0, skipping init
12-13 01:27:05.269  2902  2902 I SQLiteSecureOpenHelper: getWritableDatabase(pwd)
12-13 01:27:05.269  2902  2902 I SQLiteSecureOpenHelper: getDatabaseLocked(b,b,pwd)...
12-13 01:27:05.319  2902  2902 I SQLiteSecureOpenHelper: getWritableDatabase(pwd)
12-13 01:27:05.319  2902  2902 I SQLiteSecureOpenHelper: getDatabaseLocked(b,b,pwd)...
12-13 01:27:05.359  2902  2902 I SQLiteSecureOpenHelper: getWritableDatabase(pwd)
12-13 01:27:05.359  2902  2902 I SQLiteSecureOpenHelper: getDatabaseLocked(b,b,pwd)...
12-13 01:27:05.379  7789  7793 D dalvikvm: GC_CONCURRENT freed 1961K, 36% free 17193K/26744K, paused 0ms+4ms, total 30ms
12-13 01:27:05.379 12449 12449 E memtrack: Couldn't load memtrack module (No such file or directory)
12-13 01:27:05.379 12449 12449 E android.os.Debug: failed to load memtrack module: -2
12-13 01:27:05.399 12449 12449 D dalvikvm: Note: class Landroid/app/ActivityManagerNative; has 192 unimplemented (abstract) methods
12-13 01:27:05.399  2902  2902 I SQLiteSecureOpenHelper: getWritableDatabase(pwd)
12-13 01:27:05.399  2902  2902 I SQLiteSecureOpenHelper: getDatabaseLocked(b,b,pwd)...
12-13 01:27:05.429 12449 12449 D AndroidRuntime: Calling main entry com.android.commands.pm.Pm
12-13 01:27:05.449  2902  2902 I SQLiteSecureOpenHelper: getWritableDatabase(pwd)
12-13 01:27:05.449  2902  2902 I SQLiteSecureOpenHelper: getDatabaseLocked(b,b,pwd)...
12-13 01:27:05.449 12449 12449 D AndroidRuntime: Shutting down VM
12-13 01:27:05.449 12449 12454 D dalvikvm: GC_CONCURRENT freed 98K, 14% free 665K/768K, paused 1ms+0ms, total 2ms
12-13 01:27:05.479  2902  2902 I SQLiteSecureOpenHelper: getWritableDatabase(pwd)
12-13 01:27:05.479  2902  2902 I SQLiteSecureOpenHelper: getDatabaseLocked(b,b,pwd)...
12-13 01:27:05.509  2902  2902 I SQLiteSecureOpenHelper: getWritableDatabase(pwd)
12-13 01:27:05.509  2902  2902 I SQLiteSecureOpenHelper: getDatabaseLocked(b,b,pwd)...
12-13 01:27:05.539  2902  2902 I SQLiteSecureOpenHelper: getWritableDatabase(pwd)
12-13 01:27:05.539  2902  2902 I SQLiteSecureOpenHelper: getDatabaseLocked(b,b,pwd)...
12-13 01:27:05.569  2902  2902 I SQLiteSecureOpenHelper: getWritableDatabase(pwd)
12-13 01:27:05.569  2902  2902 I SQLiteSecureOpenHelper: getDatabaseLocked(b,b,pwd)...
12-13 01:27:05.599  2902  2902 I SQLiteSecureOpenHelper: getWritableDatabase(pwd)
12-13 01:27:05.599  2902  2902 I SQLiteSecureOpenHelper: getDatabaseLocked(b,b,pwd)...
12-13 01:27:05.639  2902  2902 I SQLiteSecureOpenHelper: getWritableDatabase(pwd)
12-13 01:27:05.639  2902  2902 I SQLiteSecureOpenHelper: getDatabaseLocked(b,b,pwd)...
12-13 01:27:05.669  2902  2902 I SQLiteSecureOpenHelper: getWritableDatabase(pwd)
12-13 01:27:05.669  2902  2902 I SQLiteSecureOpenHelper: getDatabaseLocked(b,b,pwd)...
12-13 01:27:05.699  2902  2902 I SQLiteSecureOpenHelper: getWritableDatabase(pwd)
12-13 01:27:05.699  2902  2902 I SQLiteSecureOpenHelper: getDatabaseLocked(b,b,pwd)...
12-13 01:27:05.729  2902  2902 I SQLiteSecureOpenHelper: getWritableDatabase(pwd)
12-13 01:27:05.729  2902  2902 I SQLiteSecureOpenHelper: getDatabaseLocked(b,b,pwd)...
12-13 01:27:05.769  2902  2902 I SQLiteSecureOpenHelper: getWritableDatabase(pwd)
12-13 01:27:05.769  2902  2902 I SQLiteSecureOpenHelper: getDatabaseLocked(b,b,pwd)...
12-13 01:27:05.799  2902  2902 I SQLiteSecureOpenHelper: getWritableDatabase(pwd)
12-13 01:27:05.799  2902  2902 I SQLiteSecureOpenHelper: getDatabaseLocked(b,b,pwd)...
12-13 01:27:05.829  2902  2902 I SQLiteSecureOpenHelper: getWritableDatabase(pwd)
12-13 01:27:05.829  2902  2902 I SQLiteSecureOpenHelper: getDatabaseLocked(b,b,pwd)...
12-13 01:27:05.859  2902  2902 I SQLiteSecureOpenHelper: getWritableDatabase(pwd)
12-13 01:27:05.859  2902  2902 I SQLiteSecureOpenHelper: getDatabaseLocked(b,b,pwd)...
12-13 01:27:05.889  2902  2902 I SQLiteSecureOpenHelper: getWritableDatabase(pwd)
12-13 01:27:05.889  2902  2902 I SQLiteSecureOpenHelper: getDatabaseLocked(b,b,pwd)...
12-13 01:27:05.919  2902  2902 I SQLiteSecureOpenHelper: getWritableDatabase(pwd)
12-13 01:27:05.919  2902  2902 I SQLiteSecureOpenHelper: getDatabaseLocked(b,b,pwd)...
12-13 01:27:05.959  2902  2902 I SQLiteSecureOpenHelper: getWritableDatabase(pwd)
12-13 01:27:05.959  2902  2902 I SQLiteSecureOpenHelper: getDatabaseLocked(b,b,pwd)...
12-13 01:27:05.999  2902  2902 I SQLiteSecureOpenHelper: getWritableDatabase(pwd)
12-13 01:27:05.999  2902  2902 I SQLiteSecureOpenHelper: getDatabaseLocked(b,b,pwd)...
12-13 01:27:06.029  2902  2902 I SQLiteSecureOpenHelper: getWritableDatabase(pwd)
12-13 01:27:06.029  2902  2902 I SQLiteSecureOpenHelper: getDatabaseLocked(b,b,pwd)...
12-13 01:27:06.059  2902  2902 I SQLiteSecureOpenHelper: getWritableDatabase(pwd)
12-13 01:27:06.059  2902  2902 I SQLiteSecureOpenHelper: getDatabaseLocked(b,b,pwd)...
12-13 01:27:06.099  2902  2902 I SQLiteSecureOpenHelper: getWritableDatabase(pwd)
12-13 01:27:06.099  2902  2902 I SQLiteSecureOpenHelper: getDatabaseLocked(b,b,pwd)...
12-13 01:27:06.139  2902  2902 I SQLiteSecureOpenHelper: getWritableDatabase(pwd)
12-13 01:27:06.139  2902  2902 I SQLiteSecureOpenHelper: getDatabaseLocked(b,b,pwd)...
12-13 01:27:06.139  7789  7793 D dalvikvm: GC_CONCURRENT freed 1957K, 36% free 17196K/26744K, paused 0ms+1ms, total 13ms
12-13 01:27:06.169 12469 12469 D AndroidRuntime: 
12-13 01:27:06.169 12469 12469 D AndroidRuntime: >>>>>> AndroidRuntime START com.android.internal.os.RuntimeInit <<<<<<
12-13 01:27:06.169 12469 12469 D AndroidRuntime: CheckJNI is OFF
12-13 01:27:06.169 12469 12469 D AndroidRuntime: setted country_code = USA
12-13 01:27:06.169 12469 12469 D AndroidRuntime: setted countryiso_code = US
12-13 01:27:06.169 12469 12469 D AndroidRuntime: setted sales_code = TMB
12-13 01:27:06.169 12469 12469 D AndroidRuntime: readGMSProperty: start
12-13 01:27:06.169 12469 12469 D AndroidRuntime: readGMSProperty: already setted!!
12-13 01:27:06.169  2902  2902 I SQLiteSecureOpenHelper: getWritableDatabase(pwd)
12-13 01:27:06.169  2902  2902 I SQLiteSecureOpenHelper: getDatabaseLocked(b,b,pwd)...
12-13 01:27:06.169 12469 12469 D AndroidRuntime: readGMSProperty: end
12-13 01:27:06.169 12469 12469 D AndroidRuntime: addProductProperty: start
12-13 01:27:06.189 12469 12469 D dalvikvm: Trying to load lib libjavacore.so 0x0
12-13 01:27:06.189 12469 12469 D dalvikvm: Added shared lib libjavacore.so 0x0
12-13 01:27:06.189 12469 12469 D dalvikvm: Trying to load lib libnativehelper.so 0x0
12-13 01:27:06.189 12469 12469 D dalvikvm: Added shared lib libnativehelper.so 0x0
12-13 01:27:06.189 12469 12469 D dalvikvm: No JNI_OnLoad found in libnativehelper.so 0x0, skipping init
12-13 01:27:06.199  2902  2902 I SQLiteSecureOpenHelper: getWritableDatabase(pwd)
12-13 01:27:06.199  2902  2902 I SQLiteSecureOpenHelper: getDatabaseLocked(b,b,pwd)...
12-13 01:27:06.239  2902  2902 I SQLiteSecureOpenHelper: getWritableDatabase(pwd)
12-13 01:27:06.239  2902  2902 I SQLiteSecureOpenHelper: getDatabaseLocked(b,b,pwd)...
12-13 01:27:06.269  2902  2902 I SQLiteSecureOpenHelper: getWritableDatabase(pwd)
12-13 01:27:06.269  2902  2902 I SQLiteSecureOpenHelper: getDatabaseLocked(b,b,pwd)...
12-13 01:27:06.289 12469 12469 E memtrack: Couldn't load memtrack module (No such file or directory)
12-13 01:27:06.289 12469 12469 E android.os.Debug: failed to load memtrack module: -2
12-13 01:27:06.299  2902  2902 I SQLiteSecureOpenHelper: getWritableDatabase(pwd)
12-13 01:27:06.299  2902  2902 I SQLiteSecureOpenHelper: getDatabaseLocked(b,b,pwd)...
12-13 01:27:06.309 12469 12469 D dalvikvm: Note: class Landroid/app/ActivityManagerNative; has 192 unimplemented (abstract) methods
12-13 01:27:06.329  2902  2902 I SQLiteSecureOpenHelper: getWritableDatabase(pwd)
12-13 01:27:06.329  2902  2902 I SQLiteSecureOpenHelper: getDatabaseLocked(b,b,pwd)...
12-13 01:27:06.349   717   901 E LightSensor: RED : 1, GREEN : 3, BLUE : 3, CLEAR : 6, CALCULATED LUX : 0.000000, CCT : 8282.000000, REAL LUX : 0.000000 a_time = 238, gain = 64, ir=1, rp1=1, gp1=2, bp1=2, cp1=5, cpl=3202560
12-13 01:27:06.349 12469 12469 D AndroidRuntime: Calling main entry com.android.commands.pm.Pm
12-13 01:27:06.359  2902  2902 I SQLiteSecureOpenHelper: getWritableDatabase(pwd)
12-13 01:27:06.359  2902  2902 I SQLiteSecureOpenHelper: getDatabaseLocked(b,b,pwd)...
12-13 01:27:06.389   257   257 E SMD     : DCD ON
12-13 01:27:06.449   717  4391 E PersonaManagerService: Unable to read user list
12-13 01:27:06.469 12469 12469 D AndroidRuntime: Shutting down VM
12-13 01:27:06.469 12469 12479 D dalvikvm: GC_CONCURRENT freed 96K, 13% free 665K/764K, paused 0ms+1ms, total 4ms
12-13 01:27:06.479  2902  2902 I SQLiteSecureOpenHelper: getWritableDatabase(pwd)
12-13 01:27:06.479  2902  2902 I SQLiteSecureOpenHelper: getDatabaseLocked(b,b,pwd)...
12-13 01:27:06.519  2902  2902 I SQLiteSecureOpenHelper: getWritableDatabase(pwd)
12-13 01:27:06.519  2902  2902 I SQLiteSecureOpenHelper: getDatabaseLocked(b,b,pwd)...
12-13 01:27:06.549   717   901 E LightSensor: RED : 1, GREEN : 3, BLUE : 3, CLEAR : 6, CALCULATED LUX : 0.000000, CCT : 8282.000000, REAL LUX : 0.000000 a_time = 238, gain = 64, ir=1, rp1=1, gp1=2, bp1=2, cp1=5, cpl=3202560
12-13 01:27:06.549  2902  2902 I SQLiteSecureOpenHelper: getWritableDatabase(pwd)
12-13 01:27:06.549  2902  2902 I SQLiteSecureOpenHelper: getDatabaseLocked(b,b,pwd)...
12-13 01:27:06.579  2902  2902 I SQLiteSecureOpenHelper: getWritableDatabase(pwd)
12-13 01:27:06.579  2902  2902 I SQLiteSecureOpenHelper: getDatabaseLocked(b,b,pwd)...
12-13 01:27:06.619  2902  2902 I SQLiteSecureOpenHelper: getWritableDatabase(pwd)
12-13 01:27:06.619  2902  2902 I SQLiteSecureOpenHelper: getDatabaseLocked(b,b,pwd)...
12-13 01:27:06.649  2902  2902 I SQLiteSecureOpenHelper: getWritableDatabase(pwd)
12-13 01:27:06.649  2902  2902 I SQLiteSecureOpenHelper: getDatabaseLocked(b,b,pwd)...
12-13 01:27:06.689  2902  2902 I SQLiteSecureOpenHelper: getWritableDatabase(pwd)
12-13 01:27:06.689  2902  2902 I SQLiteSecureOpenHelper: getDatabaseLocked(b,b,pwd)...
12-13 01:27:06.719  2902  2902 I SQLiteSecureOpenHelper: getWritableDatabase(pwd)
12-13 01:27:06.719  2902  2902 I SQLiteSecureOpenHelper: getDatabaseLocked(b,b,pwd)...
12-13 01:27:06.749  2902  2902 I SQLiteSecureOpenHelper: getWritableDatabase(pwd)
12-13 01:27:06.749  2902  2902 I SQLiteSecureOpenHelper: getDatabaseLocked(b,b,pwd)...
12-13 01:27:06.779  2902  2902 I SQLiteSecureOpenHelper: getWritableDatabase(pwd)
12-13 01:27:06.779  2902  2902 I SQLiteSecureOpenHelper: getDatabaseLocked(b,b,pwd)...
12-13 01:27:06.809  2902  2902 I SQLiteSecureOpenHelper: getWritableDatabase(pwd)
12-13 01:27:06.809  2902  2902 I SQLiteSecureOpenHelper: getDatabaseLocked(b,b,pwd)...
12-13 01:27:06.839  2902  2902 I SQLiteSecureOpenHelper: getWritableDatabase(pwd)
12-13 01:27:06.839  2902  2902 I SQLiteSecureOpenHelper: getDatabaseLocked(b,b,pwd)...
12-13 01:27:06.879  2902  2902 I SQLiteSecureOpenHelper: getWritableDatabase(pwd)
12-13 01:27:06.879  2902  2902 I SQLiteSecureOpenHelper: getDatabaseLocked(b,b,pwd)...
12-13 01:27:06.909  2902  2902 I SQLiteSecureOpenHelper: getWritableDatabase(pwd)
12-13 01:27:06.909  2902  2902 I SQLiteSecureOpenHelper: getDatabaseLocked(b,b,pwd)...
12-13 01:27:06.939  2902  2902 I SQLiteSecureOpenHelper: getWritableDatabase(pwd)
12-13 01:27:06.939  2902  2902 I SQLiteSecureOpenHelper: getDatabaseLocked(b,b,pwd)...
12-13 01:27:06.989  2902  2902 I SQLiteSecureOpenHelper: getWritableDatabase(pwd)
12-13 01:27:06.989  2902  2902 I SQLiteSecureOpenHelper: getDatabaseLocked(b,b,pwd)...
12-13 01:27:07.009  7789  7793 D dalvikvm: GC_CONCURRENT freed 1965K, 36% free 17189K/26744K, paused 4ms+1ms, total 30ms
12-13 01:27:07.029  2902  2902 I SQLiteSecureOpenHelper: getWritableDatabase(pwd)
12-13 01:27:07.029  2902  2902 I SQLiteSecureOpenHelper: getDatabaseLocked(b,b,pwd)...
12-13 01:27:07.059  2902  2902 I SQLiteSecureOpenHelper: getWritableDatabase(pwd)
12-13 01:27:07.059  2902  2902 I SQLiteSecureOpenHelper: getDatabaseLocked(b,b,pwd)...
12-13 01:27:07.089  2902  2902 I SQLiteSecureOpenHelper: getWritableDatabase(pwd)
12-13 01:27:07.089  2902  2902 I SQLiteSecureOpenHelper: getDatabaseLocked(b,b,pwd)...
12-13 01:27:07.129  2902  2902 I SQLiteSecureOpenHelper: getWritableDatabase(pwd)
12-13 01:27:07.129  2902  2902 I SQLiteSecureOpenHelper: getDatabaseLocked(b,b,pwd)...
12-13 01:27:07.159  2902  2902 I SQLiteSecureOpenHelper: getWritableDatabase(pwd)
12-13 01:27:07.159  2902  2902 I SQLiteSecureOpenHelper: getDatabaseLocked(b,b,pwd)...
12-13 01:27:07.189  2902  2902 I SQLiteSecureOpenHelper: getWritableDatabase(pwd)
12-13 01:27:07.189  2902  2902 I SQLiteSecureOpenHelper: getDatabaseLocked(b,b,pwd)...
12-13 01:27:07.219  2902  2902 I SQLiteSecureOpenHelper: getWritableDatabase(pwd)
12-13 01:27:07.219  2902  2902 I SQLiteSecureOpenHelper: getDatabaseLocked(b,b,pwd)...
12-13 01:27:07.249  2902  2902 I SQLiteSecureOpenHelper: getWritableDatabase(pwd)
12-13 01:27:07.249  2902  2902 I SQLiteSecureOpenHelper: getDatabaseLocked(b,b,pwd)...
12-13 01:27:07.289  2902  2902 I SQLiteSecureOpenHelper: getWritableDatabase(pwd)
12-13 01:27:07.289  2902  2902 I SQLiteSecureOpenHelper: getDatabaseLocked(b,b,pwd)...
12-13 01:27:07.319  2902  2902 I SQLiteSecureOpenHelper: getWritableDatabase(pwd)
12-13 01:27:07.319  2902  2902 I SQLiteSecureOpenHelper: getDatabaseLocked(b,b,pwd)...
12-13 01:27:07.349  2902  2902 I SQLiteSecureOpenHelper: getWritableDatabase(pwd)
12-13 01:27:07.349  2902  2902 I SQLiteSecureOpenHelper: getDatabaseLocked(b,b,pwd)...
12-13 01:27:07.379  2902  2902 I SQLiteSecureOpenHelper: getWritableDatabase(pwd)
12-13 01:27:07.379  2902  2902 I SQLiteSecureOpenHelper: getDatabaseLocked(b,b,pwd)...
12-13 01:27:07.409  2902  2902 I SQLiteSecureOpenHelper: getWritableDatabase(pwd)
12-13 01:27:07.409  2902  2902 I SQLiteSecureOpenHelper: getDatabaseLocked(b,b,pwd)...
12-13 01:27:07.439  2902  2902 I SQLiteSecureOpenHelper: getWritableDatabase(pwd)
12-13 01:27:07.439  2902  2902 I SQLiteSecureOpenHelper: getDatabaseLocked(b,b,pwd)...
12-13 01:27:07.479  2902  2902 I SQLiteSecureOpenHelper: getWritableDatabase(pwd)
12-13 01:27:07.479  2902  2902 I SQLiteSecureOpenHelper: getDatabaseLocked(b,b,pwd)...
12-13 01:27:07.509  2902  2902 I SQLiteSecureOpenHelper: getWritableDatabase(pwd)
12-13 01:27:07.509  2902  2902 I SQLiteSecureOpenHelper: getDatabaseLocked(b,b,pwd)...
12-13 01:27:07.539  2902  2902 I SQLiteSecureOpenHelper: getWritableDatabase(pwd)
12-13 01:27:07.539  2902  2902 I SQLiteSecureOpenHelper: getDatabaseLocked(b,b,pwd)...
12-13 01:27:07.569  2902  2902 I SQLiteSecureOpenHelper: getWritableDatabase(pwd)
12-13 01:27:07.579  2902  2902 I SQLiteSecureOpenHelper: getDatabaseLocked(b,b,pwd)...
12-13 01:27:07.609  2902  2902 I SQLiteSecureOpenHelper: getWritableDatabase(pwd)
12-13 01:27:07.609  2902  2902 I SQLiteSecureOpenHelper: getDatabaseLocked(b,b,pwd)...
12-13 01:27:07.639  2902  2902 I SQLiteSecureOpenHelper: getWritableDatabase(pwd)
12-13 01:27:07.639  2902  2902 I SQLiteSecureOpenHelper: getDatabaseLocked(b,b,pwd)...
12-13 01:27:07.669  2902  2902 I SQLiteSecureOpenHelper: getWritableDatabase(pwd)
12-13 01:27:07.669  2902  2902 I SQLiteSecureOpenHelper: getDatabaseLocked(b,b,pwd)...
12-13 01:27:07.699  2902  2902 I SQLiteSecureOpenHelper: getWritableDatabase(pwd)
12-13 01:27:07.699  2902  2902 I SQLiteSecureOpenHelper: getDatabaseLocked(b,b,pwd)...
12-13 01:27:07.739  7789  7793 D dalvikvm: GC_CONCURRENT freed 1928K, 36% free 17221K/26744K, paused 0ms+1ms, total 16ms
12-13 01:27:07.739  2902  2902 I SQLiteSecureOpenHelper: getWritableDatabase(pwd)
12-13 01:27:07.739  2902  2902 I SQLiteSecureOpenHelper: getDatabaseLocked(b,b,pwd)...
12-13 01:27:07.789  2902  2902 I SQLiteSecureOpenHelper: getWritableDatabase(pwd)
12-13 01:27:07.789  2902  2902 I SQLiteSecureOpenHelper: getDatabaseLocked(b,b,pwd)...
12-13 01:27:07.819   717  1819 D BatteryService: level:100, scale:100, status:5, health:2, present:true, voltage: 4361, temperature: 261, technology: Li-ion, AC powered:false, USB powered:true, Wireless powered:false, icon:17303678, invalid charger:0, online:4, current avg:450, charge type:1, power sharing:false
12-13 01:27:07.819   717   717 I Tethering: BATTERY_CHANGED, level = 100lowBatteryThreshold = 15
12-13 01:27:07.819  1067  1067 D KeyguardUpdateMonitor: received broadcast android.intent.action.BATTERY_CHANGED
12-13 01:27:07.819  1067  1067 D KeyguardUpdateMonitor: handleBatteryUpdate
12-13 01:27:07.819   717   717 D BatteryService: Sending ACTION_BATTERY_CHANGED.
12-13 01:27:07.819   717   717 D UiModeManager: mCoverManager.getCoverState() : true
12-13 01:27:07.829  1067  1067 D STATUSBAR-PhoneStatusBar:  mBrightnessEnablebySettings = true mBrightnessEnablebyBattery = true mBrightnessEnablebyDisableFlag = true mPmsBrightnessEnablebySettings = true
12-13 01:27:07.839  2902  2902 I SQLiteSecureOpenHelper: getWritableDatabase(pwd)
12-13 01:27:07.839  2902  2902 I SQLiteSecureOpenHelper: getDatabaseLocked(b,b,pwd)...
12-13 01:27:07.839  1067  1067 D STATUSBAR-IconMerger: checkOverflow(432), More:false, Req:false Child:5
12-13 01:27:07.849  1067  1067 D BatteryMeterView: ACTION_BATTERY_CHANGED : level:100 status:5 health:2
12-13 01:27:07.889  2902  2902 I SQLiteSecureOpenHelper: getWritableDatabase(pwd)
12-13 01:27:07.889  2902  2902 I SQLiteSecureOpenHelper: getDatabaseLocked(b,b,pwd)...
12-13 01:27:07.919  2902  2902 I SQLiteSecureOpenHelper: getWritableDatabase(pwd)
12-13 01:27:07.919  2902  2902 I SQLiteSecureOpenHelper: getDatabaseLocked(b,b,pwd)...
12-13 01:27:07.959  2902  2902 I SQLiteSecureOpenHelper: getWritableDatabase(pwd)
12-13 01:27:07.959  2902  2902 I SQLiteSecureOpenHelper: getDatabaseLocked(b,b,pwd)...
12-13 01:27:07.989  2902  2902 I SQLiteSecureOpenHelper: getWritableDatabase(pwd)
12-13 01:27:07.989  2902  2902 I SQLiteSecureOpenHelper: getDatabaseLocked(b,b,pwd)...
12-13 01:27:08.019  2902  2902 I SQLiteSecureOpenHelper: getWritableDatabase(pwd)
12-13 01:27:08.019  2902  2902 I SQLiteSecureOpenHelper: getDatabaseLocked(b,b,pwd)...
12-13 01:27:08.019 12492 12492 D AndroidRuntime: 
12-13 01:27:08.019 12492 12492 D AndroidRuntime: >>>>>> AndroidRuntime START com.android.internal.os.RuntimeInit <<<<<<
12-13 01:27:08.019 12492 12492 D AndroidRuntime: CheckJNI is OFF
12-13 01:27:08.029 12492 12492 D AndroidRuntime: setted country_code = USA
12-13 01:27:08.029 12492 12492 D AndroidRuntime: setted countryiso_code = US
12-13 01:27:08.029 12492 12492 D AndroidRuntime: setted sales_code = TMB
12-13 01:27:08.029 12492 12492 D AndroidRuntime: readGMSProperty: start
12-13 01:27:08.029 12492 12492 D AndroidRuntime: readGMSProperty: already setted!!
12-13 01:27:08.029 12492 12492 D AndroidRuntime: readGMSProperty: end
12-13 01:27:08.029 12492 12492 D AndroidRuntime: addProductProperty: start
12-13 01:27:08.039 12492 12492 D dalvikvm: Trying to load lib libjavacore.so 0x0
12-13 01:27:08.039 12492 12492 D dalvikvm: Added shared lib libjavacore.so 0x0
12-13 01:27:08.049 12492 12492 D dalvikvm: Trying to load lib libnativehelper.so 0x0
12-13 01:27:08.049 12492 12492 D dalvikvm: Added shared lib libnativehelper.so 0x0
12-13 01:27:08.049 12492 12492 D dalvikvm: No JNI_OnLoad found in libnativehelper.so 0x0, skipping init
12-13 01:27:08.049  2902  2902 I SQLiteSecureOpenHelper: getWritableDatabase(pwd)
12-13 01:27:08.049  2902  2902 I SQLiteSecureOpenHelper: getDatabaseLocked(b,b,pwd)...
12-13 01:27:08.079  2902  2902 I SQLiteSecureOpenHelper: getWritableDatabase(pwd)
12-13 01:27:08.079  2902  2902 I SQLiteSecureOpenHelper: getDatabaseLocked(b,b,pwd)...
12-13 01:27:08.119  2902  2902 I SQLiteSecureOpenHelper: getWritableDatabase(pwd)
12-13 01:27:08.119  2902  2902 I SQLiteSecureOpenHelper: getDatabaseLocked(b,b,pwd)...
12-13 01:27:08.139 12492 12492 E memtrack: Couldn't load memtrack module (No such file or directory)
12-13 01:27:08.139 12492 12492 E android.os.Debug: failed to load memtrack module: -2
12-13 01:27:08.149  2902  2902 I SQLiteSecureOpenHelper: getWritableDatabase(pwd)
12-13 01:27:08.149  2902  2902 I SQLiteSecureOpenHelper: getDatabaseLocked(b,b,pwd)...
12-13 01:27:08.159 12492 12492 D dalvikvm: Note: class Landroid/app/ActivityManagerNative; has 192 unimplemented (abstract) methods
12-13 01:27:08.179  2902  2902 I SQLiteSecureOpenHelper: getWritableDatabase(pwd)
12-13 01:27:08.179  2902  2902 I SQLiteSecureOpenHelper: getDatabaseLocked(b,b,pwd)...
12-13 01:27:08.199 12492 12492 D AndroidRuntime: Calling main entry com.android.commands.am.Am
12-13 01:27:08.219  2902  2902 I SQLiteSecureOpenHelper: getWritableDatabase(pwd)
12-13 01:27:08.219  2902  2902 I SQLiteSecureOpenHelper: getDatabaseLocked(b,b,pwd)...
12-13 01:27:08.239   717  1400 D EnterpriseDeviceManager: ContainerId: 0
12-13 01:27:08.249   717  1400 V ApplicationPolicy: isApplicationStateBlocked userId 0 pkgname com.amazon.aatp.aatpdevicemanager
12-13 01:27:08.249   717  1400 D CustomFrequencyManagerService: acquireDVFSLockLocked : type : DVFS_MIN_LIMIT  frequency : 1958400  uid : 1000  pid : 717  pkgName : ACTIVITY_RESUME_BOOSTER@6
12-13 01:27:08.249   717  1400 W ActivityManager: mDVFSHelper.acquire()
12-13 01:27:08.259  2902  2902 I SQLiteSecureOpenHelper: getWritableDatabase(pwd)
12-13 01:27:08.259  2902  2902 I SQLiteSecureOpenHelper: getDatabaseLocked(b,b,pwd)...
12-13 01:27:08.299   717   968 I ServiceKeeper: In getappinfo pid = 717 pkgName = android appinfo = null
12-13 01:27:08.299   717   968 I ServiceKeeper: In getseinfo pid = 717 uid = 1000 seinfo= system
12-13 01:27:08.309   717   935 D PointerIcon: setMouseIconStyle1 pointerType: 1001iconType:101 flag:0
12-13 01:27:08.309   717   935 D PointerIcon: setMouseCustomIcon IconType is same.101
12-13 01:27:08.309   717   953 D EnterpriseDeviceManager: ContainerId: 0
12-13 01:27:08.309   717   935 D PointerIcon: setHoveringSpenIconStyle1 pointerType: 10001iconType:1 flag:0
12-13 01:27:08.309   717   935 D PointerIcon: setHoveringSpenCustomIcon IconType is same.1
12-13 01:27:08.309   717   953 D STATUSBAR-StatusBarManagerService: manageDisableList what=0x0 pkg=WindowManager.LayoutParams
12-13 01:27:08.319   717  1073 I ApplicationUsage: handleMessage : MSG_UPDATE_USAGE_DB
12-13 01:27:08.319   717  1073 I ApplicationUsage: Updating Usage Statistics in DB @ 1513135628338
12-13 01:27:08.329 12492 12492 D AndroidRuntime: Shutting down VM
12-13 01:27:08.329 12492 12502 D dalvikvm: GC_CONCURRENT freed 98K, 13% free 712K/812K, paused 2ms+0ms, total 3ms
12-13 01:27:08.329  1319  1319 D WfcActivityStateReceiver: onReceive(): packageName=com.android.settings, activityState=pause
12-13 01:27:08.329   717  1048 V SmartFaceService - 3rd party pause: onReceive [android.intent.action.ACTIVITY_STATE/com.android.settings/pause]
12-13 01:27:08.359 12515 12515 I SELinux : Function: selinux_android_load_priority [0], There is no sepolicy file.
12-13 01:27:08.359 12515 12515 I SELinux :  
12-13 01:27:08.369  2902  2902 I SQLiteSecureOpenHelper: getWritableDatabase(pwd)
12-13 01:27:08.369  2902  2902 I SQLiteSecureOpenHelper: getDatabaseLocked(b,b,pwd)...
12-13 01:27:08.369   717  7178 W ContextImpl: Calling a method in the system process without a qualified user: android.app.ContextImpl.sendBroadcast:1505 com.android.server.am.AppStateBroadcaster.BroadcastAppState:128 com.android.server.am.AppStateBroadcaster.SendApplicationStart:28 com.android.server.am.ActivityStackSupervisor.startSpecificActivityLocked:1424 com.android.server.am.ActivityStack.resumeTopActivityLocked:2349 
12-13 01:27:08.369   717  7178 W ContextImpl: Calling a method in the system process without a qualified user: android.app.ContextImpl.sendBroadcast:1505 com.android.server.am.AppStateBroadcaster.BroadcastAppState:128 com.android.server.am.AppStateBroadcaster.SendApplicationFocusLoss:40 com.android.server.am.ActivityStack.resumeTopActivityLocked:2361 com.android.server.am.ActivityStackSupervisor.resumeTopActivitiesLocked:3313 
12-13 01:27:08.369   717  7178 W ContextImpl: Calling a method in the system process without a qualified user: android.app.ContextImpl.sendBroadcast:1505 com.android.server.am.AppStateBroadcaster.BroadcastAppState:128 com.android.server.am.AppStateBroadcaster.SendApplicationFocusGain:34 com.android.server.am.ActivityStack.resumeTopActivityLocked:2362 com.android.server.am.ActivityStackSupervisor.resumeTopActivitiesLocked:3313 
12-13 01:27:08.389 12515 12515 I SELinux : Function: selinux_android_load_priority , spota verifySig and checkHash pass. priority version is VE=SEPF_SM-G900T_4.4.2_0055
12-13 01:27:08.389 12515 12515 I SELinux :  
12-13 01:27:08.389 12515 12515 I SELinux :  
12-13 01:27:08.389 12515 12515 I SELinux : selinux_android_seapp_context_reload: seapp_contexts file is loaded from /data/security/spota/seapp_contexts
12-13 01:27:08.389 12515 12515 E dalvikvm: >>>>> Normal User
12-13 01:27:08.389 12515 12515 E dalvikvm: >>>>> com.amazon.aatp.aatpdevicemanager [ userId:0 | appId:14036 ]
12-13 01:27:08.399 12515 12515 I dalvikvm: Enabling JNI app bug workarounds for target SDK version 5...
12-13 01:27:08.439  2902  2902 I SQLiteSecureOpenHelper: getWritableDatabase(pwd)
12-13 01:27:08.439  2902  2902 I SQLiteSecureOpenHelper: getDatabaseLocked(b,b,pwd)...
12-13 01:27:08.459  1319  1319 D WfcActivityStateReceiver: onReceive(): packageName=com.amazon.aatp.aatpdevicemanager, activityState=create
12-13 01:27:08.459   717  1048 V SmartFaceService - 3rd party pause: onReceive [android.intent.action.ACTIVITY_STATE/com.amazon.aatp.aatpdevicemanager/create]
12-13 01:27:08.469 12515 12515 I PersonaManager: getPersonaService() name persona_policy
12-13 01:27:08.479 12515 12515 D Aatp    : DeviceManagerServiceActivity: kicking off dm service
12-13 01:27:08.479   717  1235 D StatusBarManagerService: semi p:12515,o:f
12-13 01:27:08.489  1067  1067 D PhoneStatusBar: setSemiTransparentMode=false, mTransparentMode=false, mSemiTransparentMode=false, mMultiWindowMode=false
12-13 01:27:08.489  2902  2902 I SQLiteSecureOpenHelper: getWritableDatabase(pwd)
12-13 01:27:08.489  2902  2902 I SQLiteSecureOpenHelper: getDatabaseLocked(b,b,pwd)...
12-13 01:27:08.489 12515 12515 I PersonaManager: getPersonaService() name persona_policy
12-13 01:27:08.489  1067  1067 D PhoneStatusBar: setTransGradationMode=false, mTransparentMode=false, mSemiTransparentMode=false, mMultiWindowMode=false
12-13 01:27:08.489   717  4391 D StatusBarManagerService: tr p:12515,o:f
12-13 01:27:08.509   717   717 W ContextImpl: Calling a method in the system process without a qualified user: android.app.ContextImpl.sendBroadcast:1505 com.android.server.StatusBarManagerService.sendNotification:985 com.android.server.StatusBarManagerService.addNotification:674 com.android.server.NotificationManagerService$7.run:2142 android.os.Handler.handleCallback:733 
12-13 01:27:08.509  1067  1067 D skia    : GFXPNG PNG bitmap created width:144 height:144 bitmap id is 391 
12-13 01:27:08.509  1067  1067 I PersonaManager: getPersonaService() name persona_policy
12-13 01:27:08.509 12515 12515 I AatpDeviceManager: Starting device manager (0.20)
12-13 01:27:08.509   717   717 D STATUSBAR-StatusBarManagerService: sendNotification(1) - 1096041549
12-13 01:27:08.519 12515 12515 D AWSDeviceFarmAndroidLib: Keyguard: Unlocked
12-13 01:27:08.519 12515 12515 D AatpDeviceManager: Running on port: 33381
12-13 01:27:08.519  1067  1081 D KeyguardViewMediator: setKeyguardEnabled(false)
12-13 01:27:08.519  1067  1081 D LockPatternUtils: isPcwEnable = 10
12-13 01:27:08.519  1067  1067 W ResourceType: Attempt to retrieve bag 0x01030068 which is invalid or in a cycle.
12-13 01:27:08.529  1067  1067 W ResourceType: Attempt to retrieve bag 0x01030067 which is invalid or in a cycle.
12-13 01:27:08.559 12515 12515 D dalvikvm: DexOpt: couldn't find field Landroid/content/pm/ApplicationInfo;.splitSourceDirs
12-13 01:27:08.559 12515 12515 W dalvikvm: VFY: unable to resolve instance field 29
12-13 01:27:08.559 12515 12515 D dalvikvm: VFY: replacing opcode 0x54 at 0x001d
12-13 01:27:08.559  1067  1067 D ProgressBar: setProgressDrawable drawableHeight = 0
12-13 01:27:08.559  2902  2902 I SQLiteSecureOpenHelper: getWritableDatabase(pwd)
12-13 01:27:08.559  2902  2902 I SQLiteSecureOpenHelper: getDatabaseLocked(b,b,pwd)...
12-13 01:27:08.559  1067  1067 D skia    : GFXPNG PNG bitmap created width:36 height:30 bitmap id is 392 
12-13 01:27:08.559  1067  1067 D skia    : GFXPNG PNG bitmap created width:36 height:30 bitmap id is 393 
12-13 01:27:08.559  1067  1067 D skia    : GFXPNG PNG bitmap created width:36 height:30 bitmap id is 394 
12-13 01:27:08.569   264   264 I SurfaceFlinger: id=20 createSurf (1x1),1 flag=4, EeviceManag
12-13 01:27:08.569  1067  1067 W ResourceType: Attempt to retrieve bag 0x01030200 which is invalid or in a cycle.
12-13 01:27:08.569   717  1218 I SpenGestureManager: setFocusWindow21020
12-13 01:27:08.569   717   953 D EnterpriseDeviceManager: ContainerId: 0
12-13 01:27:08.569   717   953 D STATUSBAR-StatusBarManagerService: manageDisableList what=0x0 pkg=WindowManager.LayoutParams
12-13 01:27:08.569  1067  1067 D PhoneStatusBar: tick(): knoxCustomManager = android.app.enterprise.knoxcustom.KnoxCustomManager@4299fe68
12-13 01:27:08.579  1067  1067 V PhoneStatusBar: setLightsOn(true)
12-13 01:27:08.579   717   935 D PointerIcon: setMouseIconStyle1 pointerType: 1001iconType:101 flag:0
12-13 01:27:08.579   717   935 D PointerIcon: setMouseCustomIcon IconType is same.101
12-13 01:27:08.579   717   935 D PointerIcon: setHoveringSpenIconStyle1 pointerType: 10001iconType:1 flag:0
12-13 01:27:08.579   717   935 D PointerIcon: setHoveringSpenCustomIcon IconType is same.1
