12-12 19:27:42.284  6679  6696 D bt_hci_bdroid: postload
12-12 19:27:42.284  6679  6696 D bt_hci_bdroid: signal_event :0x2
12-12 19:27:42.284  6679  6714 D bt_hci_bdroid: bt_hc_worker_thread events : 0x2
12-12 19:27:42.284  6679  6714 D bt_hci_bdroid: signal_event :0x8
12-12 19:27:42.284  6679  6714 D bt_hci_bdroid: bt_hc_worker_thread events : 0x8
12-12 19:27:42.284  6679  6714 D bt_hci_bdroid: bt_hc_worker_thread recvd HC_EVENT_TX
12-12 19:27:42.284  6679  6714 D bt_h4   : hci_h4_send_msg  
12-12 19:27:42.284  6679  6714 D bt_h4   : hci_h4_set_lpm : state : 0, lpm_Ind : 0 
12-12 19:27:42.284  6679  6696 D bt_hci_bdroid: signal_event :0x10
12-12 19:27:42.284  6679  6724 D bt_hci_bdroid: signal_event :0x4
12-12 19:27:42.284  6679  6714 D bt_hci_bdroid: bt_hc_worker_thread events : 0x10
12-12 19:27:42.284  6679  6714 I bt_hci_bdroid: ro.qualcomm.bt.hci_transport not set, so using default.
12-12 19:27:42.284  6679  6714 E bt_vendor: lpm mode: 2  action: 2
12-12 19:27:42.284  6679  6714 I bt_vendor: UPIO_LPM_MODE
12-12 19:27:42.294  6679  6714 E bt_vendor: LPM is set to enabled
12-12 19:27:42.294  6679  6714 D bt_hci_bdroid: bt_hc_worker_thread events : 0x4
12-12 19:27:42.294  6679  6714 D bt_h4   : hci_h4_receive_msg  
12-12 19:27:42.294  6679  6714 D bt_h4   : Intercept CommandCompleteEvent for internal command (0x1005)
12-12 19:27:42.294  6679  6714 D bt_hci_bdroid: signal_event :0x8
12-12 19:27:42.294  6679  6714 D bt_hci_bdroid: bt_hc_worker_thread events : 0x8
12-12 19:27:42.294  6679  6714 D bt_hci_bdroid: bt_hc_worker_thread recvd HC_EVENT_TX
12-12 19:27:42.294  6679  6714 D bt_h4   : hci_h4_send_msg  
12-12 19:27:42.294  6679  6714 D bt_h4   : hci_h4_set_lpm : state : 1, lpm_Ind : 0 
12-12 19:27:42.294  6679  6714 E bt_vendor: lpm mode: 0  action: 2
12-12 19:27:42.294  6679  6714 I bt_vendor: UPIO_BT_WAKE
12-12 19:27:42.294  6679  6714 I bt_vendor: BT_WAKE is set to asserted
12-12 19:27:42.294  6679  6714 I bt_vendor: proc btwrite assertion
12-12 19:27:42.294  6679  6714 D bt_h4   : lpm_start_timer  ,  timer_index : 0
12-12 19:27:42.294  6679  6714 D bt_h4   : lpm_state_machine.lpm_ack_lock :  Aquired
12-12 19:27:42.294  6679  6696 I bte_conf: Attempt to load did conf from /etc/bluetooth/bt_did.conf
12-12 19:27:42.294  6679  6724 I bt_h4   : Command complete recvd for wake/sleep command
12-12 19:27:42.294  6679  6724 I bt_h4   : Stopped the timer: 0
12-12 19:27:42.294  6679  6724 I bt_h4   : Indicating Rx/Tx path to proceed with data transfer
12-12 19:27:42.294  6679  6724 D bt_hci_bdroid: signal_event :0x4
12-12 19:27:42.294  6679  6714 I bt_h4   : hci_h4_set_lpm: Received wake-ack from SOC: 1
12-12 19:27:42.294  6679  6714 I bt_h4   : Stopped the timer: 0
12-12 19:27:42.294  6679  6714 D bt_h4   : lpm_state_machine.lpm_ack_lock :  released
12-12 19:27:42.294  6679  6714 D bt_h4   : lpm_state_machine.lpm_state_lock :  released
12-12 19:27:42.294  6679  6714 D bt_hci_bdroid: bt_hc_worker_thread events : 0x4
12-12 19:27:42.294  6679  6714 D bt_h4   : hci_h4_receive_msg  
12-12 19:27:42.294  6679  6724 D bt_hci_bdroid: signal_event :0x4
12-12 19:27:42.294  6679  6719 D bt_hci_bdroid: signal_event :0x80
12-12 19:27:42.294  6679  6719 D bt_hci_bdroid: signal_event :0x80
12-12 19:27:42.294  6679  6714 D bt_h4   : Intercept CommandCompleteEvent for internal command (0x2002)
12-12 19:27:42.294  6679  6714 I bt_h4   : vendor lib postload completed
12-12 19:27:42.294  6679  6714 D bt_hci_bdroid: bt_hc_worker_thread events : 0x84
12-12 19:27:42.294  6679  6714 D bt_h4   : hci_h4_receive_msg  
12-12 19:27:42.294  6679  6726 I bt_h4   : start host_wake_read_thread fd 92
12-12 19:27:42.294  6679  6696 I bte_conf: [1] primary_record=1 vendor_id=0x001D vendor_id_source=0x0001 product_id=0x1200 version=0x1436
12-12 19:27:42.294  6679  6696 D bt_hci_bdroid: signal_event :0x8
12-12 19:27:42.294  6679  6714 D bt_hci_bdroid: bt_hc_worker_thread events : 0x8
12-12 19:27:42.294  6679  6714 D bt_hci_bdroid: bt_hc_worker_thread recvd HC_EVENT_TX
12-12 19:27:42.304  6679  6714 D bt_h4   : hci_h4_send_msg  
12-12 19:27:42.304  6679  6714 D bt_h4   : hci_h4_set_lpm : state : 0, lpm_Ind : 0 
12-12 19:27:42.304  6679  6714 D bt_h4   : hci_h4_set_lpm : ** SAME **Current state and the Requested states are same   
12-12 19:27:42.304  6679  6696 I bte_conf: Attempt to load did conf from /etc/bluetooth/bt_did.conf
12-12 19:27:42.304  6679  6696 I bte_conf: Attempt to load did conf from /etc/bluetooth/bt_did.conf
12-12 19:27:42.304  6679  6694 D BluetoothAdapterState: CURRENT_STATE=PENDING, MESSAGE = ENABLE_READY, isTurningOn=true, isTurningOff=false
12-12 19:27:42.304  6679  6694 D BluetoothAdapterProperties: ScanMode =  20
12-12 19:27:42.304  6679  6694 D BluetoothAdapterProperties: State =  11
12-12 19:27:42.304  6679  6724 D bt_hci_bdroid: signal_event :0x4
12-12 19:27:42.304  6679  6714 D bt_hci_bdroid: bt_hc_worker_thread events : 0x4
12-12 19:27:42.304  6679  6714 D bt_h4   : hci_h4_receive_msg  
12-12 19:27:42.304  6679  6719 D bt_hci_bdroid: signal_event :0x8
12-12 19:27:42.304  6679  6714 D bt_hci_bdroid: bt_hc_worker_thread events : 0x8
12-12 19:27:42.304  6679  6714 D bt_hci_bdroid: bt_hc_worker_thread recvd HC_EVENT_TX
12-12 19:27:42.304  6679  6714 D bt_h4   : hci_h4_send_msg  
12-12 19:27:42.304  6679  6714 D bt_h4   : hci_h4_set_lpm : state : 0, lpm_Ind : 0 
12-12 19:27:42.304  6679  6714 D bt_h4   : hci_h4_set_lpm : ** SAME **Current state and the Requested states are same   
12-12 19:27:42.304  6679  6694 D BluetoothAdapterProperties: Setting state to 12
12-12 19:27:42.304  6679  6694 I BluetoothAdapterState: Bluetooth adapter state changed: 11-> 12
12-12 19:27:42.304  6679  6724 D bt_hci_bdroid: signal_event :0x4
12-12 19:27:42.304  6679  6714 D bt_hci_bdroid: bt_hc_worker_thread events : 0x4
12-12 19:27:42.304  6679  6714 D bt_h4   : hci_h4_receive_msg  
12-12 19:27:42.304  6679  6719 D bt_hci_bdroid: signal_event :0x8
12-12 19:27:42.304  6679  6714 D bt_hci_bdroid: bt_hc_worker_thread events : 0x8
12-12 19:27:42.304  6679  6714 D bt_hci_bdroid: bt_hc_worker_thread recvd HC_EVENT_TX
12-12 19:27:42.304  6679  6714 D bt_h4   : hci_h4_send_msg  
12-12 19:27:42.304  6679  6714 D bt_h4   : hci_h4_set_lpm : state : 0, lpm_Ind : 0 
12-12 19:27:42.304  6679  6714 D bt_h4   : hci_h4_set_lpm : ** SAME **Current state and the Requested states are same   
12-12 19:27:42.304  6679  6724 D bt_hci_bdroid: signal_event :0x4
12-12 19:27:42.304  6679  6714 D bt_hci_bdroid: bt_hc_worker_thread events : 0x4
12-12 19:27:42.304  6679  6714 D bt_h4   : hci_h4_receive_msg  
12-12 19:27:42.304  6679  6719 D bt_hci_bdroid: signal_event :0x8
12-12 19:27:42.304  6679  6714 D bt_hci_bdroid: bt_hc_worker_thread events : 0x8
12-12 19:27:42.304  6679  6714 D bt_hci_bdroid: bt_hc_worker_thread recvd HC_EVENT_TX
12-12 19:27:42.304  6679  6714 D bt_h4   : hci_h4_send_msg  
12-12 19:27:42.304  6679  6714 D bt_h4   : hci_h4_set_lpm : state : 0, lpm_Ind : 0 
12-12 19:27:42.304  6679  6714 D bt_h4   : hci_h4_set_lpm : ** SAME **Current state and the Requested states are same   
12-12 19:27:42.304  6679  6694 D BluetoothAdapterService: Broadcasting updateAdapterState() to 1 receivers.
12-12 19:27:42.304  6679  6724 D bt_hci_bdroid: signal_event :0x4
12-12 19:27:42.304  6679  6714 D bt_hci_bdroid: bt_hc_worker_thread events : 0x4
12-12 19:27:42.304  6679  6714 D bt_h4   : hci_h4_receive_msg  
12-12 19:27:42.304  6679  6719 D bt_hci_bdroid: signal_event :0x80
12-12 19:27:42.304  6679  6719 D bt_hci_bdroid: signal_event :0x80
12-12 19:27:42.304  6679  6714 D bt_hci_bdroid: bt_hc_worker_thread events : 0x80
12-12 19:27:42.304   928   967 D BluetoothManagerService: Message: 60
12-12 19:27:42.304   928   967 D BluetoothManagerService: MESSAGE_BLUETOOTH_STATE_CHANGE: prevState = 11, newState=12
12-12 19:27:42.304   928   967 D BluetoothManagerService: Broadcasting onBluetoothStateChange(true) to 6 receivers.
12-12 19:27:42.304  1251  1296 D BluetoothHeadset: onBluetoothStateChange: up=true
12-12 19:27:42.304  1251  1296 E BluetoothHeadset: Could not bind to Bluetooth Headset Service with Intent { act=android.bluetooth.IBluetoothHeadset }
12-12 19:27:42.304  6679  6694 I BluetoothAdapterState: Entering On State
12-12 19:27:42.304  6679  6696 D bt-btif : btif_av_state_idle_handler event:BTA_AV_ENABLE_EVT flags 0
12-12 19:27:42.314   928   967 D BluetoothPan: onBluetoothStateChange(on) call bindService
12-12 19:27:42.314  6679  6694 D BluetoothAdapterService(1102253160): delay auto connect by 500 ms
12-12 19:27:42.314   928   967 E BluetoothPan: Could not bind to Bluetooth Pan Service with Intent { act=android.bluetooth.IBluetoothPan }
12-12 19:27:42.314  6679  6694 D BluetoothAdapterService(1102253160): Quiet mode Enabled = false
12-12 19:27:42.314  6679  6696 D bt-btif : btif_av_state_idle_handler event:BTA_AV_REGISTER_EVT flags 0
12-12 19:27:42.314   928   967 D BluetoothA2dp: onBluetoothStateChange: up=true
12-12 19:27:42.314   928   967 D BluetoothHeadset: onBluetoothStateChange: up=true
12-12 19:27:42.314   928   967 E BluetoothHeadset: Could not bind to Bluetooth Headset Service with Intent { act=android.bluetooth.IBluetoothHeadset }
12-12 19:27:42.314  6679  6696 I BluetoothAdapterProperties: adapterPropertyChangedCallback with type:7 len:4
12-12 19:27:42.314  1251  1296 D BluetoothHeadset: onBluetoothStateChange: up=true
12-12 19:27:42.314  6679  6696 D BluetoothAdapterProperties: Scan Mode:21
12-12 19:27:42.314  6679  6696 I BluetoothAdapterProperties: adapterPropertyChangedCallback with type:9 len:4
12-12 19:27:42.314  6679  6696 D BluetoothAdapterProperties: Discoverable Timeout:120
12-12 19:27:42.314  1251  1296 E BluetoothHeadset: Could not bind to Bluetooth Headset Service with Intent { act=android.bluetooth.IBluetoothHeadset }
12-12 19:27:42.314  1251  1298 D BluetoothHeadset: onBluetoothStateChange: up=true
12-12 19:27:42.314  1251  1298 E BluetoothHeadset: Could not bind to Bluetooth Headset Service with Intent { act=android.bluetooth.IBluetoothHeadset }
12-12 19:27:42.314   928   928 D BluetoothManagerService: BluetoothServiceConnection: com.android.bluetooth.gatt.GattService
12-12 19:27:42.314   928   967 D BluetoothManagerService: Bluetooth State Change Intent: 11 -> 12
12-12 19:27:42.324  6679  6690 D BluetoothAdapterService(1102253160): getState(): mAdapterProperties: com.android.bluetooth.btservice.AdapterProperties@41b32d48
12-12 19:27:42.324  6679  6689 D BluetoothAdapterService(1102253160): Get Bonded Devices being called
12-12 19:27:42.324   928   967 D BluetoothManagerService: Message: 40
12-12 19:27:42.324   928   967 D BluetoothManagerService: MESSAGE_BLUETOOTH_SERVICE_CONNECTED: 2
12-12 19:27:42.324   928   961 W BroadcastQueue: Permission Denial: receiving Intent { act=android.bluetooth.adapter.action.STATE_CHANGED flg=0x14000010 (has extras) } to ProcessRecord{423f8250 3027:com.amazon.whisperplay.cds:cds_services/u0a22006} (pid=3027, uid=32006) requires android.permission.BLUETOOTH due to sender android (uid 1000)
12-12 19:27:42.324  6698  6698 W ContextImpl: Calling a method in the system process without a qualified user: android.app.ContextImpl.startService:1818 android.content.ContextWrapper.startService:529 android.content.ContextWrapper.startService:529 com.android.settings.bluetooth.DockEventReceiver.beginStartingService:134 com.android.settings.bluetooth.DockEventReceiver.onReceive:115 
12-12 19:27:42.334   928   967 D BluetoothManagerService: Message: 20
12-12 19:27:42.334   928   967 D BluetoothManagerService: Added callback: android.bluetooth.IBluetoothManagerCallback$Stub$Proxy@426fd8b0:true
12-12 19:27:42.334  6755  6755 I qcom-bt-wlan-coex: /system/etc/init.qcom.coex.sh: start_coex: pid = 6753 
12-12 19:27:42.334  6753  6753 I abtfilt : Ath BT Filter Daemon
12-12 19:27:42.334  6753  6753 I abtfilt : Enabling Debug Information
12-12 19:27:42.334  6753  6753 D abtfilt : Calling Fcore Init
12-12 19:27:42.334  6753  6753 E abtfilt : [AthBtFilter_Attach] Failed to process string overrided (status:-1)
12-12 19:27:42.334  6753  6753 E abtfilt : Last Error: No such file or directory
12-12 19:27:42.334  6753  6753 I abtfilt : BT Filter Core init complete
12-12 19:27:42.334  6753  6753 I abtfilt : WLAN Stack Notification init complete
12-12 19:27:42.334  6753  6753 I abtfilt : AFH Classification Command will be issued on WLAN connect/disconnect 
12-12 19:27:42.334  6753  6753 I abtfilt : Headset Profile notifications will use HCI filter instead of stack events 
12-12 19:27:42.334  6753  6753 I abtfilt : before init Abf_BtStackNotificationInit:189
12-12 19:27:42.334  6753  6753 I abtfilt : After init Abf_BtStackNotificationInit:195
12-12 19:27:42.334  6753  6753 I abtfilt : [start_monitor_stack_events] enter
12-12 19:27:42.334  6753  6753 I abtfilt : start_monitor_stack_events: connect() retry 1 times
12-12 19:27:42.334  6753  6757 I abtfilt : Starting the WLAN Event Handler task
12-12 19:27:42.334  6753  6756 I abtfilt : Starting the BT Filter task
12-12 19:27:42.334  6753  6757 D abtfilt : Abf_WlanCheckSettings : wlan: wlan0
12-12 19:27:42.334  6753  6757 I abtfilt : Trying To get Device Info
12-12 19:27:42.334  6753  6757 I abtfilt : BT Filter Core : WLAN Arrived 
12-12 19:27:42.334  6753  6757 D abtfilt : Abf_WlanCheckSettings : wlan: wlan0
12-12 19:27:42.334  6753  6757 I abtfilt : BT ON
12-12 19:27:42.334  6753  6757 I abtfilt : WMI Cmd: 144 Len: 24
12-12 19:27:42.334  6753  6757 I abtfilt : Front End config
12-12 19:27:42.334  6753  6757 I abtfilt : WMI Cmd: 139 Len: 5
12-12 19:27:42.334  6753  6757 I abtfilt : FLAGS = 203, Issue FE antenna configuration as dual 
12-12 19:27:42.334  6753  6757 I abtfilt : WMI Cmd: 138 Len: 5
12-12 19:27:42.334  6679  6689 D BluetoothAdapterService(1102253160): getState(): mAdapterProperties: com.android.bluetooth.btservice.AdapterProperties@41b32d48
12-12 19:27:42.334  6679  6679 V BTCService: BTCService
12-12 19:27:42.334  6679  6679 V BTCService: onCreate
12-12 19:27:42.334  6679  6679 V BTCService: calling startListener
12-12 19:27:42.344  6679  6679 D BTCService: onStart Command called!!
12-12 19:27:42.344  6698  6698 D LocalBluetoothProfileManager: Adding local A2DP profile
12-12 19:27:42.344  6753  6757 D abtfilt : abfAddConnection : ifId:4 channel:2412 status=0
12-12 19:27:42.344  6753  6757 I abtfilt : WLAN Operating Channel: 2412 
12-12 19:27:42.344  6753  6757 D abtfilt : <---------Dumping 10 Bytes : AFH Channel Classification Map ------>
12-12 19:27:42.344  6753  6757 D abtfilt : [H]: 00 00 C0 FF FF FF FF FF FF 7F 
12-12 19:27:42.344  6753  6757 D abtfilt : <------------------------------------------------->
12-12 19:27:42.344  6753  6757 E abtfilt : Failed to get BTCServer socket: IssueHCICommand
12-12 19:27:42.344  6753  6757 E abtfilt : Last Error: Invalid argument
12-12 19:27:42.344  6753  6757 I abtfilt : WLAN Adapter Added
12-12 19:27:42.344   928   967 D BluetoothManagerService: Message: 30
12-12 19:27:42.344   928   967 D BluetoothManagerService: Message: 30
12-12 19:27:42.344  6698  6698 W ContextImpl: Calling a method in the system process without a qualified user: android.app.ContextImpl.bindService:1882 android.content.ContextWrapper.bindService:552 android.bluetooth.BluetoothA2dp.doBind:167 android.bluetooth.BluetoothA2dp.<init>:160 android.bluetooth.BluetoothAdapter.getProfileProxy:1421 
12-12 19:27:42.354   928   967 D BluetoothManagerService: Message: 30
12-12 19:27:42.354  6698  6698 E BluetoothPan: Could not bind to Bluetooth Pan Service with Intent { act=android.bluetooth.IBluetoothPan }
12-12 19:27:42.354  6698  6698 D LocalBluetoothProfileManager: Adding local MAP profile
12-12 19:27:42.354  6698  6698 D BluetoothMap: Create BluetoothMap proxy object
12-12 19:27:42.354   928   967 D BluetoothManagerService: Message: 30
12-12 19:27:42.354  6698  6698 E BluetoothMap: Could not bind to Bluetooth MAP Service with Intent { act=android.bluetooth.IBluetoothMap }
12-12 19:27:42.354   928   967 D BluetoothManagerService: Message: 30
12-12 19:27:42.354  6698  6698 E BluetoothPbap: Could not bind to Bluetooth Pbap Service with Intent { act=android.bluetooth.IBluetoothPbap }
12-12 19:27:42.354  6698  6698 D LocalBluetoothProfileManager: LocalBluetoothProfileManager construction complete
12-12 19:27:42.354  6698  6698 D DockEventReceiver: finishStartingService: stopping service
12-12 19:27:42.354  6698  6698 D BluetoothA2dp: Proxy object connected
12-12 19:27:42.354  6698  6698 D A2dpProfile: Bluetooth service connected
12-12 19:27:42.354  6679  6690 D BluetoothAdapterService(1102253160): getState(): mAdapterProperties: com.android.bluetooth.btservice.AdapterProperties@41b32d48
12-12 19:27:42.354  6698  6698 W ContextImpl: Calling a method in the system process without a qualified user: android.app.ContextImpl.bindService:1882 android.content.ContextWrapper.bindService:552 android.bluetooth.BluetoothInputDevice.doBind:308 android.bluetooth.BluetoothInputDevice.<init>:301 android.bluetooth.BluetoothAdapter.getProfileProxy:1424 
12-12 19:27:42.364  6698  6698 D BluetoothInputDevice: Proxy object connected
12-12 19:27:42.364  6698  6698 D HidProfile: Bluetooth service connected
12-12 19:27:42.364  6679  6690 D BluetoothAdapterService(1102253160): getState(): mAdapterProperties: com.android.bluetooth.btservice.AdapterProperties@41b32d48
12-12 19:27:42.374   928   967 D Tethering: MasterInitialState.processMessage what=3
12-12 19:27:42.374   928   928 W Settings: Setting auto_time has moved from android.provider.Settings.System to android.provider.Settings.Global, returning read-only value.
12-12 19:27:42.374   928   928 I TimeService: updating system time
12-12 19:27:42.414   928  1055 E LocSvc_eng: I/===> int loc_eng_inject_time(loc_eng_data_s_type&, GpsUtcTime, int64_t, int) line 1842 
12-12 19:27:42.414   928  1055 E LocSvc_eng: W/int loc_eng_inject_time(loc_eng_data_s_type&, GpsUtcTime, int64_t, int): log_eng state error: instance not initialized
12-12 19:27:42.584   928  1156 W SharedAssetStorage: Launching com.amazon.dcp (32016) with AMZ_APP_GID
12-12 19:27:42.594   928  1156 I ActivityManager: Start proc com.amazon.dcp:OTAService for broadcast com.amazon.dcp/.ota.ScheduledUpdateCheckerService$Receiver: pid=6773 uid=32016 gids={72016, 2001, 3003, 1028, 1015, 3002, 9001}
12-12 19:27:42.754   928  1019 I TimeService: HTTP query, time result=1513135662000
12-12 19:27:42.754   928  1019 V ContextImpl: Implicit intents with startService are not safe: Intent { act=com.amazon.kindle.otter.oobe.TIMESET_RECEIVER_SERVICE } com.amazon.acos.service.TimeService.startOobeTimesetService:203 com.amazon.acos.service.TimeService.access$100:41 com.amazon.acos.service.TimeService$TimeQuery.run:164 
12-12 19:27:42.754   928  1019 W SharedAssetStorage: Launching com.amazon.kindle.otter.oobe (32075) with AMZ_APP_GID
12-12 19:27:42.754   928  1019 W ContextImpl: Calling a method in the system process without a qualified user: android.app.ContextImpl.startService:1818 com.amazon.acos.service.TimeService.startOobeTimesetService:203 com.amazon.acos.service.TimeService.access$100:41 com.amazon.acos.service.TimeService$TimeQuery.run:164 <bottom of call stack> 
12-12 19:27:42.764   928  1019 D TimeService: HTTP query done for rough time and notified OOBE
12-12 19:27:42.764   928  1019 I ActivityManager: Start proc com.amazon.kindle.otter.oobe for service com.amazon.kindle.otter.oobe/.stateInitializer.InitializerService: pid=6789 uid=32075 gids={72075, 3003, 3002, 3001, 9001}
12-12 19:27:42.784  5796  6677 D AWSDeviceFarmAndroidLib: setEnabled: bt is: true
12-12 19:27:42.784  5796  5796 D AatpDeviceManager: taskStatus update (5e77290ad2bb7acf00f23dcdf1daa14c5fe952dc: {"result":"Bluetooth enabled: true","state":2})
12-12 19:27:42.804   928  1019 I TimeService: NTP query, time result=1513135662796
12-12 19:27:42.804   928  1019 D empty   : Setting time of day to sec=1513135662
12-12 19:27:42.796  6679  6679 D BluetoothAdapterService(1102253160): Message: 50
12-12 19:27:42.796  6679  6679 D BluetoothAdapterService(1102253160): MESSAGE_AUTO_CONNECT_PROFILES
12-12 19:27:42.796  6679  6679 D BluetoothAdapterService(1102253160): getState(): mAdapterProperties: com.android.bluetooth.btservice.AdapterProperties@41b32d48
12-12 19:27:42.796  6679  6679 D BluetoothAdapterService(1102253160): Quiet mode Enabled = false
12-12 19:27:42.796  6679  6679 D BluetoothAdapterService(1102253160): Initiate auto connection on BT on...
12-12 19:27:42.796  6679  6679 D BluetoothAdapterService(1102253160): Get Bonded Devices being called
12-12 19:27:42.796  6679  6679 D BluetoothAdapterService(1102253160): Get Bonded Devices being called
12-12 19:27:42.796   928   979 W ContextImpl: Calling a method in the system process without a qualified user: android.app.ContextImpl.sendBroadcast:1460 com.android.server.AlarmManagerService$AlarmThread.run:1382 <bottom of call stack> <bottom of call stack> <bottom of call stack> 
12-12 19:27:42.816  6753  6753 I abtfilt : [SetupHciEventFilter] start
12-12 19:27:42.816  6753  6805 I abtfilt : [Bluedroid_stack_event_thread] starting up 
12-12 19:27:42.816  6753  6753 I abtfilt : Waiting for HCI CMD Complete Event, Opcode: 0x1009 (2000 MS) 
12-12 19:27:42.816  6753  6806 I abtfilt : [HCIFilterThread] starting up 
12-12 19:27:42.816  6679  6725 E BTC_COMMON: btc_process_client_command 
12-12 19:27:42.816  6679  6719 D bt_hci_bdroid: signal_event :0x8
12-12 19:27:42.816  6679  6714 D bt_hci_bdroid: bt_hc_worker_thread events : 0x8
12-12 19:27:42.816  6679  6714 D bt_hci_bdroid: bt_hc_worker_thread recvd HC_EVENT_TX
12-12 19:27:42.816  6679  6714 D bt_h4   : hci_h4_send_msg  
12-12 19:27:42.816  6679  6714 D bt_h4   : hci_h4_set_lpm : state : 0, lpm_Ind : 0 
12-12 19:27:42.816  6679  6758 V BTCService: Got socket: android.net.LocalSocket@41b6b080 impl:android.net.LocalSocketImpl@41b69498 fd:FileDescriptor[93]
12-12 19:27:42.816  6679  6714 D bt_h4   : hci_h4_set_lpm : ** SAME **Current state and the Requested states are same   
12-12 19:27:42.816  6679  6758 V BTCService: Authenticated socket: android.net.LocalSocket@41b6b080 impl:android.net.LocalSocketImpl@41b69498 fd:FileDescriptor[93]
12-12 19:27:42.816  6679  6724 D bt_hci_bdroid: signal_event :0x4
12-12 19:27:42.816  6679  6714 D bt_hci_bdroid: bt_hc_worker_thread events : 0x4
12-12 19:27:42.816  6679  6714 D bt_h4   : hci_h4_receive_msg  
12-12 19:27:42.816  6753  6806 I abtfilt : HCIFilterThread: disallow hci thread to read, continue
12-12 19:27:42.816  6753  6753 D abtfilt : BT-HCI Device Address: (9A:D3:AB:60:AE:10)
12-12 19:27:42.816  6753  6753 I abtfilt : WLAN Operating Channel: 2412 
12-12 19:27:42.816  6753  6753 D abtfilt : <---------Dumping 10 Bytes : AFH Channel Classification Map ------>
12-12 19:27:42.816  6753  6753 D abtfilt : [H]: 00 00 C0 FF FF FF FF FF FF 7F 
12-12 19:27:42.816  6753  6753 D abtfilt : <------------------------------------------------->
12-12 19:27:42.816  6753  6753 I abtfilt : Waiting for HCI CMD Complete Event, Opcode: 0x0C3F (2000 MS) 
12-12 19:27:42.816  6679  6725 E BTC_COMMON: btc_process_client_command 
12-12 19:27:42.816  6679  6719 D bt_hci_bdroid: signal_event :0x8
12-12 19:27:42.816  6679  6714 D bt_hci_bdroid: bt_hc_worker_thread events : 0x8
12-12 19:27:42.816  6679  6714 D bt_hci_bdroid: bt_hc_worker_thread recvd HC_EVENT_TX
12-12 19:27:42.816  6679  6714 D bt_h4   : hci_h4_send_msg  
12-12 19:27:42.816  6679  6714 D bt_h4   : hci_h4_set_lpm : state : 0, lpm_Ind : 0 
12-12 19:27:42.816  6679  6714 D bt_h4   : hci_h4_set_lpm : ** SAME **Current state and the Requested states are same   
12-12 19:27:42.816  6679  6724 D bt_hci_bdroid: signal_event :0x4
12-12 19:27:42.816  6679  6714 D bt_hci_bdroid: bt_hc_worker_thread events : 0x4
12-12 19:27:42.816  6679  6714 D bt_h4   : hci_h4_receive_msg  
12-12 19:27:42.816  6753  6753 I abtfilt :  AFH Command successfully issued 
12-12 19:27:42.816  6753  6753 I abtfilt : BT Adapter Added
12-12 19:27:42.816  6753  6753 I abtfilt : [AcquireDefaultAudioDevice]StartRegister
12-12 19:27:42.816  6753  6753 I abtfilt : [AcquireDefaultAudioDevice]EndRegister
12-12 19:27:42.816  6753  6753 I abtfilt : Init complete:Abf_BtStackNotificationInit:204
12-12 19:27:42.816  6753  6753 I abtfilt : BT Stack Notification init complete
12-12 19:27:42.816  6753  6753 D abtfilt : Service running, waiting for termination .... 
12-12 19:27:42.816  6679  6719 D bt_hci_bdroid: signal_event :0x80
12-12 19:27:42.816  6679  6719 D bt_hci_bdroid: signal_event :0x80
12-12 19:27:42.816  6679  6714 D bt_hci_bdroid: bt_hc_worker_thread events : 0x80
12-12 19:27:42.986  5796  6823 D Aatp    : /task/5e77290ad2bb7acf00f23dcdf1daa14c5fe952dc/status
12-12 19:27:43.066  5796  6824 D Aatp    : /gps
12-12 19:27:43.076  5796  6824 D Aatp    : sha1: d31cd0216d2689be0dd033768377ca9be8e3a06c
12-12 19:27:43.076  5796  6824 D AatpDeviceManager: k: enabled v: True
12-12 19:27:43.076  5796  6824 D AatpDeviceManager: k: NanoHttpd.QUERY_STRING v: enabled=True
12-12 19:27:43.086  5796  5796 D AatpDeviceManager: taskStatus update (d31cd0216d2689be0dd033768377ca9be8e3a06c: {"state":1})
12-12 19:27:43.086  5796  5796 D AatpDeviceManager: taskStatus update (d31cd0216d2689be0dd033768377ca9be8e3a06c: {"result":"GPS not supported on this platform","state":2})
12-12 19:27:43.086  5796  6829 D AWSDeviceFarmAndroidLib: setEnabled: enabling GPS
12-12 19:27:43.086  5796  6829 D AWSDeviceFarmAndroidLib: enableGPS()
12-12 19:27:43.086  5796  6829 D AWSDeviceFarmAndroidLib: enableGPS(): network
12-12 19:27:43.086  5796  6829 D AWSDeviceFarmAndroidLib: enableGPS() gpsEnabled: network,gps
12-12 19:27:43.096  5796  6824 D Aatp    : /task/d31cd0216d2689be0dd033768377ca9be8e3a06c
12-12 19:27:43.106   928   940 W BackupManagerService: dataChanged but no participant pkg='com.android.providers.settings' uid=10000
12-12 19:27:43.116   928   962 E LocSvc_eng: I/===> int loc_eng_init(loc_eng_data_s_type&, LocCallbacks*, LOC_API_ADAPTER_EVENT_MASK_T, loc_core::ContextBase*) line 1491 
12-12 19:27:43.116  5796  6829 D AWSDeviceFarmAndroidLib: setEnabled: GPS is: true
12-12 19:27:43.116  5796  5796 D AatpDeviceManager: taskStatus update (d31cd0216d2689be0dd033768377ca9be8e3a06c: {"result":"GPS enabled: true","state":2})
12-12 19:27:43.116   928  1234 E LocSvc_api_v02: I/---> locClientSendReq line 2305 QMI_LOC_REG_EVENTS_REQ_V02
12-12 19:27:43.116   928   962 E LocSvc_eng: I/===> void loc_eng_agps_init(loc_eng_data_s_type&, AGpsExtCallbacks*) line 2061 
12-12 19:27:43.116   928   962 E LocSvc_eng: I/===> void loc_eng_ni_init(loc_eng_data_s_type&, GpsNiExtCallbacks*) line 298 
12-12 19:27:43.116   928   962 E Geofence_Adapter: I/===> void GeofenceAdapter::addGfClients(uint32_t) line 64 
12-12 19:27:43.116   928  1234 E LocSvc_api_v02: I/---> locClientSendReq line 2305 QMI_LOC_SET_PROTOCOL_CONFIG_PARAMETERS_REQ_V02
12-12 19:27:43.116   928  1287 E LocSvc_ApiV02: I/<--- void globalRespCb(locClientHandleType, uint32_t, locClientRespIndUnionType, void*) line 106 QMI_LOC_SET_PROTOCOL_CONFIG_PARAMETERS_REQ_V02
12-12 19:27:43.116   928  1234 E LocSvc_api_v02: I/---> locClientSendReq line 2305 QMI_LOC_SET_PROTOCOL_CONFIG_PARAMETERS_REQ_V02
12-12 19:27:43.116   928  1287 E LocSvc_ApiV02: I/<--- void globalRespCb(locClientHandleType, uint32_t, locClientRespIndUnionType, void*) line 106 QMI_LOC_SET_PROTOCOL_CONFIG_PARAMETERS_REQ_V02
12-12 19:27:43.116   928  1234 E LocSvc_api_v02: I/---> locClientSendReq line 2305 QMI_LOC_SET_SENSOR_CONTROL_CONFIG_REQ_V02
12-12 19:27:43.116   928  1287 E LocSvc_ApiV02: I/<--- void globalRespCb(locClientHandleType, uint32_t, locClientRespIndUnionType, void*) line 106 QMI_LOC_SET_SENSOR_CONTROL_CONFIG_REQ_V02
12-12 19:27:43.116   928  1234 E LocSvc_api_v02: I/---> locClientSendReq line 2305 QMI_LOC_SET_PROTOCOL_CONFIG_PARAMETERS_REQ_V02
12-12 19:27:43.126   928  1287 E LocSvc_ApiV02: I/<--- void globalRespCb(locClientHandleType, uint32_t, locClientRespIndUnionType, void*) line 106 QMI_LOC_SET_PROTOCOL_CONFIG_PARAMETERS_REQ_V02
12-12 19:27:43.126   928  1234 E LocSvc_api_v02: I/---> locClientSendReq line 2305 QMI_LOC_SET_SENSOR_PERFORMANCE_CONTROL_CONFIGURATION_REQ_V02
12-12 19:27:43.126   928  1287 E LocSvc_ApiV02: I/<--- void globalRespCb(locClientHandleType, uint32_t, locClientRespIndUnionType, void*) line 106 QMI_LOC_SET_SENSOR_PERFORMANCE_CONTROL_CONFIGURATION_REQ_V02
12-12 19:27:43.136   928  1283 D ActivityManager: single user service: com.amazon.dcp:OTAService
12-12 19:27:43.136   928  1283 D ActivityManager: app = com.amazon.dcp:OTAService, has single user service, setting process record.
12-12 19:27:43.216  5796  6839 D Aatp    : /task/d31cd0216d2689be0dd033768377ca9be8e3a06c/status
12-12 19:27:43.226   928  1381 D ActivityManager: single user service: com.amazon.dcp:OTAService
12-12 19:27:43.226   928  1381 D ActivityManager: app = com.amazon.dcp:OTAService, has single user service, setting process record.
12-12 19:27:43.236   928  1261 D ActivityManager: single user service: com.amazon.device.settings:Settings
12-12 19:27:43.236   928  1261 D ActivityManager: app = com.amazon.device.settings:Settings, has single user service, setting process record.
12-12 19:27:43.246   928  1156 W SharedAssetStorage: Launching com.amazon.digital.asset.ownership.app (32059) with AMZ_APP_GID
12-12 19:27:43.256   928  1156 I ActivityManager: Start proc com.amazon.digital.asset.ownership.app for broadcast com.amazon.digital.asset.ownership.app/.notification.reciever.NetworkStateChangeBroadcastReciever: pid=6843 uid=32059 gids={72059, 3003, 9001}
12-12 19:27:43.306  5796  6855 D Aatp    : /nfc
12-12 19:27:43.306   928  1351 W SharedAssetStorage: Launching com.audible.application.kindle (32103) with AMZ_APP_GID
12-12 19:27:43.316   928  1351 I ActivityManager: Start proc com.audible.application.kindle for broadcast com.audible.application.kindle/com.amazon.kindle.GlobalSyncBroadcastEventTracker: pid=6864 uid=32103 gids={72103, 3003, 1028, 1015, 3002, 9001}
12-12 19:27:43.326  5796  6855 D Aatp    : sha1: cfc2e065945c51b382d728c7c3f354dfa13c336c
12-12 19:27:43.326  5796  6855 D AatpDeviceManager: k: enabled v: True
12-12 19:27:43.326  5796  6855 D AatpDeviceManager: k: NanoHttpd.QUERY_STRING v: enabled=True
12-12 19:27:43.326  5796  5796 D AatpDeviceManager: taskStatus update (cfc2e065945c51b382d728c7c3f354dfa13c336c: {"state":1})
12-12 19:27:43.336  5796  5796 D AatpDeviceManager: taskStatus update (cfc2e065945c51b382d728c7c3f354dfa13c336c: {"result":"NFC not supported on platform. Skipping","state":2})
12-12 19:27:43.336  5796  6855 D Aatp    : /task/cfc2e065945c51b382d728c7c3f354dfa13c336c
12-12 19:27:43.456  5796  6884 D Aatp    : /task/cfc2e065945c51b382d728c7c3f354dfa13c336c/status
12-12 19:27:43.506  6864  6864 W linker  : libAAX_SDK.so has text relocations. This is wasting memory and is a security risk. Please fix.
12-12 19:27:43.546  5796  6896 D Aatp    : /location
12-12 19:27:43.556  5796  6896 D Aatp    : sha1: d8063fc971b88d60db36a1d3ea1ced7b60f97428
12-12 19:27:43.556  5796  6896 D AatpDeviceManager: k: lon v: -122.3491
12-12 19:27:43.556  5796  6896 D AatpDeviceManager: k: lat v: 47.6204
12-12 19:27:43.556  5796  6896 D AatpDeviceManager: k: NanoHttpd.QUERY_STRING v: lat=47.6204&lon=-122.3491
12-12 19:27:43.556   928  1343 I ActivityManager: Killing 5352:com.goodreads.kindle/u0a22105 (adj 12): empty #17
12-12 19:27:43.566   928  1261 W SharedAssetStorage: Launching com.android.calendar (32099) with AMZ_APP_GID
12-12 19:27:43.576  5796  6896 D Aatp    : /task/d8063fc971b88d60db36a1d3ea1ced7b60f97428
12-12 19:27:43.576   928  1261 I ActivityManager: Start proc com.android.calendar for broadcast com.android.calendar/.home.HomeUpdateReceiver: pid=6908 uid=32099 gids={72099, 3003, 1028, 1015, 9001}
12-12 19:27:43.586  5796  5796 D AatpDeviceManager: taskStatus update (d8063fc971b88d60db36a1d3ea1ced7b60f97428: {"state":1})
12-12 19:27:43.586  5796  6906 W GooglePlayServicesUtil: Google Play services is missing.
12-12 19:27:43.586  5796  6906 D AatpDeviceManager: Google play services not available on this device. Providing location not supported.
12-12 19:27:43.586  5796  5796 D AatpDeviceManager: taskStatus update (d8063fc971b88d60db36a1d3ea1ced7b60f97428: {"result":"","state":2})
12-12 19:27:43.616   928  1351 I ActivityManager: Killing 3081:com.amazon.venezia/u0a22092 (adj 12): empty #17
12-12 19:27:43.666   928  1378 W SharedAssetStorage: Launching com.android.deskclock (32100) with AMZ_APP_GID
12-12 19:27:43.676   928  1378 I ActivityManager: Start proc com.android.deskclock for broadcast com.android.deskclock/.AlarmInitReceiver: pid=6924 uid=32100 gids={72100, 1028, 9001}
12-12 19:27:43.676   928  1261 W SharedAssetStorage: Launching com.android.providers.calendar (32102) with AMZ_APP_GID
12-12 19:27:43.686   928  1261 I ActivityManager: Start proc com.android.providers.calendar for content provider com.android.providers.calendar/.CalendarProvider2: pid=6937 uid=32102 gids={72102, 3003, 1028, 1015, 9001}
12-12 19:27:43.686   928  1261 I ActivityManager: CPR:ContentProviderRecord{422b5038 u0 com.android.providers.calendar/.CalendarProvider2}, wait begins for proc6908 nCountWaiting=1
12-12 19:27:43.686   928  1261 I ActivityManager: CPR: ContentProviderRecord{422b5038 u0 com.android.providers.calendar/.CalendarProvider2} long wait begins for proc6908
12-12 19:27:43.696  5796  6920 D Aatp    : /task/d8063fc971b88d60db36a1d3ea1ced7b60f97428/status
12-12 19:27:43.776   928  1347 W SharedAssetStorage: Launching com.qualcomm.timeservice (1000) with AMZ_APP_GID
12-12 19:27:43.776   928  1347 I ActivityManager: Start proc com.qualcomm.timeservice for broadcast com.qualcomm.timeservice/.TimeServiceBroadcastReceiver: pid=6964 uid=1000 gids={41000, 1028, 1015, 3002, 3001, 3003, 2001, 1021, 3004, 3005, 1000, 3009, 1023, 1010, 9001}
12-12 19:27:43.786  5796  6954 D Aatp    : /locale
12-12 19:27:43.786   928  1347 I ActivityManager: Killing 5422:com.amazon.cloud9/u0a22051 (adj 12): empty #17
12-12 19:27:43.796  5796  6954 D Aatp    : sha1: 445cc5e8afaf6162efbcbb5a2887ea65f9cdf2d9
12-12 19:27:43.796  5796  6954 D AatpDeviceManager: k: NanoHttpd.QUERY_STRING v: locale=en_US
12-12 19:27:43.796  5796  6954 D AatpDeviceManager: k: locale v: en_US
12-12 19:27:43.796  5796  6977 D AatpDeviceManager: Setting locale to: en_US
12-12 19:27:43.796  5796  5796 D AatpDeviceManager: taskStatus update (445cc5e8afaf6162efbcbb5a2887ea65f9cdf2d9: {"state":1})
12-12 19:27:43.796  5796  6977 D AWSDeviceFarmAndroidLib: Setting locale to: en_US
12-12 19:27:43.806  5796  6954 D Aatp    : /task/445cc5e8afaf6162efbcbb5a2887ea65f9cdf2d9
12-12 19:27:43.816   928  1261 I ActivityManager: CPR: ContentProviderRecord{422b5038 u0 com.android.providers.calendar/.CalendarProvider2} continue to wait after long wait
12-12 19:27:43.816  6679  6729 D bt_hci_bdroid: signal_event :0x100
12-12 19:27:43.816  6679  6714 D bt_hci_bdroid: bt_hc_worker_thread events : 0x100
12-12 19:27:43.816  6679  6714 I bt_hci_bdroid: ro.qualcomm.bt.hci_transport not set, so using default.
12-12 19:27:43.816  6679  6714 D bt_h4   : hci_h4_set_lpm : state : 0, lpm_Ind : 1 
12-12 19:27:43.816  6679  6714 D bt_h4   : lpm_start_timer  ,  timer_index : 1
12-12 19:27:43.816  6964  6964 D dalvikvm: Good opt header, DEX offset is 64, flags=0x00
12-12 19:27:43.816  6679  6714 D bt_h4   : lpm_state_machine.lpm_ack_lock :  Aquired
12-12 19:27:43.816  6964  6964 D dalvikvm: dalvik-aux-structure mapped at 0x60482000 with sizes 28 52 24 4
12-12 19:27:43.826  6679  6724 I bt_h4   : Command complete recvd for wake/sleep command
12-12 19:27:43.826  6679  6724 I bt_h4   : Stopped the timer: 1
12-12 19:27:43.826  6679  6724 I bt_h4   : Indicating Rx/Tx path to proceed with data transfer
12-12 19:27:43.826  6679  6724 D bt_hci_bdroid: signal_event :0x4
12-12 19:27:43.826  6679  6714 I bt_h4   : hci_h4_set_lpm: Received wake-ack from SOC : 1
12-12 19:27:43.826  6679  6714 I bt_h4   : Stopped the timer: 1
12-12 19:27:43.826  6679  6714 E bt_vendor: lpm mode: 0  action: 1
12-12 19:27:43.826  6679  6714 I bt_vendor: UPIO_BT_WAKE
12-12 19:27:43.826  6964  6964 D ProfileManager: Create ProfileManager instance
12-12 19:27:43.826  6679  6714 I bt_vendor: BT_WAKE is set to de-asserted
12-12 19:27:43.826  6679  6714 I bt_vendor: proc btwrite assertion
12-12 19:27:43.826  6679  6714 D bt_h4   : lpm_state_machine.lpm_ack_lock :  released
12-12 19:27:43.826  6679  6714 D bt_h4   : lpm_state_machine.lpm_state_lock :  released
12-12 19:27:43.826  6679  6714 D bt_hci_bdroid: bt_hc_worker_thread events : 0x4
12-12 19:27:43.826  6679  6714 D bt_h4   : hci_h4_receive_msg  
12-12 19:27:43.826  6679  6719 D bt_hci_bdroid: signal_event :0x80
12-12 19:27:43.826  6679  6719 D bt_hci_bdroid: signal_event :0x80
12-12 19:27:43.826  6679  6714 D bt_hci_bdroid: bt_hc_worker_thread events : 0x80
12-12 19:27:43.826  6964  6964 W ResourceType: No package identifier when getting value for resource number 0x00000000
12-12 19:27:43.826  6964  6964 I Dispatch: No dispatch information file found
12-12 19:27:43.826  6964  6964 D dalvikvm: No JNI_OnLoad found in /vendor/lib/libTimeService.so 0x41afd460, skipping init
12-12 19:27:43.826  6964  6964 D TimeService: Receivedandroid.intent.action.TIME_SET intent. Current Time is 1513135663839
12-12 19:27:43.826  6964  6964 D empty   : TimeServiceNative: User Time to be set is 1513135663839
12-12 19:27:43.826  6964  6964 D QC-time-services: Lib:time_genoff_operation: pargs->base = 2
12-12 19:27:43.826  6964  6964 D QC-time-services: Lib:time_genoff_operation: pargs->operation = 0
12-12 19:27:43.826  6964  6964 D QC-time-services: Lib:time_genoff_operation: pargs->ts_val = 1513135663839
12-12 19:27:43.826  6964  6964 D QC-time-services: Lib:time_genoff_operation: Send to server  passed!!
12-12 19:27:43.826   427   815 D QC-time-services: Daemon: Connection accepted:time_genoff
12-12 19:27:43.826   427  6982 D QC-time-services: Daemon:Received base = 2, unit = 1, operation = 0,value = 1513135663839
12-12 19:27:43.826   427  6982 D QC-time-services: Daemon:genoff_opr: Base = 2, val = 1513135663839, operation = 0
12-12 19:27:43.826   427  6982 D QC-time-services: Daemon:rtc_get: Time read from RTC -- MM/DD/YY HH:MM:SS7/17/70 10:8:57
12-12 19:27:43.826   427  6982 D QC-time-services: Daemon:Value read from RTC seconds = 19739337000
12-12 19:27:43.826   427  6982 D QC-time-services: Daemon:new time 1513135663839 
12-12 19:27:43.826   427  6982 D QC-time-services: Daemon: delta 1493396326839 genoff 1493396326839 
12-12 19:27:43.826   427  6982 D QC-time-services: Daemon:genoff_persistent_update: Writing genoff = 1493396326839 to memory
12-12 19:27:43.826   427  6982 D QC-time-services: Daemon:Opening File: /data/time/ats_2
12-12 19:27:43.826   427  6982 D QC-time-services: Daemon:time_persistent_memory_opr:Genoff write operation 
12-12 19:27:43.826   928  1359 I ActivityManager: Killing 3821:com.amazon.identity.auth.device.authorization/u0a22032 (adj 12): empty #17
12-12 19:27:43.846   427  6982 D QC-time-services: Updating the TOD offset
12-12 19:27:43.846   427  6982 D QC-time-services: Daemon:genoff_persistent_update: Writing genoff = 1493396326839 to memory
12-12 19:27:43.846   427  6982 D QC-time-services: Daemon:Opening File: /data/time/ats_1
12-12 19:27:43.846   427  6982 D QC-time-services: Daemon:time_persistent_memory_opr:Genoff write operation 
12-12 19:27:43.846   427  6982 E QC-time-services: Daemon:Update to modem bit set
12-12 19:27:43.846   427  6982 D QC-time-services: Daemon:genoff_send_modem: Sending data to MODEM !
12-12 19:27:43.846   427  6982 D QC-time-services: Daemon: Base = 2, Value being sent to MODEM = 1177431526839
12-12 19:27:43.846  6964  6964 E QC-time-services: Receive Passed == base = 2, unit = 1, operation = 0, result = 0
12-12 19:27:43.846   427   815 E QC-time-services: Daemon: Time-services: Waiting to acceptconnection
12-12 19:27:43.846   427   812 E QC-time-services: Daemon:tod_update_ind_cb: Got Update from modem msg_id 40
12-12 19:27:43.846  6698  6698 I LbsExpiryBroadcastReceiver: Lbs expiry broadcast Receiver triggered
12-12 19:27:43.846  6698  6698 I LbsExpiryBroadcastReceiver: Received Mode changed action
12-12 19:27:43.856  6698  6698 D LbsExpiryBroadcastReceiver: Lbs Enabled: true
12-12 19:27:43.856  6698  6698 D FmkBroadcastReceiver: FMK broadcast Receiver triggered
12-12 19:27:43.856   928  1307 I ActivityManager: Killing 6012:com.amazon.ods.kindleconnect/u0a22085 (adj 12): empty #17
12-12 19:27:43.936  5796  6987 D Aatp    : /task/445cc5e8afaf6162efbcbb5a2887ea65f9cdf2d9/status
12-12 19:27:44.376   928   961 W ProcessCpuTracker: Skipping unknown process pid 6732
12-12 19:27:44.376   928   961 W ProcessCpuTracker: Skipping unknown process pid 6733
12-12 19:27:44.376   928   961 W ProcessCpuTracker: Skipping unknown process pid 6735
12-12 19:27:44.376   928   961 W ProcessCpuTracker: Skipping unknown process pid 6745
12-12 19:27:44.376   928   961 W ProcessCpuTracker: Skipping unknown process pid 6769
12-12 19:27:44.386   928   961 W ProcessCpuTracker: Skipping unknown process pid 6997
12-12 19:27:44.826  6679  6729 D bt_hci_bdroid: signal_event :0x100
12-12 19:27:44.826  6679  6714 D bt_hci_bdroid: bt_hc_worker_thread events : 0x100
12-12 19:27:44.826  6679  6714 I bt_hci_bdroid: ro.qualcomm.bt.hci_transport not set, so using default.
12-12 19:27:44.826  6679  6714 D bt_h4   : hci_h4_set_lpm : state : 1, lpm_Ind : 1 
12-12 19:27:44.826  6679  6714 D bt_h4   : hci_h4_set_lpm : ** SAME **Current state and the Requested states are same   
12-12 19:27:44.856   928  1130 D ConnectivityService: setProvNotificationVisible: E visible=false networkType=1 extraInfo= url=null
12-12 19:27:44.946   928  1343 I ActivityManager: Killing 6207:com.android.externalstorage/u0a22020 (adj 12): empty #17
12-12 19:27:44.966  5796  7005 D Aatp    : /task/445cc5e8afaf6162efbcbb5a2887ea65f9cdf2d9/status
12-12 19:27:45.216   928  1130 D CaptivePortalTracker: Authentication Successful
12-12 19:27:45.216   928  1130 W ContextImpl: Calling a method in the system process without a qualified user: android.app.ContextImpl.sendBroadcast:1460 android.net.CaptivePortalTracker.connectionEstablished:799 android.net.CaptivePortalTracker.isCaptivePortal:577 android.net.CaptivePortalTracker.access$2300:72 android.net.CaptivePortalTracker$DelayedCaptiveCheckState.processMessage:435 
12-12 19:27:45.226   928   928 W Settings: Setting auto_time has moved from android.provider.Settings.System to android.provider.Settings.Global, returning read-only value.
12-12 19:27:45.226   928   928 I TimeService: captive portal authenticated, updating system time
12-12 19:27:45.226   928  1130 D CaptivePortalTracker: Coarse grained connectivity change: Wifi completely connected
12-12 19:27:45.226   928  1130 W ContextImpl: Calling a method in the system process without a qualified user: android.app.ContextImpl.sendBroadcast:1460 android.net.CaptivePortalTracker.handleAnyDataConnectionUp:860 android.net.CaptivePortalTracker.handleWifiConnectionUp:844 android.net.CaptivePortalTracker.connectionEstablished:802 android.net.CaptivePortalTracker.isCaptivePortal:577 
12-12 19:27:45.226   928  1130 D ConnectivityService: setProvNotificationVisible: E visible=false networkType=1 extraInfo= url=null
12-12 19:27:45.226   928  1130 D ConnectivityService: captivePortalCheckCompleted: ni=xxxx captive=false
12-12 19:27:45.246   928  1019 I TimeService: NTP query, time result=1513135665259
12-12 19:27:45.246   928  1019 D empty   : Setting time of day to sec=1513135665
12-12 19:27:45.259   928   979 W ContextImpl: Calling a method in the system process without a qualified user: android.app.ContextImpl.sendBroadcast:1460 com.android.server.AlarmManagerService$AlarmThread.run:1382 <bottom of call stack> <bottom of call stack> <bottom of call stack> 
12-12 19:27:45.289  6964  6964 D TimeService: Receivedandroid.intent.action.TIME_SET intent. Current Time is 1513135665292
12-12 19:27:45.289  6964  6964 D empty   : TimeServiceNative: User Time to be set is 1513135665293
12-12 19:27:45.289  6964  6964 D QC-time-services: Lib:time_genoff_operation: pargs->base = 2
12-12 19:27:45.289  6964  6964 D QC-time-services: Lib:time_genoff_operation: pargs->operation = 0
12-12 19:27:45.289  6964  6964 D QC-time-services: Lib:time_genoff_operation: pargs->ts_val = 1513135665293
12-12 19:27:45.289   427   815 D QC-time-services: Daemon: Connection accepted:time_genoff
12-12 19:27:45.289  6964  6964 D QC-time-services: Lib:time_genoff_operation: Send to server  passed!!
12-12 19:27:45.289   427  7009 D QC-time-services: Daemon:Received base = 2, unit = 1, operation = 0,value = 1513135665293
12-12 19:27:45.289   427  7009 D QC-time-services: Daemon:genoff_opr: Base = 2, val = 1513135665293, operation = 0
12-12 19:27:45.289   427  7009 D QC-time-services: Daemon:rtc_get: Time read from RTC -- MM/DD/YY HH:MM:SS7/17/70 10:8:59
12-12 19:27:45.289   427  7009 D QC-time-services: Daemon:Value read from RTC seconds = 19739339000
12-12 19:27:45.289   427  7009 D QC-time-services: Daemon:new time 1513135665293 
12-12 19:27:45.289   427  7009 D QC-time-services: Daemon: delta 1493396326293 genoff 1493396326293 
12-12 19:27:45.289   427  7009 D QC-time-services: Daemon:genoff_persistent_update: Writing genoff = 1493396326293 to memory
12-12 19:27:45.289   427  7009 D QC-time-services: Daemon:Opening File: /data/time/ats_2
12-12 19:27:45.289   427  7009 D QC-time-services: Daemon:time_persistent_memory_opr:Genoff write operation 
12-12 19:27:45.289   427  7009 D QC-time-services: Updating the TOD offset
12-12 19:27:45.289   427  7009 D QC-time-services: Daemon:genoff_persistent_update: Writing genoff = 1493396326293 to memory
12-12 19:27:45.289   427  7009 D QC-time-services: Daemon:Opening File: /data/time/ats_1
12-12 19:27:45.289   427  7009 D QC-time-services: Daemon:time_persistent_memory_opr:Genoff write operation 
12-12 19:27:45.299   427  7009 E QC-time-services: Daemon:Update to modem bit set
12-12 19:27:45.299   427  7009 D QC-time-services: Daemon:genoff_send_modem: Sending data to MODEM !
12-12 19:27:45.299   427  7009 D QC-time-services: Daemon: Base = 2, Value being sent to MODEM = 1177431526293
12-12 19:27:45.299   427   815 E QC-time-services: Daemon: Time-services: Waiting to acceptconnection
12-12 19:27:45.299   427   812 E QC-time-services: Daemon:tod_update_ind_cb: Got Update from modem msg_id 40
12-12 19:27:45.299  6964  6964 E QC-time-services: Receive Passed == base = 2, unit = 1, operation = 0, result = 0
12-12 19:27:45.729   928   999 D ConnectivityService: handleInetConditionHoldEnd: net=1, condition=70, published condition=0
12-12 19:27:45.909  5796  5796 D AatpDeviceManager: taskStatus update (445cc5e8afaf6162efbcbb5a2887ea65f9cdf2d9: {"result":"en_US","state":2})
12-12 19:27:46.009  5796  7026 D Aatp    : /task/445cc5e8afaf6162efbcbb5a2887ea65f9cdf2d9/status
12-12 19:27:46.149   261   493 D PermissionCache: checking android.permission.READ_FRAME_BUFFER for uid=2000 => granted (210 us)
12-12 19:27:48.619   928   979 V BatteryDrain: sending alarm Alarm{42429400 type 2 com.nokia.odnp.service}
12-12 19:27:50.279   928   979 V BatteryDrain: sending alarm Alarm{424e6a18 type 2 com.android.providers.calendar}
12-12 19:27:53.328  7038  7038 D AndroidRuntime: 
12-12 19:27:53.328  7038  7038 D AndroidRuntime: >>>>>> AndroidRuntime START com.android.internal.os.RuntimeInit <<<<<<
12-12 19:27:53.328  7038  7038 D AndroidRuntime: CheckJNI is OFF
12-12 19:27:53.338  7038  7038 D dalvikvm: Good opt header, DEX offset is 64, flags=0x00
12-12 19:27:53.338  7038  7038 D dalvikvm: dalvik-aux-structure mapped at 0x5890f000 with sizes 17456 9068 22916 7820
12-12 19:27:53.338  7038  7038 D dalvikvm: Good opt header, DEX offset is 64, flags=0x00
12-12 19:27:53.338  7038  7038 D dalvikvm: dalvik-aux-structure mapped at 0x5891d000 with sizes 3488 1968 3700 1000
12-12 19:27:53.338  7038  7038 D dalvikvm: Good opt header, DEX offset is 64, flags=0x00
12-12 19:27:53.338  7038  7038 D dalvikvm: dalvik-aux-structure mapped at 0x58921000 with sizes 1212 1216 2416 256
12-12 19:27:53.338  7038  7038 D dalvikvm: Good opt header, DEX offset is 64, flags=0x00
12-12 19:27:53.338  7038  7038 D dalvikvm: dalvik-aux-structure mapped at 0x58928000 with sizes 132 296 392 8
12-12 19:27:53.338  7038  7038 D dalvikvm: Good opt header, DEX offset is 64, flags=0x00
12-12 19:27:53.338  7038  7038 D dalvikvm: dalvik-aux-structure mapped at 0x58ae7000 with sizes 8748 4364 7932 3996
12-12 19:27:53.338  7038  7038 D dalvikvm: Good opt header, DEX offset is 64, flags=0x00
12-12 19:27:53.338  7038  7038 D dalvikvm: dalvik-aux-structure mapped at 0x58aee000 with sizes 22496 5180 8540 1804
12-12 19:27:53.338  7038  7038 D dalvikvm: Good opt header, DEX offset is 64, flags=0x00
12-12 19:27:53.338  7038  7038 D dalvikvm: dalvik-aux-structure mapped at 0x59662000 with sizes 56980 26392 103936 34400
12-12 19:27:53.338  7038  7038 D dalvikvm: Good opt header, DEX offset is 64, flags=0x00
12-12 19:27:53.338  7038  7038 D dalvikvm: dalvik-aux-structure mapped at 0x5987d000 with sizes 9456 6512 11508 3328
12-12 19:27:53.338  7038  7038 D dalvikvm: Good opt header, DEX offset is 64, flags=0x00
12-12 19:27:53.338  7038  7038 D dalvikvm: dalvik-aux-structure mapped at 0x599f1000 with sizes 20772 3532 10520 3092
12-12 19:27:53.338  7038  7038 D dalvikvm: Good opt header, DEX offset is 64, flags=0x00
12-12 19:27:53.338  7038  7038 D dalvikvm: dalvik-aux-structure mapped at 0x58afd000 with sizes 1660 956 2388 56
12-12 19:27:53.338  7038  7038 D dalvikvm: Good opt header, DEX offset is 64, flags=0x00
12-12 19:27:53.338  7038  7038 D dalvikvm: dalvik-aux-structure mapped at 0x59a59000 with sizes 1312 504 800 184
12-12 19:27:53.348  7038  7038 D dalvikvm: Good opt header, DEX offset is 64, flags=0x00
12-12 19:27:53.348  7038  7038 D dalvikvm: dalvik-aux-structure mapped at 0x59a5a000 with sizes 1704 1896 3404 216
12-12 19:27:53.348  7038  7038 D dalvikvm: Good opt header, DEX offset is 64, flags=0x00
