12-12 19:27:35.714   928  1347 I ActivityManager: Start proc com.amazon.devicecontrol for broadcast com.amazon.devicecontrol/com.amazon.robocop.rules.wifi.WifiStateChangeReceiver: pid=6553 uid=1000 gids={41000, 1028, 1015, 3002, 3001, 3003, 2001, 1021, 3004, 3005, 1000, 3009, 1023, 1010, 9001}
12-12 19:27:35.714   928  1347 I ActivityManager: Killing 4979:com.audible.application.kindle/u0a22103 (adj 12): empty #17
12-12 19:27:35.734  6553  6553 D dalvikvm: Good opt header, DEX offset is 64, flags=0x00
12-12 19:27:35.734  6553  6553 D dalvikvm: dalvik-aux-structure mapped at 0x604a2000 with sizes 16 716 216 108
12-12 19:27:35.734  6553  6553 D dalvikvm: Good opt header, DEX offset is 64, flags=0x00
12-12 19:27:35.734  6553  6553 D dalvikvm: dalvik-aux-structure mapped at 0x604a3000 with sizes 1808 1032 1236 300
12-12 19:27:35.744  6553  6553 D dalvikvm: Good opt header, DEX offset is 64, flags=0x00
12-12 19:27:35.744  6553  6553 D dalvikvm: dalvik-aux-structure mapped at 0x604af000 with sizes 752 564 744 248
12-12 19:27:35.744  6553  6553 D ProfileManager: Create ProfileManager instance
12-12 19:27:35.744  6553  6553 W ResourceType: No package identifier when getting value for resource number 0x00000000
12-12 19:27:35.744  6553  6553 I Dispatch: No dispatch information file found
12-12 19:27:35.744   928  1261 I ActivityManager: Killing 5268:com.amazon.windowshop/u0a22097 (adj 12): empty #17
12-12 19:27:35.854  6567  6567 I DHCPCD  : version 5.5.6 starting
12-12 19:27:35.854  6567  6567 D DHCPCD  : wlan0: using hwaddr 00:00:00:00:b8:48
12-12 19:27:35.854  6567  6567 D DHCPCD  : wlan0: executing `/system/etc/dhcpcd/dhcpcd-run-hooks', reason PREINIT
12-12 19:27:35.884  6567  6567 D DHCPCD  : wlan0: reading lease `/data/misc/dhcp/dhcpcd-wlan0.lease'
12-12 19:27:35.884  6567  6567 I DHCPCD  : wlan0: rebinding lease of ************
12-12 19:27:35.884  6567  6567 D DHCPCD  : wlan0: sending REQUEST (xid 0xc2f0965a), next in 3.91 seconds
12-12 19:27:35.914  6567  6567 W DHCPCD  : wlan0: NAK: from ***********
12-12 19:27:35.914  6567  6567 D DHCPCD  : wlan0: executing `/system/etc/dhcpcd/dhcpcd-run-hooks', reason NAK
12-12 19:27:36.294  5796  6590 D Aatp    : /task/71f836a7ec720b0d436309bdd80b0091c22d1199/status
12-12 19:27:36.954  6567  6567 I DHCPCD  : wlan0: broadcasting for a lease
12-12 19:27:36.954  6567  6567 D DHCPCD  : wlan0: sending DISCOVER (xid 0x8495a4b7), next in 3.37 seconds
12-12 19:27:37.404  5796  6592 D Aatp    : /task/71f836a7ec720b0d436309bdd80b0091c22d1199/status
12-12 19:27:38.494  5796  6593 D Aatp    : /task/71f836a7ec720b0d436309bdd80b0091c22d1199/status
12-12 19:27:39.014  6567  6567 I DHCPCD  : wlan0: offered ************ from ***********
12-12 19:27:39.014  6567  6567 D DHCPCD  : wlan0: sending REQUEST (xid 0x8495a4b7), next in 4.72 seconds
12-12 19:27:39.034  6567  6567 I DHCPCD  : wlan0: acknowledged ************ from ***********
12-12 19:27:39.034  6567  6567 I DHCPCD  : wlan0: leased ************ for 864000 seconds
12-12 19:27:39.044  6567  6567 D DHCPCD  : wlan0: adding IP address ************/24
12-12 19:27:39.054   928   996 I WifiStateMachine: [DHCP INFO UPDATED (LinkProperties changed)] 
12-12 19:27:39.054  6567  6567 D DHCPCD  : wlan0: using Classless Static Routes
12-12 19:27:39.054  6567  6567 D DHCPCD  : wlan0: adding route to ***********/24
12-12 19:27:39.054  6567  6567 D DHCPCD  : wlan0: adding route to ********/8 via **********
12-12 19:27:39.054  6567  6567 E DHCPCD  : wlan0: add_route: m
12-12 19:27:39.054  6567  6567 D DHCPCD  : wlan0: adding route to **********/24 via **********
12-12 19:27:39.054  6567  6567 E DHCPCD  : wlan0: add_route: m
12-12 19:27:39.054  6567  6567 D DHCPCD  : wlan0: writing lease `/data/misc/dhcp/dhcpcd-wlan0.lease'
12-12 19:27:39.054  6567  6567 D DHCPCD  : wlan0: executing `/system/etc/dhcpcd/dhcpcd-run-hooks', reason BOUND
12-12 19:27:39.264   928   996 I WifiStateMachine: [DHCP INFO UPDATED (LinkProperties changed)]  DATA: [ xxxx]
12-12 19:27:39.264   928   996 I WifiStateMachine: [DHCP INFO UPDATED]  DATA: [ xxxx]
12-12 19:27:39.264   928   996 D WifiStateMachine: VerifyingLinkState enter
12-12 19:27:39.284   928   996 D WifiStateMachine: VerifyingLinkState GOOD_LINK_DETECTED: transition to captive portal check
12-12 19:27:39.284   928   996 D WifiStateMachine: CaptivePortalCheckState enter
12-12 19:27:39.284   928   999 D ConnectivityService: Captive portal check xxxx
12-12 19:27:39.284   928   999 D ConnectivityService: handleCaptivePortalTrackerCheck: call captivePortalCheckComplete ni=xxxx
12-12 19:27:39.284   928   999 D ConnectivityService: Setting timer for 720seconds
12-12 19:27:39.294   928   996 D WifiStateMachine: CaptivePortalCheckState CMD_CAPTIVE_CHECK_COMPLETE
12-12 19:27:39.304   928   994 D RadioPowerPolicy: Wifi reconnected and mobile data enabled.
12-12 19:27:39.304   928   999 D ConnectivityService: ConnectivityChange for WIFI: CONNECTED/CONNECTED
12-12 19:27:39.314   928   994 D RadioPowerPolicy: screen=true, wifi_connected=true
12-12 19:27:39.314   928   999 D ConnectivityService: Setting TCP values: [0] which comes from [net.tcp.usercfg.wifi]
12-12 19:27:39.324   928   999 D ConnectivityService: Setting TCP values: [1] which comes from [net.tcp.delack.wifi]
12-12 19:27:39.324   928   999 E ConnectivityService: Unexpected mtu value: android.net.wifi.WifiStateTracker@421a4dc0
12-12 19:27:39.364   928   999 D Nat464Xlat: requiresClat: netType=1, hasIPv4Address=true
12-12 19:27:39.414  6553  6553 W ContextImpl: Calling a method in the system process without a qualified user: android.app.ContextImpl.startService:1818 android.content.ContextWrapper.startService:529 android.content.ContextWrapper.startService:529 com.amazon.robocop.rules.wifi.WifiStateChangeReceiver.onReceive:34 android.app.ActivityThread.handleReceiver:2512 
12-12 19:27:39.424  6553  6632 I Enterprise.RuleHandlerService: onReceive
12-12 19:27:39.534   928  1124 D ActivityManager: single user service: com.amazon.imp
12-12 19:27:39.534   928  1124 D ActivityManager: app = com.amazon.imp, has single user service, setting process record.
12-12 19:27:39.604  5796  6652 D Aatp    : /task/71f836a7ec720b0d436309bdd80b0091c22d1199/status
12-12 19:27:40.204  5796  6447 D AWSDeviceFarmAndroidLib: connected: true
12-12 19:27:40.204  5796  6447 D AWSDeviceFarmAndroidLib: WiFiLock: acquire
12-12 19:27:40.204  5796  5796 D AatpDeviceManager: taskStatus update (71f836a7ec720b0d436309bdd80b0091c22d1199: {"result":"Wifi enabled: true","state":2})
12-12 19:27:40.434   928   996 I WifiStateMachine: [DHCP INFO UPDATED (LinkProperties changed)]  DATA: [ xxxx]
12-12 19:27:40.434   928   999 D ConnectivityService: handleConnectivityChange: addresses changed linkProperty[1]: resetMask=0
12-12 19:27:40.434   928   999 D ConnectivityService:    car=removed=[] added=[fe80::12ae:60ff:feac:b848/64,]
12-12 19:27:40.434   928   999 D Nat464Xlat: requiresClat: netType=1, hasIPv4Address=true
12-12 19:27:40.654  5796  6675 D Aatp    : /task/71f836a7ec720b0d436309bdd80b0091c22d1199/status
12-12 19:27:40.734  5796  6676 D Aatp    : /bluetooth
12-12 19:27:40.744  5796  6676 D Aatp    : sha1: 5e77290ad2bb7acf00f23dcdf1daa14c5fe952dc
12-12 19:27:40.744  5796  6676 D AatpDeviceManager: k: enabled v: True
12-12 19:27:40.744  5796  6676 D AatpDeviceManager: k: NanoHttpd.QUERY_STRING v: enabled=True
12-12 19:27:40.754  5796  5796 D AatpDeviceManager: taskStatus update (5e77290ad2bb7acf00f23dcdf1daa14c5fe952dc: {"state":1})
12-12 19:27:40.754  5796  6677 D AWSDeviceFarmAndroidLib: setEnabled: enabled: true
12-12 19:27:40.754   928   967 D BluetoothManagerService: Message: 20
12-12 19:27:40.754   928   967 D BluetoothManagerService: Added callback: android.bluetooth.IBluetoothManagerCallback$Stub$Proxy@4273ed60:true
12-12 19:27:40.754  5796  6677 D AWSDeviceFarmAndroidLib: setEnabled: setting bluetooth to: true
12-12 19:27:40.754   928  1124 D BluetoothManagerService: enable()
12-12 19:27:40.754   928  1124 D BluetoothManagerService: checkIfCallerIsForegroundUser: valid=true callingUser=0 foregroundUser=0
12-12 19:27:40.754   928  1124 D BluetoothManagerService: enterpriseAwareEnable():  mBluetooth =null mBinding = false
12-12 19:27:40.764  5796  6676 D Aatp    : /task/5e77290ad2bb7acf00f23dcdf1daa14c5fe952dc
12-12 19:27:40.774   928   967 D BluetoothManagerService: Message: 1
12-12 19:27:40.774   928   967 D BluetoothManagerService: MESSAGE_ENABLE: mBluetooth = null
12-12 19:27:40.774   928   967 W SharedAssetStorage: Launching com.android.bluetooth (1002) with AMZ_APP_GID
12-12 19:27:40.784   928   967 I ActivityManager: Start proc com.android.bluetooth for service com.android.bluetooth/.btservice.AdapterService: pid=6679 uid=1002 gids={41002, 1002, 3003, 3002, 3001, 1028, 1015, 3005, 1016, 3008, 1023, 9001}
12-12 19:27:40.824  6679  6679 D dalvikvm: Good opt header, DEX offset is 64, flags=0x00
12-12 19:27:40.824  6679  6679 D dalvikvm: dalvik-aux-structure mapped at 0x60504000 with sizes 268 288 284 792
12-12 19:27:40.824  6679  6679 D dalvikvm: Good opt header, DEX offset is 64, flags=0x00
12-12 19:27:40.834  6679  6679 D dalvikvm: dalvik-aux-structure mapped at 0x60505000 with sizes 9860 2572 9108 1472
12-12 19:27:40.854  6679  6679 D ProfileManager: Create ProfileManager instance
12-12 19:27:40.864  6679  6679 W ResourceType: No package identifier when getting value for resource number 0x00000000
12-12 19:27:40.864  6679  6679 I Dispatch: No dispatch information file found
12-12 19:27:40.864  6679  6679 D AdapterServiceConfig: Adding A2dpService
12-12 19:27:40.864  6679  6679 D AdapterServiceConfig: Adding HidService
12-12 19:27:40.864  6679  6679 D AdapterServiceConfig: Adding GattService
12-12 19:27:40.884  6679  6679 D BluetoothAdapterService: REFCOUNT: CREATED. INSTANCE_COUNT1
12-12 19:27:40.884  6679  6679 D BluetoothAdapterService(1102253160): onCreate
12-12 19:27:40.884  6679  6679 D BluetoothAdapterState: make
12-12 19:27:40.884   928   967 D BluetoothManagerService: Message: 20
12-12 19:27:40.884   928   967 D BluetoothManagerService: Added callback: android.bluetooth.IBluetoothManagerCallback$Stub$Proxy@426e9368:true
12-12 19:27:40.884  5796  6691 D Aatp    : /task/5e77290ad2bb7acf00f23dcdf1daa14c5fe952dc/status
12-12 19:27:40.884  6679  6694 I BluetoothAdapterState: Entering OffState
12-12 19:27:40.894  6679  6679 I bluedroid: init
12-12 19:27:40.894  6679  6679 I bte_conf: Attempt to load stack conf from /etc/bluetooth/bt_stack_rel.conf
12-12 19:27:40.894  6679  6679 I bluedroid: get_profile_interface socket
12-12 19:27:40.894  6679  6679 D BluetoothAdapterService(1102253160): onBind
12-12 19:27:40.894   928   928 D BluetoothManagerService: BluetoothServiceConnection: com.android.bluetooth.btservice.AdapterService
12-12 19:27:40.894   928   967 D BluetoothManagerService: Message: 40
12-12 19:27:40.894   928   967 D BluetoothManagerService: MESSAGE_BLUETOOTH_SERVICE_CONNECTED: 1
12-12 19:27:40.894  6679  6690 I bluedroid: config_hci_snoop_log
12-12 19:27:40.894   928   967 D BluetoothManagerService: Calling onBluetoothServiceUp callbacks
12-12 19:27:40.894   928   967 D BluetoothManagerService: Broadcasting onBluetoothServiceUp() to 5 receivers.
12-12 19:27:40.894  6679  6689 D BluetoothAdapterService(1102253160): Enable called with quiet mode status =  false
12-12 19:27:40.894  6679  6696 I GKI_LINUX: gki_task_entry: gki_task_entry task_id=1 [BTIF] starting
12-12 19:27:40.894  6679  6694 D BluetoothAdapterState: CURRENT_STATE=OFF, MESSAGE = USER_TURN_ON
12-12 19:27:40.894  6679  6696 I BluetoothAdapterProperties: adapterPropertyChangedCallback with type:2 len:6
12-12 19:27:40.894  6679  6694 D BluetoothAdapterProperties: Setting state to 11
12-12 19:27:40.894  6679  6694 I BluetoothAdapterState: Bluetooth adapter state changed: 10-> 11
12-12 19:27:40.894  6679  6694 D BluetoothAdapterService: Broadcasting updateAdapterState() to 1 receivers.
12-12 19:27:40.894  6679  6694 D BluetoothAdapterService(1102253160): processStart()
12-12 19:27:40.894  6679  6679 W ActivityThread: ClassLoader.loadClass: The class loader returned by Thread.getContextClassLoader() may fail for processes that host multiple applications. You should explicitly specify a context class loader. For example: Thread.setContextClassLoader(getClass().getClassLoader());
12-12 19:27:40.904  6679  6694 D BluetoothAdapterService(1102253160): processStart(): Make Bond State Machine
12-12 19:27:40.904   928   967 D BluetoothManagerService: Message: 60
12-12 19:27:40.904  6679  6694 D BluetoothBondStateMachine: make
12-12 19:27:40.904   928   967 D BluetoothManagerService: MESSAGE_BLUETOOTH_STATE_CHANGE: prevState = 10, newState=11
12-12 19:27:40.904   928   967 D BluetoothManagerService: Bluetooth State Change Intent: 10 -> 11
12-12 19:27:40.904  6679  6696 D BluetoothAdapterProperties: Address is:xxxx
12-12 19:27:40.904  6679  6696 I BluetoothAdapterProperties: adapterPropertyChangedCallback with type:1 len:7
12-12 19:27:40.904  6679  6690 D BluetoothAdapterService(1102253160): getState(): mAdapterProperties: com.android.bluetooth.btservice.AdapterProperties@41b32d48
12-12 19:27:40.904   928   961 W SharedAssetStorage: Launching com.android.settings (1000) with AMZ_APP_GID
12-12 19:27:40.904  6679  6696 D BluetoothAdapterProperties: Name is: xxxx
12-12 19:27:40.904  6679  6694 D BluetoothAdapterService: setAdapterService(): set to: null
12-12 19:27:40.904  6679  6694 W BluetoothAdapterService: Starting service com.android.bluetooth.a2dp.A2dpService
12-12 19:27:40.904  6679  6697 I BluetoothBondStateMachine: StableState(): Entering Off State
12-12 19:27:40.904   928   961 W BroadcastQueue: Permission Denial: receiving Intent { act=android.bluetooth.adapter.action.STATE_CHANGED flg=0x14000010 (has extras) } to ProcessRecord{423f8250 3027:com.amazon.whisperplay.cds:cds_services/u0a22006} (pid=3027, uid=32006) requires android.permission.BLUETOOTH due to sender android (uid 1000)
12-12 19:27:40.904   928   961 I ActivityManager: Start proc com.android.settings for broadcast com.android.settings/.bluetooth.DockEventReceiver: pid=6698 uid=1000 gids={41000, 1028, 1015, 3002, 3001, 3003, 2001, 1021, 3004, 3005, 1000, 3009, 1023, 1010, 9001}
12-12 19:27:40.914   928   928 D BluetoothManagerService: Bluetooth Adapter name changed to xxxx
12-12 19:27:40.914   928   928 D BluetoothManagerService: Stored Bluetooth name: xxxx
12-12 19:27:40.914  6679  6694 W BluetoothAdapterService: Starting service com.android.bluetooth.hid.HidService
12-12 19:27:40.914   928   928 D BluetoothA2dp: Proxy object connected
12-12 19:27:40.914  6679  6690 D BluetoothAdapterService(1102253160): getState(): mAdapterProperties: com.android.bluetooth.btservice.AdapterProperties@41b32d48
12-12 19:27:40.914  6679  6679 D A2dpService: Received start request. Starting profile...
12-12 19:27:40.914  6679  6679 I BluetoothAvrcpServiceJni: classInitNative: succeeds
12-12 19:27:40.914  6679  6679 I bluedroid: get_profile_interface avrcp
12-12 19:27:40.914  6679  6694 W BluetoothAdapterService: Starting service com.android.bluetooth.gatt.GattService
12-12 19:27:40.914  6679  6694 I BluetoothAdapterState: Entering PendingCommandState State: isTurningOn()=true, isTurningOff()=false
12-12 19:27:40.924  6679  6679 I BluetoothA2dpServiceJni: classInitNative: succeeds
12-12 19:27:40.924  6679  6679 D A2dpStateMachine: make
12-12 19:27:40.924  6679  6679 I bluedroid: get_profile_interface a2dp
12-12 19:27:40.924  6679  6711 I GKI_LINUX: gki_task_entry: gki_task_entry task_id=2 [A2DP-MEDIA] starting
12-12 19:27:40.924  6679  6679 D bt-btif : btif_av_state_idle_handler event:BTIF_SM_ENTER_EVT flags 0
12-12 19:27:40.924  6679  6679 D BluetoothAdapterService: getAdapterService(): returning com.android.bluetooth.btservice.AdapterService@41b30c68
12-12 19:27:40.924  6679  6679 I BluetoothHidServiceJni: classInitNative: succeeds
12-12 19:27:40.924  6679  6710 D A2dpStateMachine: Enter Disconnected: -2
12-12 19:27:40.924  6679  6679 D HidService: Received start request. Starting profile...
12-12 19:27:40.924  6679  6679 I bluedroid: get_profile_interface hidhost
12-12 19:27:40.924  6679  6679 D BluetoothAdapterService: getAdapterService(): returning com.android.bluetooth.btservice.AdapterService@41b30c68
12-12 19:27:40.924  6679  6679 D BtGatt.GattService: classInitNative called
12-12 19:27:40.924  6679  6679 I BtGatt.JNI: classInitNative(L684): classInitNative: Success!
12-12 19:27:40.924  6679  6679 D BtGatt.DebugUtils: handleDebugAction() action=null
12-12 19:27:40.924  6679  6711 E bt-btif : warning : no command pending, ignore ack
12-12 19:27:40.924  6679  6679 D BtGatt.GattService: Received start request. Starting profile...
12-12 19:27:40.924  6679  6679 D BtGatt.GattService: start()
12-12 19:27:40.924  6679  6679 I bluedroid: get_profile_interface gatt
12-12 19:27:40.924  6679  6679 D BluetoothAdapterService: getAdapterService(): returning com.android.bluetooth.btservice.AdapterService@41b30c68
12-12 19:27:40.924  6679  6679 D BluetoothAdapterService(1102253160): Message: 1
12-12 19:27:40.924  6679  6679 D BluetoothAdapterService(1102253160): MESSAGE_PROFILE_SERVICE_STATE_CHANGED
12-12 19:27:40.924  6679  6679 D BluetoothAdapterService: onProfileServiceStateChange: serviceName=com.android.bluetooth.a2dp.A2dpService, state = 12, doUpdate = true
12-12 19:27:40.934  6679  6679 D BluetoothAdapterService: Profile still not running:com.android.bluetooth.hid.HidService
12-12 19:27:40.934  6679  6679 D BluetoothAdapterService(1102253160): Message: 1
12-12 19:27:40.934  6679  6679 D BluetoothAdapterService(1102253160): MESSAGE_PROFILE_SERVICE_STATE_CHANGED
12-12 19:27:40.934  6679  6679 D BluetoothAdapterService: onProfileServiceStateChange: serviceName=com.android.bluetooth.hid.HidService, state = 12, doUpdate = true
12-12 19:27:40.934  6679  6679 D BluetoothAdapterService: Profile still not running:com.android.bluetooth.gatt.GattService
12-12 19:27:40.934  6679  6679 D BluetoothAdapterService(1102253160): Message: 1
12-12 19:27:40.934  6679  6679 D BluetoothAdapterService(1102253160): MESSAGE_PROFILE_SERVICE_STATE_CHANGED
12-12 19:27:40.934  6679  6679 D BluetoothAdapterService: onProfileServiceStateChange: serviceName=com.android.bluetooth.gatt.GattService, state = 12, doUpdate = true
12-12 19:27:40.934  6679  6679 D BluetoothAdapterService: All profile services started.
12-12 19:27:40.934  6679  6694 D BluetoothAdapterState: CURRENT_STATE=PENDING, MESSAGE = STARTED, isTurningOn=true, isTurningOff=false
12-12 19:27:40.934  6679  6694 I bluedroid: enable
12-12 19:27:40.934  6679  6694 I bt_hci_bdroid: init
12-12 19:27:40.934  6679  6694 I bt_vendor: bt-vendor : init
12-12 19:27:40.934  6679  6694 I bt_vendor: bt-vendor : get_bt_soc_type
12-12 19:27:40.934  6679  6694 I bt_vendor: qcom.bluetooth.soc set to ath3k
12-12 19:27:40.934  6679  6694 I bt_vendor: bt-vendor : Initializing UART transport layer
12-12 19:27:40.934  6679  6694 I bt_vendor: init: Local BD Address : 9a:d3:ab:60:ae:10
12-12 19:27:40.934  6679  6694 I bt_hci_bdroid: ro.qualcomm.bt.hci_transport not set, so using default.
12-12 19:27:40.934  6679  6694 D bt_h4   : hci_h4_init
12-12 19:27:40.934  6679  6694 D bt_hci_bdroid: set_power 0
12-12 19:27:40.934  6679  6694 I bt_vendor: bt-vendor : BT_VND_OP_POWER_CTRL: Off
12-12 19:27:40.934  6679  6694 I bt_vendor: bt_powerup: 0
12-12 19:27:40.934  6679  6694 E bt_vendor: bt_wait_for_service_done: check
12-12 19:27:40.934  6679  6694 E bt_vendor: bt_powerup:can't perform action as it is being used by other clients
12-12 19:27:40.934  6679  6714 I bt_hci_bdroid: bt_hc_worker_thread started
12-12 19:27:40.944  6698  6698 W dalvikvm: Refusing to reopen boot DEX '/system/framework/eaclibrary.jar'
12-12 19:27:40.944  6698  6698 D dalvikvm: Good opt header, DEX offset is 64, flags=0x00
12-12 19:27:40.944  6698  6698 D dalvikvm: dalvik-aux-structure mapped at 0x60e17000 with sizes 1992 2188 3416 1324
12-12 19:27:40.954  6698  6698 D dalvikvm: Good opt header, DEX offset is 64, flags=0x00
12-12 19:27:40.954  6698  6698 D dalvikvm: dalvik-aux-structure mapped at 0x60e1c000 with sizes 13436 5304 11424 3896
12-12 19:27:40.954  6698  6698 D dalvikvm: Good opt header, DEX offset is 64, flags=0x00
12-12 19:27:40.954  6698  6698 D dalvikvm: dalvik-aux-structure mapped at 0x6169d000 with sizes 40520 26084 53968 12536
12-12 19:27:40.954  6698  6698 D dalvikvm: Good opt header, DEX offset is 64, flags=0x00
12-12 19:27:40.954  6698  6698 D dalvikvm: dalvik-aux-structure mapped at 0x60e26000 with sizes 696 840 960 188
12-12 19:27:40.954  6698  6698 D dalvikvm: Good opt header, DEX offset is 64, flags=0x00
12-12 19:27:40.954  6698  6698 D dalvikvm: dalvik-aux-structure mapped at 0x60fc0000 with sizes 1452 716 1504 908
12-12 19:27:40.954  6698  6698 D dalvikvm: Good opt header, DEX offset is 64, flags=0x00
12-12 19:27:40.954  6698  6698 D dalvikvm: dalvik-aux-structure mapped at 0x60fc2000 with sizes 752 564 744 248
12-12 19:27:40.954  6698  6698 D dalvikvm: Good opt header, DEX offset is 64, flags=0x00
12-12 19:27:40.954  6698  6698 D dalvikvm: dalvik-aux-structure mapped at 0x60fc4000 with sizes 164 364 528 88
12-12 19:27:40.954  6698  6698 D ProfileManager: Create ProfileManager instance
12-12 19:27:40.964  6698  6698 W ResourceType: No package identifier when getting value for resource number 0x00000000
12-12 19:27:40.964  6698  6698 I Dispatch: No dispatch information file found
12-12 19:27:40.964  6698  6698 W ActivityThread: ClassLoader.loadClass: The class loader returned by Thread.getContextClassLoader() may fail for processes that host multiple applications. You should explicitly specify a context class loader. For example: Thread.setContextClassLoader(getClass().getClassLoader());
12-12 19:27:40.994  6679  6679 D dalvikvm: Good opt header, DEX offset is 64, flags=0x00
12-12 19:27:40.994  6679  6679 D dalvikvm: dalvik-aux-structure mapped at 0x612e2000 with sizes 216 176 128 100
12-12 19:27:40.994   928  1283 I ActivityManager: Killing 4826:com.amazon.ags.app/u0a22047 (adj 12): empty #17
12-12 19:27:41.134  6679  6694 D bt_hci_bdroid: set_power 1
12-12 19:27:41.134  6679  6694 I bt_vendor: bt-vendor : BT_VND_OP_POWER_CTRL: On
12-12 19:27:41.134  6679  6694 I bt_vendor: bt_powerup: 1
12-12 19:27:41.134  6679  6694 E bt_vendor: bt_wait_for_service_done: check
12-12 19:27:41.134  6679  6694 E bt_vendor: Write 1 to rfkill
12-12 19:27:41.244  6679  6694 E bt_vendor: bt get wifi status: ok, isInit: 1
12-12 19:27:41.444  6679  6694 D bt_hci_bdroid: preload
12-12 19:27:41.444  6679  6694 D bt_hci_bdroid: signal_event :0x1
12-12 19:27:41.444  6679  6714 D bt_hci_bdroid: bt_hc_worker_thread events : 0x1
12-12 19:27:41.444  6679  6714 I bt_vendor: bt-vendor : BT_VND_OP_USERIAL_OPEN
12-12 19:27:41.444  6679  6714 I bt_vendor:  hw_config_ath3k 
12-12 19:27:41.444  6679  6714 I bt_vendor:  init_uart 
12-12 19:27:41.454  6679  6719 I GKI_LINUX: gki_task_entry: gki_task_entry task_id=0 [BTU] starting
12-12 19:27:41.454  6679  6714 I bt_vendor:  ath3k_init 
12-12 19:27:41.454  6679  6719 I bt-btu  : btu_task pending for preload complete event
12-12 19:27:41.454  6679  6714 I bt_vendor: read_hci_event: Wait for Command Compete Event from SOC
12-12 19:27:41.454  6679  6714 I bt_vendor: read_hci_event: Event Received from SOC
12-12 19:27:41.454  6679  6714 I bt_vendor: read_hci_event: Event Read from SOC
12-12 19:27:41.454  6679  6714 I bt_vendor: set_cntrlr_baud : ret:0 
12-12 19:27:41.454  6679  6714 I bt_vendor: read_hci_event: Wait for Command Compete Event from SOC
12-12 19:27:41.454  6679  6714 I bt_vendor: read_hci_event: Event Received from SOC
12-12 19:27:41.454  6679  6714 I bt_vendor: read_hci_event: Event Read from SOC
12-12 19:27:41.464  6679  6714 I bt_vendor: read_hci_event: Wait for Command Compete Event from SOC
12-12 19:27:41.464  6679  6714 I bt_vendor: read_hci_event: Event Received from SOC
12-12 19:27:41.464  6679  6714 I bt_vendor: read_hci_event: Event Read from SOC
12-12 19:27:41.464  6679  6714 I bt_vendor: read_hci_event: Wait for Command Compete Event from SOC
12-12 19:27:41.464  6679  6714 I bt_vendor: read_hci_event: Event Received from SOC
12-12 19:27:41.464  6679  6714 I bt_vendor: read_hci_event: Event Read from SOC
12-12 19:27:41.464  6679  6714 I bt_vendor: read_hci_event: Wait for Command Compete Event from SOC
12-12 19:27:41.464  6679  6714 I bt_vendor: read_hci_event: Event Received from SOC
12-12 19:27:41.464  6679  6714 I bt_vendor: read_hci_event: Event Read from SOC
12-12 19:27:41.464  6679  6714 I bt_vendor: read_hci_event: Wait for Command Compete Event from SOC
12-12 19:27:41.464  6679  6714 I bt_vendor: read_hci_event: Event Received from SOC
12-12 19:27:41.464  6679  6714 I bt_vendor: read_hci_event: Event Read from SOC
12-12 19:27:41.464  6679  6714 I bt_vendor: read_hci_event: Wait for Command Compete Event from SOC
12-12 19:27:41.474  6679  6714 I bt_vendor: read_hci_event: Event Received from SOC
12-12 19:27:41.474  6679  6714 I bt_vendor: read_hci_event: Event Read from SOC
12-12 19:27:41.474  6679  6714 I bt_vendor: read_hci_event: Wait for Command Compete Event from SOC
12-12 19:27:41.474  6679  6714 I bt_vendor: read_hci_event: Event Received from SOC
12-12 19:27:41.474  6679  6714 I bt_vendor: read_hci_event: Event Read from SOC
12-12 19:27:41.474  6679  6714 I bt_vendor: read_hci_event: Wait for Command Compete Event from SOC
12-12 19:27:41.474  6679  6714 I bt_vendor: read_hci_event: Event Received from SOC
12-12 19:27:41.474  6679  6714 I bt_vendor: read_hci_event: Event Read from SOC
12-12 19:27:41.474  6679  6714 I bt_vendor: read_hci_event: Wait for Command Compete Event from SOC
12-12 19:27:41.474  6679  6714 I bt_vendor: read_hci_event: Event Received from SOC
12-12 19:27:41.474  6679  6714 I bt_vendor: read_hci_event: Event Read from SOC
12-12 19:27:41.474  6679  6714 I bt_vendor: read_hci_event: Wait for Command Compete Event from SOC
12-12 19:27:41.474  6679  6714 I bt_vendor: read_hci_event: Event Received from SOC
12-12 19:27:41.474  6679  6714 I bt_vendor: read_hci_event: Event Read from SOC
12-12 19:27:41.474  6679  6714 I bt_vendor: read_hci_event: Wait for Command Compete Event from SOC
12-12 19:27:41.484  6679  6714 I bt_vendor: read_hci_event: Event Received from SOC
12-12 19:27:41.484  6679  6714 I bt_vendor: read_hci_event: Event Read from SOC
12-12 19:27:41.484  6679  6714 I bt_vendor: read_hci_event: Wait for Command Compete Event from SOC
12-12 19:27:41.484  6679  6714 I bt_vendor: read_hci_event: Event Received from SOC
12-12 19:27:41.484  6679  6714 I bt_vendor: read_hci_event: Event Read from SOC
12-12 19:27:41.484  6679  6714 I bt_vendor: read_hci_event: Wait for Command Compete Event from SOC
12-12 19:27:41.484  6679  6714 I bt_vendor: read_hci_event: Event Received from SOC
12-12 19:27:41.484  6679  6714 I bt_vendor: read_hci_event: Event Read from SOC
12-12 19:27:41.484  6679  6714 I bt_vendor: read_hci_event: Wait for Command Compete Event from SOC
12-12 19:27:41.484  6679  6714 I bt_vendor: read_hci_event: Event Received from SOC
12-12 19:27:41.484  6679  6714 I bt_vendor: read_hci_event: Event Read from SOC
12-12 19:27:41.484  6679  6714 I bt_vendor: read_hci_event: Wait for Command Compete Event from SOC
12-12 19:27:41.484  6679  6714 I bt_vendor: read_hci_event: Event Received from SOC
12-12 19:27:41.484  6679  6714 I bt_vendor: read_hci_event: Event Read from SOC
12-12 19:27:41.494  6679  6714 I bt_vendor: read_hci_event: Wait for Command Compete Event from SOC
12-12 19:27:41.494  6679  6714 I bt_vendor: read_hci_event: Event Received from SOC
12-12 19:27:41.494  6679  6714 I bt_vendor: read_hci_event: Event Read from SOC
12-12 19:27:41.494  6679  6714 I bt_vendor: read_hci_event: Wait for Command Compete Event from SOC
12-12 19:27:41.494  6679  6714 I bt_vendor: read_hci_event: Event Received from SOC
12-12 19:27:41.494  6679  6714 I bt_vendor: read_hci_event: Event Read from SOC
12-12 19:27:41.494  6679  6714 I bt_vendor: read_hci_event: Wait for Command Compete Event from SOC
12-12 19:27:41.494  6679  6714 I bt_vendor: read_hci_event: Event Received from SOC
12-12 19:27:41.494  6679  6714 I bt_vendor: read_hci_event: Event Read from SOC
12-12 19:27:41.494  6679  6714 I bt_vendor: read_hci_event: Wait for Command Compete Event from SOC
12-12 19:27:41.494  6679  6714 I bt_vendor: read_hci_event: Event Received from SOC
12-12 19:27:41.494  6679  6714 I bt_vendor: read_hci_event: Event Read from SOC
12-12 19:27:41.494  6679  6714 I bt_vendor: read_hci_event: Wait for Command Compete Event from SOC
12-12 19:27:41.504  6679  6714 I bt_vendor: read_hci_event: Event Received from SOC
12-12 19:27:41.504  6679  6714 I bt_vendor: read_hci_event: Event Read from SOC
12-12 19:27:41.504  6679  6714 I bt_vendor: read_hci_event: Wait for Command Compete Event from SOC
12-12 19:27:41.504  6679  6714 I bt_vendor: read_hci_event: Event Received from SOC
12-12 19:27:41.504  6679  6714 I bt_vendor: read_hci_event: Event Read from SOC
12-12 19:27:41.504  6679  6714 I bt_vendor: read_hci_event: Wait for Command Compete Event from SOC
12-12 19:27:41.504  6679  6714 I bt_vendor: read_hci_event: Event Received from SOC
12-12 19:27:41.504  6679  6714 I bt_vendor: read_hci_event: Event Read from SOC
12-12 19:27:41.504  6679  6714 I bt_vendor: read_hci_event: Wait for Command Compete Event from SOC
12-12 19:27:41.504  6679  6714 I bt_vendor: read_hci_event: Event Received from SOC
12-12 19:27:41.504  6679  6714 I bt_vendor: read_hci_event: Event Read from SOC
12-12 19:27:41.504  6679  6714 I bt_vendor: read_hci_event: Wait for Command Compete Event from SOC
12-12 19:27:41.504  6679  6714 I bt_vendor: read_hci_event: Event Received from SOC
12-12 19:27:41.514  6679  6714 I bt_vendor: read_hci_event: Event Read from SOC
12-12 19:27:41.514  6679  6714 I bt_vendor: read_hci_event: Wait for Command Compete Event from SOC
12-12 19:27:41.514  6679  6714 I bt_vendor: read_hci_event: Event Received from SOC
12-12 19:27:41.514  6679  6714 I bt_vendor: read_hci_event: Event Read from SOC
12-12 19:27:41.514  6679  6714 I bt_vendor: read_hci_event: Wait for Command Compete Event from SOC
12-12 19:27:41.514  6679  6714 I bt_vendor: read_hci_event: Event Received from SOC
12-12 19:27:41.514  6679  6714 I bt_vendor: read_hci_event: Event Read from SOC
12-12 19:27:41.514  6679  6714 I bt_vendor: read_hci_event: Wait for Command Compete Event from SOC
12-12 19:27:41.514  6679  6714 I bt_vendor: read_hci_event: Event Received from SOC
12-12 19:27:41.514  6679  6714 I bt_vendor: read_hci_event: Event Read from SOC
12-12 19:27:41.514  6679  6714 I bt_vendor: read_hci_event: Wait for Command Compete Event from SOC
12-12 19:27:41.514  6679  6714 I bt_vendor: read_hci_event: Event Received from SOC
12-12 19:27:41.514  6679  6714 I bt_vendor: read_hci_event: Event Read from SOC
12-12 19:27:41.524  6679  6714 I bt_vendor: read_hci_event: Wait for Command Compete Event from SOC
12-12 19:27:41.524  6679  6714 I bt_vendor: read_hci_event: Event Received from SOC
12-12 19:27:41.524  6679  6714 I bt_vendor: read_hci_event: Event Read from SOC
12-12 19:27:41.524  6679  6714 I bt_vendor: read_hci_event: Wait for Command Compete Event from SOC
12-12 19:27:41.524  6679  6714 I bt_vendor: read_hci_event: Event Received from SOC
12-12 19:27:41.524  6679  6714 I bt_vendor: read_hci_event: Event Read from SOC
12-12 19:27:41.524  6679  6714 I bt_vendor: read_hci_event: Wait for Command Compete Event from SOC
12-12 19:27:41.524  6679  6714 I bt_vendor: read_hci_event: Event Received from SOC
12-12 19:27:41.524  6679  6714 I bt_vendor: read_hci_event: Event Read from SOC
12-12 19:27:41.524  6679  6714 I bt_vendor: read_hci_event: Wait for Command Compete Event from SOC
12-12 19:27:41.524  6679  6714 I bt_vendor: read_hci_event: Event Received from SOC
12-12 19:27:41.534  6679  6714 I bt_vendor: read_hci_event: Event Read from SOC
12-12 19:27:41.534  6679  6714 I bt_vendor: read_hci_event: Wait for Command Compete Event from SOC
12-12 19:27:41.534  6679  6714 I bt_vendor: read_hci_event: Event Received from SOC
12-12 19:27:41.534  6679  6714 I bt_vendor: read_hci_event: Event Read from SOC
12-12 19:27:41.534  6679  6714 I bt_vendor: read_hci_event: Wait for Command Compete Event from SOC
12-12 19:27:41.534  6679  6714 I bt_vendor: read_hci_event: Event Received from SOC
12-12 19:27:41.534  6679  6714 I bt_vendor: read_hci_event: Event Read from SOC
12-12 19:27:41.534  6679  6714 I bt_vendor: read_hci_event: Wait for Command Compete Event from SOC
12-12 19:27:41.534  6679  6714 I bt_vendor: read_hci_event: Event Received from SOC
12-12 19:27:41.534  6679  6714 I bt_vendor: read_hci_event: Event Read from SOC
12-12 19:27:41.534  6679  6714 I bt_vendor: read_hci_event: Wait for Command Compete Event from SOC
12-12 19:27:41.534  6679  6714 I bt_vendor: read_hci_event: Event Received from SOC
12-12 19:27:41.544  6679  6714 I bt_vendor: read_hci_event: Event Read from SOC
12-12 19:27:41.544  6679  6714 I bt_vendor: read_hci_event: Wait for Command Compete Event from SOC
12-12 19:27:41.544  6679  6714 I bt_vendor: read_hci_event: Event Received from SOC
12-12 19:27:41.544  6679  6714 I bt_vendor: read_hci_event: Event Read from SOC
12-12 19:27:41.544  6679  6714 I bt_vendor: read_hci_event: Wait for Command Compete Event from SOC
12-12 19:27:41.544  6679  6714 I bt_vendor: read_hci_event: Event Received from SOC
12-12 19:27:41.544  6679  6714 I bt_vendor: read_hci_event: Event Read from SOC
12-12 19:27:41.544  6679  6714 I bt_vendor: read_hci_event: Wait for Command Compete Event from SOC
12-12 19:27:41.544  6679  6714 I bt_vendor: read_hci_event: Event Received from SOC
12-12 19:27:41.544  6679  6714 I bt_vendor: read_hci_event: Event Read from SOC
12-12 19:27:41.544  6679  6714 I bt_vendor: read_hci_event: Wait for Command Compete Event from SOC
12-12 19:27:41.544  6679  6714 I bt_vendor: read_hci_event: Event Received from SOC
12-12 19:27:41.554  6679  6714 I bt_vendor: read_hci_event: Event Read from SOC
12-12 19:27:41.554  6679  6714 I bt_vendor: read_hci_event: Wait for Command Compete Event from SOC
12-12 19:27:41.554  6679  6714 I bt_vendor: read_hci_event: Event Received from SOC
12-12 19:27:41.554  6679  6714 I bt_vendor: read_hci_event: Event Read from SOC
12-12 19:27:41.554  6679  6714 I bt_vendor: read_hci_event: Wait for Command Compete Event from SOC
12-12 19:27:41.554  6679  6714 I bt_vendor: read_hci_event: Event Received from SOC
12-12 19:27:41.554  6679  6714 I bt_vendor: read_hci_event: Event Read from SOC
12-12 19:27:41.554  6679  6714 I bt_vendor: read_hci_event: Wait for Command Compete Event from SOC
12-12 19:27:41.554  6679  6714 I bt_vendor: read_hci_event: Event Received from SOC
12-12 19:27:41.554  6679  6714 I bt_vendor: read_hci_event: Event Read from SOC
12-12 19:27:41.554  6679  6714 I bt_vendor: read_hci_event: Wait for Command Compete Event from SOC
12-12 19:27:41.554  6679  6714 I bt_vendor: read_hci_event: Event Received from SOC
12-12 19:27:41.564  6679  6714 I bt_vendor: read_hci_event: Event Read from SOC
12-12 19:27:41.564  6679  6714 I bt_vendor: read_hci_event: Wait for Command Compete Event from SOC
12-12 19:27:41.564  6679  6714 I bt_vendor: read_hci_event: Event Received from SOC
12-12 19:27:41.564  6679  6714 I bt_vendor: read_hci_event: Event Read from SOC
12-12 19:27:41.564  6679  6714 I bt_vendor: read_hci_event: Wait for Command Compete Event from SOC
12-12 19:27:41.564  6679  6714 I bt_vendor: read_hci_event: Event Received from SOC
12-12 19:27:41.564  6679  6714 I bt_vendor: read_hci_event: Event Read from SOC
12-12 19:27:41.564  6679  6714 I bt_vendor: read_hci_event: Wait for Command Compete Event from SOC
12-12 19:27:41.564  6679  6714 I bt_vendor: read_hci_event: Event Received from SOC
12-12 19:27:41.564  6679  6714 I bt_vendor: read_hci_event: Event Read from SOC
12-12 19:27:41.564  6679  6714 I bt_vendor: read_hci_event: Wait for Command Compete Event from SOC
12-12 19:27:41.564  6679  6714 I bt_vendor: read_hci_event: Event Received from SOC
12-12 19:27:41.564  6679  6714 I bt_vendor: read_hci_event: Event Read from SOC
12-12 19:27:41.574  6679  6714 I bt_vendor: read_hci_event: Wait for Command Compete Event from SOC
12-12 19:27:41.574  6679  6714 I bt_vendor: read_hci_event: Event Received from SOC
12-12 19:27:41.574  6679  6714 I bt_vendor: read_hci_event: Event Read from SOC
12-12 19:27:41.574  6679  6714 I bt_vendor: read_hci_event: Wait for Command Compete Event from SOC
12-12 19:27:41.574  6679  6714 I bt_vendor: read_hci_event: Event Received from SOC
12-12 19:27:41.574  6679  6714 I bt_vendor: read_hci_event: Event Read from SOC
12-12 19:27:41.574  6679  6714 I bt_vendor: read_hci_event: Wait for Command Compete Event from SOC
12-12 19:27:41.574  6679  6714 I bt_vendor: read_hci_event: Event Received from SOC
12-12 19:27:41.574  6679  6714 I bt_vendor: read_hci_event: Event Read from SOC
12-12 19:27:41.574  6679  6714 I bt_vendor: read_hci_event: Wait for Command Compete Event from SOC
12-12 19:27:41.574  6679  6714 I bt_vendor: read_hci_event: Event Received from SOC
12-12 19:27:41.574  6679  6714 I bt_vendor: read_hci_event: Event Read from SOC
12-12 19:27:41.584  6679  6714 I bt_vendor: read_hci_event: Wait for Command Compete Event from SOC
12-12 19:27:41.584  6679  6714 I bt_vendor: read_hci_event: Event Received from SOC
12-12 19:27:41.584  6679  6714 I bt_vendor: read_hci_event: Event Read from SOC
12-12 19:27:41.584  6679  6714 I bt_vendor: read_hci_event: Wait for Command Compete Event from SOC
12-12 19:27:41.584  6679  6714 I bt_vendor: read_hci_event: Event Received from SOC
12-12 19:27:41.584  6679  6714 I bt_vendor: read_hci_event: Event Read from SOC
12-12 19:27:41.584  6679  6714 I bt_vendor: read_hci_event: Wait for Command Compete Event from SOC
12-12 19:27:41.584  6679  6714 I bt_vendor: read_hci_event: Event Received from SOC
12-12 19:27:41.584  6679  6714 I bt_vendor: read_hci_event: Event Read from SOC
12-12 19:27:41.584  6679  6714 I bt_vendor: read_hci_event: Wait for Command Compete Event from SOC
12-12 19:27:41.584  6679  6714 I bt_vendor: read_hci_event: Event Received from SOC
12-12 19:27:41.584  6679  6714 I bt_vendor: read_hci_event: Event Read from SOC
12-12 19:27:41.584  6679  6714 I bt_vendor: read_hci_event: Wait for Command Compete Event from SOC
12-12 19:27:41.594  6679  6714 I bt_vendor: read_hci_event: Event Received from SOC
12-12 19:27:41.594  6679  6714 I bt_vendor: read_hci_event: Event Read from SOC
12-12 19:27:41.594  6679  6714 I bt_vendor: read_hci_event: Wait for Command Compete Event from SOC
12-12 19:27:41.594  6679  6714 I bt_vendor: read_hci_event: Event Received from SOC
12-12 19:27:41.594  6679  6714 I bt_vendor: read_hci_event: Event Read from SOC
12-12 19:27:41.594  6679  6714 I bt_vendor: read_hci_event: Wait for Command Compete Event from SOC
12-12 19:27:41.594  6679  6714 I bt_vendor: read_hci_event: Event Received from SOC
12-12 19:27:41.594  6679  6714 I bt_vendor: read_hci_event: Event Read from SOC
12-12 19:27:41.594  6679  6714 I bt_vendor: read_hci_event: Wait for Command Compete Event from SOC
12-12 19:27:41.594  6679  6714 I bt_vendor: read_hci_event: Event Received from SOC
12-12 19:27:41.594  6679  6714 I bt_vendor: read_hci_event: Event Read from SOC
12-12 19:27:41.594  6679  6714 I bt_vendor: read_hci_event: Wait for Command Compete Event from SOC
12-12 19:27:41.604  6679  6714 I bt_vendor: read_hci_event: Event Received from SOC
12-12 19:27:41.604  6679  6714 I bt_vendor: read_hci_event: Event Read from SOC
12-12 19:27:41.604  6679  6714 I bt_vendor: read_hci_event: Wait for Command Compete Event from SOC
12-12 19:27:41.604  6679  6714 I bt_vendor: read_hci_event: Event Received from SOC
12-12 19:27:41.604  6679  6714 I bt_vendor: read_hci_event: Event Read from SOC
12-12 19:27:41.604  6679  6714 I bt_vendor: read_hci_event: Wait for Command Compete Event from SOC
12-12 19:27:41.604  6679  6714 I bt_vendor: read_hci_event: Event Received from SOC
12-12 19:27:41.604  6679  6714 I bt_vendor: read_hci_event: Event Read from SOC
12-12 19:27:41.604  6679  6714 I bt_vendor: read_hci_event: Wait for Command Compete Event from SOC
12-12 19:27:41.604  6679  6714 I bt_vendor: read_hci_event: Event Received from SOC
12-12 19:27:41.604  6679  6714 I bt_vendor: read_hci_event: Event Read from SOC
12-12 19:27:41.604  6679  6714 I bt_vendor: read_hci_event: Wait for Command Compete Event from SOC
12-12 19:27:41.614  6679  6714 I bt_vendor: read_hci_event: Event Received from SOC
12-12 19:27:41.614  6679  6714 I bt_vendor: read_hci_event: Event Read from SOC
12-12 19:27:41.614  6679  6714 I bt_vendor: read_hci_event: Wait for Command Compete Event from SOC
12-12 19:27:41.614  6679  6714 I bt_vendor: read_hci_event: Event Received from SOC
12-12 19:27:41.614  6679  6714 I bt_vendor: read_hci_event: Event Read from SOC
12-12 19:27:41.614  6679  6714 I bt_vendor: read_hci_event: Wait for Command Compete Event from SOC
12-12 19:27:41.614  6679  6714 I bt_vendor: read_hci_event: Event Received from SOC
12-12 19:27:41.614  6679  6714 I bt_vendor: read_hci_event: Event Read from SOC
12-12 19:27:41.614  6679  6714 I bt_vendor: read_hci_event: Wait for Command Compete Event from SOC
12-12 19:27:41.614  6679  6714 I bt_vendor: read_hci_event: Event Received from SOC
12-12 19:27:41.614  6679  6714 I bt_vendor: read_hci_event: Event Read from SOC
12-12 19:27:41.614  6679  6714 I bt_vendor: read_hci_event: Wait for Command Compete Event from SOC
12-12 19:27:41.624  6679  6714 I bt_vendor: read_hci_event: Event Received from SOC
12-12 19:27:41.624  6679  6714 I bt_vendor: read_hci_event: Event Read from SOC
12-12 19:27:41.624  6679  6714 I bt_vendor: read_hci_event: Wait for Command Compete Event from SOC
12-12 19:27:41.624  6679  6714 I bt_vendor: read_hci_event: Event Received from SOC
12-12 19:27:41.624  6679  6714 I bt_vendor: read_hci_event: Event Read from SOC
12-12 19:27:41.624  6679  6714 I bt_vendor: read_hci_event: Wait for Command Compete Event from SOC
12-12 19:27:41.624  6679  6714 I bt_vendor: read_hci_event: Event Received from SOC
12-12 19:27:41.624  6679  6714 I bt_vendor: read_hci_event: Event Read from SOC
12-12 19:27:41.624  6679  6714 I bt_vendor: read_hci_event: Wait for Command Compete Event from SOC
12-12 19:27:41.624  6679  6714 I bt_vendor: read_hci_event: Event Received from SOC
12-12 19:27:41.624  6679  6714 I bt_vendor: read_hci_event: Event Read from SOC
12-12 19:27:41.634  6679  6714 I bt_vendor: read_hci_event: Wait for Command Compete Event from SOC
12-12 19:27:41.634  6679  6714 I bt_vendor: read_hci_event: Event Received from SOC
12-12 19:27:41.634  6679  6714 I bt_vendor: read_hci_event: Event Read from SOC
12-12 19:27:41.634  6679  6714 I bt_vendor: read_hci_event: Wait for Command Compete Event from SOC
12-12 19:27:41.634  6679  6714 I bt_vendor: read_hci_event: Event Received from SOC
12-12 19:27:41.634  6679  6714 I bt_vendor: read_hci_event: Event Read from SOC
12-12 19:27:41.634  6679  6714 I bt_vendor: read_hci_event: Wait for Command Compete Event from SOC
12-12 19:27:41.634   928  1165 I LoggerMetricsFactoryImpl: record : No valid data points in metrics event. Program: location_manager Soruce: general
12-12 19:27:41.634  6679  6714 I bt_vendor: read_hci_event: Event Received from SOC
12-12 19:27:41.634  6679  6714 I bt_vendor: read_hci_event: Event Read from SOC
12-12 19:27:41.634  6679  6714 I bt_vendor: read_hci_event: Wait for Command Compete Event from SOC
12-12 19:27:41.644  6679  6714 I bt_vendor: read_hci_event: Event Received from SOC
12-12 19:27:41.644  6679  6714 I bt_vendor: read_hci_event: Event Read from SOC
12-12 19:27:41.644  6679  6714 I bt_vendor: read_hci_event: Wait for Command Compete Event from SOC
12-12 19:27:41.644  6679  6714 I bt_vendor: read_hci_event: Event Received from SOC
12-12 19:27:41.644  6679  6714 I bt_vendor: read_hci_event: Event Read from SOC
12-12 19:27:41.644  6679  6714 I bt_vendor: read_hci_event: Wait for Command Compete Event from SOC
12-12 19:27:41.644  6679  6714 I bt_vendor: read_hci_event: Event Received from SOC
12-12 19:27:41.644  6679  6714 I bt_vendor: read_hci_event: Event Read from SOC
12-12 19:27:41.644  6679  6714 I bt_vendor: read_hci_event: Wait for Command Compete Event from SOC
12-12 19:27:41.644  6679  6714 I bt_vendor: read_hci_event: Event Received from SOC
12-12 19:27:41.644  6679  6714 I bt_vendor: read_hci_event: Event Read from SOC
12-12 19:27:41.644  6679  6714 I bt_vendor: read_hci_event: Wait for Command Compete Event from SOC
12-12 19:27:41.644  6679  6714 I bt_vendor: read_hci_event: Event Received from SOC
12-12 19:27:41.644  6679  6714 I bt_vendor: read_hci_event: Event Read from SOC
12-12 19:27:41.654  6679  6714 I bt_vendor: read_hci_event: Wait for Command Compete Event from SOC
12-12 19:27:41.654  6679  6714 I bt_vendor: read_hci_event: Event Received from SOC
12-12 19:27:41.654  6679  6714 I bt_vendor: read_hci_event: Event Read from SOC
12-12 19:27:41.654  6679  6714 I bt_vendor: read_hci_event: Wait for Command Compete Event from SOC
12-12 19:27:41.654  6679  6714 I bt_vendor: read_hci_event: Event Received from SOC
12-12 19:27:41.654  6679  6714 I bt_vendor: read_hci_event: Event Read from SOC
12-12 19:27:41.654  6679  6714 I bt_vendor: read_hci_event: Wait for Command Compete Event from SOC
12-12 19:27:41.654  6679  6714 I bt_vendor: read_hci_event: Event Received from SOC
12-12 19:27:41.654  6679  6714 I bt_vendor: read_hci_event: Event Read from SOC
12-12 19:27:41.654  6679  6714 I bt_vendor: read_hci_event: Wait for Command Compete Event from SOC
12-12 19:27:41.654  6679  6714 I bt_vendor: read_hci_event: Event Received from SOC
12-12 19:27:41.654  6679  6714 I bt_vendor: read_hci_event: Event Read from SOC
12-12 19:27:41.654  6679  6714 I bt_vendor: read_hci_event: Wait for Command Compete Event from SOC
12-12 19:27:41.654   928  1165 I LoggerMetricsFactoryImpl: record : No valid data points in metrics event. Program: location_manager Soruce: fused
12-12 19:27:41.654  6679  6714 I bt_vendor: read_hci_event: Event Received from SOC
12-12 19:27:41.654  6679  6714 I bt_vendor: read_hci_event: Event Read from SOC
12-12 19:27:41.664  6679  6714 I bt_vendor: read_hci_event: Wait for Command Compete Event from SOC
12-12 19:27:41.664   928  1165 I LoggerMetricsFactoryImpl: record : No valid data points in metrics event. Program: location_manager Soruce: gps
12-12 19:27:41.664   928  1165 I LoggerMetricsFactoryImpl: record : No valid data points in metrics event. Program: location_manager Soruce: geofence
12-12 19:27:41.664  6679  6714 I bt_vendor: read_hci_event: Event Received from SOC
12-12 19:27:41.664  6679  6714 I bt_vendor: read_hci_event: Event Read from SOC
12-12 19:27:41.664  6679  6714 I bt_vendor: read_hci_event: Wait for Command Compete Event from SOC
12-12 19:27:41.664  6679  6714 I bt_vendor: read_hci_event: Event Received from SOC
12-12 19:27:41.664  6679  6714 I bt_vendor: read_hci_event: Event Read from SOC
12-12 19:27:41.664  6679  6714 I bt_vendor: read_hci_event: Wait for Command Compete Event from SOC
12-12 19:27:41.664  6679  6714 I bt_vendor: read_hci_event: Event Received from SOC
12-12 19:27:41.664  6679  6714 I bt_vendor: read_hci_event: Event Read from SOC
12-12 19:27:41.664  6679  6714 I bt_vendor: read_hci_event: Wait for Command Compete Event from SOC
12-12 19:27:41.664  6679  6714 I bt_vendor: read_hci_event: Event Received from SOC
12-12 19:27:41.664  6679  6714 I bt_vendor: read_hci_event: Event Read from SOC
12-12 19:27:41.664  6679  6714 I bt_vendor: read_hci_event: Wait for Command Compete Event from SOC
12-12 19:27:41.664  6679  6714 I bt_vendor: read_hci_event: Event Received from SOC
12-12 19:27:41.674  6679  6714 I bt_vendor: read_hci_event: Event Read from SOC
12-12 19:27:41.674  6679  6714 I bt_vendor: read_hci_event: Wait for Command Compete Event from SOC
12-12 19:27:41.674  6679  6714 I bt_vendor: read_hci_event: Event Received from SOC
12-12 19:27:41.674  6679  6714 I bt_vendor: read_hci_event: Event Read from SOC
12-12 19:27:41.674  6679  6714 I bt_vendor: read_hci_event: Wait for Command Compete Event from SOC
12-12 19:27:41.674  6679  6714 I bt_vendor: read_hci_event: Event Received from SOC
12-12 19:27:41.674  6679  6714 I bt_vendor: read_hci_event: Event Read from SOC
12-12 19:27:41.674  6679  6714 I bt_vendor: read_hci_event: Wait for Command Compete Event from SOC
12-12 19:27:41.674  6679  6714 I bt_vendor: read_hci_event: Event Received from SOC
12-12 19:27:41.674  6679  6714 I bt_vendor: read_hci_event: Event Read from SOC
12-12 19:27:41.674  6679  6714 I bt_vendor: read_hci_event: Wait for Command Compete Event from SOC
12-12 19:27:41.674  6679  6714 I bt_vendor: read_hci_event: Event Received from SOC
12-12 19:27:41.674  6679  6714 I bt_vendor: read_hci_event: Event Read from SOC
12-12 19:27:41.674  6679  6714 I bt_vendor: read_hci_event: Wait for Command Compete Event from SOC
12-12 19:27:41.684  6679  6714 I bt_vendor: read_hci_event: Event Received from SOC
12-12 19:27:41.684  6679  6714 I bt_vendor: read_hci_event: Event Read from SOC
12-12 19:27:41.684  6679  6714 I bt_vendor: read_hci_event: Wait for Command Compete Event from SOC
12-12 19:27:41.684  6679  6714 I bt_vendor: read_hci_event: Event Received from SOC
12-12 19:27:41.684  6679  6714 I bt_vendor: read_hci_event: Event Read from SOC
12-12 19:27:41.684  6679  6714 I bt_vendor: read_hci_event: Wait for Command Compete Event from SOC
12-12 19:27:41.684  6679  6714 I bt_vendor: read_hci_event: Event Received from SOC
12-12 19:27:41.684  6679  6714 I bt_vendor: read_hci_event: Event Read from SOC
12-12 19:27:41.684  6679  6714 I bt_vendor: read_hci_event: Wait for Command Compete Event from SOC
12-12 19:27:41.684  6679  6714 I bt_vendor: read_hci_event: Event Received from SOC
12-12 19:27:41.684  6679  6714 I bt_vendor: read_hci_event: Event Read from SOC
12-12 19:27:41.684  6679  6714 I bt_vendor: read_hci_event: Wait for Command Compete Event from SOC
