12-12 19:27:12.564  5796  5900 D Aatp    : /task/373d38b0235152cd18925cc0e557f873fcc9341b/status
12-12 19:27:12.994  5796  5913 D Aatp    : /keyguard
12-12 19:27:13.014  5796  5913 D Aatp    : sha1: 785864e7566fd696b79d0e0d54d3d4d0b8df7c01
12-12 19:27:13.044  5796  5913 D Aatp    : /task/785864e7566fd696b79d0e0d54d3d4d0b8df7c01
12-12 19:27:13.044  5796  5796 D AatpDeviceManager: taskStatus update (785864e7566fd696b79d0e0d54d3d4d0b8df7c01: {"state":1})
12-12 19:27:13.044  5796  5914 D AatpDeviceManager: Keyguard enabled: true
12-12 19:27:13.094  5796  5796 D AatpDeviceManager: taskStatus update (785864e7566fd696b79d0e0d54d3d4d0b8df7c01: {"result":{"enabled":true},"state":2})
12-12 19:27:13.094   928  1261 W SchedPolicy: Failed to set io priority for tid 5914 (No such process)
12-12 19:27:13.194  5796  5926 D Aatp    : /task/785864e7566fd696b79d0e0d54d3d4d0b8df7c01/status
12-12 19:27:13.724  5935  5935 D AndroidRuntime: 
12-12 19:27:13.724  5935  5935 D AndroidRuntime: >>>>>> AndroidRuntime START com.android.internal.os.RuntimeInit <<<<<<
12-12 19:27:13.724  5935  5935 D AndroidRuntime: CheckJNI is OFF
12-12 19:27:13.724  5935  5935 D dalvikvm: Good opt header, DEX offset is 64, flags=0x00
12-12 19:27:13.724  5935  5935 D dalvikvm: dalvik-aux-structure mapped at 0x41e0f000 with sizes 17456 9068 22916 7820
12-12 19:27:13.724  5935  5935 D dalvikvm: Good opt header, DEX offset is 64, flags=0x00
12-12 19:27:13.724  5935  5935 D dalvikvm: dalvik-aux-structure mapped at 0x5890a000 with sizes 3488 1968 3700 1000
12-12 19:27:13.734  5935  5935 D dalvikvm: Good opt header, DEX offset is 64, flags=0x00
12-12 19:27:13.734  5935  5935 D dalvikvm: dalvik-aux-structure mapped at 0x58944000 with sizes 1212 1216 2416 256
12-12 19:27:13.734  5935  5935 D dalvikvm: Good opt header, DEX offset is 64, flags=0x00
12-12 19:27:13.734  5935  5935 D dalvikvm: dalvik-aux-structure mapped at 0x58952000 with sizes 132 296 392 8
12-12 19:27:13.734  5935  5935 D dalvikvm: Good opt header, DEX offset is 64, flags=0x00
12-12 19:27:13.734  5935  5935 D dalvikvm: dalvik-aux-structure mapped at 0x58953000 with sizes 8748 4364 7932 3996
12-12 19:27:13.734  5935  5935 D dalvikvm: Good opt header, DEX offset is 64, flags=0x00
12-12 19:27:13.734  5935  5935 D dalvikvm: dalvik-aux-structure mapped at 0x5895a000 with sizes 22496 5180 8540 1804
12-12 19:27:13.734  5935  5935 D dalvikvm: Good opt header, DEX offset is 64, flags=0x00
12-12 19:27:13.734  5935  5935 D dalvikvm: dalvik-aux-structure mapped at 0x595f3000 with sizes 56980 26392 103936 34400
12-12 19:27:13.734  5935  5935 D dalvikvm: Good opt header, DEX offset is 64, flags=0x00
12-12 19:27:13.734  5935  5935 D dalvikvm: dalvik-aux-structure mapped at 0x58a84000 with sizes 9456 6512 11508 3328
12-12 19:27:13.734  5935  5935 D dalvikvm: Good opt header, DEX offset is 64, flags=0x00
12-12 19:27:13.734  5935  5935 D dalvikvm: dalvik-aux-structure mapped at 0x5997a000 with sizes 20772 3532 10520 3092
12-12 19:27:13.734  5935  5935 D dalvikvm: Good opt header, DEX offset is 64, flags=0x00
12-12 19:27:13.734  5935  5935 D dalvikvm: dalvik-aux-structure mapped at 0x599b0000 with sizes 1660 956 2388 56
12-12 19:27:13.734  5935  5935 D dalvikvm: Good opt header, DEX offset is 64, flags=0x00
12-12 19:27:13.734  5935  5935 D dalvikvm: dalvik-aux-structure mapped at 0x599e4000 with sizes 1312 504 800 184
12-12 19:27:13.734  5935  5935 D dalvikvm: Good opt header, DEX offset is 64, flags=0x00
12-12 19:27:13.734  5935  5935 D dalvikvm: dalvik-aux-structure mapped at 0x599e5000 with sizes 1704 1896 3404 216
12-12 19:27:13.734  5935  5935 D dalvikvm: Good opt header, DEX offset is 64, flags=0x00
12-12 19:27:13.734  5935  5935 D dalvikvm: dalvik-aux-structure mapped at 0x59e28000 with sizes 41652 10740 31732 2024
12-12 19:27:13.734  5935  5935 D dalvikvm: Good opt header, DEX offset is 64, flags=0x00
12-12 19:27:13.734  5935  5935 D dalvikvm: dalvik-aux-structure mapped at 0x599ea000 with sizes 13340 3572 6468 560
12-12 19:27:13.734  5935  5935 D dalvikvm: Good opt header, DEX offset is 64, flags=0x00
12-12 19:27:13.734  5935  5935 D dalvikvm: dalvik-aux-structure mapped at 0x5a06d000 with sizes 3752 5072 11996 2620
12-12 19:27:13.734  5935  5935 D dalvikvm: Good opt header, DEX offset is 64, flags=0x00
12-12 19:27:13.734  5935  5935 D dalvikvm: dalvik-aux-structure mapped at 0x599f2000 with sizes 864 112 12 8
12-12 19:27:13.734  5935  5935 D dalvikvm: Good opt header, DEX offset is 64, flags=0x00
12-12 19:27:13.734  5935  5935 D dalvikvm: dalvik-aux-structure mapped at 0x599f4000 with sizes 144 424 416 84
12-12 19:27:13.744  5935  5935 D dalvikvm: Good opt header, DEX offset is 64, flags=0x00
12-12 19:27:13.744  5935  5935 D dalvikvm: dalvik-aux-structure mapped at 0x5a086000 with sizes 8 84 20 52
12-12 19:27:13.744  5935  5935 D dalvikvm: Good opt header, DEX offset is 64, flags=0x00
12-12 19:27:13.744  5935  5935 D dalvikvm: dalvik-aux-structure mapped at 0x5a087000 with sizes 2300 1284 1900 732
12-12 19:27:13.744  5935  5935 D dalvikvm: Good opt header, DEX offset is 64, flags=0x00
12-12 19:27:13.744  5935  5935 D dalvikvm: dalvik-aux-structure mapped at 0x5a08b000 with sizes 3068 1548 4364 1460
12-12 19:27:13.744  5935  5935 D dalvikvm: Good opt header, DEX offset is 64, flags=0x00
12-12 19:27:13.744  5935  5935 D dalvikvm: dalvik-aux-structure mapped at 0x5a08f000 with sizes 2512 2028 2656 348
12-12 19:27:13.744  5935  5935 D dalvikvm: Good opt header, DEX offset is 64, flags=0x00
12-12 19:27:13.744  5935  5935 D dalvikvm: dalvik-aux-structure mapped at 0x5a092000 with sizes 244 632 480 120
12-12 19:27:13.744  5935  5935 D dalvikvm: Good opt header, DEX offset is 64, flags=0x00
12-12 19:27:13.744  5935  5935 D dalvikvm: dalvik-aux-structure mapped at 0x5a095000 with sizes 44 16 4 16
12-12 19:27:13.744  5935  5935 D dalvikvm: Good opt header, DEX offset is 64, flags=0x00
12-12 19:27:13.744  5935  5935 D dalvikvm: dalvik-aux-structure mapped at 0x5a3e4000 with sizes 17456 5180 15016 5508
12-12 19:27:13.744  5935  5935 D dalvikvm: Good opt header, DEX offset is 64, flags=0x00
12-12 19:27:13.744  5935  5935 D dalvikvm: dalvik-aux-structure mapped at 0x5a17b000 with sizes 17648 1196 1848 1084
12-12 19:27:13.744  5935  5935 D dalvikvm: Good opt header, DEX offset is 64, flags=0x00
12-12 19:27:13.744  5935  5935 D dalvikvm: dalvik-aux-structure mapped at 0x5a614000 with sizes 5448 6248 17376 5152
12-12 19:27:13.744  5935  5935 D dalvikvm: Good opt header, DEX offset is 64, flags=0x00
12-12 19:27:13.744  5935  5935 D dalvikvm: dalvik-aux-structure mapped at 0x5a182000 with sizes 92 272 204 12
12-12 19:27:13.744  5935  5935 D dalvikvm: Good opt header, DEX offset is 64, flags=0x00
12-12 19:27:13.744  5935  5935 D dalvikvm: dalvik-aux-structure mapped at 0x5a626000 with sizes 368 52 8 52
12-12 19:27:13.744  5935  5935 D dalvikvm: Good opt header, DEX offset is 64, flags=0x00
12-12 19:27:13.744  5935  5935 D dalvikvm: dalvik-aux-structure mapped at 0x5a643000 with sizes 848 488 512 692
12-12 19:27:13.744  5935  5935 D dalvikvm: Good opt header, DEX offset is 64, flags=0x00
12-12 19:27:13.744  5935  5935 D dalvikvm: dalvik-aux-structure mapped at 0x5a646000 with sizes 20 36 20 8
12-12 19:27:13.744  5935  5935 D dalvikvm: Good opt header, DEX offset is 64, flags=0x00
12-12 19:27:13.744  5935  5935 D dalvikvm: dalvik-aux-structure mapped at 0x5a64f000 with sizes 360 232 320 68
12-12 19:27:13.744  5935  5935 D dalvikvm: Good opt header, DEX offset is 64, flags=0x00
12-12 19:27:13.744  5935  5935 D dalvikvm: dalvik-aux-structure mapped at 0x5a65f000 with sizes 864 272 320 208
12-12 19:27:13.754  5935  5935 D dalvikvm: Trying to load lib libjavacore.so 0x0
12-12 19:27:13.754  5935  5935 D dalvikvm: Added shared lib libjavacore.so 0x0
12-12 19:27:13.754  5935  5935 D dalvikvm: Trying to load lib libnativehelper.so 0x0
12-12 19:27:13.754  5935  5935 D dalvikvm: Added shared lib libnativehelper.so 0x0
12-12 19:27:13.754  5935  5935 D dalvikvm: No JNI_OnLoad found in libnativehelper.so 0x0, skipping init
12-12 19:27:13.764  5935  5935 D dalvikvm: Good opt header, DEX offset is 64, flags=0x00
12-12 19:27:13.764  5935  5935 D dalvikvm: dalvik-aux-structure mapped at 0x5b8ea000 with sizes 1044 1456 1664 116
12-12 19:27:13.764  5935  5935 D dalvikvm: Good opt header, DEX offset is 64, flags=0x00
12-12 19:27:13.774  5935  5935 D dalvikvm: dalvik-aux-structure mapped at 0x5b917000 with sizes 936 844 1188 212
12-12 19:27:13.774  5935  5935 D dalvikvm: DexOpt: --- BEGIN 'SUTUtils.jar' (bootstrap=0) ---
12-12 19:27:13.794  5941  5941 D dalvikvm: Good opt header, DEX offset is 64, flags=0x00
12-12 19:27:13.794  5941  5941 D dalvikvm: dalvik-aux-structure mapped at 0x40f2b000 with sizes 17456 9068 22916 7820
12-12 19:27:13.794  5941  5941 D dalvikvm: Good opt header, DEX offset is 64, flags=0x00
12-12 19:27:13.794  5941  5941 D dalvikvm: dalvik-aux-structure mapped at 0x40f9d000 with sizes 3488 1968 3700 1000
12-12 19:27:13.794  5941  5941 D dalvikvm: Good opt header, DEX offset is 64, flags=0x00
12-12 19:27:13.794  5941  5941 D dalvikvm: dalvik-aux-structure mapped at 0x40fd7000 with sizes 1212 1216 2416 256
12-12 19:27:13.794  5941  5941 D dalvikvm: Good opt header, DEX offset is 64, flags=0x00
12-12 19:27:13.794  5941  5941 D dalvikvm: dalvik-aux-structure mapped at 0x40fe4000 with sizes 132 296 392 8
12-12 19:27:13.794  5941  5941 D dalvikvm: Good opt header, DEX offset is 64, flags=0x00
12-12 19:27:13.794  5941  5941 D dalvikvm: dalvik-aux-structure mapped at 0x40fe5000 with sizes 8748 4364 7932 3996
12-12 19:27:13.794  5941  5941 D dalvikvm: Good opt header, DEX offset is 64, flags=0x00
12-12 19:27:13.794  5941  5941 D dalvikvm: dalvik-aux-structure mapped at 0x41111000 with sizes 22496 5180 8540 1804
12-12 19:27:13.794  5941  5941 D dalvikvm: Good opt header, DEX offset is 64, flags=0x00
12-12 19:27:13.794  5941  5941 D dalvikvm: dalvik-aux-structure mapped at 0x41135000 with sizes 56980 26392 103936 34400
12-12 19:27:13.794  5941  5941 D dalvikvm: Good opt header, DEX offset is 64, flags=0x00
12-12 19:27:13.794  5941  5941 D dalvikvm: dalvik-aux-structure mapped at 0x4116c000 with sizes 9456 6512 11508 3328
12-12 19:27:13.794  5941  5941 D dalvikvm: Good opt header, DEX offset is 64, flags=0x00
12-12 19:27:13.794  5941  5941 D dalvikvm: dalvik-aux-structure mapped at 0x41174000 with sizes 20772 3532 10520 3092
12-12 19:27:13.804  5941  5941 D dalvikvm: Good opt header, DEX offset is 64, flags=0x00
12-12 19:27:13.804  5941  5941 D dalvikvm: dalvik-aux-structure mapped at 0x40ff4000 with sizes 1660 956 2388 56
12-12 19:27:13.804  5941  5941 D dalvikvm: Good opt header, DEX offset is 64, flags=0x00
12-12 19:27:13.804  5941  5941 D dalvikvm: dalvik-aux-structure mapped at 0x4111d000 with sizes 1312 504 800 184
12-12 19:27:13.804  5941  5941 D dalvikvm: Good opt header, DEX offset is 64, flags=0x00
12-12 19:27:13.804  5941  5941 D dalvikvm: dalvik-aux-structure mapped at 0x4111f000 with sizes 1704 1896 3404 216
12-12 19:27:13.804  5941  5941 D dalvikvm: Good opt header, DEX offset is 64, flags=0x00
12-12 19:27:13.804  5941  5941 D dalvikvm: dalvik-aux-structure mapped at 0x447e7000 with sizes 41652 10740 31732 2024
12-12 19:27:13.804  5941  5941 D dalvikvm: Good opt header, DEX offset is 64, flags=0x00
12-12 19:27:13.804  5941  5941 D dalvikvm: dalvik-aux-structure mapped at 0x41180000 with sizes 13340 3572 6468 560
12-12 19:27:13.804  5941  5941 D dalvikvm: Good opt header, DEX offset is 64, flags=0x00
12-12 19:27:13.804  5941  5941 D dalvikvm: dalvik-aux-structure mapped at 0x44a2c000 with sizes 3752 5072 11996 2620
12-12 19:27:13.804  5941  5941 D dalvikvm: Good opt header, DEX offset is 64, flags=0x00
12-12 19:27:13.804  5941  5941 D dalvikvm: dalvik-aux-structure mapped at 0x41188000 with sizes 864 112 12 8
12-12 19:27:13.804  5941  5941 D dalvikvm: Good opt header, DEX offset is 64, flags=0x00
12-12 19:27:13.804  5941  5941 D dalvikvm: dalvik-aux-structure mapped at 0x44a44000 with sizes 144 424 416 84
12-12 19:27:13.804  5941  5941 D dalvikvm: Good opt header, DEX offset is 64, flags=0x00
12-12 19:27:13.804  5941  5941 D dalvikvm: dalvik-aux-structure mapped at 0x44a48000 with sizes 8 84 20 52
12-12 19:27:13.804  5941  5941 D dalvikvm: Good opt header, DEX offset is 64, flags=0x00
12-12 19:27:13.804  5941  5941 D dalvikvm: dalvik-aux-structure mapped at 0x44a49000 with sizes 2300 1284 1900 732
12-12 19:27:13.804  5941  5941 D dalvikvm: Good opt header, DEX offset is 64, flags=0x00
12-12 19:27:13.804  5941  5941 D dalvikvm: dalvik-aux-structure mapped at 0x44a4d000 with sizes 3068 1548 4364 1460
12-12 19:27:13.804  5941  5941 D dalvikvm: Good opt header, DEX offset is 64, flags=0x00
12-12 19:27:13.804  5941  5941 D dalvikvm: dalvik-aux-structure mapped at 0x44a51000 with sizes 2512 2028 2656 348
12-12 19:27:13.804  5941  5941 D dalvikvm: Good opt header, DEX offset is 64, flags=0x00
12-12 19:27:13.804  5941  5941 D dalvikvm: dalvik-aux-structure mapped at 0x44a54000 with sizes 244 632 480 120
12-12 19:27:13.804  5941  5941 D dalvikvm: Good opt header, DEX offset is 64, flags=0x00
12-12 19:27:13.804  5941  5941 D dalvikvm: dalvik-aux-structure mapped at 0x44a57000 with sizes 44 16 4 16
12-12 19:27:13.804  5941  5941 D dalvikvm: Good opt header, DEX offset is 64, flags=0x00
12-12 19:27:13.804  5941  5941 D dalvikvm: dalvik-aux-structure mapped at 0x44da6000 with sizes 17456 5180 15016 5508
12-12 19:27:13.814  5941  5941 D dalvikvm: Good opt header, DEX offset is 64, flags=0x00
12-12 19:27:13.814  5941  5941 D dalvikvm: dalvik-aux-structure mapped at 0x44b3d000 with sizes 17648 1196 1848 1084
12-12 19:27:13.814  5941  5941 D dalvikvm: Good opt header, DEX offset is 64, flags=0x00
12-12 19:27:13.814  5941  5941 D dalvikvm: dalvik-aux-structure mapped at 0x44fd6000 with sizes 5448 6248 17376 5152
12-12 19:27:13.814  5941  5941 D dalvikvm: Good opt header, DEX offset is 64, flags=0x00
12-12 19:27:13.814  5941  5941 D dalvikvm: dalvik-aux-structure mapped at 0x44b44000 with sizes 92 272 204 12
12-12 19:27:13.814  5941  5941 D dalvikvm: Good opt header, DEX offset is 64, flags=0x00
12-12 19:27:13.814  5941  5941 D dalvikvm: dalvik-aux-structure mapped at 0x44fe8000 with sizes 368 52 8 52
12-12 19:27:13.814  5941  5941 D dalvikvm: Good opt header, DEX offset is 64, flags=0x00
12-12 19:27:13.814  5941  5941 D dalvikvm: dalvik-aux-structure mapped at 0x45005000 with sizes 848 488 512 692
12-12 19:27:13.814  5941  5941 D dalvikvm: Good opt header, DEX offset is 64, flags=0x00
12-12 19:27:13.814  5941  5941 D dalvikvm: dalvik-aux-structure mapped at 0x45008000 with sizes 20 36 20 8
12-12 19:27:13.814  5941  5941 D dalvikvm: Good opt header, DEX offset is 64, flags=0x00
12-12 19:27:13.814  5941  5941 D dalvikvm: dalvik-aux-structure mapped at 0x45011000 with sizes 360 232 320 68
12-12 19:27:13.814  5941  5941 D dalvikvm: Good opt header, DEX offset is 64, flags=0x00
12-12 19:27:13.814  5941  5941 D dalvikvm: dalvik-aux-structure mapped at 0x45021000 with sizes 864 272 320 208
12-12 19:27:13.814  5941  5941 D dalvikvm: dalvik-aux-structure mapped at 0x45029000 with sizes 1940 212 764 148
12-12 19:27:13.814  5941  5941 D dalvikvm: DexOpt: load 3ms, verify+opt 0ms, 94084 bytes
12-12 19:27:13.814  5941  5941 D dalvikvm: DexOpt: CompactRef Generated 18 fields for 37 entries
12-12 19:27:13.814  5941  5941 D dalvikvm: DexOpt: CompactRef Generated 165 methods for 191 entries
12-12 19:27:13.814  5941  5941 D dalvikvm: DexOpt: CompactRef Generated 171 strings for 485 entries
12-12 19:27:13.814  5941  5941 D dalvikvm: dalvik-aux-structure mapped at 0x45029000 with sizes 1940 212 764 148
12-12 19:27:13.834  5935  5935 D dalvikvm: DexOpt: --- END 'SUTUtils.jar' (success) ---
12-12 19:27:13.834  5935  5935 D dalvikvm: DEX prep '/storage/emulated/legacy/SUTUtils.jar': unzip in 0ms, rewrite 64ms
12-12 19:27:13.834  5935  5935 D dalvikvm: Good opt header, DEX offset is 64, flags=0x00
12-12 19:27:13.834  5935  5935 D dalvikvm: dalvik-aux-structure mapped at 0x5b933000 with sizes 684 212 660 72
12-12 19:27:13.874  5935  5935 D dalvikvm: Note: class Landroid/app/ActivityManagerNative; has 179 unimplemented (abstract) methods
12-12 19:27:13.994  5935  5935 D AndroidRuntime: Calling main entry com.android.commands.uiautomator.Launcher
12-12 19:27:14.584  5935  5935 I QueryController: Matched selector: UiSelector[CLASS=android.widget.ImageView, ENABLED=true, FOCUSED=false, FOCUSABLE=false, SCROLLABLE=false, CLICKABLE=false, CHECKED=false, PACKAGE NAME=com.android.keyguard] <<==>> [android.view.accessibility.AccessibilityNodeInfo@7f87; boundsInParent: Rect(0, 0 - 38, 75); boundsInScreen: Rect(1100, 922 - 1138, 997); packageName: com.android.keyguard; className: android.widget.ImageView; text: null; contentDescription: null; viewIdResName: null; checkable: false; checked: false; focusable: false; focused: false; selected: false; clickable: false; longClickable: false; enabled: true; password: false; scrollable: false; [ACTION_SELECT, ACTION_CLEAR_SELECTION, ACTION_ACCESSIBILITY_FOCUS]]
12-12 19:27:14.584  5935  5935 D ClearKeyguard: Keyguard icon found.
12-12 19:27:15.184   928  1157 I PowerManagerService: wakeUpNoUpdateLocked eventTime=474051 last_wake=0 wakefulness= 1 boot=true sysready=true mLastSleepTime =0 dirty=0
12-12 19:27:15.184   928   961 W SharedAssetStorage: Launching com.amazon.webapp (32096) with AMZ_APP_GID
12-12 19:27:15.184   928  1157 W PowerManagerService: wakeUpNoUpdateLocked eventTime=474051 ignored
12-12 19:27:15.194  5935  5935 E QueryController: Got null root node from accessibility - Retrying...
12-12 19:27:15.204   928   961 I ActivityManager: Start proc com.amazon.webapp for broadcast com.amazon.webapp/.deviceevents.WebviewWarmerDeviceEventsReceiver: pid=5958 uid=32096 gids={72096, 3003, 1028, 1015, 9001}
12-12 19:27:15.444   928   961 W SharedAssetStorage: Launching com.amazon.ods.kindleconnect (32085) with AMZ_APP_GID
12-12 19:27:15.444   928   961 I ActivityManager: Start proc com.amazon.ods.kindleconnect for broadcast com.amazon.ods.kindleconnect/.quicksettings.QuickSettingsHelperReceiver: pid=6012 uid=32085 gids={72085, 3003, 3002, 9001}
12-12 19:27:15.554  1038  1038 I LAB126  : PhoneStatusBar hears intent. action: com.amazon.dcp.sso.action.AmazonAccountPropertyService.property.changed
12-12 19:27:15.554  1038  1038 I LAB126  : PhoneStatusBar hears intent. action: com.amazon.dcp.sso.action.AmazonAccountPropertyService.property.changed
12-12 19:27:15.554  2796  2796 D BluetoothAdapter: 1103262888: getState() :  mService = null. Returning STATE_OFF
12-12 19:27:15.574  1038  1038 I LAB126  : PhoneStatusBar hears intent. action: com.amazon.dcp.sso.action.AmazonAccountPropertyService.property.changed
12-12 19:27:15.574  1038  1038 I LAB126  : PhoneStatusBar hears intent. action: com.amazon.dcp.sso.action.AmazonAccountPropertyService.property.changed
12-12 19:27:15.584  2796  6031 W ContextImpl: Calling a method in the system process without a qualified user: android.app.ContextImpl.sendBroadcast:1474 android.content.ContextWrapper.sendBroadcast:405 android.content.ContextWrapper.sendBroadcast:405 com.amazon.settings.AccountPropertyChangeReceiver.updateAccountCor:83 com.amazon.settings.AccountPropertyChangeReceiver.access$000:33 
12-12 19:27:15.594  5935  5935 D ClearKeyguard: Unlocked with MENU keycode.
12-12 19:27:15.594  5935  5935 I AndroidRuntime: VM exiting with result code 0.
12-12 19:27:15.604  5935  6026 F libc    : Fatal signal 11 (SIGSEGV) at 0x00000094 (code=1), thread 6026 (Binder_3)
12-12 19:27:15.664   928  1006 I ActivityManager: Killing 4679:com.amazon.dcp/u0a22016 (adj 12): empty #17
12-12 19:27:16.194  6041  6041 D AndroidRuntime: 
12-12 19:27:16.194  6041  6041 D AndroidRuntime: >>>>>> AndroidRuntime START com.android.internal.os.RuntimeInit <<<<<<
12-12 19:27:16.194  6041  6041 D AndroidRuntime: CheckJNI is OFF
12-12 19:27:16.194  6041  6041 D dalvikvm: Good opt header, DEX offset is 64, flags=0x00
12-12 19:27:16.194  6041  6041 D dalvikvm: dalvik-aux-structure mapped at 0x41de1000 with sizes 17456 9068 22916 7820
12-12 19:27:16.194  6041  6041 D dalvikvm: Good opt header, DEX offset is 64, flags=0x00
12-12 19:27:16.194  6041  6041 D dalvikvm: dalvik-aux-structure mapped at 0x41def000 with sizes 3488 1968 3700 1000
12-12 19:27:16.194  6041  6041 D dalvikvm: Good opt header, DEX offset is 64, flags=0x00
12-12 19:27:16.194  6041  6041 D dalvikvm: dalvik-aux-structure mapped at 0x41df3000 with sizes 1212 1216 2416 256
12-12 19:27:16.194  6041  6041 D dalvikvm: Good opt header, DEX offset is 64, flags=0x00
12-12 19:27:16.194  6041  6041 D dalvikvm: dalvik-aux-structure mapped at 0x41dfa000 with sizes 132 296 392 8
12-12 19:27:16.194  6041  6041 D dalvikvm: Good opt header, DEX offset is 64, flags=0x00
12-12 19:27:16.194  6041  6041 D dalvikvm: dalvik-aux-structure mapped at 0x41e9f000 with sizes 8748 4364 7932 3996
12-12 19:27:16.194  6041  6041 D dalvikvm: Good opt header, DEX offset is 64, flags=0x00
12-12 19:27:16.194  6041  6041 D dalvikvm: dalvik-aux-structure mapped at 0x41ea6000 with sizes 22496 5180 8540 1804
12-12 19:27:16.194  6041  6041 D dalvikvm: Good opt header, DEX offset is 64, flags=0x00
12-12 19:27:16.194  6041  6041 D dalvikvm: dalvik-aux-structure mapped at 0x41eca000 with sizes 56980 26392 103936 34400
12-12 19:27:16.194  6041  6041 D dalvikvm: Good opt header, DEX offset is 64, flags=0x00
12-12 19:27:16.194  6041  6041 D dalvikvm: dalvik-aux-structure mapped at 0x41f01000 with sizes 9456 6512 11508 3328
12-12 19:27:16.194  6041  6041 D dalvikvm: Good opt header, DEX offset is 64, flags=0x00
12-12 19:27:16.194  6041  6041 D dalvikvm: dalvik-aux-structure mapped at 0x41f09000 with sizes 20772 3532 10520 3092
12-12 19:27:16.194  6041  6041 D dalvikvm: Good opt header, DEX offset is 64, flags=0x00
12-12 19:27:16.194  6041  6041 D dalvikvm: dalvik-aux-structure mapped at 0x41eb5000 with sizes 1660 956 2388 56
12-12 19:27:16.194  6041  6041 D dalvikvm: Good opt header, DEX offset is 64, flags=0x00
12-12 19:27:16.194  6041  6041 D dalvikvm: dalvik-aux-structure mapped at 0x41f71000 with sizes 1312 504 800 184
12-12 19:27:16.204  6041  6041 D dalvikvm: Good opt header, DEX offset is 64, flags=0x00
12-12 19:27:16.204  6041  6041 D dalvikvm: dalvik-aux-structure mapped at 0x41f73000 with sizes 1704 1896 3404 216
12-12 19:27:16.204  6041  6041 D dalvikvm: Good opt header, DEX offset is 64, flags=0x00
12-12 19:27:16.204  6041  6041 D dalvikvm: dalvik-aux-structure mapped at 0x59ded000 with sizes 41652 10740 31732 2024
12-12 19:27:16.204  6041  6041 D dalvikvm: Good opt header, DEX offset is 64, flags=0x00
12-12 19:27:16.204  6041  6041 D dalvikvm: dalvik-aux-structure mapped at 0x59e03000 with sizes 13340 3572 6468 560
12-12 19:27:16.204  6041  6041 D dalvikvm: Good opt header, DEX offset is 64, flags=0x00
12-12 19:27:16.204  6041  6041 D dalvikvm: dalvik-aux-structure mapped at 0x59e09000 with sizes 3752 5072 11996 2620
12-12 19:27:16.204  6041  6041 D dalvikvm: Good opt header, DEX offset is 64, flags=0x00
12-12 19:27:16.204  6041  6041 D dalvikvm: dalvik-aux-structure mapped at 0x59e10000 with sizes 864 112 12 8
12-12 19:27:16.204  6041  6041 D dalvikvm: Good opt header, DEX offset is 64, flags=0x00
12-12 19:27:16.204  6041  6041 D dalvikvm: dalvik-aux-structure mapped at 0x59e12000 with sizes 144 424 416 84
12-12 19:27:16.204  6041  6041 D dalvikvm: Good opt header, DEX offset is 64, flags=0x00
12-12 19:27:16.204  6041  6041 D dalvikvm: dalvik-aux-structure mapped at 0x5a058000 with sizes 8 84 20 52
12-12 19:27:16.204  6041  6041 D dalvikvm: Good opt header, DEX offset is 64, flags=0x00
12-12 19:27:16.204  6041  6041 D dalvikvm: dalvik-aux-structure mapped at 0x5a059000 with sizes 2300 1284 1900 732
12-12 19:27:16.204  6041  6041 D dalvikvm: Good opt header, DEX offset is 64, flags=0x00
12-12 19:27:16.204  6041  6041 D dalvikvm: dalvik-aux-structure mapped at 0x5a05d000 with sizes 3068 1548 4364 1460
12-12 19:27:16.204  6041  6041 D dalvikvm: Good opt header, DEX offset is 64, flags=0x00
12-12 19:27:16.204  6041  6041 D dalvikvm: dalvik-aux-structure mapped at 0x5a061000 with sizes 2512 2028 2656 348
12-12 19:27:16.204  6041  6041 D dalvikvm: Good opt header, DEX offset is 64, flags=0x00
12-12 19:27:16.204  6041  6041 D dalvikvm: dalvik-aux-structure mapped at 0x5a064000 with sizes 244 632 480 120
12-12 19:27:16.204  6041  6041 D dalvikvm: Good opt header, DEX offset is 64, flags=0x00
12-12 19:27:16.204  6041  6041 D dalvikvm: dalvik-aux-structure mapped at 0x5a067000 with sizes 44 16 4 16
12-12 19:27:16.204  6041  6041 D dalvikvm: Good opt header, DEX offset is 64, flags=0x00
12-12 19:27:16.204  6041  6041 D dalvikvm: dalvik-aux-structure mapped at 0x5a3b6000 with sizes 17456 5180 15016 5508
12-12 19:27:16.204  6041  6041 D dalvikvm: Good opt header, DEX offset is 64, flags=0x00
12-12 19:27:16.204  6041  6041 D dalvikvm: dalvik-aux-structure mapped at 0x5a14d000 with sizes 17648 1196 1848 1084
12-12 19:27:16.204  6041  6041 D dalvikvm: Good opt header, DEX offset is 64, flags=0x00
12-12 19:27:16.204  6041  6041 D dalvikvm: dalvik-aux-structure mapped at 0x5a5e6000 with sizes 5448 6248 17376 5152
12-12 19:27:16.204  6041  6041 D dalvikvm: Good opt header, DEX offset is 64, flags=0x00
12-12 19:27:16.204  6041  6041 D dalvikvm: dalvik-aux-structure mapped at 0x5a154000 with sizes 92 272 204 12
12-12 19:27:16.204  6041  6041 D dalvikvm: Good opt header, DEX offset is 64, flags=0x00
12-12 19:27:16.204  6041  6041 D dalvikvm: dalvik-aux-structure mapped at 0x5a5f8000 with sizes 368 52 8 52
12-12 19:27:16.204  6041  6041 D dalvikvm: Good opt header, DEX offset is 64, flags=0x00
12-12 19:27:16.204  6041  6041 D dalvikvm: dalvik-aux-structure mapped at 0x5a615000 with sizes 848 488 512 692
12-12 19:27:16.204  6041  6041 D dalvikvm: Good opt header, DEX offset is 64, flags=0x00
12-12 19:27:16.204  6041  6041 D dalvikvm: dalvik-aux-structure mapped at 0x5a618000 with sizes 20 36 20 8
12-12 19:27:16.204  6041  6041 D dalvikvm: Good opt header, DEX offset is 64, flags=0x00
12-12 19:27:16.204  6041  6041 D dalvikvm: dalvik-aux-structure mapped at 0x5a621000 with sizes 360 232 320 68
12-12 19:27:16.204  6041  6041 D dalvikvm: Good opt header, DEX offset is 64, flags=0x00
12-12 19:27:16.204  6041  6041 D dalvikvm: dalvik-aux-structure mapped at 0x5a631000 with sizes 864 272 320 208
12-12 19:27:16.214  6041  6041 D dalvikvm: Trying to load lib libjavacore.so 0x0
12-12 19:27:16.214  6041  6041 D dalvikvm: Added shared lib libjavacore.so 0x0
12-12 19:27:16.214  6041  6041 D dalvikvm: Trying to load lib libnativehelper.so 0x0
12-12 19:27:16.214  6041  6041 D dalvikvm: Added shared lib libnativehelper.so 0x0
12-12 19:27:16.214  6041  6041 D dalvikvm: No JNI_OnLoad found in libnativehelper.so 0x0, skipping init
12-12 19:27:16.224  6041  6041 D dalvikvm: Good opt header, DEX offset is 64, flags=0x00
12-12 19:27:16.224  6041  6041 D dalvikvm: dalvik-aux-structure mapped at 0x5b8bc000 with sizes 1044 1456 1664 116
12-12 19:27:16.224  6041  6041 D dalvikvm: Good opt header, DEX offset is 64, flags=0x00
12-12 19:27:16.224  6041  6041 D dalvikvm: dalvik-aux-structure mapped at 0x5b8e9000 with sizes 936 844 1188 212
12-12 19:27:16.224  6041  6041 D dalvikvm: Good opt header, DEX offset is 64, flags=0x00
12-12 19:27:16.224  6041  6041 D dalvikvm: dalvik-aux-structure mapped at 0x5b8f3000 with sizes 684 212 660 72
12-12 19:27:16.254  6041  6041 D dalvikvm: Note: class Landroid/app/ActivityManagerNative; has 179 unimplemented (abstract) methods
12-12 19:27:16.374  6041  6041 D AndroidRuntime: Calling main entry com.android.commands.uiautomator.Launcher
12-12 19:27:17.094  6041  6041 I AndroidRuntime: VM exiting with result code 0.
12-12 19:27:17.154  5796  6062 D Aatp    : /ping
12-12 19:27:17.274  5796  6063 D Aatp    : /apps-to-uninstall
12-12 19:27:17.334  5796  6063 D Aatp    : sha1: fb5d676cd63841ea070a5430a0caf2fe529307c8
12-12 19:27:17.344  5796  5796 D AatpDeviceManager: taskStatus update (fb5d676cd63841ea070a5430a0caf2fe529307c8: {"state":1})
12-12 19:27:17.354  5796  6063 D Aatp    : /task/fb5d676cd63841ea070a5430a0caf2fe529307c8
12-12 19:27:17.424  5796  5796 D AatpDeviceManager: taskStatus update (fb5d676cd63841ea070a5430a0caf2fe529307c8: {"result":[],"state":2})
12-12 19:27:17.484  5796  6069 D Aatp    : /task/fb5d676cd63841ea070a5430a0caf2fe529307c8/status
12-12 19:27:17.584  5796  6073 D Aatp    : /ping
12-12 19:27:17.704  5796  6074 D Aatp    : /clean-accounts
12-12 19:27:17.714  5796  6074 D Aatp    : sha1: 3be617fb04e199b8e2c4be6852f1deca577bafa2
12-12 19:27:17.754  5796  6074 D Aatp    : /task/3be617fb04e199b8e2c4be6852f1deca577bafa2
12-12 19:27:17.754  5796  5796 D AatpDeviceManager: taskStatus update (3be617fb04e199b8e2c4be6852f1deca577bafa2: {"state":1})
12-12 19:27:17.784  5796  5796 D AatpDeviceManager: taskStatus update (3be617fb04e199b8e2c4be6852f1deca577bafa2: {"result":"Cleaned Accounts PASS","state":2})
12-12 19:27:17.894  5796  6080 D Aatp    : /task/3be617fb04e199b8e2c4be6852f1deca577bafa2/status
12-12 19:27:17.984  5796  6081 D Aatp    : /rm-external-files
12-12 19:27:18.044  5796  6081 D Aatp    : sha1: 8a652b58c668137570ef9acad1225eccb47fbd57
12-12 19:27:18.064  5796  6081 D Aatp    : /task/8a652b58c668137570ef9acad1225eccb47fbd57
12-12 19:27:18.064  5796  5796 D AatpDeviceManager: taskStatus update (8a652b58c668137570ef9acad1225eccb47fbd57: {"state":1})
12-12 19:27:18.084  5796  6082 D AatpDeviceManager: Wiping files from: /sdcard
12-12 19:27:18.194  5796  6084 D Aatp    : /task/8a652b58c668137570ef9acad1225eccb47fbd57/status
12-12 19:27:18.344  5796  6082 D AatpDeviceManager: Wiping files from: /mnt/sdcard
12-12 19:27:18.344  5796  6082 D AatpDeviceManager: Wiping files from: /storage/sdcard1
12-12 19:27:18.344  5796  6082 D AatpDeviceManager: 0 files left!
12-12 19:27:18.344  5796  5796 D AatpDeviceManager: taskStatus update (8a652b58c668137570ef9acad1225eccb47fbd57: {"result":[],"state":2})
12-12 19:27:19.234  5796  6094 D Aatp    : /task/8a652b58c668137570ef9acad1225eccb47fbd57/status
12-12 19:27:19.774  6095  6095 D AndroidRuntime: 
12-12 19:27:19.774  6095  6095 D AndroidRuntime: >>>>>> AndroidRuntime START com.android.internal.os.RuntimeInit <<<<<<
12-12 19:27:19.774  6095  6095 D AndroidRuntime: CheckJNI is OFF
12-12 19:27:19.774  6095  6095 D dalvikvm: Good opt header, DEX offset is 64, flags=0x00
12-12 19:27:19.774  6095  6095 D dalvikvm: dalvik-aux-structure mapped at 0x416a7000 with sizes 17456 9068 22916 7820
12-12 19:27:19.774  6095  6095 D dalvikvm: Good opt header, DEX offset is 64, flags=0x00
12-12 19:27:19.774  6095  6095 D dalvikvm: dalvik-aux-structure mapped at 0x416b5000 with sizes 3488 1968 3700 1000
12-12 19:27:19.774  6095  6095 D dalvikvm: Good opt header, DEX offset is 64, flags=0x00
12-12 19:27:19.774  6095  6095 D dalvikvm: dalvik-aux-structure mapped at 0x416b9000 with sizes 1212 1216 2416 256
12-12 19:27:19.774  6095  6095 D dalvikvm: Good opt header, DEX offset is 64, flags=0x00
12-12 19:27:19.774  6095  6095 D dalvikvm: dalvik-aux-structure mapped at 0x416c0000 with sizes 132 296 392 8
12-12 19:27:19.774  6095  6095 D dalvikvm: Good opt header, DEX offset is 64, flags=0x00
12-12 19:27:19.784  6095  6095 D dalvikvm: dalvik-aux-structure mapped at 0x41765000 with sizes 8748 4364 7932 3996
12-12 19:27:19.784  6095  6095 D dalvikvm: Good opt header, DEX offset is 64, flags=0x00
12-12 19:27:19.784  6095  6095 D dalvikvm: dalvik-aux-structure mapped at 0x4176c000 with sizes 22496 5180 8540 1804
12-12 19:27:19.784  6095  6095 D dalvikvm: Good opt header, DEX offset is 64, flags=0x00
12-12 19:27:19.784  6095  6095 D dalvikvm: dalvik-aux-structure mapped at 0x5969d000 with sizes 56980 26392 103936 34400
12-12 19:27:19.784  6095  6095 D dalvikvm: Good opt header, DEX offset is 64, flags=0x00
12-12 19:27:19.784  6095  6095 D dalvikvm: dalvik-aux-structure mapped at 0x41790000 with sizes 9456 6512 11508 3328
12-12 19:27:19.784  6095  6095 D dalvikvm: Good opt header, DEX offset is 64, flags=0x00
12-12 19:27:19.784  6095  6095 D dalvikvm: dalvik-aux-structure mapped at 0x41798000 with sizes 20772 3532 10520 3092
12-12 19:27:19.784  6095  6095 D dalvikvm: Good opt header, DEX offset is 64, flags=0x00
12-12 19:27:19.784  6095  6095 D dalvikvm: dalvik-aux-structure mapped at 0x4177b000 with sizes 1660 956 2388 56
12-12 19:27:19.784  6095  6095 D dalvikvm: Good opt header, DEX offset is 64, flags=0x00
12-12 19:27:19.784  6095  6095 D dalvikvm: dalvik-aux-structure mapped at 0x417a4000 with sizes 1312 504 800 184
12-12 19:27:19.784  6095  6095 D dalvikvm: Good opt header, DEX offset is 64, flags=0x00
12-12 19:27:19.784  6095  6095 D dalvikvm: dalvik-aux-structure mapped at 0x417a6000 with sizes 1704 1896 3404 216
12-12 19:27:19.784  6095  6095 D dalvikvm: Good opt header, DEX offset is 64, flags=0x00
12-12 19:27:19.784  6095  6095 D dalvikvm: dalvik-aux-structure mapped at 0x59ec3000 with sizes 41652 10740 31732 2024
12-12 19:27:19.784  6095  6095 D dalvikvm: Good opt header, DEX offset is 64, flags=0x00
12-12 19:27:19.784  6095  6095 D dalvikvm: dalvik-aux-structure mapped at 0x59ad1000 with sizes 13340 3572 6468 560
12-12 19:27:19.784  6095  6095 D dalvikvm: Good opt header, DEX offset is 64, flags=0x00
12-12 19:27:19.784  6095  6095 D dalvikvm: dalvik-aux-structure mapped at 0x59ad8000 with sizes 3752 5072 11996 2620
12-12 19:27:19.784  6095  6095 D dalvikvm: Good opt header, DEX offset is 64, flags=0x00
12-12 19:27:19.784  6095  6095 D dalvikvm: dalvik-aux-structure mapped at 0x59adf000 with sizes 864 112 12 8
12-12 19:27:19.784  6095  6095 D dalvikvm: Good opt header, DEX offset is 64, flags=0x00
12-12 19:27:19.784  6095  6095 D dalvikvm: dalvik-aux-structure mapped at 0x59ae1000 with sizes 144 424 416 84
12-12 19:27:19.784  6095  6095 D dalvikvm: Good opt header, DEX offset is 64, flags=0x00
12-12 19:27:19.784  6095  6095 D dalvikvm: dalvik-aux-structure mapped at 0x5a11e000 with sizes 8 84 20 52
12-12 19:27:19.784  6095  6095 D dalvikvm: Good opt header, DEX offset is 64, flags=0x00
12-12 19:27:19.784  6095  6095 D dalvikvm: dalvik-aux-structure mapped at 0x5a11f000 with sizes 2300 1284 1900 732
12-12 19:27:19.784  6095  6095 D dalvikvm: Good opt header, DEX offset is 64, flags=0x00
12-12 19:27:19.784  6095  6095 D dalvikvm: dalvik-aux-structure mapped at 0x5a123000 with sizes 3068 1548 4364 1460
12-12 19:27:19.784  6095  6095 D dalvikvm: Good opt header, DEX offset is 64, flags=0x00
12-12 19:27:19.794  6095  6095 D dalvikvm: dalvik-aux-structure mapped at 0x5a127000 with sizes 2512 2028 2656 348
12-12 19:27:19.794  6095  6095 D dalvikvm: Good opt header, DEX offset is 64, flags=0x00
12-12 19:27:19.794  6095  6095 D dalvikvm: dalvik-aux-structure mapped at 0x5a12a000 with sizes 244 632 480 120
12-12 19:27:19.794  6095  6095 D dalvikvm: Good opt header, DEX offset is 64, flags=0x00
12-12 19:27:19.794  6095  6095 D dalvikvm: dalvik-aux-structure mapped at 0x5a12d000 with sizes 44 16 4 16
12-12 19:27:19.794  6095  6095 D dalvikvm: Good opt header, DEX offset is 64, flags=0x00
12-12 19:27:19.794  6095  6095 D dalvikvm: dalvik-aux-structure mapped at 0x5a47c000 with sizes 17456 5180 15016 5508
12-12 19:27:19.794  6095  6095 D dalvikvm: Good opt header, DEX offset is 64, flags=0x00
12-12 19:27:19.794  6095  6095 D dalvikvm: dalvik-aux-structure mapped at 0x5a213000 with sizes 17648 1196 1848 1084
12-12 19:27:19.794  6095  6095 D dalvikvm: Good opt header, DEX offset is 64, flags=0x00
12-12 19:27:19.794  6095  6095 D dalvikvm: dalvik-aux-structure mapped at 0x5a6ac000 with sizes 5448 6248 17376 5152
12-12 19:27:19.794  6095  6095 D dalvikvm: Good opt header, DEX offset is 64, flags=0x00
12-12 19:27:19.794  6095  6095 D dalvikvm: dalvik-aux-structure mapped at 0x5a21a000 with sizes 92 272 204 12
12-12 19:27:19.794  6095  6095 D dalvikvm: Good opt header, DEX offset is 64, flags=0x00
12-12 19:27:19.794  6095  6095 D dalvikvm: dalvik-aux-structure mapped at 0x5a6be000 with sizes 368 52 8 52
12-12 19:27:19.794  6095  6095 D dalvikvm: Good opt header, DEX offset is 64, flags=0x00
12-12 19:27:19.794  6095  6095 D dalvikvm: dalvik-aux-structure mapped at 0x5a6db000 with sizes 848 488 512 692
12-12 19:27:19.794  6095  6095 D dalvikvm: Good opt header, DEX offset is 64, flags=0x00
12-12 19:27:19.794  6095  6095 D dalvikvm: dalvik-aux-structure mapped at 0x5a6de000 with sizes 20 36 20 8
12-12 19:27:19.794  6095  6095 D dalvikvm: Good opt header, DEX offset is 64, flags=0x00
12-12 19:27:19.794  6095  6095 D dalvikvm: dalvik-aux-structure mapped at 0x5a6e7000 with sizes 360 232 320 68
12-12 19:27:19.794  6095  6095 D dalvikvm: Good opt header, DEX offset is 64, flags=0x00
12-12 19:27:19.794  6095  6095 D dalvikvm: dalvik-aux-structure mapped at 0x5a6f7000 with sizes 864 272 320 208
12-12 19:27:19.794  6095  6095 D dalvikvm: Trying to load lib libjavacore.so 0x0
12-12 19:27:19.794  6095  6095 D dalvikvm: Added shared lib libjavacore.so 0x0
12-12 19:27:19.804  6095  6095 D dalvikvm: Trying to load lib libnativehelper.so 0x0
12-12 19:27:19.804  6095  6095 D dalvikvm: Added shared lib libnativehelper.so 0x0
12-12 19:27:19.804  6095  6095 D dalvikvm: No JNI_OnLoad found in libnativehelper.so 0x0, skipping init
12-12 19:27:19.814  6095  6095 D dalvikvm: Good opt header, DEX offset is 64, flags=0x00
12-12 19:27:19.814  6095  6095 D dalvikvm: dalvik-aux-structure mapped at 0x5b95c000 with sizes 936 360 416 20
12-12 19:27:19.854  6095  6095 D dalvikvm: Note: class Landroid/app/ActivityManagerNative; has 179 unimplemented (abstract) methods
12-12 19:27:19.974  6095  6095 D AndroidRuntime: Calling main entry com.android.commands.pm.Pm
12-12 19:27:19.974  6095  6095 D AndroidRuntime: Shutting down VM
12-12 19:27:19.974   928  1295 W ActivityManager: Invalid packageName: com.google.android.browser
12-12 19:27:20.664  6117  6117 D AndroidRuntime: 
12-12 19:27:20.664  6117  6117 D AndroidRuntime: >>>>>> AndroidRuntime START com.android.internal.os.RuntimeInit <<<<<<
12-12 19:27:20.664  6117  6117 D AndroidRuntime: CheckJNI is OFF
12-12 19:27:20.664  6117  6117 D dalvikvm: Good opt header, DEX offset is 64, flags=0x00
12-12 19:27:20.664  6117  6117 D dalvikvm: dalvik-aux-structure mapped at 0x58905000 with sizes 17456 9068 22916 7820
12-12 19:27:20.664  6117  6117 D dalvikvm: Good opt header, DEX offset is 64, flags=0x00
12-12 19:27:20.664  6117  6117 D dalvikvm: dalvik-aux-structure mapped at 0x58913000 with sizes 3488 1968 3700 1000
12-12 19:27:20.664  6117  6117 D dalvikvm: Good opt header, DEX offset is 64, flags=0x00
12-12 19:27:20.664  6117  6117 D dalvikvm: dalvik-aux-structure mapped at 0x58917000 with sizes 1212 1216 2416 256
12-12 19:27:20.664  6117  6117 D dalvikvm: Good opt header, DEX offset is 64, flags=0x00
12-12 19:27:20.674  6117  6117 D dalvikvm: dalvik-aux-structure mapped at 0x5891e000 with sizes 132 296 392 8
12-12 19:27:20.674  6117  6117 D dalvikvm: Good opt header, DEX offset is 64, flags=0x00
12-12 19:27:20.674  6117  6117 D dalvikvm: dalvik-aux-structure mapped at 0x58add000 with sizes 8748 4364 7932 3996
12-12 19:27:20.674  6117  6117 D dalvikvm: Good opt header, DEX offset is 64, flags=0x00
12-12 19:27:20.674  6117  6117 D dalvikvm: dalvik-aux-structure mapped at 0x58ae4000 with sizes 22496 5180 8540 1804
12-12 19:27:20.674  6117  6117 D dalvikvm: Good opt header, DEX offset is 64, flags=0x00
12-12 19:27:20.674  6117  6117 D dalvikvm: dalvik-aux-structure mapped at 0x59658000 with sizes 56980 26392 103936 34400
12-12 19:27:20.674  6117  6117 D dalvikvm: Good opt header, DEX offset is 64, flags=0x00
12-12 19:27:20.674  6117  6117 D dalvikvm: dalvik-aux-structure mapped at 0x59873000 with sizes 9456 6512 11508 3328
12-12 19:27:20.674  6117  6117 D dalvikvm: Good opt header, DEX offset is 64, flags=0x00
12-12 19:27:20.674  6117  6117 D dalvikvm: dalvik-aux-structure mapped at 0x599e7000 with sizes 20772 3532 10520 3092
12-12 19:27:20.674  6117  6117 D dalvikvm: Good opt header, DEX offset is 64, flags=0x00
12-12 19:27:20.674  6117  6117 D dalvikvm: dalvik-aux-structure mapped at 0x58af3000 with sizes 1660 956 2388 56
12-12 19:27:20.674  6117  6117 D dalvikvm: Good opt header, DEX offset is 64, flags=0x00
12-12 19:27:20.674  6117  6117 D dalvikvm: dalvik-aux-structure mapped at 0x59a4f000 with sizes 1312 504 800 184
12-12 19:27:20.674  6117  6117 D dalvikvm: Good opt header, DEX offset is 64, flags=0x00
12-12 19:27:20.674  6117  6117 D dalvikvm: dalvik-aux-structure mapped at 0x59a50000 with sizes 1704 1896 3404 216
12-12 19:27:20.674  6117  6117 D dalvikvm: Good opt header, DEX offset is 64, flags=0x00
12-12 19:27:20.674  6117  6117 D dalvikvm: dalvik-aux-structure mapped at 0x59e93000 with sizes 41652 10740 31732 2024
12-12 19:27:20.674  6117  6117 D dalvikvm: Good opt header, DEX offset is 64, flags=0x00
12-12 19:27:20.674  6117  6117 D dalvikvm: dalvik-aux-structure mapped at 0x59a55000 with sizes 13340 3572 6468 560
12-12 19:27:20.674  6117  6117 D dalvikvm: Good opt header, DEX offset is 64, flags=0x00
12-12 19:27:20.674  6117  6117 D dalvikvm: dalvik-aux-structure mapped at 0x5a0d8000 with sizes 3752 5072 11996 2620
12-12 19:27:20.674  6117  6117 D dalvikvm: Good opt header, DEX offset is 64, flags=0x00
12-12 19:27:20.674  6117  6117 D dalvikvm: dalvik-aux-structure mapped at 0x59a5d000 with sizes 864 112 12 8
12-12 19:27:20.674  6117  6117 D dalvikvm: Good opt header, DEX offset is 64, flags=0x00
12-12 19:27:20.674  6117  6117 D dalvikvm: dalvik-aux-structure mapped at 0x59a5f000 with sizes 144 424 416 84
12-12 19:27:20.674  6117  6117 D dalvikvm: Good opt header, DEX offset is 64, flags=0x00
12-12 19:27:20.674  6117  6117 D dalvikvm: dalvik-aux-structure mapped at 0x5a0f1000 with sizes 8 84 20 52
12-12 19:27:20.674  6117  6117 D dalvikvm: Good opt header, DEX offset is 64, flags=0x00
12-12 19:27:20.674  6117  6117 D dalvikvm: dalvik-aux-structure mapped at 0x5a0f2000 with sizes 2300 1284 1900 732
12-12 19:27:20.674  6117  6117 D dalvikvm: Good opt header, DEX offset is 64, flags=0x00
12-12 19:27:20.674  6117  6117 D dalvikvm: dalvik-aux-structure mapped at 0x5a0f6000 with sizes 3068 1548 4364 1460
12-12 19:27:20.674  6117  6117 D dalvikvm: Good opt header, DEX offset is 64, flags=0x00
12-12 19:27:20.674  6117  6117 D dalvikvm: dalvik-aux-structure mapped at 0x5a0fa000 with sizes 2512 2028 2656 348
12-12 19:27:20.674  6117  6117 D dalvikvm: Good opt header, DEX offset is 64, flags=0x00
12-12 19:27:20.674  6117  6117 D dalvikvm: dalvik-aux-structure mapped at 0x5a0fd000 with sizes 244 632 480 120
12-12 19:27:20.674  6117  6117 D dalvikvm: Good opt header, DEX offset is 64, flags=0x00
12-12 19:27:20.674  6117  6117 D dalvikvm: dalvik-aux-structure mapped at 0x5a100000 with sizes 44 16 4 16
12-12 19:27:20.674  6117  6117 D dalvikvm: Good opt header, DEX offset is 64, flags=0x00
12-12 19:27:20.674  6117  6117 D dalvikvm: dalvik-aux-structure mapped at 0x5a44f000 with sizes 17456 5180 15016 5508
12-12 19:27:20.674  6117  6117 D dalvikvm: Good opt header, DEX offset is 64, flags=0x00
12-12 19:27:20.674  6117  6117 D dalvikvm: dalvik-aux-structure mapped at 0x5a1e6000 with sizes 17648 1196 1848 1084
12-12 19:27:20.684  6117  6117 D dalvikvm: Good opt header, DEX offset is 64, flags=0x00
12-12 19:27:20.684  6117  6117 D dalvikvm: dalvik-aux-structure mapped at 0x5a67f000 with sizes 5448 6248 17376 5152
12-12 19:27:20.684  6117  6117 D dalvikvm: Good opt header, DEX offset is 64, flags=0x00
12-12 19:27:20.684  6117  6117 D dalvikvm: dalvik-aux-structure mapped at 0x5a1ed000 with sizes 92 272 204 12
12-12 19:27:20.684  6117  6117 D dalvikvm: Good opt header, DEX offset is 64, flags=0x00
12-12 19:27:20.684  6117  6117 D dalvikvm: dalvik-aux-structure mapped at 0x5a691000 with sizes 368 52 8 52
12-12 19:27:20.684  6117  6117 D dalvikvm: Good opt header, DEX offset is 64, flags=0x00
12-12 19:27:20.684  6117  6117 D dalvikvm: dalvik-aux-structure mapped at 0x5a6ae000 with sizes 848 488 512 692
12-12 19:27:20.684  6117  6117 D dalvikvm: Good opt header, DEX offset is 64, flags=0x00
12-12 19:27:20.684  6117  6117 D dalvikvm: dalvik-aux-structure mapped at 0x5a6b1000 with sizes 20 36 20 8
12-12 19:27:20.684  6117  6117 D dalvikvm: Good opt header, DEX offset is 64, flags=0x00
12-12 19:27:20.684  6117  6117 D dalvikvm: dalvik-aux-structure mapped at 0x5a6ba000 with sizes 360 232 320 68
12-12 19:27:20.684  6117  6117 D dalvikvm: Good opt header, DEX offset is 64, flags=0x00
12-12 19:27:20.684  6117  6117 D dalvikvm: dalvik-aux-structure mapped at 0x5a6ca000 with sizes 864 272 320 208
12-12 19:27:20.684  6117  6117 D dalvikvm: Trying to load lib libjavacore.so 0x0
12-12 19:27:20.684  6117  6117 D dalvikvm: Added shared lib libjavacore.so 0x0
12-12 19:27:20.694  6117  6117 D dalvikvm: Trying to load lib libnativehelper.so 0x0
12-12 19:27:20.694  6117  6117 D dalvikvm: Added shared lib libnativehelper.so 0x0
12-12 19:27:20.694  6117  6117 D dalvikvm: No JNI_OnLoad found in libnativehelper.so 0x0, skipping init
12-12 19:27:20.694  6117  6117 D dalvikvm: Good opt header, DEX offset is 64, flags=0x00
12-12 19:27:20.694  6117  6117 D dalvikvm: dalvik-aux-structure mapped at 0x5b92f000 with sizes 936 360 416 20
12-12 19:27:20.734  6117  6117 D dalvikvm: Note: class Landroid/app/ActivityManagerNative; has 179 unimplemented (abstract) methods
12-12 19:27:20.874  6117  6117 D AndroidRuntime: Calling main entry com.android.commands.pm.Pm
12-12 19:27:20.874  6117  6117 D AndroidRuntime: Shutting down VM
12-12 19:27:20.874   928  1364 W ActivityManager: Invalid packageName: com.android.chrome
12-12 19:27:21.554  6138  6138 D AndroidRuntime: 
12-12 19:27:21.554  6138  6138 D AndroidRuntime: >>>>>> AndroidRuntime START com.android.internal.os.RuntimeInit <<<<<<
12-12 19:27:21.554  6138  6138 D AndroidRuntime: CheckJNI is OFF
12-12 19:27:21.564  6138  6138 D dalvikvm: Good opt header, DEX offset is 64, flags=0x00
12-12 19:27:21.564  6138  6138 D dalvikvm: dalvik-aux-structure mapped at 0x5891d000 with sizes 17456 9068 22916 7820
12-12 19:27:21.564  6138  6138 D dalvikvm: Good opt header, DEX offset is 64, flags=0x00
12-12 19:27:21.564  6138  6138 D dalvikvm: dalvik-aux-structure mapped at 0x5892b000 with sizes 3488 1968 3700 1000
12-12 19:27:21.564  6138  6138 D dalvikvm: Good opt header, DEX offset is 64, flags=0x00
12-12 19:27:21.564  6138  6138 D dalvikvm: dalvik-aux-structure mapped at 0x5892f000 with sizes 1212 1216 2416 256
12-12 19:27:21.564  6138  6138 D dalvikvm: Good opt header, DEX offset is 64, flags=0x00
12-12 19:27:21.564  6138  6138 D dalvikvm: dalvik-aux-structure mapped at 0x58936000 with sizes 132 296 392 8
12-12 19:27:21.564  6138  6138 D dalvikvm: Good opt header, DEX offset is 64, flags=0x00
12-12 19:27:21.564  6138  6138 D dalvikvm: dalvik-aux-structure mapped at 0x58af5000 with sizes 8748 4364 7932 3996
12-12 19:27:21.564  6138  6138 D dalvikvm: Good opt header, DEX offset is 64, flags=0x00
12-12 19:27:21.564  6138  6138 D dalvikvm: dalvik-aux-structure mapped at 0x58afc000 with sizes 22496 5180 8540 1804
12-12 19:27:21.564  6138  6138 D dalvikvm: Good opt header, DEX offset is 64, flags=0x00
12-12 19:27:21.564  6138  6138 D dalvikvm: dalvik-aux-structure mapped at 0x59670000 with sizes 56980 26392 103936 34400
12-12 19:27:21.564  6138  6138 D dalvikvm: Good opt header, DEX offset is 64, flags=0x00
12-12 19:27:21.564  6138  6138 D dalvikvm: dalvik-aux-structure mapped at 0x5988b000 with sizes 9456 6512 11508 3328
12-12 19:27:21.564  6138  6138 D dalvikvm: Good opt header, DEX offset is 64, flags=0x00
12-12 19:27:21.564  6138  6138 D dalvikvm: dalvik-aux-structure mapped at 0x599ff000 with sizes 20772 3532 10520 3092
12-12 19:27:21.564  6138  6138 D dalvikvm: Good opt header, DEX offset is 64, flags=0x00
12-12 19:27:21.564  6138  6138 D dalvikvm: dalvik-aux-structure mapped at 0x58b0b000 with sizes 1660 956 2388 56
12-12 19:27:21.564  6138  6138 D dalvikvm: Good opt header, DEX offset is 64, flags=0x00
12-12 19:27:21.564  6138  6138 D dalvikvm: dalvik-aux-structure mapped at 0x59a67000 with sizes 1312 504 800 184
12-12 19:27:21.564  6138  6138 D dalvikvm: Good opt header, DEX offset is 64, flags=0x00
12-12 19:27:21.564  6138  6138 D dalvikvm: dalvik-aux-structure mapped at 0x59a68000 with sizes 1704 1896 3404 216
12-12 19:27:21.564  6138  6138 D dalvikvm: Good opt header, DEX offset is 64, flags=0x00
12-12 19:27:21.564  6138  6138 D dalvikvm: dalvik-aux-structure mapped at 0x59eab000 with sizes 41652 10740 31732 2024
12-12 19:27:21.564  6138  6138 D dalvikvm: Good opt header, DEX offset is 64, flags=0x00
12-12 19:27:21.564  6138  6138 D dalvikvm: dalvik-aux-structure mapped at 0x59a6d000 with sizes 13340 3572 6468 560
12-12 19:27:21.564  6138  6138 D dalvikvm: Good opt header, DEX offset is 64, flags=0x00
12-12 19:27:21.564  6138  6138 D dalvikvm: dalvik-aux-structure mapped at 0x5a0f0000 with sizes 3752 5072 11996 2620
12-12 19:27:21.564  6138  6138 D dalvikvm: Good opt header, DEX offset is 64, flags=0x00
12-12 19:27:21.564  6138  6138 D dalvikvm: dalvik-aux-structure mapped at 0x59a75000 with sizes 864 112 12 8
12-12 19:27:21.564  6138  6138 D dalvikvm: Good opt header, DEX offset is 64, flags=0x00
12-12 19:27:21.564  6138  6138 D dalvikvm: dalvik-aux-structure mapped at 0x59a77000 with sizes 144 424 416 84
12-12 19:27:21.564  6138  6138 D dalvikvm: Good opt header, DEX offset is 64, flags=0x00
12-12 19:27:21.564  6138  6138 D dalvikvm: dalvik-aux-structure mapped at 0x5a109000 with sizes 8 84 20 52
12-12 19:27:21.564  6138  6138 D dalvikvm: Good opt header, DEX offset is 64, flags=0x00
12-12 19:27:21.564  6138  6138 D dalvikvm: dalvik-aux-structure mapped at 0x5a10a000 with sizes 2300 1284 1900 732
12-12 19:27:21.564  6138  6138 D dalvikvm: Good opt header, DEX offset is 64, flags=0x00
12-12 19:27:21.564  6138  6138 D dalvikvm: dalvik-aux-structure mapped at 0x5a10e000 with sizes 3068 1548 4364 1460
12-12 19:27:21.564  6138  6138 D dalvikvm: Good opt header, DEX offset is 64, flags=0x00
