12-12 19:28:00.118   928  1379 V IntentResolver: Matching against filter ServiceIntentInfo{42215568 com.amazon.avod/com.amazon.messaging.common.whisperplay.internal.service.WhisperPlayPlaybackControlLocalService}
12-12 19:28:00.118   928  1379 V IntentResolver:   Filter matched!  match=0x108000 hasDefault=false
12-12 19:28:00.118   928  1379 V IntentResolver:     42215190 com.amazon.avod/com.amazon.messaging.common.whisperplay.internal.service.WhisperPlayPlaybackControlLocalService filter 42215568
12-12 19:28:00.118   928  1379 V IntentResolver:     Action: "com.amazon.whisperlink.actview.ui.SELECTION"
12-12 19:28:00.128   928  1379 V IntentResolver:     Category: "com.amazon.whisperlink.actview.ui.DEFAULT_UX"
12-12 19:28:00.128   928  1379 V IntentResolver: Matching against filter ServiceIntentInfo{42247418 com.amazon.photos/com.amazon.gallery.thor.whisperplay.ThorWhisperService}
12-12 19:28:00.128   928  1379 V IntentResolver:   Filter matched!  match=0x108000 hasDefault=false
12-12 19:28:00.128   928  1379 V IntentResolver:     421ddde8 com.amazon.photos/com.amazon.gallery.thor.whisperplay.ThorWhisperService filter 42247418
12-12 19:28:00.128   928  1379 V IntentResolver:     Action: "com.amazon.whisperlink.actview.ui.SELECTION"
12-12 19:28:00.128   928  1379 V IntentResolver:     Action: "com.amazon.whisperlink.actview.ui.DEFAULT_UX"
12-12 19:28:00.128   928  1379 V IntentResolver: Final result list:
12-12 19:28:00.128   928  1379 V IntentResolver:   ResolveInfo{425d9a78 com.amazon.avod/com.amazon.messaging.common.whisperplay.internal.service.WhisperPlayPlaybackControlLocalService m=0x108000}
12-12 19:28:00.128   928  1379 V IntentResolver:   ResolveInfo{425cffc0 com.amazon.photos/com.amazon.gallery.thor.whisperplay.ThorWhisperService m=0x108000}
12-12 19:28:00.128   928   991 I DevicePolicyManagerService: isAdmin ComponentInfo{com.android.email/com.android.email.SecurityPolicy$PolicyAdmin} whiteListed true
12-12 19:28:00.128   928   991 I DevicePolicyManagerService: isAdmin ComponentInfo{com.amazon.kor.demo/com.amazon.kor.demo.receiver.BindDeviceAdminReceiver} whiteListed true
12-12 19:28:00.128   928   991 I DevicePolicyManagerService: isAdmin ComponentInfo{com.amazon.parentalcontrols/com.amazon.parentalcontrols.receivers.ParentalAdminReceiver} whiteListed true
12-12 19:28:00.128   928   991 I DevicePolicyManagerService: isAdmin ComponentInfo{com.amazon.kindle.rdmdeviceadmin/com.amazon.rdmdeviceadmin.DeviceControlsAdminReceiver} whiteListed true
12-12 19:28:00.128   928   991 I DevicePolicyManagerService: isAdmin ComponentInfo{com.amazon.tahoe/com.amazon.tahoe.deviceadmin.FreeTimeDeviceAdminReceiver} whiteListed true
12-12 19:28:00.128   928   991 I DevicePolicyManagerService: isAdmin ComponentInfo{com.amazon.kindle.devicecontrols/com.amazon.kindle.devicecontrols.receivers.DeviceControlsAdminReceiver} whiteListed true
12-12 19:28:00.128   928   962 W Settings: Setting default_input_method has moved from android.provider.Settings.Secure to android.provider.Settings.Global.
12-12 19:28:00.128   928   961 I ActivityManager: Start proc com.amazon.venezia for broadcast com.amazon.venezia/com.amazon.mas.client.locker.LockerBroadcastReceiver: pid=7146 uid=32092 gids={72092, 3003, 1028, 1015, 1007, 9001}
12-12 19:28:00.138   928   984 I InputReader: Reconfiguring input devices.  changes=0x00000010
12-12 19:28:00.138   928   928 D BackupManagerService: Received broadcast Intent { act=android.intent.action.PACKAGE_ADDED dat=xxxx flg=0x4000010 (has extras) }
12-12 19:28:00.148   928   928 V BackupManagerService: addPackageParticipantsLocked: #1
12-12 19:28:00.148   928   962 W Settings: Setting default_input_method has moved from android.provider.Settings.Secure to android.provider.Settings.Global.
12-12 19:28:00.148   928   962 W InputMethodInfo: Duplicated subtype definition found: ja, keyboard
12-12 19:28:00.238  7124  7124 D AndroidRuntime: Shutting down VM
12-12 19:28:00.238   928   962 W Searchables: No web search activity found
12-12 19:28:00.248   928   962 W RecognitionManagerService: no available voice recognition services found for user 0
12-12 19:28:00.408   928  1379 D ActivityManager: single user service: com.amazon.dcp:OTAService
12-12 19:28:00.408   928  1379 D ActivityManager: app = com.amazon.dcp:OTAService, has single user service, setting process record.
12-12 19:28:00.408   928  1359 I ActivityManager: Delay finish: com.amazon.dcp/.ota.OTAService$OTADedupeReceiver
12-12 19:28:00.448   928  1379 W SharedAssetStorage: Launching com.amazon.identity.auth.device.authorization (32032) with AMZ_APP_GID
12-12 19:28:00.448   928  1297 I ActivityManager: Resuming delayed broadcast
12-12 19:28:00.458   928  1379 I ActivityManager: Start proc com.amazon.identity.auth.device.authorization for broadcast com.amazon.identity.auth.device.authorization/.appsync.PackageChangedReceiver: pid=7194 uid=32032 gids={72032, 3003, 9001}
12-12 19:28:00.548   928  1351 W SharedAssetStorage: Launching com.amazon.kindle.unifiedSearch (32080) with AMZ_APP_GID
12-12 19:28:00.548   928  1351 I ActivityManager: Start proc com.amazon.kindle.unifiedSearch for broadcast com.amazon.kindle.unifiedSearch/com.amazon.device.search.PackageBroadcastReceiver: pid=7215 uid=32080 gids={72080, 3003, 1028, 1015, 9001}
12-12 19:28:00.598   928  1347 D ActivityManager: single user service: com.amazon.kindle.cms
12-12 19:28:00.648   928  1006 W SharedAssetStorage: Launching com.android.providers.contacts (32041) with AMZ_APP_GID
12-12 19:28:00.658   928  1006 I ActivityManager: Start proc android.process.acore for broadcast com.android.providers.contacts/.PackageIntentReceiver: pid=7230 uid=32041 gids={72041, 3003, 1028, 1015, 9001}
12-12 19:28:00.658   928  1006 I ActivityManager: Killing 6177:com.android.documentsui/u0a22110 (adj 12): empty #17
12-12 19:28:00.788  7230  7230 W ActivityThread: ClassLoader.loadClass: The class loader returned by Thread.getContextClassLoader() may fail for processes that host multiple applications. You should explicitly specify a context class loader. For example: Thread.setContextClassLoader(getClass().getClassLoader());
12-12 19:28:00.798   928  1189 W SharedAssetStorage: Launching com.svox.pico (32114) with AMZ_APP_GID
12-12 19:28:00.818   928  1189 I ActivityManager: Start proc com.svox.pico for broadcast com.svox.pico/.VoiceDataInstallerReceiver: pid=7244 uid=32114 gids={72114, 1028, 1015, 9001}
12-12 19:28:00.818   928  1189 I ActivityManager: Killing 6528:com.amazon.securitysyncclient/u0a22033 (adj 12): empty #17
12-12 19:28:00.878   928  1157 I ActivityManager: Killing 6553:com.amazon.devicecontrol/1000 (adj 12): empty #17
12-12 19:28:00.888  5796  5796 D AatpInstallReceiver: [com.example.snoopy]: Checking signature: 3082037b30820263a00302010202046fa81c07300d06092a864886f70d01010b0500306d310b3009060355040613025553310f300d060355040813064f7265676f6e3111300f06035504071308506f72746c616e6431123010060355040a130941707054687761636b31123010060355040b130941707054687761636b311230100603550403130941707054687761636b3020170d3132313131323037343033335a180f32303531303331333037343033335a306d310b3009060355040613025553310f300d060355040813064f7265676f6e3111300f06035504071308506f72746c616e6431123010060355040a130941707054687761636b31123010060355040b130941707054687761636b311230100603550403130941707054687761636b30820122300d06092a864886f70d01010105000382010f003082010a0282010100c8a2ced2ac4e08ad877450353d44c8cfe263eedf111694e15d3813f7a89ee7101b6547515811a68dc91d02a50d2ccf964ac675d4e9d9f2bb08114ebba27e601476591da39fefc269cbe9c82e718243fd90b6ce55a91aef95a5e87d1ba9c49c26deeeb3f0eed1613b3265d09c679ee9e081bab7ef5d110fc960017797fdeebbe44bc3e9788eb277a1aa6cbfa1fa81cbb2e29cbaa66c17f12c5f063c5795c9ed7d9ffc2c79240a47cf03d483ebb603c96950f5de46ddeb2b38fb11d3cdb8af1d3234478cca4a1092841fc483fcbac0ac3001a9cf4806aba036bb03530f8da3dd222c35e0074c9b533fae5598ad7007be3c99ae5c88a40971d002582811fd9061510203010001a321301f301d0603551d0e04160414ee59bdaa05b04c31e520eb310ee42d90deb67470300d06092a864886f70d01010b050003820101009ad52f7de1c94afc2ac18af8f3cf2431bd121547afa1b00c904cd86438a9c6f15dcb3da8613325fb65bfc1210111a6868a6078c27f3f2f000c29e37e8546685b823508e7159421d3b0098ac0775433994d0d374632b8aa0bd3cd0ceb9969c062c3b830bde751b043e9d66db94d2e88ebcbceb0d7a9c5e516740f2bead81ee403cb0268b9b6ce3635e90342dd8a1c524a94415aad9bb2abd0264b817b590cc8e1a541f69cb5281d7435c5ebaa5ffe6d0962340583ec7349352e262c2beed133bc2862403f58ec18910b99c9fee1ef9acde5c26b1ffe024f53b4a2ad9655a67011471539d74eb533241519c90fdb2eab75a3ab2808b64b6fa2d7f835f7966c54d7
12-12 19:28:00.908   928  1124 I ActivityManager: Delay finish: com.amazon.venezia/com.amazon.mas.client.cmsservice.publisher.CmsPublisherBroadcastReceiver
12-12 19:28:00.988   928  1157 I ActivityManager: Resuming delayed broadcast
12-12 19:28:01.078  7262  7262 D AndroidRuntime: 
12-12 19:28:01.078  7262  7262 D AndroidRuntime: >>>>>> AndroidRuntime START com.android.internal.os.RuntimeInit <<<<<<
12-12 19:28:01.088  7262  7262 D AndroidRuntime: CheckJNI is OFF
12-12 19:28:01.088  7262  7262 D dalvikvm: Good opt header, DEX offset is 64, flags=0x00
12-12 19:28:01.088  7262  7262 D dalvikvm: dalvik-aux-structure mapped at 0x58910000 with sizes 17456 9068 22916 7820
12-12 19:28:01.088  7262  7262 D dalvikvm: Good opt header, DEX offset is 64, flags=0x00
12-12 19:28:01.088  7262  7262 D dalvikvm: dalvik-aux-structure mapped at 0x5891e000 with sizes 3488 1968 3700 1000
12-12 19:28:01.088  7262  7262 D dalvikvm: Good opt header, DEX offset is 64, flags=0x00
12-12 19:28:01.088  7262  7262 D dalvikvm: dalvik-aux-structure mapped at 0x58922000 with sizes 1212 1216 2416 256
12-12 19:28:01.088  7262  7262 D dalvikvm: Good opt header, DEX offset is 64, flags=0x00
12-12 19:28:01.088  7262  7262 D dalvikvm: dalvik-aux-structure mapped at 0x58929000 with sizes 132 296 392 8
12-12 19:28:01.088  7262  7262 D dalvikvm: Good opt header, DEX offset is 64, flags=0x00
12-12 19:28:01.088  7262  7262 D dalvikvm: dalvik-aux-structure mapped at 0x58ae8000 with sizes 8748 4364 7932 3996
12-12 19:28:01.088  7262  7262 D dalvikvm: Good opt header, DEX offset is 64, flags=0x00
12-12 19:28:01.088  7262  7262 D dalvikvm: dalvik-aux-structure mapped at 0x58aef000 with sizes 22496 5180 8540 1804
12-12 19:28:01.088  7262  7262 D dalvikvm: Good opt header, DEX offset is 64, flags=0x00
12-12 19:28:01.088  7262  7262 D dalvikvm: dalvik-aux-structure mapped at 0x59663000 with sizes 56980 26392 103936 34400
12-12 19:28:01.088  7262  7262 D dalvikvm: Good opt header, DEX offset is 64, flags=0x00
12-12 19:28:01.088  7262  7262 D dalvikvm: dalvik-aux-structure mapped at 0x5987e000 with sizes 9456 6512 11508 3328
12-12 19:28:01.088  7262  7262 D dalvikvm: Good opt header, DEX offset is 64, flags=0x00
12-12 19:28:01.088  7262  7262 D dalvikvm: dalvik-aux-structure mapped at 0x599f2000 with sizes 20772 3532 10520 3092
12-12 19:28:01.088  7262  7262 D dalvikvm: Good opt header, DEX offset is 64, flags=0x00
12-12 19:28:01.088  7262  7262 D dalvikvm: dalvik-aux-structure mapped at 0x58afe000 with sizes 1660 956 2388 56
12-12 19:28:01.088  7262  7262 D dalvikvm: Good opt header, DEX offset is 64, flags=0x00
12-12 19:28:01.088  7262  7262 D dalvikvm: dalvik-aux-structure mapped at 0x59a5a000 with sizes 1312 504 800 184
12-12 19:28:01.088  7262  7262 D dalvikvm: Good opt header, DEX offset is 64, flags=0x00
12-12 19:28:01.088  7262  7262 D dalvikvm: dalvik-aux-structure mapped at 0x59a5b000 with sizes 1704 1896 3404 216
12-12 19:28:01.088  7262  7262 D dalvikvm: Good opt header, DEX offset is 64, flags=0x00
12-12 19:28:01.088  7262  7262 D dalvikvm: dalvik-aux-structure mapped at 0x59e9e000 with sizes 41652 10740 31732 2024
12-12 19:28:01.088  7262  7262 D dalvikvm: Good opt header, DEX offset is 64, flags=0x00
12-12 19:28:01.088  7262  7262 D dalvikvm: dalvik-aux-structure mapped at 0x59a60000 with sizes 13340 3572 6468 560
12-12 19:28:01.088  7262  7262 D dalvikvm: Good opt header, DEX offset is 64, flags=0x00
12-12 19:28:01.088  7262  7262 D dalvikvm: dalvik-aux-structure mapped at 0x5a0e3000 with sizes 3752 5072 11996 2620
12-12 19:28:01.088  7262  7262 D dalvikvm: Good opt header, DEX offset is 64, flags=0x00
12-12 19:28:01.088  7262  7262 D dalvikvm: dalvik-aux-structure mapped at 0x59a68000 with sizes 864 112 12 8
12-12 19:28:01.088  7262  7262 D dalvikvm: Good opt header, DEX offset is 64, flags=0x00
12-12 19:28:01.088  7262  7262 D dalvikvm: dalvik-aux-structure mapped at 0x59a6a000 with sizes 144 424 416 84
12-12 19:28:01.088  7262  7262 D dalvikvm: Good opt header, DEX offset is 64, flags=0x00
12-12 19:28:01.088  7262  7262 D dalvikvm: dalvik-aux-structure mapped at 0x5a0fc000 with sizes 8 84 20 52
12-12 19:28:01.088  7262  7262 D dalvikvm: Good opt header, DEX offset is 64, flags=0x00
12-12 19:28:01.088  7262  7262 D dalvikvm: dalvik-aux-structure mapped at 0x5a0fd000 with sizes 2300 1284 1900 732
12-12 19:28:01.088  7262  7262 D dalvikvm: Good opt header, DEX offset is 64, flags=0x00
12-12 19:28:01.088  7262  7262 D dalvikvm: dalvik-aux-structure mapped at 0x5a101000 with sizes 3068 1548 4364 1460
12-12 19:28:01.088  7262  7262 D dalvikvm: Good opt header, DEX offset is 64, flags=0x00
12-12 19:28:01.088  7262  7262 D dalvikvm: dalvik-aux-structure mapped at 0x5a105000 with sizes 2512 2028 2656 348
12-12 19:28:01.088  7262  7262 D dalvikvm: Good opt header, DEX offset is 64, flags=0x00
12-12 19:28:01.088  7262  7262 D dalvikvm: dalvik-aux-structure mapped at 0x5a108000 with sizes 244 632 480 120
12-12 19:28:01.088  7262  7262 D dalvikvm: Good opt header, DEX offset is 64, flags=0x00
12-12 19:28:01.088  7262  7262 D dalvikvm: dalvik-aux-structure mapped at 0x5a10b000 with sizes 44 16 4 16
12-12 19:28:01.098  7262  7262 D dalvikvm: Good opt header, DEX offset is 64, flags=0x00
12-12 19:28:01.098  7262  7262 D dalvikvm: dalvik-aux-structure mapped at 0x5a45a000 with sizes 17456 5180 15016 5508
12-12 19:28:01.098  7262  7262 D dalvikvm: Good opt header, DEX offset is 64, flags=0x00
12-12 19:28:01.098  7262  7262 D dalvikvm: dalvik-aux-structure mapped at 0x5a1f1000 with sizes 17648 1196 1848 1084
12-12 19:28:01.098  7262  7262 D dalvikvm: Good opt header, DEX offset is 64, flags=0x00
12-12 19:28:01.098  7262  7262 D dalvikvm: dalvik-aux-structure mapped at 0x5a68a000 with sizes 5448 6248 17376 5152
12-12 19:28:01.098  7262  7262 D dalvikvm: Good opt header, DEX offset is 64, flags=0x00
12-12 19:28:01.098  7262  7262 D dalvikvm: dalvik-aux-structure mapped at 0x5a1f8000 with sizes 92 272 204 12
12-12 19:28:01.098  7262  7262 D dalvikvm: Good opt header, DEX offset is 64, flags=0x00
12-12 19:28:01.098  7262  7262 D dalvikvm: dalvik-aux-structure mapped at 0x5a69c000 with sizes 368 52 8 52
12-12 19:28:01.098  7262  7262 D dalvikvm: Good opt header, DEX offset is 64, flags=0x00
12-12 19:28:01.098  7262  7262 D dalvikvm: dalvik-aux-structure mapped at 0x5a6b9000 with sizes 848 488 512 692
12-12 19:28:01.098  7262  7262 D dalvikvm: Good opt header, DEX offset is 64, flags=0x00
12-12 19:28:01.098  7262  7262 D dalvikvm: dalvik-aux-structure mapped at 0x5a6bc000 with sizes 20 36 20 8
12-12 19:28:01.098  7262  7262 D dalvikvm: Good opt header, DEX offset is 64, flags=0x00
12-12 19:28:01.098  7262  7262 D dalvikvm: dalvik-aux-structure mapped at 0x5a6c5000 with sizes 360 232 320 68
12-12 19:28:01.098  7262  7262 D dalvikvm: Good opt header, DEX offset is 64, flags=0x00
12-12 19:28:01.098  7262  7262 D dalvikvm: dalvik-aux-structure mapped at 0x5a6d5000 with sizes 864 272 320 208
12-12 19:28:01.098  7262  7262 D dalvikvm: Trying to load lib libjavacore.so 0x0
12-12 19:28:01.098  7262  7262 D dalvikvm: Added shared lib libjavacore.so 0x0
12-12 19:28:01.098  7262  7262 D dalvikvm: Trying to load lib libnativehelper.so 0x0
12-12 19:28:01.098  7262  7262 D dalvikvm: Added shared lib libnativehelper.so 0x0
12-12 19:28:01.098  7262  7262 D dalvikvm: No JNI_OnLoad found in libnativehelper.so 0x0, skipping init
12-12 19:28:01.118  7262  7262 D dalvikvm: Good opt header, DEX offset is 64, flags=0x00
12-12 19:28:01.118  7262  7262 D dalvikvm: dalvik-aux-structure mapped at 0x5b93a000 with sizes 936 360 416 20
12-12 19:28:01.138  7262  7262 D dalvikvm: Note: class Landroid/app/ActivityManagerNative; has 179 unimplemented (abstract) methods
12-12 19:28:01.258  7262  7262 D AndroidRuntime: Calling main entry com.android.commands.pm.Pm
12-12 19:28:01.368  7262  7262 D AndroidRuntime: Shutting down VM
12-12 19:28:02.028  5796  7302 D Aatp    : /track-package
12-12 19:28:02.088  5796  7302 D AatpDeviceManager: Tracking package com.example.snoopy with UID 10002
12-12 19:28:08.218   928  1364 I ActivityManager: Killing 5958:com.amazon.webapp/u0a22096 (adj 12): empty #17
12-12 19:28:15.408   928  1157 I ActivityManager: Delay finish: com.amazon.venezia/com.amazon.mas.client.ads.MobileAdsRegistrationReceiver
12-12 19:28:15.408   928   961 I ActivityManager: Waited long enough for: ServiceRecord{426d9f28 u0 com.amazon.venezia/com.amazon.mas.client.locker.service.appmgr.AppManagerService}
12-12 19:28:15.408   928   961 I ActivityManager: Resuming delayed broadcast
12-12 19:28:15.418   928  1283 I ActivityManager: Delay finish: com.amazon.venezia/com.amazon.mas.client.notifications.fad.MarketingAppReceiver
12-12 19:28:15.428   928  1381 I ActivityManager: Resuming delayed broadcast
12-12 19:28:15.438   928  1124 I ActivityManager: Delay finish: com.amazon.venezia/com.amazon.mas.client.tokenrefresh.RefreshScheduleReceiver
12-12 19:28:15.458   928  1006 I ActivityManager: Resuming delayed broadcast
12-12 19:28:15.488   928  1359 I ActivityManager: Delay finish: com.amazon.venezia/com.amazon.mas.client.serviceconfig.receiver.ServiceConfigScheduleReceiver
12-12 19:28:15.498   928  1381 I ActivityManager: Resuming delayed broadcast
12-12 19:28:15.508   928  1006 I ActivityManager: Delay finish: com.amazon.venezia/com.amazon.mas.client.featureconfig.FeatureConfigScheduleReceiver
12-12 19:28:15.528   928  1006 I ActivityManager: Resuming delayed broadcast
12-12 19:28:15.528   928  1297 I ActivityManager: Delay finish: com.amazon.venezia/com.amazon.mas.client.locker.LockerBroadcastReceiver
12-12 19:28:15.548   928  1307 I ActivityManager: Resuming delayed broadcast
12-12 19:28:15.548   928  1261 I ActivityManager: Delay finish: com.amazon.venezia/com.amazon.mcc.resources.ScheduleUpdatesReceiver
12-12 19:28:15.548   928  1359 I ActivityManager: Resuming delayed broadcast
12-12 19:28:15.558   928   936 I dalvikvm: Jit: resizing JitTable from 8192 to 16384
12-12 19:28:15.558   928  1189 I ActivityManager: Delay finish: com.amazon.venezia/com.amazon.mas.client.malware.blockedapp.BlockedAppScheduleReceiver
12-12 19:28:15.568   928  1283 I ActivityManager: Resuming delayed broadcast
12-12 19:28:15.588   928  1379 I ActivityManager: Delay finish: com.amazon.venezia/com.amazon.mas.client.http.cache.DiskCacheCleanReceiver
12-12 19:28:15.588   928   940 I ActivityManager: Resuming delayed broadcast
12-12 19:28:15.908   928   961 I ActivityManager: Waited long enough for: ServiceRecord{4263ac70 u0 com.amazon.venezia/com.amazon.mas.client.cmsservice.publisher.CmsPublisherService}
12-12 19:28:21.488  7351  7351 D AndroidRuntime: 
12-12 19:28:21.488  7351  7351 D AndroidRuntime: >>>>>> AndroidRuntime START com.android.internal.os.RuntimeInit <<<<<<
12-12 19:28:21.488  7351  7351 D AndroidRuntime: CheckJNI is OFF
12-12 19:28:21.488  7351  7351 D dalvikvm: Good opt header, DEX offset is 64, flags=0x00
12-12 19:28:21.498  7351  7351 D dalvikvm: dalvik-aux-structure mapped at 0x58866000 with sizes 17456 9068 22916 7820
12-12 19:28:21.498  7351  7351 D dalvikvm: Good opt header, DEX offset is 64, flags=0x00
12-12 19:28:21.498  7351  7351 D dalvikvm: dalvik-aux-structure mapped at 0x58874000 with sizes 3488 1968 3700 1000
12-12 19:28:21.498  7351  7351 D dalvikvm: Good opt header, DEX offset is 64, flags=0x00
12-12 19:28:21.498  7351  7351 D dalvikvm: dalvik-aux-structure mapped at 0x58878000 with sizes 1212 1216 2416 256
12-12 19:28:21.498  7351  7351 D dalvikvm: Good opt header, DEX offset is 64, flags=0x00
12-12 19:28:21.498  7351  7351 D dalvikvm: dalvik-aux-structure mapped at 0x5887f000 with sizes 132 296 392 8
12-12 19:28:21.498  7351  7351 D dalvikvm: Good opt header, DEX offset is 64, flags=0x00
12-12 19:28:21.498  7351  7351 D dalvikvm: dalvik-aux-structure mapped at 0x58a3e000 with sizes 8748 4364 7932 3996
12-12 19:28:21.498  7351  7351 D dalvikvm: Good opt header, DEX offset is 64, flags=0x00
12-12 19:28:21.498  7351  7351 D dalvikvm: dalvik-aux-structure mapped at 0x58a45000 with sizes 22496 5180 8540 1804
12-12 19:28:21.498  7351  7351 D dalvikvm: Good opt header, DEX offset is 64, flags=0x00
12-12 19:28:21.498  7351  7351 D dalvikvm: dalvik-aux-structure mapped at 0x595b9000 with sizes 56980 26392 103936 34400
12-12 19:28:21.498  7351  7351 D dalvikvm: Good opt header, DEX offset is 64, flags=0x00
12-12 19:28:21.498  7351  7351 D dalvikvm: dalvik-aux-structure mapped at 0x597d4000 with sizes 9456 6512 11508 3328
12-12 19:28:21.498  7351  7351 D dalvikvm: Good opt header, DEX offset is 64, flags=0x00
12-12 19:28:21.498  7351  7351 D dalvikvm: dalvik-aux-structure mapped at 0x59948000 with sizes 20772 3532 10520 3092
12-12 19:28:21.498  7351  7351 D dalvikvm: Good opt header, DEX offset is 64, flags=0x00
12-12 19:28:21.498  7351  7351 D dalvikvm: dalvik-aux-structure mapped at 0x58a54000 with sizes 1660 956 2388 56
12-12 19:28:21.498  7351  7351 D dalvikvm: Good opt header, DEX offset is 64, flags=0x00
12-12 19:28:21.498  7351  7351 D dalvikvm: dalvik-aux-structure mapped at 0x599b0000 with sizes 1312 504 800 184
12-12 19:28:21.498  7351  7351 D dalvikvm: Good opt header, DEX offset is 64, flags=0x00
12-12 19:28:21.498  7351  7351 D dalvikvm: dalvik-aux-structure mapped at 0x599b1000 with sizes 1704 1896 3404 216
12-12 19:28:21.498  7351  7351 D dalvikvm: Good opt header, DEX offset is 64, flags=0x00
12-12 19:28:21.498  7351  7351 D dalvikvm: dalvik-aux-structure mapped at 0x59df4000 with sizes 41652 10740 31732 2024
12-12 19:28:21.498  7351  7351 D dalvikvm: Good opt header, DEX offset is 64, flags=0x00
12-12 19:28:21.498  7351  7351 D dalvikvm: dalvik-aux-structure mapped at 0x599b6000 with sizes 13340 3572 6468 560
12-12 19:28:21.498  7351  7351 D dalvikvm: Good opt header, DEX offset is 64, flags=0x00
12-12 19:28:21.498  7351  7351 D dalvikvm: dalvik-aux-structure mapped at 0x5a039000 with sizes 3752 5072 11996 2620
12-12 19:28:21.498  7351  7351 D dalvikvm: Good opt header, DEX offset is 64, flags=0x00
12-12 19:28:21.508  7351  7351 D dalvikvm: dalvik-aux-structure mapped at 0x599be000 with sizes 864 112 12 8
12-12 19:28:21.508  7351  7351 D dalvikvm: Good opt header, DEX offset is 64, flags=0x00
12-12 19:28:21.508  7351  7351 D dalvikvm: dalvik-aux-structure mapped at 0x599c0000 with sizes 144 424 416 84
12-12 19:28:21.508  7351  7351 D dalvikvm: Good opt header, DEX offset is 64, flags=0x00
12-12 19:28:21.508  7351  7351 D dalvikvm: dalvik-aux-structure mapped at 0x5a052000 with sizes 8 84 20 52
12-12 19:28:21.508  7351  7351 D dalvikvm: Good opt header, DEX offset is 64, flags=0x00
12-12 19:28:21.508  7351  7351 D dalvikvm: dalvik-aux-structure mapped at 0x5a053000 with sizes 2300 1284 1900 732
12-12 19:28:21.508  7351  7351 D dalvikvm: Good opt header, DEX offset is 64, flags=0x00
12-12 19:28:21.508  7351  7351 D dalvikvm: dalvik-aux-structure mapped at 0x5a057000 with sizes 3068 1548 4364 1460
12-12 19:28:21.508  7351  7351 D dalvikvm: Good opt header, DEX offset is 64, flags=0x00
12-12 19:28:21.508  7351  7351 D dalvikvm: dalvik-aux-structure mapped at 0x5a05b000 with sizes 2512 2028 2656 348
12-12 19:28:21.508  7351  7351 D dalvikvm: Good opt header, DEX offset is 64, flags=0x00
12-12 19:28:21.508  7351  7351 D dalvikvm: dalvik-aux-structure mapped at 0x5a05e000 with sizes 244 632 480 120
12-12 19:28:21.508  7351  7351 D dalvikvm: Good opt header, DEX offset is 64, flags=0x00
12-12 19:28:21.508  7351  7351 D dalvikvm: dalvik-aux-structure mapped at 0x5a061000 with sizes 44 16 4 16
12-12 19:28:21.508  7351  7351 D dalvikvm: Good opt header, DEX offset is 64, flags=0x00
12-12 19:28:21.508  7351  7351 D dalvikvm: dalvik-aux-structure mapped at 0x5a3b0000 with sizes 17456 5180 15016 5508
12-12 19:28:21.508  7351  7351 D dalvikvm: Good opt header, DEX offset is 64, flags=0x00
12-12 19:28:21.508  7351  7351 D dalvikvm: dalvik-aux-structure mapped at 0x5a147000 with sizes 17648 1196 1848 1084
12-12 19:28:21.508  7351  7351 D dalvikvm: Good opt header, DEX offset is 64, flags=0x00
12-12 19:28:21.508  7351  7351 D dalvikvm: dalvik-aux-structure mapped at 0x5a5e0000 with sizes 5448 6248 17376 5152
12-12 19:28:21.508  7351  7351 D dalvikvm: Good opt header, DEX offset is 64, flags=0x00
12-12 19:28:21.508  7351  7351 D dalvikvm: dalvik-aux-structure mapped at 0x5a14e000 with sizes 92 272 204 12
12-12 19:28:21.508  7351  7351 D dalvikvm: Good opt header, DEX offset is 64, flags=0x00
12-12 19:28:21.508  7351  7351 D dalvikvm: dalvik-aux-structure mapped at 0x5a5f2000 with sizes 368 52 8 52
12-12 19:28:21.508  7351  7351 D dalvikvm: Good opt header, DEX offset is 64, flags=0x00
12-12 19:28:21.508  7351  7351 D dalvikvm: dalvik-aux-structure mapped at 0x5a60f000 with sizes 848 488 512 692
12-12 19:28:21.508  7351  7351 D dalvikvm: Good opt header, DEX offset is 64, flags=0x00
12-12 19:28:21.508  7351  7351 D dalvikvm: dalvik-aux-structure mapped at 0x5a612000 with sizes 20 36 20 8
12-12 19:28:21.508  7351  7351 D dalvikvm: Good opt header, DEX offset is 64, flags=0x00
12-12 19:28:21.508  7351  7351 D dalvikvm: dalvik-aux-structure mapped at 0x5a61b000 with sizes 360 232 320 68
12-12 19:28:21.508  7351  7351 D dalvikvm: Good opt header, DEX offset is 64, flags=0x00
12-12 19:28:21.508  7351  7351 D dalvikvm: dalvik-aux-structure mapped at 0x5a62b000 with sizes 864 272 320 208
12-12 19:28:21.518  7351  7351 D dalvikvm: Trying to load lib libjavacore.so 0x0
12-12 19:28:21.518  7351  7351 D dalvikvm: Added shared lib libjavacore.so 0x0
12-12 19:28:21.518  7351  7351 D dalvikvm: Trying to load lib libnativehelper.so 0x0
12-12 19:28:21.518  7351  7351 D dalvikvm: Added shared lib libnativehelper.so 0x0
12-12 19:28:21.518  7351  7351 D dalvikvm: No JNI_OnLoad found in libnativehelper.so 0x0, skipping init
12-12 19:28:21.528  7351  7351 D dalvikvm: Good opt header, DEX offset is 64, flags=0x00
12-12 19:28:21.528  7351  7351 D dalvikvm: dalvik-aux-structure mapped at 0x5b890000 with sizes 936 360 416 20
12-12 19:28:21.548  7351  7351 D dalvikvm: Note: class Landroid/app/ActivityManagerNative; has 179 unimplemented (abstract) methods
12-12 19:28:21.668  7351  7351 D AndroidRuntime: Calling main entry com.android.commands.pm.Pm
12-12 19:28:21.778  7351  7351 D AndroidRuntime: Shutting down VM
12-12 19:28:22.818  7373  7373 D AndroidRuntime: 
12-12 19:28:22.818  7373  7373 D AndroidRuntime: >>>>>> AndroidRuntime START com.android.internal.os.RuntimeInit <<<<<<
12-12 19:28:22.818  7373  7373 D AndroidRuntime: CheckJNI is OFF
12-12 19:28:22.818  7373  7373 D dalvikvm: Good opt header, DEX offset is 64, flags=0x00
12-12 19:28:22.818  7373  7373 D dalvikvm: dalvik-aux-structure mapped at 0x58869000 with sizes 17456 9068 22916 7820
12-12 19:28:22.818  7373  7373 D dalvikvm: Good opt header, DEX offset is 64, flags=0x00
12-12 19:28:22.818  7373  7373 D dalvikvm: dalvik-aux-structure mapped at 0x58877000 with sizes 3488 1968 3700 1000
12-12 19:28:22.818  7373  7373 D dalvikvm: Good opt header, DEX offset is 64, flags=0x00
12-12 19:28:22.818  7373  7373 D dalvikvm: dalvik-aux-structure mapped at 0x5887b000 with sizes 1212 1216 2416 256
12-12 19:28:22.818  7373  7373 D dalvikvm: Good opt header, DEX offset is 64, flags=0x00
12-12 19:28:22.818  7373  7373 D dalvikvm: dalvik-aux-structure mapped at 0x58882000 with sizes 132 296 392 8
12-12 19:28:22.818  7373  7373 D dalvikvm: Good opt header, DEX offset is 64, flags=0x00
12-12 19:28:22.818  7373  7373 D dalvikvm: dalvik-aux-structure mapped at 0x58a41000 with sizes 8748 4364 7932 3996
12-12 19:28:22.818  7373  7373 D dalvikvm: Good opt header, DEX offset is 64, flags=0x00
12-12 19:28:22.818  7373  7373 D dalvikvm: dalvik-aux-structure mapped at 0x58a48000 with sizes 22496 5180 8540 1804
12-12 19:28:22.818  7373  7373 D dalvikvm: Good opt header, DEX offset is 64, flags=0x00
12-12 19:28:22.818  7373  7373 D dalvikvm: dalvik-aux-structure mapped at 0x595bc000 with sizes 56980 26392 103936 34400
12-12 19:28:22.818  7373  7373 D dalvikvm: Good opt header, DEX offset is 64, flags=0x00
12-12 19:28:22.818  7373  7373 D dalvikvm: dalvik-aux-structure mapped at 0x597d7000 with sizes 9456 6512 11508 3328
12-12 19:28:22.828  7373  7373 D dalvikvm: Good opt header, DEX offset is 64, flags=0x00
12-12 19:28:22.828  7373  7373 D dalvikvm: dalvik-aux-structure mapped at 0x5994b000 with sizes 20772 3532 10520 3092
12-12 19:28:22.828  7373  7373 D dalvikvm: Good opt header, DEX offset is 64, flags=0x00
12-12 19:28:22.828  7373  7373 D dalvikvm: dalvik-aux-structure mapped at 0x58a57000 with sizes 1660 956 2388 56
12-12 19:28:22.828  7373  7373 D dalvikvm: Good opt header, DEX offset is 64, flags=0x00
12-12 19:28:22.828  7373  7373 D dalvikvm: dalvik-aux-structure mapped at 0x599b3000 with sizes 1312 504 800 184
12-12 19:28:22.828  7373  7373 D dalvikvm: Good opt header, DEX offset is 64, flags=0x00
12-12 19:28:22.828  7373  7373 D dalvikvm: dalvik-aux-structure mapped at 0x599b4000 with sizes 1704 1896 3404 216
12-12 19:28:22.828  7373  7373 D dalvikvm: Good opt header, DEX offset is 64, flags=0x00
12-12 19:28:22.828  7373  7373 D dalvikvm: dalvik-aux-structure mapped at 0x59df7000 with sizes 41652 10740 31732 2024
12-12 19:28:22.828  7373  7373 D dalvikvm: Good opt header, DEX offset is 64, flags=0x00
12-12 19:28:22.828  7373  7373 D dalvikvm: dalvik-aux-structure mapped at 0x599b9000 with sizes 13340 3572 6468 560
12-12 19:28:22.828  7373  7373 D dalvikvm: Good opt header, DEX offset is 64, flags=0x00
12-12 19:28:22.828  7373  7373 D dalvikvm: dalvik-aux-structure mapped at 0x5a03c000 with sizes 3752 5072 11996 2620
12-12 19:28:22.828  7373  7373 D dalvikvm: Good opt header, DEX offset is 64, flags=0x00
12-12 19:28:22.828  7373  7373 D dalvikvm: dalvik-aux-structure mapped at 0x599c1000 with sizes 864 112 12 8
12-12 19:28:22.828  7373  7373 D dalvikvm: Good opt header, DEX offset is 64, flags=0x00
12-12 19:28:22.828  7373  7373 D dalvikvm: dalvik-aux-structure mapped at 0x599c3000 with sizes 144 424 416 84
12-12 19:28:22.828  7373  7373 D dalvikvm: Good opt header, DEX offset is 64, flags=0x00
12-12 19:28:22.828  7373  7373 D dalvikvm: dalvik-aux-structure mapped at 0x5a055000 with sizes 8 84 20 52
12-12 19:28:22.828  7373  7373 D dalvikvm: Good opt header, DEX offset is 64, flags=0x00
12-12 19:28:22.828  7373  7373 D dalvikvm: dalvik-aux-structure mapped at 0x5a056000 with sizes 2300 1284 1900 732
12-12 19:28:22.828  7373  7373 D dalvikvm: Good opt header, DEX offset is 64, flags=0x00
12-12 19:28:22.828  7373  7373 D dalvikvm: dalvik-aux-structure mapped at 0x5a05a000 with sizes 3068 1548 4364 1460
12-12 19:28:22.828  7373  7373 D dalvikvm: Good opt header, DEX offset is 64, flags=0x00
12-12 19:28:22.828  7373  7373 D dalvikvm: dalvik-aux-structure mapped at 0x5a05e000 with sizes 2512 2028 2656 348
12-12 19:28:22.828  7373  7373 D dalvikvm: Good opt header, DEX offset is 64, flags=0x00
12-12 19:28:22.828  7373  7373 D dalvikvm: dalvik-aux-structure mapped at 0x5a061000 with sizes 244 632 480 120
12-12 19:28:22.828  7373  7373 D dalvikvm: Good opt header, DEX offset is 64, flags=0x00
12-12 19:28:22.828  7373  7373 D dalvikvm: dalvik-aux-structure mapped at 0x5a064000 with sizes 44 16 4 16
12-12 19:28:22.828  7373  7373 D dalvikvm: Good opt header, DEX offset is 64, flags=0x00
12-12 19:28:22.828  7373  7373 D dalvikvm: dalvik-aux-structure mapped at 0x5a3b3000 with sizes 17456 5180 15016 5508
12-12 19:28:22.838  7373  7373 D dalvikvm: Good opt header, DEX offset is 64, flags=0x00
12-12 19:28:22.838  7373  7373 D dalvikvm: dalvik-aux-structure mapped at 0x5a14a000 with sizes 17648 1196 1848 1084
12-12 19:28:22.838  7373  7373 D dalvikvm: Good opt header, DEX offset is 64, flags=0x00
12-12 19:28:22.838  7373  7373 D dalvikvm: dalvik-aux-structure mapped at 0x5a5e3000 with sizes 5448 6248 17376 5152
12-12 19:28:22.838  7373  7373 D dalvikvm: Good opt header, DEX offset is 64, flags=0x00
12-12 19:28:22.838  7373  7373 D dalvikvm: dalvik-aux-structure mapped at 0x5a151000 with sizes 92 272 204 12
12-12 19:28:22.838  7373  7373 D dalvikvm: Good opt header, DEX offset is 64, flags=0x00
12-12 19:28:22.838  7373  7373 D dalvikvm: dalvik-aux-structure mapped at 0x5a5f5000 with sizes 368 52 8 52
12-12 19:28:22.838  7373  7373 D dalvikvm: Good opt header, DEX offset is 64, flags=0x00
12-12 19:28:22.838  7373  7373 D dalvikvm: dalvik-aux-structure mapped at 0x5a612000 with sizes 848 488 512 692
12-12 19:28:22.838  7373  7373 D dalvikvm: Good opt header, DEX offset is 64, flags=0x00
12-12 19:28:22.838  7373  7373 D dalvikvm: dalvik-aux-structure mapped at 0x5a615000 with sizes 20 36 20 8
12-12 19:28:22.838  7373  7373 D dalvikvm: Good opt header, DEX offset is 64, flags=0x00
12-12 19:28:22.838  7373  7373 D dalvikvm: dalvik-aux-structure mapped at 0x5a61e000 with sizes 360 232 320 68
12-12 19:28:22.838  7373  7373 D dalvikvm: Good opt header, DEX offset is 64, flags=0x00
12-12 19:28:22.838  7373  7373 D dalvikvm: dalvik-aux-structure mapped at 0x5a62e000 with sizes 864 272 320 208
12-12 19:28:22.838  7373  7373 D dalvikvm: Trying to load lib libjavacore.so 0x0
12-12 19:28:22.848  7373  7373 D dalvikvm: Added shared lib libjavacore.so 0x0
12-12 19:28:22.848  7373  7373 D dalvikvm: Trying to load lib libnativehelper.so 0x0
12-12 19:28:22.848  7373  7373 D dalvikvm: Added shared lib libnativehelper.so 0x0
12-12 19:28:22.848  7373  7373 D dalvikvm: No JNI_OnLoad found in libnativehelper.so 0x0, skipping init
12-12 19:28:22.858  7373  7373 D dalvikvm: Good opt header, DEX offset is 64, flags=0x00
12-12 19:28:22.858  7373  7373 D dalvikvm: dalvik-aux-structure mapped at 0x5b893000 with sizes 936 360 416 20
12-12 19:28:22.878  7373  7373 D dalvikvm: Note: class Landroid/app/ActivityManagerNative; has 179 unimplemented (abstract) methods
12-12 19:28:22.998  7373  7373 D AndroidRuntime: Calling main entry com.android.commands.pm.Pm
12-12 19:28:23.008   928   970 W ActivityManager: No content provider found for permission revoke: file:///data/local/tmp/AUTUtilsHTx2G8.apk
12-12 19:28:23.008   928   970 W ActivityManager: No content provider found for permission revoke: file:///data/local/tmp/AUTUtilsHTx2G8.apk
12-12 19:28:23.008   928   970 I PackageManager: Copying native libraries to /data/app-lib/vmdl248657074
12-12 19:28:23.008   928   970 I PackageParser: com.trellis: compat added android.permission.READ_PHONE_STATE
12-12 19:28:23.058   928   970 I PackageManager: Running dexopt on: com.trellis
12-12 19:28:23.268   928   961 I ActivityManager: Force stopping com.trellis appid=10003 user=-1: update pkg
12-12 19:28:23.398   928   991 I RegisteredPolicyManager: user/package action=android.intent.action.PACKAGE_ADDED	userHandle0
12-12 19:28:23.398   928   991 W RegisteredPolicyManager: Metadata not available in package:com.trellis
12-12 19:28:23.398   928   991 I RegisteredPolicyManager: Package removed:com.trellis
12-12 19:28:23.398   928   991 I DevicePolicyManagerService: Notified isValidMDM=true
12-12 19:28:23.408   928   991 I DevicePolicyManagerService: Notified isValidMDM=true
12-12 19:28:23.408   928   991 I DevicePolicyManagerService: Notified isValidMDM=true
12-12 19:28:23.408   928   991 I DevicePolicyManagerService: Notified isValidMDM=true
12-12 19:28:23.408   928   991 I DevicePolicyManagerService: Notified isValidMDM=true
12-12 19:28:23.408   928   962 W Settings: Setting default_input_method has moved from android.provider.Settings.Secure to android.provider.Settings.Global.
12-12 19:28:23.408   928   991 I DevicePolicyManagerService: Notified isValidMDM=true
12-12 19:28:23.408   928   941 V IntentResolver: Resolving type=null scheme=null defaultOnly=false userId=0 of Intent { act=com.amazon.whisperlink.actview.ui.SELECTION flg=0x8 }
12-12 19:28:23.408   928   941 V IntentResolver: Action list: [ServiceIntentInfo{42215568 com.amazon.avod/com.amazon.messaging.common.whisperplay.internal.service.WhisperPlayPlaybackControlLocalService}, ServiceIntentInfo{42247418 com.amazon.photos/com.amazon.gallery.thor.whisperplay.ThorWhisperService}]
12-12 19:28:23.408   928   941 V IntentResolver: Matching against filter ServiceIntentInfo{42215568 com.amazon.avod/com.amazon.messaging.common.whisperplay.internal.service.WhisperPlayPlaybackControlLocalService}
12-12 19:28:23.408   928   941 V IntentResolver:   Filter matched!  match=0x108000 hasDefault=false
12-12 19:28:23.408   928   941 V IntentResolver:     42215190 com.amazon.avod/com.amazon.messaging.common.whisperplay.internal.service.WhisperPlayPlaybackControlLocalService filter 42215568
12-12 19:28:23.408   928   941 V IntentResolver:     Action: "com.amazon.whisperlink.actview.ui.SELECTION"
12-12 19:28:23.408   928   941 V IntentResolver:     Category: "com.amazon.whisperlink.actview.ui.DEFAULT_UX"
12-12 19:28:23.408   928   941 V IntentResolver: Matching against filter ServiceIntentInfo{42247418 com.amazon.photos/com.amazon.gallery.thor.whisperplay.ThorWhisperService}
12-12 19:28:23.408   928   941 V IntentResolver:   Filter matched!  match=0x108000 hasDefault=false
12-12 19:28:23.408   928   941 V IntentResolver:     421ddde8 com.amazon.photos/com.amazon.gallery.thor.whisperplay.ThorWhisperService filter 42247418
12-12 19:28:23.408   928   941 V IntentResolver:     Action: "com.amazon.whisperlink.actview.ui.SELECTION"
12-12 19:28:23.408   928   941 V IntentResolver:     Action: "com.amazon.whisperlink.actview.ui.DEFAULT_UX"
12-12 19:28:23.408   928   941 V IntentResolver: Final result list:
12-12 19:28:23.408   928   941 V IntentResolver:   ResolveInfo{4283c998 com.amazon.avod/com.amazon.messaging.common.whisperplay.internal.service.WhisperPlayPlaybackControlLocalService m=0x108000}
12-12 19:28:23.408   928   991 I DevicePolicyManagerService: isAdmin ComponentInfo{com.android.email/com.android.email.SecurityPolicy$PolicyAdmin} whiteListed true
12-12 19:28:23.408   928   991 I DevicePolicyManagerService: isAdmin ComponentInfo{com.amazon.kor.demo/com.amazon.kor.demo.receiver.BindDeviceAdminReceiver} whiteListed true
12-12 19:28:23.408   928   991 I DevicePolicyManagerService: isAdmin ComponentInfo{com.amazon.parentalcontrols/com.amazon.parentalcontrols.receivers.ParentalAdminReceiver} whiteListed true
12-12 19:28:23.408   928   991 I DevicePolicyManagerService: isAdmin ComponentInfo{com.amazon.kindle.rdmdeviceadmin/com.amazon.rdmdeviceadmin.DeviceControlsAdminReceiver} whiteListed true
12-12 19:28:23.408   928   991 I DevicePolicyManagerService: isAdmin ComponentInfo{com.amazon.tahoe/com.amazon.tahoe.deviceadmin.FreeTimeDeviceAdminReceiver} whiteListed true
12-12 19:28:23.408   928   991 I DevicePolicyManagerService: isAdmin ComponentInfo{com.amazon.kindle.devicecontrols/com.amazon.kindle.devicecontrols.receivers.DeviceControlsAdminReceiver} whiteListed true
12-12 19:28:23.408   928   941 V IntentResolver:   ResolveInfo{42538a40 com.amazon.photos/com.amazon.gallery.thor.whisperplay.ThorWhisperService m=0x108000}
12-12 19:28:23.418   928  1307 D ActivityManager: single user service: com.amazon.dcp:OTAService
12-12 19:28:23.428   928  1307 D ActivityManager: app = com.amazon.dcp:OTAService, has single user service, setting process record.
12-12 19:28:23.428   928   984 I InputReader: Reconfiguring input devices.  changes=0x00000010
12-12 19:28:23.438   928   928 D BackupManagerService: Received broadcast Intent { act=android.intent.action.PACKAGE_ADDED dat=xxxx flg=0x4000010 (has extras) }
12-12 19:28:23.438   928   928 V BackupManagerService: addPackageParticipantsLocked: #1
12-12 19:28:23.438   928  1261 I ActivityManager: Delay finish: com.amazon.identity.auth.device.authorization/.appsync.PackageChangedReceiver
12-12 19:28:23.448   928  1309 I ActivityManager: Resuming delayed broadcast
12-12 19:28:23.458   928   962 W Settings: Setting default_input_method has moved from android.provider.Settings.Secure to android.provider.Settings.Global.
12-12 19:28:23.458   928   962 W InputMethodInfo: Duplicated subtype definition found: ja, keyboard
12-12 19:28:23.468  5796  5796 D AatpInstallReceiver: [com.trellis]: Checking signature: 3082037b30820263a00302010202046fa81c07300d06092a864886f70d01010b0500306d310b3009060355040613025553310f300d060355040813064f7265676f6e3111300f06035504071308506f72746c616e6431123010060355040a130941707054687761636b31123010060355040b130941707054687761636b311230100603550403130941707054687761636b3020170d3132313131323037343033335a180f32303531303331333037343033335a306d310b3009060355040613025553310f300d060355040813064f7265676f6e3111300f06035504071308506f72746c616e6431123010060355040a130941707054687761636b31123010060355040b130941707054687761636b311230100603550403130941707054687761636b30820122300d06092a864886f70d01010105000382010f003082010a0282010100c8a2ced2ac4e08ad877450353d44c8cfe263eedf111694e15d3813f7a89ee7101b6547515811a68dc91d02a50d2ccf964ac675d4e9d9f2bb08114ebba27e601476591da39fefc269cbe9c82e718243fd90b6ce55a91aef95a5e87d1ba9c49c26deeeb3f0eed1613b3265d09c679ee9e081bab7ef5d110fc960017797fdeebbe44bc3e9788eb277a1aa6cbfa1fa81cbb2e29cbaa66c17f12c5f063c5795c9ed7d9ffc2c79240a47cf03d483ebb603c96950f5de46ddeb2b38fb11d3cdb8af1d3234478cca4a1092841fc483fcbac0ac3001a9cf4806aba036bb03530f8da3dd222c35e0074c9b533fae5598ad7007be3c99ae5c88a40971d002582811fd9061510203010001a321301f301d0603551d0e04160414ee59bdaa05b04c31e520eb310ee42d90deb67470300d06092a864886f70d01010b050003820101009ad52f7de1c94afc2ac18af8f3cf2431bd121547afa1b00c904cd86438a9c6f15dcb3da8613325fb65bfc1210111a6868a6078c27f3f2f000c29e37e8546685b823508e7159421d3b0098ac0775433994d0d374632b8aa0bd3cd0ceb9969c062c3b830bde751b043e9d66db94d2e88ebcbceb0d7a9c5e516740f2bead81ee403cb0268b9b6ce3635e90342dd8a1c524a94415aad9bb2abd0264b817b590cc8e1a541f69cb5281d7435c5ebaa5ffe6d0962340583ec7349352e262c2beed133bc2862403f58ec18910b99c9fee1ef9acde5c26b1ffe024f53b4a2ad9655a67011471539d74eb533241519c90fdb2eab75a3ab2808b64b6fa2d7f835f7966c54d7
12-12 19:28:23.488   928   962 W Searchables: No web search activity found
12-12 19:28:23.488   928   962 W RecognitionManagerService: no available voice recognition services found for user 0
12-12 19:28:23.548  7373  7373 D AndroidRuntime: Shutting down VM
12-12 19:28:24.368  7422  7422 D AndroidRuntime: 
12-12 19:28:24.368  7422  7422 D AndroidRuntime: >>>>>> AndroidRuntime START com.android.internal.os.RuntimeInit <<<<<<
12-12 19:28:24.368  7422  7422 D AndroidRuntime: CheckJNI is OFF
12-12 19:28:24.378  7422  7422 D dalvikvm: Good opt header, DEX offset is 64, flags=0x00
12-12 19:28:24.378  7422  7422 D dalvikvm: dalvik-aux-structure mapped at 0x417f2000 with sizes 17456 9068 22916 7820
12-12 19:28:24.378  7422  7422 D dalvikvm: Good opt header, DEX offset is 64, flags=0x00
12-12 19:28:24.378  7422  7422 D dalvikvm: dalvik-aux-structure mapped at 0x41800000 with sizes 3488 1968 3700 1000
12-12 19:28:24.378  7422  7422 D dalvikvm: Good opt header, DEX offset is 64, flags=0x00
12-12 19:28:24.378  7422  7422 D dalvikvm: dalvik-aux-structure mapped at 0x41804000 with sizes 1212 1216 2416 256
12-12 19:28:24.378  7422  7422 D dalvikvm: Good opt header, DEX offset is 64, flags=0x00
12-12 19:28:24.378  7422  7422 D dalvikvm: dalvik-aux-structure mapped at 0x4180b000 with sizes 132 296 392 8
12-12 19:28:24.378  7422  7422 D dalvikvm: Good opt header, DEX offset is 64, flags=0x00
12-12 19:28:24.378  7422  7422 D dalvikvm: dalvik-aux-structure mapped at 0x41819000 with sizes 8748 4364 7932 3996
12-12 19:28:24.378  7422  7422 D dalvikvm: Good opt header, DEX offset is 64, flags=0x00
12-12 19:28:24.378  7422  7422 D dalvikvm: dalvik-aux-structure mapped at 0x58a62000 with sizes 22496 5180 8540 1804
12-12 19:28:24.378  7422  7422 D dalvikvm: Good opt header, DEX offset is 64, flags=0x00
12-12 19:28:24.378  7422  7422 D dalvikvm: dalvik-aux-structure mapped at 0x595d6000 with sizes 56980 26392 103936 34400
12-12 19:28:24.378  7422  7422 D dalvikvm: Good opt header, DEX offset is 64, flags=0x00
12-12 19:28:24.378  7422  7422 D dalvikvm: dalvik-aux-structure mapped at 0x597f1000 with sizes 9456 6512 11508 3328
12-12 19:28:24.378  7422  7422 D dalvikvm: Good opt header, DEX offset is 64, flags=0x00
12-12 19:28:24.378  7422  7422 D dalvikvm: dalvik-aux-structure mapped at 0x59965000 with sizes 20772 3532 10520 3092
12-12 19:28:24.378  7422  7422 D dalvikvm: Good opt header, DEX offset is 64, flags=0x00
12-12 19:28:24.378  7422  7422 D dalvikvm: dalvik-aux-structure mapped at 0x41825000 with sizes 1660 956 2388 56
12-12 19:28:24.378  7422  7422 D dalvikvm: Good opt header, DEX offset is 64, flags=0x00
12-12 19:28:24.378  7422  7422 D dalvikvm: dalvik-aux-structure mapped at 0x58a6e000 with sizes 1312 504 800 184
12-12 19:28:24.378  7422  7422 D dalvikvm: Good opt header, DEX offset is 64, flags=0x00
12-12 19:28:24.378  7422  7422 D dalvikvm: dalvik-aux-structure mapped at 0x58a70000 with sizes 1704 1896 3404 216
12-12 19:28:24.378  7422  7422 D dalvikvm: Good opt header, DEX offset is 64, flags=0x00
12-12 19:28:24.378  7422  7422 D dalvikvm: dalvik-aux-structure mapped at 0x59dfc000 with sizes 41652 10740 31732 2024
12-12 19:28:24.378  7422  7422 D dalvikvm: Good opt header, DEX offset is 64, flags=0x00
12-12 19:28:24.378  7422  7422 D dalvikvm: dalvik-aux-structure mapped at 0x59e12000 with sizes 13340 3572 6468 560
12-12 19:28:24.378  7422  7422 D dalvikvm: Good opt header, DEX offset is 64, flags=0x00
12-12 19:28:24.378  7422  7422 D dalvikvm: dalvik-aux-structure mapped at 0x59e19000 with sizes 3752 5072 11996 2620
12-12 19:28:24.378  7422  7422 D dalvikvm: Good opt header, DEX offset is 64, flags=0x00
12-12 19:28:24.378  7422  7422 D dalvikvm: dalvik-aux-structure mapped at 0x59e20000 with sizes 864 112 12 8
12-12 19:28:24.378  7422  7422 D dalvikvm: Good opt header, DEX offset is 64, flags=0x00
12-12 19:28:24.378  7422  7422 D dalvikvm: dalvik-aux-structure mapped at 0x59e22000 with sizes 144 424 416 84
12-12 19:28:24.378  7422  7422 D dalvikvm: Good opt header, DEX offset is 64, flags=0x00
12-12 19:28:24.378  7422  7422 D dalvikvm: dalvik-aux-structure mapped at 0x5a068000 with sizes 8 84 20 52
12-12 19:28:24.378  7422  7422 D dalvikvm: Good opt header, DEX offset is 64, flags=0x00
12-12 19:28:24.378  7422  7422 D dalvikvm: dalvik-aux-structure mapped at 0x5a069000 with sizes 2300 1284 1900 732
12-12 19:28:24.378  7422  7422 D dalvikvm: Good opt header, DEX offset is 64, flags=0x00
12-12 19:28:24.378  7422  7422 D dalvikvm: dalvik-aux-structure mapped at 0x5a06d000 with sizes 3068 1548 4364 1460
12-12 19:28:24.378  7422  7422 D dalvikvm: Good opt header, DEX offset is 64, flags=0x00
12-12 19:28:24.378  7422  7422 D dalvikvm: dalvik-aux-structure mapped at 0x5a071000 with sizes 2512 2028 2656 348
12-12 19:28:24.388  7422  7422 D dalvikvm: Good opt header, DEX offset is 64, flags=0x00
12-12 19:28:24.388  7422  7422 D dalvikvm: dalvik-aux-structure mapped at 0x5a074000 with sizes 244 632 480 120
12-12 19:28:24.388  7422  7422 D dalvikvm: Good opt header, DEX offset is 64, flags=0x00
12-12 19:28:24.388  7422  7422 D dalvikvm: dalvik-aux-structure mapped at 0x5a077000 with sizes 44 16 4 16
12-12 19:28:24.388  7422  7422 D dalvikvm: Good opt header, DEX offset is 64, flags=0x00
12-12 19:28:24.388  7422  7422 D dalvikvm: dalvik-aux-structure mapped at 0x5a3c6000 with sizes 17456 5180 15016 5508
12-12 19:28:24.388  7422  7422 D dalvikvm: Good opt header, DEX offset is 64, flags=0x00
12-12 19:28:24.388  7422  7422 D dalvikvm: dalvik-aux-structure mapped at 0x5a15d000 with sizes 17648 1196 1848 1084
12-12 19:28:24.388  7422  7422 D dalvikvm: Good opt header, DEX offset is 64, flags=0x00
12-12 19:28:24.388  7422  7422 D dalvikvm: dalvik-aux-structure mapped at 0x5a5f6000 with sizes 5448 6248 17376 5152
12-12 19:28:24.388  7422  7422 D dalvikvm: Good opt header, DEX offset is 64, flags=0x00
12-12 19:28:24.388  7422  7422 D dalvikvm: dalvik-aux-structure mapped at 0x5a164000 with sizes 92 272 204 12
12-12 19:28:24.388  7422  7422 D dalvikvm: Good opt header, DEX offset is 64, flags=0x00
12-12 19:28:24.388  7422  7422 D dalvikvm: dalvik-aux-structure mapped at 0x5a608000 with sizes 368 52 8 52
12-12 19:28:24.388  7422  7422 D dalvikvm: Good opt header, DEX offset is 64, flags=0x00
12-12 19:28:24.388  7422  7422 D dalvikvm: dalvik-aux-structure mapped at 0x5a625000 with sizes 848 488 512 692
12-12 19:28:24.388  7422  7422 D dalvikvm: Good opt header, DEX offset is 64, flags=0x00
12-12 19:28:24.388  7422  7422 D dalvikvm: dalvik-aux-structure mapped at 0x5a628000 with sizes 20 36 20 8
12-12 19:28:24.388  7422  7422 D dalvikvm: Good opt header, DEX offset is 64, flags=0x00
12-12 19:28:24.388  7422  7422 D dalvikvm: dalvik-aux-structure mapped at 0x5a631000 with sizes 360 232 320 68
12-12 19:28:24.388  7422  7422 D dalvikvm: Good opt header, DEX offset is 64, flags=0x00
12-12 19:28:24.388  7422  7422 D dalvikvm: dalvik-aux-structure mapped at 0x5a641000 with sizes 864 272 320 208
12-12 19:28:24.388  7422  7422 D dalvikvm: Trying to load lib libjavacore.so 0x0
12-12 19:28:24.398  7422  7422 D dalvikvm: Added shared lib libjavacore.so 0x0
12-12 19:28:24.398  7422  7422 D dalvikvm: Trying to load lib libnativehelper.so 0x0
12-12 19:28:24.398  7422  7422 D dalvikvm: Added shared lib libnativehelper.so 0x0
12-12 19:28:24.398  7422  7422 D dalvikvm: No JNI_OnLoad found in libnativehelper.so 0x0, skipping init
12-12 19:28:24.408  7422  7422 D dalvikvm: Good opt header, DEX offset is 64, flags=0x00
12-12 19:28:24.408  7422  7422 D dalvikvm: dalvik-aux-structure mapped at 0x5b8a6000 with sizes 936 360 416 20
