--------- beginning of /dev/log/main
12-12 12:16:27.158  7906  7906 D AndroidRuntime: 
12-12 12:16:27.158  7906  7906 D AndroidRuntime: >>>>>> AndroidRuntime START com.android.internal.os.RuntimeInit <<<<<<
12-12 12:16:27.168  7906  7906 D AndroidRuntime: CheckJNI is OFF
12-12 12:16:27.168  7906  7906 D dalvikvm: Good opt header, DEX offset is 64, flags=0x00
12-12 12:16:27.168  7906  7906 D dalvikvm: dalvik-aux-structure mapped at 0x41514000 with sizes 17456 9068 22916 7820
12-12 12:16:27.168  7906  7906 D dalvikvm: Good opt header, DEX offset is 64, flags=0x00
12-12 12:16:27.168  7906  7906 D dalvikvm: dalvik-aux-structure mapped at 0x41523000 with sizes 3488 1968 3700 1000
12-12 12:16:27.168  7906  7906 D dalvikvm: Good opt header, DEX offset is 64, flags=0x00
12-12 12:16:27.168  7906  7906 D dalvikvm: dalvik-aux-structure mapped at 0x588dc000 with sizes 1212 1216 2416 256
12-12 12:16:27.168  7906  7906 D dalvikvm: Good opt header, DEX offset is 64, flags=0x00
12-12 12:16:27.168  7906  7906 D dalvikvm: dalvik-aux-structure mapped at 0x588e9000 with sizes 132 296 392 8
12-12 12:16:27.168  7906  7906 D dalvikvm: Good opt header, DEX offset is 64, flags=0x00
12-12 12:16:27.168  7906  7906 D dalvikvm: dalvik-aux-structure mapped at 0x58a3f000 with sizes 8748 4364 7932 3996
12-12 12:16:27.168  7906  7906 D dalvikvm: Good opt header, DEX offset is 64, flags=0x00
12-12 12:16:27.168  7906  7906 D dalvikvm: dalvik-aux-structure mapped at 0x58a49000 with sizes 22496 5184 8544 1804
12-12 12:16:27.168  7906  7906 D dalvikvm: Good opt header, DEX offset is 64, flags=0x00
12-12 12:16:27.168  7906  7906 D dalvikvm: dalvik-aux-structure mapped at 0x595bb000 with sizes 56984 26392 103956 34404
12-12 12:16:27.168  7906  7906 D dalvikvm: Good opt header, DEX offset is 64, flags=0x00
12-12 12:16:27.168  7906  7906 D dalvikvm: dalvik-aux-structure mapped at 0x597d6000 with sizes 9456 6512 11508 3328
12-12 12:16:27.168  7906  7906 D dalvikvm: Good opt header, DEX offset is 64, flags=0x00
12-12 12:16:27.168  7906  7906 D dalvikvm: dalvik-aux-structure mapped at 0x5994a000 with sizes 20776 3532 10520 3092
12-12 12:16:27.168  7906  7906 D dalvikvm: Good opt header, DEX offset is 64, flags=0x00
12-12 12:16:27.168  7906  7906 D dalvikvm: dalvik-aux-structure mapped at 0x59980000 with sizes 1660 956 2388 56
12-12 12:16:27.168  7906  7906 D dalvikvm: Good opt header, DEX offset is 64, flags=0x00
12-12 12:16:27.168  7906  7906 D dalvikvm: dalvik-aux-structure mapped at 0x599b3000 with sizes 1312 504 800 184
12-12 12:16:27.168  7906  7906 D dalvikvm: Good opt header, DEX offset is 64, flags=0x00
12-12 12:16:27.168  7906  7906 D dalvikvm: dalvik-aux-structure mapped at 0x599b4000 with sizes 1704 1896 3404 216
12-12 12:16:27.168  7906  7906 D dalvikvm: Good opt header, DEX offset is 64, flags=0x00
12-12 12:16:27.168  7906  7906 D dalvikvm: dalvik-aux-structure mapped at 0x59df8000 with sizes 41708 10740 31748 2024
12-12 12:16:27.168  7906  7906 D dalvikvm: Good opt header, DEX offset is 64, flags=0x00
12-12 12:16:27.178  7906  7906 D dalvikvm: dalvik-aux-structure mapped at 0x599b9000 with sizes 13340 3572 6468 560
12-12 12:16:27.178  7906  7906 D dalvikvm: Good opt header, DEX offset is 64, flags=0x00
12-12 12:16:27.178  7906  7906 D dalvikvm: dalvik-aux-structure mapped at 0x5a03d000 with sizes 3752 5072 11996 2620
12-12 12:16:27.178  7906  7906 D dalvikvm: Good opt header, DEX offset is 64, flags=0x00
12-12 12:16:27.178  7906  7906 D dalvikvm: dalvik-aux-structure mapped at 0x599c1000 with sizes 864 112 12 8
12-12 12:16:27.178  7906  7906 D dalvikvm: Good opt header, DEX offset is 64, flags=0x00
12-12 12:16:27.178  7906  7906 D dalvikvm: dalvik-aux-structure mapped at 0x599c3000 with sizes 144 424 416 84
12-12 12:16:27.178  7906  7906 D dalvikvm: Good opt header, DEX offset is 64, flags=0x00
12-12 12:16:27.178  7906  7906 D dalvikvm: dalvik-aux-structure mapped at 0x5a056000 with sizes 8 84 20 52
12-12 12:16:27.178  7906  7906 D dalvikvm: Good opt header, DEX offset is 64, flags=0x00
12-12 12:16:27.178  7906  7906 D dalvikvm: dalvik-aux-structure mapped at 0x5a057000 with sizes 2300 1284 1900 732
12-12 12:16:27.178  7906  7906 D dalvikvm: Good opt header, DEX offset is 64, flags=0x00
12-12 12:16:27.178  7906  7906 D dalvikvm: dalvik-aux-structure mapped at 0x5a05a000 with sizes 3104 1556 4388 1468
12-12 12:16:27.178  7906  7906 D dalvikvm: Good opt header, DEX offset is 64, flags=0x00
12-12 12:16:27.178  7906  7906 D dalvikvm: dalvik-aux-structure mapped at 0x5a05e000 with sizes 2512 2028 2656 348
12-12 12:16:27.178  7906  7906 D dalvikvm: Good opt header, DEX offset is 64, flags=0x00
12-12 12:16:27.178  7906  7906 D dalvikvm: dalvik-aux-structure mapped at 0x5a061000 with sizes 244 632 480 120
12-12 12:16:27.178  7906  7906 D dalvikvm: Good opt header, DEX offset is 64, flags=0x00
12-12 12:16:27.178  7906  7906 D dalvikvm: dalvik-aux-structure mapped at 0x5a064000 with sizes 44 16 4 16
12-12 12:16:27.178  7906  7906 D dalvikvm: Good opt header, DEX offset is 64, flags=0x00
12-12 12:16:27.178  7906  7906 D dalvikvm: dalvik-aux-structure mapped at 0x5a3b5000 with sizes 17456 5180 15016 5508
12-12 12:16:27.178  7906  7906 D dalvikvm: Good opt header, DEX offset is 64, flags=0x00
12-12 12:16:27.178  7906  7906 D dalvikvm: dalvik-aux-structure mapped at 0x5a14c000 with sizes 17648 1196 1848 1084
12-12 12:16:27.188  7906  7906 D dalvikvm: Good opt header, DEX offset is 64, flags=0x00
12-12 12:16:27.188  7906  7906 D dalvikvm: dalvik-aux-structure mapped at 0x5a5e5000 with sizes 5448 6248 17376 5152
12-12 12:16:27.188  7906  7906 D dalvikvm: Good opt header, DEX offset is 64, flags=0x00
12-12 12:16:27.188  7906  7906 D dalvikvm: dalvik-aux-structure mapped at 0x5a152000 with sizes 92 272 204 12
12-12 12:16:27.188  7906  7906 D dalvikvm: Good opt header, DEX offset is 64, flags=0x00
12-12 12:16:27.188  7906  7906 D dalvikvm: dalvik-aux-structure mapped at 0x5a5f6000 with sizes 368 52 8 52
12-12 12:16:27.188  7906  7906 D dalvikvm: Good opt header, DEX offset is 64, flags=0x00
12-12 12:16:27.188  7906  7906 D dalvikvm: dalvik-aux-structure mapped at 0x5a613000 with sizes 848 488 512 692
12-12 12:16:27.188  7906  7906 D dalvikvm: Good opt header, DEX offset is 64, flags=0x00
12-12 12:16:27.188  7906  7906 D dalvikvm: dalvik-aux-structure mapped at 0x5a616000 with sizes 20 36 20 8
12-12 12:16:27.188  7906  7906 D dalvikvm: Good opt header, DEX offset is 64, flags=0x00
12-12 12:16:27.188  7906  7906 D dalvikvm: dalvik-aux-structure mapped at 0x5a61f000 with sizes 360 232 320 68
12-12 12:16:27.188  7906  7906 D dalvikvm: Good opt header, DEX offset is 64, flags=0x00
12-12 12:16:27.188  7906  7906 D dalvikvm: dalvik-aux-structure mapped at 0x5a62f000 with sizes 864 272 320 208
12-12 12:16:27.198  7906  7906 D dalvikvm: Trying to load lib libjavacore.so 0x0
12-12 12:16:27.198  7906  7906 D dalvikvm: Added shared lib libjavacore.so 0x0
12-12 12:16:27.198  7906  7906 D dalvikvm: Trying to load lib libnativehelper.so 0x0
12-12 12:16:27.198  7906  7906 D dalvikvm: Added shared lib libnativehelper.so 0x0
12-12 12:16:27.198  7906  7906 D dalvikvm: No JNI_OnLoad found in libnativehelper.so 0x0, skipping init
12-12 12:16:27.218  7906  7906 D dalvikvm: Good opt header, DEX offset is 64, flags=0x00
12-12 12:16:27.218  7906  7906 D dalvikvm: dalvik-aux-structure mapped at 0x5b8ba000 with sizes 1044 1456 1664 116
12-12 12:16:27.218  7906  7906 D dalvikvm: Good opt header, DEX offset is 64, flags=0x00
12-12 12:16:27.218  7906  7906 D dalvikvm: dalvik-aux-structure mapped at 0x5b8e7000 with sizes 936 844 1188 212
12-12 12:16:27.238  7906  7906 D dalvikvm: DexOpt: --- BEGIN 'explorerflxZI8.jar' (bootstrap=0) ---
12-12 12:16:27.258  7918  7918 D dalvikvm: Good opt header, DEX offset is 64, flags=0x00
12-12 12:16:27.258  7918  7918 D dalvikvm: dalvik-aux-structure mapped at 0x40f4b000 with sizes 17456 9068 22916 7820
12-12 12:16:27.258  7918  7918 D dalvikvm: Good opt header, DEX offset is 64, flags=0x00
12-12 12:16:27.258  7918  7918 D dalvikvm: dalvik-aux-structure mapped at 0x412e9000 with sizes 3488 1968 3700 1000
12-12 12:16:27.258  7918  7918 D dalvikvm: Good opt header, DEX offset is 64, flags=0x00
12-12 12:16:27.258  7918  7918 D dalvikvm: dalvik-aux-structure mapped at 0x41323000 with sizes 1212 1216 2416 256
12-12 12:16:27.258  7918  7918 D dalvikvm: Good opt header, DEX offset is 64, flags=0x00
12-12 12:16:27.258  7918  7918 D dalvikvm: dalvik-aux-structure mapped at 0x41330000 with sizes 132 296 392 8
12-12 12:16:27.268  7918  7918 D dalvikvm: Good opt header, DEX offset is 64, flags=0x00
12-12 12:16:27.268  7918  7918 D dalvikvm: dalvik-aux-structure mapped at 0x41331000 with sizes 8748 4364 7932 3996
12-12 12:16:27.268  7918  7918 D dalvikvm: Good opt header, DEX offset is 64, flags=0x00
12-12 12:16:27.268  7918  7918 D dalvikvm: dalvik-aux-structure mapped at 0x43465000 with sizes 22496 5184 8544 1804
12-12 12:16:27.268  7918  7918 D dalvikvm: Good opt header, DEX offset is 64, flags=0x00
12-12 12:16:27.268  7918  7918 D dalvikvm: dalvik-aux-structure mapped at 0x43fda000 with sizes 56984 26392 103956 34404
12-12 12:16:27.268  7918  7918 D dalvikvm: Good opt header, DEX offset is 64, flags=0x00
12-12 12:16:27.268  7918  7918 D dalvikvm: dalvik-aux-structure mapped at 0x441f5000 with sizes 9456 6512 11508 3328
12-12 12:16:27.268  7918  7918 D dalvikvm: Good opt header, DEX offset is 64, flags=0x00
12-12 12:16:27.268  7918  7918 D dalvikvm: dalvik-aux-structure mapped at 0x44369000 with sizes 20776 3532 10520 3092
12-12 12:16:27.268  7918  7918 D dalvikvm: Good opt header, DEX offset is 64, flags=0x00
12-12 12:16:27.268  7918  7918 D dalvikvm: dalvik-aux-structure mapped at 0x41340000 with sizes 1660 956 2388 56
12-12 12:16:27.268  7918  7918 D dalvikvm: Good opt header, DEX offset is 64, flags=0x00
12-12 12:16:27.268  7918  7918 D dalvikvm: dalvik-aux-structure mapped at 0x41345000 with sizes 1312 504 800 184
12-12 12:16:27.268  7918  7918 D dalvikvm: Good opt header, DEX offset is 64, flags=0x00
12-12 12:16:27.268  7918  7918 D dalvikvm: dalvik-aux-structure mapped at 0x43470000 with sizes 1704 1896 3404 216
12-12 12:16:27.268  7918  7918 D dalvikvm: Good opt header, DEX offset is 64, flags=0x00
12-12 12:16:27.268  7918  7918 D dalvikvm: dalvik-aux-structure mapped at 0x44801000 with sizes 41708 10740 31748 2024
12-12 12:16:27.268  7918  7918 D dalvikvm: Good opt header, DEX offset is 64, flags=0x00
12-12 12:16:27.268  7918  7918 D dalvikvm: dalvik-aux-structure mapped at 0x4496f000 with sizes 13340 3572 6468 560
12-12 12:16:27.268  7918  7918 D dalvikvm: Good opt header, DEX offset is 64, flags=0x00
12-12 12:16:27.268  7918  7918 D dalvikvm: dalvik-aux-structure mapped at 0x44a4c000 with sizes 3752 5072 11996 2620
12-12 12:16:27.268  7918  7918 D dalvikvm: Good opt header, DEX offset is 64, flags=0x00
12-12 12:16:27.268  7918  7918 D dalvikvm: dalvik-aux-structure mapped at 0x44a5d000 with sizes 864 112 12 8
12-12 12:16:27.268  7918  7918 D dalvikvm: Good opt header, DEX offset is 64, flags=0x00
12-12 12:16:27.268  7918  7918 D dalvikvm: dalvik-aux-structure mapped at 0x44a66000 with sizes 144 424 416 84
12-12 12:16:27.268  7918  7918 D dalvikvm: Good opt header, DEX offset is 64, flags=0x00
12-12 12:16:27.268  7918  7918 D dalvikvm: dalvik-aux-structure mapped at 0x44a6a000 with sizes 8 84 20 52
12-12 12:16:27.268  7918  7918 D dalvikvm: Good opt header, DEX offset is 64, flags=0x00
12-12 12:16:27.268  7918  7918 D dalvikvm: dalvik-aux-structure mapped at 0x44a6b000 with sizes 2300 1284 1900 732
12-12 12:16:27.268  7918  7918 D dalvikvm: Good opt header, DEX offset is 64, flags=0x00
12-12 12:16:27.268  7918  7918 D dalvikvm: dalvik-aux-structure mapped at 0x44a6e000 with sizes 3104 1556 4388 1468
12-12 12:16:27.268  7918  7918 D dalvikvm: Good opt header, DEX offset is 64, flags=0x00
12-12 12:16:27.268  7918  7918 D dalvikvm: dalvik-aux-structure mapped at 0x44a72000 with sizes 2512 2028 2656 348
12-12 12:16:27.268  7918  7918 D dalvikvm: Good opt header, DEX offset is 64, flags=0x00
12-12 12:16:27.268  7918  7918 D dalvikvm: dalvik-aux-structure mapped at 0x44a75000 with sizes 244 632 480 120
12-12 12:16:27.268  7918  7918 D dalvikvm: Good opt header, DEX offset is 64, flags=0x00
12-12 12:16:27.268  7918  7918 D dalvikvm: dalvik-aux-structure mapped at 0x44a78000 with sizes 44 16 4 16
12-12 12:16:27.268  7918  7918 D dalvikvm: Good opt header, DEX offset is 64, flags=0x00
12-12 12:16:27.278  7918  7918 D dalvikvm: dalvik-aux-structure mapped at 0x44dc9000 with sizes 17456 5180 15016 5508
12-12 12:16:27.278  7918  7918 D dalvikvm: Good opt header, DEX offset is 64, flags=0x00
12-12 12:16:27.278  7918  7918 D dalvikvm: dalvik-aux-structure mapped at 0x44b60000 with sizes 17648 1196 1848 1084
12-12 12:16:27.278  7918  7918 D dalvikvm: Good opt header, DEX offset is 64, flags=0x00
12-12 12:16:27.278  7918  7918 D dalvikvm: dalvik-aux-structure mapped at 0x44ff9000 with sizes 5448 6248 17376 5152
12-12 12:16:27.278  7918  7918 D dalvikvm: Good opt header, DEX offset is 64, flags=0x00
12-12 12:16:27.278  7918  7918 D dalvikvm: dalvik-aux-structure mapped at 0x44b66000 with sizes 92 272 204 12
12-12 12:16:27.278  7918  7918 D dalvikvm: Good opt header, DEX offset is 64, flags=0x00
12-12 12:16:27.278  7918  7918 D dalvikvm: dalvik-aux-structure mapped at 0x4500a000 with sizes 368 52 8 52
12-12 12:16:27.278  7918  7918 D dalvikvm: Good opt header, DEX offset is 64, flags=0x00
12-12 12:16:27.278  7918  7918 D dalvikvm: dalvik-aux-structure mapped at 0x45027000 with sizes 848 488 512 692
12-12 12:16:27.278  7918  7918 D dalvikvm: Good opt header, DEX offset is 64, flags=0x00
12-12 12:16:27.278  7918  7918 D dalvikvm: dalvik-aux-structure mapped at 0x4502a000 with sizes 20 36 20 8
12-12 12:16:27.278  7918  7918 D dalvikvm: Good opt header, DEX offset is 64, flags=0x00
12-12 12:16:27.278  7918  7918 D dalvikvm: dalvik-aux-structure mapped at 0x45033000 with sizes 360 232 320 68
12-12 12:16:27.278  7918  7918 D dalvikvm: Good opt header, DEX offset is 64, flags=0x00
12-12 12:16:27.278  7918  7918 D dalvikvm: dalvik-aux-structure mapped at 0x45043000 with sizes 864 272 320 208
12-12 12:16:27.288  7918  7918 D dalvikvm: dalvik-aux-structure mapped at 0x450c5000 with sizes 19072 2644 19520 10284
12-12 12:16:27.408  7918  7918 D dalvikvm: DexOpt: load 14ms, verify+opt 109ms, 889324 bytes
12-12 12:16:27.408  7918  7918 D dalvikvm: DexOpt: CompactRef Generated 565 fields for 2571 entries
12-12 12:16:27.418  7918  7918 D dalvikvm: DexOpt: CompactRef Generated 2405 methods for 4880 entries
12-12 12:16:27.418  7918  7918 D dalvikvm: DexOpt: CompactRef Generated 1549 strings for 4768 entries
12-12 12:16:27.418  7918  7918 D dalvikvm: dalvik-aux-structure mapped at 0x450c5000 with sizes 19072 2644 19520 10284
12-12 12:16:27.468  7906  7906 D dalvikvm: DexOpt: --- END 'explorerflxZI8.jar' (success) ---
12-12 12:16:27.468  7906  7906 D dalvikvm: DEX prep '/storage/emulated/legacy/explorerflxZI8.jar': unzip in 8ms, rewrite 224ms
12-12 12:16:27.468  7906  7906 D dalvikvm: Good opt header, DEX offset is 64, flags=0x00
12-12 12:16:27.468  7906  7906 D dalvikvm: dalvik-aux-structure mapped at 0x5b8f1000 with sizes 6196 2644 9620 2260
12-12 12:16:27.468  7906  7906 I dalvikvm: Zip is good, but no classes.dex inside, and no valid .odex file in the same directory
12-12 12:16:27.508  7906  7906 D dalvikvm: Note: class Landroid/app/ActivityManagerNative; has 179 unimplemented (abstract) methods
12-12 12:16:27.648  7906  7906 D AndroidRuntime: Calling main entry com.android.commands.uiautomator.Launcher
12-12 12:16:27.718  7906  7906 D MAS.AVS : Initializing R9ActivityThread
--------- beginning of /dev/log/system
12-12 12:16:27.778  7906  7930 D VendorConfHelper: Properties $VENDOR_GROUP_LIST="AmazonPackageManager:AmazonWifiManager:LibraryWhitelister:AmazonAccountManager:CRLSetManager:AmazonConnectivityManager:AmazonDownloadManager:AmazonInputManager:AmazonLibrary:AmazonWindowManager:Chronos:ClassReplacer:ContentSupportManager:DeviceInfo:FileSharing:IDME:Marketplace:SearchManager:SoftkeyBar:TimeService:WakelockDebug:FileLinker:ForwardUtil:IntentSpreaderService:AmazonActivityManager:SmartSuspend:AmazonKeyguardManager:SarService". processing these as possible system services.
12-12 12:16:27.778  7906  7930 D VendorConfHelper: Properties $VENDOR_SERVICE_MANAGER="null"  namespace ="AmazonPackageManager"
12-12 12:16:27.778  7906  7930 D VendorConfHelper: Properties $VENDOR_SERVICE_MANAGER="com.amazon.android.service.AmazonWifiManager"  namespace ="AmazonWifiManager"
12-12 12:16:27.778  7906  7930 D VendorConfHelper: Properties $VENDOR_SERVICE_MANAGER="null"  namespace ="LibraryWhitelister"
12-12 12:16:27.778  7906  7930 D VendorConfHelper: Properties $VENDOR_SERVICE_MANAGER="amazon.accounts.AmazonAccountManager"  namespace ="AmazonAccountManager"
12-12 12:16:27.778  7906  7930 D VendorConfHelper: Properties $VENDOR_SERVICE_MANAGER="com.amazon.android.crl.CRLsetManager"  namespace ="CRLSetManager"
12-12 12:16:27.778  7906  7930 D VendorConfHelper: Properties $VENDOR_SERVICE_MANAGER="com.amazon.android.connectivity.AmazonConnectivityManager"  namespace ="AmazonConnectivityManager"
12-12 12:16:27.778  7906  7930 D VendorConfHelper: Properties $VENDOR_SERVICE_MANAGER="com.amazon.android.app.AmazonDownloadManager"  namespace ="AmazonDownloadManager"
12-12 12:16:27.778  7906  7930 D VendorConfHelper: Properties $VENDOR_SERVICE_MANAGER="com.amazon.android.hardware.input.AmazonInputManager"  namespace ="AmazonInputManager"
12-12 12:16:27.778  7906  7930 D VendorConfHelper: Properties $VENDOR_SERVICE_MANAGER="null"  namespace ="AmazonLibrary"
12-12 12:16:27.778  7906  7930 D VendorConfHelper: Properties $VENDOR_SERVICE_MANAGER="com.amazon.android.internal.view.AmazonWindowManagerImpl"  namespace ="AmazonWindowManager"
12-12 12:16:27.778  7906  7930 D VendorConfHelper: Properties $VENDOR_SERVICE_MANAGER="com.amazon.android.chronos.ChronosManager"  namespace ="Chronos"
12-12 12:16:27.778  7906  7930 D VendorConfHelper: Properties $VENDOR_SERVICE_MANAGER="null"  namespace ="ClassReplacer"
12-12 12:16:27.778  7906  7930 D VendorConfHelper: Properties $VENDOR_SERVICE_MANAGER="com.amazon.android.app.ContentSupportManager"  namespace ="ContentSupportManager"
12-12 12:16:27.778  7906  7930 D VendorConfHelper: Properties $VENDOR_SERVICE_MANAGER="null"  namespace ="DeviceInfo"
12-12 12:16:27.778  7906  7930 D VendorConfHelper: Properties $VENDOR_SERVICE_MANAGER="null"  namespace ="FileSharing"
12-12 12:16:27.778  7906  7930 D VendorConfHelper: Properties $VENDOR_SERVICE_MANAGER="null"  namespace ="IDME"
12-12 12:16:27.778  7906  7930 D VendorConfHelper: Properties $VENDOR_SERVICE_MANAGER="com.amazon.android.marketplace.MarketplaceServiceManager"  namespace ="Marketplace"
12-12 12:16:27.778  7906  7930 D VendorConfHelper: Properties $VENDOR_SERVICE_MANAGER="null"  namespace ="SearchManager"
12-12 12:16:27.778  7906  7930 D VendorConfHelper: Properties $VENDOR_SERVICE_MANAGER="com.amazon.android.softkey.SoftkeyBarManager"  namespace ="SoftkeyBar"
12-12 12:16:27.778  7906  7930 D VendorConfHelper: Properties $VENDOR_SERVICE_MANAGER="null"  namespace ="TimeService"
12-12 12:16:27.778  7906  7930 D VendorConfHelper: Properties $VENDOR_SERVICE_MANAGER="null"  namespace ="WakelockDebug"
12-12 12:16:27.778  7906  7930 D VendorConfHelper: Properties $VENDOR_SERVICE_MANAGER="null"  namespace ="FileLinker"
12-12 12:16:27.778  7906  7930 D VendorConfHelper: Properties $VENDOR_SERVICE_MANAGER="null"  namespace ="ForwardUtil"
12-12 12:16:27.778  7906  7930 D VendorConfHelper: Properties $VENDOR_SERVICE_MANAGER="null"  namespace ="IntentSpreaderService"
12-12 12:16:27.778  7906  7930 D VendorConfHelper: Properties $VENDOR_SERVICE_MANAGER="null"  namespace ="AmazonActivityManager"
12-12 12:16:27.778  7906  7930 D VendorConfHelper: Properties $VENDOR_SERVICE_MANAGER="null"  namespace ="SmartSuspend"
12-12 12:16:27.778  7906  7930 D VendorConfHelper: Properties $VENDOR_SERVICE_MANAGER="amazon.app.AmazonKeyguardManager"  namespace ="AmazonKeyguardManager"
12-12 12:16:27.778  7906  7930 D VendorConfHelper: Properties $VENDOR_SERVICE_MANAGER="null"  namespace ="SarService"
12-12 12:16:27.788  7906  7930 E ContextImpl: Failed to register system service "com.amazon.android.crl.CRLsetManager". The class was not found for the provided classloader.
12-12 12:16:27.818  7906  7930 D ProfileManager: Create ProfileManager instance
12-12 12:16:27.818  7906  7930 W ResourceType: No package identifier when getting value for resource number 0x00000000
12-12 12:16:27.818  7906  7930 I Dispatch: No dispatch information file found
12-12 12:16:28.728  7906  7906 D dalvikvm: Trying to load lib /storage/emulated/legacy/libopencv_java.so 0x41612668
12-12 12:16:28.788  7906  7906 D dalvikvm: Added shared lib /storage/emulated/legacy/libopencv_java.so 0x41612668
12-12 12:16:28.878   269   269 D audio_hw_extn: audio_extn_get_parameters: returns 
12-12 12:16:28.878   269   269 I str_params: key: 'headset_bypass_mode' value: '***'
12-12 12:16:28.878   269   269 D audio_hw_extn: audio_extn_get_parameters: returns 
12-12 12:16:28.878   269   269 I str_params: key: 'headset_bypass_mode' value: '***'
12-12 12:16:28.878   269   269 D audio_hw_extn: audio_extn_get_parameters: returns 
12-12 12:16:28.878   269   269 I str_params: key: 'headset_bypass_mode' value: '***'
12-12 12:16:28.878   269   269 D audio_hw_extn: audio_extn_get_parameters: returns 
12-12 12:16:28.878   269   269 I str_params: key: 'headset_bypass_mode' value: '***'
12-12 12:16:28.878   269   269 D audio_hw_extn: audio_extn_get_parameters: returns 
12-12 12:16:28.878   269   269 I str_params: key: 'headset_bypass_mode' value: '***'
12-12 12:16:28.878   269   269 D audio_hw_extn: audio_extn_get_parameters: returns 
12-12 12:16:28.878   269   269 I str_params: key: 'headset_bypass_mode' value: '***'
12-12 12:16:28.878   269   269 D audio_hw_extn: audio_extn_get_parameters: returns 
12-12 12:16:28.878   269   269 I str_params: key: 'headset_bypass_mode' value: '***'
12-12 12:16:28.878   269   269 D audio_hw_extn: audio_extn_get_parameters: returns 
12-12 12:16:28.878   269   269 I str_params: key: 'headset_bypass_mode' value: '***'
12-12 12:16:28.878   269   269 D audio_hw_extn: audio_extn_get_parameters: returns 
12-12 12:16:28.878   269   269 I str_params: key: 'headset_bypass_mode' value: '***'
12-12 12:16:28.878   269   269 D audio_hw_extn: audio_extn_get_parameters: returns 
12-12 12:16:28.878   269   269 I str_params: key: 'headset_bypass_mode' value: '***'
12-12 12:16:28.878   269   269 D audio_hw_extn: audio_extn_get_parameters: returns 
12-12 12:16:28.878   269   269 I str_params: key: 'headset_bypass_mode' value: '***'
12-12 12:16:28.878   269   269 D audio_hw_extn: audio_extn_get_parameters: returns 
12-12 12:16:28.878   269   269 I str_params: key: 'headset_bypass_mode' value: '***'
12-12 12:16:28.878   269   269 D audio_hw_extn: audio_extn_get_parameters: returns 
12-12 12:16:28.878   269   269 I str_params: key: 'headset_bypass_mode' value: '***'
12-12 12:16:28.878   269   269 D audio_hw_extn: audio_extn_get_parameters: returns 
12-12 12:16:28.878   926   975 I PowerManagerService:  input brightness = 247 normalized brighness =96.86274509803921 transformed brightness =242.30596240343894 final brightness =230.42109207348744
12-12 12:16:28.878   269   269 I str_params: key: 'headset_bypass_mode' value: '***'
12-12 12:16:28.878   269   269 D audio_hw_extn: audio_extn_get_parameters: returns 
12-12 12:16:28.878   269   269 I str_params: key: 'headset_bypass_mode' value: '***'
12-12 12:16:28.878   269   269 D audio_hw_extn: audio_extn_get_parameters: returns 
12-12 12:16:28.878   269   269 I str_params: key: 'headset_bypass_mode' value: '***'
12-12 12:16:28.878   269   269 D audio_hw_extn: audio_extn_get_parameters: returns 
12-12 12:16:28.878   269   269 I str_params: key: 'headset_bypass_mode' value: '***'
12-12 12:16:28.878   269   269 D audio_hw_extn: audio_extn_get_parameters: returns 
12-12 12:16:28.878   269   269 I str_params: key: 'headset_bypass_mode' value: '***'
12-12 12:16:28.878   269   269 D audio_hw_extn: audio_extn_get_parameters: returns 
12-12 12:16:28.878   269   269 I str_params: key: 'headset_bypass_mode' value: '***'
12-12 12:16:28.878   269   269 D audio_hw_extn: audio_extn_get_parameters: returns 
12-12 12:16:28.878   269   269 I str_params: key: 'headset_bypass_mode' value: '***'
12-12 12:16:28.878   269   269 D audio_hw_extn: audio_extn_get_parameters: returns 
12-12 12:16:28.878   926   975 I PowerManagerService:  input brightness = 247 normalized brighness =96.86274509803921 transformed brightness =242.30596240343894 final brightness =230.42109207348744
12-12 12:16:28.878   269   269 I str_params: key: 'headset_bypass_mode' value: '***'
12-12 12:16:28.878   269   269 D audio_hw_extn: audio_extn_get_parameters: returns 
12-12 12:16:28.878   269   269 I str_params: key: 'headset_bypass_mode' value: '***'
12-12 12:16:28.878   269   269 D audio_hw_extn: audio_extn_get_parameters: returns 
12-12 12:16:28.878   926   975 I PowerManagerService:  input brightness = 247 normalized brighness =96.86274509803921 transformed brightness =242.30596240343894 final brightness =230.42109207348744
12-12 12:16:28.878   269   269 I str_params: key: 'headset_bypass_mode' value: '***'
12-12 12:16:28.878   269   269 D audio_hw_extn: audio_extn_get_parameters: returns 
12-12 12:16:28.878   269   269 I str_params: key: 'headset_bypass_mode' value: '***'
12-12 12:16:28.878   269   269 D audio_hw_extn: audio_extn_get_parameters: returns 
12-12 12:16:28.878   269   269 I str_params: key: 'headset_bypass_mode' value: '***'
12-12 12:16:28.878   269   269 D audio_hw_extn: audio_extn_get_parameters: returns 
12-12 12:16:28.878   269   269 I str_params: key: 'headset_bypass_mode' value: '***'
12-12 12:16:28.878   269   269 D audio_hw_extn: audio_extn_get_parameters: returns 
12-12 12:16:28.878   269   269 I str_params: key: 'headset_bypass_mode' value: '***'
12-12 12:16:28.878   269   269 D audio_hw_extn: audio_extn_get_parameters: returns 
12-12 12:16:28.878   269   269 I str_params: key: 'headset_bypass_mode' value: '***'
12-12 12:16:28.878   269   269 D audio_hw_extn: audio_extn_get_parameters: returns 
12-12 12:16:28.888   269   269 I str_params: key: 'headset_bypass_mode' value: '***'
12-12 12:16:28.888   269   269 D audio_hw_extn: audio_extn_get_parameters: returns 
12-12 12:16:28.888   269   269 I str_params: key: 'headset_bypass_mode' value: '***'
12-12 12:16:28.888   269   269 D audio_hw_extn: audio_extn_get_parameters: returns 
12-12 12:16:28.888   269   269 I str_params: key: 'headset_bypass_mode' value: '***'
12-12 12:16:28.888   269   269 D audio_hw_extn: audio_extn_get_parameters: returns 
12-12 12:16:28.888   269   269 I str_params: key: 'headset_bypass_mode' value: '***'
12-12 12:16:28.888   269   269 D audio_hw_extn: audio_extn_get_parameters: returns 
12-12 12:16:28.888   269   269 I str_params: key: 'headset_bypass_mode' value: '***'
12-12 12:16:28.888   269   269 D audio_hw_extn: audio_extn_get_parameters: returns 
12-12 12:16:28.888   269   269 I str_params: key: 'headset_bypass_mode' value: '***'
12-12 12:16:28.888   269   269 D audio_hw_extn: audio_extn_get_parameters: returns 
12-12 12:16:28.888   269   269 I str_params: key: 'headset_bypass_mode' value: '***'
12-12 12:16:28.888   269   269 D audio_hw_extn: audio_extn_get_parameters: returns 
12-12 12:16:28.888   269   269 I str_params: key: 'headset_bypass_mode' value: '***'
12-12 12:16:28.888   269   269 D audio_hw_extn: audio_extn_get_parameters: returns 
12-12 12:16:28.888   269   269 I str_params: key: 'headset_bypass_mode' value: '***'
12-12 12:16:28.888   269   269 D audio_hw_extn: audio_extn_get_parameters: returns 
12-12 12:16:28.888   269   269 I str_params: key: 'headset_bypass_mode' value: '***'
12-12 12:16:28.888   269   269 D audio_hw_extn: audio_extn_get_parameters: returns 
12-12 12:16:28.888   269   269 I str_params: key: 'headset_bypass_mode' value: '***'
12-12 12:16:28.888   269   269 D audio_hw_extn: audio_extn_get_parameters: returns 
12-12 12:16:28.888   269   269 I str_params: key: 'headset_bypass_mode' value: '***'
12-12 12:16:28.888   926   963 W Settings: Setting default_input_method has moved from android.provider.Settings.Secure to android.provider.Settings.Global.
12-12 12:16:28.888   926   963 W Settings: Setting default_input_method has moved from android.provider.Settings.Secure to android.provider.Settings.Global.
12-12 12:16:28.898   926   963 W Settings: Setting default_input_method has moved from android.provider.Settings.Secure to android.provider.Settings.Global.
12-12 12:16:28.958   926   963 W Settings: Setting default_input_method has moved from android.provider.Settings.Secure to android.provider.Settings.Global.
12-12 12:16:28.968   926   963 W Settings: Setting default_input_method has moved from android.provider.Settings.Secure to android.provider.Settings.Global.
12-12 12:16:28.978   926   963 W Settings: Setting default_input_method has moved from android.provider.Settings.Secure to android.provider.Settings.Global.
12-12 12:16:29.088  7906  7906 I AccessibilityNodeInfoDumper: Skipping invisible child: android.view.accessibility.AccessibilityNodeInfo@281d6; boundsInParent: Rect(0, 0 - 260, 170); boundsInScreen: Rect(1304, 51 - 1564, 221); packageName: com.amazon.kindle.otter; className: android.widget.Button; text: Audiobooks; contentDescription: null; viewIdResName: com.amazon.kindle.otter:id/home_navbar_audiobooks_button; checkable: false; checked: false; focusable: true; focused: false; selected: false; clickable: true; longClickable: false; enabled: true; password: false; scrollable: false; [ACTION_FOCUS, ACTION_SELECT, ACTION_CLEAR_SELECTION, ACTION_CLICK, ACTION_ACCESSIBILITY_FOCUS, ACTION_NEXT_AT_MOVEMENT_GRANULARITY, ACTION_PREVIOUS_AT_MOVEMENT_GRANULARITY, ACTION_SET_SELECTION]
12-12 12:16:29.088  7906  7906 I AccessibilityNodeInfoDumper: Skipping invisible child: android.view.accessibility.AccessibilityNodeInfo@28597; boundsInParent: Rect(0, 0 - 132, 170); boundsInScreen: Rect(1564, 51 - 1696, 221); packageName: com.amazon.kindle.otter; className: android.widget.Button; text: Web; contentDescription: null; viewIdResName: com.amazon.kindle.otter:id/home_navbar_web_button; checkable: false; checked: false; focusable: true; focused: false; selected: false; clickable: true; longClickable: false; enabled: true; password: false; scrollable: false; [ACTION_FOCUS, ACTION_SELECT, ACTION_CLEAR_SELECTION, ACTION_CLICK, ACTION_ACCESSIBILITY_FOCUS, ACTION_NEXT_AT_MOVEMENT_GRANULARITY, ACTION_PREVIOUS_AT_MOVEMENT_GRANULARITY, ACTION_SET_SELECTION]
12-12 12:16:29.088  7906  7906 I AccessibilityNodeInfoDumper: Skipping invisible child: android.view.accessibility.AccessibilityNodeInfo@28958; boundsInParent: Rect(0, 0 - 176, 170); boundsInScreen: Rect(1696, 51 - 1872, 221); packageName: com.amazon.kindle.otter; className: android.widget.Button; text: Photos; contentDescription: null; viewIdResName: com.amazon.kindle.otter:id/home_navbar_photos_button; checkable: false; checked: false; focusable: true; focused: false; selected: false; clickable: true; longClickable: false; enabled: true; password: false; scrollable: false; [ACTION_FOCUS, ACTION_SELECT, ACTION_CLEAR_SELECTION, ACTION_CLICK, ACTION_ACCESSIBILITY_FOCUS, ACTION_NEXT_AT_MOVEMENT_GRANULARITY, ACTION_PREVIOUS_AT_MOVEMENT_GRANULARITY, ACTION_SET_SELECTION]
12-12 12:16:29.088  7906  7906 I AccessibilityNodeInfoDumper: Skipping invisible child: android.view.accessibility.AccessibilityNodeInfo@28d19; boundsInParent: Rect(0, 0 - 138, 170); boundsInScreen: Rect(1872, 51 - 2010, 221); packageName: com.amazon.kindle.otter; className: android.widget.Button; text: Docs; contentDescription: null; viewIdResName: com.amazon.kindle.otter:id/home_navbar_docs_button; checkable: false; checked: false; focusable: true; focused: false; selected: false; clickable: true; longClickable: false; enabled: true; password: false; scrollable: false; [ACTION_FOCUS, ACTION_SELECT, ACTION_CLEAR_SELECTION, ACTION_CLICK, ACTION_ACCESSIBILITY_FOCUS, ACTION_NEXT_AT_MOVEMENT_GRANULARITY, ACTION_PREVIOUS_AT_MOVEMENT_GRANULARITY, ACTION_SET_SELECTION]
12-12 12:16:29.088  7906  7906 I AccessibilityNodeInfoDumper: Skipping invisible child: android.view.accessibility.AccessibilityNodeInfo@2588b; boundsInParent: Rect(0, 0 - 98, 129); boundsInScreen: Rect(0, 51 - 98, 180); packageName: com.amazon.kindle.otter; className: android.widget.ImageView; text: null; contentDescription: null; viewIdResName: null; checkable: false; checked: false; focusable: false; focused: false; selected: false; clickable: false; longClickable: false; enabled: true; password: false; scrollable: false; [ACTION_SELECT, ACTION_CLEAR_SELECTION, ACTION_ACCESSIBILITY_FOCUS]
12-12 12:16:29.088  7906  7906 I AccessibilityNodeInfoDumper: Skipping invisible child: android.view.accessibility.AccessibilityNodeInfo@99d4; boundsInParent: Rect(0, 0 - 1200, 1389); boundsInScreen: Rect(0, -1209 - 1200, 179); packageName: com.amazon.kindle.otter; className: android.widget.FrameLayout; text: null; contentDescription: null; viewIdResName: com.amazon.kindle.otter:id/carousel_page; checkable: false; checked: false; focusable: false; focused: false; selected: false; clickable: false; longClickable: false; enabled: true; password: false; scrollable: false; [ACTION_SELECT, ACTION_CLEAR_SELECTION, ACTION_ACCESSIBILITY_FOCUS]
12-12 12:16:29.128  7906  7906 W AccessibilityNodeInfoDumper: Fetch time: 72ms
12-12 12:16:29.278  7906  7906 D TextLayoutCache: Using debug level = 0 - Debug Enabled = 0
12-12 12:16:29.558   926   963 W Settings: Setting default_input_method has moved from android.provider.Settings.Secure to android.provider.Settings.Global.
12-12 12:16:29.728  7974  7974 D AndroidRuntime: 
12-12 12:16:29.728  7974  7974 D AndroidRuntime: >>>>>> AndroidRuntime START com.android.internal.os.RuntimeInit <<<<<<
12-12 12:16:29.738  7974  7974 D AndroidRuntime: CheckJNI is OFF
12-12 12:16:29.738  7974  7974 D dalvikvm: Good opt header, DEX offset is 64, flags=0x00
12-12 12:16:29.738  7974  7974 D dalvikvm: dalvik-aux-structure mapped at 0x588fd000 with sizes 17456 9068 22916 7820
12-12 12:16:29.738  7974  7974 D dalvikvm: Good opt header, DEX offset is 64, flags=0x00
12-12 12:16:29.738  7974  7974 D dalvikvm: dalvik-aux-structure mapped at 0x5890b000 with sizes 3488 1968 3700 1000
12-12 12:16:29.748  7974  7974 D dalvikvm: Good opt header, DEX offset is 64, flags=0x00
12-12 12:16:29.748  7974  7974 D dalvikvm: dalvik-aux-structure mapped at 0x5890f000 with sizes 1212 1216 2416 256
12-12 12:16:29.748  7974  7974 D dalvikvm: Good opt header, DEX offset is 64, flags=0x00
12-12 12:16:29.748  7974  7974 D dalvikvm: dalvik-aux-structure mapped at 0x58916000 with sizes 132 296 392 8
12-12 12:16:29.748  7974  7974 D dalvikvm: Good opt header, DEX offset is 64, flags=0x00
12-12 12:16:29.748  7974  7974 D dalvikvm: dalvik-aux-structure mapped at 0x58ad5000 with sizes 8748 4364 7932 3996
12-12 12:16:29.748  7974  7974 D dalvikvm: Good opt header, DEX offset is 64, flags=0x00
12-12 12:16:29.748  7974  7974 D dalvikvm: dalvik-aux-structure mapped at 0x58adc000 with sizes 22496 5184 8544 1804
12-12 12:16:29.748  7974  7974 D dalvikvm: Good opt header, DEX offset is 64, flags=0x00
12-12 12:16:29.748  7974  7974 D dalvikvm: dalvik-aux-structure mapped at 0x59651000 with sizes 56984 26392 103956 34404
12-12 12:16:29.748  7974  7974 D dalvikvm: Good opt header, DEX offset is 64, flags=0x00
12-12 12:16:29.748  7974  7974 D dalvikvm: dalvik-aux-structure mapped at 0x5986c000 with sizes 9456 6512 11508 3328
12-12 12:16:29.748  7974  7974 D dalvikvm: Good opt header, DEX offset is 64, flags=0x00
12-12 12:16:29.748  7974  7974 D dalvikvm: dalvik-aux-structure mapped at 0x599e0000 with sizes 20776 3532 10520 3092
12-12 12:16:29.758  7974  7974 D dalvikvm: Good opt header, DEX offset is 64, flags=0x00
12-12 12:16:29.758  7974  7974 D dalvikvm: dalvik-aux-structure mapped at 0x58aeb000 with sizes 1660 956 2388 56
12-12 12:16:29.758  7974  7974 D dalvikvm: Good opt header, DEX offset is 64, flags=0x00
12-12 12:16:29.758  7974  7974 D dalvikvm: dalvik-aux-structure mapped at 0x59a48000 with sizes 1312 504 800 184
12-12 12:16:29.758  7974  7974 D dalvikvm: Good opt header, DEX offset is 64, flags=0x00
12-12 12:16:29.758  7974  7974 D dalvikvm: dalvik-aux-structure mapped at 0x59a49000 with sizes 1704 1896 3404 216
12-12 12:16:29.758  7974  7974 D dalvikvm: Good opt header, DEX offset is 64, flags=0x00
12-12 12:16:29.768  7974  7974 D dalvikvm: dalvik-aux-structure mapped at 0x59e8d000 with sizes 41708 10740 31748 2024
12-12 12:16:29.768  7974  7974 D dalvikvm: Good opt header, DEX offset is 64, flags=0x00
12-12 12:16:29.768  7974  7974 D dalvikvm: dalvik-aux-structure mapped at 0x59a4e000 with sizes 13340 3572 6468 560
12-12 12:16:29.768  7974  7974 D dalvikvm: Good opt header, DEX offset is 64, flags=0x00
12-12 12:16:29.768  7974  7974 D dalvikvm: dalvik-aux-structure mapped at 0x5a0d2000 with sizes 3752 5072 11996 2620
12-12 12:16:29.768  7974  7974 D dalvikvm: Good opt header, DEX offset is 64, flags=0x00
12-12 12:16:29.768  7974  7974 D dalvikvm: dalvik-aux-structure mapped at 0x59a56000 with sizes 864 112 12 8
12-12 12:16:29.768  7974  7974 D dalvikvm: Good opt header, DEX offset is 64, flags=0x00
12-12 12:16:29.768  7974  7974 D dalvikvm: dalvik-aux-structure mapped at 0x59a58000 with sizes 144 424 416 84
12-12 12:16:29.768  7974  7974 D dalvikvm: Good opt header, DEX offset is 64, flags=0x00
12-12 12:16:29.768  7974  7974 D dalvikvm: dalvik-aux-structure mapped at 0x5a0eb000 with sizes 8 84 20 52
12-12 12:16:29.768  7974  7974 D dalvikvm: Good opt header, DEX offset is 64, flags=0x00
12-12 12:16:29.768  7974  7974 D dalvikvm: dalvik-aux-structure mapped at 0x5a0ec000 with sizes 2300 1284 1900 732
12-12 12:16:29.778  7974  7974 D dalvikvm: Good opt header, DEX offset is 64, flags=0x00
12-12 12:16:29.778  7974  7974 D dalvikvm: dalvik-aux-structure mapped at 0x5a0ef000 with sizes 3104 1556 4388 1468
12-12 12:16:29.778  7974  7974 D dalvikvm: Good opt header, DEX offset is 64, flags=0x00
12-12 12:16:29.778  7974  7974 D dalvikvm: dalvik-aux-structure mapped at 0x5a0f3000 with sizes 2512 2028 2656 348
12-12 12:16:29.778  7974  7974 D dalvikvm: Good opt header, DEX offset is 64, flags=0x00
12-12 12:16:29.778  7974  7974 D dalvikvm: dalvik-aux-structure mapped at 0x5a0f6000 with sizes 244 632 480 120
12-12 12:16:29.778  7974  7974 D dalvikvm: Good opt header, DEX offset is 64, flags=0x00
12-12 12:16:29.778  7974  7974 D dalvikvm: dalvik-aux-structure mapped at 0x5a0f9000 with sizes 44 16 4 16
12-12 12:16:29.778  7974  7974 D dalvikvm: Good opt header, DEX offset is 64, flags=0x00
12-12 12:16:29.778  7974  7974 D dalvikvm: dalvik-aux-structure mapped at 0x5a44a000 with sizes 17456 5180 15016 5508
12-12 12:16:29.778  7974  7974 D dalvikvm: Good opt header, DEX offset is 64, flags=0x00
12-12 12:16:29.778  7974  7974 D dalvikvm: dalvik-aux-structure mapped at 0x5a1e1000 with sizes 17648 1196 1848 1084
12-12 12:16:29.778  7974  7974 D dalvikvm: Good opt header, DEX offset is 64, flags=0x00
12-12 12:16:29.778  7974  7974 D dalvikvm: dalvik-aux-structure mapped at 0x5a67a000 with sizes 5448 6248 17376 5152
12-12 12:16:29.778  7974  7974 D dalvikvm: Good opt header, DEX offset is 64, flags=0x00
12-12 12:16:29.778  7974  7974 D dalvikvm: dalvik-aux-structure mapped at 0x5a1e7000 with sizes 92 272 204 12
12-12 12:16:29.778  7974  7974 D dalvikvm: Good opt header, DEX offset is 64, flags=0x00
12-12 12:16:29.788  7974  7974 D dalvikvm: dalvik-aux-structure mapped at 0x5a68b000 with sizes 368 52 8 52
12-12 12:16:29.788  7974  7974 D dalvikvm: Good opt header, DEX offset is 64, flags=0x00
12-12 12:16:29.788  7974  7974 D dalvikvm: dalvik-aux-structure mapped at 0x5a6a8000 with sizes 848 488 512 692
12-12 12:16:29.788  7974  7974 D dalvikvm: Good opt header, DEX offset is 64, flags=0x00
12-12 12:16:29.788  7974  7974 D dalvikvm: dalvik-aux-structure mapped at 0x5a6ab000 with sizes 20 36 20 8
12-12 12:16:29.788  7974  7974 D dalvikvm: Good opt header, DEX offset is 64, flags=0x00
12-12 12:16:29.788  7974  7974 D dalvikvm: dalvik-aux-structure mapped at 0x5a6b4000 with sizes 360 232 320 68
12-12 12:16:29.788  7974  7974 D dalvikvm: Good opt header, DEX offset is 64, flags=0x00
12-12 12:16:29.788  7974  7974 D dalvikvm: dalvik-aux-structure mapped at 0x5a6c4000 with sizes 864 272 320 208
12-12 12:16:29.798  7974  7974 D dalvikvm: Trying to load lib libjavacore.so 0x0
12-12 12:16:29.798  7974  7974 D dalvikvm: Added shared lib libjavacore.so 0x0
12-12 12:16:29.798  7974  7974 D dalvikvm: Trying to load lib libnativehelper.so 0x0
12-12 12:16:29.798  7974  7974 D dalvikvm: Added shared lib libnativehelper.so 0x0
12-12 12:16:29.798  7974  7974 D dalvikvm: No JNI_OnLoad found in libnativehelper.so 0x0, skipping init
12-12 12:16:29.808  7974  7974 D dalvikvm: Good opt header, DEX offset is 64, flags=0x00
12-12 12:16:29.808  7974  7974 D dalvikvm: dalvik-aux-structure mapped at 0x5b929000 with sizes 936 360 416 20
12-12 12:16:29.838  7974  7974 D dalvikvm: Note: class Landroid/app/ActivityManagerNative; has 179 unimplemented (abstract) methods
12-12 12:16:29.958  7974  7974 D AndroidRuntime: Calling main entry com.android.commands.pm.Pm
12-12 12:16:30.008  7974  7974 D AndroidRuntime: Shutting down VM
12-12 12:16:30.358  7906  7906 I AccessibilityNodeInfoDumper: Skipping invisible child: android.view.accessibility.AccessibilityNodeInfo@281d6; boundsInParent: Rect(0, 0 - 260, 170); boundsInScreen: Rect(1304, 51 - 1564, 221); packageName: com.amazon.kindle.otter; className: android.widget.Button; text: Audiobooks; contentDescription: null; viewIdResName: com.amazon.kindle.otter:id/home_navbar_audiobooks_button; checkable: false; checked: false; focusable: true; focused: false; selected: false; clickable: true; longClickable: false; enabled: true; password: false; scrollable: false; [ACTION_FOCUS, ACTION_SELECT, ACTION_CLEAR_SELECTION, ACTION_CLICK, ACTION_ACCESSIBILITY_FOCUS, ACTION_NEXT_AT_MOVEMENT_GRANULARITY, ACTION_PREVIOUS_AT_MOVEMENT_GRANULARITY, ACTION_SET_SELECTION]
12-12 12:16:30.358  7906  7906 I AccessibilityNodeInfoDumper: Skipping invisible child: android.view.accessibility.AccessibilityNodeInfo@28597; boundsInParent: Rect(0, 0 - 132, 170); boundsInScreen: Rect(1564, 51 - 1696, 221); packageName: com.amazon.kindle.otter; className: android.widget.Button; text: Web; contentDescription: null; viewIdResName: com.amazon.kindle.otter:id/home_navbar_web_button; checkable: false; checked: false; focusable: true; focused: false; selected: false; clickable: true; longClickable: false; enabled: true; password: false; scrollable: false; [ACTION_FOCUS, ACTION_SELECT, ACTION_CLEAR_SELECTION, ACTION_CLICK, ACTION_ACCESSIBILITY_FOCUS, ACTION_NEXT_AT_MOVEMENT_GRANULARITY, ACTION_PREVIOUS_AT_MOVEMENT_GRANULARITY, ACTION_SET_SELECTION]
12-12 12:16:30.358  7906  7906 I AccessibilityNodeInfoDumper: Skipping invisible child: android.view.accessibility.AccessibilityNodeInfo@28958; boundsInParent: Rect(0, 0 - 176, 170); boundsInScreen: Rect(1696, 51 - 1872, 221); packageName: com.amazon.kindle.otter; className: android.widget.Button; text: Photos; contentDescription: null; viewIdResName: com.amazon.kindle.otter:id/home_navbar_photos_button; checkable: false; checked: false; focusable: true; focused: false; selected: false; clickable: true; longClickable: false; enabled: true; password: false; scrollable: false; [ACTION_FOCUS, ACTION_SELECT, ACTION_CLEAR_SELECTION, ACTION_CLICK, ACTION_ACCESSIBILITY_FOCUS, ACTION_NEXT_AT_MOVEMENT_GRANULARITY, ACTION_PREVIOUS_AT_MOVEMENT_GRANULARITY, ACTION_SET_SELECTION]
12-12 12:16:30.358  7906  7906 I AccessibilityNodeInfoDumper: Skipping invisible child: android.view.accessibility.AccessibilityNodeInfo@28d19; boundsInParent: Rect(0, 0 - 138, 170); boundsInScreen: Rect(1872, 51 - 2010, 221); packageName: com.amazon.kindle.otter; className: android.widget.Button; text: Docs; contentDescription: null; viewIdResName: com.amazon.kindle.otter:id/home_navbar_docs_button; checkable: false; checked: false; focusable: true; focused: false; selected: false; clickable: true; longClickable: false; enabled: true; password: false; scrollable: false; [ACTION_FOCUS, ACTION_SELECT, ACTION_CLEAR_SELECTION, ACTION_CLICK, ACTION_ACCESSIBILITY_FOCUS, ACTION_NEXT_AT_MOVEMENT_GRANULARITY, ACTION_PREVIOUS_AT_MOVEMENT_GRANULARITY, ACTION_SET_SELECTION]
12-12 12:16:30.358  7906  7906 I AccessibilityNodeInfoDumper: Skipping invisible child: android.view.accessibility.AccessibilityNodeInfo@2588b; boundsInParent: Rect(0, 0 - 98, 129); boundsInScreen: Rect(0, 51 - 98, 180); packageName: com.amazon.kindle.otter; className: android.widget.ImageView; text: null; contentDescription: null; viewIdResName: null; checkable: false; checked: false; focusable: false; focused: false; selected: false; clickable: false; longClickable: false; enabled: true; password: false; scrollable: false; [ACTION_SELECT, ACTION_CLEAR_SELECTION, ACTION_ACCESSIBILITY_FOCUS]
12-12 12:16:30.368  7906  7906 I AccessibilityNodeInfoDumper: Skipping invisible child: android.view.accessibility.AccessibilityNodeInfo@99d4; boundsInParent: Rect(0, 0 - 1200, 1389); boundsInScreen: Rect(0, -1209 - 1200, 179); packageName: com.amazon.kindle.otter; className: android.widget.FrameLayout; text: null; contentDescription: null; viewIdResName: com.amazon.kindle.otter:id/carousel_page; checkable: false; checked: false; focusable: false; focused: false; selected: false; clickable: false; longClickable: false; enabled: true; password: false; scrollable: false; [ACTION_SELECT, ACTION_CLEAR_SELECTION, ACTION_ACCESSIBILITY_FOCUS]
12-12 12:16:30.378  7906  7906 W AccessibilityNodeInfoDumper: Fetch time: 28ms
12-12 12:16:30.748  7998  7998 D AndroidRuntime: 
12-12 12:16:30.748  7998  7998 D AndroidRuntime: >>>>>> AndroidRuntime START com.android.internal.os.RuntimeInit <<<<<<
12-12 12:16:30.748  7998  7998 D AndroidRuntime: CheckJNI is OFF
12-12 12:16:30.748  7998  7998 D dalvikvm: Good opt header, DEX offset is 64, flags=0x00
12-12 12:16:30.748  7998  7998 D dalvikvm: dalvik-aux-structure mapped at 0x5886d000 with sizes 17456 9068 22916 7820
12-12 12:16:30.748  7998  7998 D dalvikvm: Good opt header, DEX offset is 64, flags=0x00
12-12 12:16:30.748  7998  7998 D dalvikvm: dalvik-aux-structure mapped at 0x5887b000 with sizes 3488 1968 3700 1000
12-12 12:16:30.748  7998  7998 D dalvikvm: Good opt header, DEX offset is 64, flags=0x00
12-12 12:16:30.748  7998  7998 D dalvikvm: dalvik-aux-structure mapped at 0x5887f000 with sizes 1212 1216 2416 256
12-12 12:16:30.748  7998  7998 D dalvikvm: Good opt header, DEX offset is 64, flags=0x00
12-12 12:16:30.758  7998  7998 D dalvikvm: dalvik-aux-structure mapped at 0x58886000 with sizes 132 296 392 8
12-12 12:16:30.758  7998  7998 D dalvikvm: Good opt header, DEX offset is 64, flags=0x00
12-12 12:16:30.758  7998  7998 D dalvikvm: dalvik-aux-structure mapped at 0x58a45000 with sizes 8748 4364 7932 3996
12-12 12:16:30.758  7998  7998 D dalvikvm: Good opt header, DEX offset is 64, flags=0x00
12-12 12:16:30.758  7998  7998 D dalvikvm: dalvik-aux-structure mapped at 0x58a4c000 with sizes 22496 5184 8544 1804
12-12 12:16:30.758  7998  7998 D dalvikvm: Good opt header, DEX offset is 64, flags=0x00
12-12 12:16:30.758  7998  7998 D dalvikvm: dalvik-aux-structure mapped at 0x595c1000 with sizes 56984 26392 103956 34404
12-12 12:16:30.758  7998  7998 D dalvikvm: Good opt header, DEX offset is 64, flags=0x00
12-12 12:16:30.758  7998  7998 D dalvikvm: dalvik-aux-structure mapped at 0x597dc000 with sizes 9456 6512 11508 3328
12-12 12:16:30.758  7998  7998 D dalvikvm: Good opt header, DEX offset is 64, flags=0x00
12-12 12:16:30.758  7998  7998 D dalvikvm: dalvik-aux-structure mapped at 0x59950000 with sizes 20776 3532 10520 3092
12-12 12:16:30.758  7998  7998 D dalvikvm: Good opt header, DEX offset is 64, flags=0x00
12-12 12:16:30.758  7998  7998 D dalvikvm: dalvik-aux-structure mapped at 0x58a5b000 with sizes 1660 956 2388 56
12-12 12:16:30.758  7998  7998 D dalvikvm: Good opt header, DEX offset is 64, flags=0x00
12-12 12:16:30.758  7998  7998 D dalvikvm: dalvik-aux-structure mapped at 0x599b8000 with sizes 1312 504 800 184
12-12 12:16:30.758  7998  7998 D dalvikvm: Good opt header, DEX offset is 64, flags=0x00
12-12 12:16:30.758  7998  7998 D dalvikvm: dalvik-aux-structure mapped at 0x599b9000 with sizes 1704 1896 3404 216
12-12 12:16:30.758  7998  7998 D dalvikvm: Good opt header, DEX offset is 64, flags=0x00
12-12 12:16:30.758  7998  7998 D dalvikvm: dalvik-aux-structure mapped at 0x59dfd000 with sizes 41708 10740 31748 2024
12-12 12:16:30.758  7998  7998 D dalvikvm: Good opt header, DEX offset is 64, flags=0x00
12-12 12:16:30.768  7998  7998 D dalvikvm: dalvik-aux-structure mapped at 0x599be000 with sizes 13340 3572 6468 560
12-12 12:16:30.768  7998  7998 D dalvikvm: Good opt header, DEX offset is 64, flags=0x00
12-12 12:16:30.768  7998  7998 D dalvikvm: dalvik-aux-structure mapped at 0x5a042000 with sizes 3752 5072 11996 2620
12-12 12:16:30.768  7998  7998 D dalvikvm: Good opt header, DEX offset is 64, flags=0x00
12-12 12:16:30.768  7998  7998 D dalvikvm: dalvik-aux-structure mapped at 0x599c6000 with sizes 864 112 12 8
12-12 12:16:30.768  7998  7998 D dalvikvm: Good opt header, DEX offset is 64, flags=0x00
12-12 12:16:30.768  7998  7998 D dalvikvm: dalvik-aux-structure mapped at 0x599c8000 with sizes 144 424 416 84
12-12 12:16:30.768  7998  7998 D dalvikvm: Good opt header, DEX offset is 64, flags=0x00
12-12 12:16:30.768  7998  7998 D dalvikvm: dalvik-aux-structure mapped at 0x5a05b000 with sizes 8 84 20 52
12-12 12:16:30.768  7998  7998 D dalvikvm: Good opt header, DEX offset is 64, flags=0x00
