12-12 12:16:30.768  7998  7998 D dalvikvm: dalvik-aux-structure mapped at 0x5a05c000 with sizes 2300 1284 1900 732
12-12 12:16:30.768  7998  7998 D dalvikvm: Good opt header, DEX offset is 64, flags=0x00
12-12 12:16:30.768  7998  7998 D dalvikvm: dalvik-aux-structure mapped at 0x5a05f000 with sizes 3104 1556 4388 1468
12-12 12:16:30.768  7998  7998 D dalvikvm: Good opt header, DEX offset is 64, flags=0x00
12-12 12:16:30.768  7998  7998 D dalvikvm: dalvik-aux-structure mapped at 0x5a063000 with sizes 2512 2028 2656 348
12-12 12:16:30.768  7998  7998 D dalvikvm: Good opt header, DEX offset is 64, flags=0x00
12-12 12:16:30.768  7998  7998 D dalvikvm: dalvik-aux-structure mapped at 0x5a066000 with sizes 244 632 480 120
12-12 12:16:30.768  7998  7998 D dalvikvm: Good opt header, DEX offset is 64, flags=0x00
12-12 12:16:30.768  7998  7998 D dalvikvm: dalvik-aux-structure mapped at 0x5a069000 with sizes 44 16 4 16
12-12 12:16:30.768  7998  7998 D dalvikvm: Good opt header, DEX offset is 64, flags=0x00
12-12 12:16:30.768  7998  7998 D dalvikvm: dalvik-aux-structure mapped at 0x5a3ba000 with sizes 17456 5180 15016 5508
12-12 12:16:30.778  7998  7998 D dalvikvm: Good opt header, DEX offset is 64, flags=0x00
12-12 12:16:30.778  7998  7998 D dalvikvm: dalvik-aux-structure mapped at 0x5a151000 with sizes 17648 1196 1848 1084
12-12 12:16:30.778  7998  7998 D dalvikvm: Good opt header, DEX offset is 64, flags=0x00
12-12 12:16:30.778  7998  7998 D dalvikvm: dalvik-aux-structure mapped at 0x5a5ea000 with sizes 5448 6248 17376 5152
12-12 12:16:30.778  7998  7998 D dalvikvm: Good opt header, DEX offset is 64, flags=0x00
12-12 12:16:30.778  7998  7998 D dalvikvm: dalvik-aux-structure mapped at 0x5a157000 with sizes 92 272 204 12
12-12 12:16:30.778  7998  7998 D dalvikvm: Good opt header, DEX offset is 64, flags=0x00
12-12 12:16:30.778  7998  7998 D dalvikvm: dalvik-aux-structure mapped at 0x5a5fb000 with sizes 368 52 8 52
12-12 12:16:30.778  7998  7998 D dalvikvm: Good opt header, DEX offset is 64, flags=0x00
12-12 12:16:30.778  7998  7998 D dalvikvm: dalvik-aux-structure mapped at 0x5a618000 with sizes 848 488 512 692
12-12 12:16:30.778  7998  7998 D dalvikvm: Good opt header, DEX offset is 64, flags=0x00
12-12 12:16:30.778  7998  7998 D dalvikvm: dalvik-aux-structure mapped at 0x5a61b000 with sizes 20 36 20 8
12-12 12:16:30.778  7998  7998 D dalvikvm: Good opt header, DEX offset is 64, flags=0x00
12-12 12:16:30.778  7998  7998 D dalvikvm: dalvik-aux-structure mapped at 0x5a624000 with sizes 360 232 320 68
12-12 12:16:30.778  7998  7998 D dalvikvm: Good opt header, DEX offset is 64, flags=0x00
12-12 12:16:30.778  7998  7998 D dalvikvm: dalvik-aux-structure mapped at 0x5a634000 with sizes 864 272 320 208
12-12 12:16:30.788  7998  7998 D dalvikvm: Trying to load lib libjavacore.so 0x0
12-12 12:16:30.788  7998  7998 D dalvikvm: Added shared lib libjavacore.so 0x0
12-12 12:16:30.788  7998  7998 D dalvikvm: Trying to load lib libnativehelper.so 0x0
12-12 12:16:30.788  7998  7998 D dalvikvm: Added shared lib libnativehelper.so 0x0
12-12 12:16:30.788  7998  7998 D dalvikvm: No JNI_OnLoad found in libnativehelper.so 0x0, skipping init
12-12 12:16:30.798  7998  7998 D dalvikvm: Good opt header, DEX offset is 64, flags=0x00
12-12 12:16:30.798  7998  7998 D dalvikvm: dalvik-aux-structure mapped at 0x5b89b000 with sizes 912 344 448 12
12-12 12:16:30.818  7998  7998 D dalvikvm: Note: class Landroid/app/ActivityManagerNative; has 179 unimplemented (abstract) methods
12-12 12:16:30.938  7998  7998 D AndroidRuntime: Calling main entry com.android.commands.am.Am
12-12 12:16:30.948  7998  7998 D AndroidRuntime: Shutting down VM
12-12 12:16:30.948   926   959 W Settings: Setting default_input_method has moved from android.provider.Settings.Secure to android.provider.Settings.Global.
12-12 12:16:30.948   926  1236 I ActivityManager: Force stopping com.example.snoopy appid=10002 user=0: from pid 7998
12-12 12:16:31.238  7906  7906 I AccessibilityNodeInfoDumper: Skipping invisible child: android.view.accessibility.AccessibilityNodeInfo@281d6; boundsInParent: Rect(0, 0 - 260, 170); boundsInScreen: Rect(1304, 51 - 1564, 221); packageName: com.amazon.kindle.otter; className: android.widget.Button; text: Audiobooks; contentDescription: null; viewIdResName: com.amazon.kindle.otter:id/home_navbar_audiobooks_button; checkable: false; checked: false; focusable: true; focused: false; selected: false; clickable: true; longClickable: false; enabled: true; password: false; scrollable: false; [ACTION_FOCUS, ACTION_SELECT, ACTION_CLEAR_SELECTION, ACTION_CLICK, ACTION_ACCESSIBILITY_FOCUS, ACTION_NEXT_AT_MOVEMENT_GRANULARITY, ACTION_PREVIOUS_AT_MOVEMENT_GRANULARITY, ACTION_SET_SELECTION]
12-12 12:16:31.238  7906  7906 I AccessibilityNodeInfoDumper: Skipping invisible child: android.view.accessibility.AccessibilityNodeInfo@28597; boundsInParent: Rect(0, 0 - 132, 170); boundsInScreen: Rect(1564, 51 - 1696, 221); packageName: com.amazon.kindle.otter; className: android.widget.Button; text: Web; contentDescription: null; viewIdResName: com.amazon.kindle.otter:id/home_navbar_web_button; checkable: false; checked: false; focusable: true; focused: false; selected: false; clickable: true; longClickable: false; enabled: true; password: false; scrollable: false; [ACTION_FOCUS, ACTION_SELECT, ACTION_CLEAR_SELECTION, ACTION_CLICK, ACTION_ACCESSIBILITY_FOCUS, ACTION_NEXT_AT_MOVEMENT_GRANULARITY, ACTION_PREVIOUS_AT_MOVEMENT_GRANULARITY, ACTION_SET_SELECTION]
12-12 12:16:31.238  7906  7906 I AccessibilityNodeInfoDumper: Skipping invisible child: android.view.accessibility.AccessibilityNodeInfo@28958; boundsInParent: Rect(0, 0 - 176, 170); boundsInScreen: Rect(1696, 51 - 1872, 221); packageName: com.amazon.kindle.otter; className: android.widget.Button; text: Photos; contentDescription: null; viewIdResName: com.amazon.kindle.otter:id/home_navbar_photos_button; checkable: false; checked: false; focusable: true; focused: false; selected: false; clickable: true; longClickable: false; enabled: true; password: false; scrollable: false; [ACTION_FOCUS, ACTION_SELECT, ACTION_CLEAR_SELECTION, ACTION_CLICK, ACTION_ACCESSIBILITY_FOCUS, ACTION_NEXT_AT_MOVEMENT_GRANULARITY, ACTION_PREVIOUS_AT_MOVEMENT_GRANULARITY, ACTION_SET_SELECTION]
12-12 12:16:31.238  7906  7906 I AccessibilityNodeInfoDumper: Skipping invisible child: android.view.accessibility.AccessibilityNodeInfo@28d19; boundsInParent: Rect(0, 0 - 138, 170); boundsInScreen: Rect(1872, 51 - 2010, 221); packageName: com.amazon.kindle.otter; className: android.widget.Button; text: Docs; contentDescription: null; viewIdResName: com.amazon.kindle.otter:id/home_navbar_docs_button; checkable: false; checked: false; focusable: true; focused: false; selected: false; clickable: true; longClickable: false; enabled: true; password: false; scrollable: false; [ACTION_FOCUS, ACTION_SELECT, ACTION_CLEAR_SELECTION, ACTION_CLICK, ACTION_ACCESSIBILITY_FOCUS, ACTION_NEXT_AT_MOVEMENT_GRANULARITY, ACTION_PREVIOUS_AT_MOVEMENT_GRANULARITY, ACTION_SET_SELECTION]
12-12 12:16:31.248  7906  7906 I AccessibilityNodeInfoDumper: Skipping invisible child: android.view.accessibility.AccessibilityNodeInfo@2588b; boundsInParent: Rect(0, 0 - 98, 129); boundsInScreen: Rect(0, 51 - 98, 180); packageName: com.amazon.kindle.otter; className: android.widget.ImageView; text: null; contentDescription: null; viewIdResName: null; checkable: false; checked: false; focusable: false; focused: false; selected: false; clickable: false; longClickable: false; enabled: true; password: false; scrollable: false; [ACTION_SELECT, ACTION_CLEAR_SELECTION, ACTION_ACCESSIBILITY_FOCUS]
12-12 12:16:31.248  7906  7906 I AccessibilityNodeInfoDumper: Skipping invisible child: android.view.accessibility.AccessibilityNodeInfo@99d4; boundsInParent: Rect(0, 0 - 1200, 1389); boundsInScreen: Rect(0, -1209 - 1200, 179); packageName: com.amazon.kindle.otter; className: android.widget.FrameLayout; text: null; contentDescription: null; viewIdResName: com.amazon.kindle.otter:id/carousel_page; checkable: false; checked: false; focusable: false; focused: false; selected: false; clickable: false; longClickable: false; enabled: true; password: false; scrollable: false; [ACTION_SELECT, ACTION_CLEAR_SELECTION, ACTION_ACCESSIBILITY_FOCUS]
12-12 12:16:31.268  7906  7906 W AccessibilityNodeInfoDumper: Fetch time: 28ms
12-12 12:16:31.558   926   980 I ActivityManager: START u0 {xxxx} from pid 926
12-12 12:16:31.568  1036  1036 I LAB126  : PhoneStatusBar hears intent. action: android.intent.action.CLOSE_SYSTEM_DIALOGS
12-12 12:16:32.068   926   958 W SharedAssetStorage: Launching com.amazon.kindle (32070) with AMZ_APP_GID
12-12 12:16:32.078   926   958 I ActivityManager: Start proc com.amazon.kindle for broadcast com.amazon.kindle/.PrimeAppReceiver: pid=8044 uid=32070 gids={72070, 1028, 1015, 3003, 1023, 9001}
12-12 12:16:32.558  7906  7906 W InteractionController: runAndwaitForEvent timedout waiting for events
12-12 12:16:32.668   926   937 D ActivityManager: single user service: com.amazon.kindle.cms
12-12 12:16:32.698  8067  8067 D AndroidRuntime: 
12-12 12:16:32.698  8067  8067 D AndroidRuntime: >>>>>> AndroidRuntime START com.android.internal.os.RuntimeInit <<<<<<
12-12 12:16:32.698  8067  8067 D AndroidRuntime: CheckJNI is OFF
12-12 12:16:32.698  8067  8067 D dalvikvm: Good opt header, DEX offset is 64, flags=0x00
12-12 12:16:32.698  8067  8067 D dalvikvm: dalvik-aux-structure mapped at 0x5890b000 with sizes 17456 9068 22916 7820
12-12 12:16:32.698  8067  8067 D dalvikvm: Good opt header, DEX offset is 64, flags=0x00
12-12 12:16:32.698  8067  8067 D dalvikvm: dalvik-aux-structure mapped at 0x58919000 with sizes 3488 1968 3700 1000
12-12 12:16:32.698  8067  8067 D dalvikvm: Good opt header, DEX offset is 64, flags=0x00
12-12 12:16:32.698  8067  8067 D dalvikvm: dalvik-aux-structure mapped at 0x5891d000 with sizes 1212 1216 2416 256
12-12 12:16:32.698  8067  8067 D dalvikvm: Good opt header, DEX offset is 64, flags=0x00
12-12 12:16:32.698  8067  8067 D dalvikvm: dalvik-aux-structure mapped at 0x58924000 with sizes 132 296 392 8
12-12 12:16:32.698  8067  8067 D dalvikvm: Good opt header, DEX offset is 64, flags=0x00
12-12 12:16:32.698  8067  8067 D dalvikvm: dalvik-aux-structure mapped at 0x58ae3000 with sizes 8748 4364 7932 3996
12-12 12:16:32.698  8067  8067 D dalvikvm: Good opt header, DEX offset is 64, flags=0x00
12-12 12:16:32.698  8067  8067 D dalvikvm: dalvik-aux-structure mapped at 0x58aea000 with sizes 22496 5184 8544 1804
12-12 12:16:32.698  8067  8067 D dalvikvm: Good opt header, DEX offset is 64, flags=0x00
12-12 12:16:32.698  8067  8067 D dalvikvm: dalvik-aux-structure mapped at 0x5965f000 with sizes 56984 26392 103956 34404
12-12 12:16:32.698  8067  8067 D dalvikvm: Good opt header, DEX offset is 64, flags=0x00
12-12 12:16:32.698  8067  8067 D dalvikvm: dalvik-aux-structure mapped at 0x5987a000 with sizes 9456 6512 11508 3328
12-12 12:16:32.698  8067  8067 D dalvikvm: Good opt header, DEX offset is 64, flags=0x00
12-12 12:16:32.698  8067  8067 D dalvikvm: dalvik-aux-structure mapped at 0x599ee000 with sizes 20776 3532 10520 3092
12-12 12:16:32.698  8067  8067 D dalvikvm: Good opt header, DEX offset is 64, flags=0x00
12-12 12:16:32.698  8067  8067 D dalvikvm: dalvik-aux-structure mapped at 0x58af9000 with sizes 1660 956 2388 56
12-12 12:16:32.708  8067  8067 D dalvikvm: Good opt header, DEX offset is 64, flags=0x00
12-12 12:16:32.708  8067  8067 D dalvikvm: dalvik-aux-structure mapped at 0x59a56000 with sizes 1312 504 800 184
12-12 12:16:32.708  8067  8067 D dalvikvm: Good opt header, DEX offset is 64, flags=0x00
12-12 12:16:32.708  8067  8067 D dalvikvm: dalvik-aux-structure mapped at 0x59a57000 with sizes 1704 1896 3404 216
12-12 12:16:32.708  8067  8067 D dalvikvm: Good opt header, DEX offset is 64, flags=0x00
12-12 12:16:32.708  8067  8067 D dalvikvm: dalvik-aux-structure mapped at 0x59e9b000 with sizes 41708 10740 31748 2024
12-12 12:16:32.708  8067  8067 D dalvikvm: Good opt header, DEX offset is 64, flags=0x00
12-12 12:16:32.708  8067  8067 D dalvikvm: dalvik-aux-structure mapped at 0x59a5c000 with sizes 13340 3572 6468 560
12-12 12:16:32.708  8067  8067 D dalvikvm: Good opt header, DEX offset is 64, flags=0x00
12-12 12:16:32.708  8067  8067 D dalvikvm: dalvik-aux-structure mapped at 0x5a0e0000 with sizes 3752 5072 11996 2620
12-12 12:16:32.708  8067  8067 D dalvikvm: Good opt header, DEX offset is 64, flags=0x00
12-12 12:16:32.708  8067  8067 D dalvikvm: dalvik-aux-structure mapped at 0x59a64000 with sizes 864 112 12 8
12-12 12:16:32.708  8067  8067 D dalvikvm: Good opt header, DEX offset is 64, flags=0x00
12-12 12:16:32.708  8067  8067 D dalvikvm: dalvik-aux-structure mapped at 0x59a66000 with sizes 144 424 416 84
12-12 12:16:32.708  8067  8067 D dalvikvm: Good opt header, DEX offset is 64, flags=0x00
12-12 12:16:32.708  8067  8067 D dalvikvm: dalvik-aux-structure mapped at 0x5a0f9000 with sizes 8 84 20 52
12-12 12:16:32.708  8067  8067 D dalvikvm: Good opt header, DEX offset is 64, flags=0x00
12-12 12:16:32.708  8067  8067 D dalvikvm: dalvik-aux-structure mapped at 0x5a0fa000 with sizes 2300 1284 1900 732
12-12 12:16:32.708  8067  8067 D dalvikvm: Good opt header, DEX offset is 64, flags=0x00
12-12 12:16:32.708  8067  8067 D dalvikvm: dalvik-aux-structure mapped at 0x5a0fd000 with sizes 3104 1556 4388 1468
12-12 12:16:32.708  8067  8067 D dalvikvm: Good opt header, DEX offset is 64, flags=0x00
12-12 12:16:32.708  8067  8067 D dalvikvm: dalvik-aux-structure mapped at 0x5a101000 with sizes 2512 2028 2656 348
12-12 12:16:32.708  8067  8067 D dalvikvm: Good opt header, DEX offset is 64, flags=0x00
12-12 12:16:32.708  8067  8067 D dalvikvm: dalvik-aux-structure mapped at 0x5a104000 with sizes 244 632 480 120
12-12 12:16:32.708  8067  8067 D dalvikvm: Good opt header, DEX offset is 64, flags=0x00
12-12 12:16:32.708  8067  8067 D dalvikvm: dalvik-aux-structure mapped at 0x5a107000 with sizes 44 16 4 16
12-12 12:16:32.708  8067  8067 D dalvikvm: Good opt header, DEX offset is 64, flags=0x00
12-12 12:16:32.708  8067  8067 D dalvikvm: dalvik-aux-structure mapped at 0x5a458000 with sizes 17456 5180 15016 5508
12-12 12:16:32.708  8067  8067 D dalvikvm: Good opt header, DEX offset is 64, flags=0x00
12-12 12:16:32.708  8067  8067 D dalvikvm: dalvik-aux-structure mapped at 0x5a1ef000 with sizes 17648 1196 1848 1084
12-12 12:16:32.708  8067  8067 D dalvikvm: Good opt header, DEX offset is 64, flags=0x00
12-12 12:16:32.708  8067  8067 D dalvikvm: dalvik-aux-structure mapped at 0x5a688000 with sizes 5448 6248 17376 5152
12-12 12:16:32.708  8067  8067 D dalvikvm: Good opt header, DEX offset is 64, flags=0x00
12-12 12:16:32.708  8067  8067 D dalvikvm: dalvik-aux-structure mapped at 0x5a1f5000 with sizes 92 272 204 12
12-12 12:16:32.708  8067  8067 D dalvikvm: Good opt header, DEX offset is 64, flags=0x00
12-12 12:16:32.708  8067  8067 D dalvikvm: dalvik-aux-structure mapped at 0x5a699000 with sizes 368 52 8 52
12-12 12:16:32.708  8067  8067 D dalvikvm: Good opt header, DEX offset is 64, flags=0x00
12-12 12:16:32.708  8067  8067 D dalvikvm: dalvik-aux-structure mapped at 0x5a6b6000 with sizes 848 488 512 692
12-12 12:16:32.708  8067  8067 D dalvikvm: Good opt header, DEX offset is 64, flags=0x00
12-12 12:16:32.708  8067  8067 D dalvikvm: dalvik-aux-structure mapped at 0x5a6b9000 with sizes 20 36 20 8
12-12 12:16:32.708  8067  8067 D dalvikvm: Good opt header, DEX offset is 64, flags=0x00
12-12 12:16:32.708  8067  8067 D dalvikvm: dalvik-aux-structure mapped at 0x5a6c2000 with sizes 360 232 320 68
12-12 12:16:32.708  8067  8067 D dalvikvm: Good opt header, DEX offset is 64, flags=0x00
12-12 12:16:32.708  8067  8067 D dalvikvm: dalvik-aux-structure mapped at 0x5a6d2000 with sizes 864 272 320 208
12-12 12:16:32.718  8067  8067 D dalvikvm: Trying to load lib libjavacore.so 0x0
12-12 12:16:32.718  8067  8067 D dalvikvm: Added shared lib libjavacore.so 0x0
12-12 12:16:32.718  8067  8067 D dalvikvm: Trying to load lib libnativehelper.so 0x0
12-12 12:16:32.718  8067  8067 D dalvikvm: Added shared lib libnativehelper.so 0x0
12-12 12:16:32.718  8067  8067 D dalvikvm: No JNI_OnLoad found in libnativehelper.so 0x0, skipping init
12-12 12:16:32.728  8067  8067 D dalvikvm: Good opt header, DEX offset is 64, flags=0x00
12-12 12:16:32.728  8067  8067 D dalvikvm: dalvik-aux-structure mapped at 0x5b939000 with sizes 912 344 448 12
12-12 12:16:32.758  8067  8067 D dalvikvm: Note: class Landroid/app/ActivityManagerNative; has 179 unimplemented (abstract) methods
12-12 12:16:32.878  8067  8067 D AndroidRuntime: Calling main entry com.android.commands.am.Am
12-12 12:16:32.888  8067  8067 D AndroidRuntime: Shutting down VM
12-12 12:16:32.888   926   959 W Settings: Setting default_input_method has moved from android.provider.Settings.Secure to android.provider.Settings.Global.
12-12 12:16:32.888   926  1746 I ActivityManager: Force stopping com.example.snoopy appid=10002 user=0: from pid 8067
12-12 12:16:33.038   926   936 D ActivityManager: single user service: com.amazon.kindle.cms
12-12 12:16:33.068   926  1127 D ActivityManager: single user service: com.amazon.kindle.cms
12-12 12:16:33.108  1036  1036 I LAB126  : PhoneStatusBar hears intent. action: android.intent.action.CLOSE_SYSTEM_DIALOGS
12-12 12:16:33.108   926   980 I ActivityManager: START u0 {xxxx} from pid 926
12-12 12:16:34.108  7906  7906 W InteractionController: runAndwaitForEvent timedout waiting for events
12-12 12:16:34.268  8166  8166 D AndroidRuntime: 
12-12 12:16:34.268  8166  8166 D AndroidRuntime: >>>>>> AndroidRuntime START com.android.internal.os.RuntimeInit <<<<<<
12-12 12:16:34.278  8166  8166 D AndroidRuntime: CheckJNI is OFF
12-12 12:16:34.278  8166  8166 D dalvikvm: Good opt header, DEX offset is 64, flags=0x00
12-12 12:16:34.278  8166  8166 D dalvikvm: dalvik-aux-structure mapped at 0x58898000 with sizes 17456 9068 22916 7820
12-12 12:16:34.278  8166  8166 D dalvikvm: Good opt header, DEX offset is 64, flags=0x00
12-12 12:16:34.278  8166  8166 D dalvikvm: dalvik-aux-structure mapped at 0x588a6000 with sizes 3488 1968 3700 1000
12-12 12:16:34.278  8166  8166 D dalvikvm: Good opt header, DEX offset is 64, flags=0x00
12-12 12:16:34.278  8166  8166 D dalvikvm: dalvik-aux-structure mapped at 0x588aa000 with sizes 1212 1216 2416 256
12-12 12:16:34.278  8166  8166 D dalvikvm: Good opt header, DEX offset is 64, flags=0x00
12-12 12:16:34.278  8166  8166 D dalvikvm: dalvik-aux-structure mapped at 0x588b1000 with sizes 132 296 392 8
12-12 12:16:34.278  8166  8166 D dalvikvm: Good opt header, DEX offset is 64, flags=0x00
12-12 12:16:34.278  8166  8166 D dalvikvm: dalvik-aux-structure mapped at 0x58a70000 with sizes 8748 4364 7932 3996
12-12 12:16:34.278  8166  8166 D dalvikvm: Good opt header, DEX offset is 64, flags=0x00
12-12 12:16:34.278  8166  8166 D dalvikvm: dalvik-aux-structure mapped at 0x58a77000 with sizes 22496 5184 8544 1804
12-12 12:16:34.278  8166  8166 D dalvikvm: Good opt header, DEX offset is 64, flags=0x00
12-12 12:16:34.278  8166  8166 D dalvikvm: dalvik-aux-structure mapped at 0x595ec000 with sizes 56984 26392 103956 34404
12-12 12:16:34.278  8166  8166 D dalvikvm: Good opt header, DEX offset is 64, flags=0x00
12-12 12:16:34.278  8166  8166 D dalvikvm: dalvik-aux-structure mapped at 0x59807000 with sizes 9456 6512 11508 3328
12-12 12:16:34.278  8166  8166 D dalvikvm: Good opt header, DEX offset is 64, flags=0x00
12-12 12:16:34.288  8166  8166 D dalvikvm: dalvik-aux-structure mapped at 0x5997b000 with sizes 20776 3532 10520 3092
12-12 12:16:34.288  8166  8166 D dalvikvm: Good opt header, DEX offset is 64, flags=0x00
12-12 12:16:34.288  8166  8166 D dalvikvm: dalvik-aux-structure mapped at 0x58a86000 with sizes 1660 956 2388 56
12-12 12:16:34.288  8166  8166 D dalvikvm: Good opt header, DEX offset is 64, flags=0x00
12-12 12:16:34.288  8166  8166 D dalvikvm: dalvik-aux-structure mapped at 0x599e3000 with sizes 1312 504 800 184
12-12 12:16:34.288  8166  8166 D dalvikvm: Good opt header, DEX offset is 64, flags=0x00
12-12 12:16:34.288  8166  8166 D dalvikvm: dalvik-aux-structure mapped at 0x599e4000 with sizes 1704 1896 3404 216
12-12 12:16:34.288  8166  8166 D dalvikvm: Good opt header, DEX offset is 64, flags=0x00
12-12 12:16:34.288  8166  8166 D dalvikvm: dalvik-aux-structure mapped at 0x59e28000 with sizes 41708 10740 31748 2024
12-12 12:16:34.288  8166  8166 D dalvikvm: Good opt header, DEX offset is 64, flags=0x00
12-12 12:16:34.288  8166  8166 D dalvikvm: dalvik-aux-structure mapped at 0x599e9000 with sizes 13340 3572 6468 560
12-12 12:16:34.288  8166  8166 D dalvikvm: Good opt header, DEX offset is 64, flags=0x00
12-12 12:16:34.288  8166  8166 D dalvikvm: dalvik-aux-structure mapped at 0x5a06d000 with sizes 3752 5072 11996 2620
12-12 12:16:34.288  8166  8166 D dalvikvm: Good opt header, DEX offset is 64, flags=0x00
12-12 12:16:34.288  8166  8166 D dalvikvm: dalvik-aux-structure mapped at 0x599f1000 with sizes 864 112 12 8
12-12 12:16:34.288  8166  8166 D dalvikvm: Good opt header, DEX offset is 64, flags=0x00
12-12 12:16:34.288  8166  8166 D dalvikvm: dalvik-aux-structure mapped at 0x599f3000 with sizes 144 424 416 84
12-12 12:16:34.288  8166  8166 D dalvikvm: Good opt header, DEX offset is 64, flags=0x00
12-12 12:16:34.288  8166  8166 D dalvikvm: dalvik-aux-structure mapped at 0x5a086000 with sizes 8 84 20 52
12-12 12:16:34.298  8166  8166 D dalvikvm: Good opt header, DEX offset is 64, flags=0x00
12-12 12:16:34.298  8166  8166 D dalvikvm: dalvik-aux-structure mapped at 0x5a087000 with sizes 2300 1284 1900 732
12-12 12:16:34.298  8166  8166 D dalvikvm: Good opt header, DEX offset is 64, flags=0x00
12-12 12:16:34.298  8166  8166 D dalvikvm: dalvik-aux-structure mapped at 0x5a08a000 with sizes 3104 1556 4388 1468
12-12 12:16:34.298  8166  8166 D dalvikvm: Good opt header, DEX offset is 64, flags=0x00
12-12 12:16:34.298  8166  8166 D dalvikvm: dalvik-aux-structure mapped at 0x5a08e000 with sizes 2512 2028 2656 348
12-12 12:16:34.298  8166  8166 D dalvikvm: Good opt header, DEX offset is 64, flags=0x00
12-12 12:16:34.298  8166  8166 D dalvikvm: dalvik-aux-structure mapped at 0x5a091000 with sizes 244 632 480 120
12-12 12:16:34.298  8166  8166 D dalvikvm: Good opt header, DEX offset is 64, flags=0x00
12-12 12:16:34.298  8166  8166 D dalvikvm: dalvik-aux-structure mapped at 0x5a094000 with sizes 44 16 4 16
12-12 12:16:34.298  8166  8166 D dalvikvm: Good opt header, DEX offset is 64, flags=0x00
12-12 12:16:34.298  8166  8166 D dalvikvm: dalvik-aux-structure mapped at 0x5a3e5000 with sizes 17456 5180 15016 5508
12-12 12:16:34.298  8166  8166 D dalvikvm: Good opt header, DEX offset is 64, flags=0x00
12-12 12:16:34.298  8166  8166 D dalvikvm: dalvik-aux-structure mapped at 0x5a17c000 with sizes 17648 1196 1848 1084
12-12 12:16:34.298  8166  8166 D dalvikvm: Good opt header, DEX offset is 64, flags=0x00
12-12 12:16:34.298  8166  8166 D dalvikvm: dalvik-aux-structure mapped at 0x5a615000 with sizes 5448 6248 17376 5152
12-12 12:16:34.298  8166  8166 D dalvikvm: Good opt header, DEX offset is 64, flags=0x00
12-12 12:16:34.298  8166  8166 D dalvikvm: dalvik-aux-structure mapped at 0x5a182000 with sizes 92 272 204 12
12-12 12:16:34.298  8166  8166 D dalvikvm: Good opt header, DEX offset is 64, flags=0x00
12-12 12:16:34.298  8166  8166 D dalvikvm: dalvik-aux-structure mapped at 0x5a626000 with sizes 368 52 8 52
12-12 12:16:34.308  8166  8166 D dalvikvm: Good opt header, DEX offset is 64, flags=0x00
12-12 12:16:34.308  8166  8166 D dalvikvm: dalvik-aux-structure mapped at 0x5a643000 with sizes 848 488 512 692
12-12 12:16:34.308  8166  8166 D dalvikvm: Good opt header, DEX offset is 64, flags=0x00
12-12 12:16:34.308  8166  8166 D dalvikvm: dalvik-aux-structure mapped at 0x5a646000 with sizes 20 36 20 8
12-12 12:16:34.308  8166  8166 D dalvikvm: Good opt header, DEX offset is 64, flags=0x00
12-12 12:16:34.308  8166  8166 D dalvikvm: dalvik-aux-structure mapped at 0x5a64f000 with sizes 360 232 320 68
12-12 12:16:34.308  8166  8166 D dalvikvm: Good opt header, DEX offset is 64, flags=0x00
12-12 12:16:34.308  8166  8166 D dalvikvm: dalvik-aux-structure mapped at 0x5a65f000 with sizes 864 272 320 208
12-12 12:16:34.308  8166  8166 D dalvikvm: Trying to load lib libjavacore.so 0x0
12-12 12:16:34.308  8166  8166 D dalvikvm: Added shared lib libjavacore.so 0x0
12-12 12:16:34.318  8166  8166 D dalvikvm: Trying to load lib libnativehelper.so 0x0
12-12 12:16:34.318  8166  8166 D dalvikvm: Added shared lib libnativehelper.so 0x0
12-12 12:16:34.318  8166  8166 D dalvikvm: No JNI_OnLoad found in libnativehelper.so 0x0, skipping init
12-12 12:16:34.328  8166  8166 D dalvikvm: Good opt header, DEX offset is 64, flags=0x00
12-12 12:16:34.328  8166  8166 D dalvikvm: dalvik-aux-structure mapped at 0x5b8c6000 with sizes 912 344 448 12
12-12 12:16:34.348  8166  8166 D dalvikvm: Note: class Landroid/app/ActivityManagerNative; has 179 unimplemented (abstract) methods
12-12 12:16:34.498  8166  8166 D AndroidRuntime: Calling main entry com.android.commands.am.Am
12-12 12:16:34.508   926  1747 I ActivityManager: Force stopping com.example.snoopy appid=10002 user=0: from pid 8166
12-12 12:16:34.518   926   959 W Settings: Setting default_input_method has moved from android.provider.Settings.Secure to android.provider.Settings.Global.
12-12 12:16:34.768   926  1236 I ActivityManager: START u0 {xxxx} from pid 8166
12-12 12:16:34.778   926  1236 W ActivityManager: Input dispatching paused for current ActivityRecord: ActivityRecord{4259ef78 u0 com.example.snoopy/.MainActivity t4}
12-12 12:16:34.788  8166  8166 D AndroidRuntime: Shutting down VM
12-12 12:16:34.788  8188  8188 D dalvikvm: Late-enabling CheckJNI
12-12 12:16:34.788   926  1532 I ActivityManager: Start proc com.example.snoopy for activity com.example.snoopy/.MainActivity: pid=8188 uid=10002 gids={50002, 3003, 1028, 1015}
12-12 12:16:34.858   926  1344 D AmazonTransitionManager: openingActivityName = com.example.snoopy.MainActivity, animationType = ZOOM
12-12 12:16:34.948  8188  8188 D dalvikvm: Good opt header, DEX offset is 64, flags=0x00
12-12 12:16:34.948  8188  8188 D dalvikvm: dalvik-aux-structure mapped at 0x60a05000 with sizes 17256 15772 38280 8156
12-12 12:16:34.948  8188  8188 D dalvikvm: Good opt header, DEX offset is 64, flags=0x00
12-12 12:16:34.948  8188  8188 D dalvikvm: dalvik-aux-structure mapped at 0x605a1000 with sizes 752 564 744 248
12-12 12:16:34.948  8188  8188 D dalvikvm: Good opt header, DEX offset is 64, flags=0x00
12-12 12:16:34.948  8188  8188 D dalvikvm: dalvik-aux-structure mapped at 0x605a3000 with sizes 80 112 108 44
12-12 12:16:34.948  8188  8188 D ProfileManager: Create ProfileManager instance
12-12 12:16:34.968  8188  8188 I dalvikvm: Could not find method android.content.pm.PackageManager.getPackageInstaller, referenced from method com.google.android.gms.common.zzo.zzx
12-12 12:16:34.968  8188  8188 W dalvikvm: VFY: unable to resolve virtual method 4346: Landroid/content/pm/PackageManager;.getPackageInstaller ()Landroid/content/pm/PackageInstaller;
12-12 12:16:34.968  8188  8188 D dalvikvm: VFY: replacing opcode 0x6e at 0x0013
12-12 12:16:34.968  8188  8188 I dalvikvm: Could not find method android.content.Context.getNoBackupFilesDir, referenced from method com.google.android.gms.common.util.zzu.getNoBackupFilesDir
12-12 12:16:34.968  8188  8188 W dalvikvm: VFY: unable to resolve virtual method 863: Landroid/content/Context;.getNoBackupFilesDir ()Ljava/io/File;
12-12 12:16:34.968  8188  8188 D dalvikvm: VFY: replacing opcode 0x6e at 0x0006
12-12 12:16:34.978  8188  8208 W DynamiteModule: Local module descriptor class for com.google.firebase.auth not found.
12-12 12:16:34.978  8188  8188 W InstanceID/Rpc: Failed to resolve IID implementation package, falling back
12-12 12:16:34.978   926  1236 W PackageManager: com.google.android.gms is not installed for user 0
12-12 12:16:34.978   926  1740 W PackageManager: com.google.android.gsf is not installed for user 0
12-12 12:16:34.978  8188  8188 W InstanceID/Rpc: Google Play services is missing, unable to get tokens
12-12 12:16:34.978  8188  8188 D FirebaseApp: com.google.firebase.crash.FirebaseCrash is not linked. Skipping initialization.
12-12 12:16:34.988  8188  8208 I dalvikvm: Could not find method android.content.pm.PackageManager.isInstantApp, referenced from method com.google.android.gms.internal.zzbec.zzalq
12-12 12:16:34.988  8188  8208 W dalvikvm: VFY: unable to resolve virtual method 4531: Landroid/content/pm/PackageManager;.isInstantApp (Ljava/lang/String;)Z
12-12 12:16:34.988  8188  8208 D dalvikvm: VFY: replacing opcode 0x6e at 0x002d
12-12 12:16:34.988  8188  8208 W GooglePlayServicesUtil: Google Play Store is missing.
12-12 12:16:34.988  8188  8188 I FA      : App measurement is starting up, version: 11400
12-12 12:16:34.988  8188  8188 I FA      : To enable debug logging run: adb shell setprop log.tag.FA VERBOSE
12-12 12:16:34.988  8188  8188 I dalvikvm: Could not find method android.content.pm.PackageManager.isInstantApp, referenced from method com.google.android.gms.internal.zzbeb.zzcp
12-12 12:16:34.988  8188  8188 W dalvikvm: VFY: unable to resolve virtual method 4523: Landroid/content/pm/PackageManager;.isInstantApp ()Z
12-12 12:16:34.988  8188  8188 D dalvikvm: VFY: replacing opcode 0x6e at 0x0028
12-12 12:16:34.988  8188  8188 I FA      : To enable faster debug mode event logging run:
12-12 12:16:34.988  8188  8188 I FA      :   adb shell setprop debug.firebase.analytics.app com.example.snoopy
12-12 12:16:34.998  8188  8188 E dalvikvm: Could not find class 'android.app.job.JobScheduler', referenced from method com.google.android.gms.internal.zzcfr.zzazv
12-12 12:16:34.998  8188  8188 W dalvikvm: VFY: unable to resolve check-cast 64 (Landroid/app/job/JobScheduler;) in Lcom/google/android/gms/internal/zzcfr;
12-12 12:16:34.998  8188  8188 D dalvikvm: VFY: replacing opcode 0x1f at 0x000b
12-12 12:16:34.998  8188  8188 E dalvikvm: Could not find class 'android.app.job.JobScheduler', referenced from method com.google.android.gms.internal.zzcfr.zzs
12-12 12:16:34.998  8188  8188 W dalvikvm: VFY: unable to resolve check-cast 64 (Landroid/app/job/JobScheduler;) in Lcom/google/android/gms/internal/zzcfr;
12-12 12:16:34.998  8188  8188 D dalvikvm: VFY: replacing opcode 0x1f at 0x0098
12-12 12:16:34.998  8188  8188 D dalvikvm: DexOpt: unable to opt direct call 0x2262 at 0xa0 in Lcom/google/android/gms/internal/zzcfr;.zzs
12-12 12:16:34.998  8188  8188 D dalvikvm: DexOpt: unable to opt direct call 0x2265 at 0xae in Lcom/google/android/gms/internal/zzcfr;.zzs
12-12 12:16:35.008  8188  8188 I FirebaseInitProvider: FirebaseApp initialization successful
12-12 12:16:35.008  8188  8213 W dalvikvm: VFY: unable to find class referenced in signature (Landroid/app/job/JobParameters;)
12-12 12:16:35.008  8188  8188 W ResourceType: No package identifier when getting value for resource number 0x00000000
12-12 12:16:35.008  8188  8188 I Dispatch: No dispatch information file found
12-12 12:16:35.008  8188  8213 W dalvikvm: VFY: unable to find class referenced in signature (Landroid/app/job/JobParameters;)
12-12 12:16:35.008  8188  8213 W dalvikvm: VFY: unable to find class referenced in signature (Landroid/app/job/JobParameters;)
12-12 12:16:35.008  8188  8213 W dalvikvm: VFY: unable to find class referenced in signature (Landroid/app/job/JobParameters;)
12-12 12:16:35.008  8188  8213 I dalvikvm: Could not find method android.app.job.JobParameters.getExtras, referenced from method com.google.android.gms.internal.zzcfh.onStartJob
12-12 12:16:35.008  8188  8213 W dalvikvm: VFY: unable to resolve virtual method 4778: Landroid/app/job/JobParameters;.getExtras ()Landroid/os/PersistableBundle;
12-12 12:16:35.008  8188  8213 D dalvikvm: VFY: replacing opcode 0x6e at 0x000a
12-12 12:16:35.018  8188  8188 I Activity: No ActvityExender defined. Proceed with default activity behavior.
12-12 12:16:35.028  8188  8188 I dalvikvm: Could not find method android.view.Window$Callback.onProvideKeyboardShortcuts, referenced from method android.support.v7.view.WindowCallbackWrapper.onProvideKeyboardShortcuts
12-12 12:16:35.028  8188  8188 W dalvikvm: VFY: unable to resolve interface method 3283: Landroid/view/Window$Callback;.onProvideKeyboardShortcuts (Ljava/util/List;Landroid/view/Menu;I)V
12-12 12:16:35.028  8188  8188 D dalvikvm: VFY: replacing opcode 0x72 at 0x0002
12-12 12:16:35.028  8188  8188 W dalvikvm: VFY: unable to find class referenced in signature (Landroid/view/SearchEvent;)
12-12 12:16:35.028  8188  8188 I dalvikvm: Could not find method android.view.Window$Callback.onSearchRequested, referenced from method android.support.v7.view.WindowCallbackWrapper.onSearchRequested
12-12 12:16:35.028  8188  8188 W dalvikvm: VFY: unable to resolve interface method 3285: Landroid/view/Window$Callback;.onSearchRequested (Landroid/view/SearchEvent;)Z
12-12 12:16:35.028  8188  8188 D dalvikvm: VFY: replacing opcode 0x72 at 0x0002
12-12 12:16:35.028  8188  8188 I dalvikvm: Could not find method android.view.Window$Callback.onWindowStartingActionMode, referenced from method android.support.v7.view.WindowCallbackWrapper.onWindowStartingActionMode
12-12 12:16:35.028  8188  8188 W dalvikvm: VFY: unable to resolve interface method 3289: Landroid/view/Window$Callback;.onWindowStartingActionMode (Landroid/view/ActionMode$Callback;I)Landroid/view/ActionMode;
12-12 12:16:35.028  8188  8188 D dalvikvm: VFY: replacing opcode 0x72 at 0x0002
12-12 12:16:35.028  8188  8188 I dalvikvm: Could not find method android.content.res.TypedArray.getChangingConfigurations, referenced from method android.support.v7.widget.TintTypedArray.getChangingConfigurations
12-12 12:16:35.028  8188  8188 W dalvikvm: VFY: unable to resolve virtual method 3746: Landroid/content/res/TypedArray;.getChangingConfigurations ()I
12-12 12:16:35.028  8188  8188 D dalvikvm: VFY: replacing opcode 0x6e at 0x0002
12-12 12:16:35.028  8188  8188 I dalvikvm: Could not find method android.content.res.TypedArray.getType, referenced from method android.support.v7.widget.TintTypedArray.getType
12-12 12:16:35.028  8188  8188 W dalvikvm: VFY: unable to resolve virtual method 3760: Landroid/content/res/TypedArray;.getType (I)I
12-12 12:16:35.028  8188  8188 D dalvikvm: VFY: replacing opcode 0x6e at 0x0008
12-12 12:16:35.058  8188  8188 I dalvikvm: Could not find method android.widget.FrameLayout.startActionModeForChild, referenced from method android.support.v7.widget.ActionBarContainer.startActionModeForChild
12-12 12:16:35.058  8188  8188 W dalvikvm: VFY: unable to resolve virtual method 3336: Landroid/widget/FrameLayout;.startActionModeForChild (Landroid/view/View;Landroid/view/ActionMode$Callback;I)Landroid/view/ActionMode;
12-12 12:16:35.058  8188  8188 D dalvikvm: VFY: replacing opcode 0x6f at 0x0002
12-12 12:16:35.068  8188  8188 I dalvikvm: Could not find method android.content.Context.getColorStateList, referenced from method android.support.v7.content.res.AppCompatResources.getColorStateList
12-12 12:16:35.068  8188  8188 W dalvikvm: VFY: unable to resolve virtual method 865: Landroid/content/Context;.getColorStateList (I)Landroid/content/res/ColorStateList;
12-12 12:16:35.068  8188  8188 D dalvikvm: VFY: replacing opcode 0x6e at 0x0006
12-12 12:16:35.068  8188  8188 I dalvikvm: Could not find method android.content.res.Resources.getDrawable, referenced from method android.support.v7.widget.ResourcesWrapper.getDrawable
12-12 12:16:35.068  8188  8188 W dalvikvm: VFY: unable to resolve virtual method 950: Landroid/content/res/Resources;.getDrawable (ILandroid/content/res/Resources$Theme;)Landroid/graphics/drawable/Drawable;
12-12 12:16:35.068  8188  8188 D dalvikvm: VFY: replacing opcode 0x6e at 0x0002
12-12 12:16:35.068  8188  8188 I dalvikvm: Could not find method android.content.res.Resources.getDrawableForDensity, referenced from method android.support.v7.widget.ResourcesWrapper.getDrawableForDensity
12-12 12:16:35.068  8188  8188 W dalvikvm: VFY: unable to resolve virtual method 951: Landroid/content/res/Resources;.getDrawableForDensity (IILandroid/content/res/Resources$Theme;)Landroid/graphics/drawable/Drawable;
12-12 12:16:35.068  8188  8188 D dalvikvm: VFY: replacing opcode 0x6e at 0x0002
12-12 12:16:35.078  8188  8188 E dalvikvm: Could not find class 'android.graphics.drawable.RippleDrawable', referenced from method android.support.v7.widget.AppCompatImageHelper.hasOverlappingRendering
12-12 12:16:35.078  8188  8188 W dalvikvm: VFY: unable to resolve instanceof 173 (Landroid/graphics/drawable/RippleDrawable;) in Landroid/support/v7/widget/AppCompatImageHelper;
12-12 12:16:35.078  8188  8188 D dalvikvm: VFY: replacing opcode 0x20 at 0x000c
12-12 12:16:35.088  8188  8188 W ResourceType: Attempt to retrieve bag 0x0103003e which is invalid or in a cycle.
12-12 12:16:35.088  8188  8188 I Dispatch: Dispatch information file known to not exist or be corrupt. Not loading dispatch rules while trying to load : ITextViewDispatcher
12-12 12:16:35.098  8188  8188 W ResourceType: Attempt to retrieve bag 0x0103003e which is invalid or in a cycle.
12-12 12:16:35.378  8188  8188 I Adreno-EGL: <qeglDrvAPI_eglInitialize:410>: EGL 1.4 QUALCOMM build: AGARWALR_AU_LINUX_ANDROID_LNX.LA.3.5.1.2.04.04.02.052.139+PATCH[ES]_msm8974_LNX.LA.3.5.1.2__release_ENGG ()
12-12 12:16:35.378  8188  8188 I Adreno-EGL: OpenGL ES Shader Compiler Version: E031.24.00.15
12-12 12:16:35.378  8188  8188 I Adreno-EGL: Build Date: 10/10/14 Fri
12-12 12:16:35.378  8188  8188 I Adreno-EGL: Local Branch: 
12-12 12:16:35.378  8188  8188 I Adreno-EGL: Remote Branch: quic/LNX.LA.3.5.1.2_3
12-12 12:16:35.378  8188  8188 I Adreno-EGL: Local Patches: 1731ce61bba412e91e291c7a39fdde0e3e6eef32 Revert "Fix the hint for pre-rotation of 90/270."
12-12 12:16:35.378  8188  8188 I Adreno-EGL:                  08ba22c0f7083457f048a1c2f74a205e43442dc7 Fixes a pink icon artifact.
12-12 12:16:35.378  8188  8188 I Adreno-EGL: Reconstruct Branch: LOCAL_PATCH[ES]
12-12 12:16:35.408  8188  8188 D OpenGLRenderer: Enabling debug mode 0
12-12 12:16:35.438   926   937 W InputMethodManagerService: Settings not found for 'safe mode' for current user
12-12 12:16:35.438  8188  8188 I Dispatch: Dispatch information file known to not exist or be corrupt. Not loading dispatch rules while trying to load : ICanvasDispatcher
12-12 12:16:35.458   926  1450 W InputMethodManagerService: Settings not found for 'safe mode' for current user
12-12 12:16:35.518   269   969 I ExtendedUtils: AV Sync late margin : Intended=40ms Using=0ms
12-12 12:16:35.518   926   954 I ActivityManager: Displayed com.example.snoopy/.MainActivity: +734ms
12-12 12:16:35.528   261   557 D PRDrmPlugIn: PRDrmPlugin::onInitialize, uniqueId = 5285
12-12 12:16:35.528   261   557 D PRDrmPlugIn: PRDrmPlugin::onSetOnInfoListener: uniqueId = 5285
12-12 12:16:35.528   261  1953 D PRDrmPlugIn: PRDrmPlugin::onTerminate, uniqueId = 5285
12-12 12:16:35.548   269   969 D ExtendedUtils: extended extractor not needed, return default
12-12 12:16:35.548   269  8222 I AwesomePlayer: Could not offload audio decode, try pcm offload
12-12 12:16:35.548   269   969 D AwesomePlayer: Mime = audio/vorbis
12-12 12:16:35.558   269   969 D AudioPlayer: updateDolbyProcessedAudioState(processed=0, playing=1)
12-12 12:16:35.558   269  8225 D AudioPlayer: setDolbyProcessedAudioState(processed=0)
12-12 12:16:35.558   269  8222 D AudioPlayer: updateDolbyProcessedAudioState(processed=0, playing=0)
12-12 12:16:35.558   269   969 D AudioPlayer: setDolbyProcessedAudioState(processed=0)
12-12 12:16:37.768  8188  8195 I dalvikvm: Total arena pages for JIT: 11
12-12 12:16:37.768  8188  8195 I dalvikvm: Total arena pages for JIT: 12
12-12 12:16:37.768  8188  8195 I dalvikvm: Total arena pages for JIT: 13
12-12 12:16:37.768  8188  8195 I dalvikvm: Total arena pages for JIT: 14
12-12 12:16:37.788  8188  8213 W GooglePlayServicesUtil: Google Play Store is missing.
12-12 12:16:37.788  8188  8213 W FA      : Service invalid
12-12 12:16:37.808  8188  8213 I FA      : This instance being marked as an uploader
12-12 12:16:37.818   926   958 I ActivityManager: Waited long enough for: ServiceRecord{427d39c8 u0 com.amazon.venezia/com.amazon.mas.client.locker.service.appmgr.AppManagerService}
12-12 12:16:38.408   926   936 W PackageManager: com.google.android.gms is not installed for user 0
12-12 12:16:38.528  8188  8213 W FA      : Callable skipped the worker queue.
12-12 12:16:38.538  8188  8213 I FA      : Tag Manager is not found and thus will not be used
12-12 12:16:45.348  8188  8326 D CRLSetManager: getInstance binder: android.os.BinderProxy@41d8cc88
12-12 12:16:52.848   926  1096 I ActivityManager: Killing 7208:com.amazon.webapp/u0a22096 (adj 12): empty #17
12-12 12:16:59.588  7906  7906 W InteractionController: runAndwaitForEvent timedout waiting for events
12-12 12:17:00.658  7906  7906 I AccessibilityNodeInfoDumper: Skipping invisible child: android.view.accessibility.AccessibilityNodeInfo@a8db; boundsInParent: Rect(0, 0 - 0, 128); boundsInScreen: Rect(1184, 51 - 1184, 179); packageName: com.example.snoopy; className: android.support.v7.widget.LinearLayoutCompat; text: null; contentDescription: null; viewIdResName: null; checkable: false; checked: false; focusable: false; focused: false; selected: false; clickable: false; longClickable: false; enabled: true; password: false; scrollable: false; [ACTION_SELECT, ACTION_CLEAR_SELECTION, ACTION_ACCESSIBILITY_FOCUS]
12-12 12:17:00.658  7906  7906 W AccessibilityNodeInfoDumper: Fetch time: 6ms
12-12 12:17:01.208  7906  7906 I AccessibilityNodeInfoDumper: Skipping invisible child: android.view.accessibility.AccessibilityNodeInfo@a8db; boundsInParent: Rect(0, 0 - 0, 128); boundsInScreen: Rect(1184, 51 - 1184, 179); packageName: com.example.snoopy; className: android.support.v7.widget.LinearLayoutCompat; text: null; contentDescription: null; viewIdResName: null; checkable: false; checked: false; focusable: false; focused: false; selected: false; clickable: false; longClickable: false; enabled: true; password: false; scrollable: false; [ACTION_SELECT, ACTION_CLEAR_SELECTION, ACTION_ACCESSIBILITY_FOCUS]
12-12 12:17:01.208  7906  7906 W AccessibilityNodeInfoDumper: Fetch time: 6ms
12-12 12:17:02.068   926  1165 I LoggerMetricsFactoryImpl: record : No valid data points in metrics event. Program: location_manager Soruce: general
12-12 12:17:02.068   926  1165 I LoggerMetricsFactoryImpl: record : No valid data points in metrics event. Program: location_manager Soruce: network
12-12 12:17:02.068   926  1165 I LoggerMetricsFactoryImpl: record : No valid data points in metrics event. Program: location_manager Soruce: passive
12-12 12:17:02.068   926  1165 I LoggerMetricsFactoryImpl: record : No valid data points in metrics event. Program: location_manager Soruce: fused
12-12 12:17:02.068   926  1165 I LoggerMetricsFactoryImpl: record : No valid data points in metrics event. Program: location_manager Soruce: geofence
12-12 12:17:02.068   926  1165 I LoggerMetricsFactoryImpl: record : No valid data points in metrics event. Program: location_manager Soruce: gps
12-12 12:17:03.378  7906  7906 I AccessibilityNodeInfoDumper: Skipping invisible child: android.view.accessibility.AccessibilityNodeInfo@a8db; boundsInParent: Rect(0, 0 - 0, 128); boundsInScreen: Rect(1184, 51 - 1184, 179); packageName: com.example.snoopy; className: android.support.v7.widget.LinearLayoutCompat; text: null; contentDescription: null; viewIdResName: null; checkable: false; checked: false; focusable: false; focused: false; selected: false; clickable: false; longClickable: false; enabled: true; password: false; scrollable: false; [ACTION_SELECT, ACTION_CLEAR_SELECTION, ACTION_ACCESSIBILITY_FOCUS]
12-12 12:17:03.388  7906  7906 W AccessibilityNodeInfoDumper: Fetch time: 5ms
12-12 12:17:03.508  7906  7906 I QueryController: Matched selector: UiSelector[CLASS=android.widget.EditText, INSTANCE=0, PACKAGE NAME=com.example.snoopy] <<==>> [android.view.accessibility.AccessibilityNodeInfo@780e; boundsInParent: Rect(0, 0 - 676, 91); boundsInScreen: Rect(30, 209 - 706, 300); packageName: com.example.snoopy; className: android.widget.EditText; text: Enter your email; contentDescription: null; viewIdResName: com.example.snoopy:id/editTextEmail; checkable: false; checked: false; focusable: true; focused: true; selected: false; clickable: true; longClickable: true; enabled: true; password: false; scrollable: false; [ACTION_CLEAR_FOCUS, ACTION_SELECT, ACTION_CLEAR_SELECTION, ACTION_CLICK, ACTION_LONG_CLICK, ACTION_ACCESSIBILITY_FOCUS]]
12-12 12:17:03.518  7906  7906 I QueryController: Matched selector: UiSelector[CLASS=android.widget.EditText, INSTANCE=0, PACKAGE NAME=com.example.snoopy] <<==>> [android.view.accessibility.AccessibilityNodeInfo@780e; boundsInParent: Rect(0, 0 - 676, 91); boundsInScreen: Rect(30, 209 - 706, 300); packageName: com.example.snoopy; className: android.widget.EditText; text: Enter your email; contentDescription: null; viewIdResName: com.example.snoopy:id/editTextEmail; checkable: false; checked: false; focusable: true; focused: true; selected: false; clickable: true; longClickable: true; enabled: true; password: false; scrollable: false; [ACTION_CLEAR_FOCUS, ACTION_SELECT, ACTION_CLEAR_SELECTION, ACTION_CLICK, ACTION_LONG_CLICK, ACTION_ACCESSIBILITY_FOCUS]]
12-12 12:17:04.578  7906  7906 I QueryController: Matched selector: UiSelector[CLASS=android.widget.EditText, INSTANCE=0, PACKAGE NAME=com.example.snoopy] <<==>> [android.view.accessibility.AccessibilityNodeInfo@780e; boundsInParent: Rect(0, 0 - 676, 91); boundsInScreen: Rect(30, 209 - 706, 300); packageName: com.example.snoopy; className: android.widget.EditText; text: Enter your email; contentDescription: null; viewIdResName: com.example.snoopy:id/editTextEmail; checkable: false; checked: false; focusable: true; focused: true; selected: false; clickable: true; longClickable: true; enabled: true; password: false; scrollable: false; [ACTION_CLEAR_FOCUS, ACTION_SELECT, ACTION_CLEAR_SELECTION, ACTION_CLICK, ACTION_LONG_CLICK, ACTION_ACCESSIBILITY_FOCUS]]
12-12 12:17:05.828  7906  7906 I AccessibilityNodeInfoDumper: Skipping invisible child: android.view.accessibility.AccessibilityNodeInfo@a8db; boundsInParent: Rect(0, 0 - 0, 128); boundsInScreen: Rect(1184, 51 - 1184, 179); packageName: com.example.snoopy; className: android.support.v7.widget.LinearLayoutCompat; text: null; contentDescription: null; viewIdResName: null; checkable: false; checked: false; focusable: false; focused: false; selected: false; clickable: false; longClickable: false; enabled: true; password: false; scrollable: false; [ACTION_SELECT, ACTION_CLEAR_SELECTION, ACTION_ACCESSIBILITY_FOCUS]
12-12 12:17:05.828  7906  7906 W AccessibilityNodeInfoDumper: Fetch time: 4ms
12-12 12:17:07.188   926  1001 D DeviceStorageMonitorService: Sending broadcast for delta increase in free memory. Delta memory: 12181504 freeMem: 57658265600
12-12 12:17:09.098  7906  7906 I QueryController: Matched selector: UiSelector[CLASS=android.widget.EditText, INSTANCE=1, PACKAGE NAME=com.example.snoopy, COUNT=1] <<==>> [android.view.accessibility.AccessibilityNodeInfo@8351; boundsInParent: Rect(0, 0 - 676, 91); boundsInScreen: Rect(30, 360 - 706, 451); packageName: com.example.snoopy; className: android.widget.EditText; text: Enter your password; contentDescription: null; viewIdResName: com.example.snoopy:id/editTextPassword; checkable: false; checked: false; focusable: true; focused: false; selected: false; clickable: true; longClickable: true; enabled: true; password: true; scrollable: false; [ACTION_FOCUS, ACTION_SELECT, ACTION_CLEAR_SELECTION, ACTION_CLICK, ACTION_LONG_CLICK, ACTION_ACCESSIBILITY_FOCUS]]
12-12 12:17:09.138  7906  7906 I QueryController: Matched selector: UiSelector[CLASS=android.widget.EditText, INSTANCE=1, PACKAGE NAME=com.example.snoopy, COUNT=1] <<==>> [android.view.accessibility.AccessibilityNodeInfo@8351; boundsInParent: Rect(0, 0 - 676, 91); boundsInScreen: Rect(30, 360 - 706, 451); packageName: com.example.snoopy; className: android.widget.EditText; text: Enter your password; contentDescription: null; viewIdResName: com.example.snoopy:id/editTextPassword; checkable: false; checked: false; focusable: true; focused: false; selected: false; clickable: true; longClickable: true; enabled: true; password: true; scrollable: false; [ACTION_FOCUS, ACTION_SELECT, ACTION_CLEAR_SELECTION, ACTION_CLICK, ACTION_LONG_CLICK, ACTION_ACCESSIBILITY_FOCUS]]
12-12 12:17:10.238  7906  7906 I QueryController: Matched selector: UiSelector[CLASS=android.widget.EditText, INSTANCE=1, PACKAGE NAME=com.example.snoopy, COUNT=1] <<==>> [android.view.accessibility.AccessibilityNodeInfo@8351; boundsInParent: Rect(0, 0 - 676, 91); boundsInScreen: Rect(30, 360 - 706, 451); packageName: com.example.snoopy; className: android.widget.EditText; text: Enter your password; contentDescription: null; viewIdResName: com.example.snoopy:id/editTextPassword; checkable: false; checked: false; focusable: true; focused: false; selected: false; clickable: true; longClickable: true; enabled: true; password: true; scrollable: false; [ACTION_FOCUS, ACTION_SELECT, ACTION_CLEAR_SELECTION, ACTION_CLICK, ACTION_LONG_CLICK, ACTION_ACCESSIBILITY_FOCUS]]
12-12 12:17:11.438  7906  7906 I AccessibilityNodeInfoDumper: Skipping invisible child: android.view.accessibility.AccessibilityNodeInfo@a8db; boundsInParent: Rect(0, 0 - 0, 128); boundsInScreen: Rect(1184, 51 - 1184, 179); packageName: com.example.snoopy; className: android.support.v7.widget.LinearLayoutCompat; text: null; contentDescription: null; viewIdResName: null; checkable: false; checked: false; focusable: false; focused: false; selected: false; clickable: false; longClickable: false; enabled: true; password: false; scrollable: false; [ACTION_SELECT, ACTION_CLEAR_SELECTION, ACTION_ACCESSIBILITY_FOCUS]
