12-12 12:17:11.448  7906  7906 W AccessibilityNodeInfoDumper: Fetch time: 5ms
12-12 12:17:14.738  7906  7906 I QueryController: Matched selector: UiSelector[CLASS=android.widget.Button, INSTANCE=0, PACKAGE NAME=com.example.snoopy] <<==>> [android.view.accessibility.AccessibilityNodeInfo@7bcf; boundsInParent: Rect(0, 0 - 676, 96); boundsInScreen: Rect(30, 511 - 706, 607); packageName: com.example.snoopy; className: android.widget.Button; text: Register User; contentDescription: null; viewIdResName: com.example.snoopy:id/buttonRegister; checkable: false; checked: false; focusable: true; focused: false; selected: false; clickable: true; longClickable: false; enabled: true; password: false; scrollable: false; [ACTION_FOCUS, ACTION_SELECT, ACTION_CLEAR_SELECTION, ACTION_CLICK, ACTION_ACCESSIBILITY_FOCUS, ACTION_NEXT_AT_MOVEMENT_GRANULARITY, ACTION_PREVIOUS_AT_MOVEMENT_GRANULARITY, ACTION_SET_SELECTION]]
12-12 12:17:14.808  7906  7906 I QueryController: Matched selector: UiSelector[CLASS=android.widget.Button, INSTANCE=0, PACKAGE NAME=com.example.snoopy] <<==>> [android.view.accessibility.AccessibilityNodeInfo@7bcf; boundsInParent: Rect(0, 0 - 676, 96); boundsInScreen: Rect(30, 511 - 706, 607); packageName: com.example.snoopy; className: android.widget.Button; text: Register User; contentDescription: null; viewIdResName: com.example.snoopy:id/buttonRegister; checkable: false; checked: false; focusable: true; focused: false; selected: false; clickable: true; longClickable: false; enabled: true; password: false; scrollable: false; [ACTION_FOCUS, ACTION_SELECT, ACTION_CLEAR_SELECTION, ACTION_CLICK, ACTION_ACCESSIBILITY_FOCUS, ACTION_NEXT_AT_MOVEMENT_GRANULARITY, ACTION_PREVIOUS_AT_MOVEMENT_GRANULARITY, ACTION_SET_SELECTION]]
12-12 12:17:15.878  7906  7906 I QueryController: Matched selector: UiSelector[CLASS=android.widget.Button, INSTANCE=0, PACKAGE NAME=com.example.snoopy] <<==>> [android.view.accessibility.AccessibilityNodeInfo@7bcf; boundsInParent: Rect(0, 0 - 676, 96); boundsInScreen: Rect(30, 511 - 706, 607); packageName: com.example.snoopy; className: android.widget.Button; text: Register User; contentDescription: null; viewIdResName: com.example.snoopy:id/buttonRegister; checkable: false; checked: false; focusable: true; focused: false; selected: false; clickable: true; longClickable: false; enabled: true; password: false; scrollable: false; [ACTION_FOCUS, ACTION_SELECT, ACTION_CLEAR_SELECTION, ACTION_CLICK, ACTION_ACCESSIBILITY_FOCUS, ACTION_NEXT_AT_MOVEMENT_GRANULARITY, ACTION_PREVIOUS_AT_MOVEMENT_GRANULARITY, ACTION_SET_SELECTION]]
12-12 12:17:15.888  7906  7906 D InteractionController: clickAndSync(368, 559)
12-12 12:17:16.028  8188  8188 W ResourceType: Attempt to retrieve bag 0x0103003e which is invalid or in a cycle.
12-12 12:17:16.108  8188  8208 W DynamiteModule: Local module descriptor class for com.google.firebase.auth not found.
12-12 12:17:16.108  8188  8208 W GooglePlayServicesUtil: Google Play Store is missing.
12-12 12:17:16.188   926  1740 W InputMethodManagerService: Window already focused, ignoring focus gain of: com.android.internal.view.IInputMethodClient$Stub$Proxy@423dfce0 attribute=null, token = android.os.BinderProxy@4256d4b0
12-12 12:17:18.998  7906  7906 W InteractionController: runAndwaitForEvent timedout waiting for events
12-12 12:17:20.328  7906  7906 I AccessibilityNodeInfoDumper: Skipping invisible child: android.view.accessibility.AccessibilityNodeInfo@a8db; boundsInParent: Rect(0, 0 - 0, 128); boundsInScreen: Rect(1184, 51 - 1184, 179); packageName: com.example.snoopy; className: android.support.v7.widget.LinearLayoutCompat; text: null; contentDescription: null; viewIdResName: null; checkable: false; checked: false; focusable: false; focused: false; selected: false; clickable: false; longClickable: false; enabled: true; password: false; scrollable: false; [ACTION_SELECT, ACTION_CLEAR_SELECTION, ACTION_ACCESSIBILITY_FOCUS]
12-12 12:17:20.328  7906  7906 W AccessibilityNodeInfoDumper: Fetch time: 5ms
12-12 12:17:20.518  7906  7906 I QueryController: Matched selector: UiSelector[CLASS=android.widget.TextView, INSTANCE=1, PACKAGE NAME=com.example.snoopy, COUNT=1] <<==>> [android.view.accessibility.AccessibilityNodeInfo@8712; boundsInParent: Rect(0, 0 - 736, 38); boundsInScreen: Rect(0, 637 - 736, 675); packageName: com.example.snoopy; className: android.widget.TextView; text: Already Registered? Login Now; contentDescription: null; viewIdResName: com.example.snoopy:id/textViewSignin; checkable: false; checked: false; focusable: false; focused: false; selected: false; clickable: true; longClickable: false; enabled: true; password: false; scrollable: false; [ACTION_SELECT, ACTION_CLEAR_SELECTION, ACTION_CLICK, ACTION_ACCESSIBILITY_FOCUS, ACTION_NEXT_AT_MOVEMENT_GRANULARITY, ACTION_PREVIOUS_AT_MOVEMENT_GRANULARITY, ACTION_SET_SELECTION]]
12-12 12:17:20.528  7906  7906 I QueryController: Matched selector: UiSelector[CLASS=android.widget.TextView, INSTANCE=1, PACKAGE NAME=com.example.snoopy, COUNT=1] <<==>> [android.view.accessibility.AccessibilityNodeInfo@8712; boundsInParent: Rect(0, 0 - 736, 38); boundsInScreen: Rect(0, 637 - 736, 675); packageName: com.example.snoopy; className: android.widget.TextView; text: Already Registered? Login Now; contentDescription: null; viewIdResName: com.example.snoopy:id/textViewSignin; checkable: false; checked: false; focusable: false; focused: false; selected: false; clickable: true; longClickable: false; enabled: true; password: false; scrollable: false; [ACTION_SELECT, ACTION_CLEAR_SELECTION, ACTION_CLICK, ACTION_ACCESSIBILITY_FOCUS, ACTION_NEXT_AT_MOVEMENT_GRANULARITY, ACTION_PREVIOUS_AT_MOVEMENT_GRANULARITY, ACTION_SET_SELECTION]]
12-12 12:17:21.298   926   958 W ProcessCpuTracker: Skipping unknown process pid 8952
12-12 12:17:21.298   926   958 W ProcessCpuTracker: Skipping unknown process pid 8953
12-12 12:17:21.298   926   958 W ProcessCpuTracker: Skipping unknown process pid 8955
12-12 12:17:21.298   926   958 W ProcessCpuTracker: Skipping unknown process pid 8956
12-12 12:17:21.618  7906  7906 I QueryController: Matched selector: UiSelector[CLASS=android.widget.TextView, INSTANCE=1, PACKAGE NAME=com.example.snoopy, COUNT=1] <<==>> [android.view.accessibility.AccessibilityNodeInfo@8712; boundsInParent: Rect(0, 0 - 736, 38); boundsInScreen: Rect(0, 637 - 736, 675); packageName: com.example.snoopy; className: android.widget.TextView; text: Already Registered? Login Now; contentDescription: null; viewIdResName: com.example.snoopy:id/textViewSignin; checkable: false; checked: false; focusable: false; focused: false; selected: false; clickable: true; longClickable: false; enabled: true; password: false; scrollable: false; [ACTION_SELECT, ACTION_CLEAR_SELECTION, ACTION_CLICK, ACTION_ACCESSIBILITY_FOCUS, ACTION_NEXT_AT_MOVEMENT_GRANULARITY, ACTION_PREVIOUS_AT_MOVEMENT_GRANULARITY, ACTION_SET_SELECTION]]
12-12 12:17:21.628  7906  7906 D InteractionController: clickAndSync(368, 656)
12-12 12:17:21.748   926  1096 I ActivityManager: START u0 {xxxx} from pid 8188
12-12 12:17:21.748   926  1096 W ActivityManager: Input dispatching paused for current ActivityRecord: ActivityRecord{42499608 u0 com.example.snoopy/.LoginActivity t4}
12-12 12:17:21.798   926  1539 D AmazonTransitionManager: openingActivityName = com.example.snoopy.LoginActivity, animationType = Activity open/close (tablet:FADE phone:SLIDE)
12-12 12:17:21.808  8188  8188 I Activity: No ActvityExender defined. Proceed with default activity behavior.
12-12 12:17:21.818  8188  8188 W ResourceType: Attempt to retrieve bag 0x0103003e which is invalid or in a cycle.
12-12 12:17:21.818  8188  8188 W ResourceType: Attempt to retrieve bag 0x0103003e which is invalid or in a cycle.
12-12 12:17:21.928   926  1746 W InputMethodManagerService: Settings not found for 'safe mode' for current user
12-12 12:17:21.958   926  1213 W PackageManager: com.google.android.gms is not installed for user 0
12-12 12:17:21.978   926   954 I ActivityManager: Displayed com.example.snoopy/.LoginActivity: +179ms
12-12 12:17:25.898  7906  7906 W InteractionController: runAndwaitForEvent timedout waiting for events
12-12 12:17:26.938  7906  7906 I AccessibilityNodeInfoDumper: Skipping invisible child: android.view.accessibility.AccessibilityNodeInfo@f7b6; boundsInParent: Rect(0, 0 - 0, 128); boundsInScreen: Rect(1184, 51 - 1184, 179); packageName: com.example.snoopy; className: android.support.v7.widget.LinearLayoutCompat; text: null; contentDescription: null; viewIdResName: null; checkable: false; checked: false; focusable: false; focused: false; selected: false; clickable: false; longClickable: false; enabled: true; password: false; scrollable: false; [ACTION_SELECT, ACTION_CLEAR_SELECTION, ACTION_ACCESSIBILITY_FOCUS]
12-12 12:17:26.948  7906  7906 W AccessibilityNodeInfoDumper: Fetch time: 18ms
12-12 12:17:27.438  7906  7906 I QueryController: Matched selector: UiSelector[CLASS=android.widget.EditText, INSTANCE=0, PACKAGE NAME=com.example.snoopy] <<==>> [android.view.accessibility.AccessibilityNodeInfo@c6e9; boundsInParent: Rect(0, 0 - 676, 91); boundsInScreen: Rect(30, 263 - 706, 354); packageName: com.example.snoopy; className: android.widget.EditText; text: Enter your email; contentDescription: null; viewIdResName: com.example.snoopy:id/editTextEmail; checkable: false; checked: false; focusable: true; focused: true; selected: false; clickable: true; longClickable: true; enabled: true; password: false; scrollable: false; [ACTION_CLEAR_FOCUS, ACTION_SELECT, ACTION_CLEAR_SELECTION, ACTION_CLICK, ACTION_LONG_CLICK, ACTION_ACCESSIBILITY_FOCUS]]
12-12 12:17:27.448  7906  7906 I QueryController: Matched selector: UiSelector[CLASS=android.widget.EditText, INSTANCE=0, PACKAGE NAME=com.example.snoopy] <<==>> [android.view.accessibility.AccessibilityNodeInfo@c6e9; boundsInParent: Rect(0, 0 - 676, 91); boundsInScreen: Rect(30, 263 - 706, 354); packageName: com.example.snoopy; className: android.widget.EditText; text: Enter your email; contentDescription: null; viewIdResName: com.example.snoopy:id/editTextEmail; checkable: false; checked: false; focusable: true; focused: true; selected: false; clickable: true; longClickable: true; enabled: true; password: false; scrollable: false; [ACTION_CLEAR_FOCUS, ACTION_SELECT, ACTION_CLEAR_SELECTION, ACTION_CLICK, ACTION_LONG_CLICK, ACTION_ACCESSIBILITY_FOCUS]]
12-12 12:17:28.578  7906  7906 I QueryController: Matched selector: UiSelector[CLASS=android.widget.EditText, INSTANCE=0, PACKAGE NAME=com.example.snoopy] <<==>> [android.view.accessibility.AccessibilityNodeInfo@c6e9; boundsInParent: Rect(0, 0 - 676, 91); boundsInScreen: Rect(30, 263 - 706, 354); packageName: com.example.snoopy; className: android.widget.EditText; text: Enter your email; contentDescription: null; viewIdResName: com.example.snoopy:id/editTextEmail; checkable: false; checked: false; focusable: true; focused: true; selected: false; clickable: true; longClickable: true; enabled: true; password: false; scrollable: false; [ACTION_CLEAR_FOCUS, ACTION_SELECT, ACTION_CLEAR_SELECTION, ACTION_CLICK, ACTION_LONG_CLICK, ACTION_ACCESSIBILITY_FOCUS]]
12-12 12:17:29.098   926  1214 W InputMethodManagerService: Settings not found for 'safe mode' for current user
12-12 12:17:29.098   926  1214 W InputMethodManagerService: Settings not found for 'safe mode' for current user
12-12 12:17:31.708  7906  7906 W InteractionController: runAndwaitForEvent timedout waiting for events
12-12 12:17:32.748  7906  7906 I AccessibilityNodeInfoDumper: Skipping invisible child: android.view.accessibility.AccessibilityNodeInfo@f7b6; boundsInParent: Rect(0, 0 - 0, 128); boundsInScreen: Rect(1184, 51 - 1184, 179); packageName: com.example.snoopy; className: android.support.v7.widget.LinearLayoutCompat; text: null; contentDescription: null; viewIdResName: null; checkable: false; checked: false; focusable: false; focused: false; selected: false; clickable: false; longClickable: false; enabled: true; password: false; scrollable: false; [ACTION_SELECT, ACTION_CLEAR_SELECTION, ACTION_ACCESSIBILITY_FOCUS]
12-12 12:17:32.748  7906  7906 W AccessibilityNodeInfoDumper: Fetch time: 11ms
12-12 12:17:35.968  7906  7906 I QueryController: Matched selector: UiSelector[CLASS=android.widget.EditText, INSTANCE=1, PACKAGE NAME=com.example.snoopy, COUNT=1] <<==>> [android.view.accessibility.AccessibilityNodeInfo@caaa; boundsInParent: Rect(0, 0 - 676, 91); boundsInScreen: Rect(30, 414 - 706, 505); packageName: com.example.snoopy; className: android.widget.EditText; text: Enter your password; contentDescription: null; viewIdResName: com.example.snoopy:id/editTextPassword; checkable: false; checked: false; focusable: true; focused: false; selected: false; clickable: true; longClickable: true; enabled: true; password: true; scrollable: false; [ACTION_FOCUS, ACTION_SELECT, ACTION_CLEAR_SELECTION, ACTION_CLICK, ACTION_LONG_CLICK, ACTION_ACCESSIBILITY_FOCUS]]
12-12 12:17:36.018  7906  7906 I QueryController: Matched selector: UiSelector[CLASS=android.widget.EditText, INSTANCE=1, PACKAGE NAME=com.example.snoopy, COUNT=1] <<==>> [android.view.accessibility.AccessibilityNodeInfo@caaa; boundsInParent: Rect(0, 0 - 676, 91); boundsInScreen: Rect(30, 414 - 706, 505); packageName: com.example.snoopy; className: android.widget.EditText; text: Enter your password; contentDescription: null; viewIdResName: com.example.snoopy:id/editTextPassword; checkable: false; checked: false; focusable: true; focused: false; selected: false; clickable: true; longClickable: true; enabled: true; password: true; scrollable: false; [ACTION_FOCUS, ACTION_SELECT, ACTION_CLEAR_SELECTION, ACTION_CLICK, ACTION_LONG_CLICK, ACTION_ACCESSIBILITY_FOCUS]]
12-12 12:17:37.128  7906  7906 I QueryController: Matched selector: UiSelector[CLASS=android.widget.EditText, INSTANCE=1, PACKAGE NAME=com.example.snoopy, COUNT=1] <<==>> [android.view.accessibility.AccessibilityNodeInfo@caaa; boundsInParent: Rect(0, 0 - 676, 91); boundsInScreen: Rect(30, 414 - 706, 505); packageName: com.example.snoopy; className: android.widget.EditText; text: Enter your password; contentDescription: null; viewIdResName: com.example.snoopy:id/editTextPassword; checkable: false; checked: false; focusable: true; focused: false; selected: false; clickable: true; longClickable: true; enabled: true; password: true; scrollable: false; [ACTION_FOCUS, ACTION_SELECT, ACTION_CLEAR_SELECTION, ACTION_CLICK, ACTION_LONG_CLICK, ACTION_ACCESSIBILITY_FOCUS]]
12-12 12:17:37.648   926  1741 W InputMethodManagerService: Settings not found for 'safe mode' for current user
12-12 12:17:37.658   926  1741 W InputMethodManagerService: Settings not found for 'safe mode' for current user
12-12 12:17:37.658   926   976 V BatteryDrain: sending alarm Alarm{427bb4d0 type 0 com.nuance.swype.input}
12-12 12:17:40.308  7906  7906 W InteractionController: runAndwaitForEvent timedout waiting for events
12-12 12:17:41.318  7906  7906 I AccessibilityNodeInfoDumper: Skipping invisible child: android.view.accessibility.AccessibilityNodeInfo@f7b6; boundsInParent: Rect(0, 0 - 0, 128); boundsInScreen: Rect(1184, 51 - 1184, 179); packageName: com.example.snoopy; className: android.support.v7.widget.LinearLayoutCompat; text: null; contentDescription: null; viewIdResName: null; checkable: false; checked: false; focusable: false; focused: false; selected: false; clickable: false; longClickable: false; enabled: true; password: false; scrollable: false; [ACTION_SELECT, ACTION_CLEAR_SELECTION, ACTION_ACCESSIBILITY_FOCUS]
12-12 12:17:41.318  7906  7906 W AccessibilityNodeInfoDumper: Fetch time: 5ms
12-12 12:17:44.528  7906  7906 I QueryController: Matched selector: UiSelector[CLASS=android.widget.Button, INSTANCE=0, PACKAGE NAME=com.example.snoopy] <<==>> [android.view.accessibility.AccessibilityNodeInfo@d5ed; boundsInParent: Rect(0, 0 - 676, 96); boundsInScreen: Rect(30, 565 - 706, 661); packageName: com.example.snoopy; className: android.widget.Button; text: SIGN IN; contentDescription: null; viewIdResName: com.example.snoopy:id/buttonSignin; checkable: false; checked: false; focusable: true; focused: false; selected: false; clickable: true; longClickable: false; enabled: true; password: false; scrollable: false; [ACTION_FOCUS, ACTION_SELECT, ACTION_CLEAR_SELECTION, ACTION_CLICK, ACTION_ACCESSIBILITY_FOCUS, ACTION_NEXT_AT_MOVEMENT_GRANULARITY, ACTION_PREVIOUS_AT_MOVEMENT_GRANULARITY, ACTION_SET_SELECTION]]
12-12 12:17:44.588  7906  7906 I QueryController: Matched selector: UiSelector[CLASS=android.widget.Button, INSTANCE=0, PACKAGE NAME=com.example.snoopy] <<==>> [android.view.accessibility.AccessibilityNodeInfo@d5ed; boundsInParent: Rect(0, 0 - 676, 96); boundsInScreen: Rect(30, 565 - 706, 661); packageName: com.example.snoopy; className: android.widget.Button; text: SIGN IN; contentDescription: null; viewIdResName: com.example.snoopy:id/buttonSignin; checkable: false; checked: false; focusable: true; focused: false; selected: false; clickable: true; longClickable: false; enabled: true; password: false; scrollable: false; [ACTION_FOCUS, ACTION_SELECT, ACTION_CLEAR_SELECTION, ACTION_CLICK, ACTION_ACCESSIBILITY_FOCUS, ACTION_NEXT_AT_MOVEMENT_GRANULARITY, ACTION_PREVIOUS_AT_MOVEMENT_GRANULARITY, ACTION_SET_SELECTION]]
12-12 12:17:45.688  7906  7906 I QueryController: Matched selector: UiSelector[CLASS=android.widget.Button, INSTANCE=0, PACKAGE NAME=com.example.snoopy] <<==>> [android.view.accessibility.AccessibilityNodeInfo@d5ed; boundsInParent: Rect(0, 0 - 676, 96); boundsInScreen: Rect(30, 565 - 706, 661); packageName: com.example.snoopy; className: android.widget.Button; text: SIGN IN; contentDescription: null; viewIdResName: com.example.snoopy:id/buttonSignin; checkable: false; checked: false; focusable: true; focused: false; selected: false; clickable: true; longClickable: false; enabled: true; password: false; scrollable: false; [ACTION_FOCUS, ACTION_SELECT, ACTION_CLEAR_SELECTION, ACTION_CLICK, ACTION_ACCESSIBILITY_FOCUS, ACTION_NEXT_AT_MOVEMENT_GRANULARITY, ACTION_PREVIOUS_AT_MOVEMENT_GRANULARITY, ACTION_SET_SELECTION]]
12-12 12:17:45.688  7906  7906 D InteractionController: clickAndSync(368, 613)
12-12 12:17:45.878  8188  8188 W ResourceType: Attempt to retrieve bag 0x0103003e which is invalid or in a cycle.
12-12 12:17:45.918  8188  8208 W DynamiteModule: Local module descriptor class for com.google.firebase.auth not found.
12-12 12:17:45.918  8188  8208 W GooglePlayServicesUtil: Google Play Store is missing.
12-12 12:17:45.968   926  1344 W InputMethodManagerService: Window already focused, ignoring focus gain of: com.android.internal.view.IInputMethodClient$Stub$Proxy@42362740 attribute=null, token = android.os.BinderProxy@424e3f78
12-12 12:17:48.798  7906  7906 W InteractionController: runAndwaitForEvent timedout waiting for events
12-12 12:17:50.098  7906  7906 I AccessibilityNodeInfoDumper: Skipping invisible child: android.view.accessibility.AccessibilityNodeInfo@f7b6; boundsInParent: Rect(0, 0 - 0, 128); boundsInScreen: Rect(1184, 51 - 1184, 179); packageName: com.example.snoopy; className: android.support.v7.widget.LinearLayoutCompat; text: null; contentDescription: null; viewIdResName: null; checkable: false; checked: false; focusable: false; focused: false; selected: false; clickable: false; longClickable: false; enabled: true; password: false; scrollable: false; [ACTION_SELECT, ACTION_CLEAR_SELECTION, ACTION_ACCESSIBILITY_FOCUS]
12-12 12:17:50.108  7906  7906 W AccessibilityNodeInfoDumper: Fetch time: 9ms
12-12 12:17:50.258  7906  7906 I QueryController: Matched selector: UiSelector[CLASS=android.widget.TextView, INSTANCE=2, PACKAGE NAME=com.example.snoopy, COUNT=2] <<==>> [android.view.accessibility.AccessibilityNodeInfo@d9ae; boundsInParent: Rect(0, 0 - 736, 38); boundsInScreen: Rect(0, 691 - 736, 729); packageName: com.example.snoopy; className: android.widget.TextView; text: CREATE ACCOUNT; contentDescription: null; viewIdResName: com.example.snoopy:id/textViewSignup; checkable: false; checked: false; focusable: false; focused: false; selected: false; clickable: true; longClickable: false; enabled: true; password: false; scrollable: false; [ACTION_SELECT, ACTION_CLEAR_SELECTION, ACTION_CLICK, ACTION_ACCESSIBILITY_FOCUS, ACTION_NEXT_AT_MOVEMENT_GRANULARITY, ACTION_PREVIOUS_AT_MOVEMENT_GRANULARITY, ACTION_SET_SELECTION]]
12-12 12:17:50.258  7906  7906 I QueryController: Matched selector: UiSelector[CLASS=android.widget.TextView, INSTANCE=2, PACKAGE NAME=com.example.snoopy, COUNT=2] <<==>> [android.view.accessibility.AccessibilityNodeInfo@d9ae; boundsInParent: Rect(0, 0 - 736, 38); boundsInScreen: Rect(0, 691 - 736, 729); packageName: com.example.snoopy; className: android.widget.TextView; text: CREATE ACCOUNT; contentDescription: null; viewIdResName: com.example.snoopy:id/textViewSignup; checkable: false; checked: false; focusable: false; focused: false; selected: false; clickable: true; longClickable: false; enabled: true; password: false; scrollable: false; [ACTION_SELECT, ACTION_CLEAR_SELECTION, ACTION_CLICK, ACTION_ACCESSIBILITY_FOCUS, ACTION_NEXT_AT_MOVEMENT_GRANULARITY, ACTION_PREVIOUS_AT_MOVEMENT_GRANULARITY, ACTION_SET_SELECTION]]
12-12 12:17:51.348  7906  7906 I QueryController: Matched selector: UiSelector[CLASS=android.widget.TextView, INSTANCE=2, PACKAGE NAME=com.example.snoopy, COUNT=2] <<==>> [android.view.accessibility.AccessibilityNodeInfo@d9ae; boundsInParent: Rect(0, 0 - 736, 38); boundsInScreen: Rect(0, 691 - 736, 729); packageName: com.example.snoopy; className: android.widget.TextView; text: CREATE ACCOUNT; contentDescription: null; viewIdResName: com.example.snoopy:id/textViewSignup; checkable: false; checked: false; focusable: false; focused: false; selected: false; clickable: true; longClickable: false; enabled: true; password: false; scrollable: false; [ACTION_SELECT, ACTION_CLEAR_SELECTION, ACTION_CLICK, ACTION_ACCESSIBILITY_FOCUS, ACTION_NEXT_AT_MOVEMENT_GRANULARITY, ACTION_PREVIOUS_AT_MOVEMENT_GRANULARITY, ACTION_SET_SELECTION]]
12-12 12:17:51.348  7906  7906 D InteractionController: clickAndSync(368, 710)
12-12 12:17:51.468   926  1004 I ActivityManager: Next activity is on the same task, skipping moveHomeToTop()
12-12 12:17:51.468   926  1746 I ActivityManager: START u0 {xxxx} from pid 8188
12-12 12:17:51.468   926  1746 W ActivityManager: startActivity called from finishing ActivityRecord{42499608 u0 com.example.snoopy/.LoginActivity t4 f}; forcing Intent.FLAG_ACTIVITY_NEW_TASK for: Intent { cmp=com.example.snoopy/.MainActivity }
12-12 12:17:51.468   926  1746 W ActivityManager: Input dispatching paused for current ActivityRecord: ActivityRecord{4256dc88 u0 com.example.snoopy/.MainActivity t4}
12-12 12:17:51.498   926  1214 D AmazonTransitionManager: openingActivityName = com.example.snoopy.MainActivity, animationType = Activity open/close (tablet:FADE phone:SLIDE)
12-12 12:17:51.528  8188  8188 I Activity: No ActvityExender defined. Proceed with default activity behavior.
12-12 12:17:51.558  8188  8188 W ResourceType: Attempt to retrieve bag 0x0103003e which is invalid or in a cycle.
12-12 12:17:51.578  8188  8188 W ResourceType: Attempt to retrieve bag 0x0103003e which is invalid or in a cycle.
12-12 12:17:51.648   926  1746 W InputMethodManagerService: Settings not found for 'safe mode' for current user
12-12 12:17:51.668   926  1747 W PackageManager: com.google.android.gms is not installed for user 0
12-12 12:17:51.688   926   954 I ActivityManager: Displayed com.example.snoopy/.MainActivity: +194ms
12-12 12:17:55.708  7906  7906 W InteractionController: runAndwaitForEvent timedout waiting for events
12-12 12:17:56.728  7906  7906 I AccessibilityNodeInfoDumper: Skipping invisible child: android.view.accessibility.AccessibilityNodeInfo@13789; boundsInParent: Rect(0, 0 - 0, 128); boundsInScreen: Rect(1184, 51 - 1184, 179); packageName: com.example.snoopy; className: android.support.v7.widget.LinearLayoutCompat; text: null; contentDescription: null; viewIdResName: null; checkable: false; checked: false; focusable: false; focused: false; selected: false; clickable: false; longClickable: false; enabled: true; password: false; scrollable: false; [ACTION_SELECT, ACTION_CLEAR_SELECTION, ACTION_ACCESSIBILITY_FOCUS]
12-12 12:17:56.728  7906  7906 W AccessibilityNodeInfoDumper: Fetch time: 8ms
12-12 12:17:56.988  9646  9646 D AndroidRuntime: 
12-12 12:17:56.988  9646  9646 D AndroidRuntime: >>>>>> AndroidRuntime START com.android.internal.os.RuntimeInit <<<<<<
12-12 12:17:56.988  9646  9646 D AndroidRuntime: CheckJNI is OFF
12-12 12:17:56.998  9646  9646 D dalvikvm: Good opt header, DEX offset is 64, flags=0x00
12-12 12:17:56.998  9646  9646 D dalvikvm: dalvik-aux-structure mapped at 0x41df3000 with sizes 17456 9068 22916 7820
12-12 12:17:56.998  9646  9646 D dalvikvm: Good opt header, DEX offset is 64, flags=0x00
12-12 12:17:56.998  9646  9646 D dalvikvm: dalvik-aux-structure mapped at 0x41e01000 with sizes 3488 1968 3700 1000
12-12 12:17:56.998  9646  9646 D dalvikvm: Good opt header, DEX offset is 64, flags=0x00
12-12 12:17:56.998  9646  9646 D dalvikvm: dalvik-aux-structure mapped at 0x41e05000 with sizes 1212 1216 2416 256
12-12 12:17:56.998  9646  9646 D dalvikvm: Good opt header, DEX offset is 64, flags=0x00
12-12 12:17:56.998  9646  9646 D dalvikvm: dalvik-aux-structure mapped at 0x41e0c000 with sizes 132 296 392 8
12-12 12:17:56.998  9646  9646 D dalvikvm: Good opt header, DEX offset is 64, flags=0x00
12-12 12:17:56.998  9646  9646 D dalvikvm: dalvik-aux-structure mapped at 0x41eb1000 with sizes 8748 4364 7932 3996
12-12 12:17:56.998  9646  9646 D dalvikvm: Good opt header, DEX offset is 64, flags=0x00
12-12 12:17:56.998  9646  9646 D dalvikvm: dalvik-aux-structure mapped at 0x41eb8000 with sizes 22496 5184 8544 1804
12-12 12:17:56.998  9646  9646 D dalvikvm: Good opt header, DEX offset is 64, flags=0x00
12-12 12:17:56.998  9646  9646 D dalvikvm: dalvik-aux-structure mapped at 0x41edc000 with sizes 56984 26392 103956 34404
12-12 12:17:56.998  9646  9646 D dalvikvm: Good opt header, DEX offset is 64, flags=0x00
12-12 12:17:56.998  9646  9646 D dalvikvm: dalvik-aux-structure mapped at 0x41f13000 with sizes 9456 6512 11508 3328
12-12 12:17:56.998  9646  9646 D dalvikvm: Good opt header, DEX offset is 64, flags=0x00
12-12 12:17:56.998  9646  9646 D dalvikvm: dalvik-aux-structure mapped at 0x41f1b000 with sizes 20776 3532 10520 3092
12-12 12:17:56.998  9646  9646 D dalvikvm: Good opt header, DEX offset is 64, flags=0x00
12-12 12:17:56.998  9646  9646 D dalvikvm: dalvik-aux-structure mapped at 0x41ec7000 with sizes 1660 956 2388 56
12-12 12:17:56.998  9646  9646 D dalvikvm: Good opt header, DEX offset is 64, flags=0x00
12-12 12:17:56.998  9646  9646 D dalvikvm: dalvik-aux-structure mapped at 0x41f83000 with sizes 1312 504 800 184
12-12 12:17:56.998  9646  9646 D dalvikvm: Good opt header, DEX offset is 64, flags=0x00
12-12 12:17:56.998  9646  9646 D dalvikvm: dalvik-aux-structure mapped at 0x41f84000 with sizes 1704 1896 3404 216
12-12 12:17:56.998  9646  9646 D dalvikvm: Good opt header, DEX offset is 64, flags=0x00
12-12 12:17:56.998  9646  9646 D dalvikvm: dalvik-aux-structure mapped at 0x41f96000 with sizes 41708 10740 31748 2024
12-12 12:17:56.998  9646  9646 D dalvikvm: Good opt header, DEX offset is 64, flags=0x00
12-12 12:17:56.998  9646  9646 D dalvikvm: dalvik-aux-structure mapped at 0x41f89000 with sizes 13340 3572 6468 560
12-12 12:17:56.998  9646  9646 D dalvikvm: Good opt header, DEX offset is 64, flags=0x00
12-12 12:17:56.998  9646  9646 D dalvikvm: dalvik-aux-structure mapped at 0x41fac000 with sizes 3752 5072 11996 2620
12-12 12:17:56.998  9646  9646 D dalvikvm: Good opt header, DEX offset is 64, flags=0x00
12-12 12:17:56.998  9646  9646 D dalvikvm: dalvik-aux-structure mapped at 0x41f91000 with sizes 864 112 12 8
12-12 12:17:56.998  9646  9646 D dalvikvm: Good opt header, DEX offset is 64, flags=0x00
12-12 12:17:56.998  9646  9646 D dalvikvm: dalvik-aux-structure mapped at 0x41f93000 with sizes 144 424 416 84
12-12 12:17:56.998  9646  9646 D dalvikvm: Good opt header, DEX offset is 64, flags=0x00
12-12 12:17:56.998  9646  9646 D dalvikvm: dalvik-aux-structure mapped at 0x41fbc000 with sizes 8 84 20 52
12-12 12:17:57.008  9646  9646 D dalvikvm: Good opt header, DEX offset is 64, flags=0x00
12-12 12:17:57.008  9646  9646 D dalvikvm: dalvik-aux-structure mapped at 0x5a06d000 with sizes 2300 1284 1900 732
12-12 12:17:57.008  9646  9646 D dalvikvm: Good opt header, DEX offset is 64, flags=0x00
12-12 12:17:57.008  9646  9646 D dalvikvm: dalvik-aux-structure mapped at 0x5a070000 with sizes 3104 1556 4388 1468
12-12 12:17:57.008  9646  9646 D dalvikvm: Good opt header, DEX offset is 64, flags=0x00
12-12 12:17:57.008  9646  9646 D dalvikvm: dalvik-aux-structure mapped at 0x5a074000 with sizes 2512 2028 2656 348
12-12 12:17:57.008  9646  9646 D dalvikvm: Good opt header, DEX offset is 64, flags=0x00
12-12 12:17:57.008  9646  9646 D dalvikvm: dalvik-aux-structure mapped at 0x5a077000 with sizes 244 632 480 120
12-12 12:17:57.008  9646  9646 D dalvikvm: Good opt header, DEX offset is 64, flags=0x00
12-12 12:17:57.008  9646  9646 D dalvikvm: dalvik-aux-structure mapped at 0x5a07a000 with sizes 44 16 4 16
12-12 12:17:57.008  9646  9646 D dalvikvm: Good opt header, DEX offset is 64, flags=0x00
12-12 12:17:57.008  9646  9646 D dalvikvm: dalvik-aux-structure mapped at 0x5a3cb000 with sizes 17456 5180 15016 5508
12-12 12:17:57.008  9646  9646 D dalvikvm: Good opt header, DEX offset is 64, flags=0x00
12-12 12:17:57.008  9646  9646 D dalvikvm: dalvik-aux-structure mapped at 0x5a162000 with sizes 17648 1196 1848 1084
12-12 12:17:57.008  9646  9646 D dalvikvm: Good opt header, DEX offset is 64, flags=0x00
12-12 12:17:57.008  9646  9646 D dalvikvm: dalvik-aux-structure mapped at 0x5a5fb000 with sizes 5448 6248 17376 5152
12-12 12:17:57.008  9646  9646 D dalvikvm: Good opt header, DEX offset is 64, flags=0x00
12-12 12:17:57.008  9646  9646 D dalvikvm: dalvik-aux-structure mapped at 0x5a168000 with sizes 92 272 204 12
12-12 12:17:57.008  9646  9646 D dalvikvm: Good opt header, DEX offset is 64, flags=0x00
12-12 12:17:57.008  9646  9646 D dalvikvm: dalvik-aux-structure mapped at 0x5a60c000 with sizes 368 52 8 52
12-12 12:17:57.008  9646  9646 D dalvikvm: Good opt header, DEX offset is 64, flags=0x00
12-12 12:17:57.008  9646  9646 D dalvikvm: dalvik-aux-structure mapped at 0x5a629000 with sizes 848 488 512 692
12-12 12:17:57.008  9646  9646 D dalvikvm: Good opt header, DEX offset is 64, flags=0x00
12-12 12:17:57.008  9646  9646 D dalvikvm: dalvik-aux-structure mapped at 0x5a62c000 with sizes 20 36 20 8
12-12 12:17:57.008  9646  9646 D dalvikvm: Good opt header, DEX offset is 64, flags=0x00
12-12 12:17:57.008  9646  9646 D dalvikvm: dalvik-aux-structure mapped at 0x5a635000 with sizes 360 232 320 68
12-12 12:17:57.008  9646  9646 D dalvikvm: Good opt header, DEX offset is 64, flags=0x00
12-12 12:17:57.008  9646  9646 D dalvikvm: dalvik-aux-structure mapped at 0x5a645000 with sizes 864 272 320 208
12-12 12:17:57.018  9646  9646 D dalvikvm: Trying to load lib libjavacore.so 0x0
12-12 12:17:57.018  9646  9646 D dalvikvm: Added shared lib libjavacore.so 0x0
12-12 12:17:57.018  9646  9646 D dalvikvm: Trying to load lib libnativehelper.so 0x0
12-12 12:17:57.018  9646  9646 D dalvikvm: Added shared lib libnativehelper.so 0x0
12-12 12:17:57.018  9646  9646 D dalvikvm: No JNI_OnLoad found in libnativehelper.so 0x0, skipping init
12-12 12:17:57.028  9646  9646 D dalvikvm: Good opt header, DEX offset is 64, flags=0x00
12-12 12:17:57.028  9646  9646 D dalvikvm: dalvik-aux-structure mapped at 0x5b8ac000 with sizes 912 344 448 12
12-12 12:17:57.048  9646  9646 D dalvikvm: Note: class Landroid/app/ActivityManagerNative; has 179 unimplemented (abstract) methods
12-12 12:17:57.188  9646  9646 D AndroidRuntime: Calling main entry com.android.commands.am.Am
12-12 12:17:57.188   926   936 I ActivityManager: Force stopping com.example.snoopy appid=10002 user=0: from pid 9646
12-12 12:17:57.188   926   936 I ActivityManager: Killing 8188:com.example.snoopy/u0a2 (adj 0): stop com.example.snoopy
12-12 12:17:57.188   926   936 W ActivityManager: Force removing ActivityRecord{4256dc88 u0 com.example.snoopy/.MainActivity t4}: app died, no saved state
12-12 12:17:57.198   926   936 I ActivityManager:   Force finishing activity ActivityRecord{4259ef78 u0 com.example.snoopy/.MainActivity t4}
12-12 12:17:57.208   926   936 W WindowManager: Rebuild removed 3 windows but added 2
12-12 12:17:57.208   926   936 W WindowManager: java.lang.RuntimeException: here
12-12 12:17:57.208   926   936 W WindowManager: 	at com.android.server.wm.WindowManagerService.rebuildAppWindowListLocked(WindowManagerService.java:8899)
12-12 12:17:57.208   926   936 W WindowManager: 	at com.android.server.wm.WindowManagerService.rebuildAppWindowListLocked(WindowManagerService.java:8835)
12-12 12:17:57.208   926   936 W WindowManager: 	at com.android.server.wm.WindowManagerService.handleAppTransitionReadyLocked(WindowManagerService.java:9330)
12-12 12:17:57.208   926   936 W WindowManager: 	at com.android.server.wm.WindowManagerService.performLayoutAndPlaceSurfacesLockedInner(WindowManagerService.java:10138)
12-12 12:17:57.208   926   936 W WindowManager: 	at com.android.server.wm.WindowManagerService.performLayoutAndPlaceSurfacesLockedLoop(WindowManagerService.java:9051)
12-12 12:17:57.208   926   936 W WindowManager: 	at com.android.server.wm.WindowManagerService.performLayoutAndPlaceSurfacesLocked(WindowManagerService.java:8993)
12-12 12:17:57.208   926   936 W WindowManager: 	at com.android.server.wm.WindowManagerService.executeAppTransition(WindowManagerService.java:4583)
12-12 12:17:57.208   926   936 W WindowManager: 	at com.android.server.am.ActivityStackSupervisor.reportResumedActivityLocked(ActivityStackSupervisor.java:2421)
12-12 12:17:57.208   926   936 W WindowManager: 	at com.android.server.am.ActivityStack.completeResumeLocked(ActivityStack.java:1115)
12-12 12:17:57.208   926   936 W WindowManager: 	at com.android.server.am.ActivityStack.resumeTopActivityLocked(ActivityStack.java:1827)
12-12 12:17:57.208   926   936 W WindowManager: 	at com.android.server.am.ActivityStackSupervisor.resumeTopActivitiesLocked(ActivityStackSupervisor.java:2186)
12-12 12:17:57.208   926   936 W WindowManager: 	at com.android.server.am.ActivityStackSupervisor.resumeHomeActivity(ActivityStackSupervisor.java:311)
12-12 12:17:57.208   926   936 W WindowManager: 	at com.android.server.am.ActivityStack.resumeTopActivityLocked(ActivityStack.java:1446)
12-12 12:17:57.208   926   936 W WindowManager: 	at com.android.server.am.ActivityStack.resumeTopActivityLocked(ActivityStack.java:1421)
12-12 12:17:57.208   926   936 W WindowManager: 	at com.android.server.am.ActivityStack.finishCurrentActivityLocked(ActivityStack.java:2768)
12-12 12:17:57.208   926   936 W WindowManager: 	at com.android.server.am.ActivityStack.finishActivityLocked(ActivityStack.java:2701)
12-12 12:17:57.208   926   936 W WindowManager: 	at com.android.server.am.ActivityStack.forceStopPackageLocked(ActivityStack.java:3650)
12-12 12:17:57.208   926   936 W WindowManager: 	at com.android.server.am.ActivityStackSupervisor.forceStopPackageLocked(ActivityStackSupervisor.java:2134)
12-12 12:17:57.208   926   936 W WindowManager: 	at com.android.server.am.ActivityManagerService.forceStopPackageLocked(ActivityManagerService.java:5246)
12-12 12:17:57.208   926   936 W WindowManager: 	at com.android.server.am.ActivityManagerService.forceStopPackageLocked(ActivityManagerService.java:5087)
12-12 12:17:57.208   926   936 W WindowManager: 	at com.android.server.am.ActivityManagerService.forceStopPackage(ActivityManagerService.java:4914)
12-12 12:17:57.208   926   936 W WindowManager: 	at android.app.ActivityManagerNative.onTransact(ActivityManagerNative.java:1364)
12-12 12:17:57.208   926   936 W WindowManager: 	at com.android.server.am.ActivityManagerService.onTransact(ActivityManagerService.java:2293)
12-12 12:17:57.208   926   936 W WindowManager: 	at android.os.Binder.execTransact(Binder.java:404)
12-12 12:17:57.208   926   936 W WindowManager: 	at dalvik.system.NativeStart.run(Native Method)
12-12 12:17:57.208   926   936 W WindowManager: This window was lost: Window{426fe520 u0 com.example.snoopy/com.example.snoopy.MainActivity}
12-12 12:17:57.208   926   936 W WindowManager: mAttrs.type=1
12-12 12:17:57.208   926   936 W WindowManager: attachedWindow=nullmTouchableRegion=SkRegion((0,0,1200,1803))mDisplayId=0 mSession=Session{425be310 8188:u0a10002} mClient=android.os.BinderProxy@42670410
12-12 12:17:57.208   926   936 W WindowManager: mOwnerUid=10002 mShowToOwnerOnly=true package=com.example.snoopy appop=NONE
12-12 12:17:57.208   926   936 W WindowManager: mAttrs=WM.LayoutParams{(0,0)(fillxfill) sim=#120 ty=1 fl=#1810100 pfl=0x8 wanim=0x10302a1}
12-12 12:17:57.208   926   936 W WindowManager: Requested w=1200 h=1920 mLayoutSeq=135
12-12 12:17:57.208   926   936 W WindowManager: mBaseLayer=21000 mSubLayer=0 mAnimLayer=21010+0=21010 mLastLayer=21010
12-12 12:17:57.208   926   936 W WindowManager: mToken=AppWindowToken{42397dd8 token=Token{4256ddf0 ActivityRecord{4256dc88 u0 com.example.snoopy/.MainActivity t4}}}
12-12 12:17:57.208   926   936 W WindowManager: mRootToken=AppWindowToken{42397dd8 token=Token{4256ddf0 ActivityRecord{4256dc88 u0 com.example.snoopy/.MainActivity t4}}}
12-12 12:17:57.208   926   936 W WindowManager: mAppToken=AppWindowToken{42397dd8 token=Token{4256ddf0 ActivityRecord{4256dc88 u0 com.example.snoopy/.MainActivity t4}}}
12-12 12:17:57.208   926   936 W WindowManager: mViewVisibility=0x0 mHaveFrame=true mObscured=false
12-12 12:17:57.208   926   936 W WindowManager: mSeq=0 mSystemUiVisibility=0x0
12-12 12:17:57.208   926   936 W WindowManager: mGivenContentInsets=[0,0][0,0] mGivenVisibleInsets=[0,0][0,0]
12-12 12:17:57.208   926   936 W WindowManager: mConfiguration={1.0 ?mcc?mnc en_US ldltr sw600dp w600dp h934dp 320dpi lrg port rot_0 finger -keyb/v/h -nav/h s.4}
12-12 12:17:57.208   926   936 W WindowManager: mHasSurface=true mShownFrame=[0.0,0.0][1200.0,1803.0] isReadyForDisplay()=false
12-12 12:17:57.208   926   936 W WindowManager: mFrame=[0,0][1200,1803] last=[0,0][1200,1803]
12-12 12:17:57.208   926   936 W WindowManager: mSystemDecorRect=[0,51][1200,1803] last=[0,51][1200,1803]
12-12 12:17:57.208   926   936 W WindowManager: Frames: containing=[0,0][1200,1803] parent=[0,0][1200,1803]
12-12 12:17:57.208   926   936 W WindowManager:     display=[0,0][1200,1803] overscan=[0,0][1200,1920]
12-12 12:17:57.208   926   936 W WindowManager:     content=[0,51][1200,1803] visible=[0,51][1200,1803]
12-12 12:17:57.208   926   936 W WindowManager:     decor=[0,51][1200,1803]
12-12 12:17:57.208   926   936 W WindowManager: Cur insets: overscan=[0,0][0,0] content=[0,51][0,0] visible=[0,51][0,0]
12-12 12:17:57.208   926   936 W WindowManager: Lst insets: overscan=[0,0][0,0] content=[0,51][0,0] visible=[0,51][0,0]
12-12 12:17:57.208   926   936 W WindowManager: WindowStateAnimator{427da470 com.example.snoopy/com.example.snoopy.MainActivity}:
12-12 12:17:57.208   926   936 W WindowManager:   mSurface=Surface(name=com.example.snoopy/com.example.snoopy.MainActivity)
12-12 12:17:57.208   926   936 W WindowManager:   mDrawState=HAS_DRAWN mLastHidden=false
12-12 12:17:57.208   926   936 W WindowManager:   Surface: shown=true layer=21010 alpha=1.0 rect=(0.0,0.0) 1200.0 x 1803.0
12-12 12:17:57.208   926   980 W InputDispatcher: channel '427f6518 com.example.snoopy/com.example.snoopy.MainActivity (server)' ~ Consumer closed input channel or an error occurred.  events=0x9
12-12 12:17:57.208   926   980 E InputDispatcher: channel '427f6518 com.example.snoopy/com.example.snoopy.MainActivity (server)' ~ Channel is unrecoverably broken and will be disposed!
12-12 12:17:57.208   926   980 W InputDispatcher: channel '426fe520 com.example.snoopy/com.example.snoopy.MainActivity (server)' ~ Consumer closed input channel or an error occurred.  events=0x9
12-12 12:17:57.208   926   980 E InputDispatcher: channel '426fe520 com.example.snoopy/com.example.snoopy.MainActivity (server)' ~ Channel is unrecoverably broken and will be disposed!
12-12 12:17:57.208   926   936 W WindowManager: Current app token list:
12-12 12:17:57.208   926   936 V WindowManager:   Display 0
12-12 12:17:57.208   926   936 V WindowManager:   #1: Token{422a19b8 ActivityRecord{422a1608 u0 com.amazon.kindle.otter/.Launcher t1}}
12-12 12:17:57.208   926   936 V WindowManager:   #0: Token{4259f0e0 ActivityRecord{4259ef78 u0 com.example.snoopy/.MainActivity t4 f}}
12-12 12:17:57.208   926   936 W WindowManager: Final window list:
12-12 12:17:57.208   926   936 V WindowManager:   #0: Window{422712f8 u0 NavigationBar}
12-12 12:17:57.208   926   936 V WindowManager:   #1: Window{42269bd8 u0 StatusBar}
12-12 12:17:57.208   926   936 V WindowManager:   #2: Window{423a7538 u0 Keyguard}
12-12 12:17:57.208   926   936 V WindowManager:   #3: Window{422de980 u0 KeyguardScrim}
12-12 12:17:57.208   926   936 V WindowManager:   #4: Window{4252b478 u0 InputMethod}
12-12 12:17:57.208   926   936 V WindowManager:   #5: Window{422951a8 u0 com.amazon.kindle.otter/com.amazon.kindle.otter.Launcher}
12-12 12:17:57.208   926   936 V WindowManager:   #6: Window{427f6518 u0 com.example.snoopy/com.example.snoopy.MainActivity}
12-12 12:17:57.218   926  1004 W InputDispatcher: Attempted to unregister already unregistered input channel '427f6518 com.example.snoopy/com.example.snoopy.MainActivity (server)'
12-12 12:17:57.218   926  1740 W InputDispatcher: Attempted to unregister already unregistered input channel '426fe520 com.example.snoopy/com.example.snoopy.MainActivity (server)'
12-12 12:17:57.218   926   936 D AmazonTransitionManager: openingActivityName = com.amazon.kindle.otter.Launcher, animationType = HOME
12-12 12:17:57.218   926  1004 I WindowState: WIN DEATH: Window{427f6518 u0 com.example.snoopy/com.example.snoopy.MainActivity}
12-12 12:17:57.218   926  1740 I WindowState: WIN DEATH: Window{426fe520 u0 com.example.snoopy/com.example.snoopy.MainActivity}
12-12 12:17:57.228  9646  9646 D AndroidRuntime: Shutting down VM
12-12 12:17:57.238   926   959 W Settings: Setting default_input_method has moved from android.provider.Settings.Secure to android.provider.Settings.Global.
12-12 12:17:57.288   926  1745 W InputMethodManagerService: Got RemoteException sending setActive(false) notification to pid 8188 uid 10002
12-12 12:17:57.478   926   963 W Settings: Setting default_input_method has moved from android.provider.Settings.Secure to android.provider.Settings.Global.
12-12 12:17:59.058  9688  9688 D AndroidRuntime: 
12-12 12:17:59.058  9688  9688 D AndroidRuntime: >>>>>> AndroidRuntime START com.android.internal.os.RuntimeInit <<<<<<
12-12 12:17:59.058  9688  9688 D AndroidRuntime: CheckJNI is OFF
12-12 12:17:59.068  9688  9688 D dalvikvm: Good opt header, DEX offset is 64, flags=0x00
12-12 12:17:59.068  9688  9688 D dalvikvm: dalvik-aux-structure mapped at 0x588f0000 with sizes 17456 9068 22916 7820
12-12 12:17:59.068  9688  9688 D dalvikvm: Good opt header, DEX offset is 64, flags=0x00
12-12 12:17:59.068  9688  9688 D dalvikvm: dalvik-aux-structure mapped at 0x588fe000 with sizes 3488 1968 3700 1000
12-12 12:17:59.068  9688  9688 D dalvikvm: Good opt header, DEX offset is 64, flags=0x00
12-12 12:17:59.068  9688  9688 D dalvikvm: dalvik-aux-structure mapped at 0x58902000 with sizes 1212 1216 2416 256
12-12 12:17:59.068  9688  9688 D dalvikvm: Good opt header, DEX offset is 64, flags=0x00
12-12 12:17:59.068  9688  9688 D dalvikvm: dalvik-aux-structure mapped at 0x58909000 with sizes 132 296 392 8
12-12 12:17:59.068  9688  9688 D dalvikvm: Good opt header, DEX offset is 64, flags=0x00
12-12 12:17:59.068  9688  9688 D dalvikvm: dalvik-aux-structure mapped at 0x58ac8000 with sizes 8748 4364 7932 3996
12-12 12:17:59.068  9688  9688 D dalvikvm: Good opt header, DEX offset is 64, flags=0x00
12-12 12:17:59.068  9688  9688 D dalvikvm: dalvik-aux-structure mapped at 0x58acf000 with sizes 22496 5184 8544 1804
12-12 12:17:59.068  9688  9688 D dalvikvm: Good opt header, DEX offset is 64, flags=0x00
12-12 12:17:59.068  9688  9688 D dalvikvm: dalvik-aux-structure mapped at 0x59644000 with sizes 56984 26392 103956 34404
12-12 12:17:59.068  9688  9688 D dalvikvm: Good opt header, DEX offset is 64, flags=0x00
12-12 12:17:59.068  9688  9688 D dalvikvm: dalvik-aux-structure mapped at 0x5985f000 with sizes 9456 6512 11508 3328
12-12 12:17:59.068  9688  9688 D dalvikvm: Good opt header, DEX offset is 64, flags=0x00
12-12 12:17:59.068  9688  9688 D dalvikvm: dalvik-aux-structure mapped at 0x599d3000 with sizes 20776 3532 10520 3092
12-12 12:17:59.068  9688  9688 D dalvikvm: Good opt header, DEX offset is 64, flags=0x00
12-12 12:17:59.068  9688  9688 D dalvikvm: dalvik-aux-structure mapped at 0x58ade000 with sizes 1660 956 2388 56
12-12 12:17:59.068  9688  9688 D dalvikvm: Good opt header, DEX offset is 64, flags=0x00
12-12 12:17:59.068  9688  9688 D dalvikvm: dalvik-aux-structure mapped at 0x59a3b000 with sizes 1312 504 800 184
12-12 12:17:59.068  9688  9688 D dalvikvm: Good opt header, DEX offset is 64, flags=0x00
12-12 12:17:59.068  9688  9688 D dalvikvm: dalvik-aux-structure mapped at 0x59a3c000 with sizes 1704 1896 3404 216
12-12 12:17:59.068  9688  9688 D dalvikvm: Good opt header, DEX offset is 64, flags=0x00
12-12 12:17:59.068  9688  9688 D dalvikvm: dalvik-aux-structure mapped at 0x59e80000 with sizes 41708 10740 31748 2024
12-12 12:17:59.068  9688  9688 D dalvikvm: Good opt header, DEX offset is 64, flags=0x00
12-12 12:17:59.068  9688  9688 D dalvikvm: dalvik-aux-structure mapped at 0x59a41000 with sizes 13340 3572 6468 560
12-12 12:17:59.068  9688  9688 D dalvikvm: Good opt header, DEX offset is 64, flags=0x00
12-12 12:17:59.068  9688  9688 D dalvikvm: dalvik-aux-structure mapped at 0x5a0c5000 with sizes 3752 5072 11996 2620
12-12 12:17:59.068  9688  9688 D dalvikvm: Good opt header, DEX offset is 64, flags=0x00
12-12 12:17:59.068  9688  9688 D dalvikvm: dalvik-aux-structure mapped at 0x59a49000 with sizes 864 112 12 8
12-12 12:17:59.068  9688  9688 D dalvikvm: Good opt header, DEX offset is 64, flags=0x00
12-12 12:17:59.068  9688  9688 D dalvikvm: dalvik-aux-structure mapped at 0x59a4b000 with sizes 144 424 416 84
12-12 12:17:59.068  9688  9688 D dalvikvm: Good opt header, DEX offset is 64, flags=0x00
12-12 12:17:59.068  9688  9688 D dalvikvm: dalvik-aux-structure mapped at 0x5a0de000 with sizes 8 84 20 52
12-12 12:17:59.078  9688  9688 D dalvikvm: Good opt header, DEX offset is 64, flags=0x00
12-12 12:17:59.078  9688  9688 D dalvikvm: dalvik-aux-structure mapped at 0x5a0df000 with sizes 2300 1284 1900 732
12-12 12:17:59.078  9688  9688 D dalvikvm: Good opt header, DEX offset is 64, flags=0x00
12-12 12:17:59.078  9688  9688 D dalvikvm: dalvik-aux-structure mapped at 0x5a0e2000 with sizes 3104 1556 4388 1468
12-12 12:17:59.078  9688  9688 D dalvikvm: Good opt header, DEX offset is 64, flags=0x00
12-12 12:17:59.078  9688  9688 D dalvikvm: dalvik-aux-structure mapped at 0x5a0e6000 with sizes 2512 2028 2656 348
12-12 12:17:59.078  9688  9688 D dalvikvm: Good opt header, DEX offset is 64, flags=0x00
12-12 12:17:59.078  9688  9688 D dalvikvm: dalvik-aux-structure mapped at 0x5a0e9000 with sizes 244 632 480 120
12-12 12:17:59.078  9688  9688 D dalvikvm: Good opt header, DEX offset is 64, flags=0x00
12-12 12:17:59.078  9688  9688 D dalvikvm: dalvik-aux-structure mapped at 0x5a0ec000 with sizes 44 16 4 16
12-12 12:17:59.078  9688  9688 D dalvikvm: Good opt header, DEX offset is 64, flags=0x00
12-12 12:17:59.078  9688  9688 D dalvikvm: dalvik-aux-structure mapped at 0x5a43d000 with sizes 17456 5180 15016 5508
12-12 12:17:59.078  9688  9688 D dalvikvm: Good opt header, DEX offset is 64, flags=0x00
12-12 12:17:59.078  9688  9688 D dalvikvm: dalvik-aux-structure mapped at 0x5a1d4000 with sizes 17648 1196 1848 1084
12-12 12:17:59.078  9688  9688 D dalvikvm: Good opt header, DEX offset is 64, flags=0x00
12-12 12:17:59.078  9688  9688 D dalvikvm: dalvik-aux-structure mapped at 0x5a66d000 with sizes 5448 6248 17376 5152
12-12 12:17:59.078  9688  9688 D dalvikvm: Good opt header, DEX offset is 64, flags=0x00
12-12 12:17:59.078  9688  9688 D dalvikvm: dalvik-aux-structure mapped at 0x5a1da000 with sizes 92 272 204 12
12-12 12:17:59.078  9688  9688 D dalvikvm: Good opt header, DEX offset is 64, flags=0x00
12-12 12:17:59.078  9688  9688 D dalvikvm: dalvik-aux-structure mapped at 0x5a67e000 with sizes 368 52 8 52
12-12 12:17:59.078  9688  9688 D dalvikvm: Good opt header, DEX offset is 64, flags=0x00
12-12 12:17:59.078  9688  9688 D dalvikvm: dalvik-aux-structure mapped at 0x5a69b000 with sizes 848 488 512 692
12-12 12:17:59.078  9688  9688 D dalvikvm: Good opt header, DEX offset is 64, flags=0x00
12-12 12:17:59.078  9688  9688 D dalvikvm: dalvik-aux-structure mapped at 0x5a69e000 with sizes 20 36 20 8
12-12 12:17:59.078  9688  9688 D dalvikvm: Good opt header, DEX offset is 64, flags=0x00
12-12 12:17:59.078  9688  9688 D dalvikvm: dalvik-aux-structure mapped at 0x5a6a7000 with sizes 360 232 320 68
12-12 12:17:59.078  9688  9688 D dalvikvm: Good opt header, DEX offset is 64, flags=0x00
12-12 12:17:59.078  9688  9688 D dalvikvm: dalvik-aux-structure mapped at 0x5a6b7000 with sizes 864 272 320 208
12-12 12:17:59.088  9688  9688 D dalvikvm: Trying to load lib libjavacore.so 0x0
12-12 12:17:59.088  9688  9688 D dalvikvm: Added shared lib libjavacore.so 0x0
12-12 12:17:59.088  9688  9688 D dalvikvm: Trying to load lib libnativehelper.so 0x0
12-12 12:17:59.088  9688  9688 D dalvikvm: Added shared lib libnativehelper.so 0x0
12-12 12:17:59.088  9688  9688 D dalvikvm: No JNI_OnLoad found in libnativehelper.so 0x0, skipping init
12-12 12:17:59.098  9688  9688 D dalvikvm: Good opt header, DEX offset is 64, flags=0x00
