12-12 12:20:01.697   319 22987 V AudioPlayer: buffer->size() = 4096, mPositionTimeMediaUs=0.68 mPositionTimeRealUs=0.49
12-12 12:20:01.697   319 22987 V AudioCache: write(0xb803a7d8, 4096)
12-12 12:20:01.697   319 22987 V AudioCache: memcpy(0xb3722000, 0xb803a7d8, 4096)
12-12 12:20:01.697 22968 22968 D UEI.SmartControl: Extracting JNI libs...
12-12 12:20:01.697 22968 22968 D UEI.SmartControl: QS Libs size = 262388
12-12 12:20:01.697   990  1001 D ActivityManager: resumeTopActivityLocked: Top activity resumed ActivityRecord{41ea4de8 u0 com.lge.launcher2/.Launcher t1}
12-12 12:20:01.707   319 22987 V AudioPlayer: buffer->size() = 4096, mPositionTimeMediaUs=0.68 mPositionTimeRealUs=0.51
12-12 12:20:01.707   319 22987 V AudioCache: write(0xb803a7d8, 4096)
12-12 12:20:01.707   319 22987 V AudioCache: memcpy(0xb3723000, 0xb803a7d8, 4096)
12-12 12:20:01.707   319 22987 V AudioPlayer: buffer->size() = 4096, mPositionTimeMediaUs=0.68 mPositionTimeRealUs=0.53
12-12 12:20:01.707   319 22987 V AudioCache: write(0xb803a7d8, 4096)
12-12 12:20:01.707   319 22987 V AudioCache: memcpy(0xb3724000, 0xb803a7d8, 4096)
12-12 12:20:01.707   319 22987 V AudioPlayer: buffer->size() = 4096, mPositionTimeMediaUs=0.68 mPositionTimeRealUs=0.55
12-12 12:20:01.707   319 22987 V AudioCache: write(0xb803a7d8, 4096)
12-12 12:20:01.707   319 22987 V AudioCache: memcpy(0xb3725000, 0xb803a7d8, 4096)
12-12 12:20:01.707   319 22987 V AudioPlayer: buffer->size() = 4096, mPositionTimeMediaUs=0.68 mPositionTimeRealUs=0.57
12-12 12:20:01.707   319 22987 V AudioCache: write(0xb803a7d8, 4096)
12-12 12:20:01.707   319 22987 V AudioCache: memcpy(0xb3726000, 0xb803a7d8, 4096)
12-12 12:20:01.707   319 22987 V AudioPlayer: buffer->size() = 4096, mPositionTimeMediaUs=0.68 mPositionTimeRealUs=0.60
12-12 12:20:01.707   319 22987 V AudioCache: write(0xb803a7d8, 4096)
12-12 12:20:01.707   319 22987 V AudioCache: memcpy(0xb3727000, 0xb803a7d8, 4096)
12-12 12:20:01.707   319 22987 V AudioPlayer: buffer->size() = 4096, mPositionTimeMediaUs=0.68 mPositionTimeRealUs=0.62
12-12 12:20:01.707   319 22987 V AudioCache: write(0xb803a7d8, 4096)
12-12 12:20:01.707   319 22987 V AudioCache: memcpy(0xb3728000, 0xb803a7d8, 4096)
12-12 12:20:01.707   319 22987 V AudioPlayer: buffer->size() = 4096, mPositionTimeMediaUs=0.68 mPositionTimeRealUs=0.64
12-12 12:20:01.707   319 22987 V AudioCache: write(0xb803a7d8, 4096)
12-12 12:20:01.707   319 22987 V AudioCache: memcpy(0xb3729000, 0xb803a7d8, 4096)
12-12 12:20:01.707   319 22987 V AudioPlayer: buffer->size() = 4096, mPositionTimeMediaUs=0.68 mPositionTimeRealUs=0.66
12-12 12:20:01.707   319 22987 V AudioCache: write(0xb803a7d8, 4096)
12-12 12:20:01.707   319 22987 V AudioCache: memcpy(0xb372a000, 0xb803a7d8, 4096)
12-12 12:20:01.707   319 22987 V AudioPlayer: buffer->size() = 4096, mPositionTimeMediaUs=0.68 mPositionTimeRealUs=0.68
12-12 12:20:01.707   319 22987 V AudioCache: write(0xb803a7d8, 4096)
12-12 12:20:01.707   319 22987 V AudioCache: memcpy(0xb372b000, 0xb803a7d8, 4096)
12-12 12:20:01.707   319 22987 V AudioPlayer: buffer->size() = 4096, mPositionTimeMediaUs=1.00 mPositionTimeRealUs=0.70
12-12 12:20:01.707   319 22987 V AudioCache: write(0xb803a7d8, 4096)
12-12 12:20:01.707   319 22987 V AudioCache: memcpy(0xb372c000, 0xb803a7d8, 4096)
12-12 12:20:01.707   319 22987 V AudioPlayer: buffer->size() = 4096, mPositionTimeMediaUs=1.00 mPositionTimeRealUs=0.72
12-12 12:20:01.707   319 22987 V AudioCache: write(0xb803a7d8, 4096)
12-12 12:20:01.707   319 22987 V AudioCache: memcpy(0xb372d000, 0xb803a7d8, 4096)
12-12 12:20:01.707   319 22987 V AudioPlayer: buffer->size() = 4096, mPositionTimeMediaUs=1.00 mPositionTimeRealUs=0.75
12-12 12:20:01.707   319 22987 V AudioCache: write(0xb803a7d8, 4096)
12-12 12:20:01.707   319 22987 V AudioCache: memcpy(0xb372e000, 0xb803a7d8, 4096)
12-12 12:20:01.707   319 22987 V AudioPlayer: buffer->size() = 4096, mPositionTimeMediaUs=1.00 mPositionTimeRealUs=0.77
12-12 12:20:01.707   319 22987 V AudioCache: write(0xb803a7d8, 4096)
12-12 12:20:01.707   319 22987 V AudioCache: memcpy(0xb372f000, 0xb803a7d8, 4096)
12-12 12:20:01.707   319 22987 V AudioPlayer: buffer->size() = 4096, mPositionTimeMediaUs=1.00 mPositionTimeRealUs=0.79
12-12 12:20:01.707   319 22987 V AudioCache: write(0xb803a7d8, 4096)
12-12 12:20:01.707   319 22987 V AudioCache: memcpy(0xb3730000, 0xb803a7d8, 4096)
12-12 12:20:01.707   319 22987 V AudioPlayer: buffer->size() = 4096, mPositionTimeMediaUs=1.00 mPositionTimeRealUs=0.81
12-12 12:20:01.707   319 22987 V AudioCache: write(0xb803a7d8, 4096)
12-12 12:20:01.707   319 22987 V AudioCache: memcpy(0xb3731000, 0xb803a7d8, 4096)
12-12 12:20:01.707   319 22987 V AudioPlayer: buffer->size() = 4096, mPositionTimeMediaUs=1.00 mPositionTimeRealUs=0.83
12-12 12:20:01.707   319 22987 V AudioCache: write(0xb803a7d8, 4096)
12-12 12:20:01.707   319 22987 V AudioCache: memcpy(0xb3732000, 0xb803a7d8, 4096)
12-12 12:20:01.707   319 22987 V AudioPlayer: buffer->size() = 4096, mPositionTimeMediaUs=1.00 mPositionTimeRealUs=0.85
12-12 12:20:01.707   319 22987 V AudioCache: write(0xb803a7d8, 4096)
12-12 12:20:01.707   319 22987 V AudioCache: memcpy(0xb3733000, 0xb803a7d8, 4096)
12-12 12:20:01.717   319 22987 V AudioPlayer: buffer->size() = 4096, mPositionTimeMediaUs=1.00 mPositionTimeRealUs=0.87
12-12 12:20:01.717   319 22987 V AudioCache: write(0xb803a7d8, 4096)
12-12 12:20:01.717   319 22987 V AudioCache: memcpy(0xb3734000, 0xb803a7d8, 4096)
12-12 12:20:01.717   319 22987 V AudioPlayer: buffer->size() = 4096, mPositionTimeMediaUs=1.00 mPositionTimeRealUs=0.89
12-12 12:20:01.717   319 22987 V AudioCache: write(0xb803a7d8, 4096)
12-12 12:20:01.717   319 22987 V AudioCache: memcpy(0xb3735000, 0xb803a7d8, 4096)
12-12 12:20:01.717   319 22987 V AudioPlayer: buffer->size() = 4096, mPositionTimeMediaUs=1.00 mPositionTimeRealUs=0.92
12-12 12:20:01.717   319 22987 V AudioCache: write(0xb803a7d8, 4096)
12-12 12:20:01.717   319 22987 V AudioCache: memcpy(0xb3736000, 0xb803a7d8, 4096)
12-12 12:20:01.717   319 22987 V AudioPlayer: buffer->size() = 4096, mPositionTimeMediaUs=1.00 mPositionTimeRealUs=0.94
12-12 12:20:01.717   319 22987 V AudioCache: write(0xb803a7d8, 4096)
12-12 12:20:01.717   319 22987 V AudioCache: memcpy(0xb3737000, 0xb803a7d8, 4096)
12-12 12:20:01.717   319 22987 V AudioPlayer: buffer->size() = 4096, mPositionTimeMediaUs=1.00 mPositionTimeRealUs=0.96
12-12 12:20:01.717   319 22987 V AudioCache: write(0xb803a7d8, 4096)
12-12 12:20:01.717   319 22987 V AudioCache: memcpy(0xb3738000, 0xb803a7d8, 4096)
12-12 12:20:01.717   319 22987 V AudioPlayer: buffer->size() = 4096, mPositionTimeMediaUs=1.00 mPositionTimeRealUs=0.98
12-12 12:20:01.717   319 22987 V AudioCache: write(0xb803a7d8, 4096)
12-12 12:20:01.717   319 22987 V AudioCache: memcpy(0xb3739000, 0xb803a7d8, 4096)
12-12 12:20:01.717   319 22987 V AudioPlayer: buffer->size() = 4096, mPositionTimeMediaUs=1.00 mPositionTimeRealUs=1.00
12-12 12:20:01.717   319 22987 V AudioCache: write(0xb803a7d8, 4096)
12-12 12:20:01.717   319 22987 V AudioCache: memcpy(0xb373a000, 0xb803a7d8, 4096)
12-12 12:20:01.717   319 22987 V AudioPlayer: buffer->size() = 4096, mPositionTimeMediaUs=1.07 mPositionTimeRealUs=1.02
12-12 12:20:01.717   319 22987 V AudioCache: write(0xb803a7d8, 4096)
12-12 12:20:01.717   319 22987 V AudioCache: memcpy(0xb373b000, 0xb803a7d8, 4096)
12-12 12:20:01.717   319 22987 V AudioPlayer: buffer->size() = 4096, mPositionTimeMediaUs=1.07 mPositionTimeRealUs=1.04
12-12 12:20:01.717   319 22987 V AudioCache: write(0xb803a7d8, 4096)
12-12 12:20:01.717   319 22987 V AudioCache: memcpy(0xb373c000, 0xb803a7d8, 4096)
12-12 12:20:01.717   319 22987 V AudioPlayer: buffer->size() = 536, mPositionTimeMediaUs=1.07 mPositionTimeRealUs=1.07
12-12 12:20:01.717   319 22987 V AudioCache: write(0xb803a7d8, 4096)
12-12 12:20:01.717   319 22987 V AudioCache: memcpy(0xb373d000, 0xb803a7d8, 4096)
12-12 12:20:01.717   319 22985 V OMXCodec: [OMX.google.vorbis.decoder] No more output data.
12-12 12:20:01.717   319 22987 V AudioPlayer: buffer->size() = 0, mPositionTimeMediaUs=1.07 mPositionTimeRealUs=1.07
12-12 12:20:01.717   319 22987 V OMXCodec: [OMX.google.vorbis.decoder] There is no more output data available, not calling fillOutputBuffer
12-12 12:20:01.717   319 22987 V AudioPlayer: total number of frames played: 51270 (1068125 us)
12-12 12:20:01.717   319 22987 V AudioPlayer: 70 frames left to play, 1458 us (0.00 secs)
12-12 12:20:01.717   319 22987 V AudioCache: write(0xb803a7d8, 280)
12-12 12:20:01.717   319 22987 V AudioCache: memcpy(0xb373e000, 0xb803a7d8, 280)
12-12 12:20:01.717   319 22983 V AwesomePlayer: MEDIA_PLAYBACK_COMPLETE
12-12 12:20:01.717   319 22983 V AudioCache: notify(0xb802c410, 2, 0, 0)
12-12 12:20:01.717   319 22983 V AudioCache: playback complete
12-12 12:20:01.717   319 22983 V AudioCache: notify(0xb802c410, 7, 0, 0)
12-12 12:20:01.717   319  1338 V AudioCache: wait - success
12-12 12:20:01.717   319  1338 V MediaPlayerService: return size 205080, sampleRate=48000, channelCount = 2, format = 1
12-12 12:20:01.717   319 22983 V AudioCache: ignored
12-12 12:20:01.717   319  1338 V AudioCache: notify(0xb802c410, 8, 0, 0)
12-12 12:20:01.717   319  1338 V AudioCache: ignored
12-12 12:20:01.717   319  1338 V AudioPlayer: reset: mPlaying=0 mReachedEOS=1 useOffload=0
12-12 12:20:01.717   319  1338 V OMXCodec: [OMX.google.vorbis.decoder] stop mState=4
12-12 12:20:01.717   319  1338 V OMXCodec: [OMX.google.vorbis.decoder] stopOmxComponent_l mState=4
12-12 12:20:01.717   319 22985 V OMXCodec: [OMX.google.vorbis.decoder] onStateChange 2
12-12 12:20:01.717   319 22985 V OMXCodec: [OMX.google.vorbis.decoder] Now Idle.
12-12 12:20:01.717   319 22985 V OMXCodec: [OMX.google.vorbis.decoder] freeing buffer 0xb8039ae0 on port 0
12-12 12:20:01.717   319 22985 V OMXCodec: [OMX.google.vorbis.decoder] freeing buffer 0xb8039a28 on port 0
12-12 12:20:01.717   319 22985 V OMXCodec: [OMX.google.vorbis.decoder] freeing buffer 0xb8039958 on port 0
12-12 12:20:01.717   319 22985 V OMXCodec: [OMX.google.vorbis.decoder] freeing buffer 0xb80397c0 on port 0
12-12 12:20:01.717   319 22985 V OMXCodec: [OMX.google.vorbis.decoder] freeing buffer 0xb8039e58 on port 1
12-12 12:20:01.717   319 22985 V OMXCodec: [OMX.google.vorbis.decoder] freeing buffer 0xb8039d50 on port 1
12-12 12:20:01.717   319 22985 V OMXCodec: [OMX.google.vorbis.decoder] freeing buffer 0xb8039b98 on port 1
12-12 12:20:01.717   319 22985 V OMXCodec: [OMX.google.vorbis.decoder] freeing buffer 0xb8039350 on port 1
12-12 12:20:01.717   319 22985 V OMXCodec: [OMX.google.vorbis.decoder] onStateChange 1
12-12 12:20:01.717   319 22985 V OMXCodec: [OMX.google.vorbis.decoder] Now Loaded.
12-12 12:20:01.717   319  1338 V OMXCodec: [OMX.google.vorbis.decoder] stopped in state 1
12-12 12:20:01.717   319  1338 D AudioPlayer: AudioPlayer releasing audio source.
12-12 12:20:01.717   319  1338 D AudioPlayer: AudioSource done releasing audio source
12-12 12:20:01.737   304   384 I Vold    : [LGE][VOLD][NetlinkHandler.cpp][onEvent()] subsys:cpu, action:0
12-12 12:20:01.777 22968 22968 I UEI.SmartControl: --- Selecting new region: 2
12-12 12:20:01.777 22968 22968 I UEI.SmartControl: -- Running on KitKat(19) and above! JNI will be used.
12-12 12:20:01.777 22968 22968 I UEI.SmartControl: Model: LG-V410 uses JNI
12-12 12:20:01.777 22968 22968 D UEI.SmartControl: QS Service created
12-12 12:20:01.797 22968 22968 E UEI.SmartControl: QS start get config
12-12 12:20:01.847 22968 22968 D UEI.SmartControl: Loading JNI Libs...
12-12 12:20:01.847 22968 22968 D dalvikvm: Trying to load lib /data/data/com.uei.lg.quicksetsdk.lite/files/libcurl.so 0x41b77680
12-12 12:20:01.847 22968 22968 D dalvikvm: Added shared lib /data/data/com.uei.lg.quicksetsdk.lite/files/libcurl.so 0x41b77680
12-12 12:20:01.847 22968 22968 D dalvikvm: No JNI_OnLoad found in /data/data/com.uei.lg.quicksetsdk.lite/files/libcurl.so 0x41b77680, skipping init
12-12 12:20:01.847 22968 22968 D dalvikvm: Trying to load lib /data/data/com.uei.lg.quicksetsdk.lite/files/libjson.so 0x41b77680
12-12 12:20:01.847 22968 22968 D dalvikvm: Added shared lib /data/data/com.uei.lg.quicksetsdk.lite/files/libjson.so 0x41b77680
12-12 12:20:01.847 22968 22968 D dalvikvm: No JNI_OnLoad found in /data/data/com.uei.lg.quicksetsdk.lite/files/libjson.so 0x41b77680, skipping init
12-12 12:20:01.847 22968 22968 D dalvikvm: Trying to load lib /data/data/com.uei.lg.quicksetsdk.lite/files/libqs.so 0x41b77680
12-12 12:20:01.847 22968 22968 D dalvikvm: Added shared lib /data/data/com.uei.lg.quicksetsdk.lite/files/libqs.so 0x41b77680
12-12 12:20:01.847 22968 22968 D dalvikvm: No JNI_OnLoad found in /data/data/com.uei.lg.quicksetsdk.lite/files/libqs.so 0x41b77680, skipping init
12-12 12:20:01.847 22968 22968 D dalvikvm: Trying to load lib /data/data/com.uei.lg.quicksetsdk.lite/files/libndk_jni.so 0x41b77680
12-12 12:20:01.847 22968 22968 D dalvikvm: Added shared lib /data/data/com.uei.lg.quicksetsdk.lite/files/libndk_jni.so 0x41b77680
12-12 12:20:01.847 22968 22968 D quickset:  QS libjni JNI_OnLoad 
12-12 12:20:01.847 22968 22968 D UEI.SmartControl:  configuring local db...
12-12 12:20:01.957   990  1176 D WifiStateMachine: handleMessage: E msg.what=131155
12-12 12:20:01.957   990  1176 D WifiStateMachine: processMsg: ScanModeState
12-12 12:20:01.957   990  1176 D WifiStateMachine: processMsg: DriverStartedState
12-12 12:20:01.957   990  1176 D WifiStateMachine: processMsg: DriverStartedStateExt
12-12 12:20:01.957   990  1176 D WifiStateMachine: processMsg: SupplicantStartedState
12-12 12:20:01.957   990  1176 D WifiStateMachine: processMsg: DefaultState
12-12 12:20:01.957   990  1176 D WifiStateMachine: handleMessage: X
12-12 12:20:01.997   304   384 I Vold    : [LGE][VOLD][NetlinkHandler.cpp][onEvent()] subsys:cpu, action:0
12-12 12:20:02.047   304   384 I Vold    : [LGE][VOLD][NetlinkHandler.cpp][onEvent()] subsys:cpu, action:0
12-12 12:20:02.087 22968 22968 D UEI.SmartControl:  ---- Has DB8: true
12-12 12:20:02.117 22968 22968 D UEI.SmartControl: QS start statue = true Error code = 0
12-12 12:20:02.117 22968 22968 D UEI.SmartControl: QS version = v2.5.2.1_RC10
12-12 12:20:02.117 22968 22968 D UEI.SmartControl: QS DB version = LG_Mobile_SW_Blaster_EU_database_v3.4_nevosmart
12-12 12:20:02.117 22968 22968 D UEI.SmartControl: IRRCDataComm has AudioManager!!!!.
12-12 12:20:02.127 22968 22968 D dalvikvm: No JNI_OnLoad found in /system/lib/libirrc.so 0x41b77680, skipping init
12-12 12:20:02.127 22968 22968 D dalvikvm: No JNI_OnLoad found in /system/lib/libirrcJni.so 0x41b77680, skipping init
12-12 12:20:02.127 22968 22968 W irrc_jni: IRRCPlayer_nativeInit ++ 
12-12 12:20:02.127 22968 22968 D irrcClient: IrrcClient ++ 
12-12 12:20:02.127 22968 22968 D irrcClient: getIrrcService ++ 
12-12 12:20:02.127 22968 22968 E irrcClient: sDeathNotifier = new DeathNotifier();
12-12 12:20:02.127 22968 22968 E irrcClient: linkToDeath...
12-12 12:20:02.127 22968 22968 D irrcClient: getIrrcService -- 
12-12 12:20:02.127 22968 22968 D irrcClient: IrrcClient -- 
12-12 12:20:02.127 22968 22968 W irrc_jni: IRRCPlayer_nativeInit -- 
12-12 12:20:02.137 22968 22999 I UEI.SmartControl: Device manager: loading config....
12-12 12:20:02.137 22968 22968 D UEI.SmartControl: Services init done
12-12 12:20:02.137 22968 22968 D UEI.SmartControl: QS Service init finished
12-12 12:20:02.137 22968 22968 D UEI.SmartControl: QS Service version name: 0.1.67
12-12 12:20:02.137 22968 22968 D UEI.SmartControl: QS Service version code: 1
12-12 12:20:02.137 22968 22968 D UEI.SmartControl: Service requested: Control
12-12 12:20:02.137 22968 22999 D UEI.SmartControl: Config is loaded...
12-12 12:20:02.147 22968 22968 D UEI.SmartControl: Request IControl service: devices are loaded...
12-12 12:20:02.147 22923 22923 I QRemote : [RemoteControlManager.java:191:onServiceConnected()] oooooo start
12-12 12:20:02.147 22968 22968 D UEI.SmartControl: Internal service binding...
12-12 12:20:02.147 22968 22978 D UEI.SmartControl: -----IControl: 11
12-12 12:20:02.147   990  5309 I ActivityManager: Killing 22481:com.android.contacts/u0a21 (adj 15): empty #14
12-12 12:20:02.157 22968 22978 D UEI.SmartControl: ------------ IControl registerCallback...
12-12 12:20:02.157 22968 22998 D UEI.SmartControl:  ----- QS SDK is ready!!!
12-12 12:20:02.157 22968 22978 I UEI.SmartControl: Registering callback...
12-12 12:20:02.157 22968 22998 I UEI.SmartControl: Notify AllClients services are ready: 0
12-12 12:20:02.157 22968 22982 D UEI.SmartControl: -----IControl: 19
12-12 12:20:02.157 22968 22982 I UEI.SmartControl: Registering Services Ready callback...
12-12 12:20:02.157 22968 22982 I UEI.SmartControl: Notify client services are ready...
12-12 12:20:02.157 22923 22933 I QRemote : [RemoteControlManager.java:673:QSSetupIsReady()] oooooo 140517:sdkIsReady callback... get functions. Result:0
12-12 12:20:02.157  1464  1474 I com.skyfire.browser.toolbar.ProcessObserverService: On process died 22481,10021
12-12 12:20:02.157  1222  1234 V SplitWindowPolicyService: requestUpdateStackInfo
12-12 12:20:02.157 22923 22965 D QRemote : [RemoteControlManager.java:400:handleMessage()] oooooo 140510:START_SESSION
12-12 12:20:02.157 22923 22965 D QRemote : [RemoteControlManager.java:406:handleMessage()] oooooo 140510:send retrieve msg
12-12 12:20:02.157 22923 22923 D QRemote : [RemoteControlManager.java:334:handleMessage()] oooooo 140510:handler call retrieveDevices
12-12 12:20:02.157   990  1950 D ActivityManager: resumeTopActivityLocked: Top activity resumed ActivityRecord{41ea4de8 u0 com.lge.launcher2/.Launcher t1}
12-12 12:20:02.167 22923 22923 D QRemote : [RemoteControlManager.java:348:retrieveDevices()] oooooo retrieveDevices: start
12-12 12:20:02.167 22968 22978 D UEI.SmartControl: -----IControl: 8
12-12 12:20:02.167 22923 22923 D QRemote : [RemoteControlManager.java:352:retrieveDevices()] oooooo retrieveDevices: 0
12-12 12:20:02.167 22923 22923 D QRemote : [RemoteControlManager.java:357:retrieveDevices()] oooooo retrieveDevices complete:true
12-12 12:20:02.167 22923 22923 D QRemote : [RemoteControlManager.java:365:retrieveDevices()] oooooo retrieveDevices: notifyDataSetChanged()
12-12 12:20:02.167 22923 22923 D QRemote : [QRemoteApplication.java:139:onRemoteControlStateChanged()] oooooo onRemoteControlStateChanged called in QRemoteApp
12-12 12:20:02.167 22923 22923 D QRemote : [QRemoteApplication.java:152:onRemoteControlStateChanged()] oooooo Widget count is [1]. send broadcast
12-12 12:20:02.167 22923 22923 D QRemote : [QRemoteApplication.java:154:onRemoteControlStateChanged()] oooooo Widget[0]:2338
12-12 12:20:02.167 22923 22923 D QRemote : [QRemoteApplication.java:183:onRemoteControlStateChanged()] oooooo 140526:onRemoteControlStateChanged&sdkIsReady. unbinding Service
12-12 12:20:02.167 22923 22923 V QRemote : [RemoteAppWidgetProvider.java:151:onReceive()] oooooo action name : android.appwidget.action.APPWIDGET_UPDATE
12-12 12:20:02.167 22923 22923 D QRemote : [RemoteAppWidgetProvider.java:446:onUpdate()] oooooo onUpdate()
12-12 12:20:02.167 22923 22923 E QRemote : [RemoteAppWidgetProvider.java:404:isLimitationView()] oooooo rotation : 0
12-12 12:20:02.177 22923 22923 D QRemote : [RemoteAppWidgetProvider.java:455:onUpdate()] oooooo onUpdate orientation:false
12-12 12:20:02.177 22923 22923 D QRemote : [QRemoteUtils.java:188:isCalling()] oooooo audioMode : 0 Call state : false
12-12 12:20:02.177 22923 22923 D QRemote : [RemoteAppWidgetProvider.java:508:onUpdate()] oooooo updateAppWidget to loading view
12-12 12:20:02.177 22923 22923 D QRemote : [RemoteAppWidgetProvider.java:533:onUpdate()] oooooo 140510:RetrieveDevices complete. Start loading
12-12 12:20:02.177 22923 22923 D QRemote : [RemoteAppWidgetProvider.java:535:onUpdate()] oooooo 140510:appWidgetIds[0]:2338 loading
12-12 12:20:02.177 22923 22923 D QRemote : [RemoteAppWidgetManager.java:37:startLoading()] oooooo 140518:widgetId[2338] loading start at [1513110002182]
12-12 12:20:02.177 22923 22923 D QRemote : [QRemoteService.java:203:onDestroy()] oooooo 140526:onDestroy
12-12 12:20:02.197 22923 23001 D QRemote : [RemoteAppWidgetManager.java:235:doInBackground()] oooooo 140407:doinBack arr:0
12-12 12:20:02.197 22923 22923 V QRemote : [RemoteAppWidgetProvider.java:151:onReceive()] oooooo action name : com.lge.qremote.action.widget_ui_update
12-12 12:20:02.197 22923 22923 E QRemote : [RemoteAppWidgetProvider.java:404:isLimitationView()] oooooo rotation : 0
12-12 12:20:02.197 22923 22923 D QRemote : [QRemoteUtils.java:188:isCalling()] oooooo audioMode : 0 Call state : false
12-12 12:20:02.197 22923 22923 D QRemote : [RemoteAppWidgetProvider.java:168:onReceive()] oooooo total:0
12-12 12:20:02.197 22923 22923 D QRemote : [RemoteAppWidgetProvider.java:169:onReceive()] oooooo selected:0
12-12 12:20:02.197 22923 22923 D QRemote : [RemoteAppWidgetProvider.java:170:onReceive()] oooooo arr:[]
12-12 12:20:02.197 22923 22923 D QRemote : [RemoteAppWidgetProvider.java:171:onReceive()] oooooo appWidgetId:2338
12-12 12:20:02.207 22923 22923 D QRemote : [RemoteAppWidgetProvider.java:808:updateRemoteViews()] oooooo UpdateRemoteViews3:widgetId:2338
12-12 12:20:02.207 22923 22923 D QRemote : [RemoteAppWidgetProvider.java:983:updateRemoteViews()] oooooo updateAppWidget5:widgetId:2338]
12-12 12:20:02.247 17261 23002 D Aatp    : /task/4a8b22e434d6bb1cebc1f25e5ae7373c1e362267/status
12-12 12:20:02.257 17261 22871 D AWSDeviceFarmAndroidLib: setWifiEnabled: wifi is: false
12-12 12:20:02.257 17261 17261 D AatpDeviceManager: taskStatus update (4a8b22e434d6bb1cebc1f25e5ae7373c1e362267: {"result":"Wifi enabled: false","state":2})
12-12 12:20:02.267  1464  1475 I com.skyfire.browser.toolbar.ProcessObserverService: On importance changed 17261,12458,100
12-12 12:20:02.267  1464  1474 I com.skyfire.browser.toolbar.ProcessObserverService: On importance changed 17261,12458,130
12-12 12:20:02.267   990   990 D NotificationService: updateLightListLocked :r=NotificationRecord(0x41bbd458: pkg=com.amazon.aatp.aatpdevicemanager user=UserHandle{0} id=1096041562 tag=null score=0: Notification(pri=0 contentView=com.amazon.aatp.aatpdevicemanager/0x1090064 vibrate=null sound=null defaults=0x0 flags=0x62 kind=[null])), action=2
12-12 12:20:02.267   990   990 D NotificationService: notification=Notification(pri=0 contentView=com.amazon.aatp.aatpdevicemanager/0x1090064 vibrate=null sound=null defaults=0x0 flags=0x62 kind=[null])
12-12 12:20:02.457   304   384 I Vold    : [LGE][VOLD][NetlinkHandler.cpp][onEvent()] subsys:cpu, action:0
12-12 12:20:03.257   327   427 I ThermalEngine: Sensor:pa_therm1:28000 mC
12-12 12:20:03.287 17261 23006 D Aatp    : /task/4a8b22e434d6bb1cebc1f25e5ae7373c1e362267/status
12-12 12:20:03.457 17261 23007 D Aatp    : /bluetooth
12-12 12:20:03.507 17261 23007 D Aatp    : sha1: 03031b342aac079d4247d3fc498a12e3e0a6af7c
12-12 12:20:03.507 17261 23007 D AatpDeviceManager: k: enabled v: False
12-12 12:20:03.507 17261 23007 D AatpDeviceManager: k: NanoHttpd.QUERY_STRING v: enabled=False
12-12 12:20:03.517  1464  1475 I com.skyfire.browser.toolbar.ProcessObserverService: On importance changed 17261,12458,100
12-12 12:20:03.517  1464  1474 I com.skyfire.browser.toolbar.ProcessObserverService: On importance changed 17261,12458,130
12-12 12:20:03.527 17261 17261 D AatpDeviceManager: taskStatus update (03031b342aac079d4247d3fc498a12e3e0a6af7c: {"state":1})
12-12 12:20:03.527 17261 23008 D AWSDeviceFarmAndroidLib: setEnabled: enabled: false
12-12 12:20:03.527 17261 23008 D AWSDeviceFarmAndroidLib: setEnabled: setting bluetooth to: false
12-12 12:20:03.527   990  1950 D BluetoothManagerService: checkIfCallerIsForegroundUser: valid=true callingUser=0 foregroundUser=0
12-12 12:20:03.527   990  1950 D BluetoothManagerService: disable(): mBluetooth = android.bluetooth.IBluetooth$Stub$Proxy@427a97b0 mBinding = false
12-12 12:20:03.527 17261 23007 D Aatp    : /task/03031b342aac079d4247d3fc498a12e3e0a6af7c
12-12 12:20:03.527   990   990 D NotificationService: updateLightListLocked :r=null, action=2
12-12 12:20:03.547   990  1037 D BluetoothManagerService: Message: 2
12-12 12:20:03.547   990  1037 D BluetoothManagerService: Sending off request.
12-12 12:20:03.547  2459  2470 D BluetoothAdapterService(1102674520): disable() called...
12-12 12:20:03.557  2459  2471 D BluetoothAdapterState: CURRENT_STATE=ON, MESSAGE = USER_TURN_OFF
12-12 12:20:03.557  2459  2471 I BluetoothAdapterState: Bluetooth adapter state changed: 12-> 13
12-12 12:20:03.557  2459  2471 D BluetoothAdapterService: Broadcasting updateAdapterState() to 1 receivers.
12-12 12:20:03.557  2459  2667 I BTIF_CORE: btu_hcif_wake_event
12-12 12:20:03.557  2459  2474 E BTIF_CORE: NETI system_power_manager_wake : 259 param 1
12-12 12:20:03.557   990  1037 D BluetoothManagerService: Message: 60
12-12 12:20:03.557  2459  2474 D LGBluetoothServiceAdapter: Wake lock Aquired
12-12 12:20:03.557  2459  2471 I BluetoothAdapterState: Entering PendingCommandState State: isTurningOn()=false, isTurningOff()=true
12-12 12:20:03.557   990  1037 D BluetoothManagerService: MESSAGE_BLUETOOTH_STATE_CHANGE: prevState = 12, newState=13
12-12 12:20:03.557   990  1037 D BluetoothManagerService: Bluetooth State Change Intent: 12 -> 13
12-12 12:20:03.557   990  3366 D PowerManagerService: acquireWakeLockInternal: lock=1102759664, flags=0x30000001, tag="LGBluetoothServiceAdapter", ws=null, uid=1002, pid=2459
12-12 12:20:03.567  2459  2459 V BtOppService: Receiver DISABLED_ACTION 
12-12 12:20:03.577  2459  2459 I BtOppRfcommListener: stopping Accept Thread
12-12 12:20:03.577  1222  1222 D LGBluetoothAPIService: [BTUI] onReceive action : android.bluetooth.adapter.action.STATE_CHANGED
12-12 12:20:03.577  2459  2459 V BtOppRfcommListener: close mBtServerSocket
12-12 12:20:03.577  2459  3816 E BtOppRfcommListener: Error accept connection java.io.IOException: read failed, socket might closed or timeout, read ret: -1
12-12 12:20:03.577  2459  2459 V BtOppRfcommListener: waiting for thread to terminate
12-12 12:20:03.577  2459  3816 I BtOppRfcommListener: BluetoothSocket listen thread finished
12-12 12:20:03.577  2459  2459 V BtOppRfcommListener: done waiting for thread to terminate
12-12 12:20:03.577  2459  2667 E bt-btif : bta_jv_rfcomm_stop_server
12-12 12:20:03.577  2459  2471 D BluetoothAdapterState: CURRENT_STATE=PENDING, MESSAGE = BEGIN_DISABLE, isTurningOn=false, isTurningOff=true
12-12 12:20:03.587  2459  3817 V BluetoothFtpService:RfcommSocketAcceptThread: Accept exception: java.io.IOException: read failed, socket might closed or timeout, read ret: -1
12-12 12:20:03.587  2459  2667 E bt-btif : bta_jv_rfcomm_stop_server
12-12 12:20:03.587  2459  2667 W bt-btif : bta_dm_disable BTA_DISABLE_DELAY set to 200 ms
12-12 12:20:03.587  2459  2667 W bt-l2cap: L2CAP - PSM: 0x0019 not found for deregistration
12-12 12:20:03.587  2459  2667 W bt-l2cap: L2CAP - PSM: 0x0017 not found for deregistration
12-12 12:20:03.587  2459  2667 E bt-btif : bta_gattc_deregister Deregister Failedm unknown client cif
12-12 12:20:03.587  2459  2667 E bt-btif : bta_gattc_deregister Deregister Failedm unknown client cif
12-12 12:20:03.587  2459  2471 D btif_config_util: btif_config_save_file(L190): in file name:/data/misc/bluedroid/bt_config.new
12-12 12:20:03.597  2459  2459 V BtOppService: onDestroy
12-12 12:20:03.597  2459  2459 D LGBluetoothOppAdapter: [BTUI] LGBluetoothOppAdapter cleanup
12-12 12:20:03.617   304   384 I Vold    : [LGE][VOLD][NetlinkHandler.cpp][onEvent()] subsys:cpu, action:0
12-12 12:20:03.617   304   384 I Vold    : [LGE][VOLD][NetlinkHandler.cpp][onEvent()] subsys:cpu, action:0
12-12 12:20:03.627 22519 22519 W ContextImpl: Calling a method in the system process without a qualified user: android.app.ContextImpl.startService:1607 android.content.ContextWrapper.startService:494 android.content.ContextWrapper.startService:494 com.android.settings.bluetooth.DockEventReceiver.beginStartingService:156 com.android.settings.bluetooth.DockEventReceiver.onReceive:123 
12-12 12:20:03.637 22519 22519 D LGBluetoothXmlHandler: dvice configuraion start
12-12 12:20:03.637 22519 22519 D LGBluetoothXmlHandler: startDocument!
12-12 12:20:03.637 22519 22519 D LGBluetoothXmlHandler: startElement - elet = Device
12-12 12:20:03.637 22519 22519 D LGBluetoothXmlHandler: startElement - elet = Feature
12-12 12:20:03.637 22519 22519 D LGBluetoothXmlHandler: startElement - elet = VIEW
12-12 12:20:03.637 22519 22519 D LGBluetoothXmlHandler: startElement - elet = Profile
12-12 12:20:03.637 22519 22519 D LGBluetoothXmlHandler: startElement - elet = PBAP
12-12 12:20:03.637 22519 22519 D LGBluetoothXmlHandler: startElement - elet = MAP
12-12 12:20:03.637 22519 22519 D LGBluetoothXmlHandler: startElement - elet = SAP
12-12 12:20:03.637 22519 22519 D LGBluetoothXmlHandler: startElement - elet = HFP
12-12 12:20:03.637 22519 22519 D LGBluetoothXmlHandler: startElement - elet = Ble
12-12 12:20:03.637 22519 22519 D LGBluetoothXmlHandler: startElement - elet = BLEAPP
12-12 12:20:03.637 22519 22519 D LGBluetoothXmlHandler: startElement - elet = UXGUI
12-12 12:20:03.647 22519 22519 D LGBluetoothXmlHandler: startElement - elet = BTHELP
12-12 12:20:03.647 22519 22519 D LGBluetoothXmlHandler: startElement - elet = BTUX
12-12 12:20:03.647  1206  1206 I [SystemUI]PhoneStatusBarPolicy: onReceive = android.bluetooth.adapter.action.STATE_CHANGED
12-12 12:20:03.647 22519 22519 D LGBluetoothXmlHandler: startElement - elet = INVISIBLE_ADDR
12-12 12:20:03.647 22519 22519 D LGBluetoothXmlHandler: startElement - elet = INVISIBLE_ADDR
12-12 12:20:03.647 22519 22519 D LGBluetoothXmlHandler: startElement - elet = HEADSET_BATTERY_STATUS
12-12 12:20:03.647 22519 22519 D LGBluetoothXmlHandler: startElement - elet = BATTERY_STATUS
12-12 12:20:03.647 22519 22519 D LGBluetoothXmlHandler: endDocument!
12-12 12:20:03.647  2459  2459 V BluetoothPbapReceiver: PbapReceiver onReceive 
12-12 12:20:03.647  2459  2459 D BluetoothPbapReceiver: [BTUI] NOT support PBAP
12-12 12:20:03.657   990  1037 D BluetoothManagerService: Message: 20
12-12 12:20:03.657   990  1037 D BluetoothManagerService: Added callback: android.bluetooth.IBluetoothManagerCallback$Stub$Proxy@4274c280:true
12-12 12:20:03.667   990  1037 D BluetoothManagerService: Message: 30
12-12 12:20:03.667   990  1037 D BluetoothManagerService: Message: 30
12-12 12:20:03.667 22519 22519 W ContextImpl: Calling a method in the system process without a qualified user: android.app.ContextImpl.bindService:1673 android.content.ContextWrapper.bindService:517 android.bluetooth.BluetoothInputDevice.doBind:245 android.bluetooth.BluetoothInputDevice.<init>:238 android.bluetooth.BluetoothAdapter.getProfileProxy:1222 
12-12 12:20:03.667   304   384 I Vold    : [LGE][VOLD][NetlinkHandler.cpp][onEvent()] subsys:cpu, action:0
12-12 12:20:03.677 22519 22519 D LocalBluetoothProfileManager: Adding local MAP profile
12-12 12:20:03.677 22519 22519 D BluetoothMap: Create BluetoothMap proxy object
12-12 12:20:03.677   990  1037 D BluetoothManagerService: Message: 30
12-12 12:20:03.677   990  1037 D BluetoothManagerService: Message: 30
12-12 12:20:03.677 22519 22519 W ContextImpl: Calling a method in the system process without a qualified user: android.app.ContextImpl.bindService:1673 android.content.ContextWrapper.bindService:517 android.bluetooth.BluetoothPan.doBind:149 android.bluetooth.BluetoothPan.<init>:141 android.bluetooth.BluetoothAdapter.getProfileProxy:1225 
12-12 12:20:03.677 22519 22519 W ContextImpl: Calling a method in the system process without a qualified user: android.app.ContextImpl.bindService:1673 android.content.ContextWrapper.bindService:517 android.bluetooth.BluetoothMap.doBind:109 android.bluetooth.BluetoothMap.<init>:102 android.bluetooth.BluetoothAdapter.getProfileProxy:1231 
12-12 12:20:03.687 22519 22519 D LocalBluetoothProfileManager: LocalBluetoothProfileManager construction complete
12-12 12:20:03.687 22519 22519 D LGBluetoothUserBindClient: [BTUI] initUserBindClient
12-12 12:20:03.687 22519 22519 W ContextImpl: Calling a method in the system process without a qualified user: android.app.ContextImpl.bindService:1673 android.content.ContextWrapper.bindService:517 android.bluetooth.BluetoothPbap.doBind:164 android.bluetooth.BluetoothPbap.<init>:157 com.android.settings.bluetooth.PbapServerProfile.<init>:72 
12-12 12:20:03.687 22519 22519 W ContextImpl: Calling a method in the system process without a qualified user: android.app.ContextImpl.bindService:1673 android.content.ContextWrapper.bindService:517 com.android.settings.bluetooth.LGBluetoothUserBindClient.initUserBindClient:90 com.android.settings.bluetooth.LGBluetoothUserBindClient.<init>:55 com.android.settings.bluetooth.LGBluetoothUserBindClient.getInstance:47 
12-12 12:20:03.697 22519 22519 D DockEventReceiver: finishStartingService: stopping service
12-12 12:20:03.707 22519 22519 D LGBluetoothAuthorization: [BTUI] cancel All Notification
12-12 12:20:03.707 22519 22519 D BluetoothInputDevice: Proxy object connected
12-12 12:20:03.707 22519 22519 D HidProfile: Bluetooth service connected
12-12 12:20:03.707 22519 22519 D LGBluetoothUserBindClient: [BTUI] onServiceConnected
12-12 12:20:03.707 22519 22519 D BluetoothPermissionRequest: onReceive
12-12 12:20:03.707 22519 22519 D LGBluetoothAuthorization: [BTUI] cancel All Notification
12-12 12:20:03.717 22519 22519 D LGBluetoothResetSettingReceiver: [BTUI] Loading JNI Library
12-12 12:20:03.717 22519 22519 E BluetoothSettings_JNI: [BTUI] JNI_OnLoad : ### LGBT_USE_BDT : TRUE ###
12-12 12:20:03.717 22519 22519 D LGBluetoothResetSettingReceiver: return without doing reset settings.
12-12 12:20:03.717  2459  2459 V BluetoothOppReceiver: Received BLUETOOTH_STATE_CHANGED_ACTION, BLUETOOTH_STATE_TURNING_OFF
12-12 12:20:03.717  2459  2459 D BluetoothOppNotification: [BTUI] cancel opp incoming file confirm notification
12-12 12:20:03.717  2459  2459 D BluetoothOppNotification: [BTUI] cancel opp active transfer file notification
12-12 12:20:03.727  2459  2459 V BluetoothFtpReceiver: BluetoothFtpReceiver onReceive :android.bluetooth.adapter.action.STATE_CHANGED
12-12 12:20:03.727  2459  2459 V BluetoothFtpReceiver: BluetoothFtpReceiver Start Service
12-12 12:20:03.727  2459  2459 V BluetoothFtpService: Ftp Service onStartCommand
12-12 12:20:03.727  2459  2459 V BluetoothFtpService: action: android.bluetooth.adapter.action.STATE_CHANGED
12-12 12:20:03.737  2459  2459 V BluetoothFtpService: Ftp Service closeService
12-12 12:20:03.737  2459  2459 E BluetoothFtpService:RfcommSocketAcceptThread: Shutdown
12-12 12:20:03.737  2459  2459 V BluetoothFtpService: successfully stopped ftp service
12-12 12:20:03.737  2459  2459 V BluetoothSapReceiver: [BTUI] checkServiceStart
12-12 12:20:03.737  2459  2459 V BluetoothSapReceiver: [BTUI] region: country:US
12-12 12:20:03.737  2459  2459 V BluetoothFtpService: Ftp Service onDestroy
12-12 12:20:03.737  2459  2459 V BluetoothFtpService: Ftp Service closeService
12-12 12:20:03.747 17261 23028 D Aatp    : /task/03031b342aac079d4247d3fc498a12e3e0a6af7c/status
12-12 12:20:03.777  2459  2503 I bt_lpm  : LPM is already off!!!
12-12 12:20:03.777  2459  2667 W bt-btif : ag scb idx 1 not allocated
12-12 12:20:03.777  2459  2667 E bt-btif : BTA AG is already disabled, ignoring ...
12-12 12:20:03.777  2459  2667 W bt-l2cap: L2CAP - PSM: 0x0019 not found for deregistration
12-12 12:20:03.777  2459  2667 W bt-l2cap: L2CAP - PSM: 0x0017 not found for deregistration
12-12 12:20:03.777  2459  2667 W bt-l2cap: L2CAP - PSM: 0x0019 not found for deregistration
12-12 12:20:03.777  2459  2667 W bt-l2cap: L2CAP - PSM: 0x0017 not found for deregistration
12-12 12:20:03.777  2459  2667 W bt-l2cap: L2CAP - PSM: 0x0019 not found for deregistration
12-12 12:20:03.777  2459  2667 W bt-l2cap: L2CAP - PSM: 0x0017 not found for deregistration
12-12 12:20:03.777  2459  2667 E bt-btif : BTA HF Client is already disabled, ignoring ...
12-12 12:20:03.777  2459  2667 E bt-btif : bta_gattc_deregister Deregister Failedm unknown client cif
12-12 12:20:03.777  2459  2503 I bt_vendor: hw_epilog_process
12-12 12:20:03.807  2459  2670 I bt_vendor: hw_epilog_cback Opcode:0x0C03 Status: 0
12-12 12:20:03.807  2459  2503 I bt_hci_bdroid: bt_hc_worker_thread exiting
12-12 12:20:03.807  2459  2474 D bt_userial_mct: userial_close
12-12 12:20:03.807  2459  2670 I bt_userial_mct: exiting userial_read_thread
12-12 12:20:03.807  2459  2670 D bt_userial_mct: Leaving userial_evt_read_thread()
12-12 12:20:03.807  2459  2474 I bt_vendor: bt-vendor : BT_VND_OP_USERIAL_CLOSE btSocType: 0
12-12 12:20:03.857  2459  2474 D BTSNOOP-DISP: btsnoop_close
12-12 12:20:03.857  2459  2474 I bt_vendor: cleanup
12-12 12:20:03.857  2459  2474 I bt_vendor: bt-vendor : BT_VND_OP_POWER_CTRL: Off
12-12 12:20:03.857  2459  2474 I bt_vendor: Starting hciattach daemon
12-12 12:20:03.857  2459  2474 I bt_vendor: try to set false
12-12 12:20:03.857  2459  2667 I GKI_LINUX: gki_task_entry: gki_task task_id=0 [BTU] terminating
12-12 12:20:03.857  2459  2474 I GKI_LINUX: GKI_exit_task: GKI_exit_task 0 done
12-12 12:20:03.857  2459  2474 I GKI_LINUX: GKI_destroy_task: GKI_shutdown(): task [BTU] terminated
12-12 12:20:03.857  2459  2471 D BluetoothAdapterState: CURRENT_STATE=PENDING, MESSAGE = DISABLED, isTurningOn=false, isTurningOff=true
12-12 12:20:03.857  2459  2471 W BluetoothAdapterService: Stopping service com.android.bluetooth.hfp.HeadsetService
12-12 12:20:03.857  2459  2471 W BluetoothAdapterService: Stopping service com.android.bluetooth.a2dp.A2dpService
12-12 12:20:03.857  2459  2459 D HeadsetService: Received stop request...Stopping profile...
12-12 12:20:03.857  2459  2471 W BluetoothAdapterService: Stopping service com.android.bluetooth.hid.HidService
12-12 12:20:03.857  2459  2471 W BluetoothAdapterService: Stopping service com.android.bluetooth.hdp.HealthService
12-12 12:20:03.857  2459  2459 I LGBluetoothHfpAdapter: [BTUI] LGBluetoothHfpAdapter cleanup
12-12 12:20:03.857  2459  2459 W LGBluetoothHeadsetServiceJni: Cleaning up Bluetooth Handsfree callback object
12-12 12:20:03.857  2459  2483 D HeadsetStateMachine: Exit Disconnected: -1
12-12 12:20:03.857  2459  2471 W BluetoothAdapterService: Stopping service com.android.bluetooth.gatt.GattService
12-12 12:20:03.857  2459  2459 D BluetoothAdapterService: getAdapterService(): returning com.android.bluetooth.btservice.AdapterService@41b97a58
12-12 12:20:03.857  2459  2471 W BluetoothAdapterService: Stopping service com.qcom.bluetooth.service.hfpclient.HandsfreeClientService
12-12 12:20:03.867  1450  1450 D BluetoothHeadset: Proxy object disconnected
12-12 12:20:03.867   990   990 D BluetoothHeadset: Proxy object disconnected
12-12 12:20:03.867  2459  2471 D BluetoothAdapterState: Stopping profile services that were post enabled
12-12 12:20:03.867  2459  2459 D A2dpService: Received stop request...Stopping profile...
12-12 12:20:03.867  2459  2487 D A2dpStateMachine: Exit Disconnected: -1
12-12 12:20:03.867  1450  1450 D BluetoothHeadset: Proxy object disconnected
12-12 12:20:03.867  1450  1450 D BluetoothHeadset: Proxy object disconnected
12-12 12:20:03.867  2459  2459 D LGBluetoothA2dpAdapter: [BTUI] LGBluetoothA2dpAdapter cleanup
12-12 12:20:03.867  2459  2459 W LGBluetoothA2dpServiceJni: Cleaning up Bluetooth Handsfree callback object
12-12 12:20:03.867  2459  2459 D LGBluetoothPowerControlManager: [BTUI] terminate
12-12 12:20:03.867   990  1037 D BluetoothManagerService: Message: 31
12-12 12:20:03.867  2459  2459 D BluetoothAdapterService: getAdapterService(): returning com.android.bluetooth.btservice.AdapterService@41b97a58
12-12 12:20:03.867   990   990 D BluetoothA2dp: Proxy object disconnected
12-12 12:20:03.867  2459  2459 D HidService: Received stop request...Stopping profile...
12-12 12:20:03.867  2459  2459 D BluetoothAdapterService: getAdapterService(): returning com.android.bluetooth.btservice.AdapterService@41b97a58
12-12 12:20:03.867 22519 22519 D BluetoothInputDevice: Proxy object disconnected
12-12 12:20:03.867 22519 22519 D HidProfile: Bluetooth service disconnected
12-12 12:20:03.867  2459  2459 D BluetoothAdapterService(1102674520): Message: 1
12-12 12:20:03.867  2459  2459 D BluetoothAdapterService(1102674520): MESSAGE_PROFILE_SERVICE_STATE_CHANGED
12-12 12:20:03.867  2459  2459 D BluetoothAdapterService: onProfileServiceStateChange: serviceName=com.android.bluetooth.hfp.HeadsetService, state = 10, doUpdate = true
12-12 12:20:03.867  2459  2459 D BluetoothAdapterService: Profile still running: com.qcom.bluetooth.service.hfpclient.HandsfreeClientService
12-12 12:20:03.867  2459  2459 D HealthService: Received stop request...Stopping profile...
12-12 12:20:03.867  2459  2459 D BluetoothAdapterService: getAdapterService(): returning com.android.bluetooth.btservice.AdapterService@41b97a58
12-12 12:20:03.877  2459  2459 D BtGatt.DebugUtils: handleDebugAction() action=null
12-12 12:20:03.877  2459  2459 D BtGatt.GattService: Received stop request...Stopping profile...
12-12 12:20:03.877  2459  2459 D BtGatt.GattService: stop()
12-12 12:20:03.877  2459  2459 D BluetoothAdapterService: getAdapterService(): returning com.android.bluetooth.btservice.AdapterService@41b97a58
12-12 12:20:03.877  2459  2459 D HeadsetStateMachine: Unbinding service...
12-12 12:20:03.877  2459  2459 D HeadsetPhoneState: [BTUI] listenForPhoneState : start = false
12-12 12:20:03.877  2459  2459 D LGBluetoothHfpManager: [BTUI] listenForMultiSimPhoneState : start = false
12-12 12:20:03.877  2459  2459 D HeadsetPhoneState: [BTUI] listenForPhoneState : start = false
12-12 12:20:03.877  2459  2459 D LGBluetoothHfpManager: [BTUI] listenForMultiSimPhoneState : start = false
12-12 12:20:03.877  2459  2459 W BluetoothHeadsetServiceJni: Cleaning up Bluetooth Handsfree Interface...
12-12 12:20:03.877  2459  2459 W BluetoothHeadsetServiceJni: Cleaning up Bluetooth Handsfree callback object
12-12 12:20:03.877  2459  2459 I LGBluetoothHfpAdapter: [BTUI] LGBluetoothHfpAdapter cleanup
12-12 12:20:03.877  2459  2459 D HandsfreeClientService: Received stop request...Stopping profile...
12-12 12:20:03.877  2459  2459 V HandsfreeClientService: stop
12-12 12:20:03.877  2459  2459 D BluetoothAdapterService: getAdapterService(): returning com.android.bluetooth.btservice.AdapterService@41b97a58
12-12 12:20:03.877  2459  2493 D HandsfreeClientStateMachine: Exit Disconnected: -1
12-12 12:20:03.877  2459  2459 D BluetoothAdapterService(1102674520): Message: 1
12-12 12:20:03.877  2459  2459 D BluetoothAdapterService(1102674520): MESSAGE_PROFILE_SERVICE_STATE_CHANGED
12-12 12:20:03.877  2459  2459 D BluetoothAdapterService: onProfileServiceStateChange: serviceName=com.android.bluetooth.a2dp.A2dpService, state = 10, doUpdate = true
12-12 12:20:03.877  2459  2459 D BluetoothAdapterService: Profile still running: com.qcom.bluetooth.service.hfpclient.HandsfreeClientService
12-12 12:20:03.877  2459  2488 I GKI_LINUX: gki_task_entry: gki_task task_id=2 [A2DP-MEDIA] terminating
12-12 12:20:03.877  2459  2459 I GKI_LINUX: GKI_exit_task: GKI_exit_task 2 done
12-12 12:20:03.877  2459  2459 I GKI_LINUX: GKI_destroy_task: GKI_shutdown(): task [A2DP-MEDIA] terminated
12-12 12:20:03.877  2459  2459 D LGBluetoothAvrcpAdapter: [BTUI] cleanup
12-12 12:20:03.877  2459  2459 D LGBluetoothAvrcpManager: [BTUI] terminateAvrcpManager
12-12 12:20:03.887  2459  2459 D LGBluetoothAvrcpManager: [BTUI] cleanupPlayStatus() : mPlayStatus = 0
12-12 12:20:03.887  2459  2459 V BluetoothAVRCP1.3ServiceJni: cleanupNativeAVRCP
12-12 12:20:03.887  2459  2459 D BluetoothAdapterService(1102674520): Message: 1
12-12 12:20:03.887  2459  2459 D BluetoothAdapterService(1102674520): MESSAGE_PROFILE_SERVICE_STATE_CHANGED
12-12 12:20:03.887  2459  2459 D BluetoothAdapterService: onProfileServiceStateChange: serviceName=com.android.bluetooth.hid.HidService, state = 10, doUpdate = true
12-12 12:20:03.887  2459  2459 D BluetoothAdapterService: Profile still running: com.qcom.bluetooth.service.hfpclient.HandsfreeClientService
12-12 12:20:03.887  2459  2459 W BluetoothHidServiceJni: Cleaning up Bluetooth HID Interface...
12-12 12:20:03.887  2459  2459 W BluetoothHidServiceJni: Cleaning up Bluetooth GID callback object
12-12 12:20:03.887  2459  2459 D BluetoothAdapterService(1102674520): Message: 1
12-12 12:20:03.887  2459  2459 D BluetoothAdapterService(1102674520): MESSAGE_PROFILE_SERVICE_STATE_CHANGED
12-12 12:20:03.887  2459  2459 D BluetoothAdapterService: onProfileServiceStateChange: serviceName=com.android.bluetooth.hdp.HealthService, state = 10, doUpdate = true
12-12 12:20:03.887  2459  2459 D BluetoothAdapterService: Profile still running: com.qcom.bluetooth.service.hfpclient.HandsfreeClientService
12-12 12:20:03.887  2459  2459 W BluetoothHealthServiceJni: Cleaning up Bluetooth Health Interface...
12-12 12:20:03.887  2459  2459 W BluetoothHealthServiceJni: Cleaning up Bluetooth Health object
12-12 12:20:03.887  2459  2459 W LGBluetoothHealthServiceJni: Cleaning up Bluetooth Health object
12-12 12:20:03.887  2459  2459 D BluetoothAdapterService(1102674520): Message: 1
12-12 12:20:03.887  2459  2459 D BluetoothAdapterService(1102674520): MESSAGE_PROFILE_SERVICE_STATE_CHANGED
12-12 12:20:03.887  2459  2459 D BluetoothAdapterService: onProfileServiceStateChange: serviceName=com.android.bluetooth.gatt.GattService, state = 10, doUpdate = true
12-12 12:20:03.887  2459  2459 D BluetoothAdapterService: Profile still running: com.qcom.bluetooth.service.hfpclient.HandsfreeClientService
12-12 12:20:03.887  2459  2459 D BluetoothAdapterService(1102674520): Message: 1
12-12 12:20:03.887  2459  2459 D BluetoothAdapterService(1102674520): MESSAGE_PROFILE_SERVICE_STATE_CHANGED
12-12 12:20:03.887  2459  2459 D BluetoothAdapterService: onProfileServiceStateChange: serviceName=com.qcom.bluetooth.service.hfpclient.HandsfreeClientService, state = 10, doUpdate = true
12-12 12:20:03.887  2459  2459 D BluetoothAdapterService: All profile services stopped...
12-12 12:20:03.887  2459  2459 V HandsfreeClientService: cleanup
12-12 12:20:03.887  2459  2471 D BluetoothAdapterState: CURRENT_STATE=PENDING, MESSAGE = STOPPED, isTurningOn=false, isTurningOff=true
12-12 12:20:03.887  2459  2471 I BluetoothAdapterState: Bluetooth adapter state changed: 13-> 10
12-12 12:20:03.887  2459  2471 D BluetoothAdapterService: Broadcasting updateAdapterState() to 1 receivers.
12-12 12:20:03.887  2459  2459 W BluetoothHandsfreeClientServiceJni: Cleaning up Bluetooth HFP Client Interface...
12-12 12:20:03.887   990  1037 D BluetoothManagerService: Message: 60
12-12 12:20:03.887  2459  2471 I BluetoothAdapterState: Entering OffState
12-12 12:20:03.887   990  1037 D BluetoothManagerService: MESSAGE_BLUETOOTH_STATE_CHANGE: prevState = 13, newState=10
12-12 12:20:03.887   990  1037 D BluetoothManagerService: Broadcasting onBluetoothStateChange(false) to 10 receivers.
12-12 12:20:03.887  2459  2459 W BluetoothHandsfreeClientServiceJni: Cleaning up Bluetooth HFP Client callback object
12-12 12:20:03.887  1450  1920 D BluetoothHeadset: onBluetoothStateChange: up=false
12-12 12:20:03.897 22519 22529 D BluetoothInputDevice: onBluetoothStateChange: up=false
12-12 12:20:03.897   990  1037 D BluetoothHeadset: onBluetoothStateChange: up=false
12-12 12:20:03.897  1450  1463 D BluetoothHeadset: onBluetoothStateChange: up=false
12-12 12:20:03.897  1450  1462 D BluetoothHeadset: onBluetoothStateChange: up=false
12-12 12:20:03.897   990  1037 D BluetoothA2dp: onBluetoothStateChange: up=false
12-12 12:20:03.897 22519 22530 D BluetoothPbap: onBluetoothStateChange: up=false
12-12 12:20:03.897 22519 22529 D BluetoothMap: onBluetoothStateChange: up=false
12-12 12:20:03.897   990  1037 D BluetoothManagerService: Calling onBluetoothServiceDown callbacks
12-12 12:20:03.897   990  1037 D BluetoothManagerService: Broadcasting onBluetoothServiceDown() to 9 receivers.
12-12 12:20:03.897   990  1037 D BluetoothManagerService: Calling onQBluetoothServiceDown callbacks
12-12 12:20:03.897   990  1037 D BluetoothManagerService: Broadcasting onQBluetoothServiceDown() to 0 receivers.
12-12 12:20:03.897   990  1037 D BluetoothManagerService: unbindAndFinish(): android.bluetooth.IBluetooth$Stub$Proxy@427a97b0 mBinding = false
12-12 12:20:03.897   990  1037 D BluetoothManagerService: Sending unbind request.
12-12 12:20:03.897  2459  2459 D BluetoothAdapterService(1102674520): onUnbind, calling cleanup
12-12 12:20:03.897  2459  2459 D BluetoothAdapterService(1102674520): cleanup()
12-12 12:20:03.897  2459  2459 D BluetoothAdapterService: Cleaning up adapter native....
12-12 12:20:03.907  2459  2474 I GKI_LINUX: gki_task_entry: gki_task task_id=1 [BTIF] terminating
12-12 12:20:03.907  2459  2459 I GKI_LINUX: GKI_exit_task: GKI_exit_task 1 done
12-12 12:20:03.907  2459  2459 I GKI_LINUX: GKI_destroy_task: GKI_shutdown(): task [BTIF] terminated
12-12 12:20:03.907  2459  2459 I BTIF_CORE: btu_hcif_wake_event
12-12 12:20:03.907   990  1037 D BluetoothManagerService: Bluetooth State Change Intent: 13 -> 10
12-12 12:20:03.907  2459  2459 I BluetoothServiceJni: cleanupNative: return from cleanup
12-12 12:20:03.907  2459  2459 D BluetoothAdapterService: Done cleaning up adapter native....
12-12 12:20:03.907  2459  2459 W LGBluetoothServiceJni: Cleaning up Bluetooth Service callback object
12-12 12:20:03.907  2459  2459 D LGBluetoothSettingsDBObserver: [BTUI] unregister observer for LG device name DB
12-12 12:20:03.907  1222  1222 D LGBluetoothAPIService: [BTUI] onReceive action : android.bluetooth.adapter.action.STATE_CHANGED
12-12 12:20:03.907  1222  1257 D LGBluetoothAPIService: Message: 2
12-12 12:20:03.907  1222  1257 D LGBluetoothAPIService: unbindAndFinish(): com.lge.bluetooth.ILGBluetoothAPIAdapter$Stub$Proxy@41cd8618 mBinding = false
12-12 12:20:03.907  1222  1257 D LGBluetoothAPIService: Sending unbind request.
12-12 12:20:03.907 18566 18566 D BluetoothAdapter: 1106909168: getState() :  mService = null. Returning STATE_OFF
