12-12 12:20:03.907   990  1503 D PowerManagerService: releaseWakeLockInternal: lock=1102759664 [LGBluetoothServiceAdapter], flags=0x0
12-12 12:20:03.917  1206  1206 D BluetoothAdapter: 1106552104: getState() :  mService = null. Returning STATE_OFF
12-12 12:20:03.917  1206  1206 I [SystemUI]PhoneStatusBarPolicy: onReceive = android.bluetooth.adapter.action.STATE_CHANGED
12-12 12:20:03.917  2459  2459 D BluetoothAdapterService(1102674520): cleanup() done
12-12 12:20:03.917  2459  2459 D BluetoothAdapterService(1102674520): ****onDestroy()********
12-12 12:20:03.917  2459  2459 D BtGatt.GattService: cleanup()
12-12 12:20:03.917  2459  2459 W bt-btif : GATTC Module not enabled/already disabled
12-12 12:20:03.917  2459  2459 W bt-btif : GATTS Module not enabled/already disabled
12-12 12:20:03.917 18566 18566 I BeaconBle: Nearby requested to stop scan
12-12 12:20:03.917 18566 18566 I BeaconBle: Scan : No clients left, canceling alarm.
12-12 12:20:03.917 18566 18826 D BluetoothAdapter: 1106909168: getState() :  mService = null. Returning STATE_OFF
12-12 12:20:03.917 18566 18826 D BluetoothAdapter: 1106909168: getState() :  mService = null. Returning STATE_OFF
12-12 12:20:03.917 22519 22519 D LGBluetoothFeatureConfig: isPrivacyLogsEnabled : true
12-12 12:20:03.917 22519 22519 E LGBluetoothEventManager: [BTUI] onReceive()... android.bluetooth.adapter.action.STATE_CHANGED==> STATE_OFF
12-12 12:20:03.917 22519 22519 D LGBluetoothEventManager: [BTUI] clear device connection state
12-12 12:20:03.917 22519 22519 W ContextImpl: Calling a method in the system process without a qualified user: android.app.ContextImpl.startService:1607 android.content.ContextWrapper.startService:494 android.content.ContextWrapper.startService:494 com.android.settings.bluetooth.DockEventReceiver.beginStartingService:156 com.android.settings.bluetooth.DockEventReceiver.onReceive:123 
12-12 12:20:03.917  2459  2459 E ActivityThread: Service com.android.bluetooth.btservice.AdapterService has leaked IntentReceiver com.lge.bluetooth.adapter.LGBluetoothServiceAdapter$1@41ba8e70 that was originally registered here. Are you missing a call to unregisterReceiver()?
12-12 12:20:03.917  2459  2459 E ActivityThread: android.app.IntentReceiverLeaked: Service com.android.bluetooth.btservice.AdapterService has leaked IntentReceiver com.lge.bluetooth.adapter.LGBluetoothServiceAdapter$1@41ba8e70 that was originally registered here. Are you missing a call to unregisterReceiver()?
12-12 12:20:03.917  2459  2459 E ActivityThread: 	at android.app.LoadedApk$ReceiverDispatcher.<init>(LoadedApk.java:819)
12-12 12:20:03.917  2459  2459 E ActivityThread: 	at android.app.LoadedApk.getReceiverDispatcher(LoadedApk.java:620)
12-12 12:20:03.917  2459  2459 E ActivityThread: 	at android.app.ContextImpl.registerReceiverInternal(ContextImpl.java:1558)
12-12 12:20:03.917  2459  2459 E ActivityThread: 	at android.app.ContextImpl.registerReceiver(ContextImpl.java:1538)
12-12 12:20:03.917  2459  2459 E ActivityThread: 	at android.app.ContextImpl.registerReceiver(ContextImpl.java:1532)
12-12 12:20:03.917  2459  2459 E ActivityThread: 	at android.content.ContextWrapper.registerReceiver(ContextWrapper.java:467)
12-12 12:20:03.917  2459  2459 E ActivityThread: 	at com.lge.bluetooth.adapter.LGBluetoothServiceAdapter.<init>(LGBluetoothServiceAdapter.java:155)
12-12 12:20:03.917  2459  2459 E ActivityThread: 	at com.lge.bluetooth.adapter.LGBluetoothServiceAdapter.getInstance(LGBluetoothServiceAdapter.java:130)
12-12 12:20:03.917  2459  2459 E ActivityThread: 	at com.android.bluetooth.btservice.AdapterService.processStart(AdapterService.java:393)
12-12 12:20:03.917  2459  2459 E ActivityThread: 	at com.android.bluetooth.btservice.AdapterState$OffState.processMessage(AdapterState.java:169)
12-12 12:20:03.917  2459  2459 E ActivityThread: 	at com.android.internal.util.StateMachine$SmHandler.processMsg(StateMachine.java:966)
12-12 12:20:03.917  2459  2459 E ActivityThread: 	at com.android.internal.util.StateMachine$SmHandler.handleMessage(StateMachine.java:789)
12-12 12:20:03.917  2459  2459 E ActivityThread: 	at android.os.Handler.dispatchMessage(Handler.java:102)
12-12 12:20:03.917  2459  2459 E ActivityThread: 	at android.os.Looper.loop(Looper.java:136)
12-12 12:20:03.917  2459  2459 E ActivityThread: 	at android.os.HandlerThread.run(HandlerThread.java:61)
12-12 12:20:03.927  2459  2459 D LGBluetoothAPIServer: [BTUI] onUnbind()
12-12 12:20:03.927  2459  2459 D LGBluetoothAPIServer: [BTUI] cleanup() done
12-12 12:20:03.927  2459  2459 D LGBluetoothAPIServer: [BTUI] onDestroy()
12-12 12:20:03.927 22519 22519 D DockEventReceiver: finishStartingService: stopping service
12-12 12:20:03.927  2459  2459 V BluetoothPbapReceiver: PbapReceiver onReceive 
12-12 12:20:03.927  2459  2459 D BluetoothPbapReceiver: [BTUI] NOT support PBAP
12-12 12:20:03.937 22519 22519 D BluetoothPermissionRequest: onReceive
12-12 12:20:03.937 22519 22519 D LGBluetoothUtils: [BTUI] FileNotFound: readProperty
12-12 12:20:03.937 22519 22519 D BluetoothDiscoverableTimeoutReceiver: cancelDiscoverableAlarm(): Enter
12-12 12:20:03.937 22519 22519 D LGBluetoothResetSettingReceiver: return without doing reset settings.
12-12 12:20:03.947  2459  2459 V BluetoothFtpReceiver: BluetoothFtpReceiver onReceive :android.bluetooth.adapter.action.STATE_CHANGED
12-12 12:20:03.947  2459  2459 V BluetoothSapReceiver: [BTUI] checkServiceStart
12-12 12:20:03.947  2459  2459 V BluetoothSapReceiver: [BTUI] region: country:US
12-12 12:20:03.947   990  1197 I ActivityManager: Killing 22499:com.lge.email/u0a23 (adj 15): empty #14
12-12 12:20:03.967  1222  6012 V SplitWindowPolicyService: requestUpdateStackInfo
12-12 12:20:03.967  1464  1475 I com.skyfire.browser.toolbar.ProcessObserverService: On process died 22499,10023
12-12 12:20:03.967   990  3364 D ActivityManager: resumeTopActivityLocked: Top activity resumed ActivityRecord{41ea4de8 u0 com.lge.launcher2/.Launcher t1}
12-12 12:20:04.007 18919 19324 I Authzen : [PermitStore] Getting all permits...
12-12 12:20:04.107 18566 18570 D dalvikvm: GC_CONCURRENT freed 1935K, 39% free 7133K/11632K, paused 5ms+6ms, total 63ms
12-12 12:20:04.107 18566 23040 D dalvikvm: WAIT_FOR_CONCURRENT_GC blocked 20ms
12-12 12:20:04.107 18566 19158 D dalvikvm: WAIT_FOR_CONCURRENT_GC blocked 21ms
12-12 12:20:04.217   304   384 I Vold    : [LGE][VOLD][NetlinkHandler.cpp][onEvent()] subsys:cpu, action:0
12-12 12:20:04.327   304   384 I Vold    : [LGE][VOLD][NetlinkHandler.cpp][onEvent()] subsys:cpu, action:0
12-12 12:20:04.357   990  1181 D ConnectivityServiceHSM: Actual State: DefaultConnectivityState, Current State: DefaultConnectivityState.processMessage what=111
12-12 12:20:04.357   990   990 D Tethering: Tethering got CONNECTIVITY_ACTION
12-12 12:20:04.357   990  1037 D Tethering: MasterInitialState.processMessage what=3
12-12 12:20:04.357   990  1316 D CaptivePortalTracker: Disconnected from active network NetworkInfo: type: WIFI[], state: DISCONNECTED/DISCONNECTED, reason: (unspecified), extra: <unknown ssid>, roaming: false, failover: false, isAvailable: true, smCause: 0, isConnectedToProvisioningNetwork: false
12-12 12:20:04.357   990  1316 D QcConnectivityService: setProvNotificationVisible: E visible=false networkType=1 extraInfo=null url=null
12-12 12:20:04.397 18919 18919 I CmaSystemUpdateService: connectivity change: Intent { act=android.net.conn.CONNECTIVITY_CHANGE flg=0x4000010 (has extras) }
12-12 12:20:04.397 18919 18919 I CmaSystemUpdateService: receiver: Intent { act=android.net.conn.CONNECTIVITY_CHANGE flg=0x4000010 (has extras) }
12-12 12:20:04.407   990  1032 I ActivityManager: Start proc com.att.android.digitallocker for broadcast com.att.android.digitallocker/.utils.ConnectionMonitor: pid=23049 uid=10003 gids={50003, 3003, 1028, 1015}
12-12 12:20:04.427  2280  2280 I ServerCommHelper: Connectivity Changed- SMTP reset DNS
12-12 12:20:04.437 23049 23049 I dalvikvm: Enabling JNI app bug workarounds for target SDK version 11...
12-12 12:20:04.437  1464  1474 I com.skyfire.browser.toolbar.ProcessObserverService: On importance changed 23049,10003,400
12-12 12:20:04.437   304   384 I Vold    : [LGE][VOLD][NetlinkHandler.cpp][onEvent()] subsys:cpu, action:0
12-12 12:20:04.447 23049 23049 D HyLog   : I : /data/font/config/sfconfig.dat, No such file or directory (2)
12-12 12:20:04.447 23049 23049 D HyLog   : I : /data/font/config/dfactpre.dat, No such file or directory (2)
12-12 12:20:04.447 23049 23049 D HyLog   : I : /data/font/config/sfconfig.dat, No such file or directory (2)
12-12 12:20:04.477 23049 23049 I DigitalLocker.ConfigurationManager: deviceCurentHeap =96
12-12 12:20:04.477 23049 23049 I DigitalLocker.ConfigurationManager: numberofImagesCached =960
12-12 12:20:04.487 23049 23049 I CrittercismInstance: Initializing Crittercism...
12-12 12:20:04.487   304   384 I Vold    : [LGE][VOLD][NetlinkHandler.cpp][onEvent()] subsys:cpu, action:0
12-12 12:20:04.497 23049 23049 D DigitalLocker.App: ****application start time 1513110004505
12-12 12:20:04.497 23049 23049 D DigitalLocker.App: DigitalLocker.App.onCreate() called
12-12 12:20:04.497 23049 23049 D DigitalLocker.ConnectionMonitor: examining network info: mobile, connected:false
12-12 12:20:04.497 23049 23049 D DigitalLocker.ConnectionMonitor: examining network info: WIFI, connected:false
12-12 12:20:04.497 23049 23049 D DigitalLocker.ConnectionMonitor: examining network info: mobile_mms, connected:false
12-12 12:20:04.497 23049 23049 D DigitalLocker.ConnectionMonitor: examining network info: mobile_supl, connected:false
12-12 12:20:04.497 23049 23049 D DigitalLocker.ConnectionMonitor: examining network info: mobile_dun, connected:false
12-12 12:20:04.497 23049 23049 D DigitalLocker.ConnectionMonitor: examining network info: mobile_hipri, connected:false
12-12 12:20:04.497 23049 23049 D DigitalLocker.ConnectionMonitor: examining network info: BLUETOOTH_TETHER, connected:false
12-12 12:20:04.497 23049 23049 D DigitalLocker.ConnectionMonitor: examining network info: mobile_fota, connected:false
12-12 12:20:04.497 23049 23049 D DigitalLocker.ConnectionMonitor: examining network info: mobile_ims, connected:false
12-12 12:20:04.497 23049 23049 D DigitalLocker.ConnectionMonitor: examining network info: mobile_cbs, connected:false
12-12 12:20:04.497 23049 23049 D DigitalLocker.ConnectionMonitor: examining network info: wifi_p2p, connected:false
12-12 12:20:04.497 23049 23049 D DigitalLocker.ConnectionMonitor: examining network info: mobile_vzwapp, connected:false
12-12 12:20:04.497 23049 23049 D DigitalLocker.ConnectionMonitor: examining network info: mobile_vzw800, connected:false
12-12 12:20:04.497 23049 23049 D DigitalLocker.ConnectionMonitor: examining network info: mobile_emergency, connected:false
12-12 12:20:04.507 23049 23049 D DigitalLocker.ConnectionMonitor: examining network info: mobile_xcap, connected:false
12-12 12:20:04.507 23049 23049 D DigitalLocker.ConnectionMonitor: examining network info: mobile_admin, connected:false
12-12 12:20:04.507 23049 23049 D DigitalLocker.ConnectionMonitor: not connected
12-12 12:20:04.517 23049 23067 D Webtrends: WebtrendsAndroidDataStore.doesTableExists(table:tbl_webtrends_state_vars)
12-12 12:20:04.547 17261 23008 D AWSDeviceFarmAndroidLib: setEnabled: bt is: false
12-12 12:20:04.547 17261 17261 D AatpDeviceManager: taskStatus update (03031b342aac079d4247d3fc498a12e3e0a6af7c: {"result":"Bluetooth enabled: false","state":2})
12-12 12:20:04.547  1464  1475 I com.skyfire.browser.toolbar.ProcessObserverService: On importance changed 17261,12458,100
12-12 12:20:04.547  1464  1474 I com.skyfire.browser.toolbar.ProcessObserverService: On importance changed 17261,12458,130
12-12 12:20:04.547   990   990 D NotificationService: updateLightListLocked :r=NotificationRecord(0x4294d4d8: pkg=com.amazon.aatp.aatpdevicemanager user=UserHandle{0} id=1096041563 tag=null score=0: Notification(pri=0 contentView=com.amazon.aatp.aatpdevicemanager/0x1090064 vibrate=null sound=null defaults=0x0 flags=0x62 kind=[null])), action=2
12-12 12:20:04.547   990   990 D NotificationService: notification=Notification(pri=0 contentView=com.amazon.aatp.aatpdevicemanager/0x1090064 vibrate=null sound=null defaults=0x0 flags=0x62 kind=[null])
12-12 12:20:04.627  2232  2232 D DigitalLocker.MediaObserverService: onStartCommand() called: intent=Intent { cmp=com.att.android.digitallocker/.upload.MediaObserverService (has extras) }, flags=0, startId=3
12-12 12:20:04.637  2232  2232 D DigitalLocker.App: userIdHsh is null in the UserPreferenceMetadata; copying from legacy android preferences: null
12-12 12:20:04.637  2232  2232 D DigitalLocker.UploadService: onStartCommand enqueuedMediaCount0
12-12 12:20:04.647 23049 23049 D DigitalLocker.ConnectionMonitor: examining network info: mobile, connected:false
12-12 12:20:04.647 23049 23049 D DigitalLocker.ConnectionMonitor: examining network info: WIFI, connected:false
12-12 12:20:04.647 23049 23049 D DigitalLocker.ConnectionMonitor: examining network info: mobile_mms, connected:false
12-12 12:20:04.647 23049 23049 D DigitalLocker.ConnectionMonitor: examining network info: mobile_supl, connected:false
12-12 12:20:04.647 23049 23049 D DigitalLocker.ConnectionMonitor: examining network info: mobile_dun, connected:false
12-12 12:20:04.647 23049 23049 D DigitalLocker.ConnectionMonitor: examining network info: mobile_hipri, connected:false
12-12 12:20:04.647 23049 23049 D DigitalLocker.ConnectionMonitor: examining network info: BLUETOOTH_TETHER, connected:false
12-12 12:20:04.647 23049 23049 D DigitalLocker.ConnectionMonitor: examining network info: mobile_fota, connected:false
12-12 12:20:04.647 23049 23049 D DigitalLocker.ConnectionMonitor: examining network info: mobile_ims, connected:false
12-12 12:20:04.647 23049 23049 D DigitalLocker.ConnectionMonitor: examining network info: mobile_cbs, connected:false
12-12 12:20:04.647 23049 23049 D DigitalLocker.ConnectionMonitor: examining network info: wifi_p2p, connected:false
12-12 12:20:04.647 23049 23049 D DigitalLocker.ConnectionMonitor: examining network info: mobile_vzwapp, connected:false
12-12 12:20:04.647 23049 23049 D DigitalLocker.ConnectionMonitor: examining network info: mobile_vzw800, connected:false
12-12 12:20:04.647 23049 23049 D DigitalLocker.ConnectionMonitor: examining network info: mobile_emergency, connected:false
12-12 12:20:04.647 23049 23049 D DigitalLocker.ConnectionMonitor: examining network info: mobile_xcap, connected:false
12-12 12:20:04.647 23049 23049 D DigitalLocker.ConnectionMonitor: examining network info: mobile_admin, connected:false
12-12 12:20:04.647 23049 23049 D DigitalLocker.ConnectionMonitor: not connected
12-12 12:20:04.647   990  1502 I ActivityManager: Killing 18051:com.android.gallery3d/u0a25 (adj 15): empty #14
12-12 12:20:04.657  2232  2232 D DigitalLocker.ConnectionMonitor: examining network info: mobile, connected:false
12-12 12:20:04.657  2232  2232 D DigitalLocker.ConnectionMonitor: examining network info: WIFI, connected:false
12-12 12:20:04.657  2232  2232 D DigitalLocker.ConnectionMonitor: examining network info: mobile_mms, connected:false
12-12 12:20:04.657  2232  2232 D DigitalLocker.ConnectionMonitor: examining network info: mobile_supl, connected:false
12-12 12:20:04.657  2232  2232 D DigitalLocker.ConnectionMonitor: examining network info: mobile_dun, connected:false
12-12 12:20:04.657  2232  2232 D DigitalLocker.ConnectionMonitor: examining network info: mobile_hipri, connected:false
12-12 12:20:04.657  2232  2232 D DigitalLocker.ConnectionMonitor: examining network info: BLUETOOTH_TETHER, connected:false
12-12 12:20:04.657  2232  2232 D DigitalLocker.ConnectionMonitor: examining network info: mobile_fota, connected:false
12-12 12:20:04.657  2232  2232 D DigitalLocker.ConnectionMonitor: examining network info: mobile_ims, connected:false
12-12 12:20:04.657  2232  2232 D DigitalLocker.ConnectionMonitor: examining network info: mobile_cbs, connected:false
12-12 12:20:04.657  2232  2232 D DigitalLocker.ConnectionMonitor: examining network info: wifi_p2p, connected:false
12-12 12:20:04.657  2232  2232 D DigitalLocker.ConnectionMonitor: examining network info: mobile_vzwapp, connected:false
12-12 12:20:04.657  2232  2232 D DigitalLocker.ConnectionMonitor: examining network info: mobile_vzw800, connected:false
12-12 12:20:04.657  2232  2232 D DigitalLocker.ConnectionMonitor: examining network info: mobile_emergency, connected:false
12-12 12:20:04.657  2232  2232 D DigitalLocker.ConnectionMonitor: examining network info: mobile_xcap, connected:false
12-12 12:20:04.657  2232  2232 D DigitalLocker.ConnectionMonitor: examining network info: mobile_admin, connected:false
12-12 12:20:04.657  2232  2232 D DigitalLocker.ConnectionMonitor: not connected
12-12 12:20:04.657  2232  2232 D DigitalLocker.ConnectionMonitor: number of listeners =1
12-12 12:20:04.657  2232  2232 D DigitalLocker.ConnectionMonitor: onConnectionChanged() newNetworkState DISCONNECTED
12-12 12:20:04.657  2232  2232 D DigitalLocker.UploadService: ConnectionChangeListener.onConnectionChanged()
12-12 12:20:04.657  1222  1233 V SplitWindowPolicyService: requestUpdateStackInfo
12-12 12:20:04.657  1464  1475 I com.skyfire.browser.toolbar.ProcessObserverService: On process died 18051,10025
12-12 12:20:04.657  2232  2232 D DigitalLocker.App: userIdHsh is null in the UserPreferenceMetadata; copying from legacy android preferences: null
12-12 12:20:04.657   990  3366 D ActivityManager: resumeTopActivityLocked: Top activity resumed ActivityRecord{41ea4de8 u0 com.lge.launcher2/.Launcher t1}
12-12 12:20:04.697   990  1502 I ActivityManager: Start proc com.lge.email for broadcast com.lge.email/.adapter.eas.EasBroadcastReceiver: pid=23090 uid=10023 gids={50023, 3003, 4002, 1023, 1028, 1015, 3001, 3002}
12-12 12:20:04.707  1464  1474 I com.skyfire.browser.toolbar.ProcessObserverService: On importance changed 23090,10023,400
12-12 12:20:04.717 23090 23090 D HyLog   : I : /data/font/config/sfconfig.dat, No such file or directory (2)
12-12 12:20:04.717 23090 23090 D HyLog   : I : /data/font/config/dfactpre.dat, No such file or directory (2)
12-12 12:20:04.717 23090 23090 D HyLog   : I : /data/font/config/sfconfig.dat, No such file or directory (2)
12-12 12:20:04.747   304   384 I Vold    : [LGE][VOLD][NetlinkHandler.cpp][onEvent()] subsys:cpu, action:0
12-12 12:20:04.767 23090 23090 I LGEmail : [lifecycle]--onCreate() (at EmailMainApp.java onCreate 173)[v:null]
12-12 12:20:04.807 23090 23090 D LGEmail : user build Type == true (at Util.java isUserModeBuildType 3513)[v:6.40.39.1]
12-12 12:20:04.807 17261 23105 D Aatp    : /task/03031b342aac079d4247d3fc498a12e3e0a6af7c/status
12-12 12:20:04.847   304   384 I Vold    : [LGE][VOLD][NetlinkHandler.cpp][onEvent()] subsys:cpu, action:0
12-12 12:20:04.877 23090 23090 D EAS     : [EmailEAS.java] onReceive() - NetworkInfo.getType() = 1 (at EasBroadcastReceiver.java onReceive 38)
12-12 12:20:04.877 23090 23090 D EAS     : [EmailEAS.java] onReceive() - bisConnected = false (at EasBroadcastReceiver.java onReceive 39)
12-12 12:20:04.877 23090 23090 D eas_req : ---addEventToQueue() easCode=1, requestId=0 (at EasSupport.java addEventToQueue 69)
12-12 12:20:04.887   990 22200 D qcom_sensors_hal: hal_time_data_cb: msg_type 2
12-12 12:20:04.887   990 22200 D qcom_sensors_hal: hal_time_data_cb: Sn 24, msg Id 3, txn Id 0
12-12 12:20:04.887   990 22200 D qcom_sensors_hal: hal_ts_offset_is: Apps: 1513110004894578288; DSPS: 933207585; Offset: 1513081525659196208
12-12 12:20:04.897   990  1001 I ActivityManager: Start proc com.google.android.setupwizard for broadcast com.google.android.setupwizard/.MobileConnectivityChangeReceiver: pid=23115 uid=10045 gids={50045, 3003}
12-12 12:20:04.907 17261 23113 D Aatp    : /gps
12-12 12:20:04.907  1464  1475 I com.skyfire.browser.toolbar.ProcessObserverService: On importance changed 23115,10045,400
12-12 12:20:04.917 23115 23115 D HyLog   : I : /data/font/config/sfconfig.dat, No such file or directory (2)
12-12 12:20:04.917 23115 23115 D HyLog   : I : /data/font/config/dfactpre.dat, No such file or directory (2)
12-12 12:20:04.917 23115 23115 D HyLog   : I : /data/font/config/sfconfig.dat, No such file or directory (2)
12-12 12:20:04.917 17261 23113 D Aatp    : sha1: 5e62288b78228dbebcc6bab6f3deb49f14b0a2e2
12-12 12:20:04.917 17261 23113 D AatpDeviceManager: k: enabled v: False
12-12 12:20:04.917 17261 23113 D AatpDeviceManager: k: NanoHttpd.QUERY_STRING v: enabled=False
12-12 12:20:04.927  1464  1474 I com.skyfire.browser.toolbar.ProcessObserverService: On importance changed 17261,12458,100
12-12 12:20:04.927  1464  1475 I com.skyfire.browser.toolbar.ProcessObserverService: On importance changed 17261,12458,130
12-12 12:20:04.927 17261 17261 D AatpDeviceManager: taskStatus update (5e62288b78228dbebcc6bab6f3deb49f14b0a2e2: {"state":1})
12-12 12:20:04.927 17261 23127 D AWSDeviceFarmAndroidLib: setEnabled: disabling GPS
12-12 12:20:04.927 17261 23127 D AWSDeviceFarmAndroidLib: disableGPS()
12-12 12:20:04.927   990   990 D NotificationService: updateLightListLocked :r=null, action=2
12-12 12:20:04.937 17261 23127 D AWSDeviceFarmAndroidLib: disableGPS(): wifi,gps
12-12 12:20:04.937 17261 23127 D AWSDeviceFarmAndroidLib: disableGPS(): gpsDisabled: wifi
12-12 12:20:04.937 17261 23113 D Aatp    : /task/5e62288b78228dbebcc6bab6f3deb49f14b0a2e2
12-12 12:20:04.947 23090 23090 I HubEmail: JNI_OnLoad()
12-12 12:20:04.947 23090 23090 I HubEmail: -- called from 1935 ../../Build/Android_r4/../../SDK/Native/EmailCoreLinkJni.cpp
12-12 12:20:04.947 23090 23090 I HubEmail: registerNatives()
12-12 12:20:04.947 23090 23090 I HubEmail: -- called from 1905 ../../Build/Android_r4/../../SDK/Native/EmailCoreLinkJni.cpp
12-12 12:20:04.947 23090 23090 I HubEmail: registerNativeMethods()
12-12 12:20:04.947 23090 23090 I HubEmail: -- called from 1774 ../../Build/Android_r4/../../SDK/Native/EmailCoreLinkJni.cpp
12-12 12:20:04.957 17261 23127 D dalvikvm: Note: class Lcom/lge/mdm/manager/ILGMDMDevicePolicyManager$Stub; has 382 unimplemented (abstract) methods
12-12 12:20:04.967 23090 23128 W Settings: Setting airplane_mode_on has moved from android.provider.Settings.System to android.provider.Settings.Global, returning read-only value.
12-12 12:20:04.967   990  5309 I ActivityManager: Killing 22559:com.android.keychain/1000 (adj 15): empty #14
12-12 12:20:04.987  1464  1474 I com.skyfire.browser.toolbar.ProcessObserverService: On process died 22559,1000
12-12 12:20:04.987  1222  6598 V SplitWindowPolicyService: requestUpdateStackInfo
12-12 12:20:04.987   990  3366 D ActivityManager: resumeTopActivityLocked: Top activity resumed ActivityRecord{41ea4de8 u0 com.lge.launcher2/.Launcher t1}
12-12 12:20:04.987   990  1502 W BackupManagerService: dataChanged but no participant pkg='com.android.providers.settings' uid=12458
12-12 12:20:04.997 18566 18566 I GeofencerStateMachine: sendQueryLocationOptIn
12-12 12:20:04.997 17261 23127 D AWSDeviceFarmAndroidLib: setEnabled: GPS is: false
12-12 12:20:04.997 17261 17261 D AatpDeviceManager: taskStatus update (5e62288b78228dbebcc6bab6f3deb49f14b0a2e2: {"result":"GPS enabled: false","state":2})
12-12 12:20:04.997   990  1033 D GpsLocationProvider: handleDisable
12-12 12:20:04.997   990  1033 D GpsLocationProvider: stopNavigating
12-12 12:20:04.997   304   384 I Vold    : [LGE][VOLD][NetlinkHandler.cpp][onEvent()] subsys:cpu, action:0
12-12 12:20:05.007  1464  1475 I com.skyfire.browser.toolbar.ProcessObserverService: On importance changed 17261,12458,100
12-12 12:20:05.007  1464  1474 I com.skyfire.browser.toolbar.ProcessObserverService: On importance changed 17261,12458,130
12-12 12:20:05.007   990   990 D NotificationService: updateLightListLocked :r=NotificationRecord(0x427fad68: pkg=com.amazon.aatp.aatpdevicemanager user=UserHandle{0} id=1096041564 tag=null score=0: Notification(pri=0 contentView=com.amazon.aatp.aatpdevicemanager/0x1090064 vibrate=null sound=null defaults=0x0 flags=0x62 kind=[null])), action=2
12-12 12:20:05.007   990   990 D NotificationService: notification=Notification(pri=0 contentView=com.amazon.aatp.aatpdevicemanager/0x1090064 vibrate=null sound=null defaults=0x0 flags=0x62 kind=[null])
12-12 12:20:05.007   304   384 I Vold    : [LGE][VOLD][NetlinkHandler.cpp][onEvent()] subsys:cpu, action:0
12-12 12:20:05.017   990  1950 D LocationManagerService: getProviders()=[passive]
12-12 12:20:05.027   990  1033 E LocSvc_eng: I/===> void loc_eng_cleanup(loc_eng_data_s_type&) line 1621 
12-12 12:20:05.027 23115 23125 V LGRssiData: [loadRssi] File not exist 
12-12 12:20:05.027 23115 23125 V LGRssiData: [loadRssi] File not exist 
12-12 12:20:05.037 23115 23125 V TelephonyAutoProfiling: [loadFeatureFromXml] *** start feature loading from xml
12-12 12:20:05.037 23115 23125 D TelephonyAutoProfiling: [parse] Load xml
12-12 12:20:05.037 23115 23115 D MobileConnectivityChangeReceiver: onReceive Intent { act=android.net.conn.CONNECTIVITY_CHANGE flg=0x4000010 cmp=com.google.android.setupwizard/.MobileConnectivityChangeReceiver (has extras) }
12-12 12:20:05.037 23115 23115 D MobileConnectivityChangeReceiver: onReceive CONNECTIVITY_CHANGE networkType=1
12-12 12:20:05.037 23115 23125 V TelephonyAutoProfiling: [getMatchedProfile] selected file : /etc/featureset.xml
12-12 12:20:05.037 23115 23125 V TelephonyAutoProfiling: [loadDataFromXml] load feature from xml complete : {force_write_mode_allowed=true, KRWapPushWithSpam=false, KREncodingScheme=false, GLOBALspam=false, copy_submit_to_uicc=false, enable_link_control=false, cmas_mlock_cb=false, KSC5601Decoding=true, MMSHiddenConfig=false, increase_user_permit_sent_sms_max_count=false, KR_Modem_Item=true, OperatorMessage=false, support_emoji_in_concat_message=false, do_not_save_sms_to_isis_short_code=false, att_vvm=false, set_clir_option_by_call_setting=false, SHOW_NETWORK_NAME_WHEN_MANUAL_NETWORK_SETTING_FAIL=true, spam=false, MANUAL_SELECTION_WITH_RAT=true, seperate_processing_sms_uicc=false}
12-12 12:20:05.037 23115 23115 E PhoneMonitor: onOtaspChanged old =0, new =3
12-12 12:20:05.037 23115 23115 V PhoneMonitor: mOtaspPhoneStateListener#onOtaspChanged, mOtaspMode=3
12-12 12:20:05.047   990  1502 I ActivityManager: Start proc com.android.chrome for broadcast com.android.chrome/com.google.android.apps.chrome.precache.PrecacheServiceLauncher: pid=23141 uid=10058 gids={50058, 3003, 1028, 1015}
12-12 12:20:05.047   990  1502 I ActivityManager: Killing 20884:com.android.documentsui/u0a60 (adj 15): empty #14
12-12 12:20:05.057  1464  1475 I com.skyfire.browser.toolbar.ProcessObserverService: On importance changed 23141,10058,400
12-12 12:20:05.057  1222  1234 V SplitWindowPolicyService: requestUpdateStackInfo
12-12 12:20:05.057  1464  1474 I com.skyfire.browser.toolbar.ProcessObserverService: On process died 20884,10060
12-12 12:20:05.067   990  3366 D ActivityManager: resumeTopActivityLocked: Top activity resumed ActivityRecord{41ea4de8 u0 com.lge.launcher2/.Launcher t1}
12-12 12:20:05.067 23141 23141 D HyLog   : I : /data/font/config/sfconfig.dat, No such file or directory (2)
12-12 12:20:05.067 23141 23141 D HyLog   : I : /data/font/config/dfactpre.dat, No such file or directory (2)
12-12 12:20:05.067 23141 23141 D HyLog   : I : /data/font/config/sfconfig.dat, No such file or directory (2)
12-12 12:20:05.077 17261 23138 D Aatp    : /task/5e62288b78228dbebcc6bab6f3deb49f14b0a2e2/status
12-12 12:20:05.077 23141 23141 W ActivityThread: Application com.android.chrome can be debugged on port 8100...
12-12 12:20:05.117 17261 17263 D dalvikvm: GC_CONCURRENT freed 2205K, 70% free 3510K/11632K, paused 3ms+4ms, total 31ms
12-12 12:20:05.217 17261 23157 D Aatp    : /nfc
12-12 12:20:05.227 17261 23157 D Aatp    : sha1: ec9246f36d03cc5988283161f26933631f6316c5
12-12 12:20:05.227 17261 23157 D AatpDeviceManager: k: enabled v: False
12-12 12:20:05.227 17261 23157 D AatpDeviceManager: k: NanoHttpd.QUERY_STRING v: enabled=False
12-12 12:20:05.277   990  1503 D dalvikvm: GC_EXPLICIT freed 1385K, 44% free 18534K/32780K, paused 4ms+12ms, total 147ms
12-12 12:20:05.287  1464  1475 I com.skyfire.browser.toolbar.ProcessObserverService: On importance changed 17261,12458,100
12-12 12:20:05.287  1464  1474 I com.skyfire.browser.toolbar.ProcessObserverService: On importance changed 17261,12458,130
12-12 12:20:05.287 17261 17261 D AatpDeviceManager: taskStatus update (ec9246f36d03cc5988283161f26933631f6316c5: {"state":1})
12-12 12:20:05.287 17261 17261 D AatpDeviceManager: taskStatus update (ec9246f36d03cc5988283161f26933631f6316c5: {"result":"NFC not supported on platform. Skipping","state":2})
12-12 12:20:05.287  1464  1475 I com.skyfire.browser.toolbar.ProcessObserverService: On importance changed 17261,12458,100
12-12 12:20:05.287   990   990 D NotificationService: updateLightListLocked :r=null, action=2
12-12 12:20:05.287   990   990 D NotificationService: updateLightListLocked :r=NotificationRecord(0x42e0fef0: pkg=com.amazon.aatp.aatpdevicemanager user=UserHandle{0} id=1096041565 tag=null score=0: Notification(pri=0 contentView=com.amazon.aatp.aatpdevicemanager/0x1090064 vibrate=null sound=null defaults=0x0 flags=0x62 kind=[null])), action=2
12-12 12:20:05.287   990   990 D NotificationService: notification=Notification(pri=0 contentView=com.amazon.aatp.aatpdevicemanager/0x1090064 vibrate=null sound=null defaults=0x0 flags=0x62 kind=[null])
12-12 12:20:05.297  1464  1474 I com.skyfire.browser.toolbar.ProcessObserverService: On importance changed 17261,12458,130
12-12 12:20:05.297 17261 23157 D Aatp    : /task/ec9246f36d03cc5988283161f26933631f6316c5
12-12 12:20:05.307   990  3364 I ActivityManager: Start proc com.lge.drmservice for broadcast com.lge.drmservice/.DrmBroadcastReceiver: pid=23159 uid=10061 gids={50061, 4002, 3003, 1028}
12-12 12:20:05.307   990  3364 I ActivityManager: Killing 22432:com.lge.lockscreensettings/u0a78 (adj 15): empty #14
12-12 12:20:05.317  1464  1475 I com.skyfire.browser.toolbar.ProcessObserverService: On importance changed 23159,10061,400
12-12 12:20:05.317  1222  1233 V SplitWindowPolicyService: requestUpdateStackInfo
12-12 12:20:05.317  1464  1474 I com.skyfire.browser.toolbar.ProcessObserverService: On process died 22432,10078
12-12 12:20:05.317 23159 23159 D HyLog   : I : /data/font/config/sfconfig.dat, No such file or directory (2)
12-12 12:20:05.317 23159 23159 D HyLog   : I : /data/font/config/dfactpre.dat, No such file or directory (2)
12-12 12:20:05.317 23159 23159 D HyLog   : I : /data/font/config/sfconfig.dat, No such file or directory (2)
12-12 12:20:05.317   990  3365 D ActivityManager: resumeTopActivityLocked: Top activity resumed ActivityRecord{41ea4de8 u0 com.lge.launcher2/.Launcher t1}
12-12 12:20:05.347   990  3363 I ActivityManager: Start proc com.lge.lgdmsclient for broadcast com.lge.lgdmsclient/.dmclient.receiver.DmDeviceActionReceiver: pid=23171 uid=5000 gids={45000, 3003, 1028, 1015, 4002, 2001}
12-12 12:20:05.347   990  3363 I ActivityManager: Killing 22536:com.lge.lgworld/u0a35 (adj 15): empty #14
12-12 12:20:05.357  1222  6598 V SplitWindowPolicyService: requestUpdateStackInfo
12-12 12:20:05.357  1464  1475 I com.skyfire.browser.toolbar.ProcessObserverService: On process died 22536,10035
12-12 12:20:05.357  1464  1474 I com.skyfire.browser.toolbar.ProcessObserverService: On importance changed 23171,5000,400
12-12 12:20:05.357 23171 23171 D HyLog   : I : /data/font/config/sfconfig.dat, No such file or directory (2)
12-12 12:20:05.357 23171 23171 D HyLog   : I : /data/font/config/dfactpre.dat, No such file or directory (2)
12-12 12:20:05.357 23171 23171 D HyLog   : I : /data/font/config/sfconfig.dat, No such file or directory (2)
12-12 12:20:05.357   990  1325 D ActivityManager: resumeTopActivityLocked: Top activity resumed ActivityRecord{41ea4de8 u0 com.lge.launcher2/.Launcher t1}
12-12 12:20:05.387 23171 23171 D LGDMClient: [DmDeviceActionReceiver.java] [onReceive()] : [67] : Device Action Receiver android.net.conn.CONNECTIVITY_CHANGE
12-12 12:20:05.387  1360  1360 D WeatherAncestor: 2 : onReceive, action: android.net.conn.CONNECTIVITY_CHANGE, Time(hour:min:sec) 12:20:5
12-12 12:20:05.387  1360  1360 D UpdateThreadPoolManager: 2 : This is isUpdating : false
12-12 12:20:05.397  1360  1360 D WeatherAncestor: connectivity changed - connection : false
12-12 12:20:05.397  1360  1360 D WeatherAncestor: 2 : onReceive has processed, action: android.net.conn.CONNECTIVITY_CHANGE, Time(hour:min:sec) 12:20:5
12-12 12:20:05.397  1360  1360 D WeatherService: 2 : onStartCommand, intent!=null, action: android.net.conn.CONNECTIVITY_CHANGE
12-12 12:20:05.397  1360  1360 D Weather.Utils: 2 : Utils getTopActivity com.lge.launcher2 / true
12-12 12:20:05.397 22953 22953 I NFS     : connectivityManager.getNetworkInfo = TYPE_WIFI
12-12 12:20:05.397  1360  1360 D WeatherService: 2 : shouldTimeTickRegistered - 4x2 : 1, FphWidget : 0
12-12 12:20:05.397  1360  1360 D WeatherService: 2 : shouldTimeTickRegistered : true - home screen widget is shown.
12-12 12:20:05.397 23171 23184 D LGDMClient: [DmUtil.java] [getServiceTypeBasedOnAgentState()] : [1789] : iAgentState=0, isUserType=0
12-12 12:20:05.417 23171 23184 D LGDMClient: [DmUtil.java] [getServiceTypeBasedOnAgentState()] : [1789] : iAgentState=0, isUserType=0
12-12 12:20:05.417 23171 23184 D LGDMClient: [DmATTAPNSettings.java] [checkNetworkState()] : [132] : ATT_APN: subtype = UNKNOWN avail = false / connect = false / MobileDataEnable = true
12-12 12:20:05.417 23171 23184 D LGDMClient: [DmATTAPNSettings.java] [isNetworkAvailable()] : [73] : ATT_APN: network state (false)=mobile is not available
12-12 12:20:05.417 23171 23184 D LGDMClient: [DmServiceProcessor.java] [onHandleIntent()] : [161] : ATT_APN: changed network = false --> false
12-12 12:20:05.427 22953 22953 I Wireless_Storage: intf.getDisplayName() = dummy0
12-12 12:20:05.427 22953 22953 I Wireless_Storage: intf.getDisplayName() = rmnet_usb0
12-12 12:20:05.427 22953 22953 I Wireless_Storage: intf.getDisplayName() = lo
12-12 12:20:05.427 22953 22953 I Wireless_Storage: intf.getDisplayName() = p2p0
12-12 12:20:05.427 22953 22953 I Wireless_Storage: intf.getDisplayName() = sit0
12-12 12:20:05.427 22953 22953 I Wireless_Storage: intf.getDisplayName() = teql0
12-12 12:20:05.427 22953 22953 I Wireless_Storage: intf.getDisplayName() = wlan0
12-12 12:20:05.427 22953 22953 I Wireless_Storage: intf.getDisplayName() = rev_rmnet1
12-12 12:20:05.427 22953 22953 I Wireless_Storage: intf.getDisplayName() = rev_rmnet0
12-12 12:20:05.427 22953 22953 I Wireless_Storage: intf.getDisplayName() = rev_rmnet4
12-12 12:20:05.427 22953 22953 I Wireless_Storage: intf.getDisplayName() = rev_rmnet3
12-12 12:20:05.427 22953 22953 I Wireless_Storage: intf.getDisplayName() = rev_rmnet2
12-12 12:20:05.427 22953 22953 I Wireless_Storage: intf.getDisplayName() = rev_rmnet7
12-12 12:20:05.427 22953 22953 I Wireless_Storage: intf.getDisplayName() = rev_rmnet6
12-12 12:20:05.427 22953 22953 I Wireless_Storage: intf.getDisplayName() = rev_rmnet5
12-12 12:20:05.427 22953 22953 I Wireless_Storage: intf.getDisplayName() = rev_rmnet8
12-12 12:20:05.427 22953 22953 I Wireless_Storage: intf.getDisplayName() = rmnet4
12-12 12:20:05.427 22953 22953 I Wireless_Storage: intf.getDisplayName() = rmnet3
12-12 12:20:05.427 22953 22953 I Wireless_Storage: intf.getDisplayName() = rmnet2
12-12 12:20:05.427 22953 22953 I Wireless_Storage: intf.getDisplayName() = rmnet7
12-12 12:20:05.427 17261 23183 D Aatp    : /task/ec9246f36d03cc5988283161f26933631f6316c5/status
12-12 12:20:05.427 22953 22953 I Wireless_Storage: intf.getDisplayName() = rmnet6
12-12 12:20:05.427 22953 22953 I Wireless_Storage: intf.getDisplayName() = rmnet5
12-12 12:20:05.427 22953 22953 I Wireless_Storage: intf.getDisplayName() = rmnet1
12-12 12:20:05.427 22953 22953 I Wireless_Storage: intf.getDisplayName() = rmnet0
12-12 12:20:05.427 22953 22953 I Wireless_Storage: CONNECT : WIFI_DISCONNECT
12-12 12:20:05.437   990  3238 I ActivityManager: Killing 18041:com.android.defcontainer/u0a7 (adj 15): empty #14
12-12 12:20:05.447  1464  1475 I com.skyfire.browser.toolbar.ProcessObserverService: On process died 18041,10007
12-12 12:20:05.447  1222  1234 V SplitWindowPolicyService: requestUpdateStackInfo
12-12 12:20:05.447   990  1950 D ActivityManager: resumeTopActivityLocked: Top activity resumed ActivityRecord{41ea4de8 u0 com.lge.launcher2/.Launcher t1}
12-12 12:20:05.467 18919 23188 I iu.SyncManager: SYNC; picasa accounts
12-12 12:20:05.497 18566 18566 E dalvikvm: Could not find class 'android.content.RestrictionsManager', referenced from method amvd.a
12-12 12:20:05.497 18566 18566 W dalvikvm: VFY: unable to resolve check-cast 5322 (Landroid/content/RestrictionsManager;) in Lamvd;
12-12 12:20:05.497 18566 18566 D dalvikvm: VFY: replacing opcode 0x1f at 0x000d
12-12 12:20:05.497 18566 18566 I GCoreNlp: shouldConfirmNlp, NLP off. Ensuring opt-in disabled
12-12 12:20:05.517 18566 18566 I GeofencerStateMachine: sendQueryLocationOptIn
12-12 12:20:05.527 18566 22586 I GCoreUlr: Starting service, intent=Intent { act=com.google.android.location.reporting.ACTION_UPDATE_WORLD cmp=com.google.android.gms/com.google.android.location.reporting.service.DispatchingService (has extras) }, extras=Bundle[{receiverAction=android.location.PROVIDERS_CHANGED}]
12-12 12:20:05.527 17261 23189 D Aatp    : /stop-location
12-12 12:20:05.547 17261 23189 D AatpDeviceManager: stopTask
12-12 12:20:05.547 17261 23189 D AatpDeviceManager: got taskClass
12-12 12:20:05.547 17261 23189 D AatpDeviceManager: sending stop intent
12-12 12:20:05.547 17261 23189 D AatpDeviceManager: intent sent
12-12 12:20:05.557 17261 17261 D AatpDeviceManager: taskStatus update (cea7d86011983cff1f42dadd731a53eaf3b8b7b6: {"result":"","state":3})
12-12 12:20:05.557  1464  1474 I com.skyfire.browser.toolbar.ProcessObserverService: On importance changed 17261,12458,130
12-12 12:20:05.567 17261 23189 D Aatp    : /task/cea7d86011983cff1f42dadd731a53eaf3b8b7b6
12-12 12:20:05.577 18566 19157 I GCoreUlr: WorldUpdater received intent Intent { act=com.google.android.location.reporting.ACTION_UPDATE_WORLD cmp=com.google.android.gms/com.google.android.location.reporting.service.DispatchingService (has extras) } with receiverAction android.location.PROVIDERS_CHANGED
12-12 12:20:05.587 18566 19157 I GCoreUlr: WorldUpdater:android.location.PROVIDERS_CHANGED: Ensuring that reporting is stopped because of reasons: (no Google accounts)
12-12 12:20:05.587 18566 19157 I GCoreUlr: Unbound from all location providers
12-12 12:20:05.587 18566 19157 I GCoreUlr: Place inference reporting - stop
12-12 12:20:05.637 18566 18798 I GCoreUlr: DispatchingService ignoring Intent { act=android.net.wifi.WIFI_STATE_CHANGED flg=0x4000010 (has extras) } because ULR inactive
12-12 12:20:05.637 18566 18566 I GCoreUlr: Stopping handler for UlrDispSvcFast
12-12 12:20:05.637 18566 18566 I GCoreUlr: Unbound from all location providers
12-12 12:20:05.637 18566 18566 I GCoreUlr: Place inference reporting - stop
12-12 12:20:05.707 17261 23194 D Aatp    : /task/cea7d86011983cff1f42dadd731a53eaf3b8b7b6/status
12-12 12:20:05.907   304   384 I Vold    : [LGE][VOLD][NetlinkHandler.cpp][onEvent()] subsys:cpu, action:0
12-12 12:20:05.967   304   384 I Vold    : [LGE][VOLD][NetlinkHandler.cpp][onEvent()] subsys:cpu, action:0
12-12 12:20:06.027   304   384 I Vold    : [LGE][VOLD][NetlinkHandler.cpp][onEvent()] subsys:cpu, action:0
12-12 12:20:06.117   304   384 I Vold    : [LGE][VOLD][NetlinkHandler.cpp][onEvent()] subsys:cpu, action:0
12-12 12:20:06.267   990  1175 D WifiP2pService: P2pDisabledState{ when=-5ms what=143366 arg1=2 target=com.android.internal.util.StateMachine$SmHandler }
12-12 12:20:06.267   990  1175 D WifiP2pService: DefaultState{ when=-5ms what=143366 arg1=2 target=com.android.internal.util.StateMachine$SmHandler }
12-12 12:20:06.547 17261 17261 D AatpDeviceManager: taskStatus update (cea7d86011983cff1f42dadd731a53eaf3b8b7b6: {"result":"","state":1})
12-12 12:20:06.557 18566 18825 W GCoreFlp: No location to return for getLastLocation()
12-12 12:20:06.567   990  3366 D LocationManagerService: request 427e6418 passive Request[POWER_NONE passive fastest=0] from com.google.android.gms(10010)
12-12 12:20:06.567   990  3366 D LocationManagerService: provider request: passive ProviderRequest[ON interval=0]
12-12 12:20:06.657 22923 22923 V QRemote : [RemoteAppWidgetProvider.java:151:onReceive()] oooooo action name : com.lge.qremote.action.wait_loading
12-12 12:20:06.657 22923 22923 D QRemote : [RemoteAppWidgetProvider.java:208:onReceive()] oooooo 140514:alarm msg received!:8630
12-12 12:20:06.737 17261 23210 D Aatp    : /task/cea7d86011983cff1f42dadd731a53eaf3b8b7b6/status
12-12 12:20:07.137 22968 23000 D UEI.SmartControl: Internal timer expired: 1
12-12 12:20:07.577   304   384 I Vold    : [LGE][VOLD][NetlinkHandler.cpp][onEvent()] subsys:cpu, action:0
12-12 12:20:07.767   990  1001 I ActivityManager: Killing 22890:com.lge.sync/1000 (adj 15): empty #14
12-12 12:20:07.777 17261 23214 D Aatp    : /task/cea7d86011983cff1f42dadd731a53eaf3b8b7b6/status
12-12 12:20:07.817  1222  6012 V SplitWindowPolicyService: requestUpdateStackInfo
12-12 12:20:07.817  1464  1475 I com.skyfire.browser.toolbar.ProcessObserverService: On process died 22890,1000
12-12 12:20:07.817   990  1503 D ActivityManager: resumeTopActivityLocked: Top activity resumed ActivityRecord{41ea4de8 u0 com.lge.launcher2/.Launcher t1}
12-12 12:20:08.047 17261 18684 D AatpDeviceManager: Stopped Mock Location
12-12 12:20:08.047 17261 17261 D AatpDeviceManager: taskStatus update (cea7d86011983cff1f42dadd731a53eaf3b8b7b6: {"result":"","state":2})
12-12 12:20:08.047  1464  1474 I com.skyfire.browser.toolbar.ProcessObserverService: On importance changed 17261,12458,100
12-12 12:20:08.047   990   990 D NotificationService: updateLightListLocked :r=NotificationRecord(0x4269ce78: pkg=com.amazon.aatp.aatpdevicemanager user=UserHandle{0} id=1096041560 tag=null score=0: Notification(pri=0 contentView=com.amazon.aatp.aatpdevicemanager/0x1090064 vibrate=null sound=null defaults=0x0 flags=0x62 kind=[null])), action=2
12-12 12:20:08.057   990   990 D NotificationService: notification=Notification(pri=0 contentView=com.amazon.aatp.aatpdevicemanager/0x1090064 vibrate=null sound=null defaults=0x0 flags=0x62 kind=[null])
12-12 12:20:08.067  1464  1475 I com.skyfire.browser.toolbar.ProcessObserverService: On importance changed 17261,12458,130
12-12 12:20:08.257   327   427 I ThermalEngine: Sensor:pa_therm1:28000 mC
12-12 12:20:08.837 18566 18566 W BleClientImpl: disconnect(): Cleaning up 1 dangling listeners.
12-12 12:20:08.837 18566 18566 I BeaconBle: Scan : No clients left, canceling alarm.
12-12 12:20:08.847 18566 18566 I BeaconBle: Scan canceled successfully.
12-12 12:20:08.857 17261 23216 D Aatp    : /task/cea7d86011983cff1f42dadd731a53eaf3b8b7b6/status
12-12 12:20:08.997 17261 23217 D Aatp    : /locale
12-12 12:20:09.057   990  1032 I ActivityManager: Start proc com.famigo.sandbox for broadcast com.famigo.sandbox/.receiver.SyncReceiver: pid=23218 uid=10009 gids={50009, 3003, 1028, 1015}
12-12 12:20:09.057 17261 23217 D Aatp    : sha1: f88c39205f4163c586125b42dcf63822ba423b34
12-12 12:20:09.057 17261 23217 D AatpDeviceManager: k: NanoHttpd.QUERY_STRING v: locale=en_US
12-12 12:20:09.057 17261 23217 D AatpDeviceManager: k: locale v: en_US
12-12 12:20:09.057   990  1142 V AlarmManager: ELAPSED_WAKEUP set : Alarm{42788ae8 type 2 com.google.android.gms} when  28479951
12-12 12:20:09.067  1464  1474 I com.skyfire.browser.toolbar.ProcessObserverService: On importance changed 17261,12458,100
12-12 12:20:09.077  1464  1475 I com.skyfire.browser.toolbar.ProcessObserverService: On importance changed 17261,12458,130
12-12 12:20:09.077  1464  1474 I com.skyfire.browser.toolbar.ProcessObserverService: On importance changed 23218,10009,400
12-12 12:20:09.087 17261 23217 D Aatp    : /task/f88c39205f4163c586125b42dcf63822ba423b34
12-12 12:20:09.087   990   990 D NotificationService: updateLightListLocked :r=null, action=2
12-12 12:20:09.107   304   384 I Vold    : [LGE][VOLD][NetlinkHandler.cpp][onEvent()] subsys:cpu, action:0
12-12 12:20:09.117 17261 17261 D AatpDeviceManager: taskStatus update (f88c39205f4163c586125b42dcf63822ba423b34: {"state":1})
12-12 12:20:09.117 17261 23228 D AatpDeviceManager: Setting locale to: en_US
12-12 12:20:09.117 17261 23228 D AWSDeviceFarmAndroidLib: Setting locale to: en_US
12-12 12:20:09.117   304   384 I Vold    : [LGE][VOLD][NetlinkHandler.cpp][onEvent()] subsys:cpu, action:0
12-12 12:20:09.117 23218 23218 D HyLog   : I : /data/font/config/sfconfig.dat, No such file or directory (2)
12-12 12:20:09.117 23218 23218 D HyLog   : I : /data/font/config/dfactpre.dat, No such file or directory (2)
12-12 12:20:09.127 23218 23218 D HyLog   : I : /data/font/config/sfconfig.dat, No such file or directory (2)
12-12 12:20:09.157   304   384 I Vold    : [LGE][VOLD][NetlinkHandler.cpp][onEvent()] subsys:cpu, action:0
12-12 12:20:09.177 23218 23218 I AdXAppTracker: SELF HOST VALUE IS PRELOAD
12-12 12:20:09.177 23218 23218 I AdXAppTracker: Sending to AdX
12-12 12:20:09.197 23218 23218 V WebViewChromium: Binding Chromium to the background looper Looper (main, tid 1) {41b789e0}
12-12 12:20:09.207 23218 23218 I chromium: [INFO:library_loader_hooks.cc(112)] Chromium logging enabled: level = 0, default verbosity = 0
12-12 12:20:09.207 23218 23218 I BrowserProcessMain: Initializing chromium process, renderers=0
12-12 12:20:09.217 17261 23245 D Aatp    : /task/f88c39205f4163c586125b42dcf63822ba423b34/status
12-12 12:20:09.237 23218 23254 W chromium: [WARNING:proxy_service.cc(888)] PAC support disabled because there is no system implementation
12-12 12:20:09.257 23218 23218 I Adreno-EGL: <qeglDrvAPI_eglInitialize:410>: EGL 1.4 QUALCOMM build:  ()
12-12 12:20:09.257 23218 23218 I Adreno-EGL: OpenGL ES Shader Compiler Version: E031.24.00.08
12-12 12:20:09.257 23218 23218 I Adreno-EGL: Build Date: 03/21/14 Fri
12-12 12:20:09.257 23218 23218 I Adreno-EGL: Local Branch: AU200-20140313-all-patches-KK8x26-664328
12-12 12:20:09.257 23218 23218 I Adreno-EGL: Remote Branch: 
12-12 12:20:09.257 23218 23218 I Adreno-EGL: Local Patches: 
12-12 12:20:09.257 23218 23218 I Adreno-EGL: Reconstruct Branch: 
12-12 12:20:09.337 23218 23218 I AdXAppTracker: Metadata successfully loaded
12-12 12:20:09.337 23218 23218 I AdXAppTracker: APP_ID = [com.famigo.sandbox]
12-12 12:20:09.337 23218 23218 I AdXAppTracker: deviceName: [LG-V410]
12-12 12:20:09.337 23218 23218 I AdXAppTracker: deviceType: [android]
12-12 12:20:09.337 23218 23218 I AdXAppTracker: libraryVersion: [2.4.6]
12-12 12:20:09.337 23218 23218 I AdXAppTracker: deviceOSVersion: [4.4.2]
12-12 12:20:09.337 23218 23218 I AdXAppTracker: COUNTRY_CODE: [US]
12-12 12:20:09.337 23218 23218 I AdXAppTracker: LANGUAGE_CODE: [en]
12-12 12:20:09.337 23218 23218 I AdXAppTracker: density: []
12-12 12:20:09.337 23218 23218 I AdXAppTracker: screen_layout: []
12-12 12:20:09.337 23218 23218 I AdXAppTracker: referralURL: []
12-12 12:20:09.337   990  1180 D WifiService: New client listening to asynchronous messages
12-12 12:20:09.337 23218 23218 E ActivityThread: Failed to find provider info for com.facebook.katana.provider.AttributionIdProvider
12-12 12:20:09.357 23218 23264 I Famigo  : ProcessName: com.famigo.sandbox
12-12 12:20:09.367 23218 23218 D SyncReceiver: Heartbeat
12-12 12:20:09.367 18566 23265 D libc    : getaddrinfo called from pid =18566
12-12 12:20:09.367 18566 23265 D libc    : getaddrinfo called from pid =18566
12-12 12:20:09.367   313 23266 D libc    : getaddrinfo called from pid =313
12-12 12:20:09.367   313 23266 D libc    : _dns_getaddrinfo: iptype =1
12-12 12:20:09.367   313 23266 D libc    : _dns_getaddrinfo: query_ipv4=1, query_ipv6=0
12-12 12:20:09.367   990  3237 I ActivityManager: Killing 22940:com.lge.p2pclients.tethering/u0a81 (adj 15): empty #14
12-12 12:20:09.377  1222  6598 V SplitWindowPolicyService: requestUpdateStackInfo
12-12 12:20:09.377  1464  1475 I com.skyfire.browser.toolbar.ProcessObserverService: On process died 22940,10081
12-12 12:20:09.377   990  1950 D ActivityManager: resumeTopActivityLocked: Top activity resumed ActivityRecord{41ea4de8 u0 com.lge.launcher2/.Launcher t1}
12-12 12:20:09.407   304   384 I Vold    : [LGE][VOLD][NetlinkHandler.cpp][onEvent()] subsys:cpu, action:0
12-12 12:20:09.447 23218 23262 D libc    : getaddrinfo called from pid =23218
12-12 12:20:09.447 23218 23262 D libc    : getaddrinfo called from pid =23218
12-12 12:20:09.447   313 23271 D libc    : getaddrinfo called from pid =313
12-12 12:20:09.447   313 23271 D libc    : _dns_getaddrinfo: iptype =1
12-12 12:20:09.447   313 23271 D libc    : _dns_getaddrinfo: query_ipv4=1, query_ipv6=0
12-12 12:20:09.617   304   384 I Vold    : [LGE][VOLD][NetlinkHandler.cpp][onEvent()] subsys:cpu, action:0
12-12 12:20:09.677   304   384 I Vold    : [LGE][VOLD][NetlinkHandler.cpp][onEvent()] subsys:cpu, action:0
12-12 12:20:10.297 17261 23278 D Aatp    : /task/f88c39205f4163c586125b42dcf63822ba423b34/status
12-12 12:20:11.117   990  1181 D ConnectivityServiceHSM: Actual State: DefaultConnectivityState, Current State: DefaultConnectivityState.processMessage what=108
12-12 12:20:11.117   990  1181 D ConnectivityServiceHSM: NetTransition Wakelock for ConnectedState released by timeout
12-12 12:20:11.217 17261 17261 D AatpDeviceManager: taskStatus update (f88c39205f4163c586125b42dcf63822ba423b34: {"result":"en_US","state":2})
12-12 12:20:11.227  1464  1474 I com.skyfire.browser.toolbar.ProcessObserverService: On importance changed 17261,12458,100
12-12 12:20:11.237   990   990 D NotificationService: updateLightListLocked :r=NotificationRecord(0x41d64098: pkg=com.amazon.aatp.aatpdevicemanager user=UserHandle{0} id=1096041567 tag=null score=0: Notification(pri=0 contentView=com.amazon.aatp.aatpdevicemanager/0x1090064 vibrate=null sound=null defaults=0x0 flags=0x62 kind=[null])), action=2
