12-12 12:20:17.547 23535 23535 D HyLog   : I : /data/font/config/dfactpre.dat, No such file or directory (2)
12-12 12:20:17.547 23535 23535 D HyLog   : I : /data/font/config/sfconfig.dat, No such file or directory (2)
12-12 12:20:17.557 23432 23533 D Documents: Update found 6 roots in 53ms
12-12 12:20:17.567 23535 23535 E ReceiverBootUp: Package Name is not 'com.android.providers.calendar'
12-12 12:20:17.567 23535 23535 I Process : Sending signal. PID: 23535 SIG: 9
12-12 12:20:17.577  1222  6598 V SplitWindowPolicyService: requestUpdateStackInfo
12-12 12:20:17.577  1464  1475 I com.skyfire.browser.toolbar.ProcessObserverService: On process died 23535,10072
12-12 12:20:17.577 23432 23531 D Documents: Update found 6 roots in 81ms
12-12 12:20:17.577   990  3366 I ActivityManager: Process com.lge.defaultaccount (pid 23535) has died.
12-12 12:20:17.577   990  3366 D ActivityManager: resumeTopActivityLocked: Top activity resumed ActivityRecord{41ea4de8 u0 com.lge.launcher2/.Launcher t1}
12-12 12:20:17.717 23515 23515 E memtrack: Couldn't load memtrack module (No such file or directory)
12-12 12:20:17.717 23515 23515 E android.os.Debug: failed to load memtrack module: -2
12-12 12:20:17.787 23515 23515 D AndroidRuntime: Calling main entry com.android.commands.pm.Pm
12-12 12:20:17.797  1222  6012 V SplitWindowPolicyService: requestUpdateStackInfo
12-12 12:20:17.797   323   323 D keystore: calling clear_uid in state: 3
12-12 12:20:17.797   990  3363 I ActivityManager: Force stopping com.android.phone appid=1001 user=0: clear data
12-12 12:20:17.797   990  3363 D ActivityManager: resumeTopActivityLocked: Top activity resumed ActivityRecord{41ea4de8 u0 com.lge.launcher2/.Launcher t1}
12-12 12:20:17.807  1206  1206 I [SystemUI]GlobalAccessView: onReceive = android.intent.action.PACKAGE_RESTARTED
12-12 12:20:17.807  1489  1489 I [LGHome]EVENT: [LauncherModel.java:1146:onReceive()]onReceive intent=Intent { act=android.intent.action.PACKAGE_DATA_CLEARED dat=package:com.android.phone flg=0x10 (has extras) }
12-12 12:20:17.807 23432 23558 D Documents: Used cached roots for com.android.externalstorage.documents
12-12 12:20:17.807 23432 23558 D Documents: Used cached roots for com.android.providers.downloads.documents
12-12 12:20:17.807 23432 23558 D Documents: Used cached roots for com.android.providers.media.documents
12-12 12:20:17.807 23432 23558 D Documents: Loading roots for com.google.android.apps.docs.storage
12-12 12:20:17.807 18566 18566 I GeofencerStateMachine: removeGeofences: removeRequest=RemoveGeofencingRequest[REMOVE_ALL packageName=com.android.phone]
12-12 12:20:17.807   990   990 I ThemeManagerService: action = android.intent.action.PACKAGE_DATA_CLEARED
12-12 12:20:17.827 18919 23497 D Wear_Controller: Received broadcast action=android.intent.action.PACKAGE_DATA_CLEARED and uri=com.android.systemui
12-12 12:20:17.827 18919 23498 I LocationSettingsChecker: Removing dialog suppression flag for package com.android.systemui
12-12 12:20:17.837 23432 23558 D Documents: Update found 6 roots in 26ms
12-12 12:20:17.837 18919 22598 I Icing   : doRemovePackageData com.android.systemui
12-12 12:20:17.857   990  1950 I ActivityManager: Start proc com.lge.defaultaccount for broadcast com.lge.defaultaccount/.receiver.ReceiverBootUp: pid=23562 uid=10072 gids={50072}
12-12 12:20:17.857 23562 23562 I dalvikvm: Enabling JNI app bug workarounds for target SDK version 8...
12-12 12:20:17.867 23515 23515 D AndroidRuntime: Shutting down VM
12-12 12:20:17.867  1206  1206 I [SystemUI]QPairHandler: onReceive = android.intent.action.PACKAGE_RESTARTED
12-12 12:20:17.867  1206  1206 I [SystemUI]GlobalAccessView: onReceive = android.intent.action.PACKAGE_DATA_CLEARED
12-12 12:20:17.867 23515 23548 D dalvikvm: GC_CONCURRENT freed 97K, 15% free 593K/692K, paused 0ms+1ms, total 3ms
12-12 12:20:17.877  1464  1474 I com.skyfire.browser.toolbar.ProcessObserverService: On importance changed 23562,10072,400
12-12 12:20:17.887 23562 23562 D HyLog   : I : /data/font/config/sfconfig.dat, No such file or directory (2)
12-12 12:20:17.887 23562 23562 D HyLog   : I : /data/font/config/dfactpre.dat, No such file or directory (2)
12-12 12:20:17.887 23562 23562 D HyLog   : I : /data/font/config/sfconfig.dat, No such file or directory (2)
12-12 12:20:17.897 23562 23562 E ReceiverBootUp: Package Name is not 'com.android.providers.calendar'
12-12 12:20:17.897 23562 23562 I Process : Sending signal. PID: 23562 SIG: 9
12-12 12:20:17.897  1222  1233 V SplitWindowPolicyService: requestUpdateStackInfo
12-12 12:20:17.897  1464  1475 I com.skyfire.browser.toolbar.ProcessObserverService: On process died 23562,10072
12-12 12:20:17.897   990  1503 I ActivityManager: Process com.lge.defaultaccount (pid 23562) has died.
12-12 12:20:17.897   990  1503 D ActivityManager: resumeTopActivityLocked: Top activity resumed ActivityRecord{41ea4de8 u0 com.lge.launcher2/.Launcher t1}
12-12 12:20:18.147   304   384 I Vold    : [LGE][VOLD][NetlinkHandler.cpp][onEvent()] subsys:cpu, action:0
12-12 12:20:18.197   304   384 I Vold    : [LGE][VOLD][NetlinkHandler.cpp][onEvent()] subsys:cpu, action:0
12-12 12:20:18.247   304   384 I Vold    : [LGE][VOLD][NetlinkHandler.cpp][onEvent()] subsys:cpu, action:0
12-12 12:20:18.267   327   427 I ThermalEngine: Sensor:pa_therm1:28000 mC
12-12 12:20:18.597   304   384 I Vold    : [LGE][VOLD][NetlinkHandler.cpp][onEvent()] subsys:cpu, action:0
12-12 12:20:18.737 23585 23585 D AndroidRuntime: 
12-12 12:20:18.737 23585 23585 D AndroidRuntime: >>>>>> AndroidRuntime START com.android.internal.os.RuntimeInit <<<<<<
12-12 12:20:18.737 23585 23585 D AndroidRuntime: CheckJNI is OFF
12-12 12:20:18.757 23585 23585 D dalvikvm: Trying to load lib libjavacore.so 0x0
12-12 12:20:18.757 23585 23585 D dalvikvm: Added shared lib libjavacore.so 0x0
12-12 12:20:18.767 23585 23585 D dalvikvm: Trying to load lib libnativehelper.so 0x0
12-12 12:20:18.767 23585 23585 D dalvikvm: Added shared lib libnativehelper.so 0x0
12-12 12:20:18.767 23585 23585 D dalvikvm: No JNI_OnLoad found in libnativehelper.so 0x0, skipping init
12-12 12:20:18.797 23585 23585 D dalvikvm: Note: class Landroid/app/ActivityManagerNative; has 184 unimplemented (abstract) methods
12-12 12:20:18.967 23585 23585 E memtrack: Couldn't load memtrack module (No such file or directory)
12-12 12:20:18.967 23585 23585 E android.os.Debug: failed to load memtrack module: -2
12-12 12:20:19.037 23585 23585 D AndroidRuntime: Calling main entry com.android.commands.pm.Pm
12-12 12:20:19.037   990  3237 I ActivityManager: Force stopping com.google.android.apps.maps appid=10092 user=0: clear data
12-12 12:20:19.047  1222  6598 V SplitWindowPolicyService: requestUpdateStackInfo
12-12 12:20:19.047   990  3237 D ActivityManager: resumeTopActivityLocked: Top activity resumed ActivityRecord{41ea4de8 u0 com.lge.launcher2/.Launcher t1}
12-12 12:20:19.047  1206  1206 I [SystemUI]GlobalAccessView: onReceive = android.intent.action.PACKAGE_RESTARTED
12-12 12:20:19.047   323   323 D keystore: calling clear_uid in state: 3
12-12 12:20:19.057  1489  1489 I [LGHome]EVENT: [LauncherModel.java:1146:onReceive()]onReceive intent=Intent { act=android.intent.action.PACKAGE_DATA_CLEARED dat=package:com.google.android.apps.maps flg=0x10 (has extras) }
12-12 12:20:19.057 18566 18566 I GeofencerStateMachine: removeGeofences: removeRequest=RemoveGeofencingRequest[REMOVE_ALL packageName=com.google.android.apps.maps]
12-12 12:20:19.057   990   990 I ThemeManagerService: action = android.intent.action.PACKAGE_DATA_CLEARED
12-12 12:20:19.067 18919 23497 D Wear_Controller: Received broadcast action=android.intent.action.PACKAGE_DATA_CLEARED and uri=com.android.phone
12-12 12:20:19.077 18919 23498 I LocationSettingsChecker: Removing dialog suppression flag for package com.android.phone
12-12 12:20:19.077  1206  1206 I [SystemUI]QPairHandler: onReceive = android.intent.action.PACKAGE_RESTARTED
12-12 12:20:19.077  1206  1206 I [SystemUI]GlobalAccessView: onReceive = android.intent.action.PACKAGE_DATA_CLEARED
12-12 12:20:19.087 23432 23444 D Documents: Used cached roots for com.android.externalstorage.documents
12-12 12:20:19.087 23432 23444 D Documents: Used cached roots for com.android.providers.downloads.documents
12-12 12:20:19.087 23432 23444 D Documents: Used cached roots for com.android.providers.media.documents
12-12 12:20:19.087 23432 23444 D Documents: Loading roots for com.google.android.apps.docs.storage
12-12 12:20:19.107 18919 22598 I Icing   : doRemovePackageData com.android.phone
12-12 12:20:19.127 23432 23444 D Documents: Update found 6 roots in 55ms
12-12 12:20:19.127 23585 23585 D AndroidRuntime: Shutting down VM
12-12 12:20:19.137 23585 23595 D dalvikvm: GC_CONCURRENT freed 97K, 15% free 592K/692K, paused 1ms+0ms, total 4ms
12-12 12:20:19.147   304   384 I Vold    : [LGE][VOLD][NetlinkHandler.cpp][onEvent()] subsys:cpu, action:0
12-12 12:20:19.147   990  1503 I ActivityManager: Start proc com.lge.defaultaccount for broadcast com.lge.defaultaccount/.receiver.ReceiverBootUp: pid=23614 uid=10072 gids={50072}
12-12 12:20:19.157   304   384 I Vold    : [LGE][VOLD][NetlinkHandler.cpp][onEvent()] subsys:cpu, action:0
12-12 12:20:19.157 23614 23614 I dalvikvm: Enabling JNI app bug workarounds for target SDK version 8...
12-12 12:20:19.167  1464  1474 I com.skyfire.browser.toolbar.ProcessObserverService: On importance changed 23614,10072,400
12-12 12:20:19.177 23614 23614 D HyLog   : I : /data/font/config/sfconfig.dat, No such file or directory (2)
12-12 12:20:19.177 23614 23614 D HyLog   : I : /data/font/config/dfactpre.dat, No such file or directory (2)
12-12 12:20:19.177 23614 23614 D HyLog   : I : /data/font/config/sfconfig.dat, No such file or directory (2)
12-12 12:20:19.177 23614 23614 E ReceiverBootUp: Package Name is not 'com.android.providers.calendar'
12-12 12:20:19.177 23614 23614 I Process : Sending signal. PID: 23614 SIG: 9
12-12 12:20:19.187  1222  1234 V SplitWindowPolicyService: requestUpdateStackInfo
12-12 12:20:19.187  1464  1475 I com.skyfire.browser.toolbar.ProcessObserverService: On process died 23614,10072
12-12 12:20:19.187   990  1327 I ActivityManager: Process com.lge.defaultaccount (pid 23614) has died.
12-12 12:20:19.187   990  1327 D ActivityManager: resumeTopActivityLocked: Top activity resumed ActivityRecord{41ea4de8 u0 com.lge.launcher2/.Launcher t1}
12-12 12:20:19.457   304   384 I Vold    : [LGE][VOLD][NetlinkHandler.cpp][onEvent()] subsys:cpu, action:0
12-12 12:20:19.567   304   384 I Vold    : [LGE][VOLD][NetlinkHandler.cpp][onEvent()] subsys:cpu, action:0
12-12 12:20:19.627   304   384 I Vold    : [LGE][VOLD][NetlinkHandler.cpp][onEvent()] subsys:cpu, action:0
12-12 12:20:19.727   304   384 I Vold    : [LGE][VOLD][NetlinkHandler.cpp][onEvent()] subsys:cpu, action:0
12-12 12:20:19.967 23637 23637 D AndroidRuntime: 
12-12 12:20:19.967 23637 23637 D AndroidRuntime: >>>>>> AndroidRuntime START com.android.internal.os.RuntimeInit <<<<<<
12-12 12:20:19.967 23637 23637 D AndroidRuntime: CheckJNI is OFF
12-12 12:20:19.987 23637 23637 D dalvikvm: Trying to load lib libjavacore.so 0x0
12-12 12:20:19.987 23637 23637 D dalvikvm: Added shared lib libjavacore.so 0x0
12-12 12:20:19.987 23637 23637 D dalvikvm: Trying to load lib libnativehelper.so 0x0
12-12 12:20:19.987 23637 23637 D dalvikvm: Added shared lib libnativehelper.so 0x0
12-12 12:20:19.987 23637 23637 D dalvikvm: No JNI_OnLoad found in libnativehelper.so 0x0, skipping init
12-12 12:20:20.027 23637 23637 D dalvikvm: Note: class Landroid/app/ActivityManagerNative; has 184 unimplemented (abstract) methods
12-12 12:20:20.087 23476 23509 I dalvikvm: Could not find method android.provider.DocumentsContract.getTreeDocumentId, referenced from method fsk.a
12-12 12:20:20.087 23476 23509 W dalvikvm: VFY: unable to resolve static method 4184: Landroid/provider/DocumentsContract;.getTreeDocumentId (Landroid/net/Uri;)Ljava/lang/String;
12-12 12:20:20.087 23476 23509 D dalvikvm: VFY: replacing opcode 0x71 at 0x0075
12-12 12:20:20.117   304   434 E cutils  : Failed to mkdirat(/storage/external_SD/Android): Read-only file system
12-12 12:20:20.117 23476 23509 W ContextImpl: Failed to ensure directory: /storage/external_SD/Android/data/com.google.android.apps.docs/cache
12-12 12:20:20.117   304   434 E VoldCmdListener: [LGE][VOLD][CommandListener.cpp][VolumeCmd::runCommand()] argv[1]:mkdirs, argv[2]:/storage/external_SD/Android/data/com.google.android.apps.docs/cache/, argv[3]:(null), argc:3
12-12 12:20:20.117   304   434 W Vold    : Returning OperationFailed - no handler for errno 30
12-12 12:20:20.157 23476 23509 I dalvikvm: Could not find method android.content.ContextWrapper.createCredentialProtectedStorageContext, referenced from method jwn.createCredentialProtectedStorageContext
12-12 12:20:20.157 23476 23509 W dalvikvm: VFY: unable to resolve virtual method 1708: Landroid/content/ContextWrapper;.createCredentialProtectedStorageContext ()Landroid/content/Context;
12-12 12:20:20.157 23476 23509 D dalvikvm: VFY: replacing opcode 0x6f at 0x0002
12-12 12:20:20.157 23476 23509 I dalvikvm: Could not find method android.content.ContextWrapper.createDeviceProtectedStorageContext, referenced from method jwn.createDeviceProtectedStorageContext
12-12 12:20:20.157 23476 23509 W dalvikvm: VFY: unable to resolve virtual method 1709: Landroid/content/ContextWrapper;.createDeviceProtectedStorageContext ()Landroid/content/Context;
12-12 12:20:20.157 23476 23509 D dalvikvm: VFY: replacing opcode 0x6f at 0x0002
12-12 12:20:20.167 23476 23509 D dalvikvm: DexOpt: couldn't find static field Landroid/os/Build;.SUPPORTED_ABIS
12-12 12:20:20.167 23476 23509 W dalvikvm: VFY: unable to resolve static field 918 (SUPPORTED_ABIS) in Landroid/os/Build;
12-12 12:20:20.167 23476 23509 D dalvikvm: VFY: replacing opcode 0x62 at 0x0008
12-12 12:20:20.167 23476 23509 D dalvikvm: DexOpt: couldn't find static field Landroid/os/Build;.SUPPORTED_ABIS
12-12 12:20:20.167 23476 23509 W dalvikvm: VFY: unable to resolve static field 918 (SUPPORTED_ABIS) in Landroid/os/Build;
12-12 12:20:20.167 23476 23509 D dalvikvm: VFY: replacing opcode 0x62 at 0x0097
12-12 12:20:20.167 23476 23509 D dalvikvm: DexOpt: couldn't find field Landroid/content/pm/ApplicationInfo;.splitSourceDirs
12-12 12:20:20.167 23476 23509 W dalvikvm: VFY: unable to resolve instance field 849
12-12 12:20:20.167 23476 23509 D dalvikvm: VFY: replacing opcode 0x54 at 0x0053
12-12 12:20:20.177 23476 23509 D dalvikvm: DexOpt: couldn't find field Landroid/content/pm/ApplicationInfo;.splitSourceDirs
12-12 12:20:20.177 23476 23509 I dalvikvm: DexOpt: unable to optimize instance field ref 0x0351 at 0x57 in Lkgr;.d
12-12 12:20:20.177 23476 23509 I dalvikvm: Could not find method android.content.ContextWrapper.createCredentialProtectedStorageContext, referenced from method com.google.android.chimera.ModuleContext.createCredentialProtectedStorageContext
12-12 12:20:20.177 23476 23509 W dalvikvm: VFY: unable to resolve virtual method 1708: Landroid/content/ContextWrapper;.createCredentialProtectedStorageContext ()Landroid/content/Context;
12-12 12:20:20.177 23476 23509 D dalvikvm: VFY: replacing opcode 0x6f at 0x0002
12-12 12:20:20.177 23476 23509 I dalvikvm: Could not find method android.content.ContextWrapper.createDeviceProtectedStorageContext, referenced from method com.google.android.chimera.ModuleContext.createDeviceProtectedStorageContext
12-12 12:20:20.177 23476 23509 W dalvikvm: VFY: unable to resolve virtual method 1709: Landroid/content/ContextWrapper;.createDeviceProtectedStorageContext ()Landroid/content/Context;
12-12 12:20:20.177 23476 23509 D dalvikvm: VFY: replacing opcode 0x6f at 0x0002
12-12 12:20:20.177 23476 23509 W dalvikvm: VFY: unable to find class referenced in signature (Larql;)
12-12 12:20:20.187 23476 23509 I dalvikvm: Could not find method android.content.Context.isDeviceProtectedStorage, referenced from method kel.d
12-12 12:20:20.187 23476 23509 W dalvikvm: VFY: unable to resolve virtual method 1689: Landroid/content/Context;.isDeviceProtectedStorage ()Z
12-12 12:20:20.187 23476 23509 D dalvikvm: VFY: replacing opcode 0x6e at 0x0006
12-12 12:20:20.187 23476 23509 I dalvikvm: Could not find method android.os.UserHandle.isOwner, referenced from method kel.i
12-12 12:20:20.187 23476 23509 W dalvikvm: VFY: unable to resolve virtual method 2304: Landroid/os/UserHandle;.isOwner ()Z
12-12 12:20:20.187 23476 23509 D dalvikvm: VFY: replacing opcode 0x6e at 0x000a
12-12 12:20:20.197 23476 23509 I dalvikvm: Could not find method android.content.Context.createDeviceProtectedStorageContext, referenced from method jkx.a
12-12 12:20:20.197 23476 23509 W dalvikvm: VFY: unable to resolve virtual method 1659: Landroid/content/Context;.createDeviceProtectedStorageContext ()Landroid/content/Context;
12-12 12:20:20.197 23476 23509 D dalvikvm: VFY: replacing opcode 0x6e at 0x0029
12-12 12:20:20.197 23476 23509 I dalvikvm: Could not find method android.content.Context.getSystemService, referenced from method jkx.b
12-12 12:20:20.197 23476 23509 W dalvikvm: VFY: unable to resolve virtual method 1684: Landroid/content/Context;.getSystemService (Ljava/lang/Class;)Ljava/lang/Object;
12-12 12:20:20.197 23476 23509 D dalvikvm: VFY: replacing opcode 0x6e at 0x000b
12-12 12:20:20.197 23476 23509 D dalvikvm: Trying to load lib /data/app-lib/com.google.android.gms-1/libgmscore.so 0x420250a8
12-12 12:20:20.197 23637 23637 E memtrack: Couldn't load memtrack module (No such file or directory)
12-12 12:20:20.197 23637 23637 E android.os.Debug: failed to load memtrack module: -2
12-12 12:20:20.207 23476 23509 D dalvikvm: Added shared lib /data/app-lib/com.google.android.gms-1/libgmscore.so 0x420250a8
12-12 12:20:20.207 23476 23509 D dalvikvm: No JNI_OnLoad found in /data/app-lib/com.google.android.gms-1/libgmscore.so 0x420250a8, skipping init
12-12 12:20:20.207 23476 23509 I dalvikvm: Could not find method android.content.pm.PackageManager.isInstantApp, referenced from method kkc.a
12-12 12:20:20.207 23476 23509 W dalvikvm: VFY: unable to resolve virtual method 1808: Landroid/content/pm/PackageManager;.isInstantApp (Ljava/lang/String;)Z
12-12 12:20:20.207 23476 23509 D dalvikvm: VFY: replacing opcode 0x6e at 0x002d
12-12 12:20:20.207 23476 23509 D dalvikvm: Trying to load lib /data/app-lib/com.google.android.gms-1/libconscrypt_gmscore_jni.so 0x420250a8
12-12 12:20:20.207 23476 23509 D dalvikvm: Added shared lib /data/app-lib/com.google.android.gms-1/libconscrypt_gmscore_jni.so 0x420250a8
12-12 12:20:20.207 23476 23509 V NativeCrypto: Registering com/google/android/gms/org/conscrypt/NativeCrypto's 276 native methods...
12-12 12:20:20.227 23476 23509 E dalvikvm: Could not find class 'javax.net.ssl.SNIServerName', referenced from method com.google.android.gms.org.conscrypt.Platform.getSniHostnameFromParams
12-12 12:20:20.227 23476 23509 W dalvikvm: VFY: unable to resolve check-cast 2222 (Ljavax/net/ssl/SNIServerName;) in Lcom/google/android/gms/org/conscrypt/Platform;
12-12 12:20:20.227 23476 23509 D dalvikvm: VFY: replacing opcode 0x1f at 0x0025
12-12 12:20:20.227 23476 23509 E dalvikvm: Could not find class 'javax.net.ssl.SNIHostName', referenced from method com.google.android.gms.org.conscrypt.Platform.setParametersSniHostname
12-12 12:20:20.227 23476 23509 W dalvikvm: VFY: unable to resolve new-instance 2221 (Ljavax/net/ssl/SNIHostName;) in Lcom/google/android/gms/org/conscrypt/Platform;
12-12 12:20:20.227 23476 23509 D dalvikvm: VFY: replacing opcode 0x22 at 0x0024
12-12 12:20:20.227 23476 23509 E dalvikvm: Could not find class 'javax.net.ssl.SNIHostName', referenced from method com.google.android.gms.org.conscrypt.Platform.setParametersSniHostname
12-12 12:20:20.227 23476 23509 W dalvikvm: VFY: unable to resolve new-instance 2221 (Ljavax/net/ssl/SNIHostName;) in Lcom/google/android/gms/org/conscrypt/Platform;
12-12 12:20:20.227 23476 23509 D dalvikvm: VFY: replacing opcode 0x22 at 0x0024
12-12 12:20:20.237 23476 23509 W dalvikvm: Unable to resolve superclass of Lcom/google/android/gms/org/conscrypt/DelegatingExtendedSSLSession; (2212)
12-12 12:20:20.237 23476 23509 W dalvikvm: Link of class 'Lcom/google/android/gms/org/conscrypt/DelegatingExtendedSSLSession;' failed
12-12 12:20:20.237 23476 23509 E dalvikvm: Could not find class 'com.google.android.gms.org.conscrypt.DelegatingExtendedSSLSession', referenced from method com.google.android.gms.org.conscrypt.Platform.unwrapSSLSession
12-12 12:20:20.237 23476 23509 W dalvikvm: VFY: unable to resolve instanceof 1304 (Lcom/google/android/gms/org/conscrypt/DelegatingExtendedSSLSession;) in Lcom/google/android/gms/org/conscrypt/Platform;
12-12 12:20:20.237 23476 23509 D dalvikvm: VFY: replacing opcode 0x20 at 0x0007
12-12 12:20:20.237 23476 23509 W dalvikvm: Unable to resolve superclass of Lcom/google/android/gms/org/conscrypt/DelegatingExtendedSSLSession; (2212)
12-12 12:20:20.237 23476 23509 W dalvikvm: Link of class 'Lcom/google/android/gms/org/conscrypt/DelegatingExtendedSSLSession;' failed
12-12 12:20:20.237 23476 23509 E dalvikvm: Could not find class 'com.google.android.gms.org.conscrypt.DelegatingExtendedSSLSession', referenced from method com.google.android.gms.org.conscrypt.Platform.wrapSSLSession
12-12 12:20:20.237 23476 23509 W dalvikvm: VFY: unable to resolve new-instance 1304 (Lcom/google/android/gms/org/conscrypt/DelegatingExtendedSSLSession;) in Lcom/google/android/gms/org/conscrypt/Platform;
12-12 12:20:20.237 23476 23509 D dalvikvm: VFY: replacing opcode 0x22 at 0x0007
12-12 12:20:20.237 23476 23509 D dalvikvm: DexOpt: unable to opt direct call 0x3096 at 0x2a in Lcom/google/android/gms/org/conscrypt/Platform;.setParametersSniHostname
12-12 12:20:20.237 23476 23509 D dalvikvm: DexOpt: unable to opt direct call 0x3096 at 0x2a in Lcom/google/android/gms/org/conscrypt/Platform;.setParametersSniHostname
12-12 12:20:20.247 23476 23509 W dalvikvm: Unable to resolve superclass of Lcom/google/android/gms/org/conscrypt/DelegatingExtendedSSLSession; (2212)
12-12 12:20:20.247 23476 23509 W dalvikvm: Link of class 'Lcom/google/android/gms/org/conscrypt/DelegatingExtendedSSLSession;' failed
12-12 12:20:20.247 23476 23509 D dalvikvm: DexOpt: unable to opt direct call 0x1b67 at 0x09 in Lcom/google/android/gms/org/conscrypt/Platform;.wrapSSLSession
12-12 12:20:20.287 23637 23637 D AndroidRuntime: Calling main entry com.android.commands.pm.Pm
12-12 12:20:20.297  1222  6012 V SplitWindowPolicyService: requestUpdateStackInfo
12-12 12:20:20.297  1206  1206 I [SystemUI]GlobalAccessView: onReceive = android.intent.action.PACKAGE_RESTARTED
12-12 12:20:20.297   990  3364 I ActivityManager: Force stopping com.android.settings appid=1000 user=0: clear data
12-12 12:20:20.297   990  3364 D ActivityManager: resumeTopActivityLocked: Top activity resumed ActivityRecord{41ea4de8 u0 com.lge.launcher2/.Launcher t1}
12-12 12:20:20.307   323   323 D keystore: calling clear_uid in state: 3
12-12 12:20:20.317  1489  1489 I [LGHome]EVENT: [LauncherModel.java:1146:onReceive()]onReceive intent=Intent { act=android.intent.action.PACKAGE_DATA_CLEARED dat=package:com.android.settings flg=0x10 (has extras) }
12-12 12:20:20.317 18919 23498 D Wear_Controller: Received broadcast action=android.intent.action.PACKAGE_DATA_CLEARED and uri=com.google.android.apps.maps
12-12 12:20:20.317 18566 18566 I GeofencerStateMachine: removeGeofences: removeRequest=RemoveGeofencingRequest[REMOVE_ALL packageName=com.android.settings]
12-12 12:20:20.317   990   990 I ThemeManagerService: action = android.intent.action.PACKAGE_DATA_CLEARED
12-12 12:20:20.327 18919 23497 I LocationSettingsChecker: Removing dialog suppression flag for package com.google.android.apps.maps
12-12 12:20:20.327   304   384 I Vold    : [LGE][VOLD][NetlinkHandler.cpp][onEvent()] subsys:cpu, action:0
12-12 12:20:20.337 23432 23534 D Documents: Used cached roots for com.android.externalstorage.documents
12-12 12:20:20.337 23432 23534 D Documents: Used cached roots for com.android.providers.downloads.documents
12-12 12:20:20.337 23432 23534 D Documents: Used cached roots for com.android.providers.media.documents
12-12 12:20:20.337 23432 23534 D Documents: Loading roots for com.google.android.apps.docs.storage
12-12 12:20:20.337  1206  1206 I [SystemUI]QPairHandler: onReceive = android.intent.action.PACKAGE_RESTARTED
12-12 12:20:20.337  1206  1206 I [SystemUI]GlobalAccessView: onReceive = android.intent.action.PACKAGE_DATA_CLEARED
12-12 12:20:20.347 18919 22598 I Icing   : doRemovePackageData com.google.android.apps.maps
12-12 12:20:20.347 23432 23534 D Documents: Update found 6 roots in 26ms
12-12 12:20:20.357 23637 23637 D AndroidRuntime: Shutting down VM
12-12 12:20:20.367 23637 23646 D dalvikvm: GC_CONCURRENT freed 97K, 15% free 593K/692K, paused 0ms+0ms, total 3ms
12-12 12:20:20.387   304   384 I Vold    : [LGE][VOLD][NetlinkHandler.cpp][onEvent()] subsys:cpu, action:0
12-12 12:20:20.397   990  5309 I ActivityManager: Start proc com.lge.defaultaccount for broadcast com.lge.defaultaccount/.receiver.ReceiverBootUp: pid=23670 uid=10072 gids={50072}
12-12 12:20:20.407 23670 23670 I dalvikvm: Enabling JNI app bug workarounds for target SDK version 8...
12-12 12:20:20.407  1464  1474 I com.skyfire.browser.toolbar.ProcessObserverService: On importance changed 23670,10072,400
12-12 12:20:20.417 23670 23670 D HyLog   : I : /data/font/config/sfconfig.dat, No such file or directory (2)
12-12 12:20:20.417 23670 23670 D HyLog   : I : /data/font/config/dfactpre.dat, No such file or directory (2)
12-12 12:20:20.417 23670 23670 D HyLog   : I : /data/font/config/sfconfig.dat, No such file or directory (2)
12-12 12:20:20.427 23670 23670 E ReceiverBootUp: Package Name is not 'com.android.providers.calendar'
12-12 12:20:20.427 23670 23670 I Process : Sending signal. PID: 23670 SIG: 9
12-12 12:20:20.427  1222  1233 V SplitWindowPolicyService: requestUpdateStackInfo
12-12 12:20:20.427   990  3238 I ActivityManager: Process com.lge.defaultaccount (pid 23670) has died.
12-12 12:20:20.427   990  3238 D ActivityManager: resumeTopActivityLocked: Top activity resumed ActivityRecord{41ea4de8 u0 com.lge.launcher2/.Launcher t1}
12-12 12:20:20.437  1464  1475 I com.skyfire.browser.toolbar.ProcessObserverService: On process died 23670,10072
12-12 12:20:20.457 23476 23509 D dalvikvm: Trying to load lib /data/app-lib/com.google.android.gms-1/libgmscore.so 0x420250a8
12-12 12:20:20.457 23476 23509 D dalvikvm: Shared lib '/data/app-lib/com.google.android.gms-1/libgmscore.so' already loaded in same CL 0x420250a8
12-12 12:20:20.457 23476 23509 D dalvikvm: Trying to load lib /data/app-lib/com.google.android.gms-1/libconscrypt_gmscore_jni.so 0x420250a8
12-12 12:20:20.457 23476 23509 D dalvikvm: Shared lib '/data/app-lib/com.google.android.gms-1/libconscrypt_gmscore_jni.so' already loaded in same CL 0x420250a8
12-12 12:20:20.507 23476 23509 I ProviderInstaller: Installed default security provider GmsCore_OpenSSL
12-12 12:20:20.687   304   384 I Vold    : [LGE][VOLD][NetlinkHandler.cpp][onEvent()] subsys:cpu, action:0
12-12 12:20:20.747   304   384 I Vold    : [LGE][VOLD][NetlinkHandler.cpp][onEvent()] subsys:cpu, action:0
12-12 12:20:21.147 23688 23688 D AndroidRuntime: 
12-12 12:20:21.147 23688 23688 D AndroidRuntime: >>>>>> AndroidRuntime START com.android.internal.os.RuntimeInit <<<<<<
12-12 12:20:21.147 23688 23688 D AndroidRuntime: CheckJNI is OFF
12-12 12:20:21.167 23688 23688 D dalvikvm: Trying to load lib libjavacore.so 0x0
12-12 12:20:21.167 23688 23688 D dalvikvm: Added shared lib libjavacore.so 0x0
12-12 12:20:21.167 23688 23688 D dalvikvm: Trying to load lib libnativehelper.so 0x0
12-12 12:20:21.167 23688 23688 D dalvikvm: Added shared lib libnativehelper.so 0x0
12-12 12:20:21.167 23688 23688 D dalvikvm: No JNI_OnLoad found in libnativehelper.so 0x0, skipping init
12-12 12:20:21.197 23688 23688 D dalvikvm: Note: class Landroid/app/ActivityManagerNative; has 184 unimplemented (abstract) methods
12-12 12:20:21.367 23688 23688 E memtrack: Couldn't load memtrack module (No such file or directory)
12-12 12:20:21.367 23688 23688 E android.os.Debug: failed to load memtrack module: -2
12-12 12:20:21.377 18566 23265 D libc    : remote DNS query failed we don't need to try local DNS query result_code =401
12-12 12:20:21.377 18566 23265 D libc    : dnsproxy getaddrinfo returns 401
12-12 12:20:21.387   990  1035 D DSQN    : DNSproblemNotiEnabled is disabled ignore DNS fail CB
12-12 12:20:21.397   990  1181 D ConnectivityServiceHSM: Actual State: DefaultConnectivityState, Current State: DefaultConnectivityState.processMessage what=104
12-12 12:20:21.397   990  1181 D ConnectivityServiceHSM: Actual State: DefaultConnectivityState, Current State: DefaultConnectivityState.processMessage what=5006
12-12 12:20:21.397   990  1181 D QcConnectivityService: handleInetConditionChange: no active default network - ignore
12-12 12:20:21.447 23688 23688 D AndroidRuntime: Calling main entry com.android.commands.pm.Pm
12-12 12:20:21.447   990  1503 I ActivityManager: Force stopping com.google.android.gms appid=10010 user=0: clear data
12-12 12:20:21.447   990  1503 I ActivityManager: Killing 18566:com.google.android.gms.persistent/u0a10 (adj 1): stop com.google.android.gms
12-12 12:20:21.447   990  1503 W ActivityManager: Scheduling restart of crashed service com.google.android.gms/.chimera.PersistentIntentOperationService in 1000ms
12-12 12:20:21.447   990  1503 W ActivityManager: Scheduling restart of crashed service com.google.android.gms/com.google.android.location.fused.FusedLocationService in 1000ms
12-12 12:20:21.447   990  1503 W ActivityManager: Scheduling restart of crashed service com.google.android.gms/com.google.android.location.geocode.GeocodeService in 11000ms
12-12 12:20:21.447   990  1503 W ActivityManager: Scheduling restart of crashed service com.google.android.gms/com.google.android.location.fused.service.FusedProviderService in 21000ms
12-12 12:20:21.447   990  1503 W ActivityManager: Scheduling restart of crashed service com.google.android.gms/com.google.android.location.geofencer.service.GeofenceProviderService in 31000ms
12-12 12:20:21.447   990  1503 W ActivityManager: Scheduling restart of crashed service com.google.android.gms/com.google.android.location.internal.server.GoogleLocationService in 41000ms
12-12 12:20:21.447   990  1503 W ActivityManager: Scheduling restart of crashed service com.google.android.gms/.thunderbird.OutgoingSmsListenerService in 51000ms
12-12 12:20:21.447   990  1503 W ActivityManager: Scheduling restart of crashed service com.google.android.gms/.clearcut.service.ClearcutLoggerService in 61000ms
12-12 12:20:21.447   990  1503 W ActivityManager: Scheduling restart of crashed service com.google.android.gms/.pseudonymous.service.PseudonymousIdService in 71000ms
12-12 12:20:21.447   990  1503 W ActivityManager: Scheduling restart of crashed service com.google.android.gms/com.google.android.contextmanager.service.ContextManagerService in 80999ms
12-12 12:20:21.447   990  1503 W ActivityManager: Scheduling restart of crashed service com.google.android.gms/.common.stats.GmsCoreStatsService in 90999ms
12-12 12:20:21.447   990  1503 W ActivityManager: Scheduling restart of crashed service com.google.android.gms/.phenotype.service.PhenotypeService in 100999ms
12-12 12:20:21.447   990  1503 W ActivityManager: Scheduling restart of crashed service com.google.android.gms/.deviceconnection.service.DeviceConnectionWatcherService in 110999ms
12-12 12:20:21.447   990  1503 W ActivityManager: Scheduling restart of crashed service com.google.android.gms/.gcm.GcmService in 120999ms
12-12 12:20:21.447   990  1503 W ActivityManager: Scheduling restart of crashed service com.google.android.gms/com.google.android.location.internal.GoogleLocationManagerService in 130999ms
12-12 12:20:21.457  1464  1474 I com.skyfire.browser.toolbar.ProcessObserverService: On process died 18566,10010
12-12 12:20:21.457 23218 23262 D libc    : remote DNS query failed we don't need to try local DNS query result_code =401
12-12 12:20:21.457 23218 23262 D libc    : dnsproxy getaddrinfo returns 401
12-12 12:20:21.457 23218 23262 E AdXAppTracker: Exception: java.net.UnknownHostException: Unable to resolve host "ad-x.co.uk": Unknown error
12-12 12:20:21.457   990  1503 I ActivityManager: Killing 18919:com.google.android.gms/u0a10 (adj 1): stop com.google.android.gms
12-12 12:20:21.457   990  1035 D DSQN    : DNSproblemNotiEnabled is disabled ignore DNS fail CB
12-12 12:20:21.457   990  1503 W ActivityManager: Scheduling restart of crashed service com.google.android.gms/.chimera.GmsIntentOperationService in 140989ms
12-12 12:20:21.457   990  1503 W ActivityManager: Scheduling restart of crashed service com.google.android.gms/.icing.service.IndexService in 140988ms
12-12 12:20:21.457   990  1503 W ActivityManager: Scheduling restart of crashed service com.google.android.gms/.update.SystemUpdateService in 150987ms
12-12 12:20:21.457   990  1503 V ActivityManager: Service ServiceRecord{42719ee8 u0 com.google.android.gms/.icing.service.AppIndexingService} in process ProcessRecord{424809d8 18919:com.google.android.gms/u0a10} not same as in map: null
12-12 12:20:21.467  1464  1475 I com.skyfire.browser.toolbar.ProcessObserverService: On process died 18919,10010
12-12 12:20:21.467  1464  1474 I com.skyfire.browser.toolbar.ProcessObserverService: On process died 18519,10010
12-12 12:20:21.467   990  1503 I ActivityManager: Killing 18519:com.google.process.gapps/u0a10 (adj 5): stop com.google.android.gms
12-12 12:20:21.467   990  1503 W ActivityManager: Scheduling restart of crashed service com.google.android.gms/.auth.account.service.WorkAccountService in 150984ms
12-12 12:20:21.467   990  1503 W ActivityManager: Scheduling restart of crashed service com.google.android.gms/.auth.proximity.firstparty.SystemMemoryCacheService in 150984ms
12-12 12:20:21.467   990  1503 W ActivityManager: Scheduling restart of crashed service com.google.android.gms/.auth.setup.devicesignals.LockScreenService in 150984ms
12-12 12:20:21.467   990  1503 I ActivityManager:   Force stopping service ServiceRecord{4271a3e0 u0 com.google.android.gms/.deviceconnection.service.DeviceConnectionWatcherService}
12-12 12:20:21.467 17261 17261 D AatpDeviceManager: onDisconnected
12-12 12:20:21.467   990  1503 I ActivityManager:   Force stopping service ServiceRecord{42fdb6d8 u0 com.google.android.gms/com.google.android.location.geocode.GeocodeService}
12-12 12:20:21.467   990  1503 I ActivityManager:   Force stopping service ServiceRecord{42e32bc8 u0 com.google.android.gms/.thunderbird.OutgoingSmsListenerService}
12-12 12:20:21.467   990  1503 I ActivityManager:   Force stopping service ServiceRecord{427ce988 u0 com.google.android.gms/.auth.setup.devicesignals.LockScreenService}
12-12 12:20:21.467   990  1503 I ActivityManager:   Force stopping service ServiceRecord{42389fc0 u0 com.google.android.gms/.gcm.GcmService}
12-12 12:20:21.467   990  1503 I ActivityManager:   Force stopping service ServiceRecord{42f30768 u0 com.google.android.gms/com.google.android.location.fused.service.FusedProviderService}
12-12 12:20:21.467   990  1503 I ActivityManager:   Force stopping service ServiceRecord{4272e158 u0 com.google.android.gms/.phenotype.service.PhenotypeService}
12-12 12:20:21.467   990  1503 I ActivityManager:   Force stopping service ServiceRecord{430e01e0 u0 com.google.android.gms/com.google.android.location.fused.FusedLocationService}
12-12 12:20:21.467   990  1503 I ActivityManager:   Force stopping service ServiceRecord{42edc880 u0 com.google.android.gms/com.google.android.location.geofencer.service.GeofenceProviderService}
12-12 12:20:21.467   990  1503 I ActivityManager:   Force stopping service ServiceRecord{42e94d08 u0 com.google.android.gms/com.google.android.location.internal.server.GoogleLocationService}
12-12 12:20:21.467   990  1503 I ActivityManager:   Force stopping service ServiceRecord{427585f0 u0 com.google.android.gms/com.google.android.contextmanager.service.ContextManagerService}
12-12 12:20:21.467   990  1503 I ActivityManager:   Force stopping service ServiceRecord{420cde30 u0 com.google.android.gms/com.google.android.location.internal.GoogleLocationManagerService}
12-12 12:20:21.467   990  1503 I ActivityManager:   Force stopping service ServiceRecord{4273a1c8 u0 com.google.android.gms/.common.stats.GmsCoreStatsService}
12-12 12:20:21.467   990  1503 I ActivityManager:   Force stopping service ServiceRecord{42d50878 u0 com.google.android.gms/.clearcut.service.ClearcutLoggerService}
12-12 12:20:21.467   990  1503 I ActivityManager:   Force stopping service ServiceRecord{42e371b0 u0 com.google.android.gms/.icing.service.IndexService}
12-12 12:20:21.477  1222  6598 V SplitWindowPolicyService: requestUpdateStackInfo
12-12 12:20:21.477  1206  1206 I [SystemUI]GlobalAccessView: onReceive = android.intent.action.PACKAGE_RESTARTED
12-12 12:20:21.477   990  1503 D ActivityManager: resumeTopActivityLocked: Top activity resumed ActivityRecord{41ea4de8 u0 com.lge.launcher2/.Launcher t1}
12-12 12:20:21.487   990  1032 I ActivityManager: Start proc com.google.android.gms.persistent for broadcast com.google.android.gms/.chimera.GmsIntentOperationService$PersistentTrustedReceiver: pid=23699 uid=10010 gids={50010, 3003, 1007, 1028, 1015, 3002, 3001, 3007, 2001, 3006}
12-12 12:20:21.497  1489  1489 I [LGHome]EVENT: [LauncherModel.java:1146:onReceive()]onReceive intent=Intent { act=android.intent.action.PACKAGE_DATA_CLEARED dat=package:com.google.android.gms flg=0x10 (has extras) }
12-12 12:20:21.497   990   990 I ThemeManagerService: action = android.intent.action.PACKAGE_DATA_CLEARED
12-12 12:20:21.507   317   317 D dalvikvm: GC_EXPLICIT freed 41K, 76% free 2864K/11632K, paused 1ms+2ms, total 22ms
12-12 12:20:21.527  1206  1206 I [SystemUI]QPairHandler: onReceive = android.intent.action.PACKAGE_RESTARTED
12-12 12:20:21.527   317   317 D dalvikvm: GC_EXPLICIT freed <1K, 76% free 2864K/11632K, paused 2ms+2ms, total 20ms
12-12 12:20:21.537 23432 23533 D Documents: Used cached roots for com.android.externalstorage.documents
12-12 12:20:21.547  1206  1206 I [SystemUI]GlobalAccessView: onReceive = android.intent.action.PACKAGE_DATA_CLEARED
12-12 12:20:21.557   304   384 I Vold    : [LGE][VOLD][NetlinkHandler.cpp][onEvent()] subsys:cpu, action:0
12-12 12:20:21.557  1464  1475 I com.skyfire.browser.toolbar.ProcessObserverService: On importance changed 23699,10010,400
12-12 12:20:21.557   304   384 I Vold    : [LGE][VOLD][NetlinkHandler.cpp][onEvent()] subsys:cpu, action:0
12-12 12:20:21.567   317   317 D dalvikvm: GC_EXPLICIT freed <1K, 76% free 2864K/11632K, paused 1ms+1ms, total 33ms
12-12 12:20:21.567 23476 23476 W RocketImpressions: ClearcutLogger connection suspended: 1
12-12 12:20:21.567   323   323 D keystore: calling clear_uid in state: 3
12-12 12:20:21.567 23432 23533 D Documents: Used cached roots for com.android.providers.downloads.documents
12-12 12:20:21.577 23432 23533 D Documents: Used cached roots for com.android.providers.media.documents
12-12 12:20:21.577 23432 23533 D Documents: Loading roots for com.google.android.apps.docs.storage
12-12 12:20:21.577 23699 23699 D HyLog   : I : /data/font/config/sfconfig.dat, No such file or directory (2)
12-12 12:20:21.577 23699 23699 D HyLog   : I : /data/font/config/dfactpre.dat, No such file or directory (2)
12-12 12:20:21.577 23699 23699 D HyLog   : I : /data/font/config/sfconfig.dat, No such file or directory (2)
12-12 12:20:21.587 23432 23533 D Documents: Update found 6 roots in 79ms
12-12 12:20:21.587 23688 23688 D AndroidRuntime: Shutting down VM
12-12 12:20:21.637 23699 23699 W dalvikvm: VFY: unable to resolve static field 937 (PR_SET_DUMPABLE) in Landroid/system/OsConstants;
12-12 12:20:21.637 23699 23699 D dalvikvm: VFY: replacing opcode 0x60 at 0x0009
12-12 12:20:21.637   990  3363 D GpsLocationProvider: GPS status listener died
12-12 12:20:21.637   990  1502 D LocationManagerService: Location listener died
12-12 12:20:21.637   990  3238 D LocationManagerService: Location listener died
12-12 12:20:21.637   990  1502 I LocationManagerService: remove 42c596c0
12-12 12:20:21.637   990  1502 D LocationManagerService: provider request: passive ProviderRequest[ON interval=0]
12-12 12:20:21.637   990  3238 I LocationManagerService: remove 427e6418
12-12 12:20:21.637   990  3238 D LocationManagerService: provider request: passive ProviderRequest[ON interval=0]
12-12 12:20:21.637   990  1180 D WifiService: Client connection lost with reason: 4
12-12 12:20:21.637   990  1180 D WifiService: Client connection lost with reason: 4
12-12 12:20:21.647 23688 23693 D dalvikvm: GC_CONCURRENT freed 97K, 15% free 593K/692K, paused 1ms+0ms, total 4ms
12-12 12:20:21.657 23699 23699 W dalvikvm: VFY: unable to find class referenced in signature (Laqvj;)
12-12 12:20:21.657 23699 23699 W dalvikvm: VFY: unable to find class referenced in signature (Laqvj;)
12-12 12:20:21.657 23699 23699 W dalvikvm: VFY: unable to find class referenced in signature (Laqvj;)
12-12 12:20:21.657 23699 23699 W dalvikvm: VFY: unable to find class referenced in signature (Laqvj;)
12-12 12:20:21.657 23699 23699 I dalvikvm: Could not find method android.content.Context.getSystemService, referenced from method ro.a
12-12 12:20:21.657 23699 23699 W dalvikvm: VFY: unable to resolve virtual method 1684: Landroid/content/Context;.getSystemService (Ljava/lang/Class;)Ljava/lang/Object;
12-12 12:20:21.657 23699 23699 D dalvikvm: VFY: replacing opcode 0x6e at 0x0008
12-12 12:20:21.657 23699 23699 I dalvikvm: Could not find method android.content.Context.createDeviceProtectedStorageContext, referenced from method jkx.a
12-12 12:20:21.657 23699 23699 W dalvikvm: VFY: unable to resolve virtual method 1659: Landroid/content/Context;.createDeviceProtectedStorageContext ()Landroid/content/Context;
12-12 12:20:21.657 23699 23699 D dalvikvm: VFY: replacing opcode 0x6e at 0x0029
12-12 12:20:21.657 23699 23699 I dalvikvm: Could not find method android.content.Context.getSystemService, referenced from method jkx.b
12-12 12:20:21.667 23699 23699 W dalvikvm: VFY: unable to resolve virtual method 1684: Landroid/content/Context;.getSystemService (Ljava/lang/Class;)Ljava/lang/Object;
12-12 12:20:21.667 23699 23699 D dalvikvm: VFY: replacing opcode 0x6e at 0x000b
12-12 12:20:21.667 23699 23699 I dalvikvm: Could not find method android.content.Context.isDeviceProtectedStorage, referenced from method zcx.a
12-12 12:20:21.667 23699 23699 W dalvikvm: VFY: unable to resolve virtual method 1689: Landroid/content/Context;.isDeviceProtectedStorage ()Z
12-12 12:20:21.667 23699 23699 D dalvikvm: VFY: replacing opcode 0x6e at 0x0009
12-12 12:20:21.667 23699 23699 I dalvikvm: Could not find method android.content.Context.isDeviceProtectedStorage, referenced from method zcx.c
12-12 12:20:21.667 23699 23699 W dalvikvm: VFY: unable to resolve virtual method 1689: Landroid/content/Context;.isDeviceProtectedStorage ()Z
12-12 12:20:21.667 23699 23699 D dalvikvm: VFY: replacing opcode 0x6e at 0x005d
12-12 12:20:21.667 23699 23699 I dalvikvm: Could not find method android.os.PowerManager.isInteractive, referenced from method jih.a
12-12 12:20:21.667 23699 23699 W dalvikvm: VFY: unable to resolve virtual method 2258: Landroid/os/PowerManager;.isInteractive ()Z
12-12 12:20:21.667 23699 23699 D dalvikvm: VFY: replacing opcode 0x6e at 0x0012
12-12 12:20:21.667 23699 23699 I dalvikvm: Could not find method android.content.ContextWrapper.createCredentialProtectedStorageContext, referenced from method com.google.android.chimera.ModuleContext.createCredentialProtectedStorageContext
12-12 12:20:21.667 23699 23699 W dalvikvm: VFY: unable to resolve virtual method 1708: Landroid/content/ContextWrapper;.createCredentialProtectedStorageContext ()Landroid/content/Context;
12-12 12:20:21.667 23699 23699 D dalvikvm: VFY: replacing opcode 0x6f at 0x0002
12-12 12:20:21.667 23699 23699 I dalvikvm: Could not find method android.content.ContextWrapper.createDeviceProtectedStorageContext, referenced from method com.google.android.chimera.ModuleContext.createDeviceProtectedStorageContext
12-12 12:20:21.667 23699 23699 W dalvikvm: VFY: unable to resolve virtual method 1709: Landroid/content/ContextWrapper;.createDeviceProtectedStorageContext ()Landroid/content/Context;
12-12 12:20:21.667 23699 23699 D dalvikvm: VFY: replacing opcode 0x6f at 0x0002
12-12 12:20:21.667 23699 23699 I dalvikvm: Could not find method android.content.Context.isCredentialProtectedStorage, referenced from method cqq.a
12-12 12:20:21.667 23699 23699 W dalvikvm: VFY: unable to resolve virtual method 1688: Landroid/content/Context;.isCredentialProtectedStorage ()Z
12-12 12:20:21.667 23699 23699 D dalvikvm: VFY: replacing opcode 0x6e at 0x0000
12-12 12:20:21.667 23699 23699 I dalvikvm: Could not find method android.os.UserManager.isUserUnlocked, referenced from method cqq.a
12-12 12:20:21.667 23699 23699 W dalvikvm: VFY: unable to resolve virtual method 2311: Landroid/os/UserManager;.isUserUnlocked ()Z
12-12 12:20:21.677 23699 23699 D dalvikvm: VFY: replacing opcode 0x6e at 0x001a
12-12 12:20:21.677 23699 23699 I dalvikvm: Could not find method android.content.Context.isDeviceProtectedStorage, referenced from method cqq.b
12-12 12:20:21.677 23699 23699 W dalvikvm: VFY: unable to resolve virtual method 1689: Landroid/content/Context;.isDeviceProtectedStorage ()Z
12-12 12:20:21.677 23699 23699 D dalvikvm: VFY: replacing opcode 0x6e at 0x0000
12-12 12:20:21.677 23699 23699 I dalvikvm: Could not find method android.content.Context.isDeviceProtectedStorage, referenced from method cqq.c
12-12 12:20:21.677 23699 23699 W dalvikvm: VFY: unable to resolve virtual method 1689: Landroid/content/Context;.isDeviceProtectedStorage ()Z
12-12 12:20:21.677 23699 23699 D dalvikvm: VFY: replacing opcode 0x6e at 0x0000
12-12 12:20:21.677 23699 23699 I MultiDex: VM with version 1.6.0 does not have multidex support
12-12 12:20:21.677 23699 23699 I MultiDex: install
12-12 12:20:21.677 23699 23699 I MultiDex: MultiDexExtractor.load(/data/app/com.google.android.gms-1.apk, false)
12-12 12:20:21.677 23699 23699 I MultiDex: Blocking on lock /data/data/com.google.android.gms/code_cache/secondary-dexes/MultiDex.lock
12-12 12:20:21.677 23699 23699 I MultiDex: /data/data/com.google.android.gms/code_cache/secondary-dexes/MultiDex.lock locked
12-12 12:20:21.687 23699 23699 I MultiDex: Detected that extraction must be performed.
12-12 12:20:21.867   304   384 I Vold    : [LGE][VOLD][NetlinkHandler.cpp][onEvent()] subsys:cpu, action:0
12-12 12:20:21.997 23699 23699 I MultiDex: Extraction is needed for file /data/data/com.google.android.gms/code_cache/secondary-dexes/com.google.android.gms-1.apk.classes2.zip
12-12 12:20:21.997 23699 23699 I MultiDex: Extracting /data/data/com.google.android.gms/code_cache/secondary-dexes/tmp-com.google.android.gms-1.apk.classes-1767096918.zip
12-12 12:20:22.117   304   384 I Vold    : [LGE][VOLD][NetlinkHandler.cpp][onEvent()] subsys:cpu, action:0
12-12 12:20:22.437 23730 23730 D AndroidRuntime: 
12-12 12:20:22.437 23730 23730 D AndroidRuntime: >>>>>> AndroidRuntime START com.android.internal.os.RuntimeInit <<<<<<
12-12 12:20:22.437 23730 23730 D AndroidRuntime: CheckJNI is OFF
12-12 12:20:22.457 23730 23730 D dalvikvm: Trying to load lib libjavacore.so 0x0
12-12 12:20:22.457 23730 23730 D dalvikvm: Added shared lib libjavacore.so 0x0
12-12 12:20:22.457 23730 23730 D dalvikvm: Trying to load lib libnativehelper.so 0x0
12-12 12:20:22.457 23730 23730 D dalvikvm: Added shared lib libnativehelper.so 0x0
12-12 12:20:22.457 23730 23730 D dalvikvm: No JNI_OnLoad found in libnativehelper.so 0x0, skipping init
12-12 12:20:22.497 23730 23730 D dalvikvm: Note: class Landroid/app/ActivityManagerNative; has 184 unimplemented (abstract) methods
12-12 12:20:22.667 23730 23730 E memtrack: Couldn't load memtrack module (No such file or directory)
12-12 12:20:22.667 23730 23730 E android.os.Debug: failed to load memtrack module: -2
12-12 12:20:22.757 23730 23730 D AndroidRuntime: Calling main entry com.android.commands.pm.Pm
12-12 12:20:22.757   990  3366 I ActivityManager: Force stopping com.google.android.gm appid=10063 user=0: clear data
12-12 12:20:22.767  1222  1234 V SplitWindowPolicyService: requestUpdateStackInfo
12-12 12:20:22.767  1206  1206 I [SystemUI]GlobalAccessView: onReceive = android.intent.action.PACKAGE_RESTARTED
12-12 12:20:22.767   990  3366 D ActivityManager: resumeTopActivityLocked: Top activity resumed ActivityRecord{41ea4de8 u0 com.lge.launcher2/.Launcher t1}
12-12 12:20:22.777  1489  1489 I [LGHome]EVENT: [LauncherModel.java:1146:onReceive()]onReceive intent=Intent { act=android.intent.action.PACKAGE_DATA_CLEARED dat=package:com.google.android.gm flg=0x10 (has extras) }
12-12 12:20:22.777   323   323 D keystore: calling clear_uid in state: 3
12-12 12:20:22.777 23432 23531 D Documents: Used cached roots for com.android.externalstorage.documents
12-12 12:20:22.777 23432 23531 D Documents: Used cached roots for com.android.providers.downloads.documents
12-12 12:20:22.777 23432 23531 D Documents: Used cached roots for com.android.providers.media.documents
12-12 12:20:22.777 23432 23531 D Documents: Loading roots for com.google.android.apps.docs.storage
12-12 12:20:22.777   990   990 I ThemeManagerService: action = android.intent.action.PACKAGE_DATA_CLEARED
12-12 12:20:22.787  1206  1206 I [SystemUI]QPairHandler: onReceive = android.intent.action.PACKAGE_RESTARTED
12-12 12:20:22.787  1206  1206 I [SystemUI]GlobalAccessView: onReceive = android.intent.action.PACKAGE_DATA_CLEARED
12-12 12:20:22.787 23432 23531 D Documents: Update found 6 roots in 14ms
12-12 12:20:22.807 23730 23730 D AndroidRuntime: Shutting down VM
12-12 12:20:22.807 23730 23735 D dalvikvm: GC_CONCURRENT freed 97K, 15% free 593K/692K, paused 0ms+1ms, total 3ms
12-12 12:20:23.277   327   427 I ThermalEngine: Sensor:pa_therm1:28000 mC
12-12 12:20:23.597 23742 23742 D AndroidRuntime: 
