12-12 12:20:11.237   990   990 D NotificationService: notification=Notification(pri=0 contentView=com.amazon.aatp.aatpdevicemanager/0x1090064 vibrate=null sound=null defaults=0x0 flags=0x62 kind=[null])
12-12 12:20:11.247  1464  1475 I com.skyfire.browser.toolbar.ProcessObserverService: On importance changed 17261,12458,130
12-12 12:20:11.407 17261 23280 D Aatp    : /task/f88c39205f4163c586125b42dcf63822ba423b34/status
12-12 12:20:11.487 17261 17263 D dalvikvm: GC_CONCURRENT freed 1940K, 70% free 3563K/11632K, paused 7ms+3ms, total 63ms
12-12 12:20:12.127 17261 23285 D Aatp    : /ping
12-12 12:20:12.307 17261 23286 D Aatp    : /apps-to-uninstall
12-12 12:20:12.327 17261 23286 D Aatp    : sha1: 02f88cadf626caa329ea64364ab168d30bb7b49f
12-12 12:20:12.337  1464  1474 I com.skyfire.browser.toolbar.ProcessObserverService: On importance changed 17261,12458,100
12-12 12:20:12.357  1464  1475 I com.skyfire.browser.toolbar.ProcessObserverService: On importance changed 17261,12458,130
12-12 12:20:12.367 17261 23286 D Aatp    : /task/02f88cadf626caa329ea64364ab168d30bb7b49f
12-12 12:20:12.367   990   990 D NotificationService: updateLightListLocked :r=null, action=2
12-12 12:20:12.387 17261 17261 D AatpDeviceManager: taskStatus update (02f88cadf626caa329ea64364ab168d30bb7b49f: {"state":1})
12-12 12:20:12.417   304   384 I Vold    : [LGE][VOLD][NetlinkHandler.cpp][onEvent()] subsys:cpu, action:0
12-12 12:20:12.427   304   384 I Vold    : [LGE][VOLD][NetlinkHandler.cpp][onEvent()] subsys:cpu, action:0
12-12 12:20:12.457 17261 17261 D AatpDeviceManager: taskStatus update (02f88cadf626caa329ea64364ab168d30bb7b49f: {"result":[],"state":2})
12-12 12:20:12.457  1464  1474 I com.skyfire.browser.toolbar.ProcessObserverService: On importance changed 17261,12458,100
12-12 12:20:12.457   990   990 D NotificationService: updateLightListLocked :r=NotificationRecord(0x41ef0940: pkg=com.amazon.aatp.aatpdevicemanager user=UserHandle{0} id=1096041568 tag=null score=0: Notification(pri=0 contentView=com.amazon.aatp.aatpdevicemanager/0x1090064 vibrate=null sound=null defaults=0x0 flags=0x62 kind=[null])), action=2
12-12 12:20:12.457   990   990 D NotificationService: notification=Notification(pri=0 contentView=com.amazon.aatp.aatpdevicemanager/0x1090064 vibrate=null sound=null defaults=0x0 flags=0x62 kind=[null])
12-12 12:20:12.467  1464  1475 I com.skyfire.browser.toolbar.ProcessObserverService: On importance changed 17261,12458,130
12-12 12:20:12.467   304   384 I Vold    : [LGE][VOLD][NetlinkHandler.cpp][onEvent()] subsys:cpu, action:0
12-12 12:20:12.527 17261 23302 D Aatp    : /task/02f88cadf626caa329ea64364ab168d30bb7b49f/status
12-12 12:20:12.617 23218 23218 D SyncReceiver: Heartbeat
12-12 12:20:12.617   990  1142 V AlarmManager: RTC_WAKEUP set : Alarm{42c56e78 type 0 com.android.vending} when  1513110012623
12-12 12:20:12.627 17261 23304 D Aatp    : /ping
12-12 12:20:12.717   304   384 I Vold    : [LGE][VOLD][NetlinkHandler.cpp][onEvent()] subsys:cpu, action:0
12-12 12:20:12.767 17261 23305 D Aatp    : /clean-accounts
12-12 12:20:12.777   304   384 I Vold    : [LGE][VOLD][NetlinkHandler.cpp][onEvent()] subsys:cpu, action:0
12-12 12:20:12.787 17261 23305 D Aatp    : sha1: a714da930d4533c66b54074833c70891e69d52b0
12-12 12:20:12.787  1464  1474 I com.skyfire.browser.toolbar.ProcessObserverService: On importance changed 17261,12458,100
12-12 12:20:12.787  1464  1475 I com.skyfire.browser.toolbar.ProcessObserverService: On importance changed 17261,12458,130
12-12 12:20:12.797 17261 17261 D AatpDeviceManager: taskStatus update (a714da930d4533c66b54074833c70891e69d52b0: {"state":1})
12-12 12:20:12.797 17261 17261 D AatpDeviceManager: taskStatus update (a714da930d4533c66b54074833c70891e69d52b0: {"result":"Cleaned Accounts PASS","state":2})
12-12 12:20:12.797  1464  1474 I com.skyfire.browser.toolbar.ProcessObserverService: On importance changed 17261,12458,100
12-12 12:20:12.797   990   990 D NotificationService: updateLightListLocked :r=null, action=2
12-12 12:20:12.807 17261 23305 D Aatp    : /task/a714da930d4533c66b54074833c70891e69d52b0
12-12 12:20:12.807   990   990 D NotificationService: updateLightListLocked :r=NotificationRecord(0x41f0e418: pkg=com.amazon.aatp.aatpdevicemanager user=UserHandle{0} id=1096041569 tag=null score=0: Notification(pri=0 contentView=com.amazon.aatp.aatpdevicemanager/0x1090064 vibrate=null sound=null defaults=0x0 flags=0x62 kind=[null])), action=2
12-12 12:20:12.807   990   990 D NotificationService: notification=Notification(pri=0 contentView=com.amazon.aatp.aatpdevicemanager/0x1090064 vibrate=null sound=null defaults=0x0 flags=0x62 kind=[null])
12-12 12:20:12.817  1464  1475 I com.skyfire.browser.toolbar.ProcessObserverService: On importance changed 17261,12458,130
12-12 12:20:12.857  2748  2748 D Finsky  : [1] 5.onFinished: Installation state replication succeeded.
12-12 12:20:12.947 17261 23314 D Aatp    : /task/a714da930d4533c66b54074833c70891e69d52b0/status
12-12 12:20:13.037 17261 23315 D Aatp    : /rm-external-files
12-12 12:20:13.087   304   384 I Vold    : [LGE][VOLD][NetlinkHandler.cpp][onEvent()] subsys:cpu, action:0
12-12 12:20:13.097 17261 23315 D Aatp    : sha1: b05a5456560df76701e42fb59f37e98900ee1ac5
12-12 12:20:13.107  1464  1474 I com.skyfire.browser.toolbar.ProcessObserverService: On importance changed 17261,12458,100
12-12 12:20:13.107  1464  1475 I com.skyfire.browser.toolbar.ProcessObserverService: On importance changed 17261,12458,130
12-12 12:20:13.107   990   990 D NotificationService: updateLightListLocked :r=null, action=2
12-12 12:20:13.117 17261 17261 D AatpDeviceManager: taskStatus update (b05a5456560df76701e42fb59f37e98900ee1ac5: {"state":1})
12-12 12:20:13.117 17261 23315 D Aatp    : /task/b05a5456560df76701e42fb59f37e98900ee1ac5
12-12 12:20:13.137   304   384 I Vold    : [LGE][VOLD][NetlinkHandler.cpp][onEvent()] subsys:cpu, action:0
12-12 12:20:13.157 17261 23319 D AatpDeviceManager: Wiping files from: /sdcard
12-12 12:20:13.177 17261 17263 D dalvikvm: GC_CONCURRENT freed 2000K, 70% free 3519K/11632K, paused 2ms+4ms, total 31ms
12-12 12:20:13.217 17261 23319 D AatpDeviceManager: Wiping files from: /mnt/sdcard
12-12 12:20:13.217 17261 23319 D AatpDeviceManager: 0 files left!
12-12 12:20:13.217 17261 17261 D AatpDeviceManager: taskStatus update (b05a5456560df76701e42fb59f37e98900ee1ac5: {"result":[],"state":2})
12-12 12:20:13.217  1464  1474 I com.skyfire.browser.toolbar.ProcessObserverService: On importance changed 17261,12458,100
12-12 12:20:13.217   990   990 D NotificationService: updateLightListLocked :r=NotificationRecord(0x4223e5b8: pkg=com.amazon.aatp.aatpdevicemanager user=UserHandle{0} id=1096041570 tag=null score=0: Notification(pri=0 contentView=com.amazon.aatp.aatpdevicemanager/0x1090064 vibrate=null sound=null defaults=0x0 flags=0x62 kind=[null])), action=2
12-12 12:20:13.217   990   990 D NotificationService: notification=Notification(pri=0 contentView=com.amazon.aatp.aatpdevicemanager/0x1090064 vibrate=null sound=null defaults=0x0 flags=0x62 kind=[null])
12-12 12:20:13.227  1464  1475 I com.skyfire.browser.toolbar.ProcessObserverService: On importance changed 17261,12458,130
12-12 12:20:13.267   327   427 I ThermalEngine: Sensor:pa_therm1:27000 mC
12-12 12:20:13.267 17261 23324 D Aatp    : /task/b05a5456560df76701e42fb59f37e98900ee1ac5/status
12-12 12:20:13.447   304   384 I Vold    : [LGE][VOLD][NetlinkHandler.cpp][onEvent()] subsys:cpu, action:0
12-12 12:20:13.677   304   384 I Vold    : [LGE][VOLD][NetlinkHandler.cpp][onEvent()] subsys:cpu, action:0
12-12 12:20:13.847 23329 23329 D AndroidRuntime: 
12-12 12:20:13.847 23329 23329 D AndroidRuntime: >>>>>> AndroidRuntime START com.android.internal.os.RuntimeInit <<<<<<
12-12 12:20:13.847 23329 23329 D AndroidRuntime: CheckJNI is OFF
12-12 12:20:13.847 18566 18566 I BeaconBle: Scan : No clients left, canceling alarm.
12-12 12:20:13.867 23329 23329 D dalvikvm: Trying to load lib libjavacore.so 0x0
12-12 12:20:13.867 23329 23329 D dalvikvm: Added shared lib libjavacore.so 0x0
12-12 12:20:13.867 23329 23329 D dalvikvm: Trying to load lib libnativehelper.so 0x0
12-12 12:20:13.867 23329 23329 D dalvikvm: Added shared lib libnativehelper.so 0x0
12-12 12:20:13.867 23329 23329 D dalvikvm: No JNI_OnLoad found in libnativehelper.so 0x0, skipping init
12-12 12:20:13.907 23329 23329 D dalvikvm: Note: class Landroid/app/ActivityManagerNative; has 184 unimplemented (abstract) methods
12-12 12:20:14.087 23329 23329 E memtrack: Couldn't load memtrack module (No such file or directory)
12-12 12:20:14.087 23329 23329 E android.os.Debug: failed to load memtrack module: -2
12-12 12:20:14.167 23329 23329 D AndroidRuntime: Calling main entry com.android.commands.pm.Pm
12-12 12:20:14.177 23329 23329 D AndroidRuntime: Shutting down VM
12-12 12:20:14.177 23329 23338 D dalvikvm: GC_CONCURRENT freed 97K, 15% free 593K/692K, paused 0ms+1ms, total 3ms
12-12 12:20:14.177   990  3366 W ActivityManager: Invalid packageName: com.google.android.browser
12-12 12:20:14.397   304   384 I Vold    : [LGE][VOLD][NetlinkHandler.cpp][onEvent()] subsys:cpu, action:0
12-12 12:20:14.877   304   384 I Vold    : [LGE][VOLD][NetlinkHandler.cpp][onEvent()] subsys:cpu, action:0
12-12 12:20:14.887   990 22200 D qcom_sensors_hal: hal_time_data_cb: msg_type 2
12-12 12:20:14.887   990 22200 D qcom_sensors_hal: hal_time_data_cb: Sn 24, msg Id 3, txn Id 0
12-12 12:20:14.887   990 22200 D qcom_sensors_hal: hal_ts_offset_is: Apps: 1513110014894801097; DSPS: 933535273; Offset: 1513081525659174877
12-12 12:20:15.027 23348 23348 D AndroidRuntime: 
12-12 12:20:15.027 23348 23348 D AndroidRuntime: >>>>>> AndroidRuntime START com.android.internal.os.RuntimeInit <<<<<<
12-12 12:20:15.027 23348 23348 D AndroidRuntime: CheckJNI is OFF
12-12 12:20:15.047 23348 23348 D dalvikvm: Trying to load lib libjavacore.so 0x0
12-12 12:20:15.047 23348 23348 D dalvikvm: Added shared lib libjavacore.so 0x0
12-12 12:20:15.047 23348 23348 D dalvikvm: Trying to load lib libnativehelper.so 0x0
12-12 12:20:15.047 23348 23348 D dalvikvm: Added shared lib libnativehelper.so 0x0
12-12 12:20:15.047 23348 23348 D dalvikvm: No JNI_OnLoad found in libnativehelper.so 0x0, skipping init
12-12 12:20:15.087 23348 23348 D dalvikvm: Note: class Landroid/app/ActivityManagerNative; has 184 unimplemented (abstract) methods
12-12 12:20:15.267 23348 23348 E memtrack: Couldn't load memtrack module (No such file or directory)
12-12 12:20:15.267 23348 23348 E android.os.Debug: failed to load memtrack module: -2
12-12 12:20:15.347 23348 23348 D AndroidRuntime: Calling main entry com.android.commands.pm.Pm
12-12 12:20:15.357  1464  1474 I com.skyfire.browser.toolbar.ProcessObserverService: On process died 23141,10058
12-12 12:20:15.357  1222  1234 V SplitWindowPolicyService: requestUpdateStackInfo
12-12 12:20:15.357   323   323 D keystore: calling clear_uid in state: 3
12-12 12:20:15.357   990  3238 I ActivityManager: Force stopping com.android.chrome appid=10058 user=0: clear data
12-12 12:20:15.357   990  3238 I ActivityManager: Killing 23141:com.android.chrome/u0a58 (adj 15): stop com.android.chrome
12-12 12:20:15.357   990  3238 D ActivityManager: resumeTopActivityLocked: Top activity resumed ActivityRecord{41ea4de8 u0 com.lge.launcher2/.Launcher t1}
12-12 12:20:15.367   990  1040 I ActivityManager: Start proc com.android.defcontainer for service com.android.defcontainer/.DefaultContainerService: pid=23364 uid=10007 gids={50007, 1028, 1015, 1023, 2001, 1035}
12-12 12:20:15.377  1489  1489 I [LGHome]EVENT: [LauncherModel.java:1146:onReceive()]onReceive intent=Intent { act=android.intent.action.PACKAGE_DATA_CLEARED dat=package:com.android.chrome flg=0x10 (has extras) }
12-12 12:20:15.377  1206  1206 I [SystemUI]GlobalAccessView: onReceive = android.intent.action.PACKAGE_RESTARTED
12-12 12:20:15.377 18566 18566 I GeofencerStateMachine: removeGeofences: removeRequest=RemoveGeofencingRequest[REMOVE_ALL packageName=com.android.chrome]
12-12 12:20:15.377   990   990 I ThemeManagerService: action = android.intent.action.PACKAGE_DATA_CLEARED
12-12 12:20:15.397   317   317 D dalvikvm: GC_EXPLICIT freed 42K, 76% free 2864K/11632K, paused 2ms+2ms, total 23ms
12-12 12:20:15.417   317   317 D dalvikvm: GC_EXPLICIT freed <1K, 76% free 2864K/11632K, paused 2ms+2ms, total 20ms
12-12 12:20:15.427   304   384 I Vold    : [LGE][VOLD][NetlinkHandler.cpp][onEvent()] subsys:cpu, action:0
12-12 12:20:15.437   317   317 D dalvikvm: GC_EXPLICIT freed <1K, 76% free 2864K/11632K, paused 2ms+3ms, total 26ms
12-12 12:20:15.447  1464  1475 I com.skyfire.browser.toolbar.ProcessObserverService: On importance changed 23364,10007,400
12-12 12:20:15.447   990  1032 I ActivityManager: Start proc com.android.calendar for broadcast com.android.calendar/.holiday.HolidayReceiver: pid=23382 uid=10017 gids={50017, 3003, 1028, 1015}
12-12 12:20:15.457 23364 23364 D HyLog   : I : /data/font/config/sfconfig.dat, No such file or directory (2)
12-12 12:20:15.457 23364 23364 D HyLog   : I : /data/font/config/dfactpre.dat, No such file or directory (2)
12-12 12:20:15.457 23364 23364 D HyLog   : I : /data/font/config/sfconfig.dat, No such file or directory (2)
12-12 12:20:15.457  1206  1206 I [SystemUI]QPairHandler: onReceive = android.intent.action.PACKAGE_RESTARTED
12-12 12:20:15.457  1206  1206 I [SystemUI]GlobalAccessView: onReceive = android.intent.action.PACKAGE_DATA_CLEARED
12-12 12:20:15.457  1464  1474 I com.skyfire.browser.toolbar.ProcessObserverService: On importance changed 23382,10017,400
12-12 12:20:15.477 23382 23382 D HyLog   : I : /data/font/config/sfconfig.dat, No such file or directory (2)
12-12 12:20:15.477 23382 23382 D HyLog   : I : /data/font/config/dfactpre.dat, No such file or directory (2)
12-12 12:20:15.477 23382 23382 D HyLog   : I : /data/font/config/sfconfig.dat, No such file or directory (2)
12-12 12:20:15.477 23348 23348 D AndroidRuntime: Shutting down VM
12-12 12:20:15.487 23348 23358 D dalvikvm: GC_CONCURRENT freed 97K, 15% free 593K/692K, paused 1ms+0ms, total 4ms
12-12 12:20:15.507 23382 23382 D CalendarApplication: CalendarApplication.onCreate()
12-12 12:20:15.517 23382 23382 D PreferenceKeysParser: [debug_displayParseInfos] preference keys.size() = 48
12-12 12:20:15.517 23382 23382 D PreferenceKeysParser: [debug_displayParseInfos] preference keys = {lg_preferences_default_cell_height=com.android.calendar.adaptation.PreferenceKey$KeyData@41b8ddc8, lg_preferrences_country_code=com.android.calendar.adaptation.PreferenceKey$KeyData@41b8e448, lg_preferences_alerts_vibrateWhen=com.android.calendar.adaptation.PreferenceKey$KeyData@41b8d788, lg_preferences_debug_gifticon=com.android.calendar.adaptation.PreferenceKey$KeyData@41b8fa88, lg_preferences_week_start_day=com.android.calendar.adaptation.PreferenceKey$KeyData@41b8cbe8, lg_preferences_dont_show_again_no_online_account=com.android.calendar.adaptation.PreferenceKey$KeyData@41b8e9d0, lg_preferences_debug_gifticon_test_server=com.android.calendar.adaptation.PreferenceKey$KeyData@41b8fcd8, lg_preferences_tardis_1=com.android.calendar.adaptation.PreferenceKey$KeyData@41b8f548, lg_preferences_alerts_popup=com.android.calendar.adaptation.PreferenceKey$KeyData@41b8d440, lg_preferences_skip_setup=com.android.calendar.adaptation.PreferenceKey$KeyData@41b8d0a0, lg_preferences_device_tz=com.android.calendar.adaptation.PreferenceKey$KeyData@41b8e758, lg_preferences_exclude_sticker_list=com.android.calendar.adaptation.PreferenceKey$KeyData@41b8ed98, lg_preferences_debug_operator=com.android.calendar.adaptation.PreferenceKey$KeyData@41b8f768, lg_preference_default_myphonebook=com.android.calendar.adaptation.PreferenceKey$KeyData@41b8eaf0, lg_preferences_default_reminder=com.android.calendar.adaptation.PreferenceKey$KeyData@41b8dca0, lg_preferences_show_controls=com.android.calendar.adaptation.PreferenceKey$KeyData@41b8db80, lg_preferences_user_select_noti_sound=com.android.calendar.adaptation.PreferenceKey$KeyData@41b8ec20, lg_preferences_show_week_num=com.android.calendar.adaptation.PreferenceKey$KeyData@41b8ce18, lg_preferences_alerts_ringtone=com.android.calendar.adaptation.PreferenceKey$KeyData@41b8d8a0, lg_preferences_debug_datesearch=com.android.calendar.adaptation.PreferenceKey$KeyData@41b8ff00, lg_preferences_alerts=com.android.calendar.adaptation.PreferenceKey$KeyData@41b8d2d8, lg_preference_received_provider_reminder_broadcast=com.android.calendar.adaptation.PreferenceKey$KeyData@41b90180, lg_preferences_home_tz=com.android.calendar.adaptation.PreferenceKey$KeyData@41b8e658, lg_preferences_alerts_type=com.android.calendar.adaptation.PreferenceKey$KeyData@41b8d548, lg_preference_defaultCalendar=com.android.calendar.adaptation.PreferenceKey$KeyData@41b8e0d0, lg_preferences_recent_timezones=com.android.calendar.adaptation.PreferenceKey$KeyData@41b8eeb8, lg_preferences_writable_calendars_count=com.android.calendar.adaptation.PreferenceKey$KeyData@41b8e210, lg_preferences_widget_info_calendars=com.android.calendar.adaptation.PreferenceKey$KeyData@41b8f0f0, lg_preferences_debug_gifticon_server=com.android.calendar.adaptation.PreferenceKey$KeyData@41b8fbb8, lg_preferred_detailedView=com.android.calendar.adaptation.PreferenceKey$KeyData@41b8dfc0, lg_preferences_debug_floating=com.android.calendar.adaptation.PreferenceKey$KeyData@41b8f878, lg_preferences_select_aux_calendar=com.android.calendar.adaptation.PreferenceKey$KeyData@41b8e338, lg_preferences_weather_info=com.android.calendar.adaptation.PreferenceKey$KeyData@41b8f200, lg_preferences_alerts_vibratetype=com.android.calendar.adaptation.PreferenceKey$KeyData@41b8f320, lg_preferences_gifticon_agreement=com.android.calendar.adaptation.PreferenceKey$KeyData@41b8fde0, lg_preferences_hide_declined=com.android.calendar.adaptation.PreferenceKey$KeyData@41b8ca70, lg_preferences_debug_rtl=com.android.calendar.adaptation.PreferenceKey$KeyData@41b8f978, lg_preferences_app_version=com.android.calendar.adaptation.PreferenceKey$KeyData@41b8efc0, lg_preferred_startView=com.android.calendar.adaptation.PreferenceKey$KeyData@41b8dec0, lg_preferences_notification_type=com.android.calendar.adaptation.PreferenceKey$KeyData@41b8d668, lg_preferences_display_weather_information=com.android.calendar.adaptation.PreferenceKey$KeyData@41b8d1e8, lg_preferences_days_per_week=com.android.calendar.adaptation.PreferenceKey$
12-12 12:20:15.517 23382 23382 D GeneralPreferenceUtils: [migratePrefrenceKeys] Exit: Version(42001300) >= 42001300
12-12 12:20:15.527 23382 23382 D Config  : [init]
12-12 12:20:15.527 23382 23382 I Config  : LGCalendar ver.4.20.13
12-12 12:20:15.527 23382 23382 I Config  : start check model
12-12 12:20:15.527 23382 23382 I Config  : start check native_ca
12-12 12:20:15.527 23382 23382 I Config  : Config Operator=ATT, Country=US
12-12 12:20:15.527 23382 23382 D Config  : [setDefaultValuesToPref]
12-12 12:20:15.527 23382 23382 D Config  : [parseProfiles]
12-12 12:20:15.527 23382 23382 D ProfilesParser: [debug_displayParseInfos] profile.country = US
12-12 12:20:15.527 23382 23382 D ProfilesParser: [debug_displayParseInfos] profile.operator = ATT
12-12 12:20:15.527 23382 23382 D ProfilesParser: [debug_displayParseInfos] profile.keyValue.size() = 1
12-12 12:20:15.527 23382 23382 D ProfilesParser: [debug_displayParseInfos] profile.prefValues = {lg_preferences_hide_declined=com.android.calendar.adaptation.Profile$PrefKeyData@41bb8858}
12-12 12:20:15.527 23382 23382 D Config  : [updateProfiletoCountryInfo]
12-12 12:20:15.527 23382 23382 D GeneralPreference: [checkAndMigrateOldPreference]
12-12 12:20:15.727   304   384 I Vold    : [LGE][VOLD][NetlinkHandler.cpp][onEvent()] subsys:cpu, action:0
12-12 12:20:15.947 23382 23403 I InitNotificationRingtoneService: Start InitializeAlertRingtoneService.onHandleIntent
12-12 12:20:15.947   990  1503 I ActivityManager: Start proc com.android.gallery3d for broadcast com.android.gallery3d/.app.PackagesMonitor: pid=23401 uid=10025 gids={50025, 3003, 1028, 1015, 1023, 4002, 4003}
12-12 12:20:15.957 23382 23409 W HolidayIntentService: onHandleIntent
12-12 12:20:15.957 23382 23409 D HolidayDataLoader: readJsonAsset : holiday.json
12-12 12:20:15.967  1464  1475 I com.skyfire.browser.toolbar.ProcessObserverService: On importance changed 23401,10025,400
12-12 12:20:15.967 23382 23403 I AlertUtils: [setFormatNotificationSound] current noti URI = content://media/internal/audio/media/38
12-12 12:20:15.977 23401 23401 D HyLog   : I : /data/font/config/sfconfig.dat, No such file or directory (2)
12-12 12:20:15.977 23401 23401 D HyLog   : I : /data/font/config/dfactpre.dat, No such file or directory (2)
12-12 12:20:15.977 23401 23401 D HyLog   : I : /data/font/config/sfconfig.dat, No such file or directory (2)
12-12 12:20:16.017 23382 23403 I AlertUtils: [getCalendarNotiSoundURIFromCursor] getCount()= 20
12-12 12:20:16.027 23382 23403 I AlertUtils: [getMediaFilepathFromContentUri] filepath = /system/media/audio/notifications/Arpeggio.ogg
12-12 12:20:16.027 23382 23403 I AlertUtils: [getMediaFilepathFromContentUri] filepath = /system/media/audio/notifications/Country_Blues.ogg
12-12 12:20:16.037 23382 23403 I AlertUtils: [getMediaFilepathFromContentUri] filepath = /system/media/audio/notifications/Crystal.ogg
12-12 12:20:16.047 23382 23403 I AlertUtils: [getMediaFilepathFromContentUri] filepath = /system/media/audio/notifications/Dewdrop.ogg
12-12 12:20:16.047 23382 23403 I AlertUtils: [getMediaFilepathFromContentUri] filepath = /system/media/audio/notifications/Ding_Dong.ogg
12-12 12:20:16.057 23382 23403 I AlertUtils: [getMediaFilepathFromContentUri] filepath = /system/media/audio/notifications/Echo.ogg
12-12 12:20:16.067 23382 23403 I AlertUtils: [getMediaFilepathFromContentUri] filepath = /system/media/audio/notifications/Email.ogg
12-12 12:20:16.067   304   384 I Vold    : [LGE][VOLD][NetlinkHandler.cpp][onEvent()] subsys:cpu, action:0
12-12 12:20:16.067   304   384 I Vold    : [LGE][VOLD][NetlinkHandler.cpp][onEvent()] subsys:cpu, action:0
12-12 12:20:16.077 23382 23403 I AlertUtils: [getMediaFilepathFromContentUri] filepath = /system/media/audio/notifications/Game_Over.ogg
12-12 12:20:16.077 23382 23403 I AlertUtils: [getMediaFilepathFromContentUri] filepath = /system/media/audio/notifications/Gayageum.ogg
12-12 12:20:16.087 23382 23403 I AlertUtils: [getMediaFilepathFromContentUri] filepath = /system/media/audio/notifications/Harmonics.ogg
12-12 12:20:16.087 23382 23403 I AlertUtils: [getMediaFilepathFromContentUri] filepath = /system/media/audio/notifications/Idea.ogg
12-12 12:20:16.097 23382 23403 I AlertUtils: [getMediaFilepathFromContentUri] filepath = /system/media/audio/notifications/News.ogg
12-12 12:20:16.107 23382 23403 I AlertUtils: [getMediaFilepathFromContentUri] filepath = /system/media/audio/notifications/Pebble.ogg
12-12 12:20:16.107 23382 23403 I AlertUtils: [getMediaFilepathFromContentUri] filepath = /system/media/audio/notifications/Schedule.ogg
12-12 12:20:16.107 23382 23403 I AlertUtils: [getCalendarNotiSoundURIFromCursor] filePath = /system/media/audio/notifications/Schedule.ogg, new URI = content://media/internal/audio/media/38
12-12 12:20:16.107 23382 23403 I AlertUtils: set default noti to content://media/internal/audio/media/38
12-12 12:20:16.117 23382 23403 I InitNotificationRingtoneService: End InitializeAlertRingtoneService.onHandleIntent
12-12 12:20:16.177 23382 23409 E HolidayIntentService: onHandleIntent:holiday data empty
12-12 12:20:16.187   990  1327 I ActivityManager: Killing 22519:com.android.settings/1000 (adj 15): empty #14
12-12 12:20:16.197  1464  1474 I com.skyfire.browser.toolbar.ProcessObserverService: On process died 22519,1000
12-12 12:20:16.197  1222  6012 V SplitWindowPolicyService: requestUpdateStackInfo
12-12 12:20:16.197   990  1503 D ActivityManager: resumeTopActivityLocked: Top activity resumed ActivityRecord{41ea4de8 u0 com.lge.launcher2/.Launcher t1}
12-12 12:20:16.207   990  1176 D WifiStateMachine: handleMessage: E msg.what=131160
12-12 12:20:16.207   990  1176 D WifiStateMachine: processMsg: ScanModeState
12-12 12:20:16.207   990  1176 D WifiStateMachine: processMsg: DriverStartedState
12-12 12:20:16.207   990  1176 D WifiStateMachine: processMsg: DriverStartedStateExt
12-12 12:20:16.207   990  1176 D WifiStateMachine: processMsg: SupplicantStartedState
12-12 12:20:16.207   990  1176 D WifiStateMachine: processMsg: DefaultState
12-12 12:20:16.207   990  1176 D WifiStateMachine: handleMessage: X
12-12 12:20:16.217   990  1176 D WifiStateMachine: handleMessage: E msg.what=131160
12-12 12:20:16.217   990  1176 D WifiStateMachine: processMsg: ScanModeState
12-12 12:20:16.217   990  1176 D WifiStateMachine: processMsg: DriverStartedState
12-12 12:20:16.217   990  1176 D WifiStateMachine: processMsg: DriverStartedStateExt
12-12 12:20:16.217   990  1176 D WifiStateMachine: processMsg: SupplicantStartedState
12-12 12:20:16.217   990  1176 D WifiStateMachine: processMsg: DefaultState
12-12 12:20:16.217   990  1176 D WifiStateMachine: handleMessage: X
12-12 12:20:16.257   990  3363 I ActivityManager: Killing 2459:com.android.bluetooth/1002 (adj 15): empty #14
12-12 12:20:16.267   319   319 V AudioFlinger: 2459 died, releasing its sessions
12-12 12:20:16.267   319  1043 V MediaPlayerService: Client(2) destructor pid = 2459
12-12 12:20:16.267   319   319 V AudioFlinger:  pid 1450 @ 0
12-12 12:20:16.267   319   319 V AudioFlinger:  pid 2459 @ 1
12-12 12:20:16.267   319   319 V AudioFlinger:  removing entry for pid 2459 session 11
12-12 12:20:16.267   319   319 V AudioFlinger:  pid 1636 @ 1
12-12 12:20:16.267   319   319 V AudioFlinger: purging stale effects
12-12 12:20:16.267   319  1043 V MediaPlayerService: disconnect(2) from pid 2459
12-12 12:20:16.267   319  1043 V OMXCodec: [OMX.google.vorbis.decoder] stop mState=4
12-12 12:20:16.267   319  1043 V OMXCodec: [OMX.google.vorbis.decoder] stopOmxComponent_l mState=4
12-12 12:20:16.267   319  2501 V OMXCodec: [OMX.google.vorbis.decoder] onStateChange 2
12-12 12:20:16.267   319  2501 V OMXCodec: [OMX.google.vorbis.decoder] Now Idle.
12-12 12:20:16.267   319  2501 V OMXCodec: [OMX.google.vorbis.decoder] freeing buffer 0xb802d740 on port 0
12-12 12:20:16.267   319  2501 V OMXCodec: [OMX.google.vorbis.decoder] freeing buffer 0xb802d688 on port 0
12-12 12:20:16.267   319  2501 V OMXCodec: [OMX.google.vorbis.decoder] freeing buffer 0xb802d5b8 on port 0
12-12 12:20:16.267   319  2501 V OMXCodec: [OMX.google.vorbis.decoder] freeing buffer 0xb802b8a0 on port 0
12-12 12:20:16.267   319  2501 V OMXCodec: [OMX.google.vorbis.decoder] freeing buffer 0xb802e068 on port 1
12-12 12:20:16.267   319  2501 V OMXCodec: [OMX.google.vorbis.decoder] freeing buffer 0xb802df40 on port 1
12-12 12:20:16.267   319  2501 V OMXCodec: [OMX.google.vorbis.decoder] freeing buffer 0xb802dac8 on port 1
12-12 12:20:16.267   319  2501 V OMXCodec: [OMX.google.vorbis.decoder] freeing buffer 0xb802d8c8 on port 1
12-12 12:20:16.267   319  2501 V OMXCodec: [OMX.google.vorbis.decoder] onStateChange 1
12-12 12:20:16.267   319  2501 V OMXCodec: [OMX.google.vorbis.decoder] Now Loaded.
12-12 12:20:16.267   319  1043 V OMXCodec: [OMX.google.vorbis.decoder] stopped in state 1
12-12 12:20:16.267   319  1043 V AudioSink: close
12-12 12:20:16.267   990  1326 I ActivityManager: Start proc com.android.documentsui for broadcast com.android.documentsui/.PackageReceiver: pid=23432 uid=10060 gids={50060, 1028, 4002}
12-12 12:20:16.277  1222  1233 V SplitWindowPolicyService: requestUpdateStackInfo
12-12 12:20:16.277  1464  1475 I com.skyfire.browser.toolbar.ProcessObserverService: On process died 2459,1002
12-12 12:20:16.277   990  1197 D ActivityManager: resumeTopActivityLocked: Top activity resumed ActivityRecord{41ea4de8 u0 com.lge.launcher2/.Launcher t1}
12-12 12:20:16.287  1464  1474 I com.skyfire.browser.toolbar.ProcessObserverService: On importance changed 23432,10060,400
12-12 12:20:16.287 23432 23432 D HyLog   : I : /data/font/config/sfconfig.dat, No such file or directory (2)
12-12 12:20:16.287 23432 23432 D HyLog   : I : /data/font/config/dfactpre.dat, No such file or directory (2)
12-12 12:20:16.287 23432 23432 D HyLog   : I : /data/font/config/sfconfig.dat, No such file or directory (2)
12-12 12:20:16.297 23415 23415 D AndroidRuntime: 
12-12 12:20:16.297 23415 23415 D AndroidRuntime: >>>>>> AndroidRuntime START com.android.internal.os.RuntimeInit <<<<<<
12-12 12:20:16.307 23415 23415 D AndroidRuntime: CheckJNI is OFF
12-12 12:20:16.307 23432 23444 D Documents: Loading roots for com.android.externalstorage.documents
12-12 12:20:16.317 23415 23415 D dalvikvm: Trying to load lib libjavacore.so 0x0
12-12 12:20:16.317   990  1502 I ActivityManager: Start proc com.lge.defaultaccount for broadcast com.lge.defaultaccount/.receiver.ReceiverBootUp: pid=23445 uid=10072 gids={50072}
12-12 12:20:16.317   990  1502 I ActivityManager: Killing 23049:com.att.android.digitallocker/u0a3 (adj 15): empty #14
12-12 12:20:16.327 23415 23415 D dalvikvm: Added shared lib libjavacore.so 0x0
12-12 12:20:16.327 23445 23445 I dalvikvm: Enabling JNI app bug workarounds for target SDK version 8...
12-12 12:20:16.327 23415 23415 D dalvikvm: Trying to load lib libnativehelper.so 0x0
12-12 12:20:16.327 23415 23415 D dalvikvm: Added shared lib libnativehelper.so 0x0
12-12 12:20:16.327 23415 23415 D dalvikvm: No JNI_OnLoad found in libnativehelper.so 0x0, skipping init
12-12 12:20:16.337  1222  6598 V SplitWindowPolicyService: requestUpdateStackInfo
12-12 12:20:16.337  1464  1475 I com.skyfire.browser.toolbar.ProcessObserverService: On process died 23049,10003
12-12 12:20:16.337   990  3237 I ActivityManager: Start proc com.android.externalstorage for content provider com.android.externalstorage/.ExternalStorageProvider: pid=23457 uid=10008 gids={50008, 1028, 1015, 1023}
12-12 12:20:16.337   990  5309 D ActivityManager: resumeTopActivityLocked: Top activity resumed ActivityRecord{41ea4de8 u0 com.lge.launcher2/.Launcher t1}
12-12 12:20:16.347  1464  1474 I com.skyfire.browser.toolbar.ProcessObserverService: On importance changed 23445,10072,400
12-12 12:20:16.347 23445 23445 D HyLog   : I : /data/font/config/sfconfig.dat, No such file or directory (2)
12-12 12:20:16.347 23445 23445 D HyLog   : I : /data/font/config/dfactpre.dat, No such file or directory (2)
12-12 12:20:16.347 23445 23445 D HyLog   : I : /data/font/config/sfconfig.dat, No such file or directory (2)
12-12 12:20:16.347   990  1502 I ActivityManager: Killing 23090:com.lge.email/u0a23 (adj 15): empty #14
12-12 12:20:16.357  1464  1475 I com.skyfire.browser.toolbar.ProcessObserverService: On importance changed 23457,10008,400
12-12 12:20:16.357 23457 23457 D HyLog   : I : /data/font/config/sfconfig.dat, No such file or directory (2)
12-12 12:20:16.357 23457 23457 D HyLog   : I : /data/font/config/dfactpre.dat, No such file or directory (2)
12-12 12:20:16.357 23457 23457 D HyLog   : I : /data/font/config/sfconfig.dat, No such file or directory (2)
12-12 12:20:16.367  1222  1234 V SplitWindowPolicyService: requestUpdateStackInfo
12-12 12:20:16.367  1464  1474 I com.skyfire.browser.toolbar.ProcessObserverService: On process died 23090,10023
12-12 12:20:16.367 23415 23415 D dalvikvm: Note: class Landroid/app/ActivityManagerNative; has 184 unimplemented (abstract) methods
12-12 12:20:16.367 23445 23445 E ReceiverBootUp: Package Name is not 'com.android.providers.calendar'
12-12 12:20:16.367 23445 23445 I Process : Sending signal. PID: 23445 SIG: 9
12-12 12:20:16.367   990  1503 D ActivityManager: resumeTopActivityLocked: Top activity resumed ActivityRecord{41ea4de8 u0 com.lge.launcher2/.Launcher t1}
12-12 12:20:16.377  1222  6012 V SplitWindowPolicyService: requestUpdateStackInfo
12-12 12:20:16.377  1464  1475 I com.skyfire.browser.toolbar.ProcessObserverService: On process died 23445,10072
12-12 12:20:16.377   990  5309 I ActivityManager: Process com.lge.defaultaccount (pid 23445) has died.
12-12 12:20:16.377   990  5309 D ActivityManager: resumeTopActivityLocked: Top activity resumed ActivityRecord{41ea4de8 u0 com.lge.launcher2/.Launcher t1}
12-12 12:20:16.377 23457 23457 D ExternalStorage: After updating volumes, found 1 active roots
12-12 12:20:16.387 23432 23432 D Documents: Updating roots due to change at content://com.android.externalstorage.documents/root
12-12 12:20:16.387 23432 23444 D Documents: Loading roots for com.android.providers.downloads.documents
12-12 12:20:16.397 23432 23444 D Documents: Loading roots for com.android.providers.media.documents
12-12 12:20:16.537 23415 23415 E memtrack: Couldn't load memtrack module (No such file or directory)
12-12 12:20:16.537 23415 23415 E android.os.Debug: failed to load memtrack module: -2
12-12 12:20:16.547   990  3363 D dalvikvm: GC_EXPLICIT freed 839K, 44% free 18481K/32780K, paused 4ms+13ms, total 152ms
12-12 12:20:16.557 23432 23444 D Documents: Loading roots for com.google.android.apps.docs.storage
12-12 12:20:16.567   990  1327 I ActivityManager: Start proc com.google.android.apps.docs for content provider com.google.android.apps.docs/.storagebackend.StorageBackendContentProvider: pid=23476 uid=10068 gids={50068, 1028, 1015, 3003}
12-12 12:20:16.577   990  3364 I ActivityManager: Killing 23115:com.google.android.setupwizard/u0a45 (adj 15): empty #14
12-12 12:20:16.587  1464  1474 I com.skyfire.browser.toolbar.ProcessObserverService: On importance changed 23476,10068,400
12-12 12:20:16.587 23476 23476 D HyLog   : I : /data/font/config/sfconfig.dat, No such file or directory (2)
12-12 12:20:16.587 23476 23476 D HyLog   : I : /data/font/config/dfactpre.dat, No such file or directory (2)
12-12 12:20:16.587 23476 23476 D HyLog   : I : /data/font/config/sfconfig.dat, No such file or directory (2)
12-12 12:20:16.587  1222  1233 V SplitWindowPolicyService: requestUpdateStackInfo
12-12 12:20:16.587  1464  1475 I com.skyfire.browser.toolbar.ProcessObserverService: On process died 23115,10045
12-12 12:20:16.587   990  3365 D ActivityManager: resumeTopActivityLocked: Top activity resumed ActivityRecord{41ea4de8 u0 com.lge.launcher2/.Launcher t1}
12-12 12:20:16.617 23415 23415 D AndroidRuntime: Calling main entry com.android.commands.pm.Pm
12-12 12:20:16.617  1222  6598 V SplitWindowPolicyService: requestUpdateStackInfo
12-12 12:20:16.617   990  3366 I ActivityManager: Force stopping com.android.systemui appid=10027 user=0: clear data
12-12 12:20:16.627   323   323 D keystore: calling clear_uid in state: 3
12-12 12:20:16.627  1206  1206 I [SystemUI]GlobalAccessView: onReceive = android.intent.action.PACKAGE_RESTARTED
12-12 12:20:16.627 18566 18566 I GeofencerStateMachine: removeGeofences: removeRequest=RemoveGeofencingRequest[REMOVE_ALL packageName=com.android.systemui]
12-12 12:20:16.627  1489  1489 I [LGHome]EVENT: [LauncherModel.java:1146:onReceive()]onReceive intent=Intent { act=android.intent.action.PACKAGE_DATA_CLEARED dat=package:com.android.systemui flg=0x10 (has extras) }
12-12 12:20:16.627   990  3366 D ActivityManager: resumeTopActivityLocked: Top activity resumed ActivityRecord{41ea4de8 u0 com.lge.launcher2/.Launcher t1}
12-12 12:20:16.627   990  1033 W WallpaperService: Wallpaper uninstalled, removing: ComponentInfo{com.android.systemui/com.android.systemui.ImageWallpaper}
12-12 12:20:16.627   990   990 I ThemeManagerService: action = android.intent.action.PACKAGE_DATA_CLEARED
12-12 12:20:16.647  1206  1206 I [SystemUI]QPairHandler: onReceive = android.intent.action.PACKAGE_RESTARTED
12-12 12:20:16.647  1206  1206 I [SystemUI]GlobalAccessView: onReceive = android.intent.action.PACKAGE_DATA_CLEARED
12-12 12:20:16.667 18919 23497 D Wear_Controller: Received broadcast action=android.intent.action.PACKAGE_DATA_CLEARED and uri=com.android.chrome
12-12 12:20:16.667 18919 23498 I LocationSettingsChecker: Removing dialog suppression flag for package com.android.chrome
12-12 12:20:16.687 18919 22598 I Icing   : doRemovePackageData com.android.chrome
12-12 12:20:16.697 23415 23415 D AndroidRuntime: Shutting down VM
12-12 12:20:16.707 23415 23470 D dalvikvm: GC_CONCURRENT freed 97K, 15% free 593K/692K, paused 0ms+1ms, total 3ms
12-12 12:20:16.717 23476 23476 E dalvikvm: Could not find class 'android.provider.DocumentsContract$Path', referenced from method com.google.android.apps.docs.storagebackend.StorageBackendContentProvider.a
12-12 12:20:16.717 23476 23476 W dalvikvm: VFY: unable to resolve new-instance 936 (Landroid/provider/DocumentsContract$Path;) in Lcom/google/android/apps/docs/storagebackend/StorageBackendContentProvider;
12-12 12:20:16.717 23476 23476 D dalvikvm: VFY: replacing opcode 0x22 at 0x0089
12-12 12:20:16.727 18919 18921 D dalvikvm: GC_CONCURRENT freed 1812K, 29% free 8358K/11636K, paused 4ms+7ms, total 91ms
12-12 12:20:16.737 23476 23476 I dalvikvm: Could not find method frh.refresh, referenced from method com.google.android.apps.docs.storagebackend.StorageBackendContentProvider.refresh
12-12 12:20:16.737 23476 23476 W dalvikvm: VFY: unable to resolve virtual method 38100: Lfrh;.refresh (Landroid/net/Uri;Landroid/os/Bundle;Landroid/os/CancellationSignal;)Z
12-12 12:20:16.737 23476 23476 D dalvikvm: VFY: replacing opcode 0x6f at 0x0007
12-12 12:20:16.737 23476 23476 D dalvikvm: DexOpt: unable to opt direct call 0x1053 at 0x8b in Lcom/google/android/apps/docs/storagebackend/StorageBackendContentProvider;.a
12-12 12:20:16.767 23476 23476 I dalvikvm: Could not find method android.content.Context.getDrawable, referenced from method in.a
12-12 12:20:16.767 23476 23476 W dalvikvm: VFY: unable to resolve virtual method 2767: Landroid/content/Context;.getDrawable (I)Landroid/graphics/drawable/Drawable;
12-12 12:20:16.767 23476 23476 D dalvikvm: VFY: replacing opcode 0x6e at 0x0006
12-12 12:20:16.767 23476 23476 I dalvikvm: Could not find method android.content.Context.isDeviceProtectedStorage, referenced from method in.a
12-12 12:20:16.767 23476 23476 W dalvikvm: VFY: unable to resolve virtual method 2783: Landroid/content/Context;.isDeviceProtectedStorage ()Z
12-12 12:20:16.767 23476 23476 D dalvikvm: VFY: replacing opcode 0x6e at 0x0006
12-12 12:20:16.767 23476 23476 I dalvikvm: Could not find method android.content.Context.getColorStateList, referenced from method in.b
12-12 12:20:16.767 23476 23476 W dalvikvm: VFY: unable to resolve virtual method 2762: Landroid/content/Context;.getColorStateList (I)Landroid/content/res/ColorStateList;
12-12 12:20:16.767 23476 23476 D dalvikvm: VFY: replacing opcode 0x6e at 0x0006
12-12 12:20:16.767 23476 23476 I dalvikvm: Could not find method android.content.Context.getColor, referenced from method in.c
12-12 12:20:16.767 23476 23476 W dalvikvm: VFY: unable to resolve virtual method 2761: Landroid/content/Context;.getColor (I)I
12-12 12:20:16.767 23476 23476 D dalvikvm: VFY: replacing opcode 0x6e at 0x0006
12-12 12:20:16.767  1206  1206 D dalvikvm: GC_FOR_ALLOC freed 11251K, 63% free 7917K/21096K, paused 37ms, total 37ms
12-12 12:20:16.777  1206  1206 I dalvikvm-heap: Grow heap (frag case) to 18.118MB for 8192016-byte allocation
12-12 12:20:16.817  1206  1210 D dalvikvm: GC_CONCURRENT freed 156K, 26% free 15760K/21096K, paused 3ms+4ms, total 36ms
12-12 12:20:16.897 23476 23476 W dalvikvm: Unable to resolve superclass of Lcom/google/android/apps/docs/notification/guns/GcmJobService; (592)
12-12 12:20:16.897 23476 23476 W dalvikvm: Link of class 'Lcom/google/android/apps/docs/notification/guns/GcmJobService;' failed
12-12 12:20:16.897 23476 23476 W dalvikvm: VFY: unable to find class referenced in signature (Lcom/google/android/apps/docs/notification/guns/GcmJobService;)
12-12 12:20:16.897 23476 23476 W dalvikvm: Unable to resolve superclass of Lcom/google/android/apps/docs/notification/guns/GcmJobService; (592)
12-12 12:20:16.897 23476 23476 W dalvikvm: Link of class 'Lcom/google/android/apps/docs/notification/guns/GcmJobService;' failed
12-12 12:20:16.897 23476 23476 W dalvikvm: VFY: unable to resolve instance field 11971
12-12 12:20:16.897 23476 23476 D dalvikvm: VFY: replacing opcode 0x5b at 0x0008
12-12 12:20:16.897 23476 23476 I dalvikvm: Could not find method java.util.Locale.toLanguageTag, referenced from method drz.a
12-12 12:20:16.897 23476 23476 W dalvikvm: VFY: unable to resolve virtual method 49887: Ljava/util/Locale;.toLanguageTag ()Ljava/lang/String;
12-12 12:20:16.897 23476 23476 D dalvikvm: VFY: replacing opcode 0x6e at 0x00ca
12-12 12:20:16.917 23476 23476 W dalvikvm: Unable to resolve superclass of Lcom/google/android/apps/docs/notification/guns/GcmJobService; (592)
12-12 12:20:16.917 23476 23476 W dalvikvm: Link of class 'Lcom/google/android/apps/docs/notification/guns/GcmJobService;' failed
12-12 12:20:16.917 23476 23476 I dalvikvm: DexOpt: unable to optimize instance field ref 0x2ec4 at 0x12 in Ldrz;.a
12-12 12:20:16.967 23476 23476 I dalvikvm: Could not find method java.util.Locale.toLanguageTag, referenced from method azc.a
12-12 12:20:16.967 23476 23476 W dalvikvm: VFY: unable to resolve virtual method 49887: Ljava/util/Locale;.toLanguageTag ()Ljava/lang/String;
12-12 12:20:16.967 23476 23476 D dalvikvm: VFY: replacing opcode 0x6e at 0x000e
12-12 12:20:17.057 23476 23507 I dalvikvm: Could not find method android.content.pm.PackageManager.getPackageInstaller, referenced from method ijj.a
12-12 12:20:17.057 23476 23507 W dalvikvm: VFY: unable to resolve virtual method 2942: Landroid/content/pm/PackageManager;.getPackageInstaller ()Landroid/content/pm/PackageInstaller;
12-12 12:20:17.057 23476 23507 D dalvikvm: VFY: replacing opcode 0x6e at 0x0012
12-12 12:20:17.057 23476 23507 I GAv4    : Google Analytics 11.0.11 is starting up. To enable debug logging on a device run:
12-12 12:20:17.057 23476 23507 I GAv4    :   adb shell setprop log.tag.GAv4 DEBUG
12-12 12:20:17.057 23476 23507 I GAv4    :   adb logcat -s GAv4
12-12 12:20:17.067  1206  1206 D WallpaperManager: generateBitmap()
12-12 12:20:17.077 23476 23507 W CoreComponentFactoryImpl: RetainedComponent will not be retained if  djl does not inherit FragmentActivity and fulfill jpt contract.
12-12 12:20:17.077 23476 23510 W GAv4    : AnalyticsReceiver is not registered or is disabled. Register the receiver for reliable dispatching on non-Google Play devices. See http://goo.gl/8Rd3yj for instructions.
12-12 12:20:17.077   304   384 I Vold    : [LGE][VOLD][NetlinkHandler.cpp][onEvent()] subsys:cpu, action:0
12-12 12:20:17.127 23476 23476 W FieldDefinition: Ignoring isIndexed constraint as field also has uniqueness constraint (on just this field, and therefore SQLite will have to create an index on that. For field: com.google.android.apps.docs.database.common.FieldDefinition$a@41d87188
12-12 12:20:17.177 23476 23510 W GAv4    : CampaignTrackingReceiver is not registered, not exported or is disabled. Installation campaign tracking is not possible. See http://goo.gl/8Rd3yj for instructions.
12-12 12:20:17.187 23476 23510 W GAv4    : AnalyticsService not registered in the app manifest. Hits might not be delivered reliably. See http://goo.gl/8Rd3yj for instructions.
12-12 12:20:17.187   304   384 I Vold    : [LGE][VOLD][NetlinkHandler.cpp][onEvent()] subsys:cpu, action:0
12-12 12:20:17.307 23476 23507 I dalvikvm: Could not find method java.util.Locale.toLanguageTag, referenced from method drx.a
12-12 12:20:17.307 23476 23507 W dalvikvm: VFY: unable to resolve virtual method 49887: Ljava/util/Locale;.toLanguageTag ()Ljava/lang/String;
12-12 12:20:17.307 23476 23507 D dalvikvm: VFY: replacing opcode 0x6e at 0x02d6
12-12 12:20:17.337 23476 23507 I dalvikvm: Could not find method java.util.Locale.toLanguageTag, referenced from method drx.a
12-12 12:20:17.337 23476 23507 W dalvikvm: VFY: unable to resolve virtual method 49887: Ljava/util/Locale;.toLanguageTag ()Ljava/lang/String;
12-12 12:20:17.337 23476 23507 D dalvikvm: VFY: replacing opcode 0x6e at 0x00e2
12-12 12:20:17.397 23476 23476 W dalvikvm: Unable to resolve superclass of Lcom/google/android/apps/docs/sync/content/ContentSyncJobService; (592)
12-12 12:20:17.397 23476 23476 W dalvikvm: Link of class 'Lcom/google/android/apps/docs/sync/content/ContentSyncJobService;' failed
12-12 12:20:17.397 23476 23476 I dalvikvm: Could not find method com.google.android.apps.docs.sync.content.ContentSyncJobService.a, referenced from method fur.a
12-12 12:20:17.397 23476 23476 W dalvikvm: VFY: unable to resolve static method 20602: Lcom/google/android/apps/docs/sync/content/ContentSyncJobService;.a (Landroid/content/Context;Lfui;)V
12-12 12:20:17.397 23476 23476 D dalvikvm: VFY: replacing opcode 0x71 at 0x0010
12-12 12:20:17.427 23476 23476 W dalvikvm: Unable to resolve superclass of Lcom/google/android/apps/docs/appindexing/AppIndexingJobService; (592)
12-12 12:20:17.427 23476 23476 W dalvikvm: Link of class 'Lcom/google/android/apps/docs/appindexing/AppIndexingJobService;' failed
12-12 12:20:17.427 23476 23476 I dalvikvm: Could not find method com.google.android.apps.docs.appindexing.AppIndexingJobService.a, referenced from method aub.a
12-12 12:20:17.427 23476 23476 W dalvikvm: VFY: unable to resolve static method 16136: Lcom/google/android/apps/docs/appindexing/AppIndexingJobService;.a (Landroid/content/Context;ZJZ)V
12-12 12:20:17.427 23476 23476 D dalvikvm: VFY: replacing opcode 0x71 at 0x001d
12-12 12:20:17.427 23476 23476 W dalvikvm: Unable to resolve superclass of Lcom/google/android/apps/docs/appindexing/AppIndexingJobService; (592)
12-12 12:20:17.427 23476 23476 W dalvikvm: Link of class 'Lcom/google/android/apps/docs/appindexing/AppIndexingJobService;' failed
12-12 12:20:17.427 23476 23476 I dalvikvm: Could not find method com.google.android.apps.docs.appindexing.AppIndexingJobService.a, referenced from method aub.b
12-12 12:20:17.427 23476 23476 W dalvikvm: VFY: unable to resolve static method 16136: Lcom/google/android/apps/docs/appindexing/AppIndexingJobService;.a (Landroid/content/Context;ZJZ)V
12-12 12:20:17.427 23476 23476 D dalvikvm: VFY: replacing opcode 0x71 at 0x000d
12-12 12:20:17.437 23476 23476 E dalvikvm: Could not find class 'android.app.NotificationChannel', referenced from method ewv.a
12-12 12:20:17.437 23476 23476 W dalvikvm: VFY: unable to resolve new-instance 572 (Landroid/app/NotificationChannel;) in Lewv;
12-12 12:20:17.437 23476 23476 D dalvikvm: VFY: replacing opcode 0x22 at 0x001a
12-12 12:20:17.437 23476 23476 E dalvikvm: Could not find class 'android.app.NotificationChannel', referenced from method ewv.a
12-12 12:20:17.437 23476 23476 W dalvikvm: VFY: unable to resolve new-instance 572 (Landroid/app/NotificationChannel;) in Lewv;
12-12 12:20:17.437 23476 23476 D dalvikvm: VFY: replacing opcode 0x22 at 0x002b
12-12 12:20:17.437 23476 23476 I dalvikvm: Could not find method android.app.NotificationManager.createNotificationChannels, referenced from method ewv.a
12-12 12:20:17.437 23476 23476 W dalvikvm: VFY: unable to resolve virtual method 2311: Landroid/app/NotificationManager;.createNotificationChannels (Ljava/util/List;)V
12-12 12:20:17.437 23476 23476 D dalvikvm: VFY: replacing opcode 0x6e at 0x0055
12-12 12:20:17.437 23476 23476 D dalvikvm: DexOpt: unable to opt direct call 0x0902 at 0x26 in Lewv;.a
12-12 12:20:17.437 23476 23476 D dalvikvm: DexOpt: unable to opt direct call 0x0902 at 0x37 in Lewv;.a
12-12 12:20:17.477 23515 23515 D AndroidRuntime: 
12-12 12:20:17.477 23515 23515 D AndroidRuntime: >>>>>> AndroidRuntime START com.android.internal.os.RuntimeInit <<<<<<
12-12 12:20:17.477 23515 23515 D AndroidRuntime: CheckJNI is OFF
12-12 12:20:17.497 23432 23444 D Documents: Update found 6 roots in 1188ms
12-12 12:20:17.497 23515 23515 D dalvikvm: Trying to load lib libjavacore.so 0x0
12-12 12:20:17.497 23432 23531 D Documents: Loading roots for com.android.externalstorage.documents
12-12 12:20:17.497 23515 23515 D dalvikvm: Added shared lib libjavacore.so 0x0
12-12 12:20:17.507 23515 23515 D dalvikvm: Trying to load lib libnativehelper.so 0x0
12-12 12:20:17.507 23515 23515 D dalvikvm: Added shared lib libnativehelper.so 0x0
12-12 12:20:17.507 23515 23515 D dalvikvm: No JNI_OnLoad found in libnativehelper.so 0x0, skipping init
12-12 12:20:17.507 23432 23432 D Documents: Updating roots due to change at content://com.google.android.apps.docs.storage/root
12-12 12:20:17.517 23432 23533 D Documents: Used cached roots for com.android.externalstorage.documents
12-12 12:20:17.517 23432 23533 D Documents: Used cached roots for com.android.providers.downloads.documents
12-12 12:20:17.517 23432 23533 D Documents: Used cached roots for com.android.providers.media.documents
12-12 12:20:17.517   990  3364 I ActivityManager: Start proc com.lge.defaultaccount for broadcast com.lge.defaultaccount/.receiver.ReceiverBootUp: pid=23535 uid=10072 gids={50072}
12-12 12:20:17.527 23432 23533 D Documents: Loading roots for com.google.android.apps.docs.storage
12-12 12:20:17.527 23535 23535 I dalvikvm: Enabling JNI app bug workarounds for target SDK version 8...
12-12 12:20:17.527 23432 23534 D Documents: Used cached roots for com.android.externalstorage.documents
12-12 12:20:17.527 23432 23534 D Documents: Used cached roots for com.android.providers.downloads.documents
12-12 12:20:17.527 23432 23534 D Documents: Used cached roots for com.android.providers.media.documents
12-12 12:20:17.527 23432 23534 D Documents: Loading roots for com.google.android.apps.docs.storage
12-12 12:20:17.537  1464  1474 I com.skyfire.browser.toolbar.ProcessObserverService: On importance changed 23535,10072,400
12-12 12:20:17.547 23432 23534 D Documents: Update found 6 roots in 32ms
12-12 12:20:17.547 23432 23531 D Documents: Used cached roots for com.android.providers.downloads.documents
12-12 12:20:17.547 23432 23531 D Documents: Used cached roots for com.android.providers.media.documents
12-12 12:20:17.547 23515 23515 D dalvikvm: Note: class Landroid/app/ActivityManagerNative; has 184 unimplemented (abstract) methods
12-12 12:20:17.547 23432 23531 D Documents: Loading roots for com.google.android.apps.docs.storage
12-12 12:20:17.547 23535 23535 D HyLog   : I : /data/font/config/sfconfig.dat, No such file or directory (2)
