12-13 03:29:50.944   787   901 I InputDispatcher: Delivering touch to: action: 0x4, toolType: 0
12-13 03:29:50.944   787   901 I InputDispatcher: Delivering touch to: action: 0x0, toolType: 0
12-13 03:29:50.944   787   901 I InputDispatcher: Delivering touch to: action: 0x1, toolType: 0
12-13 03:29:50.994   787   901 I InputDispatcher: Delivering touch to: action: 0x4, toolType: 0
12-13 03:29:50.994   787   901 I InputDispatcher: Delivering touch to: action: 0x4, toolType: 0
12-13 03:29:50.994   787   901 I InputDispatcher: Delivering touch to: action: 0x0, toolType: 0
12-13 03:29:50.994   787   901 I InputDispatcher: Delivering touch to: action: 0x1, toolType: 0
12-13 03:29:51.034  1470  1470 I MultiWindowTrayInfo: getAppCnt
12-13 03:29:51.034  1470  1470 I MultiWindowTrayInfo: getAppCnt
12-13 03:29:51.034  1470  1470 I MultiWindowTrayInfo: getAppCnt
12-13 03:29:51.034  1470  1470 I MultiWindowTrayInfo: getAppCnt
12-13 03:29:51.034  1470  1470 I MultiWindowTrayInfo: getAppCnt
12-13 03:29:51.044  1470  1470 I MultiWindowTrayInfo: getAppCnt
12-13 03:29:51.044   787   901 I InputDispatcher: Delivering touch to: action: 0x4, toolType: 0
12-13 03:29:51.044   787   901 I InputDispatcher: Delivering touch to: action: 0x4, toolType: 0
12-13 03:29:51.044   787   901 I InputDispatcher: Delivering touch to: action: 0x0, toolType: 0
12-13 03:29:51.054  1470  1470 I MultiWindowTrayInfo: makeInstancebadgeForGridView
12-13 03:29:51.054   787   901 I InputDispatcher: Delivering touch to: action: 0x1, toolType: 0
12-13 03:29:51.054  1470  1470 I MultiWindowTrayInfo: getAppCnt
12-13 03:29:51.054  1470  1470 I MultiWindowTrayInfo: makeInstancebadgeForGridView
12-13 03:29:51.054  1470  1470 I MultiWindowTrayInfo: makeInstancebadgeForGridView
12-13 03:29:51.064  1470  1470 I MultiWindowTrayInfo: makeInstancebadgeForGridView
12-13 03:29:51.064  1470  1470 I MultiWindowTrayInfo: makeInstancebadgeForGridView
12-13 03:29:51.074  1470  1470 I MultiWindowTrayInfo: makeInstancebadgeForGridView
12-13 03:29:51.074  1470  1470 I MultiWindowTrayInfo: makeInstancebadgeForGridView
12-13 03:29:51.084  1470  1470 I MultiWindowTrayInfo: makeInstancebadgeForGridView
12-13 03:29:51.094  1470  1470 I MultiWindowTrayInfo: makeInstancebadgeForGridView
12-13 03:29:51.104  1470  1470 I MultiWindowTrayInfo: makeInstancebadgeForGridView
12-13 03:29:51.104   787   901 I InputDispatcher: Delivering touch to: action: 0x0, toolType: 0
12-13 03:29:51.114   787   901 I InputDispatcher: Delivering touch to: action: 0x1, toolType: 0
12-13 03:29:51.114  1470  1470 I MultiWindowTrayInfo: makeInstancebadgeForGridView
12-13 03:29:51.124   992   992 V PanelView: animationTick called with dtms=0; nothing to do (h=0.0 v=-0.0)
12-13 03:29:51.134  1470  1475 D dalvikvm: GC_CONCURRENT freed 1083K, 35% free 11245K/17256K, paused 3ms+10ms, total 46ms
12-13 03:29:51.144  1470  1470 I MultiWindowTrayInfo: makeInstancebadgeForGridView
12-13 03:29:51.154  1470  1470 I MultiWindowTrayInfo: makeInstancebadgeForGridView
12-13 03:29:51.164  1470  1470 I MultiWindowTrayInfo: makeInstancebadgeForGridView
12-13 03:29:51.164   787  1237 W ActivityManager: mDVFSHelper.acquire()
12-13 03:29:51.214   787   901 I InputDispatcher: Delivering touch to: action: 0x4, toolType: 0
12-13 03:29:51.214   787   901 I InputDispatcher: Delivering touch to: action: 0x4, toolType: 0
12-13 03:29:51.214   787   901 I InputDispatcher: Delivering touch to: action: 0x0, toolType: 0
12-13 03:29:51.224   787   901 I InputDispatcher: Delivering touch to: action: 0x1, toolType: 0
12-13 03:29:51.274   787   901 I InputDispatcher: Delivering touch to: action: 0x4, toolType: 0
12-13 03:29:51.274   787   901 I InputDispatcher: Delivering touch to: action: 0x4, toolType: 0
12-13 03:29:51.274   787   901 I InputDispatcher: Delivering touch to: action: 0x0, toolType: 0
12-13 03:29:51.274   787   901 I InputDispatcher: Delivering touch to: action: 0x1, toolType: 0
12-13 03:29:51.334   787  1111 W ActivityManager: mDVFSHelper.acquire()
12-13 03:29:51.384   787   901 I InputDispatcher: Delivering touch to: action: 0x4, toolType: 0
12-13 03:29:51.384   787   901 I InputDispatcher: Delivering touch to: action: 0x4, toolType: 0
12-13 03:29:51.384   787   901 I InputDispatcher: Delivering touch to: action: 0x0, toolType: 0
12-13 03:29:51.384   787   901 I InputDispatcher: Delivering touch to: action: 0x1, toolType: 0
12-13 03:29:51.444   787   901 I InputDispatcher: Delivering touch to: action: 0x4, toolType: 0
12-13 03:29:51.444   787   901 I InputDispatcher: Delivering touch to: action: 0x4, toolType: 0
12-13 03:29:51.444   787   901 I InputDispatcher: Delivering touch to: action: 0x0, toolType: 0
12-13 03:29:51.454   787   901 I InputDispatcher: Delivering touch to: action: 0x1, toolType: 0
12-13 03:29:51.514   787   901 I InputDispatcher: Delivering touch to: action: 0x4, toolType: 0
12-13 03:29:51.514   787   901 I InputDispatcher: Delivering touch to: action: 0x4, toolType: 0
12-13 03:29:51.514   787   901 I InputDispatcher: Delivering touch to: action: 0x0, toolType: 0
12-13 03:29:51.514   787   876 W ActivityManager: mDVFSHelper.release()
12-13 03:29:51.534   787   901 I InputDispatcher: Delivering touch to: action: 0x1, toolType: 0
12-13 03:29:51.594   787   901 I InputDispatcher: Delivering touch to: action: 0x4, toolType: 0
12-13 03:29:51.594   787   901 I InputDispatcher: Delivering touch to: action: 0x4, toolType: 0
12-13 03:29:51.594   787   901 I InputDispatcher: Delivering touch to: action: 0x0, toolType: 0
12-13 03:29:51.614   787   901 I InputDispatcher: Delivering touch to: action: 0x1, toolType: 0
12-13 03:29:51.674   787   901 I InputDispatcher: Delivering touch to: action: 0x4, toolType: 0
12-13 03:29:51.674   787   901 I InputDispatcher: Delivering touch to: action: 0x4, toolType: 0
12-13 03:29:51.674   787   901 I InputDispatcher: Delivering touch to: action: 0x0, toolType: 0
12-13 03:29:51.674   787   901 I InputDispatcher: Delivering touch to: action: 0x1, toolType: 0
12-13 03:29:51.734   787   901 I InputDispatcher: Delivering touch to: action: 0x4, toolType: 0
12-13 03:29:51.734   787   901 I InputDispatcher: Delivering touch to: action: 0x4, toolType: 0
12-13 03:29:51.734   787   901 I InputDispatcher: Delivering touch to: action: 0x0, toolType: 0
12-13 03:29:51.764   787   901 I InputDispatcher: Delivering touch to: action: 0x1, toolType: 0
12-13 03:29:51.824   787   901 I InputDispatcher: Delivering touch to: action: 0x4, toolType: 0
12-13 03:29:51.824   787   901 I InputDispatcher: Delivering touch to: action: 0x4, toolType: 0
12-13 03:29:51.824   787   901 I InputDispatcher: Delivering touch to: action: 0x0, toolType: 0
12-13 03:29:51.824   787   901 I InputDispatcher: Delivering touch to: action: 0x1, toolType: 0
12-13 03:29:51.884   787   901 I InputDispatcher: Delivering touch to: action: 0x4, toolType: 0
12-13 03:29:51.884   787   901 I InputDispatcher: Delivering touch to: action: 0x4, toolType: 0
12-13 03:29:51.884   787   901 I InputDispatcher: Delivering touch to: action: 0x0, toolType: 0
12-13 03:29:51.884   787   901 I InputDispatcher: Delivering touch to: action: 0x1, toolType: 0
12-13 03:29:51.934   787   901 I InputDispatcher: Delivering touch to: action: 0x4, toolType: 0
12-13 03:29:51.934   787   901 I InputDispatcher: Delivering touch to: action: 0x4, toolType: 0
12-13 03:29:51.944   787   901 I InputDispatcher: Delivering touch to: action: 0x0, toolType: 0
12-13 03:29:51.944   787   901 I InputDispatcher: Delivering touch to: action: 0x1, toolType: 0
12-13 03:29:51.974   384 11243 I framebuffer: /data/system/enterprise.conf doesn't exist or cannot be opened
12-13 03:29:51.994   787   901 I InputDispatcher: Delivering touch to: action: 0x4, toolType: 0
12-13 03:29:51.994   787   901 I InputDispatcher: Delivering touch to: action: 0x4, toolType: 0
12-13 03:29:51.994   787   901 I InputDispatcher: Delivering touch to: action: 0x0, toolType: 0
12-13 03:29:51.994   787   901 I InputDispatcher: Delivering touch to: action: 0x1, toolType: 0
12-13 03:29:52.034   787   797 I EDMNativeHelperService: isScreenCaptureEnabled
12-13 03:29:52.054   787  5980 W ActivityManager: mDVFSHelper.acquire()
12-13 03:29:52.104   787  1235 W ActivityManager: mDVFSHelper.acquire()
12-13 03:29:52.154   787   901 I InputDispatcher: Delivering touch to: action: 0x4, toolType: 0
12-13 03:29:52.154   787   901 I InputDispatcher: Delivering touch to: action: 0x4, toolType: 0
12-13 03:29:52.154   787   901 I InputDispatcher: Delivering touch to: action: 0x0, toolType: 0
12-13 03:29:52.164   787   901 I InputDispatcher: Delivering touch to: action: 0x1, toolType: 0
12-13 03:29:52.214   787   901 I InputDispatcher: Delivering touch to: action: 0x4, toolType: 0
12-13 03:29:52.214   787   901 I InputDispatcher: Delivering touch to: action: 0x4, toolType: 0
12-13 03:29:52.214   787   901 I InputDispatcher: Delivering touch to: action: 0x0, toolType: 0
12-13 03:29:52.214   787   901 I InputDispatcher: Delivering touch to: action: 0x1, toolType: 0
12-13 03:29:52.274   787   901 I InputDispatcher: Delivering touch to: action: 0x4, toolType: 0
12-13 03:29:52.274   787   901 I InputDispatcher: Delivering touch to: action: 0x4, toolType: 0
12-13 03:29:52.274   787   901 I InputDispatcher: Delivering touch to: action: 0x0, toolType: 0
12-13 03:29:52.284   787   901 I InputDispatcher: Delivering touch to: action: 0x1, toolType: 0
12-13 03:29:52.334   787   901 I InputDispatcher: Delivering touch to: action: 0x4, toolType: 0
12-13 03:29:52.334   787   901 I InputDispatcher: Delivering touch to: action: 0x4, toolType: 0
12-13 03:29:52.334   787   901 I InputDispatcher: Delivering touch to: action: 0x0, toolType: 0
12-13 03:29:52.334   787   901 I InputDispatcher: Delivering touch to: action: 0x1, toolType: 0
12-13 03:29:52.394   787  5980 W ActivityManager: mDVFSHelper.acquire()
12-13 03:29:52.444   787   901 I InputDispatcher: Delivering touch to: action: 0x4, toolType: 0
12-13 03:29:52.444   787   901 I InputDispatcher: Delivering touch to: action: 0x4, toolType: 0
12-13 03:29:52.444   787   901 I InputDispatcher: Delivering touch to: action: 0x0, toolType: 0
12-13 03:29:52.444   787   901 I InputDispatcher: Delivering touch to: action: 0x1, toolType: 0
12-13 03:29:52.504   787   901 I InputDispatcher: Delivering touch to: action: 0x4, toolType: 0
12-13 03:29:52.504   787   901 I InputDispatcher: Delivering touch to: action: 0x4, toolType: 0
12-13 03:29:52.504   787   901 I InputDispatcher: Delivering touch to: action: 0x0, toolType: 0
12-13 03:29:52.514   787   901 I InputDispatcher: Delivering touch to: action: 0x1, toolType: 0
12-13 03:29:52.524   787   787 D CustomFrequencyManagerService: FrequencyrequestList.getNextMaxCPUCoreRequest, index: 0
12-13 03:29:52.574   787   901 I InputDispatcher: Delivering touch to: action: 0x4, toolType: 0
12-13 03:29:52.574   787   901 I InputDispatcher: Delivering touch to: action: 0x4, toolType: 0
12-13 03:29:52.574   787   901 I InputDispatcher: Delivering touch to: action: 0x0, toolType: 0
12-13 03:29:52.574   787   901 I InputDispatcher: Delivering touch to: action: 0x1, toolType: 0
12-13 03:29:52.624   787   901 I InputDispatcher: Delivering touch to: action: 0x4, toolType: 0
12-13 03:29:52.624   787   901 I InputDispatcher: Delivering touch to: action: 0x4, toolType: 0
12-13 03:29:52.624   787   901 I InputDispatcher: Delivering touch to: action: 0x0, toolType: 0
12-13 03:29:52.634   787   901 I InputDispatcher: Delivering touch to: action: 0x1, toolType: 0
12-13 03:29:52.684   787   901 I InputDispatcher: Delivering touch to: action: 0x4, toolType: 0
12-13 03:29:52.684   787   901 I InputDispatcher: Delivering touch to: action: 0x4, toolType: 0
12-13 03:29:52.684   787   901 I InputDispatcher: Delivering touch to: action: 0x0, toolType: 0
12-13 03:29:52.694   787   901 I InputDispatcher: Delivering touch to: action: 0x1, toolType: 0
12-13 03:29:52.744   787   901 I InputDispatcher: Delivering touch to: action: 0x4, toolType: 0
12-13 03:29:52.744   787   901 I InputDispatcher: Delivering touch to: action: 0x4, toolType: 0
12-13 03:29:52.744   787   901 I InputDispatcher: Delivering touch to: action: 0x0, toolType: 0
12-13 03:29:52.754   787   901 I InputDispatcher: Delivering touch to: action: 0x1, toolType: 0
12-13 03:29:52.804   787  1235 W ActivityManager: mDVFSHelper.acquire()
12-13 03:29:52.864   787  5980 W ActivityManager: mDVFSHelper.acquire()
12-13 03:29:52.914   787   901 I InputDispatcher: Delivering touch to: action: 0x4, toolType: 0
12-13 03:29:52.914   787   901 I InputDispatcher: Delivering touch to: action: 0x4, toolType: 0
12-13 03:29:52.914   787   901 I InputDispatcher: Delivering touch to: action: 0x0, toolType: 0
12-13 03:29:52.924   787   901 I InputDispatcher: Delivering touch to: action: 0x1, toolType: 0
12-13 03:29:52.974   787   901 I InputDispatcher: Delivering touch to: action: 0x4, toolType: 0
12-13 03:29:52.974   787   901 I InputDispatcher: Delivering touch to: action: 0x4, toolType: 0
12-13 03:29:52.974   787   901 I InputDispatcher: Delivering touch to: action: 0x0, toolType: 0
12-13 03:29:52.974   787   901 D PowerManagerService: [api] userActivityFromNative : 70 (event: 2 flags: 0)
12-13 03:29:52.984   787   901 I InputDispatcher: Delivering touch to: action: 0x1, toolType: 0
12-13 03:29:53.034   787  5986 W ActivityManager: mDVFSHelper.acquire()
12-13 03:29:53.094   787   901 I InputDispatcher: Delivering touch to: action: 0x4, toolType: 0
12-13 03:29:53.094   787   901 I InputDispatcher: Delivering touch to: action: 0x4, toolType: 0
12-13 03:29:53.094   787   901 I InputDispatcher: Delivering touch to: action: 0x0, toolType: 0
12-13 03:29:53.104   787   901 I InputDispatcher: Delivering touch to: action: 0x1, toolType: 0
12-13 03:29:53.154   787   901 I InputDispatcher: Delivering touch to: action: 0x4, toolType: 0
12-13 03:29:53.154   787   901 I InputDispatcher: Delivering touch to: action: 0x4, toolType: 0
12-13 03:29:53.154   787   901 I InputDispatcher: Delivering touch to: action: 0x0, toolType: 0
12-13 03:29:53.154   787   901 I InputDispatcher: Delivering touch to: action: 0x1, toolType: 0
12-13 03:29:53.164   787   876 W ActivityManager: mDVFSHelper.release()
12-13 03:29:53.214   787   901 I InputDispatcher: Delivering touch to: action: 0x4, toolType: 0
12-13 03:29:53.214   787   901 I InputDispatcher: Delivering touch to: action: 0x4, toolType: 0
12-13 03:29:53.214   787   901 I InputDispatcher: Delivering touch to: action: 0x0, toolType: 0
12-13 03:29:53.214   787   901 I InputDispatcher: Delivering touch to: action: 0x1, toolType: 0
12-13 03:29:53.264   787   901 I InputDispatcher: Delivering touch to: action: 0x4, toolType: 0
12-13 03:29:53.264   787   901 I InputDispatcher: Delivering touch to: action: 0x4, toolType: 0
12-13 03:29:53.264   787   901 I InputDispatcher: Delivering touch to: action: 0x0, toolType: 0
12-13 03:29:53.264   787   901 I InputDispatcher: Delivering touch to: action: 0x1, toolType: 0
12-13 03:29:53.324   787   901 I InputDispatcher: Delivering touch to: action: 0x4, toolType: 0
12-13 03:29:53.324   787   901 I InputDispatcher: Delivering touch to: action: 0x4, toolType: 0
12-13 03:29:53.324   787   901 I InputDispatcher: Delivering touch to: action: 0x0, toolType: 0
12-13 03:29:53.324   787   901 I InputDispatcher: Delivering touch to: action: 0x1, toolType: 0
12-13 03:29:53.384   787  5986 W ActivityManager: mDVFSHelper.acquire()
12-13 03:29:53.444   787   901 I InputDispatcher: Delivering touch to: action: 0x4, toolType: 0
12-13 03:29:53.444   787   901 I InputDispatcher: Delivering touch to: action: 0x4, toolType: 0
12-13 03:29:53.444   787   901 I InputDispatcher: Delivering touch to: action: 0x0, toolType: 0
12-13 03:29:53.454   787   901 I InputDispatcher: Delivering touch to: action: 0x1, toolType: 0
12-13 03:29:53.494   787   876 W ActivityManager: mDVFSHelper.release()
12-13 03:29:53.504   787   901 I InputDispatcher: Delivering touch to: action: 0x4, toolType: 0
12-13 03:29:53.504   787   901 I InputDispatcher: Delivering touch to: action: 0x4, toolType: 0
12-13 03:29:53.504   787   901 I InputDispatcher: Delivering touch to: action: 0x0, toolType: 0
12-13 03:29:53.514   787   901 I InputDispatcher: Delivering touch to: action: 0x1, toolType: 0
12-13 03:29:53.574   787  1178 W ActivityManager: mDVFSHelper.acquire()
12-13 03:29:53.634   787   901 I InputDispatcher: Delivering touch to: action: 0x4, toolType: 0
12-13 03:29:53.634   787   901 I InputDispatcher: Delivering touch to: action: 0x4, toolType: 0
12-13 03:29:53.634   787   901 I InputDispatcher: Delivering touch to: action: 0x0, toolType: 0
12-13 03:29:53.644   787   901 I InputDispatcher: Delivering touch to: action: 0x1, toolType: 0
12-13 03:29:53.704   787   901 I InputDispatcher: Delivering touch to: action: 0x4, toolType: 0
12-13 03:29:53.704   787   901 I InputDispatcher: Delivering touch to: action: 0x4, toolType: 0
12-13 03:29:53.704   787   901 I InputDispatcher: Delivering touch to: action: 0x0, toolType: 0
12-13 03:29:53.704   787   876 W ActivityManager: mDVFSHelper.release()
12-13 03:29:53.724   787   901 I InputDispatcher: Delivering touch to: action: 0x1, toolType: 0
12-13 03:29:53.754   384 11256 I framebuffer: /data/system/enterprise.conf doesn't exist or cannot be opened
12-13 03:29:53.784   787  5769 W ActivityManager: mDVFSHelper.acquire()
12-13 03:29:53.834   787   901 I InputDispatcher: Delivering touch to: action: 0x4, toolType: 0
12-13 03:29:53.834   787   901 I InputDispatcher: Delivering touch to: action: 0x4, toolType: 0
12-13 03:29:53.834   787   901 I InputDispatcher: Delivering touch to: action: 0x0, toolType: 0
12-13 03:29:53.834   787   901 I InputDispatcher: Delivering touch to: action: 0x1, toolType: 0
12-13 03:29:53.844   787  1237 I EDMNativeHelperService: isScreenCaptureEnabled
12-13 03:29:53.844   787  1791 D SSRMv2:SIOP: SIOP:: AP = 300, Delta = 0
12-13 03:29:53.894   787  1238 W ActivityManager: mDVFSHelper.acquire()
12-13 03:29:53.944   787   901 I InputDispatcher: Delivering touch to: action: 0x4, toolType: 0
12-13 03:29:53.944   787   901 I InputDispatcher: Delivering touch to: action: 0x4, toolType: 0
12-13 03:29:53.944   787   901 I InputDispatcher: Delivering touch to: action: 0x0, toolType: 0
12-13 03:29:53.944   787   901 I InputDispatcher: Delivering touch to: action: 0x1, toolType: 0
12-13 03:29:53.974   787   876 W ProcessCpuTracker: Skipping unknown process pid 11254
12-13 03:29:54.004   787   901 I InputDispatcher: Delivering touch to: action: 0x4, toolType: 0
12-13 03:29:54.004   787   901 I InputDispatcher: Delivering touch to: action: 0x4, toolType: 0
12-13 03:29:54.004   787   901 I InputDispatcher: Delivering touch to: action: 0x0, toolType: 0
12-13 03:29:54.004   787   901 I InputDispatcher: Delivering touch to: action: 0x1, toolType: 0
12-13 03:29:54.024   787   863 D SensorService:   0.1 -0.0 9.7
12-13 03:29:54.054   787  1238 W ActivityManager: mDVFSHelper.acquire()
12-13 03:29:54.114   787   901 I InputDispatcher: Delivering touch to: action: 0x4, toolType: 0
12-13 03:29:54.114   787   901 I InputDispatcher: Delivering touch to: action: 0x4, toolType: 0
12-13 03:29:54.114   787   901 I InputDispatcher: Delivering touch to: action: 0x0, toolType: 0
12-13 03:29:54.114   787   901 I InputDispatcher: Delivering touch to: action: 0x1, toolType: 0
12-13 03:29:54.164   787   901 I InputDispatcher: Delivering touch to: action: 0x4, toolType: 0
12-13 03:29:54.164   787   901 I InputDispatcher: Delivering touch to: action: 0x4, toolType: 0
12-13 03:29:54.164   787   901 I InputDispatcher: Delivering touch to: action: 0x0, toolType: 0
12-13 03:29:54.164   787   876 W ActivityManager: mDVFSHelper.release()
12-13 03:29:54.174   787   901 I InputDispatcher: Delivering touch to: action: 0x1, toolType: 0
12-13 03:29:54.174   787   899 V AlarmManager: waitForAlarm result :8
12-13 03:29:54.234   787   986 W ActivityManager: mDVFSHelper.acquire()
12-13 03:29:54.284   787   798 W ActivityManager: mDVFSHelper.acquire()
12-13 03:29:54.334   787   876 W ActivityManager: mDVFSHelper.release()
12-13 03:29:54.344   787  1194 W ActivityManager: mDVFSHelper.acquire()
12-13 03:29:54.404   787   901 I InputDispatcher: Delivering touch to: action: 0x4, toolType: 0
12-13 03:29:54.404   787   901 I InputDispatcher: Delivering touch to: action: 0x4, toolType: 0
12-13 03:29:54.404   787   901 I InputDispatcher: Delivering touch to: action: 0x0, toolType: 0
12-13 03:29:54.404   787   901 I InputDispatcher: Delivering touch to: action: 0x1, toolType: 0
12-13 03:29:54.464   787   901 I InputDispatcher: Delivering touch to: action: 0x4, toolType: 0
12-13 03:29:54.464   787   901 I InputDispatcher: Delivering touch to: action: 0x4, toolType: 0
12-13 03:29:54.464   787   901 I InputDispatcher: Delivering touch to: action: 0x0, toolType: 0
12-13 03:29:54.464   787   901 I InputDispatcher: Delivering touch to: action: 0x1, toolType: 0
12-13 03:29:54.514   787   901 I InputDispatcher: Delivering touch to: action: 0x4, toolType: 0
12-13 03:29:54.514   787   901 I InputDispatcher: Delivering touch to: action: 0x4, toolType: 0
12-13 03:29:54.514   787   901 I InputDispatcher: Delivering touch to: action: 0x0, toolType: 0
12-13 03:29:54.534   787   901 I InputDispatcher: Delivering touch to: action: 0x1, toolType: 0
12-13 03:29:54.584   787   901 I InputDispatcher: Delivering touch to: action: 0x4, toolType: 0
12-13 03:29:54.584   787   901 I InputDispatcher: Delivering touch to: action: 0x4, toolType: 0
12-13 03:29:54.584   787   901 I InputDispatcher: Delivering touch to: action: 0x0, toolType: 0
12-13 03:29:54.604   787   901 I InputDispatcher: Delivering touch to: action: 0x1, toolType: 0
12-13 03:29:54.654   787   901 I InputDispatcher: Delivering touch to: action: 0x4, toolType: 0
12-13 03:29:54.654   787   901 I InputDispatcher: Delivering touch to: action: 0x4, toolType: 0
12-13 03:29:54.654   787   901 I InputDispatcher: Delivering touch to: action: 0x0, toolType: 0
12-13 03:29:54.654   787   901 I InputDispatcher: Delivering touch to: action: 0x1, toolType: 0
12-13 03:29:54.704   787   901 I InputDispatcher: Delivering touch to: action: 0x4, toolType: 0
12-13 03:29:54.704   787   901 I InputDispatcher: Delivering touch to: action: 0x4, toolType: 0
12-13 03:29:54.704   787   901 I InputDispatcher: Delivering touch to: action: 0x0, toolType: 0
12-13 03:29:54.714   787   901 I InputDispatcher: Delivering touch to: action: 0x1, toolType: 0
12-13 03:29:54.764   787   901 I InputDispatcher: Delivering touch to: action: 0x4, toolType: 0
12-13 03:29:54.764   787   901 I InputDispatcher: Delivering touch to: action: 0x4, toolType: 0
12-13 03:29:54.764   787   901 I InputDispatcher: Delivering touch to: action: 0x0, toolType: 0
12-13 03:29:54.764   787   901 I InputDispatcher: Delivering touch to: action: 0x1, toolType: 0
12-13 03:29:54.824   787   901 I InputDispatcher: Delivering touch to: action: 0x4, toolType: 0
12-13 03:29:54.824   787   901 I InputDispatcher: Delivering touch to: action: 0x4, toolType: 0
12-13 03:29:54.824   787   901 I InputDispatcher: Delivering touch to: action: 0x0, toolType: 0
12-13 03:29:54.834   787   901 I InputDispatcher: Delivering touch to: action: 0x1, toolType: 0
12-13 03:29:54.884   787   901 I InputDispatcher: Delivering touch to: action: 0x4, toolType: 0
12-13 03:29:54.884   787   901 I InputDispatcher: Delivering touch to: action: 0x4, toolType: 0
12-13 03:29:54.884   787   901 I InputDispatcher: Delivering touch to: action: 0x0, toolType: 0
12-13 03:29:54.894   787   901 I InputDispatcher: Delivering touch to: action: 0x1, toolType: 0
12-13 03:29:54.944   787  1194 W ActivityManager: mDVFSHelper.acquire()
12-13 03:29:55.004   787   901 I InputDispatcher: Delivering touch to: action: 0x4, toolType: 0
12-13 03:29:55.004   787   901 I InputDispatcher: Delivering touch to: action: 0x4, toolType: 0
12-13 03:29:55.004   787   901 I InputDispatcher: Delivering touch to: action: 0x0, toolType: 0
12-13 03:29:55.004   787   901 I InputDispatcher: Delivering touch to: action: 0x1, toolType: 0
12-13 03:29:55.054   787   876 W ActivityManager: mDVFSHelper.release()
12-13 03:29:55.064   787   901 I InputDispatcher: Delivering touch to: action: 0x4, toolType: 0
12-13 03:29:55.064   787   901 I InputDispatcher: Delivering touch to: action: 0x4, toolType: 0
12-13 03:29:55.064   787   901 I InputDispatcher: Delivering touch to: action: 0x0, toolType: 0
12-13 03:29:55.094   787   901 I InputDispatcher: Delivering touch to: action: 0x1, toolType: 0
12-13 03:29:55.144   787   901 I InputDispatcher: Delivering touch to: action: 0x4, toolType: 0
12-13 03:29:55.144   787   901 I InputDispatcher: Delivering touch to: action: 0x4, toolType: 0
12-13 03:29:55.144   787   901 I InputDispatcher: Delivering touch to: action: 0x0, toolType: 0
12-13 03:29:55.144   787   901 I InputDispatcher: Delivering touch to: action: 0x1, toolType: 0
12-13 03:29:55.204   787   901 I InputDispatcher: Delivering touch to: action: 0x4, toolType: 0
12-13 03:29:55.204   787   901 I InputDispatcher: Delivering touch to: action: 0x4, toolType: 0
12-13 03:29:55.204   787   901 I InputDispatcher: Delivering touch to: action: 0x0, toolType: 0
12-13 03:29:55.204   787   901 I InputDispatcher: Delivering touch to: action: 0x1, toolType: 0
12-13 03:29:55.274   787  5980 W ActivityManager: mDVFSHelper.acquire()
12-13 03:29:55.324   787   901 I InputDispatcher: Delivering touch to: action: 0x4, toolType: 0
12-13 03:29:55.324   787   901 I InputDispatcher: Delivering touch to: action: 0x4, toolType: 0
12-13 03:29:55.324   787   901 I InputDispatcher: Delivering touch to: action: 0x0, toolType: 0
12-13 03:29:55.334   787   901 I InputDispatcher: Delivering touch to: action: 0x1, toolType: 0
12-13 03:29:55.394   787   901 I InputDispatcher: Delivering touch to: action: 0x4, toolType: 0
12-13 03:29:55.394   787   901 I InputDispatcher: Delivering touch to: action: 0x4, toolType: 0
12-13 03:29:55.394   787   901 I InputDispatcher: Delivering touch to: action: 0x0, toolType: 0
12-13 03:29:55.394   787   901 I InputDispatcher: Delivering touch to: action: 0x1, toolType: 0
12-13 03:29:55.394   787   876 W ActivityManager: mDVFSHelper.release()
12-13 03:29:55.454   787   901 I InputDispatcher: Delivering touch to: action: 0x4, toolType: 0
12-13 03:29:55.454   787   901 I InputDispatcher: Delivering touch to: action: 0x4, toolType: 0
12-13 03:29:55.454   787   901 I InputDispatcher: Delivering touch to: action: 0x0, toolType: 0
12-13 03:29:55.454   787   901 I InputDispatcher: Delivering touch to: action: 0x1, toolType: 0
12-13 03:29:55.514   787   901 I InputDispatcher: Delivering touch to: action: 0x4, toolType: 0
12-13 03:29:55.514   787   901 I InputDispatcher: Delivering touch to: action: 0x4, toolType: 0
12-13 03:29:55.514   787   901 I InputDispatcher: Delivering touch to: action: 0x0, toolType: 0
12-13 03:29:55.524   787   901 I InputDispatcher: Delivering touch to: action: 0x1, toolType: 0
12-13 03:29:55.584   787   901 I InputDispatcher: Delivering touch to: action: 0x4, toolType: 0
12-13 03:29:55.584   787   901 I InputDispatcher: Delivering touch to: action: 0x4, toolType: 0
12-13 03:29:55.584   787   901 I InputDispatcher: Delivering touch to: action: 0x0, toolType: 0
12-13 03:29:55.584   787   901 I InputDispatcher: Delivering touch to: action: 0x1, toolType: 0
12-13 03:29:55.644   787   901 I InputDispatcher: Delivering touch to: action: 0x4, toolType: 0
12-13 03:29:55.644   787   901 I InputDispatcher: Delivering touch to: action: 0x4, toolType: 0
12-13 03:29:55.644   787   901 I InputDispatcher: Delivering touch to: action: 0x0, toolType: 0
12-13 03:29:55.644   787   901 I InputDispatcher: Delivering touch to: action: 0x1, toolType: 0
12-13 03:29:55.694   384 11268 I framebuffer: /data/system/enterprise.conf doesn't exist or cannot be opened
12-13 03:29:55.694   787   901 I InputDispatcher: Delivering touch to: action: 0x4, toolType: 0
12-13 03:29:55.704   787   901 I InputDispatcher: Delivering touch to: action: 0x4, toolType: 0
12-13 03:29:55.704   787   901 I InputDispatcher: Delivering touch to: action: 0x0, toolType: 0
12-13 03:29:55.714   787   901 I InputDispatcher: Delivering touch to: action: 0x1, toolType: 0
12-13 03:29:55.754   787  5980 I EDMNativeHelperService: isScreenCaptureEnabled
12-13 03:29:55.764   787   901 I InputDispatcher: Delivering touch to: action: 0x4, toolType: 0
12-13 03:29:55.764   787   901 I InputDispatcher: Delivering touch to: action: 0x4, toolType: 0
12-13 03:29:55.764   787   901 I InputDispatcher: Delivering touch to: action: 0x0, toolType: 0
12-13 03:29:55.774   787   901 I InputDispatcher: Delivering touch to: action: 0x1, toolType: 0
12-13 03:29:55.824   787   901 I InputDispatcher: Delivering touch to: action: 0x4, toolType: 0
12-13 03:29:55.824   787   901 I InputDispatcher: Delivering touch to: action: 0x4, toolType: 0
12-13 03:29:55.824   787   901 I InputDispatcher: Delivering touch to: action: 0x0, toolType: 0
12-13 03:29:55.834   787   901 I InputDispatcher: Delivering touch to: action: 0x1, toolType: 0
12-13 03:29:55.884   787   901 I InputDispatcher: Delivering touch to: action: 0x4, toolType: 0
12-13 03:29:55.884   787   901 I InputDispatcher: Delivering touch to: action: 0x4, toolType: 0
12-13 03:29:55.884   787   901 I InputDispatcher: Delivering touch to: action: 0x0, toolType: 0
12-13 03:29:55.884   787   901 I InputDispatcher: Delivering touch to: action: 0x1, toolType: 0
12-13 03:29:55.944   787   901 I InputDispatcher: Delivering touch to: action: 0x4, toolType: 0
12-13 03:29:55.944   787   901 I InputDispatcher: Delivering touch to: action: 0x4, toolType: 0
12-13 03:29:55.944   787   901 I InputDispatcher: Delivering touch to: action: 0x0, toolType: 0
12-13 03:29:55.954   787   901 I InputDispatcher: Delivering touch to: action: 0x1, toolType: 0
12-13 03:29:56.004   787   901 I InputDispatcher: Delivering touch to: action: 0x4, toolType: 0
12-13 03:29:56.004   787   901 I InputDispatcher: Delivering touch to: action: 0x4, toolType: 0
12-13 03:29:56.004   787   901 I InputDispatcher: Delivering touch to: action: 0x0, toolType: 0
12-13 03:29:56.004   787   901 I InputDispatcher: Delivering touch to: action: 0x1, toolType: 0
12-13 03:29:56.064   787   901 I InputDispatcher: Delivering touch to: action: 0x4, toolType: 0
12-13 03:29:56.064   787   901 I InputDispatcher: Delivering touch to: action: 0x4, toolType: 0
12-13 03:29:56.064   787   901 I InputDispatcher: Delivering touch to: action: 0x0, toolType: 0
12-13 03:29:56.064   787   901 I InputDispatcher: Delivering touch to: action: 0x1, toolType: 0
12-13 03:29:56.124   787  5769 W ActivityManager: mDVFSHelper.acquire()
12-13 03:29:56.174   787  1111 W ActivityManager: mDVFSHelper.acquire()
12-13 03:29:56.234   787   901 I InputDispatcher: Delivering touch to: action: 0x4, toolType: 0
12-13 03:29:56.234   787   901 I InputDispatcher: Delivering touch to: action: 0x4, toolType: 0
12-13 03:29:56.234   787   901 I InputDispatcher: Delivering touch to: action: 0x0, toolType: 0
12-13 03:29:56.234   787   901 I InputDispatcher: Delivering touch to: action: 0x1, toolType: 0
12-13 03:29:56.284   787   901 I InputDispatcher: Delivering touch to: action: 0x4, toolType: 0
12-13 03:29:56.284   787   901 I InputDispatcher: Delivering touch to: action: 0x4, toolType: 0
12-13 03:29:56.284   787   901 I InputDispatcher: Delivering touch to: action: 0x0, toolType: 0
12-13 03:29:56.284   787   901 I InputDispatcher: Delivering touch to: action: 0x1, toolType: 0
12-13 03:29:56.344   787   901 I InputDispatcher: Delivering touch to: action: 0x4, toolType: 0
12-13 03:29:56.344   787   901 I InputDispatcher: Delivering touch to: action: 0x4, toolType: 0
12-13 03:29:56.344   787   901 I InputDispatcher: Delivering touch to: action: 0x0, toolType: 0
12-13 03:29:56.354   787   901 I InputDispatcher: Delivering touch to: action: 0x1, toolType: 0
12-13 03:29:56.384   787   876 W ActivityManager: mDVFSHelper.release()
12-13 03:29:56.404   787   901 I InputDispatcher: Delivering touch to: action: 0x4, toolType: 0
12-13 03:29:56.404   787   901 I InputDispatcher: Delivering touch to: action: 0x4, toolType: 0
12-13 03:29:56.404   787   901 I InputDispatcher: Delivering touch to: action: 0x0, toolType: 0
12-13 03:29:56.404   787   901 I InputDispatcher: Delivering touch to: action: 0x1, toolType: 0
12-13 03:29:56.454   787   901 I InputDispatcher: Delivering touch to: action: 0x4, toolType: 0
12-13 03:29:56.454   787   901 I InputDispatcher: Delivering touch to: action: 0x4, toolType: 0
12-13 03:29:56.454   787   901 I InputDispatcher: Delivering touch to: action: 0x0, toolType: 0
12-13 03:29:56.464   787   901 I InputDispatcher: Delivering touch to: action: 0x1, toolType: 0
12-13 03:29:56.514   787   901 I InputDispatcher: Delivering touch to: action: 0x4, toolType: 0
12-13 03:29:56.514   787   901 I InputDispatcher: Delivering touch to: action: 0x4, toolType: 0
12-13 03:29:56.514   787   901 I InputDispatcher: Delivering touch to: action: 0x0, toolType: 0
12-13 03:29:56.514  9394  9594 I IcingInternalCorpora: EventIndexer: starting incremental update
12-13 03:29:56.524  9394  9594 I IcingInternalCorpora: EventIndexer: 0 added, 0 removed, 0 changed, 0 unchanged, 0 errors.
12-13 03:29:56.524  9394  9594 I IcingInternalCorpora: EventIndexer: finished after 2 ms.
12-13 03:29:56.524   787   901 I InputDispatcher: Delivering touch to: action: 0x1, toolType: 0
12-13 03:29:56.574   787   901 I InputDispatcher: Delivering touch to: action: 0x4, toolType: 0
12-13 03:29:56.574   787   901 I InputDispatcher: Delivering touch to: action: 0x4, toolType: 0
12-13 03:29:56.574   787   901 I InputDispatcher: Delivering touch to: action: 0x0, toolType: 0
12-13 03:29:56.574   787   901 I InputDispatcher: Delivering touch to: action: 0x1, toolType: 0
12-13 03:29:56.634   787   901 I InputDispatcher: Delivering touch to: action: 0x4, toolType: 0
12-13 03:29:56.634   787   901 I InputDispatcher: Delivering touch to: action: 0x4, toolType: 0
12-13 03:29:56.634   787   901 I InputDispatcher: Delivering touch to: action: 0x0, toolType: 0
12-13 03:29:56.634   787   901 I InputDispatcher: Delivering touch to: action: 0x1, toolType: 0
12-13 03:29:56.684   787   901 I InputDispatcher: Delivering touch to: action: 0x4, toolType: 0
12-13 03:29:56.684   787   901 I InputDispatcher: Delivering touch to: action: 0x4, toolType: 0
12-13 03:29:56.684   787   901 I InputDispatcher: Delivering touch to: action: 0x0, toolType: 0
12-13 03:29:56.684   787   901 I InputDispatcher: Delivering touch to: action: 0x1, toolType: 0
12-13 03:29:56.734   787   901 I InputDispatcher: Delivering touch to: action: 0x4, toolType: 0
12-13 03:29:56.734   787   901 I InputDispatcher: Delivering touch to: action: 0x4, toolType: 0
12-13 03:29:56.744   787   901 I InputDispatcher: Delivering touch to: action: 0x0, toolType: 0
12-13 03:29:56.744   787   901 I InputDispatcher: Delivering touch to: action: 0x1, toolType: 0
12-13 03:29:56.794   787   901 I InputDispatcher: Delivering touch to: action: 0x4, toolType: 0
12-13 03:29:56.794   787   901 I InputDispatcher: Delivering touch to: action: 0x4, toolType: 0
12-13 03:29:56.794   787   901 I InputDispatcher: Delivering touch to: action: 0x0, toolType: 0
12-13 03:29:56.794   787   901 I InputDispatcher: Delivering touch to: action: 0x1, toolType: 0
12-13 03:29:56.854   787   901 I InputDispatcher: Delivering touch to: action: 0x4, toolType: 0
12-13 03:29:56.854   787   901 I InputDispatcher: Delivering touch to: action: 0x4, toolType: 0
12-13 03:29:56.854   787   901 I InputDispatcher: Delivering touch to: action: 0x0, toolType: 0
12-13 03:29:56.854   787   901 I InputDispatcher: Delivering touch to: action: 0x1, toolType: 0
12-13 03:29:56.914   787   901 I InputDispatcher: Delivering touch to: action: 0x4, toolType: 0
12-13 03:29:56.914   787   901 I InputDispatcher: Delivering touch to: action: 0x4, toolType: 0
12-13 03:29:56.914   787   901 I InputDispatcher: Delivering touch to: action: 0x0, toolType: 0
12-13 03:29:56.914   787   901 I InputDispatcher: Delivering touch to: action: 0x1, toolType: 0
12-13 03:29:56.964   787   901 I InputDispatcher: Delivering touch to: action: 0x4, toolType: 0
12-13 03:29:56.964   787   901 I InputDispatcher: Delivering touch to: action: 0x4, toolType: 0
12-13 03:29:56.964   787   901 I InputDispatcher: Delivering touch to: action: 0x0, toolType: 0
12-13 03:29:56.964   787   901 I InputDispatcher: Delivering touch to: action: 0x1, toolType: 0
12-13 03:29:57.024   787   901 I InputDispatcher: Delivering touch to: action: 0x4, toolType: 0
12-13 03:29:57.024   787   901 I InputDispatcher: Delivering touch to: action: 0x4, toolType: 0
12-13 03:29:57.024   787   901 I InputDispatcher: Delivering touch to: action: 0x0, toolType: 0
12-13 03:29:57.054   787   901 I InputDispatcher: Delivering touch to: action: 0x1, toolType: 0
12-13 03:29:57.114   787   899 V AlarmManager: waitForAlarm result :4
12-13 03:29:57.114   787   901 I InputDispatcher: Delivering touch to: action: 0x4, toolType: 0
12-13 03:29:57.114   787   901 I InputDispatcher: Delivering touch to: action: 0x4, toolType: 0
12-13 03:29:57.114   787   901 I InputDispatcher: Delivering touch to: action: 0x0, toolType: 0
12-13 03:29:57.114   787   901 I InputDispatcher: Delivering touch to: action: 0x1, toolType: 0
12-13 03:29:57.124   787   899 V AlarmManager: trigger ELAPSED_REALTIME_WAKEUP or RTC_WAKEUP
12-13 03:29:57.194   787  1178 D BatteryService: level:100, scale:100, status:3, health:2, present:true, voltage: 4305, temperature: 238, technology: Li-ion, AC powered:false, USB powered:true, Wireless powered:false, icon:17303545, invalid charger:0, online:4, current avg:-166, charge type:2, power sharing:false
12-13 03:29:57.194   787   901 I InputDispatcher: Delivering touch to: action: 0x4, toolType: 0
12-13 03:29:57.194   787   901 I InputDispatcher: Delivering touch to: action: 0x4, toolType: 0
12-13 03:29:57.194   787   901 I InputDispatcher: Delivering touch to: action: 0x0, toolType: 0
12-13 03:29:57.194   787   787 D BatteryService: Sending ACTION_BATTERY_CHANGED.
12-13 03:29:57.224   787   901 I InputDispatcher: Delivering touch to: action: 0x1, toolType: 0
12-13 03:29:57.224   992   992 D KeyguardUpdateMonitor: received broadcast android.intent.action.BATTERY_CHANGED
12-13 03:29:57.224   992   992 D KeyguardUpdateMonitor: handleBatteryUpdate
12-13 03:29:57.234  9247  9283 D HeadsetStateMachine: Disconnected process message: 10
12-13 03:29:57.234  1818  1818 D DeviceManagerBroadcastReceiver: Updated Battery Level: 100
12-13 03:29:57.234  1818  1818 D DeviceManagerBroadcastReceiver: Action: android.intent.action.BATTERY_CHANGED
12-13 03:29:57.234  1818  1818 D DeviceManagerBroadcastReceiver: Set Alarm: false
12-13 03:29:57.234   992   992 D STATUSBAR-PhoneStatusBar:  mBrightnessEnablebySettings = true mBrightnessEnablebyBattery = true mBrightnessEnablebyDisableFlag = true mPmsBrightnessEnablebySettings = true
12-13 03:29:57.244   992   992 D STATUSBAR-IconMerger: checkOverflow(1036), More:false, Req:false Child:4
12-13 03:29:57.254   992   992 D BatteryMeterView: ACTION_BATTERY_CHANGED : level:100 status:3 health:2
12-13 03:29:57.294   787   797 W ActivityManager: mDVFSHelper.acquire()
12-13 03:29:57.324   787   863 D SensorService:   0.1 -0.0 9.8
12-13 03:29:57.344   787   901 I InputDispatcher: Delivering touch to: action: 0x4, toolType: 0
12-13 03:29:57.344   787   901 I InputDispatcher: Delivering touch to: action: 0x4, toolType: 0
12-13 03:29:57.344   787   901 I InputDispatcher: Delivering touch to: action: 0x0, toolType: 0
12-13 03:29:57.344   787   876 W ActivityManager: mDVFSHelper.release()
12-13 03:29:57.354   787   901 I InputDispatcher: Delivering touch to: action: 0x1, toolType: 0
12-13 03:29:57.404   787   901 I InputDispatcher: Delivering touch to: action: 0x4, toolType: 0
12-13 03:29:57.404   787   901 I InputDispatcher: Delivering touch to: action: 0x4, toolType: 0
12-13 03:29:57.404   787   901 I InputDispatcher: Delivering touch to: action: 0x0, toolType: 0
12-13 03:29:57.414   787   901 I InputDispatcher: Delivering touch to: action: 0x1, toolType: 0
12-13 03:29:57.444  8999  9003 D dalvikvm: GC_CONCURRENT freed 2169K, 35% free 9185K/14096K, paused 4ms+8ms, total 67ms
12-13 03:29:57.444  8999  9800 D dalvikvm: WAIT_FOR_CONCURRENT_GC blocked 42ms
12-13 03:29:57.464   787   901 I InputDispatcher: Delivering touch to: action: 0x4, toolType: 0
12-13 03:29:57.464   787   901 I InputDispatcher: Delivering touch to: action: 0x4, toolType: 0
12-13 03:29:57.464   787   901 I InputDispatcher: Delivering touch to: action: 0x0, toolType: 0
12-13 03:29:57.464   787   901 I InputDispatcher: Delivering touch to: action: 0x1, toolType: 0
12-13 03:29:57.484  8999  9708 I zgp     : Scheduling Phenotype for a PhenotypeSyncImmediately(6, com.google.android.gms.playlog.uploader) one off with window [1, 2] in seconds
12-13 03:29:57.514   384 11289 I framebuffer: /data/system/enterprise.conf doesn't exist or cannot be opened
12-13 03:29:57.524   787   901 I InputDispatcher: Delivering touch to: action: 0x4, toolType: 0
12-13 03:29:57.524   787   901 I InputDispatcher: Delivering touch to: action: 0x4, toolType: 0
12-13 03:29:57.524   787   901 I InputDispatcher: Delivering touch to: action: 0x0, toolType: 0
12-13 03:29:57.524   787   901 I InputDispatcher: Delivering touch to: action: 0x1, toolType: 0
12-13 03:29:57.574   787   797 I EDMNativeHelperService: isScreenCaptureEnabled
12-13 03:29:57.584   787   901 I InputDispatcher: Delivering touch to: action: 0x4, toolType: 0
12-13 03:29:57.584   787   901 I InputDispatcher: Delivering touch to: action: 0x4, toolType: 0
12-13 03:29:57.584   787   901 I InputDispatcher: Delivering touch to: action: 0x0, toolType: 0
12-13 03:29:57.584   787   901 I InputDispatcher: Delivering touch to: action: 0x1, toolType: 0
12-13 03:29:57.634   787   901 I InputDispatcher: Delivering touch to: action: 0x4, toolType: 0
12-13 03:29:57.634   787   901 I InputDispatcher: Delivering touch to: action: 0x4, toolType: 0
12-13 03:29:57.634   787   901 I InputDispatcher: Delivering touch to: action: 0x0, toolType: 0
12-13 03:29:57.644   787   901 I InputDispatcher: Delivering touch to: action: 0x1, toolType: 0
12-13 03:29:57.694   787   901 I InputDispatcher: Delivering touch to: action: 0x4, toolType: 0
12-13 03:29:57.694   787   901 I InputDispatcher: Delivering touch to: action: 0x4, toolType: 0
12-13 03:29:57.694   787   901 I InputDispatcher: Delivering touch to: action: 0x0, toolType: 0
12-13 03:29:57.694   787   901 I InputDispatcher: Delivering touch to: action: 0x1, toolType: 0
12-13 03:29:57.744  8999  8999 I WearableService: Wearable Services not starting - Wear is not available on this device.
12-13 03:29:57.754   787   901 I InputDispatcher: Delivering touch to: action: 0x4, toolType: 0
12-13 03:29:57.754   787   901 I InputDispatcher: Delivering touch to: action: 0x4, toolType: 0
12-13 03:29:57.754   787   901 I InputDispatcher: Delivering touch to: action: 0x0, toolType: 0
12-13 03:29:57.754   787   901 I InputDispatcher: Delivering touch to: action: 0x1, toolType: 0
12-13 03:29:57.774  8999  9768 D WearableService: onGetService - Wear is not available on this device.
12-13 03:29:57.814   787   901 I InputDispatcher: Delivering touch to: action: 0x4, toolType: 0
12-13 03:29:57.814   787   901 I InputDispatcher: Delivering touch to: action: 0x4, toolType: 0
12-13 03:29:57.814   787   901 I InputDispatcher: Delivering touch to: action: 0x0, toolType: 0
12-13 03:29:57.814   787   901 I InputDispatcher: Delivering touch to: action: 0x1, toolType: 0
12-13 03:29:57.864   787   901 I InputDispatcher: Delivering touch to: action: 0x4, toolType: 0
12-13 03:29:57.864   787   901 I InputDispatcher: Delivering touch to: action: 0x4, toolType: 0
12-13 03:29:57.864   787   901 I InputDispatcher: Delivering touch to: action: 0x0, toolType: 0
12-13 03:29:57.874   787   901 I InputDispatcher: Delivering touch to: action: 0x1, toolType: 0
12-13 03:29:57.894  9394 11294 E ZappConnFactory: Unable to bind to PlayStore
12-13 03:29:57.894   787  1253 W ActivityManager: Unable to start service Intent { act=com.google.android.finsky.BIND_PLAY_MODULE_SERVICE pkg=com.android.vending } U=0: not found
12-13 03:29:57.894   787  1178 W ActivityManager: Unbind failed: could not find connection for android.os.BinderProxy@4338f298
12-13 03:29:57.914  9394 11294 I ChimeraConfigService: Scheduling checkin every 43200 seconds, with flex of 1800 seconds
12-13 03:29:57.924   787   901 I InputDispatcher: Delivering touch to: action: 0x4, toolType: 0
12-13 03:29:57.924   787   901 I InputDispatcher: Delivering touch to: action: 0x4, toolType: 0
12-13 03:29:57.924   787   901 I InputDispatcher: Delivering touch to: action: 0x0, toolType: 0
12-13 03:29:57.934   787   901 I InputDispatcher: Delivering touch to: action: 0x1, toolType: 0
12-13 03:29:57.984   787   901 I InputDispatcher: Delivering touch to: action: 0x4, toolType: 0
12-13 03:29:57.984   787   901 I InputDispatcher: Delivering touch to: action: 0x4, toolType: 0
12-13 03:29:57.984   787   901 I InputDispatcher: Delivering touch to: action: 0x0, toolType: 0
12-13 03:29:57.994   787   901 I InputDispatcher: Delivering touch to: action: 0x1, toolType: 0
12-13 03:29:58.044   787   901 I InputDispatcher: Delivering touch to: action: 0x4, toolType: 0
12-13 03:29:58.044   787   901 I InputDispatcher: Delivering touch to: action: 0x4, toolType: 0
12-13 03:29:58.044   787   901 I InputDispatcher: Delivering touch to: action: 0x0, toolType: 0
12-13 03:29:58.054   787   901 I InputDispatcher: Delivering touch to: action: 0x1, toolType: 0
12-13 03:29:58.074   787  1235 D LocationManagerService: getLastLocation: Request[POWER_NONE passive fastest=0 num=1]
12-13 03:29:58.094  8999  9003 D dalvikvm: GC_CONCURRENT freed 2177K, 37% free 8949K/14096K, paused 6ms+7ms, total 55ms
12-13 03:29:58.104   787   901 I InputDispatcher: Delivering touch to: action: 0x4, toolType: 0
12-13 03:29:58.104   787   901 I InputDispatcher: Delivering touch to: action: 0x4, toolType: 0
12-13 03:29:58.104   787   901 I InputDispatcher: Delivering touch to: action: 0x0, toolType: 0
12-13 03:29:58.114   787   901 I InputDispatcher: Delivering touch to: action: 0x1, toolType: 0
12-13 03:29:58.124   787  1255 D LocationManagerService: getLastLocation: Request[POWER_NONE passive fastest=0 num=1]
12-13 03:29:58.144   787   797 D LocationManagerService: getLastLocation: Request[POWER_NONE passive fastest=0 num=1]
12-13 03:29:58.164   787   901 I InputDispatcher: Delivering touch to: action: 0x4, toolType: 0
12-13 03:29:58.164   787   901 I InputDispatcher: Delivering touch to: action: 0x4, toolType: 0
12-13 03:29:58.164   787   901 I InputDispatcher: Delivering touch to: action: 0x0, toolType: 0
12-13 03:29:58.164   787   901 I InputDispatcher: Delivering touch to: action: 0x1, toolType: 0
12-13 03:29:58.174   787  1237 D LocationManagerService: getLastLocation: Request[POWER_NONE passive fastest=0 num=1]
12-13 03:29:58.194   787  1178 D LocationManagerService: getLastLocation: Request[POWER_NONE passive fastest=0 num=1]
12-13 03:29:58.214   787  5980 D LocationManagerService: getLastLocation: Request[POWER_NONE passive fastest=0 num=1]
12-13 03:29:58.214   787   901 I InputDispatcher: Delivering touch to: action: 0x4, toolType: 0
12-13 03:29:58.214   787   901 I InputDispatcher: Delivering touch to: action: 0x4, toolType: 0
12-13 03:29:58.224   787   901 I InputDispatcher: Delivering touch to: action: 0x0, toolType: 0
12-13 03:29:58.224   787   901 I InputDispatcher: Delivering touch to: action: 0x1, toolType: 0
12-13 03:29:58.274   787   901 I InputDispatcher: Delivering touch to: action: 0x4, toolType: 0
12-13 03:29:58.274   787   901 I InputDispatcher: Delivering touch to: action: 0x4, toolType: 0
12-13 03:29:58.274   787   901 I InputDispatcher: Delivering touch to: action: 0x0, toolType: 0
12-13 03:29:58.274   787   901 I InputDispatcher: Delivering touch to: action: 0x1, toolType: 0
12-13 03:29:58.324  8999 11287 W Conscrypt: Could not set socket write timeout:
12-13 03:29:58.324  8999 11287 W Conscrypt:    java.lang.reflect.Method.invokeNative(Native Method)
12-13 03:29:58.324  8999 11287 W Conscrypt:    java.lang.reflect.Method.invoke(Method.java:515)
12-13 03:29:58.334   787   901 I InputDispatcher: Delivering touch to: action: 0x4, toolType: 0
12-13 03:29:58.334   787   901 I InputDispatcher: Delivering touch to: action: 0x4, toolType: 0
12-13 03:29:58.334   787   901 I InputDispatcher: Delivering touch to: action: 0x0, toolType: 0
12-13 03:29:58.334   787   901 I InputDispatcher: Delivering touch to: action: 0x1, toolType: 0
12-13 03:29:58.384   787   901 I InputDispatcher: Delivering touch to: action: 0x4, toolType: 0
12-13 03:29:58.384   787   901 I InputDispatcher: Delivering touch to: action: 0x4, toolType: 0
12-13 03:29:58.384   787   901 I InputDispatcher: Delivering touch to: action: 0x0, toolType: 0
12-13 03:29:58.384   787   901 D PowerManagerService: [api] userActivityFromNative : 80 (event: 2 flags: 0)
12-13 03:29:58.394   787   901 I InputDispatcher: Delivering touch to: action: 0x1, toolType: 0
12-13 03:29:58.444   787   901 I InputDispatcher: Delivering touch to: action: 0x4, toolType: 0
12-13 03:29:58.444   787   901 I InputDispatcher: Delivering touch to: action: 0x4, toolType: 0
12-13 03:29:58.444   787   901 I InputDispatcher: Delivering touch to: action: 0x0, toolType: 0
12-13 03:29:58.454  8999 11287 W Conscrypt: Could not set socket write timeout:
12-13 03:29:58.454  8999 11287 W Conscrypt:    java.lang.reflect.Method.invokeNative(Native Method)
12-13 03:29:58.454  8999 11287 W Conscrypt:    java.lang.reflect.Method.invoke(Method.java:515)
12-13 03:29:58.454   787   901 I InputDispatcher: Delivering touch to: action: 0x1, toolType: 0
12-13 03:29:58.504   787   901 I InputDispatcher: Delivering touch to: action: 0x4, toolType: 0
