--------- beginning of /dev/log/main
12-13 03:29:15.224   384 10688 I framebuffer: /data/system/enterprise.conf doesn't exist or cannot be opened
12-13 03:29:15.334   787  1178 I EDMNativeHelperService: isScreenCaptureEnabled
--------- beginning of /dev/log/system
12-13 03:29:15.484   787  5986 D BatteryService: level:100, scale:100, status:3, health:2, present:true, voltage: 4286, temperature: 236, technology: Li-ion, AC powered:false, USB powered:true, Wireless powered:false, icon:17303545, invalid charger:0, online:4, current avg:-162, charge type:2, power sharing:false
12-13 03:29:15.484   787   787 D BatteryService: Sending ACTION_BATTERY_CHANGED.
12-13 03:29:15.494   992   992 D KeyguardUpdateMonitor: received broadcast android.intent.action.BATTERY_CHANGED
12-13 03:29:15.494   992   992 D KeyguardUpdateMonitor: handleBatteryUpdate
12-13 03:29:15.514   992   992 D STATUSBAR-PhoneStatusBar:  mBrightnessEnablebySettings = true mBrightnessEnablebyBattery = true mBrightnessEnablebyDisableFlag = true mPmsBrightnessEnablebySettings = true
12-13 03:29:15.514   992   992 D STATUSBAR-IconMerger: checkOverflow(1036), More:false, Req:false Child:4
12-13 03:29:15.554   992   992 D BatteryMeterView: ACTION_BATTERY_CHANGED : level:100 status:3 health:2
12-13 03:29:15.584  1818  1818 D DeviceManagerBroadcastReceiver: Updated Battery Level: 100
12-13 03:29:15.584  9247  9283 D HeadsetStateMachine: Disconnected process message: 10
12-13 03:29:15.594  1818  1818 D DeviceManagerBroadcastReceiver: Action: android.intent.action.BATTERY_CHANGED
12-13 03:29:15.594  1818  1818 D DeviceManagerBroadcastReceiver: Set Alarm: false
12-13 03:29:15.974 10694 10694 D AndroidRuntime: 
12-13 03:29:15.974 10694 10694 D AndroidRuntime: >>>>>> AndroidRuntime START com.android.internal.os.RuntimeInit <<<<<<
12-13 03:29:15.984 10694 10694 D AndroidRuntime: CheckJNI is OFF
12-13 03:29:15.984 10694 10694 D AndroidRuntime: setted country_code = USA
12-13 03:29:15.984 10694 10694 D AndroidRuntime: setted countryiso_code = US
12-13 03:29:15.984 10694 10694 D AndroidRuntime: setted sales_code = BNN
12-13 03:29:15.984 10694 10694 D AndroidRuntime: readGMSProperty: start
12-13 03:29:15.984 10694 10694 D AndroidRuntime: readGMSProperty: already setted!!
12-13 03:29:15.984 10694 10694 D AndroidRuntime: readGMSProperty: end
12-13 03:29:15.984 10694 10694 D AndroidRuntime: addProductProperty: start
12-13 03:29:16.004 10694 10694 D dalvikvm: Trying to load lib libjavacore.so 0x0
12-13 03:29:16.004 10694 10694 D dalvikvm: Added shared lib libjavacore.so 0x0
12-13 03:29:16.004 10694 10694 D dalvikvm: Trying to load lib libnativehelper.so 0x0
12-13 03:29:16.004 10694 10694 D dalvikvm: Added shared lib libnativehelper.so 0x0
12-13 03:29:16.014 10694 10694 D dalvikvm: No JNI_OnLoad found in libnativehelper.so 0x0, skipping init
12-13 03:29:16.234 10694 10694 E memtrack: Couldn't load memtrack module (No such file or directory)
12-13 03:29:16.234 10694 10694 E android.os.Debug: failed to load memtrack module: -2
12-13 03:29:16.274 10694 10694 D dalvikvm: Note: class Landroid/app/ActivityManagerNative; has 192 unimplemented (abstract) methods
12-13 03:29:16.364 10694 10694 D AndroidRuntime: Calling main entry com.android.commands.monkey.Monkey
12-13 03:29:16.494   787   876 W BroadcastQueue: Skipping deliver [background] BroadcastRecord{4671dea0 u-1 android.net.conn.CONNECTIVITY_CHANGE} to ReceiverList{43d52d90 10694 (unknown name)/2000/u-1 remote:42c69090}: process crashing
12-13 03:29:16.594   787  1238 V ApplicationPolicy: isApplicationStateBlocked userId 0 pkgname com.example.snoopy
12-13 03:29:16.594   787  1238 W ActivityManager: mDVFSHelper.acquire()
12-13 03:29:16.604   787   869 D StatusBarManagerService: tr p:787,o:f
12-13 03:29:16.614   992   992 D PhoneStatusBar: setTransGradationMode=false, mTransparentMode=false, mSemiTransparentMode=true, mMultiWindowMode=false
12-13 03:29:16.614  2318  2318 I DBG_DM  : [3.19.140441][Line:359][onUserLeaveHint] 
12-13 03:29:16.614   243   243 I SurfaceFlinger: id=24 createSurf (1x1),1 flag=404, tnoopy
12-13 03:29:16.634  2318  2318 I DBG_DM  : [3.19.140441][Line:5089][xdbGetPostponeCount] Get Postpone Count : 1766
12-13 03:29:16.634   787   869 D PointerIcon: setMouseIconStyle1 pointerType: 1001iconType:101 flag:0
12-13 03:29:16.644  2318  2318 I DBG_DM  : [3.19.140441][Line:4968][xdbGetPostponeForce] Get Force status : 0
12-13 03:29:16.644   787   869 D PointerIcon: setMouseCustomIcon IconType is same.101
12-13 03:29:16.654  2318  2318 I DBG_DM  : [3.19.140441][Line:5111][xdbGetPostponeMaxCount] Get Postpone Max Count : 0
12-13 03:29:16.654  2318  2318 I DBG_DM  : [3.19.140441][Line:502][xuiCheckForceInstall] Check Force Install : false
12-13 03:29:16.664  2318  2318 I DBG_DM  : [3.19.140441][Line:362][onUserLeaveHint] Home Key!!
12-13 03:29:16.664  2318  2318 I DBG_DM  : [3.19.140441][Line:316][xuiFotaPostponeDefault] 
12-13 03:29:16.684  2318  2318 I DBG_DM  : [3.19.140441][Line:3622][xdbGetFUMOStatus] FUMO_Status : 220
12-13 03:29:16.694   787   901 D InputDispatcher: Waiting for application to become ready for input: xxxx Reason: Waiting because the touched window is paused.
12-13 03:29:16.734  2318  2318 I DBG_DM  : [3.19.140441][Line:5130][xdbSetDownloadPostponeStatus] Set Download Postpone status : 3
12-13 03:29:16.734  2318  2318 I DBG_DM  : [3.19.140441][Line:330][xuiSetNotification] NotificationID : 3 / Notification IndicatorState : 3
12-13 03:29:16.734   787   787 D NotificationService: cancelNotificationLocked
12-13 03:29:16.734   787   787 D NotificationService:  hasClearableItems
12-13 03:29:16.734   787   787 D NotificationService:  has clearable items no 
12-13 03:29:16.734   787   787 D NotificationService: cancelNotificationLocked: cancel alarm
12-13 03:29:16.734   787   787 D NotificationService: cancelNotificationLocked: cancel alarm
12-13 03:29:16.734   787   787 W ContextImpl: Calling a method in the system process without a qualified user: android.app.ContextImpl.sendBroadcast:1523 com.android.server.StatusBarManagerService.sendNotification:981 com.android.server.StatusBarManagerService.removeNotification:706 com.android.server.NotificationManagerService.cancelNotificationLocked:2455 com.android.server.NotificationManagerService.access$5100:160 
12-13 03:29:16.734   787   787 D STATUSBAR-StatusBarManagerService: sendNotification(3) - 4
12-13 03:29:16.734   787   787 D LightsService: [api] [SvcLED] turnOff:: id = 4 (uid: 1000 pid: 787) 
12-13 03:29:16.734   787   787 D LightsService: [SvcLED] setSvcLedStateLocked:: SvcLEDState : 0x0 -> 0x0 | SvcLED(id=4) set Off
12-13 03:29:16.744  2318  2318 I DBG_DM  : [3.19.140441][Line:3633][xdbSetFUMOStatus] FUMO_Status : 220
12-13 03:29:16.744   787   894 D LightsService: [SvcLED] Lux failed to be updated in 700ms. -> handleForcedSvcLEDTasK
12-13 03:29:16.744   787   894 D LightsService: [SvcLED]  setSvcLedLightLocked :: Current SvcLED(id=3) maintains its priority right
12-13 03:29:16.744   787   787 W ContextImpl: Calling a method in the system process without a qualified user: android.app.ContextImpl.sendBroadcast:1523 com.android.server.StatusBarManagerService.sendNotification:981 com.android.server.StatusBarManagerService.addNotification:670 com.android.server.NotificationManagerService$7.run:2142 android.os.Handler.handleCallback:733 
12-13 03:29:16.744   787   787 D STATUSBAR-StatusBarManagerService: sendNotification(1) - 3
12-13 03:29:16.744   992   992 D STATUSBAR-IconMerger: checkOverflow(1036), More:false, Req:false Child:3
12-13 03:29:16.754  8428  8428 D com.samsung.app: [AccuTab_Magagine]>>> WC:42 [0:0] action : comandroidserverNotificationManagerServiceNotificationArrived
12-13 03:29:16.754  8428  8428 D com.samsung.app: [AccuTab_Magagine]>>> WC:55 [0:0] settings CT : androidappReceiverRestrictedContext@4201cd20
12-13 03:29:16.754  8428  8428 D com.samsung.app: [AccuTab_Magagine]>>> UIM:146 [0:0] setContext
12-13 03:29:16.754  8428  8428 D com.samsung.app: [AccuTab_Magagine]>>> UIM:227 [0:0] The widget does not exist in idle!!
12-13 03:29:16.764  2318  2318 I DBG_DM  : [3.19.140441][Line:370][xuiFotaPostponeDefault] xdbSetFUMOStatus  to XDL_STATE_POSTPONE_TO_UPDATE
12-13 03:29:16.764  2318  2318 I DBG_DM  : [3.19.140441][Line:506][xuiFotaPostponeStartTimer] 
12-13 03:29:16.764  2318  2318 I DBG_DM  : [3.19.140441][Line:419][onPause] 
12-13 03:29:16.784 10740 10740 I SELinux : Function: selinux_android_load_priority [0], There is no sepolicy file.
12-13 03:29:16.784 10740 10740 I SELinux :  
12-13 03:29:16.784 10740 10740 I SELinux : Function: selinux_android_load_priority [1], There is no sepolicy version file.
12-13 03:29:16.784 10740 10740 I SELinux :  
12-13 03:29:16.784 10740 10740 I SELinux : Function: selinux_android_load_priority , priority version is VE=SEPF_SM-T530NU_4.4.2_0028
12-13 03:29:16.784 10740 10740 I SELinux :  
12-13 03:29:16.784 10740 10740 I SELinux :  
12-13 03:29:16.784 10740 10740 I SELinux : selinux_android_seapp_context_reload: seapp_contexts file is loaded from /seapp_contexts
12-13 03:29:16.794 10740 10740 D dalvikvm: Late-enabling CheckJNI
12-13 03:29:16.794   787   901 I InputDispatcher: Dropping event because there is no touchable window at (348, 794).
12-13 03:29:16.794   787  5986 W InputManager: Input event injection from pid 10694 failed.
12-13 03:29:16.794   787  1254 W InputManager: Input event injection from pid 10694 failed.
12-13 03:29:16.804   992  1004 D dalvikvm: GC_EXPLICIT freed 8595K, 41% free 21817K/36500K, paused 4ms+9ms, total 66ms
12-13 03:29:16.824   992   992 W ResourceType: Attempt to retrieve bag 0x01030068 which is invalid or in a cycle.
12-13 03:29:16.824   992   992 W ResourceType: Attempt to retrieve bag 0x01030067 which is invalid or in a cycle.
12-13 03:29:16.834   992   992 D ProgressBar: setProgressDrawable drawableHeight = 7
12-13 03:29:16.834   992   992 D PhoneStatusBar: tick(): knoxCustomManager = android.app.enterprise.knoxcustom.KnoxCustomManager@41d3e258
12-13 03:29:16.844   787   901 I InputDispatcher: Dropping event because there is no touchable window at (177, 732).
12-13 03:29:16.844   787  1255 W InputManager: Input event injection from pid 10694 failed.
12-13 03:29:16.844   787  1194 W InputManager: Input event injection from pid 10694 failed.
12-13 03:29:16.864   992   992 D SizeAdaptiveLayout: com.android.internal.widget.SizeAdaptiveLayout{421626d0 V.E..... ......I. 0,0-0,0 #7f080087 app:id/adaptive}child view android.widget.FrameLayout{421d2498 G.E..... ......I. 0,0-0,0 #1020364 android:id/status_bar_latest_event_content} measured out of bounds at 64px clamped to 68px
12-13 03:29:16.864   992   992 D SizeAdaptiveLayout: com.android.internal.widget.SizeAdaptiveLayout{421626d0 V.E..... ......I. 0,0-0,0 #7f080087 app:id/adaptive}child view android.widget.FrameLayout{421d2498 G.E..... ......I. 0,0-0,0 #1020364 android:id/status_bar_latest_event_content} measured out of bounds at 64px clamped to 68px
12-13 03:29:16.864   992   992 D STATUSBAR-IconMerger: checkOverflow(1036), More:false, Req:false Child:4
12-13 03:29:16.874   787   880 D STATUSBAR-StatusBarManagerService: manageDisableList what=0x0 pkg=WindowManager.LayoutParams
12-13 03:29:16.904   787   901 I InputDispatcher: Dropping event because there is no touchable window at (608, 661).
12-13 03:29:16.904   384 10753 I framebuffer: /data/system/enterprise.conf doesn't exist or cannot be opened
12-13 03:29:16.904   787  5986 W InputManager: Input event injection from pid 10694 failed.
12-13 03:29:16.904   787  5986 W InputManager: Input event injection from pid 10694 failed.
12-13 03:29:16.904   787  1253 W InputManager: Input event injection from pid 10694 failed.
12-13 03:29:16.914   787  5980 W InputManager: Input event injection from pid 10694 failed.
12-13 03:29:16.964   787   901 I InputDispatcher: Dropping event because there is no touchable window at (1023, 323).
12-13 03:29:16.964   787  1235 W InputManager: Input event injection from pid 10694 failed.
12-13 03:29:16.974 10740 10740 I dalvikvm: Could not find method android.content.pm.PackageManager.getPackageInstaller, referenced from method com.google.android.gms.common.zzo.zzx
12-13 03:29:16.974 10740 10740 W dalvikvm: VFY: unable to resolve virtual method 525: Landroid/content/pm/PackageManager;.getPackageInstaller ()Landroid/content/pm/PackageInstaller;
12-13 03:29:16.974 10740 10740 D dalvikvm: VFY: replacing opcode 0x6e at 0x0013
12-13 03:29:16.974   787   797 W InputManager: Input event injection from pid 10694 failed.
12-13 03:29:16.984   787  1254 I EDMNativeHelperService: isScreenCaptureEnabled
12-13 03:29:16.984 10740 10740 I dalvikvm: Could not find method android.content.Context.getNoBackupFilesDir, referenced from method com.google.android.gms.common.util.zzu.getNoBackupFilesDir
12-13 03:29:16.984 10740 10740 W dalvikvm: VFY: unable to resolve virtual method 391: Landroid/content/Context;.getNoBackupFilesDir ()Ljava/io/File;
12-13 03:29:16.984 10740 10740 D dalvikvm: VFY: replacing opcode 0x6e at 0x0006
12-13 03:29:17.014 10740 10755 W DynamiteModule: Local module descriptor class for com.google.firebase.auth not found.
12-13 03:29:17.014 10740 10740 D FirebaseApp: com.google.firebase.crash.FirebaseCrash is not linked. Skipping initialization.
12-13 03:29:17.014 10740 10755 I dalvikvm: Could not find method android.content.pm.PackageManager.isInstantApp, referenced from method com.google.android.gms.internal.zzbec.zzalq
12-13 03:29:17.014 10740 10755 W dalvikvm: VFY: unable to resolve virtual method 532: Landroid/content/pm/PackageManager;.isInstantApp (Ljava/lang/String;)Z
12-13 03:29:17.014 10740 10755 D dalvikvm: VFY: replacing opcode 0x6e at 0x002d
12-13 03:29:17.024 10740 10740 I FA      : App measurement is starting up, version: 11400
12-13 03:29:17.024 10740 10740 I FA      : To enable debug logging run: adb shell setprop log.tag.FA VERBOSE
12-13 03:29:17.024   787   901 I InputDispatcher: Dropping event because there is no touchable window at (960, 267).
12-13 03:29:17.024   787   797 W InputManager: Input event injection from pid 10694 failed.
12-13 03:29:17.024   787  1178 W InputManager: Input event injection from pid 10694 failed.
12-13 03:29:17.024   787  1255 W InputManager: Input event injection from pid 10694 failed.
12-13 03:29:17.034   787  5986 W InputManager: Input event injection from pid 10694 failed.
12-13 03:29:17.034   787  5769 W InputManager: Input event injection from pid 10694 failed.
12-13 03:29:17.034   787  1253 W InputManager: Input event injection from pid 10694 failed.
12-13 03:29:17.044 10740 10755 W DynamiteModule: Local module descriptor class for com.google.firebase.auth not found.
12-13 03:29:17.074 10740 10740 I dalvikvm: Could not find method android.content.pm.PackageManager.isInstantApp, referenced from method com.google.android.gms.internal.zzbeb.zzcp
12-13 03:29:17.074 10740 10740 W dalvikvm: VFY: unable to resolve virtual method 531: Landroid/content/pm/PackageManager;.isInstantApp ()Z
12-13 03:29:17.074 10740 10740 D dalvikvm: VFY: replacing opcode 0x6e at 0x0028
12-13 03:29:17.074 10740 10740 I FA      : To enable faster debug mode event logging run:
12-13 03:29:17.074 10740 10740 I FA      :   adb shell setprop debug.firebase.analytics.app com.example.snoopy
12-13 03:29:17.074 10740 10740 E dalvikvm: Could not find class 'android.app.job.JobScheduler', referenced from method com.google.android.gms.internal.zzcfr.zzazv
12-13 03:29:17.074 10740 10740 W dalvikvm: VFY: unable to resolve check-cast 64 (Landroid/app/job/JobScheduler;) in Lcom/google/android/gms/internal/zzcfr;
12-13 03:29:17.074 10740 10740 D dalvikvm: VFY: replacing opcode 0x1f at 0x000b
12-13 03:29:17.084 10740 10740 E dalvikvm: Could not find class 'android.app.job.JobScheduler', referenced from method com.google.android.gms.internal.zzcfr.zzs
12-13 03:29:17.084 10740 10740 W dalvikvm: VFY: unable to resolve check-cast 64 (Landroid/app/job/JobScheduler;) in Lcom/google/android/gms/internal/zzcfr;
12-13 03:29:17.084 10740 10740 D dalvikvm: VFY: replacing opcode 0x1f at 0x0098
12-13 03:29:17.084 10740 10740 D dalvikvm: DexOpt: unable to opt direct call 0x0142 at 0xa0 in Lcom/google/android/gms/internal/zzcfr;.zzs
12-13 03:29:17.084 10740 10740 D dalvikvm: DexOpt: unable to opt direct call 0x0597 at 0xae in Lcom/google/android/gms/internal/zzcfr;.zzs
12-13 03:29:17.084 10740 10740 I FirebaseInitProvider: FirebaseApp initialization successful
12-13 03:29:17.084   787  1253 W ActivityManager: Permission Denial: getCurrentUser() from pid=10740, uid=13116 requires android.permission.INTERACT_ACROSS_USERS
12-13 03:29:17.094   787   901 I InputDispatcher: Dropping event because there is no touchable window at (934, 793).
12-13 03:29:17.094   787  1237 W InputManager: Input event injection from pid 10694 failed.
12-13 03:29:17.094   787  1178 W InputManager: Input event injection from pid 10694 failed.
12-13 03:29:17.094   787  1178 W InputManager: Input event injection from pid 10694 failed.
12-13 03:29:17.094   787  1253 W InputManager: Input event injection from pid 10694 failed.
12-13 03:29:17.104 10740 10763 W dalvikvm: VFY: unable to find class referenced in signature (Landroid/app/job/JobParameters;)
12-13 03:29:17.104 10740 10763 W dalvikvm: VFY: unable to find class referenced in signature (Landroid/app/job/JobParameters;)
12-13 03:29:17.104 10740 10763 W dalvikvm: VFY: unable to find class referenced in signature (Landroid/app/job/JobParameters;)
12-13 03:29:17.104 10740 10763 W dalvikvm: VFY: unable to find class referenced in signature (Landroid/app/job/JobParameters;)
12-13 03:29:17.104 10740 10763 I dalvikvm: Could not find method android.app.job.JobParameters.getExtras, referenced from method com.google.android.gms.internal.zzcfh.onStartJob
12-13 03:29:17.104 10740 10763 W dalvikvm: VFY: unable to resolve virtual method 327: Landroid/app/job/JobParameters;.getExtras ()Landroid/os/PersistableBundle;
12-13 03:29:17.104 10740 10763 D dalvikvm: VFY: replacing opcode 0x6e at 0x000a
12-13 03:29:17.104   787  5980 W InputManager: Input event injection from pid 10694 failed.
12-13 03:29:17.114 10740 10740 I dalvikvm: Could not find method android.view.Window$Callback.onProvideKeyboardShortcuts, referenced from method android.support.v7.view.WindowCallbackWrapper.onProvideKeyboardShortcuts
12-13 03:29:17.114 10740 10740 W dalvikvm: VFY: unable to resolve interface method 17293: Landroid/view/Window$Callback;.onProvideKeyboardShortcuts (Ljava/util/List;Landroid/view/Menu;I)V
12-13 03:29:17.114 10740 10740 D dalvikvm: VFY: replacing opcode 0x72 at 0x0002
12-13 03:29:17.114 10740 10740 W dalvikvm: VFY: unable to find class referenced in signature (Landroid/view/SearchEvent;)
12-13 03:29:17.114 10740 10740 I dalvikvm: Could not find method android.view.Window$Callback.onSearchRequested, referenced from method android.support.v7.view.WindowCallbackWrapper.onSearchRequested
12-13 03:29:17.114 10740 10740 W dalvikvm: VFY: unable to resolve interface method 17295: Landroid/view/Window$Callback;.onSearchRequested (Landroid/view/SearchEvent;)Z
12-13 03:29:17.114 10740 10740 D dalvikvm: VFY: replacing opcode 0x72 at 0x0002
12-13 03:29:17.114 10740 10740 I dalvikvm: Could not find method android.view.Window$Callback.onWindowStartingActionMode, referenced from method android.support.v7.view.WindowCallbackWrapper.onWindowStartingActionMode
12-13 03:29:17.114 10740 10740 W dalvikvm: VFY: unable to resolve interface method 17299: Landroid/view/Window$Callback;.onWindowStartingActionMode (Landroid/view/ActionMode$Callback;I)Landroid/view/ActionMode;
12-13 03:29:17.114 10740 10740 D dalvikvm: VFY: replacing opcode 0x72 at 0x0002
12-13 03:29:17.114 10740 10740 I dalvikvm: Could not find method android.content.res.TypedArray.getChangingConfigurations, referenced from method android.support.v7.widget.TintTypedArray.getChangingConfigurations
12-13 03:29:17.114 10740 10740 W dalvikvm: VFY: unable to resolve virtual method 610: Landroid/content/res/TypedArray;.getChangingConfigurations ()I
12-13 03:29:17.114 10740 10740 D dalvikvm: VFY: replacing opcode 0x6e at 0x0002
12-13 03:29:17.114 10740 10740 I dalvikvm: Could not find method android.content.res.TypedArray.getType, referenced from method android.support.v7.widget.TintTypedArray.getType
12-13 03:29:17.114 10740 10740 W dalvikvm: VFY: unable to resolve virtual method 632: Landroid/content/res/TypedArray;.getType (I)I
12-13 03:29:17.114 10740 10740 D dalvikvm: VFY: replacing opcode 0x6e at 0x0008
12-13 03:29:17.114   787   899 V AlarmManager: waitForAlarm result :8
12-13 03:29:17.124  1818  1818 D ShopWidgetController: intent received: com.nook.home.widget.ALARM_REFRESH
12-13 03:29:17.134   787  5986 W ActivityManager: Permission Denial: getCurrentUser() from pid=10740, uid=13116 requires android.permission.INTERACT_ACROSS_USERS
12-13 03:29:17.164   787   901 I InputDispatcher: Dropping event because there is no touchable window at (1201, 452).
12-13 03:29:17.164   992   992 D PhoneStatusBar: setTransGradationMode=false, mTransparentMode=false, mSemiTransparentMode=true, mMultiWindowMode=false
12-13 03:29:17.164   787  5982 W InputManager: Input event injection from pid 10694 failed.
12-13 03:29:17.164   787  5769 D StatusBarManagerService: tr p:10740,o:f
12-13 03:29:17.164   787  1235 W InputManager: Input event injection from pid 10694 failed.
12-13 03:29:17.174   787   986 W InputManager: Input event injection from pid 10694 failed.
12-13 03:29:17.174   787  5982 W InputManager: Input event injection from pid 10694 failed.
12-13 03:29:17.184   787  1255 W InputManager: Input event injection from pid 10694 failed.
12-13 03:29:17.184   787  5769 W InputManager: Input event injection from pid 10694 failed.
12-13 03:29:17.184   787   797 W InputManager: Input event injection from pid 10694 failed.
12-13 03:29:17.194   787  1237 W InputManager: Input event injection from pid 10694 failed.
12-13 03:29:17.194   787  1178 W InputManager: Input event injection from pid 10694 failed.
12-13 03:29:17.214 10740 10740 I dalvikvm: Could not find method android.widget.FrameLayout.startActionModeForChild, referenced from method android.support.v7.widget.ActionBarContainer.startActionModeForChild
12-13 03:29:17.214 10740 10740 W dalvikvm: VFY: unable to resolve virtual method 17735: Landroid/widget/FrameLayout;.startActionModeForChild (Landroid/view/View;Landroid/view/ActionMode$Callback;I)Landroid/view/ActionMode;
12-13 03:29:17.214 10740 10740 D dalvikvm: VFY: replacing opcode 0x6f at 0x0002
12-13 03:29:17.214  1818  1818 D Profile : getProfileForUser Failed. Profile: No profile with userid 0 exists
12-13 03:29:17.224 10740 10740 I dalvikvm: Could not find method android.content.Context.getColorStateList, referenced from method android.support.v7.content.res.AppCompatResources.getColorStateList
12-13 03:29:17.224 10740 10740 W dalvikvm: VFY: unable to resolve virtual method 380: Landroid/content/Context;.getColorStateList (I)Landroid/content/res/ColorStateList;
12-13 03:29:17.224 10740 10740 D dalvikvm: VFY: replacing opcode 0x6e at 0x0006
12-13 03:29:17.224   243   477 I SurfaceFlinger: id=23 Removed YUIInstallC (7/12)
12-13 03:29:17.234   243   474 I SurfaceFlinger: id=23 Removed YUIInstallC (-2/12)
12-13 03:29:17.234 10740 10740 I dalvikvm: Could not find method android.content.res.Resources.getDrawable, referenced from method android.support.v7.widget.ResourcesWrapper.getDrawable
12-13 03:29:17.234 10740 10740 W dalvikvm: VFY: unable to resolve virtual method 573: Landroid/content/res/Resources;.getDrawable (ILandroid/content/res/Resources$Theme;)Landroid/graphics/drawable/Drawable;
12-13 03:29:17.234 10740 10740 D dalvikvm: VFY: replacing opcode 0x6e at 0x0002
12-13 03:29:17.234 10740 10740 I dalvikvm: Could not find method android.content.res.Resources.getDrawableForDensity, referenced from method android.support.v7.widget.ResourcesWrapper.getDrawableForDensity
12-13 03:29:17.234 10740 10740 W dalvikvm: VFY: unable to resolve virtual method 575: Landroid/content/res/Resources;.getDrawableForDensity (IILandroid/content/res/Resources$Theme;)Landroid/graphics/drawable/Drawable;
12-13 03:29:17.234 10740 10740 D dalvikvm: VFY: replacing opcode 0x6e at 0x0002
12-13 03:29:17.244  1818  1818 D Profile : getProfileForUser Failed. Profile: No profile with userid 0 exists
12-13 03:29:17.244  1818  1818 I LibraryDao: No profile is found!
12-13 03:29:17.244   787   901 I Analytics: Analytics()
12-13 03:29:17.244   787   901 I InputDispatcher: Delivering touch to: action: 0x0, toolType: 0
12-13 03:29:17.254   787   901 I InputDispatcher: Delivering touch to: action: 0x1, toolType: 0
12-13 03:29:17.254 10740 10740 E dalvikvm: Could not find class 'android.graphics.drawable.RippleDrawable', referenced from method android.support.v7.widget.AppCompatImageHelper.hasOverlappingRendering
12-13 03:29:17.254 10740 10740 W dalvikvm: VFY: unable to resolve instanceof 173 (Landroid/graphics/drawable/RippleDrawable;) in Landroid/support/v7/widget/AppCompatImageHelper;
12-13 03:29:17.254 10740 10740 D dalvikvm: VFY: replacing opcode 0x20 at 0x000c
12-13 03:29:17.264   992   992 V PanelView: animationTick called with dtms=0; nothing to do (h=0.0 v=0.0)
12-13 03:29:17.264   992   992 V PanelView: animationTick called with dtms=-7; nothing to do (h=0.0 v=0.0)
12-13 03:29:17.284   992   992 D STATUSBAR-PhoneStatusBar: makeExpandedVisible
12-13 03:29:17.284   992   992 D STATUSBAR-QuickSettingPanel: setSingleLine:true
12-13 03:29:17.284   992   992 D STATUSBAR-QuickSettingPanel: updateButtonInfo mButtonWidth : 114 mColumnNumber:7 orien: 2
12-13 03:29:17.284   992   992 D STATUSBAR-PhoneStatusBar: Mini Controller text scroll : ON
12-13 03:29:17.294   787  1194 V Vibrator: Called cancel() API - PUID: 1000, PackageName: android
12-13 03:29:17.294   787  1194 W Vibrator: Vibrator.cancel()
12-13 03:29:17.294   787  1194 D VibratorService: JNI vibratorOff()
12-13 03:29:17.294   787  1194 D LightsService: [api] [SvcLED] turnOff:: id = 4 (uid: 10016 pid: 992) 
12-13 03:29:17.294   787  1194 D LightsService: [SvcLED] setSvcLedStateLocked:: SvcLEDState : 0x0 -> 0x0 | SvcLED(id=4) set Off
12-13 03:29:17.294   787   894 D LightsService: [SvcLED] Lux failed to be updated in 700ms. -> handleForcedSvcLEDTasK
12-13 03:29:17.294   787   894 D LightsService: [SvcLED]  setSvcLedLightLocked :: Current SvcLED(id=3) maintains its priority right
12-13 03:29:17.294   787  5980 I AudioService: getStreamVolume 5 index 0
12-13 03:29:17.314   787  1111 I SpenGestureManager: setFocusWindow181000
12-13 03:29:17.314   787   901 I InputDispatcher: Dropping event because there is no touchable window at (432, 678).
12-13 03:29:17.314   787   880 D STATUSBAR-StatusBarManagerService: manageDisableList what=0x0 pkg=WindowManager.LayoutParams
12-13 03:29:17.324   787  1253 D StatusBarManagerService: semi p:10740,o:f
12-13 03:29:17.334   787   869 D PointerIcon: setMouseIconStyle1 pointerType: 1001iconType:101 flag:0
12-13 03:29:17.334   787   869 D PointerIcon: setMouseCustomIcon IconType is same.101
12-13 03:29:17.334   787  1255 W InputManager: Input event injection from pid 10694 failed.
12-13 03:29:17.344   787  1254 W InputManager: Input event injection from pid 10694 failed.
12-13 03:29:17.404   787   901 I InputDispatcher: Delivering touch to: action: 0x0, toolType: 0
12-13 03:29:17.414   243   243 I SurfaceFlinger: id=25 createSurf (1280x800),1 flag=404, DameraInput
12-13 03:29:17.414   787   901 I InputDispatcher: Delivering touch to: action: 0x1, toolType: 0
12-13 03:29:17.424 10740 10740 I Adreno-EGL: <qeglDrvAPI_eglInitialize:410>: EGL 1.4 QUALCOMM build:  ()
12-13 03:29:17.424 10740 10740 I Adreno-EGL: OpenGL ES Shader Compiler Version: E031.24.00.08
12-13 03:29:17.424 10740 10740 I Adreno-EGL: Build Date: 03/21/14 Fri
12-13 03:29:17.424 10740 10740 I Adreno-EGL: Local Branch: AU200+patches_03212014
12-13 03:29:17.424 10740 10740 I Adreno-EGL: Remote Branch: 
12-13 03:29:17.424 10740 10740 I Adreno-EGL: Local Patches: 
12-13 03:29:17.424 10740 10740 I Adreno-EGL: Reconstruct Branch: 
12-13 03:29:17.444   992   992 V PanelView: animationTick called with dtms=0; nothing to do (h=23.282001 v=-2000.0)
12-13 03:29:17.444   992   992 V PanelView: animationTick called with dtms=0; nothing to do (h=23.282001 v=-2000.0)
12-13 03:29:17.444   992   992 D PhoneStatusBar: setSemiTransparentMode=false, mTransparentMode=false, mSemiTransparentMode=false, mMultiWindowMode=false
12-13 03:29:17.454   992   992 V PanelView: animationTick called with dtms=-5; nothing to do (h=23.282001 v=-2000.0)
12-13 03:29:17.474   787   901 I InputDispatcher: Delivering touch to: action: 0x0, toolType: 0
12-13 03:29:17.474  1818  1818 E SQLiteLog: (1) no such column: last_accessed_date
12-13 03:29:17.474  1818  1818 E ActiveShelfAnimationWidgetController: load recent fail. Db may not be created
12-13 03:29:17.474  1818  1818 D ActiveShelfAnimationWidgetController: id size = 1
12-13 03:29:17.474  1818  1818 D ActiveShelfWidgetProvider: getRemoteViewInstanceIfNeed
12-13 03:29:17.474  1818  1818 D ActiveShelfWidgetProvider: newView
12-13 03:29:17.474  1818  1818 D ActiveShelfAnimationWidgetController: buildLayout sync = false
12-13 03:29:17.474   992   992 V PanelView: animationTick called with dtms=0; nothing to do (h=23.282001 v=-2000.0)
12-13 03:29:17.484   992   992 V PanelView: animationTick called with dtms=0; nothing to do (h=23.282001 v=-2000.0)
12-13 03:29:17.484   992   992 V PanelView: animationTick called with dtms=-9; nothing to do (h=23.282001 v=-2000.0)
12-13 03:29:17.484   992   992 V RecentsWindow: hide mShowing = false
12-13 03:29:17.494   787  1791 D SSRMv2:TSP:AirViewOnOff: DeviceInfo:: 00000000000
12-13 03:29:17.494   787  1791 D SSRMv2:TSP:AirViewOnOff: SettingsAirViewInfo:: 000000000
12-13 03:29:17.534   787   901 I InputDispatcher: Delivering touch to: action: 0x1, toolType: 0
12-13 03:29:17.544 10740 10740 D OpenGLRenderer: Enabling debug mode 0
12-13 03:29:17.554   992   992 D STATUSBAR-PhoneStatusBar: makeExpandedInvisible
12-13 03:29:17.554   992   992 D STATUSBAR-PhoneStatusBar: Mini Controller text scroll : OFF
12-13 03:29:17.554   992   992 D STATUSBAR-QuickSettingPanel: setSingleLine:true
12-13 03:29:17.564   787  5986 V Vibrator: Called cancel() API - PUID: 1000, PackageName: android
12-13 03:29:17.564   787  5986 W Vibrator: Vibrator.cancel()
12-13 03:29:17.564   992   992 D STATUSBAR-QuickSettingPanel: updateButtonInfo mButtonWidth : 114 mColumnNumber:7 orien: 2
12-13 03:29:17.564   787  5986 D VibratorService: JNI vibratorOff()
12-13 03:29:17.564   787  5986 D LightsService: [api] [SvcLED] turnOff:: id = 4 (uid: 10016 pid: 992) 
12-13 03:29:17.564   787  5986 D LightsService: [SvcLED] setSvcLedStateLocked:: SvcLEDState : 0x0 -> 0x0 | SvcLED(id=4) set Off
12-13 03:29:17.564   787   894 D LightsService: [SvcLED] Lux failed to be updated in 700ms. -> handleForcedSvcLEDTasK
12-13 03:29:17.564   787   894 D LightsService: [SvcLED]  setSvcLedLightLocked :: Current SvcLED(id=3) maintains its priority right
12-13 03:29:17.574   787  1237 I SpenGestureManager: setFocusWindow21015
12-13 03:29:17.574   787   880 D STATUSBAR-StatusBarManagerService: manageDisableList what=0x0 pkg=WindowManager.LayoutParams
12-13 03:29:17.584  1818  1822 D dalvikvm: GC_CONCURRENT freed 2635K, 56% free 7076K/15760K, paused 34ms+10ms, total 304ms
12-13 03:29:17.584  1818  1827 W CursorWrapperInner: Cursor finalized without prior close()
12-13 03:29:17.584  1818  1827 W CursorWrapperInner: Cursor finalized without prior close()
12-13 03:29:17.584   787   901 I InputDispatcher: Delivering touch to: action: 0x0, toolType: 0
12-13 03:29:17.594   787   901 I InputDispatcher: Delivering touch to: action: 0x1, toolType: 0
12-13 03:29:17.594   787   869 D PointerIcon: setMouseIconStyle1 pointerType: 1001iconType:101 flag:0
12-13 03:29:17.594   787   869 D PointerIcon: setMouseCustomIcon IconType is same.101
12-13 03:29:17.644   787   901 I InputDispatcher: Delivering touch to: action: 0x4, toolType: 0
12-13 03:29:17.644   787   901 I InputDispatcher: Delivering touch to: action: 0x4, toolType: 0
12-13 03:29:17.644   787   901 I InputDispatcher: Delivering touch to: action: 0x0, toolType: 0
12-13 03:29:17.654  1818  1818 D Profile : getProfileForUser Failed. Profile: No profile with userid 0 exists
12-13 03:29:17.654   787   901 I InputDispatcher: Delivering touch to: action: 0x1, toolType: 0
12-13 03:29:17.664  1818  1818 D Profile : getProfileForUser Failed. Profile: No profile with userid 0 exists
12-13 03:29:17.674  1818  1818 D TextUtils: Text view dimension, width:11, height:41
12-13 03:29:17.694  1818  1818 D TextUtils: Text view dimension, width:381, height:85
12-13 03:29:17.724   787   901 I InputDispatcher: Delivering touch to: action: 0x4, toolType: 0
12-13 03:29:17.724   787   901 I InputDispatcher: Delivering touch to: action: 0x4, toolType: 0
12-13 03:29:17.724   787   901 I InputDispatcher: Delivering touch to: action: 0x0, toolType: 0
12-13 03:29:17.724   787   863 D SensorService:   0.1 -0.0 9.8
12-13 03:29:17.724   787  5769 W LicenseLogService: log() failed
12-13 03:29:17.734   787   901 I InputDispatcher: Delivering touch to: action: 0x1, toolType: 0
12-13 03:29:17.744   787 10775 W ContextImpl: Calling a method in the system process without a qualified user: android.app.ContextImpl.sendBroadcast:1509 com.android.server.InputMethodManagerService$4.run:2683 java.lang.Thread.run:841 <bottom of call stack> <bottom of call stack> 
12-13 03:29:17.754  1818  1818 D Profile : getProfileForUser Failed. Profile: No profile with userid 0 exists
12-13 03:29:17.764   787   869 W ActivityManager: mDVFSHelper.release()
12-13 03:29:17.774  1818  1818 D TextUtils: Text view dimension, width:168, height:23
12-13 03:29:17.784  2318  2318 D checkbox: TwCheckBox.onDetachedToWindow()
12-13 03:29:17.794   787   901 I InputDispatcher: Delivering touch to: action: 0x4, toolType: 0
12-13 03:29:17.794   787   901 I InputDispatcher: Delivering touch to: action: 0x4, toolType: 0
12-13 03:29:17.794   787   901 I InputDispatcher: Delivering touch to: action: 0x0, toolType: 0
12-13 03:29:17.794   787   901 I InputDispatcher: Delivering touch to: action: 0x1, toolType: 0
12-13 03:29:17.814  1818  1818 D TextUtils: Text view dimension, width:50, height:25
12-13 03:29:17.814  1818  1818 D ActiveShelfAnimationWidgetController: update widget id = 2
12-13 03:29:17.854   787   901 I InputDispatcher: Delivering touch to: action: 0x4, toolType: 0
12-13 03:29:17.854   787   901 I InputDispatcher: Delivering touch to: action: 0x4, toolType: 0
12-13 03:29:17.854   787   901 I InputDispatcher: Delivering touch to: action: 0x0, toolType: 0
12-13 03:29:17.854  1818  1818 D ShopWidgetController: intent received: com.nook.home.widget.ACTION_REFRESH
12-13 03:29:17.854  1818  1818 D ShopWidgetController: Refresh!! orientation:2
12-13 03:29:17.864   787   901 I InputDispatcher: Delivering touch to: action: 0x1, toolType: 0
12-13 03:29:17.884  1818  1818 D ShopWidgetController: Update widget with id:3
12-13 03:29:17.884  1818  1818 D ShopWidgetController: updateRemoteViews for widget id:3
12-13 03:29:17.914   787   901 I InputDispatcher: Delivering touch to: action: 0x4, toolType: 0
12-13 03:29:17.914   787   901 I InputDispatcher: Delivering touch to: action: 0x4, toolType: 0
12-13 03:29:17.914   787   901 I InputDispatcher: Delivering touch to: action: 0x0, toolType: 0
12-13 03:29:17.924   787   901 I InputDispatcher: Delivering touch to: action: 0x1, toolType: 0
12-13 03:29:17.924  1818  1818 D ShopWidgetProvider: getRemoteViewInstanceIfNeed
12-13 03:29:17.924  1818  1818 D ShopWidgetProvider: newView
12-13 03:29:17.934  1165  1170 D dalvikvm: GC_CONCURRENT freed 2242K, 40% free 12318K/20348K, paused 8ms+6ms, total 99ms
12-13 03:29:17.934  1818  1818 D TextUtils: Text view dimension, width:9, height:20
12-13 03:29:17.944  1818  1818 D TextUtils: Text view dimension, width:8, height:18
12-13 03:29:17.954  1818  1818 D TextUtils: Text view dimension, width:10, height:25
12-13 03:29:17.954  1818  1818 D Profile : getProfileForUser Failed. Profile: No profile with userid 0 exists
12-13 03:29:17.954  1818  1818 I ShopWidgetController: No profile found
12-13 03:29:17.954  1818  1818 D ShopWidgetController: action = Shop Now mNoConnectivity = false mSkipOobeBitmap = null is Connect = true
12-13 03:29:17.964  1818  1818 D TextUtils: Text view dimension, width:9, height:20
12-13 03:29:17.964  1818  1818 D TextUtils: Text view dimension, width:8, height:18
12-13 03:29:17.964  1818  1818 D TextUtils: Text view dimension, width:92, height:25
12-13 03:29:17.974  1818 10777 D ShopWidgetController: Downloading file from http://www.nook.com/services/cms/doc/promo/shop_widget_default.png
12-13 03:29:17.974  1818 10777 W System.err: [DEBUG] GbaRequest - GbaRequest: Constructor Called 222 userAgent Apache-HttpClient/UNAVAILABLE (java 1.4)
12-13 03:29:17.974   787   901 I InputDispatcher: Delivering touch to: action: 0x4, toolType: 0
12-13 03:29:17.974   787   901 I InputDispatcher: Delivering touch to: action: 0x4, toolType: 0
12-13 03:29:17.974   787   901 I InputDispatcher: Delivering touch to: action: 0x0, toolType: 0
12-13 03:29:17.984   787   901 I InputDispatcher: Delivering touch to: action: 0x1, toolType: 0
12-13 03:29:17.984   243   474 I SurfaceFlinger: id=24 Removed tnoopy (9/12)
12-13 03:29:17.984   243   904 I SurfaceFlinger: id=24 Removed tnoopy (-2/12)
12-13 03:29:18.004  1818 10777 W System.err: [DEBUG] NafRequest - NafRequest: NafRequest constructor===useragent Apache-HttpClient/UNAVAILABLE (java 1.4)
12-13 03:29:18.004  1818 10777 D ClientParamsStack: 'http.protocol.max-redirects': null
12-13 03:29:18.014  1818 10777 D ClientParamsStack: 'http.route.forced-route': null
12-13 03:29:18.014  1818 10777 D ClientParamsStack: 'http.route.local-address': null
12-13 03:29:18.024  1818 10777 D ClientParamsStack: 'http.route.default-proxy': null
12-13 03:29:18.034   787   901 I InputDispatcher: Delivering touch to: action: 0x4, toolType: 0
12-13 03:29:18.034   787   901 I InputDispatcher: Delivering touch to: action: 0x4, toolType: 0
12-13 03:29:18.034   787   901 I InputDispatcher: Delivering touch to: action: 0x0, toolType: 0
12-13 03:29:18.044  1818 10777 D ClientParamsStack: 'http.conn-manager.timeout': null
12-13 03:29:18.044  1818 10777 D SingleClientConnManager: Get connection for route HttpRoute[{}->http://www.nook.com]
12-13 03:29:18.044  1818 10777 D ClientParamsStack: 'http.connection.stalecheck': false
12-13 03:29:18.044   787   901 I InputDispatcher: Delivering touch to: action: 0x1, toolType: 0
12-13 03:29:18.054 10779 10779 I SELinux : Function: selinux_android_load_priority [0], There is no sepolicy file.
12-13 03:29:18.054 10779 10779 I SELinux :  
12-13 03:29:18.054 10779 10779 I SELinux : Function: selinux_android_load_priority [1], There is no sepolicy version file.
12-13 03:29:18.054 10779 10779 I SELinux :  
12-13 03:29:18.054 10779 10779 I SELinux : Function: selinux_android_load_priority , priority version is VE=SEPF_SM-T530NU_4.4.2_0028
12-13 03:29:18.054 10779 10779 I SELinux :  
12-13 03:29:18.054 10779 10779 I SELinux :  
12-13 03:29:18.054 10779 10779 I SELinux : selinux_android_seapp_context_reload: seapp_contexts file is loaded from /seapp_contexts
12-13 03:29:18.084  1818 10777 D ClientParamsStack: 'http.connection.timeout': 5000
12-13 03:29:18.094  1470  1470 I MultiWindowTrayInfo: getAppCnt
12-13 03:29:18.094  1470  1470 I MultiWindowTrayInfo: getAppCnt
12-13 03:29:18.094  1470  1470 I MultiWindowTrayInfo: getAppCnt
12-13 03:29:18.094  1470  1470 I MultiWindowTrayInfo: getAppCnt
12-13 03:29:18.094  1470  1470 I MultiWindowTrayInfo: getAppCnt
12-13 03:29:18.104  1818 10777 D ClientParamsStack: 'http.tcp.nodelay': null
12-13 03:29:18.104  1818 10777 D ClientParamsStack: 'http.socket.timeout': 5000
12-13 03:29:18.104   787   901 I InputDispatcher: Delivering touch to: action: 0x4, toolType: 0
12-13 03:29:18.104   787   901 I InputDispatcher: Delivering touch to: action: 0x4, toolType: 0
12-13 03:29:18.104  1818 10777 D ClientParamsStack: 'http.socket.linger': null
12-13 03:29:18.104   787   901 I InputDispatcher: Delivering touch to: action: 0x0, toolType: 0
12-13 03:29:18.104  1818 10777 D ClientParamsStack: 'http.socket.buffer-size': null
12-13 03:29:18.104  1818 10777 D ClientParamsStack: 'http.protocol.element-charset': null
12-13 03:29:18.104  1818 10777 D ClientParamsStack: 'http.connection.max-line-length': null
12-13 03:29:18.104  1818 10777 D ClientParamsStack: 'http.protocol.element-charset': null
12-13 03:29:18.104  1470  1470 I MultiWindowTrayInfo: getAppCnt
12-13 03:29:18.104  1818 10777 D ClientParamsStack: 'http.connection.max-header-count': null
12-13 03:29:18.104  1818 10777 D ClientParamsStack: 'http.connection.max-line-length': null
12-13 03:29:18.104  1818 10777 D ClientParamsStack: 'http.connection.max-status-line-garbage': null
12-13 03:29:18.104  1818 10777 D ClientParamsStack: 'http.virtual-host': null
12-13 03:29:18.104  1818 10777 D ClientParamsStack: 'http.default-headers': null
12-13 03:29:18.104  1818 10777 D ClientParamsStack: 'http.useragent': Apache-HttpClient/UNAVAILABLE (java 1.4)
12-13 03:29:18.104  1818 10777 D ClientParamsStack: 'http.protocol.cookie-policy': null
12-13 03:29:18.104  1818 10777 D RequestAddCookies: CookieSpec selected: best-match
12-13 03:29:18.104  1818 10777 D ClientParamsStack: 'http.protocol.cookie-datepatterns': null
12-13 03:29:18.114   787   901 I InputDispatcher: Delivering touch to: action: 0x1, toolType: 0
12-13 03:29:18.114  1470  1470 I MultiWindowTrayInfo: makeInstancebadgeForGridView
12-13 03:29:18.114  1470  1470 I MultiWindowTrayInfo: getAppCnt
12-13 03:29:18.114  1470  1470 I MultiWindowTrayInfo: makeInstancebadgeForGridView
12-13 03:29:18.124  1470  1470 I MultiWindowTrayInfo: makeInstancebadgeForGridView
12-13 03:29:18.124  1818 10777 D ClientParamsStack: 'http.protocol.single-cookie-header': null
12-13 03:29:18.124  1470  1470 I MultiWindowTrayInfo: makeInstancebadgeForGridView
12-13 03:29:18.124  1818 10777 D DefaultRequestDirector: Attempt 1 to execute request
12-13 03:29:18.124  1818 10777 D ClientParamsStack: 'http.protocol.version': HTTP/1.1
12-13 03:29:18.124  1818 10777 D ClientParamsStack: 'http.protocol.version': HTTP/1.1
12-13 03:29:18.124  1818 10777 D org.apache.http.headers: >> GET /services/cms/doc/promo/shop_widget_default.png HTTP/1.1
12-13 03:29:18.124  1818 10777 D org.apache.http.headers: >> Host: www.nook.com
12-13 03:29:18.124  1818 10777 D org.apache.http.headers: >> Connection: Keep-Alive
12-13 03:29:18.124  1818 10777 D org.apache.http.headers: >> User-Agent: Apache-HttpClient/UNAVAILABLE (java 1.4)
12-13 03:29:18.134  1470  1470 I MultiWindowTrayInfo: makeInstancebadgeForGridView
12-13 03:29:18.134  1470  1470 I MultiWindowTrayInfo: makeInstancebadgeForGridView
12-13 03:29:18.134  1470  1470 I MultiWindowTrayInfo: makeInstancebadgeForGridView
12-13 03:29:18.144  1818 10777 D org.apache.http.headers: << HTTP/1.1 302 Moved Temporarily
12-13 03:29:18.144  1818 10777 D org.apache.http.headers: << Content-Type: text/html; charset=utf-8
12-13 03:29:18.144  1818 10777 D org.apache.http.headers: << Status: 302 Found
12-13 03:29:18.144  1818 10777 D org.apache.http.headers: << Cache-Control: max-age=1209600
12-13 03:29:18.144  1470  1470 I MultiWindowTrayInfo: makeInstancebadgeForGridView
12-13 03:29:18.144  1818 10777 D org.apache.http.headers: << X-Request-Id: 108921d4-f549-4c9b-8c6e-771a69a37b33
12-13 03:29:18.144  1818 10777 D org.apache.http.headers: << Location: http://www.barnesandnoble.com/nook
12-13 03:29:18.144  1818 10777 D org.apache.http.headers: << X-Runtime: 0.007156
12-13 03:29:18.144  1818 10777 D org.apache.http.headers: << X-Powered-By: Phusion Passenger 5.0.15
12-13 03:29:18.144  1818 10777 D org.apache.http.headers: << Expires: Tue, 26 Dec 2017 00:11:56 GMT
12-13 03:29:18.144  1818 10777 D org.apache.http.headers: << Pragma: public
12-13 03:29:18.144  1818 10777 D org.apache.http.headers: << Cache-Control: public
12-13 03:29:18.144  1818 10777 D org.apache.http.headers: << Content-Length: 100
12-13 03:29:18.144  1818 10777 D org.apache.http.headers: << Date: Wed, 13 Dec 2017 02:59:05 GMT
12-13 03:29:18.144  1818 10777 D org.apache.http.headers: << Age: 1837
12-13 03:29:18.144  1818 10777 D org.apache.http.headers: << X-Cache: HIT from ip-10-0-10-36
12-13 03:29:18.144  1818 10777 D org.apache.http.headers: << X-Cache-Lookup: HIT from ip-10-0-10-36:0
12-13 03:29:18.144  1818 10777 D org.apache.http.headers: << Via: 1.1 ip-10-0-10-36 (squid/3.3.13)
12-13 03:29:18.154  1818 10777 D org.apache.http.headers: << Connection: keep-alive
12-13 03:29:18.154  1818 10777 D ClientParamsStack: 'http.protocol.version': HTTP/1.1
12-13 03:29:18.154  1470  1470 I MultiWindowTrayInfo: makeInstancebadgeForGridView
12-13 03:29:18.154  1818 10777 D ClientParamsStack: 'http.protocol.handle-redirects': null
12-13 03:29:18.154  1818 10777 D DefaultRedirectHandler: Redirect requested to location 'http://www.barnesandnoble.com/nook'
12-13 03:29:18.154  1818 10777 D ClientParamsStack: 'http.protocol.allow-circular-redirects': null
12-13 03:29:18.154  1818 10777 D ClientParamsStack: 'http.route.forced-route': null
12-13 03:29:18.154  1818 10777 D ClientParamsStack: 'http.route.local-address': null
12-13 03:29:18.154  1470  1470 I MultiWindowTrayInfo: makeInstancebadgeForGridView
12-13 03:29:18.154  1818 10777 D ClientParamsStack: 'http.route.default-proxy': null
12-13 03:29:18.164   787   901 I InputDispatcher: Delivering touch to: action: 0x4, toolType: 0
12-13 03:29:18.164   787   901 I InputDispatcher: Delivering touch to: action: 0x4, toolType: 0
12-13 03:29:18.164   787   901 I InputDispatcher: Delivering touch to: action: 0x0, toolType: 0
12-13 03:29:18.164   787   901 I InputDispatcher: Delivering touch to: action: 0x1, toolType: 0
12-13 03:29:18.174  1470  1470 I MultiWindowTrayInfo: makeInstancebadgeForGridView
12-13 03:29:18.174  1818 10777 D DefaultRequestDirector: Redirecting to 'http://www.barnesandnoble.com/nook' via HttpRoute[{}->http://www.barnesandnoble.com]
12-13 03:29:18.174  1818 10777 D DefaultRequestDirector: Connection kept alive
12-13 03:29:18.174  1818 10777 D SingleClientConnManager: Releasing connection org.apache.http.impl.conn.SingleClientConnManager$ConnAdapter@42075710
12-13 03:29:18.174  1818 10777 I System.out: pool-11-thread-1 calls detatch()
12-13 03:29:18.174  1818 10777 D SingleClientConnManager: Get connection for route HttpRoute[{}->http://www.barnesandnoble.com]
12-13 03:29:18.174  1818 10777 D DefaultClientConnection: Connection shut down
12-13 03:29:18.174  1818 10777 D ClientParamsStack: 'http.connection.stalecheck': false
12-13 03:29:18.184  1470  1470 I MultiWindowTrayInfo: makeInstancebadgeForGridView
12-13 03:29:18.184  1470  1470 I MultiWindowTrayInfo: makeInstancebadgeForGridView
12-13 03:29:18.194  1470  1470 I MultiWindowTrayInfo: makeInstancebadgeForGridView
12-13 03:29:18.204  1818 10777 D ClientParamsStack: 'http.connection.timeout': 5000
12-13 03:29:18.214  1818 10777 D ClientParamsStack: 'http.tcp.nodelay': null
12-13 03:29:18.214  1818 10777 D ClientParamsStack: 'http.socket.timeout': 5000
12-13 03:29:18.214  1818 10777 D ClientParamsStack: 'http.socket.linger': null
12-13 03:29:18.224  1818 10777 D ClientParamsStack: 'http.socket.buffer-size': null
12-13 03:29:18.224  1818 10777 D ClientParamsStack: 'http.protocol.element-charset': null
12-13 03:29:18.224   787   901 I InputDispatcher: Delivering touch to: action: 0x0, toolType: 0
12-13 03:29:18.234  1818 10777 D ClientParamsStack: 'http.connection.max-line-length': null
12-13 03:29:18.234  1818 10777 D ClientParamsStack: 'http.protocol.element-charset': null
12-13 03:29:18.234  1818 10777 D ClientParamsStack: 'http.connection.max-header-count': null
12-13 03:29:18.234  1818 10777 D ClientParamsStack: 'http.connection.max-line-length': null
12-13 03:29:18.244  1818 10777 D ClientParamsStack: 'http.connection.max-status-line-garbage': null
12-13 03:29:18.244  1818 10777 D ClientParamsStack: 'http.virtual-host': null
12-13 03:29:18.244  1818 10777 D ClientParamsStack: 'http.default-headers': null
12-13 03:29:18.244  1818 10777 D ClientParamsStack: 'http.useragent': Apache-HttpClient/UNAVAILABLE (java 1.4)
12-13 03:29:18.244  1818 10777 D ClientParamsStack: 'http.protocol.cookie-policy': null
12-13 03:29:18.244  1818 10777 D RequestAddCookies: CookieSpec selected: best-match
12-13 03:29:18.254  1818 10777 D ClientParamsStack: 'http.protocol.cookie-datepatterns': null
12-13 03:29:18.254  1818 10777 D ClientParamsStack: 'http.protocol.single-cookie-header': null
12-13 03:29:18.254  1818 10777 D DefaultRequestDirector: Attempt 2 to execute request
12-13 03:29:18.254  1818 10777 D ClientParamsStack: 'http.protocol.version': HTTP/1.1
12-13 03:29:18.254  1818 10777 D ClientParamsStack: 'http.protocol.version': HTTP/1.1
12-13 03:29:18.254  1818 10777 D org.apache.http.headers: >> GET /nook HTTP/1.1
12-13 03:29:18.254  1818 10777 D org.apache.http.headers: >> Host: www.barnesandnoble.com
12-13 03:29:18.254  1818 10777 D org.apache.http.headers: >> Connection: Keep-Alive
12-13 03:29:18.254  1818 10777 D org.apache.http.headers: >> User-Agent: Apache-HttpClient/UNAVAILABLE (java 1.4)
12-13 03:29:18.254   992   992 D STATUSBAR-PhoneStatusBar: makeExpandedVisible
12-13 03:29:18.254   992   992 D STATUSBAR-QuickSettingPanel: setSingleLine:true
12-13 03:29:18.254   992   992 D STATUSBAR-QuickSettingPanel: updateButtonInfo mButtonWidth : 114 mColumnNumber:7 orien: 2
12-13 03:29:18.264   992   992 D STATUSBAR-PhoneStatusBar: Mini Controller text scroll : ON
12-13 03:29:18.274   787  5982 V Vibrator: Called cancel() API - PUID: 1000, PackageName: android
12-13 03:29:18.274   787  5982 W Vibrator: Vibrator.cancel()
12-13 03:29:18.274   787   797 I AudioService: getStreamVolume 5 index 0
12-13 03:29:18.274   787  5982 D VibratorService: JNI vibratorOff()
