12-13 03:29:22.064   787   901 I InputDispatcher: Delivering touch to: action: 0x0, toolType: 0
12-13 03:29:22.064   787   901 I InputDispatcher: Delivering touch to: action: 0x1, toolType: 0
12-13 03:29:22.124   787   901 I InputDispatcher: Delivering touch to: action: 0x4, toolType: 0
12-13 03:29:22.124   787   901 I InputDispatcher: Delivering touch to: action: 0x4, toolType: 0
12-13 03:29:22.124   787   901 I InputDispatcher: Delivering touch to: action: 0x0, toolType: 0
12-13 03:29:22.124   787   901 I InputDispatcher: Delivering touch to: action: 0x1, toolType: 0
12-13 03:29:22.174   787   901 I InputDispatcher: Delivering touch to: action: 0x4, toolType: 0
12-13 03:29:22.174   787   901 I InputDispatcher: Delivering touch to: action: 0x4, toolType: 0
12-13 03:29:22.174   787   901 I InputDispatcher: Delivering touch to: action: 0x0, toolType: 0
12-13 03:29:22.184   787   901 I InputDispatcher: Delivering touch to: action: 0x1, toolType: 0
12-13 03:29:22.184   384 10845 I framebuffer: /data/system/enterprise.conf doesn't exist or cannot be opened
12-13 03:29:22.234   787   901 I InputDispatcher: Delivering touch to: action: 0x4, toolType: 0
12-13 03:29:22.234   787   901 I InputDispatcher: Delivering touch to: action: 0x4, toolType: 0
12-13 03:29:22.234   787   901 I InputDispatcher: Delivering touch to: action: 0x0, toolType: 0
12-13 03:29:22.234   787   901 I InputDispatcher: Delivering touch to: action: 0x1, toolType: 0
12-13 03:29:22.244   787   986 I EDMNativeHelperService: isScreenCaptureEnabled
12-13 03:29:22.284   787   901 I InputDispatcher: Delivering touch to: action: 0x4, toolType: 0
12-13 03:29:22.284   787   901 I InputDispatcher: Delivering touch to: action: 0x4, toolType: 0
12-13 03:29:22.284   787   901 I InputDispatcher: Delivering touch to: action: 0x0, toolType: 0
12-13 03:29:22.284   787   901 I InputDispatcher: Delivering touch to: action: 0x1, toolType: 0
12-13 03:29:22.334   787   901 I InputDispatcher: Delivering touch to: action: 0x4, toolType: 0
12-13 03:29:22.334   787   901 I InputDispatcher: Delivering touch to: action: 0x4, toolType: 0
12-13 03:29:22.334   787   901 I InputDispatcher: Delivering touch to: action: 0x0, toolType: 0
12-13 03:29:22.344   787   901 I InputDispatcher: Delivering touch to: action: 0x1, toolType: 0
12-13 03:29:22.394   787   901 I InputDispatcher: Delivering touch to: action: 0x4, toolType: 0
12-13 03:29:22.394   787   901 I InputDispatcher: Delivering touch to: action: 0x4, toolType: 0
12-13 03:29:22.394   787   901 I InputDispatcher: Delivering touch to: action: 0x0, toolType: 0
12-13 03:29:22.404   787   901 I InputDispatcher: Delivering touch to: action: 0x1, toolType: 0
12-13 03:29:22.454   787   901 I InputDispatcher: Delivering touch to: action: 0x4, toolType: 0
12-13 03:29:22.454   787   901 I InputDispatcher: Delivering touch to: action: 0x4, toolType: 0
12-13 03:29:22.454   787   901 I InputDispatcher: Delivering touch to: action: 0x0, toolType: 0
12-13 03:29:22.464   787   901 I InputDispatcher: Delivering touch to: action: 0x1, toolType: 0
12-13 03:29:22.514   787   901 I InputDispatcher: Delivering touch to: action: 0x4, toolType: 0
12-13 03:29:22.514   787   901 I InputDispatcher: Delivering touch to: action: 0x4, toolType: 0
12-13 03:29:22.514   787   901 I InputDispatcher: Delivering touch to: action: 0x0, toolType: 0
12-13 03:29:22.524   787   901 I InputDispatcher: Delivering touch to: action: 0x1, toolType: 0
12-13 03:29:22.574   787   901 I InputDispatcher: Delivering touch to: action: 0x4, toolType: 0
12-13 03:29:22.574   787   901 I InputDispatcher: Delivering touch to: action: 0x4, toolType: 0
12-13 03:29:22.574   787   901 I InputDispatcher: Delivering touch to: action: 0x0, toolType: 0
12-13 03:29:22.574   787   901 I InputDispatcher: Delivering touch to: action: 0x1, toolType: 0
12-13 03:29:22.624   787   901 I InputDispatcher: Delivering touch to: action: 0x4, toolType: 0
12-13 03:29:22.624   787   901 I InputDispatcher: Delivering touch to: action: 0x4, toolType: 0
12-13 03:29:22.624   787   901 I InputDispatcher: Delivering touch to: action: 0x0, toolType: 0
12-13 03:29:22.624   787   901 I InputDispatcher: Delivering touch to: action: 0x1, toolType: 0
12-13 03:29:22.684   787   901 I InputDispatcher: Delivering touch to: action: 0x4, toolType: 0
12-13 03:29:22.684   787   901 I InputDispatcher: Delivering touch to: action: 0x4, toolType: 0
12-13 03:29:22.684   787   901 I InputDispatcher: Delivering touch to: action: 0x0, toolType: 0
12-13 03:29:22.684   787   901 I InputDispatcher: Delivering touch to: action: 0x1, toolType: 0
12-13 03:29:22.744   787   901 I InputDispatcher: Delivering touch to: action: 0x4, toolType: 0
12-13 03:29:22.744   787   901 I InputDispatcher: Delivering touch to: action: 0x4, toolType: 0
12-13 03:29:22.744   787   901 I InputDispatcher: Delivering touch to: action: 0x0, toolType: 0
12-13 03:29:22.744   787   901 I InputDispatcher: Delivering touch to: action: 0x1, toolType: 0
12-13 03:29:22.794   787   901 I InputDispatcher: Delivering touch to: action: 0x4, toolType: 0
12-13 03:29:22.794   787   901 I InputDispatcher: Delivering touch to: action: 0x4, toolType: 0
12-13 03:29:22.804   787   901 I InputDispatcher: Delivering touch to: action: 0x0, toolType: 0
12-13 03:29:22.804   787   901 I InputDispatcher: Delivering touch to: action: 0x1, toolType: 0
12-13 03:29:22.854   787   901 I InputDispatcher: Delivering touch to: action: 0x4, toolType: 0
12-13 03:29:22.854   787   901 I InputDispatcher: Delivering touch to: action: 0x4, toolType: 0
12-13 03:29:22.854   787   901 I InputDispatcher: Delivering touch to: action: 0x0, toolType: 0
12-13 03:29:22.864   787   901 I InputDispatcher: Delivering touch to: action: 0x1, toolType: 0
12-13 03:29:22.914   787   901 I InputDispatcher: Delivering touch to: action: 0x4, toolType: 0
12-13 03:29:22.914   787   901 I InputDispatcher: Delivering touch to: action: 0x4, toolType: 0
12-13 03:29:22.914   787   901 I InputDispatcher: Delivering touch to: action: 0x0, toolType: 0
12-13 03:29:22.914   787   901 I InputDispatcher: Delivering touch to: action: 0x1, toolType: 0
12-13 03:29:22.964   787   901 I InputDispatcher: Delivering touch to: action: 0x4, toolType: 0
12-13 03:29:22.964   787   901 I InputDispatcher: Delivering touch to: action: 0x4, toolType: 0
12-13 03:29:22.964   787   901 I InputDispatcher: Delivering touch to: action: 0x0, toolType: 0
12-13 03:29:22.974   787   901 I InputDispatcher: Delivering touch to: action: 0x1, toolType: 0
12-13 03:29:23.024   787   901 I InputDispatcher: Delivering touch to: action: 0x4, toolType: 0
12-13 03:29:23.024   787   901 I InputDispatcher: Delivering touch to: action: 0x4, toolType: 0
12-13 03:29:23.024   787   901 I InputDispatcher: Delivering touch to: action: 0x0, toolType: 0
12-13 03:29:23.034   787   901 I InputDispatcher: Delivering touch to: action: 0x1, toolType: 0
12-13 03:29:23.084   787   901 I InputDispatcher: Delivering touch to: action: 0x4, toolType: 0
12-13 03:29:23.084   787   901 I InputDispatcher: Delivering touch to: action: 0x4, toolType: 0
12-13 03:29:23.084   787   901 I InputDispatcher: Delivering touch to: action: 0x0, toolType: 0
12-13 03:29:23.084   787   901 I InputDispatcher: Delivering touch to: action: 0x1, toolType: 0
12-13 03:29:23.144   787   901 I InputDispatcher: Delivering touch to: action: 0x4, toolType: 0
12-13 03:29:23.144   787   901 I InputDispatcher: Delivering touch to: action: 0x4, toolType: 0
12-13 03:29:23.144   787   901 I InputDispatcher: Delivering touch to: action: 0x0, toolType: 0
12-13 03:29:23.144   787   901 I InputDispatcher: Delivering touch to: action: 0x1, toolType: 0
12-13 03:29:23.204   787   901 I InputDispatcher: Delivering touch to: action: 0x4, toolType: 0
12-13 03:29:23.204   787   901 I InputDispatcher: Delivering touch to: action: 0x4, toolType: 0
12-13 03:29:23.204   787   901 I InputDispatcher: Delivering touch to: action: 0x0, toolType: 0
12-13 03:29:23.204   787   901 I InputDispatcher: Delivering touch to: action: 0x1, toolType: 0
12-13 03:29:23.214   787   885 D TimaService: TIMA: TimaService scheduler is intialized. 
12-13 03:29:23.214   787   885 D TimaService: TIMA: checkEvent, operation: 50000 subject: 10000
12-13 03:29:23.214   787   885 D         : TIMA: tima-pkm-check event req_len=7572,resp_len=4104!
12-13 03:29:23.214   787   885 D         : TIMA: tima-pkm-check event call to open backend shared_mem_len=7572!
12-13 03:29:23.214   787   885 D         : TAL: TIMA_backend_open--int8_t TIMA_backend_open(void**, appID, uint32_t, uint32_t)
12-13 03:29:23.214   787   885 D         : TIMA: QCOM_backend_open--int8_t QCOM_backend_open(void**, appID, uint32_t, uint32_t)
12-13 03:29:23.214   787   884 D TimaService: TimaServiceHandler.handleMessage what =1
12-13 03:29:23.224   787   885 D QSEECOMAPI: : App is already loaded QSEE and app id = 3
12-13 03:29:23.224   787   885 D         : TIMA: tima-pkm--TZAPPS is already loaded!
12-13 03:29:23.224   787   885 D         : TAL: TIMA_PKM_measure_kernel--int8_t TIMA_PKM_measure_kernel(TIMA_handle_t, void*, uint32_t, void*, uint32_t, uint32_t)
12-13 03:29:23.224   787   885 D         : TIMA: QCOM_send_command--int8_t QCOM_send_command(TIMA_handle_t, void*, uint32_t, void*, uint32_t, uint32_t)
12-13 03:29:23.224   787   885 D         : rsp_len = 1008 rcvd_data_len = 1040, self_calculate_len=1040
12-13 03:29:23.234   787   885 D         : TIMA: QCOM_send_command result--0
12-13 03:29:23.234   787   885 D         : TIMA_PKM_measure_kernel returns with resp..ret=512!
12-13 03:29:23.234   787   885 D         : TAL: TIMA_PKM_measure_kernel--int8_t TIMA_PKM_measure_kernel(TIMA_handle_t, void*, uint32_t, void*, uint32_t, uint32_t)
12-13 03:29:23.234   787   885 D         : TIMA: QCOM_send_command--int8_t QCOM_send_command(TIMA_handle_t, void*, uint32_t, void*, uint32_t, uint32_t)
12-13 03:29:23.234   787   885 D         : rsp_len = 1008 rcvd_data_len = 1040, self_calculate_len=1040
12-13 03:29:23.234   787   885 D         : TIMA: QCOM_send_command result--0
12-13 03:29:23.234   787   885 D         : TIMA_PKM_measure_kernel returns with resp..ret=512!
12-13 03:29:23.234   787   885 D         : TAL: TIMA_PKM_measure_kernel--int8_t TIMA_PKM_measure_kernel(TIMA_handle_t, void*, uint32_t, void*, uint32_t, uint32_t)
12-13 03:29:23.234   787   885 D         : TIMA: QCOM_send_command--int8_t QCOM_send_command(TIMA_handle_t, void*, uint32_t, void*, uint32_t, uint32_t)
12-13 03:29:23.234   787   885 D         : rsp_len = 1008 rcvd_data_len = 1040, self_calculate_len=1040
12-13 03:29:23.244   787   885 D         : TIMA: QCOM_send_command result--0
12-13 03:29:23.244   787   885 D         : TIMA_PKM_measure_kernel returns with resp..ret=512!
12-13 03:29:23.244   787   885 D         : TAL: TIMA_PKM_measure_kernel--int8_t TIMA_PKM_measure_kernel(TIMA_handle_t, void*, uint32_t, void*, uint32_t, uint32_t)
12-13 03:29:23.244   787   885 D         : TIMA: QCOM_send_command--int8_t QCOM_send_command(TIMA_handle_t, void*, uint32_t, void*, uint32_t, uint32_t)
12-13 03:29:23.244   787   885 D         : rsp_len = 1008 rcvd_data_len = 1040, self_calculate_len=1040
12-13 03:29:23.244   787   885 D         : TIMA: QCOM_send_command result--0
12-13 03:29:23.244   787   885 D         : TIMA_PKM_measure_kernel returns with resp..ret=512!
12-13 03:29:23.244   787   885 D         : TAL: TIMA_PKM_measure_kernel--int8_t TIMA_PKM_measure_kernel(TIMA_handle_t, void*, uint32_t, void*, uint32_t, uint32_t)
12-13 03:29:23.244   787   885 D         : TIMA: QCOM_send_command--int8_t QCOM_send_command(TIMA_handle_t, void*, uint32_t, void*, uint32_t, uint32_t)
12-13 03:29:23.244   787   885 D         : rsp_len = 1008 rcvd_data_len = 1040, self_calculate_len=1040
12-13 03:29:23.254   787   885 D         : TIMA: QCOM_send_command result--0
12-13 03:29:23.254   787   885 D         : TIMA_PKM_measure_kernel returns with resp..ret=512!
12-13 03:29:23.254   787   885 D         : TAL: TIMA_PKM_measure_kernel--int8_t TIMA_PKM_measure_kernel(TIMA_handle_t, void*, uint32_t, void*, uint32_t, uint32_t)
12-13 03:29:23.254   787   885 D         : TIMA: QCOM_send_command--int8_t QCOM_send_command(TIMA_handle_t, void*, uint32_t, void*, uint32_t, uint32_t)
12-13 03:29:23.254   787   885 D         : rsp_len = 1008 rcvd_data_len = 1040, self_calculate_len=1040
12-13 03:29:23.254   787   901 I InputDispatcher: Delivering touch to: action: 0x4, toolType: 0
12-13 03:29:23.254   787   901 I InputDispatcher: Delivering touch to: action: 0x4, toolType: 0
12-13 03:29:23.254   787   901 I InputDispatcher: Delivering touch to: action: 0x0, toolType: 0
12-13 03:29:23.264   787   885 D         : TIMA: QCOM_send_command result--0
12-13 03:29:23.264   787   885 D         : TIMA_PKM_measure_kernel returns with resp..ret=512!
12-13 03:29:23.264   787   885 D         : TAL: TIMA_PKM_measure_kernel--int8_t TIMA_PKM_measure_kernel(TIMA_handle_t, void*, uint32_t, void*, uint32_t, uint32_t)
12-13 03:29:23.264   787   885 D         : TIMA: QCOM_send_command--int8_t QCOM_send_command(TIMA_handle_t, void*, uint32_t, void*, uint32_t, uint32_t)
12-13 03:29:23.264   787   885 D         : rsp_len = 1008 rcvd_data_len = 1040, self_calculate_len=1040
12-13 03:29:23.264   787   901 I InputDispatcher: Delivering touch to: action: 0x1, toolType: 0
12-13 03:29:23.264   787   885 D         : TIMA: QCOM_send_command result--0
12-13 03:29:23.264   787   885 D         : TIMA_PKM_measure_kernel returns with resp..ret=512!
12-13 03:29:23.264   787   885 D         : TAL: TIMA_PKM_measure_kernel--int8_t TIMA_PKM_measure_kernel(TIMA_handle_t, void*, uint32_t, void*, uint32_t, uint32_t)
12-13 03:29:23.264   787   885 D         : TIMA: QCOM_send_command--int8_t QCOM_send_command(TIMA_handle_t, void*, uint32_t, void*, uint32_t, uint32_t)
12-13 03:29:23.264   787   885 D         : rsp_len = 1008 rcvd_data_len = 1040, self_calculate_len=1040
12-13 03:29:23.274   787   885 D         : TIMA: QCOM_send_command result--0
12-13 03:29:23.274   787   885 D         : TIMA_PKM_measure_kernel returns with resp..ret=512!
12-13 03:29:23.274   787   885 D         : TAL: TIMA_PKM_measure_kernel--int8_t TIMA_PKM_measure_kernel(TIMA_handle_t, void*, uint32_t, void*, uint32_t, uint32_t)
12-13 03:29:23.274   787   885 D         : TIMA: QCOM_send_command--int8_t QCOM_send_command(TIMA_handle_t, void*, uint32_t, void*, uint32_t, uint32_t)
12-13 03:29:23.274   787   885 D         : rsp_len = 1008 rcvd_data_len = 1040, self_calculate_len=1040
12-13 03:29:23.284   787   885 D         : TIMA: QCOM_send_command result--0
12-13 03:29:23.284   787   885 D         : TIMA_PKM_measure_kernel returns with resp..ret=512!
12-13 03:29:23.284   787   885 D         : TAL: TIMA_PKM_measure_kernel--int8_t TIMA_PKM_measure_kernel(TIMA_handle_t, void*, uint32_t, void*, uint32_t, uint32_t)
12-13 03:29:23.284   787   885 D         : TIMA: QCOM_send_command--int8_t QCOM_send_command(TIMA_handle_t, void*, uint32_t, void*, uint32_t, uint32_t)
12-13 03:29:23.284   787   885 D         : rsp_len = 1008 rcvd_data_len = 1040, self_calculate_len=1040
12-13 03:29:23.284   787   885 D         : TIMA: QCOM_send_command result--0
12-13 03:29:23.284   787   885 D         : TIMA_PKM_measure_kernel returns with resp..ret=512!
12-13 03:29:23.284   787   885 D         : TAL: TIMA_PKM_measure_kernel--int8_t TIMA_PKM_measure_kernel(TIMA_handle_t, void*, uint32_t, void*, uint32_t, uint32_t)
12-13 03:29:23.284   787   885 D         : TIMA: QCOM_send_command--int8_t QCOM_send_command(TIMA_handle_t, void*, uint32_t, void*, uint32_t, uint32_t)
12-13 03:29:23.284   787   885 D         : rsp_len = 1008 rcvd_data_len = 1040, self_calculate_len=1040
12-13 03:29:23.294   787   885 D         : TIMA: QCOM_send_command result--0
12-13 03:29:23.294   787   885 D         : TIMA_PKM_measure_kernel returns with resp..ret=512!
12-13 03:29:23.294   787   885 D         : TAL: TIMA_PKM_measure_kernel--int8_t TIMA_PKM_measure_kernel(TIMA_handle_t, void*, uint32_t, void*, uint32_t, uint32_t)
12-13 03:29:23.294   787   885 D         : TIMA: QCOM_send_command--int8_t QCOM_send_command(TIMA_handle_t, void*, uint32_t, void*, uint32_t, uint32_t)
12-13 03:29:23.294   787   885 D         : rsp_len = 1008 rcvd_data_len = 1040, self_calculate_len=1040
12-13 03:29:23.304   787   885 D         : TIMA: QCOM_send_command result--0
12-13 03:29:23.304   787   885 D         : TIMA_PKM_measure_kernel returns with resp..ret=512!
12-13 03:29:23.304   787   885 D         : TAL: TIMA_PKM_measure_kernel--int8_t TIMA_PKM_measure_kernel(TIMA_handle_t, void*, uint32_t, void*, uint32_t, uint32_t)
12-13 03:29:23.304   787   885 D         : TIMA: QCOM_send_command--int8_t QCOM_send_command(TIMA_handle_t, void*, uint32_t, void*, uint32_t, uint32_t)
12-13 03:29:23.304   787   885 D         : rsp_len = 1008 rcvd_data_len = 1040, self_calculate_len=1040
12-13 03:29:23.304   787   885 D         : TIMA: QCOM_send_command result--0
12-13 03:29:23.304   787   885 D         : TIMA_PKM_measure_kernel returns with resp..ret=512!
12-13 03:29:23.304   787   885 D         : TAL: TIMA_PKM_measure_kernel--int8_t TIMA_PKM_measure_kernel(TIMA_handle_t, void*, uint32_t, void*, uint32_t, uint32_t)
12-13 03:29:23.304   787   885 D         : TIMA: QCOM_send_command--int8_t QCOM_send_command(TIMA_handle_t, void*, uint32_t, void*, uint32_t, uint32_t)
12-13 03:29:23.304   787   885 D         : rsp_len = 1008 rcvd_data_len = 1040, self_calculate_len=1040
12-13 03:29:23.314   787   885 D         : TIMA: QCOM_send_command result--0
12-13 03:29:23.314   787   885 D         : TIMA_PKM_measure_kernel returns with resp..ret=512!
12-13 03:29:23.314   787   885 D         : TAL: TIMA_PKM_measure_kernel--int8_t TIMA_PKM_measure_kernel(TIMA_handle_t, void*, uint32_t, void*, uint32_t, uint32_t)
12-13 03:29:23.314   787   885 D         : TIMA: QCOM_send_command--int8_t QCOM_send_command(TIMA_handle_t, void*, uint32_t, void*, uint32_t, uint32_t)
12-13 03:29:23.314   787   885 D         : rsp_len = 1008 rcvd_data_len = 1040, self_calculate_len=1040
12-13 03:29:23.314   787   885 D         : TIMA: QCOM_send_command result--0
12-13 03:29:23.314   787   885 D         : TIMA_PKM_measure_kernel returns with resp..ret=512!
12-13 03:29:23.314   787   885 D         : TAL: TIMA_PKM_measure_kernel--int8_t TIMA_PKM_measure_kernel(TIMA_handle_t, void*, uint32_t, void*, uint32_t, uint32_t)
12-13 03:29:23.314   787   885 D         : TIMA: QCOM_send_command--int8_t QCOM_send_command(TIMA_handle_t, void*, uint32_t, void*, uint32_t, uint32_t)
12-13 03:29:23.314   787   885 D         : rsp_len = 1008 rcvd_data_len = 1040, self_calculate_len=1040
12-13 03:29:23.324   787   901 I InputDispatcher: Delivering touch to: action: 0x4, toolType: 0
12-13 03:29:23.324   787   901 I InputDispatcher: Delivering touch to: action: 0x4, toolType: 0
12-13 03:29:23.324   787   901 I InputDispatcher: Delivering touch to: action: 0x0, toolType: 0
12-13 03:29:23.324   787   901 I InputDispatcher: Delivering touch to: action: 0x1, toolType: 0
12-13 03:29:23.324   787   885 D         : TIMA: QCOM_send_command result--0
12-13 03:29:23.324   787   885 D         : TIMA_PKM_measure_kernel returns with resp..ret=512!
12-13 03:29:23.324   787   885 D         : TAL: TIMA_PKM_measure_kernel--int8_t TIMA_PKM_measure_kernel(TIMA_handle_t, void*, uint32_t, void*, uint32_t, uint32_t)
12-13 03:29:23.324   787   885 D         : TIMA: QCOM_send_command--int8_t QCOM_send_command(TIMA_handle_t, void*, uint32_t, void*, uint32_t, uint32_t)
12-13 03:29:23.324   787   885 D         : rsp_len = 1008 rcvd_data_len = 1040, self_calculate_len=1040
12-13 03:29:23.334   787   885 D         : TIMA: QCOM_send_command result--0
12-13 03:29:23.334   787   885 D         : TIMA_PKM_measure_kernel returns with resp..ret=512!
12-13 03:29:23.334   787   885 D         : TAL: TIMA_PKM_measure_kernel--int8_t TIMA_PKM_measure_kernel(TIMA_handle_t, void*, uint32_t, void*, uint32_t, uint32_t)
12-13 03:29:23.334   787   885 D         : TIMA: QCOM_send_command--int8_t QCOM_send_command(TIMA_handle_t, void*, uint32_t, void*, uint32_t, uint32_t)
12-13 03:29:23.334   787   885 D         : rsp_len = 1008 rcvd_data_len = 1040, self_calculate_len=1040
12-13 03:29:23.334   787   885 D         : TIMA: QCOM_send_command result--0
12-13 03:29:23.334   787   885 D         : TIMA_PKM_measure_kernel returns with resp..ret=512!
12-13 03:29:23.334   787   885 D         : TAL: TIMA_PKM_measure_kernel--int8_t TIMA_PKM_measure_kernel(TIMA_handle_t, void*, uint32_t, void*, uint32_t, uint32_t)
12-13 03:29:23.334   787   885 D         : TIMA: QCOM_send_command--int8_t QCOM_send_command(TIMA_handle_t, void*, uint32_t, void*, uint32_t, uint32_t)
12-13 03:29:23.334   787   885 D         : rsp_len = 1008 rcvd_data_len = 1040, self_calculate_len=1040
12-13 03:29:23.344   787   885 D         : TIMA: QCOM_send_command result--0
12-13 03:29:23.344   787   885 D         : TIMA_PKM_measure_kernel returns with resp..ret=512!
12-13 03:29:23.344   787   885 D         : TAL: TIMA_PKM_measure_kernel--int8_t TIMA_PKM_measure_kernel(TIMA_handle_t, void*, uint32_t, void*, uint32_t, uint32_t)
12-13 03:29:23.344   787   885 D         : TIMA: QCOM_send_command--int8_t QCOM_send_command(TIMA_handle_t, void*, uint32_t, void*, uint32_t, uint32_t)
12-13 03:29:23.344   787   885 D         : rsp_len = 1008 rcvd_data_len = 1040, self_calculate_len=1040
12-13 03:29:23.344   787   885 D         : TIMA: QCOM_send_command result--0
12-13 03:29:23.344   787   885 D         : TIMA_PKM_measure_kernel returns with resp..ret=512!
12-13 03:29:23.344   787   885 D         : TAL: TIMA_PKM_measure_kernel--int8_t TIMA_PKM_measure_kernel(TIMA_handle_t, void*, uint32_t, void*, uint32_t, uint32_t)
12-13 03:29:23.354   787   885 D         : TIMA: QCOM_send_command--int8_t QCOM_send_command(TIMA_handle_t, void*, uint32_t, void*, uint32_t, uint32_t)
12-13 03:29:23.354   787   885 D         : rsp_len = 1008 rcvd_data_len = 1040, self_calculate_len=1040
12-13 03:29:23.354   787   885 D         : TIMA: QCOM_send_command result--0
12-13 03:29:23.354   787   885 D         : TIMA_PKM_measure_kernel returns with resp..ret=512!
12-13 03:29:23.354   787   885 D         : TAL: TIMA_PKM_measure_kernel--int8_t TIMA_PKM_measure_kernel(TIMA_handle_t, void*, uint32_t, void*, uint32_t, uint32_t)
12-13 03:29:23.354   787   885 D         : TIMA: QCOM_send_command--int8_t QCOM_send_command(TIMA_handle_t, void*, uint32_t, void*, uint32_t, uint32_t)
12-13 03:29:23.354   787   885 D         : rsp_len = 1008 rcvd_data_len = 1040, self_calculate_len=1040
12-13 03:29:23.364   787   885 D         : TIMA: QCOM_send_command result--0
12-13 03:29:23.364   787   885 D         : TIMA_PKM_measure_kernel returns with resp..ret=512!
12-13 03:29:23.364   787   885 D         : TAL: TIMA_PKM_measure_kernel--int8_t TIMA_PKM_measure_kernel(TIMA_handle_t, void*, uint32_t, void*, uint32_t, uint32_t)
12-13 03:29:23.364   787   885 D         : TIMA: QCOM_send_command--int8_t QCOM_send_command(TIMA_handle_t, void*, uint32_t, void*, uint32_t, uint32_t)
12-13 03:29:23.364   787   885 D         : rsp_len = 1008 rcvd_data_len = 1040, self_calculate_len=1040
12-13 03:29:23.364   787   885 D         : TIMA: QCOM_send_command result--0
12-13 03:29:23.364   787   885 D         : TIMA_PKM_measure_kernel returns with resp..ret=512!
12-13 03:29:23.364   787   885 D         : TAL: TIMA_PKM_measure_kernel--int8_t TIMA_PKM_measure_kernel(TIMA_handle_t, void*, uint32_t, void*, uint32_t, uint32_t)
12-13 03:29:23.364   787   885 D         : TIMA: QCOM_send_command--int8_t QCOM_send_command(TIMA_handle_t, void*, uint32_t, void*, uint32_t, uint32_t)
12-13 03:29:23.364   787   885 D         : rsp_len = 1008 rcvd_data_len = 1040, self_calculate_len=1040
12-13 03:29:23.374   787   885 D         : TIMA: QCOM_send_command result--0
12-13 03:29:23.374   787   885 D         : TIMA_PKM_measure_kernel returns with resp..ret=512!
12-13 03:29:23.374   787   885 D         : TAL: TIMA_PKM_measure_kernel--int8_t TIMA_PKM_measure_kernel(TIMA_handle_t, void*, uint32_t, void*, uint32_t, uint32_t)
12-13 03:29:23.374   787   885 D         : TIMA: QCOM_send_command--int8_t QCOM_send_command(TIMA_handle_t, void*, uint32_t, void*, uint32_t, uint32_t)
12-13 03:29:23.374   787   885 D         : rsp_len = 1008 rcvd_data_len = 1040, self_calculate_len=1040
12-13 03:29:23.374   787   901 I InputDispatcher: Delivering touch to: action: 0x4, toolType: 0
12-13 03:29:23.374   787   901 I InputDispatcher: Delivering touch to: action: 0x4, toolType: 0
12-13 03:29:23.374   787   901 I InputDispatcher: Delivering touch to: action: 0x0, toolType: 0
12-13 03:29:23.374   787   901 I InputDispatcher: Delivering touch to: action: 0x1, toolType: 0
12-13 03:29:23.374   787   885 D         : TIMA: QCOM_send_command result--0
12-13 03:29:23.374   787   885 D         : TIMA_PKM_measure_kernel returns with resp..ret=512!
12-13 03:29:23.374   787   885 D         : TAL: TIMA_PKM_measure_kernel--int8_t TIMA_PKM_measure_kernel(TIMA_handle_t, void*, uint32_t, void*, uint32_t, uint32_t)
12-13 03:29:23.384   787   885 D         : TIMA: QCOM_send_command--int8_t QCOM_send_command(TIMA_handle_t, void*, uint32_t, void*, uint32_t, uint32_t)
12-13 03:29:23.384   787   885 D         : rsp_len = 1008 rcvd_data_len = 1040, self_calculate_len=1040
12-13 03:29:23.384   787   885 D         : TIMA: QCOM_send_command result--0
12-13 03:29:23.384   787   885 D         : TIMA_PKM_measure_kernel returns with resp..ret=512!
12-13 03:29:23.384   787   885 D         : TAL: TIMA_PKM_measure_kernel--int8_t TIMA_PKM_measure_kernel(TIMA_handle_t, void*, uint32_t, void*, uint32_t, uint32_t)
12-13 03:29:23.384   787   885 D         : TIMA: QCOM_send_command--int8_t QCOM_send_command(TIMA_handle_t, void*, uint32_t, void*, uint32_t, uint32_t)
12-13 03:29:23.384   787   885 D         : rsp_len = 1008 rcvd_data_len = 1040, self_calculate_len=1040
12-13 03:29:23.394   787   885 D         : TIMA: QCOM_send_command result--0
12-13 03:29:23.394   787   885 D         : TIMA_PKM_measure_kernel returns with resp..ret=512!
12-13 03:29:23.394   787   885 D         : TAL: TIMA_PKM_measure_kernel--int8_t TIMA_PKM_measure_kernel(TIMA_handle_t, void*, uint32_t, void*, uint32_t, uint32_t)
12-13 03:29:23.394   787   885 D         : TIMA: QCOM_send_command--int8_t QCOM_send_command(TIMA_handle_t, void*, uint32_t, void*, uint32_t, uint32_t)
12-13 03:29:23.394   787   885 D         : rsp_len = 1008 rcvd_data_len = 1040, self_calculate_len=1040
12-13 03:29:23.394   787   885 D         : TIMA: QCOM_send_command result--0
12-13 03:29:23.394   787   885 D         : TIMA_PKM_measure_kernel returns with resp..ret=512!
12-13 03:29:23.394   787   885 D         : TAL: TIMA_PKM_measure_kernel--int8_t TIMA_PKM_measure_kernel(TIMA_handle_t, void*, uint32_t, void*, uint32_t, uint32_t)
12-13 03:29:23.394   787   885 D         : TIMA: QCOM_send_command--int8_t QCOM_send_command(TIMA_handle_t, void*, uint32_t, void*, uint32_t, uint32_t)
12-13 03:29:23.394   787   885 D         : rsp_len = 1008 rcvd_data_len = 1040, self_calculate_len=1040
12-13 03:29:23.404   787   885 D         : TIMA: QCOM_send_command result--0
12-13 03:29:23.404   787   885 D         : TIMA_PKM_measure_kernel returns with resp..ret=512!
12-13 03:29:23.404   787   885 D         : TAL: TIMA_PKM_measure_kernel--int8_t TIMA_PKM_measure_kernel(TIMA_handle_t, void*, uint32_t, void*, uint32_t, uint32_t)
12-13 03:29:23.404   787   885 D         : TIMA: QCOM_send_command--int8_t QCOM_send_command(TIMA_handle_t, void*, uint32_t, void*, uint32_t, uint32_t)
12-13 03:29:23.404   787   885 D         : rsp_len = 1008 rcvd_data_len = 1040, self_calculate_len=1040
12-13 03:29:23.404   787   885 D         : TIMA: QCOM_send_command result--0
12-13 03:29:23.404   787   885 D         : TIMA_PKM_measure_kernel returns with resp..ret=512!
12-13 03:29:23.404   787   885 D         : TAL: TIMA_PKM_measure_kernel--int8_t TIMA_PKM_measure_kernel(TIMA_handle_t, void*, uint32_t, void*, uint32_t, uint32_t)
12-13 03:29:23.404   787   885 D         : TIMA: QCOM_send_command--int8_t QCOM_send_command(TIMA_handle_t, void*, uint32_t, void*, uint32_t, uint32_t)
12-13 03:29:23.404   787   885 D         : rsp_len = 1008 rcvd_data_len = 1040, self_calculate_len=1040
12-13 03:29:23.414   787   885 D         : TIMA: QCOM_send_command result--0
12-13 03:29:23.414   787   885 D         : TIMA_PKM_measure_kernel returns with resp..ret=512!
12-13 03:29:23.414   787   885 D         : TAL: TIMA_PKM_measure_kernel--int8_t TIMA_PKM_measure_kernel(TIMA_handle_t, void*, uint32_t, void*, uint32_t, uint32_t)
12-13 03:29:23.414   787   885 D         : TIMA: QCOM_send_command--int8_t QCOM_send_command(TIMA_handle_t, void*, uint32_t, void*, uint32_t, uint32_t)
12-13 03:29:23.414   787   885 D         : rsp_len = 1008 rcvd_data_len = 1040, self_calculate_len=1040
12-13 03:29:23.414   787   885 D         : TIMA: QCOM_send_command result--0
12-13 03:29:23.414   787   885 D         : TIMA_PKM_measure_kernel returns with resp..ret=512!
12-13 03:29:23.414   787   885 D         : TAL: TIMA_PKM_measure_kernel--int8_t TIMA_PKM_measure_kernel(TIMA_handle_t, void*, uint32_t, void*, uint32_t, uint32_t)
12-13 03:29:23.414   787   885 D         : TIMA: QCOM_send_command--int8_t QCOM_send_command(TIMA_handle_t, void*, uint32_t, void*, uint32_t, uint32_t)
12-13 03:29:23.414   787   885 D         : rsp_len = 1008 rcvd_data_len = 1040, self_calculate_len=1040
12-13 03:29:23.424   787   885 D         : TIMA: QCOM_send_command result--0
12-13 03:29:23.424   787   885 D         : TIMA_PKM_measure_kernel returns with resp..ret=512!
12-13 03:29:23.424   787   885 D         : TAL: TIMA_PKM_measure_kernel--int8_t TIMA_PKM_measure_kernel(TIMA_handle_t, void*, uint32_t, void*, uint32_t, uint32_t)
12-13 03:29:23.424   787   885 D         : TIMA: QCOM_send_command--int8_t QCOM_send_command(TIMA_handle_t, void*, uint32_t, void*, uint32_t, uint32_t)
12-13 03:29:23.424   787   885 D         : rsp_len = 1008 rcvd_data_len = 1040, self_calculate_len=1040
12-13 03:29:23.424   787   885 D         : TIMA: QCOM_send_command result--0
12-13 03:29:23.424   787   885 D         : TIMA_PKM_measure_kernel returns with resp..ret=512!
12-13 03:29:23.424   787   885 D         : TAL: TIMA_PKM_measure_kernel--int8_t TIMA_PKM_measure_kernel(TIMA_handle_t, void*, uint32_t, void*, uint32_t, uint32_t)
12-13 03:29:23.424   787   885 D         : TIMA: QCOM_send_command--int8_t QCOM_send_command(TIMA_handle_t, void*, uint32_t, void*, uint32_t, uint32_t)
12-13 03:29:23.424   787   885 D         : rsp_len = 1008 rcvd_data_len = 1040, self_calculate_len=1040
12-13 03:29:23.434   787   901 I InputDispatcher: Delivering touch to: action: 0x4, toolType: 0
12-13 03:29:23.434   787   901 I InputDispatcher: Delivering touch to: action: 0x4, toolType: 0
12-13 03:29:23.434   787   901 I InputDispatcher: Delivering touch to: action: 0x0, toolType: 0
12-13 03:29:23.434   787   885 D         : TIMA: QCOM_send_command result--0
12-13 03:29:23.434   787   885 D         : TIMA_PKM_measure_kernel returns with resp..ret=512!
12-13 03:29:23.434   787   885 D         : TAL: TIMA_PKM_measure_kernel--int8_t TIMA_PKM_measure_kernel(TIMA_handle_t, void*, uint32_t, void*, uint32_t, uint32_t)
12-13 03:29:23.434   787   885 D         : TIMA: QCOM_send_command--int8_t QCOM_send_command(TIMA_handle_t, void*, uint32_t, void*, uint32_t, uint32_t)
12-13 03:29:23.434   787   885 D         : rsp_len = 1008 rcvd_data_len = 1040, self_calculate_len=1040
12-13 03:29:23.434   787   901 I InputDispatcher: Delivering touch to: action: 0x1, toolType: 0
12-13 03:29:23.444   787   885 D         : TIMA: QCOM_send_command result--0
12-13 03:29:23.444   787   885 D         : TIMA_PKM_measure_kernel returns with resp..ret=512!
12-13 03:29:23.444   787   885 D         : TAL: TIMA_PKM_measure_kernel--int8_t TIMA_PKM_measure_kernel(TIMA_handle_t, void*, uint32_t, void*, uint32_t, uint32_t)
12-13 03:29:23.444   787   885 D         : TIMA: QCOM_send_command--int8_t QCOM_send_command(TIMA_handle_t, void*, uint32_t, void*, uint32_t, uint32_t)
12-13 03:29:23.444   787   885 D         : rsp_len = 1008 rcvd_data_len = 1040, self_calculate_len=1040
12-13 03:29:23.444   787   885 D         : TIMA: QCOM_send_command result--0
12-13 03:29:23.444   787   885 D         : TIMA_PKM_measure_kernel returns with resp..ret=512!
12-13 03:29:23.444   787   885 D         : TAL: TIMA_PKM_measure_kernel--int8_t TIMA_PKM_measure_kernel(TIMA_handle_t, void*, uint32_t, void*, uint32_t, uint32_t)
12-13 03:29:23.444   787   885 D         : TIMA: QCOM_send_command--int8_t QCOM_send_command(TIMA_handle_t, void*, uint32_t, void*, uint32_t, uint32_t)
12-13 03:29:23.444   787   885 D         : rsp_len = 1008 rcvd_data_len = 1040, self_calculate_len=1040
12-13 03:29:23.454   787   885 D         : TIMA: QCOM_send_command result--0
12-13 03:29:23.454   787   885 D         : TIMA_PKM_measure_kernel returns with resp..ret=512!
12-13 03:29:23.454   787   885 D         : TAL: TIMA_PKM_measure_kernel--int8_t TIMA_PKM_measure_kernel(TIMA_handle_t, void*, uint32_t, void*, uint32_t, uint32_t)
12-13 03:29:23.454   787   885 D         : TIMA: QCOM_send_command--int8_t QCOM_send_command(TIMA_handle_t, void*, uint32_t, void*, uint32_t, uint32_t)
12-13 03:29:23.454   787   885 D         : rsp_len = 1008 rcvd_data_len = 1040, self_calculate_len=1040
12-13 03:29:23.454   787   885 D         : TIMA: QCOM_send_command result--0
12-13 03:29:23.454   787   885 D         : TIMA_PKM_measure_kernel returns with resp..ret=512!
12-13 03:29:23.454   787   885 D         : TAL: TIMA_PKM_measure_kernel--int8_t TIMA_PKM_measure_kernel(TIMA_handle_t, void*, uint32_t, void*, uint32_t, uint32_t)
12-13 03:29:23.454   787   885 D         : TIMA: QCOM_send_command--int8_t QCOM_send_command(TIMA_handle_t, void*, uint32_t, void*, uint32_t, uint32_t)
12-13 03:29:23.454   787   885 D         : rsp_len = 1008 rcvd_data_len = 1040, self_calculate_len=1040
12-13 03:29:23.464   787   885 D         : TIMA: QCOM_send_command result--0
12-13 03:29:23.464   787   885 D         : TIMA_PKM_measure_kernel returns with resp..ret=512!
12-13 03:29:23.464   787   885 D         : TAL: TIMA_PKM_measure_kernel--int8_t TIMA_PKM_measure_kernel(TIMA_handle_t, void*, uint32_t, void*, uint32_t, uint32_t)
12-13 03:29:23.464   787   885 D         : TIMA: QCOM_send_command--int8_t QCOM_send_command(TIMA_handle_t, void*, uint32_t, void*, uint32_t, uint32_t)
12-13 03:29:23.464   787   885 D         : rsp_len = 1008 rcvd_data_len = 1040, self_calculate_len=1040
12-13 03:29:23.464   787   885 D         : TIMA: QCOM_send_command result--0
12-13 03:29:23.464   787   885 D         : TIMA_PKM_measure_kernel returns with resp..ret=512!
12-13 03:29:23.464   787   885 D         : TAL: TIMA_PKM_measure_kernel--int8_t TIMA_PKM_measure_kernel(TIMA_handle_t, void*, uint32_t, void*, uint32_t, uint32_t)
12-13 03:29:23.464   787   885 D         : TIMA: QCOM_send_command--int8_t QCOM_send_command(TIMA_handle_t, void*, uint32_t, void*, uint32_t, uint32_t)
12-13 03:29:23.464   787   885 D         : rsp_len = 1008 rcvd_data_len = 1040, self_calculate_len=1040
12-13 03:29:23.474   787   885 D         : TIMA: QCOM_send_command result--0
12-13 03:29:23.474   787   885 D         : TIMA_PKM_measure_kernel returns with resp..ret=512!
12-13 03:29:23.474   787   885 D         : TAL: TIMA_PKM_measure_kernel--int8_t TIMA_PKM_measure_kernel(TIMA_handle_t, void*, uint32_t, void*, uint32_t, uint32_t)
12-13 03:29:23.474   787   885 D         : TIMA: QCOM_send_command--int8_t QCOM_send_command(TIMA_handle_t, void*, uint32_t, void*, uint32_t, uint32_t)
12-13 03:29:23.474   787   885 D         : rsp_len = 1008 rcvd_data_len = 1040, self_calculate_len=1040
12-13 03:29:23.484   787   885 D         : TIMA: QCOM_send_command result--0
12-13 03:29:23.484   787   885 D         : TIMA_PKM_measure_kernel returns with resp..ret=512!
12-13 03:29:23.484   787   885 D         : TAL: TIMA_PKM_measure_kernel--int8_t TIMA_PKM_measure_kernel(TIMA_handle_t, void*, uint32_t, void*, uint32_t, uint32_t)
12-13 03:29:23.484   787   885 D         : TIMA: QCOM_send_command--int8_t QCOM_send_command(TIMA_handle_t, void*, uint32_t, void*, uint32_t, uint32_t)
12-13 03:29:23.484   787   885 D         : rsp_len = 1008 rcvd_data_len = 1040, self_calculate_len=1040
12-13 03:29:23.484   787   885 D         : TIMA: QCOM_send_command result--0
12-13 03:29:23.484   787   885 D         : TIMA_PKM_measure_kernel returns with resp..ret=512!
12-13 03:29:23.484   787   885 D         : TAL: TIMA_PKM_measure_kernel--int8_t TIMA_PKM_measure_kernel(TIMA_handle_t, void*, uint32_t, void*, uint32_t, uint32_t)
12-13 03:29:23.484   787   885 D         : TIMA: QCOM_send_command--int8_t QCOM_send_command(TIMA_handle_t, void*, uint32_t, void*, uint32_t, uint32_t)
12-13 03:29:23.484   787   885 D         : rsp_len = 1008 rcvd_data_len = 1040, self_calculate_len=1040
12-13 03:29:23.494   787   901 I InputDispatcher: Delivering touch to: action: 0x4, toolType: 0
12-13 03:29:23.494   787   901 I InputDispatcher: Delivering touch to: action: 0x4, toolType: 0
12-13 03:29:23.494   787   901 I InputDispatcher: Delivering touch to: action: 0x0, toolType: 0
12-13 03:29:23.494   787   885 D         : TIMA: QCOM_send_command result--0
12-13 03:29:23.494   787   885 D         : TIMA_PKM_measure_kernel returns with resp..ret=512!
12-13 03:29:23.494   787   885 D         : TAL: TIMA_PKM_measure_kernel--int8_t TIMA_PKM_measure_kernel(TIMA_handle_t, void*, uint32_t, void*, uint32_t, uint32_t)
12-13 03:29:23.494   787   885 D         : TIMA: QCOM_send_command--int8_t QCOM_send_command(TIMA_handle_t, void*, uint32_t, void*, uint32_t, uint32_t)
12-13 03:29:23.494   787   885 D         : rsp_len = 1008 rcvd_data_len = 1040, self_calculate_len=1040
12-13 03:29:23.494   787   885 D         : TIMA: QCOM_send_command result--0
12-13 03:29:23.494   787   885 D         : TIMA_PKM_measure_kernel returns with resp..ret=512!
12-13 03:29:23.494   787   885 D         : TAL: TIMA_PKM_measure_kernel--int8_t TIMA_PKM_measure_kernel(TIMA_handle_t, void*, uint32_t, void*, uint32_t, uint32_t)
12-13 03:29:23.494   787   885 D         : TIMA: QCOM_send_command--int8_t QCOM_send_command(TIMA_handle_t, void*, uint32_t, void*, uint32_t, uint32_t)
12-13 03:29:23.494   787   885 D         : rsp_len = 1008 rcvd_data_len = 1040, self_calculate_len=1040
12-13 03:29:23.504   787   901 I InputDispatcher: Delivering touch to: action: 0x1, toolType: 0
12-13 03:29:23.504   787   885 D         : TIMA: QCOM_send_command result--0
12-13 03:29:23.504   787   885 D         : TIMA_PKM_measure_kernel returns with resp..ret=512!
12-13 03:29:23.504   787   885 D         : TAL: TIMA_PKM_measure_kernel--int8_t TIMA_PKM_measure_kernel(TIMA_handle_t, void*, uint32_t, void*, uint32_t, uint32_t)
12-13 03:29:23.504   787   885 D         : TIMA: QCOM_send_command--int8_t QCOM_send_command(TIMA_handle_t, void*, uint32_t, void*, uint32_t, uint32_t)
12-13 03:29:23.504   787   885 D         : rsp_len = 1008 rcvd_data_len = 1040, self_calculate_len=1040
12-13 03:29:23.514   787   885 D         : TIMA: QCOM_send_command result--0
12-13 03:29:23.514   787   885 D         : TIMA_PKM_measure_kernel returns with resp..ret=512!
12-13 03:29:23.514   787   885 D         : TAL: TIMA_PKM_measure_kernel--int8_t TIMA_PKM_measure_kernel(TIMA_handle_t, void*, uint32_t, void*, uint32_t, uint32_t)
12-13 03:29:23.514   787   885 D         : TIMA: QCOM_send_command--int8_t QCOM_send_command(TIMA_handle_t, void*, uint32_t, void*, uint32_t, uint32_t)
12-13 03:29:23.514   787   885 D         : rsp_len = 1008 rcvd_data_len = 1040, self_calculate_len=1040
12-13 03:29:23.514   787   885 D         : TIMA: QCOM_send_command result--0
12-13 03:29:23.514   787   885 D         : TIMA_PKM_measure_kernel returns with resp..ret=512!
12-13 03:29:23.514   787   885 D         : TAL: TIMA_PKM_measure_kernel--int8_t TIMA_PKM_measure_kernel(TIMA_handle_t, void*, uint32_t, void*, uint32_t, uint32_t)
12-13 03:29:23.514   787   885 D         : TIMA: QCOM_send_command--int8_t QCOM_send_command(TIMA_handle_t, void*, uint32_t, void*, uint32_t, uint32_t)
12-13 03:29:23.514   787   885 D         : rsp_len = 1008 rcvd_data_len = 1040, self_calculate_len=1040
12-13 03:29:23.524   787   885 D         : TIMA: QCOM_send_command result--0
12-13 03:29:23.524   787   885 D         : TIMA_PKM_measure_kernel returns with resp..ret=512!
12-13 03:29:23.524   787   885 D         : TAL: TIMA_PKM_measure_kernel--int8_t TIMA_PKM_measure_kernel(TIMA_handle_t, void*, uint32_t, void*, uint32_t, uint32_t)
12-13 03:29:23.524   787   885 D         : TIMA: QCOM_send_command--int8_t QCOM_send_command(TIMA_handle_t, void*, uint32_t, void*, uint32_t, uint32_t)
12-13 03:29:23.524   787   885 D         : rsp_len = 1008 rcvd_data_len = 1040, self_calculate_len=1040
12-13 03:29:23.524   787   885 D         : TIMA: QCOM_send_command result--0
12-13 03:29:23.524   787   885 D         : TIMA_PKM_measure_kernel returns with resp..ret=512!
12-13 03:29:23.524   787   885 D         : TAL: TIMA_PKM_measure_kernel--int8_t TIMA_PKM_measure_kernel(TIMA_handle_t, void*, uint32_t, void*, uint32_t, uint32_t)
12-13 03:29:23.524   787   885 D         : TIMA: QCOM_send_command--int8_t QCOM_send_command(TIMA_handle_t, void*, uint32_t, void*, uint32_t, uint32_t)
12-13 03:29:23.524   787   885 D         : rsp_len = 1008 rcvd_data_len = 1040, self_calculate_len=1040
12-13 03:29:23.534   787   885 D         : TIMA: QCOM_send_command result--0
12-13 03:29:23.534   787   885 D         : TIMA_PKM_measure_kernel returns with resp..ret=512!
12-13 03:29:23.534   787   885 D         : TAL: TIMA_PKM_measure_kernel--int8_t TIMA_PKM_measure_kernel(TIMA_handle_t, void*, uint32_t, void*, uint32_t, uint32_t)
12-13 03:29:23.534   787   885 D         : TIMA: QCOM_send_command--int8_t QCOM_send_command(TIMA_handle_t, void*, uint32_t, void*, uint32_t, uint32_t)
12-13 03:29:23.534   787   885 D         : rsp_len = 1008 rcvd_data_len = 1040, self_calculate_len=1040
12-13 03:29:23.534   787   885 D         : TIMA: QCOM_send_command result--0
12-13 03:29:23.534   787   885 D         : TIMA_PKM_measure_kernel returns with resp..ret=512!
12-13 03:29:23.534   787   885 D         : TAL: TIMA_PKM_measure_kernel--int8_t TIMA_PKM_measure_kernel(TIMA_handle_t, void*, uint32_t, void*, uint32_t, uint32_t)
12-13 03:29:23.534   787   885 D         : TIMA: QCOM_send_command--int8_t QCOM_send_command(TIMA_handle_t, void*, uint32_t, void*, uint32_t, uint32_t)
12-13 03:29:23.534   787   885 D         : rsp_len = 1008 rcvd_data_len = 1040, self_calculate_len=1040
12-13 03:29:23.544   787   885 D         : TIMA: QCOM_send_command result--0
12-13 03:29:23.544   787   885 D         : TIMA_PKM_measure_kernel returns with resp..ret=512!
12-13 03:29:23.544   787   885 D         : TAL: TIMA_PKM_measure_kernel--int8_t TIMA_PKM_measure_kernel(TIMA_handle_t, void*, uint32_t, void*, uint32_t, uint32_t)
12-13 03:29:23.544   787   885 D         : TIMA: QCOM_send_command--int8_t QCOM_send_command(TIMA_handle_t, void*, uint32_t, void*, uint32_t, uint32_t)
12-13 03:29:23.544   787   885 D         : rsp_len = 1008 rcvd_data_len = 1040, self_calculate_len=1040
12-13 03:29:23.544   787   885 D         : TIMA: QCOM_send_command result--0
12-13 03:29:23.544   787   885 D         : TIMA_PKM_measure_kernel returns with resp..ret=512!
12-13 03:29:23.544   787   885 D         : TAL: TIMA_PKM_measure_kernel--int8_t TIMA_PKM_measure_kernel(TIMA_handle_t, void*, uint32_t, void*, uint32_t, uint32_t)
12-13 03:29:23.544   787   885 D         : TIMA: QCOM_send_command--int8_t QCOM_send_command(TIMA_handle_t, void*, uint32_t, void*, uint32_t, uint32_t)
12-13 03:29:23.544   787   885 D         : rsp_len = 1008 rcvd_data_len = 1040, self_calculate_len=1040
12-13 03:29:23.554   787   885 D         : TIMA: QCOM_send_command result--0
12-13 03:29:23.554   787   885 D         : TIMA_PKM_measure_kernel returns with resp..ret=512!
12-13 03:29:23.554   787   885 D         : TAL: TIMA_PKM_measure_kernel--int8_t TIMA_PKM_measure_kernel(TIMA_handle_t, void*, uint32_t, void*, uint32_t, uint32_t)
12-13 03:29:23.554   787   885 D         : TIMA: QCOM_send_command--int8_t QCOM_send_command(TIMA_handle_t, void*, uint32_t, void*, uint32_t, uint32_t)
12-13 03:29:23.554   787   885 D         : rsp_len = 1008 rcvd_data_len = 1040, self_calculate_len=1040
12-13 03:29:23.554   787   901 I InputDispatcher: Delivering touch to: action: 0x4, toolType: 0
12-13 03:29:23.554   787   901 I InputDispatcher: Delivering touch to: action: 0x4, toolType: 0
12-13 03:29:23.554   787   901 I InputDispatcher: Delivering touch to: action: 0x0, toolType: 0
12-13 03:29:23.554   787   901 I InputDispatcher: Delivering touch to: action: 0x1, toolType: 0
12-13 03:29:23.564   787   885 D         : TIMA: QCOM_send_command result--0
12-13 03:29:23.564   787   885 D         : TIMA_PKM_measure_kernel returns with resp..ret=512!
12-13 03:29:23.564   787   885 D         : TAL: TIMA_PKM_measure_kernel--int8_t TIMA_PKM_measure_kernel(TIMA_handle_t, void*, uint32_t, void*, uint32_t, uint32_t)
12-13 03:29:23.564   787   885 D         : TIMA: QCOM_send_command--int8_t QCOM_send_command(TIMA_handle_t, void*, uint32_t, void*, uint32_t, uint32_t)
12-13 03:29:23.564   787   885 D         : rsp_len = 1008 rcvd_data_len = 1040, self_calculate_len=1040
12-13 03:29:23.564   787   885 D         : TIMA: QCOM_send_command result--0
12-13 03:29:23.564   787   885 D         : TIMA_PKM_measure_kernel returns with resp..ret=512!
12-13 03:29:23.564   787   885 D         : TAL: TIMA_PKM_measure_kernel--int8_t TIMA_PKM_measure_kernel(TIMA_handle_t, void*, uint32_t, void*, uint32_t, uint32_t)
12-13 03:29:23.564   787   885 D         : TIMA: QCOM_send_command--int8_t QCOM_send_command(TIMA_handle_t, void*, uint32_t, void*, uint32_t, uint32_t)
12-13 03:29:23.564   787   885 D         : rsp_len = 1008 rcvd_data_len = 1040, self_calculate_len=1040
12-13 03:29:23.574   787   885 D         : TIMA: QCOM_send_command result--0
12-13 03:29:23.574   787   885 D         : TIMA_PKM_measure_kernel returns with resp..ret=512!
12-13 03:29:23.574   787   885 D         : TAL: TIMA_PKM_measure_kernel--int8_t TIMA_PKM_measure_kernel(TIMA_handle_t, void*, uint32_t, void*, uint32_t, uint32_t)
12-13 03:29:23.574   787   885 D         : TIMA: QCOM_send_command--int8_t QCOM_send_command(TIMA_handle_t, void*, uint32_t, void*, uint32_t, uint32_t)
12-13 03:29:23.574   787   885 D         : rsp_len = 1008 rcvd_data_len = 1040, self_calculate_len=1040
12-13 03:29:23.574   787   885 D         : TIMA: QCOM_send_command result--0
12-13 03:29:23.574   787   885 D         : TIMA_PKM_measure_kernel returns with resp..ret=512!
12-13 03:29:23.574   787   885 D         : TAL: TIMA_PKM_measure_kernel--int8_t TIMA_PKM_measure_kernel(TIMA_handle_t, void*, uint32_t, void*, uint32_t, uint32_t)
12-13 03:29:23.574   787   885 D         : TIMA: QCOM_send_command--int8_t QCOM_send_command(TIMA_handle_t, void*, uint32_t, void*, uint32_t, uint32_t)
12-13 03:29:23.574   787   885 D         : rsp_len = 1008 rcvd_data_len = 1040, self_calculate_len=1040
12-13 03:29:23.584   787   885 D         : TIMA: QCOM_send_command result--0
12-13 03:29:23.584   787   885 D         : TIMA_PKM_measure_kernel returns with resp..ret=512!
12-13 03:29:23.584   787   885 D         : TAL: TIMA_PKM_measure_kernel--int8_t TIMA_PKM_measure_kernel(TIMA_handle_t, void*, uint32_t, void*, uint32_t, uint32_t)
12-13 03:29:23.584   787   885 D         : TIMA: QCOM_send_command--int8_t QCOM_send_command(TIMA_handle_t, void*, uint32_t, void*, uint32_t, uint32_t)
12-13 03:29:23.584   787   885 D         : rsp_len = 1008 rcvd_data_len = 1040, self_calculate_len=1040
12-13 03:29:23.584   787   885 D         : TIMA: QCOM_send_command result--0
12-13 03:29:23.584   787   885 D         : TIMA_PKM_measure_kernel returns with resp..ret=512!
12-13 03:29:23.584   787   885 D         : TAL: TIMA_PKM_measure_kernel--int8_t TIMA_PKM_measure_kernel(TIMA_handle_t, void*, uint32_t, void*, uint32_t, uint32_t)
12-13 03:29:23.584   787   885 D         : TIMA: QCOM_send_command--int8_t QCOM_send_command(TIMA_handle_t, void*, uint32_t, void*, uint32_t, uint32_t)
12-13 03:29:23.584   787   885 D         : rsp_len = 1008 rcvd_data_len = 1040, self_calculate_len=1040
12-13 03:29:23.594   787   885 D         : TIMA: QCOM_send_command result--0
12-13 03:29:23.594   787   885 D         : TIMA_PKM_measure_kernel returns with resp..ret=512!
12-13 03:29:23.594   787   885 D         : TAL: TIMA_PKM_measure_kernel--int8_t TIMA_PKM_measure_kernel(TIMA_handle_t, void*, uint32_t, void*, uint32_t, uint32_t)
12-13 03:29:23.594   787   885 D         : TIMA: QCOM_send_command--int8_t QCOM_send_command(TIMA_handle_t, void*, uint32_t, void*, uint32_t, uint32_t)
12-13 03:29:23.594   787   885 D         : rsp_len = 1008 rcvd_data_len = 1040, self_calculate_len=1040
12-13 03:29:23.594   787   885 D         : TIMA: QCOM_send_command result--0
12-13 03:29:23.594   787   885 D         : TIMA_PKM_measure_kernel returns with resp..ret=512!
12-13 03:29:23.594   787   885 D         : TAL: TIMA_PKM_measure_kernel--int8_t TIMA_PKM_measure_kernel(TIMA_handle_t, void*, uint32_t, void*, uint32_t, uint32_t)
12-13 03:29:23.594   787   885 D         : TIMA: QCOM_send_command--int8_t QCOM_send_command(TIMA_handle_t, void*, uint32_t, void*, uint32_t, uint32_t)
12-13 03:29:23.594   787   885 D         : rsp_len = 1008 rcvd_data_len = 1040, self_calculate_len=1040
12-13 03:29:23.604   787   885 D         : TIMA: QCOM_send_command result--0
12-13 03:29:23.604   787   885 D         : TIMA_PKM_measure_kernel returns with resp..ret=512!
12-13 03:29:23.604   787   885 D         : TAL: TIMA_PKM_measure_kernel--int8_t TIMA_PKM_measure_kernel(TIMA_handle_t, void*, uint32_t, void*, uint32_t, uint32_t)
