12-13 03:29:46.124   787   901 I InputDispatcher: Delivering touch to: action: 0x0, toolType: 0
12-13 03:29:46.124   787   901 I InputDispatcher: Delivering touch to: action: 0x1, toolType: 0
12-13 03:29:46.184   787  1238 W ActivityManager: mDVFSHelper.acquire()
12-13 03:29:46.204   787  1194 D BatteryService: level:100, scale:100, status:3, health:2, present:true, voltage: 4285, temperature: 237, technology: Li-ion, AC powered:false, USB powered:true, Wireless powered:false, icon:17303545, invalid charger:0, online:4, current avg:-116, charge type:2, power sharing:false
12-13 03:29:46.204   787   787 D BatteryService: Sending ACTION_BATTERY_CHANGED.
12-13 03:29:46.204   992   992 D KeyguardUpdateMonitor: received broadcast android.intent.action.BATTERY_CHANGED
12-13 03:29:46.214   992   992 D KeyguardUpdateMonitor: handleBatteryUpdate
12-13 03:29:46.214  1818  1818 D DeviceManagerBroadcastReceiver: Updated Battery Level: 100
12-13 03:29:46.214  1818  1818 D DeviceManagerBroadcastReceiver: Action: android.intent.action.BATTERY_CHANGED
12-13 03:29:46.214  1818  1818 D DeviceManagerBroadcastReceiver: Set Alarm: false
12-13 03:29:46.214  9247  9283 D HeadsetStateMachine: Disconnected process message: 10
12-13 03:29:46.214   992   992 D STATUSBAR-PhoneStatusBar:  mBrightnessEnablebySettings = true mBrightnessEnablebyBattery = true mBrightnessEnablebyDisableFlag = true mPmsBrightnessEnablebySettings = true
12-13 03:29:46.214   992   992 D BatteryMeterView: ACTION_BATTERY_CHANGED : level:100 status:3 health:2
12-13 03:29:46.224   992   992 D STATUSBAR-IconMerger: checkOverflow(1036), More:false, Req:false Child:4
12-13 03:29:46.244   787  5769 W ActivityManager: mDVFSHelper.acquire()
12-13 03:29:46.264   787   876 W ActivityManager: mDVFSHelper.release()
12-13 03:29:46.314   787   901 I InputDispatcher: Delivering touch to: action: 0x4, toolType: 0
12-13 03:29:46.314   787   901 I InputDispatcher: Delivering touch to: action: 0x4, toolType: 0
12-13 03:29:46.314   787   901 I InputDispatcher: Delivering touch to: action: 0x0, toolType: 0
12-13 03:29:46.324   787   901 I InputDispatcher: Delivering touch to: action: 0x1, toolType: 0
12-13 03:29:46.344   992   992 D STATUSBAR-PhoneStatusBar: makeExpandedVisible
12-13 03:29:46.344   992   992 D STATUSBAR-QuickSettingPanel: setSingleLine:true
12-13 03:29:46.344   992   992 D STATUSBAR-QuickSettingPanel: updateButtonInfo mButtonWidth : 114 mColumnNumber:7 orien: 2
12-13 03:29:46.344   787  5980 V Vibrator: Called cancel() API - PUID: 1000, PackageName: android
12-13 03:29:46.344   992   992 D STATUSBAR-PhoneStatusBar: Mini Controller text scroll : ON
12-13 03:29:46.344   787  5980 D VibratorService: JNI vibratorOff()
12-13 03:29:46.354   787  5980 W Vibrator: Vibrator.cancel()
12-13 03:29:46.354   787  1178 I AudioService: getStreamVolume 5 index 0
12-13 03:29:46.354   787  5980 D LightsService: [api] [SvcLED] turnOff:: id = 4 (uid: 10016 pid: 992) 
12-13 03:29:46.354   787  5980 D LightsService: [SvcLED] setSvcLedStateLocked:: SvcLEDState : 0x0 -> 0x0 | SvcLED(id=4) set Off
12-13 03:29:46.354   787   894 D LightsService: [SvcLED] Lux failed to be updated in 700ms. -> handleForcedSvcLEDTasK
12-13 03:29:46.354   787   894 D LightsService: [SvcLED]  setSvcLedLightLocked :: Current SvcLED(id=3) maintains its priority right
12-13 03:29:46.364   787  5982 I SpenGestureManager: setFocusWindow181000
12-13 03:29:46.364   787   880 D STATUSBAR-StatusBarManagerService: manageDisableList what=0x0 pkg=WindowManager.LayoutParams
12-13 03:29:46.374   787   901 I InputDispatcher: Delivering touch to: action: 0x4, toolType: 0
12-13 03:29:46.374   787   901 I InputDispatcher: Delivering touch to: action: 0x4, toolType: 0
12-13 03:29:46.374   787   901 I InputDispatcher: Delivering touch to: action: 0x0, toolType: 0
12-13 03:29:46.384   787   869 D PointerIcon: setMouseIconStyle1 pointerType: 1001iconType:101 flag:0
12-13 03:29:46.384   787   869 D PointerIcon: setMouseCustomIcon IconType is same.101
12-13 03:29:46.414   787   901 I InputDispatcher: Delivering touch to: action: 0x1, toolType: 0
12-13 03:29:46.464   787  5982 W ActivityManager: mDVFSHelper.acquire()
12-13 03:29:46.484   384 11154 I framebuffer: /data/system/enterprise.conf doesn't exist or cannot be opened
12-13 03:29:46.524   992   992 V PanelView: animationTick called with dtms=0; nothing to do (h=34.007915 v=-2000.0)
12-13 03:29:46.524   992   992 V PanelView: animationTick called with dtms=0; nothing to do (h=34.007915 v=-2000.0)
12-13 03:29:46.524   992   992 V PanelView: animationTick called with dtms=0; nothing to do (h=34.007915 v=-2000.0)
12-13 03:29:46.524   787   901 I InputDispatcher: Delivering touch to: action: 0x0, toolType: 0
12-13 03:29:46.524   992   992 V RecentsWindow: hide mShowing = false
12-13 03:29:46.554   787   901 I InputDispatcher: Delivering touch to: action: 0x1, toolType: 0
12-13 03:29:46.554   787   986 I EDMNativeHelperService: isScreenCaptureEnabled
12-13 03:29:46.554   787  1791 D SSRMv2:TSP:AirViewOnOff: DeviceInfo:: 00000000000
12-13 03:29:46.554   787  1791 D SSRMv2:TSP:AirViewOnOff: SettingsAirViewInfo:: 000000000
12-13 03:29:46.584 11158 11158 I SELinux : Function: selinux_android_load_priority [0], There is no sepolicy file.
12-13 03:29:46.584 11158 11158 I SELinux :  
12-13 03:29:46.584 11158 11158 I SELinux : Function: selinux_android_load_priority [1], There is no sepolicy version file.
12-13 03:29:46.584 11158 11158 I SELinux :  
12-13 03:29:46.584 11158 11158 I SELinux : Function: selinux_android_load_priority , priority version is VE=SEPF_SM-T530NU_4.4.2_0028
12-13 03:29:46.584 11158 11158 I SELinux :  
12-13 03:29:46.584 11158 11158 I SELinux :  
12-13 03:29:46.584 11158 11158 I SELinux : selinux_android_seapp_context_reload: seapp_contexts file is loaded from /seapp_contexts
12-13 03:29:46.604   992   992 D STATUSBAR-PhoneStatusBar: makeExpandedInvisible
12-13 03:29:46.604   992   992 D STATUSBAR-PhoneStatusBar: Mini Controller text scroll : OFF
12-13 03:29:46.614   992   992 D STATUSBAR-QuickSettingPanel: setSingleLine:true
12-13 03:29:46.614   787  1237 V Vibrator: Called cancel() API - PUID: 1000, PackageName: android
12-13 03:29:46.614   787  1237 W Vibrator: Vibrator.cancel()
12-13 03:29:46.614   992   992 D STATUSBAR-QuickSettingPanel: updateButtonInfo mButtonWidth : 114 mColumnNumber:7 orien: 2
12-13 03:29:46.614   787  1237 D VibratorService: JNI vibratorOff()
12-13 03:29:46.614   787  1255 W ActivityManager: mDVFSHelper.acquire()
12-13 03:29:46.614   787  1237 D LightsService: [api] [SvcLED] turnOff:: id = 4 (uid: 10016 pid: 992) 
12-13 03:29:46.614   787  1237 D LightsService: [SvcLED] setSvcLedStateLocked:: SvcLEDState : 0x0 -> 0x0 | SvcLED(id=4) set Off
12-13 03:29:46.614   787   894 D LightsService: [SvcLED] Lux failed to be updated in 700ms. -> handleForcedSvcLEDTasK
12-13 03:29:46.614   787   894 D LightsService: [SvcLED]  setSvcLedLightLocked :: Current SvcLED(id=3) maintains its priority right
12-13 03:29:46.624   787  1253 I SpenGestureManager: setFocusWindow21010
12-13 03:29:46.624   787   880 D STATUSBAR-StatusBarManagerService: manageDisableList what=0x0 pkg=WindowManager.LayoutParams
12-13 03:29:46.644   787   869 D PointerIcon: setMouseIconStyle1 pointerType: 1001iconType:101 flag:0
12-13 03:29:46.644   787   869 D PointerIcon: setMouseCustomIcon IconType is same.101
12-13 03:29:46.644   787  1111 W LicenseLogService: log() failed
12-13 03:29:46.644   787  1111 W InputMethodManagerService: Window already focused, ignoring focus gain of: com.android.internal.view.IInputMethodClient$Stub$Proxy@43c56f48 attribute=null, token = android.os.BinderProxy@41defa90
12-13 03:29:46.674   787   901 I InputDispatcher: Delivering touch to: action: 0x4, toolType: 0
12-13 03:29:46.674   787   901 I InputDispatcher: Delivering touch to: action: 0x4, toolType: 0
12-13 03:29:46.674   787   901 I InputDispatcher: Delivering touch to: action: 0x0, toolType: 0
12-13 03:29:46.684   787   901 I InputDispatcher: Delivering touch to: action: 0x1, toolType: 0
12-13 03:29:46.734 11158 11158 I Yosemite:lifecycle: ================================================================
12-13 03:29:46.734 11158 11158 I Yosemite:lifecycle: com.sec.yosemite.tab 14080601.1.55.13 (155130)  CL:1461285
12-13 03:29:46.734 11158 11158 I Yosemite:lifecycle: ================================================================
12-13 03:29:46.734   787   797 W ActivityManager: mDVFSHelper.acquire()
12-13 03:29:46.764 11158 11158 W ContextImpl: Implicit intents with startService are not safe: Intent { act=com.sec.msc.android.yosemite.service.remotetv.IRemoteTvService } android.content.ContextWrapper.bindService:529 com.sec.msc.android.yosemite.client.helper.RemoteTvServiceHelper.bindService:-1 com.sec.msc.android.yosemite.client.helper.RemoteTvServiceHelper.bindService:-1 
12-13 03:29:46.764 11158 11158 W ContextImpl: Calling a method in the system process without a qualified user: android.app.ContextImpl.bindService:1938 android.content.ContextWrapper.bindService:529 com.sec.msc.android.yosemite.client.helper.RemoteTvServiceHelper.bindService:-1 com.sec.msc.android.yosemite.client.helper.RemoteTvServiceHelper.bindService:-1 com.sec.msc.android.yosemite.YosemiteApplication.onCreate:-1 
12-13 03:29:46.794   787   901 I InputDispatcher: Delivering touch to: action: 0x4, toolType: 0
12-13 03:29:46.794   787   901 I InputDispatcher: Delivering touch to: action: 0x4, toolType: 0
12-13 03:29:46.794   787   901 I InputDispatcher: Delivering touch to: action: 0x0, toolType: 0
12-13 03:29:46.794   787   901 I InputDispatcher: Delivering touch to: action: 0x1, toolType: 0
12-13 03:29:46.804 11158 11158 I Process : Sending signal. PID: 11158 SIG: 9
12-13 03:29:46.804   787  1238 I ActivityManager: Process com.sec.yosemite.tab (pid 11158) (adj 0) has died.
12-13 03:29:46.854   787   901 I InputDispatcher: Delivering touch to: action: 0x4, toolType: 0
12-13 03:29:46.854   787   901 I InputDispatcher: Delivering touch to: action: 0x4, toolType: 0
12-13 03:29:46.854   787   901 I InputDispatcher: Delivering touch to: action: 0x0, toolType: 0
12-13 03:29:46.854   787   901 I InputDispatcher: Delivering touch to: action: 0x1, toolType: 0
12-13 03:29:46.914   787   901 I InputDispatcher: Delivering touch to: action: 0x4, toolType: 0
12-13 03:29:46.914   787   901 I InputDispatcher: Delivering touch to: action: 0x4, toolType: 0
12-13 03:29:46.914   787   901 I InputDispatcher: Delivering touch to: action: 0x0, toolType: 0
12-13 03:29:46.914   787   901 I InputDispatcher: Delivering touch to: action: 0x1, toolType: 0
12-13 03:29:46.964   787   901 I InputDispatcher: Delivering touch to: action: 0x0, toolType: 0
12-13 03:29:46.984   787   901 I InputDispatcher: Delivering touch to: action: 0x1, toolType: 0
12-13 03:29:46.994   992   992 V PanelView: animationTick called with dtms=0; nothing to do (h=0.0 v=1634.9172)
12-13 03:29:46.994   992   992 D STATUSBAR-PhoneStatusBar: makeExpandedVisible
12-13 03:29:46.994   992   992 D STATUSBAR-QuickSettingPanel: setSingleLine:true
12-13 03:29:46.994   992   992 D STATUSBAR-QuickSettingPanel: updateButtonInfo mButtonWidth : 114 mColumnNumber:7 orien: 2
12-13 03:29:46.994   992   992 D STATUSBAR-PhoneStatusBar: Mini Controller text scroll : ON
12-13 03:29:47.004   787  1178 V Vibrator: Called cancel() API - PUID: 1000, PackageName: android
12-13 03:29:47.004   787  1178 W Vibrator: Vibrator.cancel()
12-13 03:29:47.004   787   797 I AudioService: getStreamVolume 5 index 0
12-13 03:29:47.004   787  1178 D VibratorService: JNI vibratorOff()
12-13 03:29:47.004   787  1178 D LightsService: [api] [SvcLED] turnOff:: id = 4 (uid: 10016 pid: 992) 
12-13 03:29:47.004   787  1178 D LightsService: [SvcLED] setSvcLedStateLocked:: SvcLEDState : 0x0 -> 0x0 | SvcLED(id=4) set Off
12-13 03:29:47.004   787   894 D LightsService: [SvcLED] Lux failed to be updated in 700ms. -> handleForcedSvcLEDTasK
12-13 03:29:47.004   787   894 D LightsService: [SvcLED]  setSvcLedLightLocked :: Current SvcLED(id=3) maintains its priority right
12-13 03:29:47.034   787  1253 I SpenGestureManager: setFocusWindow181000
12-13 03:29:47.034   787   880 D STATUSBAR-StatusBarManagerService: manageDisableList what=0x0 pkg=WindowManager.LayoutParams
12-13 03:29:47.044   787   901 I InputDispatcher: Delivering touch to: action: 0x0, toolType: 0
12-13 03:29:47.054   787   901 I InputDispatcher: Delivering touch to: action: 0x1, toolType: 0
12-13 03:29:47.054   787   869 D PointerIcon: setMouseIconStyle1 pointerType: 1001iconType:101 flag:0
12-13 03:29:47.054   787   869 D PointerIcon: setMouseCustomIcon IconType is same.101
12-13 03:29:47.084   992   992 V PanelView: animationTick called with dtms=0; nothing to do (h=1.6369174 v=-2000.0)
12-13 03:29:47.084   992   992 V PanelView: animationTick called with dtms=0; nothing to do (h=1.6369174 v=-2000.0)
12-13 03:29:47.094   992   992 V PanelView: animationTick called with dtms=-15; nothing to do (h=1.6369174 v=-2000.0)
12-13 03:29:47.104   992   992 V RecentsWindow: hide mShowing = false
12-13 03:29:47.114   787  1791 D SSRMv2:TSP:AirViewOnOff: DeviceInfo:: 00000000000
12-13 03:29:47.114   787  1791 D SSRMv2:TSP:AirViewOnOff: SettingsAirViewInfo:: 000000000
12-13 03:29:47.124   787   901 I InputDispatcher: Delivering touch to: action: 0x0, toolType: 0
12-13 03:29:47.124   787   901 I InputDispatcher: Delivering touch to: action: 0x1, toolType: 0
12-13 03:29:47.134 11175 11175 I SELinux : Function: selinux_android_load_priority [0], There is no sepolicy file.
12-13 03:29:47.134 11175 11175 I SELinux :  
12-13 03:29:47.134 11175 11175 I SELinux : Function: selinux_android_load_priority [1], There is no sepolicy version file.
12-13 03:29:47.134 11175 11175 I SELinux :  
12-13 03:29:47.134 11175 11175 I SELinux : Function: selinux_android_load_priority , priority version is VE=SEPF_SM-T530NU_4.4.2_0028
12-13 03:29:47.134 11175 11175 I SELinux :  
12-13 03:29:47.134 11175 11175 I SELinux :  
12-13 03:29:47.134 11175 11175 I SELinux : selinux_android_seapp_context_reload: seapp_contexts file is loaded from /seapp_contexts
12-13 03:29:47.144   992   992 V RecentsWindow: hide mShowing = false
12-13 03:29:47.154  1470  1470 I MultiWindowTrayInfo: getAppCnt
12-13 03:29:47.154  1470  1470 I MultiWindowTrayInfo: getAppCnt
12-13 03:29:47.154  1470  1470 I MultiWindowTrayInfo: getAppCnt
12-13 03:29:47.154  1470  1470 I MultiWindowTrayInfo: getAppCnt
12-13 03:29:47.154  1470  1470 I MultiWindowTrayInfo: getAppCnt
12-13 03:29:47.154  1470  1470 I MultiWindowTrayInfo: getAppCnt
12-13 03:29:47.154  1470  1470 I MultiWindowTrayInfo: makeInstancebadgeForGridView
12-13 03:29:47.164  1470  1470 I MultiWindowTrayInfo: getAppCnt
12-13 03:29:47.164   787   798 V Vibrator: Called cancel() API - PUID: 1000, PackageName: android
12-13 03:29:47.164   787   798 W Vibrator: Vibrator.cancel()
12-13 03:29:47.164  1470  1470 I MultiWindowTrayInfo: makeInstancebadgeForGridView
12-13 03:29:47.164  1470  1470 I MultiWindowTrayInfo: makeInstancebadgeForGridView
12-13 03:29:47.164   992   992 D STATUSBAR-PhoneStatusBar: makeExpandedInvisible
12-13 03:29:47.164   992   992 D STATUSBAR-PhoneStatusBar: Mini Controller text scroll : OFF
12-13 03:29:47.164   992   992 D STATUSBAR-QuickSettingPanel: setSingleLine:true
12-13 03:29:47.164   992   992 D STATUSBAR-QuickSettingPanel: updateButtonInfo mButtonWidth : 114 mColumnNumber:7 orien: 2
12-13 03:29:47.164   787   798 D VibratorService: JNI vibratorOff()
12-13 03:29:47.164   787   798 D LightsService: [api] [SvcLED] turnOff:: id = 4 (uid: 10016 pid: 992) 
12-13 03:29:47.164   787   798 D LightsService: [SvcLED] setSvcLedStateLocked:: SvcLEDState : 0x0 -> 0x0 | SvcLED(id=4) set Off
12-13 03:29:47.164   787   894 D LightsService: [SvcLED] Lux failed to be updated in 700ms. -> handleForcedSvcLEDTasK
12-13 03:29:47.164   787   894 D LightsService: [SvcLED]  setSvcLedLightLocked :: Current SvcLED(id=3) maintains its priority right
12-13 03:29:47.174  1470  1470 I MultiWindowTrayInfo: makeInstancebadgeForGridView
12-13 03:29:47.174   787  1255 I SpenGestureManager: setFocusWindow21010
12-13 03:29:47.174  1470  1470 I MultiWindowTrayInfo: makeInstancebadgeForGridView
12-13 03:29:47.174   787   880 D STATUSBAR-StatusBarManagerService: manageDisableList what=0x0 pkg=WindowManager.LayoutParams
12-13 03:29:47.184   787   901 I InputDispatcher: Delivering touch to: action: 0x0, toolType: 0
12-13 03:29:47.184   787   901 I InputDispatcher: Delivering touch to: action: 0x1, toolType: 0
12-13 03:29:47.184  1470  1470 I MultiWindowTrayInfo: makeInstancebadgeForGridView
12-13 03:29:47.194   787  1238 W LicenseLogService: log() failed
12-13 03:29:47.194   787   869 D PointerIcon: setMouseIconStyle1 pointerType: 1001iconType:101 flag:0
12-13 03:29:47.194  1470  1470 I MultiWindowTrayInfo: makeInstancebadgeForGridView
12-13 03:29:47.194   787   869 D PointerIcon: setMouseCustomIcon IconType is same.101
12-13 03:29:47.194   787  1238 W InputMethodManagerService: Window already focused, ignoring focus gain of: com.android.internal.view.IInputMethodClient$Stub$Proxy@42ca3048 attribute=null, token = android.os.BinderProxy@41defa90
12-13 03:29:47.214  1470  1470 I MultiWindowTrayInfo: makeInstancebadgeForGridView
12-13 03:29:47.214  1470  1470 I MultiWindowTrayInfo: makeInstancebadgeForGridView
12-13 03:29:47.224  1470  1470 I MultiWindowTrayInfo: makeInstancebadgeForGridView
12-13 03:29:47.234   787   901 I InputDispatcher: Delivering touch to: action: 0x4, toolType: 0
12-13 03:29:47.234   787   901 I InputDispatcher: Delivering touch to: action: 0x4, toolType: 0
12-13 03:29:47.234   787   901 I InputDispatcher: Delivering touch to: action: 0x0, toolType: 0
12-13 03:29:47.244   787   901 I InputDispatcher: Delivering touch to: action: 0x1, toolType: 0
12-13 03:29:47.244  1470  1470 I MultiWindowTrayInfo: makeInstancebadgeForGridView
12-13 03:29:47.244  1470  1470 I MultiWindowTrayInfo: makeInstancebadgeForGridView
12-13 03:29:47.254  1470  1470 I MultiWindowTrayInfo: makeInstancebadgeForGridView
12-13 03:29:47.264  1470  1470 I MultiWindowTrayInfo: makeInstancebadgeForGridView
12-13 03:29:47.264   787   787 D CustomFrequencyManagerService: FrequencyrequestList.getNextMaxCPUCoreRequest, index: 0
12-13 03:29:47.294   787   901 I InputDispatcher: Delivering touch to: action: 0x4, toolType: 0
12-13 03:29:47.294   787   901 I InputDispatcher: Delivering touch to: action: 0x4, toolType: 0
12-13 03:29:47.294   787   901 I InputDispatcher: Delivering touch to: action: 0x0, toolType: 0
12-13 03:29:47.304   787   901 I InputDispatcher: Delivering touch to: action: 0x1, toolType: 0
12-13 03:29:47.304 11175 11175 I Yosemite:lifecycle: ================================================================
12-13 03:29:47.304 11175 11175 I Yosemite:lifecycle: com.sec.yosemite.tab 14080601.1.55.13 (155130)  CL:1461285
12-13 03:29:47.304 11175 11175 I Yosemite:lifecycle: ================================================================
12-13 03:29:47.334 11175 11175 W ContextImpl: Implicit intents with startService are not safe: Intent { act=com.sec.msc.android.yosemite.service.remotetv.IRemoteTvService } android.content.ContextWrapper.bindService:529 com.sec.msc.android.yosemite.client.helper.RemoteTvServiceHelper.bindService:-1 com.sec.msc.android.yosemite.client.helper.RemoteTvServiceHelper.bindService:-1 
12-13 03:29:47.334 11175 11175 W ContextImpl: Calling a method in the system process without a qualified user: android.app.ContextImpl.bindService:1938 android.content.ContextWrapper.bindService:529 com.sec.msc.android.yosemite.client.helper.RemoteTvServiceHelper.bindService:-1 com.sec.msc.android.yosemite.client.helper.RemoteTvServiceHelper.bindService:-1 com.sec.msc.android.yosemite.YosemiteApplication.onCreate:-1 
12-13 03:29:47.354   787   901 I InputDispatcher: Delivering touch to: action: 0x4, toolType: 0
12-13 03:29:47.354   787   901 I InputDispatcher: Delivering touch to: action: 0x4, toolType: 0
12-13 03:29:47.354   787   901 I InputDispatcher: Delivering touch to: action: 0x0, toolType: 0
12-13 03:29:47.354   787   901 I InputDispatcher: Delivering touch to: action: 0x1, toolType: 0
12-13 03:29:47.374 11175 11175 I Process : Sending signal. PID: 11175 SIG: 9
12-13 03:29:47.384   787  5982 I ActivityManager: Process com.sec.yosemite.tab (pid 11175) (adj 0) has died.
12-13 03:29:47.414   787   901 I InputDispatcher: Delivering touch to: action: 0x4, toolType: 0
12-13 03:29:47.414   787   901 I InputDispatcher: Delivering touch to: action: 0x4, toolType: 0
12-13 03:29:47.414   787   901 I InputDispatcher: Delivering touch to: action: 0x0, toolType: 0
12-13 03:29:47.414   787   901 I InputDispatcher: Delivering touch to: action: 0x1, toolType: 0
12-13 03:29:47.424   787   863 D SensorService:   0.1 -0.0 9.8
12-13 03:29:47.464   787   901 I InputDispatcher: Delivering touch to: action: 0x4, toolType: 0
12-13 03:29:47.464   787   901 I InputDispatcher: Delivering touch to: action: 0x4, toolType: 0
12-13 03:29:47.464   787   901 I InputDispatcher: Delivering touch to: action: 0x0, toolType: 0
12-13 03:29:47.464   787   901 I InputDispatcher: Delivering touch to: action: 0x1, toolType: 0
12-13 03:29:47.514   787   901 I InputDispatcher: Delivering touch to: action: 0x4, toolType: 0
12-13 03:29:47.514   787   901 I InputDispatcher: Delivering touch to: action: 0x4, toolType: 0
12-13 03:29:47.514   787   901 I InputDispatcher: Delivering touch to: action: 0x0, toolType: 0
12-13 03:29:47.524   787   901 I InputDispatcher: Delivering touch to: action: 0x1, toolType: 0
12-13 03:29:47.584   787   901 I InputDispatcher: Delivering touch to: action: 0x4, toolType: 0
12-13 03:29:47.584   787   901 I InputDispatcher: Delivering touch to: action: 0x4, toolType: 0
12-13 03:29:47.584   787   901 I InputDispatcher: Delivering touch to: action: 0x0, toolType: 0
12-13 03:29:47.584   787   901 I InputDispatcher: Delivering touch to: action: 0x1, toolType: 0
12-13 03:29:47.634   787   798 W ActivityManager: mDVFSHelper.acquire()
12-13 03:29:47.694   787   901 I InputDispatcher: Delivering touch to: action: 0x4, toolType: 0
12-13 03:29:47.694   787   901 I InputDispatcher: Delivering touch to: action: 0x4, toolType: 0
12-13 03:29:47.694   787   901 I InputDispatcher: Delivering touch to: action: 0x0, toolType: 0
12-13 03:29:47.694   787   901 I InputDispatcher: Delivering touch to: action: 0x1, toolType: 0
12-13 03:29:47.694   787   901 D PowerManagerService: [api] userActivityFromNative : 60 (event: 2 flags: 0)
12-13 03:29:47.744   787   901 I InputDispatcher: Delivering touch to: action: 0x4, toolType: 0
12-13 03:29:47.744   787   901 I InputDispatcher: Delivering touch to: action: 0x4, toolType: 0
12-13 03:29:47.744   787   901 I InputDispatcher: Delivering touch to: action: 0x0, toolType: 0
12-13 03:29:47.744   787   901 I InputDispatcher: Delivering touch to: action: 0x1, toolType: 0
12-13 03:29:47.794  1470  1470 I MultiWindowTrayInfo: getAppCnt
12-13 03:29:47.794  1470  1470 I MultiWindowTrayInfo: getAppCnt
12-13 03:29:47.794  1470  1470 I MultiWindowTrayInfo: getAppCnt
12-13 03:29:47.794  1470  1470 I MultiWindowTrayInfo: getAppCnt
12-13 03:29:47.794  1470  1470 I MultiWindowTrayInfo: getAppCnt
12-13 03:29:47.804   787   901 I InputDispatcher: Delivering touch to: action: 0x4, toolType: 0
12-13 03:29:47.804   787   901 I InputDispatcher: Delivering touch to: action: 0x4, toolType: 0
12-13 03:29:47.804   787   901 I InputDispatcher: Delivering touch to: action: 0x0, toolType: 0
12-13 03:29:47.804   787   901 I InputDispatcher: Delivering touch to: action: 0x1, toolType: 0
12-13 03:29:47.804  1470  1470 I MultiWindowTrayInfo: getAppCnt
12-13 03:29:47.804  1470  1470 I MultiWindowTrayInfo: makeInstancebadgeForGridView
12-13 03:29:47.804  1470  1470 I MultiWindowTrayInfo: getAppCnt
12-13 03:29:47.814  1470  1470 I MultiWindowTrayInfo: makeInstancebadgeForGridView
12-13 03:29:47.814  1470  1470 I MultiWindowTrayInfo: makeInstancebadgeForGridView
12-13 03:29:47.814  1470  1470 I MultiWindowTrayInfo: makeInstancebadgeForGridView
12-13 03:29:47.824  1470  1470 I MultiWindowTrayInfo: makeInstancebadgeForGridView
12-13 03:29:47.824  1470  1470 I MultiWindowTrayInfo: makeInstancebadgeForGridView
12-13 03:29:47.824  1470  1470 I MultiWindowTrayInfo: makeInstancebadgeForGridView
12-13 03:29:47.834  1470  1470 I MultiWindowTrayInfo: makeInstancebadgeForGridView
12-13 03:29:47.834  1470  1470 I MultiWindowTrayInfo: makeInstancebadgeForGridView
12-13 03:29:47.844  1470  1470 I MultiWindowTrayInfo: makeInstancebadgeForGridView
12-13 03:29:47.844  1470  1470 I MultiWindowTrayInfo: makeInstancebadgeForGridView
12-13 03:29:47.854  1470  1470 I MultiWindowTrayInfo: makeInstancebadgeForGridView
12-13 03:29:47.854  1470  1470 I MultiWindowTrayInfo: makeInstancebadgeForGridView
12-13 03:29:47.854   787   901 I InputDispatcher: Delivering touch to: action: 0x4, toolType: 0
12-13 03:29:47.854   787   901 I InputDispatcher: Delivering touch to: action: 0x4, toolType: 0
12-13 03:29:47.854   787   901 I InputDispatcher: Delivering touch to: action: 0x0, toolType: 0
12-13 03:29:47.854   787   901 I InputDispatcher: Delivering touch to: action: 0x1, toolType: 0
12-13 03:29:47.864  1470  1470 I MultiWindowTrayInfo: makeInstancebadgeForGridView
12-13 03:29:47.914   787   901 I InputDispatcher: Delivering touch to: action: 0x4, toolType: 0
12-13 03:29:47.914   787   901 I InputDispatcher: Delivering touch to: action: 0x4, toolType: 0
12-13 03:29:47.914   787   901 I InputDispatcher: Delivering touch to: action: 0x0, toolType: 0
12-13 03:29:47.914   787   901 I InputDispatcher: Delivering touch to: action: 0x1, toolType: 0
12-13 03:29:47.974   787   901 I InputDispatcher: Delivering touch to: action: 0x4, toolType: 0
12-13 03:29:47.974   787   901 I InputDispatcher: Delivering touch to: action: 0x4, toolType: 0
12-13 03:29:47.974   787   901 I InputDispatcher: Delivering touch to: action: 0x0, toolType: 0
12-13 03:29:47.974   787   901 I InputDispatcher: Delivering touch to: action: 0x1, toolType: 0
12-13 03:29:48.024   787   901 I InputDispatcher: Delivering touch to: action: 0x4, toolType: 0
12-13 03:29:48.024   787   901 I InputDispatcher: Delivering touch to: action: 0x4, toolType: 0
12-13 03:29:48.024   787   901 I InputDispatcher: Delivering touch to: action: 0x0, toolType: 0
12-13 03:29:48.024   787   901 I InputDispatcher: Delivering touch to: action: 0x1, toolType: 0
12-13 03:29:48.074   787   901 I InputDispatcher: Delivering touch to: action: 0x4, toolType: 0
12-13 03:29:48.074   787   901 I InputDispatcher: Delivering touch to: action: 0x4, toolType: 0
12-13 03:29:48.074   787   901 I InputDispatcher: Delivering touch to: action: 0x0, toolType: 0
12-13 03:29:48.084   787   901 I InputDispatcher: Delivering touch to: action: 0x1, toolType: 0
12-13 03:29:48.134   787   901 I InputDispatcher: Delivering touch to: action: 0x4, toolType: 0
12-13 03:29:48.134   787   901 I InputDispatcher: Delivering touch to: action: 0x4, toolType: 0
12-13 03:29:48.134   787   901 I InputDispatcher: Delivering touch to: action: 0x0, toolType: 0
12-13 03:29:48.174   787   901 I InputDispatcher: Delivering touch to: action: 0x1, toolType: 0
12-13 03:29:48.224   787   901 I InputDispatcher: Delivering touch to: action: 0x4, toolType: 0
12-13 03:29:48.224   787   901 I InputDispatcher: Delivering touch to: action: 0x4, toolType: 0
12-13 03:29:48.234   787   901 I InputDispatcher: Delivering touch to: action: 0x0, toolType: 0
12-13 03:29:48.234   787   901 I InputDispatcher: Delivering touch to: action: 0x1, toolType: 0
12-13 03:29:48.284   787   901 I InputDispatcher: Delivering touch to: action: 0x4, toolType: 0
12-13 03:29:48.284   787   901 I InputDispatcher: Delivering touch to: action: 0x4, toolType: 0
12-13 03:29:48.284   787   901 I InputDispatcher: Delivering touch to: action: 0x0, toolType: 0
12-13 03:29:48.294   787   901 I InputDispatcher: Delivering touch to: action: 0x1, toolType: 0
12-13 03:29:48.344   787   901 I InputDispatcher: Delivering touch to: action: 0x4, toolType: 0
12-13 03:29:48.344   787   901 I InputDispatcher: Delivering touch to: action: 0x4, toolType: 0
12-13 03:29:48.344   787   901 I InputDispatcher: Delivering touch to: action: 0x0, toolType: 0
12-13 03:29:48.344   787   876 W ActivityManager: mDVFSHelper.release()
12-13 03:29:48.354   787   901 I InputDispatcher: Delivering touch to: action: 0x1, toolType: 0
12-13 03:29:48.374   384 11200 I framebuffer: /data/system/enterprise.conf doesn't exist or cannot be opened
12-13 03:29:48.404   787   901 I InputDispatcher: Delivering touch to: action: 0x4, toolType: 0
12-13 03:29:48.404   787   901 I InputDispatcher: Delivering touch to: action: 0x4, toolType: 0
12-13 03:29:48.404   787   901 I InputDispatcher: Delivering touch to: action: 0x0, toolType: 0
12-13 03:29:48.404   787   901 I InputDispatcher: Delivering touch to: action: 0x1, toolType: 0
12-13 03:29:48.434   787   798 I EDMNativeHelperService: isScreenCaptureEnabled
12-13 03:29:48.464   787   901 I InputDispatcher: Delivering touch to: action: 0x4, toolType: 0
12-13 03:29:48.464   787   901 I InputDispatcher: Delivering touch to: action: 0x4, toolType: 0
12-13 03:29:48.464   787   901 I InputDispatcher: Delivering touch to: action: 0x0, toolType: 0
12-13 03:29:48.464   787   901 I InputDispatcher: Delivering touch to: action: 0x1, toolType: 0
12-13 03:29:48.514   787  5982 W ActivityManager: mDVFSHelper.acquire()
12-13 03:29:48.574   787  1178 W ActivityManager: mDVFSHelper.acquire()
12-13 03:29:48.634   787   901 I InputDispatcher: Delivering touch to: action: 0x4, toolType: 0
12-13 03:29:48.634   787   901 I InputDispatcher: Delivering touch to: action: 0x4, toolType: 0
12-13 03:29:48.634   787   901 I InputDispatcher: Delivering touch to: action: 0x0, toolType: 0
12-13 03:29:48.634   787   901 I InputDispatcher: Delivering touch to: action: 0x1, toolType: 0
12-13 03:29:48.684   787   901 I InputDispatcher: Delivering touch to: action: 0x4, toolType: 0
12-13 03:29:48.694   787   901 I InputDispatcher: Delivering touch to: action: 0x4, toolType: 0
12-13 03:29:48.694   787   901 I InputDispatcher: Delivering touch to: action: 0x0, toolType: 0
12-13 03:29:48.694   787   901 I InputDispatcher: Delivering touch to: action: 0x1, toolType: 0
12-13 03:29:48.744   787   901 I InputDispatcher: Delivering touch to: action: 0x4, toolType: 0
12-13 03:29:48.744   787   901 I InputDispatcher: Delivering touch to: action: 0x4, toolType: 0
12-13 03:29:48.744   787   901 I InputDispatcher: Delivering touch to: action: 0x0, toolType: 0
12-13 03:29:48.754   787   901 I InputDispatcher: Delivering touch to: action: 0x1, toolType: 0
12-13 03:29:48.804   787   901 I InputDispatcher: Delivering touch to: action: 0x4, toolType: 0
12-13 03:29:48.804   787   901 I InputDispatcher: Delivering touch to: action: 0x4, toolType: 0
12-13 03:29:48.804   787   901 I InputDispatcher: Delivering touch to: action: 0x0, toolType: 0
12-13 03:29:48.824   787   901 I InputDispatcher: Delivering touch to: action: 0x1, toolType: 0
12-13 03:29:48.874   787   901 I InputDispatcher: Delivering touch to: action: 0x4, toolType: 0
12-13 03:29:48.874   787   901 I InputDispatcher: Delivering touch to: action: 0x4, toolType: 0
12-13 03:29:48.874   787   901 I InputDispatcher: Delivering touch to: action: 0x0, toolType: 0
12-13 03:29:48.884   787   901 I InputDispatcher: Delivering touch to: action: 0x1, toolType: 0
12-13 03:29:48.934   787   901 I InputDispatcher: Delivering touch to: action: 0x4, toolType: 0
12-13 03:29:48.934   787   901 I InputDispatcher: Delivering touch to: action: 0x4, toolType: 0
12-13 03:29:48.934   787   901 I InputDispatcher: Delivering touch to: action: 0x0, toolType: 0
12-13 03:29:48.944   787   901 I InputDispatcher: Delivering touch to: action: 0x1, toolType: 0
12-13 03:29:48.994   787   901 I InputDispatcher: Delivering touch to: action: 0x4, toolType: 0
12-13 03:29:48.994   787   901 I InputDispatcher: Delivering touch to: action: 0x4, toolType: 0
12-13 03:29:48.994   787   901 I InputDispatcher: Delivering touch to: action: 0x0, toolType: 0
12-13 03:29:49.014   787   901 I InputDispatcher: Delivering touch to: action: 0x1, toolType: 0
12-13 03:29:49.064   787   901 I InputDispatcher: Delivering touch to: action: 0x4, toolType: 0
12-13 03:29:49.064   787   901 I InputDispatcher: Delivering touch to: action: 0x4, toolType: 0
12-13 03:29:49.064   787   901 I InputDispatcher: Delivering touch to: action: 0x0, toolType: 0
12-13 03:29:49.064   787   901 I InputDispatcher: Delivering touch to: action: 0x1, toolType: 0
12-13 03:29:49.114   787   901 I InputDispatcher: Delivering touch to: action: 0x4, toolType: 0
12-13 03:29:49.114   787   901 I InputDispatcher: Delivering touch to: action: 0x4, toolType: 0
12-13 03:29:49.114   787   901 I InputDispatcher: Delivering touch to: action: 0x0, toolType: 0
12-13 03:29:49.124   787   901 I InputDispatcher: Delivering touch to: action: 0x1, toolType: 0
12-13 03:29:49.174   787   901 I InputDispatcher: Delivering touch to: action: 0x4, toolType: 0
12-13 03:29:49.174   787   901 I InputDispatcher: Delivering touch to: action: 0x4, toolType: 0
12-13 03:29:49.174   787   901 I InputDispatcher: Delivering touch to: action: 0x0, toolType: 0
12-13 03:29:49.184   787   901 I InputDispatcher: Delivering touch to: action: 0x1, toolType: 0
12-13 03:29:49.184   787   876 W ActivityManager: mDVFSHelper.release()
12-13 03:29:49.234   787   901 I InputDispatcher: Delivering touch to: action: 0x4, toolType: 0
12-13 03:29:49.234   787   901 I InputDispatcher: Delivering touch to: action: 0x4, toolType: 0
12-13 03:29:49.234   787   901 I InputDispatcher: Delivering touch to: action: 0x0, toolType: 0
12-13 03:29:49.234   787   901 I InputDispatcher: Delivering touch to: action: 0x1, toolType: 0
12-13 03:29:49.284   787   901 I InputDispatcher: Delivering touch to: action: 0x4, toolType: 0
12-13 03:29:49.284   787   901 I InputDispatcher: Delivering touch to: action: 0x4, toolType: 0
12-13 03:29:49.284   787   901 I InputDispatcher: Delivering touch to: action: 0x0, toolType: 0
12-13 03:29:49.294   787   901 I InputDispatcher: Delivering touch to: action: 0x1, toolType: 0
12-13 03:29:49.344   787   901 I InputDispatcher: Delivering touch to: action: 0x4, toolType: 0
12-13 03:29:49.344   787   901 I InputDispatcher: Delivering touch to: action: 0x4, toolType: 0
12-13 03:29:49.344   787   901 I InputDispatcher: Delivering touch to: action: 0x0, toolType: 0
12-13 03:29:49.344   787   901 I InputDispatcher: Delivering touch to: action: 0x1, toolType: 0
12-13 03:29:49.394   787   901 I InputDispatcher: Delivering touch to: action: 0x4, toolType: 0
12-13 03:29:49.394   787   901 I InputDispatcher: Delivering touch to: action: 0x4, toolType: 0
12-13 03:29:49.394   787   901 I InputDispatcher: Delivering touch to: action: 0x0, toolType: 0
12-13 03:29:49.404   787   901 I InputDispatcher: Delivering touch to: action: 0x1, toolType: 0
12-13 03:29:49.454   787   901 I InputDispatcher: Delivering touch to: action: 0x4, toolType: 0
12-13 03:29:49.454   787   901 I InputDispatcher: Delivering touch to: action: 0x4, toolType: 0
12-13 03:29:49.454   787   901 I InputDispatcher: Delivering touch to: action: 0x0, toolType: 0
12-13 03:29:49.454   787   901 I InputDispatcher: Delivering touch to: action: 0x1, toolType: 0
12-13 03:29:49.504   787   901 I InputDispatcher: Delivering touch to: action: 0x4, toolType: 0
12-13 03:29:49.504   787   901 I InputDispatcher: Delivering touch to: action: 0x4, toolType: 0
12-13 03:29:49.504   787   901 I InputDispatcher: Delivering touch to: action: 0x0, toolType: 0
12-13 03:29:49.514   787   901 I InputDispatcher: Delivering touch to: action: 0x1, toolType: 0
12-13 03:29:49.564   787   901 I InputDispatcher: Delivering touch to: action: 0x4, toolType: 0
12-13 03:29:49.564   787   901 I InputDispatcher: Delivering touch to: action: 0x4, toolType: 0
12-13 03:29:49.564   787   901 I InputDispatcher: Delivering touch to: action: 0x0, toolType: 0
12-13 03:29:49.564   787   901 I InputDispatcher: Delivering touch to: action: 0x1, toolType: 0
12-13 03:29:49.614   787   901 I InputDispatcher: Delivering touch to: action: 0x4, toolType: 0
12-13 03:29:49.614   787   901 I InputDispatcher: Delivering touch to: action: 0x4, toolType: 0
12-13 03:29:49.614   787   901 I InputDispatcher: Delivering touch to: action: 0x0, toolType: 0
12-13 03:29:49.614   787   901 I InputDispatcher: Delivering touch to: action: 0x1, toolType: 0
12-13 03:29:49.674   787   901 I InputDispatcher: Delivering touch to: action: 0x4, toolType: 0
12-13 03:29:49.674   787   901 I InputDispatcher: Delivering touch to: action: 0x4, toolType: 0
12-13 03:29:49.674   787   901 I InputDispatcher: Delivering touch to: action: 0x0, toolType: 0
12-13 03:29:49.674   787   901 I InputDispatcher: Delivering touch to: action: 0x1, toolType: 0
12-13 03:29:49.734   787   901 I InputDispatcher: Delivering touch to: action: 0x4, toolType: 0
12-13 03:29:49.734   787   901 I InputDispatcher: Delivering touch to: action: 0x4, toolType: 0
12-13 03:29:49.734   787   901 I InputDispatcher: Delivering touch to: action: 0x0, toolType: 0
12-13 03:29:49.734   787   901 I InputDispatcher: Delivering touch to: action: 0x1, toolType: 0
12-13 03:29:49.794   787   901 I InputDispatcher: Delivering touch to: action: 0x4, toolType: 0
12-13 03:29:49.794   787   901 I InputDispatcher: Delivering touch to: action: 0x4, toolType: 0
12-13 03:29:49.794   787   901 I InputDispatcher: Delivering touch to: action: 0x0, toolType: 0
12-13 03:29:49.794   787   901 I InputDispatcher: Delivering touch to: action: 0x1, toolType: 0
12-13 03:29:49.854   787   901 I InputDispatcher: Delivering touch to: action: 0x4, toolType: 0
12-13 03:29:49.854   787   901 I InputDispatcher: Delivering touch to: action: 0x4, toolType: 0
12-13 03:29:49.854   787   901 I InputDispatcher: Delivering touch to: action: 0x0, toolType: 0
12-13 03:29:49.864   787   901 I InputDispatcher: Delivering touch to: action: 0x1, toolType: 0
12-13 03:29:49.914   787   901 I InputDispatcher: Delivering touch to: action: 0x0, toolType: 0
12-13 03:29:49.934   787   901 I InputDispatcher: Delivering touch to: action: 0x1, toolType: 0
12-13 03:29:49.944   992   992 V PanelView: animationTick called with dtms=0; nothing to do (h=0.0 v=-0.0)
12-13 03:29:49.984   787   901 I InputDispatcher: Delivering touch to: action: 0x4, toolType: 0
12-13 03:29:49.984   787   901 I InputDispatcher: Delivering touch to: action: 0x4, toolType: 0
12-13 03:29:49.984   787   901 I InputDispatcher: Delivering touch to: action: 0x0, toolType: 0
12-13 03:29:49.984   787   901 I InputDispatcher: Delivering touch to: action: 0x1, toolType: 0
12-13 03:29:50.044   787   901 I InputDispatcher: Delivering touch to: action: 0x4, toolType: 0
12-13 03:29:50.044   787   901 I InputDispatcher: Delivering touch to: action: 0x4, toolType: 0
12-13 03:29:50.044   787   901 I InputDispatcher: Delivering touch to: action: 0x0, toolType: 0
12-13 03:29:50.044   787   901 I InputDispatcher: Delivering touch to: action: 0x1, toolType: 0
12-13 03:29:50.104   787   901 I InputDispatcher: Delivering touch to: action: 0x4, toolType: 0
12-13 03:29:50.104   787   901 I InputDispatcher: Delivering touch to: action: 0x4, toolType: 0
12-13 03:29:50.104   787   901 I InputDispatcher: Delivering touch to: action: 0x0, toolType: 0
12-13 03:29:50.104   787   901 I InputDispatcher: Delivering touch to: action: 0x1, toolType: 0
12-13 03:29:50.164   787  1254 W ActivityManager: mDVFSHelper.acquire()
12-13 03:29:50.174   384 11213 I framebuffer: /data/system/enterprise.conf doesn't exist or cannot be opened
12-13 03:29:50.184   787   787 D CustomFrequencyManagerService: FrequencyrequestList.getNextMaxCPUCoreRequest, index: 0
12-13 03:29:50.214   787   901 I InputDispatcher: Delivering touch to: action: 0x0, toolType: 0
12-13 03:29:50.224   787   880 D WindowManager: onSwipeFromTop mIsKidsLauncherEnabled = false
12-13 03:29:50.224   787   880 D FactoryTest: User mode
12-13 03:29:50.224   787   901 I InputDispatcher: Delivering touch to: action: 0x1, toolType: 0
12-13 03:29:50.224   787   880 D BarController.StatusBar: Not showing transient bar, bar already visible
12-13 03:29:50.224   787   880 D BarController.NavigationBar: Not showing transient bar, bar doesn't exist
12-13 03:29:50.224   992   992 D STATUSBAR-PhoneStatusBar: makeExpandedVisible
12-13 03:29:50.224   992   992 D STATUSBAR-QuickSettingPanel: setSingleLine:true
12-13 03:29:50.234   787  5986 V Vibrator: Called cancel() API - PUID: 1000, PackageName: android
12-13 03:29:50.234   787  5986 W Vibrator: Vibrator.cancel()
12-13 03:29:50.234   787   986 I EDMNativeHelperService: isScreenCaptureEnabled
12-13 03:29:50.234   787  1253 I AudioService: getStreamVolume 5 index 0
12-13 03:29:50.234   992   992 D STATUSBAR-QuickSettingPanel: updateButtonInfo mButtonWidth : 114 mColumnNumber:7 orien: 2
12-13 03:29:50.234   992   992 D STATUSBAR-PhoneStatusBar: Mini Controller text scroll : ON
12-13 03:29:50.234   787  5986 D VibratorService: JNI vibratorOff()
12-13 03:29:50.234   787  5986 D LightsService: [api] [SvcLED] turnOff:: id = 4 (uid: 10016 pid: 992) 
12-13 03:29:50.234   787  5986 D LightsService: [SvcLED] setSvcLedStateLocked:: SvcLEDState : 0x0 -> 0x0 | SvcLED(id=4) set Off
12-13 03:29:50.234   787   894 D LightsService: [SvcLED] Lux failed to be updated in 700ms. -> handleForcedSvcLEDTasK
12-13 03:29:50.234   787   894 D LightsService: [SvcLED]  setSvcLedLightLocked :: Current SvcLED(id=3) maintains its priority right
12-13 03:29:50.244   992   992 V PanelView: animationTick called with dtms=0; nothing to do (h=107.92484 v=3000.0)
12-13 03:29:50.244   992   992 V PanelView: animationTick called with dtms=-10; nothing to do (h=107.92484 v=3000.0)
12-13 03:29:50.254   787  1254 I SpenGestureManager: setFocusWindow181000
12-13 03:29:50.254   787   880 D STATUSBAR-StatusBarManagerService: manageDisableList what=0x0 pkg=WindowManager.LayoutParams
12-13 03:29:50.264   787   869 D PointerIcon: setMouseIconStyle1 pointerType: 1001iconType:101 flag:0
12-13 03:29:50.274   787   869 D PointerIcon: setMouseCustomIcon IconType is same.101
12-13 03:29:50.284   787   901 I InputDispatcher: Delivering touch to: action: 0x0, toolType: 0
12-13 03:29:50.284   787   901 I InputDispatcher: Delivering touch to: action: 0x1, toolType: 0
12-13 03:29:50.294   992   992 V PanelView: animationTick called with dtms=0; nothing to do (h=107.92484 v=-2000.0)
12-13 03:29:50.294   992   992 V PanelView: animationTick called with dtms=0; nothing to do (h=107.92484 v=-2000.0)
12-13 03:29:50.294   992   992 V PanelView: animationTick called with dtms=-9; nothing to do (h=107.92484 v=-2000.0)
12-13 03:29:50.304   992   992 V RecentsWindow: hide mShowing = false
12-13 03:29:50.344   787   901 I InputDispatcher: Delivering touch to: action: 0x0, toolType: 0
12-13 03:29:50.344   992   992 V PanelView: animationTick called with dtms=0; nothing to do (h=10.978836 v=-2000.0)
12-13 03:29:50.344   992   992 V PanelView: animationTick called with dtms=0; nothing to do (h=10.978836 v=-2000.0)
12-13 03:29:50.354   992   992 V RecentsWindow: hide mShowing = false
12-13 03:29:50.364   787   901 I InputDispatcher: Delivering touch to: action: 0x1, toolType: 0
12-13 03:29:50.364   787  1791 D SSRMv2:TSP:AirViewOnOff: DeviceInfo:: 00000000000
12-13 03:29:50.364   787  1791 D SSRMv2:TSP:AirViewOnOff: SettingsAirViewInfo:: 000000000
12-13 03:29:50.404 11219 11219 I SELinux : Function: selinux_android_load_priority [0], There is no sepolicy file.
12-13 03:29:50.404 11219 11219 I SELinux :  
12-13 03:29:50.404 11219 11219 I SELinux : Function: selinux_android_load_priority [1], There is no sepolicy version file.
12-13 03:29:50.404 11219 11219 I SELinux :  
12-13 03:29:50.404 11219 11219 I SELinux : Function: selinux_android_load_priority , priority version is VE=SEPF_SM-T530NU_4.4.2_0028
12-13 03:29:50.404 11219 11219 I SELinux :  
12-13 03:29:50.404 11219 11219 I SELinux :  
12-13 03:29:50.404 11219 11219 I SELinux : selinux_android_seapp_context_reload: seapp_contexts file is loaded from /seapp_contexts
12-13 03:29:50.414   787   901 I InputDispatcher: Delivering touch to: action: 0x0, toolType: 0
12-13 03:29:50.414   787   901 I InputDispatcher: Delivering touch to: action: 0x1, toolType: 0
12-13 03:29:50.424   992   992 V RecentsWindow: hide mShowing = false
12-13 03:29:50.424   992   992 D STATUSBAR-PhoneStatusBar: makeExpandedInvisible
12-13 03:29:50.424   992   992 D STATUSBAR-PhoneStatusBar: Mini Controller text scroll : OFF
12-13 03:29:50.434   787   986 V Vibrator: Called cancel() API - PUID: 1000, PackageName: android
12-13 03:29:50.434   787   986 W Vibrator: Vibrator.cancel()
12-13 03:29:50.434   992   992 D STATUSBAR-QuickSettingPanel: setSingleLine:true
12-13 03:29:50.434   992   992 D STATUSBAR-QuickSettingPanel: updateButtonInfo mButtonWidth : 114 mColumnNumber:7 orien: 2
12-13 03:29:50.434   787   986 D VibratorService: JNI vibratorOff()
12-13 03:29:50.434   787   986 D LightsService: [api] [SvcLED] turnOff:: id = 4 (uid: 10016 pid: 992) 
12-13 03:29:50.434   787   986 D LightsService: [SvcLED] setSvcLedStateLocked:: SvcLEDState : 0x0 -> 0x0 | SvcLED(id=4) set Off
12-13 03:29:50.434   787   894 D LightsService: [SvcLED] Lux failed to be updated in 700ms. -> handleForcedSvcLEDTasK
12-13 03:29:50.434   787   894 D LightsService: [SvcLED]  setSvcLedLightLocked :: Current SvcLED(id=3) maintains its priority right
12-13 03:29:50.444   787   797 I SpenGestureManager: setFocusWindow21010
12-13 03:29:50.444   787   880 D STATUSBAR-StatusBarManagerService: manageDisableList what=0x0 pkg=WindowManager.LayoutParams
12-13 03:29:50.464   787   869 D PointerIcon: setMouseIconStyle1 pointerType: 1001iconType:101 flag:0
12-13 03:29:50.474   787   869 D PointerIcon: setMouseCustomIcon IconType is same.101
12-13 03:29:50.484   787  5980 W LicenseLogService: log() failed
12-13 03:29:50.484   787  5980 W InputMethodManagerService: Window already focused, ignoring focus gain of: com.android.internal.view.IInputMethodClient$Stub$Proxy@427d1150 attribute=null, token = android.os.BinderProxy@41defa90
12-13 03:29:50.484   787  5982 W ActivityManager: mDVFSHelper.acquire()
12-13 03:29:50.514 11219 11219 I Yosemite:lifecycle: ================================================================
12-13 03:29:50.514 11219 11219 I Yosemite:lifecycle: com.sec.yosemite.tab 14080601.1.55.13 (155130)  CL:1461285
12-13 03:29:50.514 11219 11219 I Yosemite:lifecycle: ================================================================
12-13 03:29:50.534 11219 11219 W ContextImpl: Implicit intents with startService are not safe: Intent { act=com.sec.msc.android.yosemite.service.remotetv.IRemoteTvService } android.content.ContextWrapper.bindService:529 com.sec.msc.android.yosemite.client.helper.RemoteTvServiceHelper.bindService:-1 com.sec.msc.android.yosemite.client.helper.RemoteTvServiceHelper.bindService:-1 
12-13 03:29:50.534 11219 11219 W ContextImpl: Calling a method in the system process without a qualified user: android.app.ContextImpl.bindService:1938 android.content.ContextWrapper.bindService:529 com.sec.msc.android.yosemite.client.helper.RemoteTvServiceHelper.bindService:-1 com.sec.msc.android.yosemite.client.helper.RemoteTvServiceHelper.bindService:-1 com.sec.msc.android.yosemite.YosemiteApplication.onCreate:-1 
12-13 03:29:50.544   787  1178 W ActivityManager: mDVFSHelper.acquire()
12-13 03:29:50.574 11219 11219 I Process : Sending signal. PID: 11219 SIG: 9
12-13 03:29:50.584   787   986 I ActivityManager: Process com.sec.yosemite.tab (pid 11219) (adj 0) has died.
12-13 03:29:50.594   787   901 I InputDispatcher: Delivering touch to: action: 0x4, toolType: 0
12-13 03:29:50.594   787   901 I InputDispatcher: Delivering touch to: action: 0x4, toolType: 0
12-13 03:29:50.594   787   901 I InputDispatcher: Delivering touch to: action: 0x0, toolType: 0
12-13 03:29:50.604   787   901 I InputDispatcher: Delivering touch to: action: 0x1, toolType: 0
12-13 03:29:50.634   787   876 W ActivityManager: mDVFSHelper.release()
12-13 03:29:50.654   787   901 I InputDispatcher: Delivering touch to: action: 0x4, toolType: 0
12-13 03:29:50.654   787   901 I InputDispatcher: Delivering touch to: action: 0x4, toolType: 0
12-13 03:29:50.654   787   901 I InputDispatcher: Delivering touch to: action: 0x0, toolType: 0
12-13 03:29:50.654   787   901 I InputDispatcher: Delivering touch to: action: 0x1, toolType: 0
12-13 03:29:50.704   787  1178 W ActivityManager: mDVFSHelper.acquire()
12-13 03:29:50.724   787   863 D SensorService:   0.1 -0.0 9.8
12-13 03:29:50.764   787   901 I InputDispatcher: Delivering touch to: action: 0x4, toolType: 0
12-13 03:29:50.764   787   901 I InputDispatcher: Delivering touch to: action: 0x4, toolType: 0
12-13 03:29:50.764   787   901 I InputDispatcher: Delivering touch to: action: 0x0, toolType: 0
12-13 03:29:50.764   787   901 I InputDispatcher: Delivering touch to: action: 0x1, toolType: 0
12-13 03:29:50.814   787   901 I InputDispatcher: Delivering touch to: action: 0x4, toolType: 0
12-13 03:29:50.814   787   901 I InputDispatcher: Delivering touch to: action: 0x4, toolType: 0
12-13 03:29:50.814   787   901 I InputDispatcher: Delivering touch to: action: 0x0, toolType: 0
12-13 03:29:50.824   787   901 I InputDispatcher: Delivering touch to: action: 0x1, toolType: 0
12-13 03:29:50.874   787   901 I InputDispatcher: Delivering touch to: action: 0x4, toolType: 0
12-13 03:29:50.874   787   901 I InputDispatcher: Delivering touch to: action: 0x4, toolType: 0
12-13 03:29:50.874   787   901 I InputDispatcher: Delivering touch to: action: 0x0, toolType: 0
12-13 03:29:50.884   787   901 I InputDispatcher: Delivering touch to: action: 0x1, toolType: 0
12-13 03:29:50.944   787   901 I InputDispatcher: Delivering touch to: action: 0x4, toolType: 0
