12-12 22:27:18.717  1559  1559 W ResourceType: No known package when getting name for resource number 0x9b000100
12-12 22:27:18.717  1559  1559 W ResourceType: No known package when getting name for resource number 0x9b000200
12-12 22:27:18.717  1559  1559 W ResourceType: No known package when getting name for resource number 0x9b000300
12-12 22:27:18.717  1559  1559 W ResourceType: No known package when getting name for resource number 0x9b000400
12-12 22:27:18.717  1559  1559 W ResourceType: No known package when getting name for resource number 0x9b000500
12-12 22:27:18.717  1559  1559 W ResourceType: No known package when getting name for resource number 0x9b000600
12-12 22:27:18.717  1559  1559 W ResourceType: No known package when getting name for resource number 0x9c000000
12-12 22:27:18.717  1559  1559 W ResourceType: No known package when getting name for resource number 0x9c000001
12-12 22:27:18.717  1559  1559 W ResourceType: No known package when getting name for resource number 0x9c000103
12-12 22:27:18.717  1559  1559 W ResourceType: No known package when getting name for resource number 0x9c000005
12-12 22:27:18.717  1559  1559 W ResourceType: No known package when getting name for resource number 0x9c000105
12-12 22:27:18.717  1559  1559 W ResourceType: No known package when getting name for resource number 0x9c000205
12-12 22:27:18.717  1559  1559 W ResourceType: No known package when getting name for resource number 0x9c000305
12-12 22:27:18.717  1559  1559 W ResourceType: No known package when getting name for resource number 0x9c000405
12-12 22:27:18.717  1559  1559 W ResourceType: No known package when getting name for resource number 0x9c000505
12-12 22:27:18.747  1559  1559 W ResourceType: No known package when getting name for resource number 0x9b000000
12-12 22:27:18.747  1559  1559 W ResourceType: No known package when getting name for resource number 0x9b000100
12-12 22:27:18.747  1559  1559 W ResourceType: No known package when getting name for resource number 0x9b000200
12-12 22:27:18.747  1559  1559 W ResourceType: No known package when getting name for resource number 0x9b000300
12-12 22:27:18.747  1559  1559 W ResourceType: No known package when getting name for resource number 0x9b000400
12-12 22:27:18.747  1559  1559 W ResourceType: No known package when getting name for resource number 0x9b000500
12-12 22:27:18.747  1559  1559 W ResourceType: No known package when getting name for resource number 0x9b000600
12-12 22:27:18.747  1559  1559 W ResourceType: No known package when getting name for resource number 0x9c000000
12-12 22:27:18.747  1559  1559 W ResourceType: No known package when getting name for resource number 0x9c000001
12-12 22:27:18.747  1559  1559 W ResourceType: No known package when getting name for resource number 0x9c000103
12-12 22:27:18.747  1559  1559 W ResourceType: No known package when getting name for resource number 0x9c000005
12-12 22:27:18.757  1559  1559 W ResourceType: No known package when getting name for resource number 0x9c000105
12-12 22:27:18.757  1559  1559 W ResourceType: No known package when getting name for resource number 0x9c000205
12-12 22:27:18.757  1559  1559 W ResourceType: No known package when getting name for resource number 0x9c000305
12-12 22:27:18.757  1559  1559 W ResourceType: No known package when getting name for resource number 0x9c000405
12-12 22:27:18.757  1559  1559 W ResourceType: No known package when getting name for resource number 0x9c000505
12-12 22:27:18.777  1559  1559 W ResourceType: No known package when getting name for resource number 0x9b000000
12-12 22:27:18.777  1559  1559 W ResourceType: No known package when getting name for resource number 0x9b000100
12-12 22:27:18.777  1559  1559 W ResourceType: No known package when getting name for resource number 0x9b000200
12-12 22:27:18.777  1559  1559 W ResourceType: No known package when getting name for resource number 0x9b000300
12-12 22:27:18.777  1559  1559 W ResourceType: No known package when getting name for resource number 0x9b000400
12-12 22:27:18.777  1559  1559 W ResourceType: No known package when getting name for resource number 0x9b000500
12-12 22:27:18.777  1559  1559 W ResourceType: No known package when getting name for resource number 0x9b000600
12-12 22:27:18.777  1559  1559 W ResourceType: No known package when getting name for resource number 0x9c000000
12-12 22:27:18.777  1559  1559 W ResourceType: No known package when getting name for resource number 0x9c000001
12-12 22:27:18.777  1559  1559 W ResourceType: No known package when getting name for resource number 0x9c000103
12-12 22:27:18.787  1559  1559 W ResourceType: No known package when getting name for resource number 0x9c000005
12-12 22:27:18.787  1559  1559 W ResourceType: No known package when getting name for resource number 0x9c000105
12-12 22:27:18.787  1559  1559 W ResourceType: No known package when getting name for resource number 0x9c000205
12-12 22:27:18.787  1559  1559 W ResourceType: No known package when getting name for resource number 0x9c000305
12-12 22:27:18.787  1559  1559 W ResourceType: No known package when getting name for resource number 0x9c000405
12-12 22:27:18.787  1559  1559 W ResourceType: No known package when getting name for resource number 0x9c000505
12-12 22:27:18.807  1559  1559 W ResourceType: No known package when getting name for resource number 0x9b000000
12-12 22:27:18.807  1559  1559 W ResourceType: No known package when getting name for resource number 0x9b000100
12-12 22:27:18.807  1559  1559 W ResourceType: No known package when getting name for resource number 0x9b000200
12-12 22:27:18.807  1559  1559 W ResourceType: No known package when getting name for resource number 0x9b000300
12-12 22:27:18.807  1559  1559 W ResourceType: No known package when getting name for resource number 0x9b000400
12-12 22:27:18.807  1559  1559 W ResourceType: No known package when getting name for resource number 0x9b000500
12-12 22:27:18.807  1559  1559 W ResourceType: No known package when getting name for resource number 0x9b000600
12-12 22:27:18.807  1559  1559 W ResourceType: No known package when getting name for resource number 0x9c000000
12-12 22:27:18.807  1559  1559 W ResourceType: No known package when getting name for resource number 0x9c000001
12-12 22:27:18.807  1559  1559 W ResourceType: No known package when getting name for resource number 0x9c000103
12-12 22:27:18.807  1559  1559 W ResourceType: No known package when getting name for resource number 0x9c000005
12-12 22:27:18.807  1559  1559 W ResourceType: No known package when getting name for resource number 0x9c000105
12-12 22:27:18.817  1559  1559 W ResourceType: No known package when getting name for resource number 0x9c000205
12-12 22:27:18.817  1559  1559 W ResourceType: No known package when getting name for resource number 0x9c000305
12-12 22:27:18.817  1559  1559 W ResourceType: No known package when getting name for resource number 0x9c000405
12-12 22:27:18.817  1559  1559 W ResourceType: No known package when getting name for resource number 0x9c000505
12-12 22:27:18.837  1559  1559 W ResourceType: No known package when getting name for resource number 0x9b000000
12-12 22:27:18.837  1559  1559 W ResourceType: No known package when getting name for resource number 0x9b000100
12-12 22:27:18.837  1559  1559 W ResourceType: No known package when getting name for resource number 0x9b000200
12-12 22:27:18.837  1559  1559 W ResourceType: No known package when getting name for resource number 0x9b000300
12-12 22:27:18.837  1559  1559 W ResourceType: No known package when getting name for resource number 0x9b000400
12-12 22:27:18.837  1559  1559 W ResourceType: No known package when getting name for resource number 0x9b000500
12-12 22:27:18.837  1559  1559 W ResourceType: No known package when getting name for resource number 0x9b000600
12-12 22:27:18.837  1559  1559 W ResourceType: No known package when getting name for resource number 0x9c000000
12-12 22:27:18.837  1559  1559 W ResourceType: No known package when getting name for resource number 0x9c000001
12-12 22:27:18.847  1559  1559 W ResourceType: No known package when getting name for resource number 0x9c000103
12-12 22:27:18.847  1559  1559 W ResourceType: No known package when getting name for resource number 0x9c000005
12-12 22:27:18.847  1559  1559 W ResourceType: No known package when getting name for resource number 0x9c000105
12-12 22:27:18.847  1559  1559 W ResourceType: No known package when getting name for resource number 0x9c000205
12-12 22:27:18.847  1559  1559 W ResourceType: No known package when getting name for resource number 0x9c000305
12-12 22:27:18.847  1559  1559 W ResourceType: No known package when getting name for resource number 0x9c000405
12-12 22:27:18.847  1559  1559 W ResourceType: No known package when getting name for resource number 0x9c000505
12-12 22:27:18.867  1559  1559 W ResourceType: No known package when getting name for resource number 0x9b000000
12-12 22:27:18.867  1559  1559 W ResourceType: No known package when getting name for resource number 0x9b000100
12-12 22:27:18.867  1559  1559 W ResourceType: No known package when getting name for resource number 0x9b000200
12-12 22:27:18.867  1559  1559 W ResourceType: No known package when getting name for resource number 0x9b000300
12-12 22:27:18.867  1559  1559 W ResourceType: No known package when getting name for resource number 0x9b000400
12-12 22:27:18.867  1559  1559 W ResourceType: No known package when getting name for resource number 0x9b000500
12-12 22:27:18.867  1559  1559 W ResourceType: No known package when getting name for resource number 0x9b000600
12-12 22:27:18.867  1559  1559 W ResourceType: No known package when getting name for resource number 0x9c000000
12-12 22:27:18.867  1559  1559 W ResourceType: No known package when getting name for resource number 0x9c000001
12-12 22:27:18.867  1559  1559 W ResourceType: No known package when getting name for resource number 0x9c000103
12-12 22:27:18.877  1559  1559 W ResourceType: No known package when getting name for resource number 0x9c000005
12-12 22:27:18.877  1559  1559 W ResourceType: No known package when getting name for resource number 0x9c000105
12-12 22:27:18.877  1559  1559 W ResourceType: No known package when getting name for resource number 0x9c000205
12-12 22:27:18.877  1559  1559 W ResourceType: No known package when getting name for resource number 0x9c000305
12-12 22:27:18.877  1559  1559 W ResourceType: No known package when getting name for resource number 0x9c000405
12-12 22:27:18.877  1559  1559 W ResourceType: No known package when getting name for resource number 0x9c000505
12-12 22:27:18.897 11825 11825 I AndroidRuntime: VM exiting with result code 0.
12-12 22:27:19.167   303   381 I Vold    : [LGE][VOLD][NetlinkHandler.cpp][onEvent()] subsys:cpu, action:0
12-12 22:27:19.397   303   381 I Vold    : [LGE][VOLD][NetlinkHandler.cpp][onEvent()] subsys:cpu, action:0
12-12 22:27:19.547 11860 11860 D AndroidRuntime: 
12-12 22:27:19.547 11860 11860 D AndroidRuntime: >>>>>> AndroidRuntime START com.android.internal.os.RuntimeInit <<<<<<
12-12 22:27:19.547 11860 11860 D AndroidRuntime: CheckJNI is OFF
12-12 22:27:19.567 11860 11860 D dalvikvm: Trying to load lib libjavacore.so 0x0
12-12 22:27:19.567 11860 11860 D dalvikvm: Added shared lib libjavacore.so 0x0
12-12 22:27:19.577 11860 11860 D dalvikvm: Trying to load lib libnativehelper.so 0x0
12-12 22:27:19.577 11860 11860 D dalvikvm: Added shared lib libnativehelper.so 0x0
12-12 22:27:19.577 11860 11860 D dalvikvm: No JNI_OnLoad found in libnativehelper.so 0x0, skipping init
12-12 22:27:19.607 11860 11860 D dalvikvm: Note: class Landroid/app/ActivityManagerNative; has 184 unimplemented (abstract) methods
12-12 22:27:19.777 11860 11860 E memtrack: Couldn't load memtrack module (No such file or directory)
12-12 22:27:19.777 11860 11860 E android.os.Debug: failed to load memtrack module: -2
12-12 22:27:19.867 11860 11860 D AndroidRuntime: Calling main entry com.android.commands.uiautomator.Launcher
12-12 22:27:20.147   303   381 I Vold    : [LGE][VOLD][NetlinkHandler.cpp][onEvent()] subsys:cpu, action:0
12-12 22:27:20.487  1559  1559 W ResourceType: No known package when getting name for resource number 0x9b000000
12-12 22:27:20.487  1559  1559 W ResourceType: No known package when getting name for resource number 0x9b000100
12-12 22:27:20.487  1559  1559 W ResourceType: No known package when getting name for resource number 0x9b000200
12-12 22:27:20.487  1559  1559 W ResourceType: No known package when getting name for resource number 0x9b000300
12-12 22:27:20.497  1559  1559 W ResourceType: No known package when getting name for resource number 0x9b000400
12-12 22:27:20.497  1559  1559 W ResourceType: No known package when getting name for resource number 0x9b000500
12-12 22:27:20.497  1559  1559 W ResourceType: No known package when getting name for resource number 0x9b000600
12-12 22:27:20.507  1559  1559 W ResourceType: No known package when getting name for resource number 0x9c000000
12-12 22:27:20.507  1559  1559 W ResourceType: No known package when getting name for resource number 0x9c000001
12-12 22:27:20.517  1559  1559 W ResourceType: No known package when getting name for resource number 0x9c000103
12-12 22:27:20.517  1559  1559 W ResourceType: No known package when getting name for resource number 0x9c000005
12-12 22:27:20.517  1559  1559 W ResourceType: No known package when getting name for resource number 0x9c000105
12-12 22:27:20.517  1559  1559 W ResourceType: No known package when getting name for resource number 0x9c000205
12-12 22:27:20.517  1559  1559 W ResourceType: No known package when getting name for resource number 0x9c000305
12-12 22:27:20.527  1559  1559 W ResourceType: No known package when getting name for resource number 0x9c000405
12-12 22:27:20.527  1559  1559 W ResourceType: No known package when getting name for resource number 0x9c000505
12-12 22:27:20.607  1559  1559 W ResourceType: No known package when getting name for resource number 0x9b000000
12-12 22:27:20.607  1559  1559 W ResourceType: No known package when getting name for resource number 0x9b000100
12-12 22:27:20.607   303   381 I Vold    : [LGE][VOLD][NetlinkHandler.cpp][onEvent()] subsys:cpu, action:0
12-12 22:27:20.617  1559  1559 W ResourceType: No known package when getting name for resource number 0x9b000200
12-12 22:27:20.617  1559  1559 W ResourceType: No known package when getting name for resource number 0x9b000300
12-12 22:27:20.617  1559  1559 W ResourceType: No known package when getting name for resource number 0x9b000400
12-12 22:27:20.617  1559  1559 W ResourceType: No known package when getting name for resource number 0x9b000500
12-12 22:27:20.617  1559  1559 W ResourceType: No known package when getting name for resource number 0x9b000600
12-12 22:27:20.617  1559  1559 W ResourceType: No known package when getting name for resource number 0x9c000000
12-12 22:27:20.617  1559  1559 W ResourceType: No known package when getting name for resource number 0x9c000001
12-12 22:27:20.617  1559  1559 W ResourceType: No known package when getting name for resource number 0x9c000103
12-12 22:27:20.617  1559  1559 W ResourceType: No known package when getting name for resource number 0x9c000005
12-12 22:27:20.617  1559  1559 W ResourceType: No known package when getting name for resource number 0x9c000105
12-12 22:27:20.617  1559  1559 W ResourceType: No known package when getting name for resource number 0x9c000205
12-12 22:27:20.617  1559  1559 W ResourceType: No known package when getting name for resource number 0x9c000305
12-12 22:27:20.617  1559  1559 W ResourceType: No known package when getting name for resource number 0x9c000405
12-12 22:27:20.617  1559  1559 W ResourceType: No known package when getting name for resource number 0x9c000505
12-12 22:27:20.647  1559  1559 W ResourceType: No known package when getting name for resource number 0x9b000000
12-12 22:27:20.647  1559  1559 W ResourceType: No known package when getting name for resource number 0x9b000100
12-12 22:27:20.647  1559  1559 W ResourceType: No known package when getting name for resource number 0x9b000200
12-12 22:27:20.647  1559  1559 W ResourceType: No known package when getting name for resource number 0x9b000300
12-12 22:27:20.647  1559  1559 W ResourceType: No known package when getting name for resource number 0x9b000400
12-12 22:27:20.647  1559  1559 W ResourceType: No known package when getting name for resource number 0x9b000500
12-12 22:27:20.647  1559  1559 W ResourceType: No known package when getting name for resource number 0x9b000600
12-12 22:27:20.647  1559  1559 W ResourceType: No known package when getting name for resource number 0x9c000000
12-12 22:27:20.647  1559  1559 W ResourceType: No known package when getting name for resource number 0x9c000001
12-12 22:27:20.647  1559  1559 W ResourceType: No known package when getting name for resource number 0x9c000103
12-12 22:27:20.647  1559  1559 W ResourceType: No known package when getting name for resource number 0x9c000005
12-12 22:27:20.647  1559  1559 W ResourceType: No known package when getting name for resource number 0x9c000105
12-12 22:27:20.647  1559  1559 W ResourceType: No known package when getting name for resource number 0x9c000205
12-12 22:27:20.647  1559  1559 W ResourceType: No known package when getting name for resource number 0x9c000305
12-12 22:27:20.647  1559  1559 W ResourceType: No known package when getting name for resource number 0x9c000405
12-12 22:27:20.657  1559  1559 W ResourceType: No known package when getting name for resource number 0x9c000505
12-12 22:27:20.687 11860 11860 I AndroidRuntime: VM exiting with result code 0.
12-12 22:27:20.727 11629 11885 D Aatp    : /ping
12-12 22:27:20.857 11629 11886 D Aatp    : /apps-to-uninstall
12-12 22:27:20.887 11629 11886 D Aatp    : sha1: 0e324cdd2bbd76d77e00a51a68d94ecbd58e5226
12-12 22:27:20.887  1519  1534 I com.skyfire.browser.toolbar.ProcessObserverService: On importance changed 11629,15807,100
12-12 22:27:20.897  1519  1536 I com.skyfire.browser.toolbar.ProcessObserverService: On importance changed 11629,15807,130
12-12 22:27:20.907 11629 11886 D Aatp    : /task/0e324cdd2bbd76d77e00a51a68d94ecbd58e5226
12-12 22:27:20.917 11629 11629 D AatpDeviceManager: taskStatus update (0e324cdd2bbd76d77e00a51a68d94ecbd58e5226: {"state":1})
12-12 22:27:20.937   970   970 D NotificationService: updateLightListLocked :r=null, action=2
12-12 22:27:20.997 11629 11629 D AatpDeviceManager: taskStatus update (0e324cdd2bbd76d77e00a51a68d94ecbd58e5226: {"result":[],"state":2})
12-12 22:27:20.997  1519  1534 I com.skyfire.browser.toolbar.ProcessObserverService: On importance changed 11629,15807,100
12-12 22:27:20.997   970   970 D NotificationService: updateLightListLocked :r=NotificationRecord(0x41f9a4e0: pkg=com.amazon.aatp.aatpdevicemanager user=UserHandle{0} id=1096041552 tag=null score=0: Notification(pri=0 contentView=com.amazon.aatp.aatpdevicemanager/0x1090064 vibrate=null sound=null defaults=0x0 flags=0x62 kind=[null])), action=2
12-12 22:27:20.997   970   970 D NotificationService: notification=Notification(pri=0 contentView=com.amazon.aatp.aatpdevicemanager/0x1090064 vibrate=null sound=null defaults=0x0 flags=0x62 kind=[null])
12-12 22:27:21.007  1519  1536 I com.skyfire.browser.toolbar.ProcessObserverService: On importance changed 11629,15807,130
12-12 22:27:21.057 11629 11889 D Aatp    : /task/0e324cdd2bbd76d77e00a51a68d94ecbd58e5226/status
12-12 22:27:21.187 11629 11890 D Aatp    : /ping
12-12 22:27:21.257   303   381 I Vold    : [LGE][VOLD][NetlinkHandler.cpp][onEvent()] subsys:cpu, action:0
12-12 22:27:21.327 11629 11894 D Aatp    : /clean-accounts
12-12 22:27:21.357 11629 11894 D Aatp    : sha1: 9728d294b4075c379c7d32e17d820c97ffda7c7e
12-12 22:27:21.367  1519  1534 I com.skyfire.browser.toolbar.ProcessObserverService: On importance changed 11629,15807,100
12-12 22:27:21.387  1519  1536 I com.skyfire.browser.toolbar.ProcessObserverService: On importance changed 11629,15807,130
12-12 22:27:21.397 11629 11894 D Aatp    : /task/9728d294b4075c379c7d32e17d820c97ffda7c7e
12-12 22:27:21.417   970   970 D NotificationService: updateLightListLocked :r=null, action=2
12-12 22:27:21.417 11629 11629 D AatpDeviceManager: taskStatus update (9728d294b4075c379c7d32e17d820c97ffda7c7e: {"state":1})
12-12 22:27:21.437 11629 11629 D AatpDeviceManager: taskStatus update (9728d294b4075c379c7d32e17d820c97ffda7c7e: {"result":"Cleaned Accounts PASS","state":2})
12-12 22:27:21.437  1519  1534 I com.skyfire.browser.toolbar.ProcessObserverService: On importance changed 11629,15807,100
12-12 22:27:21.437   970   970 D NotificationService: updateLightListLocked :r=NotificationRecord(0x41eb68e8: pkg=com.amazon.aatp.aatpdevicemanager user=UserHandle{0} id=1096041553 tag=null score=0: Notification(pri=0 contentView=com.amazon.aatp.aatpdevicemanager/0x1090064 vibrate=null sound=null defaults=0x0 flags=0x62 kind=[null])), action=2
12-12 22:27:21.437   970   970 D NotificationService: notification=Notification(pri=0 contentView=com.amazon.aatp.aatpdevicemanager/0x1090064 vibrate=null sound=null defaults=0x0 flags=0x62 kind=[null])
12-12 22:27:21.457  1519  1536 I com.skyfire.browser.toolbar.ProcessObserverService: On importance changed 11629,15807,130
12-12 22:27:21.467   303   381 I Vold    : [LGE][VOLD][NetlinkHandler.cpp][onEvent()] subsys:cpu, action:0
12-12 22:27:21.477   303   381 I Vold    : [LGE][VOLD][NetlinkHandler.cpp][onEvent()] subsys:cpu, action:0
12-12 22:27:21.567 11629 11907 D Aatp    : /task/9728d294b4075c379c7d32e17d820c97ffda7c7e/status
12-12 22:27:21.657 11629 11908 D Aatp    : /rm-external-files
12-12 22:27:21.667 11629 11908 D Aatp    : sha1: be056ed8c6ed50b3a043f45f0a7ff8d64d2d55c8
12-12 22:27:21.667  1519  1534 I com.skyfire.browser.toolbar.ProcessObserverService: On importance changed 11629,15807,100
12-12 22:27:21.677  1519  1536 I com.skyfire.browser.toolbar.ProcessObserverService: On importance changed 11629,15807,130
12-12 22:27:21.677 11629 11629 D AatpDeviceManager: taskStatus update (be056ed8c6ed50b3a043f45f0a7ff8d64d2d55c8: {"state":1})
12-12 22:27:21.677   970   970 D NotificationService: updateLightListLocked :r=null, action=2
12-12 22:27:21.687 11629 11908 D Aatp    : /task/be056ed8c6ed50b3a043f45f0a7ff8d64d2d55c8
12-12 22:27:21.707 11629 11909 D AatpDeviceManager: Wiping files from: /sdcard
12-12 22:27:21.757   303   381 I Vold    : [LGE][VOLD][NetlinkHandler.cpp][onEvent()] subsys:cpu, action:0
12-12 22:27:21.787 11629 11909 D AatpDeviceManager: Wiping files from: /mnt/sdcard
12-12 22:27:21.797 11629 11909 D AatpDeviceManager: 0 files left!
12-12 22:27:21.797 11629 11629 D AatpDeviceManager: taskStatus update (be056ed8c6ed50b3a043f45f0a7ff8d64d2d55c8: {"result":[],"state":2})
12-12 22:27:21.797  1519  1534 I com.skyfire.browser.toolbar.ProcessObserverService: On importance changed 11629,15807,100
12-12 22:27:21.797   970   970 D NotificationService: updateLightListLocked :r=NotificationRecord(0x4265bec8: pkg=com.amazon.aatp.aatpdevicemanager user=UserHandle{0} id=1096041554 tag=null score=0: Notification(pri=0 contentView=com.amazon.aatp.aatpdevicemanager/0x1090064 vibrate=null sound=null defaults=0x0 flags=0x62 kind=[null])), action=2
12-12 22:27:21.797   970   970 D NotificationService: notification=Notification(pri=0 contentView=com.amazon.aatp.aatpdevicemanager/0x1090064 vibrate=null sound=null defaults=0x0 flags=0x62 kind=[null])
12-12 22:27:21.807  1519  1536 I com.skyfire.browser.toolbar.ProcessObserverService: On importance changed 11629,15807,130
12-12 22:27:21.807 11629 11914 D Aatp    : /task/be056ed8c6ed50b3a043f45f0a7ff8d64d2d55c8/status
12-12 22:27:22.067   303   381 I Vold    : [LGE][VOLD][NetlinkHandler.cpp][onEvent()] subsys:cpu, action:0
12-12 22:27:22.347   303   381 I Vold    : [LGE][VOLD][NetlinkHandler.cpp][onEvent()] subsys:cpu, action:0
12-12 22:27:22.487 11918 11918 D AndroidRuntime: 
12-12 22:27:22.487 11918 11918 D AndroidRuntime: >>>>>> AndroidRuntime START com.android.internal.os.RuntimeInit <<<<<<
12-12 22:27:22.487 11918 11918 D AndroidRuntime: CheckJNI is OFF
12-12 22:27:22.507 11918 11918 D dalvikvm: Trying to load lib libjavacore.so 0x0
12-12 22:27:22.507 11918 11918 D dalvikvm: Added shared lib libjavacore.so 0x0
12-12 22:27:22.517 11918 11918 D dalvikvm: Trying to load lib libnativehelper.so 0x0
12-12 22:27:22.517 11918 11918 D dalvikvm: Added shared lib libnativehelper.so 0x0
12-12 22:27:22.517 11918 11918 D dalvikvm: No JNI_OnLoad found in libnativehelper.so 0x0, skipping init
12-12 22:27:22.547 11918 11918 D dalvikvm: Note: class Landroid/app/ActivityManagerNative; has 184 unimplemented (abstract) methods
12-12 22:27:22.707 11918 11918 E memtrack: Couldn't load memtrack module (No such file or directory)
12-12 22:27:22.707 11918 11918 E android.os.Debug: failed to load memtrack module: -2
12-12 22:27:22.787 11918 11918 D AndroidRuntime: Calling main entry com.android.commands.pm.Pm
12-12 22:27:22.787 11918 11918 D AndroidRuntime: Shutting down VM
12-12 22:27:22.787   970  1917 W ActivityManager: Invalid packageName: com.google.android.browser
12-12 22:27:22.797 11918 11927 D dalvikvm: GC_CONCURRENT freed 97K, 15% free 592K/692K, paused 1ms+0ms, total 4ms
12-12 22:27:23.007   303   381 I Vold    : [LGE][VOLD][NetlinkHandler.cpp][onEvent()] subsys:cpu, action:0
12-12 22:27:23.297   323   417 I ThermalEngine: Sensor:pa_therm1:24000 mC
12-12 22:27:23.437   303   381 I Vold    : [LGE][VOLD][NetlinkHandler.cpp][onEvent()] subsys:cpu, action:0
12-12 22:27:23.627 11938 11938 D AndroidRuntime: 
12-12 22:27:23.627 11938 11938 D AndroidRuntime: >>>>>> AndroidRuntime START com.android.internal.os.RuntimeInit <<<<<<
12-12 22:27:23.627 11938 11938 D AndroidRuntime: CheckJNI is OFF
12-12 22:27:23.647 11938 11938 D dalvikvm: Trying to load lib libjavacore.so 0x0
12-12 22:27:23.647 11938 11938 D dalvikvm: Added shared lib libjavacore.so 0x0
12-12 22:27:23.647 11938 11938 D dalvikvm: Trying to load lib libnativehelper.so 0x0
12-12 22:27:23.647 11938 11938 D dalvikvm: Added shared lib libnativehelper.so 0x0
12-12 22:27:23.647 11938 11938 D dalvikvm: No JNI_OnLoad found in libnativehelper.so 0x0, skipping init
12-12 22:27:23.687 11938 11938 D dalvikvm: Note: class Landroid/app/ActivityManagerNative; has 184 unimplemented (abstract) methods
12-12 22:27:23.857 11938 11938 E memtrack: Couldn't load memtrack module (No such file or directory)
12-12 22:27:23.857 11938 11938 E android.os.Debug: failed to load memtrack module: -2
12-12 22:27:23.937 11938 11938 D AndroidRuntime: Calling main entry com.android.commands.pm.Pm
12-12 22:27:23.937   970   982 I ActivityManager: Force stopping com.android.chrome appid=10058 user=0: clear data
12-12 22:27:23.947  1226  1238 V SplitWindowPolicyService: requestUpdateStackInfo
12-12 22:27:23.947   970   982 D ActivityManager: resumeTopActivityLocked: Top activity resumed ActivityRecord{4241fe00 u0 com.lge.launcher2/.Launcher t1}
12-12 22:27:23.947  1210  1210 I [SystemUI]QPairHandler: onReceive = android.intent.action.PACKAGE_RESTARTED
12-12 22:27:23.947  1210  1210 I [SystemUI]GlobalAccessView: onReceive = android.intent.action.PACKAGE_RESTARTED
12-12 22:27:23.957  5688  5688 I GeofencerStateMachine: removeGeofences: removeRequest=RemoveGeofencingRequest[REMOVE_ALL packageName=com.android.chrome]
12-12 22:27:23.957   970   970 I ThemeManagerService: action = android.intent.action.PACKAGE_DATA_CLEARED
12-12 22:27:23.967  1559  1559 I [LGHome]EVENT: [LauncherModel.java:1146:onReceive()]onReceive intent=Intent { act=android.intent.action.PACKAGE_DATA_CLEARED dat=package:com.android.chrome flg=0x10 (has extras) }
12-12 22:27:23.967   320   320 D keystore: calling clear_uid in state: 3
12-12 22:27:23.967   970  1021 I ActivityManager: Start proc com.android.calendar for broadcast com.android.calendar/.holiday.HolidayReceiver: pid=11954 uid=10017 gids={50017, 3003, 1028, 1015}
12-12 22:27:23.977  1210  1210 I [SystemUI]GlobalAccessView: onReceive = android.intent.action.PACKAGE_DATA_CLEARED
12-12 22:27:23.987  1519  1534 I com.skyfire.browser.toolbar.ProcessObserverService: On importance changed 11954,10017,400
12-12 22:27:23.987   970  1043 I ActivityManager: Start proc com.android.defcontainer for service com.android.defcontainer/.DefaultContainerService: pid=11966 uid=10007 gids={50007, 1028, 1015, 1023, 2001, 1035}
12-12 22:27:23.997 11954 11954 D HyLog   : I : /data/font/config/sfconfig.dat, No such file or directory (2)
12-12 22:27:23.997 11954 11954 D HyLog   : I : /data/font/config/dfactpre.dat, No such file or directory (2)
12-12 22:27:23.997 11954 11954 D HyLog   : I : /data/font/config/sfconfig.dat, No such file or directory (2)
12-12 22:27:24.007  1519  1536 I com.skyfire.browser.toolbar.ProcessObserverService: On importance changed 11966,10007,400
12-12 22:27:24.007 11966 11966 D HyLog   : I : /data/font/config/sfconfig.dat, No such file or directory (2)
12-12 22:27:24.007 11966 11966 D HyLog   : I : /data/font/config/dfactpre.dat, No such file or directory (2)
12-12 22:27:24.007 11966 11966 D HyLog   : I : /data/font/config/sfconfig.dat, No such file or directory (2)
12-12 22:27:24.037   303   381 I Vold    : [LGE][VOLD][NetlinkHandler.cpp][onEvent()] subsys:cpu, action:0
12-12 22:27:24.047 11954 11954 D CalendarApplication: CalendarApplication.onCreate()
12-12 22:27:24.047   303   381 I Vold    : [LGE][VOLD][NetlinkHandler.cpp][onEvent()] subsys:cpu, action:0
12-12 22:27:24.057 11954 11954 D PreferenceKeysParser: [debug_displayParseInfos] preference keys.size() = 48
12-12 22:27:24.057 11954 11954 D PreferenceKeysParser: [debug_displayParseInfos] preference keys = {lg_preferences_default_cell_height=com.android.calendar.adaptation.PreferenceKey$KeyData@41b59a98, lg_preferrences_country_code=com.android.calendar.adaptation.PreferenceKey$KeyData@41b5a118, lg_preferences_alerts_vibrateWhen=com.android.calendar.adaptation.PreferenceKey$KeyData@41b59458, lg_preferences_debug_gifticon=com.android.calendar.adaptation.PreferenceKey$KeyData@41b5b758, lg_preferences_week_start_day=com.android.calendar.adaptation.PreferenceKey$KeyData@41b588b8, lg_preferences_dont_show_again_no_online_account=com.android.calendar.adaptation.PreferenceKey$KeyData@41b5a6a0, lg_preferences_debug_gifticon_test_server=com.android.calendar.adaptation.PreferenceKey$KeyData@41b5b9a8, lg_preferences_tardis_1=com.android.calendar.adaptation.PreferenceKey$KeyData@41b5b218, lg_preferences_alerts_popup=com.android.calendar.adaptation.PreferenceKey$KeyData@41b59110, lg_preferences_skip_setup=com.android.calendar.adaptation.PreferenceKey$KeyData@41b58d70, lg_preferences_device_tz=com.android.calendar.adaptation.PreferenceKey$KeyData@41b5a428, lg_preferences_exclude_sticker_list=com.android.calendar.adaptation.PreferenceKey$KeyData@41b5aa68, lg_preferences_debug_operator=com.android.calendar.adaptation.PreferenceKey$KeyData@41b5b438, lg_preference_default_myphonebook=com.android.calendar.adaptation.PreferenceKey$KeyData@41b5a7c0, lg_preferences_default_reminder=com.android.calendar.adaptation.PreferenceKey$KeyData@41b59970, lg_preferences_show_controls=com.android.calendar.adaptation.PreferenceKey$KeyData@41b59850, lg_preferences_user_select_noti_sound=com.android.calendar.adaptation.PreferenceKey$KeyData@41b5a8f0, lg_preferences_show_week_num=com.android.calendar.adaptation.PreferenceKey$KeyData@41b58ae8, lg_preferences_alerts_ringtone=com.android.calendar.adaptation.PreferenceKey$KeyData@41b59570, lg_preferences_debug_datesearch=com.android.calendar.adaptation.PreferenceKey$KeyData@41b5bbd0, lg_preferences_alerts=com.android.calendar.adaptation.PreferenceKey$KeyData@41b58fa8, lg_preference_received_provider_reminder_broadcast=com.android.calendar.adaptation.PreferenceKey$KeyData@41b5be50, lg_preferences_home_tz=com.android.calendar.adaptation.PreferenceKey$KeyData@41b5a328, lg_preferences_alerts_type=com.android.calendar.adaptation.PreferenceKey$KeyData@41b59218, lg_preference_defaultCalendar=com.android.calendar.adaptation.PreferenceKey$KeyData@41b59da0, lg_preferences_recent_timezones=com.android.calendar.adaptation.PreferenceKey$KeyData@41b5ab88, lg_preferences_writable_calendars_count=com.android.calendar.adaptation.PreferenceKey$KeyData@41b59ee0, lg_preferences_widget_info_calendars=com.android.calendar.adaptation.PreferenceKey$KeyData@41b5adc0, lg_preferences_debug_gifticon_server=com.android.calendar.adaptation.PreferenceKey$KeyData@41b5b888, lg_preferred_detailedView=com.android.calendar.adaptation.PreferenceKey$KeyData@41b59c90, lg_preferences_debug_floating=com.android.calendar.adaptation.PreferenceKey$KeyData@41b5b548, lg_preferences_select_aux_calendar=com.android.calendar.adaptation.PreferenceKey$KeyData@41b5a008, lg_preferences_weather_info=com.android.calendar.adaptation.PreferenceKey$KeyData@41b5aed0, lg_preferences_alerts_vibratetype=com.android.calendar.adaptation.PreferenceKey$KeyData@41b5aff0, lg_preferences_gifticon_agreement=com.android.calendar.adaptation.PreferenceKey$KeyData@41b5bab0, lg_preferences_hide_declined=com.android.calendar.adaptation.PreferenceKey$KeyData@41b58740, lg_preferences_debug_rtl=com.android.calendar.adaptation.PreferenceKey$KeyData@41b5b648, lg_preferences_app_version=com.android.calendar.adaptation.PreferenceKey$KeyData@41b5ac90, lg_preferred_startView=com.android.calendar.adaptation.PreferenceKey$KeyData@41b59b90, lg_preferences_notification_type=com.android.calendar.adaptation.PreferenceKey$KeyData@41b59338, lg_preferences_display_weather_information=com.android.calendar.adaptation.PreferenceKey$KeyData@41b58eb8, lg_preferences_days_per_week=com.android.calendar.adaptation.PreferenceKey$
12-12 22:27:24.067 11954 11954 D GeneralPreferenceUtils: [migratePrefrenceKeys] Exit: Version(42001300) >= 42001300
12-12 22:27:24.067 11954 11954 D Config  : [init]
12-12 22:27:24.067 11954 11954 I Config  : LGCalendar ver.4.20.13
12-12 22:27:24.067 11954 11954 I Config  : start check model
12-12 22:27:24.067 11954 11954 I Config  : start check native_ca
12-12 22:27:24.067 11954 11954 I Config  : Config Operator=ATT, Country=US
12-12 22:27:24.067 11954 11954 D Config  : [setDefaultValuesToPref]
12-12 22:27:24.067 11954 11954 D Config  : [parseProfiles]
12-12 22:27:24.077 11954 11954 D ProfilesParser: [debug_displayParseInfos] profile.country = US
12-12 22:27:24.077 11954 11954 D ProfilesParser: [debug_displayParseInfos] profile.operator = ATT
12-12 22:27:24.077 11954 11954 D ProfilesParser: [debug_displayParseInfos] profile.keyValue.size() = 1
12-12 22:27:24.077 11954 11954 D ProfilesParser: [debug_displayParseInfos] profile.prefValues = {lg_preferences_hide_declined=com.android.calendar.adaptation.Profile$PrefKeyData@41b847a8}
12-12 22:27:24.077 11954 11954 D Config  : [updateProfiletoCountryInfo]
12-12 22:27:24.077 11954 11954 D GeneralPreference: [checkAndMigrateOldPreference]
12-12 22:27:24.247 11938 11938 D AndroidRuntime: Shutting down VM
12-12 22:27:24.247   970  1917 I ActivityManager: Killing 4717:com.lge.lgworld/u0a35 (adj 15): empty for 10582s
12-12 22:27:24.257 11938 11947 D dalvikvm: GC_CONCURRENT freed 97K, 15% free 593K/692K, paused 0ms+0ms, total 3ms
12-12 22:27:24.257  1519  1534 I com.skyfire.browser.toolbar.ProcessObserverService: On process died 4717,10035
12-12 22:27:24.257  1226  3934 V SplitWindowPolicyService: requestUpdateStackInfo
12-12 22:27:24.257   970  1201 D ActivityManager: resumeTopActivityLocked: Top activity resumed ActivityRecord{4241fe00 u0 com.lge.launcher2/.Launcher t1}
12-12 22:27:24.297   303   381 I Vold    : [LGE][VOLD][NetlinkHandler.cpp][onEvent()] subsys:cpu, action:0
12-12 22:27:24.347   303   381 I Vold    : [LGE][VOLD][NetlinkHandler.cpp][onEvent()] subsys:cpu, action:0
12-12 22:27:24.507 11954 12000 I InitNotificationRingtoneService: Start InitializeAlertRingtoneService.onHandleIntent
12-12 22:27:24.507 11954 12010 W HolidayIntentService: onHandleIntent
12-12 22:27:24.507 11954 12000 I AlertUtils: [setFormatNotificationSound] current noti URI = content://media/internal/audio/media/38
12-12 22:27:24.507 11954 12010 D HolidayDataLoader: readJsonAsset : holiday.json
12-12 22:27:24.507   970   982 I ActivityManager: Start proc com.android.gallery3d for broadcast com.android.gallery3d/.app.PackagesMonitor: pid=11999 uid=10025 gids={50025, 3003, 1028, 1015, 1023, 4002, 4003}
12-12 22:27:24.517  1519  1536 I com.skyfire.browser.toolbar.ProcessObserverService: On importance changed 11999,10025,400
12-12 22:27:24.527 11999 11999 D HyLog   : I : /data/font/config/sfconfig.dat, No such file or directory (2)
12-12 22:27:24.527 11999 11999 D HyLog   : I : /data/font/config/dfactpre.dat, No such file or directory (2)
12-12 22:27:24.527 11999 11999 D HyLog   : I : /data/font/config/sfconfig.dat, No such file or directory (2)
12-12 22:27:24.537 11954 12000 I AlertUtils: [getCalendarNotiSoundURIFromCursor] getCount()= 20
12-12 22:27:24.547 11954 12000 I AlertUtils: [getMediaFilepathFromContentUri] filepath = /system/media/audio/notifications/Arpeggio.ogg
12-12 22:27:24.547 11954 12000 I AlertUtils: [getMediaFilepathFromContentUri] filepath = /system/media/audio/notifications/Country_Blues.ogg
12-12 22:27:24.557 11954 12000 I AlertUtils: [getMediaFilepathFromContentUri] filepath = /system/media/audio/notifications/Crystal.ogg
12-12 22:27:24.557 11954 12000 I AlertUtils: [getMediaFilepathFromContentUri] filepath = /system/media/audio/notifications/Dewdrop.ogg
12-12 22:27:24.567 11954 12000 I AlertUtils: [getMediaFilepathFromContentUri] filepath = /system/media/audio/notifications/Ding_Dong.ogg
12-12 22:27:24.567 11954 12000 I AlertUtils: [getMediaFilepathFromContentUri] filepath = /system/media/audio/notifications/Echo.ogg
12-12 22:27:24.577 11954 12000 I AlertUtils: [getMediaFilepathFromContentUri] filepath = /system/media/audio/notifications/Email.ogg
12-12 22:27:24.577 11954 12000 I AlertUtils: [getMediaFilepathFromContentUri] filepath = /system/media/audio/notifications/Game_Over.ogg
12-12 22:27:24.577 11954 12000 I AlertUtils: [getMediaFilepathFromContentUri] filepath = /system/media/audio/notifications/Gayageum.ogg
12-12 22:27:24.587 11954 12000 I AlertUtils: [getMediaFilepathFromContentUri] filepath = /system/media/audio/notifications/Harmonics.ogg
12-12 22:27:24.587 11954 12000 I AlertUtils: [getMediaFilepathFromContentUri] filepath = /system/media/audio/notifications/Idea.ogg
12-12 22:27:24.597 11954 12000 I AlertUtils: [getMediaFilepathFromContentUri] filepath = /system/media/audio/notifications/News.ogg
12-12 22:27:24.597 11954 12000 I AlertUtils: [getMediaFilepathFromContentUri] filepath = /system/media/audio/notifications/Pebble.ogg
12-12 22:27:24.597 11954 12000 I AlertUtils: [getMediaFilepathFromContentUri] filepath = /system/media/audio/notifications/Schedule.ogg
12-12 22:27:24.607 11954 12000 I AlertUtils: [getCalendarNotiSoundURIFromCursor] filePath = /system/media/audio/notifications/Schedule.ogg, new URI = content://media/internal/audio/media/38
12-12 22:27:24.607 11954 12000 I AlertUtils: set default noti to content://media/internal/audio/media/38
12-12 22:27:24.607   303   381 I Vold    : [LGE][VOLD][NetlinkHandler.cpp][onEvent()] subsys:cpu, action:0
12-12 22:27:24.617 11954 12000 I InitNotificationRingtoneService: End InitializeAlertRingtoneService.onHandleIntent
12-12 22:27:24.617   303   381 I Vold    : [LGE][VOLD][NetlinkHandler.cpp][onEvent()] subsys:cpu, action:0
12-12 22:27:24.677   970  1145 V AlarmManager: ELAPSED_WAKEUP set : Alarm{42996710 type 2 com.google.android.gms} when  10978766
12-12 22:27:24.697 11954 12010 E HolidayIntentService: onHandleIntent:holiday data empty
12-12 22:27:24.697   970   983 I ActivityManager: Killing 9195:com.google.android.apps.maps/u0a92 (adj 15): empty for 10522s
12-12 22:27:24.717  1519  1534 I com.skyfire.browser.toolbar.ProcessObserverService: On process died 9195,10092
12-12 22:27:24.717  1226  1237 V SplitWindowPolicyService: requestUpdateStackInfo
12-12 22:27:24.717   970  6170 D ActivityManager: resumeTopActivityLocked: Top activity resumed ActivityRecord{4241fe00 u0 com.lge.launcher2/.Launcher t1}
12-12 22:27:24.777   970   983 I ActivityManager: Killing 10095:com.google.android.talk/u0a71 (adj 15): empty for 2917s
12-12 22:27:24.787  1519  1536 I com.skyfire.browser.toolbar.ProcessObserverService: On process died 10095,10071
12-12 22:27:24.787  1226  1238 V SplitWindowPolicyService: requestUpdateStackInfo
12-12 22:27:24.787   970  1376 I ActivityManager: Start proc com.android.documentsui for broadcast com.android.documentsui/.PackageReceiver: pid=12030 uid=10060 gids={50060, 1028, 4002}
12-12 22:27:24.787   970  1918 D ActivityManager: resumeTopActivityLocked: Top activity resumed ActivityRecord{4241fe00 u0 com.lge.launcher2/.Launcher t1}
12-12 22:27:24.797  1519  1534 I com.skyfire.browser.toolbar.ProcessObserverService: On importance changed 12030,10060,400
12-12 22:27:24.807 12030 12030 D HyLog   : I : /data/font/config/sfconfig.dat, No such file or directory (2)
12-12 22:27:24.807 12030 12030 D HyLog   : I : /data/font/config/dfactpre.dat, No such file or directory (2)
12-12 22:27:24.807 12030 12030 D HyLog   : I : /data/font/config/sfconfig.dat, No such file or directory (2)
12-12 22:27:24.827 12030 12042 D Documents: Loading roots for com.android.externalstorage.documents
12-12 22:27:24.847   970  1375 I ActivityManager: Start proc com.lge.defaultaccount for broadcast com.lge.defaultaccount/.receiver.ReceiverBootUp: pid=12043 uid=10072 gids={50072}
12-12 22:27:24.857 12043 12043 I dalvikvm: Enabling JNI app bug workarounds for target SDK version 8...
12-12 22:27:24.867   313   313 D dalvikvm: GC_EXPLICIT freed 42K, 76% free 2864K/11632K, paused 2ms+2ms, total 24ms
12-12 22:27:24.887   313   313 D dalvikvm: GC_EXPLICIT freed <1K, 76% free 2864K/11632K, paused 1ms+2ms, total 19ms
12-12 22:27:24.907   313   313 D dalvikvm: GC_EXPLICIT freed <1K, 76% free 2864K/11632K, paused 2ms+1ms, total 20ms
12-12 22:27:24.917  1519  1536 I com.skyfire.browser.toolbar.ProcessObserverService: On importance changed 12043,10072,400
12-12 22:27:24.917   970  1554 I ActivityManager: Start proc com.android.externalstorage for content provider com.android.externalstorage/.ExternalStorageProvider: pid=12055 uid=10008 gids={50008, 1028, 1015, 1023}
12-12 22:27:24.927 12043 12043 D HyLog   : I : /data/font/config/sfconfig.dat, No such file or directory (2)
12-12 22:27:24.927 12043 12043 D HyLog   : I : /data/font/config/dfactpre.dat, No such file or directory (2)
12-12 22:27:24.927 12043 12043 D HyLog   : I : /data/font/config/sfconfig.dat, No such file or directory (2)
12-12 22:27:24.927  1519  1534 I com.skyfire.browser.toolbar.ProcessObserverService: On importance changed 12055,10008,400
12-12 22:27:24.937 12055 12055 D HyLog   : I : /data/font/config/sfconfig.dat, No such file or directory (2)
12-12 22:27:24.937 12055 12055 D HyLog   : I : /data/font/config/dfactpre.dat, No such file or directory (2)
12-12 22:27:24.937 12055 12055 D HyLog   : I : /data/font/config/sfconfig.dat, No such file or directory (2)
12-12 22:27:24.937 12043 12043 E ReceiverBootUp: Package Name is not 'com.android.providers.calendar'
12-12 22:27:24.937 12043 12043 I Process : Sending signal. PID: 12043 SIG: 9
12-12 22:27:24.947  1226  3934 V SplitWindowPolicyService: requestUpdateStackInfo
12-12 22:27:24.947  1519  1536 I com.skyfire.browser.toolbar.ProcessObserverService: On process died 12043,10072
12-12 22:27:24.947   970  1569 I ActivityManager: Process com.lge.defaultaccount (pid 12043) has died.
12-12 22:27:24.947   970  1569 D ActivityManager: resumeTopActivityLocked: Top activity resumed ActivityRecord{4241fe00 u0 com.lge.launcher2/.Launcher t1}
12-12 22:27:24.957 12055 12055 D ExternalStorage: After updating volumes, found 2 active roots
12-12 22:27:24.957 12030 12030 D Documents: Updating roots due to change at content://com.android.externalstorage.documents/root
12-12 22:27:24.967 12030 12042 D Documents: Loading roots for com.android.providers.downloads.documents
12-12 22:27:24.977 12030 12042 D Documents: Loading roots for com.android.providers.media.documents
12-12 22:27:24.987 12030 12042 D Documents: Loading roots for com.google.android.apps.docs.storage
12-12 22:27:24.997   970  1918 I ActivityManager: Start proc com.google.android.apps.docs for content provider com.google.android.apps.docs/.storagebackend.StorageBackendContentProvider: pid=12067 uid=10068 gids={50068, 1028, 1015, 3003}
12-12 22:27:25.007 12025 12025 D AndroidRuntime: 
12-12 22:27:25.007 12025 12025 D AndroidRuntime: >>>>>> AndroidRuntime START com.android.internal.os.RuntimeInit <<<<<<
12-12 22:27:25.007 12025 12025 D AndroidRuntime: CheckJNI is OFF
12-12 22:27:25.017  1519  1534 I com.skyfire.browser.toolbar.ProcessObserverService: On importance changed 12067,10068,400
12-12 22:27:25.017 12067 12067 D HyLog   : I : /data/font/config/sfconfig.dat, No such file or directory (2)
12-12 22:27:25.017 12067 12067 D HyLog   : I : /data/font/config/dfactpre.dat, No such file or directory (2)
12-12 22:27:25.017 12067 12067 D HyLog   : I : /data/font/config/sfconfig.dat, No such file or directory (2)
12-12 22:27:25.027 12025 12025 D dalvikvm: Trying to load lib libjavacore.so 0x0
12-12 22:27:25.027 12025 12025 D dalvikvm: Added shared lib libjavacore.so 0x0
12-12 22:27:25.027 12025 12025 D dalvikvm: Trying to load lib libnativehelper.so 0x0
12-12 22:27:25.027 12025 12025 D dalvikvm: Added shared lib libnativehelper.so 0x0
12-12 22:27:25.027 12025 12025 D dalvikvm: No JNI_OnLoad found in libnativehelper.so 0x0, skipping init
12-12 22:27:25.067 12025 12025 D dalvikvm: Note: class Landroid/app/ActivityManagerNative; has 184 unimplemented (abstract) methods
12-12 22:27:25.137 12067 12067 E dalvikvm: Could not find class 'android.provider.DocumentsContract$Path', referenced from method com.google.android.apps.docs.storagebackend.StorageBackendContentProvider.a
12-12 22:27:25.137 12067 12067 W dalvikvm: VFY: unable to resolve new-instance 936 (Landroid/provider/DocumentsContract$Path;) in Lcom/google/android/apps/docs/storagebackend/StorageBackendContentProvider;
12-12 22:27:25.137 12067 12067 D dalvikvm: VFY: replacing opcode 0x22 at 0x0089
12-12 22:27:25.137 12067 12067 I dalvikvm: Could not find method frh.refresh, referenced from method com.google.android.apps.docs.storagebackend.StorageBackendContentProvider.refresh
12-12 22:27:25.137 12067 12067 W dalvikvm: VFY: unable to resolve virtual method 38100: Lfrh;.refresh (Landroid/net/Uri;Landroid/os/Bundle;Landroid/os/CancellationSignal;)Z
12-12 22:27:25.137 12067 12067 D dalvikvm: VFY: replacing opcode 0x6f at 0x0007
12-12 22:27:25.147 12067 12067 D dalvikvm: DexOpt: unable to opt direct call 0x1053 at 0x8b in Lcom/google/android/apps/docs/storagebackend/StorageBackendContentProvider;.a
12-12 22:27:25.167 12067 12067 I dalvikvm: Could not find method android.content.Context.getDrawable, referenced from method in.a
12-12 22:27:25.167 12067 12067 W dalvikvm: VFY: unable to resolve virtual method 2767: Landroid/content/Context;.getDrawable (I)Landroid/graphics/drawable/Drawable;
12-12 22:27:25.167 12067 12067 D dalvikvm: VFY: replacing opcode 0x6e at 0x0006
12-12 22:27:25.167 12067 12067 I dalvikvm: Could not find method android.content.Context.isDeviceProtectedStorage, referenced from method in.a
12-12 22:27:25.167 12067 12067 W dalvikvm: VFY: unable to resolve virtual method 2783: Landroid/content/Context;.isDeviceProtectedStorage ()Z
12-12 22:27:25.167 12067 12067 D dalvikvm: VFY: replacing opcode 0x6e at 0x0006
12-12 22:27:25.167 12067 12067 I dalvikvm: Could not find method android.content.Context.getColorStateList, referenced from method in.b
12-12 22:27:25.167 12067 12067 W dalvikvm: VFY: unable to resolve virtual method 2762: Landroid/content/Context;.getColorStateList (I)Landroid/content/res/ColorStateList;
12-12 22:27:25.167 12067 12067 D dalvikvm: VFY: replacing opcode 0x6e at 0x0006
12-12 22:27:25.167 12067 12067 I dalvikvm: Could not find method android.content.Context.getColor, referenced from method in.c
12-12 22:27:25.167 12067 12067 W dalvikvm: VFY: unable to resolve virtual method 2761: Landroid/content/Context;.getColor (I)I
12-12 22:27:25.167 12067 12067 D dalvikvm: VFY: replacing opcode 0x6e at 0x0006
12-12 22:27:25.217   303   381 I Vold    : [LGE][VOLD][NetlinkHandler.cpp][onEvent()] subsys:cpu, action:0
12-12 22:27:25.237 12025 12025 E memtrack: Couldn't load memtrack module (No such file or directory)
12-12 22:27:25.237 12025 12025 E android.os.Debug: failed to load memtrack module: -2
12-12 22:27:25.267   303   381 I Vold    : [LGE][VOLD][NetlinkHandler.cpp][onEvent()] subsys:cpu, action:0
12-12 22:27:25.287 12067 12067 W dalvikvm: Unable to resolve superclass of Lcom/google/android/apps/docs/notification/guns/GcmJobService; (592)
12-12 22:27:25.287 12067 12067 W dalvikvm: Link of class 'Lcom/google/android/apps/docs/notification/guns/GcmJobService;' failed
12-12 22:27:25.287 12067 12067 W dalvikvm: VFY: unable to find class referenced in signature (Lcom/google/android/apps/docs/notification/guns/GcmJobService;)
12-12 22:27:25.287 12067 12067 W dalvikvm: Unable to resolve superclass of Lcom/google/android/apps/docs/notification/guns/GcmJobService; (592)
12-12 22:27:25.287 12067 12067 W dalvikvm: Link of class 'Lcom/google/android/apps/docs/notification/guns/GcmJobService;' failed
12-12 22:27:25.287 12067 12067 W dalvikvm: VFY: unable to resolve instance field 11971
12-12 22:27:25.287 12067 12067 D dalvikvm: VFY: replacing opcode 0x5b at 0x0008
12-12 22:27:25.287 12067 12067 I dalvikvm: Could not find method java.util.Locale.toLanguageTag, referenced from method drz.a
12-12 22:27:25.287 12067 12067 W dalvikvm: VFY: unable to resolve virtual method 49887: Ljava/util/Locale;.toLanguageTag ()Ljava/lang/String;
