12-12 22:27:40.587  1200  1200 D wpa_supplicant: nl80211: Register frame type=0xd0 nl_handle=0xb76330d8
12-12 22:27:40.587  1200  1200 D wpa_supplicant: nl80211: Register frame match - hexdump(len=1): 06
12-12 22:27:40.587  1200  1200 D wpa_supplicant: nl80211: Register frame type=0xd0 nl_handle=0xb76330d8
12-12 22:27:40.587  1200  1200 D wpa_supplicant: nl80211: Register frame match - hexdump(len=2): 0a 07
12-12 22:27:40.587  1200  1200 D wpa_supplicant: nl80211: Register frame type=0xd0 nl_handle=0xb76330d8
12-12 22:27:40.587  1200  1200 D wpa_supplicant: nl80211: Register frame match - hexdump(len=2): 0a 11
12-12 22:27:40.587  1200  1200 D wpa_supplicant: nl80211: Connect (ifindex=23)
12-12 22:27:40.587  1200  1200 D wpa_supplicant:   * bssid=74:da:38:2b:43:fd
12-12 22:27:40.587  1200  1200 D wpa_supplicant:   * freq=2437
12-12 22:27:40.587  1200  1200 D wpa_supplicant:   * SSID - hexdump(len=10): 39 39 30 32 34 33 36 35 39 32
12-12 22:27:40.587  1200  1200 D wpa_supplicant:   * IEs - hexdump(len=22): 30 14 01 00 00 0f ac 02 01 00 00 0f ac 04 01 00 00 0f ac 02 00 00
12-12 22:27:40.587  1200  1200 D wpa_supplicant:   * Auth Type 0
12-12 22:27:40.587  1200  1200 D wpa_supplicant:   * WPA Versions 0x2
12-12 22:27:40.587  1200  1200 D wpa_supplicant: nl80211: Connect request send successfully
12-12 22:27:40.587  1200  1200 D wpa_supplicant: wlan0: Setting authentication timeout: 10 sec 0 usec
12-12 22:27:40.587  1200  1200 D wpa_supplicant: EAPOL: External notification - EAP success=0
12-12 22:27:40.587  1200  1200 D wpa_supplicant: EAPOL: Supplicant port status: Unauthorized
12-12 22:27:40.587  1200  1200 D wpa_supplicant: nl80211: Set supplicant port unauthorized for 00:00:00:00:00:00
12-12 22:27:40.587  1200  1200 D wpa_supplicant: EAPOL: External notification - EAP fail=0
12-12 22:27:40.587  1200  1200 D wpa_supplicant: EAPOL: Supplicant port status: Unauthorized
12-12 22:27:40.587  1200  1200 D wpa_supplicant: nl80211: Set supplicant port unauthorized for 00:00:00:00:00:00
12-12 22:27:40.587  1200  1200 D wpa_supplicant: EAPOL: External notification - portControl=Auto
12-12 22:27:40.587  1200  1200 D wpa_supplicant: EAPOL: Supplicant port status: Unauthorized
12-12 22:27:40.587  1200  1200 D wpa_supplicant: nl80211: Set supplicant port unauthorized for 00:00:00:00:00:00
12-12 22:27:40.587   970  1569 D WifiService: enableNetwork pid=11629, uid=15807, packageName=com.amazon.aatp.aatpdevicemanager, disableOthers=true
12-12 22:27:40.597   970  1203 D WifiMonitor: Event [IFNAME=wlan0 CTRL-EVENT-STATE-CHANGE id=1 state=5 BSSID=00:00:00:00:00:00 SSID=9902436592]
12-12 22:27:40.597   970  1179 D WifiNative-wlan0:    returned true
12-12 22:27:40.597   970  1179 D WifiStateMachine: handleMessage: X
12-12 22:27:40.597   970  1179 D WifiStateMachine: handleMessage: E msg.what=147462
12-12 22:27:40.597   970  1179 D WifiStateMachine: processMsg: DisconnectedState
12-12 22:27:40.597   970  1179 D WifiStateMachine: setDetailed state, old =DISCONNECTED and new state=CONNECTING
12-12 22:27:40.597   970  1179 D WifiStateMachine: processMsg: ConnectModeState
12-12 22:27:40.597   970  1179 D WifiStateMachine: handleMessage: X
12-12 22:27:40.597   970  1179 D WifiStateMachine: handleMessage: E msg.what=131146
12-12 22:27:40.597   970  1179 D WifiStateMachine: processMsg: DisconnectedState
12-12 22:27:40.597   970  1179 D WifiStateMachine: processMsg: ConnectModeState
12-12 22:27:40.597   970  1179 D WifiNative-wlan0: doBoolean: RECONNECT
12-12 22:27:40.597   970  1202 D WifiService: reconnect pid=11629, uid=15807, packageName=com.amazon.aatp.aatpdevicemanager
12-12 22:27:40.607  1200  1200 D wpa_supplicant: wlan0: Control interface command 'RECONNECT'
12-12 22:27:40.607   970  1179 D WifiNative-wlan0:    returned true
12-12 22:27:40.607   970  1179 D WifiStateMachine: handleMessage: X
12-12 22:27:40.617   970   970 D WifiServiceExtension: SUPPLICANT_STATE_CHANGED_ACTION
12-12 22:27:40.617   970   970 D WifiServiceExtension: setSupplicantStateASSOCIATING
12-12 22:27:40.677  1200  1200 D wpa_supplicant: RTM_NEWLINK: operstate=0 ifi_flags=0x1003 ([UP])
12-12 22:27:40.677  1200  1200 D wpa_supplicant: RTM_NEWLINK, IFLA_IFNAME: Interface 'wlan0' added
12-12 22:27:40.677  1200  1200 D wpa_supplicant: nl80211: if_removed already cleared - ignore event
12-12 22:27:40.677  1200  1200 D wpa_supplicant: RTM_NEWLINK: operstate=0 ifi_flags=0x1003 ([UP])
12-12 22:27:40.677  1200  1200 D wpa_supplicant: RTM_NEWLINK, IFLA_IFNAME: Interface 'wlan0' added
12-12 22:27:40.677  1200  1200 D wpa_supplicant: nl80211: if_removed already cleared - ignore event
12-12 22:27:40.677  1200  1200 D wpa_supplicant: RTM_NEWLINK: operstate=0 ifi_flags=0x11003 ([UP][LOWER_UP])
12-12 22:27:40.677  1200  1200 D wpa_supplicant: RTM_NEWLINK, IFLA_IFNAME: Interface 'wlan0' added
12-12 22:27:40.677  1200  1200 D wpa_supplicant: nl80211: if_removed already cleared - ignore event
12-12 22:27:40.677  1200  1200 D wpa_supplicant: nl80211: Event message available
12-12 22:27:40.677  1200  1200 D wpa_supplicant: nl80211: Drv Event 46 (NL80211_CMD_CONNECT) received for wlan0
12-12 22:27:40.677  1200  1200 D wpa_supplicant: nl80211: Connect event
12-12 22:27:40.677  1200  1200 D wpa_supplicant: nl80211: Associated on 2437 MHz
12-12 22:27:40.677  1200  1200 D wpa_supplicant: nl80211: Associated with 74:da:38:2b:43:fd
12-12 22:27:40.677  1200  1200 D wpa_supplicant: nl80211: Operating frequency for the associated BSS from scan results: 2437 MHz
12-12 22:27:40.677  1200  1200 D wpa_supplicant: wlan0: Event ASSOC (0) received
12-12 22:27:40.677  1200  1200 D wpa_supplicant: wlan0: Association info event
12-12 22:27:40.677  1200  1200 D wpa_supplicant: req_ies - hexdump(len=22): 30 14 01 00 00 0f ac 02 01 00 00 0f ac 04 01 00 00 0f ac 02 0c 00
12-12 22:27:40.677  1200  1200 D wpa_supplicant: resp_ies - hexdump(len=22): 30 14 01 00 00 0f ac 02 01 00 00 0f ac 04 01 00 00 0f ac 02 0c 00
12-12 22:27:40.677  1200  1200 D wpa_supplicant: WPA: RSN IE in EAPOL-Key - hexdump(len=22): 30 14 01 00 00 0f ac 02 01 00 00 0f ac 04 01 00 00 0f ac 02 0c 00
12-12 22:27:40.677  1200  1200 D wpa_supplicant: wlan0: freq=2437 MHz
12-12 22:27:40.677  1200  1200 D wpa_supplicant: WPA: set own WPA/RSN IE - hexdump(len=22): 30 14 01 00 00 0f ac 02 01 00 00 0f ac 04 01 00 00 0f ac 02 0c 00
12-12 22:27:40.677  1200  1200 D wpa_supplicant: wlan0: State: ASSOCIATING -> ASSOCIATED
12-12 22:27:40.677  1200  1200 D wpa_supplicant: wpa_driver_nl80211_set_operstate: operstate 0->0 (DORMANT)
12-12 22:27:40.677  1200  1200 D wpa_supplicant: netlink: Operstate: linkmode=-1, operstate=5
12-12 22:27:40.677  1200  1200 D wpa_supplicant: wlan0: Associated to a new BSS: BSSID=74:da:38:2b:43:fd
12-12 22:27:40.677  1200  1200 D wpa_supplicant: wlan0: No keys have been configured - skip key clearing
12-12 22:27:40.677  1200  1200 D wpa_supplicant: WPA: set AP WPA IE - hexdump(len=24): dd 16 00 50 f2 01 01 00 00 50 f2 02 01 00 00 50 f2 02 01 00 00 50 f2 02
12-12 22:27:40.677  1200  1200 D wpa_supplicant: WPA: set AP RSN IE - hexdump(len=22): 30 14 01 00 00 0f ac 02 01 00 00 0f ac 04 01 00 00 0f ac 02 0c 00
12-12 22:27:40.677  1200  1200 I wpa_supplicant: wlan0: Associated with 74:da:38:2b:43:fd
12-12 22:27:40.677  1200  1200 D wpa_supplicant: wlan0: Selected network is configured to use SIM (sim=1 aka=1) - initialize PCSC
12-12 22:27:40.677  1200  1200 E wpa_supplicant: USIM:  scard_init function
12-12 22:27:40.677   970  1203 D WifiMonitor: Event [IFNAME=wlan0 CTRL-EVENT-STATE-CHANGE id=1 state=6 BSSID=00:00:00:00:00:00 SSID=9902436592]
12-12 22:27:40.677  1200  1200 D wpa_supplicant: wlan0: WPA: Association event - clear replay counter
12-12 22:27:40.677  1200  1200 D wpa_supplicant: wlan0: WPA: Clear old PTK
12-12 22:27:40.677  1200  1200 D wpa_supplicant: TDLS: Remove peers on association
12-12 22:27:40.677  1200  1200 D wpa_supplicant: EAPOL: External notification - portEnabled=0
12-12 22:27:40.677  1200  1200 D wpa_supplicant: EAPOL: Supplicant port status: Unauthorized
12-12 22:27:40.677  1200  1200 D wpa_supplicant: nl80211: Set supplicant port unauthorized for 74:da:38:2b:43:fd
12-12 22:27:40.677  1200  1200 D wpa_supplicant: EAPOL: External notification - portValid=0
12-12 22:27:40.677  1200  1200 D wpa_supplicant: EAPOL: Supplicant port status: Unauthorized
12-12 22:27:40.677  1200  1200 D wpa_supplicant: nl80211: Set supplicant port unauthorized for 74:da:38:2b:43:fd
12-12 22:27:40.677  1200  1200 D wpa_supplicant: EAPOL: External notification - EAP success=0
12-12 22:27:40.677  1200  1200 D wpa_supplicant: EAPOL: Supplicant port status: Unauthorized
12-12 22:27:40.677  1200  1200 D wpa_supplicant: nl80211: Set supplicant port unauthorized for 74:da:38:2b:43:fd
12-12 22:27:40.677  1200  1200 D wpa_supplicant: EAPOL: External notification - portEnabled=1
12-12 22:27:40.677  1200  1200 D wpa_supplicant: EAPOL: SUPP_PAE entering state CONNECTING
12-12 22:27:40.677  1200  1200 D wpa_supplicant: EAPOL: enable timer tick
12-12 22:27:40.677  1200  1200 D wpa_supplicant: EAPOL: SUPP_BE entering state IDLE
12-12 22:27:40.677  1200  1200 D wpa_supplicant: wlan0: Setting authentication timeout: 10 sec 0 usec
12-12 22:27:40.677  1200  1200 D wpa_supplicant: wlan0: Cancelling scan request
12-12 22:27:40.677  1200  1200 D wpa_supplicant: wlan0: P2P: Station mode scan operation not pending anymore (sta_scan_pending=0 p2p_cb_on_scan_complete=0)
12-12 22:27:40.677  1200  1200 D wpa_supplicant: wlan0: RX EAPOL from 74:da:38:2b:43:fd
12-12 22:27:40.677  1200  1200 D wpa_supplicant: RX EAPOL - hexdump(len=99): 02 03 00 5f 02 00 8a 00 10 00 00 00 00 00 00 00 01 0c 0b 79 ca dc 89 33 f4 6e 7e ad d4 5b c6 ab ...
12-12 22:27:40.677  1200  1200 D wpa_supplicant: wlan0: Setting authentication timeout: 10 sec 0 usec
12-12 22:27:40.677  1200  1200 D wpa_supplicant: wlan0: IEEE 802.1X RX: version=2 type=3 length=95
12-12 22:27:40.677  1200  1200 D wpa_supplicant: wlan0:   EAPOL-Key type=2
12-12 22:27:40.677  1200  1200 D wpa_supplicant: wlan0:   key_info 0x8a (ver=2 keyidx=0 rsvd=0 Pairwise Ack)
12-12 22:27:40.677  1200  1200 D wpa_supplicant: wlan0:   key_length=16 key_data_length=0
12-12 22:27:40.677  1200  1200 D wpa_supplicant:   replay_counter - hexdump(len=8): 00 00 00 00 00 00 00 01
12-12 22:27:40.677  1200  1200 D wpa_supplicant:   key_nonce - hexdump(len=32): 0c 0b 79 ca dc 89 33 f4 6e 7e ad d4 5b c6 ab 69 c9 9d 59 2f 60 fb 30 f6 a1 3f 2c be 93 44 68 8d
12-12 22:27:40.677  1200  1200 D wpa_supplicant:   key_iv - hexdump(len=16): 00 00 00 00 00 00 00 00 00 00 00 00 00 00 00 00
12-12 22:27:40.677  1200  1200 D wpa_supplicant:   key_rsc - hexdump(len=8): 00 00 00 00 00 00 00 00
12-12 22:27:40.677  1200  1200 D wpa_supplicant:   key_id (reserved) - hexdump(len=8): 00 00 00 00 00 00 00 00
12-12 22:27:40.677  1200  1200 D wpa_supplicant:   key_mic - hexdump(len=16): 00 00 00 00 00 00 00 00 00 00 00 00 00 00 00 00
12-12 22:27:40.677  1200  1200 D wpa_supplicant: WPA: RX EAPOL-Key - hexdump(len=99): 02 03 00 5f 02 00 8a 00 10 00 00 00 00 00 00 00 01 0c 0b 79 ca dc 89 33 f4 6e 7e ad d4 5b c6 ab ...
12-12 22:27:40.677  1200  1200 D wpa_supplicant: wlan0: State: ASSOCIATED -> 4WAY_HANDSHAKE
12-12 22:27:40.677  1200  1200 D wpa_supplicant: wlan0: WPA: RX message 1 of 4-Way Handshake from 74:da:38:2b:43:fd (ver=2)
12-12 22:27:40.677  1200  1200 D wpa_supplicant: RSN: msg 1/4 key data - hexdump(len=0):
12-12 22:27:40.677  1200  1200 D wpa_supplicant: Get randomness: len=32 entropy=41
12-12 22:27:40.687   970  1032 D Tethering: interfaceLinkStateChanged wlan0, false
12-12 22:27:40.687  1200  1200 D wpa_supplicant: WPA: Renewed SNonce - hexdump(len=32): 1a a2 9f 4d 4a 1e 55 98 a7 06 ec 52 89 db 41 d4 24 a8 7a 14 eb 81 f0 f8 f4 60 6f 41 91 cc 58 5d
12-12 22:27:40.687   970  1032 D Tethering: interfaceStatusChanged wlan0, false
12-12 22:27:40.687   970  1032 D Tethering: interfaceLinkStateChanged wlan0, false
12-12 22:27:40.687  1200  1200 D wpa_supplicant: WPA: PTK derivation - A1=58:3f:54:df:3c:c0 A2=74:da:38:2b:43:fd
12-12 22:27:40.687  1200  1200 D wpa_supplicant: WPA: Nonce1 - hexdump(len=32): 1a a2 9f 4d 4a 1e 55 98 a7 06 ec 52 89 db 41 d4 24 a8 7a 14 eb 81 f0 f8 f4 60 6f 41 91 cc 58 5d
12-12 22:27:40.687  1200  1200 D wpa_supplicant: WPA: Nonce2 - hexdump(len=32): 0c 0b 79 ca dc 89 33 f4 6e 7e ad d4 5b c6 ab 69 c9 9d 59 2f 60 fb 30 f6 a1 3f 2c be 93 44 68 8d
12-12 22:27:40.687  1200  1200 D wpa_supplicant: WPA: PMK - hexdump(len=32): [REMOVED]
12-12 22:27:40.687  1200  1200 D wpa_supplicant: WPA: PTK - hexdump(len=48): [REMOVED]
12-12 22:27:40.687  1200  1200 D wpa_supplicant: WPA: WPA IE for msg 2/4 - hexdump(len=22): 30 14 01 00 00 0f ac 02 01 00 00 0f ac 04 01 00 00 0f ac 02 0c 00
12-12 22:27:40.687  1200  1200 D wpa_supplicant: WPA: Replay Counter - hexdump(len=8): 00 00 00 00 00 00 00 01
12-12 22:27:40.687  1200  1200 D wpa_supplicant: wlan0: WPA: Sending EAPOL-Key 2/4
12-12 22:27:40.687  1200  1200 D wpa_supplicant: WPA: KCK - hexdump(len=16): [REMOVED]
12-12 22:27:40.687  1200  1200 D wpa_supplicant: WPA: Derived Key MIC - hexdump(len=16): 95 c7 1a aa 7f 60 cd c5 02 7c 56 81 58 37 3e 07
12-12 22:27:40.687  1200  1200 D wpa_supplicant: WPA: TX EAPOL-Key - hexdump(len=121): 01 03 00 75 02 01 0a 00 00 00 00 00 00 00 00 00 01 1a a2 9f 4d 4a 1e 55 98 a7 06 ec 52 89 db 41 ...
12-12 22:27:40.687   970  1032 D Tethering: interfaceStatusChanged wlan0, false
12-12 22:27:40.687  1200  1200 D wpa_supplicant: RTM_NEWLINK: operstate=0 ifi_flags=0x11003 ([UP][LOWER_UP])
12-12 22:27:40.687  1200  1200 D wpa_supplicant: RTM_NEWLINK, IFLA_IFNAME: Interface 'wlan0' added
12-12 22:27:40.687  1200  1200 D wpa_supplicant: nl80211: if_removed already cleared - ignore event
12-12 22:27:40.687  1200  1200 D wpa_supplicant: RTM_NEWLINK: operstate=0 ifi_flags=0x11003 ([UP][LOWER_UP])
12-12 22:27:40.687  1200  1200 D wpa_supplicant: RTM_NEWLINK, IFLA_IFNAME: Interface 'wlan0' added
12-12 22:27:40.687  1200  1200 D wpa_supplicant: nl80211: if_removed already cleared - ignore event
12-12 22:27:40.687  1200  1200 D wpa_supplicant: RTM_NEWLINK: operstate=0 ifi_flags=0x11003 ([UP][LOWER_UP])
12-12 22:27:40.687  1200  1200 D wpa_supplicant: RTM_NEWLINK, IFLA_IFNAME: Interface 'wlan0' added
12-12 22:27:40.687  1200  1200 D wpa_supplicant: nl80211: if_removed already cleared - ignore event
12-12 22:27:40.687   970  1032 D Tethering: interfaceLinkStateChanged wlan0, true
12-12 22:27:40.687   970  1032 D Tethering: interfaceStatusChanged wlan0, true
12-12 22:27:40.687   970  1179 D WifiStateMachine: handleMessage: E msg.what=147462
12-12 22:27:40.687   970  1179 D WifiStateMachine: processMsg: DisconnectedState
12-12 22:27:40.687   970  1179 D WifiStateMachine: setDetailed state, old =CONNECTING and new state=CONNECTING
12-12 22:27:40.687   970  1179 D WifiStateMachine: processMsg: ConnectModeState
12-12 22:27:40.687   970  1179 D WifiStateMachine: handleMessage: X
12-12 22:27:40.687   970   970 D WifiServiceExtension: SUPPLICANT_STATE_CHANGED_ACTION
12-12 22:27:40.687   970   970 D WifiServiceExtension: setSupplicantStateASSOCIATED
12-12 22:27:40.687   970  1203 D WifiMonitor: Event [IFNAME=wlan0 Associated with 74:da:38:2b:43:fd]
12-12 22:27:40.687   970  1203 W WifiMonitor: couldn't identify event type - Associated with 74:da:38:2b:43:fd
12-12 22:27:40.687   970  1203 D WifiMonitor: Event [IFNAME=wlan0 CTRL-EVENT-STATE-CHANGE id=1 state=7 BSSID=74:da:38:2b:43:fd SSID=9902436592]
12-12 22:27:40.697   970  1179 D WifiStateMachine: handleMessage: E msg.what=147462
12-12 22:27:40.697   970  1032 D Tethering: interfaceLinkStateChanged wlan0, true
12-12 22:27:40.697   970  1032 D Tethering: interfaceStatusChanged wlan0, true
12-12 22:27:40.697   970  1034 D Tethering: [EntitlementCheck] Tethering End   reset Alarm 
12-12 22:27:40.697   970  1179 D WifiStateMachine: processMsg: DisconnectedState
12-12 22:27:40.697   970  1179 D WifiStateMachine: setDetailed state, old =CONNECTING and new state=AUTHENTICATING
12-12 22:27:40.697   970  1179 D WifiStateMachine: processMsg: ConnectModeState
12-12 22:27:40.697   970  1179 D WifiStateMachine: handleMessage: X
12-12 22:27:40.697   970  1032 D Tethering: interfaceLinkStateChanged wlan0, true
12-12 22:27:40.697  1200  1200 D wpa_supplicant: wlan0: RX EAPOL from 74:da:38:2b:43:fd
12-12 22:27:40.697  1200  1200 D wpa_supplicant: RX EAPOL - hexdump(len=195): 02 03 00 bf 02 13 ca 00 10 00 00 00 00 00 00 00 02 0c 0b 79 ca dc 89 33 f4 6e 7e ad d4 5b c6 ab ...
12-12 22:27:40.697  1200  1200 D wpa_supplicant: wlan0: IEEE 802.1X RX: version=2 type=3 length=191
12-12 22:27:40.697  1200  1200 D wpa_supplicant: wlan0:   EAPOL-Key type=2
12-12 22:27:40.697  1200  1200 D wpa_supplicant: wlan0:   key_info 0x13ca (ver=2 keyidx=0 rsvd=0 Pairwise Install Ack MIC Secure Encr)
12-12 22:27:40.697  1200  1200 D wpa_supplicant: wlan0:   key_length=16 key_data_length=96
12-12 22:27:40.697  1200  1200 D wpa_supplicant:   replay_counter - hexdump(len=8): 00 00 00 00 00 00 00 02
12-12 22:27:40.697  1200  1200 D wpa_supplicant:   key_nonce - hexdump(len=32): 0c 0b 79 ca dc 89 33 f4 6e 7e ad d4 5b c6 ab 69 c9 9d 59 2f 60 fb 30 f6 a1 3f 2c be 93 44 68 8d
12-12 22:27:40.697  1200  1200 D wpa_supplicant:   key_iv - hexdump(len=16): 00 00 00 00 00 00 00 00 00 00 00 00 00 00 00 00
12-12 22:27:40.697  1200  1200 D wpa_supplicant:   key_rsc - hexdump(len=8): 00 00 00 00 00 00 00 00
12-12 22:27:40.697  1200  1200 D wpa_supplicant:   key_id (reserved) - hexdump(len=8): 00 00 00 00 00 00 00 00
12-12 22:27:40.697  1200  1200 D wpa_supplicant:   key_mic - hexdump(len=16): 7e 53 76 09 ff dc e4 a2 38 29 23 a8 a4 cc e7 89
12-12 22:27:40.697  1200  1200 D wpa_supplicant: WPA: RX EAPOL-Key - hexdump(len=195): 02 03 00 bf 02 13 ca 00 10 00 00 00 00 00 00 00 02 0c 0b 79 ca dc 89 33 f4 6e 7e ad d4 5b c6 ab ...
12-12 22:27:40.697  1200  1200 D wpa_supplicant: RSN: encrypted key data - hexdump(len=96): fb a4 ee e1 f4 3e fa 20 6b b5 19 52 fd 2a ef cb b3 f6 b5 56 db d7 f9 dc 0b cf dd 90 00 11 8c 67 ...
12-12 22:27:40.697   970  1032 D Tethering: interfaceStatusChanged wlan0, true
12-12 22:27:40.697  1200  1200 D wpa_supplicant: WPA: decrypted EAPOL-Key key data - hexdump(len=88): [REMOVED]
12-12 22:27:40.697  1200  1200 D wpa_supplicant: wlan0: State: 4WAY_HANDSHAKE -> 4WAY_HANDSHAKE
12-12 22:27:40.697  1200  1200 D wpa_supplicant: wlan0: WPA: RX message 3 of 4-Way Handshake from 74:da:38:2b:43:fd (ver=2)
12-12 22:27:40.697  1200  1200 D wpa_supplicant: WPA: IE KeyData - hexdump(len=88): 30 14 01 00 00 0f ac 02 01 00 00 0f ac 04 01 00 00 0f ac 02 0c 00 dd 16 00 50 f2 01 01 00 00 50 ...
12-12 22:27:40.697  1200  1200 D wpa_supplicant: WPA: RSN IE in EAPOL-Key - hexdump(len=22): 30 14 01 00 00 0f ac 02 01 00 00 0f ac 04 01 00 00 0f ac 02 0c 00
12-12 22:27:40.697  1200  1200 D wpa_supplicant: WPA: WPA IE in EAPOL-Key - hexdump(len=24): dd 16 00 50 f2 01 01 00 00 50 f2 02 01 00 00 50 f2 02 01 00 00 50 f2 02
12-12 22:27:40.697  1200  1200 D wpa_supplicant: WPA: GTK in EAPOL-Key - hexdump(len=40): [REMOVED]
12-12 22:27:40.697  1200  1200 D wpa_supplicant: wlan0: WPA: Sending EAPOL-Key 4/4
12-12 22:27:40.697  1200  1200 D wpa_supplicant: WPA: KCK - hexdump(len=16): [REMOVED]
12-12 22:27:40.697  1200  1200 D wpa_supplicant: WPA: Derived Key MIC - hexdump(len=16): d6 b9 05 fe 79 19 85 84 fb 4b 74 26 06 d8 c6 39
12-12 22:27:40.697  1200  1200 D wpa_supplicant: WPA: TX EAPOL-Key - hexdump(len=99): 01 03 00 5f 02 03 0a 00 00 00 00 00 00 00 00 00 02 00 00 00 00 00 00 00 00 00 00 00 00 00 00 00 ...
12-12 22:27:40.697  1200  1200 D wpa_supplicant: wlan0: WPA: Installing PTK to the driver
12-12 22:27:40.697  1200  1200 D wpa_supplicant: wpa_driver_nl80211_set_key: ifindex=23 (wlan0) alg=3 addr=0xb76333bc key_idx=0 set_tx=1 seq_len=6 key_len=16
12-12 22:27:40.697  1200  1200 D wpa_supplicant:    addr=74:da:38:2b:43:fd
12-12 22:27:40.697  1200  1200 D wpa_supplicant: EAPOL: External notification - portValid=1
12-12 22:27:40.697  1200  1200 D wpa_supplicant: wlan0: State: 4WAY_HANDSHAKE -> GROUP_HANDSHAKE
12-12 22:27:40.697  1200  1200 D wpa_supplicant: RSN: received GTK in pairwise handshake - hexdump(len=34): [REMOVED]
12-12 22:27:40.697  1200  1200 D wpa_supplicant: WPA: Group Key - hexdump(len=32): [REMOVED]
12-12 22:27:40.697  1200  1200 D wpa_supplicant: wlan0: WPA: Installing GTK to the driver (keyidx=1 tx=0 len=32)
12-12 22:27:40.697  1200  1200 D wpa_supplicant: WPA: RSC - hexdump(len=6): 00 00 00 00 00 00
12-12 22:27:40.697  1200  1200 D wpa_supplicant: wpa_driver_nl80211_set_key: ifindex=23 (wlan0) alg=2 addr=0xb6f6010d key_idx=1 set_tx=0 seq_len=6 key_len=32
12-12 22:27:40.697  1200  1200 D wpa_supplicant:    broadcast key
12-12 22:27:40.697   970   970 D WifiServiceExtension: SUPPLICANT_STATE_CHANGED_ACTION
12-12 22:27:40.697  1200  1200 I wpa_supplicant: wlan0: WPA: Key negotiation completed with 74:da:38:2b:43:fd [PTK=CCMP GTK=TKIP]
12-12 22:27:40.697   970   970 D WifiServiceExtension: setSupplicantStateFOUR_WAY_HANDSHAKE
12-12 22:27:40.697  1200  1200 D wpa_supplicant: wlan0: Cancelling authentication timeout
12-12 22:27:40.697  1200  1200 D wpa_supplicant: wlan0: State: GROUP_HANDSHAKE -> COMPLETED
12-12 22:27:40.697  1200  1200 I wpa_supplicant: wlan0: CTRL-EVENT-CONNECTED - Connection to 74:da:38:2b:43:fd completed (auth) [id=1 id_str=]
12-12 22:27:40.697  1200  1200 D wpa_supplicant: wpa_driver_nl80211_set_operstate: operstate 0->1 (UP)
12-12 22:27:40.697  1200  1200 D wpa_supplicant: netlink: Operstate: linkmode=-1, operstate=6
12-12 22:27:40.697  1200  1200 D wpa_supplicant: wlan0: P2P: Station mode scan operation not pending anymore (sta_scan_pending=0 p2p_cb_on_scan_complete=0)
12-12 22:27:40.697  1200  1200 D wpa_supplicant: wpa_supplicant_set_state, isWPS : 0
12-12 22:27:40.697  1200  1200 D wpa_supplicant: EAPOL: External notification - portValid=1
12-12 22:27:40.697  1200  1200 D wpa_supplicant: EAPOL: External notification - EAP success=1
12-12 22:27:40.697  1200  1200 D wpa_supplicant: EAPOL: SUPP_PAE entering state AUTHENTICATING
12-12 22:27:40.697  1200  1200 D wpa_supplicant: EAPOL: SUPP_BE entering state SUCCESS
12-12 22:27:40.697  1200  1200 D wpa_supplicant: EAP: EAP entering state DISABLED
12-12 22:27:40.697  1200  1200 D wpa_supplicant: EAPOL: SUPP_PAE entering state AUTHENTICATED
12-12 22:27:40.697  1200  1200 D wpa_supplicant: EAPOL: Supplicant port status: Authorized
12-12 22:27:40.697  1200  1200 D wpa_supplicant: nl80211: Set supplicant port authorized for 74:da:38:2b:43:fd
12-12 22:27:40.697  1200  1200 D wpa_supplicant: EAPOL: SUPP_BE entering state IDLE
12-12 22:27:40.697  1200  1200 D wpa_supplicant: EAPOL authentication completed successfully
12-12 22:27:40.697  1200  1200 D wpa_supplicant: RTM_NEWLINK: operstate=1 ifi_flags=0x11043 ([UP][RUNNING][LOWER_UP])
12-12 22:27:40.697  1200  1200 D wpa_supplicant: RTM_NEWLINK, IFLA_IFNAME: Interface 'wlan0' added
12-12 22:27:40.697  1200  1200 D wpa_supplicant: nl80211: if_removed already cleared - ignore event
12-12 22:27:40.697   970  1034 D Tethering: Exception adding default nw to upstreamIfaceTypes: java.lang.NullPointerException
12-12 22:27:40.697   970  1203 D WifiMonitor: Event [IFNAME=wlan0 CTRL-EVENT-STATE-CHANGE id=1 state=8 BSSID=74:da:38:2b:43:fd SSID=9902436592]
12-12 22:27:40.697   970  1203 D WifiMonitor: Event [IFNAME=wlan0 WPA: Key negotiation completed with 74:da:38:2b:43:fd [PTK=CCMP GTK=TKIP]]
12-12 22:27:40.697   970  1203 W WifiMonitor: couldn't identify event type - WPA: Key negotiation completed with 74:da:38:2b:43:fd [PTK=CCMP GTK=TKIP]
12-12 22:27:40.697   970  1179 D WifiStateMachine: handleMessage: E msg.what=147462
12-12 22:27:40.697   970  1179 D WifiStateMachine: processMsg: DisconnectedState
12-12 22:27:40.707   970  1203 D WifiMonitor: Event [IFNAME=wlan0 CTRL-EVENT-CONNECTED - Connection to 74:da:38:2b:43:fd completed (auth) [id=1 id_str=]]
12-12 22:27:40.707   970  1179 D WifiStateMachine: setDetailed state, old =AUTHENTICATING and new state=AUTHENTICATING
12-12 22:27:40.707   970  1203 D WifiMonitor: Event [IFNAME=wlan0 CTRL-EVENT-STATE-CHANGE id=1 state=9 BSSID=74:da:38:2b:43:fd SSID=9902436592]
12-12 22:27:40.707   970  1179 D WifiStateMachine: processMsg: ConnectModeState
12-12 22:27:40.707   970  1179 D WifiStateMachine: handleMessage: X
12-12 22:27:40.707   970  1032 D Tethering: interfaceLinkStateChanged wlan0, true
12-12 22:27:40.707   970  1032 D Tethering: interfaceStatusChanged wlan0, true
12-12 22:27:40.707  1200  1200 D wpa_supplicant: nl80211: Event message available
12-12 22:27:40.707  1200  1200 D wpa_supplicant: nl80211: Drv Event 34 (NL80211_CMD_NEW_SCAN_RESULTS) received for wlan0
12-12 22:27:40.707  1200  1200 D wpa_supplicant: wlan0: nl80211: New scan results available
12-12 22:27:40.707  1200  1200 D wpa_supplicant: wlan0: Event SCAN_RESULTS (3) received
12-12 22:27:40.707  1200  1200 D wpa_supplicant: nl80211: Associated on 2437 MHz
12-12 22:27:40.707  1200  1200 D wpa_supplicant: nl80211: Associated with 74:da:38:2b:43:fd
12-12 22:27:40.707   970  1032 D Tethering: interfaceLinkStateChanged wlan0, true
12-12 22:27:40.707   970  1032 D Tethering: interfaceStatusChanged wlan0, true
12-12 22:27:40.707  1200  1200 D wpa_supplicant: nl80211: Received scan results (21 BSSes)
12-12 22:27:40.707  1200  1200 D wpa_supplicant: nl80211: Survey data missing
12-12 22:27:40.707  1200  1200 D wpa_supplicant: nl80211: Scan results indicate BSS status with 74:da:38:2b:43:fd as associated
12-12 22:27:40.707  1200  1200 D wpa_supplicant: wlan0: BSS: Start scan result update 4
12-12 22:27:40.707  1200  1200 D wpa_supplicant: BSS: last_scan_res_used=21/32 last_scan_full=0
12-12 22:27:40.707  1200  1200 D wpa_supplicant: wlan0: New scan results available
12-12 22:27:40.707  1200  1200 D wpa_supplicant: WPS: AP c0:ff:d4:94:75:01 type 0 added
12-12 22:27:40.707  1200  1200 D wpa_supplicant: WPS: AP[0] c0:ff:d4:94:75:01 type=0 tries=0 last_attempt=-1 sec ago blacklist=0
12-12 22:27:40.707  1200  1200 D wpa_supplicant: --runqin--not STL
12-12 22:27:40.707  1200  1200 D wpa_supplicant: wlan0: Selecting BSS from priority group 1000
12-12 22:27:40.707  1200  1200 D wpa_supplicant: wlan0: 0: 74:da:38:2b:43:fd ssid='9902436592' wpa_ie_len=22 rsn_ie_len=20 caps=0x411 level=0
12-12 22:27:40.707  1200  1200 D wpa_supplicant: wlan0:    selected based on RSN IE
12-12 22:27:40.707  1200  1200 D wpa_supplicant: wlan0:    selected BSS 74:da:38:2b:43:fd ssid='9902436592'
12-12 22:27:40.707  1200  1200 D wpa_supplicant: wpa_supplicant_check_mdm_ac_policy policy: 0
12-12 22:27:40.707  1200  1200 D wpa_supplicant: wlan0: [MDM] lg_mdm_auto_connect_policy 0
12-12 22:27:40.707  1200  1200 D wpa_supplicant: wlan0: [MDM] lg_mdm_auto_connect_policy 0
12-12 22:27:40.707  1200  1200 D wpa_supplicant: wpa_supplicant_check_mdm_ac_policy policy: 0
12-12 22:27:40.707  1200  1200 D wpa_supplicant: wpa_supplicant_check_mdm_ac_policy policy: 0
12-12 22:27:40.707  1200  1200 D wpa_supplicant: wlan0: [MDM] lg mdm allow/disallow auto connect is not set 
12-12 22:27:40.707  1200  1200 D wpa_supplicant: wlan0: Checking for other virtual interfaces sharing same radio (phy0) in event_scan_results
12-12 22:27:40.707  1200  1200 D wpa_supplicant: p2p0: Updating scan results from sibling
12-12 22:27:40.707  1200  1200 D wpa_supplicant: nl80211: Received scan results (21 BSSes)
12-12 22:27:40.707  1200  1200 D wpa_supplicant: nl80211: Survey data missing
12-12 22:27:40.707  1200  1200 D wpa_supplicant: p2p0: BSS: Start scan result update 2
12-12 22:27:40.707  1200  1200 D wpa_supplicant: BSS: last_scan_res_used=21/32 last_scan_full=0
12-12 22:27:40.707  1200  1200 D wpa_supplicant: p2p0: New scan results available
12-12 22:27:40.707  1200  1200 D wpa_supplicant: WPS: AP[0] c0:ff:d4:94:75:01 type=0 tries=0 last_attempt=-1 sec ago blacklist=0
12-12 22:27:40.707  1200  1200 D wpa_supplicant: --runqin--not STL
12-12 22:27:40.707  1200  1200 D wpa_supplicant: p2p0: No suitable network found
12-12 22:27:40.707  1200  1200 D wpa_supplicant: [LGE_WLAN]p2p scan delay set 250ms
12-12 22:27:40.707  1200  1200 D wpa_supplicant: p2p0: Short-circuit new scan request since there are no enabled networks
12-12 22:27:40.707  1200  1200 D wpa_supplicant: p2p0: State: INACTIVE -> INACTIVE
12-12 22:27:40.707  1200  1200 D wpa_supplicant: wlan0: P2P: Station mode scan operation not pending anymore (sta_scan_pending=0 p2p_cb_on_scan_complete=0)
12-12 22:27:40.707  1226 12508 D WfdsMonitor: Event [CTRL-EVENT-SCAN-RESULTS ]
12-12 22:27:40.707  1226 12508 D WfdsMonitor: Event [WPS-AP-AVAILABLE ]
12-12 22:27:40.707  1200  1200 D wpa_supplicant: RTM_NEWLINK: operstate=1 ifi_flags=0x11043 ([UP][RUNNING][LOWER_UP])
12-12 22:27:40.707  1200  1200 D wpa_supplicant: RTM_NEWLINK, IFLA_IFNAME: Interface 'wlan0' added
12-12 22:27:40.707  1200  1200 D wpa_supplicant: nl80211: if_removed already cleared - ignore event
12-12 22:27:40.707   970  1173 D libc    : getaddrinfo called from pid =970
12-12 22:27:40.707   970  1034 D Tethering: sendTetherStateChangedBroadcast 1, 0, 0
12-12 22:27:40.707   970  1032 D Tethering: interfaceLinkStateChanged wlan0, true
12-12 22:27:40.707   970  1032 D Tethering: interfaceStatusChanged wlan0, true
12-12 22:27:40.707   970  1173 D libc    : getaddrinfo called from pid =970
12-12 22:27:40.707   970  1203 D WifiMonitor: Event [IFNAME=p2p0 WPS-AP-AVAILABLE ]
12-12 22:27:40.707   970  1179 D WifiStateMachine: handleMessage: E msg.what=147459
12-12 22:27:40.707   970  1179 D WifiStateMachine: processMsg: DisconnectedState
12-12 22:27:40.707   970  1179 D WifiStateMachine: processMsg: ConnectModeState
12-12 22:27:40.707   970  1179 D WifiStateMachine: Network connection established
12-12 22:27:40.707   309 12535 D libc    : getaddrinfo called from pid =309
12-12 22:27:40.707   309 12535 D libc    : _dns_getaddrinfo: iptype =0
12-12 22:27:40.707   309 12535 D libc    : _dns_getaddrinfo: query_ipv4=0, query_ipv6=0
12-12 22:27:40.707   970  1203 W WifiMonitor: couldn't identify event type - WPS-AP-AVAILABLE 
12-12 22:27:40.707   970  1173 D libc    : remote DNS query failed we don't need to try local DNS query result_code =401
12-12 22:27:40.707   970  1178 D WifiP2pService: InactiveState{ when=0 what=147461 target=com.android.internal.util.StateMachine$SmHandler }
12-12 22:27:40.707   970  1178 D WifiP2pService: P2pEnabledState{ when=0 what=147461 target=com.android.internal.util.StateMachine$SmHandler }
12-12 22:27:40.707   970  1178 D WifiP2pService: DefaultState{ when=-1ms what=147461 target=com.android.internal.util.StateMachine$SmHandler }
12-12 22:27:40.717   970  1173 D libc    : dnsproxy getaddrinfo returns 401
12-12 22:27:40.717   970  1179 D WifiNative-wlan0: doString: STATUS
12-12 22:27:40.717   970  1032 D DSQN    : DNSproblemNotiEnabled is disabled ignore DNS fail CB
12-12 22:27:40.717  1200  1200 D wpa_supplicant: wlan0: Control interface command 'STATUS'
12-12 22:27:40.717   970  1203 D WifiMonitor: Event [IFNAME=wlan0 CTRL-EVENT-STATE-CHANGE id=1 state=9 BSSID=74:da:38:2b:43:fd SSID=9902436592]
12-12 22:27:40.717   970  1203 D WifiMonitor: Event [IFNAME=wlan0 CTRL-EVENT-CONNECTED - connection to 74:da:38:2b:43:fd completed (auth) [id=1 id_str=]]
12-12 22:27:40.727   970  1179 D WifiNative-wlan0:    returned bssid=74:da:38:2b:43:fd
12-12 22:27:40.727   970  1179 D WifiNative-wlan0: ssid=9902436592
12-12 22:27:40.727   970  1179 D WifiNative-wlan0: id=1
12-12 22:27:40.727   970  1179 D WifiNative-wlan0: mode=station
12-12 22:27:40.727   970  1179 D WifiNative-wlan0: pairwise_cipher=CCMP
12-12 22:27:40.727   970  1179 D WifiNative-wlan0: group_cipher=TKIP
12-12 22:27:40.727   970  1179 D WifiNative-wlan0: key_mgmt=WPA2-PSK
12-12 22:27:40.727   970  1179 D WifiNative-wlan0: wpa_state=COMPLETED
12-12 22:27:40.727   970  1179 D WifiNative-wlan0: p2p_device_address=5a:3f:54:df:3c:c0
12-12 22:27:40.727   970  1179 D WifiNative-wlan0: address=58:3f:54:df:3c:c0
12-12 22:27:40.727   970  1179 D WifiNative-wlan0: uuid=5a029981-af6a-5c5b-bf17-0a6968bd405c
12-12 22:27:40.727   970  1179 I WifiServiceExtension: wifiInfo ==> Freq: 0, DevMode: station, KeyMgmt: WPA2-PSK, Cipher: CCMP, EAPMETHOD: empty, SECTYPE: WPA2-PSK
12-12 22:27:40.727   970  1179 I WifiServiceExtension: setKeepAlivePacketInterval msec : 30
12-12 22:27:40.727   970  1179 D WifiStateMachine: setDetailed state, old =AUTHENTICATING and new state=OBTAINING_IPADDR
12-12 22:27:40.737  1210  1210 D KeyguardUpdateMonitor: received broadcast android.net.wifi.STATE_CHANGE
12-12 22:27:40.737   970  1179 D WifiStateMachine: transitionTo: destState=ObtainingIpState
12-12 22:27:40.737   970  1179 D WifiStateMachine: handleMessage: new destination call exit/enter
12-12 22:27:40.737   970  1179 D WifiStateMachine: setupTempStateStackWithStatesToEnter: X mTempStateStackCount=2,curStateInfo: state=ConnectModeState,active=true,parent=DriverStartedState
12-12 22:27:40.737   970  1179 D WifiStateMachine: invokeExitMethods: DisconnectedState
12-12 22:27:40.737   970  1179 E WifiStateMachine: Disable background Scan for ATT
12-12 22:27:40.737   970  1179 D WifiStateMachine: moveTempStackToStateStack: i=1,j=5
12-12 22:27:40.737   970  1179 D WifiStateMachine: moveTempStackToStateStack: i=0,j=6
12-12 22:27:40.737   970  1179 D WifiStateMachine: moveTempStackToStateStack: X mStateStackTop=6,startingIndex=5,Top=ObtainingIpState
12-12 22:27:40.737   970  1179 D WifiStateMachine: invokeEnterMethods: L2ConnectedState
12-12 22:27:40.737   970  1179 D WifiStateMachine: invokeEnterMethods: ObtainingIpState
12-12 22:27:40.747   970  1174 D libc    : getaddrinfo called from pid =970
12-12 22:27:40.747   303   381 I Vold    : [LGE][VOLD][NetlinkHandler.cpp][onEvent()] subsys:cpu, action:0
12-12 22:27:40.757   970   970 D CaptivePortalTracker: [LGLWD] WIFI_NETWORK_STATE_CHANGED_ACTION - WIFI State : OBTAINING_IPADDR
12-12 22:27:40.757   970  1184 D ConnectivityServiceHSM: Actual State: DefaultConnectivityState, Current State: DefaultConnectivityState.processMessage what=458752
12-12 22:27:40.757   460   460 E Parcel  : Reading a NULL string not supported here.
12-12 22:27:40.757   460   460 E Parcel  : Reading a NULL string not supported here.
12-12 22:27:40.757   460   460 E Parcel  : Reading a NULL string not supported here.
12-12 22:27:40.757   460   460 E Parcel  : Reading a NULL string not supported here.
12-12 22:27:40.757   460   460 E Parcel  : Reading a NULL string not supported here.
12-12 22:27:40.757   460   460 E Parcel  : Reading a NULL string not supported here.
12-12 22:27:40.757   970  1184 D ConnectivityServiceHSM: Actual State: DefaultConnectivityState, Current State: DefaultConnectivityState.processMessage what=112
12-12 22:27:40.757   970   970 W Settings: Setting stay_on_while_plugged_in has moved from android.provider.Settings.System to android.provider.Settings.Global, returning read-only value.
12-12 22:27:40.757   970   970 W Settings: Setting wifi_sleep_policy has moved from android.provider.Settings.System to android.provider.Settings.Global, returning read-only value.
12-12 22:27:40.757   970  1184 D ConnectivityServiceHSM: Actual State: DefaultConnectivityState, Current State: DefaultConnectivityState.processMessage what=112
12-12 22:27:40.757   970   970 D WifiOffDelayIfNotUsed: NETWORK_STATE_CHANGED_ACTION [OBTAINING_IPADDR]
12-12 22:27:40.757  2198  2198 D ATTAPNWidget: receive NETWORK_STATE_CHANGED_ACTION
12-12 22:27:40.757   303   381 I Vold    : [LGE][VOLD][NetlinkHandler.cpp][onEvent()] subsys:cpu, action:0
12-12 22:27:40.757   970  1184 D MobileDataStateTracker: default: setPolicyDataEnable(enabled=true)
12-12 22:27:40.757   970  1183 D WifiService: New client listening to asynchronous messages
12-12 22:27:40.767   970  1179 D WifiStateMachine: handleMessage: X
12-12 22:27:40.767   970  1179 D WifiStateMachine: handleMessage: E msg.what=147462
12-12 22:27:40.767   970   970 D WifiServiceExtension: SUPPLICANT_STATE_CHANGED_ACTION
12-12 22:27:40.767   970 12542 D DhcpStateMachine: StoppedState
12-12 22:27:40.767   970   970 D WifiServiceExtension: setSupplicantStateGROUP_HANDSHAKE
12-12 22:27:40.767   970 12542 D DhcpStateMachine: StoppedState{ when=-1ms what=196609 target=com.android.internal.util.StateMachine$SmHandler }
12-12 22:27:40.767   970 12542 D DhcpStateMachine: WaitBeforeStartState
12-12 22:27:40.767   970  1179 D WifiStateMachine: processMsg: ObtainingIpState
12-12 22:27:40.767   970  1179 D WifiStateMachine: ObtainingIpState{ when=-60ms what=147462 obj=android.net.wifi.StateChangeResult@42778ca8 target=com.android.internal.util.StateMachine$SmHandler }
12-12 22:27:40.767   970  1179 D WifiStateMachine: processMsg: L2ConnectedState
12-12 22:27:40.767   970  1179 D WifiStateMachine: processMsg: ConnectModeState
12-12 22:27:40.767   970  1179 D WifiStateMachine: handleMessage: X
12-12 22:27:40.767   970  1179 D WifiStateMachine: handleMessage: E msg.what=147461
12-12 22:27:40.767   970  1179 D WifiStateMachine: processMsg: ObtainingIpState
12-12 22:27:40.767   970  1179 D WifiStateMachine: ObtainingIpState{ when=-60ms what=147461 target=com.android.internal.util.StateMachine$SmHandler }
12-12 22:27:40.767   970  1179 D WifiStateMachine: processMsg: L2ConnectedState
12-12 22:27:40.767   970  1179 D WifiStateMachine: processMsg: ConnectModeState
12-12 22:27:40.767   970  1179 D WifiStateMachine: processMsg: DriverStartedState
12-12 22:27:40.767   970  1179 D WifiStateMachine: processMsg: DriverStartedStateExt
12-12 22:27:40.767   970  1179 D WifiStateMachine: processMsg: SupplicantStartedState
12-12 22:27:40.767   970  1179 D WifiNative-wlan0: doString: BSS RANGE=0- MASK=0x21987
12-12 22:27:40.767  1200  1200 D wpa_supplicant: wlan0: Control interface command 'BSS RANGE=0- MASK=0x21987'
12-12 22:27:40.777  2198  2198 D ATTAPNWidget: Connectivity NETWORK_STATE_CHANGED Disconnected
12-12 22:27:40.777   970  1179 D WifiStateMachine: handleMessage: X
12-12 22:27:40.777  2198  2198 D ATTAPNWidget: receive SCAN_RESULTS_AVAILABLE_ACTION
12-12 22:27:40.777  2198  2198 D ATTAPNWidget: IsValidCredentials(): null
12-12 22:27:40.777  2198  2198 D ATTAPNWidget: IsValidCredentials(): msdin is missing.
12-12 22:27:40.777  2198  2198 D ATTAPNWidget: IsValidCredentials() = false
12-12 22:27:40.777   970  1179 D WifiStateMachine: handleMessage: E msg.what=131101
12-12 22:27:40.777   970  1179 D WifiStateMachine: processMsg: ObtainingIpState
12-12 22:27:40.777   970  1179 D WifiStateMachine: ObtainingIpState{ when=-72ms what=131101 obj=android.net.wifi.WifiStateMachine$TetherStateChange@428d2ea0 target=com.android.internal.util.StateMachine$SmHandler }
12-12 22:27:40.777   970  1179 D WifiStateMachine: processMsg: L2ConnectedState
12-12 22:27:40.777   970  1179 D WifiStateMachine: processMsg: ConnectModeState
12-12 22:27:40.777   970  1179 D WifiStateMachine: processMsg: DriverStartedState
12-12 22:27:40.777   970  1179 D WifiStateMachine: processMsg: DriverStartedStateExt
12-12 22:27:40.777   970  1179 D WifiStateMachine: processMsg: SupplicantStartedState
12-12 22:27:40.777   970  1179 D WifiStateMachine: processMsg: DefaultState
12-12 22:27:40.777   970  1179 D WifiStateMachine: handleMessage: X
12-12 22:27:40.777   970  1179 D WifiStateMachine: handleMessage: E msg.what=147462
12-12 22:27:40.777   970  1179 D WifiStateMachine: processMsg: ObtainingIpState
12-12 22:27:40.777   970  1179 D WifiStateMachine: ObtainingIpState{ when=-60ms what=147462 obj=android.net.wifi.StateChangeResult@42720058 target=com.android.internal.util.StateMachine$SmHandler }
12-12 22:27:40.787   970  1179 D WifiStateMachine: processMsg: L2ConnectedState
12-12 22:27:40.787   970  1179 D WifiStateMachine: processMsg: ConnectModeState
12-12 22:27:40.787   970  1179 D WifiStateMachine: handleMessage: X
12-12 22:27:40.787   970  1179 D WifiStateMachine: handleMessage: E msg.what=147459
12-12 22:27:40.787   970  1179 D WifiStateMachine: processMsg: ObtainingIpState
12-12 22:27:40.787   970  1179 D WifiStateMachine: ObtainingIpState{ when=-61ms what=147459 arg1=1 obj=74:da:38:2b:43:fd target=com.android.internal.util.StateMachine$SmHandler }
12-12 22:27:40.787   970  1179 D WifiStateMachine: processMsg: L2ConnectedState
12-12 22:27:40.787   970  1179 D WifiStateMachine: handleMessage: X
12-12 22:27:40.787   970  1179 D WifiStateMachine: handleMessage: E msg.what=131155
12-12 22:27:40.787   970  1179 D WifiStateMachine: processMsg: ObtainingIpState
12-12 22:27:40.787   970  1179 D WifiStateMachine: ObtainingIpState{ when=-42ms what=131155 arg1=1 target=com.android.internal.util.StateMachine$SmHandler }
12-12 22:27:40.787   970  1179 D WifiStateMachine: processMsg: L2ConnectedState
12-12 22:27:40.787   970  1179 D WifiNative-wlan0: doString: SIGNAL_POLL
12-12 22:27:40.787  1200  1200 D wpa_supplicant: wlan0: Control interface command 'SIGNAL_POLL'
12-12 22:27:40.787  1200  1200 D wpa_supplicant: nl80211: survey data missing!
12-12 22:27:40.787   970  1179 D WifiStateMachine: handleMessage: X
12-12 22:27:40.787   970  1179 D WifiStateMachine: handleMessage: E msg.what=196612
12-12 22:27:40.787   970  1179 D WifiStateMachine: processMsg: ObtainingIpState
12-12 22:27:40.787   970  1179 D WifiStateMachine: ObtainingIpState{ when=-22ms what=196612 target=com.android.internal.util.StateMachine$SmHandler }
12-12 22:27:40.787   970  1179 D WifiStateMachine: processMsg: L2ConnectedState
12-12 22:27:40.787   970  1179 D WifiNative-wlan0: doBoolean: DRIVER BTCOEXMODE 1
12-12 22:27:40.787  1200  1200 D wpa_supplicant: wlan0: Control interface command 'DRIVER BTCOEXMODE 1'
12-12 22:27:40.787  1200  1200 I wpa_supplicant: wpa_driver_nl80211_ext_driver_cmd BTCOEXMODE 1
12-12 22:27:40.787  1200  1200 D wpa_supplicant: wpa_driver_nl80211_driver_cmd BTCOEXMODE 1 len = 0, 8192
12-12 22:27:40.787   970  1179 D WifiNative-wlan0:    returned true
12-12 22:27:40.787   970  1179 D WifiStateMachine: setSuspendOptimizationsNative: 1 false
12-12 22:27:40.787   970  1179 D WifiNative-wlan0: doBoolean: SET ps 0
12-12 22:27:40.787  1200  1200 D wpa_supplicant: wlan0: Control interface command 'SET ps 0'
12-12 22:27:40.787  1200  1200 D wpa_supplicant: CTRL_IFACE SET 'ps'='0'
12-12 22:27:40.787  1200  1200 D wpa_supplicant: nl80211: set_p2p_powersave (legacy_ps=0 opp_ps=-1 ctwindow=-1)
12-12 22:27:40.787   970  1179 D WifiNative-wlan0:    returned true
12-12 22:27:40.787   460   460 E Parcel  : Reading a NULL string not supported here.
12-12 22:27:40.787   460   460 E Parcel  : Reading a NULL string not supported here.
12-12 22:27:40.787   460   460 E Parcel  : Reading a NULL string not supported here.
12-12 22:27:40.787   460   460 E Parcel  : Reading a NULL string not supported here.
12-12 22:27:40.787   970  1178 D WifiP2pService: InactiveState{ when=0 what=143375 arg1=1 arg2=196615 obj=android.net.DhcpStateMachine@42b50bd0 target=com.android.internal.util.StateMachine$SmHandler }
12-12 22:27:40.797   970 12542 D DhcpStateMachine: WaitBeforeStartState{ when=0 what=196615 target=com.android.internal.util.StateMachine$SmHandler }
12-12 22:27:40.797   970  1179 E WifiStateMachine: CheckDhcpInfoCacheList : DhcpStateMachine.CMD_PRE_DHCP_ACTION[ConnectingState]
12-12 22:27:40.797   970  1179 V DhcpStateMachine: Current State is mWaitBeforeStartState.
12-12 22:27:40.797   970 12542 D DhcpStateMachine: DHCP Start wake lock is acquired.
12-12 22:27:40.797   970  1179 V LgDhcpStateMachineHelper: [bssid + ssid] hash key :74:da:38:2b:43:fd"9902436592"
12-12 22:27:40.797   970  1179 V LgDhcpStateMachineHelper: [bssid + ssid] hash key :74:da:38:2b:43:fd"9902436592" is not exist.
12-12 22:27:40.797   970  1179 D WifiStateMachine: handleMessage: X
12-12 22:27:40.797   970   970 D WifiServiceExtension: SUPPLICANT_STATE_CHANGED_ACTION
12-12 22:27:40.797   970   970 D WifiServiceExtension: setSupplicantStateCOMPLETED
12-12 22:27:40.797   970   970 D WifiServiceExtension: SUPPLICANT_STATE_CHANGED_ACTION
12-12 22:27:40.797   970   970 D WifiServiceExtension: setSupplicantStateCOMPLETED
12-12 22:27:40.797   970  1178 D WifiP2pService: P2pEnabledState{ when=0 what=143375 arg1=1 arg2=196615 obj=android.net.DhcpStateMachine@42b50bd0 target=com.android.internal.util.StateMachine$SmHandler }
12-12 22:27:40.997   970 12542 D DhcpStateMachine: DHCPV4 request on wlan0
12-12 22:27:40.997   970 12542 V LgDhcpStateMachineHelper: [bssid] hash key :74:da:38:2b:43:fd
12-12 22:27:40.997   970 12542 D LgDhcpStateMachineHelper: dhcp.ap.macaddress = 74:da:38:2b:43:fd
12-12 22:27:41.057   303   381 I Vold    : [LGE][VOLD][NetlinkHandler.cpp][onEvent()] subsys:cpu, action:0
12-12 22:27:41.117   303   381 I Vold    : [LGE][VOLD][NetlinkHandler.cpp][onEvent()] subsys:cpu, action:0
12-12 22:27:41.597 11629 12562 D Aatp    : /task/c894eb2826cab20d8f9c2d125bb42ed589060d7d/status
12-12 22:27:41.687  1200  1200 D wpa_supplicant: EAPOL: startWhen --> 0
12-12 22:27:41.687  1200  1200 D wpa_supplicant: EAPOL: disable timer tick
12-12 22:27:42.637 11629 12563 D Aatp    : /task/c894eb2826cab20d8f9c2d125bb42ed589060d7d/status
12-12 22:27:43.157   970  1032 D WifiStateMachine: addressUpdated: 192.168.1.10/24 on wlan0 flags 128 scope 0
12-12 22:27:43.157   970  1032 D libc    : getaddrinfo called from pid =970
12-12 22:27:43.157   970  1179 D WifiStateMachine: handleMessage: E msg.what=131212
12-12 22:27:43.157   970  1179 D WifiStateMachine: processMsg: ObtainingIpState
12-12 22:27:43.167   970  1179 D WifiStateMachine: ObtainingIpState{ when=0 what=131212 obj=192.168.1.10/24 target=com.android.internal.util.StateMachine$SmHandler }
12-12 22:27:43.167   970  1179 D WifiStateMachine: processMsg: L2ConnectedState
12-12 22:27:43.167   970  1179 D WifiStateMachine: processMsg: ConnectModeState
12-12 22:27:43.167   970  1179 D WifiStateMachine: processMsg: DriverStartedState
12-12 22:27:43.167   970  1179 D WifiStateMachine: processMsg: DriverStartedStateExt
12-12 22:27:43.167   970  1179 D WifiStateMachine: processMsg: SupplicantStartedState
12-12 22:27:43.167   970  1179 D WifiStateMachine: processMsg: DefaultState
12-12 22:27:43.167   970  1179 D WifiStateMachine: Link configuration changed for netId: 1
12-12 22:27:43.167   970  1179 D WifiStateMachine:  old: {LinkAddresses: []  Routes: [] DnsAddresses: [] Domains: null MTU: 0}
12-12 22:27:43.167   970  1179 D WifiStateMachine:  new: {InterfaceName: wlan0 LinkAddresses: [192.168.1.10/24,]  Routes: [] DnsAddresses: [] Domains: null MTU: 0HttpProxy: [ProxyProperties.mHost == null] }
12-12 22:27:43.167   970  1179 D WifiStateMachine: handleMessage: X
12-12 22:27:43.307   323   417 I ThermalEngine: Sensor:pa_therm1:26000 mC
12-12 22:27:43.397   970 12542 D libc    : getaddrinfo called from pid =970
12-12 22:27:43.397   970 12542 D libc    : getaddrinfo called from pid =970
12-12 22:27:43.397   970 12542 D libc    : getaddrinfo called from pid =970
12-12 22:27:43.397   970 12542 D libc    : getaddrinfo called from pid =970
12-12 22:27:43.397   970 12542 D DhcpStateMachine: DHCPV4 succeeded on wlan0
12-12 22:27:43.397   970 12542 D LgDhcpStateMachineHelper: CheckDhcpDirectory [Lease File Count] : 11
12-12 22:27:43.397   970 12542 V LgDhcpStateMachineHelper: [bssid + ssid] hash key :74:da:38:2b:43:fd"9902436592"
12-12 22:27:43.397   970 12542 D libc    : getaddrinfo called from pid =970
12-12 22:27:43.397   970 12542 D LgDhcpStateMachineHelper: checkAutoIpWithDhcpInfo + ipaddr = 192.168.1.10
12-12 22:27:43.407   970 12542 V LgDhcpStateMachineHelper: Add DhcpResults: {InterfaceName: wlan0 LinkAddresses: [192.168.1.10/24,]  Routes: [192.168.1.0/24 -> 0.0.0.0,0.0.0.0/0 -> 192.168.1.1,] DnsAddresses: [10.0.100.10,] Domains: local MTU: 0} DHCP server /192.168.1.1 Vendor info  lease 864000 seconds
12-12 22:27:43.407   970 12542 V DhcpStateMachine: Current State is mWaitBeforeStartState.
12-12 22:27:43.407   970 12542 V LgDhcpStateMachineHelper: bShouldSendDhcpAction Result: true
12-12 22:27:43.407   970  1179 D WifiStateMachine: handleMessage: E msg.what=196613
12-12 22:27:43.407   970  1179 D WifiStateMachine: processMsg: ObtainingIpState
12-12 22:27:43.407   970  1179 D WifiStateMachine: ObtainingIpState{ when=0 what=196613 arg1=1 obj={InterfaceName: wlan0 LinkAddresses: [192.168.1.10/24,]  Routes: [192.168.1.0/24 -> 0.0.0.0,0.0.0.0/0 -> 192.168.1.1,] DnsAddresses: [10.0.100.10,] Domains: local MTU: 0} DHCP server /192.168.1.1 Vendor info  lease 864000 seconds target=com.android.internal.util.StateMachine$SmHandler }
12-12 22:27:43.407   970  1179 D WifiStateMachine: processMsg: L2ConnectedState
12-12 22:27:43.407   970  1179 D WifiStateMachine: setSuspendOptimizationsNative: 1 true
12-12 22:27:43.407   970  1179 D WifiNative-wlan0: doBoolean: SET ps 1
12-12 22:27:43.407  1200  1200 D wpa_supplicant: wlan0: Control interface command 'SET ps 1'
12-12 22:27:43.407  1200  1200 D wpa_supplicant: CTRL_IFACE SET 'ps'='1'
12-12 22:27:43.407  1200  1200 D wpa_supplicant: nl80211: set_p2p_powersave (legacy_ps=1 opp_ps=-1 ctwindow=-1)
12-12 22:27:43.407   970 12542 D DhcpStateMachine: DHCP Start/Renew wake lock is released.
12-12 22:27:43.407   970 12542 D DhcpStateMachine: RunningState
12-12 22:27:43.417   970  1179 D WifiNative-wlan0:    returned true
12-12 22:27:43.417   970  1179 D WifiNative-wlan0: doBoolean: DRIVER BTCOEXMODE 2
12-12 22:27:43.417  1200  1200 D wpa_supplicant: wlan0: Control interface command 'DRIVER BTCOEXMODE 2'
12-12 22:27:43.417  1200  1200 I wpa_supplicant: wpa_driver_nl80211_ext_driver_cmd BTCOEXMODE 2
12-12 22:27:43.417  1200  1200 D wpa_supplicant: wpa_driver_nl80211_driver_cmd BTCOEXMODE 2 len = 0, 8192
12-12 22:27:43.417   970  1179 D WifiNative-wlan0:    returned true
12-12 22:27:43.417   970  1179 D WifiStateMachine: DHCP successful
12-12 22:27:43.417   970  1179 D WifiStateMachine: Link configuration changed for netId: 1
12-12 22:27:43.417   970  1179 D WifiStateMachine:  old: {InterfaceName: wlan0 LinkAddresses: [192.168.1.10/24,]  Routes: [] DnsAddresses: [] Domains: null MTU: 0HttpProxy: [ProxyProperties.mHost == null] }
