12-12 22:27:39.397  1210  1210 D LgeKeyguardHostView: disabledByDpm : false, disabledByUser : true
12-12 22:27:39.407   970  1179 D WifiConfigStore: Loading config and enabling all networks
12-12 22:27:39.407   970  1179 D WifiNative-wlan0: doString: LIST_NETWORKS
12-12 22:27:39.407   970   970 I WifiServiceExtension: WIFI_STATE_CHANGED_ACTION [3]
12-12 22:27:39.407  1200  1200 D wpa_supplicant: wlan0: Control interface command 'LIST_NETWORKS'
12-12 22:27:39.407   970  1182 I WifiServiceExtension: batteryPsActivateMsgHandler : state:0 event:3
12-12 22:27:39.407  2198  2198 D ATTAPNWidget: receive WIFI_STATE_CHANGED_ACTION
12-12 22:27:39.407  1226  1226 D WfdService: Waiting for WifiP2p enabling
12-12 22:27:39.407   970  1179 D WifiNative-wlan0:    returned network id / ssid / bssid / flags
12-12 22:27:39.407   970  1179 D WifiNative-wlan0: 0	attwifi	any	[DISABLED]
12-12 22:27:39.407   970  1179 D WifiNative-wlan0: doString: GET_NETWORK 0 ssid
12-12 22:27:39.407  1200  1200 D wpa_supplicant: wlan0: Control interface command 'GET_NETWORK 0 ssid'
12-12 22:27:39.407  1200  1200 D wpa_supplicant: CTRL_IFACE: GET_NETWORK id=0 name='ssid'
12-12 22:27:39.407   970  1179 D WifiNative-wlan0: doString: GET_NETWORK 0 bssid
12-12 22:27:39.407  1200  1200 D wpa_supplicant: wlan0: Control interface command 'GET_NETWORK 0 bssid'
12-12 22:27:39.407  1200  1200 D wpa_supplicant: CTRL_IFACE: GET_NETWORK id=0 name='bssid'
12-12 22:27:39.407  1200  1200 D wpa_supplicant: CTRL_IFACE: Failed to get network variable 'bssid'
12-12 22:27:39.407   970  1179 D WifiNative-wlan0: doString: GET_NETWORK 0 priority
12-12 22:27:39.407  1200  1200 D wpa_supplicant: wlan0: Control interface command 'GET_NETWORK 0 priority'
12-12 22:27:39.407   460   460 E Parcel  : Reading a NULL string not supported here.
12-12 22:27:39.407  1200  1200 D wpa_supplicant: CTRL_IFACE: GET_NETWORK id=0 name='priority'
12-12 22:27:39.407   460   460 E Parcel  : Reading a NULL string not supported here.
12-12 22:27:39.407   460   460 E Parcel  : Reading a NULL string not supported here.
12-12 22:27:39.407   460   460 E Parcel  : Reading a NULL string not supported here.
12-12 22:27:39.407   460   460 E Parcel  : Reading a NULL string not supported here.
12-12 22:27:39.407   970  1179 D WifiNative-wlan0: doString: GET_NETWORK 0 scan_ssid
12-12 22:27:39.407  1200  1200 D wpa_supplicant: wlan0: Control interface command 'GET_NETWORK 0 scan_ssid'
12-12 22:27:39.407  1200  1200 D wpa_supplicant: CTRL_IFACE: GET_NETWORK id=0 name='scan_ssid'
12-12 22:27:39.407   970  1179 D WifiNative-wlan0: doString: GET_NETWORK 0 wep_tx_keyidx
12-12 22:27:39.407  1200  1200 D wpa_supplicant: wlan0: Control interface command 'GET_NETWORK 0 wep_tx_keyidx'
12-12 22:27:39.407  1200  1200 D wpa_supplicant: CTRL_IFACE: GET_NETWORK id=0 name='wep_tx_keyidx'
12-12 22:27:39.407   970  1179 D WifiNative-wlan0: doString: GET_NETWORK 0 wep_key0
12-12 22:27:39.407  1200  1200 D wpa_supplicant: wlan0: Control interface command 'GET_NETWORK 0 wep_key0'
12-12 22:27:39.407  1200  1200 D wpa_supplicant: CTRL_IFACE: GET_NETWORK id=0 name='wep_key0'
12-12 22:27:39.407  1200  1200 D wpa_supplicant: CTRL_IFACE: Failed to get network variable 'wep_key0'
12-12 22:27:39.407   970  1179 D WifiNative-wlan0: doString: GET_NETWORK 0 wep_key1
12-12 22:27:39.417  1200  1200 D wpa_supplicant: wlan0: Control interface command 'GET_NETWORK 0 wep_key1'
12-12 22:27:39.417  1200  1200 D wpa_supplicant: CTRL_IFACE: GET_NETWORK id=0 name='wep_key1'
12-12 22:27:39.417  1200  1200 D wpa_supplicant: CTRL_IFACE: Failed to get network variable 'wep_key1'
12-12 22:27:39.417   970  1179 D WifiNative-wlan0: doString: GET_NETWORK 0 wep_key2
12-12 22:27:39.417  1200  1200 D wpa_supplicant: wlan0: Control interface command 'GET_NETWORK 0 wep_key2'
12-12 22:27:39.417  1200  1200 D wpa_supplicant: CTRL_IFACE: GET_NETWORK id=0 name='wep_key2'
12-12 22:27:39.417  1200  1200 D wpa_supplicant: CTRL_IFACE: Failed to get network variable 'wep_key2'
12-12 22:27:39.417   970  1179 D WifiNative-wlan0: doString: GET_NETWORK 0 wep_key3
12-12 22:27:39.417  1200  1200 D wpa_supplicant: wlan0: Control interface command 'GET_NETWORK 0 wep_key3'
12-12 22:27:39.417  1200  1200 D wpa_supplicant: CTRL_IFACE: GET_NETWORK id=0 name='wep_key3'
12-12 22:27:39.417  1200  1200 D wpa_supplicant: CTRL_IFACE: Failed to get network variable 'wep_key3'
12-12 22:27:39.417   460   460 E Parcel  : Reading a NULL string not supported here.
12-12 22:27:39.417   460   460 E Parcel  : Reading a NULL string not supported here.
12-12 22:27:39.417   970  1179 D WifiNative-wlan0: doString: GET_NETWORK 0 psk
12-12 22:27:39.417  1200  1200 D wpa_supplicant: wlan0: Control interface command 'GET_NETWORK 0 psk'
12-12 22:27:39.417  1200  1200 D wpa_supplicant: CTRL_IFACE: GET_NETWORK id=0 name='psk'
12-12 22:27:39.417  1200  1200 D wpa_supplicant: CTRL_IFACE: Failed to get network variable 'psk'
12-12 22:27:39.417   970  1179 D WifiNative-wlan0: doString: GET_NETWORK 0 proto
12-12 22:27:39.417  1200  1200 D wpa_supplicant: wlan0: Control interface command 'GET_NETWORK 0 proto'
12-12 22:27:39.417  1200  1200 D wpa_supplicant: CTRL_IFACE: GET_NETWORK id=0 name='proto'
12-12 22:27:39.417   970  1179 D WifiNative-wlan0: doString: GET_NETWORK 0 key_mgmt
12-12 22:27:39.417  1200  1200 D wpa_supplicant: wlan0: Control interface command 'GET_NETWORK 0 key_mgmt'
12-12 22:27:39.417  1200  1200 D wpa_supplicant: CTRL_IFACE: GET_NETWORK id=0 name='key_mgmt'
12-12 22:27:39.417   970  1179 D WifiNative-wlan0: doString: GET_NETWORK 0 auth_alg
12-12 22:27:39.417  1200  1200 D wpa_supplicant: wlan0: Control interface command 'GET_NETWORK 0 auth_alg'
12-12 22:27:39.417  1200  1200 D wpa_supplicant: CTRL_IFACE: GET_NETWORK id=0 name='auth_alg'
12-12 22:27:39.417   970  1179 D WifiNative-wlan0: doString: GET_NETWORK 0 pairwise
12-12 22:27:39.417  1200  1200 D wpa_supplicant: wlan0: Control interface command 'GET_NETWORK 0 pairwise'
12-12 22:27:39.417  1200  1200 D wpa_supplicant: CTRL_IFACE: GET_NETWORK id=0 name='pairwise'
12-12 22:27:39.417   970  1179 D WifiNative-wlan0: doString: GET_NETWORK 0 group
12-12 22:27:39.417   970  3185 D qdlights: set_light_backlight: 63
12-12 22:27:39.417  1200  1200 D wpa_supplicant: wlan0: Control interface command 'GET_NETWORK 0 group'
12-12 22:27:39.417  1200  1200 D wpa_supplicant: CTRL_IFACE: GET_NETWORK id=0 name='group'
12-12 22:27:39.417   318 11746 V audio_hw_primary: stop_input_stream: enter: usecase(7: audio-record)
12-12 22:27:39.417   970  1179 D WifiNative-wlan0: doString: GET_NETWORK 0 eap
12-12 22:27:39.417   318 11746 V audio_hw_primary: disable_audio_route: enter: usecase(7)
12-12 22:27:39.417   318 11746 V audio_hw_primary: disable_audio_route: reset mixer path: audio-record
12-12 22:27:39.417  1200  1200 D wpa_supplicant: wlan0: Control interface command 'GET_NETWORK 0 eap'
12-12 22:27:39.417  1200  1200 D wpa_supplicant: CTRL_IFACE: GET_NETWORK id=0 name='eap'
12-12 22:27:39.417  1200  1200 D wpa_supplicant: CTRL_IFACE: Failed to get network variable 'eap'
12-12 22:27:39.417   970  1179 D WifiNative-wlan0: doString: GET_NETWORK 0 phase2
12-12 22:27:39.417   318 11746 V audio_hw_primary: disable_audio_route: exit
12-12 22:27:39.417   318 11746 D hardware_info: hw_info_append_hw_type : device_name = lg-vr-handset-mic
12-12 22:27:39.417   318 11746 V audio_hw_primary: disable_snd_device: snd_device(82: lg-vr-handset-mic)
12-12 22:27:39.417  1200  1200 D wpa_supplicant: wlan0: Control interface command 'GET_NETWORK 0 phase2'
12-12 22:27:39.417  1200  1200 D wpa_supplicant: CTRL_IFACE: GET_NETWORK id=0 name='phase2'
12-12 22:27:39.417  1200  1200 D wpa_supplicant: CTRL_IFACE: Failed to get network variable 'phase2'
12-12 22:27:39.417   970  1179 D WifiNative-wlan0: doString: GET_NETWORK 0 identity
12-12 22:27:39.417  1200  1200 D wpa_supplicant: wlan0: Control interface command 'GET_NETWORK 0 identity'
12-12 22:27:39.417  1200  1200 D wpa_supplicant: CTRL_IFACE: GET_NETWORK id=0 name='identity'
12-12 22:27:39.417  1200  1200 D wpa_supplicant: CTRL_IFACE: Failed to get network variable 'identity'
12-12 22:27:39.417   970  1179 D WifiNative-wlan0: doString: GET_NETWORK 0 anonymous_identity
12-12 22:27:39.417  1200  1200 D wpa_supplicant: wlan0: Control interface command 'GET_NETWORK 0 anonymous_identity'
12-12 22:27:39.417  1200  1200 D wpa_supplicant: CTRL_IFACE: GET_NETWORK id=0 name='anonymous_identity'
12-12 22:27:39.417  1200  1200 D wpa_supplicant: CTRL_IFACE: Failed to get network variable 'anonymous_identity'
12-12 22:27:39.417   970  1179 D WifiNative-wlan0: doString: GET_NETWORK 0 password
12-12 22:27:39.417  1200  1200 D wpa_supplicant: wlan0: Control interface command 'GET_NETWORK 0 password'
12-12 22:27:39.417  1200  1200 D wpa_supplicant: CTRL_IFACE: GET_NETWORK id=0 name='password'
12-12 22:27:39.417  1200  1200 D wpa_supplicant: CTRL_IFACE: Failed to get network variable 'password'
12-12 22:27:39.417   970  1179 D WifiNative-wlan0: doString: GET_NETWORK 0 client_cert
12-12 22:27:39.417  1200  1200 D wpa_supplicant: wlan0: Control interface command 'GET_NETWORK 0 client_cert'
12-12 22:27:39.417  1200  1200 D wpa_supplicant: CTRL_IFACE: GET_NETWORK id=0 name='client_cert'
12-12 22:27:39.417  1200  1200 D wpa_supplicant: CTRL_IFACE: Failed to get network variable 'client_cert'
12-12 22:27:39.417   970  1179 D WifiNative-wlan0: doString: GET_NETWORK 0 ca_cert
12-12 22:27:39.417   318 11746 I listen_hal_loader: audio_extn_listen_update_status(): start listen. current active device = lg-vr-handset-mic. Event = 0
12-12 22:27:39.417   318 11746 V listen_hw: listen_hw_notify_event: Enter. event = 0
12-12 22:27:39.417   318 11746 V listen_hw: handle_notify_event: Enter. event type = capture is Not active
12-12 22:27:39.417   318 11746 V listen_hw: handle_notify_event: mad disabled. nothing to do = 0
12-12 22:27:39.417   318 11746 V audio_hw_primary: stop_input_stream: exit: status(0)
12-12 22:27:39.417   318 11746 V audio_hw_primary: in_standby: exit:  status(0)
12-12 22:27:39.417   318 11746 V AudioFlinger: releaseWakeLock_l() AudioIn_A
12-12 22:27:39.417  1200  1200 D wpa_supplicant: wlan0: Control interface command 'GET_NETWORK 0 ca_cert'
12-12 22:27:39.417  1200  1200 D wpa_supplicant: CTRL_IFACE: GET_NETWORK id=0 name='ca_cert'
12-12 22:27:39.417  1200  1200 D wpa_supplicant: CTRL_IFACE: Failed to get network variable 'ca_cert'
12-12 22:27:39.417   970  1179 D WifiNative-wlan0: doString: GET_NETWORK 0 subject_match
12-12 22:27:39.417  1200  1200 D wpa_supplicant: wlan0: Control interface command 'GET_NETWORK 0 subject_match'
12-12 22:27:39.417  1200  1200 D wpa_supplicant: CTRL_IFACE: GET_NETWORK id=0 name='subject_match'
12-12 22:27:39.417  1200  1200 D wpa_supplicant: CTRL_IFACE: Failed to get network variable 'subject_match'
12-12 22:27:39.417   318 11746 V AudioFlinger: RecordThread: loop stopping
12-12 22:27:39.417   318  1046 V AudioFlinger: Record stopped OK
12-12 22:27:39.417   318  1046 V AudioPolicyManagerBase: stopInput() input 10
12-12 22:27:39.417   318  1046 V AudioPolicyService: inserting command: 3 at index 0, num commands 0
12-12 22:27:39.417   318  1046 V AudioPolicyService: AudioCommandThread() adding set parameter string hotword_active=0;routing=0, io 10 ,delay 0
12-12 22:27:39.417   318   601 V AudioPolicyService: AudioCommandThread() waking up
12-12 22:27:39.417   318   601 V AudioPolicyService: AudioCommandThread() processing set parameters string hotword_active=0;routing=0, io 10
12-12 22:27:39.417   318   601 E AudioSystem: AudioSystem::setParameters()...keyValue hotword_active=0;routing=0
12-12 22:27:39.417   318   601 V AudioFlinger: setParameters(): io 10, keyvalue hotword_active=0;routing=0, calling pid 318
12-12 22:27:39.417   970  1179 D WifiNative-wlan0: doString: GET_NETWORK 0 engine
12-12 22:27:39.417  1200  1200 D wpa_supplicant: wlan0: Control interface command 'GET_NETWORK 0 engine'
12-12 22:27:39.417  1200  1200 D wpa_supplicant: CTRL_IFACE: GET_NETWORK id=0 name='engine'
12-12 22:27:39.417   318   601 V AudioFlinger: ThreadBase::setParameters() hotword_active=0;routing=0
12-12 22:27:39.417   318 11746 V AudioFlinger: RecordThread: loop starting
12-12 22:27:39.427   970  1179 D WifiNative-wlan0: doString: GET_NETWORK 0 engine_id
12-12 22:27:39.427  1200  1200 D wpa_supplicant: wlan0: Control interface command 'GET_NETWORK 0 engine_id'
12-12 22:27:39.427   318 11746 V AudioFlinger: acquireWakeLock_l() AudioIn_A status 0
12-12 22:27:39.427  1200  1200 D wpa_supplicant: CTRL_IFACE: GET_NETWORK id=0 name='engine_id'
12-12 22:27:39.427  1200  1200 D wpa_supplicant: CTRL_IFACE: Failed to get network variable 'engine_id'
12-12 22:27:39.427   318 11746 V AudioFlinger: releaseWakeLock_l() AudioIn_A
12-12 22:27:39.427   318   601 V AudioPolicyService: AudioCommandThread() going to sleep
12-12 22:27:39.427   970  1179 D WifiNative-wlan0: doString: GET_NETWORK 0 key_id
12-12 22:27:39.427  1200  1200 D wpa_supplicant: wlan0: Control interface command 'GET_NETWORK 0 key_id'
12-12 22:27:39.427  1200  1200 D wpa_supplicant: CTRL_IFACE: GET_NETWORK id=0 name='key_id'
12-12 22:27:39.427  1200  1200 D wpa_supplicant: CTRL_IFACE: Failed to get network variable 'key_id'
12-12 22:27:39.427   970  1179 D WifiNative-wlan0: doString: GET_NETWORK 0 phase1
12-12 22:27:39.427  1200  1200 D wpa_supplicant: wlan0: Control interface command 'GET_NETWORK 0 phase1'
12-12 22:27:39.427  1200  1200 D wpa_supplicant: CTRL_IFACE: GET_NETWORK id=0 name='phase1'
12-12 22:27:39.427  1200  1200 D wpa_supplicant: CTRL_IFACE: Failed to get network variable 'phase1'
12-12 22:27:39.427   318 11746 V AudioFlinger: RecordThread: loop stopping
12-12 22:27:39.427   970  1179 D WifiNative-wlan0: doString: GET_NETWORK 0 sim_slot_id
12-12 22:27:39.427  1200  1200 D wpa_supplicant: wlan0: Control interface command 'GET_NETWORK 0 sim_slot_id'
12-12 22:27:39.427  1200  1200 D wpa_supplicant: CTRL_IFACE: GET_NETWORK id=0 name='sim_slot_id'
12-12 22:27:39.427  1200  1200 D wpa_supplicant: CTRL_IFACE: Failed to get network variable 'sim_slot_id'
12-12 22:27:39.427   970  1179 D WifiConfigStore: ***WAPI : not WAPI
12-12 22:27:39.427   970  1179 D WifiNative-wlan0: doString: GET_NETWORK 0 private_key
12-12 22:27:39.427  1200  1200 D wpa_supplicant: wlan0: Control interface command 'GET_NETWORK 0 private_key'
12-12 22:27:39.427  1200  1200 D wpa_supplicant: CTRL_IFACE: GET_NETWORK id=0 name='private_key'
12-12 22:27:39.427  1200  1200 D wpa_supplicant: CTRL_IFACE: Failed to get network variable 'private_key'
12-12 22:27:39.427  1776 11740 V AudioRecord: ~AudioRecord(): voiceActivationState 0
12-12 22:27:39.427   970  1179 D WifiNative-wlan0: doBoolean: ENABLE_NETWORK 0
12-12 22:27:39.427  1200  1200 D wpa_supplicant: wlan0: Control interface command 'ENABLE_NETWORK 0'
12-12 22:27:39.427  1200  1200 D wpa_supplicant: CTRL_IFACE: ENABLE_NETWORK id=0
12-12 22:27:39.427  1200  1200 D wpa_supplicant: Fast associate: Old scan results
12-12 22:27:39.427  1200  1200 D wpa_supplicant: wlan0: Setting scan request: 0 sec 0 usec
12-12 22:27:39.427  1200  1200 D wpa_supplicant: wlan0: Starting AP scan for wildcard SSID
12-12 22:27:39.427  1200  1200 D wpa_supplicant: wlan0: nl80211: scan request
12-12 22:27:39.427  1200  1200 D wpa_supplicant: nl80211: Scan SSID - hexdump(len=0): [NULL]
12-12 22:27:39.427  1200  1200 D wpa_supplicant: Scan requested (ret=0) - scan timeout 30 seconds
12-12 22:27:39.427  1200  1200 D wpa_supplicant: nl80211: Event message available
12-12 22:27:39.427  1200  1200 D wpa_supplicant: nl80211: Drv Event 33 (NL80211_CMD_TRIGGER_SCAN) received for wlan0
12-12 22:27:39.427  1200  1200 D wpa_supplicant: wlan0: nl80211: Scan trigger
12-12 22:27:39.437   970  1179 D WifiNative-wlan0:    returned true
12-12 22:27:39.437   970  1179 D WifiNative-wlan0: doBoolean: SAVE_CONFIG
12-12 22:27:39.437  1200  1200 D wpa_supplicant: wlan0: Control interface command 'SAVE_CONFIG'
12-12 22:27:39.437  1200  1200 D wpa_supplicant: Writing configuration file '/data/misc/wifi/wpa_supplicant.conf.tmp'
12-12 22:27:39.437   970  3186 D qdlights: set_light_backlight: 66
12-12 22:27:39.447  1200  1200 D wpa_supplicant: Configuration file '/data/misc/wifi/wpa_supplicant.conf' written successfully
12-12 22:27:39.447  1200  1200 D wpa_supplicant: CTRL_IFACE: SAVE_CONFIG - Configuration updated
12-12 22:27:39.447   970  1179 D WifiNative-wlan0:    returned true
12-12 22:27:39.447   970  1179 D WifiNative-wlan0: doBoolean: RECONNECT
12-12 22:27:39.447  1200  1200 D wpa_supplicant: wlan0: Control interface command 'RECONNECT'
12-12 22:27:39.447   970  1179 D WifiNative-wlan0:    returned true
12-12 22:27:39.447   970  1179 D WifiStateMachine: transitionTo: destState=DisconnectedState
12-12 22:27:39.447   970  1179 D WifiStateMachine: handleMessage: new destination call exit/enter
12-12 22:27:39.447   970  1179 D WifiStateMachine: setupTempStateStackWithStatesToEnter: X mTempStateStackCount=2,curStateInfo: state=DriverStartedState,active=true,parent=DriverStartedStateExt
12-12 22:27:39.447   970  1222 D qdlights: set_light_backlight: 69
12-12 22:27:39.447   970  1179 D WifiStateMachine: invokeExitMethods: ScanModeState
12-12 22:27:39.447   970  1179 D WifiStateMachine: moveTempStackToStateStack: i=1,j=4
12-12 22:27:39.447   970  1179 D WifiStateMachine: moveTempStackToStateStack: i=0,j=5
12-12 22:27:39.447   970  1179 D WifiStateMachine: moveTempStackToStateStack: X mStateStackTop=5,startingIndex=4,Top=DisconnectedState
12-12 22:27:39.447   970  1179 D WifiStateMachine: invokeEnterMethods: ConnectModeState
12-12 22:27:39.447   970  1179 D WifiStateMachine: invokeEnterMethods: DisconnectedState
12-12 22:27:39.447   970  1179 E WifiStateMachine: Disable background Scan for ATT
12-12 22:27:39.447   970  1179 D WifiStateMachine: handleMessage: X
12-12 22:27:39.447   970  1179 D WifiStateMachine: handleMessage: E msg.what=131085
12-12 22:27:39.447   970  1179 D WifiStateMachine: processMsg: DisconnectedState
12-12 22:27:39.447   970  1179 D WifiStateMachine: processMsg: ConnectModeState
12-12 22:27:39.447   970  1179 D WifiStateMachine: processMsg: DriverStartedState
12-12 22:27:39.447   970  1179 D WifiStateMachine: handleMessage: X
12-12 22:27:39.447   970  1179 D WifiStateMachine: handleMessage: E msg.what=131149
12-12 22:27:39.447   970  1179 D WifiStateMachine: processMsg: DisconnectedState
12-12 22:27:39.447   970  1179 D WifiStateMachine: processMsg: ConnectModeState
12-12 22:27:39.447   970  1179 D WifiStateMachine: processMsg: DriverStartedState
12-12 22:27:39.447   970  1179 D WifiStateMachine: setSuspendOptimizationsNative: 2 true
12-12 22:27:39.447   970  1179 D WifiStateMachine: handleMessage: X
12-12 22:27:39.447   970  1178 D WifiP2pService: P2pDisabledState{ when=-1ms what=131203 target=com.android.internal.util.StateMachine$SmHandler }
12-12 22:27:39.457   970  1178 D libc    : getaddrinfo called from pid =970
12-12 22:27:39.457   970  1179 D WifiStateMachine: handleMessage: E msg.what=132106
12-12 22:27:39.457   970  1179 D WifiStateMachine: processMsg: DisconnectedState
12-12 22:27:39.457   970  1179 D WifiStateMachine: processMsg: ConnectModeState
12-12 22:27:39.457   970  1179 D WifiStateMachine: processMsg: DriverStartedState
12-12 22:27:39.457   970  1179 D WifiStateMachine: processMsg: DriverStartedStateExt
12-12 22:27:39.457   970  1179 I WifiServiceExtension: setWifiDualbandAPConnection band : 1
12-12 22:27:39.457  1200  1200 D wpa_supplicant: wlan0: Control interface command 'DUALBAND_AP_CONNECT 1'
12-12 22:27:39.457  1200  1200 E wpa_supplicant: nWIFIDualbandAPConnection: 1
12-12 22:27:39.457   970  1179 D WifiStateMachine: handleMessage: X
12-12 22:27:39.457   970  1179 D WifiStateMachine: handleMessage: E msg.what=132096
12-12 22:27:39.457   970  1179 D WifiStateMachine: processMsg: DisconnectedState
12-12 22:27:39.457   970  1179 D WifiStateMachine: processMsg: ConnectModeState
12-12 22:27:39.457   970  1179 D WifiStateMachine: processMsg: DriverStartedState
12-12 22:27:39.457   970  1179 D WifiStateMachine: processMsg: DriverStartedStateExt
12-12 22:27:39.457   970  1179 I WifiServiceExtension: set CMD_DISCONNECT_RSSI_LVL : -100
12-12 22:27:39.457  1200  1200 D wpa_supplicant: wlan0: Control interface command 'DISCONNECT_RSSI_LVL -100'
12-12 22:27:39.457  1200  1200 E wpa_supplicant: disconnect_rssi_lvl: -100
12-12 22:27:39.457   309   990 D CommandListener: Setting iface cfg
12-12 22:27:39.457   970  1179 D WifiStateMachine: handleMessage: X
12-12 22:27:39.457   309   990 D CommandListener: Trying to bring up p2p0
12-12 22:27:39.457   970  1178 D WifiMonitor: WifiMonitorSingleton gotten
12-12 22:27:39.457   970  1178 D WifiMonitor: startMonitoring(p2p0) with mConnected = true
12-12 22:27:39.457   970  1178 D WifiNative-p2p0: doBoolean: SET persistent_reconnect 1
12-12 22:27:39.457  1226  1226 V WfdStateTracker: WfdStateTracker handleDirectStateChangedEvent: 2
12-12 22:27:39.457   970  1179 D WifiStateMachine: handleMessage: E msg.what=143371
12-12 22:27:39.457   970  1179 D WifiStateMachine: processMsg: DisconnectedState
12-12 22:27:39.457   970  1179 D WifiStateMachine: processMsg: ConnectModeState
12-12 22:27:39.457   970  1179 D WifiStateMachine: processMsg: DriverStartedState
12-12 22:27:39.457   970  1179 D WifiStateMachine: processMsg: DriverStartedStateExt
12-12 22:27:39.457   970  1179 D WifiStateMachine: processMsg: SupplicantStartedState
12-12 22:27:39.457  1210  1210 D LgeClockView: java.util.GregorianCalendar[time=1513135659468,areFieldsSet=true,lenient=true,zone=America/New_York,firstDayOfWeek=1,minimalDaysInFirstWeek=1,ERA=1,YEAR=2017,MONTH=11,WEEK_OF_YEAR=50,WEEK_OF_MONTH=3,DAY_OF_MONTH=12,DAY_OF_YEAR=346,DAY_OF_WEEK=3,DAY_OF_WEEK_IN_MONTH=2,AM_PM=1,HOUR=10,HOUR_OF_DAY=22,MINUTE=27,SECOND=39,MILLISECOND=468,ZONE_OFFSET=-18000000,DST_OFFSET=0]
12-12 22:27:39.457   970  1178 D WifiP2pService: P2pEnablingState
12-12 22:27:39.457   970  1178 D WifiP2pService: P2pEnablingState{ when=0 what=147457 target=com.android.internal.util.StateMachine$SmHandler }
12-12 22:27:39.457   970  1178 D WifiP2pService: P2p socket connection successful
12-12 22:27:39.457   970  1178 D WifiP2pService: P2pEnabledState
12-12 22:27:39.457   970  1178 D WifiP2pService: sending p2p connection changed broadcast
12-12 22:27:39.467  1226  1226 D WfdsService: WifiP2pState is changed : true
12-12 22:27:39.467   970  1179 D WifiStateMachine: processMsg: DefaultState
12-12 22:27:39.467   970  1179 D WifiStateMachine: handleMessage: X
12-12 22:27:39.467  1226  1329 D WfdsService: Receive the WFDS_ENABLE Method
12-12 22:27:39.467  1210  1210 D LgeKeyguardAdaptiveText: setAdaptiveStyle - TextView = android.widget.TextView{430b81f8 V.ED.... ......ID 0,0-0,0 #7f0c00bb app:id/lge_clock_text}
12-12 22:27:39.467  1210  1210 D LgeKeyguardAdaptiveText: setAdaptiveStyle - TextView = null
12-12 22:27:39.467  1226  1226 D WfdsService: WIFI_P2P_CONNECTION_CHANGED_ACTION
12-12 22:27:39.467  1210  1210 D LgeKeyguardAdaptiveText: setAdaptiveStyle - TextView = android.widget.TextView{41bf83e8 V.ED.... ......ID 0,0-0,0 #7f0c00bc app:id/am_pm}
12-12 22:27:39.467  1226  1329 D WfdsService: Set the WFDS Monitor: true
12-12 22:27:39.467  1226  1226 E WfdsService: isConnected: false
12-12 22:27:39.467   970  3183 D qdlights: set_light_backlight: 73
12-12 22:27:39.467  1226  1329 D WfdsMonitor: WfdsMonitorThread create
12-12 22:27:39.467  1200  1200 D wpa_supplicant: p2p0: Control interface command 'SET persistent_reconnect 1'
12-12 22:27:39.467  1200  1200 D wpa_supplicant: CTRL_IFACE SET 'persistent_reconnect'='1'
12-12 22:27:39.467  1200  1200 D wpa_supplicant: persistent_reconnect=1
12-12 22:27:39.467   970  1178 D WifiNative-p2p0:    returned true
12-12 22:27:39.467   970  1178 D WifiNative-p2p0: doBoolean: SET device_name G Pad 7.0 LTE
12-12 22:27:39.467  1210  1210 D LgeKeyguardAdaptiveText: setAdaptiveStyle - TextView = android.widget.TextView{430d4698 V.ED.... ......ID 0,0-0,0 #7f0c007c app:id/date}
12-12 22:27:39.467  1210  1210 D LgeKeyguardAdaptiveText: setAdaptiveStyle - TextView = android.widget.TextView{41e6b2d8 V.ED.... ......ID 0,0-0,0 #7f0c00f5 app:id/day}
12-12 22:27:39.467  1200  1200 D wpa_supplicant: p2p0: Control interface command 'SET device_name G Pad 7.0 LTE'
12-12 22:27:39.467  1200  1200 D wpa_supplicant: CTRL_IFACE SET 'device_name'='G Pad 7.0 LTE'
12-12 22:27:39.467  1200  1200 D wpa_supplicant: device_name='G Pad 7.0 LTE'
12-12 22:27:39.467   970  1178 D WifiNative-p2p0:    returned true
12-12 22:27:39.467   970  1178 D WifiServiceExtension: postfix byte check : 13
12-12 22:27:39.467   970  1178 D WifiNative-p2p0: doBoolean: SET p2p_ssid_postfix -G Pad 7.0 LTE
12-12 22:27:39.467  1200  1200 D wpa_supplicant: p2p0: Control interface command 'SET p2p_ssid_postfix -G Pad 7.0 LTE'
12-12 22:27:39.467  1200  1200 D wpa_supplicant: CTRL_IFACE SET 'p2p_ssid_postfix'='-G Pad 7.0 LTE'
12-12 22:27:39.467  1200  1200 D wpa_supplicant: p2p_ssid_postfix='-G Pad 7.0 LTE'
12-12 22:27:39.467   970  1178 D WifiP2pService: [LGE_P2P] initializeP2pSettings() check postfix
12-12 22:27:39.467   970  1178 D WifiP2pService: before postfix = G Pad 7.0 LTE
12-12 22:27:39.467   970  1178 D WifiP2pService: after postfix = G Pad 7.0 LTE
12-12 22:27:39.477  1200  1200 D wpa_supplicant: P2P: New SSID postfix: -G Pad 7.0 LTE
12-12 22:27:39.477   970  1178 D WifiNative-p2p0:    returned true
12-12 22:27:39.477   970  1178 D WifiNative-p2p0: doBoolean: SET device_type 10-0050F204-5
12-12 22:27:39.477  1200  1200 D wpa_supplicant: p2p0: Control interface command 'SET device_type 10-0050F204-5'
12-12 22:27:39.477  1200  1200 D wpa_supplicant: CTRL_IFACE SET 'device_type'='10-0050F204-5'
12-12 22:27:39.477   970  1178 D WifiNative-p2p0:    returned true
12-12 22:27:39.477   970  1178 D WifiNative-p2p0: doBoolean: SET config_methods virtual_push_button physical_display keypad
12-12 22:27:39.477  1200  1200 D wpa_supplicant: p2p0: Control interface command 'SET config_methods virtual_push_button physical_display keypad'
12-12 22:27:39.477  1200  1200 D wpa_supplicant: CTRL_IFACE SET 'config_methods'='virtual_push_button physical_display keypad'
12-12 22:27:39.477  1200  1200 D wpa_supplicant: config_methods='virtual_push_button physical_display keypad'
12-12 22:27:39.477   970  1178 D WifiNative-p2p0:    returned true
12-12 22:27:39.477   970  1178 D WifiNative-p2p0: doBoolean: P2P_SET conc_pref p2p
12-12 22:27:39.477  1200  1200 D wpa_supplicant: p2p0: Control interface command 'P2P_SET conc_pref p2p'
12-12 22:27:39.477  1200  1200 D wpa_supplicant: Single channel concurrency preference: p2p
12-12 22:27:39.477   970  1178 D WifiNative-p2p0:    returned true
12-12 22:27:39.477   970  1178 D WifiNative-p2p0: doString: STATUS
12-12 22:27:39.477  1200  1200 D wpa_supplicant: RX global ctrl_iface - hexdump(len=6): 53 54 41 54 55 53
12-12 22:27:39.477  1226  1329 D WfdsMonitor: WFDS Monitor is created and started
12-12 22:27:39.477   970  1178 D WifiNative-p2p0:    returned p2p_device_address=5a:3f:54:df:3c:c0
12-12 22:27:39.477   970  1178 D WifiNative-p2p0: p2p_state=IDLE
12-12 22:27:39.477   970  1178 D WifiNative-p2p0: wifi_display=1
12-12 22:27:39.477   970  1178 D WifiNative-p2p0: ifname=wlan0
12-12 22:27:39.477   970  1178 D WifiNative-p2p0: address=58:3f:54:df:3c:c0
12-12 22:27:39.477   970  1178 D WifiNative-p2p0: ifname=p2p0
12-12 22:27:39.477   970  1178 D WifiNative-p2p0: address=5a:3f:54:df:3c:c0
12-12 22:27:39.477   970  1178 D WifiNative-p2p0: doBoolean: P2P_FLUSH
12-12 22:27:39.477  1226 12508 E CtrlSupplicant: Access OK "@android:wpa_wlan0"
12-12 22:27:39.477  1200  1200 D wpa_supplicant: p2p0: Control interface command 'P2P_FLUSH'
12-12 22:27:39.477  1200  1200 D wpa_supplicant: P2P: Stopping find
12-12 22:27:39.477  1200  1200 D wpa_supplicant: P2P: Clear timeout (state=IDLE)
12-12 22:27:39.477  1200  1200 D wpa_supplicant: P2P: State IDLE -> IDLE
12-12 22:27:39.477  1200  1200 D wpa_supplicant: wpa_driver_set_ap_wps_p2p_ie: Entry
12-12 22:27:39.477   970  1178 D WifiNative-p2p0:    returned true
12-12 22:27:39.477  1226 12508 E CtrlSupplicant: Succeed to open control connection
12-12 22:27:39.477   970  1178 D WifiNative-p2p0: doBoolean: P2P_SERVICE_FLUSH
12-12 22:27:39.477  1226 12508 E CtrlSupplicant: Succeed to open monitor connection
12-12 22:27:39.477  1200  1200 D wpa_supplicant: CTRL_IFACE monitor attached - hexdump(len=40): 2f 64 61 74 61 2f 6d 69 73 63 2f 77 69 66 69 2f 73 6f 63 6b 65 74 73 2f 77 70 61 5f 63 74 72 6c ...
12-12 22:27:39.477  1226 12508 D WfdsMonitor: Supplicant connection established
12-12 22:27:39.477  1200  1200 D wpa_supplicant: p2p0: Control interface command 'P2P_SERVICE_FLUSH'
12-12 22:27:39.477  1226  1329 D WfdsService: Connected to the supplicant for wfds
12-12 22:27:39.477  1226  1329 D WfdsJNI : doCommand: WFDS_SET TRUE
12-12 22:27:39.477   970  1178 D WifiNative-p2p0:    returned true
12-12 22:27:39.477  1200  1200 D wpa_supplicant: p2p0: Control interface command 'WFDS_SET TRUE'
12-12 22:27:39.477  1200  1200 I wpa_supplicant: WFDS: wfds_supplicant_wfds_cmd: cmd = SET TRUE
12-12 22:27:39.477  1200  1200 D wpa_supplicant: WFDS: wpas_wfds_setEnable set wfds_enabled = 1
12-12 22:27:39.477  1200  1200 D wpa_supplicant: WFDS: ON at wfds.c
12-12 22:27:39.477  1226  1329 D WfdsService: STATE : WfdsEnabledState - enter
12-12 22:27:39.477  1226  1329 D WfdsJNI : doCommand: WFDS_GET_MAC_ADDRESS
12-12 22:27:39.477  1200  1200 D wpa_supplicant: p2p0: Control interface command 'WFDS_GET_MAC_ADDRESS'
12-12 22:27:39.477  1200  1200 I wpa_supplicant: WFDS: wfds_supplicant_wfds_cmd: cmd = GET_MAC_ADDRESS
12-12 22:27:39.477  1200  1200 D wpa_supplicant: WFDS: MAC Address 5a:3f:54:df:3c:c0
12-12 22:27:39.477   970  1178 D WifiNative-p2p0: doString: LIST_NETWORKS
12-12 22:27:39.477  1200  1200 D wpa_supplicant: p2p0: Control interface command 'LIST_NETWORKS'
12-12 22:27:39.477   970  1178 D WifiNative-p2p0:    returned network id / ssid / bssid / flags
12-12 22:27:39.477   970  1178 D WifiNative-p2p0: doBoolean: SAVE_CONFIG
12-12 22:27:39.477   970  3184 D qdlights: set_light_backlight: 76
12-12 22:27:39.477  1200  1200 D wpa_supplicant: p2p0: Control interface command 'SAVE_CONFIG'
12-12 22:27:39.477  1200  1200 D wpa_supplicant: Writing configuration file '/data/misc/wifi/p2p_supplicant.conf.tmp'
12-12 22:27:39.477   970  1178 D WifiP2pService: DeviceAddress: 5a:3f:54:df:3c:c0
12-12 22:27:39.487  1226  1226 I WfdStateTracker: handleP2pThisDeviceChanged
12-12 22:27:39.487  1226  1226 D WfdsService: WIFI_P2P_THIS_DEVICE_CHANGED_ATCION
12-12 22:27:39.487  1226  1226 D WfdsService: Update P2p Interface State: 3
12-12 22:27:39.487  1210  1210 V KeyguardUpdateMonitor: *** register callback for com.lge.lockscreen.widget.KeyguardWidgetFrame$1@41ff1380
12-12 22:27:39.487  1210  1210 V KeyguardUpdateMonitor: *** unregister callback for null
12-12 22:27:39.487  1210  1210 V KeyguardUpdateMonitor: *** register callback for com.lge.lockscreen.widget.KeyguardStatusView$1@41e887c8
12-12 22:27:39.487  1210  1210 V KeyguardUpdateMonitor: *** unregister callback for null
12-12 22:27:39.487  1200  1200 D wpa_supplicant: Configuration file '/data/misc/wifi/p2p_supplicant.conf' written successfully
12-12 22:27:39.487  1200  1200 D wpa_supplicant: CTRL_IFACE: SAVE_CONFIG - Configuration updated
12-12 22:27:39.487   970  1178 D WifiNative-p2p0:    returned true
12-12 22:27:39.487   970  1178 D WifiP2pService: sending p2p persistent groups changed broadcast
12-12 22:27:39.497  1210  1210 D LgeKeyguardHostView: disabledByDpm : false, disabledByUser : true
12-12 22:27:39.497   970   970 E WifiServiceExtension: No p2p device connected
12-12 22:27:39.497   970  1178 D WifiNative-p2p0: doBoolean: DRIVER COUNTRY US
12-12 22:27:39.497   970  3185 D qdlights: set_light_backlight: 79
12-12 22:27:39.497  1210  1210 D LgeKeyguardHostView: disabledByDpm : false, disabledByUser : true
12-12 22:27:39.497  1210  1210 D LgeKeyguardHostView: showSmartDayWidgetPage: isSmartDay = false
12-12 22:27:39.497  1210  1210 D LgeKeyguardHostView: ensureDualClockPresentOrRemoved: isRoamingDualClockStatus = false
12-12 22:27:39.497  1210  1210 D LgeKeyguardHostView: showQremoteWidgetPage: isQremote = false
12-12 22:27:39.497  1200  1200 D wpa_supplicant: p2p0: Control interface command 'DRIVER COUNTRY US'
12-12 22:27:39.497  1210  1210 D LgeKeyguardHostView: showLgMusicWidgetPage: isLgMusicPlaying = false, mLgMusicWidgetId = 0
12-12 22:27:39.497  1200  1200 D wpa_supplicant: wpa_driver_nl80211_driver_cmd: COUNTRY US
12-12 22:27:39.497  1200  1200 D wpa_supplicant: p2p0: Event CHANNEL_LIST_CHANGED (31) received
12-12 22:27:39.497  1200  1200 D wpa_supplicant: nl80211: Regulatory information - country=00
12-12 22:27:39.497  1200  1200 D wpa_supplicant: nl80211: 2402-2472 @ 40 MHz
12-12 22:27:39.497  1200  1200 D wpa_supplicant: nl80211: 2457-2482 @ 20 MHz
12-12 22:27:39.497  1200  1200 D wpa_supplicant: nl80211: 2474-2494 @ 20 MHz
12-12 22:27:39.497  1200  1200 D wpa_supplicant: nl80211: 5170-5250 @ 40 MHz
12-12 22:27:39.497  1200  1200 D wpa_supplicant: nl80211: 5735-5835 @ 40 MHz
12-12 22:27:39.497  1200  1200 D wpa_supplicant: nl80211: Added 802.11b mode based on 802.11g information
12-12 22:27:39.497  1200  1200 D wpa_supplicant: P2P: Add operating class 81
12-12 22:27:39.497  1200  1200 D wpa_supplicant: P2P: Channels - hexdump(len=11): 01 02 03 04 05 06 07 08 09 0a 0b
12-12 22:27:39.497  1200  1200 D wpa_supplicant: P2P: Add operating class 115
12-12 22:27:39.497  1200  1200 D wpa_supplicant: P2P: Channels - hexdump(len=4): 24 28 2c 30
12-12 22:27:39.497  1200  1200 D wpa_supplicant: P2P: Add operating class 124
12-12 22:27:39.497  1200  1200 D wpa_supplicant: P2P: Channels - hexdump(len=4): 95 99 9d a1
12-12 22:27:39.497  1200  1200 D wpa_supplicant: P2P: Add operating class 116
12-12 22:27:39.497  1200  1200 D wpa_supplicant: P2P: Channels - hexdump(len=2): 24 2c
12-12 22:27:39.497  1200  1200 D wpa_supplicant: P2P: Add operating class 117
12-12 22:27:39.497  1200  1200 D wpa_supplicant: P2P: Channels - hexdump(len=2): 28 30
12-12 22:27:39.497  1200  1200 D wpa_supplicant: P2P: Add operating class 126
12-12 22:27:39.497  1200  1200 D wpa_supplicant: P2P: Channels - hexdump(len=2): 95 9d
12-12 22:27:39.497  1200  1200 D wpa_supplicant: P2P: Add operating class 127
12-12 22:27:39.497  1200  1200 D wpa_supplicant: P2P: Channels - hexdump(len=2): 99 a1
12-12 22:27:39.497  1200  1200 D wpa_supplicant: P2P: Update channel list
12-12 22:27:39.497  1200  1200 I wpa_supplicant: [LGE_PATCH] driver_cmd() country:US
12-12 22:27:39.497  1210  1210 D LgeKeyguardHostView: ensureNotificationPresentOrRemoved: hasNoti = false enabled = 0 showing = false
12-12 22:27:39.497  1200  1200 D wpa_supplicant: nl80211: Event message available
12-12 22:27:39.497  1200  1200 D wpa_supplicant: nl80211: Drv Event 36 (NL80211_CMD_REG_CHANGE) received for wlan0
12-12 22:27:39.497  1200  1200 D wpa_supplicant: nl80211: Regulatory domain change
12-12 22:27:39.497  1200  1200 D wpa_supplicant: wlan0: Event CHANNEL_LIST_CHANGED (31) received
12-12 22:27:39.497  1200  1200 D wpa_supplicant: nl80211: Regulatory information - country=00
12-12 22:27:39.497  1200  1200 D wpa_supplicant: nl80211: 2402-2472 @ 40 MHz
12-12 22:27:39.497  1200  1200 D wpa_supplicant: nl80211: 2457-2482 @ 20 MHz
12-12 22:27:39.497  1200  1200 D wpa_supplicant: nl80211: 2474-2494 @ 20 MHz
12-12 22:27:39.497  1200  1200 D wpa_supplicant: nl80211: 5170-5250 @ 40 MHz
12-12 22:27:39.497  1200  1200 D wpa_supplicant: nl80211: 5735-5835 @ 40 MHz
12-12 22:27:39.497  1200  1200 D wpa_supplicant: nl80211: Added 802.11b mode based on 802.11g information
12-12 22:27:39.497  1200  1200 D wpa_supplicant: P2P: Add operating class 81
12-12 22:27:39.497  1200  1200 D wpa_supplicant: P2P: Channels - hexdump(len=11): 01 02 03 04 05 06 07 08 09 0a 0b
12-12 22:27:39.497  1200  1200 D wpa_supplicant: P2P: Add operating class 115
12-12 22:27:39.497  1200  1200 D wpa_supplicant: P2P: Channels - hexdump(len=4): 24 28 2c 30
12-12 22:27:39.497  1200  1200 D wpa_supplicant: P2P: Add operating class 124
12-12 22:27:39.497  1200  1200 D wpa_supplicant: P2P: Channels - hexdump(len=4): 95 99 9d a1
12-12 22:27:39.497  1200  1200 D wpa_supplicant: P2P: Add operating class 116
12-12 22:27:39.497  1200  1200 D wpa_supplicant: P2P: Channels - hexdump(len=2): 24 2c
12-12 22:27:39.497  1200  1200 D wpa_supplicant: P2P: Add operating class 117
12-12 22:27:39.497  1200  1200 D wpa_supplicant: P2P: Channels - hexdump(len=2): 28 30
12-12 22:27:39.497  1200  1200 D wpa_supplicant: P2P: Add operating class 126
12-12 22:27:39.497  1200  1200 D wpa_supplicant: P2P: Channels - hexdump(len=2): 95 9d
12-12 22:27:39.497  1200  1200 D wpa_supplicant: P2P: Add operating class 127
12-12 22:27:39.497  1200  1200 D wpa_supplicant: P2P: Channels - hexdump(len=2): 99 a1
12-12 22:27:39.497  1200  1200 D wpa_supplicant: P2P: Update channel list
12-12 22:27:39.497 11629 12507 D Aatp    : /task/c894eb2826cab20d8f9c2d125bb42ed589060d7d/status
12-12 22:27:39.497  1210  1210 D LgeKeyguardHostView: disabledByDpm : false, disabledByUser : true
12-12 22:27:39.497  1210  1210 D LgeKeyguardHostView: Show right-most page 0
12-12 22:27:39.497   970  1178 D WifiP2pService: InactiveState
12-12 22:27:39.497   970  1178 D WifiP2pService: InactiveState{ when=-28ms what=139287 arg2=3 target=com.android.internal.util.StateMachine$SmHandler }
12-12 22:27:39.497   970  1178 D WifiP2pService: P2pEnabledState{ when=-28ms what=139287 arg2=3 target=com.android.internal.util.StateMachine$SmHandler }
12-12 22:27:39.497   970  1178 D WifiP2pService: DefaultState{ when=-28ms what=139287 arg2=3 target=com.android.internal.util.StateMachine$SmHandler }
12-12 22:27:39.497   970  1178 D WifiP2pService: InactiveState{ when=-28ms what=139285 arg2=4 target=com.android.internal.util.StateMachine$SmHandler }
12-12 22:27:39.497   970  1178 D WifiP2pService: P2pEnabledState{ when=-28ms what=139285 arg2=4 target=com.android.internal.util.StateMachine$SmHandler }
12-12 22:27:39.497   970  1178 D WifiP2pService: DefaultState{ when=-29ms what=139285 arg2=4 target=com.android.internal.util.StateMachine$SmHandler }
12-12 22:27:39.497   970  1178 D WifiP2pService: InactiveState{ when=-15ms what=139287 arg2=3 target=com.android.internal.util.StateMachine$SmHandler }
12-12 22:27:39.497   970  1178 D WifiP2pService: P2pEnabledState{ when=-15ms what=139287 arg2=3 target=com.android.internal.util.StateMachine$SmHandler }
12-12 22:27:39.497   970  1178 D WifiP2pService: DefaultState{ when=-15ms what=139287 arg2=3 target=com.android.internal.util.StateMachine$SmHandler }
12-12 22:27:39.497   970  1178 D WifiP2pService: InactiveState{ when=-14ms what=139283 arg2=4 target=com.android.internal.util.StateMachine$SmHandler }
12-12 22:27:39.497   970  1178 D WifiP2pService: P2pEnabledState{ when=-14ms what=139283 arg2=4 target=com.android.internal.util.StateMachine$SmHandler }
12-12 22:27:39.497   970  1178 D WifiP2pService: DefaultState{ when=-15ms what=139283 arg2=4 target=com.android.internal.util.StateMachine$SmHandler }
12-12 22:27:39.497   970  1178 D WifiP2pService: InactiveState{ when=-15ms what=143376 obj=us target=com.android.internal.util.StateMachine$SmHandler }
12-12 22:27:39.497   970  1178 D WifiP2pService: P2pEnabledState{ when=-15ms what=143376 obj=us target=com.android.internal.util.StateMachine$SmHandler }
12-12 22:27:39.507   970  1178 D WifiNative-p2p0:    returned true
12-12 22:27:39.507  1210  1210 D SlidingChallengeLayout: post moveChallengeTo Message because layout is requested.1247
12-12 22:27:39.507  1210  1210 D KeyguardSecurityModel: getSecurityMode result is None
12-12 22:27:39.517   970  3186 D qdlights: set_light_backlight: 83
12-12 22:27:39.527  1776 11740 D AudioRecord: ~AudioRecord(): send the state of record
12-12 22:27:39.527   318  1330 D AudioFlinger: sendRecordState() AudioRecord state changed. recordState 0, oldRecordState 0
12-12 22:27:39.527   318  1330 D AudioFlinger: sendRecordState() same record state.
12-12 22:27:39.527   318  1046 V AudioFlinger: releasing 9 from 1776
12-12 22:27:39.527   318   318 V AudioFlinger: RecordHandle::stop()
12-12 22:27:39.527   318  1046 V AudioFlinger:  decremented refcount to 0
12-12 22:27:39.527   318   318 V AudioFlinger: RecordThread::stop
12-12 22:27:39.527   318  1046 V AudioFlinger: purging stale effects
12-12 22:27:39.527   318   318 V AudioPolicyManagerBase: releaseInput() 10
12-12 22:27:39.527   318   318 V AudioFlinger: closeInput() 10
12-12 22:27:39.527   318   318 V AudioSystem: ioConfigChanged() event 4, ioHandle 10
12-12 22:27:39.527   318   318 V AudioFlinger: ThreadBase::exit
12-12 22:27:39.527   318 11746 V AudioFlinger: RecordThread: loop starting
12-12 22:27:39.527  1776  1840 V AudioSystem: ioConfigChanged() event 4, ioHandle 10
12-12 22:27:39.527   970  1558 V AudioSystem: ioConfigChanged() event 4, ioHandle 10
12-12 22:27:39.527  1776 11745 I MicroHotwordRecognitionRunner: Hotword detection finished
12-12 22:27:39.527  1510  1548 V AudioSystem: ioConfigChanged() event 4, ioHandle 10
12-12 22:27:39.527   318 11746 V AudioFlinger: acquireWakeLock_l() AudioIn_A status 0
12-12 22:27:39.527   318 11746 V SRS_ProcWS: SRS_Processing - SourceInDel - Source Not Located 0xb8bc9e50
12-12 22:27:39.527   318 11746 V SRS_ProcWS: SRS_Processing - SourceInDel - Source Not Deleted 0xb8bc9e50
12-12 22:27:39.527   318 11746 V AudioFlinger: releaseWakeLock_l() AudioIn_A
12-12 22:27:39.527   318 11746 V AudioFlinger: RecordThread 0xb8bc9e50 exiting
12-12 22:27:39.527   318   318 V audio_hw_primary: adev_close_input_stream
12-12 22:27:39.527  1776 11741 I MicroHotwordRecognitionRunner: Stopping hotword detection.
12-12 22:27:39.527   318   318 V audio_hw_primary: in_standby: enter
12-12 22:27:39.527   318   318 V audio_hw_primary: in_standby: exit:  status(0)
12-12 22:27:39.527   318   318 V AudioPolicyManagerBase: releaseInput() exit
12-12 22:27:39.527   318   318 V AudioFlinger: ~RecordThread RecordHooking is disabled.
12-12 22:27:39.527   318   318 V AudioFlinger: setRecordHookingEnabled( 0 ) mRecordHookingEnabled 0
12-12 22:27:39.527   318   318 E AudioFlinger: setRecordHookingEnabled() RedordHooking state is same. mRecordHookingHeapFD = 3801144
12-12 22:27:39.527   318   318 V AudioFlinger: virtual android::AudioFlinger::RecordThread::RecordTrack::~RecordTrack()
12-12 22:27:39.527   318   318 V AudioFlinger: removeClient_l() pid 1776, calling pid 318
12-12 22:27:39.527  1210  1210 D SlidingChallengeLayout: post moveChallengeTo Message because layout is requested.1247
12-12 22:27:39.527   970  1222 D qdlights: set_light_backlight: 86
12-12 22:27:39.537  1210  1210 D KeyguardSecurityModel: getSecurityMode result is None
12-12 22:27:39.537   970  1033 I SystemUI[Framework]: PhoneWindowManager.updateSystemUiVisibilityLw() :visibility=0xc1c00f02, pkg=com.android.keyguard
12-12 22:27:39.537  1210  1210 D david.choi: insets.bottom: 68, insets.top: 33
12-12 22:27:39.547   970  3183 D qdlights: set_light_backlight: 89
12-12 22:27:39.567   970  3184 D qdlights: set_light_backlight: 93
12-12 22:27:39.577  1210  1210 D KeyguardViewMediator: handleKeyguardDoneDrawing: notifying mWaitingUntilKeyguardVisible
12-12 22:27:39.577  1210  1221 D KeyguardViewMediator: done waiting for mWaitingUntilKeyguardVisible
12-12 22:27:39.577  1210  1221 D KeyguardViewMediator: setKeyguardEnabled(false)
12-12 22:27:39.577  1210  1221 D KeyguardViewMediator: remembering to reshow, hiding keyguard, disabling status bar expansion
12-12 22:27:39.577  1210  1221 D KeyguardViewMediator: hideLocked
12-12 22:27:39.587   970  3185 D qdlights: set_light_backlight: 96
12-12 22:27:39.597   970  3186 D qdlights: set_light_backlight: 99
12-12 22:27:39.617   970  1222 D qdlights: set_light_backlight: 103
12-12 22:27:39.627   970  3183 D qdlights: set_light_backlight: 106
12-12 22:27:39.657   970  3184 D qdlights: set_light_backlight: 109
12-12 22:27:39.667  1210  1210 D SlidingChallengeLayout: handleMessage(MSG_MOVE_CHALLENGE) : 1247
12-12 22:27:39.667  1210  1210 D PhoneStatusBar: disable: < expand icons alerts ticker system_info BACK home RECENT CLOCK* SEARCH QSLIDE DUAL_WINDOW MENU SIM_SWITCH QMEMO NOTIFICATION >
12-12 22:27:39.667   970  3185 D qdlights: set_light_backlight: 113
12-12 22:27:39.667  1210  1210 D KeyguardViewMediator: handleHide
12-12 22:27:39.677  1210  1210 D KeyguardSecurityModel: getSecurityMode result is None
12-12 22:27:39.677  1210  1210 D LockPatternUtilsEx: OMADM Lock is OFF
12-12 22:27:39.677   970  3186 D qdlights: set_light_backlight: 116
12-12 22:27:39.687  1210  1210 D KeyguardViewMediator: don't play sound : the stream is muted.
12-12 22:27:39.687  1210  1210 D KeyguardViewManager: hide()
12-12 22:27:39.687  1210  1210 W KeyguardViewManager: setKeyguardState(/sys/devices/virtual/input/lge_touch/keyguard): exception occurs
12-12 22:27:39.687  1210  1210 V KeyguardUpdateMonitor: *** unregister callback for com.android.keyguard.KeyguardViewManager$4@41b79a68
12-12 22:27:39.687  1210  1210 D KeyguardViewManager: LockScreen status : 0 (Lock released)
12-12 22:27:39.687  1210  1210 D KeyguardViewManager: KnockCode status : 0
12-12 22:27:39.687  1210  1210 D LgeKeyguardWallpaperContainer: releaseReferenceOfBackground queriedDrawable : android.graphics.drawable.BitmapDrawable@4209d1b8 ,referencingObject : com.android.keyguard.KeyguardViewManager@41b794f0
12-12 22:27:39.687  1210  1210 D LgeKeyguardWallpaperContainer: PortraitDrawableQueryList : com.lge.lockscreen.widget.draglayer.EffectBridgeImpl@41f1d460
12-12 22:27:39.687  1210  1210 D KeyguardModel: setArtworkBitmap : null ,isPortrait? false
12-12 22:27:39.687  1210  1210 D KeyguardViewMediator: david_debug, mShowing: true
12-12 22:27:39.687  1210  1210 D LockPatternUtilsEx: OMADM Lock is OFF
12-12 22:27:39.697  1226  1226 V SplitWindowPolicyService: receive broadcasted action: android.intent.action.USER_PRESENT, isFull? false, isPrevLock? true
12-12 22:27:39.697   970  1222 D qdlights: set_light_backlight: 119
12-12 22:27:39.697  1210  1210 D KeyguardViewMediator: adjustStatusBarLocked: mShowing=false mHidden=false isSecure=false --> flags=0x0
12-12 22:27:39.707   970  1376 I SystemUI[Framework]: StatusBar disabled: mDisabled=0x1c00000,  mDisableRecords.size=1
12-12 22:27:39.707   970  1376 I SystemUI[Framework]: StatusBar disabled: [0] userId=0, what=0x1c00000, pkg=WindowManager.LayoutParams, token=android.os.Binder@42493ce8
12-12 22:27:39.717   970  3183 D qdlights: set_light_backlight: 123
12-12 22:27:39.737   970  3184 D qdlights: set_light_backlight: 126
12-12 22:27:39.737   970  1033 I SystemUI[Framework]: PhoneWindowManager.updateSystemUiVisibilityLw() :visibility=0xc0000700, pkg=com.lge.launcher2
12-12 22:27:39.737   970  1202 D ImmersiveModeConfirmation: pkg=com.lge.launcher2 isImmersiveMode=false
12-12 22:27:39.747   970  1202 D PowerManagerService: updateUserActivitySummaryLocked: mWakefulness=Awake, mUserActivitySummary=0x1, nextTimeout=11886256 (in 892404 ms)
12-12 22:27:39.747   970  3185 D qdlights: set_light_backlight: 129
12-12 22:27:39.747  1559  1559 I [LGHome]EVENT: [Launcher.java:5668:onWindowFocusChanged()]onWindowFocusChanged() hasFocus true
12-12 22:27:39.757  1210  1210 D PhoneStatusBar: disable: < expand icons alerts ticker system_info back* home recent* clock* search* qslide* dual_window* menu* sim_switch* qmemo* notification* >
12-12 22:27:39.757   970  1558 W InputMethodManagerService: Window already focused, ignoring focus gain of: com.android.internal.view.IInputMethodClient$Stub$Proxy@42934858 attribute=null, token = android.os.BinderProxy@42466d18
12-12 22:27:39.767   970  3186 D qdlights: set_light_backlight: 133
12-12 22:27:39.777  1776 11735 E GmsClient: Calling connect() while still connected, missing disconnect().
12-12 22:27:39.777   970  1222 D qdlights: set_light_backlight: 136
12-12 22:27:39.797   970  3183 D qdlights: set_light_backlight: 139
12-12 22:27:39.797  1776 12512 I MicroHotwordRecognitionRunner: Starting hotword detection.
12-12 22:27:39.797  1776 12511 V AudioRecord: sampleRate 16000, channelMask 0x10, format 1
12-12 22:27:39.797  1776 12511 V AudioRecord: inputSource 1999
12-12 22:27:39.797  1776 12511 V AudioRecord: set(): sampleRate 16000, channelMask 0x10, frameCount 128000
12-12 22:27:39.797  1776 12511 D AudioRecord: set(): voiceActivationState 0
12-12 22:27:39.797  1776 12511 V AudioRecord: AudioRecord::set() minFrameCount = 640
12-12 22:27:39.797  1776 12511 V AudioRecord: set(): mSessionId 11
12-12 22:27:39.797   318  1330 V audio_hw_primary: adev_open_input_stream: enter
12-12 22:27:39.797   318  1330 D audio_hw_hfp: audio_extn_hfp_is_active: status(0)
12-12 22:27:39.797   318  1330 V audio_hw_primary: adev_open_input_stream: exit
12-12 22:27:39.797   318  1330 V AudioFlinger: openInput() openInputStream returned input 0xb8bc9970, SamplingRate 16000, Format 1, Channels 10, status 0
12-12 22:27:39.797   318  1330 V AudioFlinger: openInput() created record thread: ID 12 thread 0xb8bc9e50
12-12 22:27:39.797   318  1330 V AudioSystem: ioConfigChanged() event 3, ioHandle 12
12-12 22:27:39.797   970  1375 V AudioSystem: ioConfigChanged() event 3, ioHandle 12
12-12 22:27:39.797  1510  2001 V AudioSystem: ioConfigChanged() event 3, ioHandle 12
12-12 22:27:39.797  1776  1788 V AudioSystem: ioConfigChanged() event 3, ioHandle 12
12-12 22:27:39.797   970  1918 I ActivityManager: Start proc com.google.android.gms for service com.google.android.gms/.icing.service.IndexService: pid=12513 uid=10010 gids={50010, 3003, 1007, 1028, 1015, 3002, 3001, 3007, 2001, 3006}
12-12 22:27:39.807   318   318 V AudioFlinger: RecordTrack constructor
12-12 22:27:39.807   318   318 V AudioFlinger: acquiring 11 from 1776
12-12 22:27:39.807   318   318 V AudioFlinger:  added new entry for 11
12-12 22:27:39.807   318 12517 V audio_hw_primary: in_standby: enter
12-12 22:27:39.807  1776 12511 V AudioRecord: start, sync event 0 trigger session 0
