12-12 22:27:43.417   970  1179 D WifiStateMachine:  new: {InterfaceName: wlan0 LinkAddresses: [192.168.1.10/24,]  Routes: [192.168.1.0/24 -> 0.0.0.0,0.0.0.0/0 -> 192.168.1.1,] DnsAddresses: [10.0.100.10,] Domains: local MTU: 0HttpProxy: [ProxyProperties.mHost == null] }
12-12 22:27:43.417   970  1179 D WifiStateMachine: transitionTo: destState=VerifyingLinkState
12-12 22:27:43.417   970  1179 D WifiStateMachine: handleMessage: new destination call exit/enter
12-12 22:27:43.417   970  1179 D WifiStateMachine: setupTempStateStackWithStatesToEnter: X mTempStateStackCount=1,curStateInfo: state=L2ConnectedState,active=true,parent=ConnectModeState
12-12 22:27:43.417   970  1179 D WifiStateMachine: invokeExitMethods: ObtainingIpState
12-12 22:27:43.417   970  1179 D WifiStateMachine: moveTempStackToStateStack: i=0,j=6
12-12 22:27:43.417   970  1179 D WifiStateMachine: moveTempStackToStateStack: X mStateStackTop=6,startingIndex=6,Top=VerifyingLinkState
12-12 22:27:43.417   970  1179 D WifiStateMachine: invokeEnterMethods: VerifyingLinkState
12-12 22:27:43.417   970  1179 D WifiStateMachine: VerifyingLinkState enter
12-12 22:27:43.417   970  1179 D WifiStateMachine: setDetailed state, old =OBTAINING_IPADDR and new state=VERIFYING_POOR_LINK
12-12 22:27:43.417   970  1179 D WifiStateMachine: handleMessage: X
12-12 22:27:43.417  1210  1210 D KeyguardUpdateMonitor: received broadcast android.net.wifi.STATE_CHANGE
12-12 22:27:43.417   970  1178 D WifiP2pService: InactiveState{ when=0 what=143375 target=com.android.internal.util.StateMachine$SmHandler }
12-12 22:27:43.417   970  1178 D WifiP2pService: P2pEnabledState{ when=0 what=143375 target=com.android.internal.util.StateMachine$SmHandler }
12-12 22:27:43.427   970  1184 D ConnectivityServiceHSM: Actual State: DefaultConnectivityState, Current State: DefaultConnectivityState.processMessage what=458753
12-12 22:27:43.427   970  1184 D ConnectivityServiceHSM: Actual State: DefaultConnectivityState, Current State: DefaultConnectivityState.processMessage what=5003
12-12 22:27:43.427   460   460 E Parcel  : Reading a NULL string not supported here.
12-12 22:27:43.427   460   460 E Parcel  : Reading a NULL string not supported here.
12-12 22:27:43.427   460   460 E Parcel  : Reading a NULL string not supported here.
12-12 22:27:43.427   970   970 W WifiStateTracker: NETWORK_STATE_CHANGED_ACTION Link configuration changed : 
12-12 22:27:43.427   970   970 W WifiStateTracker: 
12-12 22:27:43.427   970   970 W WifiStateTracker:  old: {LinkAddresses: []  Routes: [] DnsAddresses: [] Domains: null MTU: 0}
12-12 22:27:43.427   970   970 W WifiStateTracker:  new: {InterfaceName: wlan0 LinkAddresses: [192.168.1.10/24,]  Routes: [192.168.1.0/24 -> 0.0.0.0,0.0.0.0/0 -> 192.168.1.1,] DnsAddresses: [10.0.100.10,] Domains: local MTU: 0HttpProxy: [ProxyProperties.mHost == null] }
12-12 22:27:43.427   970  1184 D QcConnectivityService: handleConnectivityChange: preConnState=0 connState=2
12-12 22:27:43.437   970   970 D CaptivePortalTracker: [LGLWD] WIFI_NETWORK_STATE_CHANGED_ACTION - WIFI State : VERIFYING_POOR_LINK
12-12 22:27:43.437   970   970 W Settings: Setting stay_on_while_plugged_in has moved from android.provider.Settings.System to android.provider.Settings.Global, returning read-only value.
12-12 22:27:43.437   970   970 W Settings: Setting wifi_sleep_policy has moved from android.provider.Settings.System to android.provider.Settings.Global, returning read-only value.
12-12 22:27:43.437   970   970 D WifiOffDelayIfNotUsed: NETWORK_STATE_CHANGED_ACTION [VERIFYING_POOR_LINK]
12-12 22:27:43.437   970  1179 D WifiStateMachine: handleMessage: E msg.what=135190
12-12 22:27:43.437   970  1179 D WifiStateMachine: processMsg: VerifyingLinkState
12-12 22:27:43.437   970  1179 D WifiStateMachine: VerifyingLinkState GOOD_LINK_DETECTED: transition to captive portal check
12-12 22:27:43.437   970  1179 D WifiStateMachine: transitionTo: destState=CaptivePortalCheckState
12-12 22:27:43.437  2198  2198 D ATTAPNWidget: receive NETWORK_STATE_CHANGED_ACTION
12-12 22:27:43.437   970  1179 D WifiStateMachine: handleMessage: new destination call exit/enter
12-12 22:27:43.437   970  1179 D WifiStateMachine: setupTempStateStackWithStatesToEnter: X mTempStateStackCount=1,curStateInfo: state=L2ConnectedState,active=true,parent=ConnectModeState
12-12 22:27:43.437   970  1179 D WifiStateMachine: invokeExitMethods: VerifyingLinkState
12-12 22:27:43.437   970  1179 D WifiStateMachine: moveTempStackToStateStack: i=0,j=6
12-12 22:27:43.437   970  1179 D WifiStateMachine: moveTempStackToStateStack: X mStateStackTop=6,startingIndex=6,Top=CaptivePortalCheckState
12-12 22:27:43.437   970  1179 D WifiStateMachine: invokeEnterMethods: CaptivePortalCheckState
12-12 22:27:43.437   970  1179 D WifiStateMachine: CaptivePortalCheckState enter
12-12 22:27:43.437   970  1179 D WifiStateMachine: setDetailed state, old =VERIFYING_POOR_LINK and new state=CAPTIVE_PORTAL_CHECK
12-12 22:27:43.437   970  1179 D WifiStateMachine: handleMessage: X
12-12 22:27:43.437   970  1184 D Nat464Xlat: requiresClat: netType=1, hasIPv4Address=true
12-12 22:27:43.447  1210  1210 D KeyguardUpdateMonitor: received broadcast android.net.wifi.STATE_CHANGE
12-12 22:27:43.447   970  1184 D ConnectivityServiceHSM: Actual State: DefaultConnectivityState, Current State: DefaultConnectivityState.processMessage what=458752
12-12 22:27:43.447   970  1184 D ConnectivityServiceHSM: Actual State: DefaultConnectivityState, Current State: DefaultConnectivityState.processMessage what=5009
12-12 22:27:43.447   970  1179 D WifiStateMachine: handleMessage: E msg.what=131092
12-12 22:27:43.447   970  1179 D WifiStateMachine: processMsg: CaptivePortalCheckState
12-12 22:27:43.447   460   460 E Parcel  : Reading a NULL string not supported here.
12-12 22:27:43.447   460   460 E Parcel  : Reading a NULL string not supported here.
12-12 22:27:43.447   460   460 E Parcel  : Reading a NULL string not supported here.
12-12 22:27:43.447   970  1179 D WifiStateMachine: CaptivePortalCheckState CMD_CAPTIVE_CHECK_COMPLETE
12-12 22:27:43.447   970   970 D CaptivePortalTracker: [LGLWD] WIFI_NETWORK_STATE_CHANGED_ACTION - WIFI State : CAPTIVE_PORTAL_CHECK
12-12 22:27:43.447   970  1179 D WifiStateMachine: setDetailed state, old =CAPTIVE_PORTAL_CHECK and new state=CONNECTED
12-12 22:27:43.447   970  1184 D QcConnectivityService: Captive portal check NetworkInfo: type: WIFI[], state: CONNECTING/CAPTIVE_PORTAL_CHECK, reason: (unspecified), extra: "9902436592", roaming: false, failover: false, isAvailable: true, smCause: 0, isConnectedToProvisioningNetwork: false
12-12 22:27:43.447   970  1184 D QcConnectivityService: handleCaptivePortalTrackerCheck: call captivePortalCheckComplete ni=NetworkInfo: type: WIFI[], state: CONNECTING/CAPTIVE_PORTAL_CHECK, reason: (unspecified), extra: "9902436592", roaming: false, failover: false, isAvailable: true, smCause: 0, isConnectedToProvisioningNetwork: false
12-12 22:27:43.447   970  1184 D QcConnectivityService: handleInetConditionChange: no active default network - ignore
12-12 22:27:43.457   970   970 W Settings: Setting stay_on_while_plugged_in has moved from android.provider.Settings.System to android.provider.Settings.Global, returning read-only value.
12-12 22:27:43.457   970  1179 D WifiStateMachine: transitionTo: destState=ConnectedState
12-12 22:27:43.457  2198  2198 D ATTAPNWidget: Connectivity NETWORK_STATE_CHANGED Disconnected
12-12 22:27:43.457   970   970 W Settings: Setting wifi_sleep_policy has moved from android.provider.Settings.System to android.provider.Settings.Global, returning read-only value.
12-12 22:27:43.457   970   970 D WifiOffDelayIfNotUsed: NETWORK_STATE_CHANGED_ACTION [CAPTIVE_PORTAL_CHECK]
12-12 22:27:43.457   970  1179 D WifiStateMachine: handleMessage: new destination call exit/enter
12-12 22:27:43.457   970  1179 D WifiStateMachine: setupTempStateStackWithStatesToEnter: X mTempStateStackCount=1,curStateInfo: state=L2ConnectedState,active=true,parent=ConnectModeState
12-12 22:27:43.457   970  1179 D WifiStateMachine: invokeExitMethods: CaptivePortalCheckState
12-12 22:27:43.457   970  1179 D WifiStateMachine: moveTempStackToStateStack: i=0,j=6
12-12 22:27:43.457   970  1179 D WifiStateMachine: moveTempStackToStateStack: X mStateStackTop=6,startingIndex=6,Top=ConnectedState
12-12 22:27:43.457  2198  2198 D ATTAPNWidget: receive NETWORK_STATE_CHANGED_ACTION
12-12 22:27:43.457  2198  2198 D ATTAPNWidget: Connectivity NETWORK_STATE_CHANGED Disconnected
12-12 22:27:43.457  1210  1210 D KeyguardUpdateMonitor: received broadcast android.net.wifi.STATE_CHANGE
12-12 22:27:43.457   970   970 D WifiHS20: [PASSPOINT] passpointNotification: hs20AP list is checked
12-12 22:27:43.457   970   970 D WifiHS20: hidePasspointNotification off =false
12-12 22:27:43.467   970  1179 D WifiStateMachine: invokeEnterMethods: ConnectedState
12-12 22:27:43.467   970  1179 D WifiStateMachine: handleMessage: X
12-12 22:27:43.467  1226  1226 V WfdStateTracker: handleWifiStateChangedEvent: 1
12-12 22:27:43.477   970  1184 D ConnectivityServiceHSM: Actual State: DefaultConnectivityState, Current State: DefaultConnectivityState.processMessage what=458752
12-12 22:27:43.477   970  1184 D ConnectivityServiceHSM: ConnectivityChange for WIFI: CONNECTED/CONNECTED
12-12 22:27:43.477   970  1184 D ConnectivityServiceHSM: Actual State: DefaultConnectivityState, Current State: DefaultConnectivityState.processMessage what=5001
12-12 22:27:43.477   970  1184 D libc    : getaddrinfo called from pid =970
12-12 22:27:43.477  2198  2198 D ATTAPNWidget: receive NETWORK_STATE_CHANGED_ACTION
12-12 22:27:43.477   460   460 E Parcel  : Reading a NULL string not supported here.
12-12 22:27:43.477   460   460 E Parcel  : Reading a NULL string not supported here.
12-12 22:27:43.477   970   970 D CaptivePortalTracker: [LGLWD] WIFI_NETWORK_STATE_CHANGED_ACTION - WIFI State : CONNECTED
12-12 22:27:43.477   970   970 W Settings: Setting stay_on_while_plugged_in has moved from android.provider.Settings.System to android.provider.Settings.Global, returning read-only value.
12-12 22:27:43.477   970   970 W Settings: Setting wifi_sleep_policy has moved from android.provider.Settings.System to android.provider.Settings.Global, returning read-only value.
12-12 22:27:43.477   970   970 D WifiOffDelayIfNotUsed: NETWORK_STATE_CHANGED_ACTION [CONNECTED]
12-12 22:27:43.477   460   460 E Parcel  : Reading a NULL string not supported here.
12-12 22:27:43.477   970  1184 D DSQN    : DCF Disabled ignore enableDataServiceNotify
12-12 22:27:43.477   970  1184 D QcConnectivityService: handleConnectivityChange:1 is conntected
12-12 22:27:43.477   970  1184 D QcConnectivityService: handleConnectivityChange: preConnState=2 connState=1
12-12 22:27:43.477   970  1184 E QcConnectivityService: test_dns: 
12-12 22:27:43.487   309   990 D libc    : getaddrinfo called from pid =309
12-12 22:27:43.487  2198  2198 D ATTAPNWidget: Current wifi ssid is <9902436592>, length=10
12-12 22:27:43.487   970  1184 D QcConnectivityService: set IP family type in DNS server, ifname =wlan0, ipv4 = true, ipv6 = false
12-12 22:27:43.497   309   990 D libc    : getaddrinfo called from pid =309
12-12 22:27:43.497   309   990 D libc    : getaddrinfo called from pid =309
12-12 22:27:43.507   309   990 D libc    : getaddrinfo called from pid =309
12-12 22:27:43.507   309   990 D libc    : getaddrinfo called from pid =309
12-12 22:27:43.507  2198  2198 D ATTAPNWidget: Connectivity NETWORK_STATE_CHANGED 9902436592 Connected
12-12 22:27:43.507   309   990 D libc    : getaddrinfo called from pid =309
12-12 22:27:43.507   309   990 D libc    : getaddrinfo called from pid =309
12-12 22:27:43.507   309   990 D libc    : getaddrinfo called from pid =309
12-12 22:27:43.507   309   990 D libc    : getaddrinfo called from pid =309
12-12 22:27:43.507   309   990 D libc    : getaddrinfo called from pid =309
12-12 22:27:43.507   309   990 D libc    : getaddrinfo called from pid =309
12-12 22:27:43.517   309   990 V         : RouteController
12-12 22:27:43.527   303   381 I Vold    : [LGE][VOLD][NetlinkHandler.cpp][onEvent()] subsys:cpu, action:0
12-12 22:27:43.537   303   381 I Vold    : [LGE][VOLD][NetlinkHandler.cpp][onEvent()] subsys:cpu, action:0
12-12 22:27:43.607 11629 12499 D AWSDeviceFarmAndroidLib: connected: true
12-12 22:27:43.607 11629 12499 D AWSDeviceFarmAndroidLib: WiFiLock: acquire
12-12 22:27:43.607 11629 11629 D AatpDeviceManager: taskStatus update (c894eb2826cab20d8f9c2d125bb42ed589060d7d: {"result":"Wifi enabled: true","state":2})
12-12 22:27:43.607  1519  1534 I com.skyfire.browser.toolbar.ProcessObserverService: On importance changed 11629,15807,100
12-12 22:27:43.607  1519  1536 I com.skyfire.browser.toolbar.ProcessObserverService: On importance changed 11629,15807,130
12-12 22:27:43.607   970  1555 D WifiService: acquireWifiLockLocked: WifiLock{AWSDeviceFarmAndroidLib type=3 binder=android.os.BinderProxy@42b5dc68}, 11629, uid=15807, packageName=com.amazon.aatp.aatpdevicemanager
12-12 22:27:43.607   970   970 D NotificationService: updateLightListLocked :r=NotificationRecord(0x42fa6a48: pkg=com.amazon.aatp.aatpdevicemanager user=UserHandle{0} id=1096041558 tag=null score=0: Notification(pri=0 contentView=com.amazon.aatp.aatpdevicemanager/0x1090064 vibrate=null sound=null defaults=0x0 flags=0x62 kind=[null])), action=2
12-12 22:27:43.607   970   970 D NotificationService: notification=Notification(pri=0 contentView=com.amazon.aatp.aatpdevicemanager/0x1090064 vibrate=null sound=null defaults=0x0 flags=0x62 kind=[null])
12-12 22:27:43.637   309   990 V         : RouteController
12-12 22:27:43.637   309   990 V         : RouteController
12-12 22:27:43.637   309   990 V         : RouteController
12-12 22:27:43.647   309   990 V         : RouteController
12-12 22:27:43.657   309   990 V         : RouteController
12-12 22:27:43.667 11629 12602 D Aatp    : /task/c894eb2826cab20d8f9c2d125bb42ed589060d7d/status
12-12 22:27:43.667   309   990 V         : RouteController
12-12 22:27:43.667   309   990 V         : RouteController
12-12 22:27:43.677   309   990 V         : RouteController
12-12 22:27:43.687   970  1174 D libc    : getaddrinfo called from pid =970
12-12 22:27:43.687   970  1174 D libc    : getaddrinfo called from pid =970
12-12 22:27:43.687   970  1184 D Nat464Xlat: requiresClat: netType=1, hasIPv4Address=true
12-12 22:27:43.697   309 12609 D libc    : getaddrinfo called from pid =309
12-12 22:27:43.697   309 12609 D libc    : _dns_getaddrinfo: iptype =1
12-12 22:27:43.697   309 12609 D libc    : _dns_getaddrinfo: query_ipv4=1, query_ipv6=0
12-12 22:27:43.697   970   970 D LocSvc_java: updateNetworkState available info: NetworkInfo: type: WIFI[], state: CONNECTED/CONNECTED, reason: (unspecified), extra: "9902436592", roaming: false, failover: false, isAvailable: true, smCause: 0, isConnectedToProvisioningNetwork: false
12-12 22:27:43.697   460  1025 D QCNEA   : |CAC| readCallback: read len:492, ret:0, errno:0
12-12 22:27:43.697   460  1025 D QCNEA   : |CAC| updateWlanNetCfgInfo
12-12 22:27:43.697   460  1025 D QCNEA   : |CAC| updateNetCfgInfo
12-12 22:27:43.697   460  1025 V QCNEA   : |CAC| *********************************************
12-12 22:27:43.697   460  1025 V QCNEA   : |CAC|                   Netconfig               
12-12 22:27:43.697   460  1025 V QCNEA   : |CAC| *********************************************
12-12 22:27:43.697   460  1025 V QCNEA   : |CAC| 	NetConfig: Net type   =1
12-12 22:27:43.697   460  1025 V QCNEA   : |CAC| 	NetConfig: subtype rl =21
12-12 22:27:43.697   460  1025 V QCNEA   : |CAC| 	NetConfig:         fl =21
12-12 22:27:43.697   460  1025 V QCNEA   : |CAC| 	NetConfig: ip4        =192.168.1.10
12-12 22:27:43.697   460  1025 V QCNEA   : |CAC| 	NetConfig: ip6        =::
12-12 22:27:43.697   460  1025 V QCNEA   : |CAC| 	NetConfig: mtu        =1500
12-12 22:27:43.697   460  1025 V QCNEA   : |CAC| 	NetConfig: Default    =true
12-12 22:27:43.697   460  1025 V QCNEA   : |CAC| *********************************************
12-12 22:27:43.697   460  1025 D QCNEA   : |CAC| Received bssid= 74:da:38:2b:43:fd
12-12 22:27:43.697   460  1025 D QCNEA   : |CAC| net type = 1
12-12 22:27:43.697   460  1025 V QCNEA   : |CAC| 	bssid           =74:da:38:2b:43:fd
12-12 22:27:43.697   460  1025 D QCNEA   : |CAC| Received ssid= 9902436592
12-12 22:27:43.697   460  1025 V QCNEA   : |CAC| 	ssid           =9902436592
12-12 22:27:43.697   460  1025 V QCNEA   : |CAC| 	DNS v4        =10.0.100.10
12-12 22:27:43.697   460  1025 V QCNEA   : |CAC| 	DNS v4        =0.0.0.0
12-12 22:27:43.697   460  1025 V QCNEA   : |CAC| *********************************************
12-12 22:27:43.697   460  1025 D QCNEA   : |CAC| updateCache: CAS_WLAN_NETCFG_INFO
12-12 22:27:43.697   460  1025 D QCNEA   : |CAC| dispatching netcfgupdate for wlan
12-12 22:27:43.697   460  1025 D QCNEA   : |CAC| dispatchNetCfg: updating:0xb7f3a944
12-12 22:27:43.697   460  1025 I QCNEA   : |CAC| getfeaturestatus
12-12 22:27:43.697   460  1025 I QCNEA   : |CAC| getWlanSuppNetConfig
12-12 22:27:43.697   460  1025 I QCNEA   : |CAC| Reading wlan net config
12-12 22:27:43.697   460  1025 D QCNEA   : |CAC| bssid octet 0 = 0x74
12-12 22:27:43.697   460  1025 D QCNEA   : |CAC| bssid octet 1 = 0xda
12-12 22:27:43.697   460  1025 D QCNEA   : |CAC| bssid octet 2 = 0x38
12-12 22:27:43.697   460  1025 D QCNEA   : |CAC| bssid octet 3 = 0x2b
12-12 22:27:43.697   460  1025 D QCNEA   : |CAC| bssid octet 4 = 0x43
12-12 22:27:43.697   460  1025 D QCNEA   : |CAC| bssid octet 5 = 0xfd
12-12 22:27:43.697   970  1022 D GpsLocationProvider: updateNetworkState available info: NetworkInfo: type: WIFI[], state: CONNECTED/CONNECTED, reason: (unspecified), extra: "9902436592", roaming: false, failover: false, isAvailable: true, smCause: 0, isConnectedToProvisioningNetwork: false
12-12 22:27:43.697  1510  1550 I TelephonyProvider: getPreferredApnId: subscription=0
12-12 22:27:43.697  1510  2001 I TelephonyProvider: getPreferredApnId: subscription=0
12-12 22:27:43.707   460  1025 D QCNEA   : |CAC| readCallback: read len:0, ret:-1, errno:11
12-12 22:27:43.707   970   970 D LocSvc_java: getAGpsConnectionInfo connType - 4
12-12 22:27:43.707   970   970 D LocSvc_java: ignore wifi update if we are not in OPENING or CLOSING
12-12 22:27:43.707   970  1022 D GpsLocationProvider: updateNetworkState(),mNetworkAvailable =true, info.isConnected() =true, mSupportsXtra =false
12-12 22:27:43.727   970  1174 D libc    : dnsproxy getaddrinfo returns 0
12-12 22:27:43.747 11629 12612 D Aatp    : /bluetooth
12-12 22:27:43.767 11629 12612 D Aatp    : sha1: 51bbd251efe990fa8260f71d8d046831688ab460
12-12 22:27:43.767 11629 12612 D AatpDeviceManager: k: enabled v: True
12-12 22:27:43.767 11629 12612 D AatpDeviceManager: k: NanoHttpd.QUERY_STRING v: enabled=True
12-12 22:27:43.767  1519  1534 I com.skyfire.browser.toolbar.ProcessObserverService: On importance changed 11629,15807,100
12-12 22:27:43.767  1519  1536 I com.skyfire.browser.toolbar.ProcessObserverService: On importance changed 11629,15807,130
12-12 22:27:43.767   970  1184 D ConnectivityServiceHSM: Actual State: DefaultConnectivityState, Current State: DefaultConnectivityState.processMessage what=112
12-12 22:27:43.767   970  1184 D ConnectivityServiceHSM: Actual State: DefaultConnectivityState, Current State: DefaultConnectivityState.processMessage what=112
12-12 22:27:43.767   970  1184 D MobileDataStateTracker: default: setPolicyDataEnable(enabled=true)
12-12 22:27:43.777 11629 12612 D Aatp    : /task/51bbd251efe990fa8260f71d8d046831688ab460
12-12 22:27:43.777 11629 11629 D AatpDeviceManager: taskStatus update (51bbd251efe990fa8260f71d8d046831688ab460: {"state":1})
12-12 22:27:43.777 11629 12614 D AWSDeviceFarmAndroidLib: setEnabled: enabled: true
12-12 22:27:43.777   970  1184 D ConnectivityServiceHSM: Actual State: DefaultConnectivityState, Current State: DefaultConnectivityState.processMessage what=112
12-12 22:27:43.777   970  1184 D ConnectivityServiceHSM: Actual State: DefaultConnectivityState, Current State: DefaultConnectivityState.processMessage what=112
12-12 22:27:43.777   970  1184 D MobileDataStateTracker: default: setPolicyDataEnable(enabled=true)
12-12 22:27:43.787   970  1034 D BluetoothManagerService: Message: 20
12-12 22:27:43.787 11629 12614 D AWSDeviceFarmAndroidLib: setEnabled: setting bluetooth to: true
12-12 22:27:43.787   970  1554 D BluetoothManagerService: checkIfCallerIsForegroundUser: valid=true callingUser=0 foregroundUser=0
12-12 22:27:43.787   970  1179 D WifiStateMachine: handleMessage: E msg.what=131155
12-12 22:27:43.787   970  1179 D WifiStateMachine: processMsg: ConnectedState
12-12 22:27:43.787   970  1179 D WifiStateMachine: processMsg: L2ConnectedState
12-12 22:27:43.787   970  1179 D WifiNative-wlan0: doString: SIGNAL_POLL
12-12 22:27:43.787  1200  1200 D wpa_supplicant: wlan0: Control interface command 'SIGNAL_POLL'
12-12 22:27:43.787   970  1554 D BluetoothManagerService: enable():  mBluetooth =null mBinding = false
12-12 22:27:43.797  1200  1200 D wpa_supplicant: nl80211: survey data missing!
12-12 22:27:43.797   970  1179 D WifiStateMachine: handleMessage: X
12-12 22:27:43.797   460   460 E Parcel  : Reading a NULL string not supported here.
12-12 22:27:43.797   460   460 E Parcel  : Reading a NULL string not supported here.
12-12 22:27:43.797   970   970 D NotificationService: updateLightListLocked :r=null, action=2
12-12 22:27:43.907 11629 12617 D Aatp    : /task/51bbd251efe990fa8260f71d8d046831688ab460/status
12-12 22:27:43.957   970  1034 D dalvikvm: GC_EXPLICIT freed 2319K, 45% free 17279K/31140K, paused 5ms+15ms, total 171ms
12-12 22:27:43.957   970  1034 D BluetoothManagerService: Added callback: android.bluetooth.IBluetoothManagerCallback$Stub$Proxy@42e3d440:true
12-12 22:27:43.957   970  1034 D BluetoothManagerService: Message: 1
12-12 22:27:43.957   970  1034 D BluetoothManagerService: MESSAGE_ENABLE: mBluetooth = null
12-12 22:27:43.967   970  1034 I ActivityManager: Start proc com.android.bluetooth for service com.android.bluetooth/.btservice.AdapterService: pid=12618 uid=1002 gids={41002, 3003, 3002, 3001, 1028, 1015, 3005, 1016, 3008, 4002, 1023}
12-12 22:27:43.977  1519  1534 I com.skyfire.browser.toolbar.ProcessObserverService: On importance changed 12618,1002,400
12-12 22:27:43.987 12618 12618 D HyLog   : I : /data/font/config/sfconfig.dat, No such file or directory (2)
12-12 22:27:43.987 12618 12618 D HyLog   : I : /data/font/config/dfactpre.dat, No such file or directory (2)
12-12 22:27:43.987 12618 12618 D HyLog   : I : /data/font/config/sfconfig.dat, No such file or directory (2)
12-12 22:27:43.997 12618 12618 I dalvikvm: Zip is good, but no classes.dex inside, and no valid .odex file in the same directory
12-12 22:27:44.027  2198  2198 D ATTAPNWidget: Wifi Wispr, try to obtain msdin number 0
12-12 22:27:44.037 12618 12618 D LGBluetoothXmlHandler: dvice configuraion start
12-12 22:27:44.037 12618 12618 D LGBluetoothXmlHandler: startDocument!
12-12 22:27:44.037 12618 12618 D LGBluetoothXmlHandler: startElement - elet = Device
12-12 22:27:44.037 12618 12618 D LGBluetoothXmlHandler: startElement - elet = Feature
12-12 22:27:44.037 12618 12618 D LGBluetoothXmlHandler: startElement - elet = VIEW
12-12 22:27:44.037 12618 12618 D LGBluetoothXmlHandler: startElement - elet = Profile
12-12 22:27:44.037 12618 12618 D LGBluetoothXmlHandler: startElement - elet = PBAP
12-12 22:27:44.037 12618 12618 D LGBluetoothXmlHandler: startElement - elet = MAP
12-12 22:27:44.037 12618 12618 D LGBluetoothXmlHandler: startElement - elet = SAP
12-12 22:27:44.037 12618 12618 D LGBluetoothXmlHandler: startElement - elet = HFP
12-12 22:27:44.037 12618 12618 D LGBluetoothXmlHandler: startElement - elet = Ble
12-12 22:27:44.037 12618 12618 D LGBluetoothXmlHandler: startElement - elet = BLEAPP
12-12 22:27:44.037 12618 12618 D LGBluetoothXmlHandler: startElement - elet = UXGUI
12-12 22:27:44.037 12618 12618 D LGBluetoothXmlHandler: startElement - elet = BTHELP
12-12 22:27:44.037 12618 12618 D LGBluetoothXmlHandler: startElement - elet = BTUX
12-12 22:27:44.037 12618 12618 D LGBluetoothXmlHandler: startElement - elet = INVISIBLE_ADDR
12-12 22:27:44.037 12618 12618 D LGBluetoothXmlHandler: startElement - elet = INVISIBLE_ADDR
12-12 22:27:44.037 12618 12618 D LGBluetoothXmlHandler: startElement - elet = HEADSET_BATTERY_STATUS
12-12 22:27:44.037 12618 12618 D LGBluetoothXmlHandler: startElement - elet = BATTERY_STATUS
12-12 22:27:44.037 12618 12618 D LGBluetoothXmlHandler: endDocument!
12-12 22:27:44.037 12618 12618 D ProfileConfigQcom: [BTUI] HeadsetService is supported
12-12 22:27:44.037 12618 12618 D ProfileConfigQcom: Adding HeadsetService
12-12 22:27:44.037 12618 12618 D ProfileConfigQcom: [BTUI] A2dpService is supported
12-12 22:27:44.037 12618 12618 D ProfileConfigQcom: Adding A2dpService
12-12 22:27:44.037 12618 12618 D ProfileConfigQcom: [BTUI] HidService is supported
12-12 22:27:44.037 12618 12618 D ProfileConfigQcom: Adding HidService
12-12 22:27:44.037 12618 12618 D ProfileConfigQcom: [BTUI] HealthService is supported
12-12 22:27:44.037 12618 12618 D ProfileConfigQcom: Adding HealthService
12-12 22:27:44.037 12618 12618 D LGBluetoothFeatureConfig: isSupportPan() :  mTargetOp=ATT
12-12 22:27:44.037 12618 12618 D ProfileConfigQcom: [BTUI] PanService is NOT supported
12-12 22:27:44.037 12618 12618 D ProfileConfigQcom: [BTUI] GattService is supported
12-12 22:27:44.037 12618 12618 D ProfileConfigQcom: Adding GattService
12-12 22:27:44.037 12618 12618 D ProfileConfigQcom: [BTUI] BluetoothMapService is NOT supported
12-12 22:27:44.037 12618 12618 D ProfileConfigQcom: [BTUI] HandsfreeClientService is supported
12-12 22:27:44.037 12618 12618 D ProfileConfigQcom: Adding HandsfreeClientService
12-12 22:27:44.067 12618 12618 D BluetoothAdapterService: REFCOUNT: CREATED. INSTANCE_COUNT1
12-12 22:27:44.067 12618 12618 D BluetoothAdapterService(1102463256): onCreate
12-12 22:27:44.067 12618 12618 D BluetoothAdapterState: make
12-12 22:27:44.067   970  1034 D BluetoothManagerService: Message: 20
12-12 22:27:44.067   970  1034 D BluetoothManagerService: Added callback: android.bluetooth.IBluetoothManagerCallback$Stub$Proxy@42f0fcd8:true
12-12 22:27:44.067 12618 12618 I LGFMServiceAdapter: [FM] LGFMServiceAdapter : create
12-12 22:27:44.067 12618 12618 I bluedroid-qcom: init
12-12 22:27:44.067 12618 12630 I BluetoothAdapterState: Entering OffState
12-12 22:27:44.087   303   381 I Vold    : [LGE][VOLD][NetlinkHandler.cpp][onEvent()] subsys:cpu, action:0
12-12 22:27:44.237   303   381 I Vold    : [LGE][VOLD][NetlinkHandler.cpp][onEvent()] subsys:cpu, action:0
12-12 22:27:44.297 12618 12618 I bte_conf: Attempt to load stack conf from /etc/bluetooth/bt_stack.conf
12-12 22:27:44.297 12618 12618 D BTIF_CORE: [BTUI] lge_load_bluetooth_address
12-12 22:27:44.297 12618 12618 I bluedroid-qcom: get_profile_interface socket
12-12 22:27:44.297 12618 12618 D BluetoothAdapterService(1102463256): onBind
12-12 22:27:44.297 12638 12638 D lge_bdaddr_loader: [BTUI] bdaddr_loader ::: START
12-12 22:27:44.297 12638 12638 D lge_bdaddr_loader: [BTUI] bluetooth_load_bdaddress
12-12 22:27:44.297 12618 12639 I GKI_LINUX: gki_task_entry: gki_task_entry task_id=1 [BTIF] starting
12-12 22:27:44.297 12638 12638 D lge_bdaddr_loader: [BTUI] bdaddr to set in property : 58:3F:54:4C:F3:45
12-12 22:27:44.307   970   970 D BluetoothManagerService: BluetoothServiceConnection: com.android.bluetooth.btservice.AdapterService
12-12 22:27:44.307 12638 12638 E lge_bdaddr_loader: [BTUI] bluetooth_load_bdaddress : OK => 58:3F:54:4C:F3:45
12-12 22:27:44.307 12638 12638 D lge_bdaddr_loader: [BTUI] bdaddr_loader ::: END
12-12 22:27:44.307   970  1034 D BluetoothManagerService: Message: 40
12-12 22:27:44.307   970  1034 D BluetoothManagerService: MESSAGE_BLUETOOTH_SERVICE_CONNECTED: 1
12-12 22:27:44.307   970   970 D BluetoothManagerService: Bluetooth Adapter name changed to G Pad 7.0 LTE
12-12 22:27:44.307   970   970 D BluetoothManagerService: Stored Bluetooth name: G Pad 7.0 LTE
12-12 22:27:44.307 12618 12629 I bluedroid-qcom: config_hci_snoop_log
12-12 22:27:44.307   970  1034 D BluetoothManagerService: Calling onBluetoothServiceUp callbacks
12-12 22:27:44.307   970  1034 D BluetoothManagerService: Broadcasting onBluetoothServiceUp() to 5 receivers.
12-12 22:27:44.317 12618 12628 D dalvikvm: Note: class Lcom/lge/mdm/manager/ILGMDMDevicePolicyManager$Stub; has 382 unimplemented (abstract) methods
12-12 22:27:44.327 12618 12628 D BluetoothAdapterService(1102463256): Enable called with quiet mode status =  false
12-12 22:27:44.327 12618 12630 D BluetoothAdapterState: CURRENT_STATE=OFF, MESSAGE = USER_TURN_ON
12-12 22:27:44.327 12618 12630 I BluetoothAdapterState: Bluetooth adapter state changed: 10-> 11
12-12 22:27:44.327 12618 12630 D BluetoothAdapterService: Broadcasting updateAdapterState() to 1 receivers.
12-12 22:27:44.327   970  1034 D BluetoothManagerService: Message: 60
12-12 22:27:44.327   970  1034 D BluetoothManagerService: MESSAGE_BLUETOOTH_STATE_CHANGE: prevState = 10, newState=11
12-12 22:27:44.327 12618 12630 D BluetoothAdapterService(1102463256): processStart()
12-12 22:27:44.327 12618 12630 I LGBluetoothServiceJni: classInitNative: succeeds
12-12 22:27:44.327   970  1034 D BluetoothManagerService: Bluetooth State Change Intent: 10 -> 11
12-12 22:27:44.337  1226  1226 D LGBluetoothAPIService: [BTUI] onReceive action : android.bluetooth.adapter.action.STATE_CHANGED
12-12 22:27:44.337  1210  1210 I [SystemUI]PhoneStatusBarPolicy: onReceive = android.bluetooth.adapter.action.STATE_CHANGED
12-12 22:27:44.337 12618 12630 D BluetoothAdapterService(1102463256): processStart(): Make Bond State Machine
12-12 22:27:44.337 12618 12630 D BluetoothBondStateMachine: make
12-12 22:27:44.337 12618 12630 D BluetoothAdapterService: setAdapterService(): set to: null
12-12 22:27:44.337 12618 12630 D BluetoothAdapterService: getAdapterService(): returning com.android.bluetooth.btservice.AdapterService@41b64118
12-12 22:27:44.337 12618 12630 D LGBluetoothServiceAdapter: [BTUI] check adapter is available - false.
12-12 22:27:44.337 12618 12630 D BluetoothAdapterService: getAdapterService(): returning com.android.bluetooth.btservice.AdapterService@41b64118
12-12 22:27:44.337 12618 12630 D LGBluetoothServiceAdapter: [BTUI] check adapter is available - true : set adapter available.
12-12 22:27:44.337 12618 12630 D LGBluetoothSettingsDBObserver: [BTUI] register observer for LG device name DB
12-12 22:27:44.347 12618 12640 I BluetoothBondStateMachine: StableState(): Entering Off State
12-12 22:27:44.347 12618 12630 E BluetoothAdapterService: File transfer profiels supported!!
12-12 22:27:44.347   303   381 I Vold    : [LGE][VOLD][NetlinkHandler.cpp][onEvent()] subsys:cpu, action:0
12-12 22:27:44.357 12618 12630 W BluetoothAdapterService: Starting service com.android.bluetooth.hfp.HeadsetService
12-12 22:27:44.357   970   970 D BluetoothHeadset: Proxy object connected
12-12 22:27:44.357 12618 12618 D HeadsetService: Received start request. Starting profile...
12-12 22:27:44.357 12618 12618 I LGBluetoothHeadsetServiceJni: classInitNative: succeeds
12-12 22:27:44.357 12618 12618 D LGBluetoothHfpAdapter: Version 1.6
12-12 22:27:44.357 12618 12618 D LGBluetoothFeatureConfig: isPrivacyLogsEnabled : true
12-12 22:27:44.357 12618 12618 I BluetoothHeadsetServiceJni: classInitNative: succeeds
12-12 22:27:44.357 12618 12618 D HeadsetStateMachine: make
12-12 22:27:44.367 12618 12630 E BluetoothAdapterService: File transfer profiels supported!!
12-12 22:27:44.367 12618 12630 W BluetoothAdapterService: Starting service com.android.bluetooth.a2dp.A2dpService
12-12 22:27:44.377 12618 12630 E BluetoothAdapterService: File transfer profiels supported!!
12-12 22:27:44.377 12618 12630 W BluetoothAdapterService: Starting service com.android.bluetooth.hid.HidService
12-12 22:27:44.377 12618 12618 I bluedroid-qcom: get_profile_interface handsfree
12-12 22:27:44.377 12618 12618 D HeadsetPhoneState: [BTUI] listenForPhoneState : start = true
12-12 22:27:44.377 12618 12618 D LGBluetoothHfpManager: [BTUI] listenForMultiSimPhoneState : start = true
12-12 22:27:44.377 12618 12618 D BluetoothAdapterService: getAdapterService(): returning com.android.bluetooth.btservice.AdapterService@41b64118
12-12 22:27:44.377 12618 12645 D HeadsetStateMachine: Enter Disconnected: -2
12-12 22:27:44.377 12618 12645 D HeadsetPhoneState: [BTUI] listenForPhoneState : start = false
12-12 22:27:44.377 12618 12645 D LGBluetoothHfpManager: [BTUI] listenForMultiSimPhoneState : start = false
12-12 22:27:44.387 12618 12618 D BluetoothAdapterService: getAdapterService(): returning com.android.bluetooth.btservice.AdapterService@41b64118
12-12 22:27:44.387 12618 12645 D HeadsetStateMachine: [BTUI] change sampling rate to 8000 when device is disconnected
12-12 22:27:44.387 12618 12645 E AudioSystem: AudioSystem::setParameters()...keyValue bt_samplerate=8000
12-12 22:27:44.387   318  1330 V AudioFlinger: registerClient() client 0xb8bc8df8, pid 12618
12-12 22:27:44.387   318  1330 V AudioFlinger: sendIoConfigEvent() num events 1 event 0, param 0
12-12 22:27:44.387   318  1330 V AudioFlinger: sendIoConfigEvent() num events 1 event 0, param 0
12-12 22:27:44.387   318   603 V AudioFlinger: thread 0xb4979008 type 0 TID 603 waking up
12-12 22:27:44.387 12618 12630 E BluetoothAdapterService: File transfer profiels supported!!
12-12 22:27:44.387   318  1330 V AudioFlinger: sendIoConfigEvent() num events 1 event 3, param 0
12-12 22:27:44.387   318  1044 V AudioFlinger: thread 0xb480c008 type 0 TID 1044 waking up
12-12 22:27:44.387   318   603 V AudioFlinger: acquireWakeLock_l() AudioOut_2 status 0
12-12 22:27:44.387   318   603 V AudioFlinger: processConfigEvents() remaining events 1
12-12 22:27:44.387   318  1044 V AudioFlinger: acquireWakeLock_l() AudioOut_3 status 0
12-12 22:27:44.387   318  1044 V AudioFlinger: processConfigEvents() remaining events 1
12-12 22:27:44.387   318   603 V AudioFlinger: PlaybackThread::audioConfigChanged_l, thread 0xb4979008, event 0, param 0
12-12 22:27:44.387   318   603 V AudioSystem: ioConfigChanged() event 0, ioHandle 2
12-12 22:27:44.387   318   603 V AudioSystem: ioConfigChanged() opening already existing output! 2
12-12 22:27:44.387   970   970 D BluetoothA2dp: Proxy object connected
12-12 22:27:44.387   970  5138 V AudioSystem: ioConfigChanged() event 0, ioHandle 2
12-12 22:27:44.387   970  5138 V AudioSystem: ioConfigChanged() opening already existing output! 2
12-12 22:27:44.387  1510 12646 V AudioSystem: ioConfigChanged() event 0, ioHandle 2
12-12 22:27:44.387  1510 12646 V AudioSystem: ioConfigChanged() opening already existing output! 2
12-12 22:27:44.387  1776  1840 V AudioSystem: ioConfigChanged() event 0, ioHandle 2
12-12 22:27:44.387 12618 12629 V AudioSystem: ioConfigChanged() event 0, ioHandle 2
12-12 22:27:44.387  1776  1840 V AudioSystem: ioConfigChanged() opening already existing output! 2
12-12 22:27:44.387 12618 12629 V AudioSystem: ioConfigChanged() new output samplingRate 48000, format 1 channel mask 0x3 frameCount 960 latency 160
12-12 22:27:44.387   318  1044 V AudioFlinger: PlaybackThread::audioConfigChanged_l, thread 0xb480c008, event 0, param 0
12-12 22:27:44.387   318  1044 V AudioSystem: ioConfigChanged() event 0, ioHandle 3
12-12 22:27:44.387   318  1044 V AudioSystem: ioConfigChanged() opening already existing output! 3
12-12 22:27:44.387   318  1044 V AudioFlinger: acquireWakeLock_l() AudioOut_3 status 0
12-12 22:27:44.387   970  1569 V AudioSystem: ioConfigChanged() event 0, ioHandle 3
12-12 22:27:44.387   970  1569 V AudioSystem: ioConfigChanged() opening already existing output! 3
12-12 22:27:44.387   318  1046 V AudioFlinger: setParameters(): io 0, keyvalue bt_samplerate=8000, calling pid 12618
12-12 22:27:44.387  1776  1788 V AudioSystem: ioConfigChanged() event 0, ioHandle 3
12-12 22:27:44.387  1776  1788 V AudioSystem: ioConfigChanged() opening already existing output! 3
12-12 22:27:44.387   318   603 V AudioFlinger: acquireWakeLock_l() AudioOut_2 status 0
12-12 22:27:44.387 12618 12629 V AudioSystem: ioConfigChanged() event 0, ioHandle 3
12-12 22:27:44.387 12618 12629 V AudioSystem: ioConfigChanged() new output samplingRate 48000, format 1 channel mask 0x3 frameCount 960 latency 50
12-12 22:27:44.387 12618 12618 D A2dpService: Received start request. Starting profile...
12-12 22:27:44.387 12618 12618 I BluetoothAVRCP1.3ServiceJni: classInitNativeAVRCP
12-12 22:27:44.387 12618 12618 V Avrcp   : make
12-12 22:27:44.387   318  1046 V SRS_Proc: ParamSet string: bt_samplerate=8000
12-12 22:27:44.387   318  1046 D audio_hw_primary: adev_set_parameters: enter: bt_samplerate=8000
12-12 22:27:44.387   318  1046 V msm8974_platform: platform_set_parameters: enter: bt_samplerate=8000
12-12 22:27:44.387   318  1046 E audio_route: unable to find path 'bt-sco-wb-samplerate'
12-12 22:27:44.387   318  1046 V msm8974_platform: platform_set_parameters: exit with code(0)
12-12 22:27:44.387   318  1046 V listen_hw: listen_hw_set_parameters: Enter, kvpairs =  
12-12 22:27:44.387   318  1046 V listen_hw: handle_set_parameters: Enter kvpairs=.
12-12 22:27:44.387   318  1046 V listen_hw: handle_set_parameters: Exit
12-12 22:27:44.387   318  1046 V listen_hw: listen_hw_set_parameters: Exit, ret=0
12-12 22:27:44.387   318  1046 V audio_hw_primary: adev_set_parameters: exit with code(-2)
12-12 22:27:44.397  1510 12649 V AudioSystem: ioConfigChanged() event 0, ioHandle 3
12-12 22:27:44.397  1510 12649 V AudioSystem: ioConfigChanged() opening already existing output! 3
12-12 22:27:44.397 12618 12630 W BluetoothAdapterService: Starting service com.android.bluetooth.hdp.HealthService
12-12 22:27:44.397 12618 12628 V LGRssiData: [loadRssi] File not exist 
12-12 22:27:44.397 12618 12628 V LGRssiData: [loadRssi] File not exist 
12-12 22:27:44.397 12618 12628 V TelephonyAutoProfiling: [loadFeatureFromXml] *** start feature loading from xml
12-12 22:27:44.397   970  1376 E MediaFocusControl: Error updating focussed RCC to RCD 
12-12 22:27:44.397   970  1376 E MediaFocusControl: java.util.EmptyStackException
12-12 22:27:44.397   970  1376 E MediaFocusControl: 	at java.util.Stack.peek(Stack.java:57)
12-12 22:27:44.397   970  1376 E MediaFocusControl: 	at android.media.MediaFocusControl.registerRemoteControlDisplay_int(MediaFocusControl.java:2288)
12-12 22:27:44.397   970  1376 E MediaFocusControl: 	at android.media.MediaFocusControl.registerRemoteControlDisplay(MediaFocusControl.java:234)
12-12 22:27:44.397   970  1376 E MediaFocusControl: 	at android.media.AudioService.registerRemoteControlDisplay(AudioService.java:4374)
12-12 22:27:44.397   970  1376 E MediaFocusControl: 	at android.media.IAudioService$Stub.onTransact(IAudioService.java:593)
12-12 22:27:44.397   970  1376 E MediaFocusControl: 	at android.media.AudioServiceEx.onTransact(AudioServiceEx.java:1283)
12-12 22:27:44.397   970  1376 E MediaFocusControl: 	at android.os.Binder.execTransact(Binder.java:407)
12-12 22:27:44.397   970  1376 E MediaFocusControl: 	at dalvik.system.NativeStart.run(Native Method)
12-12 22:27:44.407 12618 12628 D TelephonyAutoProfiling: [parse] Load xml
12-12 22:27:44.407 12618 12618 I BluetoothA2dpServiceJni: classInitNative: succeeds
12-12 22:27:44.407 12618 12618 D A2dpStateMachine: make
12-12 22:27:44.407 12618 12630 E BluetoothAdapterService: File transfer profiels supported!!
12-12 22:27:44.407   318 12517 V AudioFlinger: processConfigEvents() remaining events 1
12-12 22:27:44.407   318 12517 V AudioSystem: ioConfigChanged() event 3, ioHandle 12
12-12 22:27:44.407   970  6170 V AudioSystem: ioConfigChanged() event 3, ioHandle 12
12-12 22:27:44.407  1776  1789 V AudioSystem: ioConfigChanged() event 3, ioHandle 12
12-12 22:27:44.407 12618 12647 V AudioSystem: ioConfigChanged() event 3, ioHandle 12
12-12 22:27:44.407  1510 12646 V AudioSystem: ioConfigChanged() event 3, ioHandle 12
12-12 22:27:44.407 12618 12618 I bluedroid-qcom: get_profile_interface a2dp
12-12 22:27:44.407 12618 12652 I GKI_LINUX: gki_task_entry: gki_task_entry task_id=2 [A2DP-MEDIA] starting
12-12 22:27:44.407 12618 12652 E bt-btif : warning : no command pending, ignore ack
12-12 22:27:44.407 12618 12630 W BluetoothAdapterService: Starting service com.android.bluetooth.gatt.GattService
12-12 22:27:44.417 12618 12618 I QCOM PowerHAL: QCOM power HAL initing.
12-12 22:27:44.417 12618 12618 I LGBluetoothA2dpServiceJni: classInitNative: succeeds
12-12 22:27:44.417 12618 12618 I LGBluetoothA2dpAdapter: [BTUI] getInstance : create [LGBluetoothA2dpAdapter]
12-12 22:27:44.427 12618 12628 V TelephonyAutoProfiling: [getMatchedProfile] selected file : /etc/featureset.xml
12-12 22:27:44.427 12618 12630 E BluetoothAdapterService: File transfer profiels supported!!
12-12 22:27:44.427 12618 12630 W BluetoothAdapterService: Starting service com.qcom.bluetooth.service.hfpclient.HandsfreeClientService
12-12 22:27:44.427 12618 12628 V TelephonyAutoProfiling: [loadDataFromXml] load feature from xml complete : {force_write_mode_allowed=true, KRWapPushWithSpam=false, KREncodingScheme=false, GLOBALspam=false, copy_submit_to_uicc=false, enable_link_control=false, cmas_mlock_cb=false, KSC5601Decoding=true, MMSHiddenConfig=false, increase_user_permit_sent_sms_max_count=false, KR_Modem_Item=true, OperatorMessage=false, support_emoji_in_concat_message=false, do_not_save_sms_to_isis_short_code=false, att_vvm=false, set_clir_option_by_call_setting=false, SHOW_NETWORK_NAME_WHEN_MANUAL_NETWORK_SETTING_FAIL=true, spam=false, MANUAL_SELECTION_WITH_RAT=true, seperate_processing_sms_uicc=false}
12-12 22:27:44.427 12618 12618 D LGBluetoothPowerControlManager: [BTUI] init
12-12 22:27:44.427 12618 12618 D LGBluetoothPowerControlManager: [BTUI] init : getProfileProxy
12-12 22:27:44.427   970  1034 D BluetoothManagerService: Message: 30
12-12 22:27:44.437 12618 12651 D A2dpStateMachine: Enter Disconnected: -2
12-12 22:27:44.447 12618 12618 D LGBluetoothAvrcpManager: [BTUI] initAvcrpManager
12-12 22:27:44.447 12618 12618 D LGBluetoothAvrcpAdapter: [BTUI] Use LG AVRCP : init jni
12-12 22:27:44.447 12618 12618 I BluetoothAVRCP1.3ServiceJni: initNativeAVRCP
12-12 22:27:44.447   303   381 I Vold    : [LGE][VOLD][NetlinkHandler.cpp][onEvent()] subsys:cpu, action:0
12-12 22:27:44.457 12618 12618 I bluedroid-qcom: get_profile_interface avrcp
12-12 22:27:44.457 12618 12618 D LGBluetoothAvrcpManager: [BTUI] initPlayStatus() : isMusicActive = false
12-12 22:27:44.457 12618 12618 D BluetoothAdapterService: getAdapterService(): returning com.android.bluetooth.btservice.AdapterService@41b64118
12-12 22:27:44.457 12618 12618 I BluetoothHidServiceJni: classInitNative: succeeds
12-12 22:27:44.457 12618 12618 D HidService: Received start request. Starting profile...
12-12 22:27:44.457 12618 12618 I bluedroid-qcom: get_profile_interface hidhost
12-12 22:27:44.457  1510  1548 D dalvikvm: GC_EXPLICIT freed 4831K, 67% free 3948K/11632K, paused 5ms+7ms, total 101ms
12-12 22:27:44.457  1510  1510 D BluetoothHeadset: Proxy object connected
12-12 22:27:44.457 12618 12618 D BluetoothAdapterService: getAdapterService(): returning com.android.bluetooth.btservice.AdapterService@41b64118
12-12 22:27:44.457  1510  1510 D BluetoothManager: - Got BluetoothHeadset: android.bluetooth.BluetoothHeadset@41cb0cd0
12-12 22:27:44.457  1510  1510 D BluetoothHeadset: Proxy object connected
12-12 22:27:44.457  1510  1510 D BluetoothHeadset: Proxy object connected
12-12 22:27:44.457  1510  1510 D CallNotifier: - Got BluetoothHeadset: android.bluetooth.BluetoothHeadset@41cb7368
12-12 22:27:44.467 12618 12630 D dalvikvm: Note: class Lcom/lge/mdm/manager/ILGMDMDevicePolicyManager$Stub; has 382 unimplemented (abstract) methods
12-12 22:27:44.467 12618 12618 D BluetoothAdapterService(1102463256): Message: 1
12-12 22:27:44.467 12618 12618 D BluetoothAdapterService(1102463256): MESSAGE_PROFILE_SERVICE_STATE_CHANGED
12-12 22:27:44.467 12618 12618 D BluetoothAdapterService: onProfileServiceStateChange: serviceName=com.android.bluetooth.hfp.HeadsetService, state = 12, doUpdate = true
12-12 22:27:44.467 12618 12645 D HeadsetStateMachine: Disconnected process message: 10
12-12 22:27:44.467 12618 12645 D HeadsetPhoneState: sendDeviceStateChanged. mService=0 mSignal=0 mRoam=0 mBatteryCharge=5
12-12 22:27:44.467 12618 12645 D HeadsetStateMachine: Disconnected process message: 11
12-12 22:27:44.467 12618 12630 I BluetoothAdapterState: Entering PendingCommandState State: isTurningOn()=true, isTurningOff()=false
12-12 22:27:44.467 12618 12618 D BluetoothAdapterService: Profile still not running:com.qcom.bluetooth.service.hfpclient.HandsfreeClientService
12-12 22:27:44.467 12618 12618 I BluetoothHealthServiceJni: classInitNative: succeeds
12-12 22:27:44.467 12618 12618 D HealthService: Received start request. Starting profile...
12-12 22:27:44.477 12618 12618 I bluedroid-qcom: get_profile_interface health
12-12 22:27:44.477 12618 12618 I LGBluetoothHealthServiceJni: classInitNative: succeeds
12-12 22:27:44.477 12618 12618 D BluetoothAdapterService: getAdapterService(): returning com.android.bluetooth.btservice.AdapterService@41b64118
12-12 22:27:44.477 12618 12618 I BtGatt.JNI: classInitNative(L685): classInitNative: Success!
12-12 22:27:44.477 12618 12618 D BtGatt.DebugUtils: handleDebugAction() action=null
12-12 22:27:44.477 12618 12618 D BtGatt.GattService: Received start request. Starting profile...
12-12 22:27:44.477 12618 12618 D BtGatt.GattService: start()
12-12 22:27:44.477 12618 12618 I bluedroid-qcom: get_profile_interface gatt
12-12 22:27:44.477 12618 12618 D BluetoothAdapterService: getAdapterService(): returning com.android.bluetooth.btservice.AdapterService@41b64118
12-12 22:27:44.477 12618 12618 D HeadsetPhoneState: sendDeviceStateChanged. mService=0 mSignal=0 mRoam=0 mBatteryCharge=5
12-12 22:27:44.477 12618 12645 D HeadsetStateMach