12-13 03:28:28.654  9716  9759 E DynamitePackage: 	at neb.a(Unknown Source)
12-13 03:28:28.654  9716  9759 E DynamitePackage: 	at ndw.b(Unknown Source)
12-13 03:28:28.654  9716  9759 E DynamitePackage: 	at ndw.a(Unknown Source)
12-13 03:28:28.654  9716  9759 E DynamitePackage: 	at ldj.<init>(Unknown Source)
12-13 03:28:28.654  9716  9759 E DynamitePackage: 	at oex.<init>(SourceFile:1)
12-13 03:28:28.654  9716  9759 E DynamitePackage: 	at oey.a(SourceFile:4)
12-13 03:28:28.654  9716  9759 E DynamitePackage: 	at oey.a(SourceFile:2)
12-13 03:28:28.654  9716  9759 E DynamitePackage: 	at pyg.a(SourceFile:79)
12-13 03:28:28.654  9716  9759 E DynamitePackage: 	at pyh.a(SourceFile:3)
12-13 03:28:28.654  9716  9759 E DynamitePackage: 	at scw.get(SourceFile:23)
12-13 03:28:28.654  9716  9759 E DynamitePackage: 	at pyg.g(SourceFile:49)
12-13 03:28:28.654  9716  9759 E DynamitePackage: 	at pyg.c(SourceFile:31)
12-13 03:28:28.654  9716  9759 E DynamitePackage: 	at pzb.i(SourceFile:63)
12-13 03:28:28.654  9716  9759 E DynamitePackage: 	at pzb.c(SourceFile:38)
12-13 03:28:28.654  9716  9759 E DynamitePackage: 	at pzb.a(SourceFile:10)
12-13 03:28:28.654  9716  9759 E DynamitePackage: 	at cai.run(SourceFile:3)
12-13 03:28:28.654  9716  9759 E DynamitePackage: 	at java.util.concurrent.Executors$RunnableAdapter.call(Executors.java:422)
12-13 03:28:28.654  9716  9759 E DynamitePackage: 	at java.util.concurrent.FutureTask.run(FutureTask.java:237)
12-13 03:28:28.654  9716  9759 E DynamitePackage: 	at java.util.concurrent.ScheduledThreadPoolExecutor$ScheduledFutureTask.access$201(ScheduledThreadPoolExecutor.java:152)
12-13 03:28:28.654  9716  9759 E DynamitePackage: 	at java.util.concurrent.ScheduledThreadPoolExecutor$ScheduledFutureTask.run(ScheduledThreadPoolExecutor.java:265)
12-13 03:28:28.654  9716  9759 E DynamitePackage: 	at java.util.concurrent.ThreadPoolExecutor.runWorker(ThreadPoolExecutor.java:1112)
12-13 03:28:28.654  9716  9759 E DynamitePackage: 	at java.util.concurrent.ThreadPoolExecutor$Worker.run(ThreadPoolExecutor.java:587)
12-13 03:28:28.654  9716  9759 E DynamitePackage: 	at rkx.run(SourceFile:24)
12-13 03:28:28.654  9716  9759 E DynamitePackage: 	at java.lang.Thread.run(Thread.java:841)
12-13 03:28:28.654  9716  9759 D DynamitePackage: Instantiated singleton DynamitePackage.
12-13 03:28:28.664  9716  9716 I dalvikvm: Could not find method android.os.PowerManager.isInteractive, referenced from method pao.c
12-13 03:28:28.664  9716  9716 W dalvikvm: VFY: unable to resolve virtual method 31458: Landroid/os/PowerManager;.isInteractive ()Z
12-13 03:28:28.664  9716  9716 D dalvikvm: VFY: replacing opcode 0x6e at 0x000e
12-13 03:28:28.674   787   787 I ActivityManager: Killing 4804:com.hancom.office.hcell.viewer.hcell_viewer_apk/u0a49 (adj 15): empty #31
12-13 03:28:28.704   787  1255 D PowerManagerService: [api] [s] userActivity : event: 0 flags: 0 (uid: 1000 pid: 787)
12-13 03:28:28.704   787  1255 D PowerManagerService: [s] UserActivityState : 0 -> 1
12-13 03:28:28.704   787  1255 D PowerManagerService: [api] release WakeLock flags=0x2000000a tag=WindowManager uid=1000 pid=787 (0x0)
12-13 03:28:28.704   787  1255 D PowerManagerService: [api] applyWakeLockFlagsOnReleaseLocked : userActivityNoUpdateLocked is called : SCREEN_BRIGHT_WAKE_LOCK        'WindowManager' ON_AFTER_RELEASE (uid=1000, pid=787, ws=WorkSource{1000}) (elapsedTime=3499)
12-13 03:28:28.724  9764  9764 D AndroidRuntime: Calling main entry com.android.commands.pm.Pm
12-13 03:28:28.724  9716  9810 I dalvikvm: Could not find method android.security.NetworkSecurityPolicy.getInstance, referenced from method mmo.a
12-13 03:28:28.724  9716  9810 W dalvikvm: VFY: unable to resolve static method 31553: Landroid/security/NetworkSecurityPolicy;.getInstance ()Landroid/security/NetworkSecurityPolicy;
12-13 03:28:28.724  9716  9810 D dalvikvm: VFY: replacing opcode 0x71 at 0x008b
12-13 03:28:28.774   787  5986 V PackageManager: Install from ADB
12-13 03:28:28.774   787  5986 D PackageManager: START_PACKAGE_INSTALL: observer{1115640960}
12-13 03:28:28.774   787  5986 D PackageManager:           PackageURI{file:///data/local/tmp/app-hqbR6W.apk}
12-13 03:28:28.774   787   887 D PackageManager: [MSG] INIT_COPY: observer{1115640960}
12-13 03:28:28.774   787   887 D PackageManager:           idx{0}
12-13 03:28:28.774   787   887 D PackageManager:           for_user{UserHandle{-1}}
12-13 03:28:28.774   787   887 D PackageManager: Trying to bind to DefaultContainerService
12-13 03:28:28.814   787   787 D PackageManager: onServiceConnected
12-13 03:28:28.824  9716  9716 I dalvikvm: Could not find method android.content.Context.getDrawable, referenced from method pt.a
12-13 03:28:28.824  9716  9716 W dalvikvm: VFY: unable to resolve virtual method 30173: Landroid/content/Context;.getDrawable (I)Landroid/graphics/drawable/Drawable;
12-13 03:28:28.824  9716  9716 D dalvikvm: VFY: replacing opcode 0x6e at 0x0006
12-13 03:28:28.824  9716  9716 I dalvikvm: Could not find method android.content.Context.getColorStateList, referenced from method pt.b
12-13 03:28:28.824  9716  9716 W dalvikvm: VFY: unable to resolve virtual method 30169: Landroid/content/Context;.getColorStateList (I)Landroid/content/res/ColorStateList;
12-13 03:28:28.824  9716  9716 D dalvikvm: VFY: replacing opcode 0x6e at 0x0006
12-13 03:28:28.834  9716  9716 I dalvikvm: Could not find method android.content.Context.getColor, referenced from method pt.c
12-13 03:28:28.834  9716  9716 W dalvikvm: VFY: unable to resolve virtual method 30168: Landroid/content/Context;.getColor (I)I
12-13 03:28:28.834  9716  9716 D dalvikvm: VFY: replacing opcode 0x6e at 0x0006
12-13 03:28:28.834  9716  9716 I dalvikvm: Could not find method android.content.Context.createDeviceProtectedStorageContext, referenced from method pt.c
12-13 03:28:28.834  9716  9716 W dalvikvm: VFY: unable to resolve virtual method 30161: Landroid/content/Context;.createDeviceProtectedStorageContext ()Landroid/content/Context;
12-13 03:28:28.834  9716  9716 D dalvikvm: VFY: replacing opcode 0x6e at 0x0006
12-13 03:28:28.834  9716  9716 I dalvikvm: Could not find method android.content.Context.isDeviceProtectedStorage, referenced from method pt.d
12-13 03:28:28.834  9716  9716 W dalvikvm: VFY: unable to resolve virtual method 30190: Landroid/content/Context;.isDeviceProtectedStorage ()Z
12-13 03:28:28.834  9716  9716 D dalvikvm: VFY: replacing opcode 0x6e at 0x0006
12-13 03:28:28.834   787   887 D PackageManager: [MSG] MCS_BOUND
12-13 03:28:28.834   787   887 D PackageManager: [MSG] MCS_BOUND: observer{1115640960}
12-13 03:28:28.834   787   887 D PackageManager:           for_user{UserHandle{-1}}
12-13 03:28:28.854  9716  9759 D dalvikvm: DexOpt: --- BEGIN '1489418796403.jar' (bootstrap=0) ---
12-13 03:28:28.964   787  1255 W ActivityManager: Permission Denial: getCurrentUser() from pid=9788, uid=10015 requires android.permission.INTERACT_ACROSS_USERS
12-13 03:28:28.984  9788  9788 D KLMS-2.3.164 : : KLMSValidator() : checkQATesting()
12-13 03:28:29.024  9731  9822 W System.err: com.sec.android.fota.osp.http.RestClientException
12-13 03:28:29.034  8999  9469 E dalvikvm: Could not find class 'android.app.usage.UsageStatsManager', referenced from method qug.a
12-13 03:28:29.094  8999  9469 W dalvikvm: VFY: unable to resolve const-class 4048 (Landroid/app/usage/UsageStatsManager;) in Lqug;
12-13 03:28:29.094  8999  9469 D dalvikvm: VFY: replacing opcode 0x1c at 0x0078
12-13 03:28:29.104  9394  9398 D dalvikvm: GC_CONCURRENT freed 1734K, 44% free 7995K/14096K, paused 113ms+6ms, total 201ms
12-13 03:28:29.104  9394  9613 D dalvikvm: WAIT_FOR_CONCURRENT_GC blocked 82ms
12-13 03:28:29.104  9394  9831 D dalvikvm: WAIT_FOR_CONCURRENT_GC blocked 79ms
12-13 03:28:29.104  9394  9490 D dalvikvm: WAIT_FOR_CONCURRENT_GC blocked 79ms
12-13 03:28:29.134  9716  9846 D dalvikvm: DexOpt: couldn't find static field Landroid/os/Build;.SUPPORTED_ABIS
12-13 03:28:29.134  9716  9846 W dalvikvm: VFY: unable to resolve static field 26983 (SUPPORTED_ABIS) in Landroid/os/Build;
12-13 03:28:29.134  9716  9846 D dalvikvm: VFY: replacing opcode 0x62 at 0x003d
12-13 03:28:29.204  8999  9469 I dalvikvm: Could not find method android.os.PowerManager.isIgnoringBatteryOptimizations, referenced from method quk.a
12-13 03:28:29.204  8999  9469 W dalvikvm: VFY: unable to resolve virtual method 16758: Landroid/os/PowerManager;.isIgnoringBatteryOptimizations (Ljava/lang/String;)Z
12-13 03:28:29.204  8999  9469 D dalvikvm: VFY: replacing opcode 0x6e at 0x001f
12-13 03:28:29.204  9716  9716 W dalvikvm: Unable to resolve superclass of Lwj; (5906)
12-13 03:28:29.204  9716  9716 W dalvikvm: Link of class 'Lwj;' failed
12-13 03:28:29.204  9716  9716 W dalvikvm: Unable to resolve superclass of Lwl; (12828)
12-13 03:28:29.204  9716  9716 W dalvikvm: Link of class 'Lwl;' failed
12-13 03:28:29.204  9716  9716 W dalvikvm: Unable to resolve superclass of Lwn; (12843)
12-13 03:28:29.204  9716  9716 W dalvikvm: Link of class 'Lwn;' failed
12-13 03:28:29.204  9716  9716 E dalvikvm: Could not find class 'wn', referenced from method vk.<init>
12-13 03:28:29.204  9716  9716 W dalvikvm: VFY: unable to resolve new-instance 12855 (Lwn;) in Lvk;
12-13 03:28:29.204  9716  9716 D dalvikvm: VFY: replacing opcode 0x22 at 0x0011
12-13 03:28:29.204  8999  9469 I dalvikvm: Could not find method android.os.PowerManager.isPowerSaveMode, referenced from method quk.a
12-13 03:28:29.204  8999  9469 W dalvikvm: VFY: unable to resolve virtual method 16760: Landroid/os/PowerManager;.isPowerSaveMode ()Z
12-13 03:28:29.204  8999  9469 D dalvikvm: VFY: replacing opcode 0x6e at 0x0072
12-13 03:28:29.204  9716  9716 W dalvikvm: Unable to resolve superclass of Lwj; (5906)
12-13 03:28:29.204  9716  9716 W dalvikvm: Link of class 'Lwj;' failed
12-13 03:28:29.204  9716  9716 W dalvikvm: Unable to resolve superclass of Lwl; (12828)
12-13 03:28:29.204  9716  9716 W dalvikvm: Link of class 'Lwl;' failed
12-13 03:28:29.204  8999  9469 I dalvikvm: Could not find method android.os.PowerManager.isDeviceIdleMode, referenced from method quk.a
12-13 03:28:29.204  9716  9716 E dalvikvm: Could not find class 'wl', referenced from method vk.<init>
12-13 03:28:29.204  9716  9716 W dalvikvm: VFY: unable to resolve new-instance 12843 (Lwl;) in Lvk;
12-13 03:28:29.204  9716  9716 D dalvikvm: VFY: replacing opcode 0x22 at 0x0024
12-13 03:28:29.204  8999  9469 W dalvikvm: VFY: unable to resolve virtual method 16757: Landroid/os/PowerManager;.isDeviceIdleMode ()Z
12-13 03:28:29.204  8999  9469 D dalvikvm: VFY: replacing opcode 0x6e at 0x008d
12-13 03:28:29.204  9716  9716 W dalvikvm: Unable to resolve superclass of Lwj; (5906)
12-13 03:28:29.204  9716  9716 W dalvikvm: Link of class 'Lwj;' failed
12-13 03:28:29.204  9716  9716 E dalvikvm: Could not find class 'wj', referenced from method vk.<init>
12-13 03:28:29.204  9716  9716 W dalvikvm: VFY: unable to resolve new-instance 12828 (Lwj;) in Lvk;
12-13 03:28:29.204  9716  9716 D dalvikvm: VFY: replacing opcode 0x22 at 0x0037
12-13 03:28:29.214  9716  9716 W dalvikvm: Unable to resolve superclass of Lwj; (5906)
12-13 03:28:29.214  9716  9716 W dalvikvm: Link of class 'Lwj;' failed
12-13 03:28:29.214  9716  9716 W dalvikvm: Unable to resolve superclass of Lwl; (12828)
12-13 03:28:29.214  9716  9716 W dalvikvm: Link of class 'Lwl;' failed
12-13 03:28:29.214  9716  9716 W dalvikvm: Unable to resolve superclass of Lwn; (12843)
12-13 03:28:29.214  9716  9716 W dalvikvm: Link of class 'Lwn;' failed
12-13 03:28:29.214  9716  9716 D dalvikvm: DexOpt: unable to opt direct call 0xeae0 at 0x13 in Lvk;.<init>
12-13 03:28:29.214  9716  9716 W dalvikvm: Unable to resolve superclass of Lwj; (5906)
12-13 03:28:29.214  9716  9716 W dalvikvm: Link of class 'Lwj;' failed
12-13 03:28:29.214  9716  9716 W dalvikvm: Unable to resolve superclass of Lwl; (12828)
12-13 03:28:29.214  9716  9716 W dalvikvm: Link of class 'Lwl;' failed
12-13 03:28:29.214  9716  9716 D dalvikvm: DexOpt: unable to opt direct call 0xead0 at 0x26 in Lvk;.<init>
12-13 03:28:29.214  9716  9716 W dalvikvm: Unable to resolve superclass of Lwj; (5906)
12-13 03:28:29.214  9716  9716 W dalvikvm: Link of class 'Lwj;' failed
12-13 03:28:29.214  9716  9716 D dalvikvm: DexOpt: unable to opt direct call 0xeab4 at 0x39 in Lvk;.<init>
12-13 03:28:29.224  9394  9699 D dalvikvm: WAIT_FOR_CONCURRENT_GC blocked 198ms
12-13 03:28:29.244  9731  9822 W System.err: 	at com.sec.android.fota.osp.http.RestClient.execute(RestClient.java:292)
12-13 03:28:29.274  8999  9825 I dalvikvm: Could not find method android.os.PowerManager.isInteractive, referenced from method kfq.a
12-13 03:28:29.274   243  7179 I SurfaceFlinger: id=20 Removed Uoast (10/10)
12-13 03:28:29.294  8999  9825 W dalvikvm: VFY: unable to resolve virtual method 4964: Landroid/os/PowerManager;.isInteractive ()Z
12-13 03:28:29.274  9832  9832 D dalvikvm: DexOpt: load 44ms, verify+opt 136ms, 275284 bytes
12-13 03:28:29.294  8999  9825 D dalvikvm: VFY: replacing opcode 0x6e at 0x0006
12-13 03:28:29.294  9731  9822 W System.err: 	at com.sec.android.fotaclient.network.NetConnect$1.doInBackground(NetConnect.java:50)
12-13 03:28:29.294  9731  9822 W System.err: 	at com.sec.android.fotaclient.network.NetConnect$1.doInBackground(NetConnect.java:36)
12-13 03:28:29.304  9731  9822 W System.err: 	at android.os.AsyncTask$2.call(AsyncTask.java:288)
12-13 03:28:29.304  9731  9822 W System.err: 	at java.util.concurrent.FutureTask.run(FutureTask.java:237)
12-13 03:28:29.314  9394  9540 D dalvikvm: WAIT_FOR_CONCURRENT_GC blocked 287ms
12-13 03:28:29.314  9731  9822 W System.err: 	at android.os.AsyncTask$SerialExecutor$1.run(AsyncTask.java:231)
12-13 03:28:29.314  9394  9621 D dalvikvm: WAIT_FOR_CONCURRENT_GC blocked 292ms
12-13 03:28:29.314  9394  9712 D dalvikvm: WAIT_FOR_CONCURRENT_GC blocked 294ms
12-13 03:28:29.324  9394  9511 D dalvikvm: WAIT_FOR_CONCURRENT_GC blocked 295ms
12-13 03:28:29.334  9731  9822 W System.err: 	at java.util.concurrent.ThreadPoolExecutor.runWorker(ThreadPoolExecutor.java:1112)
12-13 03:28:29.334  9731  9822 W System.err: 	at java.util.concurrent.ThreadPoolExecutor$Worker.run(ThreadPoolExecutor.java:587)
12-13 03:28:29.334  9731  9822 W System.err: 	at java.lang.Thread.run(Thread.java:841)
12-13 03:28:29.334  9731  9822 W System.err: Caused by: java.lang.NullPointerException
12-13 03:28:29.344  8999  9825 I GCM     : GCM config loaded
12-13 03:28:29.374  9788  9788 I KLMS-2.3.164 : : MainReciver() : EventNotificationReciver- method called: AppActivityListner onReceive for Intent Action : android.net.conn.CONNECTIVITY_CHANGE , timestamp: 1513135709377
12-13 03:28:29.374  9731  9822 W System.err: 	at com.sec.android.fota.osp.util.AuthUtil.normalizeUrl(AuthUtil.java:239)
12-13 03:28:29.374  9731  9822 W System.err: 	at com.sec.android.fota.osp.util.AuthUtil.getSignSourceString(AuthUtil.java:157)
12-13 03:28:29.374  9731  9822 W System.err: 	at com.sec.android.fota.osp.util.HeaderUtil.generateAuthorizationHeader(HeaderUtil.java:124)
12-13 03:28:29.374  9731  9822 W System.err: 	at com.sec.android.fota.osp.http.RestClient.execute(RestClient.java:131)
12-13 03:28:29.374  9731  9822 W System.err: 	... 8 more
12-13 03:28:29.384  9394  9511 W Conscrypt: Could not set socket write timeout:
12-13 03:28:29.394  9716  9716 D dalvikvm: GC_FOR_ALLOC freed 6147K, 57% free 6170K/14096K, paused 113ms, total 113ms
12-13 03:28:29.394  9716  9759 D dalvikvm: DexOpt: --- END '1489418796403.jar' (success) ---
12-13 03:28:29.394  9716  9759 D dalvikvm: DEX prep '/data/data/com.google.android.youtube/cache/1489418796403.jar': unzip in 0ms, rewrite 543ms
12-13 03:28:29.414  9716  9753 D dalvikvm: Trying to load lib /data/app-lib/com.google.android.gms-2203/libgmscore.so 0x420e2870
12-13 03:28:29.414  9394  9511 W Conscrypt:    java.lang.reflect.Method.invokeNative(Native Method)
12-13 03:28:29.414  9394  9511 W Conscrypt:    java.lang.reflect.Method.invoke(Method.java:515)
12-13 03:28:29.444  9788  9788 I KLMS-2.3.164 : : KLMSUtility() : isNetworkAvailable() - WIFI : true| MOBILE : false
12-13 03:28:29.454  9716  9753 D dalvikvm: Added shared lib /data/app-lib/com.google.android.gms-2203/libgmscore.so 0x420e2870
12-13 03:28:29.454  9716  9753 D dalvikvm: No JNI_OnLoad found in /data/app-lib/com.google.android.gms-2203/libgmscore.so 0x420e2870, skipping init
12-13 03:28:29.514  9394  9400 I dalvikvm: Jit: resizing JitTable from 4096 to 8192
12-13 03:28:29.524  9716  9753 I dalvikvm: Could not find method android.content.pm.PackageManager.isInstantApp, referenced from method kkc.a
12-13 03:28:29.524  9716  9753 W dalvikvm: VFY: unable to resolve virtual method 1808: Landroid/content/pm/PackageManager;.isInstantApp (Ljava/lang/String;)Z
12-13 03:28:29.524  9716  9753 D dalvikvm: VFY: replacing opcode 0x6e at 0x002d
12-13 03:28:29.534  9394  9665 I GoogleSettingsUtils: Updated ID in checkin_id_token file
12-13 03:28:29.564  9716  9824 W dalvikvm: VFY: unable to resolve static field 16904 (_SC_CLK_TCK) in Landroid/system/OsConstants;
12-13 03:28:29.564  9716  9824 D dalvikvm: VFY: replacing opcode 0x60 at 0x0006
12-13 03:28:29.584  1818  1818 D ShopWidgetController: intent received: android.net.conn.CONNECTIVITY_CHANGE
12-13 03:28:29.584  9716  9824 I dalvikvm: Could not find method android.app.ActivityManager.getAppTasks, referenced from method cum.b
12-13 03:28:29.584  9716  9824 W dalvikvm: VFY: unable to resolve virtual method 15127: Landroid/app/ActivityManager;.getAppTasks ()Ljava/util/List;
12-13 03:28:29.584  9716  9824 D dalvikvm: VFY: replacing opcode 0x6e at 0x000b
12-13 03:28:29.594  9869  9869 I SELinux : Function: selinux_android_load_priority [0], There is no sepolicy file.
12-13 03:28:29.594  9869  9869 I SELinux :  
12-13 03:28:29.594  9869  9869 I SELinux : Function: selinux_android_load_priority [1], There is no sepolicy version file.
12-13 03:28:29.594  9869  9869 I SELinux :  
12-13 03:28:29.594  9869  9869 I SELinux : Function: selinux_android_load_priority , priority version is VE=SEPF_SM-T530NU_4.4.2_0028
12-13 03:28:29.594  9869  9869 I SELinux :  
12-13 03:28:29.594  9869  9869 I SELinux :  
12-13 03:28:29.594  9869  9869 I SELinux : selinux_android_seapp_context_reload: seapp_contexts file is loaded from /seapp_contexts
12-13 03:28:29.604  9716  9867 I dalvikvm: Could not find method android.content.pm.PackageManager.getActivityBanner, referenced from method bxp.getActivityBanner
12-13 03:28:29.604  9716  9867 W dalvikvm: VFY: unable to resolve virtual method 15483: Landroid/content/pm/PackageManager;.getActivityBanner (Landroid/content/ComponentName;)Landroid/graphics/drawable/Drawable;
12-13 03:28:29.604  9716  9867 D dalvikvm: VFY: replacing opcode 0x6e at 0x0002
12-13 03:28:29.604  9716  9867 I dalvikvm: Could not find method android.content.pm.PackageManager.getActivityBanner, referenced from method bxp.getActivityBanner
12-13 03:28:29.604  9716  9867 W dalvikvm: VFY: unable to resolve virtual method 15484: Landroid/content/pm/PackageManager;.getActivityBanner (Landroid/content/Intent;)Landroid/graphics/drawable/Drawable;
12-13 03:28:29.604  9716  9867 D dalvikvm: VFY: replacing opcode 0x6e at 0x0002
12-13 03:28:29.604  9716  9867 I dalvikvm: Could not find method android.content.pm.PackageManager.getApplicationBanner, referenced from method bxp.getApplicationBanner
12-13 03:28:29.604  9716  9867 W dalvikvm: VFY: unable to resolve virtual method 15491: Landroid/content/pm/PackageManager;.getApplicationBanner (Landroid/content/pm/ApplicationInfo;)Landroid/graphics/drawable/Drawable;
12-13 03:28:29.604  9716  9867 D dalvikvm: VFY: replacing opcode 0x6e at 0x0002
12-13 03:28:29.604  9716  9867 I dalvikvm: Could not find method android.content.pm.PackageManager.getApplicationBanner, referenced from method bxp.getApplicationBanner
12-13 03:28:29.604  9716  9867 W dalvikvm: VFY: unable to resolve virtual method 15492: Landroid/content/pm/PackageManager;.getApplicationBanner (Ljava/lang/String;)Landroid/graphics/drawable/Drawable;
12-13 03:28:29.604  9716  9867 D dalvikvm: VFY: replacing opcode 0x6e at 0x0002
12-13 03:28:29.614  9716  9867 I dalvikvm: Could not find method android.content.pm.PackageManager.getLeanbackLaunchIntentForPackage, referenced from method bxp.getLeanbackLaunchIntentForPackage
12-13 03:28:29.614  9716  9867 W dalvikvm: VFY: unable to resolve virtual method 15508: Landroid/content/pm/PackageManager;.getLeanbackLaunchIntentForPackage (Ljava/lang/String;)Landroid/content/Intent;
12-13 03:28:29.614  9716  9867 D dalvikvm: VFY: replacing opcode 0x6e at 0x0002
12-13 03:28:29.614  9716  9867 I dalvikvm: Could not find method android.content.pm.PackageManager.getPackageInstaller, referenced from method bxp.getPackageInstaller
12-13 03:28:29.614  9716  9867 W dalvikvm: VFY: unable to resolve virtual method 15512: Landroid/content/pm/PackageManager;.getPackageInstaller ()Landroid/content/pm/PackageInstaller;
12-13 03:28:29.614  9716  9867 D dalvikvm: VFY: replacing opcode 0x6e at 0x0002
12-13 03:28:29.614  8999  9228 W dalvikvm: VFY: unable to find class referenced in signature (Landroid/net/Network;)
12-13 03:28:29.614  9716  9867 I dalvikvm: Could not find method android.content.pm.PackageManager.getUserBadgedDrawableForDensity, referenced from method bxp.getUserBadgedDrawableForDensity
12-13 03:28:29.614  9716  9867 W dalvikvm: VFY: unable to resolve virtual method 15528: Landroid/content/pm/PackageManager;.getUserBadgedDrawableForDensity (Landroid/graphics/drawable/Drawable;Landroid/os/UserHandle;Landroid/graphics/Rect;I)Landroid/graphics/drawable/Drawable;
12-13 03:28:29.614  9716  9867 D dalvikvm: VFY: replacing opcode 0x6e at 0x0002
12-13 03:28:29.614  9716  9867 I dalvikvm: Could not find method android.content.pm.PackageManager.getUserBadgedIcon, referenced from method bxp.getUserBadgedIcon
12-13 03:28:29.624  9716  9867 W dalvikvm: VFY: unable to resolve virtual method 15529: Landroid/content/pm/PackageManager;.getUserBadgedIcon (Landroid/graphics/drawable/Drawable;Landroid/os/UserHandle;)Landroid/graphics/drawable/Drawable;
12-13 03:28:29.624  9716  9867 D dalvikvm: VFY: replacing opcode 0x6e at 0x0002
12-13 03:28:29.624  9716  9867 I dalvikvm: Could not find method android.content.pm.PackageManager.getUserBadgedLabel, referenced from method bxp.getUserBadgedLabel
12-13 03:28:29.624  9716  9867 W dalvikvm: VFY: unable to resolve virtual method 15530: Landroid/content/pm/PackageManager;.getUserBadgedLabel (Ljava/lang/CharSequence;Landroid/os/UserHandle;)Ljava/lang/CharSequence;
12-13 03:28:29.624  9716  9867 D dalvikvm: VFY: replacing opcode 0x6e at 0x0002
12-13 03:28:29.664  9394  9665 E ResourceType: getSupportListinCSC: cannot open file 
12-13 03:28:29.664  9394  9665 E ResourceType: The locale in CSC is empty.
12-13 03:28:29.664   251   587 W QCamera2Factory: getCameraInfo: E, camera_id = 0
12-13 03:28:29.664   251   587 W QCamera2HWI: __dbg: info->orientation : 0 rc = 0
12-13 03:28:29.674   251   587 W QCamera2HWI: __dbg: info->orientation : 0 rc = 0
12-13 03:28:29.674   251   587 W QCamera2Factory: getCameraInfo: X
12-13 03:28:29.674   224   483 E cutils  : Failed to mkdirat(/storage/extSdCard/Android): Read-only file system
12-13 03:28:29.674  9716  9716 W ContextImpl: Failed to ensure directory: /storage/extSdCard/Android/data/com.google.android.youtube/files
12-13 03:28:29.674   224   483 W Vold    : Returning OperationFailed - no handler for errno 30
12-13 03:28:29.704  9394  9665 I Adreno-EGL: <qeglDrvAPI_eglInitialize:410>: EGL 1.4 QUALCOMM build:  ()
12-13 03:28:29.704  9394  9665 I Adreno-EGL: OpenGL ES Shader Compiler Version: E031.24.00.08
12-13 03:28:29.704  9394  9665 I Adreno-EGL: Build Date: 03/21/14 Fri
12-13 03:28:29.704  9394  9665 I Adreno-EGL: Local Branch: AU200+patches_03212014
12-13 03:28:29.704  9394  9665 I Adreno-EGL: Remote Branch: 
12-13 03:28:29.704  9394  9665 I Adreno-EGL: Local Patches: 
12-13 03:28:29.704  9394  9665 I Adreno-EGL: Reconstruct Branch: 
12-13 03:28:29.714  9716  9723 D dalvikvm: GC_CONCURRENT freed 747K, 47% free 7471K/14096K, paused 13ms+4ms, total 57ms
12-13 03:28:29.714  9716  9824 D dalvikvm: WAIT_FOR_CONCURRENT_GC blocked 17ms
12-13 03:28:29.714  9716  9834 D dalvikvm: WAIT_FOR_CONCURRENT_GC blocked 18ms
12-13 03:28:29.714   251   251 W QCamera2Factory: getCameraInfo: E, camera_id = 1
12-13 03:28:29.714   251   251 W QCamera2HWI: __dbg: info->orientation : 0 rc = 0
12-13 03:28:29.714   251   251 W QCamera2HWI: __dbg: info->orientation : 0 rc = 0
12-13 03:28:29.714   251   251 W QCamera2Factory: getCameraInfo: X
12-13 03:28:29.714   224   483 E cutils  : Failed to mkdirat(/storage/extSdCard/Android): Read-only file system
12-13 03:28:29.714  9716  9716 W ContextImpl: Failed to ensure directory: /storage/extSdCard/Android/data/com.google.android.youtube/files
12-13 03:28:29.714  9716  9753 D dalvikvm: WAIT_FOR_CONCURRENT_GC blocked 23ms
12-13 03:28:29.714   224   483 W Vold    : Returning OperationFailed - no handler for errno 30
12-13 03:28:29.724  9716  9753 D dalvikvm: Trying to load lib /data/app-lib/com.google.android.gms-2203/libconscrypt_gmscore_jni.so 0x420e2870
12-13 03:28:29.724   224   483 E cutils  : Failed to mkdirat(/storage/extSdCard/Android): Read-only file system
12-13 03:28:29.724  9716  9824 W ContextImpl: Failed to ensure directory: /storage/extSdCard/Android/data/com.google.android.youtube/cache
12-13 03:28:29.724   224   483 W Vold    : Returning OperationFailed - no handler for errno 30
12-13 03:28:29.764  9716  9716 I dalvikvm: Could not find method android.app.ActivityManager.getAppTasks, referenced from method cnp.a
12-13 03:28:29.764  9716  9716 W dalvikvm: VFY: unable to resolve virtual method 15127: Landroid/app/ActivityManager;.getAppTasks ()Ljava/util/List;
12-13 03:28:29.764  9716  9716 D dalvikvm: VFY: replacing opcode 0x6e at 0x0053
12-13 03:28:29.774  9716  9716 E dalvikvm: Could not find class 'android.app.ActivityManager$AppTask', referenced from method cnp.a
12-13 03:28:29.774  9716  9716 W dalvikvm: VFY: unable to resolve check-cast 5287 (Landroid/app/ActivityManager$AppTask;) in Lcnp;
12-13 03:28:29.774  9716  9716 D dalvikvm: VFY: replacing opcode 0x1f at 0x005d
12-13 03:28:29.794  8999  9889 I CheckinUtil: Classify the device as Tablet.
12-13 03:28:29.794  9716  9753 D dalvikvm: Added shared lib /data/app-lib/com.google.android.gms-2203/libconscrypt_gmscore_jni.so 0x420e2870
12-13 03:28:29.794  9716  9753 V NativeCrypto: Registering com/google/android/gms/org/conscrypt/NativeCrypto's 276 native methods...
12-13 03:28:29.804  8999  9889 I System.out: Thread-645(HTTPLog):isShipBuild true
12-13 03:28:29.814  8999  9889 I System.out: Thread-645(HTTPLog):SmartBonding Enabling is false, SHIP_BUILD is true, log to file is false, DBG is false
12-13 03:28:29.864   787   887 D PackageManager: copyApk
12-13 03:28:29.884  9731  9854 W System.err: [DEBUG] GbaRequest - GbaRequest: Constructor Called 222 userAgent null
12-13 03:28:29.884  9731  9854 W System.err: [DEBUG] NafRequest - NafRequest: NafRequest constructor===useragent null
12-13 03:28:29.894  8999  9889 W Conscrypt: Could not set socket write timeout:
12-13 03:28:29.894  8999  9889 W Conscrypt:    java.lang.reflect.Method.invokeNative(Native Method)
12-13 03:28:29.894  8999  9889 W Conscrypt:    java.lang.reflect.Method.invoke(Method.java:515)
12-13 03:28:29.894   787  5769 W ActivityManager: Permission Denial: getIntentSender() from pid=9716, uid=10157, (need uid=10008) is not allowed to send as package com.google.android.gms
12-13 03:28:29.934   992  1003 D LockPatternUtils: isPcwEnable = 10
12-13 03:28:29.984  9716  9842 I dalvikvm: Could not find method android.net.ConnectivityManager.getActiveNetwork, referenced from method org.chromium.net.AndroidNetworkLibrary.getDnsServers
12-13 03:28:29.984  9716  9842 W dalvikvm: VFY: unable to resolve virtual method 31074: Landroid/net/ConnectivityManager;.getActiveNetwork ()Landroid/net/Network;
12-13 03:28:29.984  9716  9842 D dalvikvm: VFY: replacing opcode 0x6e at 0x001a
12-13 03:28:29.984  9716  9842 I dalvikvm: Could not find method android.net.ConnectivityManager.getActiveNetwork, referenced from method org.chromium.net.AndroidNetworkLibrary.getIsCaptivePortal
12-13 03:28:29.984  9716  9842 W dalvikvm: VFY: unable to resolve virtual method 31074: Landroid/net/ConnectivityManager;.getActiveNetwork ()Landroid/net/Network;
12-13 03:28:29.984  9716  9842 D dalvikvm: VFY: replacing opcode 0x6e at 0x0017
12-13 03:28:29.984  9716  9842 I dalvikvm: Could not find method android.security.NetworkSecurityPolicy.getInstance, referenced from method org.chromium.net.AndroidNetworkLibrary.isCleartextPermitted
12-13 03:28:29.984  9716  9842 W dalvikvm: VFY: unable to resolve static method 31553: Landroid/security/NetworkSecurityPolicy;.getInstance ()Landroid/security/NetworkSecurityPolicy;
12-13 03:28:29.984  9716  9842 D dalvikvm: VFY: replacing opcode 0x71 at 0x0006
12-13 03:28:30.004   787   887 I PackageManager: Copying native libraries to /data/app-lib/vmdl-1878905654
12-13 03:28:30.014  9668  9668 I dalvikvm: Could not find method android.content.Context.checkSelfPermission, referenced from method jwb.a
12-13 03:28:30.014  9668  9668 W dalvikvm: VFY: unable to resolve virtual method 1657: Landroid/content/Context;.checkSelfPermission (Ljava/lang/String;)I
12-13 03:28:30.014  9668  9668 D dalvikvm: VFY: replacing opcode 0x6e at 0x0034
12-13 03:28:30.014  9668  9668 I dalvikvm: Failed resolving Ljwc; interface 782 'Landroid/content/pm/PackageManager$OnPermissionsChangedListener;'
12-13 03:28:30.014  9668  9668 W dalvikvm: Link of class 'Ljwc;' failed
12-13 03:28:30.024  9668  9668 E dalvikvm: Could not find class 'jwc', referenced from method jwb.a
12-13 03:28:30.024  9668  9668 W dalvikvm: VFY: unable to resolve new-instance 2609 (Ljwc;) in Ljwb;
12-13 03:28:30.024  9668  9668 D dalvikvm: VFY: replacing opcode 0x22 at 0x0000
12-13 03:28:30.024  9668  9668 I dalvikvm: Failed resolving Ljwc; interface 782 'Landroid/content/pm/PackageManager$OnPermissionsChangedListener;'
12-13 03:28:30.024  9668  9668 W dalvikvm: Link of class 'Ljwc;' failed
12-13 03:28:30.024  9668  9668 D dalvikvm: DexOpt: unable to opt direct call 0x37c7 at 0x02 in Ljwb;.a
12-13 03:28:30.064  8999  9889 W Conscrypt: Could not set socket write timeout:
12-13 03:28:30.064  8999  9889 W Conscrypt:    java.lang.reflect.Method.invokeNative(Native Method)
12-13 03:28:30.064  8999  9889 W Conscrypt:    java.lang.reflect.Method.invoke(Method.java:515)
12-13 03:28:30.064   787   940 D ConnectivityService: handleInetConditionHoldEnd: net=1, condition=100, published condition=0
12-13 03:28:30.064   992   992 D STATUSBAR-NetworkController: onReceive() - CONNECTIVITY_ACTION, INET_CONDITION_ACTION
12-13 03:28:30.074   992   992 D STATUSBAR-NetworkController: getUpdateDataNetType() - mDataNetType:0
12-13 03:28:30.074   992   992 D STATUSBAR-NetworkController: updateDataNetType()
12-13 03:28:30.074   992   992 D STATUSBAR-NetworkController: NoService, mRoamingIconId = 0
12-13 03:28:30.184  9668  9672 D dalvikvm: GC_CONCURRENT freed 5883K, 50% free 7161K/14096K, paused 4ms+8ms, total 56ms
12-13 03:28:30.184  9668  9722 D dalvikvm: WAIT_FOR_CONCURRENT_GC blocked 48ms
12-13 03:28:30.244  9394  9490 D dalvikvm: GC_FOR_ALLOC freed 2349K, 48% free 7384K/14096K, paused 48ms, total 48ms
12-13 03:28:30.284  4492  4492 I SA      : [OR] onReceive log=[SA = 1.5.0422 V = 19 HWD = 800X1280 1.0 dpi = 160  SIZE = 4 LOCALE = en_US CSC = BNN MCC = 0 MNC 0 T = user DEVICE = matissewifiopenbnn P = matissewifiopenbnn I = KOT49H M = SM-T530NU OKLEFT false DIS KOT49H.T530NUOVU1ANI3 PSS = 10.58540920614425  ]
12-13 03:28:30.304  4492  4492 I SA      : [BDLM] already registered in spp
12-13 03:28:30.314  4492  4492 I SA      : [OR] onReceive Intent=[ conn.CONNECTIVITY_CHANGE. networkInfo:NetworkInfo: type: WIFI[], state: CONNECTED/CONNECTED, reason: (unspecified), extra: "9901291200", roaming: false, failover: false, isAvailable: true, isConnectedToProvisioningNetwork: false networkType:1 inetCondition:0 extraInfo:? ]
12-13 03:28:30.314  4492  4492 I SA      : [OR] == ACTION_CONNECTIVITY_CHANGE ==
12-13 03:28:30.324  4479  4479 I PCWCLIENTTRACE_SYSTEMReceiver: mConnectivityHandler : connected
12-13 03:28:30.354  4479  9904 W PCWCLIENTTRACE_AccountUtil: [hasSamungAccount] - No Samsung Account
12-13 03:28:30.374  8999  8999 D dalvikvm: DexOpt: couldn't find field Landroid/os/Message;.sendingUid
12-13 03:28:30.374  8999  8999 W dalvikvm: VFY: unable to resolve instance field 8902
12-13 03:28:30.374  8999  8999 D dalvikvm: VFY: replacing opcode 0x52 at 0x0002
12-13 03:28:30.414  8999  8999 I dalvikvm: Could not find method java.util.Locale.toLanguageTag, referenced from method jxh.<init>
12-13 03:28:30.414  8999  8999 W dalvikvm: VFY: unable to resolve virtual method 42389: Ljava/util/Locale;.toLanguageTag ()Ljava/lang/String;
12-13 03:28:30.414  8999  8999 D dalvikvm: VFY: replacing opcode 0x6e at 0x002d
12-13 03:28:30.414  8999  8999 I dalvikvm: Could not find method android.content.res.Configuration.getLocales, referenced from method jxh.<init>
12-13 03:28:30.414  8999  8999 W dalvikvm: VFY: unable to resolve virtual method 3729: Landroid/content/res/Configuration;.getLocales ()Landroid/os/LocaleList;
12-13 03:28:30.414  8999  8999 D dalvikvm: VFY: replacing opcode 0x6e at 0x0032
12-13 03:28:30.414  8999  8999 I dalvikvm: Could not find method java.util.Locale.toLanguageTag, referenced from method jxh.<init>
12-13 03:28:30.414  8999  8999 W dalvikvm: VFY: unable to resolve virtual method 42389: Ljava/util/Locale;.toLanguageTag ()Ljava/lang/String;
12-13 03:28:30.414  8999  8999 D dalvikvm: VFY: replacing opcode 0x6e at 0x005e
12-13 03:28:30.474  9260  9471 D dalvikvm: GC_EXPLICIT freed 161K, 57% free 6176K/14096K, paused 3ms+5ms, total 36ms
12-13 03:28:30.494  4492  4492 I SA      : [SLFUCHKMGR] constructor called
12-13 03:28:30.514  9716  9753 E dalvikvm: Could not find class 'javax.net.ssl.SNIServerName', referenced from method com.google.android.gms.org.conscrypt.Platform.getSniHostnameFromParams
12-13 03:28:30.514  9716  9753 W dalvikvm: VFY: unable to resolve check-cast 2222 (Ljavax/net/ssl/SNIServerName;) in Lcom/google/android/gms/org/conscrypt/Platform;
12-13 03:28:30.514  9716  9753 D dalvikvm: VFY: replacing opcode 0x1f at 0x0025
12-13 03:28:30.514  9716  9753 E dalvikvm: Could not find class 'javax.net.ssl.SNIHostName', referenced from method com.google.android.gms.org.conscrypt.Platform.setParametersSniHostname
12-13 03:28:30.514  9716  9753 W dalvikvm: VFY: unable to resolve new-instance 2221 (Ljavax/net/ssl/SNIHostName;) in Lcom/google/android/gms/org/conscrypt/Platform;
12-13 03:28:30.514  9716  9753 D dalvikvm: VFY: replacing opcode 0x22 at 0x0024
12-13 03:28:30.534  9668  9722 I DynamiteModule: Considering local module com.google.android.gms.googlecertificates:4 and remote module com.google.android.gms.googlecertificates:4
12-13 03:28:30.534  9668  9722 I DynamiteModule: Selected local version of com.google.android.gms.googlecertificates
12-13 03:28:30.544  9716  9753 E dalvikvm: Could not find class 'javax.net.ssl.SNIHostName', referenced from method com.google.android.gms.org.conscrypt.Platform.setParametersSniHostname
12-13 03:28:30.544  9716  9753 W dalvikvm: VFY: unable to resolve new-instance 2221 (Ljavax/net/ssl/SNIHostName;) in Lcom/google/android/gms/org/conscrypt/Platform;
12-13 03:28:30.544  9716  9753 D dalvikvm: VFY: replacing opcode 0x22 at 0x0024
12-13 03:28:30.584  4492  4492 I SA      : [TPMU]  strSIMState 	:SIM_STATE_UNKNOWN
12-13 03:28:30.584  4492  4492 I SA      : [OR] == isSIMCardReady false ==
12-13 03:28:30.594  4492  4492 I SA      : [SCU] == networkStateCheck == true
12-13 03:28:30.594  4492  4492 I SA      : [DM] getCountryCodeFromCSC : US
12-13 03:28:30.594  4492  4492 I SA      : isChinaCountryCode : false
12-13 03:28:30.594  4492  4492 I SA      : [OR] == networkStateCheck true ==
12-13 03:28:30.604  9668  9722 D dalvikvm: DexOpt: --- BEGIN 'the.apk' (bootstrap=0) ---
12-13 03:28:30.614  9716  9753 W dalvikvm: Unable to resolve superclass of Lcom/google/android/gms/org/conscrypt/DelegatingExtendedSSLSession; (2212)
12-13 03:28:30.614  9716  9753 W dalvikvm: Link of class 'Lcom/google/android/gms/org/conscrypt/DelegatingExtendedSSLSession;' failed
12-13 03:28:30.614  4492  4492 I SA      : [OR] GetMyCountryZoneTask
12-13 03:28:30.614  4492  4492 I SA      : [OR] onReceive END
12-13 03:28:30.614   787  1235 I ActivityManager: Killing 4817:com.hancom.office.hshow.viewer.hshow_viewer_apk/u0a50 (adj 15): empty #31
12-13 03:28:30.624  9716  9753 E dalvikvm: Could not find class 'com.google.android.gms.org.conscrypt.DelegatingExtendedSSLSession', referenced from method com.google.android.gms.org.conscrypt.Platform.unwrapSSLSession
12-13 03:28:30.624  9716  9753 W dalvikvm: VFY: unable to resolve instanceof 1304 (Lcom/google/android/gms/org/conscrypt/DelegatingExtendedSSLSession;) in Lcom/google/android/gms/org/conscrypt/Platform;
12-13 03:28:30.624  9716  9753 D dalvikvm: VFY: replacing opcode 0x20 at 0x0007
12-13 03:28:30.624  9716  9753 W dalvikvm: Unable to resolve superclass of Lcom/google/android/gms/org/conscrypt/DelegatingExtendedSSLSession; (2212)
12-13 03:28:30.624  9716  9753 W dalvikvm: Link of class 'Lcom/google/android/gms/org/conscrypt/DelegatingExtendedSSLSession;' failed
12-13 03:28:30.644  9716  9753 E dalvikvm: Could not find class 'com.google.android.gms.org.conscrypt.DelegatingExtendedSSLSession', referenced from method com.google.android.gms.org.conscrypt.Platform.wrapSSLSession
12-13 03:28:30.654  9716  9753 W dalvikvm: VFY: unable to resolve new-instance 1304 (Lcom/google/android/gms/org/conscrypt/DelegatingExtendedSSLSession;) in Lcom/google/android/gms/org/conscrypt/Platform;
12-13 03:28:30.654  9716  9753 D dalvikvm: VFY: replacing opcode 0x22 at 0x0007
12-13 03:28:30.664  9716  9753 D dalvikvm: DexOpt: unable to opt direct call 0x3096 at 0x2a in Lcom/google/android/gms/org/conscrypt/Platform;.setParametersSniHostname
12-13 03:28:30.664  9716  9753 D dalvikvm: DexOpt: unable to opt direct call 0x3096 at 0x2a in Lcom/google/android/gms/org/conscrypt/Platform;.setParametersSniHostname
12-13 03:28:30.674  9716  9753 W dalvikvm: Unable to resolve superclass of Lcom/google/android/gms/org/conscrypt/DelegatingExtendedSSLSession; (2212)
12-13 03:28:30.674  9716  9753 W dalvikvm: Link of class 'Lcom/google/android/gms/org/conscrypt/DelegatingExtendedSSLSession;' failed
12-13 03:28:30.674  9716  9753 D dalvikvm: DexOpt: unable to opt direct call 0x1b67 at 0x09 in Lcom/google/android/gms/org/conscrypt/Platform;.wrapSSLSession
12-13 03:28:30.684  9913  9913 D dalvikvm: DexOpt: load 4ms, verify+opt 5ms, 133948 bytes
12-13 03:28:30.694  1154  1154 D PhoneNumberLocatorBootCompletedReceiver: onReceive
12-13 03:28:30.694  1154  1154 D PhoneNumberLocatorBootCompletedReceiver: Phone number locator feature is dsiabled
12-13 03:28:30.704  9668  9722 D dalvikvm: DexOpt: --- END 'the.apk' (success) ---
12-13 03:28:30.704  9668  9722 D dalvikvm: DEX prep '/data/data/com.google.android.gms/app_dg_cache/773C567C549A0BABE9AB85A0C121287B0B2AF818/the.apk': unzip in 0ms, rewrite 97ms
12-13 03:28:30.714  9916  9916 I SELinux : Function: selinux_android_load_priority [0], There is no sepolicy file.
12-13 03:28:30.714  9916  9916 I SELinux :  
12-13 03:28:30.714  9916  9916 I SELinux : Function: selinux_android_load_priority [1], There is no sepolicy version file.
12-13 03:28:30.714  9916  9916 I SELinux :  
12-13 03:28:30.714  9916  9916 I SELinux : Function: selinux_android_load_priority , priority version is VE=SEPF_SM-T530NU_4.4.2_0028
12-13 03:28:30.714  9916  9916 I SELinux :  
12-13 03:28:30.714  9916  9916 I SELinux :  
12-13 03:28:30.714  9916  9916 I SELinux : selinux_android_seapp_context_reload: seapp_contexts file is loaded from /seapp_contexts
12-13 03:28:30.774  4492  9912 I SA      : [SRS] prepareGetMyCountryZone
12-13 03:28:30.774  4492  9912 I SA      : [TPMU]  strSIMState 	:SIM_STATE_UNKNOWN
12-13 03:28:30.784  4492  9912 I SA      : [SSP] query invoked
12-13 03:28:30.794  9668  9672 D dalvikvm: GC_CONCURRENT freed 3058K, 57% free 6151K/14096K, paused 2ms+3ms, total 31ms
12-13 03:28:30.794  9668  9722 D dalvikvm: WAIT_FOR_CONCURRENT_GC blocked 16ms
12-13 03:28:30.804   787   887 I HarmonyEASService: Updating for all 1
12-13 03:28:30.804   787   887 I PackageManager: remove MCS_UNBIND message and Posting MCS_UNBIND 10 secs later
12-13 03:28:30.804   787   887 D PackageManager: [MSG] PROCESS_PENDING_INSTALL: observer{1115640960}
12-13 03:28:30.804   787   887 D PackageManager: installPackageLI
12-13 03:28:30.804   787   887 W PackageParser: Unknown element under <manifest>: meta-data at /data/app/vmdl-1878905654.tmp Binary XML file line #18
12-13 03:28:30.894  9394  9394 D AdvertisingIdNS: Notifying advertising info update event for package com.google.android.youtube
12-13 03:28:30.904  8999  9769 W ConfigurationChimeraPro: Got null configs for com.google.android.gms.locationsharing
12-13 03:28:30.924  8999  9463 I dalvikvm: Could not find method android.os.PowerManager.isDeviceIdleMode, referenced from method amrm.a
12-13 03:28:30.924  8999  9463 W dalvikvm: VFY: unable to resolve virtual method 24490: Landroid/os/PowerManager;.isDeviceIdleMode ()Z
12-13 03:28:30.924  8999  9463 D dalvikvm: VFY: replacing opcode 0x6e at 0x03c7
12-13 03:28:30.934  8999  9463 I GCoreUlr: Starting service, intent=Intent { act=com.google.android.location.reporting.ACTION_UPDATE_WORLD cmp=com.google.android.gms/com.google.android.location.reporting.service.DispatchingService (has extras) }, extras=Bundle[{receiverAction=com.google.android.gms.location.init.INIT_ACTION, is_module_updated=true}]
12-13 03:28:31.004   787  1253 D EnterpriseDeviceManagerService: Creating context as user 0
12-13 03:28:31.044  4492  9912 I SA      : [TPMU] GetMccFromDB : null
12-13 03:28:31.064  8999  9003 D dalvikvm: GC_CONCURRENT freed 1777K, 45% free 7876K/14096K, paused 40ms+13ms, total 92ms
12-13 03:28:31.074  8999  8999 I dalvikvm: Could not find method android.bluetooth.BluetoothAdapter.isBleScanAlwaysAvailable, referenced from method amnt.e
12-13 03:28:31.074  8999  8999 W dalvikvm: VFY: unable to resolve virtual method 23299: Landroid/bluetooth/BluetoothAdapter;.isBleScanAlwaysAvailable ()Z
12-13 03:28:31.074  8999  8999 D dalvikvm: VFY: replacing opcode 0x6e at 0x0020
12-13 03:28:31.084  9668  9722 D dalvikvm: Trying to load lib /data/data/com.google.android.gms/app_dg_cache/773C567C549A0BABE9AB85A0C121287B0B2AF818/libd456ED30924C6.so 0x4200bc18
12-13 03:28:31.084  9668  9722 D dalvikvm: Added shared lib /data/data/com.google.android.gms/app_dg_cache/773C567C549A0BABE9AB85A0C121287B0B2AF818/libd456ED30924C6.so 0x4200bc18
12-13 03:28:31.084  9668  9722 D dalvikvm: No JNI_OnLoad found in /data/data/com.google.android.gms/app_dg_cache/773C567C549A0BABE9AB85A0C121287B0B2AF818/libd456ED30924C6.so 0x4200bc18, skipping init
12-13 03:28:31.094  4492  9912 I SA      : [SCU] getMccFromPreferece mcc = 316
12-13 03:28:31.114  4479  9904 W linker  : libterrier.so has text relocations. This is wasting memory and is a security risk. Please fix.
12-13 03:28:31.114  4479  9904 I CSTORAGE: ================================================
12-13 03:28:31.114  4479  9904 I CSTORAGE:  CSTORAGE_SKM_LIB v1.0.11
12-13 03:28:31.114  4479  9904 I CSTORAGE: ================================================
12-13 03:28:31.114  4479  9904 D dalvikvm: No JNI_OnLoad found in /system/lib/libterrier.so 0x4200b308, skipping init
12-13 03:28:31.114  4479  9904 I PCWCLIENTTRACE_SecurePreferencesJNI: [GetString-S]
12-13 03:28:31.114  4479  9904 D QSEECOMAPI: : QSEECom_get_handle sb_length = 0x2040
12-13 03:28:31.114  4492  9912 I SA      : [TPM] isNoProxy(default) : true
12-13 03:28:31.114  4479  9904 D QSEECOMAPI: : App is not loaded in QSEE
12-13 03:28:31.124   787  1178 D EnterpriseDeviceManagerService: Creating context as user 0
12-13 03:28:31.204  8999  9010 W ConfigurationChimeraPro: Got null configs for com.google.android.gms.matchstick
12-13 03:28:31.294  4479  9904 D QSEECOMAPI: : Loaded image: APP id = 4
12-13 03:28:31.304  4479  9904 D QSEECOMAPI: : QSEECom_dealloc_memory 
12-13 03:28:31.304  4479  9904 D QSEECOMAPI: : QSEECom_shutdown_app, app_id = 4
12-13 03:28:31.304  4479  9904 E terrier : com.sec.pcw.device: getString: failed to get string(-1)
12-13 03:28:31.304  4479  9904 I PCWCLIENTTRACE_SecurePreferencesJNI: [GetString-E]
12-13 03:28:31.324  9394  9929 D dalvikvm: DexOpt: --- BEGIN 'DynamiteLoader_GmsCore_prod_mdpi_release.apk' (bootstrap=0) ---
12-13 03:28:31.344  4479  9904 I PCWCLIENTTRACE_PushUtil: SPPPushClient is installed : true
12-13 03:28:31.344  4479  9904 I PCWCLIENTTRACE_PushUtil: sales region : global
12-13 03:28:31.344  4479  9904 I PCWCLIENTTRACE_PushUtil: getPushTypeList : [SPP, GCM]
12-13 03:28:31.344  4479  9904 E PCWCLIENTTRACE_PCWHandler: [ensureRegistration] - No Samsung account
12-13 03:28:31.364  9668  9672 D dalvikvm: GC_CONCURRENT freed 1318K, 52% free 6845K/14096K, paused 3ms+2ms, total 36ms
12-13 03:28:31.364  9668  9678 D dalvikvm: WAIT_FOR_CONCURRENT_GC blocked 20ms
12-13 03:28:31.484   787  1178 I ActivityManager: Killing 4837:com.hancom.office.hword.viewer.hword_apk/u0a51 (adj 15): empty #31
12-13 03:28:31.524   787   863 D SensorService:   0.1 -0.0 9.7
12-13 03:28:31.544   787  1237 D dalvikvm: GC_EXPLICIT freed 2135K, 46% free 24167K/44108K, paused 9ms+53ms, total 339ms
12-13 03:28:31.614  9916  9916 I sCloudBackupApp: sCloudBackupApp Version Info : 3.6.5.KK_APP
12-13 03:28:31.614  9916  9916 I SCloudBackupReceiver: Other Intent
12-13 03:28:31.634  9953  9953 I SELinux : Function: selinux_android_load_priority [0], There is no sepolicy file.
12-13 03:28:31.634  9953  9953 I SELinux :  
12-13 03:28:31.634  9953  