12-13 03:28:24.774  9260  9260 D dalvikvm: DexOpt: couldn't find field Landroid/content/pm/ApplicationInfo;.splitSourceDirs
12-13 03:28:24.774  9260  9260 I dalvikvm: DexOpt: unable to optimize instance field ref 0x0351 at 0x57 in Lkgr;.d
12-13 03:28:24.774  9260  9260 D dalvikvm: Trying to load lib /data/app-lib/com.google.android.gms-2203/libgmscore.so 0x420114f0
12-13 03:28:24.774  9260  9260 D dalvikvm: Added shared lib /data/app-lib/com.google.android.gms-2203/libgmscore.so 0x420114f0
12-13 03:28:24.774  9260  9260 D dalvikvm: No JNI_OnLoad found in /data/app-lib/com.google.android.gms-2203/libgmscore.so 0x420114f0, skipping init
12-13 03:28:24.784  9260  9260 D dalvikvm: Trying to load lib /data/app-lib/com.google.android.gms-2203/libconscrypt_gmscore_jni.so 0x420114f0
12-13 03:28:24.784  9260  9260 D dalvikvm: Added shared lib /data/app-lib/com.google.android.gms-2203/libconscrypt_gmscore_jni.so 0x420114f0
12-13 03:28:24.784  9260  9260 V NativeCrypto: Registering com/google/android/gms/org/conscrypt/NativeCrypto's 276 native methods...
12-13 03:28:24.794  9260  9260 E dalvikvm: Could not find class 'javax.net.ssl.SNIServerName', referenced from method com.google.android.gms.org.conscrypt.Platform.getSniHostnameFromParams
12-13 03:28:24.794  9260  9260 W dalvikvm: VFY: unable to resolve check-cast 2222 (Ljavax/net/ssl/SNIServerName;) in Lcom/google/android/gms/org/conscrypt/Platform;
12-13 03:28:24.794  9260  9260 D dalvikvm: VFY: replacing opcode 0x1f at 0x0025
12-13 03:28:24.794  9260  9260 E dalvikvm: Could not find class 'javax.net.ssl.SNIHostName', referenced from method com.google.android.gms.org.conscrypt.Platform.setParametersSniHostname
12-13 03:28:24.794  9260  9260 W dalvikvm: VFY: unable to resolve new-instance 2221 (Ljavax/net/ssl/SNIHostName;) in Lcom/google/android/gms/org/conscrypt/Platform;
12-13 03:28:24.794  9260  9260 D dalvikvm: VFY: replacing opcode 0x22 at 0x0024
12-13 03:28:24.794  9260  9260 E dalvikvm: Could not find class 'javax.net.ssl.SNIHostName', referenced from method com.google.android.gms.org.conscrypt.Platform.setParametersSniHostname
12-13 03:28:24.794  9260  9260 W dalvikvm: VFY: unable to resolve new-instance 2221 (Ljavax/net/ssl/SNIHostName;) in Lcom/google/android/gms/org/conscrypt/Platform;
12-13 03:28:24.794  9260  9260 D dalvikvm: VFY: replacing opcode 0x22 at 0x0024
12-13 03:28:24.804  9260  9260 W dalvikvm: Unable to resolve superclass of Lcom/google/android/gms/org/conscrypt/DelegatingExtendedSSLSession; (2212)
12-13 03:28:24.804  9260  9260 W dalvikvm: Link of class 'Lcom/google/android/gms/org/conscrypt/DelegatingExtendedSSLSession;' failed
12-13 03:28:24.804  9260  9260 E dalvikvm: Could not find class 'com.google.android.gms.org.conscrypt.DelegatingExtendedSSLSession', referenced from method com.google.android.gms.org.conscrypt.Platform.unwrapSSLSession
12-13 03:28:24.804  9260  9260 W dalvikvm: VFY: unable to resolve instanceof 1304 (Lcom/google/android/gms/org/conscrypt/DelegatingExtendedSSLSession;) in Lcom/google/android/gms/org/conscrypt/Platform;
12-13 03:28:24.804  9260  9260 D dalvikvm: VFY: replacing opcode 0x20 at 0x0007
12-13 03:28:24.804  9260  9260 W dalvikvm: Unable to resolve superclass of Lcom/google/android/gms/org/conscrypt/DelegatingExtendedSSLSession; (2212)
12-13 03:28:24.804  9260  9260 W dalvikvm: Link of class 'Lcom/google/android/gms/org/conscrypt/DelegatingExtendedSSLSession;' failed
12-13 03:28:24.814  9260  9260 E dalvikvm: Could not find class 'com.google.android.gms.org.conscrypt.DelegatingExtendedSSLSession', referenced from method com.google.android.gms.org.conscrypt.Platform.wrapSSLSession
12-13 03:28:24.814  9260  9260 W dalvikvm: VFY: unable to resolve new-instance 1304 (Lcom/google/android/gms/org/conscrypt/DelegatingExtendedSSLSession;) in Lcom/google/android/gms/org/conscrypt/Platform;
12-13 03:28:24.814  9260  9260 D dalvikvm: VFY: replacing opcode 0x22 at 0x0007
12-13 03:28:24.814  9394  9540 I Icing   : Begin CorpusMap migration to native corpus schema store.
12-13 03:28:24.814  9260  9260 D dalvikvm: DexOpt: unable to opt direct call 0x3096 at 0x2a in Lcom/google/android/gms/org/conscrypt/Platform;.setParametersSniHostname
12-13 03:28:24.814  9260  9260 D dalvikvm: DexOpt: unable to opt direct call 0x3096 at 0x2a in Lcom/google/android/gms/org/conscrypt/Platform;.setParametersSniHostname
12-13 03:28:24.814  9260  9260 W dalvikvm: Unable to resolve superclass of Lcom/google/android/gms/org/conscrypt/DelegatingExtendedSSLSession; (2212)
12-13 03:28:24.814  9260  9260 W dalvikvm: Link of class 'Lcom/google/android/gms/org/conscrypt/DelegatingExtendedSSLSession;' failed
12-13 03:28:24.814  9260  9260 D dalvikvm: DexOpt: unable to opt direct call 0x1b67 at 0x09 in Lcom/google/android/gms/org/conscrypt/Platform;.wrapSSLSession
12-13 03:28:24.894  8999  9010 W ConfigurationChimeraPro: Got null configs for com.google.android.gms.auth.api.phone
12-13 03:28:24.924   787   863 D SensorService:   0.1 -0.0 9.7
12-13 03:28:24.944  9394  9540 I Icing   : updateResources: need to parse rwo{com.google.android.gms}
12-13 03:28:24.974  9394  9494 I Auth    : [AuthManaged,AuthManagedModuleInitIntentOperation] enabling com.google.android.gms.auth.managed.ui.EmmActivity
12-13 03:28:24.974  9394  9494 I Auth    : [AuthManaged,AuthManagedModuleInitIntentOperation] enabling com.google.android.gms.auth.managed.ui.PhoneskyDpcInstallActivity
12-13 03:28:24.984  9394  9494 I dalvikvm: Could not find method android.os.UserManager.isManagedProfile, referenced from method com.google.android.gms.auth.managed.intentoperations.SetupWorkProfileSettingsIntentOperation.a
12-13 03:28:24.984  9394  9494 W dalvikvm: VFY: unable to resolve virtual method 5003: Landroid/os/UserManager;.isManagedProfile ()Z
12-13 03:28:24.984  9394  9494 D dalvikvm: VFY: replacing opcode 0x6e at 0x0021
12-13 03:28:25.014  9260  9260 D dalvikvm: Trying to load lib /data/app-lib/com.google.android.gms-2203/libgmscore.so 0x420114f0
12-13 03:28:25.014  9260  9260 D dalvikvm: Shared lib '/data/app-lib/com.google.android.gms-2203/libgmscore.so' already loaded in same CL 0x420114f0
12-13 03:28:25.014  9260  9260 D dalvikvm: Trying to load lib /data/app-lib/com.google.android.gms-2203/libconscrypt_gmscore_jni.so 0x420114f0
12-13 03:28:25.014  9260  9260 D dalvikvm: Shared lib '/data/app-lib/com.google.android.gms-2203/libconscrypt_gmscore_jni.so' already loaded in same CL 0x420114f0
12-13 03:28:25.034  8999  9010 W ConfigurationChimeraPro: Got null configs for com.google.android.gms.auth_cryptauth
12-13 03:28:25.054  9483  9483 D NearbySettings: MountReceiver.onReceive - ACTION: android.net.wifi.STATE_CHANGE
12-13 03:28:25.054  9483  9483 V NearbySettings: DMSUtil.isNetworkConnected - flag-null, state-null
12-13 03:28:25.054  9483  9483 I NearbySettings: DMSUtil.isNetworkConnected - WIFI: CONNECTED
12-13 03:28:25.054  9483  9483 I NearbySettings: DMSUtil.isNetworkConnected - P2P: IDLE
12-13 03:28:25.054  9483  9483 I NearbySettings: DMSUtil.isNetworkConnected - ETH: IDLE
12-13 03:28:25.054  9483  9483 I NearbySettings: DMSUtil.isNetworkConnected - WIFI-true, Hotspot-false, P2P-false, Eth-false
12-13 03:28:25.054  9483  9483 I NearbySettings: MountReceiver.onReceive - Keep current state
12-13 03:28:25.064  9552  9552 D DialogFlow: DialogFlow constructor
12-13 03:28:25.064  9552  9552 D DialogFlow: initQueue()
12-13 03:28:25.064  9394  9490 I CryptauthV2: [OldAuthzenDatabase] Deleting SigningKey for handle: device_key
12-13 03:28:25.094  9260  9260 I ProviderInstaller: Installed default security provider GmsCore_OpenSSL
12-13 03:28:25.094  9483  9483 D NearbySettings: MountReceiver.onReceive - ACTION: android.net.wifi.STATE_CHANGE
12-13 03:28:25.094  9483  9483 I NearbySettings: MountReceiver.onReceive - Keep current state
12-13 03:28:25.094  9260  9260 I dalvikvm: Could not find method android.app.AppOpsManager.permissionToOp, referenced from method pq.a
12-13 03:28:25.094  9260  9260 W dalvikvm: VFY: unable to resolve static method 1450: Landroid/app/AppOpsManager;.permissionToOp (Ljava/lang/String;)Ljava/lang/String;
12-13 03:28:25.094  9260  9260 D dalvikvm: VFY: replacing opcode 0x71 at 0x000f
12-13 03:28:25.094  9260  9260 I dalvikvm: Could not find method android.content.Context.getSystemService, referenced from method pq.a
12-13 03:28:25.094  9260  9260 W dalvikvm: VFY: unable to resolve virtual method 1684: Landroid/content/Context;.getSystemService (Ljava/lang/Class;)Ljava/lang/Object;
12-13 03:28:25.094  9260  9260 D dalvikvm: VFY: replacing opcode 0x6e at 0x0030
12-13 03:28:25.104  9483  9483 D NearbySettings: MountReceiver.onReceive - ACTION: android.net.wifi.STATE_CHANGE
12-13 03:28:25.104  8999  9009 W ConfigurationChimeraPro: Got null configs for com.google.android.gms
12-13 03:28:25.104  9483  9483 V NearbySettings: DMSUtil.isNetworkConnected - flag-null, state-null
12-13 03:28:25.114  9483  9483 I NearbySettings: DMSUtil.isNetworkConnected - WIFI: CONNECTED
12-13 03:28:25.114  9483  9483 I NearbySettings: DMSUtil.isNetworkConnected - P2P: IDLE
12-13 03:28:25.114  9483  9483 I NearbySettings: DMSUtil.isNetworkConnected - ETH: IDLE
12-13 03:28:25.114  9483  9483 I NearbySettings: DMSUtil.isNetworkConnected - WIFI-true, Hotspot-false, P2P-false, Eth-false
12-13 03:28:25.114  9483  9483 I NearbySettings: MountReceiver.onReceive - Keep current state
12-13 03:28:25.124  9394  9490 W CryptauthV2: [OldAuthzenDatabase] Unexpected number of rows deleted: 0
12-13 03:28:25.134  9260  9260 I dalvikvm: Could not find method android.content.ContextWrapper.createCredentialProtectedStorageContext, referenced from method jia.createCredentialProtectedStorageContext
12-13 03:28:25.134  9260  9260 W dalvikvm: VFY: unable to resolve virtual method 1708: Landroid/content/ContextWrapper;.createCredentialProtectedStorageContext ()Landroid/content/Context;
12-13 03:28:25.134  9260  9260 D dalvikvm: VFY: replacing opcode 0x6f at 0x0002
12-13 03:28:25.144  9260  9260 I dalvikvm: Could not find method android.content.ContextWrapper.createDeviceProtectedStorageContext, referenced from method jia.createDeviceProtectedStorageContext
12-13 03:28:25.144  9260  9260 W dalvikvm: VFY: unable to resolve virtual method 1709: Landroid/content/ContextWrapper;.createDeviceProtectedStorageContext ()Landroid/content/Context;
12-13 03:28:25.144  9260  9260 D dalvikvm: VFY: replacing opcode 0x6f at 0x0002
12-13 03:28:25.174  9260  9260 I dalvikvm: Could not find method android.app.admin.DevicePolicyManager.isProfileOwnerApp, referenced from method gdu.b
12-13 03:28:25.174  9260  9260 W dalvikvm: VFY: unable to resolve virtual method 3247: Landroid/app/admin/DevicePolicyManager;.isProfileOwnerApp (Ljava/lang/String;)Z
12-13 03:28:25.174  9260  9260 D dalvikvm: VFY: replacing opcode 0x6e at 0x0011
12-13 03:28:25.174  9260  9260 I dalvikvm: Could not find method android.app.admin.DevicePolicyManager.getProfileOwner, referenced from method gdu.a
12-13 03:28:25.174  9260  9260 W dalvikvm: VFY: unable to resolve virtual method 3245: Landroid/app/admin/DevicePolicyManager;.getProfileOwner ()Landroid/content/ComponentName;
12-13 03:28:25.174  9260  9260 D dalvikvm: VFY: replacing opcode 0x6e at 0x0012
12-13 03:28:25.194  9483  9483 D NearbySettings: MountReceiver.onReceive - ACTION: android.net.wifi.STATE_CHANGE
12-13 03:28:25.194  9483  9483 I NearbySettings: MountReceiver.onReceive - Keep current state
12-13 03:28:25.204   243   243 I SurfaceFlinger: id=20 createSurf (1x1),1 flag=4, Uoast
12-13 03:28:25.204  8428  8428 D com.samsung.app: [AccuTab_Magagine]>>> WC:42 [0:0] action : comandroidserverNotificationManagerServiceNotificationArrived
12-13 03:28:25.204  8428  8428 D com.samsung.app: [AccuTab_Magagine]>>> WC:55 [0:0] settings CT : androidappReceiverRestrictedContext@4201cd20
12-13 03:28:25.204  8428  8428 D com.samsung.app: [AccuTab_Magagine]>>> UIM:146 [0:0] setContext
12-13 03:28:25.204  8428  8428 D com.samsung.app: [AccuTab_Magagine]>>> UIM:227 [0:0] The widget does not exist in idle!!
12-13 03:28:25.204   787   787 D SecSCTimeReceiver: onReceive : SecureClock Deactivate.
12-13 03:28:25.204   787  5769 D PowerManagerService: [api] acquire WakeLock flags=0x2000000a tag=WindowManager uid=1000 pid=787
12-13 03:28:25.204   787   896 D DisplayPowerController: animation target = 124 (PSM:true, AB limit:(-1 ~ -1) MB Limit:(-1 ~ -1) MAdj:(0, (0, 255)))
12-13 03:28:25.214   787   896 D PowerManagerService: [s] mDisplayPowerControllerCallbacks : onStateChanged()
12-13 03:28:25.224  4479  4479 I PCWCLIENTTRACE_PushUtil: SPPPushClient is installed : true
12-13 03:28:25.224  4479  4479 I PCWCLIENTTRACE_PushUtil: sales region : global
12-13 03:28:25.224  4479  4479 I PCWCLIENTTRACE_PushUtil: getPushTypeList : [SPP, GCM]
12-13 03:28:25.224  4479  4479 I PCWCLIENTTRACE_SYSTEMReceiver: [onReceive] - android.net.conn.CONNECTIVITY_CHANGE
12-13 03:28:25.224   787  2313 D lights  : lcd : 37 +
12-13 03:28:25.224   787  2313 D lights  : lcd : 37 -
12-13 03:28:25.244   787  8123 D lights  : lcd : 69 +
12-13 03:28:25.244   787  8123 D lights  : lcd : 69 -
12-13 03:28:25.244  9260  9260 I dalvikvm: Could not find method android.app.Notification.getChannelId, referenced from method jvh.a
12-13 03:28:25.244  9260  9260 W dalvikvm: VFY: unable to resolve virtual method 3148: Landroid/app/Notification;.getChannelId ()Ljava/lang/String;
12-13 03:28:25.244  9260  9260 D dalvikvm: VFY: replacing opcode 0x6e at 0x0006
12-13 03:28:25.244  9260  9260 I dalvikvm: Could not find method android.app.NotificationManager.getNotificationChannel, referenced from method jvh.a
12-13 03:28:25.244  9260  9260 W dalvikvm: VFY: unable to resolve virtual method 3163: Landroid/app/NotificationManager;.getNotificationChannel (Ljava/lang/String;)Landroid/app/NotificationChannel;
12-13 03:28:25.244  9260  9260 D dalvikvm: VFY: replacing opcode 0x6e at 0x0008
12-13 03:28:25.254   787  8124 D lights  : lcd : 102 +
12-13 03:28:25.254   787  8124 D lights  : lcd : 102 -
12-13 03:28:25.264  9260  9265 D dalvikvm: GC_CONCURRENT freed 1293K, 56% free 6276K/14096K, paused 18ms+10ms, total 73ms
12-13 03:28:25.264  9603  9603 I SELinux : Function: selinux_android_load_priority [0], There is no sepolicy file.
12-13 03:28:25.264  9603  9603 I SELinux :  
12-13 03:28:25.264  9260  9260 W dalvikvm: VFY: unable to find class referenced in signature (Landroid/app/NotificationChannel;)
12-13 03:28:25.264  9260  9260 I dalvikvm: Could not find method android.app.NotificationManager.getNotificationChannels, referenced from method jvh.a
12-13 03:28:25.264  9260  9260 W dalvikvm: VFY: unable to resolve virtual method 3164: Landroid/app/NotificationManager;.getNotificationChannels ()Ljava/util/List;
12-13 03:28:25.264  9260  9260 D dalvikvm: VFY: replacing opcode 0x6e at 0x0008
12-13 03:28:25.264  9260  9260 W dalvikvm: VFY: unable to find class referenced in signature (Landroid/app/NotificationChannel;)
12-13 03:28:25.264  9260  9260 I dalvikvm: Could not find method android.app.NotificationManager.createNotificationChannel, referenced from method jvh.a
12-13 03:28:25.264  9260  9260 W dalvikvm: VFY: unable to resolve virtual method 3160: Landroid/app/NotificationManager;.createNotificationChannel (Landroid/app/NotificationChannel;)V
12-13 03:28:25.264  9260  9260 D dalvikvm: VFY: replacing opcode 0x6e at 0x0008
12-13 03:28:25.264  9603  9603 I SELinux : Function: selinux_android_load_priority [1], There is no sepolicy version file.
12-13 03:28:25.264  9603  9603 I SELinux :  
12-13 03:28:25.264  9260  9260 W dalvikvm: VFY: unable to find class referenced in signature (Landroid/app/NotificationChannelGroup;)
12-13 03:28:25.264  9260  9260 I dalvikvm: Could not find method android.app.NotificationManager.createNotificationChannelGroup, referenced from method jvh.a
12-13 03:28:25.264  9260  9260 W dalvikvm: VFY: unable to resolve virtual method 3161: Landroid/app/NotificationManager;.createNotificationChannelGroup (Landroid/app/NotificationChannelGroup;)V
12-13 03:28:25.264  9260  9260 D dalvikvm: VFY: replacing opcode 0x6e at 0x0008
12-13 03:28:25.264  9260  9260 I dalvikvm: Could not find method android.app.NotificationManager.deleteNotificationChannel, referenced from method jvh.b
12-13 03:28:25.264  9260  9260 W dalvikvm: VFY: unable to resolve virtual method 3162: Landroid/app/NotificationManager;.deleteNotificationChannel (Ljava/lang/String;)V
12-13 03:28:25.264  9260  9260 D dalvikvm: VFY: replacing opcode 0x6e at 0x0008
12-13 03:28:25.264  9260  9260 D dalvikvm: DexOpt: unable to opt direct call 0x0c4e at 0x21 in Ljvh;.a
12-13 03:28:25.264  9603  9603 I SELinux : Function: selinux_android_load_priority , priority version is VE=SEPF_SM-T530NU_4.4.2_0028
12-13 03:28:25.264  9603  9603 I SELinux :  
12-13 03:28:25.264  9603  9603 I SELinux :  
12-13 03:28:25.264  9603  9603 I SELinux : selinux_android_seapp_context_reload: seapp_contexts file is loaded from /seapp_contexts
12-13 03:28:25.274  9260  9598 D dalvikvm: WAIT_FOR_CONCURRENT_GC blocked 26ms
12-13 03:28:25.274   787  1006 D lights  : lcd : 124 +
12-13 03:28:25.274   787  1006 D lights  : lcd : 124 -
12-13 03:28:25.274   787   896 D RampAnimator: Light Animator Finished currentValue=124
12-13 03:28:25.294  9260  9260 I dalvikvm: Could not find method android.content.pm.PackageManager.getPackageInstaller, referenced from method izp.a
12-13 03:28:25.294  9260  9260 W dalvikvm: VFY: unable to resolve virtual method 1801: Landroid/content/pm/PackageManager;.getPackageInstaller ()Landroid/content/pm/PackageInstaller;
12-13 03:28:25.294  9260  9260 D dalvikvm: VFY: replacing opcode 0x6e at 0x001c
12-13 03:28:25.364  9260  9260 I dalvikvm: Could not find method android.accounts.AccountManager.removeAccount, referenced from method exi.a
12-13 03:28:25.364  9260  9260 W dalvikvm: VFY: unable to resolve virtual method 2865: Landroid/accounts/AccountManager;.removeAccount (Landroid/accounts/Account;Landroid/app/Activity;Landroid/accounts/AccountManagerCallback;Landroid/os/Handler;)Landroid/accounts/AccountManagerFuture;
12-13 03:28:25.364  9260  9260 D dalvikvm: VFY: replacing opcode 0x6e at 0x0004
12-13 03:28:25.364  9260  9260 I dalvikvm: Could not find method android.os.UserManager.isManagedProfile, referenced from method exi.a
12-13 03:28:25.364  9260  9260 W dalvikvm: VFY: unable to resolve virtual method 5003: Landroid/os/UserManager;.isManagedProfile ()Z
12-13 03:28:25.364  9260  9260 D dalvikvm: VFY: replacing opcode 0x6e at 0x0028
12-13 03:28:25.374  9260  9600 I Auth    : [Change,AccountsChange] First snapshot
12-13 03:28:25.404  9394  9619 I dalvikvm: Could not find method android.app.Notification$Builder.setVisibility, referenced from method gcg.a
12-13 03:28:25.404  9394  9619 W dalvikvm: VFY: unable to resolve virtual method 3136: Landroid/app/Notification$Builder;.setVisibility (I)Landroid/app/Notification$Builder;
12-13 03:28:25.404  9394  9619 D dalvikvm: VFY: replacing opcode 0x6e at 0x002f
12-13 03:28:25.414  9394  9619 E dalvikvm: Could not find class 'android.app.NotificationChannel', referenced from method gcg.a
12-13 03:28:25.414  9394  9619 W dalvikvm: VFY: unable to resolve check-cast 682 (Landroid/app/NotificationChannel;) in Lgcg;
12-13 03:28:25.414  9394  9619 D dalvikvm: VFY: replacing opcode 0x1f at 0x0017
12-13 03:28:25.414  9394  9619 D dalvikvm: DexOpt: unable to opt direct call 0x0c4e at 0x12c in Lgcg;.a
12-13 03:28:25.424  9394  9619 D dalvikvm: DexOpt: couldn't find static field Landroid/app/Notification;.AUDIO_ATTRIBUTES_DEFAULT
12-13 03:28:25.424  9394  9619 I dalvikvm: DexOpt: unable to optimize static field ref 0x0708 at 0x135 in Lgcg;.a
12-13 03:28:25.424  9394  9619 W ChimeraUtils: Non Chimera context
12-13 03:28:25.444  9260  9600 W WakefulBroadcastReceiv.: No active wake lock id #1
12-13 03:28:25.444  8999  9010 W ConfigurationChimeraPro: Got null configs for com.google.android.gms.backup
12-13 03:28:25.464  9394  9490 I Backup  : [PreLComponentEnabler] Enabling pre-L components
12-13 03:28:25.464   787   876 I ActivityManager: Waited long enough for: ServiceRecord{43bb6638 u0 com.nook.app/com.nook.connectivity.instore.InstoreService}
12-13 03:28:25.514  9394  9478 I dalvikvm: Could not find method lm.getMediaController, referenced from method com.google.android.chimera.Activity.getMediaController
12-13 03:28:25.514  9394  9478 W dalvikvm: VFY: unable to resolve virtual method 15382: Llm;.getMediaController ()Landroid/media/session/MediaController;
12-13 03:28:25.524  9394  9478 D dalvikvm: VFY: replacing opcode 0x6e at 0x0002
12-13 03:28:25.524  9394  9478 I dalvikvm: Could not find method lm.getSearchEvent, referenced from method com.google.android.chimera.Activity.getSearchEvent
12-13 03:28:25.524  9394  9478 W dalvikvm: VFY: unable to resolve virtual method 15388: Llm;.getSearchEvent ()Landroid/view/SearchEvent;
12-13 03:28:25.524  9394  9478 D dalvikvm: VFY: replacing opcode 0x6e at 0x0002
12-13 03:28:25.524  9394  9478 W dalvikvm: VFY: unable to find class referenced in signature (Landroid/app/VoiceInteractor;)
12-13 03:28:25.524  9394  9478 W dalvikvm: VFY: unable to find class referenced in signature (Landroid/app/VoiceInteractor;)
12-13 03:28:25.524  9394  9478 W dalvikvm: VFY: unable to find class referenced in signature (Landroid/os/PersistableBundle;)
12-13 03:28:25.524  9394  9478 W dalvikvm: VFY: unable to find class referenced in signature (Landroid/os/PersistableBundle;)
12-13 03:28:25.574  9394  9478 W dalvikvm: VFY: unable to find class referenced in signature (Landroid/os/PersistableBundle;)
12-13 03:28:25.574  9394  9478 W dalvikvm: VFY: unable to find class referenced in signature (Landroid/os/PersistableBundle;)
12-13 03:28:25.574  9394  9478 W dalvikvm: VFY: unable to find class referenced in signature (Landroid/app/assist/AssistContent;)
12-13 03:28:25.574  9394  9478 W dalvikvm: VFY: unable to find class referenced in signature (Landroid/app/assist/AssistContent;)
12-13 03:28:25.584  9394  9478 W dalvikvm: VFY: unable to find class referenced in signature (Landroid/os/PersistableBundle;)
12-13 03:28:25.584  9394  9478 W dalvikvm: VFY: unable to find class referenced in signature (Landroid/os/PersistableBundle;)
12-13 03:28:25.594  9394  9478 W dalvikvm: VFY: unable to find class referenced in signature (Landroid/os/PersistableBundle;)
12-13 03:28:25.594  9394  9478 W dalvikvm: VFY: unable to find class referenced in signature (Landroid/os/PersistableBundle;)
12-13 03:28:25.604  9394  9478 W dalvikvm: VFY: unable to find class referenced in signature (Landroid/view/SearchEvent;)
12-13 03:28:25.604  9394  9478 W dalvikvm: VFY: unable to find class referenced in signature (Landroid/view/SearchEvent;)
12-13 03:28:25.604  9394  9478 I dalvikvm: Could not find method lm.requestPermissions, referenced from method com.google.android.chimera.Activity.requestPermissions
12-13 03:28:25.614  9394  9478 W dalvikvm: VFY: unable to resolve virtual method 15493: Llm;.requestPermissions ([Ljava/lang/String;I)V
12-13 03:28:25.614  9394  9478 D dalvikvm: VFY: replacing opcode 0x6e at 0x0002
12-13 03:28:25.614  9394  9478 W dalvikvm: VFY: unable to find class referenced in signature (Landroid/media/session/MediaController;)
12-13 03:28:25.614  9394  9494 W ChimeraUtils: Non Chimera context
12-13 03:28:25.614  9394  9478 I dalvikvm: Could not find method lm.setMediaController, referenced from method com.google.android.chimera.Activity.setMediaController
12-13 03:28:25.614  9394  9478 W dalvikvm: VFY: unable to resolve virtual method 15507: Llm;.setMediaController (Landroid/media/session/MediaController;)V
12-13 03:28:25.614  9394  9478 D dalvikvm: VFY: replacing opcode 0x6e at 0x0002
12-13 03:28:25.704  9394  9494 E dalvikvm: Could not find class 'android.telephony.SubscriptionManager', referenced from method com.google.android.gms.checkin.CheckinChimeraService.c
12-13 03:28:25.714  9394  9494 W dalvikvm: VFY: unable to resolve check-cast 1182 (Landroid/telephony/SubscriptionManager;) in Lcom/google/android/gms/checkin/CheckinChimeraService;
12-13 03:28:25.714  9394  9494 D dalvikvm: VFY: replacing opcode 0x1f at 0x000e
12-13 03:28:25.784  8999  9228 W ConfigurationChimeraPro: Got null configs for com.google.android.gms.auth.account.base
12-13 03:28:25.804  9617  9617 D AndroidRuntime: 
12-13 03:28:25.804  9617  9617 D AndroidRuntime: >>>>>> AndroidRuntime START com.android.internal.os.RuntimeInit <<<<<<
12-13 03:28:25.804  9617  9617 D AndroidRuntime: CheckJNI is OFF
12-13 03:28:25.804  9617  9617 D AndroidRuntime: setted country_code = USA
12-13 03:28:25.804  9617  9617 D AndroidRuntime: setted countryiso_code = US
12-13 03:28:25.804  9617  9617 D AndroidRuntime: setted sales_code = BNN
12-13 03:28:25.804  9617  9617 D AndroidRuntime: readGMSProperty: start
12-13 03:28:25.804  9617  9617 D AndroidRuntime: readGMSProperty: already setted!!
12-13 03:28:25.804  9617  9617 D AndroidRuntime: readGMSProperty: end
12-13 03:28:25.804  9617  9617 D AndroidRuntime: addProductProperty: start
12-13 03:28:25.834  9617  9617 D dalvikvm: Trying to load lib libjavacore.so 0x0
12-13 03:28:25.834  9617  9617 D dalvikvm: Added shared lib libjavacore.so 0x0
12-13 03:28:25.834  9617  9617 D dalvikvm: Trying to load lib libnativehelper.so 0x0
12-13 03:28:25.834  9617  9617 D dalvikvm: Added shared lib libnativehelper.so 0x0
12-13 03:28:25.834  9617  9617 D dalvikvm: No JNI_OnLoad found in libnativehelper.so 0x0, skipping init
12-13 03:28:25.844  8999  9010 W ConfigurationChimeraPro: Got null configs for com.google.android.gms.auth_authzen
12-13 03:28:25.884  9394  9398 D dalvikvm: GC_CONCURRENT freed 1830K, 55% free 6481K/14096K, paused 52ms+4ms, total 167ms
12-13 03:28:25.884  9394  9478 D dalvikvm: WAIT_FOR_CONCURRENT_GC blocked 33ms
12-13 03:28:25.884  9394  9619 D dalvikvm: WAIT_FOR_CONCURRENT_GC blocked 33ms
12-13 03:28:25.884  9394  9405 D dalvikvm: WAIT_FOR_CONCURRENT_GC blocked 31ms
12-13 03:28:25.884  9394  9394 D dalvikvm: WAIT_FOR_CONCURRENT_GC blocked 34ms
12-13 03:28:25.894  9394  9490 D dalvikvm: WAIT_FOR_CONCURRENT_GC blocked 32ms
12-13 03:28:25.894  9394  9540 D dalvikvm: WAIT_FOR_CONCURRENT_GC blocked 43ms
12-13 03:28:25.904  9394  9621 D dalvikvm: WAIT_FOR_CONCURRENT_GC blocked 48ms
12-13 03:28:25.904  9394  9619 W dalvikvm: VFY: unable to find class referenced in signature (Landroid/net/Network;)
12-13 03:28:25.904  9394  9619 I dalvikvm: Could not find method android.net.Network.openConnection, referenced from method rsp.a
12-13 03:28:25.904  9394  9619 W dalvikvm: VFY: unable to resolve virtual method 16338: Landroid/net/Network;.openConnection (Ljava/net/URL;)Ljava/net/URLConnection;
12-13 03:28:25.904  9394  9619 D dalvikvm: VFY: replacing opcode 0x6e at 0x00ab
12-13 03:28:25.914  9260  9260 I dalvikvm: Could not find method android.os.UserManager.isManagedProfile, referenced from method gjk.run
12-13 03:28:25.914  9260  9260 W dalvikvm: VFY: unable to resolve virtual method 5003: Landroid/os/UserManager;.isManagedProfile ()Z
12-13 03:28:25.914  9260  9260 D dalvikvm: VFY: replacing opcode 0x6e at 0x0100
12-13 03:28:25.964  9394  9619 E BaseAppContext: Tried to stop global GMSCore RequestQueue. This is likely unintended, so ignoring.
12-13 03:28:25.994  9260  9260 I dalvikvm: Could not find method android.app.AlarmManager.cancel, referenced from method kah.a
12-13 03:28:25.994  9260  9260 W dalvikvm: VFY: unable to resolve virtual method 3008: Landroid/app/AlarmManager;.cancel (Landroid/app/AlarmManager$OnAlarmListener;)V
12-13 03:28:25.994  9260  9260 D dalvikvm: VFY: replacing opcode 0x6e at 0x0002
12-13 03:28:26.004  9260  9260 I dalvikvm: Could not find method android.app.AlarmManager.set, referenced from method kah.a
12-13 03:28:26.004  9260  9260 W dalvikvm: VFY: unable to resolve virtual method 3010: Landroid/app/AlarmManager;.set (IJJJLandroid/app/AlarmManager$OnAlarmListener;Landroid/os/Handler;Landroid/os/WorkSource;)V
12-13 03:28:26.004  9260  9260 D dalvikvm: VFY: replacing opcode 0x74 at 0x0018
12-13 03:28:26.004  9260  9260 I dalvikvm: Could not find method android.app.AlarmManager.setExactAndAllowWhileIdle, referenced from method kah.a
12-13 03:28:26.004  9260  9260 W dalvikvm: VFY: unable to resolve virtual method 3014: Landroid/app/AlarmManager;.setExactAndAllowWhileIdle (IJLandroid/app/PendingIntent;)V
12-13 03:28:26.004  9260  9260 D dalvikvm: VFY: replacing opcode 0x6e at 0x0011
12-13 03:28:26.004  9260  9260 I dalvikvm: Could not find method android.app.AlarmManager.setAndAllowWhileIdle, referenced from method kah.a
12-13 03:28:26.004  9260  9260 W dalvikvm: VFY: unable to resolve virtual method 3013: Landroid/app/AlarmManager;.setAndAllowWhileIdle (IJLandroid/app/PendingIntent;)V
12-13 03:28:26.004  9260  9260 D dalvikvm: VFY: replacing opcode 0x6e at 0x0010
12-13 03:28:26.014  8999  9009 W ConfigurationChimeraPro: Got null configs for com.google.android.gms.herrevad
12-13 03:28:26.034  8999  9228 W ConfigurationChimeraPro: Got null configs for com.google.android.gms.auth_authzen
12-13 03:28:26.044  9394  9619 I Authzen : [AuthZenEventHandler] Handling event: com.google.android.chimera.IntentOperation.NEW_MODULE
12-13 03:28:26.084  9617  9617 E memtrack: Couldn't load memtrack module (No such file or directory)
12-13 03:28:26.084  9617  9617 E android.os.Debug: failed to load memtrack module: -2
12-13 03:28:26.084   787  1111 W ActivityManager: Permission Denial: getCurrentUser() from pid=9603, uid=10001 requires android.permission.INTERACT_ACROSS_USERS
12-13 03:28:26.094  9648  9648 I SELinux : Function: selinux_android_load_priority [0], There is no sepolicy file.
12-13 03:28:26.094  9648  9648 I SELinux :  
12-13 03:28:26.094  9648  9648 I SELinux : Function: selinux_android_load_priority [1], There is no sepolicy version file.
12-13 03:28:26.094  9648  9648 I SELinux :  
12-13 03:28:26.094  9648  9648 I SELinux : Function: selinux_android_load_priority , priority version is VE=SEPF_SM-T530NU_4.4.2_0028
12-13 03:28:26.094  9648  9648 I SELinux :  
12-13 03:28:26.094  9648  9648 I SELinux :  
12-13 03:28:26.094  9648  9648 I SELinux : selinux_android_seapp_context_reload: seapp_contexts file is loaded from /seapp_contexts
12-13 03:28:26.104   787   986 I ActivityManager: Killing 4523:com.hancom.androidpc.viewer.launcher/u0a47 (adj 15): empty #31
12-13 03:28:26.124   248   248 D dalvikvm: GC_EXPLICIT freed 46K, 66% free 4882K/14096K, paused 2ms+4ms, total 28ms
12-13 03:28:26.134  9617  9617 D dalvikvm: Note: class Landroid/app/ActivityManagerNative; has 192 unimplemented (abstract) methods
12-13 03:28:26.154   248   248 D dalvikvm: GC_EXPLICIT freed <1K, 66% free 4882K/14096K, paused 2ms+3ms, total 23ms
12-13 03:28:26.174   248   248 D dalvikvm: GC_EXPLICIT freed <1K, 66% free 4882K/14096K, paused 2ms+3ms, total 23ms
12-13 03:28:26.174  9394  9394 D dalvikvm: DexOpt: couldn't find field Landroid/os/Message;.sendingUid
12-13 03:28:26.174  9394  9394 W dalvikvm: VFY: unable to resolve instance field 8902
12-13 03:28:26.174  9394  9394 D dalvikvm: VFY: replacing opcode 0x52 at 0x0002
12-13 03:28:26.194  9394  9621 I dalvikvm: Could not find method android.telephony.CellIdentityLte.getEarfcn, referenced from method rrq.a
12-13 03:28:26.194  9394  9621 W dalvikvm: VFY: unable to resolve virtual method 16950: Landroid/telephony/CellIdentityLte;.getEarfcn ()I
12-13 03:28:26.194  9394  9621 D dalvikvm: VFY: replacing opcode 0x6e at 0x0031
12-13 03:28:26.214  9617  9617 D AndroidRuntime: Calling main entry com.android.commands.pm.Pm
12-13 03:28:26.224  8999  9010 W ConfigurationChimeraPro: Got null configs for com.google.android.gms.clearcut.public
12-13 03:28:26.234  9394  9594 I CheckinCompat: Disabling old GoogleServicesFramework version
12-13 03:28:26.234  8999  8999 W ConfigurationChimeraPro: Got null configs for com.google.android.gms.contextmanager
12-13 03:28:26.244  9394  9400 I dalvikvm: Total arena pages for JIT: 11
12-13 03:28:26.244  9394  9400 I dalvikvm: Total arena pages for JIT: 12
12-13 03:28:26.254  9394  9400 I dalvikvm: Total arena pages for JIT: 13
12-13 03:28:26.254  9394  9400 I dalvikvm: Total arena pages for JIT: 14
12-13 03:28:26.254  9394  9621 I dalvikvm: Could not find method android.telephony.TelephonyManager.getImei, referenced from method rrq.b
12-13 03:28:26.254  9394  9621 W dalvikvm: VFY: unable to resolve virtual method 17010: Landroid/telephony/TelephonyManager;.getImei ()Ljava/lang/String;
12-13 03:28:26.254  9394  9621 D dalvikvm: VFY: replacing opcode 0x6e at 0x0018
12-13 03:28:26.254  9394  9621 I dalvikvm: Could not find method android.net.ConnectivityManager.getAllNetworks, referenced from method rrq.d
12-13 03:28:26.254  9394  9621 W dalvikvm: VFY: unable to resolve virtual method 16325: Landroid/net/ConnectivityManager;.getAllNetworks ()[Landroid/net/Network;
12-13 03:28:26.254  9394  9621 D dalvikvm: VFY: replacing opcode 0x6e at 0x0059
12-13 03:28:26.404  9394  9665 I dalvikvm: Could not find method android.app.KeyguardManager.isDeviceSecure, referenced from method kfn.a
12-13 03:28:26.404  9394  9665 W dalvikvm: VFY: unable to resolve virtual method 3105: Landroid/app/KeyguardManager;.isDeviceSecure ()Z
12-13 03:28:26.404  9394  9665 D dalvikvm: VFY: replacing opcode 0x6e at 0x02c0
12-13 03:28:26.404  9394  9665 D dalvikvm: DexOpt: couldn't find static field Landroid/os/Build$VERSION;.SECURITY_PATCH
12-13 03:28:26.404  9394  9665 W dalvikvm: VFY: unable to resolve static field 1994 (SECURITY_PATCH) in Landroid/os/Build$VERSION;
12-13 03:28:26.404  9394  9665 D dalvikvm: VFY: replacing opcode 0x62 at 0x021f
12-13 03:28:26.414  9394  9665 D dalvikvm: DexOpt: couldn't find static field Landroid/os/Build;.SUPPORTED_ABIS
12-13 03:28:26.414  9394  9665 W dalvikvm: VFY: unable to resolve static field 2011 (SUPPORTED_ABIS) in Landroid/os/Build;
12-13 03:28:26.414  9394  9665 D dalvikvm: VFY: replacing opcode 0x62 at 0x0011
12-13 03:28:26.414  9394  9665 D dalvikvm: DexOpt: couldn't find static field Landroid/os/Build;.SUPPORTED_ABIS
12-13 03:28:26.414  9394  9665 I dalvikvm: DexOpt: unable to optimize static field ref 0x07db at 0x15 in Lkfn;.a
12-13 03:28:26.424  9394  9665 I DeviceConfigUtils: android.os.VintfObject class not found : android.os.VintfObject
12-13 03:28:26.424  9668  9668 I SELinux : Function: selinux_android_load_priority [0], There is no sepolicy file.
12-13 03:28:26.424  9668  9668 I SELinux :  
12-13 03:28:26.424  9668  9668 I SELinux : Function: selinux_android_load_priority [1], There is no sepolicy version file.
12-13 03:28:26.424  9668  9668 I SELinux :  
12-13 03:28:26.434  9668  9668 I SELinux : Function: selinux_android_load_priority , priority version is VE=SEPF_SM-T530NU_4.4.2_0028
12-13 03:28:26.434  9668  9668 I SELinux :  
12-13 03:28:26.434  9668  9668 I SELinux :  
12-13 03:28:26.434  9668  9668 I SELinux : selinux_android_seapp_context_reload: seapp_contexts file is loaded from /seapp_contexts
12-13 03:28:26.444  9617  9617 D AndroidRuntime: Shutting down VM
12-13 03:28:26.444  9617  9631 D dalvikvm: GC_CONCURRENT freed 570K, 46% free 683K/1256K, paused 1ms+0ms, total 5ms
12-13 03:28:26.454  9648  9648 I DBG_DIAGMONDM: [1.140521.0521][Line:472][xdmGetCheckWifiOnlyModel] isWifiOnly : true
12-13 03:28:26.484  9394  9494 I Fido    : [FidoInitIntentOperation] Initializing Fido module, InitRuntimeState=12
12-13 03:28:26.524  8999  8999 E dalvikvm: Could not find class 'android.app.usage.UsageStatsManager', referenced from method dhl.j
12-13 03:28:26.524  8999  8999 W dalvikvm: VFY: unable to resolve check-cast 702 (Landroid/app/usage/UsageStatsManager;) in Ldhl;
12-13 03:28:26.524  8999  8999 D dalvikvm: VFY: replacing opcode 0x1f at 0x0020
12-13 03:28:26.524  8999  8999 D dalvikvm: DexOpt: unable to opt direct call 0x0cb8 at 0x30 in Ldhl;.j
12-13 03:28:26.524  9668  9668 W dalvikvm: VFY: unable to resolve static field 937 (PR_SET_DUMPABLE) in Landroid/system/OsConstants;
12-13 03:28:26.524  9668  9668 D dalvikvm: VFY: replacing opcode 0x60 at 0x0009
12-13 03:28:26.524  9394  9398 D dalvikvm: GC_CONCURRENT freed 1776K, 53% free 6709K/14096K, paused 4ms+4ms, total 48ms
12-13 03:28:26.534  9394  9665 I EventLogChimeraService: Accumulating logs since 0
12-13 03:28:26.534  8999  8999 I dalvikvm: Could not find method android.os.PowerManager.isInteractive, referenced from method dhn.a
12-13 03:28:26.534  8999  8999 W dalvikvm: VFY: unable to resolve virtual method 4964: Landroid/os/PowerManager;.isInteractive ()Z
12-13 03:28:26.534  8999  8999 D dalvikvm: VFY: replacing opcode 0x6e at 0x0010
12-13 03:28:26.544  9668  9668 W dalvikvm: VFY: unable to find class referenced in signature (Laqvj;)
12-13 03:28:26.544  9668  9668 W dalvikvm: VFY: unable to find class referenced in signature (Laqvj;)
12-13 03:28:26.544  9668  9668 W dalvikvm: VFY: unable to find class referenced in signature (Laqvj;)
12-13 03:28:26.544  9668  9668 W dalvikvm: VFY: unable to find class referenced in signature (Laqvj;)
12-13 03:28:26.544  9668  9668 I dalvikvm: Could not find method android.content.Context.getSystemService, referenced from method ro.a
12-13 03:28:26.544  9668  9668 W dalvikvm: VFY: unable to resolve virtual method 1684: Landroid/content/Context;.getSystemService (Ljava/lang/Class;)Ljava/lang/Object;
12-13 03:28:26.544  9668  9668 D dalvikvm: VFY: replacing opcode 0x6e at 0x0008
12-13 03:28:26.544  9668  9668 I dalvikvm: Could not find method android.content.Context.createDeviceProtectedStorageContext, referenced from method jkx.a
12-13 03:28:26.544  9668  9668 W dalvikvm: VFY: unable to resolve virtual method 1659: Landroid/content/Context;.createDeviceProtectedStorageContext ()Landroid/content/Context;
12-13 03:28:26.544  9668  9668 D dalvikvm: VFY: replacing opcode 0x6e at 0x0029
12-13 03:28:26.544  9668  9668 I dalvikvm: Could not find method android.content.Context.getSystemService, referenced from method jkx.b
12-13 03:28:26.544  9668  9668 W dalvikvm: VFY: unable to resolve virtual method 1684: Landroid/content/Context;.getSystemService (Ljava/lang/Class;)Ljava/lang/Object;
12-13 03:28:26.544  9668  9668 D dalvikvm: VFY: replacing opcode 0x6e at 0x000b
12-13 03:28:26.554  9668  9668 I dalvikvm: Could not find method android.content.Context.isDeviceProtectedStorage, referenced from method zcx.a
12-13 03:28:26.554  9668  9668 W dalvikvm: VFY: unable to resolve virtual method 1689: Landroid/content/Context;.isDeviceProtectedStorage ()Z
12-13 03:28:26.554  9668  9668 D dalvikvm: VFY: replacing opcode 0x6e at 0x0009
12-13 03:28:26.554  9668  9668 I dalvikvm: Could not find method android.content.Context.isDeviceProtectedStorage, referenced from method zcx.c
12-13 03:28:26.554  9668  9668 W dalvikvm: VFY: unable to resolve virtual method 1689: Landroid/content/Context;.isDeviceProtectedStorage ()Z
12-13 03:28:26.554  9668  9668 D dalvikvm: VFY: replacing opcode 0x6e at 0x005d
12-13 03:28:26.554  9668  9668 I dalvikvm: Could not find method android.os.PowerManager.isInteractive, referenced from method jih.a
12-13 03:28:26.554  9668  9668 W dalvikvm: VFY: unable to resolve virtual method 2258: Landroid/os/PowerManager;.isInteractive ()Z
12-13 03:28:26.554  9668  9668 D dalvikvm: VFY: replacing opcode 0x6e at 0x0012
12-13 03:28:26.564  9668  9668 I dalvikvm: Could not find method android.content.ContextWrapper.createCredentialProtectedStorageContext, referenced from method com.google.android.chimera.ModuleContext.createCredentialProtectedStorageContext
12-13 03:28:26.564  9668  9668 W dalvikvm: VFY: unable to resolve virtual method 1708: Landroid/content/ContextWrapper;.createCredentialProtectedStorageContext ()Landroid/content/Context;
12-13 03:28:26.564  9668  9668 D dalvikvm: VFY: replacing opcode 0x6f at 0x0002
12-13 03:28:26.564  9668  9668 I dalvikvm: Could not find method android.content.ContextWrapper.createDeviceProtectedStorageContext, referenced from method com.google.android.chimera.ModuleContext.createDeviceProtectedStorageContext
12-13 03:28:26.564  9668  9668 W dalvikvm: VFY: unable to resolve virtual method 1709: Landroid/content/ContextWrapper;.createDeviceProtectedStorageContext ()Landroid/content/Context;
12-13 03:28:26.564  9668  9668 D dalvikvm: VFY: replacing opcode 0x6f at 0x0002
12-13 03:28:26.564  9668  9668 I dalvikvm: Could not find method android.content.Context.isCredentialProtectedStorage, referenced from method cqq.a
12-13 03:28:26.564  9668  9668 W dalvikvm: VFY: unable to resolve virtual method 1688: Landroid/content/Context;.isCredentialProtectedStorage ()Z
12-13 03:28:26.564  9668  9668 D dalvikvm: VFY: replacing opcode 0x6e at 0x0000
12-13 03:28:26.564  9394  9490 I Fitness : Module updated. Enabling [com.google.android.gms.fitness.service.wearable.WearableSyncMessageService, com.google.android.gms.fitness.service.wearable.WearableSyncAccountService, com.google.android.gms.fitness.service.wearable.WearableSyncConnectionService, com.google.android.gms.fitness.service.wearable.WearableSyncConfigService, com.google.android.gms.fitness.service.goals.FitGoalsBroker]
12-13 03:28:26.564  9668  9668 I dalvikvm: Could not find method android.os.UserManager.isUserUnlocked, referenced from method cqq.a
12-13 03:28:26.564  9668  9668 W dalvikvm: VFY: unable to resolve virtual method 2311: Landroid/os/UserManager;.isUserUnlocked ()Z
12-13 03:28:26.564  9668  9668 D dalvikvm: VFY: replacing opcode 0x6e at 0x001a
12-13 03:28:26.564  9668  9668 I dalvikvm: Could not find method android.content.Context.isDeviceProtectedStorage, referenced from method cqq.b
12-13 03:28:26.564  9668  9668 W dalvikvm: VFY: unable to resolve virtual method 1689: Landroid/content/Context;.isDeviceProtectedStorage ()Z
12-13 03:28:26.564  9668  9668 D dalvikvm: VFY: replacing opcode 0x6e at 0x0000
12-13 03:28:26.564  9668  9668 I dalvikvm: Could not find method android.content.Context.isDeviceProtectedStorage, referenced from method cqq.c
12-13 03:28:26.564  9668  9668 W dalvikvm: VFY: unable to resolve virtual method 1689: Landroid/content/Context;.isDeviceProtectedStorage ()Z
12-13 03:28:26.564  9668  9668 D dalvikvm: VFY: replacing opcode 0x6e at 0x0000
12-13 03:28:26.564  9394  9480 I LocationSettingsChecker: Removing dialog suppression flag for package com.samsung.android.scloud.proxy.sbrowser
12-13 03:28:26.564  9394  9500 D Wear_Controller: Received broadcast action=android.intent.action.PACKAGE_DATA_CLEARED and uri=com.samsung.android.scloud.proxy.sbrowser
12-13 03:28:26.574  9668  9668 I MultiDex: VM with version 1.6.0 does not have multidex support
12-13 03:28:26.574  9668  9668 I MultiDex: install
12-13 03:28:26.574  9668  9668 I MultiDex: MultiDexExtractor.load(/data/app/com.google.android.gms-2203.apk, false)
12-13 03:28:26.574  9668  9668 I MultiDex: Blocking on lock /data/data/com.google.android.gms/code_cache/secondary-dexes/MultiDex.lock
12-13 03:28:26.574  9668  9668 I MultiDex: /data/data/com.google.android.gms/code_cache/secondary-dexes/MultiDex.lock locked
12-13 03:28:26.574  9668  9668 I MultiDex: loading existing secondary dex files
12-13 03:28:26.584  9668  9668 I MultiDex: load found 4 secondary dex files
12-13 03:28:26.594  9668  9668 I MultiDex: install done
12-13 03:28:26.604  9668  9668 I dalvikvm: Could not find method android.content.Context.isDeviceProtectedStorage, referenced from method kel.d
12-13 03:28:26.604  9668  9668 W dalvikvm: VFY: unable to resolve virtual method 1689: Landroid/content/Context;.isDeviceProtectedStorage ()Z
12-13 03:28:26.604  9668  9668 D dalvikvm: VFY: replacing opcode 0x6e at 0x0006
12-13 03:28:26.604  9668  9668 I dalvikvm: Could not find method android.os.UserHandle.isOwner, referenced from method kel.i
12-13 03:28:26.614  9668  9668 W dalvikvm: VFY: unable to resolve virtual method 2304: Landroid/os/UserHandle;.isOwner ()Z
12-13 03:28:26.614  9668  9668 D dalvikvm: VFY: replacing opcode 0x6e at 0x000a
12-13 03:28:26.624  9648  9648 I DBG_DIAGMONDM: [1.140521.0521][Line:48][onCreate] myUserId : 0
12-13 03:28:26.624  9648  9648 I DBG_DIAGMONDM: [1.140521.0521][Line:377][xdbDMffs_Init] 
12-13 03:28:26.644  9668  9668 I dalvikvm: Could not find method android.content.pm.PackageManager.isInstantApp, referenced from method kkc.a
12-13 03:28:26.644  9668  9668 W dalvikvm: VFY: unable to resolve virtual method 1808: Landroid/content/pm/PackageManager;.isInstantApp (Ljava/lang/String;)Z
12-13 03:28:26.644  9668  9668 D dalvikvm: VFY: replacing opcode 0x6e at 0x002d
12-13 03:28:26.644  9394  9490 W ProviderHelper: Unknown dynamite feature flags
12-13 03:28:26.644  9394  9490 I DynamiteModule: Considering local module com.google.android.gms.flags:2 and remote module com.google.android.gms.flags:0
12-13 03:28:26.644  9394  9490 I DynamiteModule: Selected local version of com.google.android.gms.flags
12-13 03:28:26.664  9668  9668 I dalvikvm: Could not find method android.content.ContextWrapper.createCredentialProtectedStorageContext, referenced from method jwn.createCredentialProtectedStorageContext
12-13 03:28:26.664  9668  9668 W dalvikvm: VFY: unable to resolve virtual method 1708: Landroid/content/ContextWrapper;.createCredentialProtectedStorageContext ()Landroid/content/Context;
12-13 03:28:26.664  9668  9668 D dalvikvm: VFY: replacing opcode 0x6f at 0x0002
12-13 03:28:26.664  9668  9668 I dalvikvm: Could not find method android.content.ContextWrapper.createDeviceProtectedStorageContext, referenced from method jwn.createDeviceProtectedStorageContext
12-13 03:28:26.664  9668  9668 W dalvikvm: VFY: unable to resolve virtual method 1709: Landroid/content/ContextWrapper;.createDeviceProtectedStorageContext ()Landroid/content/Context;
12-13 03:28:26.664  9668  9668 D dalvikvm: VFY: replacing opcode 0x6f at 0x0002
12-13 03:28:26.674  9668  9668 D dalvikvm: DexOpt: couldn't find static field Landroid/os/Build;.SUPPORTED_ABIS
12-13 03:28:26.674  9668  9668 W dalvikvm: VFY: unable to resolve static field 918 (SUPPORTED_ABIS) in Landroid/os/Build;
12-13 03:28:26.674  9668  9668 D dalvikvm: VFY: replacing opcode 0x62 at 0x0008
12-13 03:28:26.674  9668  9668 D dalvikvm: DexOpt: couldn't find static field Landroid/os/Build;.SUPPORTED_ABIS
12-13 03:28:26.674  9668  9668 W dalvikvm: VFY: unable to resolve static field 918 (SUPPORTED_ABIS) in Landroid/os/Build;
12-13 03:28:26.674  9668  9668 D dalvikvm: VFY: replacing opcode 0x62 at 0x0097
12-13 03:28:26.674  9668  9668 D dalvikvm: DexOpt: couldn't find field Landroid/content/pm/ApplicationInfo;.splitSourceDirs
12-13 03:28:26.674  9668  9668 W dalvikvm: VFY: unable to resolve instance field 849
12-13 03:28:26.674  9668  9668 D dalvikvm: VFY: replacing opcode 0x54 at 0x0053
12-13 03:28:26.674  9668  9668 D dalvikvm: DexOpt: couldn't find field Landroid/content/pm/ApplicationInfo;.splitSourceDirs
12-13 03:28:26.674  9668  9668 I dalvikvm: DexOpt: unable to optimize instance field ref 0x0351 at 0x57 in Lkgr;.d
12-13 03:28:26.684  9668  9668 D dalvikvm: Trying to load lib /data/app-lib/com.google.android.gms-2203/libgmscore.so 0x42003e30
12-13 03:28:26.684  9668  9668 D dalvikvm: Added shared lib /data/app-lib/com.google.android.gms-2203/libgmscore.so 0x42003e30
12-13 03:28:26.684  9668  9668 D dalvikvm: No JNI_OnLoad found in /data/app-lib/com.google.android.gms-2203/libgmscore.so 0x42003e30, skipping init
12-13 03:28:26.684  9668  9668 D dalvikvm: Trying to load lib /data/app-lib/com.google.android.gms-2203/libconscrypt_gmscore_jni.so 0x42003e30
12-13 03:28:26.684  9668  9668 D dalvikvm: Added shared lib /data/app-lib/com.google.android.gms-2203/libconscrypt_gmscore_jni.so 0x42003e30
12-13 03:28:26.684  9668  9668 V NativeCrypto: Registering com/google/android/gms/org/conscrypt/NativeCrypto's 276 native methods...
12-13 03:28:26.694  9668  9668 E dalvikvm: Could not find class 'javax.net.ssl.SNIServerName', referenced from method com.google.android.gms.org.conscrypt.Platform.getSniHostnameFromParams
12-13 03:28:26.694  9668  9668 W dalvikvm: VFY: unable to resolve check-cast 2222 (Ljavax/net/ssl/SNIServerName;) in Lcom/google/android/gms/org/conscrypt/Platform;
12-13 03:28:26.694  9668  9668 D dalvikvm: VFY: replacing opcode 0x1f at 0x0025
12-13 03:28:26.704  9668  9668 E dalvikvm: Could not find class 'javax.net.ssl.SNIHostName', referenced from method com.google.android.gms.org.conscrypt.Platform.setParametersSniHostname
12-13 03:28:26.704  9668  9668 W dalvikvm: VFY: unable to resolve new-instance 2221 (Ljavax/net/ssl/SNIHostName;) in Lcom/google/android/gms/org/conscrypt/Platform;
12-13 03:28:26.704  9668  9668 D dalvikvm: VFY: replacing opcode 0x22 at 0x0024
12-13 03:28:26.704  9668  9668 E dalvikvm: Could not find class 'javax.net.ssl.SNIHostName', referenced from method com.google.android.gms.org.conscrypt.Platform.setParametersSniHostname
12-13 03:28:26.704  9668  9668 W dalvikvm: VFY: unable to resolve new-instance 2221 (Ljavax/net/ssl/SNIHostName;) in Lcom/google/android/gms/org/conscrypt/Platform;
12-13 03:28:26.704  9668  9668 D dalvikvm: VFY: replacing opcode 0x22 at 0x0024
12-13 03:28:26.704  9668  9668 W dalvikvm: Unable to resolve superclass of Lcom/google/android/gms/org/conscrypt/DelegatingExtendedSSLSession; (2212)
12-13 03:28:26.704  9668  9668 W dalvikvm: Link of class 'Lcom/google/android/gms/org/conscrypt/DelegatingExtendedSSLSession;' failed
12-13 03:28:26.704  9668  9668 E dalvikvm: Could not find class 'com.google.android.gms.org.conscrypt.DelegatingExtendedSSLSession', referenced from method com.google.android.gms.org.conscrypt.Platform.unwrapSSLSession
12-13 03:28:26.704  9668  9668 W dalvikvm: VFY: unable to resolve instanceof 1304 (Lcom/google/android/gms/org/conscrypt/DelegatingExtendedSSLSession;) in Lcom/google/android/gms/org/conscrypt/Platform;
12-13 03:28:26.704  9668  9668 D dalvikvm: VFY: replacing opcode 0x20 at 0x0007
12-13 03:28:26.714  9668  9668 W dalvikvm: Unable to resolve superclass of Lcom/google/android/gms/org/conscrypt/DelegatingExtendedSSLSession; (2212)
12-13 03:28:26.714  9668  9668 W dalvikvm: Link of class 'Lcom/google/android/gms/org/conscrypt/DelegatingExtendedSSLSession;' failed
