12-13 03:28:11.414  9247  9247 I BluetoothA2dpServiceJni: classInitNative: succeeds
12-13 03:28:11.414  9247  9247 D A2dpStateMachine: make
12-13 03:28:11.414  9247  9247 I bluedroid: get_profile_interface a2dp
12-13 03:28:11.414  9247  9286 I GKI_LINUX: gki_task_entry: gki_task_entry task_id=2 [A2DP-MEDIA] starting
12-13 03:28:11.414   787   964 W ContextImpl: Calling a method in the system process without a qualified user: android.app.ContextImpl.sendBroadcast:1509 com.android.server.BackupManagerService.warnEdmAdminOperationCompleted:6661 com.android.server.BackupManagerService.access$200:150 com.android.server.BackupManagerService$PerformBackupTask.finalizeBackup:2313 com.android.server.BackupManagerService$PerformBackupTask.execute:2015 
12-13 03:28:11.414   787   964 I PerformBackupTask: Backup pass finished.
12-13 03:28:11.424  9247  9285 D A2dpStateMachine: Enter Disconnected: -2
12-13 03:28:11.424  9247  9247 I BluetoothAvrcpServiceJni: classInitNative: succeeds
12-13 03:28:11.424  9247  9247 I bluedroid: get_profile_interface avrcp
12-13 03:28:11.424   787   986 D MediaFocusControl: >>> registerRemoteControlDisplay
12-13 03:28:11.434   787   986 E MediaFocusControl: Error updating focussed RCC to RCD 
12-13 03:28:11.434   787   986 E MediaFocusControl: java.util.EmptyStackException
12-13 03:28:11.434   787   986 E MediaFocusControl: 	at java.util.Stack.peek(Stack.java:57)
12-13 03:28:11.434   787   986 E MediaFocusControl: 	at android.media.MediaFocusControl.registerRemoteControlDisplay_int(MediaFocusControl.java:2396)
12-13 03:28:11.434   787   986 E MediaFocusControl: 	at android.media.MediaFocusControl.registerRemoteControlDisplay(MediaFocusControl.java:250)
12-13 03:28:11.434   787   986 E MediaFocusControl: 	at android.media.AudioService.registerRemoteControlDisplay(AudioService.java:6335)
12-13 03:28:11.434   787   986 E MediaFocusControl: 	at android.media.IAudioService$Stub.onTransact(IAudioService.java:593)
12-13 03:28:11.434   787   986 E MediaFocusControl: 	at android.os.Binder.execTransact(Binder.java:404)
12-13 03:28:11.434   787   986 E MediaFocusControl: 	at dalvik.system.NativeStart.run(Native Method)
12-13 03:28:11.434  9247  9247 I BluetoothHidServiceJni: classInitNative: succeeds
12-13 03:28:11.434  9247  9247 D HidService: Received start request. Starting profile...
12-13 03:28:11.434  9247  9247 I bluedroid: get_profile_interface hidhost
12-13 03:28:11.434  9247  9247 D HidService: setHidService(): set to: null
12-13 03:28:11.434  9247  9247 I BluetoothHealthServiceJni: classInitNative: succeeds
12-13 03:28:11.434  9247  9247 D HealthService: Received start request. Starting profile...
12-13 03:28:11.434  9247  9247 I bluedroid: get_profile_interface health
12-13 03:28:11.444  9247  9247 I BluetoothPanServiceJni: classInitNative(L105): succeeds
12-13 03:28:11.444   787   787 D BluetoothPan: BluetoothPAN Proxy object connected
12-13 03:28:11.444  9247  9247 D PanService: Received start request. Starting profile...
12-13 03:28:11.444  9247  9247 D BluetoothPanServiceJni: initializeNative(L110): pan
12-13 03:28:11.444  9247  9247 I bluedroid: get_profile_interface pan
12-13 03:28:11.444   787   940 D BluetoothTethering: got CMD_CHANNEL_HALF_CONNECTED
12-13 03:28:11.444  9247  9247 D HeadsetPhoneState: sendDeviceStateChanged. mService=0 mSignal=0 mRoam=0 mBatteryCharge=0
12-13 03:28:11.444  9247  9247 D HeadsetPhoneState: sendDeviceDataStateChanged
12-13 03:28:11.444  9247  9283 D HeadsetStateMachine: Disconnected process message: 11
12-13 03:28:11.444  9247  9283 D HeadsetStateMachine: Disconnected process message: 20
12-13 03:28:11.454  9247  9247 D HeadsetStateMachine: Try to query the phonestate on bind
12-13 03:28:11.454  1154  1154 D BluetoothPhoneService: handleMessage: 5
12-13 03:28:11.454  9247  9247 D HeadsetPhoneState: Signal level : previous=0 curr=0
12-13 03:28:11.454  9247  9247 D HeadsetStateMachine: Proxy object connected
12-13 03:28:11.454  1154  1154 V BluetoothPhoneService: Call state Converted2: IDLE/IDLE -> 6
12-13 03:28:11.454  1154  1154 W BluetoothHeadset: Proxy not attached to service
12-13 03:28:11.454  9247  9247 D BluetoothAdapterService: Profile still not running:com.android.bluetooth.hdp.HealthService
12-13 03:28:11.454  9247  9247 D BluetoothAdapterService: Profile still not running:com.android.bluetooth.hdp.HealthService
12-13 03:28:11.454  9247  9247 D BluetoothAdapterService: Profile still not running:com.android.bluetooth.hdp.HealthService
12-13 03:28:11.454  9247  9247 D BluetoothAdapterService: Profile still not running:com.android.bluetooth.pan.PanService
12-13 03:28:11.454  9247  9273 D BluetoothAdapterState: CURRENT_STATE=PENDING, MSG = STARTED, isTurningOn=true, isTurningOff=false
12-13 03:28:11.454  9247  9273 I bluedroid: enable
12-13 03:28:11.454  9247  9283 D HeadsetStateMachine: Disconnected process message: 10
12-13 03:28:11.454  9247  9273 I bt_hci_bdroid: init
12-13 03:28:11.464  9247  9283 D HeadsetPhoneState: sendDeviceStateChanged. mService=0 mSignal=0 mRoam=0 mBatteryCharge=5
12-13 03:28:11.464  9247  9283 D HeadsetStateMachine: Disconnected process message: 11
12-13 03:28:11.464  9247  9273 I bt_vendor: bt-vendor : init
12-13 03:28:11.464  9247  9273 I bt_vendor: bt-vendor : get_bt_soc_type
12-13 03:28:11.464  9247  9273 E bt_vendor: get_bt_soc_type: Failed to get soc type
12-13 03:28:11.464  9247  9273 I bt_vendor: init: Local BD Address : ea:c6:65:6c:6d:44
12-13 03:28:11.464  9247  9273 D bt_userial_mct: userial_init
12-13 03:28:11.464  9247  9273 I bt_vendor: bt-vendor : BT_VND_OP_POWER_CTRL: Off
12-13 03:28:11.464  9247  9291 I bt_hci_bdroid: bt_hc_worker_thread started
12-13 03:28:11.464  9247  9273 I bt_vendor: Starting hciattach daemon
12-13 03:28:11.464  9247  9273 I bt_vendor: try to set false
12-13 03:28:11.464  9247  9273 I bt_vendor: bt-vendor : BT_VND_OP_POWER_CTRL: On
12-13 03:28:11.464  9247  9273 I bt_vendor: Starting hciattach daemon
12-13 03:28:11.464  9247  9273 I bt_vendor: try to set true
12-13 03:28:11.484  9293  9293 I qcom-bluetooth: /system/etc/init.qcom.bt.sh: init.qcom.bt.sh config =  
12-13 03:28:11.544  9299  9299 I qcom-bluetooth: /system/etc/init.qcom.bt.sh: Transport : smd 
12-13 03:28:11.544  7553  7553 I NetworkPolicyMonitor: Download-ability status changed to (true) unmetered wifi/eth: true mobileOrMetered: false
12-13 03:28:11.544  7553  7553 I NetworkPolicyMonitor: Stream-ability status changed to (true) unmetered wifi/eth: true mobileOrMetered: false
12-13 03:28:11.554  7553  7553 D MusicLifecycle: com.google.android.music.download.EncapsulatedBroadcastReceiver$1 generated event: Broadcast received with context com.google.android.music.ui.PhoneMusicApplication@42010398 and intent Intent { act=com.google.android.music.download.keepon.KeeponSchedulingService.START_DOWNLOAD flg=0x10 }
12-13 03:28:11.554  9300  9300 I qcom-bluetooth: /system/etc/init.qcom.bt.sh: ** Bluedroid stack ** 
12-13 03:28:11.574  9303  9303 I qcom-bluetooth: /system/etc/init.qcom.bt.sh: Power Class: Ignored. Default(1) used (1-CLASS1/2-CLASS2/3-CUSTOM) 
12-13 03:28:11.584  9304  9304 I qcom-bluetooth: /system/etc/init.qcom.bt.sh: Power Class: To override, Before turning BT ON; setprop qcom.bt.dev_power_class <1 or 2 or 3> 
12-13 03:28:11.594  9305  9305 I qcom-bluetooth: /system/etc/init.qcom.bt.sh: LE Power Class: Ignored. Default(2) used (1-CLASS1/2-CLASS2/3-CUSTOM) 
12-13 03:28:11.604  9306  9306 I qcom-bluetooth: /system/etc/init.qcom.bt.sh: LE Power Class: To override, Before turning BT ON; setprop qcom.bt.le_dev_pwr_class <1 or 2 or 3> 
12-13 03:28:11.724   787   863 D SensorService:   0.1 -0.1 9.7
12-13 03:28:12.024  9224  9224 D dalvikvm: GC_FOR_ALLOC freed 628K, 31% free 1418K/2048K, paused 7ms, total 7ms
12-13 03:28:12.104  9224  9224 D dalvikvm: DexOpt: couldn't find static field Landroid/view/View;.TRANSLATION_Z
12-13 03:28:12.154  8415  9315 D Aatp    : /task/6126d5fd067110adf728408d5b84a6afbb7271fe/status
12-13 03:28:12.494   992   992 D STATUSBAR-NetworkController: onReceive() - RSSI_CHANGED_ACTION, WIFI_STATE, NETWORK_STATE
12-13 03:28:12.564  9316  9316 I qcom-bluetooth: /system/etc/init.qcom.bt.sh: Bluetooth QSoC firmware download succeeded, /dev/ttyHS0 qualcomm 3000000 44:6d:6c:65:c6:ea 
12-13 03:28:12.574  9317  9317 I qcom-bluetooth: /system/etc/init.qcom.bt.sh: ** Bluedroid stack ** 
12-13 03:28:12.614  9247  9273 I bt_vendor: bluetooth satus is on
12-13 03:28:12.614  9247  9320 I GKI_LINUX: gki_task_entry: gki_task_entry task_id=0 [BTU] starting
12-13 03:28:12.614  9247  9291 D bt_userial_mct: userial_open(port:0)
12-13 03:28:12.614  9247  9291 I bt_vendor: bt-vendor : BT_VND_OP_USERIAL_OPEN
12-13 03:28:13.124  9247  9291 I bt_vendor: Done intiailizing UART
12-13 03:28:13.194  8415  9323 D Aatp    : /task/6126d5fd067110adf728408d5b84a6afbb7271fe/status
12-13 03:28:13.224  8415  8419 D dalvikvm: GC_CONCURRENT freed 2133K, 62% free 5464K/14096K, paused 3ms+3ms, total 32ms
12-13 03:28:13.324   787  1791 D SSRMv2:SIOP: SIOP:: AP = 300, Delta = 0
12-13 03:28:13.624  9247  9291 I bt_vendor: Done intiailizing UART
12-13 03:28:13.624  9247  9291 I bt_userial_mct: CMD=80, EVT=80, ACL_Out=81, ACL_In=81
12-13 03:28:13.624  9247  9291 I bt_vendor: Bluetooth Firmware and transport layer are initialized
12-13 03:28:13.624  9247  9324 D bt_userial_mct: Entering userial_read_thread()
12-13 03:28:13.624  9247  9320 D GKI_LINUX: acquire_my_wake_lock(), g_wake_lock_fd:-1, g_wake_unlock_fd:-1, wake_lock_acquired:0
12-13 03:28:13.624  9247  9320 I         : BTE_InitTraceLevels -- TRC_HCI
12-13 03:28:13.624  9247  9320 I         : BTE_InitTraceLevels -- TRC_L2CAP
12-13 03:28:13.624  9247  9320 I         : BTE_InitTraceLevels -- TRC_RFCOMM
12-13 03:28:13.624  9247  9320 I         : BTE_InitTraceLevels -- TRC_AVDT
12-13 03:28:13.624  9247  9320 I         : BTE_InitTraceLevels -- TRC_AVRC
12-13 03:28:13.624  9247  9320 I         : BTE_InitTraceLevels -- TRC_A2D
12-13 03:28:13.624  9247  9320 I         : BTE_InitTraceLevels -- TRC_BNEP
12-13 03:28:13.624  9247  9320 I         : BTE_InitTraceLevels -- TRC_BTM
12-13 03:28:13.624  9247  9320 I         : BTE_InitTraceLevels -- TRC_GAP
12-13 03:28:13.634  9247  9320 I         : BTE_InitTraceLevels -- TRC_PAN
12-13 03:28:13.634  9247  9320 I         : BTE_InitTraceLevels -- TRC_SDP
12-13 03:28:13.634  9247  9320 I         : BTE_InitTraceLevels -- TRC_GATT
12-13 03:28:13.634  9247  9320 I         : BTE_InitTraceLevels -- TRC_SMP
12-13 03:28:13.634  9247  9320 I         : BTE_InitTraceLevels -- TRC_BTAPP
12-13 03:28:13.634  9247  9320 I         : BTE_InitTraceLevels -- TRC_BTIF
12-13 03:28:13.634  9247  9320 I         : BTE_InitTraceLevels -- TRC_PROTOCOL
12-13 03:28:13.694  9247  9320 E bt-btm  : BTM_SecRegister:p_cb_info->p_le_callback == 0x76d4bf01 
12-13 03:28:13.694  9247  9320 E bt-btm  : BTM_SecRegister: btm_cb.api.p_le_callback = 0x76d4bf01 
12-13 03:28:13.704  9247  9275 E bt-btif : Calling BTA_HhEnable
12-13 03:28:13.704  9247  9275 E bt-btif : btif_storage_get_adapter_property service_mask:0x140040
12-13 03:28:13.714  9247  9275 E BluetoothServiceJni: populateRssiValuesNative
12-13 03:28:13.714  9247  9275 I bluedroid: getModelRssiValues
12-13 03:28:13.714  9247  9275 E BluetoothServiceJni: model_rssi_values_callback: low = -70, mid = -60, high = 127
12-13 03:28:13.714  9247  9275 E bt-btif : btif_handle_bluetooth_enable_evt: btif_core_radio_ref_count:1
12-13 03:28:13.714  9247  9275 E bt-btif : btif_sock_init, radio_req:0, rfc_init:0, vhci_init:0
12-13 03:28:13.714  9247  9275 E bt-btif : btif_sock_init: !radio_req && !rfc_init
12-13 03:28:13.714  9247  9324 E bt_mct  : hci lib postload completed
12-13 03:28:13.714  9247  9275 E bt-btif : btif_sock_init: !vhci_init
12-13 03:28:13.714  9247  9275 D IOP_DB_BT: db_open: file /etc/bluetooth/iop_bt.db
12-13 03:28:13.714  9247  9275 D IOP_DB_BT: db_open: db_open : handle 1994510968l, read 9648 bytes onto local cache
12-13 03:28:13.714  9247  9275 D IOP_DB_BT: db_query: id __IOPFLAGS :: key __KEY_ENABLE_VERBOSE, value 1
12-13 03:28:13.714  9247  9275 D IOP_DB_BT: db_query: result 1
12-13 03:28:13.714  9247  9275 I         : iop_db_open: iop_db_open status 0
12-13 03:28:13.714  9247  9275 I bte_conf: Attempt to load did conf from /etc/bluetooth/bt_did.conf
12-13 03:28:13.724  9247  9275 I bte_conf: [1] primary_record=1 vendor_id=0x0075 vendor_id_source=0x0001 product_id=0x0100 version=0x0200
12-13 03:28:13.724  9247  9275 I bte_conf: Attempt to load did conf from /etc/bluetooth/bt_did.conf
12-13 03:28:13.724  9247  9275 I bte_conf: Attempt to load did conf from /etc/bluetooth/bt_did.conf
12-13 03:28:13.724  9247  9273 D BluetoothAdapterState: CURRENT_STATE=PENDING, MSG = ENABLE_READY, isTurningOn=true, isTurningOff=false
12-13 03:28:13.724  9247  9273 D BluetoothAdapterProperties: ScanMode =  20
12-13 03:28:13.724  9247  9273 D BluetoothAdapterProperties: State =  11
12-13 03:28:13.724  9247  9273 I BluetoothAdapterState: Bluetooth adapter state changed: 11-> 12
12-13 03:28:13.724  9247  9273 D BluetoothAdapterService: Bluetooth PBAP supproted is false
12-13 03:28:13.724  9247  9273 D BluetoothAdapterService: Broadcasting updateAdapterState() to 1 receivers.
12-13 03:28:13.724  9247  9273 D BluetoothAdapterService(1107405984): Register RemoteMessageListener
12-13 03:28:13.724  9247  9273 D HeadsetService: registerMessageListener
12-13 03:28:13.724  9247  9273 D BluetoothAdapterService: Autoconnection is available 
12-13 03:28:13.724  9247  9273 D BluetoothAdapterService: updateAdapterState prevState = 11newState = 12
12-13 03:28:13.724  9247  9283 D HeadsetStateMachine: Disconnected process message: 70
12-13 03:28:13.724  9247  9273 D BluetoothAdapterService: starting service from this receiver
12-13 03:28:13.724  9247  9283 D HeadsetStateMachine: processRegisterMessageListener : 2, com.android.bluetooth.btservice.RemoteDevices$1@42037910
12-13 03:28:13.724   787   881 D BluetoothA2dp: onBluetoothStateChange: up=true
12-13 03:28:13.724  9247  9273 W ContextImpl: Implicit intents with startService are not safe: Intent { act=com.samsung.ble.ACTION_SERVICE_BLE_AUTO_CONNECT } android.content.ContextWrapper.startService:506 com.android.bluetooth.btservice.AdapterService.updateAdapterState:653 com.android.bluetooth.btservice.AdapterState.notifyAdapterStateChange:586 
12-13 03:28:13.724  9247  9259 D BluetoothAdapterService: initWakeLock, pfd lock: {ParcelFileDescriptor: FileDescriptor[90]}, pfd unlock: {ParcelFileDescriptor: FileDescriptor[91]}
12-13 03:28:13.724  9247  9259 D bluedroid: init_wake_lock lock_fd:90, unlock_fd:91
12-13 03:28:13.734  9247  9273 I BluetoothAdapterState: Entering On State from state = 11
12-13 03:28:13.734  9247  9275 D BluetoothPanServiceJni: control_state_callback(L61): state:0, local_role:0, ifname:bt-pan
12-13 03:28:13.744   787   787 I WifiTrafficPoller: mBoosterFLAG : 2
12-13 03:28:13.744  1141  1141 D ContainerEventsRelayManager: <<< Intent action is >>> : android.bluetooth.adapter.action.STATE_CHANGED
12-13 03:28:13.744  1141  1141 D ContainerEventsRelayManager: <<< Intent data is   >>> : null
12-13 03:28:13.744   787  5769 D ECS_EnterpriseContainerService: getContainers   --  Called + uid1000
12-13 03:28:13.744   787  5769 D ECS_EnterpriseContainerService: getContainers   --  Called passing security
12-13 03:28:13.744   787  5769 D ECS_EnterpriseContainerCacheData: Container cache getContainers 
12-13 03:28:13.744   787  5769 D ECS_EnterpriseContainerCacheData: Container cache getContainers not null
12-13 03:28:13.744  1154  1154 D PhoneApp: mReceiver: BluetoothAdapter.ACTION_STATE_CHANGED: 12
12-13 03:28:13.744   787   787 I WifiTrafficPoller: current booster mode : BTCoexMode
12-13 03:28:13.744  1306  1306 I SamsungIME: STATE_CHANGED = 12, KEYBOARD_BT(0), mBTKeyboardCount =0
12-13 03:28:13.744  9247  9258 D BluetoothAdapterService(1107405984): Get Bonded Devices being called
12-13 03:28:13.754  1154  1154 D BluetoothHeadset: registerListener : 11, listenercom.android.phone.PhoneGlobals$MessageListener@421d4708, true
12-13 03:28:13.754  1154  1154 D BluetoothHeadset: registerMessageListener
12-13 03:28:13.754  9247  9284 D HeadsetService: registerMessageListener
12-13 03:28:13.754  9247  9284 D HeadsetService: registerMessageListener
12-13 03:28:13.754  9247  9283 D HeadsetStateMachine: Disconnected process message: 70
12-13 03:28:13.754  9247  9283 D HeadsetStateMachine: processRegisterMessageListener : 11, com.samsung.bt.hfp.IMessageListener$Stub$Proxy@420691d8
12-13 03:28:13.754  1154  1154 D PhoneApp: registerMessageListener
12-13 03:28:13.774   992   992 D STATUSBAR-IconMerger: checkOverflow(1036), More:false, Req:false Child:4
12-13 03:28:13.774   787   881 D BluetoothManagerService: Broadcasting onBluetoothServiceUp() to 0 receivers.
12-13 03:28:13.864  9224  9224 D dalvikvm: DexOpt: load 544ms, verify+opt 1790ms, 6581596 bytes
12-13 03:28:13.994  8415  9233 D AWSDeviceFarmAndroidLib: setEnabled: bt is: true
12-13 03:28:13.994  8415  8415 D AatpDeviceManager: taskStatus update (6126d5fd067110adf728408d5b84a6afbb7271fe: {"result":"Bluetooth enabled: true","state":2})
12-13 03:28:13.994   787   787 D NotificationService: cancelNotificationLocked
12-13 03:28:13.994   787   787 D NotificationService:  hasClearableItems
12-13 03:28:13.994   787   787 D NotificationService:  has clearable items no 
12-13 03:28:13.994   787   787 D NotificationService: cancelNotificationLocked: cancel alarm
12-13 03:28:13.994   787   787 D NotificationService: cancelNotificationLocked: cancel alarm
12-13 03:28:13.994   787   787 W ContextImpl: Calling a method in the system process without a qualified user: android.app.ContextImpl.sendBroadcast:1523 com.android.server.StatusBarManagerService.sendNotification:981 com.android.server.StatusBarManagerService.removeNotification:706 com.android.server.NotificationManagerService.cancelNotificationLocked:2455 com.android.server.NotificationManagerService.access$5100:160 
12-13 03:28:13.994   787   787 D STATUSBAR-StatusBarManagerService: sendNotification(3) - 1096041557
12-13 03:28:13.994   787   787 D LightsService: [api] [SvcLED] turnOff:: id = 4 (uid: 1000 pid: 787) 
12-13 03:28:13.994   787   787 D LightsService: [SvcLED] setSvcLedStateLocked:: SvcLEDState : 0x0 -> 0x0 | SvcLED(id=4) set Off
12-13 03:28:14.004   787   894 D LightsService: [SvcLED] Lux failed to be updated in 700ms. -> handleForcedSvcLEDTasK
12-13 03:28:14.004   787   894 D LightsService: [SvcLED]  setSvcLedLightLocked :: Current SvcLED(id=3) maintains its priority right
12-13 03:28:14.014   992   992 D STATUSBAR-IconMerger: checkOverflow(1036), More:false, Req:false Child:3
12-13 03:28:14.064  8999  8999 D dalvikvm: DexOpt: --- END 'com.google.android.gms-2203.apk.classes2.zip' (success) ---
12-13 03:28:14.064  8999  8999 D dalvikvm: DEX prep '/data/data/com.google.android.gms/code_cache/secondary-dexes/com.google.android.gms-2203.apk.classes2.zip': unzip in 292ms, rewrite 3258ms
12-13 03:28:14.254  8415  9335 D Aatp    : /task/6126d5fd067110adf728408d5b84a6afbb7271fe/status
12-13 03:28:14.354  8415  9339 D Aatp    : /gps
12-13 03:28:14.364  8415  9339 D Aatp    : sha1: 24cc7bdb5a857a2661172996d06f5b1d0d4d764b
12-13 03:28:14.364  8415  9339 D AatpDeviceManager: k: enabled v: True
12-13 03:28:14.364  8415  9339 D AatpDeviceManager: k: NanoHttpd.QUERY_STRING v: enabled=True
12-13 03:28:14.374  8415  8415 D AatpDeviceManager: taskStatus update (24cc7bdb5a857a2661172996d06f5b1d0d4d764b: {"state":1})
12-13 03:28:14.384  8415  9340 D AWSDeviceFarmAndroidLib: setEnabled: enabling GPS
12-13 03:28:14.384  8415  9340 D AWSDeviceFarmAndroidLib: enableGPS()
12-13 03:28:14.384  8415  9340 D AWSDeviceFarmAndroidLib: enableGPS(): 
12-13 03:28:14.384  8415  9340 D AWSDeviceFarmAndroidLib: enableGPS() gpsEnabled: gps
12-13 03:28:14.384  8415  9339 D Aatp    : /task/24cc7bdb5a857a2661172996d06f5b1d0d4d764b
12-13 03:28:14.384   787   787 W ContextImpl: Calling a method in the system process without a qualified user: android.app.ContextImpl.sendBroadcast:1523 com.android.server.StatusBarManagerService.sendNotification:981 com.android.server.StatusBarManagerService.addNotification:670 com.android.server.NotificationManagerService$7.run:2142 android.os.Handler.handleCallback:733 
12-13 03:28:14.384   787   787 D STATUSBAR-StatusBarManagerService: sendNotification(1) - 1096041558
12-13 03:28:14.394   992   992 D ProgressBar: setProgressDrawable drawableHeight = 0
12-13 03:28:14.404  8415  9340 D AWSDeviceFarmAndroidLib: setEnabled: GPS is: true
12-13 03:28:14.404  8415  8415 D AatpDeviceManager: taskStatus update (24cc7bdb5a857a2661172996d06f5b1d0d4d764b: {"result":"GPS enabled: true","state":2})
12-13 03:28:14.404   787  1254 W BackupManagerService: dataChanged but no participant pkg='com.android.providers.settings' uid=13115
12-13 03:28:14.404   992   992 D PhoneStatusBar: tick(): knoxCustomManager = android.app.enterprise.knoxcustom.KnoxCustomManager@41d3e258
12-13 03:28:14.414   787   787 D NotificationService: cancelNotificationLocked
12-13 03:28:14.414   787   787 D NotificationService:  hasClearableItems
12-13 03:28:14.414   787   787 D NotificationService:  has clearable items no 
12-13 03:28:14.414   787   787 D NotificationService: cancelNotificationLocked: cancel alarm
12-13 03:28:14.414   787   787 D NotificationService: cancelNotificationLocked: cancel alarm
12-13 03:28:14.414   787   787 W ContextImpl: Calling a method in the system process without a qualified user: android.app.ContextImpl.sendBroadcast:1523 com.android.server.StatusBarManagerService.sendNotification:981 com.android.server.StatusBarManagerService.removeNotification:706 com.android.server.NotificationManagerService.cancelNotificationLocked:2455 com.android.server.NotificationManagerService.access$5100:160 
12-13 03:28:14.414   787   787 D STATUSBAR-StatusBarManagerService: sendNotification(3) - 1096041558
12-13 03:28:14.414   787   787 D LightsService: [api] [SvcLED] turnOff:: id = 4 (uid: 1000 pid: 787) 
12-13 03:28:14.414   787   787 D LightsService: [SvcLED] setSvcLedStateLocked:: SvcLEDState : 0x0 -> 0x0 | SvcLED(id=4) set Off
12-13 03:28:14.414   787   894 D LightsService: [SvcLED] Lux failed to be updated in 700ms. -> handleForcedSvcLEDTasK
12-13 03:28:14.414   787   894 D LightsService: [SvcLED]  setSvcLedLightLocked :: Current SvcLED(id=3) maintains its priority right
12-13 03:28:14.414   992   992 D SizeAdaptiveLayout: com.android.internal.widget.SizeAdaptiveLayout{41da5de8 V.E..... ......I. 0,0-0,0 #7f080087 app:id/adaptive}child view android.widget.FrameLayout{41da6170 G.E..... ......I. 0,0-0,0 #1020364 android:id/status_bar_latest_event_content} measured out of bounds at 64px clamped to 68px
12-13 03:28:14.424   992   992 D SizeAdaptiveLayout: com.android.internal.widget.SizeAdaptiveLayout{41da5de8 V.E..... ......I. 0,0-0,0 #7f080087 app:id/adaptive}child view android.widget.FrameLayout{41da6170 G.E..... ......I. 0,0-0,0 #1020364 android:id/status_bar_latest_event_content} measured out of bounds at 64px clamped to 68px
12-13 03:28:14.424   992   992 D STATUSBAR-IconMerger: checkOverflow(1036), More:false, Req:false Child:4
12-13 03:28:14.434   787   798 D LocationManagerService: getProviders()=[passive, gps]
12-13 03:28:14.434   787   877 D GpsLocationProvider: handleEnable
12-13 03:28:14.444   787   877 E LocSvc_eng: I/===> int loc_eng_init(loc_eng_data_s_type&, LocCallbacks*, LOC_API_ADAPTER_EVENT_MASK_T, loc_core::ContextBase*) line 1754 
12-13 03:28:14.444   787   877 D GpsLocationProvider: set_capabilities_callback: 49u
12-13 03:28:14.444   787   877 E LocSvc_utils_q: D/msg_q_snd: Sending message with handle = 0x801FFD10
12-13 03:28:14.444   787   877 E LocSvc_utils_ll: D/linked_list_add: Adding to list data_obj = 0x801FFD10
12-13 03:28:14.444   787   877 E LocSvc_utils_q: D/msg_q_snd: Finished Sending message with handle = 0x801FFD10
12-13 03:28:14.444   787   877 E LocSvc_EngAdapter: D/LocEngAdapter created
12-13 03:28:14.444   787   877 E LocSvc_eng: D/loc_eng_init created client, id = 0x7ac1ad08
12-13 03:28:14.444   787   877 E LocSvc_utils_q: D/msg_q_snd: Sending message with handle = 0x79AA9560
12-13 03:28:14.444   787   877 E LocSvc_utils_ll: D/linked_list_add: Adding to list data_obj = 0x79AA9560
12-13 03:28:14.444   787   877 E LocSvc_utils_q: D/msg_q_snd: Finished Sending message with handle = 0x79AA9560
12-13 03:28:14.444   787  1138 E LocSvc_utils_q: D/msg_q_rcv: Received message 0x801FFD10 rv = 0
12-13 03:28:14.444   787   877 E LocSvc_eng: I/===> void loc_eng_agps_init(loc_eng_data_s_type&, AGpsExtCallbacks*) line 2418 
12-13 03:28:14.444   787   877 E LocSvc_eng: D/ Enter getServicer type:1
12-13 03:28:14.444   787   877 E LocSvc_eng: D/ Enter getServicer type:1
12-13 03:28:14.444   787   877 E LocSvc_eng: I/===> void loc_eng_ni_init(loc_eng_data_s_type&, GpsNiExtCallbacks*) line 290 
12-13 03:28:14.444   787   877 E Geofence_Adapter: I/===> void GeofenceAdapter::addGfClients(uint32_t) line 64 
12-13 03:28:14.444   787  1138 E LocSvc_ApiV02: D/virtual loc_api_adapter_err LocApiV02::open(LOC_API_ADAPTER_EVENT_MASK_T):193]: Enter mMask: c070; mask: 1f7; newMask: c1f7
12-13 03:28:14.444   787  1138 E LocSvc_ApiV02: D/static locClientEventMaskType LocApiV02::convertMask(LOC_API_ADAPTER_EVENT_MASK_T):1904]: adapter mask = 49655
12-13 03:28:14.444   787  1138 E LocSvc_api_v02: I/---> locClientSendReq line 2332 QMI_LOC_REG_EVENTS_REQ_V02
12-13 03:28:14.444   787  1138 E LocSvc_ApiV02: D/virtual loc_api_adapter_err LocApiV02::open(LOC_API_ADAPTER_EVENT_MASK_T):230]: Exit mMask: c1f7; mask: 1f7
12-13 03:28:14.444   787  1138 E LocSvc_utils_q: D/msg_q_rcv: Received message 0x79AA9560 rv = 0
12-13 03:28:14.444   787  1138 E LocSvc_eng: D/loc_eng_reinit reinit() successful
12-13 03:28:14.444   787  1138 E LocSvc_eng: D/calling initSecgpsclient()
12-13 03:28:14.444   787  1138 D qmi_secgps_clnt: qmi_secgps_client_init()
12-13 03:28:14.444   787  1138 E qmi_secgps_clnt: SECGPS: client is not null. close it first
12-13 03:28:14.444   992   992 D STATUSBAR-IconMerger: checkOverflow(1036), More:false, Req:false Child:3
12-13 03:28:14.454  8999  8999 D dalvikvm: DexOpt: --- BEGIN 'com.google.android.gms-2203.apk.classes3.zip' (bootstrap=0) ---
12-13 03:28:14.484   787  1138 D qmi_secgps_clnt: SECGPS: qmi_client_release returned 0
12-13 03:28:14.484   787  1138 D qmi_secgps_clnt: SECGPS: qmi_client_get_service_list() returned 0 num_services = 1
12-13 03:28:14.484   787  1138 D qmi_secgps_clnt: SECGPS: qmi_client_get_service_list() returned 0 num_entries = 0 num_services = 1
12-13 03:28:14.484   787  1138 D qmi_secgps_clnt: SECGPS: qmi_client_get_service_list() returned 0 num_entries = 1 num_services = 1
12-13 03:28:14.544  8415  9349 D Aatp    : /task/24cc7bdb5a857a2661172996d06f5b1d0d4d764b/status
12-13 03:28:14.554   378   378 I rmt_storage: rmt_storage_connect_cb: clnt_h=0x6 conn_h=0xb894a178
12-13 03:28:14.554   378   378 I rmt_storage: rmt_storage_rw_iovec_cb: /boot/modem_fs1: clnt_h=0x1: req_h=0xc msg_id=3: R/W request received
12-13 03:28:14.554   378   378 I rmt_storage: wakelock acquired: 1, error no: 42
12-13 03:28:14.554   378   506 I rmt_storage: rmt_storage_client_thread: /boot/modem_fs1: clnt_h=0x1 Unblock worker thread (th_id: -1198219544)
12-13 03:28:14.564   787  1138 E LocSvc_ApiV02: D/virtual loc_api_adapter_err LocApiV02::initSecgpsClient():1810]: rc = 0
12-13 03:28:14.564   787  1138 E LocSvc_eng: D/IsSuplServerFromCSC  0 
12-13 03:28:14.564   787  1138 E LocSvc_utils_cfg: D/[SECGPS] property_get(sales_code) : [BNN]
12-13 03:28:14.564   787  1138 E LocSvc_utils_cfg: W/loc_read_sec_gps_conf: no secgps conf file, using defaults
12-13 03:28:14.564   787  1138 E LocSvc_eng: D/loc_eng_sec_set_param
12-13 03:28:14.564   787  1138 E LocSvc_eng: I/===> int loc_eng_set_server_proxy(loc_eng_data_s_type&, LocServerType, const char*, int) line 2727 
12-13 03:28:14.564   787  1138 E LocSvc_eng: D/loc_eng_set_server_proxy hostname :  supl.google.com
12-13 03:28:14.564   787  1138 E LocSvc_utils_q: D/msg_q_snd: Sending message with handle = 0x78FC2028
12-13 03:28:14.564   787  1138 E LocSvc_utils_ll: D/linked_list_add: Adding to list data_obj = 0x78FC2028
12-13 03:28:14.564   787  1138 E LocSvc_utils_q: D/msg_q_snd: Finished Sending message with handle = 0x78FC2028
12-13 03:28:14.564   787  1138 E LocSvc_eng: I/===> int loc_eng_sec_set_agps_mode(loc_eng_data_s_type&, int) line 3305 
12-13 03:28:14.564   787  1138 E LocSvc_eng: D/loc_eng_sec_set_agps_mode(before converting), agps_mode=3
12-13 03:28:14.564   787  1138 E LocSvc_utils_q: D/msg_q_snd: Sending message with handle = 0x801FFD10
12-13 03:28:14.564   787  1138 E LocSvc_utils_ll: D/linked_list_add: Adding to list data_obj = 0x801FFD10
12-13 03:28:14.564   787  1138 E LocSvc_utils_q: D/msg_q_snd: Finished Sending message with handle = 0x801FFD10
12-13 03:28:14.564   787  1138 E LocSvc_eng: I/===> int loc_eng_sec_set_ssl(loc_eng_data_s_type&, int) line 3290 
12-13 03:28:14.564   787  1138 E LocSvc_eng: D/loc_eng_sec_set_ssl, 1
12-13 03:28:14.564   787  1138 E LocSvc_utils_q: D/msg_q_snd: Sending message with handle = 0x77980840
12-13 03:28:14.564   787  1138 E LocSvc_utils_ll: D/linked_list_add: Adding to list data_obj = 0x77980840
12-13 03:28:14.564   787  1138 E LocSvc_utils_q: D/msg_q_snd: Finished Sending message with handle = 0x77980840
12-13 03:28:14.564   787  1138 E LocSvc_eng: I/===> int loc_eng_sec_set_supl_version(loc_eng_data_s_type&, int) line 3362 
12-13 03:28:14.564   787  1138 E LocSvc_eng: D/loc_eng_sec_set_supl_version, 1
12-13 03:28:14.564   787  1138 E LocSvc_utils_q: D/msg_q_snd: Sending message with handle = 0x77980868
12-13 03:28:14.564   787  1138 E LocSvc_utils_ll: D/linked_list_add: Adding to list data_obj = 0x77980868
12-13 03:28:14.564   787  1138 E LocSvc_utils_q: D/msg_q_snd: Finished Sending message with handle = 0x77980868
12-13 03:28:14.564   787  1138 E LocSvc_eng: I/===> int loc_eng_sec_set_a_glonass_protocol(loc_eng_data_s_type&, long unsigned int) line 3393 
12-13 03:28:14.564   787  1138 E LocSvc_eng: D/loc_eng_sec_set_a_glonass_protocol, 0x0
12-13 03:28:14.564   787  1138 E LocSvc_utils_q: D/msg_q_snd: Sending message with handle = 0x77980890
12-13 03:28:14.564   787  1138 E LocSvc_utils_ll: D/linked_list_add: Adding to list data_obj = 0x77980890
12-13 03:28:14.564   787  1138 E LocSvc_utils_q: D/msg_q_snd: Finished Sending message with handle = 0x77980890
12-13 03:28:14.564   787  1138 E LocSvc_eng: I/===> int loc_eng_sec_set_xtra_enable(loc_eng_data_s_type&, int) line 3347 
12-13 03:28:14.564   787  1138 E LocSvc_eng: D/loc_eng_sec_set_xtra_enable, 1
12-13 03:28:14.564   787  1138 E LocSvc_utils_q: D/msg_q_snd: Sending message with handle = 0x779808B8
12-13 03:28:14.564   787  1138 E LocSvc_utils_ll: D/linked_list_add: Adding to list data_obj = 0x779808B8
12-13 03:28:14.564   787  1138 E LocSvc_utils_q: D/msg_q_snd: Finished Sending message with handle = 0x779808B8
12-13 03:28:14.564   787  1138 E LocSvc_eng: I/===> int loc_eng_sec_set_gnss_rf_config(loc_eng_data_s_type&, int) line 3380 
12-13 03:28:14.564   787  1138 E LocSvc_eng: D/loc_eng_sec_set_gnss_rf_config, 1
12-13 03:28:14.564   787  1138 E LocSvc_utils_q: D/msg_q_snd: Sending message with handle = 0x779808E0
12-13 03:28:14.564   787  1138 E LocSvc_utils_ll: D/linked_list_add: Adding to list data_obj = 0x779808E0
12-13 03:28:14.564   787  1138 E LocSvc_utils_q: D/msg_q_snd: Finished Sending message with handle = 0x779808E0
12-13 03:28:14.564   787  1138 E LocSvc_eng: I/===> int loc_eng_sec_set_cert_type(loc_eng_data_s_type&, int) line 3406 
12-13 03:28:14.564   787  1138 E LocSvc_eng: D/loc_eng_sec_set_cert_type, 15
12-13 03:28:14.564   787  1138 E LocSvc_utils_q: D/msg_q_snd: Sending message with handle = 0x77980908
12-13 03:28:14.564   787  1138 E LocSvc_utils_ll: D/linked_list_add: Adding to list data_obj = 0x77980908
12-13 03:28:14.564   787  1138 E LocSvc_utils_q: D/msg_q_snd: Finished Sending message with handle = 0x77980908
12-13 03:28:14.564   787  1138 E LocSvc_eng: I/===> int loc_eng_sec_set_lpp_profile(loc_eng_data_s_type&, int) line 3419 
12-13 03:28:14.564   787  1138 E LocSvc_eng: D/loc_eng_sec_set_lpp_profile, 0
12-13 03:28:14.564   787  1138 E LocSvc_utils_q: D/msg_q_snd: Sending message with handle = 0x77980930
12-13 03:28:14.564   787  1138 E LocSvc_utils_ll: D/linked_list_add: Adding to list data_obj = 0x77980930
12-13 03:28:14.564   787  1138 E LocSvc_utils_q: D/msg_q_snd: Finished Sending message with handle = 0x77980930
12-13 03:28:14.564   787  1138 E LocSvc_utils_q: D/msg_q_snd: Sending message with handle = 0x77980958
12-13 03:28:14.564   787  1138 E LocSvc_utils_ll: D/linked_list_add: Adding to list data_obj = 0x77980958
12-13 03:28:14.564   787  1138 E LocSvc_utils_q: D/msg_q_snd: Finished Sending message with handle = 0x77980958
12-13 03:28:14.564   787  1138 E LocSvc_utils_q: D/msg_q_snd: Sending message with handle = 0x77980980
12-13 03:28:14.564   787  1138 E LocSvc_utils_ll: D/linked_list_add: Adding to list data_obj = 0x77980980
12-13 03:28:14.564   787  1138 E LocSvc_utils_q: D/msg_q_snd: Finished Sending message with handle = 0x77980980
12-13 03:28:14.564   787  1138 E LocSvc_utils_q: D/msg_q_snd: Sending message with handle = 0x779809A8
12-13 03:28:14.564   787  1138 E LocSvc_utils_ll: D/linked_list_add: Adding to list data_obj = 0x779809A8
12-13 03:28:14.564   787  1138 E LocSvc_utils_q: D/msg_q_snd: Finished Sending message with handle = 0x779809A8
12-13 03:28:14.564   787  1138 E LocSvc_utils_q: D/msg_q_snd: Sending message with handle = 0x779809F8
12-13 03:28:14.564   787  1138 E LocSvc_utils_ll: D/linked_list_add: Adding to list data_obj = 0x779809F8
12-13 03:28:14.564   787  1138 E LocSvc_utils_q: D/msg_q_snd: Finished Sending message with handle = 0x779809F8
12-13 03:28:14.564   787  1138 E LocSvc_utils_q: D/msg_q_rcv: Received message 0x78FC2028 rv = 0
12-13 03:28:14.564   787  1138 E LocSvc_ApiV02: D/virtual loc_api_adapter_err LocApiV02::setServer(const char*, int):1099]:, url = supl.google.com:7275, len = 20
12-13 03:28:14.564   787  1138 E LocSvc_api_v02: I/---> locClientSendReq line 2332 QMI_LOC_SET_SERVER_REQ_V02
12-13 03:28:14.564   787  1931 E LocSvc_ApiV02: I/<--- void globalRespCb(locClientHandleType, uint32_t, locClientRespIndUnionType, void*) line 113 QMI_LOC_SET_SERVER_REQ_V02
12-13 03:28:14.564   787  1138 E LocSvc_api_v02: D/loc_free_slot:299]: freeing slot 0
12-13 03:28:14.564   787  1138 E LocSvc_utils_q: D/msg_q_rcv: Received message 0x801FFD10 rv = 0
12-13 03:28:14.564   787  1138 D qmi_secgps_clnt: SECGPS: Set AGPS Mode SECGPS 
12-13 03:28:14.564   787  1138 D qmi_secgps_clnt: SECGPS: send a qmi message to secgps_server OK
12-13 03:28:14.564   787  1138 E LocSvc_utils_q: D/msg_q_rcv: Received message 0x77980840 rv = 0
12-13 03:28:14.564   787  1138 E LocSvc_ApiV02: D/virtual loc_api_adapter_err LocApiV02::setSuplSecurity(int):1846]: supl security = 1
12-13 03:28:14.564   787  1138 E LocSvc_api_v02: I/---> locClientSendReq line 2332 QMI_LOC_SET_PROTOCOL_CONFIG_PARAMETERS_REQ_V02
12-13 03:28:14.564   787  1931 E LocSvc_ApiV02: I/<--- void globalRespCb(locClientHandleType, uint32_t, locClientRespIndUnionType, void*) line 113 QMI_LOC_SET_PROTOCOL_CONFIG_PARAMETERS_REQ_V02
12-13 03:28:14.564   787  1138 E LocSvc_api_v02: D/loc_free_slot:299]: freeing slot 0
12-13 03:28:14.564   787  1138 E LocSvc_utils_q: D/msg_q_rcv: Received message 0x77980868 rv = 0
12-13 03:28:14.564   787  1138 E LocSvc_ApiV02: D/virtual loc_api_adapter_err LocApiV02::setSUPLVersion(uint32_t):1462]: supl version = 65536
12-13 03:28:14.564   787  1138 E LocSvc_api_v02: I/---> locClientSendReq line 2332 QMI_LOC_SET_PROTOCOL_CONFIG_PARAMETERS_REQ_V02
12-13 03:28:14.574   787  1931 E LocSvc_ApiV02: I/<--- void globalRespCb(locClientHandleType, uint32_t, locClientRespIndUnionType, void*) line 113 QMI_LOC_SET_PROTOCOL_CONFIG_PARAMETERS_REQ_V02
12-13 03:28:14.574   787  1138 E LocSvc_api_v02: D/loc_free_slot:299]: freeing slot 0
12-13 03:28:14.574   787  1138 E LocSvc_utils_q: D/msg_q_rcv: Received message 0x77980890 rv = 0
12-13 03:28:14.574   787  1138 E LocSvc_ApiV02: D/virtual loc_api_adapter_err LocApiV02::setAGLONASSProtocol(long unsigned int):1784]: aGlonassProtocolMask = 0x0
12-13 03:28:14.574   787  1138 E LocSvc_api_v02: I/---> locClientSendReq line 2332 QMI_LOC_SET_PROTOCOL_CONFIG_PARAMETERS_REQ_V02
12-13 03:28:14.574   787  1931 E LocSvc_ApiV02: I/<--- void globalRespCb(locClientHandleType, uint32_t, locClientRespIndUnionType, void*) line 113 QMI_LOC_SET_PROTOCOL_CONFIG_PARAMETERS_REQ_V02
12-13 03:28:14.574   787  1138 E LocSvc_api_v02: D/loc_free_slot:299]: freeing slot 0
12-13 03:28:14.574   787  1138 E LocSvc_utils_q: D/msg_q_rcv: Received message 0x779808B8 rv = 0
12-13 03:28:14.574   787  1138 D qmi_secgps_clnt: SECGPS: Set XTRA enable SECGPS
12-13 03:28:14.574   787  1138 D qmi_secgps_clnt: SECGPS: send a qmi message to secgps_server OK
12-13 03:28:14.574   787  1138 E LocSvc_utils_q: D/msg_q_rcv: Received message 0x779808E0 rv = 0
12-13 03:28:14.574   787  1138 D qmi_secgps_clnt: SECGPS: Set GNSS RF CONFIG
12-13 03:28:14.574   787  1138 D qmi_secgps_clnt: SECGPS: send a qmi message to secgps_server OK
12-13 03:28:14.574   787  1138 E LocSvc_utils_q: D/msg_q_rcv: Received message 0x77980908 rv = 0
12-13 03:28:14.574   787  1138 D qmi_secgps_clnt: SECGPS: Set CERT TYPE SECGPS
12-13 03:28:14.574   787  1138 D qmi_secgps_clnt: SECGPS: send a qmi message to secgps_server OK
12-13 03:28:14.574   787  1138 E LocSvc_utils_q: D/msg_q_rcv: Received message 0x77980930 rv = 0
12-13 03:28:14.574   787  1138 E LocSvc_ApiV02: D/virtual loc_api_adapter_err LocApiV02::setLPPConfig(uint32_t):1505]: lpp profile = 0
12-13 03:28:14.574   787  1138 E LocSvc_api_v02: I/---> locClientSendReq line 2332 QMI_LOC_SET_PROTOCOL_CONFIG_PARAMETERS_REQ_V02
12-13 03:28:14.584   787  1931 E LocSvc_ApiV02: I/<--- void globalRespCb(locClientHandleType, uint32_t, locClientRespIndUnionType, void*) line 113 QMI_LOC_SET_PROTOCOL_CONFIG_PARAMETERS_REQ_V02
12-13 03:28:14.584   787  1138 E LocSvc_api_v02: D/loc_free_slot:299]: freeing slot 0
12-13 03:28:14.584   787  1138 E LocSvc_utils_q: D/msg_q_rcv: Received message 0x77980958 rv = 0
12-13 03:28:14.584   787  1138 E LocSvc_ApiV02: D/virtual loc_api_adapter_err LocApiV02::setSensorControlConfig(int):1544]: sensors disabled = 0
12-13 03:28:14.584   787  1138 E LocSvc_api_v02: I/---> locClientSendReq line 2332 QMI_LOC_SET_SENSOR_CONTROL_CONFIG_REQ_V02
12-13 03:28:14.584   787  1931 E LocSvc_ApiV02: I/<--- void globalRespCb(locClientHandleType, uint32_t, locClientRespIndUnionType, void*) line 113 QMI_LOC_SET_SENSOR_CONTROL_CONFIG_REQ_V02
12-13 03:28:14.584   787  1138 E LocSvc_api_v02: D/loc_free_slot:299]: freeing slot 0
12-13 03:28:14.584   787  1138 E LocSvc_utils_q: D/msg_q_rcv: Received message 0x77980980 rv = 0
12-13 03:28:14.584   787  1138 E LocSvc_ApiV02: D/virtual loc_api_adapter_err LocApiV02::setAGLONASSProtocol(long unsigned int):1784]: aGlonassProtocolMask = 0x0
12-13 03:28:14.584   787  1138 E LocSvc_api_v02: I/---> locClientSendReq line 2332 QMI_LOC_SET_PROTOCOL_CONFIG_PARAMETERS_REQ_V02
12-13 03:28:14.584   787  1931 E LocSvc_ApiV02: I/<--- void globalRespCb(locClientHandleType, uint32_t, locClientRespIndUnionType, void*) line 113 QMI_LOC_SET_PROTOCOL_CONFIG_PARAMETERS_REQ_V02
12-13 03:28:14.584   787  1138 E LocSvc_api_v02: D/loc_free_slot:299]: freeing slot 0
12-13 03:28:14.584   787  1138 E LocSvc_utils_q: D/msg_q_rcv: Received message 0x779809A8 rv = 0
12-13 03:28:14.584   787  1138 E LocSvc_ApiV02: D/setSensorPerfControlConfig:1664]: Sensor Perf Control Config (performanceControlMode)(0) accel(#smp,#batches) (5,2) gyro(#smp,#batches) (5,2) accel_high(#smp,#batches) (25,4) gyro_high(#smp,#batches) (25,4) algorithmConfig(0)
12-13 03:28:14.584   787  1138 E LocSvc_api_v02: I/---> locClientSendReq line 2332 QMI_LOC_SET_SENSOR_PERFORMANCE_CONTROL_CONFIGURATION_REQ_V02
12-13 03:28:14.584   787  1931 E LocSvc_ApiV02: I/<--- void globalRespCb(locClientHandleType, uint32_t, locClientRespIndUnionType, void*) line 113 QMI_LOC_SET_SENSOR_PERFORMANCE_CONTROL_CONFIGURATION_REQ_V02
12-13 03:28:14.584   787  1138 E LocSvc_api_v02: D/loc_free_slot:299]: freeing slot 0
12-13 03:28:14.584   787  1138 E LocSvc_utils_q: D/msg_q_rcv: Received message 0x779809F8 rv = 0
12-13 03:28:14.654  8415  9350 D Aatp    : /nfc
12-13 03:28:14.654   378   506 I rmt_storage: rmt_storage_client_thread: /boot/modem_fs1: clnt_h=0x1: req_h=0xc msg_id=3: Bytes written = 1572864
12-13 03:28:14.654   378   506 I rmt_storage: rmt_storage_client_thread: /boot/modem_fs1: clnt_h=0x1: req_h=0xc msg_id=3: Send response: res=0 err=0
12-13 03:28:14.654   378   506 I rmt_storage: rmt_storage_client_thread: /boot/modem_fs1: clnt_h=0x1 About to block rmt_storage client thread (th_id: -1198219544) wakelock released: 1, error no: 0
12-13 03:28:14.654   378   506 I rmt_storage: 
12-13 03:28:14.664   378   378 I rmt_storage: rmt_storage_disconnect_cb: clnt_h=0x0x6 conn_h=0x0xb894a178
12-13 03:28:14.674  8415  9350 D Aatp    : sha1: cd351984c0f4718cb63dd912de1a5e7137bb6a0d
12-13 03:28:14.674  8415  9350 D AatpDeviceManager: k: enabled v: True
12-13 03:28:14.674  8415  9350 D AatpDeviceManager: k: NanoHttpd.QUERY_STRING v: enabled=True
12-13 03:28:14.684  8415  8415 D AatpDeviceManager: taskStatus update (cd351984c0f4718cb63dd912de1a5e7137bb6a0d: {"state":1})
12-13 03:28:14.684  8415  8415 D AatpDeviceManager: taskStatus update (cd351984c0f4718cb63dd912de1a5e7137bb6a0d: {"result":"NFC not supported on platform. Skipping","state":2})
12-13 03:28:14.684   787   787 W ContextImpl: Calling a method in the system process without a qualified user: android.app.ContextImpl.sendBroadcast:1523 com.android.server.StatusBarManagerService.sendNotification:981 com.android.server.StatusBarManagerService.addNotification:670 com.android.server.NotificationManagerService$7.run:2142 android.os.Handler.handleCallback:733 
12-13 03:28:14.684   787   787 D STATUSBAR-StatusBarManagerService: sendNotification(1) - 1096041559
12-13 03:28:14.684   787   787 W ContextImpl: Calling a method in the system process without a qualified user: android.app.ContextImpl.sendBroadcast:1523 com.android.server.StatusBarManagerService.sendNotification:981 com.android.server.StatusBarManagerService.removeNotification:706 com.android.server.NotificationManagerService.cancelNotificationLocked:2455 com.android.server.NotificationManagerService.access$5100:160 
12-13 03:28:14.694  8415  9350 D Aatp    : /task/cd351984c0f4718cb63dd912de1a5e7137bb6a0d
12-13 03:28:14.694   787   787 D NotificationService: cancelNotificationLocked
12-13 03:28:14.694   787   787 D NotificationService:  hasClearableItems
12-13 03:28:14.694   787   787 D NotificationService:  has clearable items no 
12-13 03:28:14.694   992   992 D ProgressBar: setProgressDrawable drawableHeight = 0
12-13 03:28:14.694   787   787 D NotificationService: cancelNotificationLocked: cancel alarm
12-13 03:28:14.694   787   787 D NotificationService: cancelNotificationLocked: cancel alarm
12-13 03:28:14.694   787   787 D STATUSBAR-StatusBarManagerService: sendNotification(3) - 1096041559
12-13 03:28:14.694   787   787 D LightsService: [api] [SvcLED] turnOff:: id = 4 (uid: 1000 pid: 787) 
12-13 03:28:14.694   787   787 D LightsService: [SvcLED] setSvcLedStateLocked:: SvcLEDState : 0x0 -> 0x0 | SvcLED(id=4) set Off
12-13 03:28:14.694   787   894 D LightsService: [SvcLED] Lux failed to be updated in 700ms. -> handleForcedSvcLEDTasK
12-13 03:28:14.694   787   894 D LightsService: [SvcLED]  setSvcLedLightLocked :: Current SvcLED(id=3) maintains its priority right
12-13 03:28:14.704   992   992 D PhoneStatusBar: tick(): knoxCustomManager = android.app.enterprise.knoxcustom.KnoxCustomManager@41d3e258
12-13 03:28:14.724   992   992 D STATUSBAR-IconMerger: checkOverflow(1036), More:false, Req:false Child:3
12-13 03:28:14.824  8415  9354 D Aatp    : /task/cd351984c0f4718cb63dd912de1a5e7137bb6a0d/status
12-13 03:28:14.904  8415  9355 D Aatp    : /location
12-13 03:28:14.924  8415  9355 D Aatp    : sha1: a4dd3aa6601087c775c7773d3ac8cf2163c11286
12-13 03:28:14.924  8415  9355 D AatpDeviceManager: k: lon v: -122.3491
12-13 03:28:14.924  8415  9355 D AatpDeviceManager: k: lat v: 47.6204
12-13 03:28:14.934  8415  9355 D AatpDeviceManager: k: NanoHttpd.QUERY_STRING v: lat=47.6204&lon=-122.3491
12-13 03:28:14.944   787   787 W ContextImpl: Calling a method in the system process without a qualified user: android.app.ContextImpl.sendBroadcast:1523 com.android.server.StatusBarManagerService.sendNotification:981 com.android.server.StatusBarManagerService.addNotification:670 com.android.server.NotificationManagerService$7.run:2142 android.os.Handler.handleCallback:733 
12-13 03:28:14.944   787   787 D STATUSBAR-StatusBarManagerService: sendNotification(1) - 1096041560
12-13 03:28:14.954  8415  8415 D AatpDeviceManager: taskStatus update (a4dd3aa6601087c775c7773d3ac8cf2163c11286: {"state":1})
12-13 03:28:14.954   992   992 D ProgressBar: setProgressDrawable drawableHeight = 0
12-13 03:28:14.964  8415  9355 D Aatp    : /task/a4dd3aa6601087c775c7773d3ac8cf2163c11286
12-13 03:28:14.964   992   992 D PhoneStatusBar: tick(): knoxCustomManager = android.app.enterprise.knoxcustom.KnoxCustomManager@41d3e258
12-13 03:28:14.984   992   992 D SizeAdaptiveLayout: com.android.internal.widget.SizeAdaptiveLayout{41e7a600 V.E..... ......I. 0,0-0,0 #7f080087 app:id/adaptive}child view android.widget.FrameLayout{41d1f200 G.E..... ......I. 0,0-0,0 #1020364 android:id/status_bar_latest_event_content} measured out of bounds at 64px clamped to 68px
12-13 03:28:14.984   992   992 D SizeAdaptiveLayout: com.android.internal.widget.SizeAdaptiveLayout{41e7a600 V.E..... ......I. 0,0-0,0 #7f080087 app:id/adaptive}child view android.widget.FrameLayout{41d1f200 G.E..... ......I. 0,0-0,0 #1020364 android:id/status_bar_latest_event_content} measured out of bounds at 64px clamped to 68px
12-13 03:28:14.984  8415  9359 D AatpDeviceManager: Enabling Mock Locations: Lat: 47.620399475097656 Lon: -122.3490982055664
12-13 03:28:14.984   992   992 D STATUSBAR-IconMerger: checkOverflow(1036), More:false, Req:false Child:4
12-13 03:28:14.994  8415  9359 D AatpDeviceManager: Providing location: 47.620399 lon: -122.349098
12-13 03:28:14.994  8415  8415 D AatpDeviceManager: taskStatus update (a4dd3aa6601087c775c7773d3ac8cf2163c11286: {"result":"","state":2})
12-13 03:28:15.004  8415  9359 D AatpDeviceManager: Waiting for mock location connection...
12-13 03:28:15.024   787   863 D SensorService:   0.1 -0.0 9.8
12-13 03:28:15.094  8415  9361 D Aatp    : /task/a4dd3aa6601087c775c7773d3ac8cf2163c11286/status
12-13 03:28:15.224  8415  9362 D Aatp    : /locale
12-13 03:28:15.244  8415  9362 D Aatp    : sha1: e7cd39c28aebe5aa181591dabe5a8ba340fbc837
12-13 03:28:15.244  8415  9362 D AatpDeviceManager: k: NanoHttpd.QUERY_STRING v: locale=en_US
12-13 03:28:15.244  8415  9362 D AatpDeviceManager: k: locale v: en_US
12-13 03:28:15.364   992   992 D STATUSBAR-NetworkController: refreshSignalCluster - setNWBoosterIndicators(false)
12-13 03:28:15.364   992   992 D STATUSBAR-NetworkController: refreshSignalCluster: data=-1 bt=false
12-13 03:28:15.364   992   992 D STATUSBAR-IconMerger: checkOverflow(1036), More:false, Req:false Child:4
12-13 03:28:15.404  9342  9342 D dalvikvm: GC_FOR_ALLOC freed 963K, 48% free 1084K/2048K, paused 5ms, total 5ms
12-13 03:28:15.464   787  1111 D dalvikvm: GC_EXPLICIT freed 2836K, 47% free 23650K/44108K, paused 7ms+18ms, total 218ms
12-13 03:28:15.464   787   787 W WifiP2pStateTracker: WifiP2pStateReceiver : android.net.wifi.LINK_CONFIGURATION_CHANGED
12-13 03:28:15.474   787   940 D ConnectivityService: handleConnectivityChange: addresses changed linkProperty[1]: resetMask=0
12-13 03:28:15.474   787   940 D ConnectivityService:    car=removed=[] added=[fe80::466d:6cff:fe65:c6eb/64,]
12-13 03:28:15.474   787   940 D ConnectivityService: handleConnectivityChange: setting default proxy info 
12-13 03:28:15.484  8415  9362 D Aatp    : /task/e7cd39c28aebe5aa181591dabe5a8ba340fbc837
12-13 03:28:15.484   787   940 D ConnectivityService: updateSourceRoutes : no source routing conditions
12-13 03:28:15.494  8415  9364 D AatpDeviceManager: Setting locale to: en_US
12-13 03:28:15.494  8415  9364 D AWSDeviceFarmAndroidLib: Setting locale to: en_US
12-13 03:28:15.494  8415  8415 D AatpDeviceManager: taskStatus update (e7cd39c28aebe5aa181591dabe5a8ba340fbc837: {"state":1})
12-13 03:28:15.494   787   787 W ContextImpl: Calling a method in the system process without a qualified user: android.app.ContextImpl.sendBroadcast:1523 com.android.server.StatusBarManagerService.sendNotification:981 com.android.server.StatusBarManagerService.addNotification:670 com.android.server.NotificationManagerService$7.run:2142 android.os.Handler.handleCallback:733 
12-13 03:28:15.494   992   992 D STATUSBAR-NetworkController: onReceive() - RSSI_CHANGED_ACTION, WIFI_STATE, NETWORK_STATE
12-13 03:28:15.504   787   787 D STATUSBAR-StatusBarManagerService: sendNotification(1) - 1096041561
12-13 03:28:15.514   992   992 D ProgressBar: setProgressDrawable drawableHeight = 0
12-13 03:28:15.514   992   992 D PhoneStatusBar: tick(): knoxCustomManager = android.app.enterprise.knoxcustom.KnoxCustomManager@41d3e258
12-13 03:28:15.534   992   992 D SizeAdaptiveLayout: com.android.internal.widget.SizeAdaptiveLayout{41e51710 V.E..... ......I. 0,0-0,0 #7f080087 app:id/adaptive}child view android.widget.FrameLayout{41e59d60 G.E..... ......I. 0,0-0,0 #1020364 android:id/status_bar_latest_event_content} measured out of bounds at 64px clamped to 68px
12-13 03:28:15.534   992   992 D SizeAdaptiveLayout: com.android.internal.widget.SizeAdaptiveLayout{41e51710 V.E..... ......I. 0,0-0,0 #7f080087 app:id/adaptive}child view android.widget.FrameLayout{41e59d60 G.E..... ......I. 0,0-0,0 #1020364 android:id/status_bar_latest_event_content} measured out of bounds at 64px clamped to 68px
