12-13 03:27:40.924  8584  8584 D AndroidRuntime: Calling main entry com.android.commands.uiautomator.Launcher
12-13 03:27:41.534  1165  1165 W ResourceType: No known package when getting name for resource number 0x9c000000
12-13 03:27:41.534  1165  1165 W ResourceType: No known package when getting name for resource number 0x9c000001
12-13 03:27:41.534  1165  1165 W ResourceType: No known package when getting name for resource number 0x9c000401
12-13 03:27:41.534  1165  1165 W ResourceType: No known package when getting name for resource number 0x9c000005
12-13 03:27:41.544  1165  1165 W ResourceType: No known package when getting name for resource number 0x9c000105
12-13 03:27:41.544  1165  1165 W ResourceType: No known package when getting name for resource number 0x9c000205
12-13 03:27:41.554  1165  1165 W ResourceType: No known package when getting name for resource number 0x9c000305
12-13 03:27:41.554  1165  1165 W ResourceType: No known package when getting name for resource number 0x9c000405
12-13 03:27:41.564  1165  1165 W ResourceType: No known package when getting name for resource number 0x9c000505
12-13 03:27:41.564  1165  1165 W ResourceType: No known package when getting name for resource number 0x9c000605
12-13 03:27:41.564  1165  1165 W ResourceType: No known package when getting name for resource number 0x9c000705
12-13 03:27:41.674  1165  1165 W ResourceType: No known package when getting name for resource number 0x9c000105
12-13 03:27:41.684  1165  1165 W ResourceType: No known package when getting name for resource number 0x9c000205
12-13 03:27:41.684  1165  1165 W ResourceType: No known package when getting name for resource number 0x9c000305
12-13 03:27:41.684  1165  1165 W ResourceType: No known package when getting name for resource number 0x9c000405
12-13 03:27:41.684  1165  1165 W ResourceType: No known package when getting name for resource number 0x9c000505
12-13 03:27:41.694  1165  1165 W ResourceType: No known package when getting name for resource number 0x9c000605
12-13 03:27:41.694  1165  1165 W ResourceType: No known package when getting name for resource number 0x9c000705
12-13 03:27:42.034   787   863 D SensorService:   0.1 -0.0 9.7
12-13 03:27:42.094  1165  1165 W ResourceType: No known package when getting name for resource number 0x9c000000
12-13 03:27:42.104  1165  1165 W ResourceType: No known package when getting name for resource number 0x9c000001
12-13 03:27:42.104  1165  1165 W ResourceType: No known package when getting name for resource number 0x9c000401
12-13 03:27:42.104  1165  1165 W ResourceType: No known package when getting name for resource number 0x9c000005
12-13 03:27:42.114  1165  1165 W ResourceType: No known package when getting name for resource number 0x9c000105
12-13 03:27:42.114  1165  1165 W ResourceType: No known package when getting name for resource number 0x9c000205
12-13 03:27:42.114  1165  1165 W ResourceType: No known package when getting name for resource number 0x9c000305
12-13 03:27:42.124  1165  1165 W ResourceType: No known package when getting name for resource number 0x9c000405
12-13 03:27:42.124  1165  1165 W ResourceType: No known package when getting name for resource number 0x9c000505
12-13 03:27:42.124  1165  1165 W ResourceType: No known package when getting name for resource number 0x9c000605
12-13 03:27:42.124  1165  1165 W ResourceType: No known package when getting name for resource number 0x9c000705
12-13 03:27:42.174  1165  1165 W ResourceType: No known package when getting name for resource number 0x9c000000
12-13 03:27:42.174  1165  1165 W ResourceType: No known package when getting name for resource number 0x9c000001
12-13 03:27:42.174  1165  1165 W ResourceType: No known package when getting name for resource number 0x9c000401
12-13 03:27:42.174  1165  1165 W ResourceType: No known package when getting name for resource number 0x9c000005
12-13 03:27:42.174  1165  1165 W ResourceType: No known package when getting name for resource number 0x9c000105
12-13 03:27:42.184  1165  1165 W ResourceType: No known package when getting name for resource number 0x9c000205
12-13 03:27:42.184  1165  1165 W ResourceType: No known package when getting name for resource number 0x9c000305
12-13 03:27:42.184  1165  1165 W ResourceType: No known package when getting name for resource number 0x9c000405
12-13 03:27:42.184  1165  1165 W ResourceType: No known package when getting name for resource number 0x9c000505
12-13 03:27:42.184  1165  1165 W ResourceType: No known package when getting name for resource number 0x9c000605
12-13 03:27:42.184  1165  1165 W ResourceType: No known package when getting name for resource number 0x9c000705
12-13 03:27:42.224   787   986 V WindowManager: rotationForOrientationLw(orient=-1, last=0); user=0  sensorRotation=-1 mLidState=-1 mDockMode=0 mHdmiPlugged=false mAccelerometerDefault=false gripRotationLock=false
12-13 03:27:42.234  8584  8584 I AndroidRuntime: VM exiting with result code 0.
12-13 03:27:42.314  8415  8612 D Aatp    : /ping
12-13 03:27:42.454  8415  8613 D Aatp    : /apps-to-uninstall
12-13 03:27:42.464  8415  8613 D Aatp    : sha1: 56b9d63ae653d6091b8697afc9c82fb7ffe8edc2
12-13 03:27:42.474  8415  8415 D AatpDeviceManager: taskStatus update (56b9d63ae653d6091b8697afc9c82fb7ffe8edc2: {"state":1})
12-13 03:27:42.494  8415  8613 D Aatp    : /task/56b9d63ae653d6091b8697afc9c82fb7ffe8edc2
12-13 03:27:42.504   787   787 W ContextImpl: Calling a method in the system process without a qualified user: android.app.ContextImpl.sendBroadcast:1523 com.android.server.StatusBarManagerService.sendNotification:981 com.android.server.StatusBarManagerService.addNotification:670 com.android.server.NotificationManagerService$7.run:2142 android.os.Handler.handleCallback:733 
12-13 03:27:42.514   787   787 D STATUSBAR-StatusBarManagerService: sendNotification(1) - 1096041552
12-13 03:27:42.534   992   992 D ProgressBar: setProgressDrawable drawableHeight = 0
12-13 03:27:42.544  8428  8428 D com.samsung.app: [AccuTab_Magagine]>>> WC:42 [0:0] action : comandroidserverNotificationManagerServiceNotificationArrived
12-13 03:27:42.544   992   992 D PhoneStatusBar: tick(): knoxCustomManager = android.app.enterprise.knoxcustom.KnoxCustomManager@41d3e258
12-13 03:27:42.554  8428  8428 D com.samsung.app: [AccuTab_Magagine]>>> WC:55 [0:0] settings CT : androidappReceiverRestrictedContext@4201cd20
12-13 03:27:42.554  8428  8428 D com.samsung.app: [AccuTab_Magagine]>>> UIM:146 [0:0] setContext
12-13 03:27:42.564   992   992 D SizeAdaptiveLayout: com.android.internal.widget.SizeAdaptiveLayout{42109738 V.E..... ......I. 0,0-0,0 #7f080087 app:id/adaptive}child view android.widget.FrameLayout{4210bbb8 G.E..... ......I. 0,0-0,0 #1020364 android:id/status_bar_latest_event_content} measured out of bounds at 64px clamped to 68px
12-13 03:27:42.564   992   992 D SizeAdaptiveLayout: com.android.internal.widget.SizeAdaptiveLayout{42109738 V.E..... ......I. 0,0-0,0 #7f080087 app:id/adaptive}child view android.widget.FrameLayout{4210bbb8 G.E..... ......I. 0,0-0,0 #1020364 android:id/status_bar_latest_event_content} measured out of bounds at 64px clamped to 68px
12-13 03:27:42.564   992   992 D STATUSBAR-IconMerger: checkOverflow(1092), More:false, Req:false Child:3
12-13 03:27:42.574  8428  8428 D com.samsung.app: [AccuTab_Magagine]>>> UIM:227 [0:0] The widget does not exist in idle!!
12-13 03:27:42.644  8415  8415 D AatpDeviceManager: taskStatus update (56b9d63ae653d6091b8697afc9c82fb7ffe8edc2: {"result":[],"state":2})
12-13 03:27:42.654   787   787 D NotificationService: cancelNotificationLocked
12-13 03:27:42.654   787   787 D NotificationService:  hasClearableItems
12-13 03:27:42.654   787   787 D NotificationService:  has clearable items no 
12-13 03:27:42.654   787   787 D NotificationService: cancelNotificationLocked: cancel alarm
12-13 03:27:42.654   787   787 D NotificationService: cancelNotificationLocked: cancel alarm
12-13 03:27:42.654   787   787 W ContextImpl: Calling a method in the system process without a qualified user: android.app.ContextImpl.sendBroadcast:1523 com.android.server.StatusBarManagerService.sendNotification:981 com.android.server.StatusBarManagerService.removeNotification:706 com.android.server.NotificationManagerService.cancelNotificationLocked:2455 com.android.server.NotificationManagerService.access$5100:160 
12-13 03:27:42.654   787   787 D STATUSBAR-StatusBarManagerService: sendNotification(3) - 1096041552
12-13 03:27:42.654   787   787 D LightsService: [api] [SvcLED] turnOff:: id = 4 (uid: 1000 pid: 787) 
12-13 03:27:42.654   787   787 D LightsService: [SvcLED] setSvcLedStateLocked:: SvcLEDState : 0x0 -> 0x0 | SvcLED(id=4) set Off
12-13 03:27:42.654   787   894 D LightsService: [SvcLED] Lux failed to be updated in 700ms. -> handleForcedSvcLEDTasK
12-13 03:27:42.654   787   894 D LightsService: [SvcLED]  setSvcLedLightLocked :: Current SvcLED(id=3) maintains its priority right
12-13 03:27:42.674   992   992 D STATUSBAR-IconMerger: checkOverflow(1092), More:false, Req:false Child:2
12-13 03:27:42.674  8415  8626 D Aatp    : /task/56b9d63ae653d6091b8697afc9c82fb7ffe8edc2/status
12-13 03:27:42.764   787   887 D PackageManager: [MSG] WRITE_PACKAGE_RESTRICTIONS
12-13 03:27:42.804  8415  8627 D Aatp    : /ping
12-13 03:27:42.964  8415  8631 D Aatp    : /clean-accounts
12-13 03:27:42.984  8415  8631 D Aatp    : sha1: ccc3967e56884dcd5c4788f7802d0b7540237fa4
12-13 03:27:43.014  8415  8415 D AatpDeviceManager: taskStatus update (ccc3967e56884dcd5c4788f7802d0b7540237fa4: {"state":1})
12-13 03:27:43.024  8415  8631 D Aatp    : /task/ccc3967e56884dcd5c4788f7802d0b7540237fa4
12-13 03:27:43.024   787   787 W ContextImpl: Calling a method in the system process without a qualified user: android.app.ContextImpl.sendBroadcast:1523 com.android.server.StatusBarManagerService.sendNotification:981 com.android.server.StatusBarManagerService.addNotification:670 com.android.server.NotificationManagerService$7.run:2142 android.os.Handler.handleCallback:733 
12-13 03:27:43.034   787   787 D STATUSBAR-StatusBarManagerService: sendNotification(1) - 1096041553
12-13 03:27:43.064   992   992 D ProgressBar: setProgressDrawable drawableHeight = 0
12-13 03:27:43.084  8415  8415 D AatpDeviceManager: taskStatus update (ccc3967e56884dcd5c4788f7802d0b7540237fa4: {"result":"Cleaned Accounts PASS","state":2})
12-13 03:27:43.084   992   992 D PhoneStatusBar: tick(): knoxCustomManager = android.app.enterprise.knoxcustom.KnoxCustomManager@41d3e258
12-13 03:27:43.094   787   787 D NotificationService: cancelNotificationLocked
12-13 03:27:43.094   787   787 D NotificationService:  hasClearableItems
12-13 03:27:43.094   787   787 D NotificationService:  has clearable items no 
12-13 03:27:43.094   787   787 D NotificationService: cancelNotificationLocked: cancel alarm
12-13 03:27:43.094   787   787 D NotificationService: cancelNotificationLocked: cancel alarm
12-13 03:27:43.094  8428  8428 D com.samsung.app: [AccuTab_Magagine]>>> WC:42 [0:0] action : comandroidserverNotificationManagerServiceNotificationArrived
12-13 03:27:43.094  8428  8428 D com.samsung.app: [AccuTab_Magagine]>>> WC:55 [0:0] settings CT : androidappReceiverRestrictedContext@4201cd20
12-13 03:27:43.094   787   787 W ContextImpl: Calling a method in the system process without a qualified user: android.app.ContextImpl.sendBroadcast:1523 com.android.server.StatusBarManagerService.sendNotification:981 com.android.server.StatusBarManagerService.removeNotification:706 com.android.server.NotificationManagerService.cancelNotificationLocked:2455 com.android.server.NotificationManagerService.access$5100:160 
12-13 03:27:43.094   787   787 D STATUSBAR-StatusBarManagerService: sendNotification(3) - 1096041553
12-13 03:27:43.094   787   787 D LightsService: [api] [SvcLED] turnOff:: id = 4 (uid: 1000 pid: 787) 
12-13 03:27:43.094   787   787 D LightsService: [SvcLED] setSvcLedStateLocked:: SvcLEDState : 0x0 -> 0x0 | SvcLED(id=4) set Off
12-13 03:27:43.094   787   894 D LightsService: [SvcLED] Lux failed to be updated in 700ms. -> handleForcedSvcLEDTasK
12-13 03:27:43.104   992   992 D SizeAdaptiveLayout: com.android.internal.widget.SizeAdaptiveLayout{4211e4d8 V.E..... ......I. 0,0-0,0 #7f080087 app:id/adaptive}child view android.widget.FrameLayout{42120958 G.E..... ......I. 0,0-0,0 #1020364 android:id/status_bar_latest_event_content} measured out of bounds at 64px clamped to 68px
12-13 03:27:43.104   992   992 D SizeAdaptiveLayout: com.android.internal.widget.SizeAdaptiveLayout{4211e4d8 V.E..... ......I. 0,0-0,0 #7f080087 app:id/adaptive}child view android.widget.FrameLayout{42120958 G.E..... ......I. 0,0-0,0 #1020364 android:id/status_bar_latest_event_content} measured out of bounds at 64px clamped to 68px
12-13 03:27:43.104   787   894 D LightsService: [SvcLED]  setSvcLedLightLocked :: Current SvcLED(id=3) maintains its priority right
12-13 03:27:43.114  8428  8428 D com.samsung.app: [AccuTab_Magagine]>>> UIM:146 [0:0] setContext
12-13 03:27:43.114  8428  8428 D com.samsung.app: [AccuTab_Magagine]>>> UIM:227 [0:0] The widget does not exist in idle!!
12-13 03:27:43.114   992   992 D STATUSBAR-IconMerger: checkOverflow(1092), More:false, Req:false Child:3
12-13 03:27:43.134   787  1791 D SSRMv2:SIOP: SIOP:: AP = 300, Delta = 0
12-13 03:27:43.134   992   992 D STATUSBAR-IconMerger: checkOverflow(1092), More:false, Req:false Child:2
12-13 03:27:43.234  8415  8647 D Aatp    : /task/ccc3967e56884dcd5c4788f7802d0b7540237fa4/status
12-13 03:27:43.374  8415  8648 D Aatp    : /rm-external-files
12-13 03:27:43.424  8415  8648 D Aatp    : sha1: 2aa7acab8c2534c3f809ba743fe2f1e8d0facec0
12-13 03:27:43.444  8415  8415 D AatpDeviceManager: taskStatus update (2aa7acab8c2534c3f809ba743fe2f1e8d0facec0: {"state":1})
12-13 03:27:43.444   787   787 W ContextImpl: Calling a method in the system process without a qualified user: android.app.ContextImpl.sendBroadcast:1523 com.android.server.StatusBarManagerService.sendNotification:981 com.android.server.StatusBarManagerService.addNotification:670 com.android.server.NotificationManagerService$7.run:2142 android.os.Handler.handleCallback:733 
12-13 03:27:43.444   787   787 D STATUSBAR-StatusBarManagerService: sendNotification(1) - 1096041554
12-13 03:27:43.454  8415  8648 D Aatp    : /task/2aa7acab8c2534c3f809ba743fe2f1e8d0facec0
12-13 03:27:43.454  8428  8428 D com.samsung.app: [AccuTab_Magagine]>>> WC:42 [0:0] action : comandroidserverNotificationManagerServiceNotificationArrived
12-13 03:27:43.454  8428  8428 D com.samsung.app: [AccuTab_Magagine]>>> WC:55 [0:0] settings CT : androidappReceiverRestrictedContext@4201cd20
12-13 03:27:43.454  8428  8428 D com.samsung.app: [AccuTab_Magagine]>>> UIM:146 [0:0] setContext
12-13 03:27:43.454  8428  8428 D com.samsung.app: [AccuTab_Magagine]>>> UIM:227 [0:0] The widget does not exist in idle!!
12-13 03:27:43.454   992   992 D ProgressBar: setProgressDrawable drawableHeight = 0
12-13 03:27:43.464   992   992 D PhoneStatusBar: tick(): knoxCustomManager = android.app.enterprise.knoxcustom.KnoxCustomManager@41d3e258
12-13 03:27:43.484   992   992 D SizeAdaptiveLayout: com.android.internal.widget.SizeAdaptiveLayout{42132590 V.E..... ......I. 0,0-0,0 #7f080087 app:id/adaptive}child view android.widget.FrameLayout{42134a10 G.E..... ......I. 0,0-0,0 #1020364 android:id/status_bar_latest_event_content} measured out of bounds at 64px clamped to 68px
12-13 03:27:43.484   992   992 D SizeAdaptiveLayout: com.android.internal.widget.SizeAdaptiveLayout{42132590 V.E..... ......I. 0,0-0,0 #7f080087 app:id/adaptive}child view android.widget.FrameLayout{42134a10 G.E..... ......I. 0,0-0,0 #1020364 android:id/status_bar_latest_event_content} measured out of bounds at 64px clamped to 68px
12-13 03:27:43.494   992   992 D STATUSBAR-IconMerger: checkOverflow(1092), More:false, Req:false Child:3
12-13 03:27:43.514  8415  8655 D AatpDeviceManager: Wiping files from: /sdcard
12-13 03:27:43.584  8415  8655 D AatpDeviceManager: Wiping files from: /mnt/sdcard
12-13 03:27:43.584  8415  8655 D AatpDeviceManager: 0 files left!
12-13 03:27:43.584  8415  8415 D AatpDeviceManager: taskStatus update (2aa7acab8c2534c3f809ba743fe2f1e8d0facec0: {"result":[],"state":2})
12-13 03:27:43.594   787   787 D NotificationService: cancelNotificationLocked
12-13 03:27:43.594   787   787 D NotificationService:  hasClearableItems
12-13 03:27:43.594   787   787 D NotificationService:  has clearable items no 
12-13 03:27:43.594   787   787 D NotificationService: cancelNotificationLocked: cancel alarm
12-13 03:27:43.594   787   787 D NotificationService: cancelNotificationLocked: cancel alarm
12-13 03:27:43.594   787   787 W ContextImpl: Calling a method in the system process without a qualified user: android.app.ContextImpl.sendBroadcast:1523 com.android.server.StatusBarManagerService.sendNotification:981 com.android.server.StatusBarManagerService.removeNotification:706 com.android.server.NotificationManagerService.cancelNotificationLocked:2455 com.android.server.NotificationManagerService.access$5100:160 
12-13 03:27:43.594   787   787 D STATUSBAR-StatusBarManagerService: sendNotification(3) - 1096041554
12-13 03:27:43.594   787   787 D LightsService: [api] [SvcLED] turnOff:: id = 4 (uid: 1000 pid: 787) 
12-13 03:27:43.594   787   787 D LightsService: [SvcLED] setSvcLedStateLocked:: SvcLEDState : 0x0 -> 0x0 | SvcLED(id=4) set Off
12-13 03:27:43.594   787   894 D LightsService: [SvcLED] Lux failed to be updated in 700ms. -> handleForcedSvcLEDTasK
12-13 03:27:43.594   787   894 D LightsService: [SvcLED]  setSvcLedLightLocked :: Current SvcLED(id=3) maintains its priority right
12-13 03:27:43.604  8415  8661 D Aatp    : /task/2aa7acab8c2534c3f809ba743fe2f1e8d0facec0/status
12-13 03:27:43.614   992   992 D STATUSBAR-IconMerger: checkOverflow(1092), More:false, Req:false Child:2
12-13 03:27:44.314  8669  8669 D AndroidRuntime: 
12-13 03:27:44.314  8669  8669 D AndroidRuntime: >>>>>> AndroidRuntime START com.android.internal.os.RuntimeInit <<<<<<
12-13 03:27:44.324  8669  8669 D AndroidRuntime: CheckJNI is OFF
12-13 03:27:44.324  8669  8669 D AndroidRuntime: setted country_code = USA
12-13 03:27:44.324  8669  8669 D AndroidRuntime: setted countryiso_code = US
12-13 03:27:44.324  8669  8669 D AndroidRuntime: setted sales_code = BNN
12-13 03:27:44.324  8669  8669 D AndroidRuntime: readGMSProperty: start
12-13 03:27:44.324  8669  8669 D AndroidRuntime: readGMSProperty: already setted!!
12-13 03:27:44.324  8669  8669 D AndroidRuntime: readGMSProperty: end
12-13 03:27:44.324  8669  8669 D AndroidRuntime: addProductProperty: start
12-13 03:27:44.344  8669  8669 D dalvikvm: Trying to load lib libjavacore.so 0x0
12-13 03:27:44.344  8669  8669 D dalvikvm: Added shared lib libjavacore.so 0x0
12-13 03:27:44.354  8669  8669 D dalvikvm: Trying to load lib libnativehelper.so 0x0
12-13 03:27:44.354  8669  8669 D dalvikvm: Added shared lib libnativehelper.so 0x0
12-13 03:27:44.354  8669  8669 D dalvikvm: No JNI_OnLoad found in libnativehelper.so 0x0, skipping init
12-13 03:27:44.574  8669  8669 E memtrack: Couldn't load memtrack module (No such file or directory)
12-13 03:27:44.574  8669  8669 E android.os.Debug: failed to load memtrack module: -2
12-13 03:27:44.624  8669  8669 D dalvikvm: Note: class Landroid/app/ActivityManagerNative; has 192 unimplemented (abstract) methods
12-13 03:27:44.694  8669  8669 D AndroidRuntime: Calling main entry com.android.commands.pm.Pm
12-13 03:27:44.794   787  5986 V ApplicationPolicy: isApplicationStateBlocked userId 0 pkgname com.google.android.browser
12-13 03:27:44.794  8669  8669 D AndroidRuntime: Shutting down VM
12-13 03:27:44.794   787  5986 W ActivityManager: Invalid packageName: com.google.android.browser
12-13 03:27:44.804  8669  8678 D dalvikvm: GC_CONCURRENT freed 97K, 13% free 677K/776K, paused 0ms+0ms, total 3ms
12-13 03:27:45.324   787   863 D SensorService:   0.1 -0.0 9.8
12-13 03:27:45.734  8688  8688 D AndroidRuntime: 
12-13 03:27:45.734  8688  8688 D AndroidRuntime: >>>>>> AndroidRuntime START com.android.internal.os.RuntimeInit <<<<<<
12-13 03:27:45.734  8688  8688 D AndroidRuntime: CheckJNI is OFF
12-13 03:27:45.734  8688  8688 D AndroidRuntime: setted country_code = USA
12-13 03:27:45.734  8688  8688 D AndroidRuntime: setted countryiso_code = US
12-13 03:27:45.734  8688  8688 D AndroidRuntime: setted sales_code = BNN
12-13 03:27:45.734  8688  8688 D AndroidRuntime: readGMSProperty: start
12-13 03:27:45.734  8688  8688 D AndroidRuntime: readGMSProperty: already setted!!
12-13 03:27:45.734  8688  8688 D AndroidRuntime: readGMSProperty: end
12-13 03:27:45.734  8688  8688 D AndroidRuntime: addProductProperty: start
12-13 03:27:45.754  8688  8688 D dalvikvm: Trying to load lib libjavacore.so 0x0
12-13 03:27:45.754  8688  8688 D dalvikvm: Added shared lib libjavacore.so 0x0
12-13 03:27:45.764  8688  8688 D dalvikvm: Trying to load lib libnativehelper.so 0x0
12-13 03:27:45.764  8688  8688 D dalvikvm: Added shared lib libnativehelper.so 0x0
12-13 03:27:45.764  8688  8688 D dalvikvm: No JNI_OnLoad found in libnativehelper.so 0x0, skipping init
12-13 03:27:45.984  8688  8688 E memtrack: Couldn't load memtrack module (No such file or directory)
12-13 03:27:45.984  8688  8688 E android.os.Debug: failed to load memtrack module: -2
12-13 03:27:46.024  8688  8688 D dalvikvm: Note: class Landroid/app/ActivityManagerNative; has 192 unimplemented (abstract) methods
12-13 03:27:46.104  8688  8688 D AndroidRuntime: Calling main entry com.android.commands.pm.Pm
12-13 03:27:46.194   787   798 V ApplicationPolicy: isApplicationStateBlocked userId 0 pkgname com.android.chrome
12-13 03:27:46.204   787   798 V ApplicationPolicy: isApplicationStateBlocked userId 0 pkgname com.android.chrome
12-13 03:27:46.204   787   798 D PackageManager: START CLEAR APPLICATION USER DATA: observer{1127523360}
12-13 03:27:46.204   787   798 D PackageManager: pkg{<packageName>}
12-13 03:27:46.204   787   798 D PackageManager: user{0}
12-13 03:27:46.204   787   887 D PackageManager: [MSG] CLEAR_APPLICATION_USER_DATA
12-13 03:27:46.214  3068  3068 D daemonapp: [MSC_Daemon]>>> AWDCDS:27 [0:0] AWD CD Act : androidintentactionPACKAGE_RESTARTED
12-13 03:27:46.224  1141  1141 D ContainerEventsRelayManager: <<< Intent action is >>> : android.intent.action.PACKAGE_RESTARTED
12-13 03:27:46.224  1141  1141 D ContainerEventsRelayManager: <<< Intent data is   >>> : package:com.android.chrome
12-13 03:27:46.224  1141  1141 D ContainerEventsRelayManager: <<< Intent action is >>> : android.intent.action.PACKAGE_DATA_CLEARED
12-13 03:27:46.224  1141  1141 D ContainerEventsRelayManager: <<< Intent data is   >>> : package:com.android.chrome
12-13 03:27:46.224  5315  5315 I GeofencerStateMachine: removeGeofences: removeRequest=RemoveGeofencingRequest[REMOVE_ALL packageName=com.android.chrome]
12-13 03:27:46.224   258   258 D keystore: calling clear_uid in state: 3
12-13 03:27:46.234  8704  8704 I SELinux : Function: selinux_android_load_priority [0], There is no sepolicy file.
12-13 03:27:46.234  8704  8704 I SELinux :  
12-13 03:27:46.234  8704  8704 I SELinux : Function: selinux_android_load_priority [1], There is no sepolicy version file.
12-13 03:27:46.234  8704  8704 I SELinux :  
12-13 03:27:46.234  8704  8704 I SELinux : Function: selinux_android_load_priority , priority version is VE=SEPF_SM-T530NU_4.4.2_0028
12-13 03:27:46.234  8704  8704 I SELinux :  
12-13 03:27:46.234  8704  8704 I SELinux :  
12-13 03:27:46.234  8704  8704 I SELinux : selinux_android_seapp_context_reload: seapp_contexts file is loaded from /seapp_contexts
12-13 03:27:46.264  8715  8715 I SELinux : Function: selinux_android_load_priority [0], There is no sepolicy file.
12-13 03:27:46.264  8715  8715 I SELinux :  
12-13 03:27:46.264  8715  8715 I SELinux : Function: selinux_android_load_priority [1], There is no sepolicy version file.
12-13 03:27:46.264  8715  8715 I SELinux :  
12-13 03:27:46.264  8715  8715 I SELinux : Function: selinux_android_load_priority , priority version is VE=SEPF_SM-T530NU_4.4.2_0028
12-13 03:27:46.264  8715  8715 I SELinux :  
12-13 03:27:46.264  8715  8715 I SELinux :  
12-13 03:27:46.264  8715  8715 I SELinux : selinux_android_seapp_context_reload: seapp_contexts file is loaded from /seapp_contexts
12-13 03:27:46.284   248   248 D dalvikvm: GC_EXPLICIT freed 42K, 66% free 4882K/14096K, paused 2ms+3ms, total 30ms
12-13 03:27:46.304   248   248 D dalvikvm: GC_EXPLICIT freed <1K, 66% free 4882K/14096K, paused 2ms+3ms, total 23ms
12-13 03:27:46.334   248   248 D dalvikvm: GC_EXPLICIT freed <1K, 66% free 4882K/14096K, paused 2ms+4ms, total 24ms
12-13 03:27:46.334   787  5982 W ActivityManager: Permission Denial: getCurrentUser() from pid=8704, uid=10004 requires android.permission.INTERACT_ACROSS_USERS
12-13 03:27:46.364   787  1111 I ActivityManager: Killing 4761:com.google.android.partnersetup/u0a11 (adj 15): empty #31
12-13 03:27:46.364   787   887 D PackageManager: return delete result to caller: 1127523360
12-13 03:27:46.364  8688  8688 D AndroidRuntime: Shutting down VM
12-13 03:27:46.364   787   887 D PackageManager: returnCode: true
12-13 03:27:46.374  8688  8697 D dalvikvm: GC_CONCURRENT freed 97K, 13% free 677K/776K, paused 1ms+0ms, total 4ms
12-13 03:27:46.374  8715  8738 D Documents: Loading roots for com.android.externalstorage.documents
12-13 03:27:46.374   787  5982 I ActivityManager: Killing 4779:com.policydm/1000 (adj 15): empty #31
12-13 03:27:46.384  3068  3068 D daemonapp: [MSC_Daemon]>>> AWDCDS:27 [0:0] AWD CD Act : androidintentactionPACKAGE_DATA_CLEARED
12-13 03:27:46.384  8739  8739 I SELinux : Function: selinux_android_load_priority [0], There is no sepolicy file.
12-13 03:27:46.384  8739  8739 I SELinux :  
12-13 03:27:46.384  8739  8739 I SELinux : Function: selinux_android_load_priority [1], There is no sepolicy version file.
12-13 03:27:46.384  8739  8739 I SELinux :  
12-13 03:27:46.384  8739  8739 I SELinux : Function: selinux_android_load_priority , priority version is VE=SEPF_SM-T530NU_4.4.2_0028
12-13 03:27:46.384  8739  8739 I SELinux :  
12-13 03:27:46.384  8739  8739 I SELinux :  
12-13 03:27:46.384  8739  8739 I SELinux : selinux_android_seapp_context_reload: seapp_contexts file is loaded from /seapp_contexts
12-13 03:27:46.414   787  1235 I ActivityManager: Killing 3773:com.sec.android.gallery3d/u0a33 (adj 15): empty #31
12-13 03:27:46.424  6462  8755 D Wear_Controller: Received broadcast action=android.intent.action.PACKAGE_DATA_CLEARED and uri=com.android.chrome
12-13 03:27:46.424  6462  8757 I LocationSettingsChecker: Removing dialog suppression flag for package com.android.chrome
12-13 03:27:46.444  6462  6502 I Icing   : doRemovePackageData com.android.chrome
12-13 03:27:46.454  2571  2571 I ContainerAgent: ContainerInstallerManagerService: ContainerInstallerManagerService onUnbind()
12-13 03:27:46.454  2571  2571 I ContainerAgent: ContainerInstallerManagerService: ContainerInstallerManagerService onDestroy()
12-13 03:27:46.464  8739  8739 D ExternalStorage: After updating volumes, found 1 active roots
12-13 03:27:46.474  8715  8715 D Documents: Updating roots due to change at content://com.android.externalstorage.documents/root
12-13 03:27:46.474   787  1255 W ActivityManager: Permission Denial: getCurrentUser() from pid=8739, uid=10005 requires android.permission.INTERACT_ACROSS_USERS
12-13 03:27:46.474  8715  8738 D Documents: Loading roots for com.android.providers.downloads.documents
12-13 03:27:46.484  8715  8738 D Documents: Loading roots for com.android.providers.media.documents
12-13 03:27:46.494  8715  8738 D Documents: Loading roots for com.google.android.apps.docs.storage
12-13 03:27:46.504  8715  8738 D Documents: Update found 6 roots in 130ms
12-13 03:27:46.504  8715  8762 D Documents: Loading roots for com.android.externalstorage.documents
12-13 03:27:46.514  8715  8762 D Documents: Used cached roots for com.android.providers.downloads.documents
12-13 03:27:46.514  8715  8762 D Documents: Used cached roots for com.android.providers.media.documents
12-13 03:27:46.514  8715  8762 D Documents: Loading roots for com.google.android.apps.docs.storage
12-13 03:27:46.514  8715  8762 D Documents: Update found 6 roots in 12ms
12-13 03:27:47.194   787   798 D BatteryService: level:100, scale:100, status:3, health:2, present:true, voltage: 4359, temperature: 221, technology: Li-ion, AC powered:false, USB powered:true, Wireless powered:false, icon:17303545, invalid charger:0, online:4, current avg:64, charge type:2, power sharing:false
12-13 03:27:47.194   787   787 D BatteryService: Sending ACTION_BATTERY_CHANGED.
12-13 03:27:47.194   992   992 D KeyguardUpdateMonitor: received broadcast android.intent.action.BATTERY_CHANGED
12-13 03:27:47.194   992   992 D KeyguardUpdateMonitor: handleBatteryUpdate
12-13 03:27:47.204  1818  1818 D DeviceManagerBroadcastReceiver: Updated Battery Level: 100
12-13 03:27:47.204  1818  1818 D DeviceManagerBroadcastReceiver: Action: android.intent.action.BATTERY_CHANGED
12-13 03:27:47.204  1818  1818 D DeviceManagerBroadcastReceiver: Set Alarm: false
12-13 03:27:47.204   992   992 D STATUSBAR-PhoneStatusBar:  mBrightnessEnablebySettings = true mBrightnessEnablebyBattery = true mBrightnessEnablebyDisableFlag = true mPmsBrightnessEnablebySettings = true
12-13 03:27:47.204   992   992 D STATUSBAR-IconMerger: checkOverflow(1092), More:false, Req:false Child:2
12-13 03:27:47.214   992   992 D BatteryMeterView: ACTION_BATTERY_CHANGED : level:100 status:3 health:2
12-13 03:27:47.304  8774  8774 D AndroidRuntime: 
12-13 03:27:47.304  8774  8774 D AndroidRuntime: >>>>>> AndroidRuntime START com.android.internal.os.RuntimeInit <<<<<<
12-13 03:27:47.314  8774  8774 D AndroidRuntime: CheckJNI is OFF
12-13 03:27:47.314  8774  8774 D AndroidRuntime: setted country_code = USA
12-13 03:27:47.314  8774  8774 D AndroidRuntime: setted countryiso_code = US
12-13 03:27:47.314  8774  8774 D AndroidRuntime: setted sales_code = BNN
12-13 03:27:47.314  8774  8774 D AndroidRuntime: readGMSProperty: start
12-13 03:27:47.314  8774  8774 D AndroidRuntime: readGMSProperty: already setted!!
12-13 03:27:47.314  8774  8774 D AndroidRuntime: readGMSProperty: end
12-13 03:27:47.314  8774  8774 D AndroidRuntime: addProductProperty: start
12-13 03:27:47.334  8774  8774 D dalvikvm: Trying to load lib libjavacore.so 0x0
12-13 03:27:47.334  8774  8774 D dalvikvm: Added shared lib libjavacore.so 0x0
12-13 03:27:47.344  8774  8774 D dalvikvm: Trying to load lib libnativehelper.so 0x0
12-13 03:27:47.344  8774  8774 D dalvikvm: Added shared lib libnativehelper.so 0x0
12-13 03:27:47.344  8774  8774 D dalvikvm: No JNI_OnLoad found in libnativehelper.so 0x0, skipping init
12-13 03:27:47.564  8774  8774 E memtrack: Couldn't load memtrack module (No such file or directory)
12-13 03:27:47.564  8774  8774 E android.os.Debug: failed to load memtrack module: -2
12-13 03:27:47.604  8774  8774 D dalvikvm: Note: class Landroid/app/ActivityManagerNative; has 192 unimplemented (abstract) methods
12-13 03:27:47.684  8774  8774 D AndroidRuntime: Calling main entry com.android.commands.pm.Pm
12-13 03:27:47.784   787  1194 V ApplicationPolicy: isApplicationStateBlocked userId 0 pkgname com.android.systemui
12-13 03:27:47.794   787  1194 V ApplicationPolicy: isApplicationStateBlocked userId 0 pkgname com.android.systemui
12-13 03:27:47.794  1141  1141 D ContainerEventsRelayManager: <<< Intent action is >>> : android.intent.action.PACKAGE_RESTARTED
12-13 03:27:47.794  1141  1141 D ContainerEventsRelayManager: <<< Intent data is   >>> : package:com.android.systemui
12-13 03:27:47.794   258   258 D keystore: calling clear_uid in state: 3
12-13 03:27:47.794   787   877 W WallpaperService: SimStatusVerifyandroid
12-13 03:27:47.794   787   877 D WallpaperService: WallpaperManagerService->SimStatusVerify slot  currSimId 0
12-13 03:27:47.794   787  1194 D PackageManager: START CLEAR APPLICATION USER DATA: observer{1124155664}
12-13 03:27:47.794   787  1194 D PackageManager: pkg{<packageName>}
12-13 03:27:47.794   787  1194 D PackageManager: user{0}
12-13 03:27:47.794   787   877 W WallpaperService: Wallpaper uninstalled, removing: ComponentInfo{com.android.systemui/com.android.systemui.ImageWallpaper}
12-13 03:27:47.794   787   887 D PackageManager: [MSG] CLEAR_APPLICATION_USER_DATA
12-13 03:27:47.794   787   877 V WallpaperService: deleteWallpaperFile. simSlot : 0
12-13 03:27:47.794   787   877 V WallpaperService: bindWallpaperComponentLocked: componentName=null
12-13 03:27:47.804  3068  3068 D daemonapp: [MSC_Daemon]>>> AWDCDS:27 [0:0] AWD CD Act : androidintentactionPACKAGE_RESTARTED
12-13 03:27:47.804  1141  1141 D ContainerEventsRelayManager: <<< Intent action is >>> : android.intent.action.PACKAGE_DATA_CLEARED
12-13 03:27:47.804  1141  1141 D ContainerEventsRelayManager: <<< Intent data is   >>> : package:com.android.systemui
12-13 03:27:47.804  5315  5315 I GeofencerStateMachine: removeGeofences: removeRequest=RemoveGeofencingRequest[REMOVE_ALL packageName=com.android.systemui]
12-13 03:27:47.804   787   877 V WallpaperService: Use default component wallpaper:null
12-13 03:27:47.804   787   877 V WallpaperService: Using image wallpaper
12-13 03:27:47.804   787   877 V WallpaperService: Binding to:ComponentInfo{com.android.systemui/com.android.systemui.ImageWallpaper}
12-13 03:27:47.814  8715  8793 D Documents: Used cached roots for com.android.externalstorage.documents
12-13 03:27:47.814  8715  8793 D Documents: Used cached roots for com.android.providers.downloads.documents
12-13 03:27:47.814  8715  8793 D Documents: Used cached roots for com.android.providers.media.documents
12-13 03:27:47.814  8715  8793 D Documents: Loading roots for com.google.android.apps.docs.storage
12-13 03:27:47.844  3068  3068 D daemonapp: [MSC_Daemon]>>> AWDCDS:27 [0:0] AWD CD Act : androidintentactionPACKAGE_DATA_CLEARED
12-13 03:27:47.844   787   877 V WallpaperService: Removing window token: android.os.Binder@441fc4a0
12-13 03:27:47.844   787   877 V WallpaperService: Adding window token: android.os.Binder@4319dc70
12-13 03:27:47.854   787   887 D PackageManager: return delete result to caller: 1124155664
12-13 03:27:47.854  8774  8774 D AndroidRuntime: Shutting down VM
12-13 03:27:47.854   787   887 D PackageManager: returnCode: true
12-13 03:27:47.864  8774  8786 D dalvikvm: GC_CONCURRENT freed 97K, 13% free 677K/776K, paused 0ms+1ms, total 4ms
12-13 03:27:47.904  6462  8754 D Wear_Controller: Received broadcast action=android.intent.action.PACKAGE_DATA_CLEARED and uri=com.android.systemui
12-13 03:27:47.904  6462  8756 I LocationSettingsChecker: Removing dialog suppression flag for package com.android.systemui
12-13 03:27:47.904  8715  8793 D Documents: Update found 6 roots in 87ms
12-13 03:27:47.914  6462  6502 I Icing   : doRemovePackageData com.android.systemui
12-13 03:27:48.034   787   787 D dalvikvm: GC_EXPLICIT freed 3063K, 47% free 23521K/44108K, paused 7ms+16ms, total 213ms
12-13 03:27:48.044   787   787 V WallpaperService: saveSettingsLocked(true)
12-13 03:27:48.044   243   243 I SurfaceFlinger: id=19 createSurf (1x1),2 flag=404, JmageWallpa
12-13 03:27:48.054   992   992 W WallpaperManager: peekWallpaperBitmapcom.android.systemui
12-13 03:27:48.054   992   992 W WallpaperManager: peekWallpaperBitmap: single sim
12-13 03:27:48.054   992   992 W WallpaperManager: peekWallpaperBitmap:mWallpaper is null
12-13 03:27:48.054   787  1253 W WallpaperService: SimStatusVerifyandroid
12-13 03:27:48.054   787  1253 D WallpaperService: WallpaperManagerService->SimStatusVerify slot  currSimId 0
12-13 03:27:48.054   992   992 E File    : fail readDirectory() errno=2
12-13 03:27:48.054   787  1253 V WallpaperService: callback register : android.app.IWallpaperManagerCallback$Stub$Proxy@43c62f38
12-13 03:27:48.054   787  1253 V WallpaperService: WallpaperManagerService  SimStatusFlag : 0 WALLPAPER_FILE:wallpaper is not existed
12-13 03:27:48.104   992   992 D dalvikvm: GC_FOR_ALLOC freed 16592K, 31% free 15265K/22100K, paused 39ms, total 39ms
12-13 03:27:48.124   992   992 I dalvikvm-heap: Grow heap (frag case) to 25.724MB for 8192016-byte allocation
12-13 03:27:48.154   992   996 D dalvikvm: GC_CONCURRENT freed 315K, 24% free 22950K/30104K, paused 2ms+4ms, total 27ms
12-13 03:27:48.384   992   992 D dalvikvm: GC_FOR_ALLOC freed 16K, 24% free 22934K/30104K, paused 20ms, total 20ms
12-13 03:27:48.394   992   992 I dalvikvm-heap: Grow heap (frag case) to 32.650MB for 6553616-byte allocation
12-13 03:27:48.474   243   474 I SurfaceFlinger: id=8 Removed JmageWallpa (5/12)
12-13 03:27:48.474   243  7179 I SurfaceFlinger: id=8 Removed JmageWallpa (-2/12)
12-13 03:27:48.624   787   863 D SensorService:   0.1 -0.0 9.8
12-13 03:27:48.744  8814  8814 D AndroidRuntime: 
12-13 03:27:48.744  8814  8814 D AndroidRuntime: >>>>>> AndroidRuntime START com.android.internal.os.RuntimeInit <<<<<<
12-13 03:27:48.754  8814  8814 D AndroidRuntime: CheckJNI is OFF
12-13 03:27:48.754  8814  8814 D AndroidRuntime: setted country_code = USA
12-13 03:27:48.754  8814  8814 D AndroidRuntime: setted countryiso_code = US
12-13 03:27:48.754  8814  8814 D AndroidRuntime: setted sales_code = BNN
12-13 03:27:48.754  8814  8814 D AndroidRuntime: readGMSProperty: start
12-13 03:27:48.754  8814  8814 D AndroidRuntime: readGMSProperty: already setted!!
12-13 03:27:48.754  8814  8814 D AndroidRuntime: readGMSProperty: end
12-13 03:27:48.754  8814  8814 D AndroidRuntime: addProductProperty: start
12-13 03:27:48.774  8814  8814 D dalvikvm: Trying to load lib libjavacore.so 0x0
12-13 03:27:48.784  8814  8814 D dalvikvm: Added shared lib libjavacore.so 0x0
12-13 03:27:48.784  8814  8814 D dalvikvm: Trying to load lib libnativehelper.so 0x0
12-13 03:27:48.784  8814  8814 D dalvikvm: Added shared lib libnativehelper.so 0x0
12-13 03:27:48.784  8814  8814 D dalvikvm: No JNI_OnLoad found in libnativehelper.so 0x0, skipping init
12-13 03:27:49.004  8814  8814 E memtrack: Couldn't load memtrack module (No such file or directory)
12-13 03:27:49.004  8814  8814 E android.os.Debug: failed to load memtrack module: -2
12-13 03:27:49.044  8814  8814 D dalvikvm: Note: class Landroid/app/ActivityManagerNative; has 192 unimplemented (abstract) methods
12-13 03:27:49.124  8814  8814 D AndroidRuntime: Calling main entry com.android.commands.pm.Pm
12-13 03:27:49.224   787  1253 V ApplicationPolicy: isApplicationStateBlocked userId 0 pkgname com.android.phone
12-13 03:27:49.234  1141  1141 D ContainerEventsRelayManager: <<< Intent action is >>> : android.intent.action.PACKAGE_RESTARTED
12-13 03:27:49.234  1141  1141 D ContainerEventsRelayManager: <<< Intent data is   >>> : package:com.android.phone
12-13 03:27:49.234   787  1253 V ApplicationPolicy: isApplicationStateBlocked userId 0 pkgname com.android.phone
12-13 03:27:49.234   787  1253 D PackageManager: START CLEAR APPLICATION USER DATA: observer{1127982416}
12-13 03:27:49.234   787  1253 D PackageManager: pkg{<packageName>}
12-13 03:27:49.234   787  1253 D PackageManager: user{0}
12-13 03:27:49.244  1141  1141 D ContainerEventsRelayManager: <<< Intent action is >>> : android.intent.action.PACKAGE_DATA_CLEARED
12-13 03:27:49.244  1141  1141 D ContainerEventsRelayManager: <<< Intent data is   >>> : package:com.android.phone
12-13 03:27:49.244  3068  3068 D daemonapp: [MSC_Daemon]>>> AWDCDS:27 [0:0] AWD CD Act : androidintentactionPACKAGE_RESTARTED
12-13 03:27:49.244  5315  5315 I GeofencerStateMachine: removeGeofences: removeRequest=RemoveGeofencingRequest[REMOVE_ALL packageName=com.android.phone]
12-13 03:27:49.244   787   887 D PackageManager: [MSG] CLEAR_APPLICATION_USER_DATA
12-13 03:27:49.254  8715  8833 D Documents: Used cached roots for com.android.externalstorage.documents
12-13 03:27:49.254  8715  8833 D Documents: Used cached roots for com.android.providers.downloads.documents
12-13 03:27:49.254  8715  8833 D Documents: Used cached roots for com.android.providers.media.documents
12-13 03:27:49.254  8715  8833 D Documents: Loading roots for com.google.android.apps.docs.storage
12-13 03:27:49.254   258   258 D keystore: calling clear_uid in state: 3
12-13 03:27:49.274  8715  8833 D Documents: Update found 6 roots in 23ms
12-13 03:27:49.274   787   887 D PackageManager: return delete result to caller: 1127982416
12-13 03:27:49.274  8814  8814 D AndroidRuntime: Shutting down VM
12-13 03:27:49.274   787   887 D PackageManager: returnCode: true
12-13 03:27:49.284  8814  8827 D dalvikvm: GC_CONCURRENT freed 97K, 13% free 677K/776K, paused 0ms+0ms, total 3ms
12-13 03:27:49.284  3068  3068 D daemonapp: [MSC_Daemon]>>> AWDCDS:27 [0:0] AWD CD Act : androidintentactionPACKAGE_DATA_CLEARED
12-13 03:27:49.304  6462  8758 D Wear_Controller: Received broadcast action=android.intent.action.PACKAGE_DATA_CLEARED and uri=com.android.phone
12-13 03:27:49.304  6462  8570 I LocationSettingsChecker: Removing dialog suppression flag for package com.android.phone
12-13 03:27:49.334  6462  6502 I Icing   : doRemovePackageData com.android.phone
12-13 03:27:49.364  6462  6466 D dalvikvm: GC_CONCURRENT freed 2129K, 51% free 7559K/15220K, paused 3ms+5ms, total 42ms
12-13 03:27:50.204  8855  8855 D AndroidRuntime: 
12-13 03:27:50.204  8855  8855 D AndroidRuntime: >>>>>> AndroidRuntime START com.android.internal.os.RuntimeInit <<<<<<
12-13 03:27:50.204  8855  8855 D AndroidRuntime: CheckJNI is OFF
12-13 03:27:50.204  8855  8855 D AndroidRuntime: setted country_code = USA
12-13 03:27:50.214  8855  8855 D AndroidRuntime: setted countryiso_code = US
12-13 03:27:50.214  8855  8855 D AndroidRuntime: setted sales_code = BNN
12-13 03:27:50.214  8855  8855 D AndroidRuntime: readGMSProperty: start
12-13 03:27:50.214  8855  8855 D AndroidRuntime: readGMSProperty: already setted!!
12-13 03:27:50.214  8855  8855 D AndroidRuntime: readGMSProperty: end
12-13 03:27:50.214  8855  8855 D AndroidRuntime: addProductProperty: start
12-13 03:27:50.224  8855  8855 D dalvikvm: Trying to load lib libjavacore.so 0x0
12-13 03:27:50.234  8855  8855 D dalvikvm: Added shared lib libjavacore.so 0x0
12-13 03:27:50.234  8855  8855 D dalvikvm: Trying to load lib libnativehelper.so 0x0
12-13 03:27:50.234  8855  8855 D dalvikvm: Added shared lib libnativehelper.so 0x0
12-13 03:27:50.234  8855  8855 D dalvikvm: No JNI_OnLoad found in libnativehelper.so 0x0, skipping init
12-13 03:27:50.454  8855  8855 E memtrack: Couldn't load memtrack module (No such file or directory)
12-13 03:27:50.454  8855  8855 E android.os.Debug: failed to load memtrack module: -2
12-13 03:27:50.494  8855  8855 D dalvikvm: Note: class Landroid/app/ActivityManagerNative; has 192 unimplemented (abstract) methods
12-13 03:27:50.574  8855  8855 D AndroidRuntime: Calling main entry com.android.commands.pm.Pm
12-13 03:27:50.674   787   797 V ApplicationPolicy: isApplicationStateBlocked userId 0 pkgname com.google.android.apps.maps
12-13 03:27:50.674   787   797 I ActivityManager: Killing 7720:com.google.android.apps.maps/u0a86 (adj 15): stop com.google.android.apps.maps
12-13 03:27:50.684  1141  1141 D ContainerEventsRelayManager: <<< Intent action is >>> : android.intent.action.PACKAGE_RESTARTED
12-13 03:27:50.684  1141  1141 D ContainerEventsRelayManager: <<< Intent data is   >>> : package:com.google.android.apps.maps
12-13 03:27:50.694   787   797 V ApplicationPolicy: isApplicationStateBlocked userId 0 pkgname com.google.android.apps.maps
12-13 03:27:50.694   787   797 D PackageManager: START CLEAR APPLICATION USER DATA: observer{1141565128}
12-13 03:27:50.694   787   797 D PackageManager: pkg{<packageName>}
12-13 03:27:50.694   787   797 D PackageManager: user{0}
12-13 03:27:50.704  3068  3068 D daemonapp: [MSC_Daemon]>>> AWDCDS:27 [0:0] AWD CD Act : androidintentactionPACKAGE_RESTARTED
12-13 03:27:50.704  1141  1141 D ContainerEventsRelayManager: <<< Intent action is >>> : android.intent.action.PACKAGE_DATA_CLEARED
12-13 03:27:50.704  1141  1141 D ContainerEventsRelayManager: <<< Intent data is   >>> : package:com.google.android.apps.maps
12-13 03:27:50.704   787   887 D PackageManager: [MSG] CLEAR_APPLICATION_USER_DATA
12-13 03:27:50.714  5315  5315 I GeofencerStateMachine: removeGeofences: removeRequest=RemoveGeofencingRequest[REMOVE_ALL packageName=com.google.android.apps.maps]
12-13 03:27:50.714  8715  8871 D Documents: Used cached roots for com.android.externalstorage.documents
12-13 03:27:50.714  8715  8871 D Documents: Used cached roots for com.android.providers.downloads.documents
12-13 03:27:50.714  8715  8871 D Documents: Used cached roots for com.android.providers.media.documents
12-13 03:27:50.714  8715  8871 D Documents: Loading roots for com.google.android.apps.docs.storage
12-13 03:27:50.734  3068  3068 D daemonapp: [MSC_Daemon]>>> AWDCDS:27 [0:0] AWD CD Act : androidintentactionPACKAGE_DATA_CLEARED
12-13 03:27:50.754  6462  8755 D Wear_Controller: Received broadcast action=android.intent.action.PACKAGE_DATA_CLEARED and uri=com.google.android.apps.maps
12-13 03:27:50.754  6462  8758 I LocationSettingsChecker: Removing dialog suppression flag for package com.google.android.apps.maps
12-13 03:27:50.784   258   258 D keystore: calling clear_uid in state: 3
12-13 03:27:50.784  8715  8871 D Documents: Update found 6 roots in 78ms
12-13 03:27:50.794  6462  6502 I Icing   : doRemovePackageData com.google.android.apps.maps
12-13 03:27:50.794   787   887 D PackageManager: return delete result to caller: 1141565128
12-13 03:27:50.794  8855  8855 D AndroidRuntime: Shutting down VM
12-13 03:27:50.794   787   887 D PackageManager: returnCode: true
12-13 03:27:50.804  8855  8865 D dalvikvm: GC_CONCURRENT freed 97K, 13% free 677K/776K, paused 0ms+1ms, total 3ms
12-13 03:27:51.314   787   876 W ProcessCpuTracker: Skipping unknown process pid 8858
12-13 03:27:51.324   787   876 W ProcessCpuTracker: Skipping unknown process pid 8859
12-13 03:27:51.324   787   876 W ProcessCpuTracker: Skipping unknown process pid 8861
12-13 03:27:51.324   787   876 W ProcessCpuTracker: Skipping unknown process pid 8891
12-13 03:27:51.694  8894  8894 D AndroidRuntime: 
12-13 03:27:51.694  8894  8894 D AndroidRuntime: >>>>>> AndroidRuntime START com.android.internal.os.RuntimeInit <<<<<<
12-13 03:27:51.694  8894  8894 D AndroidRuntime: CheckJNI is OFF
12-13 03:27:51.694  8894  8894 D AndroidRuntime: setted country_code = USA
12-13 03:27:51.694  8894  8894 D AndroidRuntime: setted countryiso_code = US
12-13 03:27:51.694  8894  8894 D AndroidRuntime: setted sales_code = BNN
12-13 03:27:51.694  8894  8894 D AndroidRuntime: readGMSProperty: start
12-13 03:27:51.694  8894  8894 D AndroidRuntime: readGMSProperty: already setted!!
12-13 03:27:51.694  8894  8894 D AndroidRuntime: readGMSProperty: end
12-13 03:27:51.694  8894  8894 D AndroidRuntime: addProductProperty: start
12-13 03:27:51.714  8894  8894 D dalvikvm: Trying to load lib libjavacore.so 0x0
12-13 03:27:51.714  8894  8894 D dalvikvm: Added shared lib libjavacore.so 0x0
12-13 03:27:51.724  8894  8894 D dalvikvm: Trying to load lib libnativehelper.so 0x0
12-13 03:27:51.724  8894  8894 D dalvikvm: Added shared lib libnativehelper.so 0x0
12-13 03:27:51.724  8894  8894 D dalvikvm: No JNI_OnLoad found in libnativehelper.so 0x0, skipping init
12-13 03:27:51.924   787   863 D SensorService:   0.1 -0.1 9.8
12-13 03:27:51.944  8894  8894 E memtrack: Couldn't load memtrack module (No such file or directory)
12-13 03:27:51.944  8894  8894 E android.os.Debug: failed to load memtrack module: -2
12-13 03:27:51.984  8894  8894 D dalvikvm: Note: class Landroid/app/ActivityManagerNative; has 192 unimplemented (abstract) methods
12-13 03:27:52.054  8894  8894 D AndroidRuntime: Calling main entry com.android.commands.pm.Pm
12-13 03:27:52.154   787  5769 V ApplicationPolicy: isApplicationStateBlocked userId 0 pkgname com.android.settings
12-13 03:27:52.154   787  5769 I ActivityManager: Killing 3980:com.samsung.android.MtpApplication/1000 (adj 2): stop com.android.settings
12-13 03:27:52.154   787  5769 I ActivityManager: Killing 3681:com.android.settings/1000 (adj 15): stop com.android.settings
12-13 03:27:52.174   787  1253 I WindowState: WIN DEATH: Window{42da7770 u0 com.android.settings/com.android.settings.SettingsReceiverActivity}
12-13 03:27:52.174   787  5769 V ApplicationPolicy: isApplicationStateBlocked userId 0 pkgname com.android.settings
12-13 03:27:52.174   243   477 I SurfaceFlinger: id=14 Removed EimLayer (3/11)
12-13 03:27:52.174   243   477 I SurfaceFlinger: id=13 Removed EimLayer (7/10)
12-13 03:27:52.174   243   477 I SurfaceFlinger: id=14 Removed EimLayer (-2/10)
12-13 03:27:52.174   243   477 I SurfaceFlinger: id=13 Removed EimLayer (-2/10)
12-13 03:27:52.174   787  5769 D PackageManager: START CLEAR APPLICATION USER DATA: observer{1112513680}
12-13 03:27:52.174   787  5769 D PackageManager: pkg{<packageName>}
12-13 03:27:52.174   787  5769 D PackageManager: user{0}
12-13 03:27:52.174   787   887 D PackageManager: [MSG] CLEAR_APPLICATION_USER_DATA
12-13 03:27:52.194  1141  1141 D ContainerEventsRelayManager: <<< Intent action is >>> : android.intent.action.PACKAGE_RESTARTED
12-13 03:27:52.194  1141  1141 D ContainerEventsRelayManager: <<< Intent data is   >>> : package:com.android.settings
12-13 03:27:52.194   258   258 D keystore: calling clear_uid in state: 3
12-13 03:27:52.194  3068  3068 D daemonapp: [MSC_Daemon]>>> AWDCDS:27 [0:0] AWD CD Act : androidintentactionPACKAGE_RESTARTED
12-13 03:27:52.204  1141  1141 D ContainerEventsRelayManager: <<< Intent action is >>> : android.intent.action.PACKAGE_DATA_CLEARED
12-13 03:27:52.204  1141  1141 D ContainerEventsRelayManager: <<< Intent data is   >>> : package:com.android.settings
12-13 03:27:52.204  5315  5315 I GeofencerStateMachine: removeGeofences: removeRequest=RemoveGeofencingRequest[REMOVE_ALL packageName=com.android.settings]
12-13 03:27:52.214  8715  8738 D Documents: Used cached roots for com.android.externalstorage.documents
12-13 03:27:52.214  8715  8738 D Documents: Used cached roots for com.android.providers.downloads.documents
