12-13 01:29:14.543  2902  2902 I SQLiteSecureOpenHelper: getWritableDatabase(pwd)
12-13 01:29:14.543  2902  2902 I SQLiteSecureOpenHelper: getDatabaseLocked(b,b,pwd)...
12-13 01:29:14.553 15944 15944 I SELinux : Function: selinux_android_load_priority , spota verifySig and checkHash pass. priority version is VE=SEPF_SM-G900T_4.4.2_0055
12-13 01:29:14.553 15944 15944 I SELinux :  
12-13 01:29:14.553 15944 15944 I SELinux :  
12-13 01:29:14.553 15944 15944 I SELinux : selinux_android_seapp_context_reload: seapp_contexts file is loaded from /data/security/spota/seapp_contexts
12-13 01:29:14.553 15944 15944 E dalvikvm: >>>>> Normal User
12-13 01:29:14.553 15944 15944 E dalvikvm: >>>>> com.sec.android.fotaclient [ userId:0 | appId:10014 ]
12-13 01:29:14.583  2902  2902 I SQLiteSecureOpenHelper: getWritableDatabase(pwd)
12-13 01:29:14.583  2902  2902 I SQLiteSecureOpenHelper: getDatabaseLocked(b,b,pwd)...
12-13 01:29:14.613   717  1403 I ActivityManager: Killing 15437:com.google.android.gms.ui/u0a15 (adj 15): empty #31
12-13 01:29:14.613  2902  2902 I SQLiteSecureOpenHelper: getWritableDatabase(pwd)
12-13 01:29:14.613  2902  2902 I SQLiteSecureOpenHelper: getDatabaseLocked(b,b,pwd)...
12-13 01:29:14.633 15944 15944 D FOTA_Client: [FotaRegisterReceiver.java(Line:85/Method:onReceive)] Receive broadcast meassage:android.net.conn.CONNECTIVITY_CHANGE
12-13 01:29:14.633 15944 15944 I FOTA_Client: [FotaRegisterReceiver.java] Already device registered...
12-13 01:29:14.633 15944 15944 D FOTA_Client: [FotaUpdaterReceiver.java(Line:80/Method:onReceive)] Receive broadcast meassage:android.net.conn.CONNECTIVITY_CHANGE
12-13 01:29:14.633 15944 15944 I FOTA_Client: [FotaUpdaterReceiver.java] Auto update settings is activated
12-13 01:29:14.643 15944 15944 I FOTA_Client: [Polling.java] Polling time is not vaild
12-13 01:29:14.643 15944 15944 I FOTA_Client: [FotaUpdaterReceiver.java] Heartbeat settings is activated.
12-13 01:29:14.643 15944 15944 I FOTA_Client: [Heartbeat.java] heartbeat time is vaild
12-13 01:29:14.643   717  1819 I ActivityManager: Killing 15389:com.google.android.apps.docs/u0a102 (adj 15): empty #31
12-13 01:29:14.653  2902  2902 I SQLiteSecureOpenHelper: getWritableDatabase(pwd)
12-13 01:29:14.653  2902  2902 I SQLiteSecureOpenHelper: getDatabaseLocked(b,b,pwd)...
12-13 01:29:14.693  2902  2902 I SQLiteSecureOpenHelper: getWritableDatabase(pwd)
12-13 01:29:14.693  2902  2902 I SQLiteSecureOpenHelper: getDatabaseLocked(b,b,pwd)...
12-13 01:29:14.693 15588 15588 I KLMS-2.3.164 : : MainReciver() : EventNotificationReciver- method called: AppActivityListner onReceive for Intent Action : android.net.conn.CONNECTIVITY_CHANGE , timestamp: 1513135754711
12-13 01:29:14.703 15588 15588 I KLMS-2.3.164 : : KLMSUtility() : isNetworkAvailable() - WIFI : false| MOBILE : false
12-13 01:29:14.733 15957 15957 I SELinux : Function: selinux_android_load_priority [0], There is no sepolicy file.
12-13 01:29:14.733 15957 15957 I SELinux :  
12-13 01:29:14.753  2902  2902 I SQLiteSecureOpenHelper: getWritableDatabase(pwd)
12-13 01:29:14.753  2902  2902 I SQLiteSecureOpenHelper: getDatabaseLocked(b,b,pwd)...
12-13 01:29:14.763 15957 15957 I SELinux : Function: selinux_android_load_priority , spota verifySig and checkHash pass. priority version is VE=SEPF_SM-G900T_4.4.2_0055
12-13 01:29:14.763 15957 15957 I SELinux :  
12-13 01:29:14.763 15957 15957 I SELinux :  
12-13 01:29:14.763 15957 15957 I SELinux : selinux_android_seapp_context_reload: seapp_contexts file is loaded from /data/security/spota/seapp_contexts
12-13 01:29:14.763 15957 15957 E dalvikvm: >>>>> Normal User
12-13 01:29:14.763 15957 15957 E dalvikvm: >>>>> com.policydm [ userId:0 | appId:1000 ]
12-13 01:29:14.793  2902  2902 I SQLiteSecureOpenHelper: getWritableDatabase(pwd)
12-13 01:29:14.793  2902  2902 I SQLiteSecureOpenHelper: getDatabaseLocked(b,b,pwd)...
12-13 01:29:14.803  7789  7793 D dalvikvm: GC_CONCURRENT freed 1960K, 36% free 17334K/26744K, paused 1ms+2ms, total 18ms
12-13 01:29:14.823  2902  2902 I SQLiteSecureOpenHelper: getWritableDatabase(pwd)
12-13 01:29:14.823  2902  2902 I SQLiteSecureOpenHelper: getDatabaseLocked(b,b,pwd)...
12-13 01:29:14.863  2902  2902 I SQLiteSecureOpenHelper: getWritableDatabase(pwd)
12-13 01:29:14.863  2902  2902 I SQLiteSecureOpenHelper: getDatabaseLocked(b,b,pwd)...
12-13 01:29:14.893  2902  2902 I SQLiteSecureOpenHelper: getWritableDatabase(pwd)
12-13 01:29:14.893  2902  2902 I SQLiteSecureOpenHelper: getDatabaseLocked(b,b,pwd)...
12-13 01:29:14.933   717  1285 D dalvikvm: JIT code cache reset in 7 ms (1535988 bytes 3/0)
12-13 01:29:14.943  2902  2902 I SQLiteSecureOpenHelper: getWritableDatabase(pwd)
12-13 01:29:14.943  2902  2902 I SQLiteSecureOpenHelper: getDatabaseLocked(b,b,pwd)...
12-13 01:29:14.963   717  1285 D dalvikvm: GC_EXPLICIT freed 12072K, 30% free 47690K/67888K, paused 4ms+17ms, total 174ms
12-13 01:29:14.993  2902  2902 I SQLiteSecureOpenHelper: getWritableDatabase(pwd)
12-13 01:29:14.993  2902  2902 I SQLiteSecureOpenHelper: getDatabaseLocked(b,b,pwd)...
12-13 01:29:15.013   717   968 I ServiceKeeper: In getappinfo pid = 717 pkgName = android appinfo = null
12-13 01:29:15.013   717   968 I ServiceKeeper: In getseinfo pid = 717 uid = 1000 seinfo= system
12-13 01:29:15.023   717   968 I ServiceKeeper: In getappinfo pid = 717 pkgName = android appinfo = null
12-13 01:29:15.023   717   968 I ServiceKeeper: In getseinfo pid = 717 uid = 1000 seinfo= system
12-13 01:29:15.033  2902  2902 I SQLiteSecureOpenHelper: getWritableDatabase(pwd)
12-13 01:29:15.033  2902  2902 I SQLiteSecureOpenHelper: getDatabaseLocked(b,b,pwd)...
12-13 01:29:15.043 13683 13683 I SA      : [OR] onReceive log=[SA = 2.0.0095 V = 19 HWD = 1920X1080 3.0 dpi = 480  SIZE = 2 LOCALE = en_US CSC = TMB MCC = 0 MNC 0 T = user DEVICE = kltetmo P = kltetmo I = KOT49H M = SM-G900T OKLEFT false DIS KOT49H.G900TUVU1CNK2 PSS = 5.219788042639568  ]
12-13 01:29:15.043 13683 13683 I SA      : [BDLM] already registered in spp
12-13 01:29:15.043 13683 13683 I SA      : [OR] onReceive Intent=[ conn.CONNECTIVITY_CHANGE. ]
12-13 01:29:15.043 13683 13683 I SA      : [OR] == ACTION_CONNECTIVITY_CHANGE ==
12-13 01:29:15.053 13683 13683 I SA      : [TPMU]  strSIMState 	:SIM_STATE_ABSENT
12-13 01:29:15.053 13683 13683 I SA      : [OR] == isSIMCardReady false ==
12-13 01:29:15.053 13683 13683 I SA      : [SCU] == networkStateCheck == false
12-13 01:29:15.053 13683 13683 I SA      : [OR] onReceive END
12-13 01:29:15.053   717  1819 I ActivityManager: Killing 15486:com.android.musicfx/u0a28 (adj 15): empty #31
12-13 01:29:15.063  1247  1247 D PhoneNumberLocatorBootCompletedReceiver: onReceive
12-13 01:29:15.063  1247  1247 D PhoneNumberLocatorBootCompletedReceiver: Phone number locator feature is dsiabled
12-13 01:29:15.093  2902  2902 I SQLiteSecureOpenHelper: getWritableDatabase(pwd)
12-13 01:29:15.093  2902  2902 I SQLiteSecureOpenHelper: getDatabaseLocked(b,b,pwd)...
12-13 01:29:15.093 15976 15976 I SELinux : Function: selinux_android_load_priority [0], There is no sepolicy file.
12-13 01:29:15.093 15976 15976 I SELinux :  
12-13 01:29:15.123 15976 15976 I SELinux : Function: selinux_android_load_priority , spota verifySig and checkHash pass. priority version is VE=SEPF_SM-G900T_4.4.2_0055
12-13 01:29:15.123 15976 15976 I SELinux :  
12-13 01:29:15.123 15976 15976 I SELinux :  
12-13 01:29:15.123 15976 15976 I SELinux : selinux_android_seapp_context_reload: seapp_contexts file is loaded from /data/security/spota/seapp_contexts
12-13 01:29:15.123 15976 15976 E dalvikvm: >>>>> Normal User
12-13 01:29:15.123 15976 15976 E dalvikvm: >>>>> com.samsung.android.scloud.backup [ userId:0 | appId:10069 ]
12-13 01:29:15.123  2902  2902 I SQLiteSecureOpenHelper: getWritableDatabase(pwd)
12-13 01:29:15.123  2902  2902 I SQLiteSecureOpenHelper: getDatabaseLocked(b,b,pwd)...
12-13 01:29:15.173  2902  2902 I SQLiteSecureOpenHelper: getWritableDatabase(pwd)
12-13 01:29:15.173  2902  2902 I SQLiteSecureOpenHelper: getDatabaseLocked(b,b,pwd)...
12-13 01:29:15.193 15976 15976 I sCloudBackupApp: sCloudBackupApp Version Info : 3.3.0.KK_APP
12-13 01:29:15.193 15976 15976 I SCloudBackupReceiver: Other Intent
12-13 01:29:15.203  1608  1608 D com.samsung.app: [KK_EASY_Accu]>>> WC:28 [0:0] action : androidnetconnCONNECTIVITY_CHANGE
12-13 01:29:15.203  1608  1608 D com.samsung.app: [KK_EASY_Accu]>>> UIMEM:104 [0:0] The widget does not exist in idle!!
12-13 01:29:15.203   717  1272 I ActivityManager: Killing 15713:com.android.providers.calendar/u0a48 (adj 15): empty #31
12-13 01:29:15.203  2902  2902 I SQLiteSecureOpenHelper: getWritableDatabase(pwd)
12-13 01:29:15.213  2902  2902 I SQLiteSecureOpenHelper: getDatabaseLocked(b,b,pwd)...
12-13 01:29:15.243 15990 15990 I SELinux : Function: selinux_android_load_priority [0], There is no sepolicy file.
12-13 01:29:15.243 15990 15990 I SELinux :  
12-13 01:29:15.263   269   269 D dalvikvm: GC_EXPLICIT freed 44K, 38% free 16811K/26744K, paused 1ms+2ms, total 20ms
12-13 01:29:15.263  2902  2902 I SQLiteSecureOpenHelper: getWritableDatabase(pwd)
12-13 01:29:15.263  2902  2902 I SQLiteSecureOpenHelper: getDatabaseLocked(b,b,pwd)...
12-13 01:29:15.273 15990 15990 I SELinux : Function: selinux_android_load_priority , spota verifySig and checkHash pass. priority version is VE=SEPF_SM-G900T_4.4.2_0055
12-13 01:29:15.273 15990 15990 I SELinux :  
12-13 01:29:15.273 15990 15990 I SELinux :  
12-13 01:29:15.273 15990 15990 I SELinux : selinux_android_seapp_context_reload: seapp_contexts file is loaded from /data/security/spota/seapp_contexts
12-13 01:29:15.273 15990 15990 E dalvikvm: >>>>> Normal User
12-13 01:29:15.273 15990 15990 E dalvikvm: >>>>> com.android.chrome [ userId:0 | appId:10094 ]
12-13 01:29:15.273   269   269 D dalvikvm: GC_EXPLICIT freed <1K, 38% free 16811K/26744K, paused 1ms+2ms, total 13ms
12-13 01:29:15.293   269   269 D dalvikvm: GC_EXPLICIT freed <1K, 38% free 16811K/26744K, paused 1ms+1ms, total 14ms
12-13 01:29:15.303  2902  2902 I SQLiteSecureOpenHelper: getWritableDatabase(pwd)
12-13 01:29:15.303  2902  2902 I SQLiteSecureOpenHelper: getDatabaseLocked(b,b,pwd)...
12-13 01:29:15.303 15990 15990 W ActivityThread: Application com.android.chrome can be debugged on port 8100...
12-13 01:29:15.323 12515 16004 D Aatp    : /task/e5899a46ed0c1d1afb489bdcb0b62a5839bc0eb7/status
12-13 01:29:15.323   717  1819 I ActivityManager: Killing 14560:com.samsung.android.app.galaxyfinder/u0a39 (adj 15): empty #31
12-13 01:29:15.333 13844 13844 D Headlines: HeadlinesSystemBroadcastReceiver onReceive android.net.conn.CONNECTIVITY_CHANGE
12-13 01:29:15.333 13844 13844 D HeadlinesChannelUtil: getCountryCode(): countryCode = US
12-13 01:29:15.333 13844 13844 D Headlines: Breath.onStartCommand : com.samsung.android.internal.headlines.UPDATE_WELCOME_CARD flag : 0
12-13 01:29:15.333 13844 13844 D Headlines: [requestUpdateNewsWelcomeCard] request update welcome card to content card.
12-13 01:29:15.333 13844 13844 D HeadlinesDataCenter: requestUpdateNewsWelcomeCard !!! no welcome card
12-13 01:29:15.343  3789  3789 D QuickConnect: PeriphStartReceiver.onReceive - android.net.conn.CONNECTIVITY_CHANGE
12-13 01:29:15.343  3789  3789 I QuickConnect: PeriphStartReceiver.onReceive - USER_OWNER care CONNECTIVITY_ACTION. run P service
12-13 01:29:15.343  3789  3789 V QuickConnect: SconnectManager.getInstance - () return existing instance com.samsung.android.sconnect.SconnectManager@42961930
12-13 01:29:15.353  2902  2902 I SQLiteSecureOpenHelper: getWritableDatabase(pwd)
12-13 01:29:15.353  2902  2902 I SQLiteSecureOpenHelper: getDatabaseLocked(b,b,pwd)...
12-13 01:29:15.353   717   968 I ServiceKeeper: In getappinfo pid = 717 pkgName = android appinfo = null
12-13 01:29:15.353   717   968 I ServiceKeeper: In getseinfo pid = 717 uid = 1000 seinfo= system
12-13 01:29:15.363 16005 16005 I SELinux : Function: selinux_android_load_priority [0], There is no sepolicy file.
12-13 01:29:15.363 16005 16005 I SELinux :  
12-13 01:29:15.373   717   968 I ServiceKeeper: In getappinfo pid = 717 pkgName = android appinfo = null
12-13 01:29:15.373   717   968 I ServiceKeeper: In getseinfo pid = 717 uid = 1000 seinfo= system
12-13 01:29:15.383  2902  2902 I SQLiteSecureOpenHelper: getWritableDatabase(pwd)
12-13 01:29:15.383  2902  2902 I SQLiteSecureOpenHelper: getDatabaseLocked(b,b,pwd)...
12-13 01:29:15.393 16005 16005 I SELinux : Function: selinux_android_load_priority , spota verifySig and checkHash pass. priority version is VE=SEPF_SM-G900T_4.4.2_0055
12-13 01:29:15.393 16005 16005 I SELinux :  
12-13 01:29:15.393 16005 16005 I SELinux :  
12-13 01:29:15.393 16005 16005 I SELinux : selinux_android_seapp_context_reload: seapp_contexts file is loaded from /data/security/spota/seapp_contexts
12-13 01:29:15.393 16005 16005 E dalvikvm: >>>>> Normal User
12-13 01:29:15.393 16005 16005 E dalvikvm: >>>>> com.android.email [ userId:0 | appId:10178 ]
12-13 01:29:15.413 12515 16016 D Aatp    : /bluetooth
12-13 01:29:15.423  2902  2902 I SQLiteSecureOpenHelper: getWritableDatabase(pwd)
12-13 01:29:15.423  2902  2902 I SQLiteSecureOpenHelper: getDatabaseLocked(b,b,pwd)...
12-13 01:29:15.423 12515 16016 D Aatp    : sha1: 1fdf0c6cbc0514d0b0d6fcf2e3de1f6b1de53270
12-13 01:29:15.423 12515 16016 D AatpDeviceManager: k: enabled v: False
12-13 01:29:15.423 12515 16016 D AatpDeviceManager: k: NanoHttpd.QUERY_STRING v: enabled=False
12-13 01:29:15.433 12515 12515 D AatpDeviceManager: taskStatus update (1fdf0c6cbc0514d0b0d6fcf2e3de1f6b1de53270: {"state":1})
12-13 01:29:15.433 12515 16019 D AWSDeviceFarmAndroidLib: setEnabled: enabled: false
12-13 01:29:15.433 12515 16019 D AWSDeviceFarmAndroidLib: setEnabled: setting bluetooth to: false
12-13 01:29:15.433 12515 16016 D Aatp    : /task/1fdf0c6cbc0514d0b0d6fcf2e3de1f6b1de53270
12-13 01:29:15.433   717   717 W ContextImpl: Calling a method in the system process without a qualified user: android.app.ContextImpl.sendBroadcast:1505 com.android.server.StatusBarManagerService.sendNotification:985 com.android.server.StatusBarManagerService.addNotification:674 com.android.server.NotificationManagerService$7.run:2142 android.os.Handler.handleCallback:733 
12-13 01:29:15.433   717   717 D STATUSBAR-StatusBarManagerService: sendNotification(1) - 1096041563
12-13 01:29:15.443  1704 13191 D BluetoothAdapterService(1117226832): unRegister RemoteMessageListener
12-13 01:29:15.443  1704 13191 D HeadsetService: getHeadsetService(): returning com.android.bluetooth.hfp.HeadsetService@42971760
12-13 01:29:15.443  1704 13191 D HeadsetService: registerMessageListener
12-13 01:29:15.443  1704  3833 D BluetoothAdapterState: CURRENT_STATE=ON, MSG = USER_TURN_OFF
12-13 01:29:15.443  1704  3833 I BluetoothAdapterState: Bluetooth adapter state changed: 12-> 13
12-13 01:29:15.443  1704  3833 D BluetoothAdapterService: Bluetooth PBAP supproted is true
12-13 01:29:15.443  1704  3833 D BluetoothAdapterService: updateAdapterState state is 13
12-13 01:29:15.443  1704 13192 D HeadsetStateMachine: Disconnected process message: 80
12-13 01:29:15.443  1704 13192 D HeadsetStateMachine: processUnRegisterMessageListener : 2
12-13 01:29:15.443  1704  3833 D BluetoothAdapterService: Broadcasting updateAdapterState() to 1 receivers.
12-13 01:29:15.443  1704  1704 I BluetoothPbapService: action: android.bluetooth.adapter.action.STATE_CHANGED, state: 13
12-13 01:29:15.443  1704  3833 D BluetoothAdapterService: Autoconnection is available 
12-13 01:29:15.443  1704  3833 D BluetoothAdapterService: updateAdapterState prevState = 12newState = 13
12-13 01:29:15.443  1704  3833 D BluetoothAdapterService: terminating service from this receiver
12-13 01:29:15.443  1704  3852 E bt-btif : bta_jv_rfcomm_stop_server
12-13 01:29:15.443  1704  3833 W ContextImpl: Implicit intents with startService are not safe: Intent { act=com.samsung.ble.ACTION_SERVICE_BLE_AUTO_CONNECT } android.content.ContextWrapper.stopService:511 com.android.bluetooth.btservice.AdapterService.updateAdapterState:657 com.android.bluetooth.btservice.AdapterState.notifyAdapterStateChange:586 
12-13 01:29:15.443  1067  1067 D ProgressBar: setProgressDrawable drawableHeight = 0
12-13 01:29:15.453  1704  3852 D GKI_LINUX: acquire_my_wake_lock(), g_wake_lock_fd:89, g_wake_unlock_fd:90, wake_lock_acquired:0
12-13 01:29:15.453 13282 13282 D BluetoothPbap: Proxy object disconnected
12-13 01:29:15.453 13282 13282 D PbapServerProfile: Bluetooth service disconnected
12-13 01:29:15.453  1704  3851 D bt_vendor: op for 7
12-13 01:29:15.453  1704  3833 I BluetoothAdapterState: Entering PendingCommandState State: isTurningOn()=false, isTurningOff()=true
12-13 01:29:15.453  1704  3851 D bt_upio : proc btwrite assertion
12-13 01:29:15.453  1501  1501 I SamsungIME: STATE_CHANGED = 13, KEYBOARD_BT(0), mBTKeyboardCount =0
12-13 01:29:15.453  1247  1247 D PhoneApp: mReceiver: BluetoothAdapter.ACTION_STATE_CHANGED: 13
12-13 01:29:15.453  2790  2790 I SAP/SAPBtRfAccManager/22July2013: Received Action : android.bluetooth.adapter.action.STATE_CHANGED
12-13 01:29:15.453  2790  2790 D SAP/SAPBtRfAccManager/22July2013: ACTION_STATE_CHANGED new state 13
12-13 01:29:15.453  3789  3789 I QuickConnect: BluetoothHelper.ACTION_STATE_CHANGED - STATE_TURNING_OFF
12-13 01:29:15.453  2790  2790 I SAP/SAPBleAccManager/22July2013: onReceive. Intent.getAction android.bluetooth.adapter.action.STATE_CHANGED
12-13 01:29:15.453  1067  1067 D PhoneStatusBar: tick(): knoxCustomManager = android.app.enterprise.knoxcustom.KnoxCustomManager@4299fe68
12-13 01:29:15.463  1704  3851 D bt_vendor: op for 7
12-13 01:29:15.463  1704  3851 D bt_vendor: op for 7
12-13 01:29:15.463   717   968 I ServiceKeeper: In getappinfo pid = 717 pkgName = android appinfo = null
12-13 01:29:15.463   717   968 I ServiceKeeper: In getseinfo pid = 717 uid = 1000 seinfo= system
12-13 01:29:15.463  1704  3833 D BluetoothAdapterState: CURRENT_STATE=PENDING, MESSAGE = BEGIN_DISABLE, isTurningOn=false, isTurningOff=true
12-13 01:29:15.463  1704  3833 E bt-btif : btif_sock_cleanup, sock_thread_handle:6, rfc_init:1, vhci_init:1
12-13 01:29:15.463  1704  3852 E bt-btif : bta_jv_rfcomm_stop_server
12-13 01:29:15.463  1704  3833 E bt-btif : bta_jv_rfcomm_stop_server
12-13 01:29:15.463  1704  3852 E bt-btif : bta_jv_rfcomm_stop_server
12-13 01:29:15.463  1704 14225 E BtOppRfcommListener: Error accept connection java.io.IOException: read failed, socket might closed or timeout, read ret: -1
12-13 01:29:15.463  1704  3851 D bt_vendor: op for 7
12-13 01:29:15.463  1704  3833 D btif_config_util: btif_config_save_file(L153): in file name:/data/misc/bluedroid/bt_config.new
12-13 01:29:15.463   717   968 I ServiceKeeper: In getappinfo pid = 717 pkgName = android appinfo = null
12-13 01:29:15.463   717   968 I ServiceKeeper: In getseinfo pid = 717 uid = 1000 seinfo= system
12-13 01:29:15.463  1704  3851 D bt_vendor: op for 7
12-13 01:29:15.473  1704  3851 D bt_vendor: op for 7
12-13 01:29:15.473  2790  2790 I SAP/SAPBtRfAccManager/22July2013: Received Action : android.bluetooth.adapter.action.SCAN_MODE_CHANGED
12-13 01:29:15.473  1704  3851 D bt_vendor: op for 7
12-13 01:29:15.473  1704  1704 I BtOppRfcommListener: stopping Accept Thread
12-13 01:29:15.473  1704 14225 I BtOppRfcommListener: BluetoothSocket listen thread finished
12-13 01:29:15.473 13282 13282 V BluetoothEventManager: Received android.bluetooth.adapter.action.STATE_CHANGED
12-13 01:29:15.473  1067  1067 D STATUSBAR-IconMerger: checkOverflow(216), More:true, Req:true Child:6
12-13 01:29:15.483   717  1272 D RCPManagerService: exchangeData() failure , invalid userId
12-13 01:29:15.493   717   961 D RCPManagerService: exchangeData() failure , invalid userId
12-13 01:29:15.493   717  1397 D RCPManagerService: exchangeData() failure , invalid userId
12-13 01:29:15.503  1067  1067 D STATUSBAR-IconMerger: checkOverflow(288), More:true, Req:true Child:6
12-13 01:29:15.513  2902  2902 I SQLiteSecureOpenHelper: getWritableDatabase(pwd)
12-13 01:29:15.513  2902  2902 I SQLiteSecureOpenHelper: getDatabaseLocked(b,b,pwd)...
12-13 01:29:15.563 12515 16024 D Aatp    : /task/1fdf0c6cbc0514d0b0d6fcf2e3de1f6b1de53270/status
12-13 01:29:15.563  1704  3833 D IOP_DB_BT: db_close: nbr users 0
12-13 01:29:15.563  1704  3833 D IOP_DB_BT: db_close: free database
12-13 01:29:15.563  1704  3851 D bt_vendor: op for 7
12-13 01:29:15.573  1704  3851 D bt_vendor: op for 7
12-13 01:29:15.593  2902  2902 I SQLiteSecureOpenHelper: getWritableDatabase(pwd)
12-13 01:29:15.593  2902  2902 I SQLiteSecureOpenHelper: getDatabaseLocked(b,b,pwd)...
12-13 01:29:15.593   717  1402 D EnterpriseDeviceManager: ContainerId: 0
12-13 01:29:15.593   717  1402 W LicenseLogService: log() failed
12-13 01:29:15.593   717   743 D EnterpriseDeviceManager: ContainerId: 0
12-13 01:29:15.603   717   743 W LicenseLogService: log() failed
12-13 01:29:15.603   717  1272 D EnterpriseDeviceManager: ContainerId: 0
12-13 01:29:15.603   717  1235 D EnterpriseDeviceManager: ContainerId: 0
12-13 01:29:15.603   717  1272 W LicenseLogService: log() failed
12-13 01:29:15.603   717  1235 W LicenseLogService: log() failed
12-13 01:29:15.603   717  1218 D EnterpriseDeviceManager: ContainerId: 0
12-13 01:29:15.603   717  4391 D EnterpriseDeviceManager: ContainerId: 0
12-13 01:29:15.603   717  4391 W LicenseLogService: log() failed
12-13 01:29:15.603   717  1218 W LicenseLogService: log() failed
12-13 01:29:15.613   717  1285 D EnterpriseDeviceManager: ContainerId: 0
12-13 01:29:15.613   717  1819 D EnterpriseDeviceManager: ContainerId: 0
12-13 01:29:15.613   717  1285 W LicenseLogService: log() failed
12-13 01:29:15.613   717  1819 W LicenseLogService: log() failed
12-13 01:29:15.613   717  7178 D RCPManagerService: exchangeData() failure , invalid userId
12-13 01:29:15.613   717   961 D EnterpriseDeviceManager: ContainerId: 0
12-13 01:29:15.613   717   961 W LicenseLogService: log() failed
12-13 01:29:15.623 16028 16028 I SELinux : Function: selinux_android_load_priority [0], There is no sepolicy file.
12-13 01:29:15.623 16028 16028 I SELinux :  
12-13 01:29:15.623   717   744 W ActivityManager: Unable to start service Intent { cmp=com.android.email/.service.AttachmentDownloadService } U=0: not found
12-13 01:29:15.643  2902  2902 I SQLiteSecureOpenHelper: getWritableDatabase(pwd)
12-13 01:29:15.643  2902  2902 I SQLiteSecureOpenHelper: getDatabaseLocked(b,b,pwd)...
12-13 01:29:15.653   717   744 D RCPManagerService: exchangeData() failure , invalid userId
12-13 01:29:15.653 16028 16028 I SELinux : Function: selinux_android_load_priority , spota verifySig and checkHash pass. priority version is VE=SEPF_SM-G900T_4.4.2_0055
12-13 01:29:15.653 16028 16028 I SELinux :  
12-13 01:29:15.653 16028 16028 I SELinux :  
12-13 01:29:15.653 16028 16028 I SELinux : selinux_android_seapp_context_reload: seapp_contexts file is loaded from /data/security/spota/seapp_contexts
12-13 01:29:15.653 16028 16028 E dalvikvm: >>>>> Normal User
12-13 01:29:15.653 16028 16028 E dalvikvm: >>>>> com.sec.android.provider.badge [ userId:0 | appId:10084 ]
12-13 01:29:15.653   717  1403 I ActivityManager: Killing 14346:com.android.defcontainer/u0a8 (adj 15): empty #31
12-13 01:29:15.663  1704  3833 D BluetoothAdapterState: CURRENT_STATE=PENDING, MESSAGE = DISABLED, isTurningOn=false, isTurningOff=true
12-13 01:29:15.663  1704  3833 D BtConfig.SecureMode: isSecureModeOn:false
12-13 01:29:15.663  1704  3833 W BluetoothAdapterService: check For Quiet mode profile 10 RadioCount =1 srv name=com.android.bluetooth.gatt.GattService
12-13 01:29:15.663  1704  3833 W BluetoothAdapterService: Skipping to stop Quiet mode profile com.android.bluetooth.gatt.GattService
12-13 01:29:15.663  1704  3833 W BluetoothAdapterService: check For Quiet mode profile 10 RadioCount =1 srv name=com.android.bluetooth.hfp.HeadsetService
12-13 01:29:15.663  1704  3833 D BtSettings.ProfileConfig: getProfileSaveSetting: com.android.bluetooth.hfp.HeadsetService
12-13 01:29:15.663  1704  3833 W BluetoothAdapterService: Not skipping com.android.bluetooth.hfp.HeadsetService
12-13 01:29:15.693 16040 16040 I SELinux : Function: selinux_android_load_priority [0], There is no sepolicy file.
12-13 01:29:15.693 16040 16040 I SELinux :  
12-13 01:29:15.693   717  1272 I ActivityManager: Killing 15504:com.samsung.android.intelligenceservice/u0a6 (adj 15): empty #31
12-13 01:29:15.703  1704  3833 W BluetoothAdapterService: check For Quiet mode profile 10 RadioCount =1 srv name=com.android.bluetooth.a2dp.A2dpService
12-13 01:29:15.703  1704  3833 D BtSettings.ProfileConfig: getProfileSaveSetting: com.android.bluetooth.a2dp.A2dpService
12-13 01:29:15.703  1704  3833 W BluetoothAdapterService: Not skipping com.android.bluetooth.a2dp.A2dpService
12-13 01:29:15.703  1704  1704 D HeadsetService: Received stop request...Stopping profile...
12-13 01:29:15.703  1704  3833 W BluetoothAdapterService: check For Quiet mode profile 10 RadioCount =1 srv name=com.android.bluetooth.hid.HidService
12-13 01:29:15.703  1704  3833 D BtSettings.ProfileConfig: getProfileSaveSetting: com.android.bluetooth.hid.HidService
12-13 01:29:15.703  1704  3833 W BluetoothAdapterService: Not skipping com.android.bluetooth.hid.HidService
12-13 01:29:15.703  1704  3833 W BluetoothAdapterService: check For Quiet mode profile 10 RadioCount =1 srv name=com.android.bluetooth.hdp.HealthService
12-13 01:29:15.703  1704  3833 D BtSettings.ProfileConfig: getProfileSaveSetting: com.android.bluetooth.hdp.HealthService
12-13 01:29:15.703  1704  3833 W BluetoothAdapterService: Not skipping com.android.bluetooth.hdp.HealthService
12-13 01:29:15.703  1704  3833 W BluetoothAdapterService: check For Quiet mode profile 10 RadioCount =1 srv name=com.android.bluetooth.pan.PanService
12-13 01:29:15.703  1704  3833 D BtSettings.ProfileConfig: getProfileSaveSetting: com.android.bluetooth.pan.PanService
12-13 01:29:15.703  1704  3833 W BluetoothAdapterService: Not skipping com.android.bluetooth.pan.PanService
12-13 01:29:15.703  1704  1704 D A2dpService: Received stop request...Stopping profile...
12-13 01:29:15.703  1704  3833 W BluetoothAdapterService: check For Quiet mode profile 10 RadioCount =1 srv name=com.android.bluetooth.map.BluetoothMapService
12-13 01:29:15.703  1704  3833 D BtSettings.ProfileConfig: getProfileSaveSetting: com.android.bluetooth.map.BluetoothMapService
12-13 01:29:15.703  1704 13193 D A2dpStateMachine: Exit Disconnected: -1
12-13 01:29:15.713  1704  3833 W BluetoothAdapterService: Not skipping com.android.bluetooth.map.BluetoothMapService
12-13 01:29:15.713   717   717 D BluetoothA2dp: Proxy object disconnected
12-13 01:29:15.713  1704  3833 D BluetoothAdapterState: Stopping profile services that were post enabled
12-13 01:29:15.713 13282 13282 D BluetoothA2dp: Proxy object disconnected
12-13 01:29:15.713 13282 13282 D A2dpProfile: Bluetooth service disconnected
12-13 01:29:15.713  3789  3789 D BluetoothA2dp: Proxy object disconnected
12-13 01:29:15.713  1704  1704 D BtSettings.ProfileConfig: getProfileSaveSetting: com.android.bluetooth.hdp.HealthService
12-13 01:29:15.713  1704  1704 D BluetoothAdapterService: Profile still running: com.android.bluetooth.hdp.HealthService
12-13 01:29:15.713  3789  3789 D QuickConnect: A2dpProfile.onServiceConnected - Bluetooth service disconnected
12-13 01:29:15.713  1704  1704 D HidService: Received stop request...Stopping profile...
12-13 01:29:15.713  1704  1704 D HidService: Stopping Bluetooth HidService
12-13 01:29:15.713  2902  2902 I SQLiteSecureOpenHelper: getWritableDatabase(pwd)
12-13 01:29:15.713  2902  2902 I SQLiteSecureOpenHelper: getDatabaseLocked(b,b,pwd)...
12-13 01:29:15.713  3789  3789 D BluetoothInputDevice: Proxy object disconnected
12-13 01:29:15.713  3789  3789 D QuickConnect: HidProfile.onServiceDisconnected - Bluetooth service disconnected
12-13 01:29:15.713 13282 13282 D BluetoothInputDevice: Proxy object disconnected
12-13 01:29:15.713 13282 13282 D HidProfile: Bluetooth service disconnected
12-13 01:29:15.713  1704  1704 D HealthService: Received stop request...Stopping profile...
12-13 01:29:15.713  2790  2790 D BluetoothHealth: Proxy object disconnected
12-13 01:29:15.713 16040 16040 I SELinux : Function: selinux_android_load_priority , spota verifySig and checkHash pass. priority version is VE=SEPF_SM-G900T_4.4.2_0055
12-13 01:29:15.713 16040 16040 I SELinux :  
12-13 01:29:15.713 16040 16040 I SELinux :  
12-13 01:29:15.713 16040 16040 I SELinux : selinux_android_seapp_context_reload: seapp_contexts file is loaded from /data/security/spota/seapp_contexts
12-13 01:29:15.713  1704  1704 D PanService: Received stop request...Stopping profile...
12-13 01:29:15.713 16040 16040 E dalvikvm: >>>>> Normal User
12-13 01:29:15.713 16040 16040 E dalvikvm: >>>>> com.samsung.android.service.travel [ userId:0 | appId:10194 ]
12-13 01:29:15.713   717  1020 D BluetoothTethering: got CMD_CHANNEL_DISCONNECTED
12-13 01:29:15.713   717  1020 E BluetoothTethering: attempted to stop reverse tether with nothing tethered
12-13 01:29:15.723   717   717 D BluetoothPan: BluetoothPAN Proxy object disconnected
12-13 01:29:15.723 13282 13282 D BluetoothPan: BluetoothPAN Proxy object disconnected
12-13 01:29:15.723 13282 13282 D PanProfile: Bluetooth service disconnected
12-13 01:29:15.723  1704  1704 D BtSettings.ProfileConfig: getProfileSaveSetting: com.android.bluetooth.hdp.HealthService
12-13 01:29:15.723  1704  1704 D BluetoothAdapterService: Profile still running: com.android.bluetooth.hdp.HealthService
12-13 01:29:15.723  1704 13194 I GKI_LINUX: gki_task_entry: gki_task task_id=2 [A2DP-MEDIA] terminating
12-13 01:29:15.723  1704  1704 I GKI_LINUX: GKI_exit_task: GKI_exit_task 2 done
12-13 01:29:15.723  1704  1704 I GKI_LINUX: GKI_destroy_task: GKI_shutdown(): task [A2DP-MEDIA] terminated
12-13 01:29:15.723  1704  1704 D BluetoothMapService: Received stop request...Stopping profile...
12-13 01:29:15.723  1704  1704 D BtSettings.ProfileConfig: getProfileSaveSetting: com.android.bluetooth.hdp.HealthService
12-13 01:29:15.723  1704  1704 D BluetoothAdapterService: Profile still running: com.android.bluetooth.hdp.HealthService
12-13 01:29:15.723 13282 13282 D BluetoothMap: Proxy object disconnected
12-13 01:29:15.723 13282 13282 D MapProfile: Bluetooth service disconnected
12-13 01:29:15.723  1704  1704 W BluetoothHidServiceJni: Cleaning up Bluetooth HID Interface...
12-13 01:29:15.723  1704  1704 W BluetoothHidServiceJni: Cleaning up Bluetooth GID callback object
12-13 01:29:15.723  1704  1704 D BtSettings.ProfileConfig: getProfileSaveSetting: com.android.bluetooth.map.BluetoothMapService
12-13 01:29:15.723  1704  1704 D BluetoothAdapterService: Profile still running: com.android.bluetooth.map.BluetoothMapService
12-13 01:29:15.723  1704  1704 W BluetoothHealthServiceJni: Cleaning up Bluetooth Health Interface...
12-13 01:29:15.733  1704  1704 W BluetoothHealthServiceJni: Cleaning up Bluetooth Health object
12-13 01:29:15.733  1704  1704 D BtSettings.ProfileConfig: getProfileSaveSetting: com.android.bluetooth.map.BluetoothMapService
12-13 01:29:15.733  1704  1704 D BluetoothAdapterService: Profile still running: com.android.bluetooth.map.BluetoothMapService
12-13 01:29:15.733  1704  1704 W BluetoothPanServiceJni: Cleaning up Bluetooth PAN Interface...
12-13 01:29:15.733  1704  1704 W BluetoothPanServiceJni: Cleaning up Bluetooth PAN callback object
12-13 01:29:15.733  1704  1704 D BluetoothAdapterService: Quiet mode profile com.android.bluetooth.gatt.GattService running since Radio Cnt > 0. 
12-13 01:29:15.733  1704  3833 D BluetoothAdapterState: CURRENT_STATE=PENDING,MSG = STOPPED, isTurningOn=false, isTurningOff=true
12-13 01:29:15.733  1704  3833 I BluetoothAdapterState: Bluetooth adapter state changed: 13-> 10
12-13 01:29:15.733  1704  3833 D BluetoothAdapterService: Bluetooth PBAP supproted is true
12-13 01:29:15.733  1704  3833 D BluetoothAdapterService: updateAdapterState state is 10
12-13 01:29:15.733  1704  3833 D BluetoothAdapterService: Broadcasting updateAdapterState() to 1 receivers.
12-13 01:29:15.733  1704  3833 D BluetoothAdapterService: Autoconnection is available 
12-13 01:29:15.733  1704  3833 D BluetoothAdapterService: updateAdapterState prevState = 13newState = 10
12-13 01:29:15.733 13282 13293 D Bluetoothsap: onBluetoothStateChange: up=false
12-13 01:29:15.733  1704  3833 I BluetoothAdapterState: Entering OffState
12-13 01:29:15.733 13282 13293 D Bluetoothsap: Unbinding service...
12-13 01:29:15.733 13282 13293 E Bluetoothsap: 
12-13 01:29:15.733 13282 13293 E Bluetoothsap: java.lang.IllegalArgumentException: Service not registered: com.broadcom.bt.service.sap.BluetoothSap$2@429eaef0
12-13 01:29:15.733 13282 13293 E Bluetoothsap: 	at android.app.LoadedApk.forgetServiceDispatcher(LoadedApk.java:935)
12-13 01:29:15.733 13282 13293 E Bluetoothsap: 	at android.app.ContextImpl.unbindService(ContextImpl.java:1972)
12-13 01:29:15.733 13282 13293 E Bluetoothsap: 	at android.content.ContextWrapper.unbindService(ContextWrapper.java:541)
12-13 01:29:15.733 13282 13293 E Bluetoothsap: 	at com.broadcom.bt.service.sap.BluetoothSap$1.onBluetoothStateChange(BluetoothSap.java:146)
12-13 01:29:15.733 13282 13293 E Bluetoothsap: 	at android.bluetooth.IBluetoothStateChangeCallback$Stub.onTransact(IBluetoothStateChangeCallback.java:55)
12-13 01:29:15.733 13282 13293 E Bluetoothsap: 	at android.os.Binder.execTransact(Binder.java:404)
12-13 01:29:15.733 13282 13293 E Bluetoothsap: 	at dalvik.system.NativeStart.run(Native Method)
12-13 01:29:15.733 13282 13292 D BluetoothPbap: onBluetoothStateChange: up=false
12-13 01:29:15.733 13282 13741 D BluetoothA2dp: onBluetoothStateChange: up=false
12-13 01:29:15.733  3789  3799 D BluetoothInputDevice: onBluetoothStateChange: up=false
12-13 01:29:15.733 16028 16028 D BadgeProvider: onCreate
12-13 01:29:15.733 16028 16028 D BadgeProvider: DatabaseHelper
12-13 01:29:15.733  3789  3850 D BluetoothA2dp: onBluetoothStateChange: up=false
12-13 01:29:15.743   717   954 D BluetoothA2dp: onBluetoothStateChange: up=false
12-13 01:29:15.743  2790  2802 D BluetoothHealth: onBluetoothStateChange: up=false
12-13 01:29:15.753 13282 13741 D BluetoothMap: onBluetoothStateChange: up=false
12-13 01:29:15.753 13282 13293 D BluetoothInputDevice: onBluetoothStateChange: up=false
12-13 01:29:15.753  1704  1704 W BluetoothHeadsetServiceJni: Cleaning up Bluetooth Handsfree Interface...
12-13 01:29:15.753  1704  1704 W BluetoothHeadsetServiceJni: Cleaning up Bluetooth Handsfree callback object
12-13 01:29:15.753 16028 16039 D BadgeProvider: query, [selection] : package='com.android.email' AND class='com.android.email.activity.Welcome' AND extraData='base_extra_badge'
12-13 01:29:15.753   717   717 I WifiTrafficPoller: mBoosterFLAG : 0
12-13 01:29:15.753   717   717 I WifiTrafficPoller: current booster mode : FullMode
12-13 01:29:15.753  1501  1501 I SamsungIME: STATE_CHANGED = 10, KEYBOARD_BT(0), mBTKeyboardCount =0
12-13 01:29:15.753  1247  1247 D PhoneApp: mReceiver: BluetoothAdapter.ACTION_STATE_CHANGED: 10
12-13 01:29:15.753  2790  2790 I SAP/SAPBtRfAccManager/22July2013: Received Action : android.bluetooth.adapter.action.STATE_CHANGED
12-13 01:29:15.763  1247  1247 D BluetoothHeadset: unRegisterMessageListener : 11, false
12-13 01:29:15.763  1247  1247 W BluetoothHeadset: Proxy not attached to service
12-13 01:29:15.763  1247  1247 D PhoneApp: unRegisterMessageListener
12-13 01:29:15.763  3789  3789 I QuickConnect: BluetoothHelper.ACTION_STATE_CHANGED - STATE_OFF
12-13 01:29:15.763  1704  3853 D GKI_LINUX: release_my_wake_lock(), g_wake_lock_fd:89, g_wake_unlock_fd:90, wake_lock_acquired:1
12-13 01:29:15.763 13282 13282 V BluetoothEventManager: Received android.bluetooth.adapter.action.STATE_CHANGED
12-13 01:29:15.763  2790  2790 D SAP/SAPBtRfAccManager/22July2013: ACTION_STATE_CHANGED new state 10
12-13 01:29:15.763  2790  2790 I SAP/SAPBleAccManager/22July2013: onReceive. Intent.getAction android.bluetooth.adapter.action.STATE_CHANGED
12-13 01:29:15.763  2790  2891 I SAP/SAPBtRfAccManager/22July2013: BtRFAccMngrHdle.handleMessage enter what = 0
12-13 01:29:15.763  2790  2891 D SAP/SAPBtRfAccManager/22July2013: stopListeningOnBtRf enter
12-13 01:29:15.763  2790  2891 D SAP/SAPBtRfAccManager/22July2013: stopListeningOnBtRf exit
12-13 01:29:15.763  2790  2891 I SAP/SAPAccessoryManager/22July2013: onStatusChange 0mserviceListenercom.samsung.appcessory.server.SAPService$1@42a8fd80
12-13 01:29:15.763  2790  2891 D SAP/SAPService/22July2013: onStatusChange 0
12-13 01:29:15.763  2790  2891 D SAP/SAPBtRfAccManager/22July2013: BtRFAccMngrHdle.handleMessage exit
12-13 01:29:15.763  2790  2891 D SAP/SAPService/22July2013: handle message5
12-13 01:29:15.763  2790  2891 D SAP/SAPAppcessoryManager/22July2013: onTransportStatusChanged transport 2
12-13 01:29:15.763  2790  2891 E SAP/SAPAppcessoryManager/22July2013: App callback is null for transport 2
12-13 01:29:15.763   717   968 I ServiceKeeper: In getappinfo pid = 717 pkgName = android appinfo = null
12-13 01:29:15.763 13019 13019 I BeaconBle: Nearby requested to stop scan
12-13 01:29:15.763 13019 13019 I BeaconBle: Scan : No clients left, canceling alarm.
12-13 01:29:15.763   717   968 I ServiceKeeper: In getseinfo pid = 717 uid = 1000 seinfo= system
12-13 01:29:15.763   717   968 I ServiceKeeper: In getappinfo pid = 717 pkgName = android appinfo = null
12-13 01:29:15.763   717   968 I ServiceKeeper: In getseinfo pid = 717 uid = 1000 seinfo= system
12-13 01:29:15.773 16028 16039 D BadgeProvider: sendNotify entered. [uri] : content://com.sec.badge/apps/1
12-13 01:29:15.773 16028 16039 D BadgeProvider: sendNotify, [notify] : null
12-13 01:29:15.773 16028 16039 D BadgeProvider: update, [uri] : content://com.sec.badge/apps/1
12-13 01:29:15.773  1286  1286 D Launcher.Model: reloadBadges entered.
12-13 01:29:15.773 16028 16039 D BadgeProvider: update, [BadgeCount] : badgecount=0
12-13 01:29:15.773 16028 16039 D BadgeProvider: update, [UpdateCount] : 1
12-13 01:29:15.773 13019 13994 I BeaconBle: Scan : No clients left, canceling alarm.
12-13 01:29:15.773 13019 13994 I BeaconBle: Scan canceled successfully.
12-13 01:29:15.783  2902  2902 I SQLiteSecureOpenHelper: getWritableDatabase(pwd)
12-13 01:29:15.783  2902  2902 I SQLiteSecureOpenHelper: getDatabaseLocked(b,b,pwd)...
12-13 01:29:15.803   717  1285 I ActivityManager: Killing 14410:com.samsung.android.app.assistantmenu/1000 (adj 15): empty #31
12-13 01:29:15.813   257   257 E SMD     : DCD ON
12-13 01:29:15.813 13223 13223 I iu.Environment: update connectivity state; isNetworkMetered? false, isRoaming? false, isBackgroundDataAllowed? false*
12-13 01:29:15.813 13223 14015 I iu.UploadsManager: num queued entries: 0
12-13 01:29:15.813 13223 14015 I iu.UploadsManager: num updated entries: 0
12-13 01:29:15.813 13223 14015 I iu.SyncManager: NEXT; no task
12-13 01:29:15.833  1286  1286 D skia    : GFXPNG PNG bitmap created width:264 height:132 bitmap id is 572 
12-13 01:29:15.833  2902  2902 I SQLiteSecureOpenHelper: getWritableDatabase(pwd)
12-13 01:29:15.833  2902  2902 I SQLiteSecureOpenHelper: getDatabaseLocked(b,b,pwd)...
12-13 01:29:15.843  7789  7793 D dalvikvm: GC_CONCURRENT freed 1936K, 36% free 17333K/26744K, paused 2ms+2ms, total 22ms
12-13 01:29:15.853  1286  1286 D dalvikvm: GC_FOR_ALLOC freed 3600K, 24% free 44984K/58556K, paused 26ms, total 26ms
12-13 01:29:15.863   717   968 I ServiceKeeper: In getappinfo pid = 717 pkgName = android appinfo = null
12-13 01:29:15.863   717   968 I ServiceKeeper: In getseinfo pid = 717 uid = 1000 seinfo= system
12-13 01:29:15.863   717   968 I ServiceKeeper: In getappinfo pid = 717 pkgName = android appinfo = null
12-13 01:29:15.873   717   968 I ServiceKeeper: In getseinfo pid = 717 uid = 1000 seinfo= system
12-13 01:29:15.873   717   968 I ServiceKeeper: In getappinfo pid = 717 pkgName = android appinfo = null
12-13 01:29:15.873   717   968 I ServiceKeeper: In getseinfo pid = 717 uid = 1000 seinfo= system
12-13 01:29:15.873 13282 13282 W ContextImpl: Calling a method in the system process without a qualified user: android.app.ContextImpl.startService:1847 android.content.ContextWrapper.startService:506 android.content.ContextWrapper.startService:506 com.android.settings.bluetooth.DockEventReceiver.beginStartingService:134 com.android.settings.bluetooth.DockEventReceiver.onReceive:115 
12-13 01:29:15.873 13282 13282 D DockEventReceiver: finishStartingService: stopping service
12-13 01:29:15.873   717   968 I ServiceKeeper: In getappinfo pid = 717 pkgName = android appinfo = null
12-13 01:29:15.873   717   968 I ServiceKeeper: In getseinfo pid = 717 uid = 1000 seinfo= system
12-13 01:29:15.883 13282 13282 D BluetoothNotiBroadcastReceiver: onReceive
12-13 01:29:15.883  2902  2902 I SQLiteSecureOpenHelper: getWritableDatabase(pwd)
12-13 01:29:15.883  2902  2902 I SQLiteSecureOpenHelper: getDatabaseLocked(b,b,pwd)...
12-13 01:29:15.893   717   968 I ServiceKeeper: In getappinfo pid = 717 pkgName = android appinfo = null
12-13 01:29:15.893   717   968 I ServiceKeeper: In getseinfo pid = 717 uid = 1000 seinfo= system
12-13 01:29:15.893   717   968 I ServiceKeeper: In getappinfo pid = 717 pkgName = android appinfo = null
12-13 01:29:15.893   717   968 I ServiceKeeper: In getseinfo pid = 717 uid = 1000 seinfo= system
12-13 01:29:15.913   717   968 I ServiceKeeper: In getappinfo pid = 717 pkgName = android appinfo = null
12-13 01:29:15.913   717   968 I ServiceKeeper: In getseinfo pid = 717 uid = 1000 seinfo= system
12-13 01:29:15.913 13282 13282 W ContextImpl: Calling a method in the system process without a qualified user: android.app.ContextImpl.startService:1847 android.content.ContextWrapper.startService:506 android.content.ContextWrapper.startService:506 com.android.settings.bluetooth.DockEventReceiver.beginStartingService:134 com.android.settings.bluetooth.DockEventReceiver.onReceive:115 
12-13 01:29:15.923  2902  2902 I SQLiteSecureOpenHelper: getWritableDatabase(pwd)
12-13 01:29:15.923  2902  2902 I SQLiteSecureOpenHelper: getDatabaseLocked(b,b,pwd)...
12-13 01:29:15.953 13282 13282 D DockEventReceiver: finishStartingService: stopping service
12-13 01:29:15.953 13282 13282 D BluetoothNotiBroadcastReceiver: onReceive
12-13 01:29:15.953   717   968 I ServiceKeeper: In getappinfo pid = 717 pkgName = android appinfo = null
12-13 01:29:15.953   717   968 I ServiceKeeper: In getseinfo pid = 717 uid = 1000 seinfo= system
12-13 01:29:15.973  2902  2902 I SQLiteSecureOpenHelper: getWritableDatabase(pwd)
12-13 01:29:15.973  2902  2902 I SQLiteSecureOpenHelper: getDatabaseLocked(b,b,pwd)...
12-13 01:29:16.033  2902  2902 I SQLiteSecureOpenHelper: getWritableDatabase(pwd)
12-13 01:29:16.033  2902  2902 I SQLiteSecureOpenHelper: getDatabaseLocked(b,b,pwd)...
12-13 01:29:16.033   717   968 I ServiceKeeper: In getappinfo pid = 717 pkgName = android appinfo = null
12-13 01:29:16.033   717   968 I ServiceKeeper: In getseinfo pid = 717 uid = 1000 seinfo= system
12-13 01:29:16.053 13223 13424 I Authzen : [PermitStore] Getting all permits...
12-13 01:29:16.073   717   968 I ServiceKeeper: In getappinfo pid = 717 pkgName = android appinfo = null
12-13 01:29:16.073   717   968 I ServiceKeeper: In getseinfo pid = 717 uid = 1000 seinfo= system
12-13 01:29:16.083  2902  2902 I SQLiteSecureOpenHelper: getWritableDatabase(pwd)
12-13 01:29:16.083  2902  2902 I SQLiteSecureOpenHelper: getDatabaseLocked(b,b,pwd)...
12-13 01:29:16.133  2902  2902 I SQLiteSecureOpenHelper: getWritableDatabase(pwd)
12-13 01:29:16.133  2902  2902 I SQLiteSecureOpenHelper: getDatabaseLocked(b,b,pwd)...
12-13 01:29:16.163  2902  2902 I SQLiteSecureOpenHelper: getWritableDatabase(pwd)
12-13 01:29:16.163  2902  2902 I SQLiteSecureOpenHelper: getDatabaseLocked(b,b,pwd)...
12-13 01:29:16.193  2902  2902 I SQLiteSecureOpenHelper: getWritableDatabase(pwd)
12-13 01:29:16.193  2902  2902 I SQLiteSecureOpenHelper: getDatabaseLocked(b,b,pwd)...
12-13 01:29:16.233  2902  2902 I SQLiteSecureOpenHelper: getWritableDatabase(pwd)
12-13 01:29:16.233  2902  2902 I SQLiteSecureOpenHelper: getDatabaseLocked(b,b,pwd)...
12-13 01:29:16.263  2902  2902 I SQLiteSecureOpenHelper: getWritableDatabase(pwd)
12-13 01:29:16.263  2902  2902 I SQLiteSecureOpenHelper: getDatabaseLocked(b,b,pwd)...
12-13 01:29:16.293  2902  2902 I SQLiteSecureOpenHelper: getWritableDatabase(pwd)
12-13 01:29:16.293  2902  2902 I SQLiteSecureOpenHelper: getDatabaseLocked(b,b,pwd)...
12-13 01:29:16.333  2902  2902 I SQLiteSecureOpenHelper: getWritableDatabase(pwd)
12-13 01:29:16.333  2902  2902 I SQLiteSecureOpenHelper: getDatabaseLocked(b,b,pwd)...
12-13 01:29:16.353   717   968 I ServiceKeeper: In getappinfo pid = 717 pkgName = android appinfo = null
12-13 01:29:16.353   717   968 I ServiceKeeper: In getseinfo pid = 717 uid = 1000 seinfo= system
12-13 01:29:16.353   717   968 I ServiceKeeper: In getappinfo pid = 717 pkgName = android appinfo = null
12-13 01:29:16.353   717   968 I ServiceKeeper: In getseinfo pid = 717 uid = 1000 seinfo= system
12-13 01:29:16.363  2902  2902 I SQLiteSecureOpenHelper: getWritableDatabase(pwd)
12-13 01:29:16.363  2902  2902 I SQLiteSecureOpenHelper: getDatabaseLocked(b,b,pwd)...
12-13 01:29:16.393  2902  2902 I SQLiteSecureOpenHelper: getWritableDatabase(pwd)
12-13 01:29:16.393  2902  2902 I SQLiteSecureOpenHelper: getDatabaseLocked(b,b,pwd)...
12-13 01:29:16.433  2902  2902 I SQLiteSecureOpenHelper: getWritableDatabase(pwd)
12-13 01:29:16.433  2902  2902 I SQLiteSecureOpenHelper: getDatabaseLocked(b,b,pwd)...
12-13 01:29:16.443 12515 16019 D AWSDeviceFarmAndroidLib: setEnabled: bt is: false
12-13 01:29:16.443 12515 12515 D AatpDeviceManager: taskStatus update (1fdf0c6cbc0514d0b0d6fcf2e3de1f6b1de53270: {"result":"Bluetooth enabled: false","state":2})
12-13 01:29:16.443   717   717 W ContextImpl: Calling a method in the system process without a qualified user: android.app.ContextImpl.sendBroadcast:1505 com.android.server.StatusBarMa