12-13 01:28:54.843 15327 15327 D AndroidRuntime: addProductProperty: start
12-13 01:28:54.853  2902  2902 I SQLiteSecureOpenHelper: getWritableDatabase(pwd)
12-13 01:28:54.853  2902  2902 I SQLiteSecureOpenHelper: getDatabaseLocked(b,b,pwd)...
12-13 01:28:54.853 15327 15327 D dalvikvm: Trying to load lib libjavacore.so 0x0
12-13 01:28:54.863 15327 15327 D dalvikvm: Added shared lib libjavacore.so 0x0
12-13 01:28:54.863 15327 15327 D dalvikvm: Trying to load lib libnativehelper.so 0x0
12-13 01:28:54.863 15327 15327 D dalvikvm: Added shared lib libnativehelper.so 0x0
12-13 01:28:54.863 15327 15327 D dalvikvm: No JNI_OnLoad found in libnativehelper.so 0x0, skipping init
12-13 01:28:54.893  2902  2902 I SQLiteSecureOpenHelper: getWritableDatabase(pwd)
12-13 01:28:54.893  2902  2902 I SQLiteSecureOpenHelper: getDatabaseLocked(b,b,pwd)...
12-13 01:28:54.913   717   968 I ServiceKeeper: In getappinfo pid = 717 pkgName = android appinfo = null
12-13 01:28:54.913   717   968 I ServiceKeeper: In getseinfo pid = 717 uid = 1000 seinfo= system
12-13 01:28:54.913   717   968 I ServiceKeeper: In getappinfo pid = 717 pkgName = android appinfo = null
12-13 01:28:54.913   717   968 I ServiceKeeper: In getseinfo pid = 717 uid = 1000 seinfo= system
12-13 01:28:54.923  2902  2902 I SQLiteSecureOpenHelper: getWritableDatabase(pwd)
12-13 01:28:54.923  2902  2902 I SQLiteSecureOpenHelper: getDatabaseLocked(b,b,pwd)...
12-13 01:28:54.953  2902  2902 I SQLiteSecureOpenHelper: getWritableDatabase(pwd)
12-13 01:28:54.953  2902  2902 I SQLiteSecureOpenHelper: getDatabaseLocked(b,b,pwd)...
12-13 01:28:54.953 15327 15327 E memtrack: Couldn't load memtrack module (No such file or directory)
12-13 01:28:54.953 15327 15327 E android.os.Debug: failed to load memtrack module: -2
12-13 01:28:54.983 15327 15327 D dalvikvm: Note: class Landroid/app/ActivityManagerNative; has 192 unimplemented (abstract) methods
12-13 01:28:54.993  2902  2902 I SQLiteSecureOpenHelper: getWritableDatabase(pwd)
12-13 01:28:54.993  2902  2902 I SQLiteSecureOpenHelper: getDatabaseLocked(b,b,pwd)...
12-13 01:28:55.013 15327 15327 D AndroidRuntime: Calling main entry com.android.commands.am.Am
12-13 01:28:55.023  2902  2902 I SQLiteSecureOpenHelper: getWritableDatabase(pwd)
12-13 01:28:55.023  2902  2902 I SQLiteSecureOpenHelper: getDatabaseLocked(b,b,pwd)...
12-13 01:28:55.043   717  4391 V ApplicationPolicy: isApplicationStateBlocked userId -1 pkgname com.trellis
12-13 01:28:55.043 15327 15327 D AndroidRuntime: Shutting down VM
12-13 01:28:55.043   717   936 W ContextImpl: Calling a method in the system process without a qualified user: android.app.ContextImpl.sendBroadcast:1505 com.android.server.am.AppStateBroadcaster.BroadcastAppState:128 com.android.server.am.AppStateBroadcaster.SendApplicationStop:53 com.android.server.am.ActivityManagerService$2.handleMessage:2141 android.os.Handler.dispatchMessage:102 
12-13 01:28:55.053 15327 15332 D dalvikvm: GC_CONCURRENT freed 95K, 13% free 666K/764K, paused 0ms+1ms, total 2ms
12-13 01:28:55.053  2902  2902 I SQLiteSecureOpenHelper: getWritableDatabase(pwd)
12-13 01:28:55.053  2902  2902 I SQLiteSecureOpenHelper: getDatabaseLocked(b,b,pwd)...
12-13 01:28:55.083  2902  2902 I SQLiteSecureOpenHelper: getWritableDatabase(pwd)
12-13 01:28:55.083  2902  2902 I SQLiteSecureOpenHelper: getDatabaseLocked(b,b,pwd)...
12-13 01:28:55.123  2902  2902 I SQLiteSecureOpenHelper: getWritableDatabase(pwd)
12-13 01:28:55.123  2902  2902 I SQLiteSecureOpenHelper: getDatabaseLocked(b,b,pwd)...
12-13 01:28:55.153  2902  2902 I SQLiteSecureOpenHelper: getWritableDatabase(pwd)
12-13 01:28:55.153  2902  2902 I SQLiteSecureOpenHelper: getDatabaseLocked(b,b,pwd)...
12-13 01:28:55.183  2902  2902 I SQLiteSecureOpenHelper: getWritableDatabase(pwd)
12-13 01:28:55.183  2902  2902 I SQLiteSecureOpenHelper: getDatabaseLocked(b,b,pwd)...
12-13 01:28:55.213  2902  2902 I SQLiteSecureOpenHelper: getWritableDatabase(pwd)
12-13 01:28:55.213  2902  2902 I SQLiteSecureOpenHelper: getDatabaseLocked(b,b,pwd)...
12-13 01:28:55.253  2902  2902 I SQLiteSecureOpenHelper: getWritableDatabase(pwd)
12-13 01:28:55.253  2902  2902 I SQLiteSecureOpenHelper: getDatabaseLocked(b,b,pwd)...
12-13 01:28:55.283  2902  2902 I SQLiteSecureOpenHelper: getWritableDatabase(pwd)
12-13 01:28:55.283  2902  2902 I SQLiteSecureOpenHelper: getDatabaseLocked(b,b,pwd)...
12-13 01:28:55.323  2902  2902 I SQLiteSecureOpenHelper: getWritableDatabase(pwd)
12-13 01:28:55.323  2902  2902 I SQLiteSecureOpenHelper: getDatabaseLocked(b,b,pwd)...
12-13 01:28:55.353  2902  2902 I SQLiteSecureOpenHelper: getWritableDatabase(pwd)
12-13 01:28:55.353  2902  2902 I SQLiteSecureOpenHelper: getDatabaseLocked(b,b,pwd)...
12-13 01:28:55.363  7789  7793 D dalvikvm: GC_CONCURRENT freed 1931K, 36% free 17333K/26744K, paused 1ms+2ms, total 16ms
12-13 01:28:55.393  2902  2902 I SQLiteSecureOpenHelper: getWritableDatabase(pwd)
12-13 01:28:55.393  2902  2902 I SQLiteSecureOpenHelper: getDatabaseLocked(b,b,pwd)...
12-13 01:28:55.423  2902  2902 I SQLiteSecureOpenHelper: getWritableDatabase(pwd)
12-13 01:28:55.423  2902  2902 I SQLiteSecureOpenHelper: getDatabaseLocked(b,b,pwd)...
12-13 01:28:55.453  2902  2902 I SQLiteSecureOpenHelper: getWritableDatabase(pwd)
12-13 01:28:55.453  2902  2902 I SQLiteSecureOpenHelper: getDatabaseLocked(b,b,pwd)...
12-13 01:28:55.493  2902  2902 I SQLiteSecureOpenHelper: getWritableDatabase(pwd)
12-13 01:28:55.493  2902  2902 I SQLiteSecureOpenHelper: getDatabaseLocked(b,b,pwd)...
12-13 01:28:55.533  2902  2902 I SQLiteSecureOpenHelper: getWritableDatabase(pwd)
12-13 01:28:55.533  2902  2902 I SQLiteSecureOpenHelper: getDatabaseLocked(b,b,pwd)...
12-13 01:28:55.573  2902  2902 I SQLiteSecureOpenHelper: getWritableDatabase(pwd)
12-13 01:28:55.573  2902  2902 I SQLiteSecureOpenHelper: getDatabaseLocked(b,b,pwd)...
12-13 01:28:55.603  2902  2902 I SQLiteSecureOpenHelper: getWritableDatabase(pwd)
12-13 01:28:55.603  2902  2902 I SQLiteSecureOpenHelper: getDatabaseLocked(b,b,pwd)...
12-13 01:28:55.653  2902  2902 I SQLiteSecureOpenHelper: getWritableDatabase(pwd)
12-13 01:28:55.653  2902  2902 I SQLiteSecureOpenHelper: getDatabaseLocked(b,b,pwd)...
12-13 01:28:55.693  2902  2902 I SQLiteSecureOpenHelper: getWritableDatabase(pwd)
12-13 01:28:55.693  2902  2902 I SQLiteSecureOpenHelper: getDatabaseLocked(b,b,pwd)...
12-13 01:28:55.733  2902  2902 I SQLiteSecureOpenHelper: getWritableDatabase(pwd)
12-13 01:28:55.733  2902  2902 I SQLiteSecureOpenHelper: getDatabaseLocked(b,b,pwd)...
12-13 01:28:55.773  2902  2902 I SQLiteSecureOpenHelper: getWritableDatabase(pwd)
12-13 01:28:55.773  2902  2902 I SQLiteSecureOpenHelper: getDatabaseLocked(b,b,pwd)...
12-13 01:28:55.803  2902  2902 I SQLiteSecureOpenHelper: getWritableDatabase(pwd)
12-13 01:28:55.803  2902  2902 I SQLiteSecureOpenHelper: getDatabaseLocked(b,b,pwd)...
12-13 01:28:55.813 15338 15338 D AndroidRuntime: 
12-13 01:28:55.813 15338 15338 D AndroidRuntime: >>>>>> AndroidRuntime START com.android.internal.os.RuntimeInit <<<<<<
12-13 01:28:55.813 15338 15338 D AndroidRuntime: CheckJNI is OFF
12-13 01:28:55.813 15338 15338 D AndroidRuntime: setted country_code = USA
12-13 01:28:55.813 15338 15338 D AndroidRuntime: setted countryiso_code = US
12-13 01:28:55.813 15338 15338 D AndroidRuntime: setted sales_code = TMB
12-13 01:28:55.813 15338 15338 D AndroidRuntime: readGMSProperty: start
12-13 01:28:55.813 15338 15338 D AndroidRuntime: readGMSProperty: already setted!!
12-13 01:28:55.813 15338 15338 D AndroidRuntime: readGMSProperty: end
12-13 01:28:55.813 15338 15338 D AndroidRuntime: addProductProperty: start
12-13 01:28:55.833 15338 15338 D dalvikvm: Trying to load lib libjavacore.so 0x0
12-13 01:28:55.833 15338 15338 D dalvikvm: Added shared lib libjavacore.so 0x0
12-13 01:28:55.833 15338 15338 D dalvikvm: Trying to load lib libnativehelper.so 0x0
12-13 01:28:55.833 15338 15338 D dalvikvm: Added shared lib libnativehelper.so 0x0
12-13 01:28:55.833 15338 15338 D dalvikvm: No JNI_OnLoad found in libnativehelper.so 0x0, skipping init
12-13 01:28:55.843  2902  2902 I SQLiteSecureOpenHelper: getWritableDatabase(pwd)
12-13 01:28:55.843  2902  2902 I SQLiteSecureOpenHelper: getDatabaseLocked(b,b,pwd)...
12-13 01:28:55.883  2902  2902 I SQLiteSecureOpenHelper: getWritableDatabase(pwd)
12-13 01:28:55.883  2902  2902 I SQLiteSecureOpenHelper: getDatabaseLocked(b,b,pwd)...
12-13 01:28:55.913  2902  2902 I SQLiteSecureOpenHelper: getWritableDatabase(pwd)
12-13 01:28:55.913  2902  2902 I SQLiteSecureOpenHelper: getDatabaseLocked(b,b,pwd)...
12-13 01:28:55.913   717   968 I ServiceKeeper: In getappinfo pid = 717 pkgName = android appinfo = null
12-13 01:28:55.913   717   968 I ServiceKeeper: In getseinfo pid = 717 uid = 1000 seinfo= system
12-13 01:28:55.913   717   968 I ServiceKeeper: In getappinfo pid = 717 pkgName = android appinfo = null
12-13 01:28:55.913   717   968 I ServiceKeeper: In getseinfo pid = 717 uid = 1000 seinfo= system
12-13 01:28:55.933 15338 15338 E memtrack: Couldn't load memtrack module (No such file or directory)
12-13 01:28:55.933 15338 15338 E android.os.Debug: failed to load memtrack module: -2
12-13 01:28:55.953 15338 15338 D dalvikvm: Note: class Landroid/app/ActivityManagerNative; has 192 unimplemented (abstract) methods
12-13 01:28:55.953  2902  2902 I SQLiteSecureOpenHelper: getWritableDatabase(pwd)
12-13 01:28:55.953  2902  2902 I SQLiteSecureOpenHelper: getDatabaseLocked(b,b,pwd)...
12-13 01:28:55.993 15338 15338 D AndroidRuntime: Calling main entry com.android.commands.pm.Pm
12-13 01:28:55.993  2902  2902 I SQLiteSecureOpenHelper: getWritableDatabase(pwd)
12-13 01:28:55.993  2902  2902 I SQLiteSecureOpenHelper: getDatabaseLocked(b,b,pwd)...
12-13 01:28:56.023  2902  2902 I SQLiteSecureOpenHelper: getWritableDatabase(pwd)
12-13 01:28:56.023  2902  2902 I SQLiteSecureOpenHelper: getDatabaseLocked(b,b,pwd)...
12-13 01:28:56.033   717  1402 V ApplicationPolicy: isApplicationStateBlocked userId 0 pkgname com.trellis
12-13 01:28:56.043   717  1402 D EnterpriseDeviceManager: ContainerId: 0
12-13 01:28:56.043   717  1402 V ApplicationPolicy: isApplicationStateBlocked userId 0 pkgname com.trellis
12-13 01:28:56.043   276   276 D keystore: calling clear_uid in state: 3
12-13 01:28:56.043   717  1402 D PackageManager: START CLEAR APPLICATION USER DATA: observer{1138571880}
12-13 01:28:56.043   717  1402 D PackageManager: pkg{<packageName>}
12-13 01:28:56.043   717  1402 D PackageManager: user{0}
12-13 01:28:56.043   717   963 D PackageManager: [MSG] CLEAR_APPLICATION_USER_DATA
12-13 01:28:56.053 13019 13019 I GeofencerStateMachine: removeGeofences: removeRequest=RemoveGeofencingRequest[REMOVE_ALL packageName=com.trellis]
12-13 01:28:56.053   717   968 I ServiceKeeper: In getappinfo pid = 717 pkgName = android appinfo = null
12-13 01:28:56.053   717   968 I ServiceKeeper: In getseinfo pid = 717 uid = 1000 seinfo= system
12-13 01:28:56.053   717   968 I ServiceKeeper: In getappinfo pid = 717 pkgName = android appinfo = null
12-13 01:28:56.053   717   968 I ServiceKeeper: In getseinfo pid = 717 uid = 1000 seinfo= system
12-13 01:28:56.053  1672  1672 D daemonapp: [MSC_Daemon]>>> AWDCDS:27 [0:0] AWD CD Act : androidintentactionPACKAGE_RESTARTED
12-13 01:28:56.053  1259  1259 I PersonaManager: getPersonaService() name persona_policy
12-13 01:28:56.063  2902  2902 I SQLiteSecureOpenHelper: getWritableDatabase(pwd)
12-13 01:28:56.063  2902  2902 I SQLiteSecureOpenHelper: getDatabaseLocked(b,b,pwd)...
12-13 01:28:56.083 15350 15350 I SELinux : Function: selinux_android_load_priority [0], There is no sepolicy file.
12-13 01:28:56.083 15350 15350 I SELinux :  
12-13 01:28:56.083 15338 15338 D AndroidRuntime: Shutting down VM
12-13 01:28:56.083   717   963 D PackageManager: return delete result to caller: 1138571880
12-13 01:28:56.083   717   963 D PackageManager: returnCode: true
12-13 01:28:56.093 15338 15343 D dalvikvm: GC_CONCURRENT freed 97K, 13% free 677K/776K, paused 0ms+1ms, total 2ms
12-13 01:28:56.103  2902  2902 I SQLiteSecureOpenHelper: getWritableDatabase(pwd)
12-13 01:28:56.103  2902  2902 I SQLiteSecureOpenHelper: getDatabaseLocked(b,b,pwd)...
12-13 01:28:56.113 15350 15350 I SELinux : Function: selinux_android_load_priority , spota verifySig and checkHash pass. priority version is VE=SEPF_SM-G900T_4.4.2_0055
12-13 01:28:56.113 15350 15350 I SELinux :  
12-13 01:28:56.113 15350 15350 I SELinux :  
12-13 01:28:56.113 15350 15350 I SELinux : selinux_android_seapp_context_reload: seapp_contexts file is loaded from /data/security/spota/seapp_contexts
12-13 01:28:56.113 15350 15350 E dalvikvm: >>>>> Normal User
12-13 01:28:56.113 15350 15350 E dalvikvm: >>>>> com.android.documentsui [ userId:0 | appId:10101 ]
12-13 01:28:56.143  2902  2902 I SQLiteSecureOpenHelper: getWritableDatabase(pwd)
12-13 01:28:56.143  2902  2902 I SQLiteSecureOpenHelper: getDatabaseLocked(b,b,pwd)...
12-13 01:28:56.153  7789  7793 D dalvikvm: GC_CONCURRENT freed 1936K, 36% free 17330K/26744K, paused 1ms+2ms, total 16ms
12-13 01:28:56.153 15350 15363 D Documents: Loading roots for com.android.externalstorage.documents
12-13 01:28:56.153   717  1285 I ActivityManager: Killing 14494:com.google.android.partnersetup/u0a18 (adj 15): empty #31
12-13 01:28:56.183 15364 15364 I SELinux : Function: selinux_android_load_priority [0], There is no sepolicy file.
12-13 01:28:56.183 15364 15364 I SELinux :  
12-13 01:28:56.193  1672  1672 D daemonapp: [MSC_Daemon]>>> AWDCDS:27 [0:0] AWD CD Act : androidintentactionPACKAGE_DATA_CLEARED
12-13 01:28:56.203  2902  2902 I SQLiteSecureOpenHelper: getWritableDatabase(pwd)
12-13 01:28:56.203  2902  2902 I SQLiteSecureOpenHelper: getDatabaseLocked(b,b,pwd)...
12-13 01:28:56.203 15364 15364 I SELinux : Function: selinux_android_load_priority , spota verifySig and checkHash pass. priority version is VE=SEPF_SM-G900T_4.4.2_0055
12-13 01:28:56.203 15364 15364 I SELinux :  
12-13 01:28:56.203 15364 15364 I SELinux :  
12-13 01:28:56.203 15364 15364 I SELinux : selinux_android_seapp_context_reload: seapp_contexts file is loaded from /data/security/spota/seapp_contexts
12-13 01:28:56.203 15364 15364 E dalvikvm: >>>>> Normal User
12-13 01:28:56.203 15364 15364 E dalvikvm: >>>>> com.android.externalstorage [ userId:0 | appId:10013 ]
12-13 01:28:56.223 13223 15380 D Wear_Controller: Received broadcast action=android.intent.action.PACKAGE_DATA_CLEARED and uri=com.trellis
12-13 01:28:56.223 13223 15381 I LocationSettingsChecker: Removing dialog suppression flag for package com.trellis
12-13 01:28:56.233   717   968 I ServiceKeeper: In getappinfo pid = 717 pkgName = android appinfo = null
12-13 01:28:56.233   717   968 I ServiceKeeper: In getseinfo pid = 717 uid = 1000 seinfo= system
12-13 01:28:56.233   717  1285 I ActivityManager: Killing 14511:com.samsung.groupcast/u0a19 (adj 15): empty #31
12-13 01:28:56.243   717   968 I ServiceKeeper: In getappinfo pid = 717 pkgName = android appinfo = null
12-13 01:28:56.243   717   968 I ServiceKeeper: In getseinfo pid = 717 uid = 1000 seinfo= system
12-13 01:28:56.243   717   968 I ServiceKeeper: In getappinfo pid = 717 pkgName = android appinfo = null
12-13 01:28:56.243   717   968 I ServiceKeeper: In getseinfo pid = 717 uid = 1000 seinfo= system
12-13 01:28:56.243 13223 13410 I Icing   : doRemovePackageData com.trellis
12-13 01:28:56.253   717   968 I ServiceKeeper: In getappinfo pid = 717 pkgName = android appinfo = null
12-13 01:28:56.253   717   968 I ServiceKeeper: In getseinfo pid = 717 uid = 1000 seinfo= system
12-13 01:28:56.253   717   968 I ServiceKeeper: In getappinfo pid = 717 pkgName = android appinfo = null
12-13 01:28:56.253   717   968 I ServiceKeeper: In getseinfo pid = 717 uid = 1000 seinfo= system
12-13 01:28:56.263  2902  2902 I SQLiteSecureOpenHelper: getWritableDatabase(pwd)
12-13 01:28:56.263  2902  2902 I SQLiteSecureOpenHelper: getDatabaseLocked(b,b,pwd)...
12-13 01:28:56.263 15364 15364 D ExternalStorage: After updating volumes, found 1 active roots
12-13 01:28:56.263 15350 15350 D Documents: Updating roots due to change at content://com.android.externalstorage.documents/root
12-13 01:28:56.273 13019 13023 D dalvikvm: GC_CONCURRENT freed 2811K, 29% free 21134K/29616K, paused 3ms+5ms, total 45ms
12-13 01:28:56.283 15350 15363 D Documents: Loading roots for com.android.providers.downloads.documents
12-13 01:28:56.283 15350 15363 D Documents: Loading roots for com.android.providers.media.documents
12-13 01:28:56.303  2902  2902 I SQLiteSecureOpenHelper: getWritableDatabase(pwd)
12-13 01:28:56.303  2902  2902 I SQLiteSecureOpenHelper: getDatabaseLocked(b,b,pwd)...
12-13 01:28:56.303   717   968 I ServiceKeeper: In getappinfo pid = 717 pkgName = android appinfo = null
12-13 01:28:56.303   717   968 I ServiceKeeper: In getseinfo pid = 717 uid = 1000 seinfo= system
12-13 01:28:56.303   717   968 I ServiceKeeper: In getappinfo pid = 717 pkgName = android appinfo = null
12-13 01:28:56.303   717   968 I ServiceKeeper: In getseinfo pid = 717 uid = 1000 seinfo= system
12-13 01:28:56.303   717   968 I ServiceKeeper: In getappinfo pid = 717 pkgName = android appinfo = null
12-13 01:28:56.303   717   968 I ServiceKeeper: In getseinfo pid = 717 uid = 1000 seinfo= system
12-13 01:28:56.303   717   968 I ServiceKeeper: In getappinfo pid = 717 pkgName = android appinfo = null
12-13 01:28:56.303 15350 15363 D Documents: Loading roots for com.google.android.apps.docs.storage
12-13 01:28:56.303   717   968 I ServiceKeeper: In getseinfo pid = 717 uid = 1000 seinfo= system
12-13 01:28:56.313   717   968 I ServiceKeeper: In getappinfo pid = 717 pkgName = android appinfo = null
12-13 01:28:56.313   717   968 I ServiceKeeper: In getseinfo pid = 717 uid = 1000 seinfo= system
12-13 01:28:56.333 15389 15389 I SELinux : Function: selinux_android_load_priority [0], There is no sepolicy file.
12-13 01:28:56.333 15389 15389 I SELinux :  
12-13 01:28:56.343  2902  2902 I SQLiteSecureOpenHelper: getWritableDatabase(pwd)
12-13 01:28:56.343  2902  2902 I SQLiteSecureOpenHelper: getDatabaseLocked(b,b,pwd)...
12-13 01:28:56.353   269   269 D dalvikvm: GC_EXPLICIT freed 42K, 38% free 16811K/26744K, paused 2ms+2ms, total 21ms
12-13 01:28:56.353 15389 15389 I SELinux : Function: selinux_android_load_priority , spota verifySig and checkHash pass. priority version is VE=SEPF_SM-G900T_4.4.2_0055
12-13 01:28:56.353 15389 15389 I SELinux :  
12-13 01:28:56.353 15389 15389 I SELinux :  
12-13 01:28:56.353 15389 15389 I SELinux : selinux_android_seapp_context_reload: seapp_contexts file is loaded from /data/security/spota/seapp_contexts
12-13 01:28:56.363 15389 15389 E dalvikvm: >>>>> Normal User
12-13 01:28:56.363 15389 15389 E dalvikvm: >>>>> com.google.android.apps.docs [ userId:0 | appId:10102 ]
12-13 01:28:56.363   269   269 D dalvikvm: GC_EXPLICIT freed <1K, 38% free 16811K/26744K, paused 1ms+2ms, total 15ms
12-13 01:28:56.383   269   269 D dalvikvm: GC_EXPLICIT freed <1K, 38% free 16811K/26744K, paused 1ms+2ms, total 14ms
12-13 01:28:56.383  2902  2902 I SQLiteSecureOpenHelper: getWritableDatabase(pwd)
12-13 01:28:56.383  2902  2902 I SQLiteSecureOpenHelper: getDatabaseLocked(b,b,pwd)...
12-13 01:28:56.383   717   961 I ActivityManager: Killing 14528:com.android.musicfx/u0a28 (adj 15): empty #31
12-13 01:28:56.413  2902  2902 I SQLiteSecureOpenHelper: getWritableDatabase(pwd)
12-13 01:28:56.413  2902  2902 I SQLiteSecureOpenHelper: getDatabaseLocked(b,b,pwd)...
12-13 01:28:56.433 15389 15389 E dalvikvm: Could not find class 'android.provider.DocumentsContract$Path', referenced from method com.google.android.apps.docs.storagebackend.StorageBackendContentProvider.a
12-13 01:28:56.433 15389 15389 W dalvikvm: VFY: unable to resolve new-instance 936 (Landroid/provider/DocumentsContract$Path;) in Lcom/google/android/apps/docs/storagebackend/StorageBackendContentProvider;
12-13 01:28:56.433 15389 15389 D dalvikvm: VFY: replacing opcode 0x22 at 0x0089
12-13 01:28:56.443 15389 15389 I dalvikvm: Could not find method frh.refresh, referenced from method com.google.android.apps.docs.storagebackend.StorageBackendContentProvider.refresh
12-13 01:28:56.443 15389 15389 W dalvikvm: VFY: unable to resolve virtual method 38100: Lfrh;.refresh (Landroid/net/Uri;Landroid/os/Bundle;Landroid/os/CancellationSignal;)Z
12-13 01:28:56.443 15389 15389 D dalvikvm: VFY: replacing opcode 0x6f at 0x0007
12-13 01:28:56.443 15389 15389 D dalvikvm: DexOpt: unable to opt direct call 0x1053 at 0x8b in Lcom/google/android/apps/docs/storagebackend/StorageBackendContentProvider;.a
12-13 01:28:56.443  2902  2902 I SQLiteSecureOpenHelper: getWritableDatabase(pwd)
12-13 01:28:56.453  2902  2902 I SQLiteSecureOpenHelper: getDatabaseLocked(b,b,pwd)...
12-13 01:28:56.453 15389 15389 I dalvikvm: Could not find method android.content.Context.getDrawable, referenced from method in.a
12-13 01:28:56.453 15389 15389 W dalvikvm: VFY: unable to resolve virtual method 2767: Landroid/content/Context;.getDrawable (I)Landroid/graphics/drawable/Drawable;
12-13 01:28:56.453 15389 15389 D dalvikvm: VFY: replacing opcode 0x6e at 0x0006
12-13 01:28:56.453 15389 15389 I dalvikvm: Could not find method android.content.Context.isDeviceProtectedStorage, referenced from method in.a
12-13 01:28:56.453 15389 15389 W dalvikvm: VFY: unable to resolve virtual method 2783: Landroid/content/Context;.isDeviceProtectedStorage ()Z
12-13 01:28:56.453 15389 15389 D dalvikvm: VFY: replacing opcode 0x6e at 0x0006
12-13 01:28:56.453 15389 15389 I dalvikvm: Could not find method android.content.Context.getColorStateList, referenced from method in.b
12-13 01:28:56.453 15389 15389 W dalvikvm: VFY: unable to resolve virtual method 2762: Landroid/content/Context;.getColorStateList (I)Landroid/content/res/ColorStateList;
12-13 01:28:56.453 15389 15389 D dalvikvm: VFY: replacing opcode 0x6e at 0x0006
12-13 01:28:56.453 15389 15389 I dalvikvm: Could not find method android.content.Context.getColor, referenced from method in.c
12-13 01:28:56.453 15389 15389 W dalvikvm: VFY: unable to resolve virtual method 2761: Landroid/content/Context;.getColor (I)I
12-13 01:28:56.453 15389 15389 D dalvikvm: VFY: replacing opcode 0x6e at 0x0006
12-13 01:28:56.483  2902  2902 I SQLiteSecureOpenHelper: getWritableDatabase(pwd)
12-13 01:28:56.483  2902  2902 I SQLiteSecureOpenHelper: getDatabaseLocked(b,b,pwd)...
12-13 01:28:56.513  2902  2902 I SQLiteSecureOpenHelper: getWritableDatabase(pwd)
12-13 01:28:56.513  2902  2902 I SQLiteSecureOpenHelper: getDatabaseLocked(b,b,pwd)...
12-13 01:28:56.533 15389 15389 W dalvikvm: Unable to resolve superclass of Lcom/google/android/apps/docs/notification/guns/GcmJobService; (592)
12-13 01:28:56.533 15389 15389 W dalvikvm: Link of class 'Lcom/google/android/apps/docs/notification/guns/GcmJobService;' failed
12-13 01:28:56.533 15389 15389 W dalvikvm: VFY: unable to find class referenced in signature (Lcom/google/android/apps/docs/notification/guns/GcmJobService;)
12-13 01:28:56.533 15389 15389 W dalvikvm: Unable to resolve superclass of Lcom/google/android/apps/docs/notification/guns/GcmJobService; (592)
12-13 01:28:56.533 15389 15389 W dalvikvm: Link of class 'Lcom/google/android/apps/docs/notification/guns/GcmJobService;' failed
12-13 01:28:56.533 15389 15389 W dalvikvm: VFY: unable to resolve instance field 11971
12-13 01:28:56.533 15389 15389 D dalvikvm: VFY: replacing opcode 0x5b at 0x0008
12-13 01:28:56.533 15389 15389 I dalvikvm: Could not find method java.util.Locale.toLanguageTag, referenced from method drz.a
12-13 01:28:56.533 15389 15389 W dalvikvm: VFY: unable to resolve virtual method 49887: Ljava/util/Locale;.toLanguageTag ()Ljava/lang/String;
12-13 01:28:56.533 15389 15389 D dalvikvm: VFY: replacing opcode 0x6e at 0x00ca
12-13 01:28:56.543 15389 15389 W dalvikvm: Unable to resolve superclass of Lcom/google/android/apps/docs/notification/guns/GcmJobService; (592)
12-13 01:28:56.543 15389 15389 W dalvikvm: Link of class 'Lcom/google/android/apps/docs/notification/guns/GcmJobService;' failed
12-13 01:28:56.543  2902  2902 I SQLiteSecureOpenHelper: getWritableDatabase(pwd)
12-13 01:28:56.543  2902  2902 I SQLiteSecureOpenHelper: getDatabaseLocked(b,b,pwd)...
12-13 01:28:56.553 15389 15389 I dalvikvm: DexOpt: unable to optimize instance field ref 0x2ec4 at 0x12 in Ldrz;.a
12-13 01:28:56.583  2902  2902 I SQLiteSecureOpenHelper: getWritableDatabase(pwd)
12-13 01:28:56.583  2902  2902 I SQLiteSecureOpenHelper: getDatabaseLocked(b,b,pwd)...
12-13 01:28:56.593 15389 15389 I dalvikvm: Could not find method java.util.Locale.toLanguageTag, referenced from method azc.a
12-13 01:28:56.593 15389 15389 W dalvikvm: VFY: unable to resolve virtual method 49887: Ljava/util/Locale;.toLanguageTag ()Ljava/lang/String;
12-13 01:28:56.593 15389 15389 D dalvikvm: VFY: replacing opcode 0x6e at 0x000e
12-13 01:28:56.613  2902  2902 I SQLiteSecureOpenHelper: getWritableDatabase(pwd)
12-13 01:28:56.613  2902  2902 I SQLiteSecureOpenHelper: getDatabaseLocked(b,b,pwd)...
12-13 01:28:56.653  2902  2902 I SQLiteSecureOpenHelper: getWritableDatabase(pwd)
12-13 01:28:56.653  2902  2902 I SQLiteSecureOpenHelper: getDatabaseLocked(b,b,pwd)...
12-13 01:28:56.653 15389 15407 I dalvikvm: Could not find method android.content.pm.PackageManager.getPackageInstaller, referenced from method ijj.a
12-13 01:28:56.653 15389 15407 W dalvikvm: VFY: unable to resolve virtual method 2942: Landroid/content/pm/PackageManager;.getPackageInstaller ()Landroid/content/pm/PackageInstaller;
12-13 01:28:56.653 15389 15407 D dalvikvm: VFY: replacing opcode 0x6e at 0x0012
12-13 01:28:56.653 15389 15407 I GAv4    : Google Analytics 11.0.11 is starting up. To enable debug logging on a device run:
12-13 01:28:56.653 15389 15407 I GAv4    :   adb shell setprop log.tag.GAv4 DEBUG
12-13 01:28:56.653 15389 15407 I GAv4    :   adb logcat -s GAv4
12-13 01:28:56.663 15389 15407 I PersonaManager: getPersonaService() name persona_policy
12-13 01:28:56.683 15389 15389 W FieldDefinition: Ignoring isIndexed constraint as field also has uniqueness constraint (on just this field, and therefore SQLite will have to create an index on that. For field: com.google.android.apps.docs.database.common.FieldDefinition$a@42b3fa20
12-13 01:28:56.683 15389 15407 W CoreComponentFactoryImpl: RetainedComponent will not be retained if  djl does not inherit FragmentActivity and fulfill jpt contract.
12-13 01:28:56.683 15389 15410 W GAv4    : AnalyticsReceiver is not registered or is disabled. Register the receiver for reliable dispatching on non-Google Play devices. See http://goo.gl/8Rd3yj for instructions.
12-13 01:28:56.683  2902  2902 I SQLiteSecureOpenHelper: getWritableDatabase(pwd)
12-13 01:28:56.683  2902  2902 I SQLiteSecureOpenHelper: getDatabaseLocked(b,b,pwd)...
12-13 01:28:56.723  2902  2902 I SQLiteSecureOpenHelper: getWritableDatabase(pwd)
12-13 01:28:56.723  2902  2902 I SQLiteSecureOpenHelper: getDatabaseLocked(b,b,pwd)...
12-13 01:28:56.753  2902  2902 I SQLiteSecureOpenHelper: getWritableDatabase(pwd)
12-13 01:28:56.753  2902  2902 I SQLiteSecureOpenHelper: getDatabaseLocked(b,b,pwd)...
12-13 01:28:56.793  2902  2902 I SQLiteSecureOpenHelper: getWritableDatabase(pwd)
12-13 01:28:56.793  2902  2902 I SQLiteSecureOpenHelper: getDatabaseLocked(b,b,pwd)...
12-13 01:28:56.803 15403 15403 D AndroidRuntime: 
12-13 01:28:56.803 15403 15403 D AndroidRuntime: >>>>>> AndroidRuntime START com.android.internal.os.RuntimeInit <<<<<<
12-13 01:28:56.803 15403 15403 D AndroidRuntime: CheckJNI is OFF
12-13 01:28:56.803 15403 15403 D AndroidRuntime: setted country_code = USA
12-13 01:28:56.803 15403 15403 D AndroidRuntime: setted countryiso_code = US
12-13 01:28:56.813 15403 15403 D AndroidRuntime: setted sales_code = TMB
12-13 01:28:56.813 15403 15403 D AndroidRuntime: readGMSProperty: start
12-13 01:28:56.813 15403 15403 D AndroidRuntime: readGMSProperty: already setted!!
12-13 01:28:56.813 15403 15403 D AndroidRuntime: readGMSProperty: end
12-13 01:28:56.813 15403 15403 D AndroidRuntime: addProductProperty: start
12-13 01:28:56.823 15403 15403 D dalvikvm: Trying to load lib libjavacore.so 0x0
12-13 01:28:56.823 15403 15403 D dalvikvm: Added shared lib libjavacore.so 0x0
12-13 01:28:56.823 15403 15403 D dalvikvm: Trying to load lib libnativehelper.so 0x0
12-13 01:28:56.823 15403 15403 D dalvikvm: Added shared lib libnativehelper.so 0x0
12-13 01:28:56.823 15403 15403 D dalvikvm: No JNI_OnLoad found in libnativehelper.so 0x0, skipping init
12-13 01:28:56.823 15389 15410 W GAv4    : CampaignTrackingReceiver is not registered, not exported or is disabled. Installation campaign tracking is not possible. See http://goo.gl/8Rd3yj for instructions.
12-13 01:28:56.833  2902  2902 I SQLiteSecureOpenHelper: getWritableDatabase(pwd)
12-13 01:28:56.833  2902  2902 I SQLiteSecureOpenHelper: getDatabaseLocked(b,b,pwd)...
12-13 01:28:56.833 15389 15410 W GAv4    : AnalyticsService not registered in the app manifest. Hits might not be delivered reliably. See http://goo.gl/8Rd3yj for instructions.
12-13 01:28:56.873 15389 15407 I dalvikvm: Could not find method java.util.Locale.toLanguageTag, referenced from method drx.a
12-13 01:28:56.873 15389 15407 W dalvikvm: VFY: unable to resolve virtual method 49887: Ljava/util/Locale;.toLanguageTag ()Ljava/lang/String;
12-13 01:28:56.873 15389 15407 D dalvikvm: VFY: replacing opcode 0x6e at 0x02d6
12-13 01:28:56.873 15389 15389 W dalvikvm: Unable to resolve superclass of Lcom/google/android/apps/docs/sync/content/ContentSyncJobService; (592)
12-13 01:28:56.873 15389 15389 W dalvikvm: Link of class 'Lcom/google/android/apps/docs/sync/content/ContentSyncJobService;' failed
12-13 01:28:56.873 15389 15389 I dalvikvm: Could not find method com.google.android.apps.docs.sync.content.ContentSyncJobService.a, referenced from method fur.a
12-13 01:28:56.873 15389 15389 W dalvikvm: VFY: unable to resolve static method 20602: Lcom/google/android/apps/docs/sync/content/ContentSyncJobService;.a (Landroid/content/Context;Lfui;)V
12-13 01:28:56.873 15389 15389 D dalvikvm: VFY: replacing opcode 0x71 at 0x0010
12-13 01:28:56.893  2902  2902 I SQLiteSecureOpenHelper: getWritableDatabase(pwd)
12-13 01:28:56.893  2902  2902 I SQLiteSecureOpenHelper: getDatabaseLocked(b,b,pwd)...
12-13 01:28:56.893 15389 15407 I dalvikvm: Could not find method java.util.Locale.toLanguageTag, referenced from method drx.a
12-13 01:28:56.893 15389 15407 W dalvikvm: VFY: unable to resolve virtual method 49887: Ljava/util/Locale;.toLanguageTag ()Ljava/lang/String;
12-13 01:28:56.893 15389 15407 D dalvikvm: VFY: replacing opcode 0x6e at 0x00e2
12-13 01:28:56.903 15389 15389 W dalvikvm: Unable to resolve superclass of Lcom/google/android/apps/docs/appindexing/AppIndexingJobService; (592)
12-13 01:28:56.903 15389 15389 W dalvikvm: Link of class 'Lcom/google/android/apps/docs/appindexing/AppIndexingJobService;' failed
12-13 01:28:56.903 15389 15389 I dalvikvm: Could not find method com.google.android.apps.docs.appindexing.AppIndexingJobService.a, referenced from method aub.a
12-13 01:28:56.903 15389 15389 W dalvikvm: VFY: unable to resolve static method 16136: Lcom/google/android/apps/docs/appindexing/AppIndexingJobService;.a (Landroid/content/Context;ZJZ)V
12-13 01:28:56.903 15389 15389 D dalvikvm: VFY: replacing opcode 0x71 at 0x001d
12-13 01:28:56.903 15389 15389 W dalvikvm: Unable to resolve superclass of Lcom/google/android/apps/docs/appindexing/AppIndexingJobService; (592)
12-13 01:28:56.903 15389 15389 W dalvikvm: Link of class 'Lcom/google/android/apps/docs/appindexing/AppIndexingJobService;' failed
12-13 01:28:56.903 15389 15389 I dalvikvm: Could not find method com.google.android.apps.docs.appindexing.AppIndexingJobService.a, referenced from method aub.b
12-13 01:28:56.903 15389 15389 W dalvikvm: VFY: unable to resolve static method 16136: Lcom/google/android/apps/docs/appindexing/AppIndexingJobService;.a (Landroid/content/Context;ZJZ)V
12-13 01:28:56.903 15389 15389 D dalvikvm: VFY: replacing opcode 0x71 at 0x000d
12-13 01:28:56.913   717   968 I ServiceKeeper: In getappinfo pid = 717 pkgName = android appinfo = null
12-13 01:28:56.913   717   968 I ServiceKeeper: In getseinfo pid = 717 uid = 1000 seinfo= system
12-13 01:28:56.913   717   968 I ServiceKeeper: In getappinfo pid = 717 pkgName = android appinfo = null
12-13 01:28:56.913 15389 15389 E dalvikvm: Could not find class 'android.app.NotificationChannel', referenced from method ewv.a
12-13 01:28:56.913 15389 15389 W dalvikvm: VFY: unable to resolve new-instance 572 (Landroid/app/NotificationChannel;) in Lewv;
12-13 01:28:56.913 15389 15389 D dalvikvm: VFY: replacing opcode 0x22 at 0x001a
12-13 01:28:56.913   717   968 I ServiceKeeper: In getseinfo pid = 717 uid = 1000 seinfo= system
12-13 01:28:56.913 15389 15389 E dalvikvm: Could not find class 'android.app.NotificationChannel', referenced from method ewv.a
12-13 01:28:56.913 15389 15389 W dalvikvm: VFY: unable to resolve new-instance 572 (Landroid/app/NotificationChannel;) in Lewv;
12-13 01:28:56.913 15389 15389 D dalvikvm: VFY: replacing opcode 0x22 at 0x002b
12-13 01:28:56.913 15389 15389 I dalvikvm: Could not find method android.app.NotificationManager.createNotificationChannels, referenced from method ewv.a
12-13 01:28:56.913 15389 15389 W dalvikvm: VFY: unable to resolve virtual method 2311: Landroid/app/NotificationManager;.createNotificationChannels (Ljava/util/List;)V
12-13 01:28:56.913 15389 15389 D dalvikvm: VFY: replacing opcode 0x6e at 0x0055
12-13 01:28:56.913 15389 15389 D dalvikvm: DexOpt: unable to opt direct call 0x0902 at 0x26 in Lewv;.a
12-13 01:28:56.913 15389 15389 D dalvikvm: DexOpt: unable to opt direct call 0x0902 at 0x37 in Lewv;.a
12-13 01:28:56.923 15403 15403 E memtrack: Couldn't load memtrack module (No such file or directory)
12-13 01:28:56.923 15403 15403 E android.os.Debug: failed to load memtrack module: -2
12-13 01:28:56.943 15403 15403 D dalvikvm: Note: class Landroid/app/ActivityManagerNative; has 192 unimplemented (abstract) methods
12-13 01:28:56.963  2902  2902 I SQLiteSecureOpenHelper: getWritableDatabase(pwd)
12-13 01:28:56.963  2902  2902 I SQLiteSecureOpenHelper: getDatabaseLocked(b,b,pwd)...
12-13 01:28:56.983 15403 15403 D AndroidRuntime: Calling main entry com.android.commands.pm.Pm
12-13 01:28:56.983 15350 15363 D Documents: Update found 6 roots in 834ms
12-13 01:28:56.993 15350 15431 D Documents: Loading roots for com.android.externalstorage.documents
12-13 01:28:57.003 15350 15350 D Documents: Updating roots due to change at content://com.google.android.apps.docs.storage/root
12-13 01:28:57.013 15350 15433 D Documents: Used cached roots for com.android.externalstorage.documents
12-13 01:28:57.013 15350 15433 D Documents: Used cached roots for com.android.providers.downloads.documents
12-13 01:28:57.013 15350 15433 D Documents: Used cached roots for com.android.providers.media.documents
12-13 01:28:57.013 15350 15433 D Documents: Loading roots for com.google.android.apps.docs.storage
12-13 01:28:57.013 15350 15433 D Documents: Update found 6 roots in 14ms
12-13 01:28:57.033  2902  2902 I SQLiteSecureOpenHelper: getWritableDatabase(pwd)
12-13 01:28:57.033  2902  2902 I SQLiteSecureOpenHelper: getDatabaseLocked(b,b,pwd)...
12-13 01:28:57.043 15350 15431 D Documents: Used cached roots for com.android.providers.downloads.documents
12-13 01:28:57.043 15350 15431 D Documents: Used cached roots for com.android.providers.media.documents
12-13 01:28:57.043 15350 15431 D Documents: Loading roots for com.google.android.apps.docs.storage
12-13 01:28:57.053  7789  7793 D dalvikvm: GC_CONCURRENT freed 1931K, 36% free 17332K/26744K, paused 2ms+2ms, total 28ms
12-13 01:28:57.063 15350 15431 D Documents: Update found 6 roots in 75ms
12-13 01:28:57.093  2902  2902 I SQLiteSecureOpenHelper: getWritableDatabase(pwd)
12-13 01:28:57.093  2902  2902 I SQLiteSecureOpenHelper: getDatabaseLocked(b,b,pwd)...
12-13 01:28:57.133  2902  2902 I SQLiteSecureOpenHelper: getWritableDatabase(pwd)
12-13 01:28:57.133  2902  2902 I SQLiteSecureOpenHelper: getDatabaseLocked(b,b,pwd)...
12-13 01:28:57.153 15403 15403 D AndroidRuntime: Shutting down VM
12-13 01:28:57.153 15403 15422 D dalvikvm: GC_CONCURRENT freed 680K, 49% free 716K/1400K, paused 1ms+0ms, total 3ms
12-13 01:28:57.173  2902  2902 I SQLiteSecureOpenHelper: getWritableDatabase(pwd)
12-13 01:28:57.173  2902  2902 I SQLiteSecureOpenHelper: getDatabaseLocked(b,b,pwd)...
12-13 01:28:57.193 13019 13591 W Conscrypt: Could not set socket write timeout:
12-13 01:28:57.193 13019 13591 W Conscrypt:    java.lang.reflect.Method.invokeNative(Native Method)
12-13 01:28:57.193 13019 13591 W Conscrypt:    java.lang.reflect.Method.invoke(Method.java:515)
12-13 01:28:57.203  2902  2902 I SQLiteSecureOpenHelper: getWritableDatabase(pwd)
12-13 01:28:57.203  2902  2902 I SQLiteSecureOpenHelper: getDatabaseLocked(b,b,pwd)...
12-13 01:28:57.223 13019 13591 W Conscrypt: Could not set socket write timeout:
12-13 01:28:57.223 13019 13591 W Conscrypt:    java.lang.reflect.Method.invokeNative(Native Method)
12-13 01:28:57.223 13019 13591 W Conscrypt:    java.lang.reflect.Method.invoke(Method.java:515)
12-13 01:28:57.233  2902  2902 I SQLiteSecureOpenHelper: getWritableDatabase(pwd)
12-13 01:28:57.233  2902  2902 I SQLiteSecureOpenHelper: getDatabaseLocked(b,b,pwd)...
12-13 01:28:57.273  2902  2902 I SQLiteSecureOpenHelper: getWritableDatabase(pwd)
12-13 01:28:57.273  2902  2902 I SQLiteSecureOpenHelper: getDatabaseLocked(b,b,pwd)...
12-13 01:28:57.303  2902  2902 I SQLiteSecureOpenHelper: getWritableDatabase(pwd)
12-13 01:28:57.303  2902  2902 I SQLiteSecureOpenHelper: getDatabaseLocked(b,b,pwd)...
12-13 01:28:57.333   717   968 I ServiceKeeper: In getappinfo pid = 717 pkgName = android appinfo = null
12-13 01:28:57.333   717   968 I ServiceKeeper: In getseinfo pid = 717 uid = 1000 seinfo= system
12-13 01:28:57.333  2902  2902 I SQLiteSecureOpenHelper: getWritableDatabase(pwd)
12-13 01:28:57.333  2902  2902 I SQLiteSecureOpenHelper: getDatabaseLocked(b,b,pwd)...
12-13 01:28:57.353   717   968 I ServiceKeeper: In getappinfo pid = 717 pkgName = android appinfo = null
12-13 01:28:57.353   717   968 I ServiceKeeper: In getseinfo pid = 717 uid = 1000 seinfo= system
12-13 01:28:57.373   717   968 I ServiceKeeper: In getappinfo pid = 717 pkgName = android appinfo = null
12-13 01:28:57.373   717   968 I ServiceKeeper: In getseinfo pid = 717 uid = 1000 seinfo= system
12-13 01:28:57.383   717   968 I ServiceKeeper: In getappinfo pid = 717 pkgName = android appinfo = null
12-13 01:28:57.383   717   968 I ServiceKeeper: In getseinfo pid = 717 uid = 1000 seinfo= system
12-13 01:28:57.383   717   968 I ServiceKeeper: In getappinfo pid = 717 pkgName = android appinfo = null
12-13 01:28:57.383   717   968 I ServiceKeeper: In getseinfo pid = 717 uid = 1000 seinfo= system
12-13 01:28:57.383  2902  2902 I SQLiteSecureOpenHelper: getWritableDatabase(pwd)
12-13 01:28:57.383  2902  2902 I SQLiteSecureOpenHelper: getDatabaseLocked(b,b,pwd)...
12-13 01:28:57.403   717   968 I ServiceKeeper: In getappinfo pid = 717 pkgName = android appinfo = null
12-13 01:28:57.403   717   968 I ServiceKeeper: In getseinfo pid = 717 uid = 1000 seinfo= system
12-13 01:28:57.423   717   968 I ServiceKeeper: In getappinfo pid = 717 pkgName = android appinfo = null
12-13 01:28:57.423   717   968 I ServiceKeeper: In getseinfo pid = 717 uid = 1000 seinfo= system
12-13 01:28:57.423   717   968 I ServiceKeeper: In getappinfo pid = 717 pkgName = android appinfo = null
12-13 01:28:57.423   717   968 I ServiceKeeper: In getseinfo pid = 717 uid = 1000 seinfo= system
12-13 01:28:57.423   717   968 I ServiceKeeper: In getappinfo pid = 717 pkgName = android appinfo = null
12-13 01:28:57.423   717   968 I ServiceKeeper: In getseinfo pid = 717 uid = 1000 seinfo= system
12-13 01:28:57.423   717   968 I ServiceKeeper: In getappinfo pid = 717 pkgName = android appinfo = null
12-13 01:28:57.423   717   968 I ServiceKeeper: In getseinfo pid = 717 uid = 1000 seinfo= system
12-13 01:28:57.423  2902  2902 I SQLiteSecureOpenHelper: getWritableDatabase(pwd)
12-13 01:28:57.423  2902  2902 I SQLiteSecureOpenHelper: getDatabaseLocked(b,b,pwd)...
12-13 01:28:57.433 13019 13655 I zgp     : Scheduling Phenotype for a PhenotypeSyncImmediately(6, com.google.android.gms.playlog.uploader) one off with window [1, 2] in seconds
12-13 01:28:57.453   717   968 I ServiceKeeper: In getappinfo pid = 717 pkgName = android appinfo = null
12-13 01:28:57.453   717   968 I ServiceKeeper: In getseinfo pid = 717 uid = 1000 seinfo= system
12-13 01:28:57.473 15437 15437 I SELinux : Function: selinux_android_load_priority [0], There is no sepolicy file.
12-13 01:28:57.473 15437 15437 I SELinux :  
12-13 01:28:57.493  2902  2902 I SQLiteSecureOpenHelper: getWritableDatabase(pwd)
12-13 01:28:57.493  2902  2902 I SQLiteSecureOpenHelper: getDatabaseLocked(b,b,pwd)...
12-13 01:28:57.493 13019 13023 D dalvikvm: GC_CONCURRENT freed 2056K, 29% free 21125K/29616K, paused 2ms+4ms, total 35ms
12-13 01:28:57.493 13019 13655 D dalvikvm: WAIT_FOR_CONCURRENT_GC blocked 20ms
12-13 01:28:57.493 13019 13030 D dalvikvm: WAIT_FOR_CONCURRENT_GC blocked 17ms
12-13 01:28:57.493 13019 13019 D dalvikvm: WAIT_FOR_CONCURRENT_GC blocked 18ms
12-13 01:28:57.493 13019 13591 D dalvikvm: WAIT_FOR_CONCURRENT_GC blocked 17ms
12-13 01:28:57.493 13019 13591 I zgp     : Scheduling Phenotype for a PhenotypeSyncImmediately(13, com.google.apps.drive.android) one off with window [1, 2] in seconds
12-13 01:28:57.493 13019 13743 D dalvikvm: WAIT_FOR_CONCURRENT_GC blocked 15ms
12-13 01:28:57.503 15437 15437 I SELinux : Function: selinux_android_load_priority , spota verifySig and checkHash pass. priority version is VE=SEPF_SM-G900T_4.4.2_0055
12-13 01:28:57.503 15437 15437 I SELinux :  
12-13 01:28:57.503 15437 15437 I SELinux :  
12-13 01:28:57.503 15437 15437 I SELinux : selinux_android_seapp_context_reload: seapp_contexts file is loaded from /data/security/spota/seapp_contexts
12-13 01:28:57.503 15437 15437 E dalvikvm: >>>>> Normal User
12-13 01:28:57.503 15437 15437 E dalvikvm: >>>>> com.google.android.gms.ui [ userId:0 | appId:10015 ]
12-13 01:28:57.513   717   968 I ServiceKeeper: In getappinfo pid = 717 pkgName = android appinfo = null
12-13 01:28:57.513   717   968 I ServiceKeeper: In getseinfo pid = 717 uid = 1000 seinfo= system
12-13 01:28:57.523   717   968 I ServiceKeeper: In getappinfo pid = 717 pkgName = android appinfo = null
12-13 01:28:57.523   717   968 I ServiceKeeper: In getseinfo pid = 717 uid = 1000 seinfo= system
12-13 01:28:57.543  2902  2902 I SQLiteSecureOpenHelper: getWritableDatabase(pwd)
12-13 01:28:57.543  2902  2902 I SQLiteSecureOpenHelper: getDatabaseLocked(b,b,pwd)...
12-13 01:28:57.553 15437 15437 W dalvikvm: VFY: unable to resolve static field 937 (PR_SET_DUMPABLE) in Landroid/system/OsConstants;
12-13 01:28:57.553 15437 15437 D dalvikvm: VFY: replacing opcode 0x60 at 0x0009
12-13 01:28:57.563 15437 15437 W dalvikvm: VFY: unable to find class referenced in signature (Laqvj;)
12-13 01:28:57.563 15437 15437 W dalvikvm: VFY: unable to find class referenced in signature (Laqvj;)
12-13 01:28:57.563 15437 15437 W dalvikvm: VFY: unable to find class referenced in signature (Laqvj;)
12-13 01:28:57.563 15437 15437 W dalvikvm: VFY: unable to find class referenced in signature (Laqvj;)
12-13 01:28:57.563 15437 15437 I dalvikvm: Could not find method android.content.Context.getSystemService, referenced from method ro.a
12-13 01:28:57.563 15437 15437 W dalvikvm: VFY: unable to resolve virtual method 1684: Landroid/content/Context;.getSystemService (Ljava/lang/Class;)Ljava/lang/Object;
12-13 01:28:57.563 15437 15437 D dalvikvm: VFY: replacing opcode 0x6e at 0x0008
12-13 01:28:57.563 15437 15437 I dalvikvm: Could not find method android.content.Context.createDeviceProtectedStorageContext, referenced from method jkx.a
12-13 01:28:57.563 15437 15437 W dalvikvm: VFY: unable to resolve virtual method 1659: Landroid/content/Context;.createDeviceProtectedStorageContext ()Landroid/content/Context;
12-13 01:28:57.563 15437 15437 D dalvikvm: VFY: replacing opcode 0x6e at 0x0029
12-13 01:28:57.563 15437 15437 I dalvikvm: Could not find method android.content.Context.getSystemService, referenced from method jkx.b
12-13 01:28:57.563 15437 15437 W dalvikvm: VFY: unable to resolve virtual method 1684: Landroid/content/Context;.getSystemService (Ljava/lang/Class;)Ljava/lang/Object;
12-13 01:28:57.563 15437 15437 D dalvikvm: VFY: replacing opcode 0x6e at 0x000b
12-13 01:28:57.563 15437 15437 I dalvikvm: Could not find method android.content.Context.isDeviceProtectedStorage, referenced from method zcx.a
12-13 01:28:57.563 15437 15437 W dalvikvm: VFY: unable to resolve virtual method 1689: Landroid/content/Context;.isDeviceProtectedStorage ()Z
12-13 01:28:57.563 15437 15437 D dalvikvm: VFY: replacing opcode 0x6e at 0x0009
12-13 01:28:57.563 15437 15437 I dalvikvm: Could not find method android.content.Context.isDeviceProtectedStorage, referenced from method zcx.c
12-13 01:28:57.563 15437 15437 W dalvikvm: VFY: unable to resolve virtual method 1689: Landroid/content/Context;.isDeviceProtectedStorage ()Z
12-13 01:28:57.563 15437 15437 D dalvikvm: VFY: replacing opcode 0x6e at 0x005d
12-13 01:28:57.563 15437 15437 I dalvikvm: Could not find method android.os.PowerManager.isInteractive, referenced from method jih.a
12-13 01:28:57.563 15437 15437 W dalvikvm: VFY: unable to resolve virtual method 2258: Landroid/os/PowerManager;.isInteractive ()Z
12-13 01:28:57.563 15437 15437 D dalvikvm: VFY: replacing opcode 0x6e at 0x0012
12-13 01:28:57.573 15437 15437 I dalvikvm: Could not find method android.content.ContextWrapper.createCredentialProtectedStorageContext, referenced from method com.google.android.chimera.ModuleContext.createCredentialProtectedStorageContext
12-13 01:28:57.573 15437 15437 W dalvikvm: VFY: unable to resolve virtual method 1708: Landroid/content/ContextWrapper;.createCredentialProtectedStorageContext ()Landroid/content/Context;
12-13 01:28:57.573 15437 15437 D dalvikvm: VFY: replacing opcode 0x6f at 0x0002
12-13 01:28:57.573 15437 15437 I dalvikvm: Could not find method android.content.ContextWrapper.createDeviceProtectedStorageContext, referenced from method com.google.android.chimera.ModuleContext.createDeviceProtectedStorageContext
12-13 01:28:57.573 15437 15437 W dalvikvm: VFY: unable to resolve virtual method 1709: Landroid/content/ContextWrapper;.createDeviceProtectedStorageContext ()Landroid/content/Context;
12-13 01:28:57.573 15437 15437 D dalvikvm: VFY: replacing opcode 0x6f at 0x0002
12-13 01:28:57.573 15437 15437 I dalvikvm: Could not find method android.content.Context.isCredentialProtectedStorage, referenced from method cqq.a
12-13 01:28:57.573 15437 15437 W dalvikvm: VFY: unable to resolve virtual method 1688: Landroid/content/Context;.isCredentialProtectedStorage ()Z
12-13 01:28:57.573 15437 15437 D dalvikvm: VFY: replacing opcode 0x6e at 0x0000
12-13 01:28:57.573 15437 15437 I dalvikvm: Could not find method android.os.UserManager.isUserUnlocked, referenced from method cqq.a
12-13 01:28:57.573 15437 15437 W dalvikvm: VFY: unable to resolve virtual method 2311: Landroid/os/UserManager;.isUserUnlocked ()Z
12-13 01:28:57.573 15437 15437 D dalvikvm: VFY: replacing opcode 0x6e at 0x001a
12-13 01:28:57.573 15437 15437 I dalvikvm: Could not find method android.content.Context.isDeviceProtectedStorage, referenced from method cqq.b
12-13 01:28:57.573 15437 15437 W dalvikvm: VFY: unable to resolve virtual method 1689: Landroid/content/Context;.isDeviceProtectedStorage ()Z
12-13 01:28:57.573 15437 15437 D dalvikvm: VFY: replacing opcode 0x6e at 0x0000
12-13 01:28:57.573 15437 15437 I dalvikvm: Could not find method android.content.Context.isDeviceProtectedStorage, referenced from method cqq.c
12-13 01:28:57.573 15437 15437 W dalvikvm: VFY: unable to resolve virtual method 1689: Landroid/content/Context;.isDeviceProtectedStorage ()Z
12-13 01:28:57.573 15437 15437 D dalvikvm: VFY: replacing opcode 0x6e at 0x0000
12-13 01:28:57.573 15437 15437 I MultiDex: VM with version 1.6.0 does not have multidex support
12-13 01:28:57.573 15437 15437 I MultiDex: install
12-13 01:28:57.573 15437 15437 I MultiDex: MultiDexExtractor.load(/data/app/com.google.android.gms-3593.apk, false)
12-13 01:28:57.573 15437 15437 I MultiDex: Blocking on lock /data/data/com.google.android.gms/code_cache/secondary-dexes/MultiDex.lock
12-13 01:28:57.583 15437 15437 I MultiDex: /data/data/com.google.android.gms/code_cache/secondary-dexes/MultiDex.lock locked
12-13 01:28:57.583 15437 15437 I MultiDex: loading existing secondary dex files
12-13 01:28:57.583 15437 15437 I MultiDex: load found 4 secondary dex files
12-13 01:28:57.593 15437 15437 I MultiDex: install done
12-13 01:28:57.603 15437 15437 I dalvikvm: Could not find method android.content.Context.isDeviceProtectedStorage, referenced from method kel.d
12-13 01:28:57.603 15437 15437 W dalvikvm: VFY: unable to resolve virtual method 1689: Landroid/content/Context;.isDeviceProtectedStorage ()Z
12-13 01:28:57.603 15437 15437 D dalvikvm: VFY: replacing opcode 0x6e at 0x0006
12-13 01:28:57.603 15437 15437 I dalvikvm: Could not find method android.os.UserHandle.isOwner, referenced from method kel.i
12-13 01:28:57.603 15437 15437 W dalvikvm: VFY: unable to resolve virtual method 2304: Landroid/os/UserHandle;.isOwner ()Z
12-13 01:28:57.603 15437 15437 D dalvikvm: VFY: replacing opcode 0x6e at 0x000a
12-13 01:28:57.603  2902  2902 I SQLiteSecureOpenHelper: getWritableDatabase(pwd)
12-13 01:28:57.603  2902  2902 I SQLiteSecureOpenHelper: getDatabaseLocked(b,b,pwd)...
12-13 01:28:57.613   717  1888 D EnterpriseDeviceManager: ContainerId: 0
12-13 01:28:57.613 13019 15376 W NetRec  : [1309] ConfigChangedIntentOperation.onHandleIntent: Device does not support scoring, exiting
12-13 01:28:57.613   717  1888 W LicenseLogService: log() failed
