12-13 01:29:05.573   717   963 W PackageManager: Unknown permission com.sec.android.permission.READ_MEMO in package com.sec.android.automotive.drivelink
12-13 01:29:05.573   717   963 W PackageManager: Unknown permission com.sec.android.permission.WRITE_MEMO in package com.sec.android.automotive.drivelink
12-13 01:29:05.573   717   963 W PackageManager: Unknown permission com.sec.android.app.twdvfs.DVFS_BOOSTER_PERMISSION in package com.sec.android.automotive.drivelink
12-13 01:29:05.573   717   963 W PackageManager: Unknown permission android.Manifest.permission.DISABLE_KEYGUARD in package com.sec.android.automotive.drivelink
12-13 01:29:05.573   717   963 W PackageManager: Unknown permission com.infraware.provider.SNoteProvider.permission.READ in package com.sec.android.automotive.drivelink
12-13 01:29:05.573   717   963 W PackageManager: Unknown permission com.infraware.provider.SNoteProvider.permission.WRITE in package com.sec.android.automotive.drivelink
12-13 01:29:05.573   717   963 W PackageManager: Unknown permission com.samsung.music.permission.READ_MUSIC_STORAGE in package com.sec.android.automotive.drivelink
12-13 01:29:05.573   717   963 W PackageManager: Unknown permission com.sec.android.daemonapp.ap.yonhapnews.permission.YONHAP_DAEMON_ACCESS_PROVIDER in package com.sec.android.automotive.drivelink
12-13 01:29:05.573   717   963 W PackageManager: Unknown permission com.sec.android.app.music.permission.READ_MUSICPROVIDER in package com.sec.android.automotive.drivelink
12-13 01:29:05.573   717   963 W PackageManager: Unknown permission com.sec.android.automotive.drivelink.permission.MAPS_RECEIVE in package com.sec.android.automotive.drivelink
12-13 01:29:05.573   717   963 W PackageManager: Unknown permission com.android.launcher.permission.PRELOAD_WORKSPACE in package com.google.android.partnersetup
12-13 01:29:05.573   717   963 W PackageManager: Unknown permission com.samsung.permission.wearable.CONNECT_ACCESS in package com.samsung.android.app.watchmanagerstub
12-13 01:29:05.573   717   963 W PackageManager: Unknown permission android.permission.ACCESS_DEV_STORAGE in package com.sec.android.app.camera
12-13 01:29:05.573   717   963 W PackageManager: Unknown permission com.samsung.helphub.permission.GET_DATA in package com.sec.android.app.camera
12-13 01:29:05.583   717   963 W PackageManager: Unknown permission com.samsung.helphub.permission.WRITE_DATA in package com.sec.android.app.camera
12-13 01:29:05.583   717   963 W PackageManager: Unknown permission com.sec.android.app.twdvfs.DVFS_BOOSTER_PERMISSION in package com.sec.android.app.camera
12-13 01:29:05.583   717   963 W PackageManager: Unknown permission com.sec.chaton.TOKEN_74e548bcd7dc013c8f8b585ba11ad16b271ceebb0acbe6c001c0aecdae65f37b366963990139710b4b5c3238053d25b7940d90c9f30e04a119c6c3dd94c276d32ec19cc4a4906ccbae88b80158ce08440ba5b1d7e14b864a076e31fa3e478f51ff186b2e995cc4d9503987cc3b80efdc331d7626ae145ce1810604514abd5fd9 in package com.sec.android.app.camera
12-13 01:29:05.583   717   963 W PackageManager: Unknown permission com.samsung.helphub.permission.HELP in package com.sec.android.app.camera
12-13 01:29:05.583   717   963 W PackageManager: Unknown permission android.permission.CALL in package com.sec.knox.bridge
12-13 01:29:05.583   717   963 W PackageManager: Unknown permission android.Manifest.permission.GET_TASKS in package com.sec.knox.bridge
12-13 01:29:05.583   717   963 W PackageManager: Unknown permission com.sec.android.app.twdvfs.DVFS_BOOSTER_PERMISSION in package com.sec.android.app.ma.recorder
12-13 01:29:05.583   717   963 W PackageManager: Unknown permission com.amazon.dcp.metrics.permission.METRICS_PERMISSION in package com.amazon.mShop.android
12-13 01:29:05.583   717   963 W PackageManager: Unknown permission com.amazon.dcp.config.permission.DYN_CONFIG_VALUES_UPDATED in package com.amazon.mShop.android
12-13 01:29:05.583   717   963 W PackageManager: Unknown permission com.amazon.dcp.settings.permission.READ_SETTINGS in package com.amazon.mShop.android
12-13 01:29:05.583   717   963 W PackageManager: Unknown permission com.amazon.identity.permission.GENERIC_IPC in package com.amazon.mShop.android
12-13 01:29:05.583   717   963 W PackageManager: Unknown permission com.amazon.dcp.sso.permission.USE_DEVICE_CREDENTIALS in package com.amazon.mShop.android
12-13 01:29:05.583   717   963 W PackageManager: Unknown permission com.amazon.dcp.sso.permission.EXPIRE_ACCESS_TOKEN in package com.amazon.mShop.android
12-13 01:29:05.583   717   963 W PackageManager: Unknown permission com.amazon.dcp.sso.permission.MANAGE_COR_PFM in package com.amazon.mShop.android
12-13 01:29:05.583   717   963 W PackageManager: Unknown permission com.amazon.dcp.sso.permission.CUSTOMER_ATTRIBUTE_SERVICE in package com.amazon.mShop.android
12-13 01:29:05.583   717   963 W PackageManager: Unknown permission amazon.permission.COLLECT_METRICS in package com.amazon.mShop.android
12-13 01:29:05.583   717   963 W PackageManager: Unknown permission android.permission.ACCESS_DEV_STORAGE in package com.sec.android.app.myfiles
12-13 01:29:05.583   717   963 W PackageManager: Unknown permission com.sec.android.app.twdvfs.DVFS_BOOSTER_PERMISSION in package com.sec.android.app.myfiles
12-13 01:29:05.583   717   963 W PackageManager: Unknown permission com.sec.knox.containeragent.USE_CONTAINERAGENT in package com.sec.android.app.myfiles
12-13 01:29:05.583   717   963 W PackageManager: Unknown permission sidesync.app.action.permission.KMS_FILETRANSFER_DRAG_FILEINFO in package com.sec.android.app.myfiles
12-13 01:29:05.583   717   963 W PackageManager: Not granting permission android.permission.READ_LOGS to package com.sec.chaton (protectionLevel=50 flags=0x98be45)
12-13 01:29:05.583   717   963 W PackageManager: Unknown permission com.sec.android.app.gallery3d.READ in package com.sec.chaton
12-13 01:29:05.583   717   963 W PackageManager: Unknown permission sstream.app.StoryProvider.WRITE.PERMISSION in package com.sec.chaton
12-13 01:29:05.583   717   963 W PackageManager: Unknown permission com.sec.spp.permission.TOKEN_13b9cdc89f21278b87e0488ad5efb298532ad60905603d81a5145b0a03ce869cca937166ae9a01578767a15e8a36b9cc849a1de35bdc3facc1512f316ef9d09467c514442069ec167c16a8c8e67a4c641fc8d4b6394660a151f95a04e5c397de36c8df48dfbe0d12c45e76e6ca5a21f595994dd136023407173f9b983e2fa208 in package com.sec.chaton
12-13 01:29:05.583   717   963 W PackageManager: Unknown permission com.sec.spp.permission.TOKEN_b812511e2555d7a9d56c85891a0936d216e03c4b02b4a456ac5436ed7bace19bcf81ebd22f0e1219cadc119bffc06b494407603bcca0f3e05464d67fc08f39f7944efbcd5c2045e5ee2135da66f97c54096ebc37707f4f0a4c1ed78962b8c5e39d1079951648d807e7ea6049c58114e55e95386c9244fa9280a5a7a20e4a2931 in package com.sec.chaton
12-13 01:29:05.583   717   963 W PackageManager: Unknown permission com.sec.spp.permission.TOKEN_1615c4c6b2b6b90f8a03e8dc023198edb084b285bf55c4735a8d2a9f9e6e7f0145b274a074f55ec4be9583034a6563aba0b87ccf4c5b3d94673059303cba9ad1cedd43823fe2fcde3a4d86efcf2cb92d158df4bb17c92cf407e4ca07a4be1735a947cd53172034d174e0521d9a5e3e6dffdc22e8d9da8d402b23e08641ad9561 in package com.samsung.android.providers.context
12-13 01:29:05.583   717   963 W PackageManager: Unknown permission com.sec.spp.permission.TOKEN_afb2a3b493828da000991355f51942d432670bea558bcec99b4b797614a73ca5871b3ecc601cfa54ed06b0fb65813498197e9cc00edaca07676a14c64b581c990ef9b45f52888b7803c03a33df3fcdf242ab0764a3be7aa20c2c8dfd4c1266666249a01308aafd856aa29ad0522bf76fc31f873e5c1fe6120f218d0eb5b121d4 in package com.samsung.android.providers.context
12-13 01:29:05.583   717   963 W PackageManager: Unknown permission com.sec.android.homesync.EXCLUSIVE_APP in package com.osp.app.signin
12-13 01:29:05.583   717   963 W PackageManager: Not granting permission android.permission.INTERACT_ACROSS_USERS_FULL to package com.osp.app.signin (protectionLevel=2 flags=0x4098be05)
12-13 01:29:05.583   717   963 W PackageManager: Unknown permission android.permission.READ_SETTINGS in package com.osp.app.signin
12-13 01:29:05.583   717   963 W PackageManager: Unknown permission com.sec.spp.permission.TOKEN_629e52d85fa91d200413707985ff2b21bb923206e41b8543e55c1d440a5edeb2e28d48d440dc7c7fb7f60eb39577517265b780609c8556eddbc673d21db4d7db6f17fe1b322387178eb0dc77b180f6154e4ad60bf64418c03ee0990b8783734fde37e5f82e089a04273b4650527a6b1335e2e99e94450386fd1c692106b58553 in package com.osp.app.signin
12-13 01:29:05.583   717   963 W PackageManager: Unknown permission android.permission.RECORD_VIDEO in package com.sec.ims.android
12-13 01:29:05.583   717   963 W PackageManager: Not granting permission android.permission.INTERACT_ACROSS_USERS_FULL to package com.sec.android.ofviewer (protectionLevel=2 flags=0x4098be45)
12-13 01:29:05.583   717   963 W PackageManager: Unknown permission com.qualcomm.permission.ACCESS_LOCATION_API in package com.qualcomm.location
12-13 01:29:05.583   717   963 W PackageManager: Unknown permission android.permission.ACCESS_DRM in package com.samsung.android.MtpApplication
12-13 01:29:05.583   717   963 W PackageManager: Unknown permission com.sec.android.app.twdvfs.DVFS_BOOSTER_PERMISSION in package com.samsung.android.MtpApplication
12-13 01:29:05.583   717   963 W PackageManager: Not granting permission android.permission.INTERACT_ACROSS_USERS to package com.android.dreams.basic (protectionLevel=50 flags=0x88be45)
12-13 01:29:05.583   717   963 W PackageManager: Unknown permission android.permission.ACCESS_DEV_STORAGE in package com.sec.android.app.bcocr
12-13 01:29:05.583   717   963 W PackageManager: Unknown permission com.sec.android.app.twdvfs.DVFS_BOOSTER_PERMISSION in package com.sec.android.app.bcocr
12-13 01:29:05.583   717   963 W PackageManager: Unknown permission com.samsung.helphub.permission.HELP in package com.sec.android.app.bcocr
12-13 01:29:05.583   717   963 W PackageManager: Not granting permission com.samsung.android.permission.SSRM_NOTIFICATION_PERMISSION to package com.sec.android.app.bcocr (protectionLevel=18 flags=0x98be45)
12-13 01:29:05.593   717   963 W PackageManager: Not granting permission android.permission.INTERACT_ACROSS_USERS_FULL to package com.sec.android.app.billing (protectionLevel=2 flags=0x4088be45)
12-13 01:29:05.593   717   963 W PackageManager: Unknown permission android.permission.READ_INTERNAL_STORAGE in package com.sec.android.app.billing
12-13 01:29:05.593   717   963 W PackageManager: Unknown permission android.permission.WRITE_INTERNAL_STORAGE in package com.sec.android.app.billing
12-13 01:29:05.593   717   963 W PackageManager: Unknown permission com.sec.spp.push.permission.ACCESS_SPP_SERVER in package com.sec.android.app.billing
12-13 01:29:05.593   717   963 W PackageManager: Unknown permission com.sec.android.app.gallery3d.READ in package com.sec.android.mimage.sstudio
12-13 01:29:05.593   717   963 W PackageManager: Unknown permission com.sec.android.app.gallery3d.WRITE in package com.sec.android.mimage.sstudio
12-13 01:29:05.593   717   963 W PackageManager: Unknown permission com.sec.android.daemonapp.ap.accuweather.permission.ACCU_DAEMON_ACCESS_INTENT in package com.sec.android.app.clockpackage
12-13 01:29:05.593   717   963 W PackageManager: Unknown permission com.sec.android.daemonapp.ap.kweather.permission.KW_DAEMON_ACCESS_INTENT in package com.sec.android.app.clockpackage
12-13 01:29:05.593   717   963 W PackageManager: Unknown permission com.sec.android.daemonapp.ap.sinaweather.permission.SINA_DAEMON_ACCESS_INTENT in package com.sec.android.app.clockpackage
12-13 01:29:05.593   717   963 W PackageManager: Unknown permission com.sec.android.daemonapp.ap.camobile.permission.CAMOBILE_DAEMON_ACCESS_PROVIDER in package com.sec.android.app.clockpackage
12-13 01:29:05.593   717   963 W PackageManager: Unknown permission com.samsung.wmanager.ENABLE_NOTIFICATION in package com.sec.android.app.clockpackage
12-13 01:29:05.593   717   963 W PackageManager: Unknown permission com.sec.android.app.calendar.permission.CHANGE_CALENDAR_PREFERENCE in package com.sec.android.app.clockpackage
12-13 01:29:05.593   717   963 W PackageManager: Unknown permission com.samsung.android.sdk.smartassistant.permission.READ_CARD_PROVIDER in package com.sec.android.app.clockpackage
12-13 01:29:05.593   717   963 W PackageManager: Unknown permission com.samsung.android.sdk.smartassistant.permission.WRITE_CARD_PROVIDER in package com.sec.android.app.clockpackage
12-13 01:29:05.593   717   963 W PackageManager: Unknown permission com.sec.android.app.sbrowser.operatorbookmarks.permission.READ_OPERATOR_BOOKMARKS in package com.samsung.sec.android.application.csc
12-13 01:29:05.593   717   963 W PackageManager: Unknown permission com.sec.android.app.sbrowser.operatorbookmarks.permission.WRITE_OPERATOR_BOOKMARKS in package com.samsung.sec.android.application.csc
12-13 01:29:05.593   717   963 W PackageManager: Unknown permission com.sec.android.permission.READ_MEMO in package com.samsung.sec.android.application.csc
12-13 01:29:05.593   717   963 W PackageManager: Unknown permission com.sec.android.permission.WRITE_MEMO in package com.samsung.sec.android.application.csc
12-13 01:29:05.593   717   963 W PackageManager: Unknown permission com.sec.android.widgetapp.q1_penmemo.permission.READ in package com.samsung.sec.android.application.csc
12-13 01:29:05.593   717   963 W PackageManager: Unknown permission com.sec.android.widgetapp.q1_penmemo.permission.WRITE in package com.samsung.sec.android.application.csc
12-13 01:29:05.593   717   963 W PackageManager: Unknown permission android.permission.ACCESS_DRM in package com.sec.android.app.videoplayer
12-13 01:29:05.593   717   963 W PackageManager: Unknown permission com.sec.android.app.twdvfs.DVFS_BOOSTER_PERMISSION in package com.sec.android.app.videoplayer
12-13 01:29:05.593   717   963 W PackageManager: Unknown permission android.permission.SYSTEM_ALERT in package com.sec.android.app.videoplayer
12-13 01:29:05.593   717   963 W PackageManager: Unknown permission com.sec.pcw.provider.PCloudContentProvider.READ_CONTENT in package com.sec.android.app.videoplayer
12-13 01:29:05.593   717   963 W PackageManager: Unknown permission sstream.app.StoryProvider.WRITE.PERMISSION in package com.sec.android.app.videoplayer
12-13 01:29:05.593   717   963 W PackageManager: Unknown permission com.samsung.videohub.permission.CONTENT_READ in package com.sec.android.app.videoplayer
12-13 01:29:05.593   717   963 W PackageManager: Unknown permission com.samsung.videohub.permission.CONTENT_WRITE in package com.sec.android.app.videoplayer
12-13 01:29:05.593   717   963 W PackageManager: Unknown permission com.sec.android.permission.READ_MEMO in package com.sec.android.app.DataCreate
12-13 01:29:05.593   717   963 W PackageManager: Unknown permission com.sec.android.permission.WRITE_MEMO in package com.sec.android.app.DataCreate
12-13 01:29:05.593   717   963 W PackageManager: Unknown permission com.sec.android.widgetapp.q1_penmemo.permission.READ in package com.sec.android.app.DataCreate
12-13 01:29:05.593   717   963 W PackageManager: Unknown permission com.sec.android.widgetapp.q1_penmemo.permission.WRITE in package com.sec.android.app.DataCreate
12-13 01:29:05.593   717   963 W PackageManager: Unknown permission com.infraware.provider.SNoteProvider.permission.READ in package com.sec.android.app.DataCreate
12-13 01:29:05.593   717   963 W PackageManager: Unknown permission com.infraware.provider.SNoteProvider.permission.WRITE in package com.sec.android.app.DataCreate
12-13 01:29:05.593   717   963 W PackageManager: Not granting permission android.permission.WRITE_SECURE_SETTINGS to package com.sec.android.widgetapp.dualclockdigital (protectionLevel=50 flags=0x88be45)
12-13 01:29:05.593   717   963 W PackageManager: Not granting permission android.permission.CHANGE_CONFIGURATION to package com.blurb.checkout (protectionLevel=50 flags=0x88be45)
12-13 01:29:05.593   717   963 W PackageManager: Not granting permission android.permission.MOUNT_UNMOUNT_FILESYSTEMS to package com.blurb.checkout (protectionLevel=18 flags=0x88be45)
12-13 01:29:05.593   717   963 W PackageManager: Unknown permission com.samsung.android.app.episodes.permission.PUBLISH_IMAGES_COMPLETE in package com.blurb.checkout
12-13 01:29:05.593   717   963 W PackageManager: Not granting permission android.permission.MANAGE_DOCUMENTS to package com.google.android.youtube (protectionLevel=18 flags=0xdbbec5)
12-13 01:29:05.593   717   963 W PackageManager: Unknown permission com.chrome.permission.DEVICE_EXTRAS in package com.android.chrome
12-13 01:29:05.593   717   963 W PackageManager: Unknown permission com.infraware.provider.SNoteProvider.permission.READ in package com.sec.android.Kies
12-13 01:29:05.593   717   963 W PackageManager: Unknown permission com.infraware.provider.SNoteProvider.permission.WRITE in package com.sec.android.Kies
12-13 01:29:05.593   717   963 W PackageManager: Unknown permission com.sec.android.permission.KNOX in package com.sec.knox.seandroid
12-13 01:29:05.593   717   963 W PackageManager: Unknown permission com.sec.knox.containeragent.USE_KNOX_UI in package com.sec.knox.seandroid
12-13 01:29:05.603   717   963 D EnterpriseDeviceManagerService: updateAdminPermissions
12-13 01:29:05.603   717   963 W PackageManager: Not granting permission android.permission.BROADCAST_SMS to package com.tmobile.pr.mytmobile (protectionLevel=2 flags=0x4088be45)
12-13 01:29:05.603   717   963 W PackageManager: Unknown permission javax.microedition.gba.USE_GBA_SERVICE in package com.tmobile.pr.mytmobile
12-13 01:29:05.833   717   736 D dalvikvm: GC_CONCURRENT freed 8325K, 29% free 48274K/67888K, paused 4ms+13ms, total 154ms
12-13 01:29:05.833   717  2692 D dalvikvm: WAIT_FOR_CONCURRENT_GC blocked 56ms
12-13 01:29:05.833   717  2729 D dalvikvm: WAIT_FOR_CONCURRENT_GC blocked 120ms
12-13 01:29:05.833   717   963 D dalvikvm: WAIT_FOR_CONCURRENT_GC blocked 143ms
12-13 01:29:05.893   717   963 I System.out: AndroidManifest.xml getFileSize : 507108
12-13 01:29:06.113   717   963 D dalvikvm: GC_FOR_ALLOC freed 3260K, 26% free 50270K/67888K, paused 128ms, total 128ms
12-13 01:29:06.123   717   963 I System.out: classes.dex getFileSize : 2792508
12-13 01:29:06.343   717   963 D dalvikvm: GC_FOR_ALLOC freed 1539K, 25% free 51392K/67888K, paused 132ms, total 132ms
12-13 01:29:06.463   717   963 D dalvikvm: GC_FOR_ALLOC freed 1659K, 26% free 50242K/67888K, paused 118ms, total 118ms
12-13 01:29:06.463   717   963 I System.out: resources.arsc getFileSize : 2470656
12-13 01:29:06.693   717   963 D dalvikvm: GC_FOR_ALLOC freed 1773K, 25% free 51635K/68400K, paused 127ms, total 127ms
12-13 01:29:06.813   257   257 E SMD     : DCD ON
12-13 01:29:06.813   717   963 D dalvikvm: GC_FOR_ALLOC freed 3310K, 29% free 48693K/68400K, paused 118ms, total 118ms
12-13 01:29:06.823   717   963 I dalvikvm-heap: Grow heap (frag case) to 58.837MB for 5770288-byte allocation
12-13 01:29:06.923   717   963 I System.out: AndroidManifest.xml : 507108
12-13 01:29:07.063   717   963 D dalvikvm: GC_FOR_ALLOC freed 3408K, 27% free 54584K/74036K, paused 128ms, total 128ms
12-13 01:29:07.473   717   963 I System.out: Total read size 5770272
12-13 01:29:07.563   717   963 I System.out: classes.dex : 2792508
12-13 01:29:07.863   717   736 D dalvikvm: GC_CONCURRENT freed 10012K, 21% free 60956K/77028K, paused 17ms+32ms, total 181ms
12-13 01:29:07.863   717  2729 D dalvikvm: WAIT_FOR_CONCURRENT_GC blocked 143ms
12-13 01:29:07.863   717   963 D dalvikvm: WAIT_FOR_CONCURRENT_GC blocked 154ms
12-13 01:29:08.193   717   963 I System.out: Total read size 5770272
12-13 01:29:08.223   717  1218 I ActivityManager: Killing 15020:com.android.calendar/u0a163 (adj 15): empty #31
12-13 01:29:08.323   717   963 I System.out: resources.arsc : 2470656
12-13 01:29:08.493   717   963 D dalvikvm: GC_FOR_ALLOC freed 9893K, 24% free 59118K/77028K, paused 165ms, total 166ms
12-13 01:29:09.033   717   736 D dalvikvm: GC_CONCURRENT freed 9231K, 25% free 58078K/77028K, paused 7ms+7ms, total 169ms
12-13 01:29:09.033   717   963 D dalvikvm: WAIT_FOR_CONCURRENT_GC blocked 152ms
12-13 01:29:09.113   717   963 I System.out: Total read size 5770272
12-13 01:29:09.243   717   963 I EnterpriseDeviceManagerService: Payload Verified : false
12-13 01:29:09.323   717   963 E PersonaManagerService: Unable to read user list
12-13 01:29:09.333   717  1272 D PackageManager: checkUidPermission - Execution time: 3874 ms
12-13 01:29:09.333   717  1235 D PackageManager: checkUidPermission - Execution time: 3376 ms
12-13 01:29:09.333   717   968 I ServiceKeeper: In getappinfo pid = 717 pkgName = android appinfo = null
12-13 01:29:09.333   717   968 I ServiceKeeper: In getseinfo pid = 717 uid = 1000 seinfo= system
12-13 01:29:09.343   717   968 I ServiceKeeper: In getappinfo pid = 717 pkgName = android appinfo = null
12-13 01:29:09.343   717   968 I ServiceKeeper: In getseinfo pid = 717 uid = 1000 seinfo= system
12-13 01:29:09.343   276   276 D keystore: calling clear_uid in state: 3
12-13 01:29:09.353  2902  2902 I SQLiteSecureOpenHelper: getWritableDatabase(pwd)
12-13 01:29:09.353  2902  2902 I SQLiteSecureOpenHelper: getDatabaseLocked(b,b,pwd)...
12-13 01:29:09.353   717   963 D PackageManager: Sending to user 0: act=android.intent.action.PACKAGE_REMOVED dat=package:com.example.snoopy flg=0x4000000 Bundle[{android.intent.extra.REMOVED_FOR_ALL_USERS=true, android.intent.extra.UID=14037, android.intent.extra.DATA_REMOVED=true, android.intent.extra.user_handle=0}]
12-13 01:29:09.383 15713 15713 I SELinux : Function: selinux_android_load_priority [0], There is no sepolicy file.
12-13 01:29:09.383 15713 15713 I SELinux :  
12-13 01:29:09.413 15713 15713 I SELinux : Function: selinux_android_load_priority , spota verifySig and checkHash pass. priority version is VE=SEPF_SM-G900T_4.4.2_0055
12-13 01:29:09.413 15713 15713 I SELinux :  
12-13 01:29:09.413 15713 15713 I SELinux :  
12-13 01:29:09.423 15713 15713 I SELinux : selinux_android_seapp_context_reload: seapp_contexts file is loaded from /data/security/spota/seapp_contexts
12-13 01:29:09.423 15713 15713 E dalvikvm: >>>>> Normal User
12-13 01:29:09.423 15713 15713 E dalvikvm: >>>>> com.android.providers.calendar [ userId:0 | appId:10048 ]
12-13 01:29:09.423   717   963 D PackageManager: Sending to user 0: act=android.intent.action.PACKAGE_FULLY_REMOVED dat=package:com.example.snoopy flg=0x4000000 Bundle[{android.intent.extra.REMOVED_FOR_ALL_USERS=true, android.intent.extra.UID=14037, android.intent.extra.DATA_REMOVED=true, android.intent.extra.user_handle=0}]
12-13 01:29:09.443  1431  1431 D dalvikvm: GC_EXPLICIT freed 1790K, 29% free 19132K/26744K, paused 3ms+2ms, total 46ms
12-13 01:29:09.443  1578  1578 D dalvikvm: GC_EXPLICIT freed 1188K, 36% free 17364K/26744K, paused 2ms+3ms, total 30ms
12-13 01:29:09.463  1785  1785 I MultiWindowTrayService: mPkgManagerReceiver : onReceive
12-13 01:29:09.463  1785  1785 I MultiWindowTrayInfo: android.intent.action.PACKAGE_REMOVE
12-13 01:29:09.463  1785  1785 I MultiWindowTrayInfo: android.intent.action.PACKAGE_REMOVE
12-13 01:29:09.463  3789  3789 D QuickConnect: SconnectManager.onReceiver - action : android.intent.action.PACKAGE_REMOVED, package : com.example.snoopy
12-13 01:29:09.463 13019 13019 I GeofencerStateMachine: removeGeofences: removeRequest=RemoveGeofencingRequest[REMOVE_ALL packageName=com.example.snoopy]
12-13 01:29:09.473   717  1001 I InputReader: Reconfiguring input devices.  changes=0x00000010
12-13 01:29:09.473   717   968 I ServiceKeeper: In getappinfo pid = 717 pkgName = android appinfo = null
12-13 01:29:09.473   717   968 I ServiceKeeper: In getseinfo pid = 717 uid = 1000 seinfo= system
12-13 01:29:09.473  2902  2902 I SQLiteSecureOpenHelper: getWritableDatabase(pwd)
12-13 01:29:09.473  2902  2902 I SQLiteSecureOpenHelper: getDatabaseLocked(b,b,pwd)...
12-13 01:29:09.473   717   968 I ServiceKeeper: In getappinfo pid = 717 pkgName = android appinfo = null
12-13 01:29:09.473   717   968 I ServiceKeeper: In getseinfo pid = 717 uid = 1000 seinfo= system
12-13 01:29:09.473   717  1888 D EnterpriseDeviceManager: ContainerId: 0
12-13 01:29:09.473   717   963 D PackageManager: Sending to user 0: act=android.intent.action.UID_REMOVED flg=0x4000000 Bundle[{android.intent.extra.REMOVED_FOR_ALL_USERS=true, android.intent.extra.UID=14037, android.intent.extra.DATA_REMOVED=true, android.intent.extra.user_handle=0}]
12-13 01:29:09.483   717  1403 D EnterpriseDeviceManager: ContainerId: 0
12-13 01:29:09.483  1923  1923 D dalvikvm: GC_EXPLICIT freed 619K, 35% free 17440K/26744K, paused 18ms+1ms, total 61ms
12-13 01:29:09.483   717   717 D RCPManagerService: PackageReceiver onReceive()
12-13 01:29:09.483   717   744 I PackageManager:   Action: "android.intent.action.SENDTO"
12-13 01:29:09.483   717   744 I PackageManager:   Category: "android.intent.category.DEFAULT"
12-13 01:29:09.483   717   744 I PackageManager:   Scheme: "sms"
12-13 01:29:09.483   717   744 I PackageManager: Adding preferred activity ComponentInfo{com.android.mms/com.android.mms.ui.ConversationComposer} for user 0 :
12-13 01:29:09.493  3568  3568 I elm     : MainReceiver.onReceive() : Intent { act=android.intent.action.PACKAGE_REMOVED dat=package:com.example.snoopy flg=0x4000010 cmp=com.sec.esdk.elm/.receiver.MainReceiver (has extras) }
12-13 01:29:09.493 15350 15363 D Documents: Used cached roots for com.android.externalstorage.documents
12-13 01:29:09.493 15350 15363 D Documents: Used cached roots for com.android.providers.downloads.documents
12-13 01:29:09.493 15350 15363 D Documents: Used cached roots for com.android.providers.media.documents
12-13 01:29:09.493 15350 15363 D Documents: Loading roots for com.google.android.apps.docs.storage
12-13 01:29:09.503   717  1400 D EnterpriseDeviceManager: ContainerId: 0
12-13 01:29:09.503   717  1272 I PackageManager:   Action: "android.intent.action.SENDTO"
12-13 01:29:09.503   717  1272 I PackageManager:   Category: "android.intent.category.DEFAULT"
12-13 01:29:09.503   717  1272 I PackageManager:   Scheme: "smsto"
12-13 01:29:09.503   717   717 I HarmonyEASService: onReceive : android.intent.action.PACKAGE_REMOVED for 0
12-13 01:29:09.503   717  1272 I PackageManager: Adding preferred activity ComponentInfo{com.android.mms/com.android.mms.ui.ConversationComposer} for user 0 :
12-13 01:29:09.523   717  1235 D EnterpriseDeviceManager: ContainerId: 0
12-13 01:29:09.523   717   937 W InputMethodInfo: Duplicated subtype definition found: , voice
12-13 01:29:09.533   717  7178 I PackageManager:   Action: "android.intent.action.SENDTO"
12-13 01:29:09.533   717  7178 I PackageManager:   Category: "android.intent.category.DEFAULT"
12-13 01:29:09.533   717  7178 I PackageManager:   Scheme: "mms"
12-13 01:29:09.533   717  7178 I PackageManager: Adding preferred activity ComponentInfo{com.android.mms/com.android.mms.ui.ConversationComposer} for user 0 :
12-13 01:29:09.543   717   968 I ServiceKeeper: In getappinfo pid = 717 pkgName = android appinfo = null
12-13 01:29:09.543   717   968 I ServiceKeeper: In getseinfo pid = 717 uid = 1000 seinfo= system
12-13 01:29:09.553 13223 13223 D dalvikvm: GC_EXPLICIT freed 1735K, 37% free 22496K/35708K, paused 11ms+9ms, total 156ms
12-13 01:29:09.583   717  1397 D EnterpriseDeviceManager: ContainerId: 0
12-13 01:29:09.583  3568  3568 I elm     : MainReceiver : Receive Intent { act=android.intent.action.PACKAGE_REMOVED dat=package:com.example.snoopy flg=0x4000010 cmp=com.sec.esdk.elm/.service.ElmAgentService (has extras) } END.
12-13 01:29:09.583  3568  3568 D elm     : ElmAgentService : onStartCommand()
12-13 01:29:09.583  3568  3568 D elm     : MainReceiver.listeningToPackageRemoved()
12-13 01:29:09.593  1840  1840 I knox    : MainReceiver.onReceive() : Intent { act=android.intent.action.PACKAGE_REMOVED dat=package:com.example.snoopy flg=0x4000010 cmp=com.sec.knox.seandroid/.receiver.MainReceiver (has extras) }
12-13 01:29:09.593   717  1888 I PackageManager:   Action: "android.intent.action.SENDTO"
12-13 01:29:09.593   717  1888 I PackageManager:   Category: "android.intent.category.DEFAULT"
12-13 01:29:09.593   717  1888 I PackageManager:   Scheme: "mmsto"
12-13 01:29:09.593  3568  3568 D elm     : MDMBridge.getInstance()
12-13 01:29:09.593  3568  3568 D elm     : MDMBridge.getAllLicenseInfoFromSDK()
12-13 01:29:09.593  1259  1259 I PersonaManager: getPersonaService() name persona_policy
12-13 01:29:09.593  1840  1840 W ContextImpl: Calling a method in the system process without a qualified user: android.app.ContextImpl.startService:1847 android.content.ContextWrapper.startService:506 android.content.ContextWrapper.startService:506 com.sec.knox.seandroid.receiver.MainReceiver.onReceive:89 android.app.ActivityThread.handleReceiver:2642 
12-13 01:29:09.593   717  1888 I PackageManager: Adding preferred activity ComponentInfo{com.android.mms/com.android.mms.ui.ConversationComposer} for user 0 :
12-13 01:29:09.603  2902  2902 I SQLiteSecureOpenHelper: getWritableDatabase(pwd)
12-13 01:29:09.603  2902  2902 I SQLiteSecureOpenHelper: getDatabaseLocked(b,b,pwd)...
12-13 01:29:09.603   717  1400 D EnterpriseDeviceManager: ContainerId: 0
12-13 01:29:09.603  3568  3568 D elm     : MDMBridge.getAllLicenseInfoFromSDK()
12-13 01:29:09.613  1840  1840 D knox    : MainReceiver.listeningToPackageRemoved()
12-13 01:29:09.613  1840  1840 I knox    : MainReceiver.onReceive() END - - - - - : Intent { act=android.intent.action.PACKAGE_REMOVED dat=package:com.example.snoopy flg=0x4000010 cmp=com.sec.knox.seandroid/.receiver.MainReceiver (has extras) }
12-13 01:29:09.613   717   743 I PackageManager:   Action: "android.intent.action.SENDTO"
12-13 01:29:09.613   717   743 I PackageManager:   Category: "android.intent.category.DEFAULT"
12-13 01:29:09.613   717   743 I PackageManager:   Scheme: "sms"
12-13 01:29:09.613  1259  1259 I PersonaManager: getPersonaService() name persona_policy
12-13 01:29:09.613   717   743 I PackageManager: Adding preferred activity ComponentInfo{com.android.mms/com.android.mms.ui.ConversationComposer} for user 0 :
12-13 01:29:09.623 15350 15363 D Documents: Update found 6 roots in 154ms
12-13 01:29:09.643   717  1888 D EnterpriseDeviceManager: ContainerId: 0
12-13 01:29:09.643  3568  3568 D elm     : MainReceiver.listeningToPackageRemoved(). SEND to KLMS. Remove All KNOX/ONS License
12-13 01:29:09.653   717  1819 I PackageManager:   Action: "android.intent.action.SENDTO"
12-13 01:29:09.653   717  1819 I PackageManager:   Category: "android.intent.category.DEFAULT"
12-13 01:29:09.653   717  1819 I PackageManager:   Scheme: "smsto"
12-13 01:29:09.653   717  1819 I PackageManager: Adding preferred activity ComponentInfo{com.android.mms/com.android.mms.ui.ConversationComposer} for user 0 :
12-13 01:29:09.663   717   717 D BackupManagerService: Received broadcast Intent { act=android.intent.action.PACKAGE_REMOVED dat=package:com.example.snoopy flg=0x4000010 (has extras) }
12-13 01:29:09.663   717   717 V BackupManagerService: removePackageParticipantsLocked: uid=14037 #1
12-13 01:29:09.673  2316  2320 D dalvikvm: GC_CONCURRENT freed 7654K, 36% free 17337K/26744K, paused 4ms+4ms, total 176ms
12-13 01:29:09.673  2316  2331 D dalvikvm: WAIT_FOR_CONCURRENT_GC blocked 128ms
12-13 01:29:09.693   717  1400 D EnterpriseDeviceManager: ContainerId: 0
12-13 01:29:09.703   717   961 I PackageManager:   Action: "android.intent.action.SENDTO"
12-13 01:29:09.703   717   961 I PackageManager:   Category: "android.intent.category.DEFAULT"
12-13 01:29:09.703   717   961 I PackageManager:   Scheme: "mms"
12-13 01:29:09.703   717   961 I PackageManager: Adding preferred activity ComponentInfo{com.android.mms/com.android.mms.ui.ConversationComposer} for user 0 :
12-13 01:29:09.713  2902  2902 I SQLiteSecureOpenHelper: getWritableDatabase(pwd)
12-13 01:29:09.713  2902  2902 I SQLiteSecureOpenHelper: getDatabaseLocked(b,b,pwd)...
12-13 01:29:09.723   717  4391 D EnterpriseDeviceManager: ContainerId: 0
12-13 01:29:09.723   717  1888 I PackageManager:   Action: "android.intent.action.SENDTO"
12-13 01:29:09.723   717  1888 I PackageManager:   Category: "android.intent.category.DEFAULT"
12-13 01:29:09.723   717  1888 I PackageManager:   Scheme: "mmsto"
12-13 01:29:09.723   717  1888 I PackageManager: Adding preferred activity ComponentInfo{com.android.mms/com.android.mms.ui.ConversationComposer} for user 0 :
12-13 01:29:09.813   257   257 E SMD     : DCD ON
12-13 01:29:09.833   717   963 D dalvikvm: GC_EXPLICIT freed 12554K, 31% free 53716K/77028K, paused 6ms+38ms, total 303ms
12-13 01:29:09.833   717  1014 D dalvikvm: WAIT_FOR_CONCURRENT_GC blocked 82ms
12-13 01:29:09.833   717  1272 D dalvikvm: WAIT_FOR_CONCURRENT_GC blocked 81ms
12-13 01:29:09.833   717  1888 D dalvikvm: WAIT_FOR_CONCURRENT_GC blocked 82ms
12-13 01:29:09.833   717  1235 D dalvikvm: WAIT_FOR_CONCURRENT_GC blocked 81ms
12-13 01:29:09.833   717  1402 D dalvikvm: WAIT_FOR_CONCURRENT_GC blocked 82ms
12-13 01:29:09.833   717  1819 D dalvikvm: WAIT_FOR_CONCURRENT_GC blocked 15ms
12-13 01:29:09.833   717   937 D dalvikvm: WAIT_FOR_CONCURRENT_GC blocked 83ms
12-13 01:29:09.833   717   961 D dalvikvm: WAIT_FOR_CONCURRENT_GC blocked 15ms
12-13 01:29:09.833   717   717 D dalvikvm: WAIT_FOR_CONCURRENT_GC blocked 79ms
12-13 01:29:09.833   717   963 D PackageManager: delete sourFile : 
12-13 01:29:09.833   717   963 D PackageManager: delete native library directory: 
12-13 01:29:09.843   717   963 D PackageManager: return delete result to caller: 1162674936
12-13 01:29:09.843   717   963 D PackageManager: returnCode: 1
12-13 01:29:09.853 15676 15676 D AndroidRuntime: Shutting down VM
12-13 01:29:09.853 15676 15681 D dalvikvm: GC_CONCURRENT freed 96K, 13% free 666K/764K, paused 0ms+0ms, total 1ms
12-13 01:29:09.863   717   937 D EnterpriseDeviceManagerService: Package has changed for user 0
12-13 01:29:09.863   717   937 D EnterpriseDeviceManagerService: Admin package name: com.google.android.gms
12-13 01:29:09.863   717   968 I ServiceKeeper: In getappinfo pid = 717 pkgName = android appinfo = null
12-13 01:29:09.863   717   968 I ServiceKeeper: In getseinfo pid = 717 uid = 1000 seinfo= system
12-13 01:29:09.863   717  1016 D EnterpriseDeviceManager: ContainerId: 0
12-13 01:29:09.863   717   963 D EnterpriseDeviceManager: ContainerId: 0
12-13 01:29:09.863  2902  2902 I SQLiteSecureOpenHelper: getWritableDatabase(pwd)
12-13 01:29:09.863  2902  2902 I SQLiteSecureOpenHelper: getDatabaseLocked(b,b,pwd)...
12-13 01:29:09.863   717   963 D EnterpriseDeviceManager: ContainerId: 0
12-13 01:29:09.873   717   963 I PackageManager:   Action: "android.intent.action.SENDTO"
12-13 01:29:09.873   717   963 I PackageManager:   Category: "android.intent.category.DEFAULT"
12-13 01:29:09.873   717   963 I PackageManager:   Scheme: "sms"
12-13 01:29:09.873   717  1016 D EnterpriseDeviceManager: ContainerId: 0
12-13 01:29:09.873   717   937 I PersonaManager: getPersonaService() name persona_policy
12-13 01:29:09.873   717   963 I PackageManager: Adding preferred activity ComponentInfo{com.android.mms/com.android.mms.ui.ConversationComposer} for user 0 :
12-13 01:29:09.883   717   937 I PersonaManager: getPersonaService() name persona_policy
12-13 01:29:09.883   717  1402 D EnterpriseDeviceManager: ContainerId: 0
12-13 01:29:09.883   717  1402 W LicenseLogService: log() failed
12-13 01:29:09.893 14544 14544 I PCWCLIENTTRACE_PushUtil: SPPPushClient is installed : true
12-13 01:29:09.893 14544 14544 I PCWCLIENTTRACE_PushUtil: sales region : global
12-13 01:29:09.893 14544 14544 I PCWCLIENTTRACE_PushUtil: getPushTypeList : [SPP, GCM]
12-13 01:29:09.893 14544 14544 I PCWCLIENTTRACE_SYSTEMReceiver: [onReceive] - android.intent.action.PACKAGE_REMOVED
12-13 01:29:09.893   717  1888 D EnterpriseDeviceManager: ContainerId: 0
12-13 01:29:09.893   717   963 D EnterpriseDeviceManager: ContainerId: 0
12-13 01:29:09.893   717  1888 W LicenseLogService: log() failed
12-13 01:29:09.893   717   963 I PackageManager:   Action: "android.intent.action.SENDTO"
12-13 01:29:09.893   717   963 I PackageManager:   Category: "android.intent.category.DEFAULT"
12-13 01:29:09.893   717   963 I PackageManager:   Scheme: "smsto"
12-13 01:29:09.893   717   963 I PackageManager: Adding preferred activity ComponentInfo{com.android.mms/com.android.mms.ui.ConversationComposer} for user 0 :
12-13 01:29:09.903   717   937 I PersonaManager: getPersonaService() name persona_policy
12-13 01:29:09.913   717  1218 D EnterpriseDeviceManager: ContainerId: 0
12-13 01:29:09.913   717   963 D EnterpriseDeviceManager: ContainerId: 0
12-13 01:29:09.913   717  1218 W LicenseLogService: log() failed
12-13 01:29:09.913   717  4391 D EnterpriseDeviceManager: ContainerId: 0
12-13 01:29:09.913   717  4391 W LicenseLogService: log() failed
12-13 01:29:09.913   717   963 I PackageManager: Adding preferred activity ComponentInfo{com.android.mms/com.android.mms.ui.ConversationComposer} for user 0 :
12-13 01:29:09.923   717   963 I PackageManager:   Action: "android.intent.action.SENDTO"
12-13 01:29:09.923   717   963 I PackageManager:   Category: "android.intent.category.DEFAULT"
12-13 01:29:09.923   717   963 I PackageManager:   Scheme: "mms"
12-13 01:29:09.923   717   937 I PersonaManager: getPersonaService() name persona_policy
12-13 01:29:09.923  2902  2902 I SQLiteSecureOpenHelper: getWritableDatabase(pwd)
12-13 01:29:09.923  2902  2902 I SQLiteSecureOpenHelper: getDatabaseLocked(b,b,pwd)...
12-13 01:29:09.933   717   937 W Resources: Converting to string: TypedValue{t=0x12/d=0xffffffff a=-1}
12-13 01:29:09.933   717  1218 I ActivityManager: Killing 15039:com.sec.android.widgetapp.SPlannerAppWidget/u0a164 (adj 15): empty #31
12-13 01:29:09.943   717   937 I PersonaManager: getPersonaService() name persona_policy
12-13 01:29:09.943   717   937 W Resources: Converting to string: TypedValue{t=0x12/d=0xffffffff a=-1}
12-13 01:29:09.943   717   937 I PersonaManager: getPersonaService() name persona_policy
12-13 01:29:09.943   717   963 D EnterpriseDeviceManager: ContainerId: 0
12-13 01:29:09.953   717   963 I PackageManager:   Action: "android.intent.action.SENDTO"
12-13 01:29:09.953   717   963 I PackageManager:   Category: "android.intent.category.DEFAULT"
12-13 01:29:09.953   717   963 I PackageManager:   Scheme: "mmsto"
12-13 01:29:09.953 13683 13683 I SA      : [SUR] onReceive log=[SA = 2.0.0095 V = 19 HWD = 1920X1080 3.0 dpi = 480  SIZE = 2 LOCALE = en_US CSC = TMB MCC = 0 MNC 0 T = user DEVICE = kltetmo P = kltetmo I = KOT49H M = SM-G900T OKLEFT false DIS KOT49H.G900TUVU1CNK2 PSS = 5.219788042639568  ]
12-13 01:29:09.953 13683 13683 I SA      : [SUR] onReceive Intent=[ action_PACKAGE_REMOVED package ]
12-13 01:29:09.953   717   963 I PackageManager: Adding preferred activity ComponentInfo{com.android.mms/com.android.mms.ui.ConversationComposer} for user 0 :
12-13 01:29:09.973   717   937 I PersonaManager: getPersonaService() name persona_policy
12-13 01:29:09.973   717   963 D PackageManager: [MSG] START_CLEANING_PACKAGE
12-13 01:29:09.983   717   937 I PersonaManager: getPersonaService() name persona_policy
12-13 01:29:09.983   717   937 W Resources: Converting to string: TypedValue{t=0x12/d=0xffffffff a=-1}
12-13 01:29:09.993   717   937 I PersonaManager: getPersonaService() name persona_policy
12-13 01:29:09.993   717   961 I TactileAssist: enable value -1
12-13 01:29:09.993   717   961 I TactileAssist: internal enable value -1
12-13 01:29:09.993   717   961 I TactileAssist: intensity value -1
12-13 01:29:09.993   717   961 I TactileAssist: saveAppList value true
12-13 01:29:09.993  2902  2902 I SQLiteSecureOpenHelper: getWritableDatabase(pwd)
12-13 01:29:09.993  2902  2902 I SQLiteSecureOpenHelper: getDatabaseLocked(b,b,pwd)...
12-13 01:29:10.003   717   961 I TactileAssist: List of disabled apps :
12-13 01:29:10.003   717   937 W Resources: Converting to string: TypedValue{t=0x12/d=0xffffffff a=-1}
12-13 01:29:10.023  1431 15738 I IcingCorporaProvider: Updating corpora: APPS=com.example.snoopy, CONTACTS=MAYBE
12-13 01:29:10.033 13223 13784 I IcingInternalCorpora: EventIndexer: starting incremental update
12-13 01:29:10.033 13223 13784 I IcingInternalCorpora: EventIndexer: 0 added, 0 removed, 0 changed, 0 unchanged, 0 errors.
12-13 01:29:10.033 15504 15504 D UserAnalysis.UserAnalysisBroadcastReceiver: Create SecureDbHelper
12-13 01:29:10.033 13223 13784 I IcingInternalCorpora: EventIndexer: finished after 3 ms.
12-13 01:29:10.043   717   937 I PersonaManager: getPersonaService() name persona_policy
12-13 01:29:10.053  2902  2902 I SQLiteSecureOpenHelper: getWritableDatabase(pwd)
12-13 01:29:10.053  2902  2902 I SQLiteSecureOpenHelper: getDatabaseLocked(b,b,pwd)...
12-13 01:29:10.063 14410 14410 W ContextImpl: Calling a method in the system process without a qualified user: android.app.ContextImpl.startService:1847 android.content.ContextWrapper.startService:506 android.content.ContextWrapper.startService:506 com.samsung.android.app.assistantmenu.AssistantMenuReceiver.onReceive:165 android.app.ActivityThread.handleReceiver:2642 
12-13 01:29:10.073   717   937 I PersonaManager: getPersonaService() name persona_policy
12-13 01:29:10.073 15519 15519 D RCPManager:  in createShortcut() for packageName: com.example.snoopy userId0
12-13 01:29:10.073   717   743 D RCPManagerService:  in createShortcut() for packageName: com.example.snoopy userId0
12-13 01:29:10.073   717   743 D RCPManagerService: queryAllProviders():  providerCallBack is not register for 0
12-13 01:29:10.073 14637 14637 D CapabilityManagerService New: Receiver Broadcast:android.intent.action.PACKAGE_REMOVED
12-13 01:29:10.073 14637 14637 D CapabilityManagerService New: The package(com.example.snoopy) removed
12-13 01:29:10.093   717   937 I PersonaManager: getPersonaService() name persona_policy
12-13 01:29:10.093  2902  2902 I SQLiteSecureOpenHelper: getWritableDatabase(pwd)
12-13 01:29:10.103  2902  2902 I SQLiteSecureOpenHelper: getDatabaseLocked(b,b,pwd)...
12-13 01:29:10.103   717   937 I PersonaManager: getPersonaService() name persona_policy
12-13 01:29:10.103   717   937 W Resources: Converting to string: TypedValue{t=0x12/d=0xffffffff a=-1}
12-13 01:29:10.103   717   937 I PersonaManager: getPersonaService() name persona_policy
12-13 01:29:10.113   717   937 I PersonaManager: getPersonaService() name persona_policy
12-13 01:29:10.113   717   937 W Resources: Converting to string: TypedValue{t=0x12/d=0xffffffff a=-1}
12-13 01:29:10.113   717   968 I ServiceKeeper: In getappinfo pid = 717 pkgName = android appinfo = null
12-13 01:29:10.113   717   968 I ServiceKeeper: In getseinfo pid = 717 uid = 1000 seinfo= system
12-13 01:29:10.113   717   937 I PersonaManager: getPersonaService() name persona_policy
12-13 01:29:10.113   717   968 I ServiceKeeper: In getappinfo pid = 717 pkgName = android appinfo = null
12-13 01:29:10.113   717   968 I ServiceKeeper: In getseinfo pid = 717 uid = 1000 seinfo= system
12-13 01:29:10.113   717   937 I PersonaManager: getPersonaService() name persona_policy
12-13 01:29:10.123  1286  1286 D WallpaperManager: SEC_PRODUCT_FEATURE_COMMON_ENABLE_TEXTURE_COMPRESSION is true
12-13 01:29:10.123   717   937 W Resources: Converting to string: TypedValue{t=0x12/d=0xffffffff a=-1}
12-13 01:29:10.123  1286  1286 D WallpaperManager: SEC_PRODUCT_FEATURE_COMMON_ENABLE_TEXTURE_COMPRESSION is true
12-13 01:29:10.123   717   937 I PersonaManager: getPersonaService() name persona_policy
12-13 01:29:10.123  1286  1286 D WallpaperManager: SEC_PRODUCT_FEATURE_COMMON_ENABLE_TEXTURE_COMPRESSION is true
12-13 01:29:10.133   717   937 I PersonaManager: getPersonaService() name persona_policy
12-13 01:29:10.133 15740 15740 I SELinux : Function: selinux_android_load_priority [0], There is no sepolicy file.
12-13 01:29:10.133 15740 15740 I SELinux :  
12-13 01:29:10.143 13223 13422 I Icing   : IndexChimeraService.getServiceInterface callingPackage=com.google.android.googlequicksearchbox componentName=null serviceId=21
12-13 01:29:10.143   717   968 I ServiceKeeper: In getappinfo pid = 717 pkgName = android appinfo = null
12-13 01:29:10.143   717   968 I ServiceKeeper: In getseinfo pid = 717 uid = 1000 seinfo= system
12-13 01:29:10.153   717   968 I ServiceKeeper: In getappinfo pid = 717 pkgName = android appinfo = null
12-13 01:29:10.153   717   968 I ServiceKeeper: In getseinfo pid = 717 uid = 1000 seinfo= system
12-13 01:29:10.153   717   968 I ServiceKeeper: In getappinfo pid = 717 pkgName = android appinfo = null
12-13 01:29:10.153   717   968 I ServiceKeeper: In getseinfo pid = 717 uid = 1000 seinfo= system
12-13 01:29:10.153   717   937 I PersonaManager: getPersonaService() name persona_policy
12-13 01:29:10.163   717   968 I ServiceKeeper: In getappinfo pid = 717 pkgName = android appinfo = null
12-13 01:29:10.163   717   968 I ServiceKeeper: In getseinfo pid = 717 uid = 1000 seinfo= system
12-13 01:29:10.163   717   968 I ServiceKeeper: In getappinfo pid = 717 pkgName = android appinfo = null
12-13 01:29:10.163   717   968 I ServiceKeeper: In getseinfo pid = 717 uid = 1000 seinfo= system
12-13 01:29:10.163  2902  2902 I SQLiteSecureOpenHelper: getWritableDatabase(pwd)
12-13 01:29:10.163  2902  2902 I SQLiteSecureOpenHelper: getDatabaseLocked(b,b,pwd)...
12-13 01:29:10.163 15740 15740 I SELinux : Function: selinux_android_load_priority , spota verifySig and checkHash pass. priority version is VE=SEPF_SM-G900T_4.4.2_0055
12-13 01:29:10.163 15740 15740 I SELinux :  
12-13 01:29:10.163 15740 15740 I SELinux :  
12-13 01:29:10.163 15740 15740 I SELinux : selinux_android_seapp_context_reload: seapp_contexts file is loaded from /data/security/spota/seapp_contexts
12-13 01:29:10.163   717   937 W Resources: Converting to string: TypedValue{t=0x12/d=0xffffffff a=-1}
12-13 01:29:10.163 15740 15740 E dalvikvm: >>>>> Normal User
12-13 01:29:10.163 15740 15740 E dalvikvm: >>>>> com.samsung.android.app.filterinstaller [ userId:0 | appId:1000 ]
12-13 01:29:10.163   717   937 I PersonaManager: getPersonaService() name persona_policy
12-13 01:29:10.163   717   968 I ServiceKeeper: In getappinfo pid = 717 pkgName = android appinfo = null
12-13 01:29:10.163   717   968 I ServiceKeeper: In getseinfo pid = 717 uid = 1000 seinfo= system
12-13 01:29:10.163   717   968 I ServiceKeeper: In getappinfo pid = 717 pkgName = android appinfo = null
12-13 01:29:10.163   717   968 I ServiceKeeper: In getseinfo pid = 717 uid = 1000 seinfo= system
12-13 01:29:10.163   717   937 I PersonaManager: getPersonaService() name persona_policy
12-13 01:29:10.173   717   937 I PersonaManager: getPersonaService() name persona_policy
12-13 01:29:10.183 13223 13784 I Icing   : Usage reports ok 0, Failed Usage reports 0, indexed 0, rejected 0, imm upload true
12-13 01:29:10.183   717   968 I ServiceKeeper: In getappinfo pid = 717 pkgName = android appinfo = null
12-13 01:29:10.183   717   968 I ServiceKeeper: In getseinfo pid = 717 uid = 1000 seinfo= system
12-13 01:29:10.183   717   968 I ServiceKeeper: In getappinfo pid = 717 pkgName = android appinfo = null
12-13 01:29:10.183   717   968 I ServiceKeeper: In getseinfo pid = 717 uid = 1000 seinfo= system
12-13 01:29:10.183   717   937 I PersonaManager: getPersonaService() name persona_policy
12-13 01:29:10.183   717   937 I PersonaManager: getPersonaService() name persona_policy
12-13 01:29:10.183  1431 15738 I IcingCorporaProvider: UpdateCorporaTask done [took 168 ms] updated apps [took 168 ms] 
12-13 01:29:10.193   717   937 I PersonaManager: getPersonaService() name persona_policy
12-13 01:29:10.193   717   937 I PersonaManager: getPersonaService() name persona_policy
12-13 01:29:10.193   717   937 I PersonaManager: getPersonaService() name persona_policy
12-13 01:29:10.203  2902  2902 I SQLiteSecureOpenHelper: getWritableDatabase(pwd)
12-13 01:29:10.203  2902  2902 I SQLiteSecureOpenHelper: getDatabaseLocked(b,b,pwd)...
12-13 01:29:10.203   717   937 I PersonaManager: getPersonaService() name persona_policy
12-13 01:29:10.203   717   937 I PersonaManager: getPersonaService() name persona_policy
12-13 01:29:10.203   717   937 W Resources: Converting to string: TypedValue{t=0x12/d=0xffffffff a=-1}
12-13 01:29:10.203 15740 15740 W ContextImpl: Calling a method in the system process without a qualified user: android.app.ContextImpl.startService:1847 android.content.ContextWrapper.startService:506 android.content.ContextWrapper.startService:506 com.samsung.android.app.filterinstaller.PackageIntentReceiver.onReceive:53 android.app.ActivityThread.handleReceiver:2642 
12-13 01:29:10.213   717   937 I PersonaManager: getPersonaService() name persona_policy
12-13 01:29:10.213   717   937 W Resources: Converting to string: TypedValue{t=0x12/d=0xffffffff a=-1}
12-13 01:29:10.213 14735 14735 D MagazineService::MagazineBroadcastReceiver: [onReceive] android.intent.action.PACKAGE_REMOVED com.example.snoopy
12-13 01:29:10.213 14735 15754 I MagazineService::MagazineService: [onHandleIntent] ACTION_PACKAGE_REMOVED
12-13 01:29:10.223   717   937 I PersonaManager: getPersonaService() name persona_policy
12-13 01:29:10.223   717   937 W Resources: Converting to string: TypedValue{t=0x12/d=0xffffffff a=-1}
12-13 01:29:10.223   717   937 W Resources: Converting to string: TypedValue{t=0x12/d=0x0 a=-1}
12-13 01:29:10.223 15553 15553 W ContextImpl: Calling a method in the system process without a qualified user: android.app.ContextImpl.startService:1847 android.content.ContextWrapper.startService:506 android.content.ContextWrapper.startService:506 com.android.keychain.KeyChainBroadcastReceiver.onReceive:12 android.app.ActivityThread.handleReceiver:2642 
12-13 01:29:10.223   717   937 I PersonaManager: getPersonaService() name persona_policy
12-13 01:29:10.223   717   937 W Resources: Converting to string: TypedValue{t=0x12/d=0xffffffff a=-1}
12-13 01:29:10.233   717   937 I PersonaManager: getPersonaService() name persona_policy
12-13 01:29:10.233 14748 14748 D KidsModeInstallReceiver: onReceive intent data =  package:com.example.snoopy
