12-13 01:29:01.393  2902  2902 I SQLiteSecureOpenHelper: getWritableDatabase(pwd)
12-13 01:29:01.393  2902  2902 I SQLiteSecureOpenHelper: getDatabaseLocked(b,b,pwd)...
12-13 01:29:01.423  2902  2902 I SQLiteSecureOpenHelper: getWritableDatabase(pwd)
12-13 01:29:01.423  2902  2902 I SQLiteSecureOpenHelper: getDatabaseLocked(b,b,pwd)...
12-13 01:29:01.453  2902  2902 I SQLiteSecureOpenHelper: getWritableDatabase(pwd)
12-13 01:29:01.453  2902  2902 I SQLiteSecureOpenHelper: getDatabaseLocked(b,b,pwd)...
12-13 01:29:01.483  2902  2902 I SQLiteSecureOpenHelper: getWritableDatabase(pwd)
12-13 01:29:01.483  2902  2902 I SQLiteSecureOpenHelper: getDatabaseLocked(b,b,pwd)...
12-13 01:29:01.483 13223 13784 I Icing   : Indexing D06CD6D35EAAB6C5B75B34323AF90EA3D1DF5421 from com.google.android.gms
12-13 01:29:01.493 13223 13784 I Icing   : Indexing done D06CD6D35EAAB6C5B75B34323AF90EA3D1DF5421
12-13 01:29:01.493   717   968 I ServiceKeeper: In getappinfo pid = 717 pkgName = android appinfo = null
12-13 01:29:01.493   717   968 I ServiceKeeper: In getseinfo pid = 717 uid = 1000 seinfo= system
12-13 01:29:01.523  2902  2902 I SQLiteSecureOpenHelper: getWritableDatabase(pwd)
12-13 01:29:01.523  2902  2902 I SQLiteSecureOpenHelper: getDatabaseLocked(b,b,pwd)...
12-13 01:29:01.553  2902  2902 I SQLiteSecureOpenHelper: getWritableDatabase(pwd)
12-13 01:29:01.553  2902  2902 I SQLiteSecureOpenHelper: getDatabaseLocked(b,b,pwd)...
12-13 01:29:01.583  2902  2902 I SQLiteSecureOpenHelper: getWritableDatabase(pwd)
12-13 01:29:01.583  2902  2902 I SQLiteSecureOpenHelper: getDatabaseLocked(b,b,pwd)...
12-13 01:29:01.613  2902  2902 I SQLiteSecureOpenHelper: getWritableDatabase(pwd)
12-13 01:29:01.613  2902  2902 I SQLiteSecureOpenHelper: getDatabaseLocked(b,b,pwd)...
12-13 01:29:01.653  2902  2902 I SQLiteSecureOpenHelper: getWritableDatabase(pwd)
12-13 01:29:01.653  2902  2902 I SQLiteSecureOpenHelper: getDatabaseLocked(b,b,pwd)...
12-13 01:29:01.683  2902  2902 I SQLiteSecureOpenHelper: getWritableDatabase(pwd)
12-13 01:29:01.683  2902  2902 I SQLiteSecureOpenHelper: getDatabaseLocked(b,b,pwd)...
12-13 01:29:01.723  2902  2902 I SQLiteSecureOpenHelper: getWritableDatabase(pwd)
12-13 01:29:01.723  2902  2902 I SQLiteSecureOpenHelper: getDatabaseLocked(b,b,pwd)...
12-13 01:29:01.753  2902  2902 I SQLiteSecureOpenHelper: getWritableDatabase(pwd)
12-13 01:29:01.753  2902  2902 I SQLiteSecureOpenHelper: getDatabaseLocked(b,b,pwd)...
12-13 01:29:01.793  2902  2902 I SQLiteSecureOpenHelper: getWritableDatabase(pwd)
12-13 01:29:01.793  2902  2902 I SQLiteSecureOpenHelper: getDatabaseLocked(b,b,pwd)...
12-13 01:29:01.823  2902  2902 I SQLiteSecureOpenHelper: getWritableDatabase(pwd)
12-13 01:29:01.823  2902  2902 I SQLiteSecureOpenHelper: getDatabaseLocked(b,b,pwd)...
12-13 01:29:01.833 15631 15631 D AndroidRuntime: 
12-13 01:29:01.833 15631 15631 D AndroidRuntime: >>>>>> AndroidRuntime START com.android.internal.os.RuntimeInit <<<<<<
12-13 01:29:01.833 15631 15631 D AndroidRuntime: CheckJNI is OFF
12-13 01:29:01.833 15631 15631 D AndroidRuntime: setted country_code = USA
12-13 01:29:01.833 15631 15631 D AndroidRuntime: setted countryiso_code = US
12-13 01:29:01.833 15631 15631 D AndroidRuntime: setted sales_code = TMB
12-13 01:29:01.833 15631 15631 D AndroidRuntime: readGMSProperty: start
12-13 01:29:01.833 15631 15631 D AndroidRuntime: readGMSProperty: already setted!!
12-13 01:29:01.833 15631 15631 D AndroidRuntime: readGMSProperty: end
12-13 01:29:01.833 15631 15631 D AndroidRuntime: addProductProperty: start
12-13 01:29:01.843 15631 15631 D dalvikvm: Trying to load lib libjavacore.so 0x0
12-13 01:29:01.853 15631 15631 D dalvikvm: Added shared lib libjavacore.so 0x0
12-13 01:29:01.853 15631 15631 D dalvikvm: Trying to load lib libnativehelper.so 0x0
12-13 01:29:01.853 15631 15631 D dalvikvm: Added shared lib libnativehelper.so 0x0
12-13 01:29:01.853 15631 15631 D dalvikvm: No JNI_OnLoad found in libnativehelper.so 0x0, skipping init
12-13 01:29:01.873  2902  2902 I SQLiteSecureOpenHelper: getWritableDatabase(pwd)
12-13 01:29:01.873  2902  2902 I SQLiteSecureOpenHelper: getDatabaseLocked(b,b,pwd)...
12-13 01:29:01.913  2902  2902 I SQLiteSecureOpenHelper: getWritableDatabase(pwd)
12-13 01:29:01.913  2902  2902 I SQLiteSecureOpenHelper: getDatabaseLocked(b,b,pwd)...
12-13 01:29:01.943   717   968 I ServiceKeeper: In getappinfo pid = 717 pkgName = android appinfo = null
12-13 01:29:01.943   717   968 I ServiceKeeper: In getseinfo pid = 717 uid = 1000 seinfo= system
12-13 01:29:01.943   717   968 I ServiceKeeper: In getappinfo pid = 717 pkgName = android appinfo = null
12-13 01:29:01.943   717   968 I ServiceKeeper: In getseinfo pid = 717 uid = 1000 seinfo= system
12-13 01:29:01.943  2902  2902 I SQLiteSecureOpenHelper: getWritableDatabase(pwd)
12-13 01:29:01.943  2902  2902 I SQLiteSecureOpenHelper: getDatabaseLocked(b,b,pwd)...
12-13 01:29:01.953 15631 15631 E memtrack: Couldn't load memtrack module (No such file or directory)
12-13 01:29:01.953 15631 15631 E android.os.Debug: failed to load memtrack module: -2
12-13 01:29:01.973 15631 15631 D dalvikvm: Note: class Landroid/app/ActivityManagerNative; has 192 unimplemented (abstract) methods
12-13 01:29:01.983  2902  2902 I SQLiteSecureOpenHelper: getWritableDatabase(pwd)
12-13 01:29:01.983  2902  2902 I SQLiteSecureOpenHelper: getDatabaseLocked(b,b,pwd)...
12-13 01:29:02.003 15631 15631 D AndroidRuntime: Calling main entry com.android.commands.am.Am
12-13 01:29:02.013  2902  2902 I SQLiteSecureOpenHelper: getWritableDatabase(pwd)
12-13 01:29:02.013  2902  2902 I SQLiteSecureOpenHelper: getDatabaseLocked(b,b,pwd)...
12-13 01:29:02.033   717   743 V ApplicationPolicy: isApplicationStateBlocked userId -1 pkgname com.example.snoopy
12-13 01:29:02.043 15631 15631 D AndroidRuntime: Shutting down VM
12-13 01:29:02.043 15631 15636 D dalvikvm: GC_CONCURRENT freed 95K, 13% free 666K/764K, paused 0ms+1ms, total 3ms
12-13 01:29:02.043   717   936 W ContextImpl: Calling a method in the system process without a qualified user: android.app.ContextImpl.sendBroadcast:1505 com.android.server.am.AppStateBroadcaster.BroadcastAppState:128 com.android.server.am.AppStateBroadcaster.SendApplicationStop:53 com.android.server.am.ActivityManagerService$2.handleMessage:2141 android.os.Handler.dispatchMessage:102 
12-13 01:29:02.053  2902  2902 I SQLiteSecureOpenHelper: getWritableDatabase(pwd)
12-13 01:29:02.053  2902  2902 I SQLiteSecureOpenHelper: getDatabaseLocked(b,b,pwd)...
12-13 01:29:02.053  7789  7793 D dalvikvm: GC_CONCURRENT freed 1934K, 36% free 17338K/26744K, paused 1ms+1ms, total 16ms
12-13 01:29:02.083  2902  2902 I SQLiteSecureOpenHelper: getWritableDatabase(pwd)
12-13 01:29:02.083  2902  2902 I SQLiteSecureOpenHelper: getDatabaseLocked(b,b,pwd)...
12-13 01:29:02.123  2902  2902 I SQLiteSecureOpenHelper: getWritableDatabase(pwd)
12-13 01:29:02.133  2902  2902 I SQLiteSecureOpenHelper: getDatabaseLocked(b,b,pwd)...
12-13 01:29:02.163  2902  2902 I SQLiteSecureOpenHelper: getWritableDatabase(pwd)
12-13 01:29:02.163  2902  2902 I SQLiteSecureOpenHelper: getDatabaseLocked(b,b,pwd)...
12-13 01:29:02.203  2902  2902 I SQLiteSecureOpenHelper: getWritableDatabase(pwd)
12-13 01:29:02.203  2902  2902 I SQLiteSecureOpenHelper: getDatabaseLocked(b,b,pwd)...
12-13 01:29:02.233  2902  2902 I SQLiteSecureOpenHelper: getWritableDatabase(pwd)
12-13 01:29:02.233  2902  2902 I SQLiteSecureOpenHelper: getDatabaseLocked(b,b,pwd)...
12-13 01:29:02.273  2902  2902 I SQLiteSecureOpenHelper: getWritableDatabase(pwd)
12-13 01:29:02.273  2902  2902 I SQLiteSecureOpenHelper: getDatabaseLocked(b,b,pwd)...
12-13 01:29:02.303  2902  2902 I SQLiteSecureOpenHelper: getWritableDatabase(pwd)
12-13 01:29:02.303  2902  2902 I SQLiteSecureOpenHelper: getDatabaseLocked(b,b,pwd)...
12-13 01:29:02.343  2902  2902 I SQLiteSecureOpenHelper: getWritableDatabase(pwd)
12-13 01:29:02.343  2902  2902 I SQLiteSecureOpenHelper: getDatabaseLocked(b,b,pwd)...
12-13 01:29:02.383  2902  2902 I SQLiteSecureOpenHelper: getWritableDatabase(pwd)
12-13 01:29:02.383  2902  2902 I SQLiteSecureOpenHelper: getDatabaseLocked(b,b,pwd)...
12-13 01:29:02.413  2902  2902 I SQLiteSecureOpenHelper: getWritableDatabase(pwd)
12-13 01:29:02.413  2902  2902 I SQLiteSecureOpenHelper: getDatabaseLocked(b,b,pwd)...
12-13 01:29:02.453  2902  2902 I SQLiteSecureOpenHelper: getWritableDatabase(pwd)
12-13 01:29:02.453  2902  2902 I SQLiteSecureOpenHelper: getDatabaseLocked(b,b,pwd)...
12-13 01:29:02.493  2902  2902 I SQLiteSecureOpenHelper: getWritableDatabase(pwd)
12-13 01:29:02.493  2902  2902 I SQLiteSecureOpenHelper: getDatabaseLocked(b,b,pwd)...
12-13 01:29:02.533  2902  2902 I SQLiteSecureOpenHelper: getWritableDatabase(pwd)
12-13 01:29:02.533  2902  2902 I SQLiteSecureOpenHelper: getDatabaseLocked(b,b,pwd)...
12-13 01:29:02.563  2902  2902 I SQLiteSecureOpenHelper: getWritableDatabase(pwd)
12-13 01:29:02.563  2902  2902 I SQLiteSecureOpenHelper: getDatabaseLocked(b,b,pwd)...
12-13 01:29:02.603  2902  2902 I SQLiteSecureOpenHelper: getWritableDatabase(pwd)
12-13 01:29:02.603  2902  2902 I SQLiteSecureOpenHelper: getDatabaseLocked(b,b,pwd)...
12-13 01:29:02.633  2902  2902 I SQLiteSecureOpenHelper: getWritableDatabase(pwd)
12-13 01:29:02.633  2902  2902 I SQLiteSecureOpenHelper: getDatabaseLocked(b,b,pwd)...
12-13 01:29:02.663  2902  2902 I SQLiteSecureOpenHelper: getWritableDatabase(pwd)
12-13 01:29:02.663  2902  2902 I SQLiteSecureOpenHelper: getDatabaseLocked(b,b,pwd)...
12-13 01:29:02.713  2902  2902 I SQLiteSecureOpenHelper: getWritableDatabase(pwd)
12-13 01:29:02.713  2902  2902 I SQLiteSecureOpenHelper: getDatabaseLocked(b,b,pwd)...
12-13 01:29:02.763  2902  2902 I SQLiteSecureOpenHelper: getWritableDatabase(pwd)
12-13 01:29:02.763  2902  2902 I SQLiteSecureOpenHelper: getDatabaseLocked(b,b,pwd)...
12-13 01:29:02.773 15642 15642 D AndroidRuntime: 
12-13 01:29:02.773 15642 15642 D AndroidRuntime: >>>>>> AndroidRuntime START com.android.internal.os.RuntimeInit <<<<<<
12-13 01:29:02.773 15642 15642 D AndroidRuntime: CheckJNI is OFF
12-13 01:29:02.773 15642 15642 D AndroidRuntime: setted country_code = USA
12-13 01:29:02.773 15642 15642 D AndroidRuntime: setted countryiso_code = US
12-13 01:29:02.773 15642 15642 D AndroidRuntime: setted sales_code = TMB
12-13 01:29:02.773 15642 15642 D AndroidRuntime: readGMSProperty: start
12-13 01:29:02.773 15642 15642 D AndroidRuntime: readGMSProperty: already setted!!
12-13 01:29:02.773 15642 15642 D AndroidRuntime: readGMSProperty: end
12-13 01:29:02.773 15642 15642 D AndroidRuntime: addProductProperty: start
12-13 01:29:02.793 15642 15642 D dalvikvm: Trying to load lib libjavacore.so 0x0
12-13 01:29:02.793 15642 15642 D dalvikvm: Added shared lib libjavacore.so 0x0
12-13 01:29:02.793 15642 15642 D dalvikvm: Trying to load lib libnativehelper.so 0x0
12-13 01:29:02.793 15642 15642 D dalvikvm: Added shared lib libnativehelper.so 0x0
12-13 01:29:02.793 15642 15642 D dalvikvm: No JNI_OnLoad found in libnativehelper.so 0x0, skipping init
12-13 01:29:02.803  2902  2902 I SQLiteSecureOpenHelper: getWritableDatabase(pwd)
12-13 01:29:02.803  2902  2902 I SQLiteSecureOpenHelper: getDatabaseLocked(b,b,pwd)...
12-13 01:29:02.833  2902  2902 I SQLiteSecureOpenHelper: getWritableDatabase(pwd)
12-13 01:29:02.833  2902  2902 I SQLiteSecureOpenHelper: getDatabaseLocked(b,b,pwd)...
12-13 01:29:02.843  7789  7793 D dalvikvm: GC_CONCURRENT freed 1938K, 36% free 17339K/26744K, paused 1ms+2ms, total 15ms
12-13 01:29:02.873  2902  2902 I SQLiteSecureOpenHelper: getWritableDatabase(pwd)
12-13 01:29:02.873  2902  2902 I SQLiteSecureOpenHelper: getDatabaseLocked(b,b,pwd)...
12-13 01:29:02.903 15642 15642 E memtrack: Couldn't load memtrack module (No such file or directory)
12-13 01:29:02.903 15642 15642 E android.os.Debug: failed to load memtrack module: -2
12-13 01:29:02.903   717  1218 D BatteryService: level:100, scale:100, status:5, health:2, present:true, voltage: 4188, temperature: 280, technology: Li-ion, AC powered:false, USB powered:true, Wireless powered:false, icon:17303678, invalid charger:0, online:4, current avg:450, charge type:1, power sharing:false
12-13 01:29:02.903   717   717 D BatteryService: Sending ACTION_BATTERY_CHANGED.
12-13 01:29:02.913   717   717 I Tethering: BATTERY_CHANGED, level = 100lowBatteryThreshold = 15
12-13 01:29:02.913  1067  1067 D KeyguardUpdateMonitor: received broadcast android.intent.action.BATTERY_CHANGED
12-13 01:29:02.913  1067  1067 D KeyguardUpdateMonitor: handleBatteryUpdate
12-13 01:29:02.913  2902  2902 I SQLiteSecureOpenHelper: getWritableDatabase(pwd)
12-13 01:29:02.913  2902  2902 I SQLiteSecureOpenHelper: getDatabaseLocked(b,b,pwd)...
12-13 01:29:02.913  1704 13192 D HeadsetStateMachine: Disconnected process message: 10
12-13 01:29:02.913   717   717 D UiModeManager: mCoverManager.getCoverState() : true
12-13 01:29:02.913  1067  1067 D STATUSBAR-PhoneStatusBar:  mBrightnessEnablebySettings = true mBrightnessEnablebyBattery = true mBrightnessEnablebyDisableFlag = true mPmsBrightnessEnablebySettings = true
12-13 01:29:02.923 15642 15642 D dalvikvm: Note: class Landroid/app/ActivityManagerNative; has 192 unimplemented (abstract) methods
12-13 01:29:02.923  1067  1067 D STATUSBAR-IconMerger: checkOverflow(144), More:true, Req:true Child:5
12-13 01:29:02.933  1067  1067 D BatteryMeterView: ACTION_BATTERY_CHANGED : level:100 status:5 health:2
12-13 01:29:02.953   717   968 I ServiceKeeper: In getappinfo pid = 717 pkgName = android appinfo = null
12-13 01:29:02.953   717   968 I ServiceKeeper: In getseinfo pid = 717 uid = 1000 seinfo= system
12-13 01:29:02.953   717   968 I ServiceKeeper: In getappinfo pid = 717 pkgName = android appinfo = null
12-13 01:29:02.953   717   968 I ServiceKeeper: In getseinfo pid = 717 uid = 1000 seinfo= system
12-13 01:29:02.953  2902  2902 I SQLiteSecureOpenHelper: getWritableDatabase(pwd)
12-13 01:29:02.953  2902  2902 I SQLiteSecureOpenHelper: getDatabaseLocked(b,b,pwd)...
12-13 01:29:02.973 15642 15642 D AndroidRuntime: Calling main entry com.android.commands.pm.Pm
12-13 01:29:02.993  2902  2902 I SQLiteSecureOpenHelper: getWritableDatabase(pwd)
12-13 01:29:02.993  2902  2902 I SQLiteSecureOpenHelper: getDatabaseLocked(b,b,pwd)...
12-13 01:29:03.023   717  1397 V ApplicationPolicy: isApplicationStateBlocked userId 0 pkgname com.example.snoopy
12-13 01:29:03.023  2902  2902 I SQLiteSecureOpenHelper: getWritableDatabase(pwd)
12-13 01:29:03.023  2902  2902 I SQLiteSecureOpenHelper: getDatabaseLocked(b,b,pwd)...
12-13 01:29:03.023   717  1397 D EnterpriseDeviceManager: ContainerId: 0
12-13 01:29:03.023   717  1397 V ApplicationPolicy: isApplicationStateBlocked userId 0 pkgname com.example.snoopy
12-13 01:29:03.023   276   276 D keystore: calling clear_uid in state: 3
12-13 01:29:03.023   717  1397 D PackageManager: START CLEAR APPLICATION USER DATA: observer{1138619392}
12-13 01:29:03.023   717  1397 D PackageManager: pkg{<packageName>}
12-13 01:29:03.023   717  1397 D PackageManager: user{0}
12-13 01:29:03.023   717   963 D PackageManager: [MSG] CLEAR_APPLICATION_USER_DATA
12-13 01:29:03.033 13019 13019 I GeofencerStateMachine: removeGeofences: removeRequest=RemoveGeofencingRequest[REMOVE_ALL packageName=com.example.snoopy]
12-13 01:29:03.033   717   968 I ServiceKeeper: In getappinfo pid = 717 pkgName = android appinfo = null
12-13 01:29:03.033   717   968 I ServiceKeeper: In getseinfo pid = 717 uid = 1000 seinfo= system
12-13 01:29:03.033   717   968 I ServiceKeeper: In getappinfo pid = 717 pkgName = android appinfo = null
12-13 01:29:03.033   717   968 I ServiceKeeper: In getseinfo pid = 717 uid = 1000 seinfo= system
12-13 01:29:03.033  1672  1672 D daemonapp: [MSC_Daemon]>>> AWDCDS:27 [0:0] AWD CD Act : androidintentactionPACKAGE_RESTARTED
12-13 01:29:03.043 15350 15654 D Documents: Used cached roots for com.android.externalstorage.documents
12-13 01:29:03.043 15350 15654 D Documents: Used cached roots for com.android.providers.downloads.documents
12-13 01:29:03.043 15350 15654 D Documents: Used cached roots for com.android.providers.media.documents
12-13 01:29:03.043 15350 15654 D Documents: Loading roots for com.google.android.apps.docs.storage
12-13 01:29:03.043  1259  1259 I PersonaManager: getPersonaService() name persona_policy
12-13 01:29:03.053 15350 15654 D Documents: Update found 6 roots in 12ms
12-13 01:29:03.053 15642 15642 D AndroidRuntime: Shutting down VM
12-13 01:29:03.053 15642 15648 D dalvikvm: GC_CONCURRENT freed 97K, 13% free 677K/776K, paused 3ms+0ms, total 5ms
12-13 01:29:03.053   717   963 D PackageManager: return delete result to caller: 1138619392
12-13 01:29:03.053   717   963 D PackageManager: returnCode: true
12-13 01:29:03.063  2902  2902 I SQLiteSecureOpenHelper: getWritableDatabase(pwd)
12-13 01:29:03.063  2902  2902 I SQLiteSecureOpenHelper: getDatabaseLocked(b,b,pwd)...
12-13 01:29:03.073  1672  1672 D daemonapp: [MSC_Daemon]>>> AWDCDS:27 [0:0] AWD CD Act : androidintentactionPACKAGE_DATA_CLEARED
12-13 01:29:03.083 13223 15592 D Wear_Controller: Received broadcast action=android.intent.action.PACKAGE_DATA_CLEARED and uri=com.example.snoopy
12-13 01:29:03.083 13223 15380 I LocationSettingsChecker: Removing dialog suppression flag for package com.example.snoopy
12-13 01:29:03.093  1067  1067 D STATUSBAR-NetworkController: refreshSignalCluster - setNWBoosterIndicators(true), showBoosterIcon : false
12-13 01:29:03.093   717   968 I ServiceKeeper: In getappinfo pid = 717 pkgName = android appinfo = null
12-13 01:29:03.093   717   968 I ServiceKeeper: In getseinfo pid = 717 uid = 1000 seinfo= system
12-13 01:29:03.093  1067  1067 D STATUSBAR-NetworkController: refreshSignalCluster: data=-1 bt=false
12-13 01:29:03.103   717   968 I ServiceKeeper: In getappinfo pid = 717 pkgName = android appinfo = null
12-13 01:29:03.103   717   968 I ServiceKeeper: In getseinfo pid = 717 uid = 1000 seinfo= system
12-13 01:29:03.103   717   968 I ServiceKeeper: In getappinfo pid = 717 pkgName = android appinfo = null
12-13 01:29:03.103 13223 13784 I Icing   : doRemovePackageData com.example.snoopy
12-13 01:29:03.103   717   968 I ServiceKeeper: In getseinfo pid = 717 uid = 1000 seinfo= system
12-13 01:29:03.103   717   968 I ServiceKeeper: In getappinfo pid = 717 pkgName = android appinfo = null
12-13 01:29:03.103   717   968 I ServiceKeeper: In getseinfo pid = 717 uid = 1000 seinfo= system
12-13 01:29:03.103   717   968 I ServiceKeeper: In getappinfo pid = 717 pkgName = android appinfo = null
12-13 01:29:03.103   717   968 I ServiceKeeper: In getseinfo pid = 717 uid = 1000 seinfo= system
12-13 01:29:03.103  1067  1067 D STATUSBAR-IconMerger: checkOverflow(144), More:true, Req:true Child:5
12-13 01:29:03.123  2902  2902 I SQLiteSecureOpenHelper: getWritableDatabase(pwd)
12-13 01:29:03.123  2902  2902 I SQLiteSecureOpenHelper: getDatabaseLocked(b,b,pwd)...
12-13 01:29:03.143   717   968 I ServiceKeeper: In getappinfo pid = 717 pkgName = android appinfo = null
12-13 01:29:03.143   717   968 I ServiceKeeper: In getseinfo pid = 717 uid = 1000 seinfo= system
12-13 01:29:03.143   717   968 I ServiceKeeper: In getappinfo pid = 717 pkgName = android appinfo = null
12-13 01:29:03.143   717   968 I ServiceKeeper: In getseinfo pid = 717 uid = 1000 seinfo= system
12-13 01:29:03.143   717   968 I ServiceKeeper: In getappinfo pid = 717 pkgName = android appinfo = null
12-13 01:29:03.143   717   968 I ServiceKeeper: In getseinfo pid = 717 uid = 1000 seinfo= system
12-13 01:29:03.143   717   968 I ServiceKeeper: In getappinfo pid = 717 pkgName = android appinfo = null
12-13 01:29:03.143   717   968 I ServiceKeeper: In getseinfo pid = 717 uid = 1000 seinfo= system
12-13 01:29:03.153   717   968 I ServiceKeeper: In getappinfo pid = 717 pkgName = android appinfo = null
12-13 01:29:03.153   717   968 I ServiceKeeper: In getseinfo pid = 717 uid = 1000 seinfo= system
12-13 01:29:03.163  2902  2902 I SQLiteSecureOpenHelper: getWritableDatabase(pwd)
12-13 01:29:03.163  2902  2902 I SQLiteSecureOpenHelper: getDatabaseLocked(b,b,pwd)...
12-13 01:29:03.193  2902  2902 I SQLiteSecureOpenHelper: getWritableDatabase(pwd)
12-13 01:29:03.193  2902  2902 I SQLiteSecureOpenHelper: getDatabaseLocked(b,b,pwd)...
12-13 01:29:03.223  2902  2902 I SQLiteSecureOpenHelper: getWritableDatabase(pwd)
12-13 01:29:03.223  2902  2902 I SQLiteSecureOpenHelper: getDatabaseLocked(b,b,pwd)...
12-13 01:29:03.253  2902  2902 I SQLiteSecureOpenHelper: getWritableDatabase(pwd)
12-13 01:29:03.253  2902  2902 I SQLiteSecureOpenHelper: getDatabaseLocked(b,b,pwd)...
12-13 01:29:03.293  2902  2902 I SQLiteSecureOpenHelper: getWritableDatabase(pwd)
12-13 01:29:03.293  2902  2902 I SQLiteSecureOpenHelper: getDatabaseLocked(b,b,pwd)...
12-13 01:29:03.323  2902  2902 I SQLiteSecureOpenHelper: getWritableDatabase(pwd)
12-13 01:29:03.323  2902  2902 I SQLiteSecureOpenHelper: getDatabaseLocked(b,b,pwd)...
12-13 01:29:03.353  2902  2902 I SQLiteSecureOpenHelper: getWritableDatabase(pwd)
12-13 01:29:03.353  2902  2902 I SQLiteSecureOpenHelper: getDatabaseLocked(b,b,pwd)...
12-13 01:29:03.393  2902  2902 I SQLiteSecureOpenHelper: getWritableDatabase(pwd)
12-13 01:29:03.393  2902  2902 I SQLiteSecureOpenHelper: getDatabaseLocked(b,b,pwd)...
12-13 01:29:03.423  2902  2902 I SQLiteSecureOpenHelper: getWritableDatabase(pwd)
12-13 01:29:03.423  2902  2902 I SQLiteSecureOpenHelper: getDatabaseLocked(b,b,pwd)...
12-13 01:29:03.463  2902  2902 I SQLiteSecureOpenHelper: getWritableDatabase(pwd)
12-13 01:29:03.463  2902  2902 I SQLiteSecureOpenHelper: getDatabaseLocked(b,b,pwd)...
12-13 01:29:03.483 13223 13223 W dalvikvm: VFY: unable to find class referenced in signature (Landroid/app/job/JobParameters;)
12-13 01:29:03.483   717   968 I ServiceKeeper: In getappinfo pid = 717 pkgName = android appinfo = null
12-13 01:29:03.483   717   968 I ServiceKeeper: In getseinfo pid = 717 uid = 1000 seinfo= system
12-13 01:29:03.503   717   968 I ServiceKeeper: In getappinfo pid = 717 pkgName = android appinfo = null
12-13 01:29:03.503   717   968 I ServiceKeeper: In getseinfo pid = 717 uid = 1000 seinfo= system
12-13 01:29:03.513  2902  2902 I SQLiteSecureOpenHelper: getWritableDatabase(pwd)
12-13 01:29:03.513  2902  2902 I SQLiteSecureOpenHelper: getDatabaseLocked(b,b,pwd)...
12-13 01:29:03.513   717   968 I ServiceKeeper: In getappinfo pid = 717 pkgName = android appinfo = null
12-13 01:29:03.513   717   968 I ServiceKeeper: In getseinfo pid = 717 uid = 1000 seinfo= system
12-13 01:29:03.543  2902  2902 I SQLiteSecureOpenHelper: getWritableDatabase(pwd)
12-13 01:29:03.543  2902  2902 I SQLiteSecureOpenHelper: getDatabaseLocked(b,b,pwd)...
12-13 01:29:03.573  2902  2902 I SQLiteSecureOpenHelper: getWritableDatabase(pwd)
12-13 01:29:03.583  2902  2902 I SQLiteSecureOpenHelper: getDatabaseLocked(b,b,pwd)...
12-13 01:29:03.623  2902  2902 I SQLiteSecureOpenHelper: getWritableDatabase(pwd)
12-13 01:29:03.623  2902  2902 I SQLiteSecureOpenHelper: getDatabaseLocked(b,b,pwd)...
12-13 01:29:03.623  7789  7793 D dalvikvm: GC_CONCURRENT freed 1944K, 36% free 17335K/26744K, paused 2ms+2ms, total 16ms
12-13 01:29:03.653  2902  2902 I SQLiteSecureOpenHelper: getWritableDatabase(pwd)
12-13 01:29:03.653  2902  2902 I SQLiteSecureOpenHelper: getDatabaseLocked(b,b,pwd)...
12-13 01:29:03.693  2902  2902 I SQLiteSecureOpenHelper: getWritableDatabase(pwd)
12-13 01:29:03.693  2902  2902 I SQLiteSecureOpenHelper: getDatabaseLocked(b,b,pwd)...
12-13 01:29:03.723  2902  2902 I SQLiteSecureOpenHelper: getWritableDatabase(pwd)
12-13 01:29:03.723  2902  2902 I SQLiteSecureOpenHelper: getDatabaseLocked(b,b,pwd)...
12-13 01:29:03.753  2902  2902 I SQLiteSecureOpenHelper: getWritableDatabase(pwd)
12-13 01:29:03.753  2902  2902 I SQLiteSecureOpenHelper: getDatabaseLocked(b,b,pwd)...
12-13 01:29:03.793  2902  2902 I SQLiteSecureOpenHelper: getWritableDatabase(pwd)
12-13 01:29:03.793  2902  2902 I SQLiteSecureOpenHelper: getDatabaseLocked(b,b,pwd)...
12-13 01:29:03.793 15661 15661 D AndroidRuntime: 
12-13 01:29:03.793 15661 15661 D AndroidRuntime: >>>>>> AndroidRuntime START com.android.internal.os.RuntimeInit <<<<<<
12-13 01:29:03.803 15661 15661 D AndroidRuntime: CheckJNI is OFF
12-13 01:29:03.803 15661 15661 D AndroidRuntime: setted country_code = USA
12-13 01:29:03.803 15661 15661 D AndroidRuntime: setted countryiso_code = US
12-13 01:29:03.803 15661 15661 D AndroidRuntime: setted sales_code = TMB
12-13 01:29:03.803 15661 15661 D AndroidRuntime: readGMSProperty: start
12-13 01:29:03.803 15661 15661 D AndroidRuntime: readGMSProperty: already setted!!
12-13 01:29:03.803 15661 15661 D AndroidRuntime: readGMSProperty: end
12-13 01:29:03.803 15661 15661 D AndroidRuntime: addProductProperty: start
12-13 01:29:03.813   257   257 E SMD     : DCD ON
12-13 01:29:03.813 15661 15661 D dalvikvm: Trying to load lib libjavacore.so 0x0
12-13 01:29:03.813 13019 13019 I WearableService: Wearable Services stopping
12-13 01:29:03.823 15661 15661 D dalvikvm: Added shared lib libjavacore.so 0x0
12-13 01:29:03.823 15661 15661 D dalvikvm: Trying to load lib libnativehelper.so 0x0
12-13 01:29:03.823 15661 15661 D dalvikvm: Added shared lib libnativehelper.so 0x0
12-13 01:29:03.823 15661 15661 D dalvikvm: No JNI_OnLoad found in libnativehelper.so 0x0, skipping init
12-13 01:29:03.833  2902  2902 I SQLiteSecureOpenHelper: getWritableDatabase(pwd)
12-13 01:29:03.833  2902  2902 I SQLiteSecureOpenHelper: getDatabaseLocked(b,b,pwd)...
12-13 01:29:03.873  2902  2902 I SQLiteSecureOpenHelper: getWritableDatabase(pwd)
12-13 01:29:03.873  2902  2902 I SQLiteSecureOpenHelper: getDatabaseLocked(b,b,pwd)...
12-13 01:29:03.903  2902  2902 I SQLiteSecureOpenHelper: getWritableDatabase(pwd)
12-13 01:29:03.903  2902  2902 I SQLiteSecureOpenHelper: getDatabaseLocked(b,b,pwd)...
12-13 01:29:03.923 15661 15661 E memtrack: Couldn't load memtrack module (No such file or directory)
12-13 01:29:03.923 15661 15661 E android.os.Debug: failed to load memtrack module: -2
12-13 01:29:03.943   717   968 I ServiceKeeper: In getappinfo pid = 717 pkgName = android appinfo = null
12-13 01:29:03.943   717   968 I ServiceKeeper: In getseinfo pid = 717 uid = 1000 seinfo= system
12-13 01:29:03.943  2902  2902 I SQLiteSecureOpenHelper: getWritableDatabase(pwd)
12-13 01:29:03.943  2902  2902 I SQLiteSecureOpenHelper: getDatabaseLocked(b,b,pwd)...
12-13 01:29:03.943 15661 15661 D dalvikvm: Note: class Landroid/app/ActivityManagerNative; has 192 unimplemented (abstract) methods
12-13 01:29:03.953   717   968 I ServiceKeeper: In getappinfo pid = 717 pkgName = android appinfo = null
12-13 01:29:03.953   717   968 I ServiceKeeper: In getseinfo pid = 717 uid = 1000 seinfo= system
12-13 01:29:03.953   717   968 I ServiceKeeper: In getappinfo pid = 717 pkgName = android appinfo = null
12-13 01:29:03.953   717   968 I ServiceKeeper: In getseinfo pid = 717 uid = 1000 seinfo= system
12-13 01:29:03.963   717   968 I ServiceKeeper: In getappinfo pid = 717 pkgName = android appinfo = null
12-13 01:29:03.963   717   968 I ServiceKeeper: In getseinfo pid = 717 uid = 1000 seinfo= system
12-13 01:29:03.973   717   968 I ServiceKeeper: In getappinfo pid = 717 pkgName = android appinfo = null
12-13 01:29:03.973   717   968 I ServiceKeeper: In getseinfo pid = 717 uid = 1000 seinfo= system
12-13 01:29:03.973   717   968 I ServiceKeeper: In getappinfo pid = 717 pkgName = android appinfo = null
12-13 01:29:03.973   717   968 I ServiceKeeper: In getseinfo pid = 717 uid = 1000 seinfo= system
12-13 01:29:03.983  2902  2902 I SQLiteSecureOpenHelper: getWritableDatabase(pwd)
12-13 01:29:03.983  2902  2902 I SQLiteSecureOpenHelper: getDatabaseLocked(b,b,pwd)...
12-13 01:29:03.983 15661 15661 D AndroidRuntime: Calling main entry com.android.commands.pm.Pm
12-13 01:29:03.993   717   968 I ServiceKeeper: In getappinfo pid = 717 pkgName = android appinfo = null
12-13 01:29:03.993   717   968 I ServiceKeeper: In getseinfo pid = 717 uid = 1000 seinfo= system
12-13 01:29:03.993   717   968 I ServiceKeeper: In getappinfo pid = 717 pkgName = android appinfo = null
12-13 01:29:03.993   717   968 I ServiceKeeper: In getseinfo pid = 717 uid = 1000 seinfo= system
12-13 01:29:04.003   717   968 I ServiceKeeper: In getappinfo pid = 717 pkgName = android appinfo = null
12-13 01:29:04.003   717   968 I ServiceKeeper: In getseinfo pid = 717 uid = 1000 seinfo= system
12-13 01:29:04.023  2902  2902 I SQLiteSecureOpenHelper: getWritableDatabase(pwd)
12-13 01:29:04.023  2902  2902 I SQLiteSecureOpenHelper: getDatabaseLocked(b,b,pwd)...
12-13 01:29:04.073  2902  2902 I SQLiteSecureOpenHelper: getWritableDatabase(pwd)
12-13 01:29:04.073  2902  2902 I SQLiteSecureOpenHelper: getDatabaseLocked(b,b,pwd)...
12-13 01:29:04.073  1200  1200 D ContentApp:  LEVEL : 1
12-13 01:29:04.073   717  2645 D SSRMv2:SIOP: SIOP:: AP = 490, PST = 471, Delta = 8
12-13 01:29:04.073   717  2645 D AmoledAdjustTimer: prevTemp = 278, currTemp = 280, prevStep = 4, currStep = 4
12-13 01:29:04.113  1067  1067 D STATUSBAR-NetworkController: refreshSignalCluster - setNWBoosterIndicators(true), showBoosterIcon : false
12-13 01:29:04.113  1067  1067 D STATUSBAR-NetworkController: refreshSignalCluster: data=-1 bt=false
12-13 01:29:04.133  2902  2902 I SQLiteSecureOpenHelper: getWritableDatabase(pwd)
12-13 01:29:04.133  2902  2902 I SQLiteSecureOpenHelper: getDatabaseLocked(b,b,pwd)...
12-13 01:29:04.133  1067  1067 D STATUSBAR-IconMerger: checkOverflow(144), More:true, Req:true Child:5
12-13 01:29:04.153 15661 15661 D AndroidRuntime: Shutting down VM
12-13 01:29:04.163 15661 15666 D dalvikvm: GC_CONCURRENT freed 678K, 49% free 716K/1396K, paused 1ms+0ms, total 3ms
12-13 01:29:04.183  2902  2902 I SQLiteSecureOpenHelper: getWritableDatabase(pwd)
12-13 01:29:04.183  2902  2902 I SQLiteSecureOpenHelper: getDatabaseLocked(b,b,pwd)...
12-13 01:29:04.223  2902  2902 I SQLiteSecureOpenHelper: getWritableDatabase(pwd)
12-13 01:29:04.223  2902  2902 I SQLiteSecureOpenHelper: getDatabaseLocked(b,b,pwd)...
12-13 01:29:04.243   717  1186 E Watchdog: !@Sync 168
12-13 01:29:04.253  2902  2902 I SQLiteSecureOpenHelper: getWritableDatabase(pwd)
12-13 01:29:04.253  2902  2902 I SQLiteSecureOpenHelper: getDatabaseLocked(b,b,pwd)...
12-13 01:29:04.293  2902  2902 I SQLiteSecureOpenHelper: getWritableDatabase(pwd)
12-13 01:29:04.293  2902  2902 I SQLiteSecureOpenHelper: getDatabaseLocked(b,b,pwd)...
12-13 01:29:04.323  2902  2902 I SQLiteSecureOpenHelper: getWritableDatabase(pwd)
12-13 01:29:04.323  2902  2902 I SQLiteSecureOpenHelper: getDatabaseLocked(b,b,pwd)...
12-13 01:29:04.353  2902  2902 I SQLiteSecureOpenHelper: getWritableDatabase(pwd)
12-13 01:29:04.353  2902  2902 I SQLiteSecureOpenHelper: getDatabaseLocked(b,b,pwd)...
12-13 01:29:04.383  2902  2902 I SQLiteSecureOpenHelper: getWritableDatabase(pwd)
12-13 01:29:04.383  2902  2902 I SQLiteSecureOpenHelper: getDatabaseLocked(b,b,pwd)...
12-13 01:29:04.423  2902  2902 I SQLiteSecureOpenHelper: getWritableDatabase(pwd)
12-13 01:29:04.423  2902  2902 I SQLiteSecureOpenHelper: getDatabaseLocked(b,b,pwd)...
12-13 01:29:04.423  7789  7793 D dalvikvm: GC_CONCURRENT freed 1938K, 36% free 17339K/26744K, paused 1ms+1ms, total 14ms
12-13 01:29:04.453  2902  2902 I SQLiteSecureOpenHelper: getWritableDatabase(pwd)
12-13 01:29:04.453  2902  2902 I SQLiteSecureOpenHelper: getDatabaseLocked(b,b,pwd)...
12-13 01:29:04.493  2902  2902 I SQLiteSecureOpenHelper: getWritableDatabase(pwd)
12-13 01:29:04.493  2902  2902 I SQLiteSecureOpenHelper: getDatabaseLocked(b,b,pwd)...
12-13 01:29:04.523  2902  2902 I SQLiteSecureOpenHelper: getWritableDatabase(pwd)
12-13 01:29:04.523  2902  2902 I SQLiteSecureOpenHelper: getDatabaseLocked(b,b,pwd)...
12-13 01:29:04.563  2902  2902 I SQLiteSecureOpenHelper: getWritableDatabase(pwd)
12-13 01:29:04.563  2902  2902 I SQLiteSecureOpenHelper: getDatabaseLocked(b,b,pwd)...
12-13 01:29:04.593  2902  2902 I SQLiteSecureOpenHelper: getWritableDatabase(pwd)
12-13 01:29:04.593  2902  2902 I SQLiteSecureOpenHelper: getDatabaseLocked(b,b,pwd)...
12-13 01:29:04.633  2902  2902 I SQLiteSecureOpenHelper: getWritableDatabase(pwd)
12-13 01:29:04.633  2902  2902 I SQLiteSecureOpenHelper: getDatabaseLocked(b,b,pwd)...
12-13 01:29:04.663   717   961 E PersonaManagerService: Unable to read user list
12-13 01:29:04.673  2902  2902 I SQLiteSecureOpenHelper: getWritableDatabase(pwd)
12-13 01:29:04.673  2902  2902 I SQLiteSecureOpenHelper: getDatabaseLocked(b,b,pwd)...
12-13 01:29:04.703  2902  2902 I SQLiteSecureOpenHelper: getWritableDatabase(pwd)
12-13 01:29:04.703  2902  2902 I SQLiteSecureOpenHelper: getDatabaseLocked(b,b,pwd)...
12-13 01:29:04.743  2902  2902 I SQLiteSecureOpenHelper: getWritableDatabase(pwd)
12-13 01:29:04.743  2902  2902 I SQLiteSecureOpenHelper: getDatabaseLocked(b,b,pwd)...
12-13 01:29:04.773  2902  2902 I SQLiteSecureOpenHelper: getWritableDatabase(pwd)
12-13 01:29:04.773  2902  2902 I SQLiteSecureOpenHelper: getDatabaseLocked(b,b,pwd)...
12-13 01:29:04.813  2902  2902 I SQLiteSecureOpenHelper: getWritableDatabase(pwd)
12-13 01:29:04.813  2902  2902 I SQLiteSecureOpenHelper: getDatabaseLocked(b,b,pwd)...
12-13 01:29:04.843  2902  2902 I SQLiteSecureOpenHelper: getWritableDatabase(pwd)
12-13 01:29:04.843  2902  2902 I SQLiteSecureOpenHelper: getDatabaseLocked(b,b,pwd)...
12-13 01:29:04.883  2902  2902 I SQLiteSecureOpenHelper: getWritableDatabase(pwd)
12-13 01:29:04.883  2902  2902 I SQLiteSecureOpenHelper: getDatabaseLocked(b,b,pwd)...
12-13 01:29:04.923  2902  2902 I SQLiteSecureOpenHelper: getWritableDatabase(pwd)
12-13 01:29:04.923  2902  2902 I SQLiteSecureOpenHelper: getDatabaseLocked(b,b,pwd)...
12-13 01:29:04.953   717   968 I ServiceKeeper: In getappinfo pid = 717 pkgName = android appinfo = null
12-13 01:29:04.953   717   968 I ServiceKeeper: In getseinfo pid = 717 uid = 1000 seinfo= system
12-13 01:29:04.953   717   968 I ServiceKeeper: In getappinfo pid = 717 pkgName = android appinfo = null
12-13 01:29:04.953   717   968 I ServiceKeeper: In getseinfo pid = 717 uid = 1000 seinfo= system
12-13 01:29:04.963  2902  2902 I SQLiteSecureOpenHelper: getWritableDatabase(pwd)
12-13 01:29:04.963  2902  2902 I SQLiteSecureOpenHelper: getDatabaseLocked(b,b,pwd)...
12-13 01:29:05.003  2902  2902 I SQLiteSecureOpenHelper: getWritableDatabase(pwd)
12-13 01:29:05.003  2902  2902 I SQLiteSecureOpenHelper: getDatabaseLocked(b,b,pwd)...
12-13 01:29:05.013  1923  1923 W Settings: Setting airplane_mode_on has moved from android.provider.Settings.System to android.provider.Settings.Global, returning read-only value.
12-13 01:29:05.033  2902  2902 I SQLiteSecureOpenHelper: getWritableDatabase(pwd)
12-13 01:29:05.043  2902  2902 I SQLiteSecureOpenHelper: getDatabaseLocked(b,b,pwd)...
12-13 01:29:05.073  2902  2902 I SQLiteSecureOpenHelper: getWritableDatabase(pwd)
12-13 01:29:05.073  2902  2902 I SQLiteSecureOpenHelper: getDatabaseLocked(b,b,pwd)...
12-13 01:29:05.113  2902  2902 I SQLiteSecureOpenHelper: getWritableDatabase(pwd)
12-13 01:29:05.113  2902  2902 I SQLiteSecureOpenHelper: getDatabaseLocked(b,b,pwd)...
12-13 01:29:05.123  1067  1067 D STATUSBAR-NetworkController: refreshSignalCluster - setNWBoosterIndicators(true), showBoosterIcon : false
12-13 01:29:05.123  1067  1067 D STATUSBAR-NetworkController: refreshSignalCluster: data=-1 bt=false
12-13 01:29:05.133  1067  1067 D STATUSBAR-IconMerger: checkOverflow(144), More:true, Req:true Child:5
12-13 01:29:05.163  2902  2902 I SQLiteSecureOpenHelper: getWritableDatabase(pwd)
12-13 01:29:05.163  2902  2902 I SQLiteSecureOpenHelper: getDatabaseLocked(b,b,pwd)...
12-13 01:29:05.203  2902  2902 I SQLiteSecureOpenHelper: getWritableDatabase(pwd)
12-13 01:29:05.203  2902  2902 I SQLiteSecureOpenHelper: getDatabaseLocked(b,b,pwd)...
12-13 01:29:05.203  7789  7793 D dalvikvm: GC_CONCURRENT freed 1941K, 36% free 17338K/26744K, paused 2ms+2ms, total 16ms
12-13 01:29:05.233  2902  2902 I SQLiteSecureOpenHelper: getWritableDatabase(pwd)
12-13 01:29:05.233  2902  2902 I SQLiteSecureOpenHelper: getDatabaseLocked(b,b,pwd)...
12-13 01:29:05.243 15676 15676 D AndroidRuntime: 
12-13 01:29:05.243 15676 15676 D AndroidRuntime: >>>>>> AndroidRuntime START com.android.internal.os.RuntimeInit <<<<<<
12-13 01:29:05.243 15676 15676 D AndroidRuntime: CheckJNI is OFF
12-13 01:29:05.243 15676 15676 D AndroidRuntime: setted country_code = USA
12-13 01:29:05.243 15676 15676 D AndroidRuntime: setted countryiso_code = US
12-13 01:29:05.243 15676 15676 D AndroidRuntime: setted sales_code = TMB
12-13 01:29:05.243 15676 15676 D AndroidRuntime: readGMSProperty: start
12-13 01:29:05.243 15676 15676 D AndroidRuntime: readGMSProperty: already setted!!
12-13 01:29:05.243 15676 15676 D AndroidRuntime: readGMSProperty: end
12-13 01:29:05.243 15676 15676 D AndroidRuntime: addProductProperty: start
12-13 01:29:05.263 15676 15676 D dalvikvm: Trying to load lib libjavacore.so 0x0
12-13 01:29:05.263 15676 15676 D dalvikvm: Added shared lib libjavacore.so 0x0
12-13 01:29:05.263 15676 15676 D dalvikvm: Trying to load lib libnativehelper.so 0x0
12-13 01:29:05.263 15676 15676 D dalvikvm: Added shared lib libnativehelper.so 0x0
12-13 01:29:05.263 15676 15676 D dalvikvm: No JNI_OnLoad found in libnativehelper.so 0x0, skipping init
12-13 01:29:05.273  2902  2902 I SQLiteSecureOpenHelper: getWritableDatabase(pwd)
12-13 01:29:05.273  2902  2902 I SQLiteSecureOpenHelper: getDatabaseLocked(b,b,pwd)...
12-13 01:29:05.303  2902  2902 I SQLiteSecureOpenHelper: getWritableDatabase(pwd)
12-13 01:29:05.303  2902  2902 I SQLiteSecureOpenHelper: getDatabaseLocked(b,b,pwd)...
12-13 01:29:05.333  2902  2902 I SQLiteSecureOpenHelper: getWritableDatabase(pwd)
12-13 01:29:05.333  2902  2902 I SQLiteSecureOpenHelper: getDatabaseLocked(b,b,pwd)...
12-13 01:29:05.363 15676 15676 E memtrack: Couldn't load memtrack module (No such file or directory)
12-13 01:29:05.363 15676 15676 E android.os.Debug: failed to load memtrack module: -2
12-13 01:29:05.373  2902  2902 I SQLiteSecureOpenHelper: getWritableDatabase(pwd)
12-13 01:29:05.373  2902  2902 I SQLiteSecureOpenHelper: getDatabaseLocked(b,b,pwd)...
12-13 01:29:05.383 15676 15676 D dalvikvm: Note: class Landroid/app/ActivityManagerNative; has 192 unimplemented (abstract) methods
12-13 01:29:05.403  2902  2902 I SQLiteSecureOpenHelper: getWritableDatabase(pwd)
12-13 01:29:05.403  2902  2902 I SQLiteSecureOpenHelper: getDatabaseLocked(b,b,pwd)...
12-13 01:29:05.423 15676 15676 D AndroidRuntime: Calling main entry com.android.commands.pm.Pm
12-13 01:29:05.433   717   744 D PackageManager: START PACKAGE DELETE: observer{1162674936}
12-13 01:29:05.433   717   744 D PackageManager: pkg{<packageName>}
12-13 01:29:05.433   717   744 D PackageManager: user{0}
12-13 01:29:05.433   717   744 D PackageManager: deletePackageAsUser : uid = 2000 userId = 0
12-13 01:29:05.443  2902  2902 I SQLiteSecureOpenHelper: getWritableDatabase(pwd)
12-13 01:29:05.443  2902  2902 I SQLiteSecureOpenHelper: getDatabaseLocked(b,b,pwd)...
12-13 01:29:05.443   717   963 D ApplicationPolicy: getApplicationUninstallationEnabled
12-13 01:29:05.443   717   963 D ApplicationPolicy: getApplicationUninstallationEnabled :  enabled true
12-13 01:29:05.443   717   963 D PackageManager: [MSG] DELETE_PACKAGE_AS_USER
12-13 01:29:05.443   717   963 E PersonaManagerService: Unable to read user list
12-13 01:29:05.453   717   963 D PackageManager: !@killApplicatoin: 14037, uninstall pkg
12-13 01:29:05.453   717   963 W PackageManager: Couldn't delete native library directory /data/app-lib/com.example.snoopy
12-13 01:29:05.453   717   963 I PackageManager: Removing old permission: com.example.snoopy.permission.C2D_MESSAGE from package com.example.snoopy
12-13 01:29:05.453   717   963 W PackageManager: Unknown permission android.permission.ACCESS_DRM in package com.sec.android.app.mv.player
12-13 01:29:05.453   717   963 W PackageManager: Unknown permission com.sec.android.app.twdvfs.DVFS_BOOSTER_PERMISSION in package com.sec.android.app.mv.player
12-13 01:29:05.453   717   963 W PackageManager: Unknown permission com.sec.android.permission.VIDEOHUB in package com.sec.android.app.mv.player
12-13 01:29:05.453   717   963 W PackageManager: Unknown permission android.permission.SYSTEM_ALERT in package com.sec.android.app.mv.player
12-13 01:29:05.453   717   963 W PackageManager: Unknown permission com.sec.pcw.provider.PCloudContentProvider.READ_CONTENT in package com.sec.android.app.mv.player
12-13 01:29:05.463   717   963 W PackageManager: Unknown permission javax.microedition.gba.USE_GBA_SERVICE in package com.cequint.ecid
12-13 01:29:05.463   717   963 W PackageManager: Unknown permission com.sec.android.app.sns3.sp.facebook.permission.READ_DB in package com.sec.android.gallery3d
12-13 01:29:05.463   717   963 W PackageManager: Unknown permission com.samsung.helphub.permission.HELP in package com.sec.android.gallery3d
12-13 01:29:05.463   717   963 W PackageManager: Unknown permission com.sec.knox.containeragent.USE_CONTAINERAGENT in package com.sec.android.gallery3d
12-13 01:29:05.463   717   963 W PackageManager: Unknown permission com.sec.android.app.twdvfs.DVFS_BOOSTER_PERMISSION in package com.sec.android.gallery3d
12-13 01:29:05.463   717   963 W PackageManager: Unknown permission com.sec.chaton.TOKEN_28e9e5f8058dc2fc70dea61856a21d58ed9c7edc1c5d9a9b15c7dc5cd78e317999676ad8618d2d2d9e600ebb75e8aee96abd57bdc06c6fe733898c5657971f32cffed5885a2efef4d9fd10ff675339558c04ab9e8c3dbc90c0d6b5b2f1f4f4e2d6f3c3658fae505e42224b61c140e442cd2c9faebf23df274bb173c5876a6912 in package com.sec.android.gallery3d
12-13 01:29:05.463   717   963 W PackageManager: Unknown permission com.sec.chaton.TOKEN_085376204d115cdd465b103094225633cb5e9707b4c76225285750054db230f38e719dd583e31939a616bac2e957cfb50beee4ff163f8c7903b2fdc7b6ef6f421570e4f459f9ebc0ac8c6cdd91cddf5c5945ddb36713571a55d279a9a711c785ec83dbe633884bbb80117461a05777408a335c9baa94f83d5da7b2acfb161fa1 in package com.sec.android.gallery3d
12-13 01:29:05.463   717   963 W PackageManager: Unknown permission com.samsung.android.app.episodes.permission.SEND_MULTIPLE_TO_STORYALBUM in package com.sec.android.gallery3d
12-13 01:29:05.463   717   963 W PackageManager: Unknown permission com.sec.android.spc.playerdb.READ_PLAYER_INFO in package com.sec.android.gallery3d
12-13 01:29:05.473   717   963 W PackageManager: Unknown permission com.sec.android.gallery3d.mapfragment.permission.MAPS_RECEIVE in package com.sec.android.gallery3d
12-13 01:29:05.473   717   963 W PackageManager: Unknown permission sidesync.app.action.permission.KMS_FILETRANSFER_DRAG_FILEINFO in package com.sec.android.gallery3d
12-13 01:29:05.473   717   963 W PackageManager: Unknown permission com.android.QualcommSettings.permission.UTS_DM_CMD in package com.android.phone
12-13 01:29:05.473   717   963 W PackageManager: Unknown permission android.permission.ADD_SYSTEM_SERVICE in package com.android.phone
12-13 01:29:05.473   717   963 W PackageManager: Unknown permission com.android.smspush.WAPPUSH_MANAGER_BIND in package com.android.phone
12-13 01:29:05.473   717   963 W PackageManager: Unknown permission com.sprint.internal.permission.SYSTEMPROPERTIES_WRITE in package com.android.phone
12-13 01:29:05.473   717   963 W PackageManager: Unknown permission com.samsung.InputEventApp.permission.UTS_DM_CMD in package com.android.phone
12-13 01:29:05.473   717   963 W PackageManager: Unknown permission com.samsungtest.SlateTest.SLATE_DM_CMD in package com.android.phone
12-13 01:29:05.473   717   963 W PackageManager: Unknown permission com.samsung.tmowfc.wfcprovider.permission.WRITE_EMERGENCY_CALL_STATE in package com.android.phone
12-13 01:29:05.473   717   963 W PackageManager: Unknown permission com.samsung.rcs.permission.RCS_APP_PERMISSION in package com.android.phone
12-13 01:29:05.473   717   963 W PackageManager: Unknown permission sstream.app.StoryProvider.WRITE.PERMISSION in package com.android.phone
12-13 01:29:05.473   717   963 W PackageManager: Unknown permission com.samsung.android.sdk.smartassistant.permission.READ_CARD_PROVIDER in package com.android.phone
12-13 01:29:05.473   717   963 W PackageManager: Unknown permission com.samsung.android.sdk.smartassistant.permission.WRITE_CARD_PROVIDER in package com.android.phone
12-13 01:29:05.473   717   963 W PackageManager: Unknown permission com.samsung.wmanager.ENABLE_NOTIFICATION in package com.android.phone
12-13 01:29:05.473   717   963 W PackageManager: Unknown permission com.itsoninc.android.permission.USE_ITSON_SERVICE in package com.android.phone
12-13 01:29:05.473   717   963 W PackageManager: Unknown permission com.samsung.syncservice.permission.OMADM.KEYSTRING in package com.android.phone
12-13 01:29:05.473   717   963 W PackageManager: Unknown permission com.skt.prod.permission.PHONE_SERVICE in package com.android.phone
12-13 01:29:05.473   717   963 W PackageManager: Unknown permission com.verizon.vzwavs.permission.READ in package com.android.phone
12-13 01:29:05.473   717   963 W PackageManager: Unknown permission com.android.gallery3d.permission.GALLERY_PROVIDER in package com.android.bluetooth
12-13 01:29:05.473   717   963 W PackageManager: Unknown permission com.samsung.android.app.episodes.permission.IMPORT_STORYALBUM in package com.android.bluetooth
12-13 01:29:05.473   717   963 W PackageManager: Unknown permission android.permission.READ_TASKS in package com.android.providers.calendar
12-13 01:29:05.473   717   963 W PackageManager: Unknown permission com.sec.android.widgetapp.q1_penmemo.permission.READ in package com.vlingo.midas
12-13 01:29:05.473   717   963 W PackageManager: Unknown permission com.sec.android.widgetapp.q1_penmemo.permission.WRITE in package com.vlingo.midas
12-13 01:29:05.473   717   963 W PackageManager: Unknown permission com.sec.android.permission.READ_MEMO in package com.vlingo.midas
12-13 01:29:05.473   717   963 W PackageManager: Unknown permission com.sec.android.permission.WRITE_MEMO in package com.vlingo.midas
12-13 01:29:05.473   717   963 W PackageManager: Unknown permission com.sec.android.app.twdvfs.DVFS_BOOSTER_PERMISSION in package com.vlingo.midas
12-13 01:29:05.473   717   963 W PackageManager: Unknown permission android.Manifest.permission.DISABLE_KEYGUARD in package com.vlingo.midas
12-13 01:29:05.473   717   963 W PackageManager: Unknown permission com.infraware.provider.SNoteProvider.permission.READ in package com.vlingo.midas
12-13 01:29:05.473   717   963 W PackageManager: Unknown permission com.infraware.provider.SNoteProvider.permission.WRITE in package com.vlingo.midas
12-13 01:29:05.473   717   963 W PackageManager: Unknown permission com.samsung.music.permission.READ_MUSIC_STORAGE in package com.vlingo.midas
12-13 01:29:05.473   717   963 W PackageManager: Unknown permission com.sec.android.daemonapp.ap.yonhapnews.permission.YONHAP_DAEMON_ACCESS_PROVIDER in package com.vlingo.midas
12-13 01:29:05.473   717   963 W PackageManager: Unknown permission com.sec.android.app.music.permission.READ_MUSICPROVIDER in package com.vlingo.midas
12-13 01:29:05.473   717   963 W PackageManager: Unknown permission com.samsung.helphub.permission.HELP in package com.vlingo.midas
12-13 01:29:05.473   717   963 W PackageManager: Unknown permission samsung.android.snoteprovider.permission.READ in package com.vlingo.midas
12-13 01:29:05.473   717   963 W PackageManager: Not granting permission android.permission.INTERACT_ACROSS_USERS_FULL to package com.vlingo.midas (protectionLevel=2 flags=0x4098be45)
12-13 01:29:05.473   717   963 W PackageManager: Unknown permission com.android.mms.permission.RECEIVE_MESSAGES_INFORMATION in package com.vlingo.midas
12-13 01:29:05.483   717   963 W PackageManager: Unknown permission com.sec.android.settings.permission.SOFT_RESET in package com.vlingo.midas
12-13 01:29:05.483   717   963 W PackageManager: Unknown permission com.samsung.helphub.permission.HELP in package com.sec.android.app.shealth
12-13 01:29:05.483   717   963 W PackageManager: Unknown permission com.samsung.android.internal.intelligence.taskautomation.permission.ACTIVITYRULE in package com.sec.android.app.shealth
12-13 01:29:05.483   717   963 W PackageManager: Unknown permission android.permission.WRITE_INTERNAL_STORAGE in package com.sec.android.app.shealth
12-13 01:29:05.483   717   963 W PackageManager: Unknown permission com.sec.android.service.health.provider.READ in package com.sec.android.app.shealth
12-13 01:29:05.483   717   963 W PackageManager: Unknown permission com.sec.android.service.health.provider.WRITE in package com.sec.android.app.shealth
12-13 01:29:05.483   717   963 W PackageManager: Unknown permission sstream.app.StoryProvider.WRITE.PERMISSION in package com.sec.android.app.shealth
12-13 01:29:05.483   717   963 W PackageManager: Unknown permission com.sec.android.app.shealth.permission.MAPS_RECEIVE in package com.sec.android.app.shealth
12-13 01:29:05.483   717   963 W PackageManager: Unknown permission com.rharham.RunningPro.permission.profile.Read in package com.sec.android.app.shealth
12-13 01:29:05.483   717   963 W PackageManager: Unknown permission com.sec.android.permission.shealth_content_provider in package com.sec.android.app.shealth
12-13 01:29:05.483   717   963 W PackageManager: Unknown permission com.samsung.accessory.permission.ACCESSORY_FRAMEWORK in package com.sec.android.app.shealth
12-13 01:29:05.483   717   963 W PackageManager: Unknown permission com.sec.android.app.pedometer.COMMON_PERMISSION in package com.sec.android.app.shealth
12-13 01:29:05.483   717   963 W PackageManager: Unknown permission com.samsung.android.sdk.samsunglink.permission.DB_READ_WRITE in package com.sec.android.app.shealth
12-13 01:29:05.483   717   963 W PackageManager: Unknown permission com.samsung.android.sdk.samsunglink.permission.FILE_TRANSFER in package com.sec.android.app.shealth
12-13 01:29:05.483   717   963 W PackageManager: Unknown permission com.samsung.android.sdk.samsunglink.permission.WAKE_LOCK in package com.sec.android.app.shealth
