12-12 20:15:59.084 12618 12618 D dalvikvm: DexOpt: --- END 'com.google.android.gms-3519.apk.classes4.zip' (success) ---
12-12 20:15:59.084 12618 12618 D dalvikvm: DEX prep '/data/data/com.google.android.gms/code_cache/secondary-dexes/com.google.android.gms-3519.apk.classes4.zip': unzip in 180ms, rewrite 1645ms
12-12 20:15:59.144 12618 12618 D dalvikvm: DexOpt: --- BEGIN 'com.google.android.gms-3519.apk.classes5.zip' (bootstrap=0) ---
12-12 20:15:59.684 12802 12802 D dalvikvm: DexOpt: load 97ms, verify+opt 242ms, 1724844 bytes
12-12 20:15:59.794 12618 12618 D dalvikvm: DexOpt: --- END 'com.google.android.gms-3519.apk.classes5.zip' (success) ---
12-12 20:15:59.794 12618 12618 D dalvikvm: DEX prep '/data/data/com.google.android.gms/code_cache/secondary-dexes/com.google.android.gms-3519.apk.classes5.zip': unzip in 57ms, rewrite 644ms
12-12 20:15:59.794 12618 12618 I MultiDex: install done
12-12 20:15:59.804 12618 12618 I dalvikvm: Could not find method android.app.AppOpsManager.permissionToOp, referenced from method pq.a
12-12 20:15:59.804 12618 12618 W dalvikvm: VFY: unable to resolve static method 1450: Landroid/app/AppOpsManager;.permissionToOp (Ljava/lang/String;)Ljava/lang/String;
12-12 20:15:59.804 12618 12618 D dalvikvm: VFY: replacing opcode 0x71 at 0x000f
12-12 20:15:59.804 12618 12618 I dalvikvm: Could not find method android.content.Context.getSystemService, referenced from method pq.a
12-12 20:15:59.804 12618 12618 W dalvikvm: VFY: unable to resolve virtual method 1684: Landroid/content/Context;.getSystemService (Ljava/lang/Class;)Ljava/lang/Object;
12-12 20:15:59.804 12618 12618 D dalvikvm: VFY: replacing opcode 0x6e at 0x0030
12-12 20:15:59.834 12804 12804 I SELinux : Function: selinux_android_load_priority [0], There is no sepolicy file.
12-12 20:15:59.834 12804 12804 I SELinux :  
12-12 20:15:59.874 12804 12804 I SELinux : Function: selinux_android_load_priority , spota verifySig and checkHash pass. priority version is VE=SEPF_SM-G900T_4.4.2_0055
12-12 20:15:59.874 12804 12804 I SELinux :  
12-12 20:15:59.874 12804 12804 I SELinux :  
12-12 20:15:59.874 12804 12804 I SELinux : selinux_android_seapp_context_reload: seapp_contexts file is loaded from /data/security/spota/seapp_contexts
12-12 20:15:59.874 12804 12804 E dalvikvm: >>>>> Normal User
12-12 20:15:59.874 12804 12804 E dalvikvm: >>>>> com.google.process.gapps [ userId:0 | appId:10015 ]
12-12 20:15:59.914   253   253 E SMD     : DCD ON
12-12 20:15:59.944 12804 12804 I GservicesProvider: Gservices pushing to system: true; secure/global: true
12-12 20:15:59.964 12014 12818 D Aatp    : /task/bd716ebb2aa6d886736eebbbea0214534dae2e8f/status
12-12 20:15:59.994   675   979 W PersonaManager: getPersonaIds()
12-12 20:15:59.994  1063  1063 D KeyguardUpdateMonitor: received broadcast android.intent.action.TIME_TICK
12-12 20:15:59.994  1063  1063 D KeyguardUpdateMonitor: handleTimeUpdate
12-12 20:15:59.994   675   979 V AlarmManager: waitForAlarm result :8
12-12 20:15:59.994   675   675 V AlarmManager: ClockReceiver onReceive() ACTION_TIME_TICK
12-12 20:16:00.004   675   960 I ServiceKeeper: In getappinfo pid = 675 pkgName = android appinfo = null
12-12 20:16:00.004   675   960 I ServiceKeeper: In getseinfo pid = 675 uid = 1000 seinfo= system
12-12 20:16:00.014  1063  1063 D STATUSBAR-IconMerger: checkOverflow(504), More:false, Req:false Child:5
12-12 20:16:00.034  1846  1846 D accuweather: [KK AccuPhone]>>> SWW:462 [0:0] =============== BR act = androidintentactionTIME_TICK
12-12 20:16:00.034  1846  1846 D accuweather: [KK AccuPhone]>>> SWW:415 [0:0] doChangeDayOrNight : 1
12-12 20:16:00.034  1846  1846 D accuweather: [KK AccuPhone]>>> SWW:294 [0:0] getWeatherRenderer : 1
12-12 20:16:00.034  1846  1846 D accuweather: [KK AccuPhone]>>> SWW:432 [0:0] makeClock : 1
12-12 20:16:00.034  1846  1846 D accuweather: [KK AccuPhone]>>> SWW:294 [0:0] getWeatherRenderer : 1
12-12 20:16:00.034  1846  1846 D accuweather: [KK AccuPhone]>>> SM:1183 [0:0] setClockLayoutContent
12-12 20:16:00.054   675  1822 D BatteryService: level:100, scale:100, status:5, health:2, present:true, voltage: 4317, temperature: 227, technology: Li-ion, AC powered:false, USB powered:true, Wireless powered:false, icon:17303678, invalid charger:0, online:4, current avg:450, charge type:1, power sharing:false
12-12 20:16:00.054   675   675 D BatteryService: Sending ACTION_BATTERY_CHANGED.
12-12 20:16:00.064   675   675 I Tethering: BATTERY_CHANGED, level = 100lowBatteryThreshold = 15
12-12 20:16:00.064  1063  1063 D KeyguardUpdateMonitor: received broadcast android.intent.action.BATTERY_CHANGED
12-12 20:16:00.064  1063  1063 D KeyguardUpdateMonitor: handleBatteryUpdate
12-12 20:16:00.064   675   675 D UiModeManager: mCoverManager.getCoverState() : true
12-12 20:16:00.064  1063  1063 D STATUSBAR-PhoneStatusBar:  mBrightnessEnablebySettings = true mBrightnessEnablebyBattery = true mBrightnessEnablebyDisableFlag = true mPmsBrightnessEnablebySettings = true
12-12 20:16:00.074  1063  1063 D STATUSBAR-IconMerger: checkOverflow(504), More:false, Req:false Child:5
12-12 20:16:00.084  1063  1063 D BatteryMeterView: ACTION_BATTERY_CHANGED : level:100 status:5 health:2
12-12 20:16:00.114 12618 12618 I dalvikvm: Could not find method android.content.Context.isDeviceProtectedStorage, referenced from method kel.d
12-12 20:16:00.114 12618 12618 W dalvikvm: VFY: unable to resolve virtual method 1689: Landroid/content/Context;.isDeviceProtectedStorage ()Z
12-12 20:16:00.114 12618 12618 D dalvikvm: VFY: replacing opcode 0x6e at 0x0006
12-12 20:16:00.114 12618 12618 I dalvikvm: Could not find method android.os.UserHandle.isOwner, referenced from method kel.i
12-12 20:16:00.114 12618 12618 W dalvikvm: VFY: unable to resolve virtual method 2304: Landroid/os/UserHandle;.isOwner ()Z
12-12 20:16:00.114 12618 12618 D dalvikvm: VFY: replacing opcode 0x6e at 0x000a
12-12 20:16:00.124 12618 12618 I dalvikvm: Could not find method android.content.pm.PackageManager.isInstantApp, referenced from method kkc.a
12-12 20:16:00.124 12618 12618 W dalvikvm: VFY: unable to resolve virtual method 1808: Landroid/content/pm/PackageManager;.isInstantApp (Ljava/lang/String;)Z
12-12 20:16:00.124 12618 12618 D dalvikvm: VFY: replacing opcode 0x6e at 0x002d
12-12 20:16:00.124 12618 12618 D dalvikvm: DexOpt: couldn't find static field Landroid/os/Build;.SUPPORTED_ABIS
12-12 20:16:00.124 12618 12618 W dalvikvm: VFY: unable to resolve static field 918 (SUPPORTED_ABIS) in Landroid/os/Build;
12-12 20:16:00.124  4056  4056 D daemonapp: [MSC_Daemon]>>> WU:237 [0:0] regintype : NA
12-12 20:16:00.134 12618 12618 D dalvikvm: VFY: replacing opcode 0x62 at 0x0008
12-12 20:16:00.134  4056  4056 D daemonapp: [MSC_Daemon]>>> WU:288 [0:0] cp type is : cp_eng
12-12 20:16:00.134 12618 12618 D dalvikvm: DexOpt: couldn't find static field Landroid/os/Build;.SUPPORTED_ABIS
12-12 20:16:00.134 12618 12618 W dalvikvm: VFY: unable to resolve static field 918 (SUPPORTED_ABIS) in Landroid/os/Build;
12-12 20:16:00.134 12618 12618 D dalvikvm: VFY: replacing opcode 0x62 at 0x0097
12-12 20:16:00.134 12618 12618 D dalvikvm: DexOpt: couldn't find field Landroid/content/pm/ApplicationInfo;.splitSourceDirs
12-12 20:16:00.134 12618 12618 W dalvikvm: VFY: unable to resolve instance field 849
12-12 20:16:00.134 12618 12618 D dalvikvm: VFY: replacing opcode 0x54 at 0x0053
12-12 20:16:00.134   675   960 I ServiceKeeper: In getappinfo pid = 675 pkgName = android appinfo = null
12-12 20:16:00.134   675   960 I ServiceKeeper: In getseinfo pid = 675 uid = 1000 seinfo= system
12-12 20:16:00.134 12618 12618 D dalvikvm: DexOpt: couldn't find field Landroid/content/pm/ApplicationInfo;.splitSourceDirs
12-12 20:16:00.134 12618 12618 I dalvikvm: DexOpt: unable to optimize instance field ref 0x0351 at 0x57 in Lkgr;.d
12-12 20:16:00.144 12618 12618 I dalvikvm: Could not find method android.content.ContextWrapper.createCredentialProtectedStorageContext, referenced from method jwn.createCredentialProtectedStorageContext
12-12 20:16:00.144 12618 12618 W dalvikvm: VFY: unable to resolve virtual method 1708: Landroid/content/ContextWrapper;.createCredentialProtectedStorageContext ()Landroid/content/Context;
12-12 20:16:00.144 12618 12618 D dalvikvm: VFY: replacing opcode 0x6f at 0x0002
12-12 20:16:00.144 12618 12618 I dalvikvm: Could not find method android.content.ContextWrapper.createDeviceProtectedStorageContext, referenced from method jwn.createDeviceProtectedStorageContext
12-12 20:16:00.144 12618 12618 W dalvikvm: VFY: unable to resolve virtual method 1709: Landroid/content/ContextWrapper;.createDeviceProtectedStorageContext ()Landroid/content/Context;
12-12 20:16:00.144 12618 12618 D dalvikvm: VFY: replacing opcode 0x6f at 0x0002
12-12 20:16:00.144 12618 12618 D dalvikvm: Trying to load lib /data/app-lib/com.google.android.gms-3519/libgmscore.so 0x4319c0c8
12-12 20:16:00.144 12618 12618 D dalvikvm: Added shared lib /data/app-lib/com.google.android.gms-3519/libgmscore.so 0x4319c0c8
12-12 20:16:00.144 12618 12618 D dalvikvm: No JNI_OnLoad found in /data/app-lib/com.google.android.gms-3519/libgmscore.so 0x4319c0c8, skipping init
12-12 20:16:00.154 12618 12618 D dalvikvm: Trying to load lib /data/app-lib/com.google.android.gms-3519/libconscrypt_gmscore_jni.so 0x4319c0c8
12-12 20:16:00.154 12618 12618 D dalvikvm: Added shared lib /data/app-lib/com.google.android.gms-3519/libconscrypt_gmscore_jni.so 0x4319c0c8
12-12 20:16:00.154 12618 12618 V NativeCrypto: Registering com/google/android/gms/org/conscrypt/NativeCrypto's 276 native methods...
12-12 20:16:00.154 12618 12618 E dalvikvm: Could not find class 'javax.net.ssl.SNIServerName', referenced from method com.google.android.gms.org.conscrypt.Platform.getSniHostnameFromParams
12-12 20:16:00.154 12618 12618 W dalvikvm: VFY: unable to resolve check-cast 2222 (Ljavax/net/ssl/SNIServerName;) in Lcom/google/android/gms/org/conscrypt/Platform;
12-12 20:16:00.154 12618 12618 D dalvikvm: VFY: replacing opcode 0x1f at 0x0025
12-12 20:16:00.154 12618 12618 E dalvikvm: Could not find class 'javax.net.ssl.SNIHostName', referenced from method com.google.android.gms.org.conscrypt.Platform.setParametersSniHostname
12-12 20:16:00.154 12618 12618 W dalvikvm: VFY: unable to resolve new-instance 2221 (Ljavax/net/ssl/SNIHostName;) in Lcom/google/android/gms/org/conscrypt/Platform;
12-12 20:16:00.154 12618 12618 D dalvikvm: VFY: replacing opcode 0x22 at 0x0024
12-12 20:16:00.154 12618 12618 E dalvikvm: Could not find class 'javax.net.ssl.SNIHostName', referenced from method com.google.android.gms.org.conscrypt.Platform.setParametersSniHostname
12-12 20:16:00.154 12618 12618 W dalvikvm: VFY: unable to resolve new-instance 2221 (Ljavax/net/ssl/SNIHostName;) in Lcom/google/android/gms/org/conscrypt/Platform;
12-12 20:16:00.154 12618 12618 D dalvikvm: VFY: replacing opcode 0x22 at 0x0024
12-12 20:16:00.164 12618 12618 W dalvikvm: Unable to resolve superclass of Lcom/google/android/gms/org/conscrypt/DelegatingExtendedSSLSession; (2212)
12-12 20:16:00.164 12618 12618 W dalvikvm: Link of class 'Lcom/google/android/gms/org/conscrypt/DelegatingExtendedSSLSession;' failed
12-12 20:16:00.164 12618 12618 E dalvikvm: Could not find class 'com.google.android.gms.org.conscrypt.DelegatingExtendedSSLSession', referenced from method com.google.android.gms.org.conscrypt.Platform.unwrapSSLSession
12-12 20:16:00.164 12618 12618 W dalvikvm: VFY: unable to resolve instanceof 1304 (Lcom/google/android/gms/org/conscrypt/DelegatingExtendedSSLSession;) in Lcom/google/android/gms/org/conscrypt/Platform;
12-12 20:16:00.164 12618 12618 D dalvikvm: VFY: replacing opcode 0x20 at 0x0007
12-12 20:16:00.164 12618 12618 W dalvikvm: Unable to resolve superclass of Lcom/google/android/gms/org/conscrypt/DelegatingExtendedSSLSession; (2212)
12-12 20:16:00.164 12618 12618 W dalvikvm: Link of class 'Lcom/google/android/gms/org/conscrypt/DelegatingExtendedSSLSession;' failed
12-12 20:16:00.164 12618 12618 E dalvikvm: Could not find class 'com.google.android.gms.org.conscrypt.DelegatingExtendedSSLSession', referenced from method com.google.android.gms.org.conscrypt.Platform.wrapSSLSession
12-12 20:16:00.164 12618 12618 W dalvikvm: VFY: unable to resolve new-instance 1304 (Lcom/google/android/gms/org/conscrypt/DelegatingExtendedSSLSession;) in Lcom/google/android/gms/org/conscrypt/Platform;
12-12 20:16:00.164 12618 12618 D dalvikvm: VFY: replacing opcode 0x22 at 0x0007
12-12 20:16:00.164 12618 12618 D dalvikvm: DexOpt: unable to opt direct call 0x3096 at 0x2a in Lcom/google/android/gms/org/conscrypt/Platform;.setParametersSniHostname
12-12 20:16:00.174 12618 12618 D dalvikvm: DexOpt: unable to opt direct call 0x3096 at 0x2a in Lcom/google/android/gms/org/conscrypt/Platform;.setParametersSniHostname
12-12 20:16:00.174  1846  2037 D SurfaceWidget.Renderer: [237392/2] SurfaceWidget drawing first frame
12-12 20:16:00.174 12618 12618 W dalvikvm: Unable to resolve superclass of Lcom/google/android/gms/org/conscrypt/DelegatingExtendedSSLSession; (2212)
12-12 20:16:00.174 12618 12618 W dalvikvm: Link of class 'Lcom/google/android/gms/org/conscrypt/DelegatingExtendedSSLSession;' failed
12-12 20:16:00.174 12618 12618 D dalvikvm: DexOpt: unable to opt direct call 0x1b67 at 0x09 in Lcom/google/android/gms/org/conscrypt/Platform;.wrapSSLSession
12-12 20:16:00.234   675  2599 D SSRMv2:SIOP: SIOP:: AP = 320, PST = 281, Delta = 5
12-12 20:16:00.234   675  2599 D AmoledAdjustTimer: prevTemp = 225, currTemp = 227, prevStep = 4, currStep = 4
12-12 20:16:00.264 12618 12618 D dalvikvm: Trying to load lib /data/app-lib/com.google.android.gms-3519/libgmscore.so 0x4319c0c8
12-12 20:16:00.264 12618 12618 D dalvikvm: Shared lib '/data/app-lib/com.google.android.gms-3519/libgmscore.so' already loaded in same CL 0x4319c0c8
12-12 20:16:00.264 12618 12618 D dalvikvm: Trying to load lib /data/app-lib/com.google.android.gms-3519/libconscrypt_gmscore_jni.so 0x4319c0c8
12-12 20:16:00.264 12618 12618 D dalvikvm: Shared lib '/data/app-lib/com.google.android.gms-3519/libconscrypt_gmscore_jni.so' already loaded in same CL 0x4319c0c8
12-12 20:16:00.294 12618 12618 I ProviderInstaller: Installed default security provider GmsCore_OpenSSL
12-12 20:16:00.304 12618 12618 E ChimeraCfgMgr: Failed to read module config: java.io.FileNotFoundException: /data/data/com.google.android.gms/app_chimera/current_config.fb: open failed: ENOENT (No such file or directory)
12-12 20:16:00.314 12618 12618 E ChimeraCfgMgr: Failed to read module config: java.io.FileNotFoundException: /data/data/com.google.android.gms/app_chimera/current_config.fb: open failed: ENOENT (No such file or directory)
12-12 20:16:00.314 12618 12618 I dalvikvm: Could not find method android.system.Os.symlink, referenced from method cqu.a
12-12 20:16:00.314 12618 12618 W dalvikvm: VFY: unable to resolve static method 2331: Landroid/system/Os;.symlink (Ljava/lang/String;Ljava/lang/String;)V
12-12 20:16:00.314 12618 12618 D dalvikvm: VFY: replacing opcode 0x71 at 0x002c
12-12 20:16:00.324 12618 12618 E ConfigFileUtils: Failed to read config file: /data/data/com.google.android.gms/app_chimera/current_fileapks.pb: open failed: ENOENT (No such file or directory)
12-12 20:16:00.334 12618 12618 I dalvikvm: Could not find method android.content.pm.PackageManager.getPackageInstaller, referenced from method izp.a
12-12 20:16:00.334 12618 12618 W dalvikvm: VFY: unable to resolve virtual method 1801: Landroid/content/pm/PackageManager;.getPackageInstaller ()Landroid/content/pm/PackageInstaller;
12-12 20:16:00.334 12618 12618 D dalvikvm: VFY: replacing opcode 0x6e at 0x001c
12-12 20:16:00.334 12618 12618 E ChimeraCfgMgr: Failed to read module config: java.io.FileNotFoundException: /data/data/com.google.android.gms/app_chimera/current_config.fb: open failed: ENOENT (No such file or directory)
12-12 20:16:00.364 12618 12618 I DynamiteModule: Considering local module com.google.android.gms.googlecertificates:4 and remote module com.google.android.gms.googlecertificates:0
12-12 20:16:00.364 12618 12618 I DynamiteModule: Selected local version of com.google.android.gms.googlecertificates
12-12 20:16:00.364 12830 12830 I SELinux : Function: selinux_android_load_priority [0], There is no sepolicy file.
12-12 20:16:00.364 12830 12830 I SELinux :  
12-12 20:16:00.374 12618 12618 E ConfigFileUtils: Failed to read config file: /data/data/com.google.android.gms/app_chimera/current_fileapks.pb: open failed: ENOENT (No such file or directory)
12-12 20:16:00.384 12618 12618 I dalvikvm: Could not find method android.content.ContextWrapper.createCredentialProtectedStorageContext, referenced from method jia.createCredentialProtectedStorageContext
12-12 20:16:00.384 12618 12618 W dalvikvm: VFY: unable to resolve virtual method 1708: Landroid/content/ContextWrapper;.createCredentialProtectedStorageContext ()Landroid/content/Context;
12-12 20:16:00.384 12618 12618 D dalvikvm: VFY: replacing opcode 0x6f at 0x0002
12-12 20:16:00.384 12618 12618 I dalvikvm: Could not find method android.content.ContextWrapper.createDeviceProtectedStorageContext, referenced from method jia.createDeviceProtectedStorageContext
12-12 20:16:00.384 12618 12618 W dalvikvm: VFY: unable to resolve virtual method 1709: Landroid/content/ContextWrapper;.createDeviceProtectedStorageContext ()Landroid/content/Context;
12-12 20:16:00.384 12618 12618 D dalvikvm: VFY: replacing opcode 0x6f at 0x0002
12-12 20:16:00.384 12618 12618 E ChimeraCfgMgr: Failed to read module config: java.io.FileNotFoundException: /data/data/com.google.android.gms/app_chimera/current_config.fb: open failed: ENOENT (No such file or directory)
12-12 20:16:00.384 12618 12618 E ChimeraCfgMgr: Failed to read module config: java.io.FileNotFoundException: /data/data/com.google.android.gms/app_chimera/current_config.fb: open failed: ENOENT (No such file or directory)
12-12 20:16:00.394 12618 12618 E IntentOperation: Failed to get Chimera config
12-12 20:16:00.394 12618 12618 E IntentOperation: com.google.android.chimera.config.InvalidConfigException: java.io.FileNotFoundException: /data/data/com.google.android.gms/app_chimera/current_config.fb: open failed: ENOENT (No such file or directory)
12-12 20:16:00.394 12618 12618 E IntentOperation: 	at com.google.android.chimera.container.ConfigurationManager.a(:com.google.android.gms@11951038:150)
12-12 20:16:00.394 12618 12618 E IntentOperation: 	at com.google.android.chimera.IntentOperation.a(:com.google.android.gms@11951038:3)
12-12 20:16:00.394 12618 12618 E IntentOperation: 	at com.google.android.chimera.IntentOperation.getStartIntent(:com.google.android.gms@11951038:3)
12-12 20:16:00.394 12618 12618 E IntentOperation: 	at com.google.android.chimera.IntentOperation.getStartIntent(:com.google.android.gms@11951038:1)
12-12 20:16:00.394 12618 12618 E IntentOperation: 	at com.google.android.gms.chimera.debug.ModuleSetJournalUpdate$ModuleSetJournalIntentOperation.a(:com.google.android.gms@11951038:1)
12-12 20:16:00.394 12618 12618 E IntentOperation: 	at com.google.android.gms.chimera.debug.ModuleSetJournalUpdate.a(:com.google.android.gms@11951038:11)
12-12 20:16:00.394 12618 12618 E IntentOperation: 	at com.google.android.gms.chimera.container.GmsModuleFinder.a(:com.google.android.gms@11951038:68)
12-12 20:16:00.394 12618 12618 E IntentOperation: 	at com.google.android.gms.chimera.container.GmsModuleFinder.a(:com.google.android.gms@11951038:86)
12-12 20:16:00.394 12618 12618 E IntentOperation: 	at com.google.android.gms.chimera.container.GmsModuleFinder.a(:com.google.android.gms@11951038:71)
12-12 20:16:00.394 12618 12618 E IntentOperation: 	at ily.y_(:com.google.android.gms@11951038)
12-12 20:16:00.394 12618 12618 E IntentOperation: 	at csr.a(:com.google.android.gms@11951038:33)
12-12 20:16:00.394 12618 12618 E IntentOperation: 	at cqk.a(:com.google.android.gms@11951038:3)
12-12 20:16:00.394 12618 12618 E IntentOperation: 	at cqk.query(:com.google.android.gms@11951038:3)
12-12 20:16:00.394 12618 12618 E IntentOperation: 	at android.content.ContentProvider$Transport.query(ContentProvider.java:200)
12-12 20:16:00.394 12618 12618 E IntentOperation: 	at android.content.ContentResolver.query(ContentResolver.java:464)
12-12 20:16:00.394 12618 12618 E IntentOperation: 	at android.content.ContentResolver.query(ContentResolver.java:407)
12-12 20:16:00.394 12618 12618 E IntentOperation: 	at zbm.c(:com.google.android.gms@11951038:1)
12-12 20:16:00.394 12618 12618 E IntentOperation: 	at zbm.a(:com.google.android.gms@11951038:3)
12-12 20:16:00.394 12618 12618 E IntentOperation: 	at zcy.a(Unknown Source)
12-12 20:16:00.394 12618 12618 E IntentOperation: 	at zcx.a(:com.google.android.gms@11951038:1)
12-12 20:16:00.394 12618 12618 E IntentOperation: 	at zcx.c(:com.google.android.gms@11951038:12)
12-12 20:16:00.394 12618 12618 E IntentOperation: 	at zcx.a(:com.google.android.gms@11951038:26)
12-12 20:16:00.394 12618 12618 E IntentOperation: 	at com.google.android.gms.common.app.GmsApplication.onCreate(:com.google.android.gms@11951038:24)
12-12 20:16:00.394 12618 12618 E IntentOperation: 	at android.app.Instrumentation.callApplicationOnCreate(Instrumentation.java:1013)
12-12 20:16:00.394 12618 12618 E IntentOperation: 	at android.app.ActivityThread.handleBindApplication(ActivityThread.java:4712)
12-12 20:16:00.394 12618 12618 E IntentOperation: 	at android.app.ActivityThread.access$1600(ActivityThread.java:173)
12-12 20:16:00.394 12618 12618 E IntentOperation: 	at android.app.ActivityThread$H.handleMessage(ActivityThread.java:1363)
12-12 20:16:00.394 12618 12618 E IntentOperation: 	at android.os.Handler.dispatchMessage(Handler.java:102)
12-12 20:16:00.394 12618 12618 E IntentOperation: 	at android.os.Looper.loop(Looper.java:136)
12-12 20:16:00.394 12618 12618 E IntentOperation: 	at android.app.ActivityThread.main(ActivityThread.java:5579)
12-12 20:16:00.394 12618 12618 E IntentOperation: 	at java.lang.reflect.Method.invokeNative(Native Method)
12-12 20:16:00.394 12618 12618 E IntentOperation: 	at java.lang.reflect.Method.invoke(Method.java:515)
12-12 20:16:00.394 12618 12618 E IntentOperation: 	at com.android.internal.os.ZygoteInit$MethodAndArgsCaller.run(ZygoteInit.java:1268)
12-12 20:16:00.394 12618 12618 E IntentOperation: 	at com.android.internal.os.ZygoteInit.main(ZygoteInit.java:1084)
12-12 20:16:00.394 12618 12618 E IntentOperation: 	at dalvik.system.NativeStart.main(Native Method)
12-12 20:16:00.394 12618 12618 E IntentOperation: Caused by: java.io.FileNotFoundException: /data/data/com.google.android.gms/app_chimera/current_config.fb: open failed: ENOENT (No such file or directory)
12-12 20:16:00.394 12618 12618 E IntentOperation: 	at libcore.io.IoBridge.open(IoBridge.java:409)
12-12 20:16:00.394 12618 12618 E IntentOperation: 	at java.io.FileInputStream.<init>(FileInputStream.java:78)
12-12 20:16:00.394 12618 12618 E IntentOperation: 	at com.google.android.chimera.container.ConfigurationManager.a(:com.google.android.gms@11951038:121)
12-12 20:16:00.394 12618 12618 E IntentOperation: 	... 34 more
12-12 20:16:00.394 12618 12618 E IntentOperation: Caused by: libcore.io.ErrnoException: open failed: ENOENT (No such file or directory)
12-12 20:16:00.394 12618 12618 E IntentOperation: 	at libcore.io.Posix.open(Native Method)
12-12 20:16:00.394 12618 12618 E IntentOperation: 	at libcore.io.BlockGuardOs.open(BlockGuardOs.java:110)
12-12 20:16:00.394 12618 12618 E IntentOperation: 	at libcore.io.IoBridge.open(IoBridge.java:393)
12-12 20:16:00.394 12618 12618 E IntentOperation: 	... 36 more
12-12 20:16:00.394 12830 12830 I SELinux : Function: selinux_android_load_priority , spota verifySig and checkHash pass. priority version is VE=SEPF_SM-G900T_4.4.2_0055
12-12 20:16:00.394 12830 12830 I SELinux :  
12-12 20:16:00.394 12830 12830 I SELinux :  
12-12 20:16:00.394 12830 12830 I SELinux : selinux_android_seapp_context_reload: seapp_contexts file is loaded from /data/security/spota/seapp_contexts
12-12 20:16:00.404 12830 12830 E dalvikvm: >>>>> Normal User
12-12 20:16:00.404 12830 12830 E dalvikvm: >>>>> com.google.android.gms [ userId:0 | appId:10015 ]
12-12 20:16:00.404 12618 12618 E ChimeraCfgMgr: Failed to read module config: java.io.FileNotFoundException: /data/data/com.google.android.gms/app_chimera/current_config.fb: open failed: ENOENT (No such file or directory)
12-12 20:16:00.444 12830 12830 W dalvikvm: VFY: unable to resolve static field 937 (PR_SET_DUMPABLE) in Landroid/system/OsConstants;
12-12 20:16:00.444 12830 12830 D dalvikvm: VFY: replacing opcode 0x60 at 0x0009
12-12 20:16:00.444 12830 12830 W dalvikvm: VFY: unable to find class referenced in signature (Laqvj;)
12-12 20:16:00.444 12830 12830 W dalvikvm: VFY: unable to find class referenced in signature (Laqvj;)
12-12 20:16:00.444 12830 12830 W dalvikvm: VFY: unable to find class referenced in signature (Laqvj;)
12-12 20:16:00.444 12830 12830 W dalvikvm: VFY: unable to find class referenced in signature (Laqvj;)
12-12 20:16:00.454 12830 12830 I dalvikvm: Could not find method android.content.Context.getSystemService, referenced from method ro.a
12-12 20:16:00.454 12830 12830 W dalvikvm: VFY: unable to resolve virtual method 1684: Landroid/content/Context;.getSystemService (Ljava/lang/Class;)Ljava/lang/Object;
12-12 20:16:00.454 12830 12830 D dalvikvm: VFY: replacing opcode 0x6e at 0x0008
12-12 20:16:00.454 12830 12830 I dalvikvm: Could not find method android.content.Context.createDeviceProtectedStorageContext, referenced from method jkx.a
12-12 20:16:00.454 12830 12830 W dalvikvm: VFY: unable to resolve virtual method 1659: Landroid/content/Context;.createDeviceProtectedStorageContext ()Landroid/content/Context;
12-12 20:16:00.454 12830 12830 D dalvikvm: VFY: replacing opcode 0x6e at 0x0029
12-12 20:16:00.454 12830 12830 I dalvikvm: Could not find method android.content.Context.getSystemService, referenced from method jkx.b
12-12 20:16:00.454 12830 12830 W dalvikvm: VFY: unable to resolve virtual method 1684: Landroid/content/Context;.getSystemService (Ljava/lang/Class;)Ljava/lang/Object;
12-12 20:16:00.454 12830 12830 D dalvikvm: VFY: replacing opcode 0x6e at 0x000b
12-12 20:16:00.454 12830 12830 I dalvikvm: Could not find method android.content.Context.isDeviceProtectedStorage, referenced from method zcx.a
12-12 20:16:00.454 12830 12830 W dalvikvm: VFY: unable to resolve virtual method 1689: Landroid/content/Context;.isDeviceProtectedStorage ()Z
12-12 20:16:00.454 12830 12830 D dalvikvm: VFY: replacing opcode 0x6e at 0x0009
12-12 20:16:00.454 12830 12830 I dalvikvm: Could not find method android.content.Context.isDeviceProtectedStorage, referenced from method zcx.c
12-12 20:16:00.454 12830 12830 W dalvikvm: VFY: unable to resolve virtual method 1689: Landroid/content/Context;.isDeviceProtectedStorage ()Z
12-12 20:16:00.454 12830 12830 D dalvikvm: VFY: replacing opcode 0x6e at 0x005d
12-12 20:16:00.454 12830 12830 I dalvikvm: Could not find method android.os.PowerManager.isInteractive, referenced from method jih.a
12-12 20:16:00.454 12830 12830 W dalvikvm: VFY: unable to resolve virtual method 2258: Landroid/os/PowerManager;.isInteractive ()Z
12-12 20:16:00.454 12830 12830 D dalvikvm: VFY: replacing opcode 0x6e at 0x0012
12-12 20:16:00.454 12830 12830 I dalvikvm: Could not find method android.content.ContextWrapper.createCredentialProtectedStorageContext, referenced from method com.google.android.chimera.ModuleContext.createCredentialProtectedStorageContext
12-12 20:16:00.454 12830 12830 W dalvikvm: VFY: unable to resolve virtual method 1708: Landroid/content/ContextWrapper;.createCredentialProtectedStorageContext ()Landroid/content/Context;
12-12 20:16:00.454 12830 12830 D dalvikvm: VFY: replacing opcode 0x6f at 0x0002
12-12 20:16:00.454 12830 12830 I dalvikvm: Could not find method android.content.ContextWrapper.createDeviceProtectedStorageContext, referenced from method com.google.android.chimera.ModuleContext.createDeviceProtectedStorageContext
12-12 20:16:00.454 12830 12830 W dalvikvm: VFY: unable to resolve virtual method 1709: Landroid/content/ContextWrapper;.createDeviceProtectedStorageContext ()Landroid/content/Context;
12-12 20:16:00.454 12830 12830 D dalvikvm: VFY: replacing opcode 0x6f at 0x0002
12-12 20:16:00.464 12830 12830 I dalvikvm: Could not find method android.content.Context.isCredentialProtectedStorage, referenced from method cqq.a
12-12 20:16:00.464 12830 12830 W dalvikvm: VFY: unable to resolve virtual method 1688: Landroid/content/Context;.isCredentialProtectedStorage ()Z
12-12 20:16:00.464 12830 12830 D dalvikvm: VFY: replacing opcode 0x6e at 0x0000
12-12 20:16:00.464 12830 12830 I dalvikvm: Could not find method android.os.UserManager.isUserUnlocked, referenced from method cqq.a
12-12 20:16:00.464 12830 12830 W dalvikvm: VFY: unable to resolve virtual method 2311: Landroid/os/UserManager;.isUserUnlocked ()Z
12-12 20:16:00.464 12830 12830 D dalvikvm: VFY: replacing opcode 0x6e at 0x001a
12-12 20:16:00.464 12830 12830 I dalvikvm: Could not find method android.content.Context.isDeviceProtectedStorage, referenced from method cqq.b
12-12 20:16:00.464 12830 12830 W dalvikvm: VFY: unable to resolve virtual method 1689: Landroid/content/Context;.isDeviceProtectedStorage ()Z
12-12 20:16:00.464 12830 12830 D dalvikvm: VFY: replacing opcode 0x6e at 0x0000
12-12 20:16:00.464 12830 12830 I dalvikvm: Could not find method android.content.Context.isDeviceProtectedStorage, referenced from method cqq.c
12-12 20:16:00.464 12830 12830 W dalvikvm: VFY: unable to resolve virtual method 1689: Landroid/content/Context;.isDeviceProtectedStorage ()Z
12-12 20:16:00.464 12830 12830 D dalvikvm: VFY: replacing opcode 0x6e at 0x0000
12-12 20:16:00.464 12830 12830 I MultiDex: VM with version 1.6.0 does not have multidex support
12-12 20:16:00.464 12830 12830 I MultiDex: install
12-12 20:16:00.464 12830 12830 I MultiDex: MultiDexExtractor.load(/data/app/com.google.android.gms-3519.apk, false)
12-12 20:16:00.464 12830 12830 I MultiDex: Blocking on lock /data/data/com.google.android.gms/code_cache/secondary-dexes/MultiDex.lock
12-12 20:16:00.464 12830 12830 I MultiDex: /data/data/com.google.android.gms/code_cache/secondary-dexes/MultiDex.lock locked
12-12 20:16:00.464 12830 12830 I MultiDex: loading existing secondary dex files
12-12 20:16:00.474 12830 12830 I MultiDex: load found 4 secondary dex files
12-12 20:16:00.474 12830 12830 I MultiDex: install done
12-12 20:16:00.484 12618 12618 I PersonaManager: getPersonaService() name persona_policy
12-12 20:16:00.484 12830 12830 I PersonaManager: getPersonaService() name persona_policy
12-12 20:16:00.504 12830 12830 I dalvikvm: Could not find method android.content.Context.isDeviceProtectedStorage, referenced from method kel.d
12-12 20:16:00.504 12830 12830 W dalvikvm: VFY: unable to resolve virtual method 1689: Landroid/content/Context;.isDeviceProtectedStorage ()Z
12-12 20:16:00.514 12830 12830 D dalvikvm: VFY: replacing opcode 0x6e at 0x0006
12-12 20:16:00.514 12830 12830 I dalvikvm: Could not find method android.os.UserHandle.isOwner, referenced from method kel.i
12-12 20:16:00.514 12830 12830 W dalvikvm: VFY: unable to resolve virtual method 2304: Landroid/os/UserHandle;.isOwner ()Z
12-12 20:16:00.514 12830 12830 D dalvikvm: VFY: replacing opcode 0x6e at 0x000a
12-12 20:16:00.514 12830 12830 I dalvikvm: Could not find method android.content.pm.PackageManager.isInstantApp, referenced from method kkc.a
12-12 20:16:00.514 12830 12830 W dalvikvm: VFY: unable to resolve virtual method 1808: Landroid/content/pm/PackageManager;.isInstantApp (Ljava/lang/String;)Z
12-12 20:16:00.514 12830 12830 D dalvikvm: VFY: replacing opcode 0x6e at 0x002d
12-12 20:16:00.524 12830 12830 D dalvikvm: DexOpt: couldn't find static field Landroid/os/Build;.SUPPORTED_ABIS
12-12 20:16:00.524 12830 12830 W dalvikvm: VFY: unable to resolve static field 918 (SUPPORTED_ABIS) in Landroid/os/Build;
12-12 20:16:00.524 12830 12830 D dalvikvm: VFY: replacing opcode 0x62 at 0x0008
12-12 20:16:00.524 12830 12830 D dalvikvm: DexOpt: couldn't find static field Landroid/os/Build;.SUPPORTED_ABIS
12-12 20:16:00.524 12830 12830 W dalvikvm: VFY: unable to resolve static field 918 (SUPPORTED_ABIS) in Landroid/os/Build;
12-12 20:16:00.524 12830 12830 D dalvikvm: VFY: replacing opcode 0x62 at 0x0097
12-12 20:16:00.524 12830 12830 D dalvikvm: DexOpt: couldn't find field Landroid/content/pm/ApplicationInfo;.splitSourceDirs
12-12 20:16:00.524 12830 12830 W dalvikvm: VFY: unable to resolve instance field 849
12-12 20:16:00.524 12830 12830 D dalvikvm: VFY: replacing opcode 0x54 at 0x0053
12-12 20:16:00.524 12830 12830 D dalvikvm: DexOpt: couldn't find field Landroid/content/pm/ApplicationInfo;.splitSourceDirs
12-12 20:16:00.524 12830 12830 I dalvikvm: DexOpt: unable to optimize instance field ref 0x0351 at 0x57 in Lkgr;.d
12-12 20:16:00.524 12830 12830 I dalvikvm: Could not find method android.content.ContextWrapper.createCredentialProtectedStorageContext, referenced from method jwn.createCredentialProtectedStorageContext
12-12 20:16:00.524 12830 12830 W dalvikvm: VFY: unable to resolve virtual method 1708: Landroid/content/ContextWrapper;.createCredentialProtectedStorageContext ()Landroid/content/Context;
12-12 20:16:00.524 12830 12830 D dalvikvm: VFY: replacing opcode 0x6f at 0x0002
12-12 20:16:00.524 12830 12830 I dalvikvm: Could not find method android.content.ContextWrapper.createDeviceProtectedStorageContext, referenced from method jwn.createDeviceProtectedStorageContext
12-12 20:16:00.524 12830 12830 W dalvikvm: VFY: unable to resolve virtual method 1709: Landroid/content/ContextWrapper;.createDeviceProtectedStorageContext ()Landroid/content/Context;
12-12 20:16:00.524 12830 12830 D dalvikvm: VFY: replacing opcode 0x6f at 0x0002
12-12 20:16:00.534 12830 12830 D dalvikvm: Trying to load lib /data/app-lib/com.google.android.gms-3519/libgmscore.so 0x431aa500
12-12 20:16:00.534 12830 12830 D dalvikvm: Added shared lib /data/app-lib/com.google.android.gms-3519/libgmscore.so 0x431aa500
12-12 20:16:00.534 12830 12830 D dalvikvm: No JNI_OnLoad found in /data/app-lib/com.google.android.gms-3519/libgmscore.so 0x431aa500, skipping init
12-12 20:16:00.534 12830 12830 D dalvikvm: Trying to load lib /data/app-lib/com.google.android.gms-3519/libconscrypt_gmscore_jni.so 0x431aa500
12-12 20:16:00.534 12830 12830 D dalvikvm: Added shared lib /data/app-lib/com.google.android.gms-3519/libconscrypt_gmscore_jni.so 0x431aa500
12-12 20:16:00.534 12830 12830 V NativeCrypto: Registering com/google/android/gms/org/conscrypt/NativeCrypto's 276 native methods...
12-12 20:16:00.534 12830 12830 E dalvikvm: Could not find class 'javax.net.ssl.SNIServerName', referenced from method com.google.android.gms.org.conscrypt.Platform.getSniHostnameFromParams
12-12 20:16:00.534 12830 12830 W dalvikvm: VFY: unable to resolve check-cast 2222 (Ljavax/net/ssl/SNIServerName;) in Lcom/google/android/gms/org/conscrypt/Platform;
12-12 20:16:00.534 12830 12830 D dalvikvm: VFY: replacing opcode 0x1f at 0x0025
12-12 20:16:00.534 12830 12830 E dalvikvm: Could not find class 'javax.net.ssl.SNIHostName', referenced from method com.google.android.gms.org.conscrypt.Platform.setParametersSniHostname
12-12 20:16:00.534 12830 12830 W dalvikvm: VFY: unable to resolve new-instance 2221 (Ljavax/net/ssl/SNIHostName;) in Lcom/google/android/gms/org/conscrypt/Platform;
12-12 20:16:00.534 12830 12830 D dalvikvm: VFY: replacing opcode 0x22 at 0x0024
12-12 20:16:00.534 12830 12830 E dalvikvm: Could not find class 'javax.net.ssl.SNIHostName', referenced from method com.google.android.gms.org.conscrypt.Platform.setParametersSniHostname
12-12 20:16:00.534 12830 12830 W dalvikvm: VFY: unable to resolve new-instance 2221 (Ljavax/net/ssl/SNIHostName;) in Lcom/google/android/gms/org/conscrypt/Platform;
12-12 20:16:00.534 12830 12830 D dalvikvm: VFY: replacing opcode 0x22 at 0x0024
12-12 20:16:00.544 12830 12830 W dalvikvm: Unable to resolve superclass of Lcom/google/android/gms/org/conscrypt/DelegatingExtendedSSLSession; (2212)
12-12 20:16:00.544 12830 12830 W dalvikvm: Link of class 'Lcom/google/android/gms/org/conscrypt/DelegatingExtendedSSLSession;' failed
12-12 20:16:00.544 12830 12830 E dalvikvm: Could not find class 'com.google.android.gms.org.conscrypt.DelegatingExtendedSSLSession', referenced from method com.google.android.gms.org.conscrypt.Platform.unwrapSSLSession
12-12 20:16:00.544 12830 12830 W dalvikvm: VFY: unable to resolve instanceof 1304 (Lcom/google/android/gms/org/conscrypt/DelegatingExtendedSSLSession;) in Lcom/google/android/gms/org/conscrypt/Platform;
12-12 20:16:00.544 12830 12830 D dalvikvm: VFY: replacing opcode 0x20 at 0x0007
12-12 20:16:00.544 12830 12830 W dalvikvm: Unable to resolve superclass of Lcom/google/android/gms/org/conscrypt/DelegatingExtendedSSLSession; (2212)
12-12 20:16:00.544 12830 12830 W dalvikvm: Link of class 'Lcom/google/android/gms/org/conscrypt/DelegatingExtendedSSLSession;' failed
12-12 20:16:00.544 12830 12830 E dalvikvm: Could not find class 'com.google.android.gms.org.conscrypt.DelegatingExtendedSSLSession', referenced from method com.google.android.gms.org.conscrypt.Platform.wrapSSLSession
12-12 20:16:00.544 12830 12830 W dalvikvm: VFY: unable to resolve new-instance 1304 (Lcom/google/android/gms/org/conscrypt/DelegatingExtendedSSLSession;) in Lcom/google/android/gms/org/conscrypt/Platform;
12-12 20:16:00.544 12830 12830 D dalvikvm: VFY: replacing opcode 0x22 at 0x0007
12-12 20:16:00.544 12830 12830 D dalvikvm: DexOpt: unable to opt direct call 0x3096 at 0x2a in Lcom/google/android/gms/org/conscrypt/Platform;.setParametersSniHostname
12-12 20:16:00.544 12830 12830 D dalvikvm: DexOpt: unable to opt direct call 0x3096 at 0x2a in Lcom/google/android/gms/org/conscrypt/Platform;.setParametersSniHostname
12-12 20:16:00.544 12830 12830 W dalvikvm: Unable to resolve superclass of Lcom/google/android/gms/org/conscrypt/DelegatingExtendedSSLSession; (2212)
12-12 20:16:00.544 12830 12830 W dalvikvm: Link of class 'Lcom/google/android/gms/org/conscrypt/DelegatingExtendedSSLSession;' failed
12-12 20:16:00.544 12830 12830 D dalvikvm: DexOpt: unable to opt direct call 0x1b67 at 0x09 in Lcom/google/android/gms/org/conscrypt/Platform;.wrapSSLSession
12-12 20:16:00.584 12830 12830 D dalvikvm: Trying to load lib /data/app-lib/com.google.android.gms-3519/libgmscore.so 0x431aa500
12-12 20:16:00.584 12830 12830 D dalvikvm: Shared lib '/data/app-lib/com.google.android.gms-3519/libgmscore.so' already loaded in same CL 0x431aa500
12-12 20:16:00.584 12830 12830 D dalvikvm: Trying to load lib /data/app-lib/com.google.android.gms-3519/libconscrypt_gmscore_jni.so 0x431aa500
12-12 20:16:00.584 12830 12830 D dalvikvm: Shared lib '/data/app-lib/com.google.android.gms-3519/libconscrypt_gmscore_jni.so' already loaded in same CL 0x431aa500
12-12 20:16:00.614 12830 12830 I ProviderInstaller: Installed default security provider GmsCore_OpenSSL
12-12 20:16:00.624 12830 12830 I dalvikvm: Could not find method android.app.AppOpsManager.permissionToOp, referenced from method pq.a
12-12 20:16:00.624 12830 12830 W dalvikvm: VFY: unable to resolve static method 1450: Landroid/app/AppOpsManager;.permissionToOp (Ljava/lang/String;)Ljava/lang/String;
12-12 20:16:00.624 12830 12830 D dalvikvm: VFY: replacing opcode 0x71 at 0x000f
12-12 20:16:00.624 12830 12830 I dalvikvm: Could not find method android.content.Context.getSystemService, referenced from method pq.a
12-12 20:16:00.624 12830 12830 W dalvikvm: VFY: unable to resolve virtual method 1684: Landroid/content/Context;.getSystemService (Ljava/lang/Class;)Ljava/lang/Object;
12-12 20:16:00.624 12830 12830 D dalvikvm: VFY: replacing opcode 0x6e at 0x0030
12-12 20:16:00.864 12618 12618 W ConfigurationChimeraPro: Got null configs for com.google.android.gms
12-12 20:16:00.874   675  1273 E PersonaManagerService: Unable to read user list
12-12 20:16:00.884 12618 12629 W ConfigurationChimeraPro: Got null configs for com.google.android.gms
12-12 20:16:00.894  4056  4056 D daemonapp: [MSC_Daemon]>>> AWDCDS:27 [0:0] AWD CD Act : androidintentactionPACKAGE_RESTARTED
12-12 20:16:00.934  4056  4056 D daemonapp: [MSC_Daemon]>>> AWDCDS:27 [0:0] AWD CD Act : androidintentactionPACKAGE_DATA_CLEARED
12-12 20:16:00.944 12830 12830 E ChimeraCfgMgr: Failed to read module config: java.io.FileNotFoundException: /data/data/com.google.android.gms/app_chimera/current_config.fb: open failed: ENOENT (No such file or directory)
12-12 20:16:00.954 12830 12830 E ChimeraCfgMgr: Failed to read module config: java.io.FileNotFoundException: /data/data/com.google.android.gms/app_chimera/current_config.fb: open failed: ENOENT (No such file or directory)
12-12 20:16:00.954 12830 12830 I dalvikvm: Could not find method android.system.Os.symlink, referenced from method cqu.a
12-12 20:16:00.954 12830 12830 W dalvikvm: VFY: unable to resolve static method 2331: Landroid/system/Os;.symlink (Ljava/lang/String;Ljava/lang/String;)V
12-12 20:16:00.954 12830 12830 D dalvikvm: VFY: replacing opcode 0x71 at 0x002c
12-12 20:16:00.964 12830 12830 E ConfigFileUtils: Failed to read config file: /data/data/com.google.android.gms/app_chimera/current_fileapks.pb: open failed: ENOENT (No such file or directory)
12-12 20:16:00.974 12830 12830 I dalvikvm: Could not find method android.content.pm.PackageManager.getPackageInstaller, referenced from method izp.a
12-12 20:16:00.974 12830 12830 W dalvikvm: VFY: unable to resolve virtual method 1801: Landroid/content/pm/PackageManager;.getPackageInstaller ()Landroid/content/pm/PackageInstaller;
12-12 20:16:00.974 12830 12830 D dalvikvm: VFY: replacing opcode 0x6e at 0x001c
12-12 20:16:00.984 12830 12830 E ChimeraCfgMgr: Failed to read module config: java.io.FileNotFoundException: /data/data/com.google.android.gms/app_chimera/current_config.fb: open failed: ENOENT (No such file or directory)
12-12 20:16:00.984 12830 12830 I DynamiteModule: Considering local module com.google.android.gms.googlecertificates:4 and remote module com.google.android.gms.googlecertificates:0
12-12 20:16:00.984 12830 12830 I DynamiteModule: Selected local version of com.google.android.gms.googlecertificates
12-12 20:16:00.994 12830 12830 E ConfigFileUtils: Failed to read config file: /data/data/com.google.android.gms/app_chimera/current_fileapks.pb: open failed: ENOENT (No such file or directory)
12-12 20:16:00.994 12830 12830 I dalvikvm: Could not find method android.content.ContextWrapper.createCredentialProtectedStorageContext, referenced from method jia.createCredentialProtectedStorageContext
12-12 20:16:00.994 12830 12830 W dalvikvm: VFY: unable to resolve virtual method 1708: Landroid/content/ContextWrapper;.createCredentialProtectedStorageContext ()Landroid/content/Context;
12-12 20:16:00.994 12830 12830 D dalvikvm: VFY: replacing opcode 0x6f at 0x0002
12-12 20:16:00.994 12830 12830 I dalvikvm: Could not find method android.content.ContextWrapper.createDeviceProtectedStorageContext, referenced from method jia.createDeviceProtectedStorageContext
12-12 20:16:00.994 12830 12830 W dalvikvm: VFY: unable to resolve virtual method 1709: Landroid/content/ContextWrapper;.createDeviceProtectedStorageContext ()Landroid/content/Context;
12-12 20:16:00.994 12830 12830 D dalvikvm: VFY: replacing opcode 0x6f at 0x0002
12-12 20:16:00.994 12830 12830 E ChimeraCfgMgr: Failed to read module config: java.io.FileNotFoundException: /data/data/com.google.android.gms/app_chimera/current_config.fb: open failed: ENOENT (No such file or directory)
12-12 20:16:01.004 12830 12830 E ChimeraCfgMgr: Failed to read module config: java.io.FileNotFoundException: /data/data/com.google.android.gms/app_chimera/current_config.fb: open failed: ENOENT (No such file or directory)
12-12 20:16:01.004 12014 12856 D Aatp    : /task/bd716ebb2aa6d886736eebbbea0214534dae2e8f/status
12-12 20:16:01.004 12830 12830 E IntentOperation: Failed to get Chimera config
12-12 20:16:01.004 12830 12830 E IntentOperation: com.google.android.chimera.config.InvalidConfigException: java.io.FileNotFoundException: /data/data/com.google.android.gms/app_chimera/current_config.fb: open failed: ENOENT (No such file or directory)
12-12 20:16:01.004 12830 12830 E IntentOperation: 	at com.google.android.chimera.container.ConfigurationManager.a(:com.google.android.gms@11951038:150)
12-12 20:16:01.004 12830 12830 E IntentOperation: 	at com.google.android.chimera.IntentOperation.a(:com.google.android.gms@11951038:3)
12-12 20:16:01.004 12830 12830 E IntentOperation: 	at com.google.android.chimera.IntentOperation.getStartIntent(:com.google.android.gms@11951038:3)
12-12 20:16:01.004 12830 12830 E IntentOperation: 	at com.google.android.chimera.IntentOperation.getStartIntent(:com.google.android.gms@11951038:1)
12-12 20:16:01.004 12830 12830 E IntentOperation: 	at com.google.android.gms.chimera.debug.ModuleSetJournalUpdate$ModuleSetJournalIntentOperation.a(:com.google.android.gms@11951038:1)
12-12 20:16:01.004 12830 12830 E IntentOperation: 	at com.google.android.gms.chimera.debug.ModuleSetJournalUpdate.a(:com.google.android.gms@11951038:11)
12-12 20:16:01.004 12830 12830 E IntentOperation: 	at com.google.android.gms.chimera.container.GmsModuleFinder.a(:com.google.android.gms@11951038:68)
12-12 20:16:01.004 12830 12830 E IntentOperation: 	at com.google.android.gms.chimera.container.GmsModuleFinder.a(:com.google.android.gms@11951038:86)
12-12 20:16:01.004 12830 12830 E IntentOperation: 	at com.google.android.gms.chimera.container.GmsModuleFinder.a(:com.google.android.gms@11951038:71)
12-12 20:16:01.004 12830 12830 E IntentOperation: 	at imb.y_(:com.google.android.gms@11951038)
12-12 20:16:01.004 12830 12830 E IntentOperation: 	at csr.a(:com.google.android.gms@11951038:33)
12-12 20:16:01.004 12830 12830 E IntentOperation: 	at crx.attachBaseContext(:com.google.android.gms@11951038:2)
12-12 20:16:01.004 12830 12830 E IntentOperation: 	at android.app.Service.attach(Service.java:694)
12-12 20:16:01.004 12830 12830 E IntentOperation: 	at android.app.ActivityThread.handleCreateService(ActivityThread.java:2801)
12-12 20:16:01.004 12830 12830 E IntentOperation: 	at android.app.ActivityThread.access$1900(ActivityThread.java:173)
12-12 20:16:01.004 12830 12830 E IntentOperation: 	at android.app.ActivityThread$H.handleMessage(ActivityThread.java:1385)
12-12 20:16:01.004 12830 12830 E IntentOperation: 	at android.os.Handler.dispatchMessage(Handler.java:102)
12-12 20:16:01.004 12830 12830 E IntentOperation: 	at android.os.Looper.loop(Looper.java:136)
12-12 20:16:01.004 12830 12830 E IntentOperation: 	at android.app.ActivityThread.main(ActivityThread.java:5579)
12-12 20:16:01.004 12830 12830 E IntentOperation: 	at java.lang.reflect.Method.invokeNative(Native Method)
12-12 20:16:01.004 12830 12830 E IntentOperation: 	at java.lang.reflect.Method.invoke(Method.java:515)
12-12 20:16:01.004 12830 12830 E IntentOperation: 	at com.android.internal.os.ZygoteInit$MethodAndArgsCaller.run(ZygoteInit.java:1268)
12-12 20:16:01.004 12830 12830 E IntentOperation: 	at com.android.internal.os.ZygoteInit.main(ZygoteInit.java:1084)
12-12 20:16:01.004 12830 12830 E IntentOperation: 	at dalvik.system.NativeStart.main(Native Method)
12-12 20:16:01.004 12830 12830 E IntentOperation: Caused by: java.io.FileNotFoundException: /data/data/com.google.android.gms/app_chimera/current_config.fb: open failed: ENOENT (No such file or directory)
12-12 20:16:01.004 12830 12830 E IntentOperation: 	at libcore.io.IoBridge.open(IoBridge.java:409)
12-12 20:16:01.004 12830 12830 E IntentOperation: 	at java.io.FileInputStream.<init>(FileInputStream.java:78)
12-12 20:16:01.004 12830 12830 E IntentOperation: 	at com.google.android.chimera.container.ConfigurationManager.a(:com.google.android.gms@11951038:121)
12-12 20:16:01.004 12830 12830 E IntentOperation: 	... 23 more
12-12 20:16:01.004 12830 12830 E IntentOperation: Caused by: libcore.io.ErrnoException: open failed: ENOENT (No such file or directory)
12-12 20:16:01.004 12830 12830 E IntentOperation: 	at libcore.io.Posix.open(Native Method)
12-12 20:16:01.004 12830 12830 E IntentOperation: 	at libcore.io.BlockGuardOs.open(BlockGuardOs.java:110)
12-12 20:16:01.004 12830 12830 E IntentOperation: 	at libcore.io.IoBridge.open(IoBridge.java:393)
12-12 20:16:01.004 12830 12830 E IntentOperation: 	... 25 more
12-12 20:16:01.004 12618 12618 I dalvikvm: Could not find method android.content.Context.checkSelfPermission, referenced from method jwb.a
12-12 20:16:01.014 12618 12618 W dalvikvm: VFY: unable to resolve virtual method 1657: Landroid/content/Context;.checkSelfPermission (Ljava/lang/String;)I
12-12 20:16:01.014 12618 12618 D dalvikvm: VFY: replacing opcode 0x6e at 0x0034
12-12 20:16:01.014 12618 12618 I dalvikvm: Failed resolving Ljwc; interface 782 'Landroid/content/pm/PackageManager$OnPermissionsChangedListener;'
12-12 20:16:01.014 12618 12618 W dalvikvm: Link of class 'Ljwc;' failed
12-12 20:16:01.014 12618 12618 E dalvikvm: Could not find class 'jwc', referenced from method jwb.a
12-12 20:16:01.014 12618 12618 W dalvikvm: VFY: unable to resolve new-instance 2609 (Ljwc;) in Ljwb;
12-12 20:16:01.014 12618 12618 D dalvikvm: VFY: replacing opcode 0x22 at 0x0000
12-12 20:16:01.014 12618 12618 I dalvikvm: Failed resolving Ljwc; interface 782 'Landroid/content/pm/PackageManager$OnPermissionsChangedListener;'
12-12 20:16:01.014 12618 12618 W dalvikvm: Link of class 'Ljwc;' failed
12-12 20:16:01.014 12830 12830 E ChimeraCfgMgr: Failed to read module config: java.io.FileNotFoundException: /data/data/com.google.android.gms/app_chimera/current_config.fb: open failed: ENOENT (No such file or directory)
12-12 20:16:01.014 12618 12618 D dalvikvm: DexOpt: unable to opt direct call 0x37c7 at 0x02 in Ljwb;.a
12-12 20:16:01.074  4056  4056 D daemonapp: [MSC_Daemon]>>> AWDCDS:27 [0:0] AWD CD Act : androidintentactionPACKAGE_RESTARTED
12-12 20:16:01.114  4056  4056 D daemonapp: [MSC_Daemon]>>> AWDCDS:27 [0:0] AWD CD Act : androidintentactionPACKAGE_DATA_CLEARED
12-12 20:16:01.114  4056  4056 D daemonapp: [MSC_Daemon]>>> AWDCDS:27 [0:0] AWD CD Act : androidintentactionPACKAGE_RESTARTED
