12-12 20:15:46.104 12618 12618 I dalvikvm: Could not find method android.content.Context.isDeviceProtectedStorage, referenced from method zcx.a
12-12 20:15:46.104 12618 12618 W dalvikvm: VFY: unable to resolve virtual method 1689: Landroid/content/Context;.isDeviceProtectedStorage ()Z
12-12 20:15:46.104 12618 12618 D dalvikvm: VFY: replacing opcode 0x6e at 0x0009
12-12 20:15:46.104 12618 12618 I dalvikvm: Could not find method android.content.Context.isDeviceProtectedStorage, referenced from method zcx.c
12-12 20:15:46.104 12618 12618 W dalvikvm: VFY: unable to resolve virtual method 1689: Landroid/content/Context;.isDeviceProtectedStorage ()Z
12-12 20:15:46.104 12618 12618 D dalvikvm: VFY: replacing opcode 0x6e at 0x005d
12-12 20:15:46.104 12618 12618 I dalvikvm: Could not find method android.os.PowerManager.isInteractive, referenced from method jih.a
12-12 20:15:46.104 12618 12618 W dalvikvm: VFY: unable to resolve virtual method 2258: Landroid/os/PowerManager;.isInteractive ()Z
12-12 20:15:46.104 12618 12618 D dalvikvm: VFY: replacing opcode 0x6e at 0x0012
12-12 20:15:46.104 12618 12618 I dalvikvm: Could not find method android.content.ContextWrapper.createCredentialProtectedStorageContext, referenced from method com.google.android.chimera.ModuleContext.createCredentialProtectedStorageContext
12-12 20:15:46.104 12618 12618 W dalvikvm: VFY: unable to resolve virtual method 1708: Landroid/content/ContextWrapper;.createCredentialProtectedStorageContext ()Landroid/content/Context;
12-12 20:15:46.104 12618 12618 D dalvikvm: VFY: replacing opcode 0x6f at 0x0002
12-12 20:15:46.104 12618 12618 I dalvikvm: Could not find method android.content.ContextWrapper.createDeviceProtectedStorageContext, referenced from method com.google.android.chimera.ModuleContext.createDeviceProtectedStorageContext
12-12 20:15:46.104 12618 12618 W dalvikvm: VFY: unable to resolve virtual method 1709: Landroid/content/ContextWrapper;.createDeviceProtectedStorageContext ()Landroid/content/Context;
12-12 20:15:46.104 12618 12618 D dalvikvm: VFY: replacing opcode 0x6f at 0x0002
12-12 20:15:46.104 12618 12618 I dalvikvm: Could not find method android.content.Context.isCredentialProtectedStorage, referenced from method cqq.a
12-12 20:15:46.104 12618 12618 W dalvikvm: VFY: unable to resolve virtual method 1688: Landroid/content/Context;.isCredentialProtectedStorage ()Z
12-12 20:15:46.104 12618 12618 D dalvikvm: VFY: replacing opcode 0x6e at 0x0000
12-12 20:15:46.104 12618 12618 I dalvikvm: Could not find method android.os.UserManager.isUserUnlocked, referenced from method cqq.a
12-12 20:15:46.104 12618 12618 W dalvikvm: VFY: unable to resolve virtual method 2311: Landroid/os/UserManager;.isUserUnlocked ()Z
12-12 20:15:46.104 12618 12618 D dalvikvm: VFY: replacing opcode 0x6e at 0x001a
12-12 20:15:46.104 12618 12618 I dalvikvm: Could not find method android.content.Context.isDeviceProtectedStorage, referenced from method cqq.b
12-12 20:15:46.104 12618 12618 W dalvikvm: VFY: unable to resolve virtual method 1689: Landroid/content/Context;.isDeviceProtectedStorage ()Z
12-12 20:15:46.104 12618 12618 D dalvikvm: VFY: replacing opcode 0x6e at 0x0000
12-12 20:15:46.104 12618 12618 I dalvikvm: Could not find method android.content.Context.isDeviceProtectedStorage, referenced from method cqq.c
12-12 20:15:46.104 12618 12618 W dalvikvm: VFY: unable to resolve virtual method 1689: Landroid/content/Context;.isDeviceProtectedStorage ()Z
12-12 20:15:46.104 12618 12618 D dalvikvm: VFY: replacing opcode 0x6e at 0x0000
12-12 20:15:46.104 12618 12618 I MultiDex: VM with version 1.6.0 does not have multidex support
12-12 20:15:46.104 12618 12618 I MultiDex: install
12-12 20:15:46.114 12618 12618 I MultiDex: MultiDexExtractor.load(/data/app/com.google.android.gms-3519.apk, false)
12-12 20:15:46.114 12618 12618 I MultiDex: Blocking on lock /data/data/com.google.android.gms/code_cache/secondary-dexes/MultiDex.lock
12-12 20:15:46.114 12618 12618 I MultiDex: /data/data/com.google.android.gms/code_cache/secondary-dexes/MultiDex.lock locked
12-12 20:15:46.114 12618 12618 I MultiDex: Detected that extraction must be performed.
12-12 20:15:46.214 12618 12618 I MultiDex: Extraction is needed for file /data/data/com.google.android.gms/code_cache/secondary-dexes/com.google.android.gms-3519.apk.classes2.zip
12-12 20:15:46.214 12618 12618 I MultiDex: Extracting /data/data/com.google.android.gms/code_cache/secondary-dexes/tmp-com.google.android.gms-3519.apk.classes-718946581.zip
12-12 20:15:46.824 12635 12635 D AndroidRuntime: 
12-12 20:15:46.824 12635 12635 D AndroidRuntime: >>>>>> AndroidRuntime START com.android.internal.os.RuntimeInit <<<<<<
12-12 20:15:46.834 12635 12635 D AndroidRuntime: CheckJNI is OFF
12-12 20:15:46.834 12635 12635 D AndroidRuntime: setted country_code = USA
12-12 20:15:46.834 12635 12635 D AndroidRuntime: setted countryiso_code = US
12-12 20:15:46.834 12635 12635 D AndroidRuntime: setted sales_code = TMB
12-12 20:15:46.834 12635 12635 D AndroidRuntime: readGMSProperty: start
12-12 20:15:46.834 12635 12635 D AndroidRuntime: readGMSProperty: already setted!!
12-12 20:15:46.834 12635 12635 D AndroidRuntime: readGMSProperty: end
12-12 20:15:46.834 12635 12635 D AndroidRuntime: addProductProperty: start
12-12 20:15:46.844 12635 12635 D dalvikvm: Trying to load lib libjavacore.so 0x0
12-12 20:15:46.854 12635 12635 D dalvikvm: Added shared lib libjavacore.so 0x0
12-12 20:15:46.854 12635 12635 D dalvikvm: Trying to load lib libnativehelper.so 0x0
12-12 20:15:46.854 12635 12635 D dalvikvm: Added shared lib libnativehelper.so 0x0
12-12 20:15:46.854 12635 12635 D dalvikvm: No JNI_OnLoad found in libnativehelper.so 0x0, skipping init
12-12 20:15:46.944 12635 12635 E memtrack: Couldn't load memtrack module (No such file or directory)
12-12 20:15:46.944 12635 12635 E android.os.Debug: failed to load memtrack module: -2
12-12 20:15:46.974 12635 12635 D dalvikvm: Note: class Landroid/app/ActivityManagerNative; has 192 unimplemented (abstract) methods
12-12 20:15:47.024 12635 12635 D AndroidRuntime: Calling main entry com.android.commands.pm.Pm
12-12 20:15:47.074   675  5908 V ApplicationPolicy: isApplicationStateBlocked userId 0 pkgname com.android.browser
12-12 20:15:47.074 12635 12635 D AndroidRuntime: Shutting down VM
12-12 20:15:47.074 12635 12640 D dalvikvm: GC_CONCURRENT freed 97K, 13% free 677K/776K, paused 0ms+0ms, total 2ms
12-12 20:15:47.074   675  5908 W ActivityManager: Invalid packageName: com.android.browser
12-12 20:15:47.814 12646 12646 D AndroidRuntime: 
12-12 20:15:47.814 12646 12646 D AndroidRuntime: >>>>>> AndroidRuntime START com.android.internal.os.RuntimeInit <<<<<<
12-12 20:15:47.824 12646 12646 D AndroidRuntime: CheckJNI is OFF
12-12 20:15:47.824 12646 12646 D AndroidRuntime: setted country_code = USA
12-12 20:15:47.824 12646 12646 D AndroidRuntime: setted countryiso_code = US
12-12 20:15:47.824 12646 12646 D AndroidRuntime: setted sales_code = TMB
12-12 20:15:47.824 12646 12646 D AndroidRuntime: readGMSProperty: start
12-12 20:15:47.824 12646 12646 D AndroidRuntime: readGMSProperty: already setted!!
12-12 20:15:47.824 12646 12646 D AndroidRuntime: readGMSProperty: end
12-12 20:15:47.824 12646 12646 D AndroidRuntime: addProductProperty: start
12-12 20:15:47.844 12646 12646 D dalvikvm: Trying to load lib libjavacore.so 0x0
12-12 20:15:47.844 12646 12646 D dalvikvm: Added shared lib libjavacore.so 0x0
12-12 20:15:47.844 12646 12646 D dalvikvm: Trying to load lib libnativehelper.so 0x0
12-12 20:15:47.844 12646 12646 D dalvikvm: Added shared lib libnativehelper.so 0x0
12-12 20:15:47.844 12646 12646 D dalvikvm: No JNI_OnLoad found in libnativehelper.so 0x0, skipping init
12-12 20:15:47.904   253   253 E SMD     : DCD ON
12-12 20:15:47.954 12646 12646 E memtrack: Couldn't load memtrack module (No such file or directory)
12-12 20:15:47.954 12646 12646 E android.os.Debug: failed to load memtrack module: -2
12-12 20:15:47.974 12646 12646 D dalvikvm: Note: class Landroid/app/ActivityManagerNative; has 192 unimplemented (abstract) methods
12-12 20:15:48.024 12646 12646 D AndroidRuntime: Calling main entry com.android.commands.pm.Pm
12-12 20:15:48.074   675  1026 V ApplicationPolicy: isApplicationStateBlocked userId 0 pkgname com.android.browser.provider
12-12 20:15:48.094   675  1026 D EnterpriseDeviceManager: ContainerId: 0
12-12 20:15:48.094   675  1026 V ApplicationPolicy: isApplicationStateBlocked userId 0 pkgname com.android.browser.provider
12-12 20:15:48.094   675  1026 D PackageManager: START CLEAR APPLICATION USER DATA: observer{1167935840}
12-12 20:15:48.094   675  1026 D PackageManager: pkg{<packageName>}
12-12 20:15:48.094   675  1026 D PackageManager: user{0}
12-12 20:15:48.094   675   956 D PackageManager: [MSG] CLEAR_APPLICATION_USER_DATA
12-12 20:15:48.104  1233  1233 I PersonaManager: getPersonaService() name persona_policy
12-12 20:15:48.104 12358 12487 D Documents: Used cached roots for com.android.externalstorage.documents
12-12 20:15:48.104 12358 12487 D Documents: Used cached roots for com.android.providers.downloads.documents
12-12 20:15:48.104 12358 12487 D Documents: Used cached roots for com.android.providers.media.documents
12-12 20:15:48.104 12358 12487 D Documents: Loading roots for com.google.android.apps.docs.storage
12-12 20:15:48.104   270   270 D keystore: calling clear_uid in state: 3
12-12 20:15:48.114 12358 12487 D Documents: Update found 6 roots in 10ms
12-12 20:15:48.124   675   956 D PackageManager: return delete result to caller: 1167935840
12-12 20:15:48.124 12646 12646 D AndroidRuntime: Shutting down VM
12-12 20:15:48.124   675   956 D PackageManager: returnCode: true
12-12 20:15:48.134 12646 12656 D dalvikvm: GC_CONCURRENT freed 97K, 13% free 677K/776K, paused 0ms+0ms, total 2ms
12-12 20:15:48.424 12618 12618 I MultiDex: Renaming to /data/data/com.google.android.gms/code_cache/secondary-dexes/com.google.android.gms-3519.apk.classes2.zip
12-12 20:15:48.424 12618 12618 I MultiDex: Extraction succeeded - length /data/data/com.google.android.gms/code_cache/secondary-dexes/com.google.android.gms-3519.apk.classes2.zip: 3787697 - crc: 1805438098
12-12 20:15:48.424 12618 12618 I MultiDex: Extraction is needed for file /data/data/com.google.android.gms/code_cache/secondary-dexes/com.google.android.gms-3519.apk.classes3.zip
12-12 20:15:48.424 12618 12618 I MultiDex: Extracting /data/data/com.google.android.gms/code_cache/secondary-dexes/tmp-com.google.android.gms-3519.apk.classes61591132.zip
12-12 20:15:48.894 12673 12673 D AndroidRuntime: 
12-12 20:15:48.894 12673 12673 D AndroidRuntime: >>>>>> AndroidRuntime START com.android.internal.os.RuntimeInit <<<<<<
12-12 20:15:48.894 12673 12673 D AndroidRuntime: CheckJNI is OFF
12-12 20:15:48.894 12673 12673 D AndroidRuntime: setted country_code = USA
12-12 20:15:48.894 12673 12673 D AndroidRuntime: setted countryiso_code = US
12-12 20:15:48.894 12673 12673 D AndroidRuntime: setted sales_code = TMB
12-12 20:15:48.894 12673 12673 D AndroidRuntime: readGMSProperty: start
12-12 20:15:48.894 12673 12673 D AndroidRuntime: readGMSProperty: already setted!!
12-12 20:15:48.894 12673 12673 D AndroidRuntime: readGMSProperty: end
12-12 20:15:48.894 12673 12673 D AndroidRuntime: addProductProperty: start
12-12 20:15:48.914 12673 12673 D dalvikvm: Trying to load lib libjavacore.so 0x0
12-12 20:15:48.914 12673 12673 D dalvikvm: Added shared lib libjavacore.so 0x0
12-12 20:15:48.914 12673 12673 D dalvikvm: Trying to load lib libnativehelper.so 0x0
12-12 20:15:48.914 12673 12673 D dalvikvm: Added shared lib libnativehelper.so 0x0
12-12 20:15:48.914 12673 12673 D dalvikvm: No JNI_OnLoad found in libnativehelper.so 0x0, skipping init
12-12 20:15:49.014 12673 12673 E memtrack: Couldn't load memtrack module (No such file or directory)
12-12 20:15:49.014 12673 12673 E android.os.Debug: failed to load memtrack module: -2
12-12 20:15:49.034 12673 12673 D dalvikvm: Note: class Landroid/app/ActivityManagerNative; has 192 unimplemented (abstract) methods
12-12 20:15:49.074 12673 12673 D AndroidRuntime: Calling main entry com.android.commands.pm.Pm
12-12 20:15:49.124   675  5909 V ApplicationPolicy: isApplicationStateBlocked userId 0 pkgname com.samsung.android.scloud.proxy.sbrowser
12-12 20:15:49.134   675  5909 D EnterpriseDeviceManager: ContainerId: 0
12-12 20:15:49.134   675  5909 V ApplicationPolicy: isApplicationStateBlocked userId 0 pkgname com.samsung.android.scloud.proxy.sbrowser
12-12 20:15:49.134   675  5909 D PackageManager: START CLEAR APPLICATION USER DATA: observer{1156045688}
12-12 20:15:49.134   675  5909 D PackageManager: pkg{<packageName>}
12-12 20:15:49.134   675  5909 D PackageManager: user{0}
12-12 20:15:49.134   675   956 D PackageManager: [MSG] CLEAR_APPLICATION_USER_DATA
12-12 20:15:49.144   270   270 D keystore: calling clear_uid in state: 3
12-12 20:15:49.164  1233  1233 I PersonaManager: getPersonaService() name persona_policy
12-12 20:15:49.164 12358 12371 D Documents: Used cached roots for com.android.externalstorage.documents
12-12 20:15:49.174 12358 12371 D Documents: Used cached roots for com.android.providers.downloads.documents
12-12 20:15:49.174 12358 12371 D Documents: Used cached roots for com.android.providers.media.documents
12-12 20:15:49.174 12358 12371 D Documents: Loading roots for com.google.android.apps.docs.storage
12-12 20:15:49.174 12358 12371 D Documents: Update found 6 roots in 8ms
12-12 20:15:49.184 12673 12673 D AndroidRuntime: Shutting down VM
12-12 20:15:49.184 12673 12678 D dalvikvm: GC_CONCURRENT freed 97K, 13% free 677K/776K, paused 0ms+1ms, total 2ms
12-12 20:15:49.184   675   956 D PackageManager: return delete result to caller: 1156045688
12-12 20:15:49.184   675   956 D PackageManager: returnCode: true
12-12 20:15:49.904 12693 12693 D AndroidRuntime: 
12-12 20:15:49.904 12693 12693 D AndroidRuntime: >>>>>> AndroidRuntime START com.android.internal.os.RuntimeInit <<<<<<
12-12 20:15:49.904 12693 12693 D AndroidRuntime: CheckJNI is OFF
12-12 20:15:49.904 12693 12693 D AndroidRuntime: setted country_code = USA
12-12 20:15:49.904 12693 12693 D AndroidRuntime: setted countryiso_code = US
12-12 20:15:49.914 12693 12693 D AndroidRuntime: setted sales_code = TMB
12-12 20:15:49.914 12693 12693 D AndroidRuntime: readGMSProperty: start
12-12 20:15:49.914 12693 12693 D AndroidRuntime: readGMSProperty: already setted!!
12-12 20:15:49.914 12693 12693 D AndroidRuntime: readGMSProperty: end
12-12 20:15:49.914 12693 12693 D AndroidRuntime: addProductProperty: start
12-12 20:15:49.924 12693 12693 D dalvikvm: Trying to load lib libjavacore.so 0x0
12-12 20:15:49.934 12693 12693 D dalvikvm: Added shared lib libjavacore.so 0x0
12-12 20:15:49.934 12693 12693 D dalvikvm: Trying to load lib libnativehelper.so 0x0
12-12 20:15:49.934 12693 12693 D dalvikvm: Added shared lib libnativehelper.so 0x0
12-12 20:15:49.934 12693 12693 D dalvikvm: No JNI_OnLoad found in libnativehelper.so 0x0, skipping init
12-12 20:15:50.024 12693 12693 E memtrack: Couldn't load memtrack module (No such file or directory)
12-12 20:15:50.034 12693 12693 E android.os.Debug: failed to load memtrack module: -2
12-12 20:15:50.054 12693 12693 D dalvikvm: Note: class Landroid/app/ActivityManagerNative; has 192 unimplemented (abstract) methods
12-12 20:15:50.094 12693 12693 D AndroidRuntime: Calling main entry com.android.commands.pm.Pm
12-12 20:15:50.144   675  1026 V ApplicationPolicy: isApplicationStateBlocked userId 0 pkgname com.sec.android.app.sbrowser
12-12 20:15:50.154   675  1026 D EnterpriseDeviceManager: ContainerId: 0
12-12 20:15:50.154   675  1026 V ApplicationPolicy: isApplicationStateBlocked userId 0 pkgname com.sec.android.app.sbrowser
12-12 20:15:50.154   675  1026 D PackageManager: START CLEAR APPLICATION USER DATA: observer{1148544464}
12-12 20:15:50.154   675  1026 D PackageManager: pkg{<packageName>}
12-12 20:15:50.154   675  1026 D PackageManager: user{0}
12-12 20:15:50.154   675   956 D PackageManager: [MSG] CLEAR_APPLICATION_USER_DATA
12-12 20:15:50.154   270   270 D keystore: calling clear_uid in state: 3
12-12 20:15:50.164  1233  1233 I PersonaManager: getPersonaService() name persona_policy
12-12 20:15:50.174 12358 12461 D Documents: Used cached roots for com.android.externalstorage.documents
12-12 20:15:50.174 12358 12461 D Documents: Used cached roots for com.android.providers.downloads.documents
12-12 20:15:50.174 12358 12461 D Documents: Used cached roots for com.android.providers.media.documents
12-12 20:15:50.174 12358 12461 D Documents: Loading roots for com.google.android.apps.docs.storage
12-12 20:15:50.184 12358 12461 D Documents: Update found 6 roots in 6ms
12-12 20:15:50.184 12693 12693 D AndroidRuntime: Shutting down VM
12-12 20:15:50.184 12693 12704 D dalvikvm: GC_CONCURRENT freed 97K, 13% free 677K/776K, paused 0ms+0ms, total 2ms
12-12 20:15:50.184   675   956 D PackageManager: return delete result to caller: 1148544464
12-12 20:15:50.184   675   956 D PackageManager: returnCode: true
12-12 20:15:50.204   675  2599 D SSRMv2:SIOP: SIOP:: AP = 310, PST = 276, Delta = 3
12-12 20:15:50.204   675  2599 D AmoledAdjustTimer: prevTemp = 225, currTemp = 225, prevStep = 4, currStep = 4
12-12 20:15:50.754 12618 12618 I MultiDex: Renaming to /data/data/com.google.android.gms/code_cache/secondary-dexes/com.google.android.gms-3519.apk.classes3.zip
12-12 20:15:50.754 12618 12618 I MultiDex: Extraction succeeded - length /data/data/com.google.android.gms/code_cache/secondary-dexes/com.google.android.gms-3519.apk.classes3.zip: 3889584 - crc: 447541683
12-12 20:15:50.754 12618 12618 I MultiDex: Extraction is needed for file /data/data/com.google.android.gms/code_cache/secondary-dexes/com.google.android.gms-3519.apk.classes4.zip
12-12 20:15:50.754 12618 12618 I MultiDex: Extracting /data/data/com.google.android.gms/code_cache/secondary-dexes/tmp-com.google.android.gms-3519.apk.classes-1136132565.zip
12-12 20:15:50.914   253   253 E SMD     : DCD ON
12-12 20:15:51.024 12715 12715 D AndroidRuntime: 
12-12 20:15:51.024 12715 12715 D AndroidRuntime: >>>>>> AndroidRuntime START com.android.internal.os.RuntimeInit <<<<<<
12-12 20:15:51.034 12715 12715 D AndroidRuntime: CheckJNI is OFF
12-12 20:15:51.034 12715 12715 D AndroidRuntime: setted country_code = USA
12-12 20:15:51.034 12715 12715 D AndroidRuntime: setted countryiso_code = US
12-12 20:15:51.034 12715 12715 D AndroidRuntime: setted sales_code = TMB
12-12 20:15:51.034 12715 12715 D AndroidRuntime: readGMSProperty: start
12-12 20:15:51.034 12715 12715 D AndroidRuntime: readGMSProperty: already setted!!
12-12 20:15:51.034 12715 12715 D AndroidRuntime: readGMSProperty: end
12-12 20:15:51.034 12715 12715 D AndroidRuntime: addProductProperty: start
12-12 20:15:51.054 12715 12715 D dalvikvm: Trying to load lib libjavacore.so 0x0
12-12 20:15:51.054 12715 12715 D dalvikvm: Added shared lib libjavacore.so 0x0
12-12 20:15:51.054 12715 12715 D dalvikvm: Trying to load lib libnativehelper.so 0x0
12-12 20:15:51.054 12715 12715 D dalvikvm: Added shared lib libnativehelper.so 0x0
12-12 20:15:51.054 12715 12715 D dalvikvm: No JNI_OnLoad found in libnativehelper.so 0x0, skipping init
12-12 20:15:51.154 12715 12715 E memtrack: Couldn't load memtrack module (No such file or directory)
12-12 20:15:51.154 12715 12715 E android.os.Debug: failed to load memtrack module: -2
12-12 20:15:51.184 12715 12715 D dalvikvm: Note: class Landroid/app/ActivityManagerNative; has 192 unimplemented (abstract) methods
12-12 20:15:51.224 12715 12715 D AndroidRuntime: Calling main entry com.android.commands.pm.Pm
12-12 20:15:51.274   675  1025 V ApplicationPolicy: isApplicationStateBlocked userId 0 pkgname com.sec.android.app.sbrowsertry
12-12 20:15:51.284   675  1025 D EnterpriseDeviceManager: ContainerId: 0
12-12 20:15:51.284   675  1025 V ApplicationPolicy: isApplicationStateBlocked userId 0 pkgname com.sec.android.app.sbrowsertry
12-12 20:15:51.284   675  1025 D PackageManager: START CLEAR APPLICATION USER DATA: observer{1144964560}
12-12 20:15:51.284   675  1025 D PackageManager: pkg{<packageName>}
12-12 20:15:51.284   675  1025 D PackageManager: user{0}
12-12 20:15:51.284   675   956 D PackageManager: [MSG] CLEAR_APPLICATION_USER_DATA
12-12 20:15:51.284   270   270 D keystore: calling clear_uid in state: 3
12-12 20:15:51.294  1233  1233 I PersonaManager: getPersonaService() name persona_policy
12-12 20:15:51.304 12358 12462 D Documents: Used cached roots for com.android.externalstorage.documents
12-12 20:15:51.304 12358 12462 D Documents: Used cached roots for com.android.providers.downloads.documents
12-12 20:15:51.304 12358 12462 D Documents: Used cached roots for com.android.providers.media.documents
12-12 20:15:51.304 12358 12462 D Documents: Loading roots for com.google.android.apps.docs.storage
12-12 20:15:51.304 12715 12715 D AndroidRuntime: Shutting down VM
12-12 20:15:51.304 12715 12724 D dalvikvm: GC_CONCURRENT freed 97K, 13% free 677K/776K, paused 0ms+0ms, total 2ms
12-12 20:15:51.304   675   956 D PackageManager: return delete result to caller: 1144964560
12-12 20:15:51.304   675   956 D PackageManager: returnCode: true
12-12 20:15:51.314 12358 12462 D Documents: Update found 6 roots in 16ms
12-12 20:15:51.854  1949  1949 W Settings: Setting airplane_mode_on has moved from android.provider.Settings.System to android.provider.Settings.Global, returning read-only value.
12-12 20:15:52.164 12014 12740 D Aatp    : /keyguard
12-12 20:15:52.184 12014 12740 D Aatp    : sha1: 43bc8ac7b06a99df6005946e6ecebe897dd191dd
12-12 20:15:52.194   675   675 W ContextImpl: Calling a method in the system process without a qualified user: android.app.ContextImpl.sendBroadcast:1505 com.android.server.StatusBarManagerService.sendNotification:985 com.android.server.StatusBarManagerService.addNotification:674 com.android.server.NotificationManagerService$7.run:2142 android.os.Handler.handleCallback:733 
12-12 20:15:52.204 12014 12014 D AatpDeviceManager: taskStatus update (43bc8ac7b06a99df6005946e6ecebe897dd191dd: {"state":1})
12-12 20:15:52.204   675   675 D STATUSBAR-StatusBarManagerService: sendNotification(1) - 1096041555
12-12 20:15:52.214  1063  1063 D ProgressBar: setProgressDrawable drawableHeight = 0
12-12 20:15:52.214  1063  1063 D skia    : GFXPNG PNG bitmap created width:36 height:30 bitmap id is 394 
12-12 20:15:52.214  1063  1063 D skia    : GFXPNG PNG bitmap created width:36 height:30 bitmap id is 395 
12-12 20:15:52.214  1063  1063 D skia    : GFXPNG PNG bitmap created width:36 height:30 bitmap id is 396 
12-12 20:15:52.224 12014 12740 D Aatp    : /task/43bc8ac7b06a99df6005946e6ecebe897dd191dd
12-12 20:15:52.224  1063  1063 D PhoneStatusBar: tick(): knoxCustomManager = android.app.enterprise.knoxcustom.KnoxCustomManager@431e2e68
12-12 20:15:52.234 12014 12741 D AatpDeviceManager: Keyguard enabled: false
12-12 20:15:52.234 12014 12014 D AatpDeviceManager: taskStatus update (43bc8ac7b06a99df6005946e6ecebe897dd191dd: {"result":{"enabled":false},"state":2})
12-12 20:15:52.234  1063  1063 D STATUSBAR-IconMerger: checkOverflow(504), More:false, Req:false Child:4
12-12 20:15:52.244   675   675 D NotificationService: cancelNotificationLocked
12-12 20:15:52.244   675   675 D NotificationService:  hasClearableItems
12-12 20:15:52.244   675   675 D NotificationService: Num of hasClearableItems : 1
12-12 20:15:52.244   675   675 W ContextImpl: Calling a method in the system process without a qualified user: android.app.ContextImpl.sendBroadcast:1505 com.android.server.StatusBarManagerService.sendNotification:985 com.android.server.StatusBarManagerService.removeNotification:710 com.android.server.NotificationManagerService.cancelNotificationLocked:2454 com.android.server.NotificationManagerService.access$5100:160 
12-12 20:15:52.244   675   675 D STATUSBAR-StatusBarManagerService: sendNotification(3) - 1096041555
12-12 20:15:52.244  1063  1063 D STATUSBAR-IconMerger: checkOverflow(504), More:false, Req:false Child:3
12-12 20:15:52.254   675   675 D LightsService: [api] [SvcLED] turnOff:: id = 4 (uid: 1000 pid: 675) 
12-12 20:15:52.254   675   675 D LightsService: [SvcLED] setSvcLedStateLocked:: SvcLEDState : 0x0 -> 0x0 | SvcLED(id=4) set Off
12-12 20:15:52.254   675   971 D LightsService: [SvcLED] Lux failed to be updated in 700ms. -> handleForcedSvcLEDTasK
12-12 20:15:52.264   675   971 D LightsService: [SvcLED]  setSvcLedLightLocked :: Current SvcLED(id=3) maintains its priority right
12-12 20:15:52.374 12014 12746 D Aatp    : /task/43bc8ac7b06a99df6005946e6ecebe897dd191dd/status
12-12 20:15:52.464 12014 12747 D Aatp    : /wifi
12-12 20:15:52.484 12014 12747 D Aatp    : sha1: bd716ebb2aa6d886736eebbbea0214534dae2e8f
12-12 20:15:52.484 12014 12747 D AatpDeviceManager: k: enabled v: True
12-12 20:15:52.484 12014 12747 D AatpDeviceManager: k: NanoHttpd.QUERY_STRING v: enabled=True
12-12 20:15:52.494 12014 12014 D AatpDeviceManager: taskStatus update (bd716ebb2aa6d886736eebbbea0214534dae2e8f: {"state":1})
12-12 20:15:52.494   675   675 W ContextImpl: Calling a method in the system process without a qualified user: android.app.ContextImpl.sendBroadcast:1505 com.android.server.StatusBarManagerService.sendNotification:985 com.android.server.StatusBarManagerService.addNotification:674 com.android.server.NotificationManagerService$7.run:2142 android.os.Handler.handleCallback:733 
12-12 20:15:52.494   675   675 D STATUSBAR-StatusBarManagerService: sendNotification(1) - 1096041556
12-12 20:15:52.504 12014 12747 D Aatp    : /task/bd716ebb2aa6d886736eebbbea0214534dae2e8f
12-12 20:15:52.504  1063  1063 D ProgressBar: setProgressDrawable drawableHeight = 0
12-12 20:15:52.514 12014 12748 D AWSDeviceFarmAndroidLib: setWifiEnabled: setting wifi to: true
12-12 20:15:52.514 12014 12748 I WifiManager: setWifiEnabled : true
12-12 20:15:52.514   675  1823 I WifiService: setWifiEnabled: true pid=12014, uid=14708
12-12 20:15:52.514   675  1823 W WifiService: Failed getting userId using ActivityManagerNative
12-12 20:15:52.514   675  1823 W WifiService: java.lang.SecurityException: Permission Denial: getCurrentUser() from pid=12014, uid=14708 requires android.permission.INTERACT_ACROSS_USERS
12-12 20:15:52.514   675  1823 W WifiService: 	at com.android.server.am.ActivityManagerService.getCurrentUser(ActivityManagerService.java:20057)
12-12 20:15:52.514   675  1823 W WifiService: 	at com.android.server.wifi.WifiService.setWifiEnabled(WifiService.java:2082)
12-12 20:15:52.514   675  1823 W WifiService: 	at com.android.server.wifi.WifiService.setWifiEnabled(WifiService.java:2070)
12-12 20:15:52.514   675  1823 W WifiService: 	at android.net.wifi.IWifiManager$Stub.onTransact(IWifiManager.java:178)
12-12 20:15:52.514   675  1823 W WifiService: 	at android.os.Binder.execTransact(Binder.java:404)
12-12 20:15:52.514   675  1823 W WifiService: 	at dalvik.system.NativeStart.run(Native Method)
12-12 20:15:52.514   675  1823 E Tethering: No numeric data
12-12 20:15:52.514   675  1823 W ActivityManager: Permission Denial: getCurrentUser() from pid=12014, uid=14708 requires android.permission.INTERACT_ACROSS_USERS
12-12 20:15:52.514  1063  1063 D PhoneStatusBar: tick(): knoxCustomManager = android.app.enterprise.knoxcustom.KnoxCustomManager@431e2e68
12-12 20:15:52.514   675  1823 I ConnectivityService: defaultVal : 1, tetherEnabledInSettings : true
12-12 20:15:52.524   675  1009 D WifiNative: callSECApiBoolean - ID [11]
12-12 20:15:52.524  1027  1027 I wpa_supplicant: STOP_PERIODIC_SCAN command
12-12 20:15:52.524   675  1009 D WifiNative: callSECApiString - ID [21]
12-12 20:15:52.524  1027  1027 I wpa_supplicant: HOTSPOT20_ENABLE called
12-12 20:15:52.524  1027  1027 I wpa_supplicant: wlan0: HS20_DISABLED_COMPLETE normal
12-12 20:15:52.524   675  1008 D WifiP2pService: P2pDisabledState{ what=131203 }
12-12 20:15:52.524  1063  1063 D STATUSBAR-IconMerger: checkOverflow(504), More:false, Req:false Child:4
12-12 20:15:52.534   250   933 D CommandListener: Setting iface cfg
12-12 20:15:52.534   250   933 D CommandListener: Trying to bring up p2p0
12-12 20:15:52.534   675  1008 D WifiMonitor: startMonitoring(p2p0) with mConnected = true
12-12 20:15:52.534   675   675 E WifiStateMachine: BroadcastReceiver : WIFI_P2P_STATE_CHANGED_ACTION is : android.net.wifi.p2p.STATE_CHANGED
12-12 20:15:52.534  3766  3766 D QuickConnect: SconnectManager.INetworkStateListener, onEnabled - mNetworkState : 4
12-12 20:15:52.534   675  1008 D WifiP2pService: P2pEnablingState
12-12 20:15:52.534   675  1008 D WifiP2pService: P2pEnablingState{ what=147457 }
12-12 20:15:52.534   675  1008 D WifiP2pService: P2p socket connection successful
12-12 20:15:52.534   675  1008 D WifiP2pService: P2pEnabledState
12-12 20:15:52.534   675   934 D WifiDisplayController: Received WIFI_P2P_STATE_CHANGED_ACTION: enabled=true
12-12 20:15:52.534   675  1008 D WifiP2pService: sending p2p connection changed broadcast: IDLE
12-12 20:15:52.534   675   934 D WifiDisplayController: updateScanState() mScanRequested = false, mWfdEnabled = false, mDiscoverPeersInProgress = false
12-12 20:15:52.534   675   934 D WifiDisplayController: disconnect
12-12 20:15:52.534   675   934 D WifiDisplayController: updateConnection
12-12 20:15:52.534   675   934 D WifiDisplayController: updateScanState() mScanRequested = false, mWfdEnabled = false, mDiscoverPeersInProgress = false
12-12 20:15:52.534   675   934 D WifiDisplayAdapter: getWifiDisplayStatusLocked: result=WifiDisplayStatus{featureState=2, scanState=0, activeDisplayState=0, activeDisplay=null, displays=[], sessionInfo=WifiDisplaySessionInfo: Client/Owner: Client GroupId:  Passphrase:  SessionId: 0 IP Address: , connectedState=-1, networkQoS=0}
12-12 20:15:52.544  3766  3766 D QuickConnect: P2pHelper.onReceive - ACTION_WIFI_DISPLAY_STATUS_CHANGED :0
12-12 20:15:52.544  3766  3766 D QuickConnect: P2pHelper.onReceive - P2P_CONNECTION_CHANGED : 
12-12 20:15:52.544  3766  3766 D QuickConnect: SconnectManager.INetworkStateListener, onDisconnected - networkType : 4
12-12 20:15:52.544   675  1273 D WifiDisplayAdapter: getWifiDisplayStatusLocked: result=WifiDisplayStatus{featureState=2, scanState=0, activeDisplayState=0, activeDisplay=null, displays=[], sessionInfo=WifiDisplaySessionInfo: Client/Owner: Client GroupId:  Passphrase:  SessionId: 0 IP Address: , connectedState=-1, networkQoS=0}
12-12 20:15:52.544   675   675 W WifiP2pStateTracker: WifiP2pStateReceiver : android.net.wifi.p2p.CONNECTION_STATE_CHANGE
12-12 20:15:52.544   675   934 D WifiDisplayController: Received WIFI_P2P_CONNECTION_CHANGED_ACTION: networkInfo=NetworkInfo: type: WIFI_P2P[], state: UNKNOWN/IDLE, reason: (unspecified), extra: (none), roaming: false, failover: false, isAvailable: true, isConnectedToProvisioningNetwork: false
12-12 20:15:52.574  1027  1027 I wpa_supplicant: wlan0: Setting scan request: 0 sec 0 usec
12-12 20:15:52.574  1027  1027 I wpa_supplicant: wlan0: No enabled networks - do not scan
12-12 20:15:52.574  1027  1027 I wpa_supplicant: CTRL-EVENT-STATE-CHANGE id=-1 state=2 BSSID=00.00.00 SSID=
12-12 20:15:52.574   675  1009 D WifiStateMachine: skipWifiStateBroadcast:false, LastBroadcastedWifiState:1
12-12 20:15:52.574   675  1009 D WifiNative: callSECApiInt - ID [53]
12-12 20:15:52.574   675 12755 D EnterpriseDeviceManager: ContainerId: 0
12-12 20:15:52.574   675   675 D SmartBondingService: SmartBondingReceiver: onReceive action=android.net.wifi.WIFI_STATE_CHANGED
12-12 20:15:52.574   675  1014 D SmartBondingService: getNetworkEnabled : wifi : true mobile : true
12-12 20:15:52.574  1063  1063 D STATUSBAR-NetworkController: onReceive() - RSSI_CHANGED_ACTION, WIFI_STATE, NETWORK_STATE
12-12 20:15:52.574  1063  1063 D STATUSBAR-NetworkController: NoService, mRoamingIconId = 0
12-12 20:15:52.574  1063  1063 D STATUSBAR-NetworkController: refreshSignalCluster - setNWBoosterIndicators(false)
12-12 20:15:52.574  1063  1063 D STATUSBAR-NetworkController: refreshSignalCluster: data=-1 bt=false
12-12 20:15:52.584  1321  1321 I WfcConnectivityReceiver: onReceive(): WifiManager.WIFI_STATE_CHANGED_ACTION
12-12 20:15:52.584  1321  1321 D WfcConnectivityReceiver: processWifiChanged(): state=3
12-12 20:15:52.584  1063  1063 D skia    : GFXPNG PNG bitmap created width:168 height:168 bitmap id is 397 
12-12 20:15:52.584   675  1009 D WifiStateMachine: skipWifiStateBroadcast:false, LastBroadcastedWifiState:3
12-12 20:15:52.584   675  1009 E WifiStateMachine: HS20_DISABLED_COMPLETEnormal
12-12 20:15:52.584  1321  1321 D WfcConnectivityReceiver: parseWifiConnectivity(): connected=false
12-12 20:15:52.594  1321  1321 D WfcService: updateWifiState(): wifiState=DISCONNECTED
12-12 20:15:52.594  1321  1321 D WfcController: processWifiState(): Change in WifiState: new state=DISCONNECTED
12-12 20:15:52.594  1321  1321 D WfcController: isRadioConnected(): radio is not connected
12-12 20:15:52.594  1321  1321 D WfcController: checkAndUpdateLowSignal(): !isRadioConnected()=true, (mWfcControlState.mWifiState == WifiStates.DISCONNECTED)=true, mWifiManager.isWifiEnabled()=true
12-12 20:15:52.594  1321  1321 D WfcController: isRadioConnected(): radio is not connected
12-12 20:15:52.594  1321  1321 D WfcController: checkAndUpdateLowSignal(): Broadcast LOW SIGNAL!!!
12-12 20:15:52.594  1321  1321 D WfcController: checkAndUpdateLowSignal(): Broadcast updating provider
12-12 20:15:52.594  1321  1321 D WfcController: setLowSignal(): updating provider lowSignal=true
12-12 20:15:52.604  1321  1321 D WfcController: processWifiState(): Wifi is DISCONNECTED: wifiState=DISCONNECTED
12-12 20:15:52.604  1321  1321 D WfcController: handleWifiDisconnectedState()
12-12 20:15:52.604  1321  1321 D WfcController: unregisterOnlyIfRegistered(): isError=false, registrationStateSummaryResId=2131099672
12-12 20:15:52.604  1321  1321 D WfcController: unregisterOnlyIfRegistered(): Resetting mAtomicReg.
12-12 20:15:52.604  1321  1321 D WfcRegistrationStateListener: isManualRegisterPending(): mManualRegisterPending.get()=false
12-12 20:15:52.604  1321  1321 D WfcController: Resetting Blocked registration and registeration events
12-12 20:15:52.604  1321  1321 D WfcRegistrationStateListener: stopRegistration(): notify=false
12-12 20:15:52.614   675  1008 D WifiP2pService: DeviceAddress: 92:60:5a
12-12 20:15:52.614  1321  1321 D WfcNotificationHelper: updateNotification(): cancelling notification  isSwitchedOn=false isRegistered=false isError=false
12-12 20:15:52.614  1321  1321 D WfcActivityStateReceiver: LowSignalContentObserver/onChange(): selfChange=false, uri=content://com.samsung.tmowfc.wfcprovider/low_signal
12-12 20:15:52.614  1321  1321 I WfcActivityStateReceiver: LowSignalContentObserver/onChange(): low signal is true, display notification
12-12 20:15:52.614  1321  1321 D WfcActivityNotification: updateNotification(): packageName=null
12-12 20:15:52.614  1321  1321 D WfcActivityNotification: createActivityIntent(): resid=2131099678
12-12 20:15:52.614   675   934 D WifiDisplayController: Received WIFI_P2P_THIS_DEVICE_CHANGED_ACTION: mThisDevice= Device: Galaxy S5
12-12 20:15:52.614   675   934 D WifiDisplayController:  deviceAddress: 92:b6:86:31:60:5a
12-12 20:15:52.614   675   934 D WifiDisplayController:  primary type: 10-0050F204-5
12-12 20:15:52.614   675   934 D WifiDisplayController:  secondary type: null
12-12 20:15:52.614   675   934 D WifiDisplayController:  wps: 0
12-12 20:15:52.614   675   934 D WifiDisplayController:  grpcapab: 0
12-12 20:15:52.614   675   934 D WifiDisplayController:  devcapab: 0
12-12 20:15:52.614   675   934 D WifiDisplayController:  status: 3
12-12 20:15:52.614   675   934 D WifiDisplayController:  wfdInfo: null
12-12 20:15:52.614   675   934 D WifiDisplayController:  groupownerAddress: null
12-12 20:15:52.614   675   934 D WifiDisplayController:  GOdeviceName: null
12-12 20:15:52.614   675   934 D WifiDisplayController:  interfaceAddress: 
12-12 20:15:52.614   675   934 D WifiDisplayController:  SConnectInfo : null
12-12 20:15:52.624   675  1008 D WifiP2pService: sending p2p persistent groups changed broadcast
12-12 20:15:52.624   675  1008 D WifiP2pService: InactiveState
12-12 20:15:52.624   675  1008 D WifiP2pService: InactiveState{ what=139287 }
12-12 20:15:52.624   675  1008 D WifiP2pService: P2pEnabledState{ what=139287 }
12-12 20:15:52.624  3766  3766 D QuickConnect: P2pHelper.requestGroupInfo  - onGroupInfoAvailable- null
12-12 20:15:52.624   675  1008 D WifiP2pService: DefaultState{ what=139287 }
12-12 20:15:52.624   675   675 W ContextImpl: Calling a method in the system process without a qualified user: android.app.ContextImpl.sendBroadcast:1505 com.android.server.StatusBarManagerService.sendNotification:985 com.android.server.StatusBarManagerService.addNotification:674 com.android.server.NotificationManagerService$7.run:2142 android.os.Handler.handleCallback:733 
12-12 20:15:52.624   675   675 D STATUSBAR-StatusBarManagerService: sendNotification(1) - 101
12-12 20:15:52.634 12014 12754 D Aatp    : /task/bd716ebb2aa6d886736eebbbea0214534dae2e8f/status
12-12 20:15:52.634  1063  1063 D skia    : GFXPNG PNG bitmap created width:75 height:72 bitmap id is 398 
12-12 20:15:52.634  1063  1063 W ResourceType: Attempt to retrieve bag 0x01030068 which is invalid or in a cycle.
12-12 20:15:52.634  1063  1063 W ResourceType: Attempt to retrieve bag 0x01030067 which is invalid or in a cycle.
12-12 20:15:52.644  1063  1063 D skia    : GFXPNG PNG bitmap created width:18 height:18 bitmap id is 399 
12-12 20:15:52.644  1063  1063 D skia    : GFXPNG PNG bitmap created width:18 height:18 bitmap id is 400 
12-12 20:15:52.644  1063  1063 D skia    : GFXPNG PNG bitmap created width:18 height:18 bitmap id is 401 
12-12 20:15:52.644  1063  1063 D ProgressBar: setProgressDrawable drawableHeight = 18
12-12 20:15:52.644  1063  1063 D skia    : GFXPNG PNG bitmap created width:27 height:15 bitmap id is 402 
12-12 20:15:52.644  1063  1063 D skia    : GFXPNG PNG bitmap created width:27 height:15 bitmap id is 403 
12-12 20:15:52.644  1063  1063 D skia    : GFXPNG PNG bitmap created width:27 height:15 bitmap id is 404 
12-12 20:15:52.644  1063  1063 D skia    : GFXPNG PNG bitmap created width:27 height:15 bitmap id is 405 
12-12 20:15:52.644  1063  1063 D PhoneStatusBar: tick(): knoxCustomManager = android.app.enterprise.knoxcustom.KnoxCustomManager@431e2e68
12-12 20:15:52.654  1063  1063 D STATUSBAR-IconMerger: checkOverflow(504), More:false, Req:false Child:5
12-12 20:15:53.144 12618 12618 I MultiDex: Renaming to /data/data/com.google.android.gms/code_cache/secondary-dexes/com.google.android.gms-3519.apk.classes4.zip
12-12 20:15:53.144 12618 12618 I MultiDex: Extraction succeeded - length /data/data/com.google.android.gms/code_cache/secondary-dexes/com.google.android.gms-3519.apk.classes4.zip: 4069327 - crc: 1051053498
12-12 20:15:53.144 12618 12618 I MultiDex: Extraction is needed for file /data/data/com.google.android.gms/code_cache/secondary-dexes/com.google.android.gms-3519.apk.classes5.zip
12-12 20:15:53.144 12618 12618 I MultiDex: Extracting /data/data/com.google.android.gms/code_cache/secondary-dexes/tmp-com.google.android.gms-3519.apk.classes1871515525.zip
12-12 20:15:53.524 12014 12748 D AWSDeviceFarmAndroidLib: setWifiEnabled: wifi is: true
12-12 20:15:53.554 12014 12748 D AWSDeviceFarmAndroidLib: Getting AWS Device Farm Network SSID: 9902431635
12-12 20:15:53.624 12014 12748 I AWSDeviceFarmAndroidLib: Attempting Wi-Fi connection: attempt 1 out of 2.
12-12 20:15:53.624 12014 12748 D AWSDeviceFarmAndroidLib: connectToNetwork: ssid: 9902431635
12-12 20:15:53.634 12014 12748 D AWSDeviceFarmAndroidLib: getWifiConfigBySsid: ssid: 9902431635
12-12 20:15:53.634 12014 12748 D AWSDeviceFarmAndroidLib: networks: 1
12-12 20:15:53.634 12014 12748 D AWSDeviceFarmAndroidLib: getWifiConfigBySsid: checking: "9902431635" against "9902431635"
12-12 20:15:53.634 12014 12748 D AWSDeviceFarmAndroidLib: Network profile found!
12-12 20:15:53.634   675  5909 I WifiService: disconnect: pid=12014, uid=14708
12-12 20:15:53.634  1027  1027 I wpa_supplicant: [wpa_supplicant_ctrl_iface_process] : DISCONNECT
12-12 20:15:53.634  1027  1027 I wpa_supplicant: CTRL-EVENT-STATE-CHANGE id=-1 state=0 BSSID=00.00.00 SSID=
12-12 20:15:53.644  1027  1027 I wpa_supplicant: wlan0: Setting scan request: 0 sec 0 usec
12-12 20:15:53.644  1027  1027 I wpa_supplicant: CTRL-EVENT-STATE-CHANGE id=0 state=3 BSSID=00.00.00 SSID=39393032343331363335
12-12 20:15:53.644  1027  1027 I wpa_supplicant: First Scan Start
12-12 20:15:53.664 12014 12759 D Aatp    : /task/bd716ebb2aa6d886736eebbbea0214534dae2e8f/status
12-12 20:15:53.674  1027  1027 I wpa_supplicant: Scan requested (ret=0) - scan timeout 30 seconds
12-12 20:15:53.764 12618 12618 I MultiDex: Renaming to /data/data/com.google.android.gms/code_cache/secondary-dexes/com.google.android.gms-3519.apk.classes5.zip
12-12 20:15:53.764 12618 12618 I MultiDex: Extraction succeeded - length /data/data/com.google.android.gms/code_cache/secondary-dexes/com.google.android.gms-3519.apk.classes5.zip: 1098861 - crc: 3366797683
12-12 20:15:53.774 12618 12618 I MultiDex: load found 4 secondary dex files
12-12 20:15:53.904 12618 12618 D dalvikvm: DexOpt: --- BEGIN 'com.google.android.gms-3519.apk.classes2.zip' (bootstrap=0) ---
12-12 20:15:53.914   253   253 E SMD     : DCD ON
12-12 20:15:54.484 12761 12761 D dalvikvm: GC_FOR_ALLOC freed 628K, 31% free 1418K/2048K, paused 6ms, total 6ms
12-12 20:15:54.544 12761 12761 D dalvikvm: DexOpt: couldn't find static field Landroid/view/View;.TRANSLATION_Z
12-12 20:15:54.594  1027  1027 I wpa_supplicant: nl80211: Received scan results (7 BSSes)
12-12 20:15:54.594  1027  1027 I wpa_supplicant: wlan0: Setting scan request: 8 sec 0 usec
12-12 20:15:54.594  1027  1027 I wpa_supplicant: Trying to associate with 74.48.C6 (SSID='39393032343331363335' freq=2462 MHz)
12-12 20:15:54.594  1027  1027 I wpa_supplicant: CTRL-EVENT-STATE-CHANGE id=0 state=5 BSSID=00.00.00 SSID=39393032343331363335
12-12 20:15:54.644  1335  1349 D CommonIMSInterface: IMSEventListenerForNetwork: Interface Changed is ::  wlan0 link up
12-12 20:15:54.644   675   943 D Tethering: interfaceLinkStateChanged wlan0, true
12-12 20:15:54.644   675   943 D Tethering: interfaceStatusChanged wlan0, true
12-12 20:15:54.654   675  1009 E WifiStateMachine: Error! unhandled message{ when=-1ms what=135188 target=com.android.internal.util.StateMachine$SmHandler }
12-12 20:15:54.704 12014 12764 D Aatp    : /task/bd716ebb2aa6d886736eebbbea0214534dae2e8f/status
12-12 20:15:54.714  1027  1027 I wpa_supplicant: CTRL-EVENT-STATE-CHANGE id=0 state=6 BSSID=00.00.00 SSID=39393032343331363335
12-12 20:15:54.714  1027  1027 I wpa_supplicant: Associated with 74.48.C6
12-12 20:15:54.714  1027  1027 I wpa_supplicant: CTRL-EVENT-STATE-CHANGE id=0 state=7 BSSID=74.48.C6 SSID=39393032343331363335
12-12 20:15:54.724  1335  1347 D CommonIMSInterface: IMSEventListenerForNetwork: Interface Changed is ::  wlan0 link up
12-12 20:15:54.724   675   943 D Tethering: interfaceLinkStateChanged wlan0, true
12-12 20:15:54.724   675   943 D Tethering: interfaceStatusChanged wlan0, true
12-12 20:15:54.724  1335  1442 D CommonIMSInterface: IMSEventListenerForNetwork: Interface Changed is ::  wlan0 link up
12-12 20:15:54.724   675   943 D Tethering: interfaceLinkStateChanged wlan0, true
12-12 20:15:54.724   675   943 D Tethering: interfaceStatusChanged wlan0, true
12-12 20:15:54.724  1335  1349 D CommonIMSInterface: IMSEventListenerForNetwork: Interface Changed is ::  wlan0 link up
12-12 20:15:54.724   675   943 D Tethering: interfaceLinkStateChanged wlan0, true
12-12 20:15:54.724   675   943 D Tethering: interfaceStatusChanged wlan0, true
12-12 20:15:54.724  1027  1027 I wpa_supplicant: CTRL-EVENT-STATE-CHANGE id=0 state=8 BSSID=74.48.C6 SSID=39393032343331363335
12-12 20:15:54.734  1027  1027 I wpa_supplicant: WPA: Key negotiation completed with 74.48.C6 [PTK=CCMP GTK=TKIP]
12-12 20:15:54.734  1027  1027 I wpa_supplicant: CTRL-EVENT-CONNECTED - Connection to 74.48.C6 completed (auth) [id=0 id_str=]
12-12 20:15:54.734  1027  1027 I wpa_supplicant: CTRL-EVENT-STATE-CHANGE id=0 state=9 BSSID=74.48.C6 SSID=39393032343331363335
12-12 20:15:54.734  1335  1347 D CommonIMSInterface: IMSEventListenerForNetwork: Interface Changed is ::  wlan0 link up
12-12 20:15:54.734   675   943 D Tethering: interfaceLinkStateChanged wlan0, true
12-12 20:15:54.734   675   943 D Tethering: interfaceStatusChanged wlan0, true
12-12 20:15:54.734   675  1009 D WifiNative: callSECApiVoid - ID [50]
12-12 20:15:54.744  1063  1063 D STATUSBAR-NetworkController: onReceive() - RSSI_CHANGED_ACTION, WIFI_STATE, NETWORK_STATE
12-12 20:15:54.744  1063  1063 D STATUSBAR-NetworkController: NoService, mRoamingIconId = 0
12-12 20:15:54.754  1321  1321 I WfcConnectivityReceiver: onReceive(): action=WifiManager.NETWORK_STATE_CHANGED_ACTION
12-12 20:15:54.754  1321  1321 D WfcConnectivityReceiver: notifyNetworkStateChange(): networkInfo=NetworkInfo: type: WIFI[], state: CONNECTING/OBTAINING_IPADDR, reason: (unspecified), extra: "9902431635", roaming: false, failover: false, isAvailable: true, isConnectedToProvisioningNetwork: false, isConnected=false
12-12 20:15:54.764  1063  1063 D STATUSBAR-NetworkController: onReceive() - RSSI_CHANGED_ACTION, WIFI_STATE, NETWORK_STATE
12-12 20:15:54.764  1321  1321 D WfcConnectivityReceiver: processConnectivity(): connected=false, type=1
12-12 20:15:54.764  1321  1321 D WfcConnectivityReceiver: parseWifiConnectivity(): connected=false
12-12 20:15:54.764  1321  1321 D WfcConnectivityReceiver: parseWifiConnectivity(): do not update wifi-state to controller. Same as before DISCONNECTED
12-12 20:15:54.764  1321  1321 I WfcConnectivityReceiver: onReceive(): action=WifiManager.RSSI_CHANGED_ACTION
12-12 20:15:54.764  1321  1321 I WfcConnectivityReceiver: notifyRssiChange(): rssi=-63
12-12 20:15:54.764  1321  1321 I WfcConnectivityReceiver: notifyRssiChange(): networkInfo=NetworkInfo: type: WIFI[], state: CONNECTING/OBTAINING_IPADDR, reason: (unspecified), extra: "9902431635", roaming: false, failover: false, isAvailable: true, isConnectedToProvisioningNetwork: false
12-12 20:15:54.764  1321  1321 D WfcConnectivityReceiver: parseWifiConnectivity(): connected=false
12-12 20:15:54.764  1321  1321 D WfcConnectivityReceiver: parseWifiConnectivity(): do not update wifi-state to controller. Same as before DISCONNECTED
12-12 20:15:54.764  1321  1321 I WfcConnectivityReceiver: onReceive(): action=WifiManager.RSSI_CHANGED_ACTION
12-12 20:15:54.764  1321  1321 I WfcConnectivityReceiver: notifyRssiChange(): rssi=-63
12-12 20:15:54.764  1063  1063 D STATUSBAR-NetworkController: NoService, mRoamingIconId = 0
12-12 20:15:54.774  1063  1063 D STATUSBAR-NetworkController: onReceive() - RSSI_CHANGED_ACTION, WIFI_STATE, NETWORK_STATE
12-12 20:15:54.784  1063  1063 D STATUSBAR-NetworkController: NoService, mRoamingIconId = 0
12-12 20:15:54.854   675  1008 D WifiP2pService: InactiveState{ what=143375 }
12-12 20:15:54.854   675   960 I ServiceKeeper: In getappinfo pid = 675 pkgName = android appinfo = null
12-12 20:15:54.854   675   960 I ServiceKeeper: In getseinfo pid = 675 uid = 1000 seinfo= system
12-12 20:15:54.854   675  1008 D WifiP2pService: P2pEnabledState{ what=143375 }
12-12 20:15:55.154 12780 12780 I dhcpcd  : if(wlan0) info get Success. (MAC : 74.48.C6)
12-12 20:15:55.154 12780 12780 I dhcpcd  : bssid match
12-12 20:15:55.434 12761 12761 D dalvikvm: DexOpt: load 385ms, verify+opt 914ms, 6582532 bytes
12-12 20:15:55.694 12618 12618 D dalvikvm: DexOpt: --- END 'com.google.android.gms-3519.apk.classes2.zip' (success) ---
12-12 20:15:55.694 12618 12618 D dalvikvm: DEX prep '/data/data/com.google.android.gms/code_cache/secondary-dexes/com.google.android.gms-3519.apk.classes2.zip': unzip in 124ms, rewrite 1793ms
12-12 20:15:55.734 12014 12796 D Aatp    : /task/bd716ebb2aa6d886736eebbbea0214534dae2e8f/status
12-12 20:15:55.844 12618 12618 D dalvikvm: DexOpt: --- BEGIN 'com.google.android.gms-3519.apk.classes3.zip' (bootstrap=0) ---
12-12 20:15:56.424 12797 12797 D dalvikvm: GC_FOR_ALLOC freed 963K, 48% free 1084K/2048K, paused 7ms, total 7ms
12-12 20:15:56.574 12797 12797 D dalvikvm: DexOpt: couldn't find field Landroid/os/Message;.sendingUid
12-12 20:15:56.574 12797 12797 D dalvikvm: DexOpt: couldn't find field Landroid/os/Message;.sendingUid
12-12 20:15:56.754 12797 12797 D dalvikvm: DexOpt: couldn't find static field Landroid/os/Build$VERSION;.SECURITY_PATCH
12-12 20:15:56.814 12014 12798 D Aatp    : /task/bd716ebb2aa6d886736eebbbea0214534dae2e8f/status
12-12 20:15:56.914   253   253 E SMD     : DCD ON
12-12 20:15:56.984 12797 12797 D dalvikvm: GC_FOR_ALLOC freed 531K, 26% free 1622K/2168K, paused 8ms, total 8ms
12-12 20:15:57.004 12797 12797 D dalvikvm: DexOpt: load 382ms, verify+opt 521ms, 6083420 bytes
12-12 20:15:57.254 12618 12618 D dalvikvm: DexOpt: --- END 'com.google.android.gms-3519.apk.classes3.zip' (success) ---
12-12 20:15:57.254 12618 12618 D dalvikvm: DEX prep '/data/data/com.google.android.gms/code_cache/secondary-dexes/com.google.android.gms-3519.apk.classes3.zip': unzip in 138ms, rewrite 1418ms
12-12 20:15:57.444 12618 12618 D dalvikvm: DexOpt: --- BEGIN 'com.google.android.gms-3519.apk.classes4.zip' (bootstrap=0) ---
12-12 20:15:57.784  1063  1063 D STATUSBAR-NetworkController: onReceive() - RSSI_CHANGED_ACTION, WIFI_STATE, NETWORK_STATE
12-12 20:15:57.784  1063  1063 D STATUSBAR-NetworkController: NoService, mRoamingIconId = 0
12-12 20:15:57.794  1321  1321 I WfcConnectivityReceiver: onReceive(): action=WifiManager.RSSI_CHANGED_ACTION
12-12 20:15:57.794  1321  1321 I WfcConnectivityReceiver: notifyRssiChange(): rssi=-63
12-12 20:15:57.854 12014 12800 D Aatp    : /task/bd716ebb2aa6d886736eebbbea0214534dae2e8f/status
12-12 20:15:58.054 12799 12799 D dalvikvm: GC_FOR_ALLOC freed 792K, 39% free 1254K/2048K, paused 6ms, total 6ms
12-12 20:15:58.804 12799 12799 D dalvikvm: DexOpt: load 377ms, verify+opt 718ms, 6828172 bytes
12-12 20:15:58.894 12014 12801 D Aatp    : /task/bd716ebb2aa6d886736eebbbea0214534dae2e8f/status
