12-12 20:15:40.074  4056  4056 D daemonapp: [MSC_Daemon]>>> AWDCDS:27 [0:0] AWD CD Act : androidintentactionPACKAGE_DATA_CLEARED
12-12 20:15:40.094  8050 12397 I LocationSettingsChecker: Removing dialog suppression flag for package com.android.systemui
12-12 20:15:40.094  8050 12390 D Wear_Controller: Received broadcast action=android.intent.action.PACKAGE_DATA_CLEARED and uri=com.android.systemui
12-12 20:15:40.104   675   960 I ServiceKeeper: In getappinfo pid = 675 pkgName = android appinfo = null
12-12 20:15:40.104  1063  1063 D skia    : GFXPNG PNG bitmap created width:1920 height:1920 bitmap id is 393 
12-12 20:15:40.104   675   960 I ServiceKeeper: In getseinfo pid = 675 uid = 1000 seinfo= system
12-12 20:15:40.114   675   960 I ServiceKeeper: In getappinfo pid = 675 pkgName = android appinfo = null
12-12 20:15:40.114   675   960 I ServiceKeeper: In getseinfo pid = 675 uid = 1000 seinfo= system
12-12 20:15:40.114   675   960 I ServiceKeeper: In getappinfo pid = 675 pkgName = android appinfo = null
12-12 20:15:40.114   675   960 I ServiceKeeper: In getseinfo pid = 675 uid = 1000 seinfo= system
12-12 20:15:40.114  8050  8132 I Icing   : doRemovePackageData com.android.systemui
12-12 20:15:40.114   675   960 I ServiceKeeper: In getappinfo pid = 675 pkgName = android appinfo = null
12-12 20:15:40.114   675   960 I ServiceKeeper: In getseinfo pid = 675 uid = 1000 seinfo= system
12-12 20:15:40.114   675   960 I ServiceKeeper: In getappinfo pid = 675 pkgName = android appinfo = null
12-12 20:15:40.114   675   960 I ServiceKeeper: In getseinfo pid = 675 uid = 1000 seinfo= system
12-12 20:15:40.134   675  2599 D SSRMv2:SIOP: SIOP:: AP = 280, PST = 273, Delta = 0
12-12 20:15:40.134   675  2599 D AmoledAdjustTimer: prevTemp = 225, currTemp = 225, prevStep = 4, currStep = 4
12-12 20:15:40.164  1063  1063 D STATUSBAR-IconMerger: checkOverflow(504), More:false, Req:false Child:4
12-12 20:15:40.184   675   960 I ServiceKeeper: In getappinfo pid = 675 pkgName = android appinfo = null
12-12 20:15:40.184   675   960 I ServiceKeeper: In getseinfo pid = 675 uid = 1000 seinfo= system
12-12 20:15:40.184   675   960 I ServiceKeeper: In getappinfo pid = 675 pkgName = android appinfo = null
12-12 20:15:40.184   675   960 I ServiceKeeper: In getseinfo pid = 675 uid = 1000 seinfo= system
12-12 20:15:40.184   675   960 I ServiceKeeper: In getappinfo pid = 675 pkgName = android appinfo = null
12-12 20:15:40.184   675   960 I ServiceKeeper: In getseinfo pid = 675 uid = 1000 seinfo= system
12-12 20:15:40.184   675   960 I ServiceKeeper: In getappinfo pid = 675 pkgName = android appinfo = null
12-12 20:15:40.184   675   960 I ServiceKeeper: In getseinfo pid = 675 uid = 1000 seinfo= system
12-12 20:15:40.194   675   960 I ServiceKeeper: In getappinfo pid = 675 pkgName = android appinfo = null
12-12 20:15:40.194   675   960 I ServiceKeeper: In getseinfo pid = 675 uid = 1000 seinfo= system
12-12 20:15:40.474   261  6411 I SurfaceFlinger: id=8 Removed JmageWallpa (5/11)
12-12 20:15:40.474   261   458 I SurfaceFlinger: id=8 Removed JmageWallpa (-2/11)
12-12 20:15:40.854 12472 12472 D AndroidRuntime: 
12-12 20:15:40.854 12472 12472 D AndroidRuntime: >>>>>> AndroidRuntime START com.android.internal.os.RuntimeInit <<<<<<
12-12 20:15:40.864 12472 12472 D AndroidRuntime: CheckJNI is OFF
12-12 20:15:40.864 12472 12472 D AndroidRuntime: setted country_code = USA
12-12 20:15:40.864 12472 12472 D AndroidRuntime: setted countryiso_code = US
12-12 20:15:40.864 12472 12472 D AndroidRuntime: setted sales_code = TMB
12-12 20:15:40.864 12472 12472 D AndroidRuntime: readGMSProperty: start
12-12 20:15:40.864 12472 12472 D AndroidRuntime: readGMSProperty: already setted!!
12-12 20:15:40.864 12472 12472 D AndroidRuntime: readGMSProperty: end
12-12 20:15:40.864 12472 12472 D AndroidRuntime: addProductProperty: start
12-12 20:15:40.884 12472 12472 D dalvikvm: Trying to load lib libjavacore.so 0x0
12-12 20:15:40.884 12472 12472 D dalvikvm: Added shared lib libjavacore.so 0x0
12-12 20:15:40.884 12472 12472 D dalvikvm: Trying to load lib libnativehelper.so 0x0
12-12 20:15:40.884 12472 12472 D dalvikvm: Added shared lib libnativehelper.so 0x0
12-12 20:15:40.884 12472 12472 D dalvikvm: No JNI_OnLoad found in libnativehelper.so 0x0, skipping init
12-12 20:15:41.024 12472 12472 E memtrack: Couldn't load memtrack module (No such file or directory)
12-12 20:15:41.024 12472 12472 E android.os.Debug: failed to load memtrack module: -2
12-12 20:15:41.064 12472 12472 D dalvikvm: Note: class Landroid/app/ActivityManagerNative; has 192 unimplemented (abstract) methods
12-12 20:15:41.114 12472 12472 D AndroidRuntime: Calling main entry com.android.commands.pm.Pm
12-12 20:15:41.174   675  5909 V ApplicationPolicy: isApplicationStateBlocked userId 0 pkgname com.android.phone
12-12 20:15:41.174   675  5909 D EnterpriseDeviceManager: ContainerId: 0
12-12 20:15:41.174   675  5909 D PackageManager: START CLEAR APPLICATION USER DATA: observer{1139315944}
12-12 20:15:41.174   675  5909 D PackageManager: pkg{<packageName>}
12-12 20:15:41.174   675  5909 D PackageManager: user{0}
12-12 20:15:41.184   675  5909 V ApplicationPolicy: isApplicationStateBlocked userId 0 pkgname com.android.phone
12-12 20:15:41.184   675   956 D PackageManager: [MSG] CLEAR_APPLICATION_USER_DATA
12-12 20:15:41.184   270   270 D keystore: calling clear_uid in state: 3
12-12 20:15:41.194  4056  4056 D daemonapp: [MSC_Daemon]>>> AWDCDS:27 [0:0] AWD CD Act : androidintentactionPACKAGE_RESTARTED
12-12 20:15:41.204  6603  6603 I GeofencerStateMachine: removeGeofences: removeRequest=RemoveGeofencingRequest[REMOVE_ALL packageName=com.android.phone]
12-12 20:15:41.204  1233  1233 I PersonaManager: getPersonaService() name persona_policy
12-12 20:15:41.214 12358 12487 D Documents: Used cached roots for com.android.externalstorage.documents
12-12 20:15:41.214 12358 12487 D Documents: Used cached roots for com.android.providers.downloads.documents
12-12 20:15:41.214 12358 12487 D Documents: Used cached roots for com.android.providers.media.documents
12-12 20:15:41.214 12358 12487 D Documents: Loading roots for com.google.android.apps.docs.storage
12-12 20:15:41.214   675   960 I ServiceKeeper: In getappinfo pid = 675 pkgName = android appinfo = null
12-12 20:15:41.214   675   960 I ServiceKeeper: In getseinfo pid = 675 uid = 1000 seinfo= system
12-12 20:15:41.214   675   960 I ServiceKeeper: In getappinfo pid = 675 pkgName = android appinfo = null
12-12 20:15:41.214   675   960 I ServiceKeeper: In getseinfo pid = 675 uid = 1000 seinfo= system
12-12 20:15:41.214 12358 12487 D Documents: Update found 6 roots in 13ms
12-12 20:15:41.224   675   956 D PackageManager: return delete result to caller: 1139315944
12-12 20:15:41.224 12472 12472 D AndroidRuntime: Shutting down VM
12-12 20:15:41.224 12472 12477 D dalvikvm: GC_CONCURRENT freed 97K, 13% free 677K/776K, paused 0ms+1ms, total 2ms
12-12 20:15:41.224   675   956 D PackageManager: returnCode: true
12-12 20:15:41.244  4056  4056 D daemonapp: [MSC_Daemon]>>> AWDCDS:27 [0:0] AWD CD Act : androidintentactionPACKAGE_DATA_CLEARED
12-12 20:15:41.254  8050 12388 D Wear_Controller: Received broadcast action=android.intent.action.PACKAGE_DATA_CLEARED and uri=com.android.phone
12-12 20:15:41.254  8050 12397 I LocationSettingsChecker: Removing dialog suppression flag for package com.android.phone
12-12 20:15:41.264   675   960 I ServiceKeeper: In getappinfo pid = 675 pkgName = android appinfo = null
12-12 20:15:41.264   675   960 I ServiceKeeper: In getseinfo pid = 675 uid = 1000 seinfo= system
12-12 20:15:41.264   675   960 I ServiceKeeper: In getappinfo pid = 675 pkgName = android appinfo = null
12-12 20:15:41.264   675   960 I ServiceKeeper: In getseinfo pid = 675 uid = 1000 seinfo= system
12-12 20:15:41.264   675   960 I ServiceKeeper: In getappinfo pid = 675 pkgName = android appinfo = null
12-12 20:15:41.264   675   960 I ServiceKeeper: In getseinfo pid = 675 uid = 1000 seinfo= system
12-12 20:15:41.264  8050  8132 I Icing   : doRemovePackageData com.android.phone
12-12 20:15:41.274   675   960 I ServiceKeeper: In getappinfo pid = 675 pkgName = android appinfo = null
12-12 20:15:41.274   675   960 I ServiceKeeper: In getseinfo pid = 675 uid = 1000 seinfo= system
12-12 20:15:41.274   675   960 I ServiceKeeper: In getappinfo pid = 675 pkgName = android appinfo = null
12-12 20:15:41.274   675   960 I ServiceKeeper: In getseinfo pid = 675 uid = 1000 seinfo= system
12-12 20:15:41.334   675   960 I ServiceKeeper: In getappinfo pid = 675 pkgName = android appinfo = null
12-12 20:15:41.334   675   960 I ServiceKeeper: In getseinfo pid = 675 uid = 1000 seinfo= system
12-12 20:15:41.334   675   960 I ServiceKeeper: In getappinfo pid = 675 pkgName = android appinfo = null
12-12 20:15:41.334   675   960 I ServiceKeeper: In getseinfo pid = 675 uid = 1000 seinfo= system
12-12 20:15:41.334   675   960 I ServiceKeeper: In getappinfo pid = 675 pkgName = android appinfo = null
12-12 20:15:41.334   675   960 I ServiceKeeper: In getseinfo pid = 675 uid = 1000 seinfo= system
12-12 20:15:41.334   675   960 I ServiceKeeper: In getappinfo pid = 675 pkgName = android appinfo = null
12-12 20:15:41.344   675   960 I ServiceKeeper: In getseinfo pid = 675 uid = 1000 seinfo= system
12-12 20:15:41.344   675   960 I ServiceKeeper: In getappinfo pid = 675 pkgName = android appinfo = null
12-12 20:15:41.344   675   960 I ServiceKeeper: In getseinfo pid = 675 uid = 1000 seinfo= system
12-12 20:15:41.904   253   253 E SMD     : DCD ON
12-12 20:15:42.084 12499 12499 D AndroidRuntime: 
12-12 20:15:42.084 12499 12499 D AndroidRuntime: >>>>>> AndroidRuntime START com.android.internal.os.RuntimeInit <<<<<<
12-12 20:15:42.084 12499 12499 D AndroidRuntime: CheckJNI is OFF
12-12 20:15:42.094 12499 12499 D AndroidRuntime: setted country_code = USA
12-12 20:15:42.094 12499 12499 D AndroidRuntime: setted countryiso_code = US
12-12 20:15:42.094 12499 12499 D AndroidRuntime: setted sales_code = TMB
12-12 20:15:42.094 12499 12499 D AndroidRuntime: readGMSProperty: start
12-12 20:15:42.094 12499 12499 D AndroidRuntime: readGMSProperty: already setted!!
12-12 20:15:42.094 12499 12499 D AndroidRuntime: readGMSProperty: end
12-12 20:15:42.094 12499 12499 D AndroidRuntime: addProductProperty: start
12-12 20:15:42.104 12499 12499 D dalvikvm: Trying to load lib libjavacore.so 0x0
12-12 20:15:42.114 12499 12499 D dalvikvm: Added shared lib libjavacore.so 0x0
12-12 20:15:42.114 12499 12499 D dalvikvm: Trying to load lib libnativehelper.so 0x0
12-12 20:15:42.114 12499 12499 D dalvikvm: Added shared lib libnativehelper.so 0x0
12-12 20:15:42.114 12499 12499 D dalvikvm: No JNI_OnLoad found in libnativehelper.so 0x0, skipping init
12-12 20:15:42.214 12499 12499 E memtrack: Couldn't load memtrack module (No such file or directory)
12-12 20:15:42.214 12499 12499 E android.os.Debug: failed to load memtrack module: -2
12-12 20:15:42.244 12499 12499 D dalvikvm: Note: class Landroid/app/ActivityManagerNative; has 192 unimplemented (abstract) methods
12-12 20:15:42.294 12499 12499 D AndroidRuntime: Calling main entry com.android.commands.pm.Pm
12-12 20:15:42.344   675  1374 V ApplicationPolicy: isApplicationStateBlocked userId 0 pkgname com.google.android.apps.maps
12-12 20:15:42.354   675  1374 D EnterpriseDeviceManager: ContainerId: 0
12-12 20:15:42.354   675  1374 V ApplicationPolicy: isApplicationStateBlocked userId 0 pkgname com.google.android.apps.maps
12-12 20:15:42.354   675  1374 D PackageManager: START CLEAR APPLICATION USER DATA: observer{1151457064}
12-12 20:15:42.354   675  1374 D PackageManager: pkg{<packageName>}
12-12 20:15:42.354   675  1374 D PackageManager: user{0}
12-12 20:15:42.354   675   956 D PackageManager: [MSG] CLEAR_APPLICATION_USER_DATA
12-12 20:15:42.394   270   270 D keystore: calling clear_uid in state: 3
12-12 20:15:42.394  6603  6603 I GeofencerStateMachine: removeGeofences: removeRequest=RemoveGeofencingRequest[REMOVE_ALL packageName=com.google.android.apps.maps]
12-12 20:15:42.394  1233  1233 I PersonaManager: getPersonaService() name persona_policy
12-12 20:15:42.394  4056  4056 D daemonapp: [MSC_Daemon]>>> AWDCDS:27 [0:0] AWD CD Act : androidintentactionPACKAGE_RESTARTED
12-12 20:15:42.394   675   960 I ServiceKeeper: In getappinfo pid = 675 pkgName = android appinfo = null
12-12 20:15:42.394   675   960 I ServiceKeeper: In getseinfo pid = 675 uid = 1000 seinfo= system
12-12 20:15:42.394   675   960 I ServiceKeeper: In getappinfo pid = 675 pkgName = android appinfo = null
12-12 20:15:42.394 12358 12371 D Documents: Used cached roots for com.android.externalstorage.documents
12-12 20:15:42.394   675   960 I ServiceKeeper: In getseinfo pid = 675 uid = 1000 seinfo= system
12-12 20:15:42.404 12358 12371 D Documents: Used cached roots for com.android.providers.downloads.documents
12-12 20:15:42.404 12358 12371 D Documents: Used cached roots for com.android.providers.media.documents
12-12 20:15:42.404 12358 12371 D Documents: Loading roots for com.google.android.apps.docs.storage
12-12 20:15:42.414 12358 12371 D Documents: Update found 6 roots in 17ms
12-12 20:15:42.414   675   956 D PackageManager: return delete result to caller: 1151457064
12-12 20:15:42.414 12499 12499 D AndroidRuntime: Shutting down VM
12-12 20:15:42.414   675   956 D PackageManager: returnCode: true
12-12 20:15:42.424 12499 12504 D dalvikvm: GC_CONCURRENT freed 97K, 13% free 677K/776K, paused 0ms+0ms, total 2ms
12-12 20:15:42.434  4056  4056 D daemonapp: [MSC_Daemon]>>> AWDCDS:27 [0:0] AWD CD Act : androidintentactionPACKAGE_DATA_CLEARED
12-12 20:15:42.444  8050 12386 D Wear_Controller: Received broadcast action=android.intent.action.PACKAGE_DATA_CLEARED and uri=com.google.android.apps.maps
12-12 20:15:42.444  8050 12384 I LocationSettingsChecker: Removing dialog suppression flag for package com.google.android.apps.maps
12-12 20:15:42.454   675   960 I ServiceKeeper: In getappinfo pid = 675 pkgName = android appinfo = null
12-12 20:15:42.454   675   960 I ServiceKeeper: In getseinfo pid = 675 uid = 1000 seinfo= system
12-12 20:15:42.454   675   960 I ServiceKeeper: In getappinfo pid = 675 pkgName = android appinfo = null
12-12 20:15:42.454   675   960 I ServiceKeeper: In getseinfo pid = 675 uid = 1000 seinfo= system
12-12 20:15:42.454   675   960 I ServiceKeeper: In getappinfo pid = 675 pkgName = android appinfo = null
12-12 20:15:42.454   675   960 I ServiceKeeper: In getseinfo pid = 675 uid = 1000 seinfo= system
12-12 20:15:42.464   675   960 I ServiceKeeper: In getappinfo pid = 675 pkgName = android appinfo = null
12-12 20:15:42.464   675   960 I ServiceKeeper: In getseinfo pid = 675 uid = 1000 seinfo= system
12-12 20:15:42.464   675   960 I ServiceKeeper: In getappinfo pid = 675 pkgName = android appinfo = null
12-12 20:15:42.464   675   960 I ServiceKeeper: In getseinfo pid = 675 uid = 1000 seinfo= system
12-12 20:15:42.464  8050  8132 I Icing   : doRemovePackageData com.google.android.apps.maps
12-12 20:15:42.644   675   960 I ServiceKeeper: In getappinfo pid = 675 pkgName = android appinfo = null
12-12 20:15:42.644   675   960 I ServiceKeeper: In getseinfo pid = 675 uid = 1000 seinfo= system
12-12 20:15:42.644   675   960 I ServiceKeeper: In getappinfo pid = 675 pkgName = android appinfo = null
12-12 20:15:42.644   675   960 I ServiceKeeper: In getseinfo pid = 675 uid = 1000 seinfo= system
12-12 20:15:42.644   675   960 I ServiceKeeper: In getappinfo pid = 675 pkgName = android appinfo = null
12-12 20:15:42.644   675   960 I ServiceKeeper: In getseinfo pid = 675 uid = 1000 seinfo= system
12-12 20:15:42.644   675   960 I ServiceKeeper: In getappinfo pid = 675 pkgName = android appinfo = null
12-12 20:15:42.644   675   960 I ServiceKeeper: In getseinfo pid = 675 uid = 1000 seinfo= system
12-12 20:15:42.654   675   960 I ServiceKeeper: In getappinfo pid = 675 pkgName = android appinfo = null
12-12 20:15:42.654   675   960 I ServiceKeeper: In getseinfo pid = 675 uid = 1000 seinfo= system
12-12 20:15:42.754 12403 12436 I dalvikvm: Could not find method android.provider.DocumentsContract.getTreeDocumentId, referenced from method fsk.a
12-12 20:15:42.754 12403 12436 W dalvikvm: VFY: unable to resolve static method 4184: Landroid/provider/DocumentsContract;.getTreeDocumentId (Landroid/net/Uri;)Ljava/lang/String;
12-12 20:15:42.754 12403 12436 D dalvikvm: VFY: replacing opcode 0x71 at 0x0075
12-12 20:15:42.774   237   465 E cutils  : Failed to mkdirat(/storage/extSdCard/Android): Read-only file system
12-12 20:15:42.774 12403 12436 W ContextImpl: Failed to ensure directory: /storage/extSdCard/Android/data/com.google.android.apps.docs/cache
12-12 20:15:42.774   237   465 W Vold    : Returning OperationFailed - no handler for errno 30
12-12 20:15:42.804 12403 12436 I dalvikvm: Could not find method android.content.ContextWrapper.createCredentialProtectedStorageContext, referenced from method jwn.createCredentialProtectedStorageContext
12-12 20:15:42.804 12403 12436 W dalvikvm: VFY: unable to resolve virtual method 1708: Landroid/content/ContextWrapper;.createCredentialProtectedStorageContext ()Landroid/content/Context;
12-12 20:15:42.814 12403 12436 D dalvikvm: VFY: replacing opcode 0x6f at 0x0002
12-12 20:15:42.814 12403 12436 I dalvikvm: Could not find method android.content.ContextWrapper.createDeviceProtectedStorageContext, referenced from method jwn.createDeviceProtectedStorageContext
12-12 20:15:42.814 12403 12436 W dalvikvm: VFY: unable to resolve virtual method 1709: Landroid/content/ContextWrapper;.createDeviceProtectedStorageContext ()Landroid/content/Context;
12-12 20:15:42.814 12403 12436 D dalvikvm: VFY: replacing opcode 0x6f at 0x0002
12-12 20:15:42.814 12403 12436 D dalvikvm: DexOpt: couldn't find static field Landroid/os/Build;.SUPPORTED_ABIS
12-12 20:15:42.814 12403 12436 W dalvikvm: VFY: unable to resolve static field 918 (SUPPORTED_ABIS) in Landroid/os/Build;
12-12 20:15:42.814 12403 12436 D dalvikvm: VFY: replacing opcode 0x62 at 0x0008
12-12 20:15:42.814 12403 12436 D dalvikvm: DexOpt: couldn't find static field Landroid/os/Build;.SUPPORTED_ABIS
12-12 20:15:42.814 12403 12436 W dalvikvm: VFY: unable to resolve static field 918 (SUPPORTED_ABIS) in Landroid/os/Build;
12-12 20:15:42.814 12403 12436 D dalvikvm: VFY: replacing opcode 0x62 at 0x0097
12-12 20:15:42.814 12403 12436 D dalvikvm: DexOpt: couldn't find field Landroid/content/pm/ApplicationInfo;.splitSourceDirs
12-12 20:15:42.814 12403 12436 W dalvikvm: VFY: unable to resolve instance field 849
12-12 20:15:42.824 12403 12436 D dalvikvm: VFY: replacing opcode 0x54 at 0x0053
12-12 20:15:42.824 12403 12436 D dalvikvm: DexOpt: couldn't find field Landroid/content/pm/ApplicationInfo;.splitSourceDirs
12-12 20:15:42.824 12403 12436 I dalvikvm: DexOpt: unable to optimize instance field ref 0x0351 at 0x57 in Lkgr;.d
12-12 20:15:42.824 12403 12436 I dalvikvm: Could not find method android.content.ContextWrapper.createCredentialProtectedStorageContext, referenced from method com.google.android.chimera.ModuleContext.createCredentialProtectedStorageContext
12-12 20:15:42.824 12403 12436 W dalvikvm: VFY: unable to resolve virtual method 1708: Landroid/content/ContextWrapper;.createCredentialProtectedStorageContext ()Landroid/content/Context;
12-12 20:15:42.824 12403 12436 D dalvikvm: VFY: replacing opcode 0x6f at 0x0002
12-12 20:15:42.824 12403 12436 I dalvikvm: Could not find method android.content.ContextWrapper.createDeviceProtectedStorageContext, referenced from method com.google.android.chimera.ModuleContext.createDeviceProtectedStorageContext
12-12 20:15:42.824 12403 12436 W dalvikvm: VFY: unable to resolve virtual method 1709: Landroid/content/ContextWrapper;.createDeviceProtectedStorageContext ()Landroid/content/Context;
12-12 20:15:42.824 12403 12436 D dalvikvm: VFY: replacing opcode 0x6f at 0x0002
12-12 20:15:42.824 12403 12436 W dalvikvm: VFY: unable to find class referenced in signature (Larql;)
12-12 20:15:42.834 12403 12436 I dalvikvm: Could not find method android.content.Context.isDeviceProtectedStorage, referenced from method kel.d
12-12 20:15:42.834 12403 12436 W dalvikvm: VFY: unable to resolve virtual method 1689: Landroid/content/Context;.isDeviceProtectedStorage ()Z
12-12 20:15:42.834 12403 12436 D dalvikvm: VFY: replacing opcode 0x6e at 0x0006
12-12 20:15:42.834 12403 12436 I dalvikvm: Could not find method android.os.UserHandle.isOwner, referenced from method kel.i
12-12 20:15:42.834 12403 12436 W dalvikvm: VFY: unable to resolve virtual method 2304: Landroid/os/UserHandle;.isOwner ()Z
12-12 20:15:42.834 12403 12436 D dalvikvm: VFY: replacing opcode 0x6e at 0x000a
12-12 20:15:42.844 12403 12436 I dalvikvm: Could not find method android.content.Context.createDeviceProtectedStorageContext, referenced from method jkx.a
12-12 20:15:42.844 12403 12436 W dalvikvm: VFY: unable to resolve virtual method 1659: Landroid/content/Context;.createDeviceProtectedStorageContext ()Landroid/content/Context;
12-12 20:15:42.844 12403 12436 D dalvikvm: VFY: replacing opcode 0x6e at 0x0029
12-12 20:15:42.844 12403 12436 I dalvikvm: Could not find method android.content.Context.getSystemService, referenced from method jkx.b
12-12 20:15:42.844 12403 12436 W dalvikvm: VFY: unable to resolve virtual method 1684: Landroid/content/Context;.getSystemService (Ljava/lang/Class;)Ljava/lang/Object;
12-12 20:15:42.844 12403 12436 D dalvikvm: VFY: replacing opcode 0x6e at 0x000b
12-12 20:15:42.844 12403 12436 D dalvikvm: Trying to load lib /data/app-lib/com.google.android.gms-3519/libgmscore.so 0x43666570
12-12 20:15:42.844 12403 12436 D dalvikvm: Added shared lib /data/app-lib/com.google.android.gms-3519/libgmscore.so 0x43666570
12-12 20:15:42.844 12403 12436 D dalvikvm: No JNI_OnLoad found in /data/app-lib/com.google.android.gms-3519/libgmscore.so 0x43666570, skipping init
12-12 20:15:42.854 12403 12436 I dalvikvm: Could not find method android.content.pm.PackageManager.isInstantApp, referenced from method kkc.a
12-12 20:15:42.854 12403 12436 W dalvikvm: VFY: unable to resolve virtual method 1808: Landroid/content/pm/PackageManager;.isInstantApp (Ljava/lang/String;)Z
12-12 20:15:42.854 12403 12436 D dalvikvm: VFY: replacing opcode 0x6e at 0x002d
12-12 20:15:42.854 12403 12436 D dalvikvm: Trying to load lib /data/app-lib/com.google.android.gms-3519/libconscrypt_gmscore_jni.so 0x43666570
12-12 20:15:42.854 12403 12436 D dalvikvm: Added shared lib /data/app-lib/com.google.android.gms-3519/libconscrypt_gmscore_jni.so 0x43666570
12-12 20:15:42.854 12403 12436 V NativeCrypto: Registering com/google/android/gms/org/conscrypt/NativeCrypto's 276 native methods...
12-12 20:15:42.864 12403 12436 E dalvikvm: Could not find class 'javax.net.ssl.SNIServerName', referenced from method com.google.android.gms.org.conscrypt.Platform.getSniHostnameFromParams
12-12 20:15:42.864 12403 12436 W dalvikvm: VFY: unable to resolve check-cast 2222 (Ljavax/net/ssl/SNIServerName;) in Lcom/google/android/gms/org/conscrypt/Platform;
12-12 20:15:42.864 12403 12436 D dalvikvm: VFY: replacing opcode 0x1f at 0x0025
12-12 20:15:42.864 12403 12436 E dalvikvm: Could not find class 'javax.net.ssl.SNIHostName', referenced from method com.google.android.gms.org.conscrypt.Platform.setParametersSniHostname
12-12 20:15:42.864 12403 12436 W dalvikvm: VFY: unable to resolve new-instance 2221 (Ljavax/net/ssl/SNIHostName;) in Lcom/google/android/gms/org/conscrypt/Platform;
12-12 20:15:42.864 12403 12436 D dalvikvm: VFY: replacing opcode 0x22 at 0x0024
12-12 20:15:42.864 12403 12436 E dalvikvm: Could not find class 'javax.net.ssl.SNIHostName', referenced from method com.google.android.gms.org.conscrypt.Platform.setParametersSniHostname
12-12 20:15:42.864 12403 12436 W dalvikvm: VFY: unable to resolve new-instance 2221 (Ljavax/net/ssl/SNIHostName;) in Lcom/google/android/gms/org/conscrypt/Platform;
12-12 20:15:42.864 12403 12436 D dalvikvm: VFY: replacing opcode 0x22 at 0x0024
12-12 20:15:42.864 12403 12436 W dalvikvm: Unable to resolve superclass of Lcom/google/android/gms/org/conscrypt/DelegatingExtendedSSLSession; (2212)
12-12 20:15:42.864 12403 12436 W dalvikvm: Link of class 'Lcom/google/android/gms/org/conscrypt/DelegatingExtendedSSLSession;' failed
12-12 20:15:42.864 12403 12436 E dalvikvm: Could not find class 'com.google.android.gms.org.conscrypt.DelegatingExtendedSSLSession', referenced from method com.google.android.gms.org.conscrypt.Platform.unwrapSSLSession
12-12 20:15:42.864 12403 12436 W dalvikvm: VFY: unable to resolve instanceof 1304 (Lcom/google/android/gms/org/conscrypt/DelegatingExtendedSSLSession;) in Lcom/google/android/gms/org/conscrypt/Platform;
12-12 20:15:42.874 12403 12436 D dalvikvm: VFY: replacing opcode 0x20 at 0x0007
12-12 20:15:42.874 12403 12436 W dalvikvm: Unable to resolve superclass of Lcom/google/android/gms/org/conscrypt/DelegatingExtendedSSLSession; (2212)
12-12 20:15:42.874 12403 12436 W dalvikvm: Link of class 'Lcom/google/android/gms/org/conscrypt/DelegatingExtendedSSLSession;' failed
12-12 20:15:42.874 12403 12436 E dalvikvm: Could not find class 'com.google.android.gms.org.conscrypt.DelegatingExtendedSSLSession', referenced from method com.google.android.gms.org.conscrypt.Platform.wrapSSLSession
12-12 20:15:42.874 12403 12436 W dalvikvm: VFY: unable to resolve new-instance 1304 (Lcom/google/android/gms/org/conscrypt/DelegatingExtendedSSLSession;) in Lcom/google/android/gms/org/conscrypt/Platform;
12-12 20:15:42.874 12403 12436 D dalvikvm: VFY: replacing opcode 0x22 at 0x0007
12-12 20:15:42.874 12403 12436 D dalvikvm: DexOpt: unable to opt direct call 0x3096 at 0x2a in Lcom/google/android/gms/org/conscrypt/Platform;.setParametersSniHostname
12-12 20:15:42.874 12403 12436 D dalvikvm: DexOpt: unable to opt direct call 0x3096 at 0x2a in Lcom/google/android/gms/org/conscrypt/Platform;.setParametersSniHostname
12-12 20:15:42.874 12403 12436 W dalvikvm: Unable to resolve superclass of Lcom/google/android/gms/org/conscrypt/DelegatingExtendedSSLSession; (2212)
12-12 20:15:42.874 12403 12436 W dalvikvm: Link of class 'Lcom/google/android/gms/org/conscrypt/DelegatingExtendedSSLSession;' failed
12-12 20:15:42.874 12403 12436 D dalvikvm: DexOpt: unable to opt direct call 0x1b67 at 0x09 in Lcom/google/android/gms/org/conscrypt/Platform;.wrapSSLSession
12-12 20:15:42.994 12403 12436 D dalvikvm: Trying to load lib /data/app-lib/com.google.android.gms-3519/libgmscore.so 0x43666570
12-12 20:15:42.994 12403 12436 D dalvikvm: Shared lib '/data/app-lib/com.google.android.gms-3519/libgmscore.so' already loaded in same CL 0x43666570
12-12 20:15:42.994 12403 12436 D dalvikvm: Trying to load lib /data/app-lib/com.google.android.gms-3519/libconscrypt_gmscore_jni.so 0x43666570
12-12 20:15:42.994 12403 12436 D dalvikvm: Shared lib '/data/app-lib/com.google.android.gms-3519/libconscrypt_gmscore_jni.so' already loaded in same CL 0x43666570
12-12 20:15:43.034 12403 12436 I ProviderInstaller: Installed default security provider GmsCore_OpenSSL
12-12 20:15:43.184 12523 12523 D AndroidRuntime: 
12-12 20:15:43.184 12523 12523 D AndroidRuntime: >>>>>> AndroidRuntime START com.android.internal.os.RuntimeInit <<<<<<
12-12 20:15:43.184 12523 12523 D AndroidRuntime: CheckJNI is OFF
12-12 20:15:43.184 12523 12523 D AndroidRuntime: setted country_code = USA
12-12 20:15:43.184 12523 12523 D AndroidRuntime: setted countryiso_code = US
12-12 20:15:43.194 12523 12523 D AndroidRuntime: setted sales_code = TMB
12-12 20:15:43.194 12523 12523 D AndroidRuntime: readGMSProperty: start
12-12 20:15:43.194 12523 12523 D AndroidRuntime: readGMSProperty: already setted!!
12-12 20:15:43.194 12523 12523 D AndroidRuntime: readGMSProperty: end
12-12 20:15:43.194 12523 12523 D AndroidRuntime: addProductProperty: start
12-12 20:15:43.204 12523 12523 D dalvikvm: Trying to load lib libjavacore.so 0x0
12-12 20:15:43.214 12523 12523 D dalvikvm: Added shared lib libjavacore.so 0x0
12-12 20:15:43.214 12523 12523 D dalvikvm: Trying to load lib libnativehelper.so 0x0
12-12 20:15:43.214 12523 12523 D dalvikvm: Added shared lib libnativehelper.so 0x0
12-12 20:15:43.214 12523 12523 D dalvikvm: No JNI_OnLoad found in libnativehelper.so 0x0, skipping init
12-12 20:15:43.314 12523 12523 E memtrack: Couldn't load memtrack module (No such file or directory)
12-12 20:15:43.314 12523 12523 E android.os.Debug: failed to load memtrack module: -2
12-12 20:15:43.334 12523 12523 D dalvikvm: Note: class Landroid/app/ActivityManagerNative; has 192 unimplemented (abstract) methods
12-12 20:15:43.374 12523 12523 D AndroidRuntime: Calling main entry com.android.commands.pm.Pm
12-12 20:15:43.424   675  1374 V ApplicationPolicy: isApplicationStateBlocked userId 0 pkgname com.android.settings
12-12 20:15:43.424   675  1374 I ActivityManager: Killing 5245:com.samsung.android.MtpApplication/1000 (adj 2): stop com.android.settings
12-12 20:15:43.424   675  1374 I ActivityManager: Killing 4623:com.android.settings/1000 (adj 15): stop com.android.settings
12-12 20:15:43.434   675  1374 D EnterpriseDeviceManager: ContainerId: 0
12-12 20:15:43.434   675  1374 V ApplicationPolicy: isApplicationStateBlocked userId 0 pkgname com.android.settings
12-12 20:15:43.434   261  6411 I SurfaceFlinger: id=16 Removed EimLayer (3/10)
12-12 20:15:43.434   261   458 I SurfaceFlinger: id=15 Removed EimLayer (6/9)
12-12 20:15:43.434   261   458 I SurfaceFlinger: id=16 Removed EimLayer (-2/9)
12-12 20:15:43.434   675   935 W ContextImpl: Calling a method in the system process without a qualified user: android.app.ContextImpl.sendBroadcast:1505 com.android.server.am.AppStateBroadcaster.BroadcastAppState:128 com.android.server.am.AppStateBroadcaster.SendApplicationStop:53 com.android.server.am.ActivityManagerService$2.handleMessage:2141 android.os.Handler.dispatchMessage:102 
12-12 20:15:43.434   675  1374 D PackageManager: START CLEAR APPLICATION USER DATA: observer{1158406024}
12-12 20:15:43.434   675  1374 D PackageManager: pkg{<packageName>}
12-12 20:15:43.434   675  1374 D PackageManager: user{0}
12-12 20:15:43.434   675   956 D PackageManager: [MSG] CLEAR_APPLICATION_USER_DATA
12-12 20:15:43.444   261   458 I SurfaceFlinger: id=15 Removed EimLayer (-2/9)
12-12 20:15:43.444   675   675 W ContextImpl: Calling a method in the system process without a qualified user: android.app.ContextImpl.sendBroadcast:1505 com.android.server.StatusBarManagerService.sendNotification:985 com.android.server.StatusBarManagerService.removeNotification:710 com.android.server.NotificationManagerService.cancelNotificationLocked:2454 com.android.server.NotificationManagerService.cancelAllNotificationsInt:2669 
12-12 20:15:43.454  4056  4056 D daemonapp: [MSC_Daemon]>>> AWDCDS:27 [0:0] AWD CD Act : androidintentactionPACKAGE_RESTARTED
12-12 20:15:43.454  1063  1063 D STATUSBAR-IconMerger: checkOverflow(504), More:false, Req:false Child:3
12-12 20:15:43.454   675   675 D STATUSBAR-StatusBarManagerService: sendNotification(3) - 2130838827
12-12 20:15:43.464   675   675 D NotificationService: cancelNotificationLocked
12-12 20:15:43.464   675   675 D NotificationService:  hasClearableItems
12-12 20:15:43.464   675   675 D NotificationService: Num of hasClearableItems : 1
12-12 20:15:43.464  1233  1233 I PersonaManager: getPersonaService() name persona_policy
12-12 20:15:43.474  6603  6603 I GeofencerStateMachine: removeGeofences: removeRequest=RemoveGeofencingRequest[REMOVE_ALL packageName=com.android.settings]
12-12 20:15:43.474   675   675 D RCPManagerService: NotificationReceiver onReceive()
12-12 20:15:43.474   675   960 I ServiceKeeper: In getappinfo pid = 675 pkgName = android appinfo = null
12-12 20:15:43.474   675   960 I ServiceKeeper: In getseinfo pid = 675 uid = 1000 seinfo= system
12-12 20:15:43.474   675   675 D RCPManagerService:  NotificationReceiver sbn.getPackageName() com.android.settings sbn.getUser().getIdentifier() 0
12-12 20:15:43.474   675   675 D NotificationService:  Sending broadcast for cancel notification = StatusBarNotification(pkg=com.android.settings user=UserHandle{0} id=2130838827 tag=null score=0: Notification(pri=0 icon=7f02052b contentView=com.android.settings/0x109007f vibrate=null sound=null defaults=0x0 flags=0x10 when=0 ledARGB=0x0 contentIntent=Y deleteIntent=Y contentTitle=17 contentText=36 tickerText=36 kind=[null]))
12-12 20:15:43.474   675   675 W ContextImpl: Calling a method in the system process without a qualified user: android.app.ContextImpl.sendBroadcast:1491 com.android.server.NotificationManagerService.cancelNotificationLocked:2532 com.android.server.NotificationManagerService.cancelAllNotificationsInt:2669 com.android.server.NotificationManagerService$6.onReceive:1316 android.app.LoadedApk$ReceiverDispatcher$Args.run:772 
12-12 20:15:43.474   675   675 D LightsService: [api] [SvcLED] turnOff:: id = 4 (uid: 1000 pid: 675) 
12-12 20:15:43.474   675   675 D LightsService: [SvcLED] setSvcLedStateLocked:: SvcLEDState : 0x0 -> 0x0 | SvcLED(id=4) set Off
12-12 20:15:43.474   675   971 D LightsService: [SvcLED] Lux failed to be updated in 700ms. -> handleForcedSvcLEDTasK
12-12 20:15:43.474   675   971 D LightsService: [SvcLED]  setSvcLedLightLocked :: Current SvcLED(id=3) maintains its priority right
12-12 20:15:43.484   675   675 I ServiceKeeper: In getappinfo pid = 675 pkgName = android appinfo = null
12-12 20:15:43.484   675   675 I ServiceKeeper: In getseinfo pid = 675 uid = 1000 seinfo= system
12-12 20:15:43.484   675   675 D RCPManagerService: getPolicy: Policy checking block entered for Notifications; for user/persona = 0 ; Policy = knox-sanitize-data ; token = 4294967296675
12-12 20:15:43.484   675   675 I ServiceKeeper: In getappinfo pid = 675 pkgName = android appinfo = null
12-12 20:15:43.484   675   675 I ServiceKeeper: In getseinfo pid = 675 uid = 1000 seinfo= system
12-12 20:15:43.484   675   675 D RCPManagerService: getPolicy: policy value returned = false
12-12 20:15:43.484   675   675 D RCPManagerService: going to get the app label for pkg == com.android.settings
12-12 20:15:43.484   675   675 D RCPManagerService: app label == Settings
12-12 20:15:43.484   675   675 D RCPManagerService:  NotificationReceiver ACTION_CANCEL_NOTIFICATION 
12-12 20:15:43.484 12358 12461 D Documents: Used cached roots for com.android.externalstorage.documents
12-12 20:15:43.484 12358 12461 D Documents: Used cached roots for com.android.providers.downloads.documents
12-12 20:15:43.484 12358 12461 D Documents: Used cached roots for com.android.providers.media.documents
12-12 20:15:43.484 12358 12461 D Documents: Loading roots for com.google.android.apps.docs.storage
12-12 20:15:43.484   270   270 D keystore: calling clear_uid in state: 3
12-12 20:15:43.494   675   960 I ServiceKeeper: In getappinfo pid = 675 pkgName = android appinfo = null
12-12 20:15:43.494   675   960 I ServiceKeeper: In getseinfo pid = 675 uid = 1000 seinfo= system
12-12 20:15:43.524 12358 12461 D Documents: Update found 6 roots in 52ms
12-12 20:15:43.524  4056  4056 D daemonapp: [MSC_Daemon]>>> AWDCDS:27 [0:0] AWD CD Act : androidintentactionPACKAGE_DATA_CLEARED
12-12 20:15:43.534   675   956 D PackageManager: return delete result to caller: 1158406024
12-12 20:15:43.534 12523 12523 D AndroidRuntime: Shutting down VM
12-12 20:15:43.534 12523 12528 D dalvikvm: GC_CONCURRENT freed 97K, 13% free 677K/776K, paused 0ms+1ms, total 2ms
12-12 20:15:43.534   675   956 D PackageManager: returnCode: true
12-12 20:15:43.544  8050 12387 D Wear_Controller: Received broadcast action=android.intent.action.PACKAGE_DATA_CLEARED and uri=com.android.settings
12-12 20:15:43.544  8050 12386 I LocationSettingsChecker: Removing dialog suppression flag for package com.android.settings
12-12 20:15:43.554   675  1026 I WindowState: WIN DEATH: Window{449bc0d0 u0 com.android.settings/com.android.settings.SettingsReceiverActivity}
12-12 20:15:43.564   675   960 I ServiceKeeper: In getappinfo pid = 675 pkgName = android appinfo = null
12-12 20:15:43.564   675   960 I ServiceKeeper: In getseinfo pid = 675 uid = 1000 seinfo= system
12-12 20:15:43.564   675   960 I ServiceKeeper: In getappinfo pid = 675 pkgName = android appinfo = null
12-12 20:15:43.564   675   960 I ServiceKeeper: In getseinfo pid = 675 uid = 1000 seinfo= system
12-12 20:15:43.564  8050  8132 I Icing   : doRemovePackageData com.android.settings
12-12 20:15:43.564   675   960 I ServiceKeeper: In getappinfo pid = 675 pkgName = android appinfo = null
12-12 20:15:43.564   675   960 I ServiceKeeper: In getseinfo pid = 675 uid = 1000 seinfo= system
12-12 20:15:43.564   675   960 I ServiceKeeper: In getappinfo pid = 675 pkgName = android appinfo = null
12-12 20:15:43.564   675   960 I ServiceKeeper: In getseinfo pid = 675 uid = 1000 seinfo= system
12-12 20:15:43.564   675   960 I ServiceKeeper: In getappinfo pid = 675 pkgName = android appinfo = null
12-12 20:15:43.564   675   960 I ServiceKeeper: In getseinfo pid = 675 uid = 1000 seinfo= system
12-12 20:15:43.674   675   960 I ServiceKeeper: In getappinfo pid = 675 pkgName = android appinfo = null
12-12 20:15:43.674   675   960 I ServiceKeeper: In getseinfo pid = 675 uid = 1000 seinfo= system
12-12 20:15:44.314 12556 12556 D AndroidRuntime: 
12-12 20:15:44.314 12556 12556 D AndroidRuntime: >>>>>> AndroidRuntime START com.android.internal.os.RuntimeInit <<<<<<
12-12 20:15:44.314 12556 12556 D AndroidRuntime: CheckJNI is OFF
12-12 20:15:44.314 12556 12556 D AndroidRuntime: setted country_code = USA
12-12 20:15:44.314 12556 12556 D AndroidRuntime: setted countryiso_code = US
12-12 20:15:44.314 12556 12556 D AndroidRuntime: setted sales_code = TMB
12-12 20:15:44.314 12556 12556 D AndroidRuntime: readGMSProperty: start
12-12 20:15:44.314 12556 12556 D AndroidRuntime: readGMSProperty: already setted!!
12-12 20:15:44.314 12556 12556 D AndroidRuntime: readGMSProperty: end
12-12 20:15:44.314 12556 12556 D AndroidRuntime: addProductProperty: start
12-12 20:15:44.334 12556 12556 D dalvikvm: Trying to load lib libjavacore.so 0x0
12-12 20:15:44.344 12556 12556 D dalvikvm: Added shared lib libjavacore.so 0x0
12-12 20:15:44.344 12556 12556 D dalvikvm: Trying to load lib libnativehelper.so 0x0
12-12 20:15:44.344 12556 12556 D dalvikvm: Added shared lib libnativehelper.so 0x0
12-12 20:15:44.344 12556 12556 D dalvikvm: No JNI_OnLoad found in libnativehelper.so 0x0, skipping init
12-12 20:15:44.474 12566 12566 I SELinux : Function: selinux_android_load_priority [0], There is no sepolicy file.
12-12 20:15:44.474 12566 12566 I SELinux :  
12-12 20:15:44.484 12556 12556 E memtrack: Couldn't load memtrack module (No such file or directory)
12-12 20:15:44.484 12556 12556 E android.os.Debug: failed to load memtrack module: -2
12-12 20:15:44.504 12566 12566 I SELinux : Function: selinux_android_load_priority , spota verifySig and checkHash pass. priority version is VE=SEPF_SM-G900T_4.4.2_0055
12-12 20:15:44.504 12566 12566 I SELinux :  
12-12 20:15:44.504 12566 12566 I SELinux :  
12-12 20:15:44.504 12566 12566 I SELinux : selinux_android_seapp_context_reload: seapp_contexts file is loaded from /data/security/spota/seapp_contexts
12-12 20:15:44.504 12566 12566 E dalvikvm: >>>>> Normal User
12-12 20:15:44.504 12566 12566 E dalvikvm: >>>>> com.samsung.android.MtpApplication [ userId:0 | appId:1000 ]
12-12 20:15:44.504 12556 12556 D dalvikvm: Note: class Landroid/app/ActivityManagerNative; has 192 unimplemented (abstract) methods
12-12 20:15:44.534 12566 12566 E MtpService: onCreate.
12-12 20:15:44.534 12566 12566 E MtpService: < MTP > Registering BroadCast receiver :::::
12-12 20:15:44.544 12566 12566 E MtpService: mContext is NULL so getting the getApplicationContext
12-12 20:15:44.544 12566 12566 E MtpService: < MTP > Registering BroadCast registerBroadCastPolicyRec :::::
12-12 20:15:44.544 12566 12566 E MtpService: < MTP > Registering BroadCast registerBroadCastEmergencyRec :::::
12-12 20:15:44.544 12566 12566 E MtpService: onStartCommand.
12-12 20:15:44.544 12566 12579 E MtpService: handleMessage. msg= { when=-2ms what=0 arg1=3 target=com.samsung.android.MtpApplication.MtpService$ServiceHandler }
12-12 20:15:44.554 12556 12556 D AndroidRuntime: Calling main entry com.android.commands.pm.Pm
12-12 20:15:44.564 12566 12579 D         : MTP: reading debug level property
12-12 20:15:44.564 12566 12579 E MtpService: mContext is NULL so getting the getApplicationContext
12-12 20:15:44.594   675  1385 V ApplicationPolicy: isApplicationStateBlocked userId 0 pkgname com.google.android.gms
12-12 20:15:44.594   675  1385 I ActivityManager: Killing 6603:com.google.android.gms.persistent/u0a15 (adj 1): stop com.google.android.gms
12-12 20:15:44.604   675  1385 I ActivityManager: Killing 8050:com.google.android.gms/u0a15 (adj 5): stop com.google.android.gms
12-12 20:15:44.604   675  1385 I ActivityManager: Killing 6484:com.google.process.gapps/u0a15 (adj 15): stop com.google.android.gms
12-12 20:15:44.604   675   935 W ContextImpl: Calling a method in the system process without a qualified user: android.app.ContextImpl.sendBroadcast:1505 com.android.server.am.AppStateBroadcaster.BroadcastAppState:128 com.android.server.am.AppStateBroadcaster.SendApplicationStop:53 com.android.server.am.ActivityManagerService$2.handleMessage:2141 android.os.Handler.dispatchMessage:102 
12-12 20:15:44.624   675  1385 D EnterpriseDeviceManager: ContainerId: 0
12-12 20:15:44.624   675  1385 V ApplicationPolicy: isApplicationStateBlocked userId 0 pkgname com.google.android.gms
12-12 20:15:44.624   675  1385 D PackageManager: START CLEAR APPLICATION USER DATA: observer{1161058512}
12-12 20:15:44.624   675  1385 D PackageManager: pkg{<packageName>}
12-12 20:15:44.624   675  1385 D PackageManager: user{0}
12-12 20:15:44.624   675   956 D PackageManager: [MSG] CLEAR_APPLICATION_USER_DATA
12-12 20:15:44.634  1233  1233 I PersonaManager: getPersonaService() name persona_policy
12-12 20:15:44.634  4056  4056 D daemonapp: [MSC_Daemon]>>> AWDCDS:27 [0:0] AWD CD Act : androidintentactionPACKAGE_RESTARTED
12-12 20:15:44.674 12403 12403 W RocketImpressions: ClearcutLogger connection suspended: 1
12-12 20:15:44.674   270   270 D keystore: calling clear_uid in state: 3
12-12 20:15:44.674 12358 12462 D Documents: Used cached roots for com.android.externalstorage.documents
12-12 20:15:44.684 12358 12462 D Documents: Used cached roots for com.android.providers.downloads.documents
12-12 20:15:44.684 12358 12462 D Documents: Used cached roots for com.android.providers.media.documents
12-12 20:15:44.684 12358 12462 D Documents: Loading roots for com.google.android.apps.docs.storage
12-12 20:15:44.694  4056  4056 D daemonapp: [MSC_Daemon]>>> AWDCDS:27 [0:0] AWD CD Act : androidintentactionPACKAGE_DATA_CLEARED
12-12 20:15:44.704 12358 12462 D Documents: Update found 6 roots in 67ms
12-12 20:15:44.714   675   956 D PackageManager: return delete result to caller: 1161058512
12-12 20:15:44.714 12556 12556 D AndroidRuntime: Shutting down VM
12-12 20:15:44.714 12556 12562 D dalvikvm: GC_CONCURRENT freed 97K, 13% free 677K/776K, paused 0ms+0ms, total 2ms
12-12 20:15:44.714   675   956 D PackageManager: returnCode: true
12-12 20:15:44.724   675  1026 D LocationManagerService: Location listener died
12-12 20:15:44.724   675  1374 D LocationManagerService: Location listener died
12-12 20:15:44.724   675  5909 D GpsLocationProvider: GPS status listener died
12-12 20:15:44.724   675  1374 I LocationManagerService: remove 449e39a8 by com.google.android.gms
12-12 20:15:44.724   675  1374 D LocationManagerService: provider request: passive ProviderRequest[ON interval=0]
12-12 20:15:44.724   675  1026 I LocationManagerService: remove 458f7f18 by com.google.android.gms
12-12 20:15:44.724   675  1026 D LocationManagerService: provider request: passive ProviderRequest[ON interval=0]
12-12 20:15:44.904   253   253 E SMD     : DCD ON
12-12 20:15:45.584 12601 12601 D AndroidRuntime: 
12-12 20:15:45.584 12601 12601 D AndroidRuntime: >>>>>> AndroidRuntime START com.android.internal.os.RuntimeInit <<<<<<
12-12 20:15:45.584 12601 12601 D AndroidRuntime: CheckJNI is OFF
12-12 20:15:45.584 12601 12601 D AndroidRuntime: setted country_code = USA
12-12 20:15:45.584 12601 12601 D AndroidRuntime: setted countryiso_code = US
12-12 20:15:45.584 12601 12601 D AndroidRuntime: setted sales_code = TMB
12-12 20:15:45.584 12601 12601 D AndroidRuntime: readGMSProperty: start
12-12 20:15:45.584 12601 12601 D AndroidRuntime: readGMSProperty: already setted!!
12-12 20:15:45.584 12601 12601 D AndroidRuntime: readGMSProperty: end
12-12 20:15:45.594 12601 12601 D AndroidRuntime: addProductProperty: start
12-12 20:15:45.604 12601 12601 D dalvikvm: Trying to load lib libjavacore.so 0x0
12-12 20:15:45.614 12601 12601 D dalvikvm: Added shared lib libjavacore.so 0x0
12-12 20:15:45.614 12601 12601 D dalvikvm: Trying to load lib libnativehelper.so 0x0
12-12 20:15:45.614 12601 12601 D dalvikvm: Added shared lib libnativehelper.so 0x0
12-12 20:15:45.614 12601 12601 D dalvikvm: No JNI_OnLoad found in libnativehelper.so 0x0, skipping init
12-12 20:15:45.724 12601 12601 E memtrack: Couldn't load memtrack module (No such file or directory)
12-12 20:15:45.724 12601 12601 E android.os.Debug: failed to load memtrack module: -2
12-12 20:15:45.744 12601 12601 D dalvikvm: Note: class Landroid/app/ActivityManagerNative; has 192 unimplemented (abstract) methods
12-12 20:15:45.794 12601 12601 D AndroidRuntime: Calling main entry com.android.commands.pm.Pm
12-12 20:15:45.844   675  1823 V ApplicationPolicy: isApplicationStateBlocked userId 0 pkgname com.google.android.gm
12-12 20:15:45.854   675  1823 D EnterpriseDeviceManager: ContainerId: 0
12-12 20:15:45.854   675  1823 V ApplicationPolicy: isApplicationStateBlocked userId 0 pkgname com.google.android.gm
12-12 20:15:45.854   675  1823 D PackageManager: START CLEAR APPLICATION USER DATA: observer{1162496640}
12-12 20:15:45.854   675  1823 D PackageManager: pkg{<packageName>}
12-12 20:15:45.854   675  1823 D PackageManager: user{0}
12-12 20:15:45.854   675   956 D PackageManager: [MSG] CLEAR_APPLICATION_USER_DATA
12-12 20:15:45.864  4056  4056 D daemonapp: [MSC_Daemon]>>> AWDCDS:27 [0:0] AWD CD Act : androidintentactionPACKAGE_RESTARTED
12-12 20:15:45.864   270   270 D keystore: calling clear_uid in state: 3
12-12 20:15:45.864  1233  1233 I PersonaManager: getPersonaService() name persona_policy
12-12 20:15:45.874 12358 12460 D Documents: Used cached roots for com.android.externalstorage.documents
12-12 20:15:45.874 12358 12460 D Documents: Used cached roots for com.android.providers.downloads.documents
12-12 20:15:45.874 12358 12460 D Documents: Used cached roots for com.android.providers.media.documents
12-12 20:15:45.874 12358 12460 D Documents: Loading roots for com.google.android.apps.docs.storage
12-12 20:15:45.934  4056  4056 D daemonapp: [MSC_Daemon]>>> AWDCDS:27 [0:0] AWD CD Act : androidintentactionPACKAGE_DATA_CLEARED
12-12 20:15:45.964 12618 12618 I SELinux : Function: selinux_android_load_priority [0], There is no sepolicy file.
12-12 20:15:45.964 12618 12618 I SELinux :  
12-12 20:15:45.974   675   956 D PackageManager: return delete result to caller: 1162496640
12-12 20:15:45.974   675   956 D PackageManager: returnCode: true
12-12 20:15:45.984 12601 12601 D AndroidRuntime: Shutting down VM
12-12 20:15:45.984 12601 12606 D dalvikvm: GC_CONCURRENT freed 97K, 13% free 677K/776K, paused 1ms+0ms, total 3ms
12-12 20:15:46.024 12618 12618 I SELinux : Function: selinux_android_load_priority , spota verifySig and checkHash pass. priority version is VE=SEPF_SM-G900T_4.4.2_0055
12-12 20:15:46.024 12618 12618 I SELinux :  
12-12 20:15:46.024 12618 12618 I SELinux :  
12-12 20:15:46.024 12618 12618 I SELinux : selinux_android_seapp_context_reload: seapp_contexts file is loaded from /data/security/spota/seapp_contexts
12-12 20:15:46.024 12618 12618 E dalvikvm: >>>>> Normal User
12-12 20:15:46.024 12618 12618 E dalvikvm: >>>>> com.google.android.gms.persistent [ userId:0 | appId:10015 ]
12-12 20:15:46.044   675  5908 D dalvikvm: JIT code cache reset in 6 ms (1535968 bytes 2/0)
12-12 20:15:46.064   675  5908 D dalvikvm: GC_EXPLICIT freed 2476K, 32% free 42305K/62172K, paused 5ms+21ms, total 183ms
12-12 20:15:46.074 12358 12460 D Documents: Update found 6 roots in 208ms
12-12 20:15:46.084 12618 12618 W dalvikvm: VFY: unable to resolve static field 937 (PR_SET_DUMPABLE) in Landroid/system/OsConstants;
12-12 20:15:46.084 12618 12618 D dalvikvm: VFY: replacing opcode 0x60 at 0x0009
12-12 20:15:46.094 12618 12618 W dalvikvm: VFY: unable to find class referenced in signature (Laqvj;)
12-12 20:15:46.094 12618 12618 W dalvikvm: VFY: unable to find class referenced in signature (Laqvj;)
12-12 20:15:46.094 12618 12618 W dalvikvm: VFY: unable to find class referenced in signature (Laqvj;)
12-12 20:15:46.094 12618 12618 W dalvikvm: VFY: unable to find class referenced in signature (Laqvj;)
12-12 20:15:46.094 12618 12618 I dalvikvm: Could not find method android.content.Context.getSystemService, referenced from method ro.a
12-12 20:15:46.094 12618 12618 W dalvikvm: VFY: unable to resolve virtual method 1684: Landroid/content/Context;.getSystemService (Ljava/lang/Class;)Ljava/lang/Object;
12-12 20:15:46.094 12618 12618 D dalvikvm: VFY: replacing opcode 0x6e at 0x0008
12-12 20:15:46.094 12618 12618 I dalvikvm: Could not find method android.content.Context.createDeviceProtectedStorageContext, referenced from method jkx.a
12-12 20:15:46.094 12618 12618 W dalvikvm: VFY: unable to resolve virtual method 1659: Landroid/content/Context;.createDeviceProtectedStorageContext ()Landroid/content/Context;
12-12 20:15:46.094 12618 12618 D dalvikvm: VFY: replacing opcode 0x6e at 0x0029
12-12 20:15:46.094 12618 12618 I dalvikvm: Could not find method android.content.Context.getSystemService, referenced from method jkx.b
12-12 20:15:46.094 12618 12618 W dalvikvm: VFY: unable to resolve virtual method 1684: Landroid/content/Context;.getSystemService (Ljava/lang/Class;)Ljava/lang/Object;
12-12 20:15:46.094 12618 12618 D dalvikvm: VFY: replacing opcode 0x6e at 0x000b
