12-12 20:15:35.454  1260  1260 W ResourceType: No known package when getting name for resource number 0x9c000303
12-12 20:15:35.464  1260  1260 W ResourceType: No known package when getting name for resource number 0x9c020000
12-12 20:15:35.464  1260  1260 W ResourceType: No known package when getting name for resource number 0x9c020100
12-12 20:15:35.464  1260  1260 W ResourceType: No known package when getting name for resource number 0x9c020200
12-12 20:15:35.464  1260  1260 W ResourceType: No known package when getting name for resource number 0x9c020300
12-12 20:15:35.484   675  1025 W PersonaManager: getPersonaIds()
12-12 20:15:35.484   675  1025 V WindowOrientationListener: mSContextAutoRotationListener.getProposedRotation, mbResultFaceDectection: false
12-12 20:15:35.484   675  1025 V WindowOrientationListener: mSContextAutoRotationListener.getProposedRotation, Rotation: 0
12-12 20:15:35.484   675  1025 V WindowOrientationListener: mSContextAutoRotationListener.getProposedRotation, mbResultFaceDectection: false
12-12 20:15:35.484   675  1025 V WindowOrientationListener: mSContextAutoRotationListener.getProposedRotation, Rotation: 0
12-12 20:15:35.484   675  1025 V WindowManager: rotationForOrientationLw(orient=1, last=0); user=0  sensorRotation=0 mLidState=-1 mDockMode=0 mHdmiPlugged=false mAccelerometerDefault=false gripRotationLock=false
12-12 20:15:35.494 12233 12233 I AndroidRuntime: VM exiting with result code 0.
12-12 20:15:35.624 12014 12271 D Aatp    : /ping
12-12 20:15:35.784 12014 12272 D Aatp    : /apps-to-uninstall
12-12 20:15:35.814 12014 12272 D Aatp    : sha1: 04f70ebf67edf25d47a5051efa1b286ae312f3fe
12-12 20:15:35.834 12014 12014 D AatpDeviceManager: taskStatus update (04f70ebf67edf25d47a5051efa1b286ae312f3fe: {"state":1})
12-12 20:15:35.844 12014 12272 D Aatp    : /task/04f70ebf67edf25d47a5051efa1b286ae312f3fe
12-12 20:15:35.854   675   675 W ContextImpl: Calling a method in the system process without a qualified user: android.app.ContextImpl.sendBroadcast:1505 com.android.server.StatusBarManagerService.sendNotification:985 com.android.server.StatusBarManagerService.addNotification:674 com.android.server.NotificationManagerService$7.run:2142 android.os.Handler.handleCallback:733 
12-12 20:15:35.854   675   675 D STATUSBAR-StatusBarManagerService: sendNotification(1) - 1096041552
12-12 20:15:35.904   253   253 E SMD     : DCD ON
12-12 20:15:35.964 12014 12014 D AatpDeviceManager: taskStatus update (04f70ebf67edf25d47a5051efa1b286ae312f3fe: {"result":[],"state":2})
12-12 20:15:35.964   675   675 D NotificationService: cancelNotificationLocked
12-12 20:15:35.964   675   675 D NotificationService:  hasClearableItems
12-12 20:15:35.964   675   675 D NotificationService: Num of hasClearableItems : 2
12-12 20:15:35.964   675   675 W ContextImpl: Calling a method in the system process without a qualified user: android.app.ContextImpl.sendBroadcast:1505 com.android.server.StatusBarManagerService.sendNotification:985 com.android.server.StatusBarManagerService.removeNotification:710 com.android.server.NotificationManagerService.cancelNotificationLocked:2454 com.android.server.NotificationManagerService.access$5100:160 
12-12 20:15:35.964   675   675 D STATUSBAR-StatusBarManagerService: sendNotification(3) - 1096041552
12-12 20:15:35.964   675   675 D LightsService: [api] [SvcLED] turnOff:: id = 4 (uid: 1000 pid: 675) 
12-12 20:15:35.964   675   675 D LightsService: [SvcLED] setSvcLedStateLocked:: SvcLEDState : 0x0 -> 0x0 | SvcLED(id=4) set Off
12-12 20:15:35.964   675   971 D LightsService: [SvcLED] Lux failed to be updated in 700ms. -> handleForcedSvcLEDTasK
12-12 20:15:35.964   675   971 D LightsService: [SvcLED]  setSvcLedLightLocked :: Current SvcLED(id=3) maintains its priority right
12-12 20:15:35.974  1063  1078 D dalvikvm: GC_EXPLICIT freed 9184K, 18% free 52254K/63196K, paused 10ms+14ms, total 121ms
12-12 20:15:35.984 12014 12274 D Aatp    : /task/04f70ebf67edf25d47a5051efa1b286ae312f3fe/status
12-12 20:15:35.994  1063  1063 D ProgressBar: setProgressDrawable drawableHeight = 0
12-12 20:15:35.994  1063  1063 D skia    : GFXPNG PNG bitmap created width:36 height:30 bitmap id is 390 
12-12 20:15:35.994  1063  1063 D skia    : GFXPNG PNG bitmap created width:36 height:30 bitmap id is 391 
12-12 20:15:35.994  1063  1063 D skia    : GFXPNG PNG bitmap created width:36 height:30 bitmap id is 392 
12-12 20:15:36.004  1063  1063 D PhoneStatusBar: tick(): knoxCustomManager = android.app.enterprise.knoxcustom.KnoxCustomManager@431e2e68
12-12 20:15:36.014  1063  1063 D STATUSBAR-IconMerger: checkOverflow(504), More:false, Req:false Child:6
12-12 20:15:36.094 12014 12275 D Aatp    : /ping
12-12 20:15:36.254 12014 12276 D Aatp    : /clean-accounts
12-12 20:15:36.274 12014 12276 D Aatp    : sha1: 6010eb85714cff041c8b5457de2d0204863fdc29
12-12 20:15:36.294   675   675 W ContextImpl: Calling a method in the system process without a qualified user: android.app.ContextImpl.sendBroadcast:1505 com.android.server.StatusBarManagerService.sendNotification:985 com.android.server.StatusBarManagerService.addNotification:674 com.android.server.NotificationManagerService$7.run:2142 android.os.Handler.handleCallback:733 
12-12 20:15:36.294 12014 12014 D AatpDeviceManager: taskStatus update (6010eb85714cff041c8b5457de2d0204863fdc29: {"state":1})
12-12 20:15:36.294   675   675 D STATUSBAR-StatusBarManagerService: sendNotification(1) - 1096041553
12-12 20:15:36.304 12014 12276 D Aatp    : /task/6010eb85714cff041c8b5457de2d0204863fdc29
12-12 20:15:36.434 12014 12278 D Aatp    : /task/6010eb85714cff041c8b5457de2d0204863fdc29/status
12-12 20:15:36.434   675   935 D dalvikvm: GC_FOR_ALLOC freed 3603K, 32% free 42375K/62172K, paused 132ms, total 135ms
12-12 20:15:36.444  1063  1063 D ProgressBar: setProgressDrawable drawableHeight = 0
12-12 20:15:36.454 12014 12014 D AatpDeviceManager: taskStatus update (6010eb85714cff041c8b5457de2d0204863fdc29: {"result":"Cleaned Accounts PASS","state":2})
12-12 20:15:36.454  1063  1063 D PhoneStatusBar: tick(): knoxCustomManager = android.app.enterprise.knoxcustom.KnoxCustomManager@431e2e68
12-12 20:15:36.454   675   675 W ContextImpl: Calling a method in the system process without a qualified user: android.app.ContextImpl.sendBroadcast:1505 com.android.server.StatusBarManagerService.sendNotification:985 com.android.server.StatusBarManagerService.removeNotification:710 com.android.server.NotificationManagerService.cancelNotificationLocked:2454 com.android.server.NotificationManagerService.access$5100:160 
12-12 20:15:36.454   675   675 D STATUSBAR-StatusBarManagerService: sendNotification(3) - 1096041553
12-12 20:15:36.464   675   675 D NotificationService: cancelNotificationLocked
12-12 20:15:36.464   675   675 D NotificationService:  hasClearableItems
12-12 20:15:36.464   675   675 D NotificationService: Num of hasClearableItems : 2
12-12 20:15:36.464   675   675 D LightsService: [api] [SvcLED] turnOff:: id = 4 (uid: 1000 pid: 675) 
12-12 20:15:36.464   675   675 D LightsService: [SvcLED] setSvcLedStateLocked:: SvcLEDState : 0x0 -> 0x0 | SvcLED(id=4) set Off
12-12 20:15:36.464   675   971 D LightsService: [SvcLED] Lux failed to be updated in 700ms. -> handleForcedSvcLEDTasK
12-12 20:15:36.464   675   971 D LightsService: [SvcLED]  setSvcLedLightLocked :: Current SvcLED(id=3) maintains its priority right
12-12 20:15:36.474  1063  1063 D STATUSBAR-IconMerger: checkOverflow(504), More:false, Req:false Child:7
12-12 20:15:36.484  1063  1063 D STATUSBAR-IconMerger: checkOverflow(504), More:false, Req:false Child:6
12-12 20:15:36.554 12014 12280 D Aatp    : /rm-external-files
12-12 20:15:36.584 12014 12280 D Aatp    : sha1: 7cd76b9c53ec27d673ebf1460d378e95718e85ce
12-12 20:15:36.594 12014 12014 D AatpDeviceManager: taskStatus update (7cd76b9c53ec27d673ebf1460d378e95718e85ce: {"state":1})
12-12 20:15:36.594   675   675 W ContextImpl: Calling a method in the system process without a qualified user: android.app.ContextImpl.sendBroadcast:1505 com.android.server.StatusBarManagerService.sendNotification:985 com.android.server.StatusBarManagerService.addNotification:674 com.android.server.NotificationManagerService$7.run:2142 android.os.Handler.handleCallback:733 
12-12 20:15:36.594   675   675 D STATUSBAR-StatusBarManagerService: sendNotification(1) - 1096041554
12-12 20:15:36.604 12014 12280 D Aatp    : /task/7cd76b9c53ec27d673ebf1460d378e95718e85ce
12-12 20:15:36.604  1063  1063 D ProgressBar: setProgressDrawable drawableHeight = 0
12-12 20:15:36.614  1063  1063 D PhoneStatusBar: tick(): knoxCustomManager = android.app.enterprise.knoxcustom.KnoxCustomManager@431e2e68
12-12 20:15:36.624 12014 12285 D AatpDeviceManager: Wiping files from: /sdcard
12-12 20:15:36.624  1063  1063 D STATUSBAR-IconMerger: checkOverflow(504), More:false, Req:false Child:7
12-12 20:15:36.684 12014 12285 D AatpDeviceManager: Wiping files from: /mnt/sdcard
12-12 20:15:36.684 12014 12285 D AatpDeviceManager: 0 files left!
12-12 20:15:36.684 12014 12014 D AatpDeviceManager: taskStatus update (7cd76b9c53ec27d673ebf1460d378e95718e85ce: {"result":[],"state":2})
12-12 20:15:36.684   675   675 D NotificationService: cancelNotificationLocked
12-12 20:15:36.684   675   675 D NotificationService:  hasClearableItems
12-12 20:15:36.684   675   675 D NotificationService: Num of hasClearableItems : 2
12-12 20:15:36.684   675   675 W ContextImpl: Calling a method in the system process without a qualified user: android.app.ContextImpl.sendBroadcast:1505 com.android.server.StatusBarManagerService.sendNotification:985 com.android.server.StatusBarManagerService.removeNotification:710 com.android.server.NotificationManagerService.cancelNotificationLocked:2454 com.android.server.NotificationManagerService.access$5100:160 
12-12 20:15:36.684   675   675 D STATUSBAR-StatusBarManagerService: sendNotification(3) - 1096041554
12-12 20:15:36.684   675   675 D LightsService: [api] [SvcLED] turnOff:: id = 4 (uid: 1000 pid: 675) 
12-12 20:15:36.684   675   675 D LightsService: [SvcLED] setSvcLedStateLocked:: SvcLEDState : 0x0 -> 0x0 | SvcLED(id=4) set Off
12-12 20:15:36.684   675   971 D LightsService: [SvcLED] Lux failed to be updated in 700ms. -> handleForcedSvcLEDTasK
12-12 20:15:36.684   675   971 D LightsService: [SvcLED]  setSvcLedLightLocked :: Current SvcLED(id=3) maintains its priority right
12-12 20:15:36.694  1063  1063 D STATUSBAR-IconMerger: checkOverflow(504), More:false, Req:false Child:6
12-12 20:15:36.724 12014 12287 D Aatp    : /task/7cd76b9c53ec27d673ebf1460d378e95718e85ce/status
12-12 20:15:36.844  1949  1949 W Settings: Setting airplane_mode_on has moved from android.provider.Settings.System to android.provider.Settings.Global, returning read-only value.
12-12 20:15:37.094   675   956 D PackageManager: [MSG] WRITE_PACKAGE_RESTRICTIONS
12-12 20:15:37.394 12291 12291 D AndroidRuntime: 
12-12 20:15:37.394 12291 12291 D AndroidRuntime: >>>>>> AndroidRuntime START com.android.internal.os.RuntimeInit <<<<<<
12-12 20:15:37.394 12291 12291 D AndroidRuntime: CheckJNI is OFF
12-12 20:15:37.394 12291 12291 D AndroidRuntime: setted country_code = USA
12-12 20:15:37.394 12291 12291 D AndroidRuntime: setted countryiso_code = US
12-12 20:15:37.394 12291 12291 D AndroidRuntime: setted sales_code = TMB
12-12 20:15:37.394 12291 12291 D AndroidRuntime: readGMSProperty: start
12-12 20:15:37.394 12291 12291 D AndroidRuntime: readGMSProperty: already setted!!
12-12 20:15:37.394 12291 12291 D AndroidRuntime: readGMSProperty: end
12-12 20:15:37.394 12291 12291 D AndroidRuntime: addProductProperty: start
12-12 20:15:37.414 12291 12291 D dalvikvm: Trying to load lib libjavacore.so 0x0
12-12 20:15:37.414 12291 12291 D dalvikvm: Added shared lib libjavacore.so 0x0
12-12 20:15:37.414 12291 12291 D dalvikvm: Trying to load lib libnativehelper.so 0x0
12-12 20:15:37.414 12291 12291 D dalvikvm: Added shared lib libnativehelper.so 0x0
12-12 20:15:37.414 12291 12291 D dalvikvm: No JNI_OnLoad found in libnativehelper.so 0x0, skipping init
12-12 20:15:37.514 12291 12291 E memtrack: Couldn't load memtrack module (No such file or directory)
12-12 20:15:37.514 12291 12291 E android.os.Debug: failed to load memtrack module: -2
12-12 20:15:37.534 12291 12291 D dalvikvm: Note: class Landroid/app/ActivityManagerNative; has 192 unimplemented (abstract) methods
12-12 20:15:37.584 12291 12291 D AndroidRuntime: Calling main entry com.android.commands.pm.Pm
12-12 20:15:37.634   675  1273 V ApplicationPolicy: isApplicationStateBlocked userId 0 pkgname com.google.android.browser
12-12 20:15:37.634 12291 12291 D AndroidRuntime: Shutting down VM
12-12 20:15:37.634 12291 12296 D dalvikvm: GC_CONCURRENT freed 97K, 13% free 676K/776K, paused 0ms+1ms, total 3ms
12-12 20:15:37.634   675  1273 W ActivityManager: Invalid packageName: com.google.android.browser
12-12 20:15:38.524 12302 12302 D AndroidRuntime: 
12-12 20:15:38.524 12302 12302 D AndroidRuntime: >>>>>> AndroidRuntime START com.android.internal.os.RuntimeInit <<<<<<
12-12 20:15:38.534 12302 12302 D AndroidRuntime: CheckJNI is OFF
12-12 20:15:38.534 12302 12302 D AndroidRuntime: setted country_code = USA
12-12 20:15:38.534 12302 12302 D AndroidRuntime: setted countryiso_code = US
12-12 20:15:38.534 12302 12302 D AndroidRuntime: setted sales_code = TMB
12-12 20:15:38.534 12302 12302 D AndroidRuntime: readGMSProperty: start
12-12 20:15:38.534 12302 12302 D AndroidRuntime: readGMSProperty: already setted!!
12-12 20:15:38.534 12302 12302 D AndroidRuntime: readGMSProperty: end
12-12 20:15:38.534 12302 12302 D AndroidRuntime: addProductProperty: start
12-12 20:15:38.544 12302 12302 D dalvikvm: Trying to load lib libjavacore.so 0x0
12-12 20:15:38.554 12302 12302 D dalvikvm: Added shared lib libjavacore.so 0x0
12-12 20:15:38.554 12302 12302 D dalvikvm: Trying to load lib libnativehelper.so 0x0
12-12 20:15:38.554 12302 12302 D dalvikvm: Added shared lib libnativehelper.so 0x0
12-12 20:15:38.554 12302 12302 D dalvikvm: No JNI_OnLoad found in libnativehelper.so 0x0, skipping init
12-12 20:15:38.644 12302 12302 E memtrack: Couldn't load memtrack module (No such file or directory)
12-12 20:15:38.644 12302 12302 E android.os.Debug: failed to load memtrack module: -2
12-12 20:15:38.674 12302 12302 D dalvikvm: Note: class Landroid/app/ActivityManagerNative; has 192 unimplemented (abstract) methods
12-12 20:15:38.714 12302 12302 D AndroidRuntime: Calling main entry com.android.commands.pm.Pm
12-12 20:15:38.764   675  1272 V ApplicationPolicy: isApplicationStateBlocked userId 0 pkgname com.android.chrome
12-12 20:15:38.774   675  1272 D EnterpriseDeviceManager: ContainerId: 0
12-12 20:15:38.774   675  1272 V ApplicationPolicy: isApplicationStateBlocked userId 0 pkgname com.android.chrome
12-12 20:15:38.774   675  1272 D PackageManager: START CLEAR APPLICATION USER DATA: observer{1146222816}
12-12 20:15:38.774   675  1272 D PackageManager: pkg{<packageName>}
12-12 20:15:38.774   675  1272 D PackageManager: user{0}
12-12 20:15:38.774   675   956 D PackageManager: [MSG] CLEAR_APPLICATION_USER_DATA
12-12 20:15:38.774   270   270 D keystore: calling clear_uid in state: 3
12-12 20:15:38.814 12313 12313 I SELinux : Function: selinux_android_load_priority [0], There is no sepolicy file.
12-12 20:15:38.814 12313 12313 I SELinux :  
12-12 20:15:38.824  1233  1233 I PersonaManager: getPersonaService() name persona_policy
12-12 20:15:38.834  4056  4056 D daemonapp: [MSC_Daemon]>>> AWDCDS:27 [0:0] AWD CD Act : androidintentactionPACKAGE_RESTARTED
12-12 20:15:38.834  6603  6603 I GeofencerStateMachine: removeGeofences: removeRequest=RemoveGeofencingRequest[REMOVE_ALL packageName=com.android.chrome]
12-12 20:15:38.834   675   960 I ServiceKeeper: In getappinfo pid = 675 pkgName = android appinfo = null
12-12 20:15:38.864 12313 12313 I SELinux : Function: selinux_android_load_priority , spota verifySig and checkHash pass. priority version is VE=SEPF_SM-G900T_4.4.2_0055
12-12 20:15:38.864 12313 12313 I SELinux :  
12-12 20:15:38.864 12313 12313 I SELinux :  
12-12 20:15:38.864 12313 12313 I SELinux : selinux_android_seapp_context_reload: seapp_contexts file is loaded from /data/security/spota/seapp_contexts
12-12 20:15:38.864   675   960 I ServiceKeeper: In getseinfo pid = 675 uid = 1000 seinfo= system
12-12 20:15:38.864 12313 12313 E dalvikvm: >>>>> Normal User
12-12 20:15:38.864 12313 12313 E dalvikvm: >>>>> com.android.defcontainer [ userId:0 | appId:10008 ]
12-12 20:15:38.874 12323 12323 I SELinux : Function: selinux_android_load_priority [0], There is no sepolicy file.
12-12 20:15:38.874 12323 12323 I SELinux :  
12-12 20:15:38.904 12323 12323 I SELinux : Function: selinux_android_load_priority , spota verifySig and checkHash pass. priority version is VE=SEPF_SM-G900T_4.4.2_0055
12-12 20:15:38.904 12323 12323 I SELinux :  
12-12 20:15:38.904 12323 12323 I SELinux :  
12-12 20:15:38.904 12323 12323 I SELinux : selinux_android_seapp_context_reload: seapp_contexts file is loaded from /data/security/spota/seapp_contexts
12-12 20:15:38.904 12323 12323 E dalvikvm: >>>>> Normal User
12-12 20:15:38.904 12323 12323 E dalvikvm: >>>>> com.sec.chaton [ userId:0 | appId:10092 ]
12-12 20:15:38.904   253   253 E SMD     : DCD ON
12-12 20:15:38.904   675   960 I ServiceKeeper: In getappinfo pid = 675 pkgName = android appinfo = null
12-12 20:15:38.904   675   960 I ServiceKeeper: In getseinfo pid = 675 uid = 1000 seinfo= system
12-12 20:15:38.914   675   956 D PackageManager: return delete result to caller: 1146222816
12-12 20:15:38.914 12302 12302 D AndroidRuntime: Shutting down VM
12-12 20:15:38.914 12302 12307 D dalvikvm: GC_CONCURRENT freed 97K, 13% free 677K/776K, paused 1ms+0ms, total 2ms
12-12 20:15:38.914   675   956 D PackageManager: returnCode: true
12-12 20:15:38.964 12323 12352 D skia    : GFXPNG PNG bitmap created width:3 height:69 bitmap id is 270 
12-12 20:15:38.964 12323 12351 D skia    : GFXPNG PNG bitmap created width:64 height:64 bitmap id is 271 
12-12 20:15:38.964 12323 12351 D skia    : GFXPNG PNG bitmap created width:64 height:64 bitmap id is 272 
12-12 20:15:38.964 12323 12351 D skia    : GFXPNG PNG bitmap created width:64 height:64 bitmap id is 273 
12-12 20:15:38.964 12323 12351 D skia    : GFXPNG PNG bitmap created width:64 height:64 bitmap id is 274 
12-12 20:15:38.964 12323 12349 D skia    : GFXPNG PNG bitmap created width:16 height:16 bitmap id is 275 
12-12 20:15:38.964 12323 12352 D skia    : GFXPNG PNG bitmap created width:64 height:64 bitmap id is 276 
12-12 20:15:38.964 12323 12351 D skia    : GFXPNG PNG bitmap created width:64 height:64 bitmap id is 277 
12-12 20:15:38.964 12323 12351 D skia    : GFXPNG PNG bitmap created width:64 height:64 bitmap id is 278 
12-12 20:15:38.964 12323 12350 D skia    : GFXPNG PNG bitmap created width:16 height:16 bitmap id is 279 
12-12 20:15:38.964 12323 12351 D skia    : GFXPNG PNG bitmap created width:64 height:64 bitmap id is 280 
12-12 20:15:38.964 12323 12352 D skia    : GFXPNG PNG bitmap created width:64 height:64 bitmap id is 281 
12-12 20:15:38.974 12323 12323 D PushModule: [PushClientApplication] (main) PushClientApplication.onCreate()
12-12 20:15:38.974 12323 12323 I PushModule: [PushClientApplication] (main) PushModule version: 0.9.01.12
12-12 20:15:38.974 12323 12323 D PushModule: [PushClientApplication] (main) Discovered public push client. disable in app push client.
12-12 20:15:38.984 12323 12323 D ChatON  : [1][isApplicationInstalled] com.android.mms was installed
12-12 20:15:39.024 12323 12323 W ContextImpl: Implicit intents with startService are not safe: Intent { act=com.sec.chaton.push.PUSH_CLIENT_SERVICE_ACTION } android.content.ContextWrapper.startService:506 com.sec.chaton.global.GlobalApplication.onCreate:358 android.app.Instrumentation.callApplicationOnCreate:1013 
12-12 20:15:39.024   675  5908 W ActivityManager: Unable to start service Intent { act=com.sec.chaton.push.PUSH_CLIENT_SERVICE_ACTION } U=0: not found
12-12 20:15:39.034 12323 12323 D ChatON  : [1][a] ChatONV isn't installed.
12-12 20:15:39.034 12323 12323 D ChatON  : [1][a] ChatONVPlugIn.isAvailable()
12-12 20:15:39.064 12358 12358 I SELinux : Function: selinux_android_load_priority [0], There is no sepolicy file.
12-12 20:15:39.064 12358 12358 I SELinux :  
12-12 20:15:39.104 12358 12358 I SELinux : Function: selinux_android_load_priority , spota verifySig and checkHash pass. priority version is VE=SEPF_SM-G900T_4.4.2_0055
12-12 20:15:39.104 12358 12358 I SELinux :  
12-12 20:15:39.104 12358 12358 I SELinux :  
12-12 20:15:39.104 12358 12358 I SELinux : selinux_android_seapp_context_reload: seapp_contexts file is loaded from /data/security/spota/seapp_contexts
12-12 20:15:39.104 12358 12358 E dalvikvm: >>>>> Normal User
12-12 20:15:39.104 12358 12358 E dalvikvm: >>>>> com.android.documentsui [ userId:0 | appId:10101 ]
12-12 20:15:39.154 12358 12371 D Documents: Loading roots for com.android.externalstorage.documents
12-12 20:15:39.204 12375 12375 I SELinux : Function: selinux_android_load_priority [0], There is no sepolicy file.
12-12 20:15:39.204 12375 12375 I SELinux :  
12-12 20:15:39.214  4056  4056 D daemonapp: [MSC_Daemon]>>> AWDCDS:27 [0:0] AWD CD Act : androidintentactionPACKAGE_DATA_CLEARED
12-12 20:15:39.264 12375 12375 I SELinux : Function: selinux_android_load_priority , spota verifySig and checkHash pass. priority version is VE=SEPF_SM-G900T_4.4.2_0055
12-12 20:15:39.264 12375 12375 I SELinux :  
12-12 20:15:39.264 12375 12375 I SELinux :  
12-12 20:15:39.264 12375 12375 I SELinux : selinux_android_seapp_context_reload: seapp_contexts file is loaded from /data/security/spota/seapp_contexts
12-12 20:15:39.264 12375 12375 E dalvikvm: >>>>> Normal User
12-12 20:15:39.264 12375 12375 E dalvikvm: >>>>> com.android.externalstorage [ userId:0 | appId:10013 ]
12-12 20:15:39.274  8050 12386 D Wear_Controller: Received broadcast action=android.intent.action.PACKAGE_DATA_CLEARED and uri=com.android.chrome
12-12 20:15:39.274  8050 12384 I LocationSettingsChecker: Removing dialog suppression flag for package com.android.chrome
12-12 20:15:39.294   675   960 I ServiceKeeper: In getappinfo pid = 675 pkgName = android appinfo = null
12-12 20:15:39.294   675   960 I ServiceKeeper: In getseinfo pid = 675 uid = 1000 seinfo= system
12-12 20:15:39.294  8050  8132 I Icing   : doRemovePackageData com.android.chrome
12-12 20:15:39.294   675   960 I ServiceKeeper: In getappinfo pid = 675 pkgName = android appinfo = null
12-12 20:15:39.294   675   960 I ServiceKeeper: In getseinfo pid = 675 uid = 1000 seinfo= system
12-12 20:15:39.294   675   960 I ServiceKeeper: In getappinfo pid = 675 pkgName = android appinfo = null
12-12 20:15:39.294   675   960 I ServiceKeeper: In getseinfo pid = 675 uid = 1000 seinfo= system
12-12 20:15:39.294   675   960 I ServiceKeeper: In getappinfo pid = 675 pkgName = android appinfo = null
12-12 20:15:39.294   675   960 I ServiceKeeper: In getseinfo pid = 675 uid = 1000 seinfo= system
12-12 20:15:39.294   675   960 I ServiceKeeper: In getappinfo pid = 675 pkgName = android appinfo = null
12-12 20:15:39.294   675   960 I ServiceKeeper: In getseinfo pid = 675 uid = 1000 seinfo= system
12-12 20:15:39.314 12375 12375 D ExternalStorage: After updating volumes, found 1 active roots
12-12 20:15:39.314 12358 12358 D Documents: Updating roots due to change at content://com.android.externalstorage.documents/root
12-12 20:15:39.324 12358 12371 D Documents: Loading roots for com.android.providers.downloads.documents
12-12 20:15:39.324 12358 12371 D Documents: Loading roots for com.android.providers.media.documents
12-12 20:15:39.334   675   960 I ServiceKeeper: In getappinfo pid = 675 pkgName = android appinfo = null
12-12 20:15:39.334   675   960 I ServiceKeeper: In getseinfo pid = 675 uid = 1000 seinfo= system
12-12 20:15:39.334   675   960 I ServiceKeeper: In getappinfo pid = 675 pkgName = android appinfo = null
12-12 20:15:39.334   675   960 I ServiceKeeper: In getseinfo pid = 675 uid = 1000 seinfo= system
12-12 20:15:39.334   675   960 I ServiceKeeper: In getappinfo pid = 675 pkgName = android appinfo = null
12-12 20:15:39.334   675   960 I ServiceKeeper: In getseinfo pid = 675 uid = 1000 seinfo= system
12-12 20:15:39.334   675   960 I ServiceKeeper: In getappinfo pid = 675 pkgName = android appinfo = null
12-12 20:15:39.334   675   960 I ServiceKeeper: In getseinfo pid = 675 uid = 1000 seinfo= system
12-12 20:15:39.334   675   960 I ServiceKeeper: In getappinfo pid = 675 pkgName = android appinfo = null
12-12 20:15:39.334   675   960 I ServiceKeeper: In getseinfo pid = 675 uid = 1000 seinfo= system
12-12 20:15:39.344 12358 12371 D Documents: Loading roots for com.google.android.apps.docs.storage
12-12 20:15:39.364 12403 12403 I SELinux : Function: selinux_android_load_priority [0], There is no sepolicy file.
12-12 20:15:39.364 12403 12403 I SELinux :  
12-12 20:15:39.384   262   262 D dalvikvm: GC_EXPLICIT freed 42K, 38% free 16812K/26752K, paused 3ms+1ms, total 22ms
12-12 20:15:39.394 12403 12403 I SELinux : Function: selinux_android_load_priority , spota verifySig and checkHash pass. priority version is VE=SEPF_SM-G900T_4.4.2_0055
12-12 20:15:39.394 12403 12403 I SELinux :  
12-12 20:15:39.394 12403 12403 I SELinux :  
12-12 20:15:39.394 12403 12403 I SELinux : selinux_android_seapp_context_reload: seapp_contexts file is loaded from /data/security/spota/seapp_contexts
12-12 20:15:39.394 12403 12403 E dalvikvm: >>>>> Normal User
12-12 20:15:39.394 12403 12403 E dalvikvm: >>>>> com.google.android.apps.docs [ userId:0 | appId:10102 ]
12-12 20:15:39.404   262   262 D dalvikvm: GC_EXPLICIT freed <1K, 38% free 16812K/26752K, paused 1ms+2ms, total 20ms
12-12 20:15:39.434   262   262 D dalvikvm: GC_EXPLICIT freed <1K, 38% free 16812K/26752K, paused 3ms+2ms, total 23ms
12-12 20:15:39.474 12403 12403 E dalvikvm: Could not find class 'android.provider.DocumentsContract$Path', referenced from method com.google.android.apps.docs.storagebackend.StorageBackendContentProvider.a
12-12 20:15:39.474 12403 12403 W dalvikvm: VFY: unable to resolve new-instance 936 (Landroid/provider/DocumentsContract$Path;) in Lcom/google/android/apps/docs/storagebackend/StorageBackendContentProvider;
12-12 20:15:39.474 12403 12403 D dalvikvm: VFY: replacing opcode 0x22 at 0x0089
12-12 20:15:39.484 12403 12403 I dalvikvm: Could not find method frh.refresh, referenced from method com.google.android.apps.docs.storagebackend.StorageBackendContentProvider.refresh
12-12 20:15:39.484 12403 12403 W dalvikvm: VFY: unable to resolve virtual method 38100: Lfrh;.refresh (Landroid/net/Uri;Landroid/os/Bundle;Landroid/os/CancellationSignal;)Z
12-12 20:15:39.484 12403 12403 D dalvikvm: VFY: replacing opcode 0x6f at 0x0007
12-12 20:15:39.484 12403 12403 D dalvikvm: DexOpt: unable to opt direct call 0x1053 at 0x8b in Lcom/google/android/apps/docs/storagebackend/StorageBackendContentProvider;.a
12-12 20:15:39.494 12403 12403 I dalvikvm: Could not find method android.content.Context.getDrawable, referenced from method in.a
12-12 20:15:39.494 12403 12403 W dalvikvm: VFY: unable to resolve virtual method 2767: Landroid/content/Context;.getDrawable (I)Landroid/graphics/drawable/Drawable;
12-12 20:15:39.494 12403 12403 D dalvikvm: VFY: replacing opcode 0x6e at 0x0006
12-12 20:15:39.494 12403 12403 I dalvikvm: Could not find method android.content.Context.isDeviceProtectedStorage, referenced from method in.a
12-12 20:15:39.494 12403 12403 W dalvikvm: VFY: unable to resolve virtual method 2783: Landroid/content/Context;.isDeviceProtectedStorage ()Z
12-12 20:15:39.494 12403 12403 D dalvikvm: VFY: replacing opcode 0x6e at 0x0006
12-12 20:15:39.494 12403 12403 I dalvikvm: Could not find method android.content.Context.getColorStateList, referenced from method in.b
12-12 20:15:39.494 12403 12403 W dalvikvm: VFY: unable to resolve virtual method 2762: Landroid/content/Context;.getColorStateList (I)Landroid/content/res/ColorStateList;
12-12 20:15:39.494 12403 12403 D dalvikvm: VFY: replacing opcode 0x6e at 0x0006
12-12 20:15:39.494 12403 12403 I dalvikvm: Could not find method android.content.Context.getColor, referenced from method in.c
12-12 20:15:39.494 12403 12403 W dalvikvm: VFY: unable to resolve virtual method 2761: Landroid/content/Context;.getColor (I)I
12-12 20:15:39.494 12403 12403 D dalvikvm: VFY: replacing opcode 0x6e at 0x0006
12-12 20:15:39.604 12403 12403 W dalvikvm: Unable to resolve superclass of Lcom/google/android/apps/docs/notification/guns/GcmJobService; (592)
12-12 20:15:39.604 12403 12403 W dalvikvm: Link of class 'Lcom/google/android/apps/docs/notification/guns/GcmJobService;' failed
12-12 20:15:39.604 12403 12403 W dalvikvm: VFY: unable to find class referenced in signature (Lcom/google/android/apps/docs/notification/guns/GcmJobService;)
12-12 20:15:39.604 12403 12403 W dalvikvm: Unable to resolve superclass of Lcom/google/android/apps/docs/notification/guns/GcmJobService; (592)
12-12 20:15:39.604 12403 12403 W dalvikvm: Link of class 'Lcom/google/android/apps/docs/notification/guns/GcmJobService;' failed
12-12 20:15:39.604 12403 12403 W dalvikvm: VFY: unable to resolve instance field 11971
12-12 20:15:39.604 12403 12403 D dalvikvm: VFY: replacing opcode 0x5b at 0x0008
12-12 20:15:39.604 12403 12403 I dalvikvm: Could not find method java.util.Locale.toLanguageTag, referenced from method drz.a
12-12 20:15:39.604 12403 12403 W dalvikvm: VFY: unable to resolve virtual method 49887: Ljava/util/Locale;.toLanguageTag ()Ljava/lang/String;
12-12 20:15:39.604 12403 12403 D dalvikvm: VFY: replacing opcode 0x6e at 0x00ca
12-12 20:15:39.614 12403 12403 W dalvikvm: Unable to resolve superclass of Lcom/google/android/apps/docs/notification/guns/GcmJobService; (592)
12-12 20:15:39.614 12403 12403 W dalvikvm: Link of class 'Lcom/google/android/apps/docs/notification/guns/GcmJobService;' failed
12-12 20:15:39.614 12403 12403 I dalvikvm: DexOpt: unable to optimize instance field ref 0x2ec4 at 0x12 in Ldrz;.a
12-12 20:15:39.654 12403 12403 I dalvikvm: Could not find method java.util.Locale.toLanguageTag, referenced from method azc.a
12-12 20:15:39.654 12403 12403 W dalvikvm: VFY: unable to resolve virtual method 49887: Ljava/util/Locale;.toLanguageTag ()Ljava/lang/String;
12-12 20:15:39.654 12403 12403 D dalvikvm: VFY: replacing opcode 0x6e at 0x000e
12-12 20:15:39.664 12407 12407 D AndroidRuntime: 
12-12 20:15:39.664 12407 12407 D AndroidRuntime: >>>>>> AndroidRuntime START com.android.internal.os.RuntimeInit <<<<<<
12-12 20:15:39.664 12407 12407 D AndroidRuntime: CheckJNI is OFF
12-12 20:15:39.674 12407 12407 D AndroidRuntime: setted country_code = USA
12-12 20:15:39.674 12407 12407 D AndroidRuntime: setted countryiso_code = US
12-12 20:15:39.674 12407 12407 D AndroidRuntime: setted sales_code = TMB
12-12 20:15:39.674 12407 12407 D AndroidRuntime: readGMSProperty: start
12-12 20:15:39.674 12407 12407 D AndroidRuntime: readGMSProperty: already setted!!
12-12 20:15:39.674 12407 12407 D AndroidRuntime: readGMSProperty: end
12-12 20:15:39.674 12407 12407 D AndroidRuntime: addProductProperty: start
12-12 20:15:39.684 12407 12407 D dalvikvm: Trying to load lib libjavacore.so 0x0
12-12 20:15:39.684 12407 12407 D dalvikvm: Added shared lib libjavacore.so 0x0
12-12 20:15:39.684 12407 12407 D dalvikvm: Trying to load lib libnativehelper.so 0x0
12-12 20:15:39.684 12407 12407 D dalvikvm: Added shared lib libnativehelper.so 0x0
12-12 20:15:39.684 12407 12407 D dalvikvm: No JNI_OnLoad found in libnativehelper.so 0x0, skipping init
12-12 20:15:39.714 12403 12434 I dalvikvm: Could not find method android.content.pm.PackageManager.getPackageInstaller, referenced from method ijj.a
12-12 20:15:39.714 12403 12434 W dalvikvm: VFY: unable to resolve virtual method 2942: Landroid/content/pm/PackageManager;.getPackageInstaller ()Landroid/content/pm/PackageInstaller;
12-12 20:15:39.714 12403 12434 D dalvikvm: VFY: replacing opcode 0x6e at 0x0012
12-12 20:15:39.724 12403 12434 I GAv4    : Google Analytics 11.0.11 is starting up. To enable debug logging on a device run:
12-12 20:15:39.724 12403 12434 I GAv4    :   adb shell setprop log.tag.GAv4 DEBUG
12-12 20:15:39.724 12403 12434 I GAv4    :   adb logcat -s GAv4
12-12 20:15:39.734 12403 12434 I PersonaManager: getPersonaService() name persona_policy
12-12 20:15:39.744 12403 12437 W GAv4    : AnalyticsReceiver is not registered or is disabled. Register the receiver for reliable dispatching on non-Google Play devices. See http://goo.gl/8Rd3yj for instructions.
12-12 20:15:39.744 12403 12434 W CoreComponentFactoryImpl: RetainedComponent will not be retained if  djl does not inherit FragmentActivity and fulfill jpt contract.
12-12 20:15:39.744 12403 12403 W FieldDefinition: Ignoring isIndexed constraint as field also has uniqueness constraint (on just this field, and therefore SQLite will have to create an index on that. For field: com.google.android.apps.docs.database.common.FieldDefinition$a@4338ead0
12-12 20:15:39.764 12403 12437 W GAv4    : CampaignTrackingReceiver is not registered, not exported or is disabled. Installation campaign tracking is not possible. See http://goo.gl/8Rd3yj for instructions.
12-12 20:15:39.774 12403 12437 W GAv4    : AnalyticsService not registered in the app manifest. Hits might not be delivered reliably. See http://goo.gl/8Rd3yj for instructions.
12-12 20:15:39.784 12407 12407 E memtrack: Couldn't load memtrack module (No such file or directory)
12-12 20:15:39.784 12407 12407 E android.os.Debug: failed to load memtrack module: -2
12-12 20:15:39.804 12407 12407 D dalvikvm: Note: class Landroid/app/ActivityManagerNative; has 192 unimplemented (abstract) methods
12-12 20:15:39.844 12407 12407 D AndroidRuntime: Calling main entry com.android.commands.pm.Pm
12-12 20:15:39.884   675   953 V ApplicationPolicy: isApplicationStateBlocked userId 0 pkgname com.android.systemui
12-12 20:15:39.894 12403 12403 W dalvikvm: Unable to resolve superclass of Lcom/google/android/apps/docs/sync/content/ContentSyncJobService; (592)
12-12 20:15:39.894 12403 12403 W dalvikvm: Link of class 'Lcom/google/android/apps/docs/sync/content/ContentSyncJobService;' failed
12-12 20:15:39.894 12403 12403 I dalvikvm: Could not find method com.google.android.apps.docs.sync.content.ContentSyncJobService.a, referenced from method fur.a
12-12 20:15:39.894 12403 12403 W dalvikvm: VFY: unable to resolve static method 20602: Lcom/google/android/apps/docs/sync/content/ContentSyncJobService;.a (Landroid/content/Context;Lfui;)V
12-12 20:15:39.894 12403 12403 D dalvikvm: VFY: replacing opcode 0x71 at 0x0010
12-12 20:15:39.894   675   953 D EnterpriseDeviceManager: ContainerId: 0
12-12 20:15:39.894   675   953 V ApplicationPolicy: isApplicationStateBlocked userId 0 pkgname com.android.systemui
12-12 20:15:39.894   675   936 W WallpaperService: SimStatusVerifyandroid
12-12 20:15:39.894   675   936 D WallpaperService: WallpaperManagerService->SimStatusVerify slot  currSimId 0
12-12 20:15:39.894   675   953 D PackageManager: START CLEAR APPLICATION USER DATA: observer{1144217456}
12-12 20:15:39.894   675   953 D PackageManager: pkg{<packageName>}
12-12 20:15:39.894   675   953 D PackageManager: user{0}
12-12 20:15:39.894   675   936 W WallpaperService: Wallpaper uninstalled, removing: ComponentInfo{com.android.systemui/com.android.systemui.ImageWallpaper}
12-12 20:15:39.894   675   936 V WallpaperService: deleteWallpaperFile. simSlot : 0
12-12 20:15:39.894   675   936 V WallpaperService: bindWallpaperComponentLocked: componentName=null
12-12 20:15:39.894   675   936 V WallpaperService: Use default component wallpaper:null
12-12 20:15:39.894   675   936 V WallpaperService: Using image wallpaper
12-12 20:15:39.894   675   956 D PackageManager: [MSG] CLEAR_APPLICATION_USER_DATA
12-12 20:15:39.894   675   936 V WallpaperService: Binding to:ComponentInfo{com.android.systemui/com.android.systemui.ImageWallpaper}
12-12 20:15:39.904   270   270 D keystore: calling clear_uid in state: 3
12-12 20:15:39.904   675   675 W ContextImpl: Calling a method in the system process without a qualified user: android.app.ContextImpl.sendBroadcast:1505 com.android.server.StatusBarManagerService.sendNotification:985 com.android.server.StatusBarManagerService.removeNotification:710 com.android.server.NotificationManagerService.cancelNotificationLocked:2454 com.android.server.NotificationManagerService.cancelAllNotificationsInt:2669 
12-12 20:15:39.904  4056  4056 D daemonapp: [MSC_Daemon]>>> AWDCDS:27 [0:0] AWD CD Act : androidintentactionPACKAGE_RESTARTED
12-12 20:15:39.904  1063  1063 D STATUSBAR-IconMerger: checkOverflow(504), More:false, Req:false Child:5
12-12 20:15:39.914 12403 12434 I dalvikvm: Could not find method java.util.Locale.toLanguageTag, referenced from method drx.a
12-12 20:15:39.914 12403 12434 W dalvikvm: VFY: unable to resolve virtual method 49887: Ljava/util/Locale;.toLanguageTag ()Ljava/lang/String;
12-12 20:15:39.914 12403 12434 D dalvikvm: VFY: replacing opcode 0x6e at 0x02d6
12-12 20:15:39.914   675   675 D NotificationService: cancelNotificationLocked
12-12 20:15:39.914   675   675 D NotificationService:  hasClearableItems
12-12 20:15:39.914   675   675 D NotificationService: Num of hasClearableItems : 2
12-12 20:15:39.914   675   675 D STATUSBAR-StatusBarManagerService: sendNotification(3) - 5
12-12 20:15:39.914   675   675 D NotificationService:  Sending broadcast for cancel notification = StatusBarNotification(pkg=com.android.systemui user=UserHandle{-1} id=5 tag=null score=0: Notification(pri=0 icon=7f02009e contentView=com.android.systemui/0x109007f vibrate=null sound=null defaults=0x0 flags=0x2 when=0 ledARGB=0x0 contentIntent=Y deleteIntent=N contentTitle=4 contentText=38 tickerText=38 kind=[null]))
12-12 20:15:39.914   675   675 W ContextImpl: Calling a method in the system process without a qualified user: android.app.ContextImpl.sendBroadcast:1491 com.android.server.NotificationManagerService.cancelNotificationLocked:2532 com.android.server.NotificationManagerService.cancelAllNotificationsInt:2669 com.android.server.NotificationManagerService$6.onReceive:1316 android.app.LoadedApk$ReceiverDispatcher$Args.run:772 
12-12 20:15:39.924 12403 12403 W dalvikvm: Unable to resolve superclass of Lcom/google/android/apps/docs/appindexing/AppIndexingJobService; (592)
12-12 20:15:39.924 12403 12403 W dalvikvm: Link of class 'Lcom/google/android/apps/docs/appindexing/AppIndexingJobService;' failed
12-12 20:15:39.924 12403 12403 I dalvikvm: Could not find method com.google.android.apps.docs.appindexing.AppIndexingJobService.a, referenced from method aub.a
12-12 20:15:39.924 12403 12403 W dalvikvm: VFY: unable to resolve static method 16136: Lcom/google/android/apps/docs/appindexing/AppIndexingJobService;.a (Landroid/content/Context;ZJZ)V
12-12 20:15:39.924 12403 12403 D dalvikvm: VFY: replacing opcode 0x71 at 0x001d
12-12 20:15:39.924 12403 12403 W dalvikvm: Unable to resolve superclass of Lcom/google/android/apps/docs/appindexing/AppIndexingJobService; (592)
12-12 20:15:39.924 12403 12403 W dalvikvm: Link of class 'Lcom/google/android/apps/docs/appindexing/AppIndexingJobService;' failed
12-12 20:15:39.924 12403 12403 I dalvikvm: Could not find method com.google.android.apps.docs.appindexing.AppIndexingJobService.a, referenced from method aub.b
12-12 20:15:39.924 12403 12403 W dalvikvm: VFY: unable to resolve static method 16136: Lcom/google/android/apps/docs/appindexing/AppIndexingJobService;.a (Landroid/content/Context;ZJZ)V
12-12 20:15:39.924 12403 12403 D dalvikvm: VFY: replacing opcode 0x71 at 0x000d
12-12 20:15:39.924 12403 12434 I dalvikvm: Could not find method java.util.Locale.toLanguageTag, referenced from method drx.a
12-12 20:15:39.924 12403 12434 W dalvikvm: VFY: unable to resolve virtual method 49887: Ljava/util/Locale;.toLanguageTag ()Ljava/lang/String;
12-12 20:15:39.924 12403 12434 D dalvikvm: VFY: replacing opcode 0x6e at 0x00e2
12-12 20:15:39.934  6603  6603 I GeofencerStateMachine: removeGeofences: removeRequest=RemoveGeofencingRequest[REMOVE_ALL packageName=com.android.systemui]
12-12 20:15:39.934  1233  1233 I PersonaManager: getPersonaService() name persona_policy
12-12 20:15:39.934   675   960 I ServiceKeeper: In getappinfo pid = 675 pkgName = android appinfo = null
12-12 20:15:39.934   675   960 I ServiceKeeper: In getseinfo pid = 675 uid = 1000 seinfo= system
12-12 20:15:39.934   675   960 I ServiceKeeper: In getappinfo pid = 675 pkgName = android appinfo = null
12-12 20:15:39.934   675   960 I ServiceKeeper: In getseinfo pid = 675 uid = 1000 seinfo= system
12-12 20:15:39.934   675   675 D NotificationService: cancelNotificationLocked
12-12 20:15:39.934   675   675 D NotificationService:  hasClearableItems
12-12 20:15:39.934   675   675 D NotificationService: Num of hasClearableItems : 2
12-12 20:15:39.934   675   936 V WallpaperService: Removing window token: android.os.Binder@432640c8
12-12 20:15:39.934   675   675 W ContextImpl: Calling a method in the system process without a qualified user: android.app.ContextImpl.sendBroadcast:1505 com.android.server.StatusBarManagerService.sendNotification:985 com.android.server.StatusBarManagerService.removeNotification:710 com.android.server.NotificationManagerService.cancelNotificationLocked:2454 com.android.server.NotificationManagerService.cancelAllNotificationsInt:2669 
12-12 20:15:39.934   675   675 D STATUSBAR-StatusBarManagerService: sendNotification(3) - 273
12-12 20:15:39.944 12403 12403 E dalvikvm: Could not find class 'android.app.NotificationChannel', referenced from method ewv.a
12-12 20:15:39.944 12403 12403 W dalvikvm: VFY: unable to resolve new-instance 572 (Landroid/app/NotificationChannel;) in Lewv;
12-12 20:15:39.944 12403 12403 D dalvikvm: VFY: replacing opcode 0x22 at 0x001a
12-12 20:15:39.944 12403 12403 E dalvikvm: Could not find class 'android.app.NotificationChannel', referenced from method ewv.a
12-12 20:15:39.944 12403 12403 W dalvikvm: VFY: unable to resolve new-instance 572 (Landroid/app/NotificationChannel;) in Lewv;
12-12 20:15:39.944 12403 12403 D dalvikvm: VFY: replacing opcode 0x22 at 0x002b
12-12 20:15:39.944 12403 12403 I dalvikvm: Could not find method android.app.NotificationManager.createNotificationChannels, referenced from method ewv.a
12-12 20:15:39.944 12403 12403 W dalvikvm: VFY: unable to resolve virtual method 2311: Landroid/app/NotificationManager;.createNotificationChannels (Ljava/util/List;)V
12-12 20:15:39.944 12403 12403 D dalvikvm: VFY: replacing opcode 0x6e at 0x0055
12-12 20:15:39.944 12403 12403 D dalvikvm: DexOpt: unable to opt direct call 0x0902 at 0x26 in Lewv;.a
12-12 20:15:39.944 12403 12403 D dalvikvm: DexOpt: unable to opt direct call 0x0902 at 0x37 in Lewv;.a
12-12 20:15:39.944   675   675 D NotificationService:  Sending broadcast for cancel notification = StatusBarNotification(pkg=com.android.systemui user=UserHandle{0} id=273 tag=null score=0: Notification(pri=0 icon=7f020112 contentView=com.android.systemui/0x109007f vibrate=null sound=null defaults=0x0 flags=0x2 when=0 ledARGB=0x0 contentIntent=N deleteIntent=N contentTitle=16 contentText=16 tickerText=16 kind=[null]))
12-12 20:15:39.944   675   675 W ContextImpl: Calling a method in the system process without a qualified user: android.app.ContextImpl.sendBroadcast:1491 com.android.server.NotificationManagerService.cancelNotificationLocked:2532 com.android.server.NotificationManagerService.cancelAllNotificationsInt:2669 com.android.server.NotificationManagerService$6.onReceive:1316 android.app.LoadedApk$ReceiverDispatcher$Args.run:772 
12-12 20:15:39.944   675   675 D LightsService: [api] [SvcLED] turnOff:: id = 4 (uid: 1000 pid: 675) 
12-12 20:15:39.944   675   675 D LightsService: [SvcLED] setSvcLedStateLocked:: SvcLEDState : 0x0 -> 0x0 | SvcLED(id=4) set Off
12-12 20:15:39.944   675   971 D LightsService: [SvcLED] Lux failed to be updated in 700ms. -> handleForcedSvcLEDTasK
12-12 20:15:39.944   675   971 D LightsService: [SvcLED]  setSvcLedLightLocked :: Current SvcLED(id=3) maintains its priority right
12-12 20:15:39.944   675   936 V WallpaperService: Adding window token: android.os.Binder@44422490
12-12 20:15:39.954   675   675 D RCPManagerService: NotificationReceiver onReceive()
12-12 20:15:39.954   675   675 D RCPManagerService:  NotificationReceiver sbn.getPackageName() com.android.systemui sbn.getUser().getIdentifier() -1
12-12 20:15:39.954   675   675 I ServiceKeeper: In getappinfo pid = 675 pkgName = android appinfo = null
12-12 20:15:39.954   675   675 I ServiceKeeper: In getseinfo pid = 675 uid = 1000 seinfo= system
12-12 20:15:39.954   675   675 D RCPManagerService: getPolicy: Policy checking block entered for Notifications; for user/persona = -1 ; Policy = knox-sanitize-data ; token = 4294967296675
12-12 20:15:39.954   675   675 I ServiceKeeper: In getappinfo pid = 675 pkgName = android appinfo = null
12-12 20:15:39.954   675   675 I ServiceKeeper: In getseinfo pid = 675 uid = 1000 seinfo= system
12-12 20:15:39.954   675   675 D RCPManagerService: getPolicy: policy value returned = false
12-12 20:15:39.954   675   675 D RCPManagerService: going to get the app label for pkg == com.android.systemui
12-12 20:15:39.954   675   675 D RCPManagerService: app label == com.android.systemui
12-12 20:15:39.954   675   675 D RCPManagerService:  NotificationReceiver ACTION_CANCEL_NOTIFICATION 
12-12 20:15:39.954   675   675 D RCPManagerService: NotificationReceiver onReceive()
12-12 20:15:39.954   675   675 D RCPManagerService:  NotificationReceiver sbn.getPackageName() com.android.systemui sbn.getUser().getIdentifier() 0
12-12 20:15:39.954   261   261 I SurfaceFlinger: id=20 createSurf (1x1),2 flag=404, JmageWallpa
12-12 20:15:39.954   675   675 I ServiceKeeper: In getappinfo pid = 675 pkgName = android appinfo = null
12-12 20:15:39.954   675   675 I ServiceKeeper: In getseinfo pid = 675 uid = 1000 seinfo= system
12-12 20:15:39.954   675   675 D RCPManagerService: getPolicy: Policy checking block entered for Notifications; for user/persona = 0 ; Policy = knox-sanitize-data ; token = 4294967296675
12-12 20:15:39.954   675   675 I ServiceKeeper: In getappinfo pid = 675 pkgName = android appinfo = null
12-12 20:15:39.954   675   675 I ServiceKeeper: In getseinfo pid = 675 uid = 1000 seinfo= system
12-12 20:15:39.954   675   675 D RCPManagerService: getPolicy: policy value returned = false
12-12 20:15:39.954   675   675 D RCPManagerService: going to get the app label for pkg == com.android.systemui
12-12 20:15:39.954   675   675 V WallpaperService: saveSettingsLocked(true)
12-12 20:15:39.954   675   675 D UserManagerService: User -1does not exists!!
12-12 20:15:39.964   675   675 D RCPManagerService: app label == System UI
12-12 20:15:39.964   675   675 D RCPManagerService:  NotificationReceiver ACTION_CANCEL_NOTIFICATION 
12-12 20:15:39.964   675   956 D PackageManager: return delete result to caller: 1144217456
12-12 20:15:39.974 12407 12407 D AndroidRuntime: Shutting down VM
12-12 20:15:39.974 12407 12428 D dalvikvm: GC_CONCURRENT freed 97K, 13% free 677K/776K, paused 1ms+0ms, total 2ms
12-12 20:15:39.974  1063  1063 W WallpaperManager: peekWallpaperBitmapcom.android.systemui
12-12 20:15:39.974  1063  1063 W WallpaperManager: peekWallpaperBitmap: single sim
12-12 20:15:39.974  1063  1063 W WallpaperManager: peekWallpaperBitmap:mWallpaper is null
12-12 20:15:39.974   675  1385 W WallpaperService: SimStatusVerifyandroid
12-12 20:15:39.974   675  1385 D WallpaperService: WallpaperManagerService->SimStatusVerify slot  currSimId 0
12-12 20:15:39.974  1063  1063 E File    : fail readDirectory() errno=2
12-12 20:15:39.974  1063  1063 E File    : fail readDirectory() errno=2
12-12 20:15:39.974   675   956 D PackageManager: returnCode: true
12-12 20:15:39.974   675  1385 V WallpaperService: callback register : android.app.IWallpaperManagerCallback$Stub$Proxy@43c806c8
12-12 20:15:39.974   675  1385 V WallpaperService: WallpaperManagerService  SimStatusFlag : 0 WALLPAPER_FILE:wallpaper is not existed
12-12 20:15:39.994  1063  1063 D dalvikvm: GC_FOR_ALLOC freed 15428K, 42% free 37117K/63196K, paused 18ms, total 18ms
12-12 20:15:40.024  1063  1063 I dalvikvm-heap: Grow heap (frag case) to 54.032MB for 14745616-byte allocation
12-12 20:15:40.034 12358 12371 D Documents: Update found 6 roots in 876ms
12-12 20:15:40.034 12358 12460 D Documents: Loading roots for com.android.externalstorage.documents
12-12 20:15:40.044 12358 12358 D Documents: Updating roots due to change at content://com.google.android.apps.docs.storage/root
12-12 20:15:40.044  1063  1071 D dalvikvm: GC_CONCURRENT freed 279K, 19% free 51237K/63196K, paused 2ms+2ms, total 25ms
12-12 20:15:40.044 12358 12461 D Documents: Used cached roots for com.android.externalstorage.documents
12-12 20:15:40.044 12358 12461 D Documents: Used cached roots for com.android.providers.downloads.documents
12-12 20:15:40.054 12358 12461 D Documents: Used cached roots for com.android.providers.media.documents
12-12 20:15:40.054 12358 12461 D Documents: Loading roots for com.google.android.apps.docs.storage
12-12 20:15:40.054 12358 12462 D Documents: Used cached roots for com.android.externalstorage.documents
12-12 20:15:40.054 12358 12462 D Documents: Used cached roots for com.android.providers.downloads.documents
12-12 20:15:40.054 12358 12462 D Documents: Used cached roots for com.android.providers.media.documents
12-12 20:15:40.054 12358 12462 D Documents: Loading roots for com.google.android.apps.docs.storage
12-12 20:15:40.054 12358 12460 D Documents: Used cached roots for com.android.providers.downloads.documents
12-12 20:15:40.054 12358 12460 D Documents: Used cached roots for com.android.providers.media.documents
12-12 20:15:40.054 12358 12460 D Documents: Loading roots for com.google.android.apps.docs.storage
12-12 20:15:40.074 12358 12460 D Documents: Update found 6 roots in 42ms
12-12 20:15:40.074 12358 12462 D Documents: Update found 6 roots in 26ms
12-12 20:15:40.074 12358 12461 D Documents: Update found 6 roots in 33ms
