12-12 20:17:01.713 21510 21510 I dalvikvm: Could not find method android.content.Context.isDeviceProtectedStorage, referenced from method cqq.c
12-12 20:17:01.713 21510 21510 W dalvikvm: VFY: unable to resolve virtual method 1689: Landroid/content/Context;.isDeviceProtectedStorage ()Z
12-12 20:17:01.723 21510 21510 D dalvikvm: VFY: replacing opcode 0x6e at 0x0000
12-12 20:17:01.723 21510 21510 I MultiDex: VM with version 1.6.0 does not have multidex support
12-12 20:17:01.723 21510 21510 I MultiDex: install
12-12 20:17:01.723 21510 21510 I MultiDex: MultiDexExtractor.load(/data/app/com.google.android.gms-1317.apk, false)
12-12 20:17:01.723 21510 21510 I MultiDex: Blocking on lock /data/data/com.google.android.gms/code_cache/secondary-dexes/MultiDex.lock
12-12 20:17:01.723 21510 21510 I MultiDex: /data/data/com.google.android.gms/code_cache/secondary-dexes/MultiDex.lock locked
12-12 20:17:01.723 21510 21510 I MultiDex: Detected that extraction must be performed.
12-12 20:17:01.743   787   787 D CustomFrequencyManagerService: releaseDVFSLockLocked : Getting Lock type frm List : DVFS_MIN_LIMIT  frequency : 1190400  uid : 1000  pid : 787  tag : ACTIVITY_RESUME_BOOSTER@8
12-12 20:17:01.933 21510 21510 I MultiDex: Extraction is needed for file /data/data/com.google.android.gms/code_cache/secondary-dexes/com.google.android.gms-1317.apk.classes2.zip
12-12 20:17:01.933 21510 21510 I MultiDex: Extracting /data/data/com.google.android.gms/code_cache/secondary-dexes/tmp-com.google.android.gms-1317.apk.classes1626797797.zip
12-12 20:17:02.423 21529 21529 D AndroidRuntime: 
12-12 20:17:02.423 21529 21529 D AndroidRuntime: >>>>>> AndroidRuntime START com.android.internal.os.RuntimeInit <<<<<<
12-12 20:17:02.423 21529 21529 D AndroidRuntime: CheckJNI is OFF
12-12 20:17:02.423 21529 21529 D AndroidRuntime: setted country_code = USA
12-12 20:17:02.423 21529 21529 D AndroidRuntime: setted countryiso_code = US
12-12 20:17:02.423 21529 21529 D AndroidRuntime: setted sales_code = BNN
12-12 20:17:02.423 21529 21529 D AndroidRuntime: readGMSProperty: start
12-12 20:17:02.423 21529 21529 D AndroidRuntime: readGMSProperty: already setted!!
12-12 20:17:02.423 21529 21529 D AndroidRuntime: readGMSProperty: end
12-12 20:17:02.423 21529 21529 D AndroidRuntime: addProductProperty: start
12-12 20:17:02.443 21529 21529 D dalvikvm: Trying to load lib libjavacore.so 0x0
12-12 20:17:02.443 21529 21529 D dalvikvm: Added shared lib libjavacore.so 0x0
12-12 20:17:02.443 21529 21529 D dalvikvm: Trying to load lib libnativehelper.so 0x0
12-12 20:17:02.443 21529 21529 D dalvikvm: Added shared lib libnativehelper.so 0x0
12-12 20:17:02.443 21529 21529 D dalvikvm: No JNI_OnLoad found in libnativehelper.so 0x0, skipping init
12-12 20:17:02.633 21529 21529 E memtrack: Couldn't load memtrack module (No such file or directory)
12-12 20:17:02.633 21529 21529 E android.os.Debug: failed to load memtrack module: -2
12-12 20:17:02.673 21529 21529 D dalvikvm: Note: class Landroid/app/ActivityManagerNative; has 192 unimplemented (abstract) methods
12-12 20:17:02.723 21529 21529 D AndroidRuntime: Calling main entry com.android.commands.pm.Pm
12-12 20:17:02.813   787  1223 V ApplicationPolicy: isApplicationStateBlocked userId 0 pkgname com.android.browser
12-12 20:17:02.813 21529 21529 D AndroidRuntime: Shutting down VM
12-12 20:17:02.813   787  1223 W ActivityManager: Invalid packageName: com.android.browser
12-12 20:17:02.823 21529 21538 D dalvikvm: GC_CONCURRENT freed 97K, 13% free 677K/776K, paused 1ms+1ms, total 3ms
12-12 20:17:03.143   787   863 D SensorService:   -0.7 0.5 9.5
12-12 20:17:03.633 21547 21547 D AndroidRuntime: 
12-12 20:17:03.633 21547 21547 D AndroidRuntime: >>>>>> AndroidRuntime START com.android.internal.os.RuntimeInit <<<<<<
12-12 20:17:03.633 21547 21547 D AndroidRuntime: CheckJNI is OFF
12-12 20:17:03.633 21547 21547 D AndroidRuntime: setted country_code = USA
12-12 20:17:03.633 21547 21547 D AndroidRuntime: setted countryiso_code = US
12-12 20:17:03.633 21547 21547 D AndroidRuntime: setted sales_code = BNN
12-12 20:17:03.633 21547 21547 D AndroidRuntime: readGMSProperty: start
12-12 20:17:03.633 21547 21547 D AndroidRuntime: readGMSProperty: already setted!!
12-12 20:17:03.633 21547 21547 D AndroidRuntime: readGMSProperty: end
12-12 20:17:03.633 21547 21547 D AndroidRuntime: addProductProperty: start
12-12 20:17:03.653 21547 21547 D dalvikvm: Trying to load lib libjavacore.so 0x0
12-12 20:17:03.653 21547 21547 D dalvikvm: Added shared lib libjavacore.so 0x0
12-12 20:17:03.653 21547 21547 D dalvikvm: Trying to load lib libnativehelper.so 0x0
12-12 20:17:03.653 21547 21547 D dalvikvm: Added shared lib libnativehelper.so 0x0
12-12 20:17:03.653 21547 21547 D dalvikvm: No JNI_OnLoad found in libnativehelper.so 0x0, skipping init
12-12 20:17:03.843 21547 21547 E memtrack: Couldn't load memtrack module (No such file or directory)
12-12 20:17:03.843 21547 21547 E android.os.Debug: failed to load memtrack module: -2
12-12 20:17:03.873 21547 21547 D dalvikvm: Note: class Landroid/app/ActivityManagerNative; has 192 unimplemented (abstract) methods
12-12 20:17:03.933 21547 21547 D AndroidRuntime: Calling main entry com.android.commands.pm.Pm
12-12 20:17:04.013   787  8952 V ApplicationPolicy: isApplicationStateBlocked userId 0 pkgname com.android.browser.provider
12-12 20:17:04.023  1126  1126 D ContainerEventsRelayManager: <<< Intent action is >>> : android.intent.action.PACKAGE_RESTARTED
12-12 20:17:04.023  1126  1126 D ContainerEventsRelayManager: <<< Intent data is   >>> : package:com.android.browser.provider
12-12 20:17:04.023   787  8952 V ApplicationPolicy: isApplicationStateBlocked userId 0 pkgname com.android.browser.provider
12-12 20:17:04.023   787  8952 D PackageManager: START CLEAR APPLICATION USER DATA: observer{1129705752}
12-12 20:17:04.023   787  8952 D PackageManager: pkg{<packageName>}
12-12 20:17:04.023   787  8952 D PackageManager: user{0}
12-12 20:17:04.033  1126  1126 D ContainerEventsRelayManager: <<< Intent action is >>> : android.intent.action.PACKAGE_DATA_CLEARED
12-12 20:17:04.033  1126  1126 D ContainerEventsRelayManager: <<< Intent data is   >>> : package:com.android.browser.provider
12-12 20:17:04.033   787   886 D PackageManager: [MSG] CLEAR_APPLICATION_USER_DATA
12-12 20:17:04.033 20336 20657 D Documents: Used cached roots for com.android.externalstorage.documents
12-12 20:17:04.033 20336 20657 D Documents: Used cached roots for com.android.providers.downloads.documents
12-12 20:17:04.033   252   252 D keystore: calling clear_uid in state: 3
12-12 20:17:04.033 20336 20657 D Documents: Used cached roots for com.android.providers.media.documents
12-12 20:17:04.033 20336 20657 D Documents: Loading roots for com.google.android.apps.docs.storage
12-12 20:17:04.053 20336 20657 D Documents: Update found 6 roots in 19ms
12-12 20:17:04.053 21547 21547 D AndroidRuntime: Shutting down VM
12-12 20:17:04.053 21547 21552 D dalvikvm: GC_CONCURRENT freed 97K, 13% free 677K/776K, paused 1ms+1ms, total 3ms
12-12 20:17:04.053   787   886 D PackageManager: return delete result to caller: 1129705752
12-12 20:17:04.053   787   886 D PackageManager: returnCode: true
12-12 20:17:04.843 21559 21559 D AndroidRuntime: 
12-12 20:17:04.843 21559 21559 D AndroidRuntime: >>>>>> AndroidRuntime START com.android.internal.os.RuntimeInit <<<<<<
12-12 20:17:04.853 21559 21559 D AndroidRuntime: CheckJNI is OFF
12-12 20:17:04.853 21559 21559 D AndroidRuntime: setted country_code = USA
12-12 20:17:04.853 21559 21559 D AndroidRuntime: setted countryiso_code = US
12-12 20:17:04.853 21559 21559 D AndroidRuntime: setted sales_code = BNN
12-12 20:17:04.853 21559 21559 D AndroidRuntime: readGMSProperty: start
12-12 20:17:04.853 21559 21559 D AndroidRuntime: readGMSProperty: already setted!!
12-12 20:17:04.853 21559 21559 D AndroidRuntime: readGMSProperty: end
12-12 20:17:04.853 21559 21559 D AndroidRuntime: addProductProperty: start
12-12 20:17:04.863 21559 21559 D dalvikvm: Trying to load lib libjavacore.so 0x0
12-12 20:17:04.873 21559 21559 D dalvikvm: Added shared lib libjavacore.so 0x0
12-12 20:17:04.873 21559 21559 D dalvikvm: Trying to load lib libnativehelper.so 0x0
12-12 20:17:04.873 21559 21559 D dalvikvm: Added shared lib libnativehelper.so 0x0
12-12 20:17:04.873 21559 21559 D dalvikvm: No JNI_OnLoad found in libnativehelper.so 0x0, skipping init
12-12 20:17:05.063 21559 21559 E memtrack: Couldn't load memtrack module (No such file or directory)
12-12 20:17:05.063 21559 21559 E android.os.Debug: failed to load memtrack module: -2
12-12 20:17:05.103 21559 21559 D dalvikvm: Note: class Landroid/app/ActivityManagerNative; has 192 unimplemented (abstract) methods
12-12 20:17:05.173 21559 21559 D AndroidRuntime: Calling main entry com.android.commands.pm.Pm
12-12 20:17:05.253   787 16023 V ApplicationPolicy: isApplicationStateBlocked userId 0 pkgname com.samsung.android.scloud.proxy.sbrowser
12-12 20:17:05.263  1126  1126 D ContainerEventsRelayManager: <<< Intent action is >>> : android.intent.action.PACKAGE_RESTARTED
12-12 20:17:05.263  1126  1126 D ContainerEventsRelayManager: <<< Intent data is   >>> : package:com.samsung.android.scloud.proxy.sbrowser
12-12 20:17:05.263   787 16023 V ApplicationPolicy: isApplicationStateBlocked userId 0 pkgname com.samsung.android.scloud.proxy.sbrowser
12-12 20:17:05.263   787 16023 D PackageManager: START CLEAR APPLICATION USER DATA: observer{1128691264}
12-12 20:17:05.263   787 16023 D PackageManager: pkg{<packageName>}
12-12 20:17:05.263   787 16023 D PackageManager: user{0}
12-12 20:17:05.273  1126  1126 D ContainerEventsRelayManager: <<< Intent action is >>> : android.intent.action.PACKAGE_DATA_CLEARED
12-12 20:17:05.273  1126  1126 D ContainerEventsRelayManager: <<< Intent data is   >>> : package:com.samsung.android.scloud.proxy.sbrowser
12-12 20:17:05.273   252   252 D keystore: calling clear_uid in state: 3
12-12 20:17:05.273 20336 20348 D Documents: Used cached roots for com.android.externalstorage.documents
12-12 20:17:05.273   787   886 D PackageManager: [MSG] CLEAR_APPLICATION_USER_DATA
12-12 20:17:05.293 20336 20348 D Documents: Used cached roots for com.android.providers.downloads.documents
12-12 20:17:05.293 20336 20348 D Documents: Used cached roots for com.android.providers.media.documents
12-12 20:17:05.293 20336 20348 D Documents: Loading roots for com.google.android.apps.docs.storage
12-12 20:17:05.353 20336 20348 D Documents: Update found 6 roots in 79ms
12-12 20:17:05.353 21559 21559 D AndroidRuntime: Shutting down VM
12-12 20:17:05.353 21559 21565 D dalvikvm: GC_CONCURRENT freed 97K, 13% free 677K/776K, paused 1ms+1ms, total 3ms
12-12 20:17:05.353   787   886 D PackageManager: return delete result to caller: 1128691264
12-12 20:17:05.353   787   886 D PackageManager: returnCode: true
12-12 20:17:05.623 21510 21510 I MultiDex: Renaming to /data/data/com.google.android.gms/code_cache/secondary-dexes/com.google.android.gms-1317.apk.classes2.zip
12-12 20:17:05.623 21510 21510 I MultiDex: Extraction succeeded - length /data/data/com.google.android.gms/code_cache/secondary-dexes/com.google.android.gms-1317.apk.classes2.zip: 3787696 - crc: 3049240479
12-12 20:17:05.623 21510 21510 I MultiDex: Extraction is needed for file /data/data/com.google.android.gms/code_cache/secondary-dexes/com.google.android.gms-1317.apk.classes3.zip
12-12 20:17:05.623 21510 21510 I MultiDex: Extracting /data/data/com.google.android.gms/code_cache/secondary-dexes/tmp-com.google.android.gms-1317.apk.classes-1365415356.zip
12-12 20:17:05.903   787  1770 D SSRMv2:SIOP: SIOP:: AP = 320, Delta = 10
12-12 20:17:06.143 21588 21588 D AndroidRuntime: 
12-12 20:17:06.143 21588 21588 D AndroidRuntime: >>>>>> AndroidRuntime START com.android.internal.os.RuntimeInit <<<<<<
12-12 20:17:06.143 21588 21588 D AndroidRuntime: CheckJNI is OFF
12-12 20:17:06.153 21588 21588 D AndroidRuntime: setted country_code = USA
12-12 20:17:06.153 21588 21588 D AndroidRuntime: setted countryiso_code = US
12-12 20:17:06.153 21588 21588 D AndroidRuntime: setted sales_code = BNN
12-12 20:17:06.153 21588 21588 D AndroidRuntime: readGMSProperty: start
12-12 20:17:06.153 21588 21588 D AndroidRuntime: readGMSProperty: already setted!!
12-12 20:17:06.153 21588 21588 D AndroidRuntime: readGMSProperty: end
12-12 20:17:06.153 21588 21588 D AndroidRuntime: addProductProperty: start
12-12 20:17:06.163 21588 21588 D dalvikvm: Trying to load lib libjavacore.so 0x0
12-12 20:17:06.173 21588 21588 D dalvikvm: Added shared lib libjavacore.so 0x0
12-12 20:17:06.173 21588 21588 D dalvikvm: Trying to load lib libnativehelper.so 0x0
12-12 20:17:06.173 21588 21588 D dalvikvm: Added shared lib libnativehelper.so 0x0
12-12 20:17:06.173 21588 21588 D dalvikvm: No JNI_OnLoad found in libnativehelper.so 0x0, skipping init
12-12 20:17:06.363 21588 21588 E memtrack: Couldn't load memtrack module (No such file or directory)
12-12 20:17:06.363 21588 21588 E android.os.Debug: failed to load memtrack module: -2
12-12 20:17:06.393 21588 21588 D dalvikvm: Note: class Landroid/app/ActivityManagerNative; has 192 unimplemented (abstract) methods
12-12 20:17:06.443   787   863 D SensorService:   -0.7 0.5 9.5
12-12 20:17:06.463 21588 21588 D AndroidRuntime: Calling main entry com.android.commands.pm.Pm
12-12 20:17:06.543   787   797 V ApplicationPolicy: isApplicationStateBlocked userId 0 pkgname com.sec.android.app.sbrowser
12-12 20:17:06.553  1126  1126 D ContainerEventsRelayManager: <<< Intent action is >>> : android.intent.action.PACKAGE_RESTARTED
12-12 20:17:06.553  1126  1126 D ContainerEventsRelayManager: <<< Intent data is   >>> : package:com.sec.android.app.sbrowser
12-12 20:17:06.553   787   797 V ApplicationPolicy: isApplicationStateBlocked userId 0 pkgname com.sec.android.app.sbrowser
12-12 20:17:06.553   787   797 D PackageManager: START CLEAR APPLICATION USER DATA: observer{1127463648}
12-12 20:17:06.553   787   797 D PackageManager: pkg{<packageName>}
12-12 20:17:06.553   787   797 D PackageManager: user{0}
12-12 20:17:06.553   787   886 D PackageManager: [MSG] CLEAR_APPLICATION_USER_DATA
12-12 20:17:06.563  1126  1126 D ContainerEventsRelayManager: <<< Intent action is >>> : android.intent.action.PACKAGE_DATA_CLEARED
12-12 20:17:06.563  1126  1126 D ContainerEventsRelayManager: <<< Intent data is   >>> : package:com.sec.android.app.sbrowser
12-12 20:17:06.563 20336 20431 D Documents: Used cached roots for com.android.externalstorage.documents
12-12 20:17:06.563 20336 20431 D Documents: Used cached roots for com.android.providers.downloads.documents
12-12 20:17:06.563 20336 20431 D Documents: Used cached roots for com.android.providers.media.documents
12-12 20:17:06.563 20336 20431 D Documents: Loading roots for com.google.android.apps.docs.storage
12-12 20:17:06.563   252   252 D keystore: calling clear_uid in state: 3
12-12 20:17:06.573 20336 20431 D Documents: Update found 6 roots in 15ms
12-12 20:17:06.583   787   886 D PackageManager: return delete result to caller: 1127463648
12-12 20:17:06.583 21588 21588 D AndroidRuntime: Shutting down VM
12-12 20:17:06.583 21588 21593 D dalvikvm: GC_CONCURRENT freed 97K, 13% free 677K/776K, paused 0ms+0ms, total 3ms
12-12 20:17:06.583   787   886 D PackageManager: returnCode: true
12-12 20:17:07.383 21600 21600 D AndroidRuntime: 
12-12 20:17:07.383 21600 21600 D AndroidRuntime: >>>>>> AndroidRuntime START com.android.internal.os.RuntimeInit <<<<<<
12-12 20:17:07.383 21600 21600 D AndroidRuntime: CheckJNI is OFF
12-12 20:17:07.383 21600 21600 D AndroidRuntime: setted country_code = USA
12-12 20:17:07.383 21600 21600 D AndroidRuntime: setted countryiso_code = US
12-12 20:17:07.383 21600 21600 D AndroidRuntime: setted sales_code = BNN
12-12 20:17:07.383 21600 21600 D AndroidRuntime: readGMSProperty: start
12-12 20:17:07.383 21600 21600 D AndroidRuntime: readGMSProperty: already setted!!
12-12 20:17:07.383 21600 21600 D AndroidRuntime: readGMSProperty: end
12-12 20:17:07.383 21600 21600 D AndroidRuntime: addProductProperty: start
12-12 20:17:07.403 21600 21600 D dalvikvm: Trying to load lib libjavacore.so 0x0
12-12 20:17:07.403 21600 21600 D dalvikvm: Added shared lib libjavacore.so 0x0
12-12 20:17:07.403 21600 21600 D dalvikvm: Trying to load lib libnativehelper.so 0x0
12-12 20:17:07.403 21600 21600 D dalvikvm: Added shared lib libnativehelper.so 0x0
12-12 20:17:07.403 21600 21600 D dalvikvm: No JNI_OnLoad found in libnativehelper.so 0x0, skipping init
12-12 20:17:07.593 21600 21600 E memtrack: Couldn't load memtrack module (No such file or directory)
12-12 20:17:07.593 21600 21600 E android.os.Debug: failed to load memtrack module: -2
12-12 20:17:07.623 21600 21600 D dalvikvm: Note: class Landroid/app/ActivityManagerNative; has 192 unimplemented (abstract) methods
12-12 20:17:07.683 21600 21600 D AndroidRuntime: Calling main entry com.android.commands.pm.Pm
12-12 20:17:07.763   787  1157 V ApplicationPolicy: isApplicationStateBlocked userId 0 pkgname com.sec.android.app.sbrowsertry
12-12 20:17:07.773  1126  1126 D ContainerEventsRelayManager: <<< Intent action is >>> : android.intent.action.PACKAGE_RESTARTED
12-12 20:17:07.773  1126  1126 D ContainerEventsRelayManager: <<< Intent data is   >>> : package:com.sec.android.app.sbrowsertry
12-12 20:17:07.773   787  1157 V ApplicationPolicy: isApplicationStateBlocked userId 0 pkgname com.sec.android.app.sbrowsertry
12-12 20:17:07.773   787  1157 D PackageManager: START CLEAR APPLICATION USER DATA: observer{1127673184}
12-12 20:17:07.773   787  1157 D PackageManager: pkg{<packageName>}
12-12 20:17:07.773   787  1157 D PackageManager: user{0}
12-12 20:17:07.783  1126  1126 D ContainerEventsRelayManager: <<< Intent action is >>> : android.intent.action.PACKAGE_DATA_CLEARED
12-12 20:17:07.783  1126  1126 D ContainerEventsRelayManager: <<< Intent data is   >>> : package:com.sec.android.app.sbrowsertry
12-12 20:17:07.783 20336 20429 D Documents: Used cached roots for com.android.externalstorage.documents
12-12 20:17:07.783 20336 20429 D Documents: Used cached roots for com.android.providers.downloads.documents
12-12 20:17:07.783   252   252 D keystore: calling clear_uid in state: 3
12-12 20:17:07.783 20336 20429 D Documents: Used cached roots for com.android.providers.media.documents
12-12 20:17:07.783 20336 20429 D Documents: Loading roots for com.google.android.apps.docs.storage
12-12 20:17:07.783   787   886 D PackageManager: [MSG] CLEAR_APPLICATION_USER_DATA
12-12 20:17:07.813 20336 20429 D Documents: Update found 6 roots in 29ms
12-12 20:17:07.813 21600 21600 D AndroidRuntime: Shutting down VM
12-12 20:17:07.813 21600 21605 D dalvikvm: GC_CONCURRENT freed 97K, 13% free 677K/776K, paused 0ms+0ms, total 2ms
12-12 20:17:07.813   787   886 D PackageManager: return delete result to caller: 1127673184
12-12 20:17:07.813   787   886 D PackageManager: returnCode: true
12-12 20:17:08.663 15485 21616 D Aatp    : /ping
12-12 20:17:08.793 15485 21617 D Aatp    : /sleep
12-12 20:17:08.813 15485 21617 D Aatp    : sha1: 787d6466aaeec1abee17974eabe434ce98f02348
12-12 20:17:08.823 15485 21618 D AWSDeviceFarmAndroidLib: WakeLock: release
12-12 20:17:08.823 15485 15485 D AatpDeviceManager: taskStatus update (787d6466aaeec1abee17974eabe434ce98f02348: {"state":1})
12-12 20:17:08.823   787  1223 D PowerManagerService: [api] release WakeLock flags=0x30000006 tag=AWSDeviceFarmAndroidLib uid=11773 pid=15485 (0x0)
12-12 20:17:08.823   787   787 W ContextImpl: Calling a method in the system process without a qualified user: android.app.ContextImpl.sendBroadcast:1523 com.android.server.StatusBarManagerService.sendNotification:981 com.android.server.StatusBarManagerService.addNotification:670 com.android.server.NotificationManagerService$7.run:2142 android.os.Handler.handleCallback:733 
12-12 20:17:08.823   787  1223 D PowerManagerService: [api] applyWakeLockFlagsOnReleaseLocked : userActivityNoUpdateLocked is called : SCREEN_DIM_WAKE_LOCK           'AWSDeviceFarmAndroidLib' ACQUIRE_CAUSES_WAKEUP ON_AFTER_RELEASE (uid=11773, pid=15485, ws=null) (elapsedTime=260139)
12-12 20:17:08.823   787   787 D STATUSBAR-StatusBarManagerService: sendNotification(1) - 1096041571
12-12 20:17:08.833 15485 15485 D AatpDeviceManager: taskStatus update (787d6466aaeec1abee17974eabe434ce98f02348: {"result":"Nighty night","state":2})
12-12 20:17:08.833 15485 21617 D Aatp    : /task/787d6466aaeec1abee17974eabe434ce98f02348
12-12 20:17:08.833   787   787 D NotificationService: cancelNotificationLocked
12-12 20:17:08.833   787   787 D NotificationService:  hasClearableItems
12-12 20:17:08.833   787   787 D NotificationService:  has clearable items no 
12-12 20:17:08.833   787   787 D NotificationService: cancelNotificationLocked: cancel alarm
12-12 20:17:08.833   787   787 D NotificationService: cancelNotificationLocked: cancel alarm
12-12 20:17:08.833   787   787 W ContextImpl: Calling a method in the system process without a qualified user: android.app.ContextImpl.sendBroadcast:1523 com.android.server.StatusBarManagerService.sendNotification:981 com.android.server.StatusBarManagerService.removeNotification:706 com.android.server.NotificationManagerService.cancelNotificationLocked:2455 com.android.server.NotificationManagerService.access$5100:160 
12-12 20:17:08.833   787   787 D STATUSBAR-StatusBarManagerService: sendNotification(3) - 1096041571
12-12 20:17:08.833   787   787 D LightsService: [api] [SvcLED] turnOff:: id = 4 (uid: 1000 pid: 787) 
12-12 20:17:08.833   787   787 D LightsService: [SvcLED] setSvcLedStateLocked:: SvcLEDState : 0x0 -> 0x0 | SvcLED(id=4) set Off
12-12 20:17:08.833   787   893 D LightsService: [SvcLED] Lux failed to be updated in 700ms. -> handleForcedSvcLEDTasK
12-12 20:17:08.833   787   893 D LightsService: [SvcLED]  setSvcLedLightLocked :: Current SvcLED(id=3) maintains its priority right
12-12 20:17:08.843   982   982 D ProgressBar: setProgressDrawable drawableHeight = 0
12-12 20:17:08.843   982   982 D PhoneStatusBar: tick(): knoxCustomManager = android.app.enterprise.knoxcustom.KnoxCustomManager@425e6460
12-12 20:17:08.863   982   982 D STATUSBAR-IconMerger: checkOverflow(1092), More:false, Req:false Child:2
12-12 20:17:08.953 15485 21620 D Aatp    : /task/787d6466aaeec1abee17974eabe434ce98f02348/status
12-12 20:17:09.443 21510 21510 I MultiDex: Renaming to /data/data/com.google.android.gms/code_cache/secondary-dexes/com.google.android.gms-1317.apk.classes3.zip
12-12 20:17:09.443 21510 21510 I MultiDex: Extraction succeeded - length /data/data/com.google.android.gms/code_cache/secondary-dexes/com.google.android.gms-1317.apk.classes3.zip: 3889587 - crc: 2878268367
12-12 20:17:09.443 21510 21510 I MultiDex: Extraction is needed for file /data/data/com.google.android.gms/code_cache/secondary-dexes/com.google.android.gms-1317.apk.classes4.zip
12-12 20:17:09.443 21510 21510 I MultiDex: Extracting /data/data/com.google.android.gms/code_cache/secondary-dexes/tmp-com.google.android.gms-1317.apk.classes1544244249.zip
12-12 20:17:09.743   787   863 D SensorService:   -0.7 0.5 9.5
12-12 20:17:10.143   787  1157 D BatteryService: level:100, scale:100, status:3, health:2, present:true, voltage: 4352, temperature: 261, technology: Li-ion, AC powered:false, USB powered:true, Wireless powered:false, icon:17303545, invalid charger:0, online:4, current avg:5, charge type:2, power sharing:false
12-12 20:17:10.143   787   787 D BatteryService: Sending ACTION_BATTERY_CHANGED.
12-12 20:17:10.153   982   982 D KeyguardUpdateMonitor: received broadcast android.intent.action.BATTERY_CHANGED
12-12 20:17:10.153   982   982 D KeyguardUpdateMonitor: handleBatteryUpdate
12-12 20:17:10.153  1813  1813 D DeviceManagerBroadcastReceiver: Updated Battery Level: 100
12-12 20:17:10.153  1813  1813 D DeviceManagerBroadcastReceiver: Action: android.intent.action.BATTERY_CHANGED
12-12 20:17:10.153  1813  1813 D DeviceManagerBroadcastReceiver: Set Alarm: false
12-12 20:17:10.153   982   982 D STATUSBAR-PhoneStatusBar:  mBrightnessEnablebySettings = true mBrightnessEnablebyBattery = true mBrightnessEnablebyDisableFlag = true mPmsBrightnessEnablebySettings = true
12-12 20:17:10.163   982   982 D STATUSBAR-IconMerger: checkOverflow(1092), More:false, Req:false Child:2
12-12 20:17:10.173   982   982 D BatteryMeterView: ACTION_BATTERY_CHANGED : level:100 status:3 health:2
12-12 20:17:10.223 21624 21624 D AndroidRuntime: 
12-12 20:17:10.223 21624 21624 D AndroidRuntime: >>>>>> AndroidRuntime START com.android.internal.os.RuntimeInit <<<<<<
12-12 20:17:10.223 21624 21624 D AndroidRuntime: CheckJNI is OFF
12-12 20:17:10.223 21624 21624 D AndroidRuntime: setted country_code = USA
12-12 20:17:10.223 21624 21624 D AndroidRuntime: setted countryiso_code = US
12-12 20:17:10.223 21624 21624 D AndroidRuntime: setted sales_code = BNN
12-12 20:17:10.223 21624 21624 D AndroidRuntime: readGMSProperty: start
12-12 20:17:10.223 21624 21624 D AndroidRuntime: readGMSProperty: already setted!!
12-12 20:17:10.223 21624 21624 D AndroidRuntime: readGMSProperty: end
12-12 20:17:10.223 21624 21624 D AndroidRuntime: addProductProperty: start
12-12 20:17:10.243 21624 21624 D dalvikvm: Trying to load lib libjavacore.so 0x0
12-12 20:17:10.243 21624 21624 D dalvikvm: Added shared lib libjavacore.so 0x0
12-12 20:17:10.243 21624 21624 D dalvikvm: Trying to load lib libnativehelper.so 0x0
12-12 20:17:10.253 21624 21624 D dalvikvm: Added shared lib libnativehelper.so 0x0
12-12 20:17:10.253 21624 21624 D dalvikvm: No JNI_OnLoad found in libnativehelper.so 0x0, skipping init
12-12 20:17:10.443 21624 21624 E memtrack: Couldn't load memtrack module (No such file or directory)
12-12 20:17:10.443 21624 21624 E android.os.Debug: failed to load memtrack module: -2
12-12 20:17:10.483 21624 21624 D dalvikvm: Note: class Landroid/app/ActivityManagerNative; has 192 unimplemented (abstract) methods
12-12 20:17:10.543 21624 21624 D AndroidRuntime: Calling main entry com.android.commands.am.Am
12-12 20:17:10.603   787  1048 V ApplicationPolicy: isApplicationStateBlocked userId 0 pkgname com.amazon.aatp.aatpdevicemanager
12-12 20:17:10.603   787  1048 I ActivityManager: Killing 15485:com.amazon.aatp.aatpdevicemanager/u0a1773 (adj 2): stop com.amazon.aatp.aatpdevicemanager
12-12 20:17:10.613   787   787 W ContextImpl: Calling a method in the system process without a qualified user: android.app.ContextImpl.sendBroadcast:1523 com.android.server.StatusBarManagerService.sendNotification:981 com.android.server.StatusBarManagerService.removeNotification:706 com.android.server.NotificationManagerService.cancelNotificationLocked:2455 com.android.server.NotificationManagerService.access$5100:160 
12-12 20:17:10.613   787   787 D NotificationService: cancelNotificationLocked
12-12 20:17:10.613   787   787 D STATUSBAR-StatusBarManagerService: sendNotification(3) - 1096041549
12-12 20:17:10.623 21624 21624 D AndroidRuntime: Shutting down VM
12-12 20:17:10.623   787   787 D NotificationService:  hasClearableItems
12-12 20:17:10.623   787   787 D NotificationService:  has clearable items no 
12-12 20:17:10.623   787   787 D NotificationService: cancelNotificationLocked: cancel alarm
12-12 20:17:10.623   787   787 D NotificationService: cancelNotificationLocked: cancel alarm
12-12 20:17:10.623 21624 21630 D dalvikvm: GC_CONCURRENT freed 95K, 13% free 666K/764K, paused 0ms+0ms, total 3ms
12-12 20:17:10.623  1126  1126 D ContainerEventsRelayManager: <<< Intent action is >>> : android.intent.action.PACKAGE_RESTARTED
12-12 20:17:10.623  1126  1126 D ContainerEventsRelayManager: <<< Intent data is   >>> : package:com.amazon.aatp.aatpdevicemanager
12-12 20:17:10.623   787   787 D LightsService: [api] [SvcLED] turnOff:: id = 4 (uid: 1000 pid: 787) 
12-12 20:17:10.623   787   787 D LightsService: [SvcLED] setSvcLedStateLocked:: SvcLEDState : 0x0 -> 0x0 | SvcLED(id=4) set Off
12-12 20:17:10.623   787   893 D LightsService: [SvcLED] Lux failed to be updated in 700ms. -> handleForcedSvcLEDTasK
12-12 20:17:10.623   787   893 D LightsService: [SvcLED]  setSvcLedLightLocked :: Current SvcLED(id=3) maintains its priority right
12-12 20:17:10.633   982  1166 D KeyguardViewMediator: setKeyguardEnabled(true)
12-12 20:17:10.633   982  1166 D LockPatternUtils: isPcwEnable = 10
12-12 20:17:10.633   982   982 D STATUSBAR-IconMerger: checkOverflow(1092), More:false, Req:false Child:1
