--------- beginning of /dev/log/main
12-12 20:16:16.943   787   863 D SensorService:   -0.7 0.5 9.5
12-12 20:16:17.993 20238 20238 D AndroidRuntime: 
12-12 20:16:17.993 20238 20238 D AndroidRuntime: >>>>>> AndroidRuntime START com.android.internal.os.RuntimeInit <<<<<<
12-12 20:16:17.993 20238 20238 D AndroidRuntime: CheckJNI is OFF
12-12 20:16:17.993 20238 20238 D AndroidRuntime: setted country_code = USA
12-12 20:16:17.993 20238 20238 D AndroidRuntime: setted countryiso_code = US
12-12 20:16:17.993 20238 20238 D AndroidRuntime: setted sales_code = BNN
12-12 20:16:17.993 20238 20238 D AndroidRuntime: readGMSProperty: start
12-12 20:16:17.993 20238 20238 D AndroidRuntime: readGMSProperty: already setted!!
12-12 20:16:17.993 20238 20238 D AndroidRuntime: readGMSProperty: end
12-12 20:16:17.993 20238 20238 D AndroidRuntime: addProductProperty: start
12-12 20:16:18.013 20238 20238 D dalvikvm: Trying to load lib libjavacore.so 0x0
12-12 20:16:18.013 20238 20238 D dalvikvm: Added shared lib libjavacore.so 0x0
12-12 20:16:18.013 20238 20238 D dalvikvm: Trying to load lib libnativehelper.so 0x0
12-12 20:16:18.013 20238 20238 D dalvikvm: Added shared lib libnativehelper.so 0x0
12-12 20:16:18.013 20238 20238 D dalvikvm: No JNI_OnLoad found in libnativehelper.so 0x0, skipping init
12-12 20:16:18.203 20238 20238 E memtrack: Couldn't load memtrack module (No such file or directory)
12-12 20:16:18.203 20238 20238 E android.os.Debug: failed to load memtrack module: -2
12-12 20:16:18.243 20238 20238 D dalvikvm: Note: class Landroid/app/ActivityManagerNative; has 192 unimplemented (abstract) methods
12-12 20:16:18.303 20238 20238 D AndroidRuntime: Calling main entry com.android.commands.am.Am
12-12 20:16:18.383 20254 20254 I SELinux : Function: selinux_android_load_priority [0], There is no sepolicy file.
12-12 20:16:18.383 20254 20254 I SELinux :  
12-12 20:16:18.383 20254 20254 I SELinux : Function: selinux_android_load_priority [1], There is no sepolicy version file.
12-12 20:16:18.383 20254 20254 I SELinux :  
12-12 20:16:18.383 20254 20254 I SELinux : Function: selinux_android_load_priority , priority version is VE=SEPF_SM-T530NU_4.4.2_0028
12-12 20:16:18.383 20254 20254 I SELinux :  
12-12 20:16:18.383 20254 20254 I SELinux :  
12-12 20:16:18.383 20254 20254 I SELinux : selinux_android_seapp_context_reload: seapp_contexts file is loaded from /seapp_contexts
12-12 20:16:18.383 20254 20254 D dalvikvm: Late-enabling CheckJNI
12-12 20:16:18.613 20254 20254 I System.out: EMMA: collecting runtime coverage data ...
12-12 20:16:18.633 20254 20254 I dalvikvm: Could not find method android.content.pm.PackageManager.getPackageInstaller, referenced from method com.google.android.gms.common.zzo.zzx
12-12 20:16:18.633 20254 20254 W dalvikvm: VFY: unable to resolve virtual method 525: Landroid/content/pm/PackageManager;.getPackageInstaller ()Landroid/content/pm/PackageInstaller;
12-12 20:16:18.633 20254 20254 D dalvikvm: VFY: replacing opcode 0x6e at 0x0013
12-12 20:16:18.643 20254 20254 I dalvikvm: Could not find method android.content.Context.getNoBackupFilesDir, referenced from method com.google.android.gms.common.util.zzu.getNoBackupFilesDir
12-12 20:16:18.643 20254 20254 W dalvikvm: VFY: unable to resolve virtual method 391: Landroid/content/Context;.getNoBackupFilesDir ()Ljava/io/File;
12-12 20:16:18.643 20254 20254 D dalvikvm: VFY: replacing opcode 0x6e at 0x0006
12-12 20:16:18.643 20254 20269 W DynamiteModule: Local module descriptor class for com.google.firebase.auth not found.
12-12 20:16:18.643 20254 20269 I dalvikvm: Could not find method android.content.pm.PackageManager.isInstantApp, referenced from method com.google.android.gms.internal.zzbec.zzalq
12-12 20:16:18.643 20254 20269 W dalvikvm: VFY: unable to resolve virtual method 532: Landroid/content/pm/PackageManager;.isInstantApp (Ljava/lang/String;)Z
12-12 20:16:18.643 20254 20269 D dalvikvm: VFY: replacing opcode 0x6e at 0x002d
12-12 20:16:18.653 20254 20254 D FirebaseApp: com.google.firebase.crash.FirebaseCrash is not linked. Skipping initialization.
12-12 20:16:18.653 20254 20269 W DynamiteModule: Local module descriptor class for com.google.firebase.auth not found.
12-12 20:16:18.653 20254 20254 I FA      : App measurement is starting up, version: 11400
12-12 20:16:18.653 20254 20254 I FA      : To enable debug logging run: adb shell setprop log.tag.FA VERBOSE
12-12 20:16:18.663 20254 20254 I dalvikvm: Could not find method android.content.pm.PackageManager.isInstantApp, referenced from method com.google.android.gms.internal.zzbeb.zzcp
12-12 20:16:18.663 20254 20254 W dalvikvm: VFY: unable to resolve virtual method 531: Landroid/content/pm/PackageManager;.isInstantApp ()Z
12-12 20:16:18.663 20254 20254 D dalvikvm: VFY: replacing opcode 0x6e at 0x0028
12-12 20:16:18.663 20254 20254 I FA      : To enable faster debug mode event logging run:
12-12 20:16:18.663 20254 20254 I FA      :   adb shell setprop debug.firebase.analytics.app com.example.snoopy
12-12 20:16:18.673 20254 20254 E dalvikvm: Could not find class 'android.app.job.JobScheduler', referenced from method com.google.android.gms.internal.zzcfr.zzazv
12-12 20:16:18.673 20254 20254 W dalvikvm: VFY: unable to resolve check-cast 64 (Landroid/app/job/JobScheduler;) in Lcom/google/android/gms/internal/zzcfr;
12-12 20:16:18.673 20254 20254 D dalvikvm: VFY: replacing opcode 0x1f at 0x000b
12-12 20:16:18.673 20254 20254 E dalvikvm: Could not find class 'android.app.job.JobScheduler', referenced from method com.google.android.gms.internal.zzcfr.zzs
12-12 20:16:18.673 20254 20254 W dalvikvm: VFY: unable to resolve check-cast 64 (Landroid/app/job/JobScheduler;) in Lcom/google/android/gms/internal/zzcfr;
12-12 20:16:18.673 20254 20254 D dalvikvm: VFY: replacing opcode 0x1f at 0x0098
12-12 20:16:18.673 20254 20254 D dalvikvm: DexOpt: unable to opt direct call 0x0142 at 0xa0 in Lcom/google/android/gms/internal/zzcfr;.zzs
12-12 20:16:18.673 20254 20254 D dalvikvm: DexOpt: unable to opt direct call 0x0597 at 0xae in Lcom/google/android/gms/internal/zzcfr;.zzs
12-12 20:16:18.673 20254 20254 I FirebaseInitProvider: FirebaseApp initialization successful
12-12 20:16:18.683 20254 20273 W dalvikvm: VFY: unable to find class referenced in signature (Landroid/app/job/JobParameters;)
12-12 20:16:18.683 20254 20273 W dalvikvm: VFY: unable to find class referenced in signature (Landroid/app/job/JobParameters;)
12-12 20:16:18.683 20254 20273 W dalvikvm: VFY: unable to find class referenced in signature (Landroid/app/job/JobParameters;)
12-12 20:16:18.683 20254 20273 W dalvikvm: VFY: unable to find class referenced in signature (Landroid/app/job/JobParameters;)
12-12 20:16:18.683 20254 20273 I dalvikvm: Could not find method android.app.job.JobParameters.getExtras, referenced from method com.google.android.gms.internal.zzcfh.onStartJob
12-12 20:16:18.683 20254 20273 W dalvikvm: VFY: unable to resolve virtual method 327: Landroid/app/job/JobParameters;.getExtras ()Landroid/os/PersistableBundle;
12-12 20:16:18.683 20254 20273 D dalvikvm: VFY: replacing opcode 0x6e at 0x000a
--------- beginning of /dev/log/system
12-12 20:16:18.683   787  8953 W ActivityManager: Permission Denial: getCurrentUser() from pid=20254, uid=11774 requires android.permission.INTERACT_ACROSS_USERS
12-12 20:16:18.693 20254 20274 I TestRunner: started: rmInternalFiles(com.trellis.AUTUtils)
12-12 20:16:18.733 20254 20274 D dalvikvm: GC_EXPLICIT freed 4604K, 63% free 5314K/14132K, paused 3ms+3ms, total 32ms
12-12 20:16:18.763 20254 20274 D dalvikvm: GC_EXPLICIT freed 11K, 63% free 5304K/14132K, paused 2ms+3ms, total 22ms
12-12 20:16:18.763 20254 20274 I TestRunner: finished: rmInternalFiles(com.trellis.AUTUtils)
12-12 20:16:18.763 20254 20274 I TestRunner: passed: rmInternalFiles(com.trellis.AUTUtils)
12-12 20:16:18.763 20238 20238 D AndroidRuntime: Shutting down VM
12-12 20:16:18.763   787 16023 I ActivityManager: Killing 20254:com.example.snoopy/u0a1774 (adj 0): stop com.example.snoopy
12-12 20:16:18.773 20238 20246 D dalvikvm: GC_CONCURRENT freed 108K, 15% free 677K/788K, paused 5ms+0ms, total 8ms
12-12 20:16:19.573   787  1084 E Watchdog: !@Sync 795
12-12 20:16:19.703 20280 20280 D AndroidRuntime: 
12-12 20:16:19.703 20280 20280 D AndroidRuntime: >>>>>> AndroidRuntime START com.android.internal.os.RuntimeInit <<<<<<
12-12 20:16:19.703 20280 20280 D AndroidRuntime: CheckJNI is OFF
12-12 20:16:19.703 20280 20280 D AndroidRuntime: setted country_code = USA
12-12 20:16:19.703 20280 20280 D AndroidRuntime: setted countryiso_code = US
12-12 20:16:19.703 20280 20280 D AndroidRuntime: setted sales_code = BNN
12-12 20:16:19.703 20280 20280 D AndroidRuntime: readGMSProperty: start
12-12 20:16:19.703 20280 20280 D AndroidRuntime: readGMSProperty: already setted!!
12-12 20:16:19.703 20280 20280 D AndroidRuntime: readGMSProperty: end
12-12 20:16:19.703 20280 20280 D AndroidRuntime: addProductProperty: start
12-12 20:16:19.723 20280 20280 D dalvikvm: Trying to load lib libjavacore.so 0x0
12-12 20:16:19.723 20280 20280 D dalvikvm: Added shared lib libjavacore.so 0x0
12-12 20:16:19.723 20280 20280 D dalvikvm: Trying to load lib libnativehelper.so 0x0
12-12 20:16:19.723 20280 20280 D dalvikvm: Added shared lib libnativehelper.so 0x0
12-12 20:16:19.723 20280 20280 D dalvikvm: No JNI_OnLoad found in libnativehelper.so 0x0, skipping init
12-12 20:16:19.913 20280 20280 E memtrack: Couldn't load memtrack module (No such file or directory)
12-12 20:16:19.913 20280 20280 E android.os.Debug: failed to load memtrack module: -2
12-12 20:16:19.943 20280 20280 D dalvikvm: Note: class Landroid/app/ActivityManagerNative; has 192 unimplemented (abstract) methods
12-12 20:16:20.013 20280 20280 D AndroidRuntime: Calling main entry com.android.commands.am.Am
12-12 20:16:20.073   787  1223 V ApplicationPolicy: isApplicationStateBlocked userId 0 pkgname com.trellis
12-12 20:16:20.083  1126  1126 D ContainerEventsRelayManager: <<< Intent action is >>> : android.intent.action.PACKAGE_RESTARTED
12-12 20:16:20.083  1126  1126 D ContainerEventsRelayManager: <<< Intent data is   >>> : package:com.trellis
12-12 20:16:20.083 20280 20280 D AndroidRuntime: Shutting down VM
12-12 20:16:20.083 20280 20291 D dalvikvm: GC_CONCURRENT freed 95K, 13% free 666K/764K, paused 1ms+1ms, total 3ms
12-12 20:16:20.083  3084  3084 D daemonapp: [MSC_Daemon]>>> AWDCDS:27 [0:0] AWD CD Act : androidintentactionPACKAGE_RESTARTED
12-12 20:16:20.243   787   863 D SensorService:   -0.7 0.5 9.5
12-12 20:16:20.953 20300 20300 D AndroidRuntime: 
12-12 20:16:20.953 20300 20300 D AndroidRuntime: >>>>>> AndroidRuntime START com.android.internal.os.RuntimeInit <<<<<<
12-12 20:16:20.953 20300 20300 D AndroidRuntime: CheckJNI is OFF
12-12 20:16:20.953 20300 20300 D AndroidRuntime: setted country_code = USA
12-12 20:16:20.953 20300 20300 D AndroidRuntime: setted countryiso_code = US
12-12 20:16:20.963 20300 20300 D AndroidRuntime: setted sales_code = BNN
12-12 20:16:20.963 20300 20300 D AndroidRuntime: readGMSProperty: start
12-12 20:16:20.963 20300 20300 D AndroidRuntime: readGMSProperty: already setted!!
12-12 20:16:20.963 20300 20300 D AndroidRuntime: readGMSProperty: end
12-12 20:16:20.963 20300 20300 D AndroidRuntime: addProductProperty: start
12-12 20:16:20.973 20300 20300 D dalvikvm: Trying to load lib libjavacore.so 0x0
12-12 20:16:20.973 20300 20300 D dalvikvm: Added shared lib libjavacore.so 0x0
12-12 20:16:20.983 20300 20300 D dalvikvm: Trying to load lib libnativehelper.so 0x0
12-12 20:16:20.983 20300 20300 D dalvikvm: Added shared lib libnativehelper.so 0x0
12-12 20:16:20.983 20300 20300 D dalvikvm: No JNI_OnLoad found in libnativehelper.so 0x0, skipping init
12-12 20:16:21.043   787   886 D PackageManager: [MSG] WRITE_PACKAGE_RESTRICTIONS
12-12 20:16:21.183 20300 20300 E memtrack: Couldn't load memtrack module (No such file or directory)
12-12 20:16:21.183 20300 20300 E android.os.Debug: failed to load memtrack module: -2
12-12 20:16:21.213 20300 20300 D dalvikvm: Note: class Landroid/app/ActivityManagerNative; has 192 unimplemented (abstract) methods
12-12 20:16:21.283 20300 20300 D AndroidRuntime: Calling main entry com.android.commands.am.Am
12-12 20:16:21.343   787  1157 V ApplicationPolicy: isApplicationStateBlocked userId -1 pkgname com.trellis
12-12 20:16:21.343 20300 20300 D AndroidRuntime: Shutting down VM
12-12 20:16:21.353 20300 20309 D dalvikvm: GC_CONCURRENT freed 95K, 13% free 666K/764K, paused 8ms+0ms, total 10ms
12-12 20:16:22.243 20319 20319 D AndroidRuntime: 
12-12 20:16:22.243 20319 20319 D AndroidRuntime: >>>>>> AndroidRuntime START com.android.internal.os.RuntimeInit <<<<<<
12-12 20:16:22.243 20319 20319 D AndroidRuntime: CheckJNI is OFF
12-12 20:16:22.243 20319 20319 D AndroidRuntime: setted country_code = USA
12-12 20:16:22.243 20319 20319 D AndroidRuntime: setted countryiso_code = US
12-12 20:16:22.243 20319 20319 D AndroidRuntime: setted sales_code = BNN
12-12 20:16:22.243 20319 20319 D AndroidRuntime: readGMSProperty: start
12-12 20:16:22.243 20319 20319 D AndroidRuntime: readGMSProperty: already setted!!
12-12 20:16:22.243 20319 20319 D AndroidRuntime: readGMSProperty: end
12-12 20:16:22.243 20319 20319 D AndroidRuntime: addProductProperty: start
12-12 20:16:22.263 20319 20319 D dalvikvm: Trying to load lib libjavacore.so 0x0
12-12 20:16:22.263 20319 20319 D dalvikvm: Added shared lib libjavacore.so 0x0
12-12 20:16:22.263 20319 20319 D dalvikvm: Trying to load lib libnativehelper.so 0x0
12-12 20:16:22.263 20319 20319 D dalvikvm: Added shared lib libnativehelper.so 0x0
12-12 20:16:22.263 20319 20319 D dalvikvm: No JNI_OnLoad found in libnativehelper.so 0x0, skipping init
12-12 20:16:22.453 20319 20319 E memtrack: Couldn't load memtrack module (No such file or directory)
12-12 20:16:22.453 20319 20319 E android.os.Debug: failed to load memtrack module: -2
12-12 20:16:22.483 20319 20319 D dalvikvm: Note: class Landroid/app/ActivityManagerNative; has 192 unimplemented (abstract) methods
12-12 20:16:22.553 20319 20319 D AndroidRuntime: Calling main entry com.android.commands.pm.Pm
12-12 20:16:22.633   787   798 V ApplicationPolicy: isApplicationStateBlocked userId 0 pkgname com.trellis
12-12 20:16:22.643   787   798 V ApplicationPolicy: isApplicationStateBlocked userId 0 pkgname com.trellis
12-12 20:16:22.643  1126  1126 D ContainerEventsRelayManager: <<< Intent action is >>> : android.intent.action.PACKAGE_RESTARTED
12-12 20:16:22.643  1126  1126 D ContainerEventsRelayManager: <<< Intent data is   >>> : package:com.trellis
12-12 20:16:22.643   252   252 D keystore: calling clear_uid in state: 3
12-12 20:16:22.643   787   798 D PackageManager: START CLEAR APPLICATION USER DATA: observer{1125586544}
12-12 20:16:22.643   787   798 D PackageManager: pkg{<packageName>}
12-12 20:16:22.643   787   798 D PackageManager: user{0}
12-12 20:16:22.643   787   886 D PackageManager: [MSG] CLEAR_APPLICATION_USER_DATA
12-12 20:16:22.653  3084  3084 D daemonapp: [MSC_Daemon]>>> AWDCDS:27 [0:0] AWD CD Act : androidintentactionPACKAGE_RESTARTED
12-12 20:16:22.653  1126  1126 D ContainerEventsRelayManager: <<< Intent action is >>> : android.intent.action.PACKAGE_DATA_CLEARED
12-12 20:16:22.653 16063 16063 I GeofencerStateMachine: removeGeofences: removeRequest=RemoveGeofencingRequest[REMOVE_ALL packageName=com.trellis]
12-12 20:16:22.653  1126  1126 D ContainerEventsRelayManager: <<< Intent data is   >>> : package:com.trellis
12-12 20:16:22.673 20336 20336 I SELinux : Function: selinux_android_load_priority [0], There is no sepolicy file.
12-12 20:16:22.673 20336 20336 I SELinux :  
12-12 20:16:22.673 20336 20336 I SELinux : Function: selinux_android_load_priority [1], There is no sepolicy version file.
12-12 20:16:22.673 20336 20336 I SELinux :  
12-12 20:16:22.673 20336 20336 I SELinux : Function: selinux_android_load_priority , priority version is VE=SEPF_SM-T530NU_4.4.2_0028
12-12 20:16:22.673 20336 20336 I SELinux :  
12-12 20:16:22.673 20336 20336 I SELinux :  
12-12 20:16:22.673 20336 20336 I SELinux : selinux_android_seapp_context_reload: seapp_contexts file is loaded from /seapp_contexts
12-12 20:16:22.693   787   886 D PackageManager: return delete result to caller: 1125586544
12-12 20:16:22.693 20319 20319 D AndroidRuntime: Shutting down VM
12-12 20:16:22.693 20319 20328 D dalvikvm: GC_CONCURRENT freed 97K, 13% free 677K/776K, paused 0ms+0ms, total 2ms
12-12 20:16:22.693   787   886 D PackageManager: returnCode: true
12-12 20:16:22.743 20336 20348 D Documents: Loading roots for com.android.externalstorage.documents
12-12 20:16:22.743  3084  3084 D daemonapp: [MSC_Daemon]>>> AWDCDS:27 [0:0] AWD CD Act : androidintentactionPACKAGE_DATA_CLEARED
12-12 20:16:22.743   787  1235 I ActivityManager: Killing 16663:com.google.android.gms.unstable/u0a8 (adj 15): empty #31
12-12 20:16:22.763 20349 20349 I SELinux : Function: selinux_android_load_priority [0], There is no sepolicy file.
12-12 20:16:22.763 20349 20349 I SELinux :  
12-12 20:16:22.763 20349 20349 I SELinux : Function: selinux_android_load_priority [1], There is no sepolicy version file.
12-12 20:16:22.763 20349 20349 I SELinux :  
12-12 20:16:22.763 20349 20349 I SELinux : Function: selinux_android_load_priority , priority version is VE=SEPF_SM-T530NU_4.4.2_0028
12-12 20:16:22.763 20349 20349 I SELinux :  
12-12 20:16:22.763 20349 20349 I SELinux :  
12-12 20:16:22.763 20349 20349 I SELinux : selinux_android_seapp_context_reload: seapp_contexts file is loaded from /seapp_contexts
12-12 20:16:22.793   787 16023 I ActivityManager: Killing 17252:com.google.android.partnersetup/u0a11 (adj 15): empty #31
12-12 20:16:22.833 16331 20368 D Wear_Controller: Received broadcast action=android.intent.action.PACKAGE_DATA_CLEARED and uri=com.trellis
12-12 20:16:22.833 16331 20368 I LocationSettingsChecker: Removing dialog suppression flag for package com.trellis
12-12 20:16:22.843 16331 16442 I Icing   : doRemovePackageData com.trellis
12-12 20:16:22.873 20349 20349 D ExternalStorage: After updating volumes, found 1 active roots
12-12 20:16:22.873 20336 20336 D Documents: Updating roots due to change at content://com.android.externalstorage.documents/root
12-12 20:16:22.873   787  1234 W ActivityManager: Permission Denial: getCurrentUser() from pid=20349, uid=10005 requires android.permission.INTERACT_ACROSS_USERS
12-12 20:16:22.883 20336 20348 D Documents: Loading roots for com.android.providers.downloads.documents
12-12 20:16:22.893 20336 20348 D Documents: Loading roots for com.android.providers.media.documents
12-12 20:16:22.903 20336 20348 D Documents: Loading roots for com.google.android.apps.docs.storage
12-12 20:16:22.913 20382 20382 I SELinux : Function: selinux_android_load_priority [0], There is no sepolicy file.
12-12 20:16:22.913 20382 20382 I SELinux :  
12-12 20:16:22.913 20382 20382 I SELinux : Function: selinux_android_load_priority [1], There is no sepolicy version file.
12-12 20:16:22.913 20382 20382 I SELinux :  
12-12 20:16:22.913 20382 20382 I SELinux : Function: selinux_android_load_priority , priority version is VE=SEPF_SM-T530NU_4.4.2_0028
12-12 20:16:22.913 20382 20382 I SELinux :  
12-12 20:16:22.913 20382 20382 I SELinux :  
12-12 20:16:22.913 20382 20382 I SELinux : selinux_android_seapp_context_reload: seapp_contexts file is loaded from /seapp_contexts
12-12 20:16:22.933   787  3211 I ActivityManager: Killing 17271:com.android.musicfx/u0a18 (adj 15): empty #31
12-12 20:16:23.033 20382 20382 E dalvikvm: Could not find class 'android.provider.DocumentsContract$Path', referenced from method com.google.android.apps.docs.storagebackend.StorageBackendContentProvider.a
12-12 20:16:23.033 20382 20382 W dalvikvm: VFY: unable to resolve new-instance 936 (Landroid/provider/DocumentsContract$Path;) in Lcom/google/android/apps/docs/storagebackend/StorageBackendContentProvider;
12-12 20:16:23.033 20382 20382 D dalvikvm: VFY: replacing opcode 0x22 at 0x0089
12-12 20:16:23.043 20382 20382 I dalvikvm: Could not find method frh.refresh, referenced from method com.google.android.apps.docs.storagebackend.StorageBackendContentProvider.refresh
12-12 20:16:23.043 20382 20382 W dalvikvm: VFY: unable to resolve virtual method 38100: Lfrh;.refresh (Landroid/net/Uri;Landroid/os/Bundle;Landroid/os/CancellationSignal;)Z
12-12 20:16:23.043 20382 20382 D dalvikvm: VFY: replacing opcode 0x6f at 0x0007
12-12 20:16:23.043 20382 20382 D dalvikvm: DexOpt: unable to opt direct call 0x1053 at 0x8b in Lcom/google/android/apps/docs/storagebackend/StorageBackendContentProvider;.a
12-12 20:16:23.063 20382 20382 I dalvikvm: Could not find method android.content.Context.getDrawable, referenced from method in.a
12-12 20:16:23.063 20382 20382 W dalvikvm: VFY: unable to resolve virtual method 2767: Landroid/content/Context;.getDrawable (I)Landroid/graphics/drawable/Drawable;
12-12 20:16:23.063 20382 20382 D dalvikvm: VFY: replacing opcode 0x6e at 0x0006
12-12 20:16:23.063 20382 20382 I dalvikvm: Could not find method android.content.Context.isDeviceProtectedStorage, referenced from method in.a
12-12 20:16:23.063 20382 20382 W dalvikvm: VFY: unable to resolve virtual method 2783: Landroid/content/Context;.isDeviceProtectedStorage ()Z
12-12 20:16:23.063 20382 20382 D dalvikvm: VFY: replacing opcode 0x6e at 0x0006
12-12 20:16:23.063 20382 20382 I dalvikvm: Could not find method android.content.Context.getColorStateList, referenced from method in.b
12-12 20:16:23.063 20382 20382 W dalvikvm: VFY: unable to resolve virtual method 2762: Landroid/content/Context;.getColorStateList (I)Landroid/content/res/ColorStateList;
12-12 20:16:23.063 20382 20382 D dalvikvm: VFY: replacing opcode 0x6e at 0x0006
12-12 20:16:23.063 20382 20382 I dalvikvm: Could not find method android.content.Context.getColor, referenced from method in.c
12-12 20:16:23.063 20382 20382 W dalvikvm: VFY: unable to resolve virtual method 2761: Landroid/content/Context;.getColor (I)I
12-12 20:16:23.063 20382 20382 D dalvikvm: VFY: replacing opcode 0x6e at 0x0006
12-12 20:16:23.093   787  3211 W ActivityManager: Permission Denial: getCurrentUser() from pid=20382, uid=10079 requires android.permission.INTERACT_ACROSS_USERS
12-12 20:16:23.173 20382 20382 W dalvikvm: Unable to resolve superclass of Lcom/google/android/apps/docs/notification/guns/GcmJobService; (592)
12-12 20:16:23.173 20382 20382 W dalvikvm: Link of class 'Lcom/google/android/apps/docs/notification/guns/GcmJobService;' failed
12-12 20:16:23.173 20382 20382 W dalvikvm: VFY: unable to find class referenced in signature (Lcom/google/android/apps/docs/notification/guns/GcmJobService;)
12-12 20:16:23.173 20382 20382 W dalvikvm: Unable to resolve superclass of Lcom/google/android/apps/docs/notification/guns/GcmJobService; (592)
12-12 20:16:23.173 20382 20382 W dalvikvm: Link of class 'Lcom/google/android/apps/docs/notification/guns/GcmJobService;' failed
12-12 20:16:23.183 20382 20382 W dalvikvm: VFY: unable to resolve instance field 11971
12-12 20:16:23.183 20382 20382 D dalvikvm: VFY: replacing opcode 0x5b at 0x0008
12-12 20:16:23.183 20382 20382 I dalvikvm: Could not find method java.util.Locale.toLanguageTag, referenced from method drz.a
12-12 20:16:23.183 20382 20382 W dalvikvm: VFY: unable to resolve virtual method 49887: Ljava/util/Locale;.toLanguageTag ()Ljava/lang/String;
12-12 20:16:23.183 20382 20382 D dalvikvm: VFY: replacing opcode 0x6e at 0x00ca
12-12 20:16:23.193 20382 20382 W dalvikvm: Unable to resolve superclass of Lcom/google/android/apps/docs/notification/guns/GcmJobService; (592)
12-12 20:16:23.193 20382 20382 W dalvikvm: Link of class 'Lcom/google/android/apps/docs/notification/guns/GcmJobService;' failed
12-12 20:16:23.193 20382 20382 I dalvikvm: DexOpt: unable to optimize instance field ref 0x2ec4 at 0x12 in Ldrz;.a
12-12 20:16:23.253 20382 20382 I dalvikvm: Could not find method java.util.Locale.toLanguageTag, referenced from method azc.a
12-12 20:16:23.253 20382 20382 W dalvikvm: VFY: unable to resolve virtual method 49887: Ljava/util/Locale;.toLanguageTag ()Ljava/lang/String;
12-12 20:16:23.253 20382 20382 D dalvikvm: VFY: replacing opcode 0x6e at 0x000e
12-12 20:16:23.333 20382 20403 I dalvikvm: Could not find method android.content.pm.PackageManager.getPackageInstaller, referenced from method ijj.a
12-12 20:16:23.333 20382 20403 W dalvikvm: VFY: unable to resolve virtual method 2942: Landroid/content/pm/PackageManager;.getPackageInstaller ()Landroid/content/pm/PackageInstaller;
12-12 20:16:23.333 20382 20403 D dalvikvm: VFY: replacing opcode 0x6e at 0x0012
12-12 20:16:23.343 20382 20403 I GAv4    : Google Analytics 11.0.11 is starting up. To enable debug logging on a device run:
12-12 20:16:23.343 20382 20403 I GAv4    :   adb shell setprop log.tag.GAv4 DEBUG
12-12 20:16:23.343 20382 20403 I GAv4    :   adb logcat -s GAv4
12-12 20:16:23.363 20382 20403 W CoreComponentFactoryImpl: RetainedComponent will not be retained if  djl does not inherit FragmentActivity and fulfill jpt contract.
12-12 20:16:23.363 20382 20406 W GAv4    : AnalyticsReceiver is not registered or is disabled. Register the receiver for reliable dispatching on non-Google Play devices. See http://goo.gl/8Rd3yj for instructions.
12-12 20:16:23.383 20382 20382 W FieldDefinition: Ignoring isIndexed constraint as field also has uniqueness constraint (on just this field, and therefore SQLite will have to create an index on that. For field: com.google.android.apps.docs.database.common.FieldDefinition$a@42a96d98
12-12 20:16:23.433 20382 20406 W GAv4    : CampaignTrackingReceiver is not registered, not exported or is disabled. Installation campaign tracking is not possible. See http://goo.gl/8Rd3yj for instructions.
12-12 20:16:23.443 20382 20406 W GAv4    : AnalyticsService not registered in the app manifest. Hits might not be delivered reliably. See http://goo.gl/8Rd3yj for instructions.
12-12 20:16:23.473 20396 20396 D AndroidRuntime: 
12-12 20:16:23.473 20396 20396 D AndroidRuntime: >>>>>> AndroidRuntime START com.android.internal.os.RuntimeInit <<<<<<
12-12 20:16:23.473 20396 20396 D AndroidRuntime: CheckJNI is OFF
12-12 20:16:23.483 20396 20396 D AndroidRuntime: setted country_code = USA
12-12 20:16:23.483 20396 20396 D AndroidRuntime: setted countryiso_code = US
12-12 20:16:23.483 20396 20396 D AndroidRuntime: setted sales_code = BNN
12-12 20:16:23.483 20396 20396 D AndroidRuntime: readGMSProperty: start
12-12 20:16:23.483 20396 20396 D AndroidRuntime: readGMSProperty: already setted!!
12-12 20:16:23.483 20396 20396 D AndroidRuntime: readGMSProperty: end
12-12 20:16:23.483 20396 20396 D AndroidRuntime: addProductProperty: start
12-12 20:16:23.493 20396 20396 D dalvikvm: Trying to load lib libjavacore.so 0x0
12-12 20:16:23.493 20396 20396 D dalvikvm: Added shared lib libjavacore.so 0x0
12-12 20:16:23.503 20396 20396 D dalvikvm: Trying to load lib libnativehelper.so 0x0
12-12 20:16:23.503 20396 20396 D dalvikvm: Added shared lib libnativehelper.so 0x0
12-12 20:16:23.503 20396 20396 D dalvikvm: No JNI_OnLoad found in libnativehelper.so 0x0, skipping init
12-12 20:16:23.543   787   863 D SensorService:   -0.7 0.5 9.5
12-12 20:16:23.583 20382 20403 I dalvikvm: Could not find method java.util.Locale.toLanguageTag, referenced from method drx.a
12-12 20:16:23.583 20382 20403 W dalvikvm: VFY: unable to resolve virtual method 49887: Ljava/util/Locale;.toLanguageTag ()Ljava/lang/String;
12-12 20:16:23.583 20382 20403 D dalvikvm: VFY: replacing opcode 0x6e at 0x02d6
12-12 20:16:23.613 20382 20403 I dalvikvm: Could not find method java.util.Locale.toLanguageTag, referenced from method drx.a
12-12 20:16:23.613 20382 20403 W dalvikvm: VFY: unable to resolve virtual method 49887: Ljava/util/Locale;.toLanguageTag ()Ljava/lang/String;
12-12 20:16:23.613 20382 20403 D dalvikvm: VFY: replacing opcode 0x6e at 0x00e2
12-12 20:16:23.613 20382 20382 W dalvikvm: Unable to resolve superclass of Lcom/google/android/apps/docs/sync/content/ContentSyncJobService; (592)
12-12 20:16:23.613 20382 20382 W dalvikvm: Link of class 'Lcom/google/android/apps/docs/sync/content/ContentSyncJobService;' failed
12-12 20:16:23.613 20382 20382 I dalvikvm: Could not find method com.google.android.apps.docs.sync.content.ContentSyncJobService.a, referenced from method fur.a
12-12 20:16:23.613 20382 20382 W dalvikvm: VFY: unable to resolve static method 20602: Lcom/google/android/apps/docs/sync/content/ContentSyncJobService;.a (Landroid/content/Context;Lfui;)V
12-12 20:16:23.613 20382 20382 D dalvikvm: VFY: replacing opcode 0x71 at 0x0010
12-12 20:16:23.643 20382 20382 W dalvikvm: Unable to resolve superclass of Lcom/google/android/apps/docs/appindexing/AppIndexingJobService; (592)
12-12 20:16:23.643 20382 20382 W dalvikvm: Link of class 'Lcom/google/android/apps/docs/appindexing/AppIndexingJobService;' failed
12-12 20:16:23.643 20382 20382 I dalvikvm: Could not find method com.google.android.apps.docs.appindexing.AppIndexingJobService.a, referenced from method aub.a
12-12 20:16:23.643 20382 20382 W dalvikvm: VFY: unable to resolve static method 16136: Lcom/google/android/apps/docs/appindexing/AppIndexingJobService;.a (Landroid/content/Context;ZJZ)V
12-12 20:16:23.643 20382 20382 D dalvikvm: VFY: replacing opcode 0x71 at 0x001d
12-12 20:16:23.643 20382 20382 W dalvikvm: Unable to resolve superclass of Lcom/google/android/apps/docs/appindexing/AppIndexingJobService; (592)
12-12 20:16:23.643 20382 20382 W dalvikvm: Link of class 'Lcom/google/android/apps/docs/appindexing/AppIndexingJobService;' failed
12-12 20:16:23.643 20382 20382 I dalvikvm: Could not find method com.google.android.apps.docs.appindexing.AppIndexingJobService.a, referenced from method aub.b
12-12 20:16:23.643 20382 20382 W dalvikvm: VFY: unable to resolve static method 16136: Lcom/google/android/apps/docs/appindexing/AppIndexingJobService;.a (Landroid/content/Context;ZJZ)V
12-12 20:16:23.643 20382 20382 D dalvikvm: VFY: replacing opcode 0x71 at 0x000d
12-12 20:16:23.643 20382 20382 E dalvikvm: Could not find class 'android.app.NotificationChannel', referenced from method ewv.a
12-12 20:16:23.643 20382 20382 W dalvikvm: VFY: unable to resolve new-instance 572 (Landroid/app/NotificationChannel;) in Lewv;
12-12 20:16:23.643 20382 20382 D dalvikvm: VFY: replacing opcode 0x22 at 0x001a
12-12 20:16:23.653 20382 20382 E dalvikvm: Could not find class 'android.app.NotificationChannel', referenced from method ewv.a
12-12 20:16:23.653 20382 20382 W dalvikvm: VFY: unable to resolve new-instance 572 (Landroid/app/NotificationChannel;) in Lewv;
12-12 20:16:23.653 20382 20382 D dalvikvm: VFY: replacing opcode 0x22 at 0x002b
12-12 20:16:23.653 20382 20382 I dalvikvm: Could not find method android.app.NotificationManager.createNotificationChannels, referenced from method ewv.a
12-12 20:16:23.653 20382 20382 W dalvikvm: VFY: unable to resolve virtual method 2311: Landroid/app/NotificationManager;.createNotificationChannels (Ljava/util/List;)V
12-12 20:16:23.653 20382 20382 D dalvikvm: VFY: replacing opcode 0x6e at 0x0055
12-12 20:16:23.653 20382 20382 D dalvikvm: DexOpt: unable to opt direct call 0x0902 at 0x26 in Lewv;.a
12-12 20:16:23.653 20382 20382 D dalvikvm: DexOpt: unable to opt direct call 0x0902 at 0x37 in Lewv;.a
12-12 20:16:23.693 20396 20396 E memtrack: Couldn't load memtrack module (No such file or directory)
12-12 20:16:23.693 20396 20396 E android.os.Debug: failed to load memtrack module: -2
12-12 20:16:23.713 20336 20348 D Documents: Update found 6 roots in 974ms
12-12 20:16:23.713 20336 20429 D Documents: Loading roots for com.android.externalstorage.documents
12-12 20:16:23.713 20336 20336 D Documents: Updating roots due to change at content://com.google.android.apps.docs.storage/root
12-12 20:16:23.723 20336 20431 D Documents: Used cached roots for com.android.externalstorage.documents
12-12 20:16:23.723 20396 20396 D dalvikvm: Note: class Landroid/app/ActivityManagerNative; has 192 unimplemented (abstract) methods
12-12 20:16:23.733 20336 20431 D Documents: Used cached roots for com.android.providers.downloads.documents
12-12 20:16:23.733 20336 20431 D Documents: Used cached roots for com.android.providers.media.documents
12-12 20:16:23.733 20336 20431 D Documents: Loading roots for com.google.android.apps.docs.storage
12-12 20:16:23.733 20336 20429 D Documents: Used cached roots for com.android.providers.downloads.documents
12-12 20:16:23.733 20336 20429 D Documents: Used cached roots for com.android.providers.media.documents
12-12 20:16:23.733 20336 20429 D Documents: Loading roots for com.google.android.apps.docs.storage
12-12 20:16:23.743 20336 20431 D Documents: Update found 6 roots in 21ms
12-12 20:16:23.743 20336 20429 D Documents: Update found 6 roots in 31ms
12-12 20:16:23.793 20396 20396 D AndroidRuntime: Calling main entry com.android.commands.pm.Pm
12-12 20:16:23.843   982   982 D STATUSBAR-NetworkController: refreshSignalCluster - setNWBoosterIndicators(false)
12-12 20:16:23.843   982   982 D STATUSBAR-NetworkController: refreshSignalCluster: data=-1 bt=false
12-12 20:16:23.843   982   982 D STATUSBAR-IconMerger: checkOverflow(1036), More:false, Req:false Child:3
12-12 20:16:23.923 16063 16692 W Conscrypt: Could not set socket write timeout:
12-12 20:16:23.923 16063 16692 W Conscrypt:    java.lang.reflect.Method.invokeNative(Native Method)
12-12 20:16:23.923 16063 16692 W Conscrypt:    java.lang.reflect.Method.invoke(Method.java:515)
12-12 20:16:23.973 20396 20396 D AndroidRuntime: Shutting down VM
12-12 20:16:23.983 20396 20419 D dalvikvm: GC_CONCURRENT freed 573K, 46% free 683K/1260K, paused 1ms+1ms, total 5ms
12-12 20:16:23.993 16063 16692 W Conscrypt: Could not set socket write timeout:
12-12 20:16:23.993 16063 16692 W Conscrypt:    java.lang.reflect.Method.invokeNative(Native Method)
12-12 20:16:23.993 16063 16692 W Conscrypt:    java.lang.reflect.Method.invoke(Method.java:515)
12-12 20:16:24.193   787  1234 D BatteryService: level:100, scale:100, status:3, health:2, present:true, voltage: 4348, temperature: 260, technology: Li-ion, AC powered:false, USB powered:true, Wireless powered:false, icon:17303545, invalid charger:0, online:4, current avg:-53, charge type:2, power sharing:false
12-12 20:16:24.203  1775  1864 D HeadsetStateMachine: Disconnected process message: 10
12-12 20:16:24.203   982   982 D KeyguardUpdateMonitor: received broadcast android.intent.action.BATTERY_CHANGED
12-12 20:16:24.203   982   982 D KeyguardUpdateMonitor: handleBatteryUpdate
12-12 20:16:24.203   787   787 D BatteryService: Sending ACTION_BATTERY_CHANGED.
12-12 20:16:24.213  1813  1813 D DeviceManagerBroadcastReceiver: Updated Battery Level: 100
12-12 20:16:24.213  1813  1813 D DeviceManagerBroadcastReceiver: Action: android.intent.action.BATTERY_CHANGED
12-12 20:16:24.213  1813  1813 D DeviceManagerBroadcastReceiver: Set Alarm: false
12-12 20:16:24.213   982   982 D STATUSBAR-PhoneStatusBar:  mBrightnessEnablebySettings = true mBrightnessEnablebyBattery = true mBrightnessEnablebyDisableFlag = true mPmsBrightnessEnablebySettings = true
12-12 20:16:24.213   982   982 D BatteryMeterView: ACTION_BATTERY_CHANGED : level:100 status:3 health:2
12-12 20:16:24.223   982   982 D STATUSBAR-IconMerger: checkOverflow(1036), More:false, Req:false Child:3
12-12 20:16:24.423 16063 20451 W NetRec  : [773] ConfigChangedIntentOperation.onHandleIntent: Device does not support scoring, exiting
12-12 20:16:24.533 16063 16066 D dalvikvm: GC_CONCURRENT freed 4911K, 39% free 9512K/15492K, paused 6ms+9ms, total 74ms
12-12 20:16:24.563 16063 20453 I PTCommittedOperation: Receive new configuration for com.google.android.location
12-12 20:16:24.583 16331 20369 I SettingsChangedIntentOp: SettingsChangedIntentOperation.run: Got intent Intent { act=com.google.android.gms.phenotype.COMMITTED flg=0x10 pkg=com.google.android.gms cmp=com.google.android.gms/.chimera.GmsIntentOperationService (has extras) }
12-12 20:16:24.583 16331 20369 I SettingsChangedIntentOp: SettingsChangedIntentOperation.run Intent extra com.google.android.gms.phenotype.PACKAGE_NAME: com.google.android.location
12-12 20:16:24.583 16331 20369 I SettingsChangedIntentOp: Action: com.google.android.gms.phenotype.COMMITTED
12-12 20:16:24.583 16331 20369 I SettingsChangedIntentOp: EXTRA_PACKAGE_NAME: com.google.android.location
12-12 20:16:24.613 16063 20452 W NetRec  : [774] ConfigChangedIntentOperation.onHandleIntent: Device does not support scoring, exiting
12-12 20:16:24.623 16063 20362 W NetRec  : [767] ConfigChangedIntentOperation.onHandleIntent: Device does not support scoring, exiting
12-12 20:16:24.683 16063 20453 W NetRec  : [775] ConfigChangedIntentOperation.onHandleIntent: Device does not support scoring, exiting
12-12 20:16:24.743 16063 20452 I PTCommittedOperation: Receive new configuration for com.google.android.gms.ocr
12-12 20:16:24.753 16331 20365 I SettingsChangedIntentOp: SettingsChangedIntentOperation.run: Got intent Intent { act=com.google.android.gms.phenotype.COMMITTED flg=0x10 pkg=com.google.android.gms cmp=com.google.android.gms/.chimera.GmsIntentOperationService (has extras) }
12-12 20:16:24.753 16331 20365 I SettingsChangedIntentOp: SettingsChangedIntentOperation.run Intent extra com.google.android.gms.phenotype.PACKAGE_NAME: com.google.android.gms.ocr
12-12 20:16:24.753 16331 20365 I SettingsChangedIntentOp: Action: com.google.android.gms.phenotype.COMMITTED
12-12 20:16:24.753 16331 20365 I SettingsChangedIntentOp: EXTRA_PACKAGE_NAME: com.google.android.gms.ocr
12-12 20:16:24.793 19102 20449 I dalvikvm: Could not find method android.content.pm.PackageManager.getPackageInstaller, referenced from method izp.a
12-12 20:16:24.793 19102 20449 W dalvikvm: VFY: unable to resolve virtual method 1801: Landroid/content/pm/PackageManager;.getPackageInstaller ()Landroid/content/pm/PackageInstaller;
12-12 20:16:24.793 19102 20449 D dalvikvm: VFY: replacing opcode 0x6e at 0x001c
12-12 20:16:24.823 16063 20453 W NetRec  : [775] ConfigChangedIntentOperation.onHandleIntent: Device does not support scoring, exiting
12-12 20:16:24.833   245   245 W QCamera2Factory: getCameraInfo: E, camera_id = 0
12-12 20:16:24.833   245   245 W QCamera2HWI: __dbg: info->orientation : 0 rc = 0
12-12 20:16:24.833   245   245 W QCamera2HWI: __dbg: info->orientation : 0 rc = 0
12-12 20:16:24.833   245   245 W QCamera2Factory: getCameraInfo: X
12-12 20:16:24.843 16063 20450 I PTCommittedOperation: Receive new configuration for com.google.android.gms.cast
12-12 20:16:24.853 16331 20364 I OcrModelUpStIntentOp: Updating ocr activity enabled=false (phenotypeFlag=false, lowRamDevice=false, prereqCheck=true)
12-12 20:16:24.873 16063 20452 W NetRec  : [774] ConfigChangedIntentOperation.onHandleIntent: Device does not support scoring, exiting
12-12 20:16:24.893 16331 16331 D dalvikvm: newInstance failed: no <init>()
12-12 20:16:24.913 16331 20364 E File    : fail readDirectory() errno=2
12-12 20:16:24.953 16063 16373 W ConfigurationChimeraPro: Got null configs for com.google.android.gms.ads
12-12 20:16:24.963 16331 20369 I SettingsChangedIntentOp: SettingsChangedIntentOperation.run: Got intent Intent { act=com.google.android.gms.phenotype.COMMITTED flg=0x10 pkg=com.google.android.gms cmp=com.google.android.gms/.chimera.GmsIntentOperationService (has extras) }
12-12 20:16:24.963 16331 20369 I SettingsChangedIntentOp: SettingsChangedIntentOperation.run Intent extra com.google.android.gms.phenotype.PACKAGE_NAME: com.google.android.gms.cast
12-12 20:16:24.963 16331 20369 I SettingsChangedIntentOp: Action: com.google.android.gms.phenotype.COMMITTED
12-12 20:16:24.963 16331 20369 I SettingsChangedIntentOp: EXTRA_PACKAGE_NAME: com.google.android.gms.cast
12-12 20:16:24.963 16063 20450 I PTCommittedOperation: Receive new configuration for com.google.android.gms.audit
12-12 20:16:25.023 16331 20368 I SettingsChangedIntentOp: SettingsChangedIntentOperation.run: Got intent Intent { act=com.google.android.gms.phenotype.COMMITTED flg=0x10 pkg=com.google.android.gms cmp=com.google.android.gms/.chimera.GmsIntentOperationService (has extras) }
12-12 20:16:25.023 16331 20368 I SettingsChangedIntentOp: SettingsChangedIntentOperation.run Intent extra com.google.android.gms.phenotype.PACKAGE_NAME: com.google.android.gms.audit
12-12 20:16:25.023 16331 20368 I SettingsChangedIntentOp: Action: com.google.android.gms.phenotype.COMMITTED
12-12 20:16:25.023 16331 20368 I SettingsChangedIntentOp: EXTRA_PACKAGE_NAME: com.google.android.gms.audit
12-12 20:16:25.083 16331 20467 I SettingsChangedIntentOp: SettingsChangedIntentOperation.run: Got intent Intent { act=com.google.android.gms.phenotype.COMMITTED flg=0x10 pkg=com.google.android.gms cmp=com.google.android.gms/.chimera.GmsIntentOperationService (has extras) }
12-12 20:16:25.083 16063 20451 W NetRec  : [773] ConfigChangedIntentOperation.onHandleIntent: Device does not support scoring, exiting
12-12 20:16:25.093 16063 20452 I PTCommittedOperation: Receive new configuration for com.google.android.gms.people
12-12 20:16:25.093 16331 20467 I SettingsChangedIntentOp: SettingsChangedIntentOperation.run Intent extra com.google.android.gms.phenotype.PACKAGE_NAME: com.google.android.gms.people
12-12 20:16:25.093 16331 20467 I SettingsChangedIntentOp: Action: com.google.android.gms.phenotype.COMMITTED
12-12 20:16:25.103 16331 20467 I SettingsChangedIntentOp: EXTRA_PACKAGE_NAME: com.google.android.gms.people
12-12 20:16:25.123 20460 20460 D AndroidRuntime: 
12-12 20:16:25.123 20460 20460 D AndroidRuntime: >>>>>> AndroidRuntime START com.android.internal.os.RuntimeInit <<<<<<
12-12 20:16:25.133 20460 20460 D AndroidRuntime: CheckJNI is OFF
12-12 20:16:25.133 20460 20460 D AndroidRuntime: setted country_code = USA
12-12 20:16:25.133 20460 20460 D AndroidRuntime: setted countryiso_code = US
12-12 20:16:25.133 20460 20460 D AndroidRuntime: setted sales_code = BNN
12-12 20:16:25.133 20460 20460 D AndroidRuntime: readGMSProperty: start
12-12 20:16:25.133 20460 20460 D AndroidRuntime: readGMSProperty: already setted!!
12-12 20:16:25.133 20460 20460 D AndroidRuntime: readGMSProperty: end
12-12 20:16:25.133 20460 20460 D AndroidRuntime: addProductProperty: start
12-12 20:16:25.143 20460 20460 D dalvikvm: Trying to load lib libjavacore.so 0x0
12-12 20:16:25.153 20460 20460 D dalvikvm: Added shared lib libjavacore.so 0x0
12-12 20:16:25.153 20460 20460 D dalvikvm: Trying to load lib libnativehelper.so 0x0
12-12 20:16:25.153 20460 20460 D dalvikvm: Added shared lib libnativehelper.so 0x0
12-12 20:16:25.153 20460 20460 D dalvikvm: No JNI_OnLoad found in libnativehelper.so 0x0, skipping init
12-12 20:16:25.153 16063 20452 W NetRec  : [774] ConfigChangedIntentOperation.onHandleIntent: Device does not support scoring, exiting
12-12 20:16:25.233 16063 20362 I PTCommittedOperation: Receive new configuration for com.google.android.gms.icing
12-12 20:16:25.243 16331 20467 I SettingsChangedIntentOp: SettingsChangedIntentOperation.run: Got intent Intent { act=com.google.android.gms.phenotype.COMMITTED flg=0x10 pkg=com.google.android.gms cmp=com.google.android.gms/.chimera.GmsIntentOperationService (has extras) }
12-12 20:16:25.243 16331 20467 I SettingsChangedIntentOp: SettingsChangedIntentOperation.run Intent extra com.google.android.gms.phenotype.PACKAGE_NAME: com.google.android.gms.icing
12-12 20:16:25.243 16331 20467 I SettingsChangedIntentOp: Action: com.google.android.gms.phenotype.COMMITTED
12-12 20:16:25.243 16331 20467 I SettingsChangedIntentOp: EXTRA_PACKAGE_NAME: com.google.android.gms.icing
12-12 20:16:25.263 20479 20479 I SELinux : Function: selinux_android_load_priority [0], There is no sepolicy file.
12-12 20:16:25.263 20479 20479 I SELinux :  
12-12 20:16:25.263 20479 20479 I SELinux : Function: selinux_android_load_priority [1], There is no sepolicy version file.
12-12 20:16:25.263 20479 20479 I SELinux :  
12-12 20:16:25.263 20479 20479 I SELinux : Function: selinux_android_load_priority , priority version is VE=SEPF_SM-T530NU_4.4.2_0028
12-12 20:16:25.263 20479 20479 I SELinux :  
12-12 20:16:25.263 20479 20479 I SELinux :  
12-12 20:16:25.263 20479 20479 I SELinux : selinux_android_seapp_context_reload: seapp_contexts file is loaded from /seapp_contexts
12-12 20:16:25.293 16063 16066 D dalvikvm: GC_CONCURRENT freed 2393K, 42% free 9103K/15492K, paused 4ms+8ms, total 99ms
12-12 20:16:25.363   787   791 D dalvikvm: GC_CONCURRENT freed 4390K, 47% free 23103K/42952K, paused 5ms+15ms, total 220ms
12-12 20:16:25.363   787   798 D dalvikvm: WAIT_FOR_CONCURRENT_GC blocked 111ms
12-12 20:16:25.373 20460 20460 E memtrack: Couldn't load memtrack module (No such file or directory)
12-12 20:16:25.373 20460 20460 E android.os.Debug: failed to load memtrack module: -2
12-12 20:16:25.413 20460 20460 D dalvikvm: Note: class Landroid/app/ActivityManagerNative; has 192 unimplemented (abstract) methods
12-12 20:16:25.483 20460 20460 D AndroidRuntime: Calling main entry com.android.commands.pm.Pm
12-12 20:16:25.513   787  6070 D PackageManager: START PACKAGE DELETE: observer{1115191016}
12-12 20:16:25.513   787  6070 D PackageManager: pkg{<packageName>}
12-12 20:16:25.513   787  6070 D PackageManager: user{0}
12-12 20:16:25.513   787  6070 D PackageManager: deletePackageAsUser : uid = 2000 userId = 0
12-12 20:16:25.513   787   886 D ApplicationPolicy: getApplicationUninstallationEnabled
12-12 20:16:25.513   787   886 D ApplicationPolicy: getApplicationUninstallationEnabled :  enabled true
12-12 20:16:25.513   787   886 D PackageManager: [MSG] DELETE_PACKAGE_AS_USER
12-12 20:16:25.523   787   798 D dalvikvm: GC_EXPLICIT freed 338K, 47% free 22771K/42952K, paused 6ms+12ms, total 159ms
12-12 20:16:25.523   787  1048 D dalvikvm: WAIT_FOR_CONCURRENT_GC blocked 256ms
12-12 20:16:25.523   787  3211 D dalvikvm: WAIT_FOR_CONCURRENT_GC blocked 254ms
12-12 20:16:25.523   787  1234 D dalvikvm: WAIT_FOR_CONCURRENT_GC blocked 255ms
12-12 20:16:25.523   787   875 D dalvikvm: WAIT_FOR_CONCURRENT_GC blocked 257ms
12-12 20:16:25.523   787  8952 D dalvikvm: WAIT_FOR_CONCURRENT_GC blocked 239ms
12-12 20:16:25.523   787   997 D dalvikvm: WAIT_FOR_CONCURRENT_GC blocked 240ms
12-12 20:16:25.583 16063 20451 W NetRec  : [773] ConfigChangedIntentOperation.onHandleIntent: Device does not support scoring, exiting
12-12 20:16:25.593 16063 16692 I zgp     : Scheduling Phenotype for a PhenotypeSyncImmediately(13, com.google.apps.drive.android) one off with window [1, 2] in seconds
12-12 20:16:25.603   787   886 D PackageManager: !@killApplicatoin: 11775, uninstall pkg
12-12 20:16:25.603   787   886 W PackageManager: Couldn't delete native library directory /data/app-lib/com.trellis
12-12 20:16:25.703   787  1770 D SSRMv2:SIOP: SIOP:: AP = 310, Delta = 0
12-12 20:16:25.713   787 16023 D PackageManager: checkUidPermission - Execution time: 104 ms
12-12 20:16:25.713   252   252 D keystore: calling clear_uid in state: 3
12-12 20:16:25.723   787   886 D PackageManager: Sending to user 0: act=android.intent.action.PACKAGE_REMOVED dat=package:com.trellis flg=0x4000000 Bundle[{android.intent.extra.REMOVED_FOR_ALL_USERS=true, android.intent.extra.UID=11775, android.intent.extra.DATA_REMOVED=true, android.intent.extra.user_handle=0}]
12-12 20:16:25.723 20479 20479 E dalvikvm: Could not find class 'android.app.NotificationChannel', referenced from method com.google.android.gms.games.app.PowerUpApplication.onCreate
12-12 20:16:25.723 20479 20479 W dalvikvm: VFY: unable to resolve new-instance 415 (Landroid/app/NotificationChannel;) in Lcom/google/android/gms/games/app/PowerUpApplication;
12-12 20:16:25.723 20479 20479 D dalvikvm: VFY: replacing opcode 0x22 at 0x003c
12-12 20:16:25.723 20479 20479 D dalvikvm: DexOpt: couldn't find static field Landroid/os/Build;.SUPPORTED_ABIS
12-12 20:16:25.723 20479 20479 W dalvikvm: VFY: unable to resolve static field 1304 (SUPPORTED_ABIS) in Landroid/os/Build;
12-12 20:16:25.723 20479 20479 D dalvikvm: VFY: replacing opcode 0x62 at 0x0100
12-12 20:16:25.733 20479 20479 D dalvikvm: DexOpt: unable to opt direct call 0x08a8 at 0x47 in Lcom/google/android/gms/games/app/PowerUpApplication;.onCreate
12-12 20:16:25.733 20479 20479 D dalvikvm: DexOpt: unable to opt direct call 0x08a8 at 0x58 in Lcom/google/android/gms/games/app/PowerUpApplication;.onCreate
12-12 20:16:25.733 20479 20479 D dalvikvm: DexOpt: unable to opt direct call 0x08a8 at 0x69 in Lcom/google/android/gms/games/app/PowerUpApplication;.onCreate
12-12 20:16:25.733 20479 20479 D dalvikvm: DexOpt: unable to opt direct call 0x08a8 at 0x7a in Lcom/google/android/gms/games/app/PowerUpApplication;.onCreate
12-12 20:16:25.733 20479 20479 D dalvikvm: DexOpt: unable to opt direct call 0x08a8 at 0x93 in Lcom/google/android/gms/games/app/PowerUpApplication;.onCreate
12-12 20:16:25.733 20479 20479 D dalvikvm: DexOpt: unable to opt direct call 0x08a8 at 0xa4 in Lcom/google/android/gms/games/app/PowerUpApplication;.onCreate
12-12 20:16:25.733 20479 20479 D dalvikvm: DexOpt: unable to opt direct call 0x08a8 at 0xb5 in Lcom/google/android/gms/games/app/PowerUpApplication;.onCreate
12-12 20:16:25.733 20479 20479 D dalvikvm: DexOpt: unable to opt direct call 0x08a8 at 0xcf in Lcom/google/android/gms/games/app/PowerUpApplication;.onCreate
12-12 20:16:25.743 20479 20479 I dalvikvm: Could not find method android.app.Notification.getChannelId, referenced from method evj.a
12-12 20:16:25.743 20479 20479 W dalvikvm: VFY: unable to resolve virtual method 2214: Landroid/app/Notification;.getChannelId ()Ljava/lang/String;
12-12 20:16:25.743 20479 20479 D dalvikvm: VFY: replacing opcode 0x6e at 0x0007
12-12 20:16:25.743   787   886 D PackageManager: Sending to user 0: act=android.intent.action.PACKAGE_FULLY_REMOVED dat=package:com.trellis flg=0x4000000 Bundle[{android.intent.extra.REMOVED_FOR_ALL_USERS=true, android.intent.extra.UID=11775, android.intent.extra.DATA_REMOVED=true, android.intent.extra.user_handle=0}]
12-12 20:16:25.753  1126  1126 D ContainerEventsRelayManager: <<< Intent action is >>> : android.intent.action.PACKAGE_REMOVED
12-12 20:16:25.753  1126  1126 D ContainerEventsRelayManager: <<< Intent data is   >>> : package:com.trellis
