12-12 20:16:40.303 16063 16399 I dalvikvm: Could not find method android.net.wifi.ScanResult.is80211mcResponder, referenced from method amia.a
12-12 20:16:40.303 16063 16399 W dalvikvm: VFY: unable to resolve virtual method 24224: Landroid/net/wifi/ScanResult;.is80211mcResponder ()Z
12-12 20:16:40.303 16063 16399 D dalvikvm: VFY: replacing opcode 0x6e at 0x000b
12-12 20:16:40.303 16063 16399 D dalvikvm: DexOpt: couldn't find field Landroid/net/wifi/ScanResult;.channelWidth
12-12 20:16:40.303 16063 16399 I dalvikvm: DexOpt: unable to optimize instance field ref 0x3e1f at 0x18 in Lamia;.a
12-12 20:16:40.303 16063 16399 D dalvikvm: DexOpt: couldn't find field Landroid/net/wifi/ScanResult;.centerFreq0
12-12 20:16:40.303 16063 16399 I dalvikvm: DexOpt: unable to optimize instance field ref 0x3e1d at 0x1e in Lamia;.a
12-12 20:16:40.303 16063 16399 D dalvikvm: DexOpt: couldn't find field Landroid/net/wifi/ScanResult;.centerFreq1
12-12 20:16:40.303 16063 16399 I dalvikvm: DexOpt: unable to optimize instance field ref 0x3e1e at 0x20 in Lamia;.a
12-12 20:16:40.353 20880 20880 I DBG_DIAGMONDM: [1.140521.0521][Line:70][onCreate] nStatus : 0
12-12 20:16:40.373 15485 20892 D Aatp    : /task/eba1c5907f7c11462bd8c9ccba809220291e3630/status
12-12 20:16:40.393 15485 20795 D AWSDeviceFarmAndroidLib: setWifiEnabled: wifi is: false
12-12 20:16:40.393 15485 15485 D AatpDeviceManager: taskStatus update (eba1c5907f7c11462bd8c9ccba809220291e3630: {"result":"Wifi enabled: false","state":2})
12-12 20:16:40.393   787   787 D NotificationService: cancelNotificationLocked
12-12 20:16:40.393   787   787 D NotificationService:  hasClearableItems
12-12 20:16:40.393   787   787 D NotificationService:  has clearable items no 
12-12 20:16:40.393   787   787 D NotificationService: cancelNotificationLocked: cancel alarm
12-12 20:16:40.393   787   787 D NotificationService: cancelNotificationLocked: cancel alarm
12-12 20:16:40.393   787   787 W ContextImpl: Calling a method in the system process without a qualified user: android.app.ContextImpl.sendBroadcast:1523 com.android.server.StatusBarManagerService.sendNotification:981 com.android.server.StatusBarManagerService.removeNotification:706 com.android.server.NotificationManagerService.cancelNotificationLocked:2455 com.android.server.NotificationManagerService.access$5100:160 
12-12 20:16:40.393   787   787 D STATUSBAR-StatusBarManagerService: sendNotification(3) - 1096041562
12-12 20:16:40.393   787   787 D LightsService: [api] [SvcLED] turnOff:: id = 4 (uid: 1000 pid: 787) 
12-12 20:16:40.393   787   787 D LightsService: [SvcLED] setSvcLedStateLocked:: SvcLEDState : 0x0 -> 0x0 | SvcLED(id=4) set Off
12-12 20:16:40.393   787   893 D LightsService: [SvcLED] Lux failed to be updated in 700ms. -> handleForcedSvcLEDTasK
12-12 20:16:40.393   787   893 D LightsService: [SvcLED]  setSvcLedLightLocked :: Current SvcLED(id=3) maintains its priority right
12-12 20:16:40.413   982   982 D STATUSBAR-IconMerger: checkOverflow(1064), More:false, Req:false Child:3
12-12 20:16:40.453 20895 20895 I SELinux : Function: selinux_android_load_priority [0], There is no sepolicy file.
12-12 20:16:40.453 20895 20895 I SELinux :  
12-12 20:16:40.453 20895 20895 I SELinux : Function: selinux_android_load_priority [1], There is no sepolicy version file.
12-12 20:16:40.453 20895 20895 I SELinux :  
12-12 20:16:40.453 20895 20895 I SELinux : Function: selinux_android_load_priority , priority version is VE=SEPF_SM-T530NU_4.4.2_0028
12-12 20:16:40.453 20895 20895 I SELinux :  
12-12 20:16:40.453 20895 20895 I SELinux :  
12-12 20:16:40.453 20895 20895 I SELinux : selinux_android_seapp_context_reload: seapp_contexts file is loaded from /seapp_contexts
12-12 20:16:40.513   787  6070 W ActivityManager: Permission Denial: getCurrentUser() from pid=20895, uid=10007 requires android.permission.INTERACT_ACROSS_USERS
12-12 20:16:40.553   787  1235 I ActivityManager: Killing 17886:com.android.providers.calendar/u0a31 (adj 15): empty #31
12-12 20:16:40.573   787  1223 I ActivityManager: Killing 18048:com.sec.android.widgetapp.activeapplicationwidget/u0a133 (adj 15): empty #31
12-12 20:16:40.633 20566 20566 I KLMS-2.3.164 : : MainReciver() : EventNotificationReciver- method called: AppActivityListner onReceive for Intent Action : android.net.conn.CONNECTIVITY_CHANGE , timestamp: 1513109800641
12-12 20:16:40.633 20566 20566 I KLMS-2.3.164 : : KLMSUtility() : isNetworkAvailable() - WIFI : false| MOBILE : false
12-12 20:16:40.643  1813  1813 D ShopWidgetController: intent received: android.net.conn.CONNECTIVITY_CHANGE
12-12 20:16:40.653 20907 20907 I SELinux : Function: selinux_android_load_priority [0], There is no sepolicy file.
12-12 20:16:40.653 20907 20907 I SELinux :  
12-12 20:16:40.653 20907 20907 I SELinux : Function: selinux_android_load_priority [1], There is no sepolicy version file.
12-12 20:16:40.653 20907 20907 I SELinux :  
12-12 20:16:40.653 20907 20907 I SELinux : Function: selinux_android_load_priority , priority version is VE=SEPF_SM-T530NU_4.4.2_0028
12-12 20:16:40.653 20907 20907 I SELinux :  
12-12 20:16:40.653 20907 20907 I SELinux :  
12-12 20:16:40.653 20907 20907 I SELinux : selinux_android_seapp_context_reload: seapp_contexts file is loaded from /seapp_contexts
12-12 20:16:40.783 20923 20923 I SELinux : Function: selinux_android_load_priority [0], There is no sepolicy file.
12-12 20:16:40.783 20923 20923 I SELinux :  
12-12 20:16:40.783 20923 20923 I SELinux : Function: selinux_android_load_priority [1], There is no sepolicy version file.
12-12 20:16:40.783 20923 20923 I SELinux :  
12-12 20:16:40.783 20923 20923 I SELinux : Function: selinux_android_load_priority , priority version is VE=SEPF_SM-T530NU_4.4.2_0028
12-12 20:16:40.783 20923 20923 I SELinux :  
12-12 20:16:40.783 20923 20923 I SELinux :  
12-12 20:16:40.783 20923 20923 I SELinux : selinux_android_seapp_context_reload: seapp_contexts file is loaded from /seapp_contexts
12-12 20:16:40.793   787   949 I ActivityManager: Killing 18071:com.sec.android.app.clockpackage/u0a142 (adj 15): empty #31
12-12 20:16:40.883   787  1234 W ActivityManager: Permission Denial: getCurrentUser() from pid=20923, uid=10029 requires android.permission.INTERACT_ACROSS_USERS
12-12 20:16:40.893 16801 16801 I SA      : [OR] onReceive log=[SA = 1.5.0422 V = 19 HWD = 800X1280 1.0 dpi = 160  SIZE = 4 LOCALE = en_US CSC = BNN MCC = 0 MNC 0 T = user DEVICE = matissewifiopenbnn P = matissewifiopenbnn I = KOT49H M = SM-T530NU OKLEFT false DIS KOT49H.T530NUOVU1ANI3 PSS = 10.58540920614425  ]
12-12 20:16:40.893 16801 16801 I SA      : [BDLM] not registered in spp yet
12-12 20:16:40.893 16801 16801 I SA      : [DM] getCountryCodeFromCSC : US
12-12 20:16:40.893 16801 16801 I SA      : isChinaCountryCode : false
12-12 20:16:40.893 16801 16801 I SA      : [BDLM] Registration intent sent to spp push client. Count = 2
12-12 20:16:40.893 16801 16801 I SA      : [OR] onReceive Intent=[ conn.CONNECTIVITY_CHANGE. networkInfo:NetworkInfo: type: WIFI[], state: DISCONNECTED/DISCONNECTED, reason: (unspecified), extra: <unknown ssid>, roaming: false, failover: false, isAvailable: true, isConnectedToProvisioningNetwork: false networkType:1 inetCondition:0 extraInfo:? noConnectivity:true ]
12-12 20:16:40.893 16801 16801 I SA      : [OR] == ACTION_CONNECTIVITY_CHANGE ==
12-12 20:16:40.893 16801 16801 I SA      : [TPMU]  strSIMState 	:SIM_STATE_UNKNOWN
12-12 20:16:40.893 16801 16801 I SA      : [OR] == isSIMCardReady false ==
12-12 20:16:40.893 16801 16801 I SA      : [SCU] == networkStateCheck == false
12-12 20:16:40.893 16801 16801 I SA      : [OR] onReceive END
12-12 20:16:40.893   787   798 I ActivityManager: Killing 20349:com.android.externalstorage/u0a5 (adj 15): empty #31
12-12 20:16:40.903  1139  1139 D PhoneNumberLocatorBootCompletedReceiver: onReceive
12-12 20:16:40.903  1139  1139 D PhoneNumberLocatorBootCompletedReceiver: Phone number locator feature is dsiabled
12-12 20:16:40.913 20935 20935 I SELinux : Function: selinux_android_load_priority [0], There is no sepolicy file.
12-12 20:16:40.913 20935 20935 I SELinux :  
12-12 20:16:40.913 20935 20935 I SELinux : Function: selinux_android_load_priority [1], There is no sepolicy version file.
12-12 20:16:40.913 20935 20935 I SELinux :  
12-12 20:16:40.913 20935 20935 I SELinux : Function: selinux_android_load_priority , priority version is VE=SEPF_SM-T530NU_4.4.2_0028
12-12 20:16:40.913 20935 20935 I SELinux :  
12-12 20:16:40.913 20935 20935 I SELinux :  
12-12 20:16:40.913 20935 20935 I SELinux : selinux_android_seapp_context_reload: seapp_contexts file is loaded from /seapp_contexts
12-12 20:16:41.003 20935 20935 I sCloudBackupApp: sCloudBackupApp Version Info : 3.6.5.KK_APP
12-12 20:16:41.003 20935 20935 I SCloudBackupReceiver: Other Intent
12-12 20:16:41.013 20948 20948 I SELinux : Function: selinux_android_load_priority [0], There is no sepolicy file.
12-12 20:16:41.013 20948 20948 I SELinux :  
12-12 20:16:41.013 20948 20948 I SELinux : Function: selinux_android_load_priority [1], There is no sepolicy version file.
12-12 20:16:41.013 20948 20948 I SELinux :  
12-12 20:16:41.013 20948 20948 I SELinux : Function: selinux_android_load_priority , priority version is VE=SEPF_SM-T530NU_4.4.2_0028
12-12 20:16:41.013 20948 20948 I SELinux :  
12-12 20:16:41.013 20948 20948 I SELinux :  
12-12 20:16:41.013 20948 20948 I SELinux : selinux_android_seapp_context_reload: seapp_contexts file is loaded from /seapp_contexts
12-12 20:16:41.013   787  6070 I ActivityManager: Killing 19102:com.google.android.gms.ui/u0a8 (adj 15): empty #31
12-12 20:16:41.053 20948 20948 W ActivityThread: Application com.android.chrome can be debugged on port 8100...
12-12 20:16:41.083   787   798 W ActivityManager: Permission Denial: getCurrentUser() from pid=20948, uid=10075 requires android.permission.INTERACT_ACROSS_USERS
12-12 20:16:41.093 16952 16952 E WOOKTEST: MagazineWidgetProviderHereAndNow
12-12 20:16:41.093 16952 16952 E WOOKTEST: MagazineWidgetProviderHereAndNow - onReceive
12-12 20:16:41.093 16952 16952 E WOOKTEST: intent = android.net.conn.CONNECTIVITY_CHANGE
12-12 20:16:41.093 16952 16952 E WOOKTEST: checkNetworkAvailable - return false
12-12 20:16:41.103 20961 20961 I SELinux : Function: selinux_android_load_priority [0], There is no sepolicy file.
12-12 20:16:41.103 20961 20961 I SELinux :  
12-12 20:16:41.103 20961 20961 I SELinux : Function: selinux_android_load_priority [1], There is no sepolicy version file.
12-12 20:16:41.103 20961 20961 I SELinux :  
12-12 20:16:41.103 20961 20961 I SELinux : Function: selinux_android_load_priority , priority version is VE=SEPF_SM-T530NU_4.4.2_0028
12-12 20:16:41.103 20961 20961 I SELinux :  
12-12 20:16:41.103 20961 20961 I SELinux :  
12-12 20:16:41.103 20961 20961 I SELinux : selinux_android_seapp_context_reload: seapp_contexts file is loaded from /seapp_contexts
12-12 20:16:41.103   787 16023 I ActivityManager: Killing 20479:com.google.android.play.games.ui/u0a117 (adj 15): empty #31
12-12 20:16:41.283 20979 20979 I SELinux : Function: selinux_android_load_priority [0], There is no sepolicy file.
12-12 20:16:41.283 20979 20979 I SELinux :  
12-12 20:16:41.283 20979 20979 I SELinux : Function: selinux_android_load_priority [1], There is no sepolicy version file.
12-12 20:16:41.283 20979 20979 I SELinux :  
12-12 20:16:41.283 20979 20979 I SELinux : Function: selinux_android_load_priority , priority version is VE=SEPF_SM-T530NU_4.4.2_0028
12-12 20:16:41.283 20979 20979 I SELinux :  
12-12 20:16:41.283 20979 20979 I SELinux :  
12-12 20:16:41.283 20979 20979 I SELinux : selinux_android_seapp_context_reload: seapp_contexts file is loaded from /seapp_contexts
12-12 20:16:41.303   243   243 D dalvikvm: GC_EXPLICIT freed 43K, 66% free 4879K/14132K, paused 2ms+3ms, total 24ms
12-12 20:16:41.323   243   243 D dalvikvm: GC_EXPLICIT freed <1K, 66% free 4879K/14132K, paused 1ms+3ms, total 19ms
12-12 20:16:41.343   243   243 D dalvikvm: GC_EXPLICIT freed <1K, 66% free 4879K/14132K, paused 2ms+2ms, total 19ms
12-12 20:16:41.353 20991 20991 I SELinux : Function: selinux_android_load_priority [0], There is no sepolicy file.
12-12 20:16:41.353 20991 20991 I SELinux :  
12-12 20:16:41.353 20991 20991 I SELinux : Function: selinux_android_load_priority [1], There is no sepolicy version file.
12-12 20:16:41.353 20991 20991 I SELinux :  
12-12 20:16:41.353 20991 20991 I SELinux : Function: selinux_android_load_priority , priority version is VE=SEPF_SM-T530NU_4.4.2_0028
12-12 20:16:41.353 20991 20991 I SELinux :  
12-12 20:16:41.353 20991 20991 I SELinux :  
12-12 20:16:41.353 20991 20991 I SELinux : selinux_android_seapp_context_reload: seapp_contexts file is loaded from /seapp_contexts
12-12 20:16:41.353   787  3211 I ActivityManager: Killing 20382:com.google.android.apps.docs/u0a79 (adj 15): empty #31
12-12 20:16:41.363   787   949 I ActivityManager: Killing 20504:com.android.musicfx/u0a18 (adj 15): empty #31
12-12 20:16:41.363   787   798 W ActivityManager: Unable to start service Intent { cmp=com.android.email/.service.AttachmentDownloadService } U=0: not found
12-12 20:16:41.413 20979 20979 D BadgeProvider: onCreate
12-12 20:16:41.413   787  6070 W ActivityManager: Permission Denial: getCurrentUser() from pid=20991, uid=10154 requires android.permission.INTERACT_ACROSS_USERS
12-12 20:16:41.423 20979 20979 D BadgeProvider: DatabaseHelper
12-12 20:16:41.423 15485 21003 D Aatp    : /task/eba1c5907f7c11462bd8c9ccba809220291e3630/status
12-12 20:16:41.423   787  1155 W ActivityManager: Permission Denial: getCurrentUser() from pid=20979, uid=10067 requires android.permission.INTERACT_ACROSS_USERS
12-12 20:16:41.433 20979 20989 D BadgeProvider: query, [selection] : package='com.android.email' AND class='com.android.email.activity.Welcome' AND extraData='base_extra_badge'
12-12 20:16:41.443 20979 20989 D BadgeProvider: sendNotify entered. [uri] : content://com.sec.badge/apps/1
12-12 20:16:41.443 20979 20989 D BadgeProvider: sendNotify, [notify] : null
12-12 20:16:41.443 20979 20989 D BadgeProvider: update, [uri] : content://com.sec.badge/apps/1
12-12 20:16:41.443 20979 20989 D BadgeProvider: update, [BadgeCount] : badgecount=0
12-12 20:16:41.443 20979 20989 D BadgeProvider: update, [UpdateCount] : 1
12-12 20:16:41.443  1151  1151 D Launcher.Model: reloadBadges entered.
12-12 20:16:41.443   787  1221 I ActivityManager: Killing 16825:com.sec.knox.containeragent/1000 (adj 15): empty #31
12-12 20:16:41.463 17295 17295 I ContainerInstallerManager: onServiceDisconnected() name=ComponentInfo{com.sec.knox.containeragent/com.sec.knox.containeragent.service.containerinstallermanager.ContainerInstallerManagerService}
12-12 20:16:41.463 16331 16331 I iu.Environment: update connectivity state; isNetworkMetered? false, isRoaming? false, isBackgroundDataAllowed? false*
12-12 20:16:41.473  1813  1813 D ShopWidgetController: intent received: com.nook.home.widget.ACTION_CONNECTIVITY
12-12 20:16:41.473 16331 17091 I iu.UploadsManager: num queued entries: 0
12-12 20:16:41.483 16331 17091 I iu.UploadsManager: num updated entries: 0
12-12 20:16:41.483 16331 17091 I iu.SyncManager: NEXT; no task
12-12 20:16:41.483 21005 21005 I SELinux : Function: selinux_android_load_priority [0], There is no sepolicy file.
12-12 20:16:41.483 21005 21005 I SELinux :  
12-12 20:16:41.483 21005 21005 I SELinux : Function: selinux_android_load_priority [1], There is no sepolicy version file.
12-12 20:16:41.483 21005 21005 I SELinux :  
12-12 20:16:41.483 21005 21005 I SELinux : Function: selinux_android_load_priority , priority version is VE=SEPF_SM-T530NU_4.4.2_0028
12-12 20:16:41.483 21005 21005 I SELinux :  
12-12 20:16:41.483 21005 21005 I SELinux :  
12-12 20:16:41.483 21005 21005 I SELinux : selinux_android_seapp_context_reload: seapp_contexts file is loaded from /seapp_contexts
12-12 20:16:41.503 15485 21004 D Aatp    : /bluetooth
12-12 20:16:41.513 15485 21004 D Aatp    : sha1: 42888191ad8861de1549608faa7243567004750c
12-12 20:16:41.513 15485 21004 D AatpDeviceManager: k: enabled v: False
12-12 20:16:41.513 15485 21004 D AatpDeviceManager: k: NanoHttpd.QUERY_STRING v: enabled=False
12-12 20:16:41.523 15485 15485 D AatpDeviceManager: taskStatus update (42888191ad8861de1549608faa7243567004750c: {"state":1})
12-12 20:16:41.523 15485 21017 D AWSDeviceFarmAndroidLib: setEnabled: enabled: false
12-12 20:16:41.533 15485 21017 D AWSDeviceFarmAndroidLib: setEnabled: setting bluetooth to: false
12-12 20:16:41.533 15485 21004 D Aatp    : /task/42888191ad8861de1549608faa7243567004750c
12-12 20:16:41.533   787   787 W ContextImpl: Calling a method in the system process without a qualified user: android.app.ContextImpl.sendBroadcast:1523 com.android.server.StatusBarManagerService.sendNotification:981 com.android.server.StatusBarManagerService.addNotification:670 com.android.server.NotificationManagerService$7.run:2142 android.os.Handler.handleCallback:733 
12-12 20:16:41.533   787   787 D STATUSBAR-StatusBarManagerService: sendNotification(1) - 1096041563
12-12 20:16:41.543   982   982 D ProgressBar: setProgressDrawable drawableHeight = 0
12-12 20:16:41.543  1775  1791 D BluetoothAdapterService(1116444240): unRegister RemoteMessageListener
12-12 20:16:41.543  1775  1791 D HeadsetService: registerMessageListener
12-12 20:16:41.543   982   982 D PhoneStatusBar: tick(): knoxCustomManager = android.app.enterprise.knoxcustom.KnoxCustomManager@425e6460
12-12 20:16:41.553  1775  1864 D HeadsetStateMachine: Disconnected process message: 80
12-12 20:16:41.553  1775  1816 D BluetoothAdapterState: CURRENT_STATE=ON, MSG = USER_TURN_OFF
12-12 20:16:41.553  1775  1816 I BluetoothAdapterState: Bluetooth adapter state changed: 12-> 13
12-12 20:16:41.553  1775  1816 D BluetoothAdapterService: Bluetooth PBAP supproted is false
12-12 20:16:41.553  1775  1816 D BluetoothAdapterService: Broadcasting updateAdapterState() to 1 receivers.
12-12 20:16:41.553  1775  1816 D BluetoothAdapterService: Autoconnection is available 
12-12 20:16:41.553  1775  1816 D BluetoothAdapterService: updateAdapterState prevState = 12newState = 13
12-12 20:16:41.553  1775  1816 D BluetoothAdapterService: terminating service from this receiver
12-12 20:16:41.553  1775  1864 D HeadsetStateMachine: processUnRegisterMessageListener : 2
12-12 20:16:41.553  1775  1816 W ContextImpl: Implicit intents with startService are not safe: Intent { act=com.samsung.ble.ACTION_SERVICE_BLE_AUTO_CONNECT } android.content.ContextWrapper.stopService:511 com.android.bluetooth.btservice.AdapterService.updateAdapterState:657 com.android.bluetooth.btservice.AdapterState.notifyAdapterStateChange:586 
12-12 20:16:41.563  1775  1816 I BluetoothAdapterState: Entering PendingCommandState State: isTurningOn()=false, isTurningOff()=true
12-12 20:16:41.563  1775  1990 D GKI_LINUX: acquire_my_wake_lock(), g_wake_lock_fd:90, g_wake_unlock_fd:91, wake_lock_acquired:0
12-12 20:16:41.563  1775  1816 D BluetoothAdapterState: CURRENT_STATE=PENDING, MESSAGE = BEGIN_DISABLE, isTurningOn=false, isTurningOff=true
12-12 20:16:41.563  1775  1816 E bt-btif : btif_vhci_sock_cleanup, sock_thread_handle:6, rfc_init:1, vhci_init:1
12-12 20:16:41.563  1775  1816 E bt-btif : btif_sock_cleanup, sock_thread_handle:6, rfc_init:1, vhci_init:0
12-12 20:16:41.563  1775  3720 E BtOppRfcommListener: Error accept connection java.io.IOException: read failed, socket might closed or timeout, read ret: -1
12-12 20:16:41.563  1775  1816 E bt-btif : cmd socket is not created
12-12 20:16:41.563   982   982 D STATUSBAR-IconMerger: checkOverflow(1064), More:false, Req:false Child:4
12-12 20:16:41.573  1775  1816 D btif_config_util: btif_config_save_file(L153): in file name:/data/misc/bluedroid/bt_config.new
12-12 20:16:41.573  1775  1990 E bt-btif : bta_jv_rfcomm_stop_server
12-12 20:16:41.583 21005 21005 E SPPClientService: ============PushLog. commonIsShipBuild. stop!
12-12 20:16:41.583 21005 21005 E SPPClientService: [PushClientApplication] Push log off : This is Ship build version
12-12 20:16:41.583 21005 21005 D SPPClientService: PushLog.txt file is not deleted.
12-12 20:16:41.583 21005 21005 D SPPClientService: PushLog.txt file is not deleted.
12-12 20:16:41.583 21005 21005 D SPPClientService: ============PushLog. stop!
12-12 20:16:41.603  1813  1813 D Profile : getProfileForUser Failed. Profile: No profile with userid 0 exists
12-12 20:16:41.603  1813  1813 D Profile : getProfileForUser Failed. Profile: No profile with userid 0 exists
12-12 20:16:41.603  1813  1813 I LibraryDao: No profile is found!
12-12 20:16:41.603  1126  1126 D ContainerEventsRelayManager: <<< Intent action is >>> : android.bluetooth.adapter.action.STATE_CHANGED
12-12 20:16:41.603  1126  1126 D ContainerEventsRelayManager: <<< Intent data is   >>> : null
12-12 20:16:41.603   787  8952 D ECS_EnterpriseContainerService: getContainers   --  Called + uid1000
12-12 20:16:41.603   787  8952 D ECS_EnterpriseContainerService: getContainers   --  Called passing security
12-12 20:16:41.603   787  8952 D ECS_EnterpriseContainerCacheData: Container cache getContainers 
12-12 20:16:41.603   787  8952 D ECS_EnterpriseContainerCacheData: Container cache getContainers not null
12-12 20:16:41.603  1297  1297 I SamsungIME: STATE_CHANGED = 13, KEYBOARD_BT(0), mBTKeyboardCount =0
12-12 20:16:41.613  1775  1775 I BtOppRfcommListener: stopping Accept Thread
12-12 20:16:41.613  1139  1139 D PhoneApp: mReceiver: BluetoothAdapter.ACTION_STATE_CHANGED: 13
12-12 20:16:41.613  1775  3720 I BtOppRfcommListener: BluetoothSocket listen thread finished
12-12 20:16:41.613   982   982 D STATUSBAR-IconMerger: checkOverflow(1092), More:false, Req:false Child:4
12-12 20:16:41.643  1775  1816 D IOP_DB_BT: db_close: nbr users 0
12-12 20:16:41.643  1775  1816 D IOP_DB_BT: db_close: free database
12-12 20:16:41.643  1813  1813 E SQLiteLog: (1) no such column: last_accessed_date
12-12 20:16:41.643  1813  1813 E ActiveShelfAnimationWidgetController: load recent fail. Db may not be created
12-12 20:16:41.643  1813  1813 D ActiveShelfAnimationWidgetController: id size = 1
12-12 20:16:41.643  1813  1813 D ActiveShelfWidgetProvider: getRemoteViewInstanceIfNeed
12-12 20:16:41.643  1813  1813 D ActiveShelfWidgetProvider: newView
12-12 20:16:41.643  1813  1813 D ActiveShelfAnimationWidgetController: buildLayout sync = false
12-12 20:16:41.663  1813  1813 D Profile : getProfileForUser Failed. Profile: No profile with userid 0 exists
12-12 20:16:41.663  1813  1813 D Profile : getProfileForUser Failed. Profile: No profile with userid 0 exists
12-12 20:16:41.673  1813  1813 D TextUtils: Text view dimension, width:11, height:41
12-12 20:16:41.673 15485 21025 D Aatp    : /task/42888191ad8861de1549608faa7243567004750c/status
12-12 20:16:41.683  1813  1813 D TextUtils: Text view dimension, width:381, height:85
12-12 20:16:41.703  1813  1813 D Profile : getProfileForUser Failed. Profile: No profile with userid 0 exists
12-12 20:16:41.713  1813  1813 D TextUtils: Text view dimension, width:168, height:23
12-12 20:16:41.723  1813  1813 D TextUtils: Text view dimension, width:50, height:25
12-12 20:16:41.733  1813  1813 D ActiveShelfAnimationWidgetController: update widget id = 2
12-12 20:16:41.733  1813  1813 D ShopWidgetController: intent received: com.nook.home.widget.ACTION_REFRESH
12-12 20:16:41.733  1813  1813 D ShopWidgetController: Refresh!! orientation:2
12-12 20:16:41.733  1813  1813 D ShopWidgetController: Update widget with id:3
12-12 20:16:41.733  1813  1813 D ShopWidgetController: updateRemoteViews for widget id:3
12-12 20:16:41.763  1813  1813 D ShopWidgetProvider: getRemoteViewInstanceIfNeed
12-12 20:16:41.763  1813  1813 D ShopWidgetProvider: newView
12-12 20:16:41.763  1813  1813 D TextUtils: Text view dimension, width:9, height:20
12-12 20:16:41.763  1813  1813 D TextUtils: Text view dimension, width:8, height:18
12-12 20:16:41.773  1813  1813 D TextUtils: Text view dimension, width:10, height:25
12-12 20:16:41.773  1775  1990 E bt-btif : BTA AG is already disabled, ignoring ...
12-12 20:16:41.773  1775  1881 I bt_vendor: hw_epilog_process
12-12 20:16:41.773  1813  1813 D Profile : getProfileForUser Failed. Profile: No profile with userid 0 exists
12-12 20:16:41.773  1813  1813 I ShopWidgetController: No profile found
12-12 20:16:41.773  1813  1813 D ShopWidgetController: action = Shop Now mNoConnectivity = true mSkipOobeBitmap = null is Connect = false
12-12 20:16:41.773  1813  1813 I ShopWidgetController: no connectivity & no cache
12-12 20:16:41.783  1813  1813 D TextUtils: Text view dimension, width:505, height:36
12-12 20:16:41.803  1775  2079 I bt_vendor: hw_epilog_cback Opcode:0x0C03 Status: 0
12-12 20:16:41.803  1775  1881 I bt_hci_bdroid: bt_hc_worker_thread exiting
12-12 20:16:41.803  1775  1844 D bt_userial_mct: userial_close
12-12 20:16:41.803  1775  2079 I bt_userial_mct: exiting userial_read_thread
12-12 20:16:41.803  1775  2079 D bt_userial_mct: Leaving userial_evt_read_thread()
12-12 20:16:41.803  1775  1844 I bt_vendor: bt-vendor : BT_VND_OP_USERIAL_CLOSE btSocType: 0
12-12 20:16:41.813 15499 15499 D com.samsung.app: [AccuTab_Magagine]>>> WC:42 [0:0] action : comandroidserverNotificationManagerServiceNotificationArrived
12-12 20:16:41.813 15499 15499 D com.samsung.app: [AccuTab_Magagine]>>> WC:55 [0:0] settings CT : androidappReceiverRestrictedContext@428c1fd0
12-12 20:16:41.813 15499 15499 D com.samsung.app: [AccuTab_Magagine]>>> UIM:146 [0:0] setContext
12-12 20:16:41.813 15499 15499 D com.samsung.app: [AccuTab_Magagine]>>> UIM:227 [0:0] The widget does not exist in idle!!
12-12 20:16:41.833 16402 16402 W ContextImpl: Calling a method in the system process without a qualified user: android.app.ContextImpl.startService:1865 android.content.ContextWrapper.startService:506 android.content.ContextWrapper.startService:506 com.android.settings.bluetooth.DockEventReceiver.beginStartingService:134 com.android.settings.bluetooth.DockEventReceiver.onReceive:115 
12-12 20:16:41.873  1775  1991 D GKI_LINUX: release_my_wake_lock(), g_wake_lock_fd:90, g_wake_unlock_fd:91, wake_lock_acquired:1
12-12 20:16:41.873 16402 16402 W ContextImpl: Calling a method in the system process without a qualified user: android.app.ContextImpl.bindService:1938 android.content.ContextWrapper.bindService:529 android.bluetooth.BluetoothPan.doBind:173 android.bluetooth.BluetoothPan.<init>:162 android.bluetooth.BluetoothAdapter.getProfileProxy:1401 
12-12 20:16:41.923 21005 21033 I System.out: Thread-813(HTTPLog):isShipBuild true
12-12 20:16:41.923 21005 21033 I System.out: Thread-813(HTTPLog):SmartBonding Enabling is false, SHIP_BUILD is true, log to file is false, DBG is false
12-12 20:16:41.923   787   875 I ActivityManager: Waited long enough for: ServiceRecord{447c98e8 u0 com.google.android.apps.plus/com.google.android.libraries.social.async.BackgroundTaskService}
12-12 20:16:41.933 21005 21033 E LLog    : [h] java.net.UnknownHostException: Unable to resolve host "ew1.dms-gld.bigdata.ssp.samsung.com": No address associated with hostname
12-12 20:16:41.933 21005 21033 E LLog    : 	at java.net.InetAddress.lookupHostByName(InetAddress.java:424)
12-12 20:16:41.933 21005 21033 E LLog    : 	at java.net.InetAddress.getAllByNameImpl(InetAddress.java:236)
12-12 20:16:41.933 21005 21033 E LLog    : 	at java.net.InetAddress.getAllByName(InetAddress.java:214)
12-12 20:16:41.933 21005 21033 E LLog    : 	at com.android.okhttp.internal.Dns$1.getAllByName(Dns.java:28)
12-12 20:16:41.933 21005 21033 E LLog    : 	at com.android.okhttp.internal.http.RouteSelector.resetNextInetSocketAddress(RouteSelector.java:216)
12-12 20:16:41.933 21005 21033 E LLog    : 	at com.android.okhttp.internal.http.RouteSelector.next(RouteSelector.java:122)
12-12 20:16:41.933 21005 21033 E LLog    : 	at com.android.okhttp.internal.http.HttpEngine.connect(HttpEngine.java:390)
12-12 20:16:41.933 21005 21033 E LLog    : 	at com.android.okhttp.internal.http.HttpEngine.sendSocketRequest(HttpEngine.java:343)
12-12 20:16:41.933 21005 21033 E LLog    : 	at com.android.okhttp.internal.http.HttpEngine.sendRequest(HttpEngine.java:289)
12-12 20:16:41.933 21005 21033 E LLog    : 	at com.android.okhttp.internal.http.HttpURLConnectionImpl.execute(HttpURLConnectionImpl.java:345)
12-12 20:16:41.933 21005 21033 E LLog    : 	at com.android.okhttp.internal.http.HttpURLConnectionImpl.connect(HttpURLConnectionImpl.java:89)
12-12 20:16:41.933 21005 21033 E LLog    : 	at com.android.okhttp.internal.http.HttpURLConnectionImpl.getOutputStream(HttpURLConnectionImpl.java:197)
12-12 20:16:41.933 21005 21033 E LLog    : 	at com.android.okhttp.internal.http.HttpsURLConnectionImpl.getOutputStream(HttpsURLConnectionImpl.java:254)
12-12 20:16:41.933 21005 21033 E LLog    : 	at com.sec.spp.push.dlc.sender.ak.a(Unknown Source)
12-12 20:16:41.933 21005 21033 E LLog    : 	at com.sec.spp.push.dlc.sender.h.a(Unknown Source)
12-12 20:16:41.933 21005 21033 E LLog    : 	at com.sec.spp.push.dlc.sender.t.run(Unknown Source)
12-12 20:16:41.933 21005 21033 E LLog    : 	at java.lang.Thread.run(Thread.java:841)
12-12 20:16:41.933 21005 21033 E LLog    : Caused by: libcore.io.GaiException: getaddrinfo failed: EAI_NODATA (No address associated with hostname)
12-12 20:16:41.933 21005 21033 E LLog    : 	at libcore.io.Posix.getaddrinfo(Native Method)
12-12 20:16:41.933 21005 21033 E LLog    : 	at libcore.io.ForwardingOs.getaddrinfo(ForwardingOs.java:61)
12-12 20:16:41.933 21005 21033 E LLog    : 	at java.net.InetAddress.lookupHostByName(InetAddress.java:405)
12-12 20:16:41.933 21005 21033 E LLog    : 	... 16 more
12-12 20:16:41.953  1775  1844 D BTSNOOP-DISP: btsnoop_close
12-12 20:16:41.953  1775  1844 I bt_vendor: cleanup
12-12 20:16:41.953  1775  1844 I bt_vendor: bt-vendor : BT_VND_OP_POWER_CTRL: Off
12-12 20:16:41.953  1775  1844 I bt_vendor: Starting hciattach daemon
12-12 20:16:41.953  1775  1844 I bt_vendor: try to set false
12-12 20:16:41.953  1775  1990 I GKI_LINUX: gki_task_entry: gki_task task_id=0 [BTU] terminating
12-12 20:16:41.953  1775  1844 I GKI_LINUX: GKI_exit_task: GKI_exit_task 0 done
12-12 20:16:41.953  1775  1844 I GKI_LINUX: GKI_destroy_task: GKI_shutdown(): task [BTU] terminated
12-12 20:16:41.963  1775  1816 D BluetoothAdapterState: CURRENT_STATE=PENDING, MESSAGE = DISABLED, isTurningOn=false, isTurningOff=true
12-12 20:16:41.973  1775  1816 D BtConfig.SecureMode: isSecureModeOn:false
12-12 20:16:41.973  1775  1816 W BluetoothAdapterService: check For Quiet mode profile 10 RadioCount =0 srv name=com.android.bluetooth.gatt.GattService
12-12 20:16:41.973  1775  1816 D BtSettings.ProfileConfig: getProfileSaveSetting: com.android.bluetooth.gatt.GattService
12-12 20:16:41.973  1775  1816 W BluetoothAdapterService: Not skipping com.android.bluetooth.gatt.GattService
12-12 20:16:42.053   787  3210 D dalvikvm: GC_EXPLICIT freed 2205K, 47% free 23162K/42952K, paused 6ms+14ms, total 174ms
12-12 20:16:42.053  1775  1816 W BluetoothAdapterService: check For Quiet mode profile 10 RadioCount =0 srv name=com.android.bluetooth.hfp.HeadsetService
12-12 20:16:42.053  1775  1816 D BtSettings.ProfileConfig: getProfileSaveSetting: com.android.bluetooth.hfp.HeadsetService
12-12 20:16:42.053  1775  1775 D BtGatt.GattService: Received stop request...Stopping profile...
12-12 20:16:42.053  1775  1775 D BtGatt.GattService: stop()
12-12 20:16:42.053 16402 16402 D LocalBluetoothProfileManager: PANU : true
12-12 20:16:42.053 16402 16402 D LocalBluetoothProfileManager: Adding local MAP profile
12-12 20:16:42.053  1775  1816 W BluetoothAdapterService: Not skipping com.android.bluetooth.hfp.HeadsetService
12-12 20:16:42.053  1775  1816 W BluetoothAdapterService: check For Quiet mode profile 10 RadioCount =0 srv name=com.android.bluetooth.a2dp.A2dpService
12-12 20:16:42.053  1775  1816 D BtSettings.ProfileConfig: getProfileSaveSetting: com.android.bluetooth.a2dp.A2dpService
12-12 20:16:42.053  1775  1816 W BluetoothAdapterService: Not skipping com.android.bluetooth.a2dp.A2dpService
12-12 20:16:42.053  1775  1816 W BluetoothAdapterService: check For Quiet mode profile 10 RadioCount =0 srv name=com.android.bluetooth.hid.HidService
12-12 20:16:42.053  1775  1816 D BtSettings.ProfileConfig: getProfileSaveSetting: com.android.bluetooth.hid.HidService
12-12 20:16:42.063  1775  1816 W BluetoothAdapterService: Not skipping com.android.bluetooth.hid.HidService
12-12 20:16:42.063  1775  1816 W BluetoothAdapterService: check For Quiet mode profile 10 RadioCount =0 srv name=com.android.bluetooth.hdp.HealthService
12-12 20:16:42.063  1775  1816 D BtSettings.ProfileConfig: getProfileSaveSetting: com.android.bluetooth.hdp.HealthService
12-12 20:16:42.063  1775  1816 W BluetoothAdapterService: Not skipping com.android.bluetooth.hdp.HealthService
12-12 20:16:42.063 16402 16402 D BluetoothMap: Create BluetoothMap proxy object
12-12 20:16:42.063  1775  1816 W BluetoothAdapterService: check For Quiet mode profile 10 RadioCount =0 srv name=com.android.bluetooth.pan.PanService
12-12 20:16:42.063 16402 16402 E BluetoothMap: Could not bind to Bluetooth MAP Service with Intent { act=android.bluetooth.IBluetoothMap }
12-12 20:16:42.063  1775  1816 D BtSettings.ProfileConfig: getProfileSaveSetting: com.android.bluetooth.pan.PanService
12-12 20:16:42.063  1775  1816 W BluetoothAdapterService: Not skipping com.android.bluetooth.pan.PanService
12-12 20:16:42.063  1775  1816 D BluetoothAdapterState: Stopping profile services that were post enabled
12-12 20:16:42.063  1775  1775 D HeadsetService: Received stop request...Stopping profile...
12-12 20:16:42.073  1775  1775 D A2dpService: Received stop request...Stopping profile...
12-12 20:16:42.073   787   949 D MediaFocusControl: <<< unregisterRemoteControlDisplay
12-12 20:16:42.073 16402 16402 E BluetoothPbap: Could not bind to Bluetooth Pbap Service with Intent { act=android.bluetooth.IBluetoothPbap }
12-12 20:16:42.073  1775  1868 D A2dpStateMachine: Exit Disconnected: -1
12-12 20:16:42.073  1775  1775 D Avrcp   : Unregistering previous receiver
12-12 20:16:42.073   787   787 D BluetoothA2dp: Proxy object disconnected
12-12 20:16:42.073  1775  1775 D HidService: Received stop request...Stopping profile...
12-12 20:16:42.073  1775  1775 D HidService: Stopping Bluetooth HidService
12-12 20:16:42.073  1775  1775 D HealthService: Received stop request...Stopping profile...
12-12 20:16:42.073  1775  1775 D PanService: Received stop request...Stopping profile...
12-12 20:16:42.073   787   938 D BluetoothTethering: got CMD_CHANNEL_DISCONNECTED
12-12 20:16:42.073   787   938 E BluetoothTethering: attempted to stop reverse tether with nothing tethered
12-12 20:16:42.073   787   787 D BluetoothPan: BluetoothPAN Proxy object disconnected
12-12 20:16:42.073  1775  1775 D BtSettings.ProfileConfig: getProfileSaveSetting: com.android.bluetooth.hdp.HealthService
12-12 20:16:42.073  1775  1775 D BluetoothAdapterService: Profile still running: com.android.bluetooth.hdp.HealthService
12-12 20:16:42.073  1775  1775 W BluetoothHeadsetServiceJni: Cleaning up Bluetooth Handsfree Interface...
12-12 20:16:42.073  1775  1775 W BluetoothHeadsetServiceJni: Cleaning up Bluetooth Handsfree callback object
12-12 20:16:42.073  1775  1775 D BtSettings.ProfileConfig: getProfileSaveSetting: com.android.bluetooth.hdp.HealthService
12-12 20:16:42.073  1775  1775 D BluetoothAdapterService: Profile still running: com.android.bluetooth.hdp.HealthService
12-12 20:16:42.083  1775  1869 I GKI_LINUX: gki_task_entry: gki_task task_id=2 [A2DP-MEDIA] terminating
12-12 20:16:42.083  1775  1775 I GKI_LINUX: GKI_exit_task: GKI_exit_task 2 done
12-12 20:16:42.083  1775  1775 I GKI_LINUX: GKI_destroy_task: GKI_shutdown(): task [A2DP-MEDIA] terminated
12-12 20:16:42.083  1775  1775 D BtSettings.ProfileConfig: getProfileSaveSetting: com.android.bluetooth.hdp.HealthService
12-12 20:16:42.083  1775  1775 D BluetoothAdapterService: Profile still running: com.android.bluetooth.hdp.HealthService
12-12 20:16:42.083  1775  1775 W BluetoothHidServiceJni: Cleaning up Bluetooth HID Interface...
12-12 20:16:42.083  1775  1775 W BluetoothHidServiceJni: Cleaning up Bluetooth GID callback object
12-12 20:16:42.083  1775  1775 D BtSettings.ProfileConfig: getProfileSaveSetting: com.android.bluetooth.pan.PanService
12-12 20:16:42.083  1775  1775 D BluetoothAdapterService: Profile still running: com.android.bluetooth.pan.PanService
12-12 20:16:42.083  1775  1775 W BluetoothHealthServiceJni: Cleaning up Bluetooth Health Interface...
12-12 20:16:42.083  1775  1775 W BluetoothHealthServiceJni: Cleaning up Bluetooth Health object
12-12 20:16:42.083 16402 16402 E Bluetoothsap: Could not bind to Bluetooth SAP Service with Intent { act=com.broadcom.bt.service.sap.IBluetoothSap }
12-12 20:16:42.083 16402 16402 D LocalBluetoothProfileManager: LocalBluetoothProfileManager construction complete
12-12 20:16:42.083  1775  1816 D BluetoothAdapterState: CURRENT_STATE=PENDING,MSG = STOPPED, isTurningOn=false, isTurningOff=true
12-12 20:16:42.083  1775  1816 I BluetoothAdapterState: Bluetooth adapter state changed: 13-> 10
12-12 20:16:42.083  1775  1816 D BluetoothAdapterService: Bluetooth PBAP supproted is false
12-12 20:16:42.083  1775  1775 W BluetoothPanServiceJni: Cleaning up Bluetooth PAN Interface...
12-12 20:16:42.083  1775  1816 D BluetoothAdapterService: Broadcasting updateAdapterState() to 1 receivers.
12-12 20:16:42.083  1775  1775 W BluetoothPanServiceJni: Cleaning up Bluetooth PAN callback object
12-12 20:16:42.083  1775  1816 D BluetoothAdapterService: Autoconnection is available 
12-12 20:16:42.083  1775  1816 D BluetoothAdapterService: updateAdapterState prevState = 13newState = 10
12-12 20:16:42.083  1775  1816 I BluetoothAdapterState: Entering OffState
12-12 20:16:42.083   787   880 D BluetoothA2dp: onBluetoothStateChange: up=false
12-12 20:16:42.083 16402 16413 D Bluetoothsap: onBluetoothStateChange: up=false
12-12 20:16:42.083 16402 16413 D Bluetoothsap: Unbinding service...
12-12 20:16:42.083 16402 16402 D DockEventReceiver: finishStartingService: stopping service
12-12 20:16:42.093 16402 16413 E Bluetoothsap: 
12-12 20:16:42.093 16402 16413 E Bluetoothsap: java.lang.IllegalArgumentException: Service not registered: com.broadcom.bt.service.sap.BluetoothSap$2@42930940
12-12 20:16:42.093 16402 16413 E Bluetoothsap: 	at android.app.LoadedApk.forgetServiceDispatcher(LoadedApk.java:935)
12-12 20:16:42.093 16402 16413 E Bluetoothsap: 	at android.app.ContextImpl.unbindService(ContextImpl.java:1990)
12-12 20:16:42.093 16402 16413 E Bluetoothsap: 	at android.content.ContextWrapper.unbindService(ContextWrapper.java:541)
12-12 20:16:42.093 16402 16413 E Bluetoothsap: 	at com.broadcom.bt.service.sap.BluetoothSap$1.onBluetoothStateChange(BluetoothSap.java:146)
12-12 20:16:42.093 16402 16413 E Bluetoothsap: 	at android.bluetooth.IBluetoothStateChangeCallback$Stub.onTransact(IBluetoothStateChangeCallback.java:55)
12-12 20:16:42.093 16402 16413 E Bluetoothsap: 	at android.os.Binder.execTransact(Binder.java:404)
12-12 20:16:42.093 16402 16413 E Bluetoothsap: 	at dalvik.system.NativeStart.run(Native Method)
12-12 20:16:42.093 16402 16412 D BluetoothPbap: onBluetoothStateChange: up=false
12-12 20:16:42.093 16402 16412 E BluetoothPbap: 
12-12 20:16:42.093 16402 16412 E BluetoothPbap: java.lang.IllegalArgumentException: Service not registered: android.bluetooth.BluetoothPbap$2@4292e538
12-12 20:16:42.093 16402 16412 E BluetoothPbap: 	at android.app.LoadedApk.forgetServiceDispatcher(LoadedApk.java:935)
12-12 20:16:42.093 16402 16412 E BluetoothPbap: 	at android.app.ContextImpl.unbindService(ContextImpl.java:1990)
12-12 20:16:42.093 16402 16412 E BluetoothPbap: 	at android.content.ContextWrapper.unbindService(ContextWrapper.java:541)
12-12 20:16:42.093 16402 16412 E BluetoothPbap: 	at android.bluetooth.BluetoothPbap$1.onBluetoothStateChange(BluetoothPbap.java:122)
12-12 20:16:42.093 16402 16412 E BluetoothPbap: 	at android.bluetooth.IBluetoothStateChangeCallback$Stub.onTransact(IBluetoothStateChangeCallback.java:55)
12-12 20:16:42.093 16402 16412 E BluetoothPbap: 	at android.os.Binder.execTransact(Binder.java:404)
12-12 20:16:42.093 16402 16412 E BluetoothPbap: 	at dalvik.system.NativeStart.run(Native Method)
12-12 20:16:42.093 16402 21043 D BluetoothMap: onBluetoothStateChange: up=false
12-12 20:16:42.093 16402 21043 E BluetoothMap: 
12-12 20:16:42.093 16402 21043 E BluetoothMap: java.lang.IllegalArgumentException: Service not registered: android.bluetooth.BluetoothMap$2@4292cf40
12-12 20:16:42.093 16402 21043 E BluetoothMap: 	at android.app.LoadedApk.forgetServiceDispatcher(LoadedApk.java:935)
12-12 20:16:42.093 16402 21043 E BluetoothMap: 	at android.app.ContextImpl.unbindService(ContextImpl.java:1990)
12-12 20:16:42.093 16402 21043 E BluetoothMap: 	at android.content.ContextWrapper.unbindService(ContextWrapper.java:541)
12-12 20:16:42.093 16402 21043 E BluetoothMap: 	at android.bluetooth.BluetoothMap$1.onBluetoothStateChange(BluetoothMap.java:66)
12-12 20:16:42.093 16402 21043 E BluetoothMap: 	at android.bluetooth.IBluetoothStateChangeCallback$Stub.onTransact(IBluetoothStateChangeCallback.java:55)
12-12 20:16:42.093 16402 21043 E BluetoothMap: 	at android.os.Binder.execTransact(Binder.java:404)
12-12 20:16:42.093 16402 21043 E BluetoothMap: 	at dalvik.system.NativeStart.run(Native Method)
12-12 20:16:42.093   787   880 D BluetoothManagerService: Broadcasting onBluetoothServiceDown() to 9 receivers.
12-12 20:16:42.093   787   880 D BluetoothManagerService: Broadcasting onBluetoothServiceUp() to 0 receivers.
12-12 20:16:42.093 16402 16402 D BluetoothNotiBroadcastReceiver: onReceive
12-12 20:16:42.093  1775  1775 D BluetoothAdapterService: Cleaning up adapter native....
12-12 20:16:42.093  1775  1844 I GKI_LINUX: gki_task_entry: gki_task task_id=1 [BTIF] terminating
12-12 20:16:42.093  1775  1775 I GKI_LINUX: GKI_exit_task: GKI_exit_task 1 done
12-12 20:16:42.093  1775  1775 I GKI_LINUX: GKI_destroy_task: GKI_shutdown(): task [BTIF] terminated
12-12 20:16:42.093  1775  1775 D GKI_LINUX: release_my_wake_lock(), g_wake_lock_fd:90, g_wake_unlock_fd:91, wake_lock_acquired:0
12-12 20:16:42.093  1775  1775 I BluetoothServiceJni: cleanupNative: return from cleanup
12-12 20:16:42.093  1775  1775 D BluetoothAdapterService: Done cleaning up adapter native....
12-12 20:16:42.093   787   787 I WifiTrafficPoller: mBoosterFLAG : 0
12-12 20:16:42.093   787   787 I WifiTrafficPoller: current booster mode : FullMode
12-12 20:16:42.103  1775  1775 D BluetoothAdapterService(1116444240): ****onDestroy()********
12-12 20:16:42.103  1126  1126 D ContainerEventsRelayManager: <<< Intent action is >>> : android.bluetooth.adapter.action.STATE_CHANGED
12-12 20:16:42.103  1126  1126 D ContainerEventsRelayManager: <<< Intent data is   >>> : null
12-12 20:16:42.103   787  1221 D ECS_EnterpriseContainerService: getContainers   --  Called + uid1000
12-12 20:16:42.103   787  1221 D ECS_EnterpriseContainerService: getContainers   --  Called passing security
12-12 20:16:42.103   787  1221 D ECS_EnterpriseContainerCacheData: Container cache getContainers 
12-12 20:16:42.103   982   982 D BluetoothAdapter: 1114401680: getState() :  mService = null. Returning STATE_OFF
12-12 20:16:42.103   787  1221 D ECS_EnterpriseContainerCacheData: Container cache getContainers not null
12-12 20:16:42.103  1775  1775 D BtGatt.GattService: cleanup()
12-12 20:16:42.103  1139  1139 D PhoneApp: mReceiver: BluetoothAdapter.ACTION_STATE_CHANGED: 10
12-12 20:16:42.103  1297  1297 I SamsungIME: STATE_CHANGED = 10, KEYBOARD_BT(0), mBTKeyboardCount =0
12-12 20:16:42.103 16063 16399 D BluetoothAdapter: 1117592656: getState() :  mService = null. Returning STATE_OFF
12-12 20:16:42.103 16063 17134 D BluetoothAdapter: 1117592656: getState() :  mService = null. Returning STATE_OFF
12-12 20:16:42.103 16063 17134 I BeaconBle: Nearby requested to stop scan
12-12 20:16:42.103 16063 16063 D BluetoothAdapter: 1117592656: getState() :  mService = null. Returning STATE_OFF
12-12 20:16:42.103 16063 16399 D BluetoothAdapter: 1117592656: getState() :  mService = null. Returning STATE_OFF
12-12 20:16:42.103 16063 17134 I BeaconBle: Scan : No clients left, canceling alarm.
12-12 20:16:42.103 16402 16402 V BluetoothEventManager: Received android.bluetooth.adapter.action.STATE_CHANGED
12-12 20:16:42.103 16063 16063 I BeaconBle: Scan : No clients left, canceling alarm.
12-12 20:16:42.103   787  1235 I ActivityManager: Killing 17295:com.sec.android.gallery3d/u0a33 (adj 15): empty #31
12-12 20:16:42.113   787  1221 I ActivityManager: Killing 17318:com.hancom.androidpc.viewer.launcher/u0a47 (adj 15): empty #31
12-12 20:16:42.113   982   982 D STATUSBAR-IconMerger: checkOverflow(1092), More:false, Req:false Child:4
12-12 20:16:42.143 16801 16801 I SA      : [BDLR] registration intent received
12-12 20:16:42.143 16801 16801 I SA      : [BDLR] SPP Push Client registration result - EXTRA_STR_ACTION : ACTION_RESULT_REGISTER //  EXTRA_STR : RESULT_FAIL  //  EXTRA_RESULT_CODE : -5
12-12 20:16:42.143 16063 17134 I BeaconBle: Scan canceled successfully.
12-12 20:16:42.143 16402 16402 W ContextImpl: Calling a method in the system process without a qualified user: android.app.ContextImpl.startService:1865 android.content.ContextWrapper.startService:506 android.content.ContextWrapper.startService:506 com.android.settings.bluetooth.DockEventReceiver.beginStartingService:134 com.android.settings.bluetooth.DockEventReceiver.onReceive:115 
12-12 20:16:42.153 16402 16402 D DockEventReceiver: finishStartingService: stopping service
12-12 20:16:42.153 16402 16402 D BluetoothNotiBroadcastReceiver: onReceive
12-12 20:16:42.203 16331 16443 I Authzen : [PermitStore] Getting all permits...
12-12 20:16:42.273 16063 17134 D BluetoothAdapter: 1117592656: getState() :  mService = null. Returning STATE_OFF
12-12 20:16:42.323 16063 16066 D dalvikvm: GC_CONCURRENT freed 1989K, 41% free 9258K/15468K, paused 4ms+5ms, total 46ms
12-12 20:16:42.323 16063 16392 D dalvikvm: WAIT_FOR_CONCURRENT_GC blocked 34ms
12-12 20:16:42.323 16063 16073 D dalvikvm: WAIT_FOR_CONCURRENT_GC blocked 18ms
12-12 20:16:42.323 16063 17563 D dalvikvm: WAIT_FOR_CONCURRENT_GC blocked 34ms
12-12 20:16:42.323 16063 17111 D dalvikvm: WAIT_FOR_CONCURRENT_GC blocked 35ms
12-12 20:16:42.543 15485 21017 D AWSDeviceFarmAndroidLib: setEnabled: bt is: false
12-12 20:16:42.543 15485 15485 D AatpDeviceManager: taskStatus update (42888191ad8861de1549608faa7243567004750c: {"result":"Bluetooth enabled: false","state":2})
12-12 20:16:42.553   787   787 W ContextImpl: Calling a method in the system process without a qualified user: android.app.ContextImpl.sendBroadcast:1523 com.android.server.StatusBarManagerService.sendNotification:981 com.android.server.StatusBarManagerService.removeNotification:706 com.android.server.NotificationManagerService.cancelNotificationLocked:2455 com.android.server.NotificationManagerService.access$5100:160 
12-12 20:16:42.553   787   787 D NotificationService: cancelNotificationLocked
12-12 20:16:42.553   787   787 D NotificationService:  hasClearableItems
12-12 20:16:42.553   787   787 D NotificationService:  has clearable items no 
12-12 20:16:42.553   787   787 D NotificationService: cancelNotificationLocked: cancel alarm
12-12 20:16:42.553   787   787 D NotificationService: cancelNotificationLocked: cancel alarm
12-12 20:16:42.553   787   787 D STATUSBAR-StatusBarManagerService: sendNotification(3) - 1096041563
12-12 20:16:42.553   787   787 D LightsService: [api] [SvcLED] turnOff:: id = 4 (uid: 1000 pid: 787) 
12-12 20:16:42.553   787   787 D LightsService: [SvcLED] setSvcLedStateLocked:: SvcLEDState : 0x0 -> 0x0 | SvcLED(id=4) set Off
12-12 20:16:42.553   787   893 D LightsService: [SvcLED] Lux failed to be updated in 700ms. -> handleForcedSvcLEDTasK
12-12 20:16:42.563   787   893 D LightsService: [SvcLED]  setSvcLedLightLocked :: Current SvcLED(id=3) maintains its priority right
12-12 20:16:42.583   982   982 D STATUSBAR-IconMerger: checkOverflow(1092), More:false, Req:false Child:3
12-12 20:16:42.713 15485 21063 D Aatp    : /task/42888191ad8861de1549608faa7243567004750c/status
12-12 20:16:42.833   787   898 V AlarmManager: waitForAlarm result :4
12-12 20:16:42.843 15485 21064 D Aatp    : /gps
12-12 20:16:42.843   787   898 V AlarmManager: trigger ELAPSED_REALTIME_WAKEUP or RTC_WAKEUP
12-12 20:16:42.903   787   938 D ConnectivityService: handleInetConditionChange: no active default network - ignore
12-12 20:16:42.933 15485 21064 D Aatp    : sha1: 43611512aac4f5da4446e0d83ff50212b400659b
12-12 20:16:42.933 15485 21064 D AatpDeviceManager: k: enabled v: False
12-12 20:16:42.933 15485 21064 D AatpDeviceManager: k: NanoHttpd.QUERY_STRING v: enabled=False
12-12 20:16:42.943 15485 15485 D AatpDeviceManager: taskStatus update (43611512aac4f5da4446e0d83ff50212b400659b: {"state":1})
12-12 20:16:42.943 15485 21071 D AWSDeviceFarmAndroidLib: setEnabled: disabling GPS
12-12 20:16:42.943 15485 21071 D AWSDeviceFarmAndroidLib: disableGPS()
12-12 20:16:42.943   787   787 W ContextImpl: Calling a method in the system process without a qualified user: android.app.ContextImpl.sendBroadcast:1523 com.android.server.StatusBarManagerService.sendNotification:981 com.android.server.StatusBarManagerService.addNotification:670 com.android.server.NotificationManagerService$7.run:2142 android.os.Handler.handleCallback:733 
12-12 20:16:42.953   787   787 D STATUSBAR-StatusBarManagerService: sendNotification(1) - 1096041564
12-12 20:16:42.953 15499 15499 D com.samsung.app: [AccuTab_Magagine]>>> WC:42 [0:0] action : comandroidserverNotificationManagerServiceNotificationArrived
12-12 20:16:42.953   982   982 D ProgressBar: setProgressDrawable drawableHeight = 0
12-12 20:16:42.953 15499 15499 D com.samsung.app: [AccuTab_Magagine]>>> WC:55 [0:0] settings CT : androidappReceiverRestrictedContext@428c1fd0
12-12 20:16:42.953 15499 15499 D com.samsung.app: [AccuTab_Magagine]>>> UIM:146 [0:0] setContext
12-12 20:16:42.953 15499 15499 D com.samsung.app: [AccuTab_Magagine]>>> UIM:227 [0:0] The widget does not exist in idle!!
