12-12 20:16:25.763   787   901 I InputReader: Reconfiguring input devices.  changes=0x00000010
12-12 20:16:25.783 20336 20493 D Documents: Used cached roots for com.android.externalstorage.documents
12-12 20:16:25.783 20336 20493 D Documents: Used cached roots for com.android.providers.downloads.documents
12-12 20:16:25.783 20336 20493 D Documents: Used cached roots for com.android.providers.media.documents
12-12 20:16:25.783 20336 20493 D Documents: Loading roots for com.google.android.apps.docs.storage
12-12 20:16:25.783   787   787 I HarmonyEASService: onReceive : android.intent.action.PACKAGE_REMOVED for 0
12-12 20:16:25.783  1126  1126 D ContainerEventsRelayManager: <<< Intent action is >>> : android.intent.action.PACKAGE_FULLY_REMOVED
12-12 20:16:25.783  1126  1126 D ContainerEventsRelayManager: <<< Intent data is   >>> : package:com.trellis
12-12 20:16:25.783   787   886 D PackageManager: Sending to user 0: act=android.intent.action.UID_REMOVED flg=0x4000000 Bundle[{android.intent.extra.REMOVED_FOR_ALL_USERS=true, android.intent.extra.UID=11775, android.intent.extra.DATA_REMOVED=true, android.intent.extra.user_handle=0}]
12-12 20:16:25.793   787   949 W ActivityManager: Permission Denial: getCurrentUser() from pid=20479, uid=10117 requires android.permission.INTERACT_ACROSS_USERS
12-12 20:16:25.793 20336 20493 D Documents: Update found 6 roots in 30ms
12-12 20:16:25.803   787   909 V NetworkStats: removeUidsLocked() for UIDs [11775]
12-12 20:16:25.803   787   909 V NetworkStats: performPollLocked(flags=0x3)
12-12 20:16:25.813 20479 20479 I dalvikvm: Could not find method android.content.pm.PackageManager.getPackageInstaller, referenced from method bvl.a
12-12 20:16:25.813 20479 20479 W dalvikvm: VFY: unable to resolve virtual method 2484: Landroid/content/pm/PackageManager;.getPackageInstaller ()Landroid/content/pm/PackageInstaller;
12-12 20:16:25.813 20479 20479 D dalvikvm: VFY: replacing opcode 0x6e at 0x001c
12-12 20:16:25.813 20479 20479 I dalvikvm: Could not find method android.content.Context.createDeviceProtectedStorageContext, referenced from method cbr.a
12-12 20:16:25.813 20479 20479 W dalvikvm: VFY: unable to resolve virtual method 2320: Landroid/content/Context;.createDeviceProtectedStorageContext ()Landroid/content/Context;
12-12 20:16:25.813 20479 20479 D dalvikvm: VFY: replacing opcode 0x6e at 0x0029
12-12 20:16:25.813 20479 20479 I dalvikvm: Could not find method android.content.Context.getSystemService, referenced from method cbr.b
12-12 20:16:25.813 20479 20479 W dalvikvm: VFY: unable to resolve virtual method 2343: Landroid/content/Context;.getSystemService (Ljava/lang/Class;)Ljava/lang/Object;
12-12 20:16:25.813 20479 20479 D dalvikvm: VFY: replacing opcode 0x6e at 0x000b
12-12 20:16:25.813 20479 20479 I dalvikvm: Could not find method android.content.Context.isDeviceProtectedStorage, referenced from method hpq.a
12-12 20:16:25.813 20479 20479 W dalvikvm: VFY: unable to resolve virtual method 2348: Landroid/content/Context;.isDeviceProtectedStorage ()Z
12-12 20:16:25.813 20479 20479 D dalvikvm: VFY: replacing opcode 0x6e at 0x0009
12-12 20:16:25.823 20479 20479 I dalvikvm: Could not find method android.content.Context.isDeviceProtectedStorage, referenced from method hpq.b
12-12 20:16:25.823 20479 20479 W dalvikvm: VFY: unable to resolve virtual method 2348: Landroid/content/Context;.isDeviceProtectedStorage ()Z
12-12 20:16:25.823 20479 20479 D dalvikvm: VFY: replacing opcode 0x6e at 0x005d
12-12 20:16:25.863   787   909 V NetworkStats: performPollLocked() took 58ms
12-12 20:16:25.863 16063 20452 W NetRec  : [774] ConfigChangedIntentOperation.onHandleIntent: Device does not support scoring, exiting
12-12 20:16:25.863 16063 16063 I GeofencerStateMachine: removeGeofences: removeRequest=RemoveGeofencingRequest[REMOVE_ALL packageName=com.trellis]
12-12 20:16:25.953 16063 20453 I PTCommittedOperation: Receive new configuration for com.google.android.gms.people.ui
12-12 20:16:25.963 16331 20365 I SettingsChangedIntentOp: SettingsChangedIntentOperation.run: Got intent Intent { act=com.google.android.gms.phenotype.COMMITTED flg=0x10 pkg=com.google.android.gms cmp=com.google.android.gms/.chimera.GmsIntentOperationService (has extras) }
12-12 20:16:25.963 16331 20365 I SettingsChangedIntentOp: SettingsChangedIntentOperation.run Intent extra com.google.android.gms.phenotype.PACKAGE_NAME: com.google.android.gms.people.ui
12-12 20:16:25.963 16331 20365 I SettingsChangedIntentOp: Action: com.google.android.gms.phenotype.COMMITTED
12-12 20:16:25.963 16331 20365 I SettingsChangedIntentOp: EXTRA_PACKAGE_NAME: com.google.android.gms.people.ui
12-12 20:16:26.023 16063 20452 W NetRec  : [774] ConfigChangedIntentOperation.onHandleIntent: Device does not support scoring, exiting
12-12 20:16:26.033   787   787 D BackupManagerService: Received broadcast Intent { act=android.intent.action.PACKAGE_REMOVED dat=package:com.trellis flg=0x4000010 (has extras) }
12-12 20:16:26.033   787   787 V BackupManagerService: removePackageParticipantsLocked: uid=11775 #1
12-12 20:16:26.063   982   982 D STATUSBAR-NetworkController: refreshSignalCluster - setNWBoosterIndicators(false)
12-12 20:16:26.063   982   982 D STATUSBAR-NetworkController: refreshSignalCluster: data=-1 bt=false
12-12 20:16:26.073 20479 20479 W PhFlagCommitter: Successfully committed experiment flags for user: 
12-12 20:16:26.073   982   982 D STATUSBAR-IconMerger: checkOverflow(1036), More:false, Req:false Child:3
12-12 20:16:26.123 16331 16335 D dalvikvm: GC_CONCURRENT freed 2195K, 61% free 10028K/25436K, paused 10ms+7ms, total 127ms
12-12 20:16:26.143   787   876 D EnterpriseDeviceManagerService: Package has changed for user 0
12-12 20:16:26.163 20479 20479 W PhFlagCommitter: Successfully committed experiment flags for user: 
12-12 20:16:26.193 16063 20452 I PTCommittedOperation: Receive new configuration for com.google.android.gms.auth_authzen
12-12 20:16:26.193 16331 20366 I SettingsChangedIntentOp: SettingsChangedIntentOperation.run: Got intent Intent { act=com.google.android.gms.phenotype.COMMITTED flg=0x10 pkg=com.google.android.gms cmp=com.google.android.gms/.chimera.GmsIntentOperationService (has extras) }
12-12 20:16:26.193 16331 20366 I SettingsChangedIntentOp: SettingsChangedIntentOperation.run Intent extra com.google.android.gms.phenotype.PACKAGE_NAME: com.google.android.gms.auth_authzen
12-12 20:16:26.193 16331 20366 I SettingsChangedIntentOp: Action: com.google.android.gms.phenotype.COMMITTED
12-12 20:16:26.193 16331 20366 I SettingsChangedIntentOp: EXTRA_PACKAGE_NAME: com.google.android.gms.auth_authzen
12-12 20:16:26.193  2613  2613 I elm:14111: MainReceiver.onReceive() : Intent { act=android.intent.action.PACKAGE_REMOVED dat=package:com.trellis flg=0x4000010 cmp=com.sec.esdk.elm/.receiver.MainReceiver (has extras) }
12-12 20:16:26.203  2613  2613 I elm:14111: MainReceiver : Receive Intent { act=android.intent.action.PACKAGE_REMOVED dat=package:com.trellis flg=0x4000010 cmp=com.sec.esdk.elm/.service.ElmAgentService (has extras) } END.
12-12 20:16:26.203   787   876 W Resources: Converting to string: TypedValue{t=0x12/d=0xffffffff a=-1}
12-12 20:16:26.203  2613  2613 D elm:14111: ElmAgentService : onStartCommand() Intent { act=android.intent.action.PACKAGE_REMOVED dat=package:com.trellis flg=0x4000010 cmp=com.sec.esdk.elm/.service.ElmAgentService (has extras) }
12-12 20:16:26.203  2613  2613 D elm:14111: MainReceiver.listeningToPackageRemoved()
12-12 20:16:26.203  2613  2613 D elm:14111: MDMBridge.getInstance()
12-12 20:16:26.203  2613  2613 D elm:14111: MDMBridge.getAllLicenseInfoFromSDK()
12-12 20:16:26.203  1471  1471 I knox    : MainReceiver.onReceive() : Intent { act=android.intent.action.PACKAGE_REMOVED dat=package:com.trellis flg=0x4000010 cmp=com.sec.knox.seandroid/.receiver.MainReceiver (has extras) }
12-12 20:16:26.203  1471  1471 W ContextImpl: Calling a method in the system process without a qualified user: android.app.ContextImpl.startService:1865 android.content.ContextWrapper.startService:506 android.content.ContextWrapper.startService:506 com.sec.knox.seandroid.receiver.MainReceiver.onReceive:85 android.app.ActivityThread.handleReceiver:2578 
12-12 20:16:26.213  2613  2613 D elm:14111: MDMBridge.getAllLicenseInfoFromSDK()
12-12 20:16:26.213  1471  1471 D knox    : MainReceiver.listeningToPackageRemoved()
12-12 20:16:26.213  1471  1471 I knox    : MainReceiver.onReceive() END - - - - - : Intent { act=android.intent.action.PACKAGE_REMOVED dat=package:com.trellis flg=0x4000010 cmp=com.sec.knox.seandroid/.receiver.MainReceiver (has extras) }
12-12 20:16:26.223 20504 20504 I SELinux : Function: selinux_android_load_priority [0], There is no sepolicy file.
12-12 20:16:26.223 20504 20504 I SELinux :  
12-12 20:16:26.223 20504 20504 I SELinux : Function: selinux_android_load_priority [1], There is no sepolicy version file.
12-12 20:16:26.223 20504 20504 I SELinux :  
12-12 20:16:26.223 20504 20504 I SELinux : Function: selinux_android_load_priority , priority version is VE=SEPF_SM-T530NU_4.4.2_0028
12-12 20:16:26.223 20504 20504 I SELinux :  
12-12 20:16:26.223 20504 20504 I SELinux :  
12-12 20:16:26.223 20504 20504 I SELinux : selinux_android_seapp_context_reload: seapp_contexts file is loaded from /seapp_contexts
12-12 20:16:26.223  2613  2613 D elm:14111: MainReceiver.listeningToPackageRemoved(). SEND to KLMS. Remove All KNOX/ONS License
12-12 20:16:26.233   787   876 W Resources: Converting to string: TypedValue{t=0x12/d=0xffffffff a=-1}
12-12 20:16:26.243   787   876 W Resources: Converting to string: TypedValue{t=0x12/d=0xffffffff a=-1}
12-12 20:16:26.253   787   876 W Resources: Converting to string: TypedValue{t=0x12/d=0xffffffff a=-1}
12-12 20:16:26.253   787   876 W Resources: Converting to string: TypedValue{t=0x12/d=0xffffffff a=-1}
12-12 20:16:26.263   787   876 W Resources: Converting to string: TypedValue{t=0x12/d=0xffffffff a=-1}
12-12 20:16:26.273   787   876 W Resources: Converting to string: TypedValue{t=0x12/d=0xffffffff a=-1}
12-12 20:16:26.283 16063 20453 W NetRec  : [775] ConfigChangedIntentOperation.onHandleIntent: Device does not support scoring, exiting
12-12 20:16:26.283   787  1157 W ActivityManager: Permission Denial: getCurrentUser() from pid=20504, uid=10018 requires android.permission.INTERACT_ACROSS_USERS
12-12 20:16:26.293   787   876 W Resources: Converting to string: TypedValue{t=0x12/d=0xffffffff a=-1}
12-12 20:16:26.293   787   876 W Resources: Converting to string: TypedValue{t=0x12/d=0xffffffff a=-1}
12-12 20:16:26.333   787   876 W Resources: Converting to string: TypedValue{t=0x12/d=0x0 a=-1}
12-12 20:16:26.333 16506 16506 I PCWCLIENTTRACE_PushUtil: SPPPushClient is installed : true
12-12 20:16:26.333 16506 16506 I PCWCLIENTTRACE_PushUtil: sales region : global
12-12 20:16:26.333 16506 16506 I PCWCLIENTTRACE_PushUtil: getPushTypeList : [SPP, GCM]
12-12 20:16:26.333 16506 16506 I PCWCLIENTTRACE_SYSTEMReceiver: [onReceive] - android.intent.action.PACKAGE_REMOVED
12-12 20:16:26.333   787   876 W Resources: Converting to string: TypedValue{t=0x12/d=0xffffffff a=-1}
12-12 20:16:26.343   787   876 W Resources: Converting to string: TypedValue{t=0x12/d=0xffffffff a=-1}
12-12 20:16:26.343   787   876 W Resources: Converting to string: TypedValue{t=0x12/d=0x0 a=-1}
12-12 20:16:26.343   787  1223 I ActivityManager: Killing 16693:com.policydm/1000 (adj 15): empty #31
12-12 20:16:26.353   787   876 W Resources: Converting to string: TypedValue{t=0x12/d=0xffffffff a=-1}
12-12 20:16:26.353   787   876 I CrashAnrDetector: onPackageRemoved : com.trellis
12-12 20:16:26.353   787   876 D UsbSettingsManager: clearDefaults: com.trellis
12-12 20:16:26.373   787   886 D dalvikvm: GC_EXPLICIT freed 2506K, 46% free 23294K/42952K, paused 13ms+36ms, total 570ms
12-12 20:16:26.373 20460 20460 D AndroidRuntime: Shutting down VM
12-12 20:16:26.373   787   886 D PackageManager: delete sourFile : 
12-12 20:16:26.373   787   886 D PackageManager: delete native library directory: 
12-12 20:16:26.373   787   886 D PackageManager: return delete result to caller: 1115191016
12-12 20:16:26.373   787   886 D PackageManager: returnCode: 1
12-12 20:16:26.373   787   886 D PackageManager: [MSG] START_CLEANING_PACKAGE
12-12 20:16:26.383 20460 20472 D dalvikvm: GC_CONCURRENT freed 96K, 13% free 666K/764K, paused 0ms+0ms, total 3ms
12-12 20:16:26.383 16063 20452 W NetRec  : [774] ConfigChangedIntentOperation.onHandleIntent: Device does not support scoring, exiting
12-12 20:16:26.393 16801 16801 I SA      : [SUR] onReceive log=[SA = 1.5.0422 V = 19 HWD = 800X1280 1.0 dpi = 160  SIZE = 4 LOCALE = en_US CSC = BNN MCC = 0 MNC 0 T = user DEVICE = matissewifiopenbnn P = matissewifiopenbnn I = KOT49H M = SM-T530NU OKLEFT false DIS KOT49H.T530NUOVU1ANI3 PSS = 10.58540920614425  ]
12-12 20:16:26.393 16801 16801 I SA      : [SUR] onReceive Intent=[ action_PACKAGE_REMOVED package extra.REMOVED_FOR_ALL_USERS.:true extra.UID.:11775 extra.DATA_REMOVED.:true extra.user_handle.:0 ]
12-12 20:16:26.403 20382 20405 I dalvikvm: Could not find method android.provider.DocumentsContract.getTreeDocumentId, referenced from method fsk.a
12-12 20:16:26.403 20382 20405 W dalvikvm: VFY: unable to resolve static method 4184: Landroid/provider/DocumentsContract;.getTreeDocumentId (Landroid/net/Uri;)Ljava/lang/String;
12-12 20:16:26.403 20382 20405 D dalvikvm: VFY: replacing opcode 0x71 at 0x0075
12-12 20:16:26.453   224   484 E cutils  : Failed to mkdirat(/storage/extSdCard/Android): Read-only file system
12-12 20:16:26.453 20382 20405 W ContextImpl: Failed to ensure directory: /storage/extSdCard/Android/data/com.google.android.apps.docs/cache
12-12 20:16:26.453   224   484 W Vold    : Returning OperationFailed - no handler for errno 30
12-12 20:16:26.463  2133 20521 I IcingCorporaProvider: Updating corpora: APPS=com.trellis, CONTACTS=MAYBE
12-12 20:16:26.463 16063 20451 W NetRec  : [773] ConfigChangedIntentOperation.onHandleIntent: Device does not support scoring, exiting
12-12 20:16:26.503 20525 20525 I SELinux : Function: selinux_android_load_priority [0], There is no sepolicy file.
12-12 20:16:26.503 20525 20525 I SELinux :  
12-12 20:16:26.503 20525 20525 I SELinux : Function: selinux_android_load_priority [1], There is no sepolicy version file.
12-12 20:16:26.503 20525 20525 I SELinux :  
12-12 20:16:26.503 20525 20525 I SELinux : Function: selinux_android_load_priority , priority version is VE=SEPF_SM-T530NU_4.4.2_0028
12-12 20:16:26.503 20525 20525 I SELinux :  
12-12 20:16:26.503 20525 20525 I SELinux :  
12-12 20:16:26.503 20525 20525 I SELinux : selinux_android_seapp_context_reload: seapp_contexts file is loaded from /seapp_contexts
12-12 20:16:26.513  2133 20521 I IcingCorporaProvider: UpdateCorporaTask done [took 54 ms] updated apps [took 54 ms] 
12-12 20:16:26.543 20382 20386 D dalvikvm: GC_CONCURRENT freed 6334K, 53% free 6709K/14132K, paused 3ms+3ms, total 60ms
12-12 20:16:26.553 16063 20362 W NetRec  : [767] ConfigChangedIntentOperation.onHandleIntent: Device does not support scoring, exiting
12-12 20:16:26.563 20382 20405 I dalvikvm: Could not find method android.content.ContextWrapper.createCredentialProtectedStorageContext, referenced from method jwn.createCredentialProtectedStorageContext
12-12 20:16:26.563 20382 20405 W dalvikvm: VFY: unable to resolve virtual method 1708: Landroid/content/ContextWrapper;.createCredentialProtectedStorageContext ()Landroid/content/Context;
12-12 20:16:26.563 20382 20405 D dalvikvm: VFY: replacing opcode 0x6f at 0x0002
12-12 20:16:26.563 20382 20405 I dalvikvm: Could not find method android.content.ContextWrapper.createDeviceProtectedStorageContext, referenced from method jwn.createDeviceProtectedStorageContext
12-12 20:16:26.563 20382 20405 W dalvikvm: VFY: unable to resolve virtual method 1709: Landroid/content/ContextWrapper;.createDeviceProtectedStorageContext ()Landroid/content/Context;
12-12 20:16:26.563 20382 20405 D dalvikvm: VFY: replacing opcode 0x6f at 0x0002
12-12 20:16:26.563 20382 20405 D dalvikvm: DexOpt: couldn't find static field Landroid/os/Build;.SUPPORTED_ABIS
12-12 20:16:26.563 20382 20405 W dalvikvm: VFY: unable to resolve static field 918 (SUPPORTED_ABIS) in Landroid/os/Build;
12-12 20:16:26.563 20382 20405 D dalvikvm: VFY: replacing opcode 0x62 at 0x0008
12-12 20:16:26.563 20382 20405 D dalvikvm: DexOpt: couldn't find static field Landroid/os/Build;.SUPPORTED_ABIS
12-12 20:16:26.563 20382 20405 W dalvikvm: VFY: unable to resolve static field 918 (SUPPORTED_ABIS) in Landroid/os/Build;
12-12 20:16:26.563 20382 20405 D dalvikvm: VFY: replacing opcode 0x62 at 0x0097
12-12 20:16:26.573 20382 20405 D dalvikvm: DexOpt: couldn't find field Landroid/content/pm/ApplicationInfo;.splitSourceDirs
12-12 20:16:26.573 20382 20405 W dalvikvm: VFY: unable to resolve instance field 849
12-12 20:16:26.573 20382 20405 D dalvikvm: VFY: replacing opcode 0x54 at 0x0053
12-12 20:16:26.573 20382 20405 D dalvikvm: DexOpt: couldn't find field Landroid/content/pm/ApplicationInfo;.splitSourceDirs
12-12 20:16:26.573 20382 20405 I dalvikvm: DexOpt: unable to optimize instance field ref 0x0351 at 0x57 in Lkgr;.d
12-12 20:16:26.583 20382 20405 I dalvikvm: Could not find method android.content.ContextWrapper.createCredentialProtectedStorageContext, referenced from method com.google.android.chimera.ModuleContext.createCredentialProtectedStorageContext
12-12 20:16:26.583 20382 20405 W dalvikvm: VFY: unable to resolve virtual method 1708: Landroid/content/ContextWrapper;.createCredentialProtectedStorageContext ()Landroid/content/Context;
12-12 20:16:26.583 20382 20405 D dalvikvm: VFY: replacing opcode 0x6f at 0x0002
12-12 20:16:26.583 20382 20405 I dalvikvm: Could not find method android.content.ContextWrapper.createDeviceProtectedStorageContext, referenced from method com.google.android.chimera.ModuleContext.createDeviceProtectedStorageContext
12-12 20:16:26.583 20382 20405 W dalvikvm: VFY: unable to resolve virtual method 1709: Landroid/content/ContextWrapper;.createDeviceProtectedStorageContext ()Landroid/content/Context;
12-12 20:16:26.593 20382 20405 D dalvikvm: VFY: replacing opcode 0x6f at 0x0002
12-12 20:16:26.593 20382 20405 W dalvikvm: VFY: unable to find class referenced in signature (Larql;)
12-12 20:16:26.603 20382 20405 I dalvikvm: Could not find method android.content.Context.isDeviceProtectedStorage, referenced from method kel.d
12-12 20:16:26.603 20382 20405 W dalvikvm: VFY: unable to resolve virtual method 1689: Landroid/content/Context;.isDeviceProtectedStorage ()Z
12-12 20:16:26.603 20382 20405 D dalvikvm: VFY: replacing opcode 0x6e at 0x0006
12-12 20:16:26.603 20382 20405 I dalvikvm: Could not find method android.os.UserHandle.isOwner, referenced from method kel.i
12-12 20:16:26.603 20382 20405 W dalvikvm: VFY: unable to resolve virtual method 2304: Landroid/os/UserHandle;.isOwner ()Z
12-12 20:16:26.603 20382 20405 D dalvikvm: VFY: replacing opcode 0x6e at 0x000a
12-12 20:16:26.603 20382 20405 I dalvikvm: Could not find method android.content.Context.createDeviceProtectedStorageContext, referenced from method jkx.a
12-12 20:16:26.603 20382 20405 W dalvikvm: VFY: unable to resolve virtual method 1659: Landroid/content/Context;.createDeviceProtectedStorageContext ()Landroid/content/Context;
12-12 20:16:26.603 20382 20405 D dalvikvm: VFY: replacing opcode 0x6e at 0x0029
12-12 20:16:26.603 20382 20405 I dalvikvm: Could not find method android.content.Context.getSystemService, referenced from method jkx.b
12-12 20:16:26.603 20382 20405 W dalvikvm: VFY: unable to resolve virtual method 1684: Landroid/content/Context;.getSystemService (Ljava/lang/Class;)Ljava/lang/Object;
12-12 20:16:26.603 20382 20405 D dalvikvm: VFY: replacing opcode 0x6e at 0x000b
12-12 20:16:26.613 20382 20405 D dalvikvm: Trying to load lib /data/app-lib/com.google.android.gms-1317/libgmscore.so 0x42cdb3f0
12-12 20:16:26.613 16063 20362 W NetRec  : [767] ConfigChangedIntentOperation.onHandleIntent: Device does not support scoring, exiting
12-12 20:16:26.613 20382 20405 D dalvikvm: Added shared lib /data/app-lib/com.google.android.gms-1317/libgmscore.so 0x42cdb3f0
12-12 20:16:26.613 20382 20405 D dalvikvm: No JNI_OnLoad found in /data/app-lib/com.google.android.gms-1317/libgmscore.so 0x42cdb3f0, skipping init
12-12 20:16:26.613 20382 20405 I dalvikvm: Could not find method android.content.pm.PackageManager.isInstantApp, referenced from method kkc.a
12-12 20:16:26.613 20382 20405 W dalvikvm: VFY: unable to resolve virtual method 1808: Landroid/content/pm/PackageManager;.isInstantApp (Ljava/lang/String;)Z
12-12 20:16:26.613 20382 20405 D dalvikvm: VFY: replacing opcode 0x6e at 0x002d
12-12 20:16:26.623 20382 20405 D dalvikvm: Trying to load lib /data/app-lib/com.google.android.gms-1317/libconscrypt_gmscore_jni.so 0x42cdb3f0
12-12 20:16:26.623 20382 20405 D dalvikvm: Added shared lib /data/app-lib/com.google.android.gms-1317/libconscrypt_gmscore_jni.so 0x42cdb3f0
12-12 20:16:26.623 20382 20405 V NativeCrypto: Registering com/google/android/gms/org/conscrypt/NativeCrypto's 276 native methods...
12-12 20:16:26.633 16063 20452 W NetRec  : [774] ConfigChangedIntentOperation.onHandleIntent: Device does not support scoring, exiting
12-12 20:16:26.643 20382 20405 E dalvikvm: Could not find class 'javax.net.ssl.SNIServerName', referenced from method com.google.android.gms.org.conscrypt.Platform.getSniHostnameFromParams
12-12 20:16:26.643 20382 20405 W dalvikvm: VFY: unable to resolve check-cast 2222 (Ljavax/net/ssl/SNIServerName;) in Lcom/google/android/gms/org/conscrypt/Platform;
12-12 20:16:26.643 20382 20405 D dalvikvm: VFY: replacing opcode 0x1f at 0x0025
12-12 20:16:26.643 20382 20405 E dalvikvm: Could not find class 'javax.net.ssl.SNIHostName', referenced from method com.google.android.gms.org.conscrypt.Platform.setParametersSniHostname
12-12 20:16:26.643 20382 20405 W dalvikvm: VFY: unable to resolve new-instance 2221 (Ljavax/net/ssl/SNIHostName;) in Lcom/google/android/gms/org/conscrypt/Platform;
12-12 20:16:26.643 20382 20405 D dalvikvm: VFY: replacing opcode 0x22 at 0x0024
12-12 20:16:26.643 20382 20405 E dalvikvm: Could not find class 'javax.net.ssl.SNIHostName', referenced from method com.google.android.gms.org.conscrypt.Platform.setParametersSniHostname
12-12 20:16:26.643 20382 20405 W dalvikvm: VFY: unable to resolve new-instance 2221 (Ljavax/net/ssl/SNIHostName;) in Lcom/google/android/gms/org/conscrypt/Platform;
12-12 20:16:26.643 20382 20405 D dalvikvm: VFY: replacing opcode 0x22 at 0x0024
12-12 20:16:26.643 20382 20405 W dalvikvm: Unable to resolve superclass of Lcom/google/android/gms/org/conscrypt/DelegatingExtendedSSLSession; (2212)
12-12 20:16:26.643 20382 20405 W dalvikvm: Link of class 'Lcom/google/android/gms/org/conscrypt/DelegatingExtendedSSLSession;' failed
12-12 20:16:26.653 20382 20405 E dalvikvm: Could not find class 'com.google.android.gms.org.conscrypt.DelegatingExtendedSSLSession', referenced from method com.google.android.gms.org.conscrypt.Platform.unwrapSSLSession
12-12 20:16:26.653 20382 20405 W dalvikvm: VFY: unable to resolve instanceof 1304 (Lcom/google/android/gms/org/conscrypt/DelegatingExtendedSSLSession;) in Lcom/google/android/gms/org/conscrypt/Platform;
12-12 20:16:26.653 20382 20405 D dalvikvm: VFY: replacing opcode 0x20 at 0x0007
12-12 20:16:26.653 20382 20405 W dalvikvm: Unable to resolve superclass of Lcom/google/android/gms/org/conscrypt/DelegatingExtendedSSLSession; (2212)
12-12 20:16:26.653 20382 20405 W dalvikvm: Link of class 'Lcom/google/android/gms/org/conscrypt/DelegatingExtendedSSLSession;' failed
12-12 20:16:26.653 20382 20405 E dalvikvm: Could not find class 'com.google.android.gms.org.conscrypt.DelegatingExtendedSSLSession', referenced from method com.google.android.gms.org.conscrypt.Platform.wrapSSLSession
12-12 20:16:26.653 20382 20405 W dalvikvm: VFY: unable to resolve new-instance 1304 (Lcom/google/android/gms/org/conscrypt/DelegatingExtendedSSLSession;) in Lcom/google/android/gms/org/conscrypt/Platform;
12-12 20:16:26.653 20382 20405 D dalvikvm: VFY: replacing opcode 0x22 at 0x0007
12-12 20:16:26.653 20382 20405 D dalvikvm: DexOpt: unable to opt direct call 0x3096 at 0x2a in Lcom/google/android/gms/org/conscrypt/Platform;.setParametersSniHostname
12-12 20:16:26.653 20382 20405 D dalvikvm: DexOpt: unable to opt direct call 0x3096 at 0x2a in Lcom/google/android/gms/org/conscrypt/Platform;.setParametersSniHostname
12-12 20:16:26.653 20382 20405 W dalvikvm: Unable to resolve superclass of Lcom/google/android/gms/org/conscrypt/DelegatingExtendedSSLSession; (2212)
12-12 20:16:26.653 20382 20405 W dalvikvm: Link of class 'Lcom/google/android/gms/org/conscrypt/DelegatingExtendedSSLSession;' failed
12-12 20:16:26.653 20382 20405 D dalvikvm: DexOpt: unable to opt direct call 0x1b67 at 0x09 in Lcom/google/android/gms/org/conscrypt/Platform;.wrapSSLSession
12-12 20:16:26.663 20525 20525 D UserAnalysis.PlaceProvider: Create SecureDbHelper
12-12 20:16:26.673 20525 20525 D UserAnalysis.UserAnalysisBroadcastReceiver: Create SecureDbHelper
12-12 20:16:26.673   787  8953 W ActivityManager: Permission Denial: getCurrentUser() from pid=20525, uid=10052 requires android.permission.INTERACT_ACROSS_USERS
12-12 20:16:26.693 16063 20451 W NetRec  : [773] ConfigChangedIntentOperation.onHandleIntent: Device does not support scoring, exiting
12-12 20:16:26.693 17401 17401 D CapabilityManagerService New: Receiver Broadcast:android.intent.action.PACKAGE_REMOVED
12-12 20:16:26.693 17401 17401 D CapabilityManagerService New: The package(com.trellis) removed
12-12 20:16:26.733 20539 20539 I SELinux : Function: selinux_android_load_priority [0], There is no sepolicy file.
12-12 20:16:26.733 20539 20539 I SELinux :  
12-12 20:16:26.733 20539 20539 I SELinux : Function: selinux_android_load_priority [1], There is no sepolicy version file.
12-12 20:16:26.733 20539 20539 I SELinux :  
12-12 20:16:26.733 20539 20539 I SELinux : Function: selinux_android_load_priority , priority version is VE=SEPF_SM-T530NU_4.4.2_0028
12-12 20:16:26.733 20539 20539 I SELinux :  
12-12 20:16:26.733 20539 20539 I SELinux :  
12-12 20:16:26.733 20539 20539 I SELinux : selinux_android_seapp_context_reload: seapp_contexts file is loaded from /seapp_contexts
12-12 20:16:26.733   787  3211 I ActivityManager: Killing 16784:com.sec.android.app.samsungapps/u0a29 (adj 15): empty #31
12-12 20:16:26.743 16063 20452 W NetRec  : [774] ConfigChangedIntentOperation.onHandleIntent: Device does not support scoring, exiting
12-12 20:16:26.763 16825 16825 I ContainerAgent: ContainerManagerService: ContainerManagerService onUnbind()
12-12 20:16:26.763 16825 16825 I ContainerAgent: ContainerManagerService: ContainerManagerService onDestroy()
12-12 20:16:26.773  1266  1285 W ApplicationsProvider: Could not fetch usage stats
12-12 20:16:26.773  1266  1285 W ApplicationsProvider: java.lang.SecurityException: Neither user 10017 nor current process has android.permission.PACKAGE_USAGE_STATS.
12-12 20:16:26.773  1266  1285 W ApplicationsProvider: 	at android.os.Parcel.readException(Parcel.java:1465)
12-12 20:16:26.773  1266  1285 W ApplicationsProvider: 	at android.os.Parcel.readException(Parcel.java:1419)
12-12 20:16:26.773  1266  1285 W ApplicationsProvider: 	at com.android.internal.app.IUsageStats$Stub$Proxy.getAllPkgUsageStats(IUsageStats.java:317)
12-12 20:16:26.773  1266  1285 W ApplicationsProvider: 	at android.app.ActivityManager.getAllPackageUsageStats(ActivityManager.java:2520)
12-12 20:16:26.773  1266  1285 W ApplicationsProvider: 	at com.android.providers.applications.ApplicationsProvider.fetchUsageStats(ApplicationsProvider.java:681)
12-12 20:16:26.773  1266  1285 W ApplicationsProvider: 	at com.android.providers.applications.ApplicationsProvider.updateApplicationsList(ApplicationsProvider.java:519)
12-12 20:16:26.773  1266  1285 W ApplicationsProvider: 	at com.android.providers.applications.ApplicationsProvider.access$300(ApplicationsProvider.java:70)
12-12 20:16:26.773  1266  1285 W ApplicationsProvider: 	at com.android.providers.applications.ApplicationsProvider$UpdateHandler.handleMessage(ApplicationsProvider.java:209)
12-12 20:16:26.773  1266  1285 W ApplicationsProvider: 	at android.os.Handler.dispatchMessage(Handler.java:102)
12-12 20:16:26.773  1266  1285 W ApplicationsProvider: 	at android.os.Looper.loop(Looper.java:136)
12-12 20:16:26.773  1266  1285 W ApplicationsProvider: 	at android.os.HandlerThread.run(HandlerThread.java:61)
12-12 20:16:26.803 16063 16066 D dalvikvm: GC_CONCURRENT freed 1970K, 41% free 9169K/15492K, paused 5ms+8ms, total 54ms
12-12 20:16:26.813 20539 20539 W ContextImpl: Calling a method in the system process without a qualified user: android.app.ContextImpl.startService:1865 android.content.ContextWrapper.startService:506 android.content.ContextWrapper.startService:506 com.android.keychain.KeyChainBroadcastReceiver.onReceive:12 android.app.ActivityThread.handleReceiver:2578 
12-12 20:16:26.833 16063 20451 W NetRec  : [773] ConfigChangedIntentOperation.onHandleIntent: Device does not support scoring, exiting
12-12 20:16:26.843   787   863 D SensorService:   -0.7 0.5 9.5
12-12 20:16:26.873   787   949 I ActivityManager: Killing 17346:com.hancom.office.hcell.viewer.hcell_viewer_apk/u0a49 (adj 15): empty #31
12-12 20:16:26.903 20382 20405 D dalvikvm: Trying to load lib /data/app-lib/com.google.android.gms-1317/libgmscore.so 0x42cdb3f0
12-12 20:16:26.903 20382 20405 D dalvikvm: Shared lib '/data/app-lib/com.google.android.gms-1317/libgmscore.so' already loaded in same CL 0x42cdb3f0
12-12 20:16:26.913 20382 20405 D dalvikvm: Trying to load lib /data/app-lib/com.google.android.gms-1317/libconscrypt_gmscore_jni.so 0x42cdb3f0
12-12 20:16:26.913 20382 20405 D dalvikvm: Shared lib '/data/app-lib/com.google.android.gms-1317/libconscrypt_gmscore_jni.so' already loaded in same CL 0x42cdb3f0
12-12 20:16:26.923 16063 16376 E NetworkScheduler: Unrecognised action provided: android.intent.action.PACKAGE_REMOVED
12-12 20:16:26.983  1813 20557 I DownloadStaller: onHandleIntent: Uninstalltion successfull!
12-12 20:16:26.993 16063 20362 W NetRec  : [767] ConfigChangedIntentOperation.onHandleIntent: Device does not support scoring, exiting
12-12 20:16:27.063   982   982 D STATUSBAR-NetworkController: refreshSignalCluster - setNWBoosterIndicators(false)
12-12 20:16:27.063 16063 16373 W ConfigurationChimeraPro: Got null configs for com.google.android.gms.drive
12-12 20:16:27.063   982   982 D STATUSBAR-NetworkController: refreshSignalCluster: data=-1 bt=false
12-12 20:16:27.073   982   982 D STATUSBAR-IconMerger: checkOverflow(1036), More:false, Req:false Child:3
12-12 20:16:27.113 16063 20452 W NetRec  : [774] ConfigChangedIntentOperation.onHandleIntent: Device does not support scoring, exiting
12-12 20:16:27.153 20382 20405 I ProviderInstaller: Installed default security provider GmsCore_OpenSSL
12-12 20:16:27.203 20552 20552 D AndroidRuntime: 
12-12 20:16:27.203 20552 20552 D AndroidRuntime: >>>>>> AndroidRuntime START com.android.internal.os.RuntimeInit <<<<<<
12-12 20:16:27.203 20552 20552 D AndroidRuntime: CheckJNI is OFF
12-12 20:16:27.203 20552 20552 D AndroidRuntime: setted country_code = USA
12-12 20:16:27.203 20552 20552 D AndroidRuntime: setted countryiso_code = US
12-12 20:16:27.203 20552 20552 D AndroidRuntime: setted sales_code = BNN
12-12 20:16:27.203 20552 20552 D AndroidRuntime: readGMSProperty: start
12-12 20:16:27.203 20552 20552 D AndroidRuntime: readGMSProperty: already setted!!
12-12 20:16:27.203 20552 20552 D AndroidRuntime: readGMSProperty: end
12-12 20:16:27.203 20552 20552 D AndroidRuntime: addProductProperty: start
12-12 20:16:27.213 16063 20453 I PTCommittedOperation: Receive new configuration for com.google.android.gms.telephonyspam
12-12 20:16:27.223 20552 20552 D dalvikvm: Trying to load lib libjavacore.so 0x0
12-12 20:16:27.223 16331 16650 I Icing   : IndexChimeraService.getServiceInterface callingPackage=com.google.android.gms componentName=AppsCorpus serviceId=32
12-12 20:16:27.223 20552 20552 D dalvikvm: Added shared lib libjavacore.so 0x0
12-12 20:16:27.233 20552 20552 D dalvikvm: Trying to load lib libnativehelper.so 0x0
12-12 20:16:27.233 20552 20552 D dalvikvm: Added shared lib libnativehelper.so 0x0
12-12 20:16:27.233 20552 20552 D dalvikvm: No JNI_OnLoad found in libnativehelper.so 0x0, skipping init
12-12 20:16:27.233 16331 20366 I GrowthService: Package com.trellis uninstalled. Removing from storage.
12-12 20:16:27.233 16331 20561 I SettingsChangedIntentOp: SettingsChangedIntentOperation.run: Got intent Intent { act=com.google.android.gms.phenotype.COMMITTED flg=0x10 pkg=com.google.android.gms cmp=com.google.android.gms/.chimera.GmsIntentOperationService (has extras) }
12-12 20:16:27.233 16331 20561 I SettingsChangedIntentOp: SettingsChangedIntentOperation.run Intent extra com.google.android.gms.phenotype.PACKAGE_NAME: com.google.android.gms.telephonyspam
12-12 20:16:27.243 16331 20561 I SettingsChangedIntentOp: Action: com.google.android.gms.phenotype.COMMITTED
12-12 20:16:27.243 16331 20561 I SettingsChangedIntentOp: EXTRA_PACKAGE_NAME: com.google.android.gms.telephonyspam
12-12 20:16:27.243 16331 20561 I SettingsChangedIntentOp: telephonyspam phenotype flag changed
12-12 20:16:27.243 16331 20561 I SpamListSync: schedulePeriodicTask
12-12 20:16:27.253 20566 20566 I SELinux : Function: selinux_android_load_priority [0], There is no sepolicy file.
12-12 20:16:27.253 20566 20566 I SELinux :  
12-12 20:16:27.253 20566 20566 I SELinux : Function: selinux_android_load_priority [1], There is no sepolicy version file.
12-12 20:16:27.253 20566 20566 I SELinux :  
12-12 20:16:27.253 20566 20566 I SELinux : Function: selinux_android_load_priority , priority version is VE=SEPF_SM-T530NU_4.4.2_0028
12-12 20:16:27.253 20566 20566 I SELinux :  
12-12 20:16:27.253 20566 20566 I SELinux :  
12-12 20:16:27.253 20566 20566 I SELinux : selinux_android_seapp_context_reload: seapp_contexts file is loaded from /seapp_contexts
12-12 20:16:27.253 16331 16443 I Icing   : IndexChimeraService.getServiceInterface callingPackage=com.google.android.gms componentName=AppsCorpus serviceId=36
12-12 20:16:27.253 16331 20560 I Icing   : doRemovePackageData com.trellis
12-12 20:16:27.273   243   243 D dalvikvm: GC_EXPLICIT freed 43K, 66% free 4879K/14132K, paused 2ms+3ms, total 25ms
12-12 20:16:27.293   243   243 D dalvikvm: GC_EXPLICIT freed <1K, 66% free 4879K/14132K, paused 2ms+3ms, total 20ms
12-12 20:16:27.313   243   243 D dalvikvm: GC_EXPLICIT freed <1K, 66% free 4879K/14132K, paused 2ms+3ms, total 21ms
12-12 20:16:27.343 16063 20450 I PTCommittedOperation: Receive new configuration for com.google.android.gms.googlehelp
12-12 20:16:27.343 16063 20362 W NetRec  : [767] ConfigChangedIntentOperation.onHandleIntent: Device does not support scoring, exiting
12-12 20:16:27.403 16331 20562 I SettingsChangedIntentOp: SettingsChangedIntentOperation.run: Got intent Intent { act=com.google.android.gms.phenotype.COMMITTED flg=0x10 pkg=com.google.android.gms cmp=com.google.android.gms/.chimera.GmsIntentOperationService (has extras) }
12-12 20:16:27.403 16331 20562 I SettingsChangedIntentOp: SettingsChangedIntentOperation.run Intent extra com.google.android.gms.phenotype.PACKAGE_NAME: com.google.android.gms.googlehelp
12-12 20:16:27.403 16331 20562 I SettingsChangedIntentOp: Action: com.google.android.gms.phenotype.COMMITTED
12-12 20:16:27.403 16331 20562 I SettingsChangedIntentOp: EXTRA_PACKAGE_NAME: com.google.android.gms.googlehelp
12-12 20:16:27.413   787  1221 W ActivityManager: Permission Denial: getCurrentUser() from pid=20566, uid=10015 requires android.permission.INTERACT_ACROSS_USERS
12-12 20:16:27.443 16331 20459 I PeopleContactsSync: triggerPendingContactsCleanup: no accounts
12-12 20:16:27.443 20552 20552 E memtrack: Couldn't load memtrack module (No such file or directory)
12-12 20:16:27.443 20552 20552 E android.os.Debug: failed to load memtrack module: -2
12-12 20:16:27.453 16331 20459 D Wear_Controller: Received broadcast action=android.intent.action.PACKAGE_REMOVED and uri=com.trellis
12-12 20:16:27.453 16331 20459 I LocationSettingsChecker: Removing dialog suppression flag for package com.trellis
12-12 20:16:27.473 20566 20566 D KLMS-2.3.164 : : KLMSValidator() : checkQATesting()
12-12 20:16:27.473 16063 20452 W NetRec  : [774] ConfigChangedIntentOperation.onHandleIntent: Device does not support scoring, exiting
12-12 20:16:27.483 20552 20552 D dalvikvm: Note: class Landroid/app/ActivityManagerNative; has 192 unimplemented (abstract) methods
12-12 20:16:27.523 20566 20566 I KLMS-2.3.164 : : ELMReceiver() : EventNotificationReciver- method called: AppActivityListner onReceive for Intent Action : com.sec.esdk.elm.action.DEACTIVE_PACKAGE , timestamp: 1513109787527
12-12 20:16:27.523 20566 20566 I KLMS-2.3.164 : : ELMReceiver() : ELM_DEACTIVATE_LICENSE
12-12 20:16:27.523 20566 20566 I KLMS-2.3.164 : : KnoxLicenseServicesImpl() : deactivateLicense()
12-12 20:16:27.533 20566 20566 I KLMS-2.3.164 : : DeviceServices() : Deactivation initiator=1001 | packageName=ELM
12-12 20:16:27.543 20566 20566 I KLMS-2.3.164 : : KLMSUtility() : isNetworkAvailable() - WIFI : true| MOBILE : false
12-12 20:16:27.553 16331 16335 D dalvikvm: GC_CONCURRENT freed 1755K, 60% free 10320K/25436K, paused 18ms+14ms, total 136ms
12-12 20:16:27.553 16331 20467 D dalvikvm: WAIT_FOR_CONCURRENT_GC blocked 34ms
12-12 20:16:27.553 16331 20366 D dalvikvm: WAIT_FOR_CONCURRENT_GC blocked 34ms
12-12 20:16:27.563 16331 20364 D dalvikvm: WAIT_FOR_CONCURRENT_GC blocked 11ms
12-12 20:16:27.563 16331 18216 D dalvikvm: WAIT_FOR_CONCURRENT_GC blocked 38ms
12-12 20:16:27.563 16331 20560 D dalvikvm: WAIT_FOR_CONCURRENT_GC blocked 39ms
12-12 20:16:27.563 20552 20552 D AndroidRuntime: Calling main entry com.android.commands.pm.Pm
12-12 20:16:27.583 16331 20586 I SettingsChangedIntentOp: SettingsChangedIntentOperation.run: Got intent Intent { act=com.google.android.gms.phenotype.COMMITTED flg=0x10 pkg=com.google.android.gms cmp=com.google.android.gms/.chimera.GmsIntentOperationService (has extras) }
12-12 20:16:27.583 16331 20586 I SettingsChangedIntentOp: SettingsChangedIntentOperation.run Intent extra com.google.android.gms.phenotype.PACKAGE_NAME: com.google.android.gms.auth_cryptauth
12-12 20:16:27.583 16063 20453 I PTCommittedOperation: Receive new configuration for com.google.android.gms.auth_cryptauth
12-12 20:16:27.583 16331 20586 I SettingsChangedIntentOp: Action: com.google.android.gms.phenotype.COMMITTED
12-12 20:16:27.583 16331 20586 I SettingsChangedIntentOp: EXTRA_PACKAGE_NAME: com.google.android.gms.auth_cryptauth
12-12 20:16:27.583 16063 20453 W NetRec  : [775] ConfigChangedIntentOperation.onHandleIntent: Device does not support scoring, exiting
12-12 20:16:27.623 16331 20369 I SettingsChangedIntentOp: SettingsChangedIntentOperation.run: Got intent Intent { act=com.google.android.gms.phenotype.COMMITTED flg=0x10 pkg=com.google.android.gms cmp=com.google.android.gms/.chimera.GmsIntentOperationService (has extras) }
12-12 20:16:27.623 16331 20369 I SettingsChangedIntentOp: SettingsChangedIntentOperation.run Intent extra com.google.android.gms.phenotype.PACKAGE_NAME: com.google.android.gms.auth.api.credentials
12-12 20:16:27.623 16331 20369 I SettingsChangedIntentOp: Action: com.google.android.gms.phenotype.COMMITTED
12-12 20:16:27.623 16331 20369 I SettingsChangedIntentOp: EXTRA_PACKAGE_NAME: com.google.android.gms.auth.api.credentials
12-12 20:16:27.633 16063 20450 I PTCommittedOperation: Receive new configuration for com.google.android.gms.auth.api.credentials
12-12 20:16:27.653 16063 20450 I PTCommittedOperation: Receive new configuration for com.google.android.gms.octarine
12-12 20:16:27.653 16331 20459 I SettingsChangedIntentOp: SettingsChangedIntentOperation.run: Got intent Intent { act=com.google.android.gms.phenotype.COMMITTED flg=0x10 pkg=com.google.android.gms cmp=com.google.android.gms/.chimera.GmsIntentOperationService (has extras) }
12-12 20:16:27.663 16331 20459 I SettingsChangedIntentOp: SettingsChangedIntentOperation.run Intent extra com.google.android.gms.phenotype.PACKAGE_NAME: com.google.android.gms.octarine
12-12 20:16:27.663 16331 20459 I SettingsChangedIntentOp: Action: com.google.android.gms.phenotype.COMMITTED
12-12 20:16:27.663 16331 20459 I SettingsChangedIntentOp: EXTRA_PACKAGE_NAME: com.google.android.gms.octarine
12-12 20:16:27.693 16331 20561 I SettingsChangedIntentOp: SettingsChangedIntentOperation.run: Got intent Intent { act=com.google.android.gms.phenotype.COMMITTED flg=0x10 pkg=com.google.android.gms cmp=com.google.android.gms/.chimera.GmsIntentOperationService (has extras) }
12-12 20:16:27.703 16063 20450 I PTCommittedOperation: Receive new configuration for com.google.android.gms.growth
12-12 20:16:27.703 16331 20561 I SettingsChangedIntentOp: SettingsChangedIntentOperation.run Intent extra com.google.android.gms.phenotype.PACKAGE_NAME: com.google.android.gms.growth
12-12 20:16:27.703 16331 20561 I SettingsChangedIntentOp: Action: com.google.android.gms.phenotype.COMMITTED
12-12 20:16:27.703 16331 20561 I SettingsChangedIntentOp: EXTRA_PACKAGE_NAME: com.google.android.gms.growth
12-12 20:16:27.723 16063 20452 I PTCommittedOperation: Receive new configuration for com.google.android.gms.matchstick
12-12 20:16:27.733 16331 20591 I DatabaseHelper: Creating a new database at version 172 for /data/data/com.google.android.gms/databases/DocList.db
12-12 20:16:27.743 20552 20552 D AndroidRuntime: Shutting down VM
12-12 20:16:27.753 20552 20568 D dalvikvm: GC_CONCURRENT freed 571K, 46% free 683K/1256K, paused 0ms+1ms, total 4ms
12-12 20:16:27.753 16331 20562 I SettingsChangedIntentOp: SettingsChangedIntentOperation.run: Got intent Intent { act=com.google.android.gms.phenotype.COMMITTED flg=0x10 pkg=com.google.android.gms cmp=com.google.android.gms/.chimera.GmsIntentOperationService (has extras) }
12-12 20:16:27.753 16331 20562 I SettingsChangedIntentOp: SettingsChangedIntentOperation.run Intent extra com.google.android.gms.phenotype.PACKAGE_NAME: com.google.android.gms.matchstick
12-12 20:16:27.753 16331 20562 I SettingsChangedIntentOp: Action: com.google.android.gms.phenotype.COMMITTED
12-12 20:16:27.753 16331 20562 I SettingsChangedIntentOp: EXTRA_PACKAGE_NAME: com.google.android.gms.matchstick
12-12 20:16:27.793 16331 20459 I SettingsChangedIntentOp: SettingsChangedIntentOperation.run: Got intent Intent { act=com.google.android.gms.phenotype.COMMITTED flg=0x10 pkg=com.google.android.gms cmp=com.google.android.gms/.chimera.GmsIntentOperationService (has extras) }
12-12 20:16:27.793 16331 20459 I SettingsChangedIntentOp: SettingsChangedIntentOperation.run Intent extra com.google.android.gms.phenotype.PACKAGE_NAME: com.google.android.gms.romanesco
12-12 20:16:27.793 16331 20459 I SettingsChangedIntentOp: Action: com.google.android.gms.phenotype.COMMITTED
12-12 20:16:27.793 16331 20459 I SettingsChangedIntentOp: EXTRA_PACKAGE_NAME: com.google.android.gms.romanesco
12-12 20:16:27.793 16063 20451 W NetRec  : [773] ConfigChangedIntentOperation.onHandleIntent: Device does not support scoring, exiting
12-12 20:16:27.803 16063 20450 I PTCommittedOperation: Receive new configuration for com.google.android.gms.romanesco
12-12 20:16:27.823 16063 20452 I PTCommittedOperation: Receive new configuration for com.google.android.gms.ulr
12-12 20:16:27.823 16063 20362 I GCoreUlr: Starting service, intent=Intent { act=com.google.android.location.reporting.ACTION_UPDATE_WORLD cmp=com.google.android.gms/com.google.android.location.reporting.service.DispatchingService (has extras) }, extras=Bundle[{receiverAction=com.google.gservices.intent.action.GSERVICES_CHANGED}]
12-12 20:16:27.853 16063 16066 D dalvikvm: GC_CONCURRENT freed 2059K, 41% free 9162K/15492K, paused 5ms+11ms, total 68ms
12-12 20:16:27.863 16331 20561 I SettingsChangedIntentOp: SettingsChangedIntentOperation.run: Got intent Intent { act=com.google.android.gms.phenotype.COMMITTED flg=0x10 pkg=com.google.android.gms cmp=com.google.android.gms/.chimera.GmsIntentOperationService (has extras) }
12-12 20:16:27.863 16331 20561 I SettingsChangedIntentOp: SettingsChangedIntentOperation.run Intent extra com.google.android.gms.phenotype.PACKAGE_NAME: com.google.android.gms.ulr
12-12 20:16:27.863 16331 20561 I SettingsChangedIntentOp: Action: com.google.android.gms.phenotype.COMMITTED
12-12 20:16:27.863 16331 20561 I SettingsChangedIntentOp: EXTRA_PACKAGE_NAME: com.google.android.gms.ulr
12-12 20:16:27.883 16063 20450 W NetRec  : [772] ConfigChangedIntentOperation.onHandleIntent: Device does not support scoring, exiting
12-12 20:16:27.883 16331 20561 I SettingsChangedIntentOp: SettingsChangedIntentOperation.run: Got intent Intent { act=com.google.android.gms.phenotype.COMMITTED flg=0x10 pkg=com.google.android.gms cmp=com.google.android.gms/.chimera.GmsIntentOperationService (has extras) }
12-12 20:16:27.883 16331 20561 I SettingsChangedIntentOp: SettingsChangedIntentOperation.run Intent extra com.google.android.gms.phenotype.PACKAGE_NAME: com.google.android.gms.reachability
12-12 20:16:27.893 16331 20561 I SettingsChangedIntentOp: Action: com.google.android.gms.phenotype.COMMITTED
12-12 20:16:27.893 16331 20561 I SettingsChangedIntentOp: EXTRA_PACKAGE_NAME: com.google.android.gms.reachability
12-12 20:16:27.933 16063 20450 I PTCommittedOperation: Receive new configuration for com.google.android.gms.reachability
12-12 20:16:27.943 16331 20562 I SettingsChangedIntentOp: SettingsChangedIntentOperation.run: Got intent Intent { act=com.google.android.gms.phenotype.COMMITTED flg=0x10 pkg=com.google.android.gms cmp=com.google.android.gms/.chimera.GmsIntentOperationService (has extras) }
12-12 20:16:27.943 16331 20562 I SettingsChangedIntentOp: SettingsChangedIntentOperation.run Intent extra com.google.android.gms.phenotype.PACKAGE_NAME: com.google.android.gms.feedback
12-12 20:16:27.943 16331 20562 I SettingsChangedIntentOp: Action: com.google.android.gms.phenotype.COMMITTED
12-12 20:16:27.943 16331 20562 I SettingsChangedIntentOp: EXTRA_PACKAGE_NAME: com.google.android.gms.feedback
12-12 20:16:27.963 16063 16388 I GCoreUlr: WorldUpdater received intent Intent { act=com.google.android.location.reporting.ACTION_UPDATE_WORLD cmp=com.google.android.gms/com.google.android.location.reporting.service.DispatchingService (has extras) } with receiverAction com.google.gservices.intent.action.GSERVICES_CHANGED
12-12 20:16:28.003 16063 20362 W NetRec  : [767] ConfigChangedIntentOperation.onHandleIntent: Device does not support scoring, exiting
12-12 20:16:28.003 16063 20362 I PTCommittedOperation: Receive new configuration for com.google.android.gms.feedback
12-12 20:16:28.003 16063 16388 I GCoreUlr: WorldUpdater:com.google.gservices.intent.action.GSERVICES_CHANGED: Ensuring that reporting is stopped because of reasons: (no Google accounts)
12-12 20:16:28.013 16331 20369 I SettingsChangedIntentOp: SettingsChangedIntentOperation.run: Got intent Intent { act=com.google.android.gms.phenotype.COMMITTED flg=0x10 pkg=com.google.android.gms cmp=com.google.android.gms/.chimera.GmsIntentOperationService (has extras) }
12-12 20:16:28.013 16331 20369 I SettingsChangedIntentOp: SettingsChangedIntentOperation.run Intent extra com.google.android.gms.phenotype.PACKAGE_NAME: com.google.android.gms.walletp2p#config
12-12 20:16:28.013 16331 20369 I SettingsChangedIntentOp: Action: com.google.android.gms.phenotype.COMMITTED
12-12 20:16:28.013 16331 20369 I SettingsChangedIntentOp: EXTRA_PACKAGE_NAME: com.google.android.gms.walletp2p#config
12-12 20:16:28.023 16063 16388 I GCoreUlr: Unbound from all location providers
12-12 20:16:28.023 16063 16388 I GCoreUlr: Place inference reporting - stop
12-12 20:16:28.043 16331 20560 I Icing   : Usage reports ok 0, Failed Usage reports 0, indexed 0, rejected 0, imm upload false
12-12 20:16:28.043 16063 16388 I GCoreUlr: DispatchingService ignoring Intent { act=android.net.wifi.WIFI_STATE_CHANGED flg=0x4000010 (has extras) } because ULR inactive
12-12 20:16:28.063 16331 20560 I Icing   : Usage reports ok 0, Failed Usage reports 0, indexed 0, rejected 0, imm upload false
12-12 20:16:28.063   982   982 D STATUSBAR-NetworkController: refreshSignalCluster - setNWBoosterIndicators(false)
12-12 20:16:28.063   982   982 D STATUSBAR-NetworkController: refreshSignalCluster: data=-1 bt=false
12-12 20:16:28.083   982   982 D STATUSBAR-IconMerger: checkOverflow(1036), More:false, Req:false Child:3
12-12 20:16:28.083 16063 20452 I PTCommittedOperation: Receive new configuration for com.google.android.gms.walletp2p#config
12-12 20:16:28.083 16063 20450 W NetRec  : [772] ConfigChangedIntentOperation.onHandleIntent: Device does not support scoring, exiting
12-12 20:16:28.083 16331 20467 W DriveInitializer: Awaiting to be initialized
12-12 20:16:28.083 16331 20595 W DriveInitializer: Background init thread started
12-12 20:16:28.123 16063 16063 I GCoreUlr: Stopping handler for UlrDispSvcFast
12-12 20:16:28.133 16063 16063 I GCoreUlr: Unbound from all location providers
12-12 20:16:28.133 16063 16063 I GCoreUlr: Place inference reporting - stop
12-12 20:16:28.163 16063 20451 W NetRec  : [773] ConfigChangedIntentOperation.onHandleIntent: Device does not support scoring, exiting
12-12 20:16:28.173 16063 20596 W NetRec  : [790] ConfigChangedIntentOperation.onHandleIntent: Device does not support scoring, exiting
12-12 20:16:28.193 16331 20366 I SettingsChangedIntentOp: SettingsChangedIntentOperation.run: Got intent Intent { act=com.google.android.gms.phenotype.COMMITTED flg=0x10 pkg=com.google.android.gms cmp=com.google.android.gms/.chimera.GmsIntentOperationService (has extras) }
12-12 20:16:28.193 16331 20366 I SettingsChangedIntentOp: SettingsChangedIntentOperation.run Intent extra com.google.android.gms.phenotype.PACKAGE_NAME: com.google.android.gms.nearby
12-12 20:16:28.193 16331 20366 I SettingsChangedIntentOp: Action: com.google.android.gms.phenotype.COMMITTED
