12-12 20:15:34.653   982   982 D STATUSBAR-NetworkController: refreshSignalCluster - setNWBoosterIndicators(false)
12-12 20:15:34.653   982   982 D STATUSBAR-NetworkController: refreshSignalCluster: data=-1 bt=false
12-12 20:15:34.663   982   982 D STATUSBAR-IconMerger: checkOverflow(1036), More:false, Req:false Child:4
12-12 20:15:35.163   787   992 D lights  : button : 1 +
12-12 20:15:35.163   787   992 D lights  : button : 1 -
12-12 20:15:35.163   787   900 I InputDispatcher: Delivering key to: action: 0x0 (0)
12-12 20:15:35.173   787   900 I InputDispatcher: Delivering key to: action: 0x1 (0)
12-12 20:15:35.173   787 19409 W ContextImpl: Calling a method in the system process without a qualified user: android.app.ContextImpl.sendBroadcast:1509 com.android.server.InputMethodManagerService$4.run:2683 java.lang.Thread.run:841 <bottom of call stack> <bottom of call stack> 
12-12 20:15:35.173   787   787 W ContextImpl: Calling a method in the system process without a qualified user: android.app.ContextImpl.sendBroadcast:1523 com.android.server.StatusBarManagerService.sendNotification:981 com.android.server.StatusBarManagerService.removeNotification:706 com.android.server.NotificationManagerService.cancelNotificationLocked:2455 com.android.server.NotificationManagerService.access$5100:160 
12-12 20:15:35.183   787   787 D NotificationService: cancelNotificationLocked
12-12 20:15:35.183  1297  1297 D SamsungIME: onWindowHidden
12-12 20:15:35.183   787   787 D NotificationService:  hasClearableItems
12-12 20:15:35.183   787   787 D NotificationService:  has clearable items no 
12-12 20:15:35.183   787   787 D NotificationService: cancelNotificationLocked: cancel alarm
12-12 20:15:35.183   787   787 D NotificationService: cancelNotificationLocked: cancel alarm
12-12 20:15:35.183   787   787 D STATUSBAR-StatusBarManagerService: sendNotification(3) - 17041255
12-12 20:15:35.183  1297  1297 W ContextImpl: Calling a method in the system process without a qualified user: android.app.ContextImpl.sendBroadcast:1509 android.content.ContextWrapper.sendBroadcast:377 android.inputmethodservice.InputMethodService.sendInputViewShownState:539 android.inputmethodservice.InputMethodService.hideWindow:2300 android.inputmethodservice.InputMethodService.doHideWindow:2278 
12-12 20:15:35.183   787   787 D LightsService: [api] [SvcLED] turnOff:: id = 4 (uid: 1000 pid: 787) 
12-12 20:15:35.183   982   982 D STATUSBAR-IconMerger: checkOverflow(1036), More:false, Req:false Child:3
12-12 20:15:35.183   787   787 D LightsService: [SvcLED] setSvcLedStateLocked:: SvcLEDState : 0x0 -> 0x0 | SvcLED(id=4) set Off
12-12 20:15:35.183   787   893 D LightsService: [SvcLED] Lux failed to be updated in 700ms. -> handleForcedSvcLEDTasK
12-12 20:15:35.183   787   893 D LightsService: [SvcLED]  setSvcLedLightLocked :: Current SvcLED(id=3) maintains its priority right
12-12 20:15:35.183   787  1770 D SSRMv2:TSP:AirViewOnOff: DeviceInfo:: 00000000000
12-12 20:15:35.183   787  1770 D SSRMv2:TSP:AirViewOnOff: SettingsAirViewInfo:: 000000000
12-12 20:15:35.443   242 18165 I SurfaceFlinger: id=34 Removed JnputMethod (8/10)
12-12 20:15:35.443   242  1295 I SurfaceFlinger: id=34 Removed JnputMethod (-2/10)
12-12 20:15:35.483   787  1770 D SSRMv2:SIOP: SIOP:: AP = 310, Delta = 0
12-12 20:15:35.673   982   982 D STATUSBAR-NetworkController: refreshSignalCluster - setNWBoosterIndicators(false)
12-12 20:15:35.673   982   982 D STATUSBAR-NetworkController: refreshSignalCluster: data=-1 bt=false
12-12 20:15:35.683   982   982 D STATUSBAR-IconMerger: checkOverflow(1036), More:false, Req:false Child:3
12-12 20:15:36.173 17846 17846 W InteractionController: runAndwaitForEvent timedout waiting for events
12-12 20:15:36.673   787   992 D lights  : button : 0 +
12-12 20:15:36.673   787   992 D lights  : button : 0 -
12-12 20:15:37.243 17846 17846 I AccessibilityNodeInfoDumper: Skipping invisible child: android.view.accessibility.AccessibilityNodeInfo@14e0e; boundsInParent: Rect(0, 0 - 0, 64); boundsInScreen: Rect(1272, 25 - 1272, 89); packageName: com.example.snoopy; className: android.support.v7.widget.LinearLayoutCompat; text: null; contentDescription: null; viewIdResName: null; checkable: false; checked: false; focusable: false; focused: false; selected: false; clickable: false; longClickable: false; enabled: true; password: false; scrollable: false; [ACTION_SELECT, ACTION_CLEAR_SELECTION, ACTION_ACCESSIBILITY_FOCUS]
12-12 20:15:37.253 17846 17846 W AccessibilityNodeInfoDumper: Fetch time: 30ms
12-12 20:15:37.593 17846 17846 I AccessibilityNodeInfoDumper: Skipping invisible child: android.view.accessibility.AccessibilityNodeInfo@14e0e; boundsInParent: Rect(0, 0 - 0, 64); boundsInScreen: Rect(1272, 25 - 1272, 89); packageName: com.example.snoopy; className: android.support.v7.widget.LinearLayoutCompat; text: null; contentDescription: null; viewIdResName: null; checkable: false; checked: false; focusable: false; focused: false; selected: false; clickable: false; longClickable: false; enabled: true; password: false; scrollable: false; [ACTION_SELECT, ACTION_CLEAR_SELECTION, ACTION_ACCESSIBILITY_FOCUS]
12-12 20:15:37.593 17846 17846 W AccessibilityNodeInfoDumper: Fetch time: 9ms
12-12 20:15:37.653 17846 17860 D dalvikvm: GC_CONCURRENT freed 6211K, 67% free 2730K/8192K, paused 2ms+5ms, total 31ms
12-12 20:15:37.653 17846 17846 D dalvikvm: WAIT_FOR_CONCURRENT_GC blocked 29ms
12-12 20:15:37.713   982   982 D STATUSBAR-NetworkController: refreshSignalCluster - setNWBoosterIndicators(false)
12-12 20:15:37.713   982   982 D STATUSBAR-NetworkController: refreshSignalCluster: data=-1 bt=false
12-12 20:15:37.723   982   982 D STATUSBAR-IconMerger: checkOverflow(1036), More:false, Req:false Child:3
12-12 20:15:37.843 17846 17846 I QueryController: Matched selector: UiSelector[CLASS=android.widget.EditText, INSTANCE=0, PACKAGE NAME=com.example.snoopy] <<==>> [android.view.accessibility.AccessibilityNodeInfo@12102; boundsInParent: Rect(0, 0 - 338, 45); boundsInScreen: Rect(15, 104 - 353, 149); packageName: com.example.snoopy; className: android.widget.EditText; text: Enter your email. Editing.; contentDescription: null; viewIdResName: com.example.snoopy:id/editTextEmail; checkable: false; checked: false; focusable: true; focused: true; selected: false; clickable: true; longClickable: true; enabled: true; password: false; scrollable: false; [ACTION_CLEAR_FOCUS, ACTION_SELECT, ACTION_CLEAR_SELECTION, ACTION_CLICK, ACTION_LONG_CLICK, ACTION_ACCESSIBILITY_FOCUS, ACTION_PASTE]]
12-12 20:15:37.853 17846 17846 I QueryController: Matched selector: UiSelector[CLASS=android.widget.EditText, INSTANCE=0, PACKAGE NAME=com.example.snoopy] <<==>> [android.view.accessibility.AccessibilityNodeInfo@12102; boundsInParent: Rect(0, 0 - 338, 45); boundsInScreen: Rect(15, 104 - 353, 149); packageName: com.example.snoopy; className: android.widget.EditText; text: Enter your email. Editing.; contentDescription: null; viewIdResName: com.example.snoopy:id/editTextEmail; checkable: false; checked: false; focusable: true; focused: true; selected: false; clickable: true; longClickable: true; enabled: true; password: false; scrollable: false; [ACTION_CLEAR_FOCUS, ACTION_SELECT, ACTION_CLEAR_SELECTION, ACTION_CLICK, ACTION_LONG_CLICK, ACTION_ACCESSIBILITY_FOCUS, ACTION_PASTE]]
12-12 20:15:37.873 17846 17846 D dalvikvm: GC_FOR_ALLOC freed 933K, 72% free 2299K/8192K, paused 14ms, total 14ms
12-12 20:15:37.883 17846 17846 I dalvikvm-heap: Grow heap (frag case) to 5.221MB for 1024016-byte allocation
12-12 20:15:38.723   982   982 D STATUSBAR-NetworkController: refreshSignalCluster - setNWBoosterIndicators(false)
12-12 20:15:38.723   982   982 D STATUSBAR-NetworkController: refreshSignalCluster: data=-1 bt=false
12-12 20:15:38.733   982   982 D STATUSBAR-IconMerger: checkOverflow(1036), More:false, Req:false Child:3
12-12 20:15:38.943 17846 17846 I QueryController: Matched selector: UiSelector[CLASS=android.widget.EditText, INSTANCE=0, PACKAGE NAME=com.example.snoopy] <<==>> [android.view.accessibility.AccessibilityNodeInfo@12102; boundsInParent: Rect(0, 0 - 338, 45); boundsInScreen: Rect(15, 104 - 353, 149); packageName: com.example.snoopy; className: android.widget.EditText; text: Enter your email. Editing.; contentDescription: null; viewIdResName: com.example.snoopy:id/editTextEmail; checkable: false; checked: false; focusable: true; focused: true; selected: false; clickable: true; longClickable: true; enabled: true; password: false; scrollable: false; [ACTION_CLEAR_FOCUS, ACTION_SELECT, ACTION_CLEAR_SELECTION, ACTION_CLICK, ACTION_LONG_CLICK, ACTION_ACCESSIBILITY_FOCUS, ACTION_PASTE]]
12-12 20:15:38.943   787   900 I InputDispatcher: Delivering touch to: action: 0x4, toolType: 0
12-12 20:15:38.943   787   900 I InputDispatcher: Delivering touch to: action: 0x0, toolType: 0
12-12 20:15:38.943   787   900 D PowerManagerService: [api] userActivityFromNative : 20 (event: 2 flags: 0)
12-12 20:15:39.453   787   900 I InputDispatcher: Delivering touch to: action: 0x1, toolType: 0
12-12 20:15:39.493   787  1221 V VibratorService: hasVibrator - useVibetonz: false
12-12 20:15:39.533   242   242 I SurfaceFlinger: id=35 createSurf (1x1),1 flag=4, QopupWindow
12-12 20:15:39.563   242   242 I SurfaceFlinger: id=36 createSurf (1x1),1 flag=4, QopupWindow
12-12 20:15:40.233 17846 17860 D dalvikvm: GC_CONCURRENT freed 788K, 63% free 3473K/9196K, paused 3ms+7ms, total 25ms
12-12 20:15:40.313 17846 17846 I AccessibilityNodeInfoDumper: Skipping invisible child: android.view.accessibility.AccessibilityNodeInfo@14e0e; boundsInParent: Rect(0, 0 - 0, 64); boundsInScreen: Rect(1272, 25 - 1272, 89); packageName: com.example.snoopy; className: android.support.v7.widget.LinearLayoutCompat; text: null; contentDescription: null; viewIdResName: null; checkable: false; checked: false; focusable: false; focused: false; selected: false; clickable: false; longClickable: false; enabled: true; password: false; scrollable: false; [ACTION_SELECT, ACTION_CLEAR_SELECTION, ACTION_ACCESSIBILITY_FOCUS]
12-12 20:15:40.323 17846 17846 W AccessibilityNodeInfoDumper: Fetch time: 10ms
12-12 20:15:41.713   787   992 D lights  : button : 1 +
12-12 20:15:41.713   787   992 D lights  : button : 1 -
12-12 20:15:41.723   787   900 I InputDispatcher: Delivering key to: action: 0x0 (0)
12-12 20:15:41.733   787   900 I InputDispatcher: Delivering key to: action: 0x1 (0)
12-12 20:15:41.743   787   900 I InputDispatcher: Delivering key to: action: 0x0 (0)
12-12 20:15:41.783   787   900 I InputDispatcher: Delivering key to: action: 0x1 (0)
12-12 20:15:41.803   787   900 I InputDispatcher: Delivering key to: action: 0x0 (0)
12-12 20:15:41.823   787   900 I InputDispatcher: Delivering key to: action: 0x1 (0)
12-12 20:15:41.883   787   900 I InputDispatcher: Delivering key to: action: 0x0 (0)
12-12 20:15:41.893   787   900 I InputDispatcher: Delivering key to: action: 0x1 (0)
12-12 20:15:41.923   242 18165 I SurfaceFlinger: id=35 Removed QopupWindow (8/11)
12-12 20:15:41.923   242  1295 I SurfaceFlinger: id=36 Removed QopupWindow (8/10)
12-12 20:15:41.923   242  1295 I SurfaceFlinger: id=35 Removed QopupWindow (-2/10)
12-12 20:15:41.933   242   480 I SurfaceFlinger: id=36 Removed QopupWindow (-2/10)
12-12 20:15:43.213   787   992 D lights  : button : 0 +
12-12 20:15:43.213   787   992 D lights  : button : 0 -
12-12 20:15:43.403 17846 17846 I QueryController: Matched selector: UiSelector[CLASS=android.widget.EditText, INSTANCE=1, PACKAGE NAME=com.example.snoopy, COUNT=1] <<==>> [android.view.accessibility.AccessibilityNodeInfo@124c3; boundsInParent: Rect(0, 0 - 338, 45); boundsInScreen: Rect(15, 179 - 353, 224); packageName: com.example.snoopy; className: android.widget.EditText; text: Enter password.. Double tap to edit.; contentDescription: null; viewIdResName: com.example.snoopy:id/editTextPassword; checkable: false; checked: false; focusable: true; focused: false; selected: false; clickable: true; longClickable: true; enabled: true; password: false; scrollable: false; [ACTION_FOCUS, ACTION_SELECT, ACTION_CLEAR_SELECTION, ACTION_CLICK, ACTION_LONG_CLICK, ACTION_ACCESSIBILITY_FOCUS]]
12-12 20:15:43.463 17846 17846 I QueryController: Matched selector: UiSelector[CLASS=android.widget.EditText, INSTANCE=1, PACKAGE NAME=com.example.snoopy, COUNT=1] <<==>> [android.view.accessibility.AccessibilityNodeInfo@124c3; boundsInParent: Rect(0, 0 - 338, 45); boundsInScreen: Rect(15, 179 - 353, 224); packageName: com.example.snoopy; className: android.widget.EditText; text: Enter password.. Double tap to edit.; contentDescription: null; viewIdResName: com.example.snoopy:id/editTextPassword; checkable: false; checked: false; focusable: true; focused: false; selected: false; clickable: true; longClickable: true; enabled: true; password: false; scrollable: false; [ACTION_FOCUS, ACTION_SELECT, ACTION_CLEAR_SELECTION, ACTION_CLICK, ACTION_LONG_CLICK, ACTION_ACCESSIBILITY_FOCUS]]
12-12 20:15:43.553 17846 17846 D dalvikvm: GC_FOR_ALLOC freed 1222K, 63% free 3409K/9196K, paused 34ms, total 39ms
12-12 20:15:43.873   787  1235 D BatteryService: level:100, scale:100, status:3, health:2, present:true, voltage: 4355, temperature: 260, technology: Li-ion, AC powered:false, USB powered:true, Wireless powered:false, icon:17303545, invalid charger:0, online:4, current avg:11, charge type:2, power sharing:false
12-12 20:15:43.873   787   787 D BatteryService: Sending ACTION_BATTERY_CHANGED.
12-12 20:15:43.883   982   982 D KeyguardUpdateMonitor: received broadcast android.intent.action.BATTERY_CHANGED
12-12 20:15:43.883   982   982 D KeyguardUpdateMonitor: handleBatteryUpdate
12-12 20:15:43.903   982   982 D STATUSBAR-PhoneStatusBar:  mBrightnessEnablebySettings = true mBrightnessEnablebyBattery = true mBrightnessEnablebyDisableFlag = true mPmsBrightnessEnablebySettings = true
12-12 20:15:43.923   982   982 D STATUSBAR-IconMerger: checkOverflow(1036), More:false, Req:false Child:3
12-12 20:15:43.933  1775  1864 D HeadsetStateMachine: Disconnected process message: 10
12-12 20:15:43.933   982   982 D BatteryMeterView: ACTION_BATTERY_CHANGED : level:100 status:3 health:2
12-12 20:15:43.953  1813  1813 D DeviceManagerBroadcastReceiver: Updated Battery Level: 100
12-12 20:15:43.993  1813  1813 D DeviceManagerBroadcastReceiver: Action: android.intent.action.BATTERY_CHANGED
12-12 20:15:43.993  1813  1813 D DeviceManagerBroadcastReceiver: Set Alarm: false
12-12 20:15:44.643 17846 17846 I QueryController: Matched selector: UiSelector[CLASS=android.widget.EditText, INSTANCE=1, PACKAGE NAME=com.example.snoopy, COUNT=1] <<==>> [android.view.accessibility.AccessibilityNodeInfo@124c3; boundsInParent: Rect(0, 0 - 338, 45); boundsInScreen: Rect(15, 179 - 353, 224); packageName: com.example.snoopy; className: android.widget.EditText; text: Enter password.. Double tap to edit.; contentDescription: null; viewIdResName: com.example.snoopy:id/editTextPassword; checkable: false; checked: false; focusable: true; focused: false; selected: false; clickable: true; longClickable: true; enabled: true; password: false; scrollable: false; [ACTION_FOCUS, ACTION_SELECT, ACTION_CLEAR_SELECTION, ACTION_CLICK, ACTION_LONG_CLICK, ACTION_ACCESSIBILITY_FOCUS]]
12-12 20:15:44.653   787   900 I InputDispatcher: Delivering touch to: action: 0x4, toolType: 0
12-12 20:15:44.653   787   900 I InputDispatcher: Delivering touch to: action: 0x0, toolType: 0
12-12 20:15:45.183   787   900 I InputDispatcher: Delivering touch to: action: 0x1, toolType: 0
12-12 20:15:45.233   787  1223 V VibratorService: hasVibrator - useVibetonz: false
12-12 20:15:45.313   242   242 I SurfaceFlinger: id=37 createSurf (1x1),1 flag=4, QopupWindow
12-12 20:15:45.353   242   242 I SurfaceFlinger: id=38 createSurf (1x1),1 flag=4, QopupWindow
12-12 20:15:45.523   787  1770 D SSRMv2:SIOP: SIOP:: AP = 310, Delta = 0
12-12 20:15:45.943 17846 17860 D dalvikvm: GC_CONCURRENT freed 875K, 56% free 4504K/10192K, paused 1ms+4ms, total 28ms
12-12 20:15:46.003 17846 17846 I AccessibilityNodeInfoDumper: Skipping invisible child: android.view.accessibility.AccessibilityNodeInfo@14e0e; boundsInParent: Rect(0, 0 - 0, 64); boundsInScreen: Rect(1272, 25 - 1272, 89); packageName: com.example.snoopy; className: android.support.v7.widget.LinearLayoutCompat; text: null; contentDescription: null; viewIdResName: null; checkable: false; checked: false; focusable: false; focused: false; selected: false; clickable: false; longClickable: false; enabled: true; password: false; scrollable: false; [ACTION_SELECT, ACTION_CLEAR_SELECTION, ACTION_ACCESSIBILITY_FOCUS]
12-12 20:15:46.003 17846 17846 W AccessibilityNodeInfoDumper: Fetch time: 7ms
12-12 20:15:47.383   787   992 D lights  : button : 1 +
12-12 20:15:47.393   787   992 D lights  : button : 1 -
12-12 20:15:47.403   787   900 I InputDispatcher: Delivering key to: action: 0x0 (0)
12-12 20:15:47.423   787   900 I InputDispatcher: Delivering key to: action: 0x1 (0)
12-12 20:15:47.433   787   900 I InputDispatcher: Delivering key to: action: 0x0 (0)
12-12 20:15:47.463   787   900 I InputDispatcher: Delivering key to: action: 0x1 (0)
12-12 20:15:47.483   787   900 I InputDispatcher: Delivering key to: action: 0x0 (0)
12-12 20:15:47.493   787   900 I InputDispatcher: Delivering key to: action: 0x1 (0)
12-12 20:15:47.543   787   900 I InputDispatcher: Delivering key to: action: 0x0 (0)
12-12 20:15:47.653   242   482 I SurfaceFlinger: id=37 Removed QopupWindow (8/11)
12-12 20:15:47.653   242 18165 I SurfaceFlinger: id=38 Removed QopupWindow (8/10)
12-12 20:15:47.653   242 18165 I SurfaceFlinger: id=37 Removed QopupWindow (-2/10)
12-12 20:15:47.653   242   480 I SurfaceFlinger: id=38 Removed QopupWindow (-2/10)
12-12 20:15:47.663   787   900 I InputDispatcher: Delivering key to: action: 0x1 (0)
12-12 20:15:48.883   787   992 D lights  : button : 0 +
12-12 20:15:48.883   787   992 D lights  : button : 0 -
12-12 20:15:49.213 17846 17846 I QueryController: Matched selector: UiSelector[CLASS=android.widget.TextView, INSTANCE=1, PACKAGE NAME=com.example.snoopy, COUNT=1] <<==>> [android.view.accessibility.AccessibilityNodeInfo@13006; boundsInParent: Rect(0, 0 - 368, 19); boundsInScreen: Rect(0, 317 - 368, 336); packageName: com.example.snoopy; className: android.widget.TextView; text: Already Registered? Login Now; contentDescription: null; viewIdResName: com.example.snoopy:id/textViewSignin; checkable: false; checked: false; focusable: false; focused: false; selected: false; clickable: true; longClickable: false; enabled: true; password: false; scrollable: false; [ACTION_SELECT, ACTION_CLEAR_SELECTION, ACTION_CLICK, ACTION_ACCESSIBILITY_FOCUS, ACTION_NEXT_AT_MOVEMENT_GRANULARITY, ACTION_PREVIOUS_AT_MOVEMENT_GRANULARITY, ACTION_SET_SELECTION]]
12-12 20:15:49.243 17846 17846 I QueryController: Matched selector: UiSelector[CLASS=android.widget.TextView, INSTANCE=1, PACKAGE NAME=com.example.snoopy, COUNT=1] <<==>> [android.view.accessibility.AccessibilityNodeInfo@13006; boundsInParent: Rect(0, 0 - 368, 19); boundsInScreen: Rect(0, 317 - 368, 336); packageName: com.example.snoopy; className: android.widget.TextView; text: Already Registered? Login Now; contentDescription: null; viewIdResName: com.example.snoopy:id/textViewSignin; checkable: false; checked: false; focusable: false; focused: false; selected: false; clickable: true; longClickable: false; enabled: true; password: false; scrollable: false; [ACTION_SELECT, ACTION_CLEAR_SELECTION, ACTION_CLICK, ACTION_ACCESSIBILITY_FOCUS, ACTION_NEXT_AT_MOVEMENT_GRANULARITY, ACTION_PREVIOUS_AT_MOVEMENT_GRANULARITY, ACTION_SET_SELECTION]]
12-12 20:15:49.313 17846 17846 D dalvikvm: GC_FOR_ALLOC freed 1224K, 57% free 4443K/10192K, paused 34ms, total 34ms
12-12 20:15:49.573   787  1084 E Watchdog: !@Sync 794
12-12 20:15:50.393 17846 17846 I QueryController: Matched selector: UiSelector[CLASS=android.widget.TextView, INSTANCE=1, PACKAGE NAME=com.example.snoopy, COUNT=1] <<==>> [android.view.accessibility.AccessibilityNodeInfo@13006; boundsInParent: Rect(0, 0 - 368, 19); boundsInScreen: Rect(0, 317 - 368, 336); packageName: com.example.snoopy; className: android.widget.TextView; text: Already Registered? Login Now; contentDescription: null; viewIdResName: com.example.snoopy:id/textViewSignin; checkable: false; checked: false; focusable: false; focused: false; selected: false; clickable: true; longClickable: false; enabled: true; password: false; scrollable: false; [ACTION_SELECT, ACTION_CLEAR_SELECTION, ACTION_CLICK, ACTION_ACCESSIBILITY_FOCUS, ACTION_NEXT_AT_MOVEMENT_GRANULARITY, ACTION_PREVIOUS_AT_MOVEMENT_GRANULARITY, ACTION_SET_SELECTION]]
12-12 20:15:50.403 17846 17846 D InteractionController: clickAndSync(184, 326)
12-12 20:15:50.403   787   900 I InputDispatcher: Delivering touch to: action: 0x4, toolType: 0
12-12 20:15:50.403   787   900 I InputDispatcher: Delivering touch to: action: 0x0, toolType: 0
12-12 20:15:50.503   787   900 I InputDispatcher: Delivering touch to: action: 0x1, toolType: 0
12-12 20:15:50.533   787  3210 D CustomFrequencyManagerService: acquireDVFSLockLocked : type : DVFS_MIN_LIMIT  frequency : 1190400  uid : 1000  pid : 787  pkgName : ACTIVITY_RESUME_BOOSTER@5
12-12 20:15:50.533   787  3210 W ActivityManager: mDVFSHelper.acquire()
12-12 20:15:50.543   787   866 D PointerIcon: setMouseIconStyle1 pointerType: 1001iconType:101 flag:0
12-12 20:15:50.543   787   866 D PointerIcon: setMouseCustomIcon IconType is same.101
12-12 20:15:50.563   787  1048 W ActivityManager: Permission Denial: getCurrentUser() from pid=18145, uid=11774 requires android.permission.INTERACT_ACROSS_USERS
12-12 20:15:50.573   982   982 D PhoneStatusBar: setTransGradationMode=false, mTransparentMode=false, mSemiTransparentMode=false, mMultiWindowMode=false
12-12 20:15:50.573   787  1221 D StatusBarManagerService: tr p:18145,o:f
12-12 20:15:50.613   982   982 D PhoneStatusBar: setSemiTransparentMode=false, mTransparentMode=false, mSemiTransparentMode=false, mMultiWindowMode=false
12-12 20:15:50.613   787  3210 D StatusBarManagerService: semi p:18145,o:f
12-12 20:15:50.623   242   242 I SurfaceFlinger: id=39 createSurf (1x1),1 flag=404, MoginActivi
12-12 20:15:50.623   787  1155 I SpenGestureManager: setFocusWindow21020
12-12 20:15:50.623   787   879 D STATUSBAR-StatusBarManagerService: manageDisableList what=0x0 pkg=WindowManager.LayoutParams
12-12 20:15:50.633   787   866 D PointerIcon: setMouseIconStyle1 pointerType: 1001iconType:101 flag:0
12-12 20:15:50.633   787   866 D PointerIcon: setMouseCustomIcon IconType is same.101
12-12 20:15:50.653   787  1235 W LicenseLogService: log() failed
12-12 20:15:50.663  1297  1297 D SamsungIME: onStartInputView
12-12 20:15:50.683  1297  1297 W ContextImpl: Calling a method in the system process without a qualified user: android.app.ContextImpl.sendBroadcast:1509 android.content.ContextWrapper.sendBroadcast:377 com.diotek.ime.framework.common.InputManagerImpl.sendInputLanguage:9353 com.diotek.ime.framework.common.InputManagerImpl.initDefaultLanguage:4901 com.diotek.ime.framework.common.InputManagerImpl.initSelectedLanguage:5143 
12-12 20:15:50.693  1297  1297 D SamsungIME: [AbstractKeyboardView] onDetachedFromWindow.
12-12 20:15:50.693  1297  1297 D SamsungIME: Magnification Enabled = false
12-12 20:15:50.693  1297  1297 D SamsungIME: [AbstractKeyboardView] onDetachedFromWindow.
12-12 20:15:50.703  1297  1297 D SamsungIME: Magnification Enabled = false
12-12 20:15:50.703  1297  1297 D SamsungIME: Dismiss ExpandCandiate
12-12 20:15:50.723 18145 18149 D dalvikvm: GC_CONCURRENT freed 1890K, 59% free 5898K/14132K, paused 2ms+13ms, total 49ms
12-12 20:15:50.743  1297  1297 D SamsungIME: Dismiss ExpandCandiate
12-12 20:15:50.743  1297  1297 D SamsungIME: Dismiss ExpandCandiate
12-12 20:15:50.743  1297  1297 I SamsungIME: getCurrentKeyboard
12-12 20:15:50.743  1297  1297 W ContextImpl: Calling a method in the system process without a qualified user: android.app.ContextImpl.sendBroadcast:1509 android.content.ContextWrapper.sendBroadcast:377 com.diotek.ime.framework.common.InputManagerImpl.sendInputLanguage:9353 com.diotek.ime.framework.common.InputManagerImpl.setLanguage:5477 com.diotek.ime.framework.common.InputManagerImpl.startInputViewContinue:3348 
12-12 20:15:50.753  1297  1297 I SamsungIME: getTextKeyboard
12-12 20:15:50.773  1297  1297 D SamsungIME: [SwiftkeyWrapper] currentLangauge : 1701729619
12-12 20:15:50.773  1297  1297 D SamsungIME: Dismiss ExpandCandiate
12-12 20:15:50.773  1297  1297 I SamsungIME: [IMI] startInputView - caller pid : 18145, caller uid : 11774
12-12 20:15:50.773  1297  1297 D SamsungIME: onWindowShown
12-12 20:15:50.783  1297  1297 W ContextImpl: Calling a method in the system process without a qualified user: android.app.ContextImpl.sendBroadcast:1509 android.content.ContextWrapper.sendBroadcast:377 android.inputmethodservice.InputMethodService.sendInputViewShownState:539 android.inputmethodservice.InputMethodService.showWindow:2161 android.inputmethodservice.InputMethodService$InputMethodImpl.showSoftInput:716 
12-12 20:15:50.783   787  1770 D SSRMv2:TSP:AirViewOnOff: DeviceInfo:: 00000000000
12-12 20:15:50.783   787  1770 D SSRMv2:TSP:AirViewOnOff: SettingsAirViewInfo:: 000000000
12-12 20:15:50.803   787   787 W ContextImpl: Calling a method in the system process without a qualified user: android.app.ContextImpl.sendBroadcast:1523 com.android.server.StatusBarManagerService.sendNotification:981 com.android.server.StatusBarManagerService.addNotification:670 com.android.server.NotificationManagerService$7.run:2142 android.os.Handler.handleCallback:733 
12-12 20:15:50.813   787   787 D STATUSBAR-StatusBarManagerService: sendNotification(1) - 17041255
12-12 20:15:50.813   242   242 I SurfaceFlinger: id=40 createSurf (1280x503),1 flag=4, JnputMethod
12-12 20:15:50.823   982   982 D ProgressBar: setProgressDrawable drawableHeight = 7
12-12 20:15:50.833   982   982 D PhoneStatusBar: tick(): knoxCustomManager = android.app.enterprise.knoxcustom.KnoxCustomManager@425e6460
12-12 20:15:50.843 15499 15499 D com.samsung.app: [AccuTab_Magagine]>>> WC:42 [0:0] action : comandroidserverNotificationManagerServiceNotificationArrived
12-12 20:15:50.843 15499 15499 D com.samsung.app: [AccuTab_Magagine]>>> WC:55 [0:0] settings CT : androidappReceiverRestrictedContext@428c1fd0
12-12 20:15:50.843 15499 15499 D com.samsung.app: [AccuTab_Magagine]>>> UIM:146 [0:0] setContext
12-12 20:15:50.843 15499 15499 D com.samsung.app: [AccuTab_Magagine]>>> UIM:227 [0:0] The widget does not exist in idle!!
12-12 20:15:50.843   982   982 D STATUSBAR-IconMerger: checkOverflow(1036), More:false, Req:false Child:4
12-12 20:15:50.913  1297  1297 D dalvikvm: GC_FOR_ALLOC freed 2373K, 49% free 7322K/14132K, paused 54ms, total 54ms
12-12 20:15:50.913  1297  1297 I SamsungIME: drawAllKey
12-12 20:15:51.013  1297  1301 D dalvikvm: GC_CONCURRENT freed 93K, 35% free 9197K/14132K, paused 3ms+2ms, total 36ms
12-12 20:15:51.023   787   866 D CustomFrequencyManagerService: releaseDVFSLockLocked : Getting Lock type frm List : DVFS_MIN_LIMIT  frequency : 1190400  uid : 1000  pid : 787  tag : ACTIVITY_RESUME_BOOSTER@5
12-12 20:15:51.033   242   480 I SurfaceFlinger: id=33 Removed NainActivit (6/11)
12-12 20:15:51.033   242 18165 I SurfaceFlinger: id=33 Removed NainActivit (-2/11)
12-12 20:15:51.033   787   866 W ActivityManager: mDVFSHelper.release()
12-12 20:15:51.033   787   875 D CustomFrequencyManagerService: acquireDVFSLockLocked : type : DVFS_MIN_LIMIT  frequency : 1190400  uid : 1000  pid : 787  pkgName : ACTIVITY_RESUME_BOOSTER@8
12-12 20:15:52.043   787   787 D CustomFrequencyManagerService: releaseDVFSLockLocked : Getting Lock type frm List : DVFS_MIN_LIMIT  frequency : 1190400  uid : 1000  pid : 787  tag : ACTIVITY_RESUME_BOOSTER@8
12-12 20:15:52.443 17846 17860 D dalvikvm: GC_CONCURRENT freed 926K, 51% free 5553K/11192K, paused 2ms+4ms, total 33ms
12-12 20:15:52.443 17846 17846 D dalvikvm: WAIT_FOR_CONCURRENT_GC blocked 20ms
12-12 20:15:53.773   787   992 D lights  : button : 1 +
12-12 20:15:53.773   787   992 D lights  : button : 1 -
12-12 20:15:53.773   787   900 I InputDispatcher: Delivering key to: action: 0x0 (0)
12-12 20:15:53.773   787   900 I InputDispatcher: Delivering key to: action: 0x1 (0)
12-12 20:15:53.783  1297  1297 D SamsungIME: onWindowHidden
12-12 20:15:53.783   787   787 D NotificationService: cancelNotificationLocked
12-12 20:15:53.783   787   787 D NotificationService:  hasClearableItems
12-12 20:15:53.783   787   787 D NotificationService:  has clearable items no 
12-12 20:15:53.783   787   787 D NotificationService: cancelNotificationLocked: cancel alarm
12-12 20:15:53.783   787   787 D NotificationService: cancelNotificationLocked: cancel alarm
12-12 20:15:53.783   787   787 W ContextImpl: Calling a method in the system process without a qualified user: android.app.ContextImpl.sendBroadcast:1523 com.android.server.StatusBarManagerService.sendNotification:981 com.android.server.StatusBarManagerService.removeNotification:706 com.android.server.NotificationManagerService.cancelNotificationLocked:2455 com.android.server.NotificationManagerService.access$5100:160 
12-12 20:15:53.783  1297  1297 W ContextImpl: Calling a method in the system process without a qualified user: android.app.ContextImpl.sendBroadcast:1509 android.content.ContextWrapper.sendBroadcast:377 android.inputmethodservice.InputMethodService.sendInputViewShownState:539 android.inputmethodservice.InputMethodService.hideWindow:2300 android.inputmethodservice.InputMethodService.doHideWindow:2278 
12-12 20:15:53.783   787   787 D STATUSBAR-StatusBarManagerService: sendNotification(3) - 17041255
12-12 20:15:53.783   787 19796 W ContextImpl: Calling a method in the system process without a qualified user: android.app.ContextImpl.sendBroadcast:1509 com.android.server.InputMethodManagerService$4.run:2683 java.lang.Thread.run:841 <bottom of call stack> <bottom of call stack> 
12-12 20:15:53.783   787   787 D LightsService: [api] [SvcLED] turnOff:: id = 4 (uid: 1000 pid: 787) 
12-12 20:15:53.783   787   787 D LightsService: [SvcLED] setSvcLedStateLocked:: SvcLEDState : 0x0 -> 0x0 | SvcLED(id=4) set Off
12-12 20:15:53.783   787   893 D LightsService: [SvcLED] Lux failed to be updated in 700ms. -> handleForcedSvcLEDTasK
12-12 20:15:53.783   787   893 D LightsService: [SvcLED]  setSvcLedLightLocked :: Current SvcLED(id=3) maintains its priority right
12-12 20:15:53.783   787  1770 D SSRMv2:TSP:AirViewOnOff: DeviceInfo:: 00000000000
12-12 20:15:53.783   787  1770 D SSRMv2:TSP:AirViewOnOff: SettingsAirViewInfo:: 000000000
12-12 20:15:53.793   982   982 D STATUSBAR-IconMerger: checkOverflow(1036), More:false, Req:false Child:3
12-12 20:15:53.933   787  8953 D BatteryService: level:100, scale:100, status:3, health:2, present:true, voltage: 4338, temperature: 261, technology: Li-ion, AC powered:false, USB powered:true, Wireless powered:false, icon:17303545, invalid charger:0, online:4, current avg:12, charge type:2, power sharing:false
12-12 20:15:53.933   982   982 D KeyguardUpdateMonitor: received broadcast android.intent.action.BATTERY_CHANGED
12-12 20:15:53.933   982   982 D KeyguardUpdateMonitor: handleBatteryUpdate
12-12 20:15:53.933  1775  1864 D HeadsetStateMachine: Disconnected process message: 10
12-12 20:15:53.933   787   787 D BatteryService: Sending ACTION_BATTERY_CHANGED.
12-12 20:15:53.943  1813  1813 D DeviceManagerBroadcastReceiver: Updated Battery Level: 100
12-12 20:15:53.943  1813  1813 D DeviceManagerBroadcastReceiver: Action: android.intent.action.BATTERY_CHANGED
12-12 20:15:53.943  1813  1813 D DeviceManagerBroadcastReceiver: Set Alarm: false
12-12 20:15:53.943   982   982 D STATUSBAR-PhoneStatusBar:  mBrightnessEnablebySettings = true mBrightnessEnablebyBattery = true mBrightnessEnablebyDisableFlag = true mPmsBrightnessEnablebySettings = true
12-12 20:15:53.943   982   982 D STATUSBAR-IconMerger: checkOverflow(1036), More:false, Req:false Child:3
12-12 20:15:53.943   982   982 D BatteryMeterView: ACTION_BATTERY_CHANGED : level:100 status:3 health:2
12-12 20:15:54.033   242  1295 I SurfaceFlinger: id=40 Removed JnputMethod (8/10)
12-12 20:15:54.033   242   480 I SurfaceFlinger: id=40 Removed JnputMethod (-2/10)
12-12 20:15:54.783 17846 17846 W InteractionController: runAndwaitForEvent timedout waiting for events
12-12 20:15:55.273   787   992 D lights  : button : 0 +
12-12 20:15:55.273   787   992 D lights  : button : 0 -
12-12 20:15:55.563   787  1770 D SSRMv2:SIOP: SIOP:: AP = 310, Delta = 0
12-12 20:15:55.803 17846 17846 I AccessibilityNodeInfoDumper: Skipping invisible child: android.view.accessibility.AccessibilityNodeInfo@1a82b; boundsInParent: Rect(0, 0 - 0, 64); boundsInScreen: Rect(1272, 25 - 1272, 89); packageName: com.example.snoopy; className: android.support.v7.widget.LinearLayoutCompat; text: null; contentDescription: null; viewIdResName: null; checkable: false; checked: false; focusable: false; focused: false; selected: false; clickable: false; longClickable: false; enabled: true; password: false; scrollable: false; [ACTION_SELECT, ACTION_CLEAR_SELECTION, ACTION_ACCESSIBILITY_FOCUS]
12-12 20:15:55.813 17846 17846 W AccessibilityNodeInfoDumper: Fetch time: 16ms
12-12 20:15:55.883 17846 17860 D dalvikvm: GC_CONCURRENT freed 5196K, 71% free 2382K/8192K, paused 2ms+3ms, total 31ms
12-12 20:15:55.883 17846 17846 D dalvikvm: WAIT_FOR_CONCURRENT_GC blocked 13ms
12-12 20:15:56.183 17846 17846 I AccessibilityNodeInfoDumper: Skipping invisible child: android.view.accessibility.AccessibilityNodeInfo@1a82b; boundsInParent: Rect(0, 0 - 0, 64); boundsInScreen: Rect(1272, 25 - 1272, 89); packageName: com.example.snoopy; className: android.support.v7.widget.LinearLayoutCompat; text: null; contentDescription: null; viewIdResName: null; checkable: false; checked: false; focusable: false; focused: false; selected: false; clickable: false; longClickable: false; enabled: true; password: false; scrollable: false; [ACTION_SELECT, ACTION_CLEAR_SELECTION, ACTION_ACCESSIBILITY_FOCUS]
12-12 20:15:56.183 17846 17846 W AccessibilityNodeInfoDumper: Fetch time: 9ms
12-12 20:15:56.223 17846 17860 D dalvikvm: GC_CONCURRENT freed 1608K, 67% free 2736K/8192K, paused 3ms+8ms, total 39ms
12-12 20:15:56.353 17846 17846 I QueryController: Matched selector: UiSelector[CLASS=android.widget.Button, INSTANCE=0, PACKAGE NAME=com.example.snoopy] <<==>> [android.view.accessibility.AccessibilityNodeInfo@17b1f; boundsInParent: Rect(0, 0 - 338, 48); boundsInScreen: Rect(15, 281 - 353, 329); packageName: com.example.snoopy; className: android.widget.Button; text: SIGN IN; contentDescription: null; viewIdResName: com.example.snoopy:id/buttonSignin; checkable: false; checked: false; focusable: true; focused: false; selected: false; clickable: true; longClickable: false; enabled: true; password: false; scrollable: false; [ACTION_FOCUS, ACTION_SELECT, ACTION_CLEAR_SELECTION, ACTION_CLICK, ACTION_ACCESSIBILITY_FOCUS, ACTION_NEXT_AT_MOVEMENT_GRANULARITY, ACTION_PREVIOUS_AT_MOVEMENT_GRANULARITY, ACTION_SET_SELECTION]]
12-12 20:15:56.363 17846 17846 I QueryController: Matched selector: UiSelector[CLASS=android.widget.Button, INSTANCE=0, PACKAGE NAME=com.example.snoopy] <<==>> [android.view.accessibility.AccessibilityNodeInfo@17b1f; boundsInParent: Rect(0, 0 - 338, 48); boundsInScreen: Rect(15, 281 - 353, 329); packageName: com.example.snoopy; className: android.widget.Button; text: SIGN IN; contentDescription: null; viewIdResName: com.example.snoopy:id/buttonSignin; checkable: false; checked: false; focusable: true; focused: false; selected: false; clickable: true; longClickable: false; enabled: true; password: false; scrollable: false; [ACTION_FOCUS, ACTION_SELECT, ACTION_CLEAR_SELECTION, ACTION_CLICK, ACTION_ACCESSIBILITY_FOCUS, ACTION_NEXT_AT_MOVEMENT_GRANULARITY, ACTION_PREVIOUS_AT_MOVEMENT_GRANULARITY, ACTION_SET_SELECTION]]
12-12 20:15:56.393 17846 17846 D dalvikvm: GC_FOR_ALLOC freed 1148K, 72% free 2321K/8192K, paused 12ms, total 14ms
12-12 20:15:56.393 17846 17846 I dalvikvm-heap: Grow heap (frag case) to 6.243MB for 1024016-byte allocation
12-12 20:15:56.773   982   982 D STATUSBAR-NetworkController: refreshSignalCluster - setNWBoosterIndicators(false)
12-12 20:15:56.773   982   982 D STATUSBAR-NetworkController: refreshSignalCluster: data=-1 bt=false
12-12 20:15:56.793   982   982 D STATUSBAR-IconMerger: checkOverflow(1036), More:false, Req:false Child:3
12-12 20:15:57.463 17846 17846 I QueryController: Matched selector: UiSelector[CLASS=android.widget.Button, INSTANCE=0, PACKAGE NAME=com.example.snoopy] <<==>> [android.view.accessibility.AccessibilityNodeInfo@17b1f; boundsInParent: Rect(0, 0 - 338, 48); boundsInScreen: Rect(15, 281 - 353, 329); packageName: com.example.snoopy; className: android.widget.Button; text: SIGN IN; contentDescription: null; viewIdResName: com.example.snoopy:id/buttonSignin; checkable: false; checked: false; focusable: true; focused: false; selected: false; clickable: true; longClickable: false; enabled: true; password: false; scrollable: false; [ACTION_FOCUS, ACTION_SELECT, ACTION_CLEAR_SELECTION, ACTION_CLICK, ACTION_ACCESSIBILITY_FOCUS, ACTION_NEXT_AT_MOVEMENT_GRANULARITY, ACTION_PREVIOUS_AT_MOVEMENT_GRANULARITY, ACTION_SET_SELECTION]]
12-12 20:15:57.473 17846 17846 D InteractionController: clickAndSync(184, 305)
12-12 20:15:57.473   787   900 I InputDispatcher: Delivering touch to: action: 0x4, toolType: 0
12-12 20:15:57.473   787   900 I InputDispatcher: Delivering touch to: action: 0x0, toolType: 0
12-12 20:15:57.583   787   900 I InputDispatcher: Delivering touch to: action: 0x1, toolType: 0
12-12 20:15:57.623   242   242 I SurfaceFlinger: id=41 createSurf (1x1),1 flag=4, Uoast
12-12 20:15:57.643   787   798 D PowerManagerService: [api] acquire WakeLock flags=0x2000000a tag=WindowManager uid=1000 pid=787
12-12 20:15:57.783   982   982 D STATUSBAR-NetworkController: refreshSignalCluster - setNWBoosterIndicators(false)
12-12 20:15:57.783   982   982 D STATUSBAR-NetworkController: refreshSignalCluster: data=-1 bt=false
12-12 20:15:57.793   982   982 D STATUSBAR-IconMerger: checkOverflow(1036), More:false, Req:false Child:3
12-12 20:15:59.633   787  3211 D PowerManagerService: [api] [s] userActivity : event: 0 flags: 0 (uid: 1000 pid: 787)
12-12 20:15:59.633   787  3211 D PowerManagerService: [api] release WakeLock flags=0x2000000a tag=WindowManager uid=1000 pid=787 (0x0)
12-12 20:15:59.643   787  3211 D PowerManagerService: [api] applyWakeLockFlagsOnReleaseLocked : userActivityNoUpdateLocked is called : SCREEN_BRIGHT_WAKE_LOCK        'WindowManager' ON_AFTER_RELEASE (uid=1000, pid=787, ws=WorkSource{11774}) (elapsedTime=1994)
12-12 20:15:59.993   787   898 V AlarmManager: waitForAlarm result :8
12-12 20:16:00.043   787   875 W ProcessCpuTracker: Skipping unknown process pid 19904
12-12 20:16:00.043   982   982 D KeyguardUpdateMonitor: received broadcast android.intent.action.TIME_TICK
12-12 20:16:00.043   982   982 D KeyguardUpdateMonitor: handleTimeUpdate
12-12 20:16:00.043   787   787 V AlarmManager: ClockReceiver onReceive() ACTION_TIME_TICK
12-12 20:16:00.063   982   982 D STATUSBAR-IconMerger: checkOverflow(1036), More:false, Req:false Child:3
12-12 20:16:00.073  3084  3084 D daemonapp: [MSC_Daemon]>>> WU:1203 [0:0] SS h:21, m:0
12-12 20:16:00.183   242  1295 I SurfaceFlinger: id=41 Removed Uoast (10/10)
12-12 20:16:00.183   242  1243 I SurfaceFlinger: id=41 Removed Uoast (-2/10)
12-12 20:16:00.583 17846 17846 W InteractionController: runAndwaitForEvent timedout waiting for events
12-12 20:16:02.013   787   791 D dalvikvm: GC_CONCURRENT freed 4557K, 47% free 22949K/42952K, paused 5ms+11ms, total 154ms
12-12 20:16:02.013   787  1048 D dalvikvm: WAIT_FOR_CONCURRENT_GC blocked 57ms
12-12 20:16:02.043 17846 17846 I AccessibilityNodeInfoDumper: Skipping invisible child: android.view.accessibility.AccessibilityNodeInfo@1a82b; boundsInParent: Rect(0, 0 - 0, 64); boundsInScreen: Rect(1272, 25 - 1272, 89); packageName: com.example.snoopy; className: android.support.v7.widget.LinearLayoutCompat; text: null; contentDescription: null; viewIdResName: null; checkable: false; checked: false; focusable: false; focused: false; selected: false; clickable: false; longClickable: false; enabled: true; password: false; scrollable: false; [ACTION_SELECT, ACTION_CLEAR_SELECTION, ACTION_ACCESSIBILITY_FOCUS]
12-12 20:16:02.053 17846 17846 W AccessibilityNodeInfoDumper: Fetch time: 11ms
12-12 20:16:02.083 17846 17860 D dalvikvm: GC_CONCURRENT freed 1609K, 60% free 3726K/9192K, paused 2ms+4ms, total 28ms
12-12 20:16:02.393 17846 17860 D dalvikvm: GC_CONCURRENT freed 2956K, 71% free 2756K/9192K, paused 1ms+6ms, total 25ms
12-12 20:16:02.413 17846 17846 I AccessibilityNodeInfoDumper: Skipping invisible child: android.view.accessibility.AccessibilityNodeInfo@1a82b; boundsInParent: Rect(0, 0 - 0, 64); boundsInScreen: Rect(1272, 25 - 1272, 89); packageName: com.example.snoopy; className: android.support.v7.widget.LinearLayoutCompat; text: null; contentDescription: null; viewIdResName: null; checkable: false; checked: false; focusable: false; focused: false; selected: false; clickable: false; longClickable: false; enabled: true; password: false; scrollable: false; [ACTION_SELECT, ACTION_CLEAR_SELECTION, ACTION_ACCESSIBILITY_FOCUS]
12-12 20:16:02.413 17846 17846 W AccessibilityNodeInfoDumper: Fetch time: 8ms
12-12 20:16:03.673   787   992 D lights  : button : 1 +
12-12 20:16:03.673   787   992 D lights  : button : 1 -
12-12 20:16:03.683   787   900 I InputDispatcher: Delivering key to: action: 0x0 (0)
12-12 20:16:03.703   787   900 I InputDispatcher: Delivering key to: action: 0x1 (0)
12-12 20:16:03.773   787  1157 D CustomFrequencyManagerService: acquireDVFSLockLocked : type : DVFS_MIN_LIMIT  frequency : 1190400  uid : 1000  pid : 787  pkgName : ACTIVITY_RESUME_BOOSTER@5
12-12 20:16:03.773   787  1157 W ActivityManager: mDVFSHelper.acquire()
12-12 20:16:03.793 17846 17860 D dalvikvm: GC_CONCURRENT freed 2316K, 75% free 2361K/9192K, paused 1ms+5ms, total 25ms
12-12 20:16:03.803   982   982 D PhoneStatusBar: setSemiTransparentMode=false, mTransparentMode=false, mSemiTransparentMode=false, mMultiWindowMode=false
12-12 20:16:03.803   787  6070 D StatusBarManagerService: semi p:18145,o:f
12-12 20:16:03.813   242   242 I SurfaceFlinger: id=42 createSurf (1280x800),1 flag=404, NainActivit
12-12 20:16:03.813   787  3210 I SpenGestureManager: setFocusWindow21015
12-12 20:16:03.813   787   879 D STATUSBAR-StatusBarManagerService: manageDisableList what=0x0 pkg=WindowManager.LayoutParams
12-12 20:16:03.823   787   866 D PointerIcon: setMouseIconStyle1 pointerType: 1001iconType:101 flag:0
12-12 20:16:03.823   787   866 D PointerIcon: setMouseCustomIcon IconType is same.101
12-12 20:16:03.823   787  1234 W LicenseLogService: log() failed
12-12 20:16:03.993   787  1235 D BatteryService: level:100, scale:100, status:3, health:2, present:true, voltage: 4326, temperature: 262, technology: Li-ion, AC powered:false, USB powered:true, Wireless powered:false, icon:17303545, invalid charger:0, online:4, current avg:13, charge type:2, power sharing:false
12-12 20:16:03.993   787   787 D BatteryService: Sending ACTION_BATTERY_CHANGED.
12-12 20:16:04.003   982   982 D KeyguardUpdateMonitor: received broadcast android.intent.action.BATTERY_CHANGED
12-12 20:16:04.003   982   982 D KeyguardUpdateMonitor: handleBatteryUpdate
12-12 20:16:04.003  1813  1813 D DeviceManagerBroadcastReceiver: Updated Battery Level: 100
12-12 20:16:04.003  1813  1813 D DeviceManagerBroadcastReceiver: Action: android.intent.action.BATTERY_CHANGED
12-12 20:16:04.003  1813  1813 D DeviceManagerBroadcastReceiver: Set Alarm: false
12-12 20:16:04.013  1775  1864 D HeadsetStateMachine: Disconnected process message: 10
12-12 20:16:04.013   982   982 D STATUSBAR-PhoneStatusBar:  mBrightnessEnablebySettings = true mBrightnessEnablebyBattery = true mBrightnessEnablebyDisableFlag = true mPmsBrightnessEnablebySettings = true
12-12 20:16:04.013   982   982 D BatteryMeterView: ACTION_BATTERY_CHANGED : level:100 status:3 health:2
12-12 20:16:04.023   982   982 D STATUSBAR-IconMerger: checkOverflow(1036), More:false, Req:false Child:3
12-12 20:16:04.183   787   866 D CustomFrequencyManagerService: releaseDVFSLockLocked : Getting Lock type frm List : DVFS_MIN_LIMIT  frequency : 1190400  uid : 1000  pid : 787  tag : ACTIVITY_RESUME_BOOSTER@5
12-12 20:16:04.183   787   866 W ActivityManager: mDVFSHelper.release()
12-12 20:16:04.193   242  1243 I SurfaceFlinger: id=39 Removed MoginActivi (8/10)
12-12 20:16:04.193   242   482 I SurfaceFlinger: id=39 Removed MoginActivi (-2/10)
12-12 20:16:04.193   787   875 D CustomFrequencyManagerService: acquireDVFSLockLocked : type : DVFS_MIN_LIMIT  frequency : 1190400  uid : 1000  pid : 787  pkgName : ACTIVITY_RESUME_BOOSTER@8
12-12 20:16:04.743 17846 17846 W InteractionController: runAndwaitForEvent timedout waiting for events
12-12 20:16:05.183   787   992 D lights  : button : 0 +
12-12 20:16:05.183   787   992 D lights  : button : 0 -
12-12 20:16:05.193   787   787 D CustomFrequencyManagerService: releaseDVFSLockLocked : Getting Lock type frm List : DVFS_MIN_LIMIT  frequency : 1190400  uid : 1000  pid : 787  tag : ACTIVITY_RESUME_BOOSTER@8
12-12 20:16:05.623   787  1770 D SSRMv2:SIOP: SIOP:: AP = 310, Delta = 0
12-12 20:16:05.933 17846 17846 I AccessibilityNodeInfoDumper: Skipping invisible child: android.view.accessibility.AccessibilityNodeInfo@14e0e; boundsInParent: Rect(0, 0 - 0, 64); boundsInScreen: Rect(1272, 25 - 1272, 89); packageName: com.example.snoopy; className: android.support.v7.widget.LinearLayoutCompat; text: null; contentDescription: null; viewIdResName: null; checkable: false; checked: false; focusable: false; focused: false; selected: false; clickable: false; longClickable: false; enabled: true; password: false; scrollable: false; [ACTION_SELECT, ACTION_CLEAR_SELECTION, ACTION_ACCESSIBILITY_FOCUS]
12-12 20:16:05.933 17846 17846 W AccessibilityNodeInfoDumper: Fetch time: 9ms
12-12 20:16:06.163 17846 17860 D dalvikvm: GC_CONCURRENT freed 1607K, 71% free 2716K/9192K, paused 3ms+14ms, total 42ms
12-12 20:16:06.383 17846 17846 I AccessibilityNodeInfoDumper: Skipping invisible child: android.view.accessibility.AccessibilityNodeInfo@14e0e; boundsInParent: Rect(0, 0 - 0, 64); boundsInScreen: Rect(1272, 25 - 1272, 89); packageName: com.example.snoopy; className: android.support.v7.widget.LinearLayoutCompat; text: null; contentDescription: null; viewIdResName: null; checkable: false; checked: false; focusable: false; focused: false; selected: false; clickable: false; longClickable: false; enabled: true; password: false; scrollable: false; [ACTION_SELECT, ACTION_CLEAR_SELECTION, ACTION_ACCESSIBILITY_FOCUS]
12-12 20:16:06.393 17846 17846 W AccessibilityNodeInfoDumper: Fetch time: 12ms
12-12 20:16:06.543 17846 17846 I QueryController: Matched selector: UiSelector[CLASS=android.widget.Button, INSTANCE=0, PACKAGE NAME=com.example.snoopy] <<==>> [android.view.accessibility.AccessibilityNodeInfo@12c45; boundsInParent: Rect(0, 0 - 338, 48); boundsInScreen: Rect(15, 254 - 353, 302); packageName: com.example.snoopy; className: android.widget.Button; text: Register User; contentDescription: null; viewIdResName: com.example.snoopy:id/buttonRegister; checkable: false; checked: false; focusable: true; focused: false; selected: false; clickable: true; longClickable: false; enabled: true; password: false; scrollable: false; [ACTION_FOCUS, ACTION_SELECT, ACTION_CLEAR_SELECTION, ACTION_CLICK, ACTION_ACCESSIBILITY_FOCUS, ACTION_NEXT_AT_MOVEMENT_GRANULARITY, ACTION_PREVIOUS_AT_MOVEMENT_GRANULARITY, ACTION_SET_SELECTION]]
12-12 20:16:06.553 17846 17846 I QueryController: Matched selector: UiSelector[CLASS=android.widget.Button, INSTANCE=0, PACKAGE NAME=com.example.snoopy] <<==>> [android.view.accessibility.AccessibilityNodeInfo@12c45; boundsInParent: Rect(0, 0 - 338, 48); boundsInScreen: Rect(15, 254 - 353, 302); packageName: com.example.snoopy; className: android.widget.Button; text: Register User; contentDescription: null; viewIdResName: com.example.snoopy:id/buttonRegister; checkable: false; checked: false; focusable: true; focused: false; selected: false; clickable: true; longClickable: false; enabled: true; password: false; scrollable: false; [ACTION_FOCUS, ACTION_SELECT, ACTION_CLEAR_SELECTION, ACTION_CLICK, ACTION_ACCESSIBILITY_FOCUS, ACTION_NEXT_AT_MOVEMENT_GRANULARITY, ACTION_PREVIOUS_AT_MOVEMENT_GRANULARITY, ACTION_SET_SELECTION]]
12-12 20:16:06.603 17846 17846 D dalvikvm: GC_FOR_ALLOC freed 1642K, 72% free 2626K/9192K, paused 29ms, total 29ms
12-12 20:16:07.683 17846 17846 I QueryController: Matched selector: UiSelector[CLASS=android.widget.Button, INSTANCE=0, PACKAGE NAME=com.example.snoopy] <<==>> [android.view.accessibility.AccessibilityNodeInfo@12c45; boundsInParent: Rect(0, 0 - 338, 48); boundsInScreen: Rect(15, 254 - 353, 302); packageName: com.example.snoopy; className: android.widget.Button; text: Register User; contentDescription: null; viewIdResName: com.example.snoopy:id/buttonRegister; checkable: false; checked: false; focusable: true; focused: false; selected: false; clickable: true; longClickable: false; enabled: true; password: false; scrollable: false; [ACTION_FOCUS, ACTION_SELECT, ACTION_CLEAR_SELECTION, ACTION_CLICK, ACTION_ACCESSIBILITY_FOCUS, ACTION_NEXT_AT_MOVEMENT_GRANULARITY, ACTION_PREVIOUS_AT_MOVEMENT_GRANULARITY, ACTION_SET_SELECTION]]
12-12 20:16:07.683 17846 17846 D InteractionController: clickAndSync(184, 278)
12-12 20:16:07.693   787   900 I InputDispatcher: Delivering touch to: action: 0x4, toolType: 0
12-12 20:16:07.693   787   900 I InputDispatcher: Delivering touch to: action: 0x0, toolType: 0
12-12 20:16:07.703   787   900 D PowerManagerService: [api] userActivityFromNative : 30 (event: 2 flags: 0)
12-12 20:16:07.803   787   900 I InputDispatcher: Delivering touch to: action: 0x1, toolType: 0
12-12 20:16:07.973   787  3211 I SpenGestureManager: setFocusWindow0
