12-12 20:14:32.043  1297  1297 D SamsungIME: IME_NULL
12-12 20:14:32.053  1297  1297 D SamsungIME: onWindowShown
12-12 20:14:32.063  1297  1297 W ContextImpl: Calling a method in the system process without a qualified user: android.app.ContextImpl.sendBroadcast:1509 android.content.ContextWrapper.sendBroadcast:377 android.inputmethodservice.InputMethodService.sendInputViewShownState:539 android.inputmethodservice.InputMethodService.showWindow:2161 android.inputmethodservice.InputMethodService$InputMethodImpl.showSoftInput:716 
12-12 20:14:32.063   787  1770 D SSRMv2:TSP:AirViewOnOff: DeviceInfo:: 00000000000
12-12 20:14:32.063   787  1770 D SSRMv2:TSP:AirViewOnOff: SettingsAirViewInfo:: 000000000
12-12 20:14:32.073   787   898 V AlarmManager: waitForAlarm result :4
12-12 20:14:32.083   787   898 V AlarmManager: trigger ELAPSED_REALTIME_WAKEUP or RTC_WAKEUP
12-12 20:14:32.123   982   982 D ProgressBar: setProgressDrawable drawableHeight = 7
12-12 20:14:32.133   982   982 D PhoneStatusBar: tick(): knoxCustomManager = android.app.enterprise.knoxcustom.KnoxCustomManager@425e6460
12-12 20:14:32.143   982   982 D STATUSBAR-IconMerger: checkOverflow(1036), More:false, Req:false Child:4
12-12 20:14:32.153  1297  1297 D SamsungIME: onStartInputView
12-12 20:14:32.153   787  1223 D BatteryService: level:100, scale:100, status:3, health:2, present:true, voltage: 4306, temperature: 260, technology: Li-ion, AC powered:false, USB powered:true, Wireless powered:false, icon:17303545, invalid charger:0, online:4, current avg:-97, charge type:2, power sharing:false
12-12 20:14:32.163   242  1243 I SurfaceFlinger: id=20 Removed tnoopy (8/10)
12-12 20:14:32.163   242  1295 I SurfaceFlinger: id=20 Removed tnoopy (-2/10)
12-12 20:14:32.173   787   787 W ContextImpl: Calling a method in the system process without a qualified user: android.app.ContextImpl.sendBroadcast:1523 com.android.server.StatusBarManagerService.sendNotification:981 com.android.server.StatusBarManagerService.addNotification:670 com.android.server.NotificationManagerService$7.run:2142 android.os.Handler.handleCallback:733 
12-12 20:14:32.173   787   787 D STATUSBAR-StatusBarManagerService: sendNotification(1) - 17041255
12-12 20:14:32.183   787   787 D BatteryService: Sending ACTION_BATTERY_CHANGED.
12-12 20:14:32.203  2191  2195 D dalvikvm: GC_CONCURRENT freed 2244K, 59% free 5907K/14132K, paused 5ms+18ms, total 75ms
12-12 20:14:32.213   982   982 D KeyguardUpdateMonitor: received broadcast android.intent.action.BATTERY_CHANGED
12-12 20:14:32.213   982   982 D KeyguardUpdateMonitor: handleBatteryUpdate
12-12 20:14:32.223  1775  1864 D HeadsetStateMachine: Disconnected process message: 10
12-12 20:14:32.223  1813  1813 D DeviceManagerBroadcastReceiver: Updated Battery Level: 100
12-12 20:14:32.223 15499 15499 D com.samsung.app: [AccuTab_Magagine]>>> WC:42 [0:0] action : comandroidserverNotificationManagerServiceNotificationArrived
12-12 20:14:32.223   982   982 D STATUSBAR-PhoneStatusBar:  mBrightnessEnablebySettings = true mBrightnessEnablebyBattery = true mBrightnessEnablebyDisableFlag = true mPmsBrightnessEnablebySettings = true
12-12 20:14:32.223   982   982 D BatteryMeterView: ACTION_BATTERY_CHANGED : level:100 status:3 health:2
12-12 20:14:32.233 15499 15499 D com.samsung.app: [AccuTab_Magagine]>>> WC:55 [0:0] settings CT : androidappReceiverRestrictedContext@428c1fd0
12-12 20:14:32.233 15499 15499 D com.samsung.app: [AccuTab_Magagine]>>> UIM:146 [0:0] setContext
12-12 20:14:32.233 15499 15499 D com.samsung.app: [AccuTab_Magagine]>>> UIM:227 [0:0] The widget does not exist in idle!!
12-12 20:14:32.233  1813  1813 D DeviceManagerBroadcastReceiver: Action: android.intent.action.BATTERY_CHANGED
12-12 20:14:32.233  1813  1813 D DeviceManagerBroadcastReceiver: Set Alarm: false
12-12 20:14:32.233  1297  1297 W ContextImpl: Calling a method in the system process without a qualified user: android.app.ContextImpl.sendBroadcast:1509 android.content.ContextWrapper.sendBroadcast:377 com.diotek.ime.framework.common.InputManagerImpl.sendInputLanguage:9353 com.diotek.ime.framework.common.InputManagerImpl.initDefaultLanguage:4901 com.diotek.ime.framework.common.InputManagerImpl.initSelectedLanguage:5143 
12-12 20:14:32.233   982   982 D STATUSBAR-IconMerger: checkOverflow(1036), More:false, Req:false Child:4
12-12 20:14:32.243  1297  1297 D SamsungIME: Dismiss ExpandCandiate
12-12 20:14:32.243  1297  1297 D SamsungIME: Dismiss ExpandCandiate
12-12 20:14:32.243  1297  1297 I SamsungIME: getDebugLevel  : 0x4f4c
12-12 20:14:32.243  1297  1297 W ContextImpl: Calling a method in the system process without a qualified user: android.app.ContextImpl.sendBroadcast:1509 android.content.ContextWrapper.sendBroadcast:377 com.diotek.ime.framework.common.InputManagerImpl.sendInputLanguage:9353 com.diotek.ime.framework.common.InputManagerImpl.setLanguage:5477 com.diotek.ime.framework.common.InputManagerImpl.startInputViewContinue:3348 
12-12 20:14:32.273  1297  1297 I SamsungIME: getDebugLevel  : 0x4f4c
12-12 20:14:32.293  1297  1301 D dalvikvm: GC_CONCURRENT freed 5725K, 49% free 7266K/14132K, paused 2ms+3ms, total 52ms
12-12 20:14:32.303  1297  1297 I SamsungIME: KeybaordView init() : load resources
12-12 20:14:32.333  1297  1297 I SamsungIME: getCurrentKeyboard
12-12 20:14:32.333  1297  1297 I SamsungIME: getTextKeyboard
12-12 20:14:32.343  1297  1297 D SamsungIME: [SwiftkeyWrapper] currentLangauge : 1701729619
12-12 20:14:32.343  1297  1297 D SamsungIME: Dismiss ExpandCandiate
12-12 20:14:32.343  1297  1297 I SamsungIME: getCurrentKeyboard
12-12 20:14:32.343  1297  1297 I SamsungIME: getTextKeyboard
12-12 20:14:32.353  1297  1297 D SamsungIME: [SwiftkeyWrapper] currentLangauge : 1701729619
12-12 20:14:32.353  1297  1297 D SamsungIME: Dismiss ExpandCandiate
12-12 20:14:32.353  1297  1297 I SamsungIME: [IMI] startInputView - caller pid : 18145, caller uid : 11774
12-12 20:14:32.353  1297  1297 W ContextImpl: Calling a method in the system process without a qualified user: android.app.ContextImpl.sendBroadcast:1509 android.content.ContextWrapper.sendBroadcast:377 android.inputmethodservice.InputMethodService.sendInputViewShownState:539 android.inputmethodservice.InputMethodService.showWindow:2161 android.inputmethodservice.InputMethodService$InputMethodImpl.showSoftInput:716 
12-12 20:14:32.353   787  1770 D SSRMv2:TSP:AirViewOnOff: DeviceInfo:: 00000000000
12-12 20:14:32.353   787  1770 D SSRMv2:TSP:AirViewOnOff: SettingsAirViewInfo:: 000000000
12-12 20:14:32.363   787   787 W ContextImpl: Calling a method in the system process without a qualified user: android.app.ContextImpl.sendBroadcast:1523 com.android.server.StatusBarManagerService.sendNotification:981 com.android.server.StatusBarManagerService.updateNotification:690 com.android.server.NotificationManagerService$7.run:2134 android.os.Handler.handleCallback:733 
12-12 20:14:32.363   787   787 D STATUSBAR-StatusBarManagerService: sendNotification(2) - 17041255
12-12 20:14:32.373 15499 15499 D com.samsung.app: [AccuTab_Magagine]>>> WC:42 [0:0] action : comandroidserverNotificationManagerServiceNotificationArrived
12-12 20:14:32.373  1297  1297 D SamsungIME: Magnification Enabled = false
12-12 20:14:32.373 15499 15499 D com.samsung.app: [AccuTab_Magagine]>>> WC:55 [0:0] settings CT : androidappReceiverRestrictedContext@428c1fd0
12-12 20:14:32.373 15499 15499 D com.samsung.app: [AccuTab_Magagine]>>> UIM:146 [0:0] setContext
12-12 20:14:32.373 15499 15499 D com.samsung.app: [AccuTab_Magagine]>>> UIM:227 [0:0] The widget does not exist in idle!!
12-12 20:14:32.383   242   242 I SurfaceFlinger: id=22 createSurf (1280x1),1 flag=4, JnputMethod
12-12 20:14:32.403  1297  1297 I Adreno-EGL: <qeglDrvAPI_eglInitialize:410>: EGL 1.4 QUALCOMM build:  ()
12-12 20:14:32.403  1297  1297 I Adreno-EGL: OpenGL ES Shader Compiler Version: E031.24.00.08
12-12 20:14:32.403  1297  1297 I Adreno-EGL: Build Date: 03/21/14 Fri
12-12 20:14:32.403  1297  1297 I Adreno-EGL: Local Branch: AU200+patches_03212014
12-12 20:14:32.403  1297  1297 I Adreno-EGL: Remote Branch: 
12-12 20:14:32.403  1297  1297 I Adreno-EGL: Local Patches: 
12-12 20:14:32.403  1297  1297 I Adreno-EGL: Reconstruct Branch: 
12-12 20:14:32.433  1297  1297 D OpenGLRenderer: Enabling debug mode 0
12-12 20:14:32.473  1297  1297 I SamsungIME: drawAllKey
12-12 20:14:32.503  1297  1301 D dalvikvm: GC_CONCURRENT freed 215K, 36% free 9099K/14132K, paused 3ms+2ms, total 35ms
12-12 20:14:32.513  2191  2191 D Finsky  : [1] 5.onFinished: Installation state replication succeeded.
12-12 20:14:32.943   787   787 D CustomFrequencyManagerService: releaseDVFSLockLocked : Getting Lock type frm List : DVFS_MIN_LIMIT  frequency : 1190400  uid : 1000  pid : 787  tag : ACTIVITY_RESUME_BOOSTER@8
12-12 20:14:33.183   787   875 W ProcessCpuTracker: Skipping unknown process pid 18179
12-12 20:14:35.213   787  1770 D SSRMv2:SIOP: SIOP:: AP = 330, Delta = 10
12-12 20:14:36.273 18145 18152 I dalvikvm: Total arena pages for JIT: 11
12-12 20:14:36.273 18145 18152 I dalvikvm: Total arena pages for JIT: 12
12-12 20:14:36.273 18145 18152 I dalvikvm: Total arena pages for JIT: 13
12-12 20:14:36.273 18145 18152 I dalvikvm: Total arena pages for JIT: 14
12-12 20:14:36.313 18145 18166 I FA      : Tag Manager is not found and thus will not be used
12-12 20:14:37.363   982   982 D STATUSBAR-NetworkController: refreshSignalCluster - setNWBoosterIndicators(false)
12-12 20:14:37.363   982   982 D STATUSBAR-NetworkController: refreshSignalCluster: data=-1 bt=false
12-12 20:14:37.373   982   982 D STATUSBAR-IconMerger: checkOverflow(1036), More:false, Req:false Child:4
12-12 20:14:38.003 16331 16443 I IcingInternalCorpora: EventIndexer: starting full update
12-12 20:14:38.003 16331 16443 I IcingInternalCorpora: EventIndexer: 0 added, 0 removed, 0 changed, 0 unchanged, 0 errors.
12-12 20:14:38.003 16331 16443 I IcingInternalCorpora: EventIndexer: finished after 2 ms.
12-12 20:14:39.413   982   982 D STATUSBAR-NetworkController: refreshSignalCluster - setNWBoosterIndicators(false)
12-12 20:14:39.413   982   982 D STATUSBAR-NetworkController: refreshSignalCluster: data=-1 bt=false
12-12 20:14:39.413   982   982 D STATUSBAR-IconMerger: checkOverflow(1036), More:false, Req:false Child:4
12-12 20:14:40.403   982   982 D STATUSBAR-NetworkController: refreshSignalCluster - setNWBoosterIndicators(false)
12-12 20:14:40.403   982   982 D STATUSBAR-NetworkController: refreshSignalCluster: data=-1 bt=false
12-12 20:14:40.423   982   982 D STATUSBAR-IconMerger: checkOverflow(1036), More:false, Req:false Child:4
12-12 20:14:41.193   787   886 D PackageManager: [MSG] WRITE_PACKAGE_RESTRICTIONS
12-12 20:14:42.213   787  1221 D BatteryService: level:100, scale:100, status:3, health:2, present:true, voltage: 4353, temperature: 259, technology: Li-ion, AC powered:false, USB powered:true, Wireless powered:false, icon:17303545, invalid charger:0, online:4, current avg:16, charge type:2, power sharing:false
12-12 20:14:42.213   787   787 D BatteryService: Sending ACTION_BATTERY_CHANGED.
12-12 20:14:42.213   982   982 D KeyguardUpdateMonitor: received broadcast android.intent.action.BATTERY_CHANGED
12-12 20:14:42.223   982   982 D KeyguardUpdateMonitor: handleBatteryUpdate
12-12 20:14:42.223   982   982 D STATUSBAR-PhoneStatusBar:  mBrightnessEnablebySettings = true mBrightnessEnablebyBattery = true mBrightnessEnablebyDisableFlag = true mPmsBrightnessEnablebySettings = true
12-12 20:14:42.233  1775  1864 D HeadsetStateMachine: Disconnected process message: 10
12-12 20:14:42.233  1813  1813 D DeviceManagerBroadcastReceiver: Updated Battery Level: 100
12-12 20:14:42.233  1813  1813 D DeviceManagerBroadcastReceiver: Action: android.intent.action.BATTERY_CHANGED
12-12 20:14:42.233  1813  1813 D DeviceManagerBroadcastReceiver: Set Alarm: false
12-12 20:14:42.233   982   982 D BatteryMeterView: ACTION_BATTERY_CHANGED : level:100 status:3 health:2
12-12 20:14:42.243   982   982 D STATUSBAR-IconMerger: checkOverflow(1036), More:false, Req:false Child:4
12-12 20:14:43.413   982   982 D STATUSBAR-NetworkController: refreshSignalCluster - setNWBoosterIndicators(false)
12-12 20:14:43.413   982   982 D STATUSBAR-NetworkController: refreshSignalCluster: data=-1 bt=false
12-12 20:14:43.423   982   982 D STATUSBAR-IconMerger: checkOverflow(1036), More:false, Req:false Child:4
12-12 20:14:44.413   982   982 D STATUSBAR-NetworkController: refreshSignalCluster - setNWBoosterIndicators(false)
12-12 20:14:44.413   982   982 D STATUSBAR-NetworkController: refreshSignalCluster: data=-1 bt=false
12-12 20:14:44.423   982   982 D STATUSBAR-IconMerger: checkOverflow(1036), More:false, Req:false Child:4
12-12 20:14:45.263   787  1770 D SSRMv2:SIOP: SIOP:: AP = 310, Delta = -20
12-12 20:14:45.423   982   982 D STATUSBAR-NetworkController: refreshSignalCluster - setNWBoosterIndicators(false)
12-12 20:14:45.423   982   982 D STATUSBAR-NetworkController: refreshSignalCluster: data=-1 bt=false
12-12 20:14:45.433   982   982 D STATUSBAR-IconMerger: checkOverflow(1036), More:false, Req:false Child:4
12-12 20:14:46.513 16331 16331 W dalvikvm: VFY: unable to find class referenced in signature (Landroid/app/job/JobParameters;)
12-12 20:14:46.803 16331 16335 D dalvikvm: GC_CONCURRENT freed 1680K, 61% free 10112K/25436K, paused 6ms+9ms, total 71ms
12-12 20:14:47.423   982   982 D STATUSBAR-NetworkController: refreshSignalCluster - setNWBoosterIndicators(false)
12-12 20:14:47.423   982   982 D STATUSBAR-NetworkController: refreshSignalCluster: data=-1 bt=false
12-12 20:14:47.443   982   982 D STATUSBAR-IconMerger: checkOverflow(1036), More:false, Req:false Child:4
12-12 20:14:48.453   982   982 D STATUSBAR-NetworkController: refreshSignalCluster - setNWBoosterIndicators(false)
12-12 20:14:48.453   982   982 D STATUSBAR-NetworkController: refreshSignalCluster: data=-1 bt=false
12-12 20:14:48.473   982   982 D STATUSBAR-IconMerger: checkOverflow(1036), More:false, Req:false Child:4
12-12 20:14:49.563   787  1084 E Watchdog: !@Sync 792
12-12 20:14:51.523 17846 17846 D dalvikvm: GC_FOR_ALLOC freed 903K, 81% free 1595K/8192K, paused 27ms, total 28ms
12-12 20:14:51.523 17846 17846 I dalvikvm-heap: Grow heap (frag case) to 4.535MB for 1024016-byte allocation
12-12 20:14:52.273   787  8952 D BatteryService: level:100, scale:100, status:3, health:2, present:true, voltage: 4354, temperature: 260, technology: Li-ion, AC powered:false, USB powered:true, Wireless powered:false, icon:17303545, invalid charger:0, online:4, current avg:-4, charge type:2, power sharing:false
12-12 20:14:52.273   787   787 D BatteryService: Sending ACTION_BATTERY_CHANGED.
12-12 20:14:52.283  1775  1864 D HeadsetStateMachine: Disconnected process message: 10
12-12 20:14:52.283   982   982 D KeyguardUpdateMonitor: received broadcast android.intent.action.BATTERY_CHANGED
12-12 20:14:52.283   982   982 D KeyguardUpdateMonitor: handleBatteryUpdate
12-12 20:14:52.293  1813  1813 D DeviceManagerBroadcastReceiver: Updated Battery Level: 100
12-12 20:14:52.293   982   982 D STATUSBAR-PhoneStatusBar:  mBrightnessEnablebySettings = true mBrightnessEnablebyBattery = true mBrightnessEnablebyDisableFlag = true mPmsBrightnessEnablebySettings = true
12-12 20:14:52.303  1813  1813 D DeviceManagerBroadcastReceiver: Action: android.intent.action.BATTERY_CHANGED
12-12 20:14:52.303  1813  1813 D DeviceManagerBroadcastReceiver: Set Alarm: false
12-12 20:14:52.303   982   982 D STATUSBAR-IconMerger: checkOverflow(1036), More:false, Req:false Child:4
12-12 20:14:52.313   982   982 D BatteryMeterView: ACTION_BATTERY_CHANGED : level:100 status:3 health:2
12-12 20:14:52.753 17846 17860 D dalvikvm: GC_CONCURRENT freed 1736K, 81% free 1808K/9196K, paused 1ms+2ms, total 15ms
12-12 20:14:53.513   982   982 D STATUSBAR-NetworkController: refreshSignalCluster - setNWBoosterIndicators(false)
12-12 20:14:53.513   982   982 D STATUSBAR-NetworkController: refreshSignalCluster: data=-1 bt=false
12-12 20:14:53.523   982   982 D STATUSBAR-IconMerger: checkOverflow(1036), More:false, Req:false Child:4
12-12 20:14:53.793   787   898 V AlarmManager: waitForAlarm result :8
12-12 20:14:54.103 17846 17860 D dalvikvm: GC_CONCURRENT freed 1450K, 75% free 2390K/9196K, paused 1ms+4ms, total 24ms
12-12 20:14:54.113 17846 17846 D dalvikvm: WAIT_FOR_CONCURRENT_GC blocked 24ms
12-12 20:14:54.403 17846 17860 D dalvikvm: GC_CONCURRENT freed 856K, 62% free 3561K/9196K, paused 2ms+5ms, total 20ms
12-12 20:14:55.313   787  1770 D SSRMv2:SIOP: SIOP:: AP = 310, Delta = 0
12-12 20:14:55.413   787   992 D lights  : button : 1 +
12-12 20:14:55.413   787   992 D lights  : button : 1 -
12-12 20:14:55.423   787   900 I Analytics: Analytics()
12-12 20:14:55.423   787   900 I InputDispatcher: Delivering key to: action: 0x0 (0)
12-12 20:14:55.433   787   900 I InputDispatcher: Delivering key to: action: 0x1 (0)
12-12 20:14:55.463   787   787 W ContextImpl: Calling a method in the system process without a qualified user: android.app.ContextImpl.sendBroadcast:1523 com.android.server.StatusBarManagerService.sendNotification:981 com.android.server.StatusBarManagerService.removeNotification:706 com.android.server.NotificationManagerService.cancelNotificationLocked:2455 com.android.server.NotificationManagerService.access$5100:160 
12-12 20:14:55.463   787   787 D NotificationService: cancelNotificationLocked
12-12 20:14:55.463   787   787 D NotificationService:  hasClearableItems
12-12 20:14:55.463   787   787 D NotificationService:  has clearable items no 
12-12 20:14:55.463   787   787 D NotificationService: cancelNotificationLocked: cancel alarm
12-12 20:14:55.463   787   787 D NotificationService: cancelNotificationLocked: cancel alarm
12-12 20:14:55.463   787   787 D STATUSBAR-StatusBarManagerService: sendNotification(3) - 17041255
12-12 20:14:55.463   787   787 D LightsService: [api] [SvcLED] turnOff:: id = 4 (uid: 1000 pid: 787) 
12-12 20:14:55.463   787   787 D LightsService: [SvcLED] setSvcLedStateLocked:: SvcLEDState : 0x0 -> 0x0 | SvcLED(id=4) set Off
12-12 20:14:55.463   787 18553 W ContextImpl: Calling a method in the system process without a qualified user: android.app.ContextImpl.sendBroadcast:1509 com.android.server.InputMethodManagerService$4.run:2683 java.lang.Thread.run:841 <bottom of call stack> <bottom of call stack> 
12-12 20:14:55.473  1297  1297 D SamsungIME: onWindowHidden
12-12 20:14:55.473   787   893 D LightsService: [SvcLED] Lux failed to be updated in 700ms. -> handleForcedSvcLEDTasK
12-12 20:14:55.473   787   893 D LightsService: [SvcLED]  setSvcLedLightLocked :: Current SvcLED(id=3) maintains its priority right
12-12 20:14:55.473  1297  1297 W ContextImpl: Calling a method in the system process without a qualified user: android.app.ContextImpl.sendBroadcast:1509 android.content.ContextWrapper.sendBroadcast:377 android.inputmethodservice.InputMethodService.sendInputViewShownState:539 android.inputmethodservice.InputMethodService.hideWindow:2300 android.inputmethodservice.InputMethodService.doHideWindow:2278 
12-12 20:14:55.483   787  1770 D SSRMv2:TSP:AirViewOnOff: DeviceInfo:: 00000000000
12-12 20:14:55.483   787  1770 D SSRMv2:TSP:AirViewOnOff: SettingsAirViewInfo:: 000000000
12-12 20:14:55.483   982   982 D STATUSBAR-IconMerger: checkOverflow(1036), More:false, Req:false Child:3
12-12 20:14:55.523   982   982 D STATUSBAR-NetworkController: refreshSignalCluster - setNWBoosterIndicators(false)
12-12 20:14:55.523   982   982 D STATUSBAR-NetworkController: refreshSignalCluster: data=-1 bt=false
12-12 20:14:55.533   982   982 D STATUSBAR-IconMerger: checkOverflow(1036), More:false, Req:false Child:3
12-12 20:14:55.743   242   480 I SurfaceFlinger: id=22 Removed JnputMethod (8/10)
12-12 20:14:55.743   242 18165 I SurfaceFlinger: id=22 Removed JnputMethod (-2/10)
12-12 20:14:56.463 17846 17846 W InteractionController: runAndwaitForEvent timedout waiting for events
12-12 20:14:56.913   787   992 D lights  : button : 0 +
12-12 20:14:56.913   787   992 D lights  : button : 0 -
12-12 20:14:57.523 17846 17846 I AccessibilityNodeInfoDumper: Skipping invisible child: android.view.accessibility.AccessibilityNodeInfo@a8d7; boundsInParent: Rect(0, 0 - 0, 64); boundsInScreen: Rect(1272, 25 - 1272, 89); packageName: com.example.snoopy; className: android.support.v7.widget.LinearLayoutCompat; text: null; contentDescription: null; viewIdResName: null; checkable: false; checked: false; focusable: false; focused: false; selected: false; clickable: false; longClickable: false; enabled: true; password: false; scrollable: false; [ACTION_SELECT, ACTION_CLEAR_SELECTION, ACTION_ACCESSIBILITY_FOCUS]
12-12 20:14:57.533 17846 17846 W AccessibilityNodeInfoDumper: Fetch time: 14ms
12-12 20:14:57.903 17846 17860 D dalvikvm: GC_CONCURRENT freed 2964K, 72% free 2628K/9196K, paused 1ms+5ms, total 23ms
12-12 20:14:58.063 17846 17846 I AccessibilityNodeInfoDumper: Skipping invisible child: android.view.accessibility.AccessibilityNodeInfo@a8d7; boundsInParent: Rect(0, 0 - 0, 64); boundsInScreen: Rect(1272, 25 - 1272, 89); packageName: com.example.snoopy; className: android.support.v7.widget.LinearLayoutCompat; text: null; contentDescription: null; viewIdResName: null; checkable: false; checked: false; focusable: false; focused: false; selected: false; clickable: false; longClickable: false; enabled: true; password: false; scrollable: false; [ACTION_SELECT, ACTION_CLEAR_SELECTION, ACTION_ACCESSIBILITY_FOCUS]
12-12 20:14:58.063 17846 17846 W AccessibilityNodeInfoDumper: Fetch time: 8ms
12-12 20:14:58.083   787   898 V AlarmManager: waitForAlarm result :8
12-12 20:14:58.843 17846 17846 D dalvikvm: GC_FOR_ALLOC freed 1519K, 73% free 2506K/9196K, paused 17ms, total 17ms
12-12 20:14:58.853 17846 17846 I dalvikvm-heap: Grow heap (frag case) to 8.353MB for 4096016-byte allocation
12-12 20:14:58.873 17846 17860 D dalvikvm: GC_CONCURRENT freed 87K, 52% free 6421K/13200K, paused 1ms+1ms, total 12ms
12-12 20:14:58.913 17846 17846 D dalvikvm: GC_FOR_ALLOC freed 315K, 54% free 6107K/13200K, paused 11ms, total 11ms
12-12 20:14:58.923 17846 17846 I dalvikvm-heap: Grow heap (frag case) to 12.870MB for 4096016-byte allocation
12-12 20:14:59.993   787   898 V AlarmManager: waitForAlarm result :8
12-12 20:14:59.993   787   787 V AlarmManager: ClockReceiver onReceive() ACTION_TIME_TICK
12-12 20:15:00.003   982   982 D KeyguardUpdateMonitor: received broadcast android.intent.action.TIME_TICK
12-12 20:15:00.003   982   982 D KeyguardUpdateMonitor: handleTimeUpdate
12-12 20:15:00.023   982   982 D STATUSBAR-IconMerger: checkOverflow(1036), More:false, Req:false Child:3
12-12 20:15:00.033  3084  3084 D daemonapp: [MSC_Daemon]>>> WU:1203 [0:0] SS h:21, m:0
12-12 20:15:00.353 17846 17846 I AccessibilityNodeInfoDumper: Skipping invisible child: android.view.accessibility.AccessibilityNodeInfo@a8d7; boundsInParent: Rect(0, 0 - 0, 64); boundsInScreen: Rect(1272, 25 - 1272, 89); packageName: com.example.snoopy; className: android.support.v7.widget.LinearLayoutCompat; text: null; contentDescription: null; viewIdResName: null; checkable: false; checked: false; focusable: false; focused: false; selected: false; clickable: false; longClickable: false; enabled: true; password: false; scrollable: false; [ACTION_SELECT, ACTION_CLEAR_SELECTION, ACTION_ACCESSIBILITY_FOCUS]
12-12 20:15:00.363 17846 17846 W AccessibilityNodeInfoDumper: Fetch time: 7ms
12-12 20:15:00.483 17846 17860 D dalvikvm: GC_CONCURRENT freed 9564K, 69% free 2553K/8192K, paused 1ms+7ms, total 31ms
12-12 20:15:00.523 17846 17846 I QueryController: Matched selector: UiSelector[CLASS=android.widget.EditText, INSTANCE=0, PACKAGE NAME=com.example.snoopy] <<==>> [android.view.accessibility.AccessibilityNodeInfo@780a; boundsInParent: Rect(0, 0 - 338, 45); boundsInScreen: Rect(15, 104 - 353, 149); packageName: com.example.snoopy; className: android.widget.EditText; text: Enter your email. Editing.; contentDescription: null; viewIdResName: com.example.snoopy:id/editTextEmail; checkable: false; checked: false; focusable: true; focused: true; selected: false; clickable: true; longClickable: true; enabled: true; password: false; scrollable: false; [ACTION_CLEAR_FOCUS, ACTION_SELECT, ACTION_CLEAR_SELECTION, ACTION_CLICK, ACTION_LONG_CLICK, ACTION_ACCESSIBILITY_FOCUS, ACTION_PASTE]]
12-12 20:15:00.533 17846 17846 I QueryController: Matched selector: UiSelector[CLASS=android.widget.EditText, INSTANCE=0, PACKAGE NAME=com.example.snoopy] <<==>> [android.view.accessibility.AccessibilityNodeInfo@780a; boundsInParent: Rect(0, 0 - 338, 45); boundsInScreen: Rect(15, 104 - 353, 149); packageName: com.example.snoopy; className: android.widget.EditText; text: Enter your email. Editing.; contentDescription: null; viewIdResName: com.example.snoopy:id/editTextEmail; checkable: false; checked: false; focusable: true; focused: true; selected: false; clickable: true; longClickable: true; enabled: true; password: false; scrollable: false; [ACTION_CLEAR_FOCUS, ACTION_SELECT, ACTION_CLEAR_SELECTION, ACTION_CLICK, ACTION_LONG_CLICK, ACTION_ACCESSIBILITY_FOCUS, ACTION_PASTE]]
12-12 20:15:00.563 17846 17846 D dalvikvm: GC_FOR_ALLOC freed 700K, 74% free 2137K/8192K, paused 10ms, total 11ms
12-12 20:15:00.563 17846 17846 I dalvikvm-heap: Grow heap (frag case) to 5.063MB for 1024016-byte allocation
12-12 20:15:01.683 17846 17846 I QueryController: Matched selector: UiSelector[CLASS=android.widget.EditText, INSTANCE=0, PACKAGE NAME=com.example.snoopy] <<==>> [android.view.accessibility.AccessibilityNodeInfo@780a; boundsInParent: Rect(0, 0 - 338, 45); boundsInScreen: Rect(15, 104 - 353, 149); packageName: com.example.snoopy; className: android.widget.EditText; text: Enter your email. Editing.; contentDescription: null; viewIdResName: com.example.snoopy:id/editTextEmail; checkable: false; checked: false; focusable: true; focused: true; selected: false; clickable: true; longClickable: true; enabled: true; password: false; scrollable: false; [ACTION_CLEAR_FOCUS, ACTION_SELECT, ACTION_CLEAR_SELECTION, ACTION_CLICK, ACTION_LONG_CLICK, ACTION_ACCESSIBILITY_FOCUS, ACTION_PASTE]]
12-12 20:15:01.683   787   900 I InputDispatcher: Delivering touch to: action: 0x4, toolType: 0
12-12 20:15:01.693   787   900 I InputDispatcher: Delivering touch to: action: 0x0, toolType: 0
12-12 20:15:02.223   787  6070 V VibratorService: hasVibrator - useVibetonz: false
12-12 20:15:02.243   242   242 I SurfaceFlinger: id=23 createSurf (1x1),1 flag=4, QopupWindow
12-12 20:15:02.243   787   900 I InputDispatcher: Delivering touch to: action: 0x1, toolType: 0
12-12 20:15:02.283   242   242 I SurfaceFlinger: id=24 createSurf (1x1),1 flag=4, QopupWindow
12-12 20:15:02.353   787  3210 D BatteryService: level:100, scale:100, status:3, health:2, present:true, voltage: 4341, temperature: 260, technology: Li-ion, AC powered:false, USB powered:true, Wireless powered:false, icon:17303545, invalid charger:0, online:4, current avg:2, charge type:2, power sharing:false
12-12 20:15:02.363  1775  1864 D HeadsetStateMachine: Disconnected process message: 10
12-12 20:15:02.363   982   982 D KeyguardUpdateMonitor: received broadcast android.intent.action.BATTERY_CHANGED
12-12 20:15:02.363   982   982 D KeyguardUpdateMonitor: handleBatteryUpdate
12-12 20:15:02.363  1813  1813 D DeviceManagerBroadcastReceiver: Updated Battery Level: 100
12-12 20:15:02.363   787   787 D BatteryService: Sending ACTION_BATTERY_CHANGED.
12-12 20:15:02.373  1813  1813 D DeviceManagerBroadcastReceiver: Action: android.intent.action.BATTERY_CHANGED
12-12 20:15:02.373  1813  1813 D DeviceManagerBroadcastReceiver: Set Alarm: false
12-12 20:15:02.373   982   982 D STATUSBAR-PhoneStatusBar:  mBrightnessEnablebySettings = true mBrightnessEnablebyBattery = true mBrightnessEnablebyDisableFlag = true mPmsBrightnessEnablebySettings = true
12-12 20:15:02.373   982   982 D STATUSBAR-IconMerger: checkOverflow(1036), More:false, Req:false Child:3
12-12 20:15:02.373   982   982 D BatteryMeterView: ACTION_BATTERY_CHANGED : level:100 status:3 health:2
12-12 20:15:02.903 17846 17860 D dalvikvm: GC_CONCURRENT freed 660K, 63% free 3452K/9196K, paused 1ms+6ms, total 20ms
12-12 20:15:02.943 17846 17846 I AccessibilityNodeInfoDumper: Skipping invisible child: android.view.accessibility.AccessibilityNodeInfo@a8d7; boundsInParent: Rect(0, 0 - 0, 64); boundsInScreen: Rect(1272, 25 - 1272, 89); packageName: com.example.snoopy; className: android.support.v7.widget.LinearLayoutCompat; text: null; contentDescription: null; viewIdResName: null; checkable: false; checked: false; focusable: false; focused: false; selected: false; clickable: false; longClickable: false; enabled: true; password: false; scrollable: false; [ACTION_SELECT, ACTION_CLEAR_SELECTION, ACTION_ACCESSIBILITY_FOCUS]
12-12 20:15:02.943 17846 17846 W AccessibilityNodeInfoDumper: Fetch time: 8ms
12-12 20:15:04.313   787   992 D lights  : button : 1 +
12-12 20:15:04.323   787   992 D lights  : button : 1 -
12-12 20:15:04.323   787   900 I InputDispatcher: Delivering key to: action: 0x0 (0)
12-12 20:15:04.573   787   949 D dalvikvm: GC_EXPLICIT freed 4557K, 47% free 22989K/42952K, paused 7ms+15ms, total 215ms
12-12 20:15:04.603   787   900 I InputDispatcher: Delivering key to: action: 0x1 (0)
12-12 20:15:04.613   787   900 I InputDispatcher: Delivering key to: action: 0x0 (0)
12-12 20:15:04.643   787   900 I InputDispatcher: Delivering key to: action: 0x1 (0)
12-12 20:15:04.663   787   900 I InputDispatcher: Delivering key to: action: 0x0 (0)
12-12 20:15:04.673   787   900 I InputDispatcher: Delivering key to: action: 0x1 (0)
12-12 20:15:04.703   787   900 I InputDispatcher: Delivering key to: action: 0x0 (0)
12-12 20:15:04.743   787   900 I InputDispatcher: Delivering key to: action: 0x1 (0)
12-12 20:15:04.803   242  1295 I SurfaceFlinger: id=23 Removed QopupWindow (8/11)
12-12 20:15:04.803   242   482 I SurfaceFlinger: id=23 Removed QopupWindow (-2/11)
12-12 20:15:04.803   242   480 I SurfaceFlinger: id=24 Removed QopupWindow (8/10)
12-12 20:15:04.803   242 18165 I SurfaceFlinger: id=24 Removed QopupWindow (-2/10)
12-12 20:15:05.353   787  1770 D SSRMv2:SIOP: SIOP:: AP = 310, Delta = 0
12-12 20:15:05.823   787   992 D lights  : button : 0 +
12-12 20:15:05.823   787   992 D lights  : button : 0 -
12-12 20:15:06.283 17846 17846 I QueryController: Matched selector: UiSelector[CLASS=android.widget.EditText, INSTANCE=1, PACKAGE NAME=com.example.snoopy, COUNT=1] <<==>> [android.view.accessibility.AccessibilityNodeInfo@7bcb; boundsInParent: Rect(0, 0 - 338, 45); boundsInScreen: Rect(15, 179 - 353, 224); packageName: com.example.snoopy; className: android.widget.EditText; text: Enter password.. Double tap to edit.; contentDescription: null; viewIdResName: com.example.snoopy:id/editTextPassword; checkable: false; checked: false; focusable: true; focused: false; selected: false; clickable: true; longClickable: true; enabled: true; password: false; scrollable: false; [ACTION_FOCUS, ACTION_SELECT, ACTION_CLEAR_SELECTION, ACTION_CLICK, ACTION_LONG_CLICK, ACTION_ACCESSIBILITY_FOCUS]]
12-12 20:15:06.403 17846 17846 I QueryController: Matched selector: UiSelector[CLASS=android.widget.EditText, INSTANCE=1, PACKAGE NAME=com.example.snoopy, COUNT=1] <<==>> [android.view.accessibility.AccessibilityNodeInfo@7bcb; boundsInParent: Rect(0, 0 - 338, 45); boundsInScreen: Rect(15, 179 - 353, 224); packageName: com.example.snoopy; className: android.widget.EditText; text: Enter password.. Double tap to edit.; contentDescription: null; viewIdResName: com.example.snoopy:id/editTextPassword; checkable: false; checked: false; focusable: true; focused: false; selected: false; clickable: true; longClickable: true; enabled: true; password: false; scrollable: false; [ACTION_FOCUS, ACTION_SELECT, ACTION_CLEAR_SELECTION, ACTION_CLICK, ACTION_LONG_CLICK, ACTION_ACCESSIBILITY_FOCUS]]
12-12 20:15:06.433 17846 17846 D dalvikvm: GC_FOR_ALLOC freed 1181K, 64% free 3328K/9196K, paused 13ms, total 14ms
12-12 20:15:07.493 17846 17846 I QueryController: Matched selector: UiSelector[CLASS=android.widget.EditText, INSTANCE=1, PACKAGE NAME=com.example.snoopy, COUNT=1] <<==>> [android.view.accessibility.AccessibilityNodeInfo@7bcb; boundsInParent: Rect(0, 0 - 338, 45); boundsInScreen: Rect(15, 179 - 353, 224); packageName: com.example.snoopy; className: android.widget.EditText; text: Enter password.. Double tap to edit.; contentDescription: null; viewIdResName: com.example.snoopy:id/editTextPassword; checkable: false; checked: false; focusable: true; focused: false; selected: false; clickable: true; longClickable: true; enabled: true; password: false; scrollable: false; [ACTION_FOCUS, ACTION_SELECT, ACTION_CLEAR_SELECTION, ACTION_CLICK, ACTION_LONG_CLICK, ACTION_ACCESSIBILITY_FOCUS]]
12-12 20:15:07.503   787   900 I InputDispatcher: Delivering touch to: action: 0x4, toolType: 0
12-12 20:15:07.503   787   900 I InputDispatcher: Delivering touch to: action: 0x0, toolType: 0
12-12 20:15:08.023   787   900 I InputDispatcher: Delivering touch to: action: 0x1, toolType: 0
12-12 20:15:08.043   787  1157 V VibratorService: hasVibrator - useVibetonz: false
12-12 20:15:08.103   242   242 I SurfaceFlinger: id=25 createSurf (1x1),1 flag=4, QopupWindow
12-12 20:15:08.153   242   242 I SurfaceFlinger: id=26 createSurf (1x1),1 flag=4, QopupWindow
12-12 20:15:08.833 17846 17860 D dalvikvm: GC_CONCURRENT freed 787K, 56% free 4491K/10192K, paused 3ms+8ms, total 42ms
12-12 20:15:08.883 17846 17846 I AccessibilityNodeInfoDumper: Skipping invisible child: android.view.accessibility.AccessibilityNodeInfo@a8d7; boundsInParent: Rect(0, 0 - 0, 64); boundsInScreen: Rect(1272, 25 - 1272, 89); packageName: com.example.snoopy; className: android.support.v7.widget.LinearLayoutCompat; text: null; contentDescription: null; viewIdResName: null; checkable: false; checked: false; focusable: false; focused: false; selected: false; clickable: false; longClickable: false; enabled: true; password: false; scrollable: false; [ACTION_SELECT, ACTION_CLEAR_SELECTION, ACTION_ACCESSIBILITY_FOCUS]
12-12 20:15:08.883 17846 17846 W AccessibilityNodeInfoDumper: Fetch time: 11ms
12-12 20:15:10.273   787   992 D lights  : button : 1 +
12-12 20:15:10.273   787   992 D lights  : button : 1 -
12-12 20:15:10.273   787   900 I InputDispatcher: Delivering key to: action: 0x0 (0)
12-12 20:15:10.313   787   900 I InputDispatcher: Delivering key to: action: 0x1 (0)
12-12 20:15:10.313   787   900 I InputDispatcher: Delivering key to: action: 0x0 (0)
12-12 20:15:10.333   787   900 I InputDispatcher: Delivering key to: action: 0x1 (0)
12-12 20:15:10.353   787   900 I InputDispatcher: Delivering key to: action: 0x0 (0)
12-12 20:15:10.363   787   900 I InputDispatcher: Delivering key to: action: 0x1 (0)
12-12 20:15:10.393   787   900 I InputDispatcher: Delivering key to: action: 0x0 (0)
12-12 20:15:10.423   787   900 I InputDispatcher: Delivering key to: action: 0x1 (0)
12-12 20:15:10.503   242   482 I SurfaceFlinger: id=25 Removed QopupWindow (8/11)
12-12 20:15:10.503   242  1243 I SurfaceFlinger: id=25 Removed QopupWindow (-2/11)
12-12 20:15:10.503   242   480 I SurfaceFlinger: id=26 Removed QopupWindow (8/10)
12-12 20:15:10.503   242 18165 I SurfaceFlinger: id=26 Removed QopupWindow (-2/10)
12-12 20:15:11.773   787   992 D lights  : button : 0 +
12-12 20:15:11.773   787   992 D lights  : button : 0 -
12-12 20:15:11.983 17846 17846 I QueryController: Matched selector: UiSelector[CLASS=android.widget.TextView, INSTANCE=1, PACKAGE NAME=com.example.snoopy, COUNT=1] <<==>> [android.view.accessibility.AccessibilityNodeInfo@870e; boundsInParent: Rect(0, 0 - 368, 19); boundsInScreen: Rect(0, 317 - 368, 336); packageName: com.example.snoopy; className: android.widget.TextView; text: Already Registered? Login Now; contentDescription: null; viewIdResName: com.example.snoopy:id/textViewSignin; checkable: false; checked: false; focusable: false; focused: false; selected: false; clickable: true; longClickable: false; enabled: true; password: false; scrollable: false; [ACTION_SELECT, ACTION_CLEAR_SELECTION, ACTION_CLICK, ACTION_ACCESSIBILITY_FOCUS, ACTION_NEXT_AT_MOVEMENT_GRANULARITY, ACTION_PREVIOUS_AT_MOVEMENT_GRANULARITY, ACTION_SET_SELECTION]]
12-12 20:15:12.003 17846 17846 I QueryController: Matched selector: UiSelector[CLASS=android.widget.TextView, INSTANCE=1, PACKAGE NAME=com.example.snoopy, COUNT=1] <<==>> [android.view.accessibility.AccessibilityNodeInfo@870e; boundsInParent: Rect(0, 0 - 368, 19); boundsInScreen: Rect(0, 317 - 368, 336); packageName: com.example.snoopy; className: android.widget.TextView; text: Already Registered? Login Now; contentDescription: null; viewIdResName: com.example.snoopy:id/textViewSignin; checkable: false; checked: false; focusable: false; focused: false; selected: false; clickable: true; longClickable: false; enabled: true; password: false; scrollable: false; [ACTION_SELECT, ACTION_CLEAR_SELECTION, ACTION_CLICK, ACTION_ACCESSIBILITY_FOCUS, ACTION_NEXT_AT_MOVEMENT_GRANULARITY, ACTION_PREVIOUS_AT_MOVEMENT_GRANULARITY, ACTION_SET_SELECTION]]
12-12 20:15:12.053 17846 17846 D dalvikvm: GC_FOR_ALLOC freed 1202K, 58% free 4360K/10192K, paused 29ms, total 30ms
12-12 20:15:13.123 17846 17846 I QueryController: Matched selector: UiSelector[CLASS=android.widget.TextView, INSTANCE=1, PACKAGE NAME=com.example.snoopy, COUNT=1] <<==>> [android.view.accessibility.AccessibilityNodeInfo@870e; boundsInParent: Rect(0, 0 - 368, 19); boundsInScreen: Rect(0, 317 - 368, 336); packageName: com.example.snoopy; className: android.widget.TextView; text: Already Registered? Login Now; contentDescription: null; viewIdResName: com.example.snoopy:id/textViewSignin; checkable: false; checked: false; focusable: false; focused: false; selected: false; clickable: true; longClickable: false; enabled: true; password: false; scrollable: false; [ACTION_SELECT, ACTION_CLEAR_SELECTION, ACTION_CLICK, ACTION_ACCESSIBILITY_FOCUS, ACTION_NEXT_AT_MOVEMENT_GRANULARITY, ACTION_PREVIOUS_AT_MOVEMENT_GRANULARITY, ACTION_SET_SELECTION]]
12-12 20:15:13.123 17846 17846 D InteractionController: clickAndSync(184, 326)
12-12 20:15:13.123   787   900 I InputDispatcher: Delivering touch to: action: 0x4, toolType: 0
12-12 20:15:13.123   787   900 I InputDispatcher: Delivering touch to: action: 0x0, toolType: 0
12-12 20:15:13.123   787   900 D PowerManagerService: [api] userActivityFromNative : 10 (event: 2 flags: 0)
12-12 20:15:13.233   787   900 I InputDispatcher: Delivering touch to: action: 0x1, toolType: 0
12-12 20:15:13.303   787  1155 D CustomFrequencyManagerService: acquireDVFSLockLocked : type : DVFS_MIN_LIMIT  frequency : 1190400  uid : 1000  pid : 787  pkgName : ACTIVITY_RESUME_BOOSTER@5
12-12 20:15:13.303   787  1155 W ActivityManager: mDVFSHelper.acquire()
12-12 20:15:13.323   787   866 D PointerIcon: setMouseIconStyle1 pointerType: 1001iconType:101 flag:0
12-12 20:15:13.323   787   866 D PointerIcon: setMouseCustomIcon IconType is same.101
12-12 20:15:13.353   787  1048 W ActivityManager: Permission Denial: getCurrentUser() from pid=18145, uid=11774 requires android.permission.INTERACT_ACROSS_USERS
12-12 20:15:13.353   982   982 D PhoneStatusBar: setTransGradationMode=false, mTransparentMode=false, mSemiTransparentMode=false, mMultiWindowMode=false
12-12 20:15:13.353   787  1234 D StatusBarManagerService: tr p:18145,o:f
12-12 20:15:13.383   982   982 D PhoneStatusBar: setSemiTransparentMode=false, mTransparentMode=false, mSemiTransparentMode=false, mMultiWindowMode=false
12-12 20:15:13.383   787  3210 D StatusBarManagerService: semi p:18145,o:f
12-12 20:15:13.403   242   242 I SurfaceFlinger: id=27 createSurf (1x1),1 flag=404, MoginActivi
12-12 20:15:13.413   787   797 I SpenGestureManager: setFocusWindow21015
12-12 20:15:13.413   787   879 D STATUSBAR-StatusBarManagerService: manageDisableList what=0x0 pkg=WindowManager.LayoutParams
12-12 20:15:13.433   787   866 D PointerIcon: setMouseIconStyle1 pointerType: 1001iconType:101 flag:0
12-12 20:15:13.433   787   866 D PointerIcon: setMouseCustomIcon IconType is same.101
12-12 20:15:13.453   787  1221 W LicenseLogService: log() failed
12-12 20:15:13.453  1297  1297 D SamsungIME: onStartInputView
12-12 20:15:13.493  1297  1297 D SamsungIME: [AbstractKeyboardView] onDetachedFromWindow.
12-12 20:15:13.493  1297  1297 D SamsungIME: Magnification Enabled = false
12-12 20:15:13.493  1297  1297 D SamsungIME: [AbstractKeyboardView] onDetachedFromWindow.
12-12 20:15:13.493  1297  1297 W ContextImpl: Calling a method in the system process without a qualified user: android.app.ContextImpl.sendBroadcast:1509 android.content.ContextWrapper.sendBroadcast:377 com.diotek.ime.framework.common.InputManagerImpl.sendInputLanguage:9353 com.diotek.ime.framework.common.InputManagerImpl.initDefaultLanguage:4901 com.diotek.ime.framework.common.InputManagerImpl.initSelectedLanguage:5143 
12-12 20:15:13.503  1297  1297 D SamsungIME: Magnification Enabled = false
12-12 20:15:13.503  1297  1297 D SamsungIME: Dismiss ExpandCandiate
12-12 20:15:13.523  1297  1297 W ContextImpl: Calling a method in the system process without a qualified user: android.app.ContextImpl.sendBroadcast:1509 android.content.ContextWrapper.sendBroadcast:377 com.diotek.ime.framework.common.InputManagerImpl.sendInputLanguage:9353 com.diotek.ime.framework.common.InputManagerImpl.setLanguage:5477 com.diotek.ime.framework.common.InputManagerImpl.startInputViewContinue:3348 
12-12 20:15:13.523  1297  1297 D SamsungIME: Dismiss ExpandCandiate
12-12 20:15:13.533  1297  1297 D SamsungIME: Dismiss ExpandCandiate
12-12 20:15:13.533  1297  1297 I SamsungIME: getCurrentKeyboard
12-12 20:15:13.533  1297  1297 I SamsungIME: getTextKeyboard
12-12 20:15:13.563  1297  1297 D SamsungIME: [SwiftkeyWrapper] currentLangauge : 1701729619
12-12 20:15:13.573  1297  1297 D SamsungIME: Dismiss ExpandCandiate
12-12 20:15:13.573  1297  1297 I SamsungIME: [IMI] startInputView - caller pid : 18145, caller uid : 11774
12-12 20:15:13.573  1297  1297 D SamsungIME: onWindowShown
12-12 20:15:13.573  1297  1297 W ContextImpl: Calling a method in the system process without a qualified user: android.app.ContextImpl.sendBroadcast:1509 android.content.ContextWrapper.sendBroadcast:377 android.inputmethodservice.InputMethodService.sendInputViewShownState:539 android.inputmethodservice.InputMethodService.showWindow:2161 android.inputmethodservice.InputMethodService$InputMethodImpl.showSoftInput:716 
12-12 20:15:13.583   787  1770 D SSRMv2:TSP:AirViewOnOff: DeviceInfo:: 00000000000
12-12 20:15:13.583   787  1770 D SSRMv2:TSP:AirViewOnOff: SettingsAirViewInfo:: 000000000
12-12 20:15:13.593   787   787 W ContextImpl: Calling a method in the system process without a qualified user: android.app.ContextImpl.sendBroadcast:1523 com.android.server.StatusBarManagerService.sendNotification:981 com.android.server.StatusBarManagerService.addNotification:670 com.android.server.NotificationManagerService$7.run:2142 android.os.Handler.handleCallback:733 
12-12 20:15:13.593   787   787 D STATUSBAR-StatusBarManagerService: sendNotification(1) - 17041255
12-12 20:15:13.603   242   242 I SurfaceFlinger: id=28 createSurf (1280x503),1 flag=4, JnputMethod
12-12 20:15:13.613 15499 15499 D com.samsung.app: [AccuTab_Magagine]>>> WC:42 [0:0] action : comandroidserverNotificationManagerServiceNotificationArrived
12-12 20:15:13.613   982   982 D ProgressBar: setProgressDrawable drawableHeight = 7
12-12 20:15:13.623 15499 15499 D com.samsung.app: [AccuTab_Magagine]>>> WC:55 [0:0] settings CT : androidappReceiverRestrictedContext@428c1fd0
12-12 20:15:13.623 15499 15499 D com.samsung.app: [AccuTab_Magagine]>>> UIM:146 [0:0] setContext
12-12 20:15:13.623 15499 15499 D com.samsung.app: [AccuTab_Magagine]>>> UIM:227 [0:0] The widget does not exist in idle!!
12-12 20:15:13.623   982   982 D PhoneStatusBar: tick(): knoxCustomManager = android.app.enterprise.knoxcustom.KnoxCustomManager@425e6460
12-12 20:15:13.643   982   982 D STATUSBAR-IconMerger: checkOverflow(1036), More:false, Req:false Child:4
12-12 20:15:13.673   787  1221 D BatteryService: level:100, scale:100, status:3, health:2, present:true, voltage: 4305, temperature: 262, technology: Li-ion, AC powered:false, USB powered:true, Wireless powered:false, icon:17303545, invalid charger:0, online:4, current avg:11, charge type:2, power sharing:false
12-12 20:15:13.673   787   787 D BatteryService: Sending ACTION_BATTERY_CHANGED.
12-12 20:15:13.683  1775  1864 D HeadsetStateMachine: Disconnected process message: 10
12-12 20:15:13.683   982   982 D KeyguardUpdateMonitor: received broadcast android.intent.action.BATTERY_CHANGED
12-12 20:15:13.683  1297  1297 D dalvikvm: GC_FOR_ALLOC freed 2477K, 48% free 7364K/14132K, paused 38ms, total 41ms
12-12 20:15:13.683   982   982 D KeyguardUpdateMonitor: handleBatteryUpdate
12-12 20:15:13.683  1813  1813 D DeviceManagerBroadcastReceiver: Updated Battery Level: 100
12-12 20:15:13.683  1813  1813 D DeviceManagerBroadcastReceiver: Action: android.intent.action.BATTERY_CHANGED
12-12 20:15:13.683  1813  1813 D DeviceManagerBroadcastReceiver: Set Alarm: false
12-12 20:15:13.683  1297  1297 I SamsungIME: drawAllKey
12-12 20:15:13.683   982   982 D STATUSBAR-PhoneStatusBar:  mBrightnessEnablebySettings = true mBrightnessEnablebyBattery = true mBrightnessEnablebyDisableFlag = true mPmsBrightnessEnablebySettings = true
12-12 20:15:13.683   982   982 D STATUSBAR-IconMerger: checkOverflow(1036), More:false, Req:false Child:4
12-12 20:15:13.693   982   982 D BatteryMeterView: ACTION_BATTERY_CHANGED : level:100 status:3 health:2
12-12 20:15:13.803   787   866 D CustomFrequencyManagerService: releaseDVFSLockLocked : Getting Lock type frm List : DVFS_MIN_LIMIT  frequency : 1190400  uid : 1000  pid : 787  tag : ACTIVITY_RESUME_BOOSTER@5
12-12 20:15:13.803   787   866 W ActivityManager: mDVFSHelper.release()
12-12 20:15:13.813   242  1295 I SurfaceFlinger: id=21 Removed NainActivit (6/11)
12-12 20:15:13.813   242   480 I SurfaceFlinger: id=21 Removed NainActivit (-2/11)
12-12 20:15:13.813   787   875 D CustomFrequencyManagerService: acquireDVFSLockLocked : type : DVFS_MIN_LIMIT  frequency : 1190400  uid : 1000  pid : 787  pkgName : ACTIVITY_RESUME_BOOSTER@8
12-12 20:15:13.833 16063 16066 D dalvikvm: GC_CONCURRENT freed 2010K, 37% free 8971K/14132K, paused 8ms+8ms, total 74ms
12-12 20:15:13.873  1297  1301 D dalvikvm: GC_CONCURRENT freed 154K, 35% free 9198K/14132K, paused 23ms+3ms, total 77ms
12-12 20:15:14.813   787   787 D CustomFrequencyManagerService: releaseDVFSLockLocked : Getting Lock type frm List : DVFS_MIN_LIMIT  frequency : 1190400  uid : 1000  pid : 787  tag : ACTIVITY_RESUME_BOOSTER@8
12-12 20:15:15.303 17846 17860 D dalvikvm: GC_CONCURRENT freed 926K, 52% free 5390K/11192K, paused 3ms+4ms, total 23ms
12-12 20:15:15.403   787  1770 D SSRMv2:SIOP: SIOP:: AP = 310, Delta = 0
12-12 20:15:15.593 17846 17860 D dalvikvm: GC_CONCURRENT freed 708K, 46% free 6668K/12196K, paused 3ms+5ms, total 24ms
12-12 20:15:16.673   787   992 D lights  : button : 1 +
12-12 20:15:16.673   787   992 D lights  : button : 1 -
12-12 20:15:16.673   787   900 I InputDispatcher: Delivering key to: action: 0x0 (0)
12-12 20:15:16.673   787   900 I InputDispatcher: Delivering key to: action: 0x1 (0)
12-12 20:15:16.683   787 18989 W ContextImpl: Calling a method in the system process without a qualified user: android.app.ContextImpl.sendBroadcast:1509 com.android.server.InputMethodManagerService$4.run:2683 java.lang.Thread.run:841 <bottom of call stack> <bottom of call stack> 
12-12 20:15:16.683   787   787 W ContextImpl: Calling a method in the system process without a qualified user: android.app.ContextImpl.sendBroadcast:1523 com.android.server.StatusBarManagerService.sendNotification:981 com.android.server.StatusBarManagerService.removeNotification:706 com.android.server.NotificationManagerService.cancelNotificationLocked:2455 com.android.server.NotificationManagerService.access$5100:160 
12-12 20:15:16.693   787   787 D NotificationService: cancelNotificationLocked
12-12 20:15:16.693   787   787 D NotificationService:  hasClearableItems
12-12 20:15:16.693   787   787 D NotificationService:  has clearable items no 
12-12 20:15:16.693   787   787 D NotificationService: cancelNotificationLocked: cancel alarm
12-12 20:15:16.693   787   787 D NotificationService: cancelNotificationLocked: cancel alarm
12-12 20:15:16.693  1297  1297 D SamsungIME: onWindowHidden
12-12 20:15:16.693   787   787 D STATUSBAR-StatusBarManagerService: sendNotification(3) - 17041255
12-12 20:15:16.693   787   787 D LightsService: [api] [SvcLED] turnOff:: id = 4 (uid: 1000 pid: 787) 
12-12 20:15:16.693   787   787 D LightsService: [SvcLED] setSvcLedStateLocked:: SvcLEDState : 0x0 -> 0x0 | SvcLED(id=4) set Off
12-12 20:15:16.693  1297  1297 W ContextImpl: Calling a method in the system process without a qualified user: android.app.ContextImpl.sendBroadcast:1509 android.content.ContextWrapper.sendBroadcast:377 android.inputmethodservice.InputMethodService.sendInputViewShownState:539 android.inputmethodservice.InputMethodService.hideWindow:2300 android.inputmethodservice.InputMethodService.doHideWindow:2278 
12-12 20:15:16.693   787   893 D LightsService: [SvcLED] Lux failed to be updated in 700ms. -> handleForcedSvcLEDTasK
12-12 20:15:16.693   787   893 D LightsService: [SvcLED]  setSvcLedLightLocked :: Current SvcLED(id=3) maintains its priority right
12-12 20:15:16.693   787  1770 D SSRMv2:TSP:AirViewOnOff: DeviceInfo:: 00000000000
12-12 20:15:16.693   787  1770 D SSRMv2:TSP:AirViewOnOff: SettingsAirViewInfo:: 000000000
12-12 20:15:16.703   982   982 D STATUSBAR-IconMerger: checkOverflow(1036), More:false, Req:false Child:3
12-12 20:15:16.943   242 18165 I SurfaceFlinger: id=28 Removed JnputMethod (8/10)
12-12 20:15:16.943   242  1295 I SurfaceFlinger: id=28 Removed JnputMethod (-2/10)
12-12 20:15:17.683 17846 17846 W InteractionController: runAndwaitForEvent timedout waiting for events
12-12 20:15:18.183   787   992 D lights  : button : 0 +
