12-12 20:16:07.973   787   866 D PointerIcon: setMouseIconStyle1 pointerType: 1001iconType:101 flag:0
12-12 20:16:07.973   787   866 D PointerIcon: setMouseCustomIcon IconType is same.101
12-12 20:16:07.993   242   242 I SurfaceFlinger: id=43 createSurf (1x1),1 flag=4, NainActivit
12-12 20:16:08.033 18145 18145 D ProgressBar: updateDrawableBounds: left = 0
12-12 20:16:08.033 18145 18145 D ProgressBar: updateDrawableBounds: top = 0
12-12 20:16:08.033 18145 18145 D ProgressBar: updateDrawableBounds: right = 48
12-12 20:16:08.033 18145 18145 D ProgressBar: updateDrawableBounds: bottom = 48
12-12 20:16:08.143 16063 16373 W ConfigurationChimeraPro: Got null configs for com.google.android.gms.common_auth
12-12 20:16:08.183 16331 16650 I Auth    : [ReflectiveChannelBinder] Successfully bound channel!
12-12 20:16:08.183 16331 16650 E BaseAppContext: Tried to stop global GMSCore RequestQueue. This is likely unintended, so ignoring.
12-12 20:16:08.193 16331 16442 I AuthChimeraService: Executing request: ProxyRequest[ url: https://www.googleapis.com/identitytoolkit/v3/relyingparty/signupNewUser?alt=proto&key=AIzaSyAlPR096sOohVB9d0xuRCe1M34wBO-crBA, method: 1 ]
12-12 20:16:08.303 16331 20090 W Conscrypt: Could not set socket write timeout:
12-12 20:16:08.313 16331 20090 W Conscrypt:    java.lang.reflect.Method.invokeNative(Native Method)
12-12 20:16:08.313 16331 20090 W Conscrypt:    java.lang.reflect.Method.invoke(Method.java:515)
12-12 20:16:08.393 16331 16335 D dalvikvm: GC_CONCURRENT freed 1811K, 60% free 10259K/25436K, paused 5ms+14ms, total 97ms
12-12 20:16:08.503 16331 20090 W Conscrypt: Could not set socket write timeout:
12-12 20:16:08.503 16331 20090 W Conscrypt:    java.lang.reflect.Method.invokeNative(Native Method)
12-12 20:16:08.503 16331 20090 W Conscrypt:    java.lang.reflect.Method.invoke(Method.java:515)
12-12 20:16:08.673 16331 20090 E Volley  : [836] BasicNetwork.performRequest: Unexpected response code 400 for https://www.googleapis.com/identitytoolkit/v3/relyingparty/signupNewUser?alt=proto&key=AIzaSyAlPR096sOohVB9d0xuRCe1M34wBO-crBA
12-12 20:16:08.673 16331 16442 I AuthChimeraService: Error description received from server: INVALID_EMAIL
12-12 20:16:08.683 16331 16442 W FirebaseAuth: [PhoneNumberAuthPostProcessor] postProcess starts
12-12 20:16:08.693 16331 16442 W FirebaseAuth: [PhoneNumberAuthPostProcessor] postProcess ends
12-12 20:16:08.703   787   797 I SpenGestureManager: setFocusWindow21015
12-12 20:16:08.703   787   866 D PointerIcon: setMouseIconStyle1 pointerType: 1001iconType:101 flag:0
12-12 20:16:08.703   787   866 D PointerIcon: setMouseCustomIcon IconType is same.101
12-12 20:16:08.713   787  1048 W LicenseLogService: log() failed
12-12 20:16:08.713   787  1048 W InputMethodManagerService: Window already focused, ignoring focus gain of: com.android.internal.view.IInputMethodClient$Stub$Proxy@43651128 attribute=null, token = android.os.BinderProxy@4359a4a8
12-12 20:16:08.723 18145 18145 E ViewRootImpl: sendUserActionEvent() mView == null
12-12 20:16:08.723   242   242 I SurfaceFlinger: id=44 createSurf (1x1),1 flag=4, Uoast
12-12 20:16:08.743   787  1235 D PowerManagerService: [api] acquire WakeLock flags=0x2000000a tag=WindowManager uid=1000 pid=787
12-12 20:16:08.803   982   982 D STATUSBAR-NetworkController: refreshSignalCluster - setNWBoosterIndicators(false)
12-12 20:16:08.803   982   982 D STATUSBAR-NetworkController: refreshSignalCluster: data=-1 bt=false
12-12 20:16:08.803   982   982 D STATUSBAR-IconMerger: checkOverflow(1036), More:false, Req:false Child:3
12-12 20:16:08.963   242  1243 I SurfaceFlinger: id=43 Removed NainActivit (8/11)
12-12 20:16:08.963   242   480 I SurfaceFlinger: id=43 Removed NainActivit (-2/11)
12-12 20:16:09.813   982   982 D STATUSBAR-NetworkController: refreshSignalCluster - setNWBoosterIndicators(false)
12-12 20:16:09.813   982   982 D STATUSBAR-NetworkController: refreshSignalCluster: data=-1 bt=false
12-12 20:16:09.823   982   982 D STATUSBAR-IconMerger: checkOverflow(1036), More:false, Req:false Child:3
12-12 20:16:09.983 17846 17860 D dalvikvm: GC_CONCURRENT freed 1233K, 63% free 3433K/9192K, paused 1ms+7ms, total 30ms
12-12 20:16:09.983 17846 17846 D dalvikvm: WAIT_FOR_CONCURRENT_GC blocked 24ms
12-12 20:16:10.073   787   875 W ProcessCpuTracker: Skipping unknown process pid 20141
12-12 20:16:10.193 17846 17846 I AccessibilityNodeInfoDumper: Skipping invisible child: android.view.accessibility.AccessibilityNodeInfo@14e0e; boundsInParent: Rect(0, 0 - 0, 64); boundsInScreen: Rect(1272, 25 - 1272, 89); packageName: com.example.snoopy; className: android.support.v7.widget.LinearLayoutCompat; text: null; contentDescription: null; viewIdResName: null; checkable: false; checked: false; focusable: false; focused: false; selected: false; clickable: false; longClickable: false; enabled: true; password: false; scrollable: false; [ACTION_SELECT, ACTION_CLEAR_SELECTION, ACTION_ACCESSIBILITY_FOCUS]
12-12 20:16:10.193 17846 17846 W AccessibilityNodeInfoDumper: Fetch time: 7ms
12-12 20:16:10.573 20153 20153 D AndroidRuntime: 
12-12 20:16:10.573 20153 20153 D AndroidRuntime: >>>>>> AndroidRuntime START com.android.internal.os.RuntimeInit <<<<<<
12-12 20:16:10.583 20153 20153 D AndroidRuntime: CheckJNI is OFF
12-12 20:16:10.583 20153 20153 D AndroidRuntime: setted country_code = USA
12-12 20:16:10.583 20153 20153 D AndroidRuntime: setted countryiso_code = US
12-12 20:16:10.583 20153 20153 D AndroidRuntime: setted sales_code = BNN
12-12 20:16:10.583 20153 20153 D AndroidRuntime: readGMSProperty: start
12-12 20:16:10.583 20153 20153 D AndroidRuntime: readGMSProperty: already setted!!
12-12 20:16:10.583 20153 20153 D AndroidRuntime: readGMSProperty: end
12-12 20:16:10.583 20153 20153 D AndroidRuntime: addProductProperty: start
12-12 20:16:10.603 20153 20153 D dalvikvm: Trying to load lib libjavacore.so 0x0
12-12 20:16:10.603 20153 20153 D dalvikvm: Added shared lib libjavacore.so 0x0
12-12 20:16:10.613 20153 20153 D dalvikvm: Trying to load lib libnativehelper.so 0x0
12-12 20:16:10.613 20153 20153 D dalvikvm: Added shared lib libnativehelper.so 0x0
12-12 20:16:10.613 20153 20153 D dalvikvm: No JNI_OnLoad found in libnativehelper.so 0x0, skipping init
12-12 20:16:10.703   787   949 D PowerManagerService: [api] [s] userActivity : event: 0 flags: 0 (uid: 1000 pid: 787)
12-12 20:16:10.703   787   949 D PowerManagerService: [api] release WakeLock flags=0x2000000a tag=WindowManager uid=1000 pid=787 (0x0)
12-12 20:16:10.703   787   949 D PowerManagerService: [api] applyWakeLockFlagsOnReleaseLocked : userActivityNoUpdateLocked is called : SCREEN_BRIGHT_WAKE_LOCK        'WindowManager' ON_AFTER_RELEASE (uid=1000, pid=787, ws=WorkSource{11774}) (elapsedTime=1961)
12-12 20:16:10.803 20153 20153 E memtrack: Couldn't load memtrack module (No such file or directory)
12-12 20:16:10.813 20153 20153 E android.os.Debug: failed to load memtrack module: -2
12-12 20:16:10.843 20153 20153 D dalvikvm: Note: class Landroid/app/ActivityManagerNative; has 192 unimplemented (abstract) methods
12-12 20:16:10.933 20153 20153 D AndroidRuntime: Calling main entry com.android.commands.am.Am
12-12 20:16:10.993   787   798 V ApplicationPolicy: isApplicationStateBlocked userId 0 pkgname com.example.snoopy
12-12 20:16:10.993   787   798 I ActivityManager: Killing 18145:com.example.snoopy/u0a1774 (adj 0): stop com.example.snoopy
12-12 20:16:10.993   787   798 W ActivityManager: Force removing ActivityRecord{4310d0c8 u0 com.example.snoopy/.MainActivity t4}: app died, no saved state
12-12 20:16:11.003   787   866 D PointerIcon: setMouseIconStyle1 pointerType: 1001iconType:101 flag:0
12-12 20:16:11.003   787   866 D PointerIcon: setMouseCustomIcon IconType is same.101
12-12 20:16:11.013   787   798 D CustomFrequencyManagerService: acquireDVFSLockLocked : type : DVFS_MIN_LIMIT  frequency : 1190400  uid : 1000  pid : 787  pkgName : ACTIVITY_RESUME_BOOSTER@5
12-12 20:16:11.013   787   798 W ActivityManager: mDVFSHelper.acquire()
12-12 20:16:11.023   787  3210 I WindowState: WIN DEATH: Window{431630a0 u0 Toast EXITING}
12-12 20:16:11.023   787  8952 I WindowState: WIN DEATH: Window{42f7e9d8 u0 com.example.snoopy/com.example.snoopy.MainActivity}
12-12 20:16:11.033   787   900 W InputDispatcher: channel ~ Consumer closed input channel or an error occurred.  events=0x9
12-12 20:16:11.033   787   900 E InputDispatcher: channel ~ Channel is unrecoverably broken and will be disposed!
12-12 20:16:11.033   787  1235 W InputDispatcher: Attempted to unregister already unregistered input channel
12-12 20:16:11.033   242  1243 I SurfaceFlinger: id=42 Removed NainActivit (6/10)
12-12 20:16:11.033   242 18165 I SurfaceFlinger: id=42 Removed NainActivit (-2/10)
12-12 20:16:11.033   787  1235 I WindowState: WIN DEATH: Window{42f83858 u0 com.example.snoopy/com.example.snoopy.MainActivity}
12-12 20:16:11.053 20153 20153 D AndroidRuntime: Shutting down VM
12-12 20:16:11.053 20153 20160 D dalvikvm: GC_CONCURRENT freed 95K, 13% free 666K/764K, paused 1ms+0ms, total 4ms
12-12 20:16:11.063   242  1243 I SurfaceFlinger: id=19 Removed EimLayer (5/9)
12-12 20:16:11.063   242   482 I SurfaceFlinger: id=18 Removed EimLayer (5/8)
12-12 20:16:11.063   242   482 I SurfaceFlinger: id=19 Removed EimLayer (-2/8)
12-12 20:16:11.063   242 18165 I SurfaceFlinger: id=18 Removed EimLayer (-2/8)
12-12 20:16:11.083  1151  1151 D Launcher: onRestart, Launcher: 1116738944
12-12 20:16:11.083  1151  1151 D Launcher: onStart, Launcher: 1116738944
12-12 20:16:11.083  1151  1151 D Launcher.HomeView: onStart
12-12 20:16:11.083  1126  1126 D ContainerEventsRelayManager: <<< Intent action is >>> : android.intent.action.PACKAGE_RESTARTED
12-12 20:16:11.083  1126  1126 D ContainerEventsRelayManager: <<< Intent data is   >>> : package:com.example.snoopy
12-12 20:16:11.093  1151  1151 D Launcher: onResume, Launcher: 1116738944
12-12 20:16:11.093   982   982 D PhoneStatusBar: setSemiTransparentMode=false, mTransparentMode=false, mSemiTransparentMode=false, mMultiWindowMode=false
12-12 20:16:11.093   982   982 D PhoneStatusBar: setSemiTransparentMode=false, mTransparentMode=false, mSemiTransparentMode=false, mMultiWindowMode=false
12-12 20:16:11.093   787  6070 D StatusBarManagerService: semi p:1151,o:f
12-12 20:16:11.093   787   797 D StatusBarManagerService: semi p:1151,o:f
12-12 20:16:11.103  3084  3084 D daemonapp: [MSC_Daemon]>>> AWDCDS:27 [0:0] AWD CD Act : androidintentactionPACKAGE_RESTARTED
12-12 20:16:11.113  1151  1151 D Launcher.HomeView: onResume
12-12 20:16:11.113   982   982 D PhoneStatusBar: setTransGradationMode=false, mTransparentMode=false, mSemiTransparentMode=false, mMultiWindowMode=false
12-12 20:16:11.113   787   798 D StatusBarManagerService: tr p:1151,o:f
12-12 20:16:11.123  1151  1151 D MenuAppsGridFragment: onResume
12-12 20:16:11.133 18048 18048 V TaskCloserActivity: TaskCloserActivity onReceive() - com.sec.android.intent.action.HOME_RESUME
12-12 20:16:11.143   242   242 I SurfaceFlinger: id=45 createSurf (1280x800),1 flag=4, Mauncher
12-12 20:16:11.143   787  6070 I SpenGestureManager: setFocusWindow21005
12-12 20:16:11.143   787   879 D STATUSBAR-StatusBarManagerService: manageDisableList what=0x0 pkg=WindowManager.LayoutParams
12-12 20:16:11.153   787   866 D PointerIcon: setMouseIconStyle1 pointerType: 1001iconType:101 flag:0
12-12 20:16:11.153   787   866 D PointerIcon: setMouseCustomIcon IconType is same.101
12-12 20:16:11.183   982   982 D PhoneStatusBar: setTransGradationMode=false, mTransparentMode=false, mSemiTransparentMode=false, mMultiWindowMode=false
12-12 20:16:11.183   787  1234 D StatusBarManagerService: tr p:1151,o:f
12-12 20:16:11.193   787  1223 W LicenseLogService: log() failed
12-12 20:16:11.193   787   879 D STATUSBAR-StatusBarManagerService: manageDisableList what=0x0 pkg=WindowManager.LayoutParams
12-12 20:16:11.203   787  1223 W InputMethodManagerService: Got RemoteException sending setActive(false) notification to pid 18145 uid 11774
12-12 20:16:11.203   787 20188 W ContextImpl: Calling a method in the system process without a qualified user: android.app.ContextImpl.sendBroadcast:1509 com.android.server.InputMethodManagerService$4.run:2683 java.lang.Thread.run:841 <bottom of call stack> <bottom of call stack> 
12-12 20:16:11.243   242  1243 I SurfaceFlinger: id=44 Removed Uoast (8/8)
12-12 20:16:11.253   242   480 I SurfaceFlinger: id=44 Removed Uoast (-2/8)
12-12 20:16:11.253   242   482 I SurfaceFlinger: id=44 Removed Uoast (-2/8)
12-12 20:16:11.293   787   879 I SensorManagerA: getReportingMode :: sensor.mType = 65558
12-12 20:16:11.293   787   879 D SensorService: AutoRotationSensor::changed settle time to [1]
12-12 20:16:11.293   787   879 D SensorService: AutoRotationSensor::activate (ident=0x78f3c918, enabled=1)
12-12 20:16:11.293   787   879 D SensorService: AutoRotationSensor::AR_init
12-12 20:16:11.293   787   974 D SmartFaceIndicator: no icon
12-12 20:16:11.293   787   974 E SmartFaceService: mActiveServiceType: 100
12-12 20:16:11.293   787   974 E SmartFaceService: mScrollEnabled:false mPauseEnabled:false mStayEnabled:true mRotationEnabled:false, (false,true)
12-12 20:16:11.293   787   974 E SmartFaceService: mLightIntensityEnough: true mLux: 0.0
12-12 20:16:11.293   787   974 D Stay/Rotation Worker: updateClientsDone. def. do nothing.
12-12 20:16:11.293   787   974 E SmartFaceService: Service Type to Worker: 0
12-12 20:16:11.293   787   974 E SmartFaceService: Last Active clients:0 Current Active clients: 0
12-12 20:16:11.293   787   974 E SmartFaceService: Last Smart Pause clients: 0 Current Smart Pause clients: 0
12-12 20:16:11.333   787   879 D SensorManager: registerListener :: 1600221811, Screen Orientation Sensor, 66667, 0,  
12-12 20:16:11.333   787   879 D WindowManager: updateSetting mIsKidsLauncherEnabled = false isKidsLauncherEnabled = false
12-12 20:16:11.333   787  1157 V WindowManager: rotationForOrientationLw(orient=-1, last=0); user=0  sensorRotation=-1 mLidState=-1 mDockMode=0 mHdmiPlugged=false mAccelerometerDefault=false gripRotationLock=false
12-12 20:16:11.343   787   879 V WindowManager: rotationForOrientationLw(orient=-1, last=0); user=0  sensorRotation=-1 mLidState=-1 mDockMode=0 mHdmiPlugged=false mAccelerometerDefault=false gripRotationLock=false
12-12 20:16:11.343   787   879 V WindowManager: rotationForOrientationLw(orient=-1, last=0); user=0  sensorRotation=-1 mLidState=-1 mDockMode=0 mHdmiPlugged=false mAccelerometerDefault=false gripRotationLock=false
12-12 20:16:11.393   787   863 D SensorService: AutoRotationSensor::process: Acc  eventTimestamp = 23859349138000, previousAccTimestamp = 23752586641000, difference = 106762497000 
12-12 20:16:11.393   787   863 D SensorService: AutoRotationSensor::reset oldrotation = [100], initState = [1]
12-12 20:16:11.463   787   863 D SensorService: AutoRotationSensor::process: Acc  eventTimestamp = 23859415028000, previousAccTimestamp = 23752586641000, difference = 106828387000 
12-12 20:16:11.463   787   863 D SensorService:  [AR] -0.7 0.5 9.5
12-12 20:16:11.463   787   863 D SensorService: AutoRotationSensor::process: Ar_SensorChanged oldrotation = [100], rotation = [255]
12-12 20:16:11.463   787   879 V WindowOrientationListener: Rotation Sensor : x=255.0
12-12 20:16:11.513   787   875 D CustomFrequencyManagerService: releaseDVFSLockLocked : Getting Lock type frm List : DVFS_MIN_LIMIT  frequency : 1190400  uid : 1000  pid : 787  tag : ACTIVITY_RESUME_BOOSTER@5
12-12 20:16:11.513   787   875 W ActivityManager: mDVFSHelper.release()
12-12 20:16:11.513   787   875 D CustomFrequencyManagerService: acquireDVFSLockLocked : type : DVFS_MIN_LIMIT  frequency : 1190400  uid : 1000  pid : 787  pkgName : ACTIVITY_RESUME_BOOSTER@8
12-12 20:16:11.573 17846 17860 D dalvikvm: GC_CONCURRENT freed 2780K, 72% free 2616K/9192K, paused 3ms+5ms, total 23ms
12-12 20:16:11.653   787  1234 V WindowManager: rotationForOrientationLw(orient=-1, last=0); user=0  sensorRotation=-1 mLidState=-1 mDockMode=0 mHdmiPlugged=false mAccelerometerDefault=false gripRotationLock=false
12-12 20:16:11.833 20194 20194 D AndroidRuntime: 
12-12 20:16:11.833 20194 20194 D AndroidRuntime: >>>>>> AndroidRuntime START com.android.internal.os.RuntimeInit <<<<<<
12-12 20:16:11.833 20194 20194 D AndroidRuntime: CheckJNI is OFF
12-12 20:16:11.833 20194 20194 D AndroidRuntime: setted country_code = USA
12-12 20:16:11.833 20194 20194 D AndroidRuntime: setted countryiso_code = US
12-12 20:16:11.833 20194 20194 D AndroidRuntime: setted sales_code = BNN
12-12 20:16:11.833 20194 20194 D AndroidRuntime: readGMSProperty: start
12-12 20:16:11.833 20194 20194 D AndroidRuntime: readGMSProperty: already setted!!
12-12 20:16:11.843 20194 20194 D AndroidRuntime: readGMSProperty: end
12-12 20:16:11.843 20194 20194 D AndroidRuntime: addProductProperty: start
12-12 20:16:11.863 20194 20194 D dalvikvm: Trying to load lib libjavacore.so 0x0
12-12 20:16:11.863 20194 20194 D dalvikvm: Added shared lib libjavacore.so 0x0
12-12 20:16:11.873 20194 20194 D dalvikvm: Trying to load lib libnativehelper.so 0x0
12-12 20:16:11.873 20194 20194 D dalvikvm: Added shared lib libnativehelper.so 0x0
12-12 20:16:11.873 20194 20194 D dalvikvm: No JNI_OnLoad found in libnativehelper.so 0x0, skipping init
12-12 20:16:12.053 20194 20194 E memtrack: Couldn't load memtrack module (No such file or directory)
12-12 20:16:12.053 20194 20194 E android.os.Debug: failed to load memtrack module: -2
12-12 20:16:12.083 20194 20194 D dalvikvm: Note: class Landroid/app/ActivityManagerNative; has 192 unimplemented (abstract) methods
12-12 20:16:12.143 20194 20194 D AndroidRuntime: Calling main entry com.android.commands.am.Am
12-12 20:16:12.193   787  1048 V ApplicationPolicy: isApplicationStateBlocked userId 0 pkgname com.example.snoopy
12-12 20:16:12.203 20194 20194 D AndroidRuntime: Shutting down VM
12-12 20:16:12.203  1126  1126 D ContainerEventsRelayManager: <<< Intent action is >>> : android.intent.action.PACKAGE_RESTARTED
12-12 20:16:12.203  1126  1126 D ContainerEventsRelayManager: <<< Intent data is   >>> : package:com.example.snoopy
12-12 20:16:12.203  3084  3084 D daemonapp: [MSC_Daemon]>>> AWDCDS:27 [0:0] AWD CD Act : androidintentactionPACKAGE_RESTARTED
12-12 20:16:12.213 20194 20198 D dalvikvm: GC_CONCURRENT freed 95K, 13% free 666K/764K, paused 1ms+0ms, total 3ms
12-12 20:16:12.433 17846 17846 I AndroidRuntime: VM exiting with result code 0.
12-12 20:16:12.433   787   797 V WindowManager: rotationForOrientationLw(orient=-1, last=0); user=0  sensorRotation=-1 mLidState=-1 mDockMode=0 mHdmiPlugged=false mAccelerometerDefault=false gripRotationLock=false
12-12 20:16:12.523   787   787 D CustomFrequencyManagerService: releaseDVFSLockLocked : Getting Lock type frm List : DVFS_MIN_LIMIT  frequency : 1190400  uid : 1000  pid : 787  tag : ACTIVITY_RESUME_BOOSTER@8
12-12 20:16:13.643   787   863 D SensorService:   -0.7 0.5 9.4
12-12 20:16:14.113   787  1235 D BatteryService: level:100, scale:100, status:3, health:2, present:true, voltage: 4354, temperature: 260, technology: Li-ion, AC powered:false, USB powered:true, Wireless powered:false, icon:17303545, invalid charger:0, online:4, current avg:12, charge type:2, power sharing:false
12-12 20:16:14.113   787   787 D BatteryService: Sending ACTION_BATTERY_CHANGED.
12-12 20:16:14.123   982   982 D KeyguardUpdateMonitor: received broadcast android.intent.action.BATTERY_CHANGED
12-12 20:16:14.123   982   982 D KeyguardUpdateMonitor: handleBatteryUpdate
12-12 20:16:14.133   982   982 D STATUSBAR-PhoneStatusBar:  mBrightnessEnablebySettings = true mBrightnessEnablebyBattery = true mBrightnessEnablebyDisableFlag = true mPmsBrightnessEnablebySettings = true
12-12 20:16:14.143   982   982 D STATUSBAR-IconMerger: checkOverflow(1036), More:false, Req:false Child:3
12-12 20:16:14.153  1775  1864 D HeadsetStateMachine: Disconnected process message: 10
12-12 20:16:14.153   982   982 D BatteryMeterView: ACTION_BATTERY_CHANGED : level:100 status:3 health:2
12-12 20:16:14.173  1813  1813 D DeviceManagerBroadcastReceiver: Updated Battery Level: 100
12-12 20:16:14.183  1813  1813 D DeviceManagerBroadcastReceiver: Action: android.intent.action.BATTERY_CHANGED
12-12 20:16:14.183  1813  1813 D DeviceManagerBroadcastReceiver: Set Alarm: false
