12-12 20:15:18.183   787   992 D lights  : button : 0 -
12-12 20:15:18.743 17846 17846 I AccessibilityNodeInfoDumper: Skipping invisible child: android.view.accessibility.AccessibilityNodeInfo@ff34; boundsInParent: Rect(0, 0 - 0, 64); boundsInScreen: Rect(1272, 25 - 1272, 89); packageName: com.example.snoopy; className: android.support.v7.widget.LinearLayoutCompat; text: null; contentDescription: null; viewIdResName: null; checkable: false; checked: false; focusable: false; focused: false; selected: false; clickable: false; longClickable: false; enabled: true; password: false; scrollable: false; [ACTION_SELECT, ACTION_CLEAR_SELECTION, ACTION_ACCESSIBILITY_FOCUS]
12-12 20:15:18.753 17846 17846 W AccessibilityNodeInfoDumper: Fetch time: 26ms
12-12 20:15:18.993   787   898 V AlarmManager: waitForAlarm result :4
12-12 20:15:18.993   787   898 V AlarmManager: trigger ELAPSED_REALTIME_WAKEUP or RTC_WAKEUP
12-12 20:15:19.223 17846 17846 I QueryController: Matched selector: UiSelector[CLASS=android.widget.EditText, INSTANCE=0, PACKAGE NAME=com.example.snoopy] <<==>> [android.view.accessibility.AccessibilityNodeInfo@caa6; boundsInParent: Rect(0, 0 - 338, 45); boundsInScreen: Rect(15, 131 - 353, 176); packageName: com.example.snoopy; className: android.widget.EditText; text: Enter your email. Editing.; contentDescription: null; viewIdResName: com.example.snoopy:id/editTextEmail; checkable: false; checked: false; focusable: true; focused: true; selected: false; clickable: true; longClickable: true; enabled: true; password: false; scrollable: false; [ACTION_CLEAR_FOCUS, ACTION_SELECT, ACTION_CLEAR_SELECTION, ACTION_CLICK, ACTION_LONG_CLICK, ACTION_ACCESSIBILITY_FOCUS, ACTION_PASTE]]
12-12 20:15:19.243 17846 17846 I QueryController: Matched selector: UiSelector[CLASS=android.widget.EditText, INSTANCE=0, PACKAGE NAME=com.example.snoopy] <<==>> [android.view.accessibility.AccessibilityNodeInfo@caa6; boundsInParent: Rect(0, 0 - 338, 45); boundsInScreen: Rect(15, 131 - 353, 176); packageName: com.example.snoopy; className: android.widget.EditText; text: Enter your email. Editing.; contentDescription: null; viewIdResName: com.example.snoopy:id/editTextEmail; checkable: false; checked: false; focusable: true; focused: true; selected: false; clickable: true; longClickable: true; enabled: true; password: false; scrollable: false; [ACTION_CLEAR_FOCUS, ACTION_SELECT, ACTION_CLEAR_SELECTION, ACTION_CLICK, ACTION_LONG_CLICK, ACTION_ACCESSIBILITY_FOCUS, ACTION_PASTE]]
12-12 20:15:19.263 16063 16692 I zgp     : Scheduling Phenotype for a PhenotypeSyncImmediately(6, com.google.android.gms.playlog.uploader) one off with window [1, 2] in seconds
12-12 20:15:19.293 17846 17846 D dalvikvm: GC_FOR_ALLOC freed 5629K, 72% free 2337K/8192K, paused 29ms, total 29ms
12-12 20:15:19.293 17846 17846 I dalvikvm-heap: Grow heap (frag case) to 5.258MB for 1024016-byte allocation
12-12 20:15:19.543 16063 16063 I WearableService: Wearable Services not starting - Wear is not available on this device.
12-12 20:15:19.543 16063 16073 D WearableService: onGetService - Wear is not available on this device.
12-12 20:15:19.573   787  1084 E Watchdog: !@Sync 793
12-12 20:15:19.663 16063 16066 D dalvikvm: GC_CONCURRENT freed 2003K, 37% free 8941K/14132K, paused 3ms+6ms, total 46ms
12-12 20:15:19.663 16331 19052 E ZappConnFactory: Unable to bind to PlayStore
12-12 20:15:19.663   787  1221 W ActivityManager: Unable to start service Intent { act=com.google.android.finsky.BIND_PLAY_MODULE_SERVICE pkg=com.android.vending } U=0: not found
12-12 20:15:19.663   787   798 W ActivityManager: Unbind failed: could not find connection for android.os.BinderProxy@432d1a28
12-12 20:15:19.673 16331 19052 I ChimeraConfigService: Scheduling checkin every 43200 seconds, with flex of 1800 seconds
12-12 20:15:19.783   787   949 D LocationManagerService: getLastLocation: Request[POWER_NONE passive fastest=0 num=1]
12-12 20:15:19.803   787   798 D LocationManagerService: getLastLocation: Request[POWER_NONE passive fastest=0 num=1]
12-12 20:15:19.823   787  1221 D LocationManagerService: getLastLocation: Request[POWER_NONE passive fastest=0 num=1]
12-12 20:15:19.833   787   797 D LocationManagerService: getLastLocation: Request[POWER_NONE passive fastest=0 num=1]
12-12 20:15:19.883 16312 16377 D dalvikvm: GC_EXPLICIT freed 141K, 56% free 6349K/14132K, paused 3ms+5ms, total 34ms
12-12 20:15:19.973 16063 19039 W Conscrypt: Could not set socket write timeout:
12-12 20:15:19.973 16063 19039 W Conscrypt:    java.lang.reflect.Method.invokeNative(Native Method)
12-12 20:15:19.973 16063 19039 W Conscrypt:    java.lang.reflect.Method.invoke(Method.java:515)
12-12 20:15:20.153 16063 19039 W Conscrypt: Could not set socket write timeout:
12-12 20:15:20.153 16063 19039 W Conscrypt:    java.lang.reflect.Method.invokeNative(Native Method)
12-12 20:15:20.153 16063 19039 W Conscrypt:    java.lang.reflect.Method.invoke(Method.java:515)
12-12 20:15:20.373 17846 17846 I QueryController: Matched selector: UiSelector[CLASS=android.widget.EditText, INSTANCE=0, PACKAGE NAME=com.example.snoopy] <<==>> [android.view.accessibility.AccessibilityNodeInfo@caa6; boundsInParent: Rect(0, 0 - 338, 45); boundsInScreen: Rect(15, 131 - 353, 176); packageName: com.example.snoopy; className: android.widget.EditText; text: Enter your email. Editing.; contentDescription: null; viewIdResName: com.example.snoopy:id/editTextEmail; checkable: false; checked: false; focusable: true; focused: true; selected: false; clickable: true; longClickable: true; enabled: true; password: false; scrollable: false; [ACTION_CLEAR_FOCUS, ACTION_SELECT, ACTION_CLEAR_SELECTION, ACTION_CLICK, ACTION_LONG_CLICK, ACTION_ACCESSIBILITY_FOCUS, ACTION_PASTE]]
12-12 20:15:20.373   787   900 I InputDispatcher: Delivering touch to: action: 0x4, toolType: 0
12-12 20:15:20.373   787   900 I InputDispatcher: Delivering touch to: action: 0x0, toolType: 0
12-12 20:15:20.443 16331 19082 I dalvikvm: Could not find method java.util.Locale.toLanguageTag, referenced from method jxh.<init>
12-12 20:15:20.443 16331 19082 W dalvikvm: VFY: unable to resolve virtual method 42389: Ljava/util/Locale;.toLanguageTag ()Ljava/lang/String;
12-12 20:15:20.443 16331 19082 D dalvikvm: VFY: replacing opcode 0x6e at 0x002d
12-12 20:15:20.453 16331 19082 I dalvikvm: Could not find method android.content.res.Configuration.getLocales, referenced from method jxh.<init>
12-12 20:15:20.453 16331 19082 W dalvikvm: VFY: unable to resolve virtual method 3729: Landroid/content/res/Configuration;.getLocales ()Landroid/os/LocaleList;
12-12 20:15:20.453 16331 19082 D dalvikvm: VFY: replacing opcode 0x6e at 0x0032
12-12 20:15:20.453 16331 19082 I dalvikvm: Could not find method java.util.Locale.toLanguageTag, referenced from method jxh.<init>
12-12 20:15:20.453 16331 19082 W dalvikvm: VFY: unable to resolve virtual method 42389: Ljava/util/Locale;.toLanguageTag ()Ljava/lang/String;
12-12 20:15:20.453 16331 19082 D dalvikvm: VFY: replacing opcode 0x6e at 0x005e
12-12 20:15:20.463 16331 19082 I SpamListSync: Spam list syncing is disabled.
12-12 20:15:20.473 16063 16066 D dalvikvm: GC_CONCURRENT freed 1973K, 37% free 9016K/14132K, paused 5ms+5ms, total 46ms
12-12 20:15:20.473 16063 19039 D dalvikvm: WAIT_FOR_CONCURRENT_GC blocked 35ms
12-12 20:15:20.473 16063 16812 D dalvikvm: WAIT_FOR_CONCURRENT_GC blocked 34ms
12-12 20:15:20.473 16063 16372 D dalvikvm: WAIT_FOR_CONCURRENT_GC blocked 14ms
12-12 20:15:20.493   787  3211 D LocationManagerService: getLastLocation: Request[POWER_NONE passive fastest=0 num=1]
12-12 20:15:20.503   787  1235 D LocationManagerService: getLastLocation: Request[POWER_NONE passive fastest=0 num=1]
12-12 20:15:20.523   787  8952 D LocationManagerService: getLastLocation: Request[POWER_NONE passive fastest=0 num=1]
12-12 20:15:20.553   787 16023 D LocationManagerService: getLastLocation: Request[POWER_NONE passive fastest=0 num=1]
12-12 20:15:20.573   787  8953 D LocationManagerService: getLastLocation: Request[POWER_NONE passive fastest=0 num=1]
12-12 20:15:20.593   982   982 D STATUSBAR-NetworkController: refreshSignalCluster - setNWBoosterIndicators(false)
12-12 20:15:20.593   982   982 D STATUSBAR-NetworkController: refreshSignalCluster: data=-1 bt=false
12-12 20:15:20.613   787  1155 D LocationManagerService: getLastLocation: Request[POWER_NONE passive fastest=0 num=1]
12-12 20:15:20.613   982   982 D STATUSBAR-IconMerger: checkOverflow(1036), More:false, Req:false Child:3
12-12 20:15:20.653   787  1155 D LocationManagerService: getLastLocation: Request[POWER_NONE passive fastest=0 num=1]
12-12 20:15:20.683   787   797 D LocationManagerService: getLastLocation: Request[POWER_NONE passive fastest=0 num=1]
12-12 20:15:20.713 16063 16066 D dalvikvm: GC_CONCURRENT freed 1651K, 34% free 9413K/14132K, paused 3ms+4ms, total 44ms
12-12 20:15:20.713 16063 19039 D dalvikvm: WAIT_FOR_CONCURRENT_GC blocked 25ms
12-12 20:15:20.723 16063 19085 D dalvikvm: WAIT_FOR_CONCURRENT_GC blocked 26ms
12-12 20:15:20.883   787   900 I InputDispatcher: Delivering touch to: action: 0x1, toolType: 0
12-12 20:15:20.883   787  1221 V VibratorService: hasVibrator - useVibetonz: false
12-12 20:15:20.903   242   242 I SurfaceFlinger: id=29 createSurf (1x1),1 flag=4, QopupWindow
12-12 20:15:20.923   242   242 I SurfaceFlinger: id=30 createSurf (1x1),1 flag=4, QopupWindow
12-12 20:15:20.943   787  1223 D LocationManagerService: getLastLocation: Request[POWER_NONE passive fastest=0 num=1]
12-12 20:15:21.023 16063 16066 D dalvikvm: GC_CONCURRENT freed 1791K, 32% free 9669K/14132K, paused 6ms+9ms, total 64ms
12-12 20:15:21.023 16063 19085 D dalvikvm: WAIT_FOR_CONCURRENT_GC blocked 31ms
12-12 20:15:21.023 16063 19039 D dalvikvm: WAIT_FOR_CONCURRENT_GC blocked 32ms
12-12 20:15:21.023   787  1157 D LocationManagerService: getLastLocation: Request[POWER_NONE passive fastest=0 num=1]
12-12 20:15:21.083   787  3210 D LocationManagerService: getLastLocation: Request[POWER_NONE passive fastest=0 num=1]
12-12 20:15:21.133 16063 19085 W Conscrypt: Could not set socket write timeout:
12-12 20:15:21.133 16063 19085 W Conscrypt:    java.lang.reflect.Method.invokeNative(Native Method)
12-12 20:15:21.133 16063 19085 W Conscrypt:    java.lang.reflect.Method.invoke(Method.java:515)
12-12 20:15:21.153 16063 19039 W Conscrypt: Could not set socket write timeout:
12-12 20:15:21.153 16063 19039 W Conscrypt:    java.lang.reflect.Method.invokeNative(Native Method)
12-12 20:15:21.153 16063 19039 W Conscrypt:    java.lang.reflect.Method.invoke(Method.java:515)
12-12 20:15:21.173 16063 19085 W Conscrypt: Could not set socket write timeout:
12-12 20:15:21.173 16063 19085 W Conscrypt:    java.lang.reflect.Method.invokeNative(Native Method)
12-12 20:15:21.173 16063 19085 W Conscrypt:    java.lang.reflect.Method.invoke(Method.java:515)
12-12 20:15:21.193 16063 19039 W Conscrypt: Could not set socket write timeout:
12-12 20:15:21.193 16063 19039 W Conscrypt:    java.lang.reflect.Method.invokeNative(Native Method)
12-12 20:15:21.193 16063 19039 W Conscrypt:    java.lang.reflect.Method.invoke(Method.java:515)
12-12 20:15:21.343   787  1155 D LocationManagerService: getLastLocation: Request[POWER_NONE passive fastest=0 num=1]
12-12 20:15:21.363   787 16023 D LocationManagerService: getLastLocation: Request[POWER_NONE passive fastest=0 num=1]
12-12 20:15:21.443 19102 19102 I SELinux : Function: selinux_android_load_priority [0], There is no sepolicy file.
12-12 20:15:21.443 19102 19102 I SELinux :  
12-12 20:15:21.443 19102 19102 I SELinux : Function: selinux_android_load_priority [1], There is no sepolicy version file.
12-12 20:15:21.443 19102 19102 I SELinux :  
12-12 20:15:21.443 19102 19102 I SELinux : Function: selinux_android_load_priority , priority version is VE=SEPF_SM-T530NU_4.4.2_0028
12-12 20:15:21.443 19102 19102 I SELinux :  
12-12 20:15:21.443 19102 19102 I SELinux :  
12-12 20:15:21.443 19102 19102 I SELinux : selinux_android_seapp_context_reload: seapp_contexts file is loaded from /seapp_contexts
12-12 20:15:21.453 16063 19107 W NetRec  : [763] ConfigChangedIntentOperation.onHandleIntent: Device does not support scoring, exiting
12-12 20:15:21.523 19102 19102 W dalvikvm: VFY: unable to resolve static field 937 (PR_SET_DUMPABLE) in Landroid/system/OsConstants;
12-12 20:15:21.523 19102 19102 D dalvikvm: VFY: replacing opcode 0x60 at 0x0009
12-12 20:15:21.543 19102 19102 W dalvikvm: VFY: unable to find class referenced in signature (Laqvj;)
12-12 20:15:21.553 19102 19102 W dalvikvm: VFY: unable to find class referenced in signature (Laqvj;)
12-12 20:15:21.553 19102 19102 W dalvikvm: VFY: unable to find class referenced in signature (Laqvj;)
12-12 20:15:21.553 19102 19102 W dalvikvm: VFY: unable to find class referenced in signature (Laqvj;)
12-12 20:15:21.553 19102 19102 I dalvikvm: Could not find method android.content.Context.getSystemService, referenced from method ro.a
12-12 20:15:21.553 19102 19102 W dalvikvm: VFY: unable to resolve virtual method 1684: Landroid/content/Context;.getSystemService (Ljava/lang/Class;)Ljava/lang/Object;
12-12 20:15:21.553 19102 19102 D dalvikvm: VFY: replacing opcode 0x6e at 0x0008
12-12 20:15:21.553 19102 19102 I dalvikvm: Could not find method android.content.Context.createDeviceProtectedStorageContext, referenced from method jkx.a
12-12 20:15:21.553 19102 19102 W dalvikvm: VFY: unable to resolve virtual method 1659: Landroid/content/Context;.createDeviceProtectedStorageContext ()Landroid/content/Context;
12-12 20:15:21.553 19102 19102 D dalvikvm: VFY: replacing opcode 0x6e at 0x0029
12-12 20:15:21.553 19102 19102 I dalvikvm: Could not find method android.content.Context.getSystemService, referenced from method jkx.b
12-12 20:15:21.553 19102 19102 W dalvikvm: VFY: unable to resolve virtual method 1684: Landroid/content/Context;.getSystemService (Ljava/lang/Class;)Ljava/lang/Object;
12-12 20:15:21.553 19102 19102 D dalvikvm: VFY: replacing opcode 0x6e at 0x000b
12-12 20:15:21.563 19102 19102 I dalvikvm: Could not find method android.content.Context.isDeviceProtectedStorage, referenced from method zcx.a
12-12 20:15:21.563 19102 19102 W dalvikvm: VFY: unable to resolve virtual method 1689: Landroid/content/Context;.isDeviceProtectedStorage ()Z
12-12 20:15:21.563 19102 19102 D dalvikvm: VFY: replacing opcode 0x6e at 0x0009
12-12 20:15:21.563 19102 19102 I dalvikvm: Could not find method android.content.Context.isDeviceProtectedStorage, referenced from method zcx.c
12-12 20:15:21.563 19102 19102 W dalvikvm: VFY: unable to resolve virtual method 1689: Landroid/content/Context;.isDeviceProtectedStorage ()Z
12-12 20:15:21.563 19102 19102 D dalvikvm: VFY: replacing opcode 0x6e at 0x005d
12-12 20:15:21.563 19102 19102 I dalvikvm: Could not find method android.os.PowerManager.isInteractive, referenced from method jih.a
12-12 20:15:21.563 19102 19102 W dalvikvm: VFY: unable to resolve virtual method 2258: Landroid/os/PowerManager;.isInteractive ()Z
12-12 20:15:21.563 19102 19102 D dalvikvm: VFY: replacing opcode 0x6e at 0x0012
12-12 20:15:21.573 19102 19102 I dalvikvm: Could not find method android.content.ContextWrapper.createCredentialProtectedStorageContext, referenced from method com.google.android.chimera.ModuleContext.createCredentialProtectedStorageContext
12-12 20:15:21.573 19102 19102 W dalvikvm: VFY: unable to resolve virtual method 1708: Landroid/content/ContextWrapper;.createCredentialProtectedStorageContext ()Landroid/content/Context;
12-12 20:15:21.573 19102 19102 D dalvikvm: VFY: replacing opcode 0x6f at 0x0002
12-12 20:15:21.573 19102 19102 I dalvikvm: Could not find method android.content.ContextWrapper.createDeviceProtectedStorageContext, referenced from method com.google.android.chimera.ModuleContext.createDeviceProtectedStorageContext
12-12 20:15:21.573 19102 19102 W dalvikvm: VFY: unable to resolve virtual method 1709: Landroid/content/ContextWrapper;.createDeviceProtectedStorageContext ()Landroid/content/Context;
12-12 20:15:21.573 19102 19102 D dalvikvm: VFY: replacing opcode 0x6f at 0x0002
12-12 20:15:21.573 17846 17860 D dalvikvm: GC_CONCURRENT freed 848K, 62% free 3568K/9192K, paused 1ms+4ms, total 43ms
12-12 20:15:21.573 19102 19102 I dalvikvm: Could not find method android.content.Context.isCredentialProtectedStorage, referenced from method cqq.a
12-12 20:15:21.573 19102 19102 W dalvikvm: VFY: unable to resolve virtual method 1688: Landroid/content/Context;.isCredentialProtectedStorage ()Z
12-12 20:15:21.573 19102 19102 D dalvikvm: VFY: replacing opcode 0x6e at 0x0000
12-12 20:15:21.573 19102 19102 I dalvikvm: Could not find method android.os.UserManager.isUserUnlocked, referenced from method cqq.a
12-12 20:15:21.573 19102 19102 W dalvikvm: VFY: unable to resolve virtual method 2311: Landroid/os/UserManager;.isUserUnlocked ()Z
12-12 20:15:21.573 19102 19102 D dalvikvm: VFY: replacing opcode 0x6e at 0x001a
12-12 20:15:21.573 19102 19102 I dalvikvm: Could not find method android.content.Context.isDeviceProtectedStorage, referenced from method cqq.b
12-12 20:15:21.573 19102 19102 W dalvikvm: VFY: unable to resolve virtual method 1689: Landroid/content/Context;.isDeviceProtectedStorage ()Z
12-12 20:15:21.573 19102 19102 D dalvikvm: VFY: replacing opcode 0x6e at 0x0000
12-12 20:15:21.573 19102 19102 I dalvikvm: Could not find method android.content.Context.isDeviceProtectedStorage, referenced from method cqq.c
12-12 20:15:21.573 19102 19102 W dalvikvm: VFY: unable to resolve virtual method 1689: Landroid/content/Context;.isDeviceProtectedStorage ()Z
12-12 20:15:21.573 19102 19102 D dalvikvm: VFY: replacing opcode 0x6e at 0x0000
12-12 20:15:21.573 19102 19102 I MultiDex: VM with version 1.6.0 does not have multidex support
12-12 20:15:21.573 19102 19102 I MultiDex: install
12-12 20:15:21.573 19102 19102 I MultiDex: MultiDexExtractor.load(/data/app/com.google.android.gms-1317.apk, false)
12-12 20:15:21.573 16063 19085 I zgp     : Scheduling adaptive one off task with window [14400, 604800] in seconds
12-12 20:15:21.583 19102 19102 I MultiDex: Blocking on lock /data/data/com.google.android.gms/code_cache/secondary-dexes/MultiDex.lock
12-12 20:15:21.583 19102 19102 I MultiDex: /data/data/com.google.android.gms/code_cache/secondary-dexes/MultiDex.lock locked
12-12 20:15:21.583 19102 19102 I MultiDex: loading existing secondary dex files
12-12 20:15:21.593 19102 19102 I MultiDex: load found 4 secondary dex files
12-12 20:15:21.593 19102 19102 I MultiDex: install done
12-12 20:15:21.613 19102 19102 I dalvikvm: Could not find method android.content.Context.isDeviceProtectedStorage, referenced from method kel.d
12-12 20:15:21.613 19102 19102 W dalvikvm: VFY: unable to resolve virtual method 1689: Landroid/content/Context;.isDeviceProtectedStorage ()Z
12-12 20:15:21.613 19102 19102 D dalvikvm: VFY: replacing opcode 0x6e at 0x0006
12-12 20:15:21.613 19102 19102 I dalvikvm: Could not find method android.os.UserHandle.isOwner, referenced from method kel.i
12-12 20:15:21.613 19102 19102 W dalvikvm: VFY: unable to resolve virtual method 2304: Landroid/os/UserHandle;.isOwner ()Z
12-12 20:15:21.613 19102 19102 D dalvikvm: VFY: replacing opcode 0x6e at 0x000a
12-12 20:15:21.623 19102 19102 I dalvikvm: Could not find method android.content.pm.PackageManager.isInstantApp, referenced from method kkc.a
12-12 20:15:21.623 19102 19102 W dalvikvm: VFY: unable to resolve virtual method 1808: Landroid/content/pm/PackageManager;.isInstantApp (Ljava/lang/String;)Z
12-12 20:15:21.623 19102 19102 D dalvikvm: VFY: replacing opcode 0x6e at 0x002d
12-12 20:15:21.623 17846 17846 I AccessibilityNodeInfoDumper: Skipping invisible child: android.view.accessibility.AccessibilityNodeInfo@ff34; boundsInParent: Rect(0, 0 - 0, 64); boundsInScreen: Rect(1272, 25 - 1272, 89); packageName: com.example.snoopy; className: android.support.v7.widget.LinearLayoutCompat; text: null; contentDescription: null; viewIdResName: null; checkable: false; checked: false; focusable: false; focused: false; selected: false; clickable: false; longClickable: false; enabled: true; password: false; scrollable: false; [ACTION_SELECT, ACTION_CLEAR_SELECTION, ACTION_ACCESSIBILITY_FOCUS]
12-12 20:15:21.633 17846 17846 W AccessibilityNodeInfoDumper: Fetch time: 9ms
12-12 20:15:21.633 19102 19102 I dalvikvm: Could not find method android.content.ContextWrapper.createCredentialProtectedStorageContext, referenced from method jwn.createCredentialProtectedStorageContext
12-12 20:15:21.633 19102 19102 W dalvikvm: VFY: unable to resolve virtual method 1708: Landroid/content/ContextWrapper;.createCredentialProtectedStorageContext ()Landroid/content/Context;
12-12 20:15:21.633 19102 19102 D dalvikvm: VFY: replacing opcode 0x6f at 0x0002
12-12 20:15:21.633 19102 19102 I dalvikvm: Could not find method android.content.ContextWrapper.createDeviceProtectedStorageContext, referenced from method jwn.createDeviceProtectedStorageContext
12-12 20:15:21.633 19102 19102 W dalvikvm: VFY: unable to resolve virtual method 1709: Landroid/content/ContextWrapper;.createDeviceProtectedStorageContext ()Landroid/content/Context;
12-12 20:15:21.633 19102 19102 D dalvikvm: VFY: replacing opcode 0x6f at 0x0002
12-12 20:15:21.643 19102 19102 D dalvikvm: DexOpt: couldn't find static field Landroid/os/Build;.SUPPORTED_ABIS
12-12 20:15:21.643 19102 19102 W dalvikvm: VFY: unable to resolve static field 918 (SUPPORTED_ABIS) in Landroid/os/Build;
12-12 20:15:21.643 19102 19102 D dalvikvm: VFY: replacing opcode 0x62 at 0x0008
12-12 20:15:21.643 19102 19102 D dalvikvm: DexOpt: couldn't find static field Landroid/os/Build;.SUPPORTED_ABIS
12-12 20:15:21.643 19102 19102 W dalvikvm: VFY: unable to resolve static field 918 (SUPPORTED_ABIS) in Landroid/os/Build;
12-12 20:15:21.643 19102 19102 D dalvikvm: VFY: replacing opcode 0x62 at 0x0097
12-12 20:15:21.643 19102 19102 D dalvikvm: DexOpt: couldn't find field Landroid/content/pm/ApplicationInfo;.splitSourceDirs
12-12 20:15:21.643 19102 19102 W dalvikvm: VFY: unable to resolve instance field 849
12-12 20:15:21.643 19102 19102 D dalvikvm: VFY: replacing opcode 0x54 at 0x0053
12-12 20:15:21.653 19102 19102 D dalvikvm: DexOpt: couldn't find field Landroid/content/pm/ApplicationInfo;.splitSourceDirs
12-12 20:15:21.653 19102 19102 I dalvikvm: DexOpt: unable to optimize instance field ref 0x0351 at 0x57 in Lkgr;.d
12-12 20:15:21.653 19102 19102 D dalvikvm: Trying to load lib /data/app-lib/com.google.android.gms-1317/libgmscore.so 0x428a5e78
12-12 20:15:21.653 19102 19102 D dalvikvm: Added shared lib /data/app-lib/com.google.android.gms-1317/libgmscore.so 0x428a5e78
12-12 20:15:21.653 19102 19102 D dalvikvm: No JNI_OnLoad found in /data/app-lib/com.google.android.gms-1317/libgmscore.so 0x428a5e78, skipping init
12-12 20:15:21.653 19102 19102 D dalvikvm: Trying to load lib /data/app-lib/com.google.android.gms-1317/libconscrypt_gmscore_jni.so 0x428a5e78
12-12 20:15:21.653 19102 19102 D dalvikvm: Added shared lib /data/app-lib/com.google.android.gms-1317/libconscrypt_gmscore_jni.so 0x428a5e78
12-12 20:15:21.653 19102 19102 V NativeCrypto: Registering com/google/android/gms/org/conscrypt/NativeCrypto's 276 native methods...
12-12 20:15:21.663 19102 19102 E dalvikvm: Could not find class 'javax.net.ssl.SNIServerName', referenced from method com.google.android.gms.org.conscrypt.Platform.getSniHostnameFromParams
12-12 20:15:21.663 19102 19102 W dalvikvm: VFY: unable to resolve check-cast 2222 (Ljavax/net/ssl/SNIServerName;) in Lcom/google/android/gms/org/conscrypt/Platform;
12-12 20:15:21.663 19102 19102 D dalvikvm: VFY: replacing opcode 0x1f at 0x0025
12-12 20:15:21.663 19102 19102 E dalvikvm: Could not find class 'javax.net.ssl.SNIHostName', referenced from method com.google.android.gms.org.conscrypt.Platform.setParametersSniHostname
12-12 20:15:21.663 19102 19102 W dalvikvm: VFY: unable to resolve new-instance 2221 (Ljavax/net/ssl/SNIHostName;) in Lcom/google/android/gms/org/conscrypt/Platform;
12-12 20:15:21.663 19102 19102 D dalvikvm: VFY: replacing opcode 0x22 at 0x0024
12-12 20:15:21.663 19102 19102 E dalvikvm: Could not find class 'javax.net.ssl.SNIHostName', referenced from method com.google.android.gms.org.conscrypt.Platform.setParametersSniHostname
12-12 20:15:21.663 19102 19102 W dalvikvm: VFY: unable to resolve new-instance 2221 (Ljavax/net/ssl/SNIHostName;) in Lcom/google/android/gms/org/conscrypt/Platform;
12-12 20:15:21.663 19102 19102 D dalvikvm: VFY: replacing opcode 0x22 at 0x0024
12-12 20:15:21.673 19102 19102 W dalvikvm: Unable to resolve superclass of Lcom/google/android/gms/org/conscrypt/DelegatingExtendedSSLSession; (2212)
12-12 20:15:21.673 19102 19102 W dalvikvm: Link of class 'Lcom/google/android/gms/org/conscrypt/DelegatingExtendedSSLSession;' failed
12-12 20:15:21.673 19102 19102 E dalvikvm: Could not find class 'com.google.android.gms.org.conscrypt.DelegatingExtendedSSLSession', referenced from method com.google.android.gms.org.conscrypt.Platform.unwrapSSLSession
12-12 20:15:21.673 19102 19102 W dalvikvm: VFY: unable to resolve instanceof 1304 (Lcom/google/android/gms/org/conscrypt/DelegatingExtendedSSLSession;) in Lcom/google/android/gms/org/conscrypt/Platform;
12-12 20:15:21.673 19102 19102 D dalvikvm: VFY: replacing opcode 0x20 at 0x0007
12-12 20:15:21.673 19102 19102 W dalvikvm: Unable to resolve superclass of Lcom/google/android/gms/org/conscrypt/DelegatingExtendedSSLSession; (2212)
12-12 20:15:21.673 19102 19102 W dalvikvm: Link of class 'Lcom/google/android/gms/org/conscrypt/DelegatingExtendedSSLSession;' failed
12-12 20:15:21.673 19102 19102 E dalvikvm: Could not find class 'com.google.android.gms.org.conscrypt.DelegatingExtendedSSLSession', referenced from method com.google.android.gms.org.conscrypt.Platform.wrapSSLSession
12-12 20:15:21.673 19102 19102 W dalvikvm: VFY: unable to resolve new-instance 1304 (Lcom/google/android/gms/org/conscrypt/DelegatingExtendedSSLSession;) in Lcom/google/android/gms/org/conscrypt/Platform;
12-12 20:15:21.673 19102 19102 D dalvikvm: VFY: replacing opcode 0x22 at 0x0007
12-12 20:15:21.673 19102 19102 D dalvikvm: DexOpt: unable to opt direct call 0x3096 at 0x2a in Lcom/google/android/gms/org/conscrypt/Platform;.setParametersSniHostname
12-12 20:15:21.673 19102 19102 D dalvikvm: DexOpt: unable to opt direct call 0x3096 at 0x2a in Lcom/google/android/gms/org/conscrypt/Platform;.setParametersSniHostname
12-12 20:15:21.683 19102 19102 W dalvikvm: Unable to resolve superclass of Lcom/google/android/gms/org/conscrypt/DelegatingExtendedSSLSession; (2212)
12-12 20:15:21.683 19102 19102 W dalvikvm: Link of class 'Lcom/google/android/gms/org/conscrypt/DelegatingExtendedSSLSession;' failed
12-12 20:15:21.683 19102 19102 D dalvikvm: DexOpt: unable to opt direct call 0x1b67 at 0x09 in Lcom/google/android/gms/org/conscrypt/Platform;.wrapSSLSession
12-12 20:15:21.763 19102 19102 D dalvikvm: Trying to load lib /data/app-lib/com.google.android.gms-1317/libgmscore.so 0x428a5e78
12-12 20:15:21.763 19102 19102 D dalvikvm: Shared lib '/data/app-lib/com.google.android.gms-1317/libgmscore.so' already loaded in same CL 0x428a5e78
12-12 20:15:21.763 19102 19102 D dalvikvm: Trying to load lib /data/app-lib/com.google.android.gms-1317/libconscrypt_gmscore_jni.so 0x428a5e78
12-12 20:15:21.763 19102 19102 D dalvikvm: Shared lib '/data/app-lib/com.google.android.gms-1317/libconscrypt_gmscore_jni.so' already loaded in same CL 0x428a5e78
12-12 20:15:21.833 19102 19102 I ProviderInstaller: Installed default security provider GmsCore_OpenSSL
12-12 20:15:21.833 19102 19102 I dalvikvm: Could not find method android.app.AppOpsManager.permissionToOp, referenced from method pq.a
12-12 20:15:21.833 19102 19102 W dalvikvm: VFY: unable to resolve static method 1450: Landroid/app/AppOpsManager;.permissionToOp (Ljava/lang/String;)Ljava/lang/String;
12-12 20:15:21.833 19102 19102 D dalvikvm: VFY: replacing opcode 0x71 at 0x000f
12-12 20:15:21.833 19102 19102 I dalvikvm: Could not find method android.content.Context.getSystemService, referenced from method pq.a
12-12 20:15:21.833 19102 19102 W dalvikvm: VFY: unable to resolve virtual method 1684: Landroid/content/Context;.getSystemService (Ljava/lang/Class;)Ljava/lang/Object;
12-12 20:15:21.833 19102 19102 D dalvikvm: VFY: replacing opcode 0x6e at 0x0030
12-12 20:15:21.883 19102 19102 I dalvikvm: Could not find method android.content.ContextWrapper.createCredentialProtectedStorageContext, referenced from method jia.createCredentialProtectedStorageContext
12-12 20:15:21.883 19102 19102 W dalvikvm: VFY: unable to resolve virtual method 1708: Landroid/content/ContextWrapper;.createCredentialProtectedStorageContext ()Landroid/content/Context;
12-12 20:15:21.883 19102 19102 D dalvikvm: VFY: replacing opcode 0x6f at 0x0002
12-12 20:15:21.883 19102 19102 I dalvikvm: Could not find method android.content.ContextWrapper.createDeviceProtectedStorageContext, referenced from method jia.createDeviceProtectedStorageContext
12-12 20:15:21.883 19102 19102 W dalvikvm: VFY: unable to resolve virtual method 1709: Landroid/content/ContextWrapper;.createDeviceProtectedStorageContext ()Landroid/content/Context;
12-12 20:15:21.883 19102 19102 D dalvikvm: VFY: replacing opcode 0x6f at 0x0002
12-12 20:15:22.603   982   982 D STATUSBAR-NetworkController: refreshSignalCluster - setNWBoosterIndicators(false)
12-12 20:15:22.603   982   982 D STATUSBAR-NetworkController: refreshSignalCluster: data=-1 bt=false
12-12 20:15:22.633   982   982 D STATUSBAR-IconMerger: checkOverflow(1036), More:false, Req:false Child:3
12-12 20:15:22.993   787   992 D lights  : button : 1 +
12-12 20:15:22.993   787   992 D lights  : button : 1 -
12-12 20:15:22.993   787   900 I InputDispatcher: Delivering key to: action: 0x0 (0)
12-12 20:15:23.003   787   900 I InputDispatcher: Delivering key to: action: 0x1 (0)
12-12 20:15:23.003   787   900 I InputDispatcher: Delivering key to: action: 0x0 (0)
12-12 20:15:23.033   787   900 I InputDispatcher: Delivering key to: action: 0x1 (0)
12-12 20:15:23.053   787   900 I InputDispatcher: Delivering key to: action: 0x0 (0)
12-12 20:15:23.083   787   900 I InputDispatcher: Delivering key to: action: 0x1 (0)
12-12 20:15:23.183   242  1243 I SurfaceFlinger: id=30 Removed QopupWindow (9/11)
12-12 20:15:23.183   242   480 I SurfaceFlinger: id=30 Removed QopupWindow (-2/11)
12-12 20:15:23.203   242   482 I SurfaceFlinger: id=29 Removed QopupWindow (8/10)
12-12 20:15:23.203   242  1295 I SurfaceFlinger: id=29 Removed QopupWindow (-2/10)
12-12 20:15:23.253   787   900 I InputDispatcher: Delivering key to: action: 0x0 (0)
12-12 20:15:23.263   787   900 I InputDispatcher: Delivering key to: action: 0x1 (0)
12-12 20:15:23.743   787  8953 D BatteryService: level:100, scale:100, status:3, health:2, present:true, voltage: 4355, temperature: 260, technology: Li-ion, AC powered:false, USB powered:true, Wireless powered:false, icon:17303545, invalid charger:0, online:4, current avg:16, charge type:2, power sharing:false
12-12 20:15:23.743   982   982 D KeyguardUpdateMonitor: received broadcast android.intent.action.BATTERY_CHANGED
12-12 20:15:23.743   982   982 D KeyguardUpdateMonitor: handleBatteryUpdate
12-12 20:15:23.743   787   787 D BatteryService: Sending ACTION_BATTERY_CHANGED.
12-12 20:15:23.753  1775  1864 D HeadsetStateMachine: Disconnected process message: 10
12-12 20:15:23.753  1813  1813 D DeviceManagerBroadcastReceiver: Updated Battery Level: 100
12-12 20:15:23.753  1813  1813 D DeviceManagerBroadcastReceiver: Action: android.intent.action.BATTERY_CHANGED
12-12 20:15:23.753  1813  1813 D DeviceManagerBroadcastReceiver: Set Alarm: false
12-12 20:15:23.753   982   982 D STATUSBAR-PhoneStatusBar:  mBrightnessEnablebySettings = true mBrightnessEnablebyBattery = true mBrightnessEnablebyDisableFlag = true mPmsBrightnessEnablebySettings = true
12-12 20:15:23.753   982   982 D BatteryMeterView: ACTION_BATTERY_CHANGED : level:100 status:3 health:2
12-12 20:15:23.753   982   982 D STATUSBAR-IconMerger: checkOverflow(1036), More:false, Req:false Child:3
12-12 20:15:24.503   787   992 D lights  : button : 0 +
12-12 20:15:24.503   787   992 D lights  : button : 0 -
12-12 20:15:24.553 16063 16063 I WearableService: Wearable Services stopping
12-12 20:15:24.793 17846 17846 I QueryController: Matched selector: UiSelector[CLASS=android.widget.EditText, INSTANCE=1, PACKAGE NAME=com.example.snoopy, COUNT=1] <<==>> [android.view.accessibility.AccessibilityNodeInfo@ce67; boundsInParent: Rect(0, 0 - 338, 45); boundsInScreen: Rect(15, 206 - 353, 251); packageName: com.example.snoopy; className: android.widget.EditText; text: Enter password.. Double tap to edit.; contentDescription: null; viewIdResName: com.example.snoopy:id/editTextPassword; checkable: false; checked: false; focusable: true; focused: false; selected: false; clickable: true; longClickable: true; enabled: true; password: false; scrollable: false; [ACTION_FOCUS, ACTION_SELECT, ACTION_CLEAR_SELECTION, ACTION_CLICK, ACTION_LONG_CLICK, ACTION_ACCESSIBILITY_FOCUS]]
12-12 20:15:24.843 17846 17846 I QueryController: Matched selector: UiSelector[CLASS=android.widget.EditText, INSTANCE=1, PACKAGE NAME=com.example.snoopy, COUNT=1] <<==>> [android.view.accessibility.AccessibilityNodeInfo@ce67; boundsInParent: Rect(0, 0 - 338, 45); boundsInScreen: Rect(15, 206 - 353, 251); packageName: com.example.snoopy; className: android.widget.EditText; text: Enter password.. Double tap to edit.; contentDescription: null; viewIdResName: com.example.snoopy:id/editTextPassword; checkable: false; checked: false; focusable: true; focused: false; selected: false; clickable: true; longClickable: true; enabled: true; password: false; scrollable: false; [ACTION_FOCUS, ACTION_SELECT, ACTION_CLEAR_SELECTION, ACTION_CLICK, ACTION_LONG_CLICK, ACTION_ACCESSIBILITY_FOCUS]]
12-12 20:15:24.913 17846 17846 D dalvikvm: GC_FOR_ALLOC freed 1372K, 62% free 3495K/9192K, paused 51ms, total 51ms
12-12 20:15:25.443   787  1770 D SSRMv2:SIOP: SIOP:: AP = 310, Delta = 0
12-12 20:15:25.993 17846 17846 I QueryController: Matched selector: UiSelector[CLASS=android.widget.EditText, INSTANCE=1, PACKAGE NAME=com.example.snoopy, COUNT=1] <<==>> [android.view.accessibility.AccessibilityNodeInfo@ce67; boundsInParent: Rect(0, 0 - 338, 45); boundsInScreen: Rect(15, 206 - 353, 251); packageName: com.example.snoopy; className: android.widget.EditText; text: Enter password.. Double tap to edit.; contentDescription: null; viewIdResName: com.example.snoopy:id/editTextPassword; checkable: false; checked: false; focusable: true; focused: false; selected: false; clickable: true; longClickable: true; enabled: true; password: false; scrollable: false; [ACTION_FOCUS, ACTION_SELECT, ACTION_CLEAR_SELECTION, ACTION_CLICK, ACTION_LONG_CLICK, ACTION_ACCESSIBILITY_FOCUS]]
12-12 20:15:25.993   787   900 I InputDispatcher: Delivering touch to: action: 0x4, toolType: 0
12-12 20:15:25.993   787   900 I InputDispatcher: Delivering touch to: action: 0x0, toolType: 0
12-12 20:15:26.503   787   900 I InputDispatcher: Delivering touch to: action: 0x1, toolType: 0
12-12 20:15:26.523   787  3210 V VibratorService: hasVibrator - useVibetonz: false
12-12 20:15:26.633   242   242 I SurfaceFlinger: id=31 createSurf (1x1),1 flag=4, QopupWindow
12-12 20:15:26.683   242   242 I SurfaceFlinger: id=32 createSurf (1x1),1 flag=4, QopupWindow
12-12 20:15:26.943 18145 18149 D dalvikvm: GC_CONCURRENT freed 7178K, 60% free 5763K/14132K, paused 2ms+4ms, total 27ms
12-12 20:15:27.273 17846 17860 D dalvikvm: GC_CONCURRENT freed 938K, 56% free 4516K/10192K, paused 2ms+6ms, total 25ms
12-12 20:15:27.363 17846 17846 I AccessibilityNodeInfoDumper: Skipping invisible child: android.view.accessibility.AccessibilityNodeInfo@ff34; boundsInParent: Rect(0, 0 - 0, 64); boundsInScreen: Rect(1272, 25 - 1272, 89); packageName: com.example.snoopy; className: android.support.v7.widget.LinearLayoutCompat; text: null; contentDescription: null; viewIdResName: null; checkable: false; checked: false; focusable: false; focused: false; selected: false; clickable: false; longClickable: false; enabled: true; password: false; scrollable: false; [ACTION_SELECT, ACTION_CLEAR_SELECTION, ACTION_ACCESSIBILITY_FOCUS]
12-12 20:15:27.373 17846 17846 W AccessibilityNodeInfoDumper: Fetch time: 13ms
12-12 20:15:28.843   787 16023 D dalvikvm: GC_EXPLICIT freed 3793K, 47% free 22960K/42952K, paused 13ms+13ms, total 263ms
12-12 20:15:28.843   787   992 D lights  : button : 1 +
12-12 20:15:28.843   787   992 D lights  : button : 1 -
12-12 20:15:28.843   787   900 I InputDispatcher: Delivering key to: action: 0x0 (0)
12-12 20:15:28.853   787   900 I InputDispatcher: Delivering key to: action: 0x1 (0)
12-12 20:15:28.853   787   900 I InputDispatcher: Delivering key to: action: 0x0 (0)
12-12 20:15:28.873   787   900 I InputDispatcher: Delivering key to: action: 0x1 (0)
12-12 20:15:28.883   787   900 I InputDispatcher: Delivering key to: action: 0x0 (0)
12-12 20:15:28.903   787   900 I InputDispatcher: Delivering key to: action: 0x1 (0)
12-12 20:15:28.913   787  1157 I ActivityManager: Killing 17504:com.google.android.configupdater/u0a2 (adj 15): empty #31
12-12 20:15:28.923   787   900 I InputDispatcher: Delivering key to: action: 0x0 (0)
12-12 20:15:28.943   787   900 I InputDispatcher: Delivering key to: action: 0x1 (0)
12-12 20:15:29.043   242  1295 I SurfaceFlinger: id=31 Removed QopupWindow (8/11)
12-12 20:15:29.043   242 18165 I SurfaceFlinger: id=32 Removed QopupWindow (8/10)
12-12 20:15:29.043   242 18165 I SurfaceFlinger: id=31 Removed QopupWindow (-2/10)
12-12 20:15:29.043   242  1243 I SurfaceFlinger: id=32 Removed QopupWindow (-2/10)
12-12 20:15:29.653   982   982 D STATUSBAR-NetworkController: refreshSignalCluster - setNWBoosterIndicators(false)
12-12 20:15:29.653   982   982 D STATUSBAR-NetworkController: refreshSignalCluster: data=-1 bt=false
12-12 20:15:29.673   982   982 D STATUSBAR-IconMerger: checkOverflow(1036), More:false, Req:false Child:3
12-12 20:15:30.343   787   992 D lights  : button : 0 +
12-12 20:15:30.343   787   992 D lights  : button : 0 -
12-12 20:15:30.503 17846 17846 I QueryController: Matched selector: UiSelector[CLASS=android.widget.TextView, INSTANCE=2, PACKAGE NAME=com.example.snoopy, COUNT=2] <<==>> [android.view.accessibility.AccessibilityNodeInfo@dd6b; boundsInParent: Rect(0, 0 - 368, 19); boundsInScreen: Rect(0, 344 - 368, 363); packageName: com.example.snoopy; className: android.widget.TextView; text: CREATE ACCOUNT; contentDescription: null; viewIdResName: com.example.snoopy:id/textViewSignup; checkable: false; checked: false; focusable: false; focused: false; selected: false; clickable: true; longClickable: false; enabled: true; password: false; scrollable: false; [ACTION_SELECT, ACTION_CLEAR_SELECTION, ACTION_CLICK, ACTION_ACCESSIBILITY_FOCUS, ACTION_NEXT_AT_MOVEMENT_GRANULARITY, ACTION_PREVIOUS_AT_MOVEMENT_GRANULARITY, ACTION_SET_SELECTION]]
12-12 20:15:30.523 17846 17846 I QueryController: Matched selector: UiSelector[CLASS=android.widget.TextView, INSTANCE=2, PACKAGE NAME=com.example.snoopy, COUNT=2] <<==>> [android.view.accessibility.AccessibilityNodeInfo@dd6b; boundsInParent: Rect(0, 0 - 368, 19); boundsInScreen: Rect(0, 344 - 368, 363); packageName: com.example.snoopy; className: android.widget.TextView; text: CREATE ACCOUNT; contentDescription: null; viewIdResName: com.example.snoopy:id/textViewSignup; checkable: false; checked: false; focusable: false; focused: false; selected: false; clickable: true; longClickable: false; enabled: true; password: false; scrollable: false; [ACTION_SELECT, ACTION_CLEAR_SELECTION, ACTION_CLICK, ACTION_ACCESSIBILITY_FOCUS, ACTION_NEXT_AT_MOVEMENT_GRANULARITY, ACTION_PREVIOUS_AT_MOVEMENT_GRANULARITY, ACTION_SET_SELECTION]]
12-12 20:15:30.563 17846 17846 D dalvikvm: GC_FOR_ALLOC freed 1286K, 57% free 4457K/10192K, paused 14ms, total 17ms
12-12 20:15:30.643   982   982 D STATUSBAR-NetworkController: refreshSignalCluster - setNWBoosterIndicators(false)
12-12 20:15:30.643   982   982 D STATUSBAR-NetworkController: refreshSignalCluster: data=-1 bt=false
12-12 20:15:30.663   982   982 D STATUSBAR-IconMerger: checkOverflow(1036), More:false, Req:false Child:3
12-12 20:15:31.643 17846 17846 I QueryController: Matched selector: UiSelector[CLASS=android.widget.TextView, INSTANCE=2, PACKAGE NAME=com.example.snoopy, COUNT=2] <<==>> [android.view.accessibility.AccessibilityNodeInfo@dd6b; boundsInParent: Rect(0, 0 - 368, 19); boundsInScreen: Rect(0, 344 - 368, 363); packageName: com.example.snoopy; className: android.widget.TextView; text: CREATE ACCOUNT; contentDescription: null; viewIdResName: com.example.snoopy:id/textViewSignup; checkable: false; checked: false; focusable: false; focused: false; selected: false; clickable: true; longClickable: false; enabled: true; password: false; scrollable: false; [ACTION_SELECT, ACTION_CLEAR_SELECTION, ACTION_CLICK, ACTION_ACCESSIBILITY_FOCUS, ACTION_NEXT_AT_MOVEMENT_GRANULARITY, ACTION_PREVIOUS_AT_MOVEMENT_GRANULARITY, ACTION_SET_SELECTION]]
12-12 20:15:31.653 17846 17846 D InteractionController: clickAndSync(184, 353)
12-12 20:15:31.653   787   900 I InputDispatcher: Delivering touch to: action: 0x4, toolType: 0
12-12 20:15:31.653   787   900 I InputDispatcher: Delivering touch to: action: 0x0, toolType: 0
12-12 20:15:31.763   787   900 I InputDispatcher: Delivering touch to: action: 0x1, toolType: 0
12-12 20:15:31.833   787  1221 D CustomFrequencyManagerService: acquireDVFSLockLocked : type : DVFS_MIN_LIMIT  frequency : 1190400  uid : 1000  pid : 787  pkgName : ACTIVITY_RESUME_BOOSTER@5
12-12 20:15:31.843   787  1221 W ActivityManager: mDVFSHelper.acquire()
12-12 20:15:31.853   787  1221 W ActivityManager: startActivity called from finishing ActivityRecord{430d1f20 u0 com.example.snoopy/.LoginActivity t4 f}; forcing Intent.FLAG_ACTIVITY_NEW_TASK for: Intent { cmp=com.example.snoopy/.MainActivity }
12-12 20:15:31.853   787   866 D PointerIcon: setMouseIconStyle1 pointerType: 1001iconType:101 flag:0
12-12 20:15:31.853   787   866 D PointerIcon: setMouseCustomIcon IconType is same.101
12-12 20:15:31.883   787  1223 W ActivityManager: Permission Denial: getCurrentUser() from pid=18145, uid=11774 requires android.permission.INTERACT_ACROSS_USERS
12-12 20:15:31.883   982   982 D PhoneStatusBar: setTransGradationMode=false, mTransparentMode=false, mSemiTransparentMode=false, mMultiWindowMode=false
12-12 20:15:31.883   787   798 D StatusBarManagerService: tr p:18145,o:f
12-12 20:15:31.923   982   982 D PhoneStatusBar: setSemiTransparentMode=false, mTransparentMode=false, mSemiTransparentMode=false, mMultiWindowMode=false
12-12 20:15:31.923   787   797 D StatusBarManagerService: semi p:18145,o:f
12-12 20:15:31.953   242   242 I SurfaceFlinger: id=33 createSurf (1x1),1 flag=404, NainActivit
12-12 20:15:31.953   787  8953 I SpenGestureManager: setFocusWindow21020
12-12 20:15:31.953   787   879 D STATUSBAR-StatusBarManagerService: manageDisableList what=0x0 pkg=WindowManager.LayoutParams
12-12 20:15:31.973   787   866 D PointerIcon: setMouseIconStyle1 pointerType: 1001iconType:101 flag:0
12-12 20:15:31.973   787   866 D PointerIcon: setMouseCustomIcon IconType is same.101
12-12 20:15:31.993   787  1048 W LicenseLogService: log() failed
12-12 20:15:32.003  1297  1297 D SamsungIME: onStartInputView
12-12 20:15:32.063  1297  1297 D SamsungIME: [AbstractKeyboardView] onDetachedFromWindow.
12-12 20:15:32.063  1297  1297 D SamsungIME: Magnification Enabled = false
12-12 20:15:32.063  1297  1297 D SamsungIME: [AbstractKeyboardView] onDetachedFromWindow.
12-12 20:15:32.063  1297  1297 D SamsungIME: Magnification Enabled = false
12-12 20:15:32.063  1297  1297 D SamsungIME: Dismiss ExpandCandiate
12-12 20:15:32.063  1297  1297 W ContextImpl: Calling a method in the system process without a qualified user: android.app.ContextImpl.sendBroadcast:1509 android.content.ContextWrapper.sendBroadcast:377 com.diotek.ime.framework.common.InputManagerImpl.sendInputLanguage:9353 com.diotek.ime.framework.common.InputManagerImpl.initDefaultLanguage:4901 com.diotek.ime.framework.common.InputManagerImpl.initSelectedLanguage:5143 
12-12 20:15:32.073  1297  1297 D SamsungIME: Dismiss ExpandCandiate
12-12 20:15:32.073  1297  1297 D SamsungIME: Dismiss ExpandCandiate
12-12 20:15:32.073  1297  1297 W ContextImpl: Calling a method in the system process without a qualified user: android.app.ContextImpl.sendBroadcast:1509 android.content.ContextWrapper.sendBroadcast:377 com.diotek.ime.framework.common.InputManagerImpl.sendInputLanguage:9353 com.diotek.ime.framework.common.InputManagerImpl.setLanguage:5477 com.diotek.ime.framework.common.InputManagerImpl.startInputViewContinue:3348 
12-12 20:15:32.083  1297  1297 I SamsungIME: getCurrentKeyboard
12-12 20:15:32.083  1297  1297 I SamsungIME: getTextKeyboard
12-12 20:15:32.103  1297  1297 D SamsungIME: [SwiftkeyWrapper] currentLangauge : 1701729619
12-12 20:15:32.103  1297  1297 D SamsungIME: Dismiss ExpandCandiate
12-12 20:15:32.103  1297  1297 I SamsungIME: [IMI] startInputView - caller pid : 18145, caller uid : 11774
12-12 20:15:32.113  1297  1297 D SamsungIME: onWindowShown
12-12 20:15:32.123  1297  1297 W ContextImpl: Calling a method in the system process without a qualified user: android.app.ContextImpl.sendBroadcast:1509 android.content.ContextWrapper.sendBroadcast:377 android.inputmethodservice.InputMethodService.sendInputViewShownState:539 android.inputmethodservice.InputMethodService.showWindow:2161 android.inputmethodservice.InputMethodService$InputMethodImpl.showSoftInput:716 
12-12 20:15:32.123   787  1770 D SSRMv2:TSP:AirViewOnOff: DeviceInfo:: 00000000000
12-12 20:15:32.123   787  1770 D SSRMv2:TSP:AirViewOnOff: SettingsAirViewInfo:: 000000000
12-12 20:15:32.163   787   787 W ContextImpl: Calling a method in the system process without a qualified user: android.app.ContextImpl.sendBroadcast:1523 com.android.server.StatusBarManagerService.sendNotification:981 com.android.server.StatusBarManagerService.addNotification:670 com.android.server.NotificationManagerService$7.run:2142 android.os.Handler.handleCallback:733 
12-12 20:15:32.173   787   787 D STATUSBAR-StatusBarManagerService: sendNotification(1) - 17041255
12-12 20:15:32.183   242   242 I SurfaceFlinger: id=34 createSurf (1280x503),1 flag=4, JnputMethod
12-12 20:15:32.183   982   982 D ProgressBar: setProgressDrawable drawableHeight = 7
12-12 20:15:32.183   982   982 D PhoneStatusBar: tick(): knoxCustomManager = android.app.enterprise.knoxcustom.KnoxCustomManager@425e6460
12-12 20:15:32.193 15499 15499 D com.samsung.app: [AccuTab_Magagine]>>> WC:42 [0:0] action : comandroidserverNotificationManagerServiceNotificationArrived
12-12 20:15:32.193 15499 15499 D com.samsung.app: [AccuTab_Magagine]>>> WC:55 [0:0] settings CT : androidappReceiverRestrictedContext@428c1fd0
12-12 20:15:32.193 15499 15499 D com.samsung.app: [AccuTab_Magagine]>>> UIM:146 [0:0] setContext
12-12 20:15:32.203   982   982 D STATUSBAR-IconMerger: checkOverflow(1036), More:false, Req:false Child:4
12-12 20:15:32.213 15499 15499 D com.samsung.app: [AccuTab_Magagine]>>> UIM:227 [0:0] The widget does not exist in idle!!
12-12 20:15:32.243  1297  1297 D dalvikvm: GC_FOR_ALLOC freed 2345K, 49% free 7313K/14132K, paused 41ms, total 41ms
12-12 20:15:32.243  1297  1297 I SamsungIME: drawAllKey
12-12 20:15:32.363   787   866 D CustomFrequencyManagerService: releaseDVFSLockLocked : Getting Lock type frm List : DVFS_MIN_LIMIT  frequency : 1190400  uid : 1000  pid : 787  tag : ACTIVITY_RESUME_BOOSTER@5
12-12 20:15:32.373   242   482 I SurfaceFlinger: id=27 Removed MoginActivi (6/11)
12-12 20:15:32.373   242   480 I SurfaceFlinger: id=27 Removed MoginActivi (-2/11)
12-12 20:15:32.373   787   866 W ActivityManager: mDVFSHelper.release()
12-12 20:15:32.383   787   875 D CustomFrequencyManagerService: acquireDVFSLockLocked : type : DVFS_MIN_LIMIT  frequency : 1190400  uid : 1000  pid : 787  pkgName : ACTIVITY_RESUME_BOOSTER@8
12-12 20:15:32.413  1297  1301 D dalvikvm: GC_CONCURRENT freed 105K, 35% free 9193K/14132K, paused 3ms+4ms, total 79ms
12-12 20:15:33.383   787   787 D CustomFrequencyManagerService: releaseDVFSLockLocked : Getting Lock type frm List : DVFS_MIN_LIMIT  frequency : 1190400  uid : 1000  pid : 787  tag : ACTIVITY_RESUME_BOOSTER@8
12-12 20:15:33.803   787  3211 D BatteryService: level:100, scale:100, status:3, health:2, present:true, voltage: 4353, temperature: 260, technology: Li-ion, AC powered:false, USB powered:true, Wireless powered:false, icon:17303545, invalid charger:0, online:4, current avg:20, charge type:2, power sharing:false
12-12 20:15:33.803   787   787 D BatteryService: Sending ACTION_BATTERY_CHANGED.
12-12 20:15:33.813   982   982 D KeyguardUpdateMonitor: received broadcast android.intent.action.BATTERY_CHANGED
12-12 20:15:33.813   982   982 D KeyguardUpdateMonitor: handleBatteryUpdate
12-12 20:15:33.823  1775  1864 D HeadsetStateMachine: Disconnected process message: 10
12-12 20:15:33.823  1813  1813 D DeviceManagerBroadcastReceiver: Updated Battery Level: 100
12-12 20:15:33.823  1813  1813 D DeviceManagerBroadcastReceiver: Action: android.intent.action.BATTERY_CHANGED
12-12 20:15:33.823  1813  1813 D DeviceManagerBroadcastReceiver: Set Alarm: false
12-12 20:15:33.823   982   982 D STATUSBAR-PhoneStatusBar:  mBrightnessEnablebySettings = true mBrightnessEnablebyBattery = true mBrightnessEnablebyDisableFlag = true mPmsBrightnessEnablebySettings = true
12-12 20:15:33.833 17846 17860 D dalvikvm: GC_CONCURRENT freed 974K, 52% free 5436K/11192K, paused 3ms+7ms, total 31ms
12-12 20:15:33.843   982   982 D STATUSBAR-IconMerger: checkOverflow(1036), More:false, Req:false Child:4
12-12 20:15:33.843   982   982 D BatteryMeterView: ACTION_BATTERY_CHANGED : level:100 status:3 health:2
12-12 20:15:33.913   787   875 W ProcessCpuTracker: Skipping unknown process pid 19382
12-12 20:15:34.143 17846 17860 D dalvikvm: GC_CONCURRENT freed 713K, 45% free 6711K/12196K, paused 2ms+4ms, total 19ms
