12-12 12:15:53.128 17502 17522 W dalvikvm: Link of class 'Lcom/google/android/gms/org/conscrypt/DelegatingExtendedSSLSession;' failed
12-12 12:15:53.128 17502 17522 E dalvikvm: Could not find class 'com.google.android.gms.org.conscrypt.DelegatingExtendedSSLSession', referenced from method com.google.android.gms.org.conscrypt.Platform.wrapSSLSession
12-12 12:15:53.128 17502 17522 W dalvikvm: VFY: unable to resolve new-instance 1304 (Lcom/google/android/gms/org/conscrypt/DelegatingExtendedSSLSession;) in Lcom/google/android/gms/org/conscrypt/Platform;
12-12 12:15:53.128 17502 17522 D dalvikvm: VFY: replacing opcode 0x22 at 0x0007
12-12 12:15:53.138 17312 17322 I Adreno-EGL: <qeglDrvAPI_eglInitialize:410>: EGL 1.4 QUALCOMM build:  ()
12-12 12:15:53.138 17312 17322 I Adreno-EGL: OpenGL ES Shader Compiler Version: E031.24.00.08
12-12 12:15:53.138 17312 17322 I Adreno-EGL: Build Date: 03/21/14 Fri
12-12 12:15:53.138 17312 17322 I Adreno-EGL: Local Branch: AU200-20140313-all-patches-KK8x26-664328
12-12 12:15:53.138 17312 17322 I Adreno-EGL: Remote Branch: 
12-12 12:15:53.138 17312 17322 I Adreno-EGL: Local Patches: 
12-12 12:15:53.138 17312 17322 I Adreno-EGL: Reconstruct Branch: 
12-12 12:15:53.158 17502 17522 D dalvikvm: DexOpt: unable to opt direct call 0x3096 at 0x2a in Lcom/google/android/gms/org/conscrypt/Platform;.setParametersSniHostname
12-12 12:15:53.168 17502 17522 D dalvikvm: DexOpt: unable to opt direct call 0x3096 at 0x2a in Lcom/google/android/gms/org/conscrypt/Platform;.setParametersSniHostname
12-12 12:15:53.188 17502 17522 W dalvikvm: Unable to resolve superclass of Lcom/google/android/gms/org/conscrypt/DelegatingExtendedSSLSession; (2212)
12-12 12:15:53.208 17502 17522 W dalvikvm: Link of class 'Lcom/google/android/gms/org/conscrypt/DelegatingExtendedSSLSession;' failed
12-12 12:15:53.208 17502 17522 D dalvikvm: DexOpt: unable to opt direct call 0x1b67 at 0x09 in Lcom/google/android/gms/org/conscrypt/Platform;.wrapSSLSession
12-12 12:15:53.248 17502 17502 W dalvikvm: Unable to resolve superclass of Lwj; (5906)
12-12 12:15:53.248 17502 17502 W dalvikvm: Link of class 'Lwj;' failed
12-12 12:15:53.248 17502 17502 W dalvikvm: Unable to resolve superclass of Lwl; (12828)
12-12 12:15:53.248 17502 17502 W dalvikvm: Link of class 'Lwl;' failed
12-12 12:15:53.248 17502 17502 W dalvikvm: Unable to resolve superclass of Lwn; (12843)
12-12 12:15:53.248 17502 17502 W dalvikvm: Link of class 'Lwn;' failed
12-12 12:15:53.248 17502 17502 E dalvikvm: Could not find class 'wn', referenced from method vk.<init>
12-12 12:15:53.248 17502 17502 W dalvikvm: VFY: unable to resolve new-instance 12855 (Lwn;) in Lvk;
12-12 12:15:53.248 17502 17502 D dalvikvm: VFY: replacing opcode 0x22 at 0x0011
12-12 12:15:53.248 17502 17502 W dalvikvm: Unable to resolve superclass of Lwj; (5906)
12-12 12:15:53.248 17502 17502 W dalvikvm: Link of class 'Lwj;' failed
12-12 12:15:53.248 17502 17502 W dalvikvm: Unable to resolve superclass of Lwl; (12828)
12-12 12:15:53.248 17502 17502 W dalvikvm: Link of class 'Lwl;' failed
12-12 12:15:53.248 17502 17502 E dalvikvm: Could not find class 'wl', referenced from method vk.<init>
12-12 12:15:53.248 17502 17502 W dalvikvm: VFY: unable to resolve new-instance 12843 (Lwl;) in Lvk;
12-12 12:15:53.248 17502 17502 D dalvikvm: VFY: replacing opcode 0x22 at 0x0024
12-12 12:15:53.248 17502 17502 W dalvikvm: Unable to resolve superclass of Lwj; (5906)
12-12 12:15:53.248 17502 17502 W dalvikvm: Link of class 'Lwj;' failed
12-12 12:15:53.248 17502 17502 E dalvikvm: Could not find class 'wj', referenced from method vk.<init>
12-12 12:15:53.248 17502 17502 W dalvikvm: VFY: unable to resolve new-instance 12828 (Lwj;) in Lvk;
12-12 12:15:53.248 17502 17502 D dalvikvm: VFY: replacing opcode 0x22 at 0x0037
12-12 12:15:53.258 17502 17502 W dalvikvm: Unable to resolve superclass of Lwj; (5906)
12-12 12:15:53.258 17502 17502 W dalvikvm: Link of class 'Lwj;' failed
12-12 12:15:53.258 17502 17502 W dalvikvm: Unable to resolve superclass of Lwl; (12828)
12-12 12:15:53.258 17502 17502 W dalvikvm: Link of class 'Lwl;' failed
12-12 12:15:53.258 17502 17502 W dalvikvm: Unable to resolve superclass of Lwn; (12843)
12-12 12:15:53.258 17502 17502 W dalvikvm: Link of class 'Lwn;' failed
12-12 12:15:53.258 17502 17502 D dalvikvm: DexOpt: unable to opt direct call 0xeae0 at 0x13 in Lvk;.<init>
12-12 12:15:53.258 17502 17502 W dalvikvm: Unable to resolve superclass of Lwj; (5906)
12-12 12:15:53.258 17502 17502 W dalvikvm: Link of class 'Lwj;' failed
12-12 12:15:53.258 17502 17502 W dalvikvm: Unable to resolve superclass of Lwl; (12828)
12-12 12:15:53.258 17502 17502 W dalvikvm: Link of class 'Lwl;' failed
12-12 12:15:53.258 17502 17502 D dalvikvm: DexOpt: unable to opt direct call 0xead0 at 0x26 in Lvk;.<init>
12-12 12:15:53.258 17502 17502 W dalvikvm: Unable to resolve superclass of Lwj; (5906)
12-12 12:15:53.258 17502 17502 W dalvikvm: Link of class 'Lwj;' failed
12-12 12:15:53.258 17502 17502 D dalvikvm: DexOpt: unable to opt direct call 0xeab4 at 0x39 in Lvk;.<init>
12-12 12:15:53.268 17502 17584 W dalvikvm: VFY: unable to resolve static field 16904 (_SC_CLK_TCK) in Landroid/system/OsConstants;
12-12 12:15:53.268 17502 17584 D dalvikvm: VFY: replacing opcode 0x60 at 0x0006
12-12 12:15:53.278 17502 17584 I dalvikvm: Could not find method android.app.ActivityManager.getAppTasks, referenced from method cum.b
12-12 12:15:53.278 17502 17584 W dalvikvm: VFY: unable to resolve virtual method 15127: Landroid/app/ActivityManager;.getAppTasks ()Ljava/util/List;
12-12 12:15:53.278 17502 17584 D dalvikvm: VFY: replacing opcode 0x6e at 0x000b
12-12 12:15:53.318 17502 17592 I dalvikvm: Could not find method android.content.pm.PackageManager.getActivityBanner, referenced from method bxp.getActivityBanner
12-12 12:15:53.318 17502 17592 W dalvikvm: VFY: unable to resolve virtual method 15483: Landroid/content/pm/PackageManager;.getActivityBanner (Landroid/content/ComponentName;)Landroid/graphics/drawable/Drawable;
12-12 12:15:53.318 17502 17592 D dalvikvm: VFY: replacing opcode 0x6e at 0x0002
12-12 12:15:53.318 17502 17592 I dalvikvm: Could not find method android.content.pm.PackageManager.getActivityBanner, referenced from method bxp.getActivityBanner
12-12 12:15:53.318 17502 17592 W dalvikvm: VFY: unable to resolve virtual method 15484: Landroid/content/pm/PackageManager;.getActivityBanner (Landroid/content/Intent;)Landroid/graphics/drawable/Drawable;
12-12 12:15:53.318 17502 17592 D dalvikvm: VFY: replacing opcode 0x6e at 0x0002
12-12 12:15:53.318 17502 17592 I dalvikvm: Could not find method android.content.pm.PackageManager.getApplicationBanner, referenced from method bxp.getApplicationBanner
12-12 12:15:53.318 17502 17592 W dalvikvm: VFY: unable to resolve virtual method 15491: Landroid/content/pm/PackageManager;.getApplicationBanner (Landroid/content/pm/ApplicationInfo;)Landroid/graphics/drawable/Drawable;
12-12 12:15:53.318 17502 17592 D dalvikvm: VFY: replacing opcode 0x6e at 0x0002
12-12 12:15:53.318 17502 17592 I dalvikvm: Could not find method android.content.pm.PackageManager.getApplicationBanner, referenced from method bxp.getApplicationBanner
12-12 12:15:53.318 17502 17592 W dalvikvm: VFY: unable to resolve virtual method 15492: Landroid/content/pm/PackageManager;.getApplicationBanner (Ljava/lang/String;)Landroid/graphics/drawable/Drawable;
12-12 12:15:53.318 17502 17592 D dalvikvm: VFY: replacing opcode 0x6e at 0x0002
12-12 12:15:53.318 17502 17592 I dalvikvm: Could not find method android.content.pm.PackageManager.getLeanbackLaunchIntentForPackage, referenced from method bxp.getLeanbackLaunchIntentForPackage
12-12 12:15:53.318 17502 17592 W dalvikvm: VFY: unable to resolve virtual method 15508: Landroid/content/pm/PackageManager;.getLeanbackLaunchIntentForPackage (Ljava/lang/String;)Landroid/content/Intent;
12-12 12:15:53.318 17502 17592 D dalvikvm: VFY: replacing opcode 0x6e at 0x0002
12-12 12:15:53.318 17502 17592 I dalvikvm: Could not find method android.content.pm.PackageManager.getPackageInstaller, referenced from method bxp.getPackageInstaller
12-12 12:15:53.318 17502 17592 W dalvikvm: VFY: unable to resolve virtual method 15512: Landroid/content/pm/PackageManager;.getPackageInstaller ()Landroid/content/pm/PackageInstaller;
12-12 12:15:53.318 17502 17592 D dalvikvm: VFY: replacing opcode 0x6e at 0x0002
12-12 12:15:53.328 17502 17592 I dalvikvm: Could not find method android.content.pm.PackageManager.getUserBadgedDrawableForDensity, referenced from method bxp.getUserBadgedDrawableForDensity
12-12 12:15:53.328 17502 17592 W dalvikvm: VFY: unable to resolve virtual method 15528: Landroid/content/pm/PackageManager;.getUserBadgedDrawableForDensity (Landroid/graphics/drawable/Drawable;Landroid/os/UserHandle;Landroid/graphics/Rect;I)Landroid/graphics/drawable/Drawable;
12-12 12:15:53.328 17502 17592 D dalvikvm: VFY: replacing opcode 0x6e at 0x0002
12-12 12:15:53.328 17502 17592 I dalvikvm: Could not find method android.content.pm.PackageManager.getUserBadgedIcon, referenced from method bxp.getUserBadgedIcon
12-12 12:15:53.328 17502 17592 W dalvikvm: VFY: unable to resolve virtual method 15529: Landroid/content/pm/PackageManager;.getUserBadgedIcon (Landroid/graphics/drawable/Drawable;Landroid/os/UserHandle;)Landroid/graphics/drawable/Drawable;
12-12 12:15:53.328 17502 17592 D dalvikvm: VFY: replacing opcode 0x6e at 0x0002
12-12 12:15:53.328 17502 17592 I dalvikvm: Could not find method android.content.pm.PackageManager.getUserBadgedLabel, referenced from method bxp.getUserBadgedLabel
12-12 12:15:53.328 17502 17592 W dalvikvm: VFY: unable to resolve virtual method 15530: Landroid/content/pm/PackageManager;.getUserBadgedLabel (Ljava/lang/CharSequence;Landroid/os/UserHandle;)Ljava/lang/CharSequence;
12-12 12:15:53.328 17502 17592 D dalvikvm: VFY: replacing opcode 0x6e at 0x0002
12-12 12:15:53.358   304   434 E cutils  : Failed to mkdirat(/storage/external_SD/Android): Read-only file system
12-12 12:15:53.358 17502 17502 W ContextImpl: Failed to ensure directory: /storage/external_SD/Android/data/com.google.android.youtube/files
12-12 12:15:53.358   304   434 E cutils  : Failed to mkdirat(/storage/external_SD/Android): Read-only file system
12-12 12:15:53.358   304   434 E VoldCmdListener: [LGE][VOLD][CommandListener.cpp][VolumeCmd::runCommand()] argv[1]:mkdirs, argv[2]:/storage/external_SD/Android/data/com.google.android.youtube/files/, argv[3]:(null), argc:3
12-12 12:15:53.358   304   434 W Vold    : Returning OperationFailed - no handler for errno 30
12-12 12:15:53.358   304   434 E VoldCmdListener: [LGE][VOLD][CommandListener.cpp][VolumeCmd::runCommand()] argv[1]:mkdirs, argv[2]:/storage/external_SD/Android/data/com.google.android.youtube/files/, argv[3]:(null), argc:3
12-12 12:15:53.358   304   434 W Vold    : Returning OperationFailed - no handler for errno 30
12-12 12:15:53.368 17312 17323 I Adreno-EGL: <qeglDrvAPI_eglInitialize:410>: EGL 1.4 QUALCOMM build:  ()
12-12 12:15:53.368 17312 17323 I Adreno-EGL: OpenGL ES Shader Compiler Version: E031.24.00.08
12-12 12:15:53.368 17312 17323 I Adreno-EGL: Build Date: 03/21/14 Fri
12-12 12:15:53.368 17312 17323 I Adreno-EGL: Local Branch: AU200-20140313-all-patches-KK8x26-664328
12-12 12:15:53.368 17312 17323 I Adreno-EGL: Remote Branch: 
12-12 12:15:53.368 17312 17323 I Adreno-EGL: Local Patches: 
12-12 12:15:53.368 17312 17323 I Adreno-EGL: Reconstruct Branch: 
12-12 12:15:53.378 17502 17502 W ContextImpl: Failed to ensure directory: /storage/external_SD/Android/data/com.google.android.youtube/files
12-12 12:15:53.418   304   434 E cutils  : Failed to mkdirat(/storage/external_SD/Android): Read-only file system
12-12 12:15:53.418 17502 17584 W ContextImpl: Failed to ensure directory: /storage/external_SD/Android/data/com.google.android.youtube/cache
12-12 12:15:53.418   304   434 E VoldCmdListener: [LGE][VOLD][CommandListener.cpp][VolumeCmd::runCommand()] argv[1]:mkdirs, argv[2]:/storage/external_SD/Android/data/com.google.android.youtube/cache/, argv[3]:(null), argc:3
12-12 12:15:53.418   304   434 W Vold    : Returning OperationFailed - no handler for errno 30
12-12 12:15:53.428 17312 17323 I Adreno-EGL: <qeglDrvAPI_eglInitialize:410>: EGL 1.4 QUALCOMM build:  ()
12-12 12:15:53.428 17312 17323 I Adreno-EGL: OpenGL ES Shader Compiler Version: E031.24.00.08
12-12 12:15:53.428 17312 17323 I Adreno-EGL: Build Date: 03/21/14 Fri
12-12 12:15:53.428 17312 17323 I Adreno-EGL: Local Branch: AU200-20140313-all-patches-KK8x26-664328
12-12 12:15:53.428 17312 17323 I Adreno-EGL: Remote Branch: 
12-12 12:15:53.428 17312 17323 I Adreno-EGL: Local Patches: 
12-12 12:15:53.428 17312 17323 I Adreno-EGL: Reconstruct Branch: 
12-12 12:15:53.448 17502 17502 I dalvikvm: Could not find method android.app.ActivityManager.getAppTasks, referenced from method cnp.a
12-12 12:15:53.448 17502 17502 W dalvikvm: VFY: unable to resolve virtual method 15127: Landroid/app/ActivityManager;.getAppTasks ()Ljava/util/List;
12-12 12:15:53.448 17502 17502 D dalvikvm: VFY: replacing opcode 0x6e at 0x0053
12-12 12:15:53.448 17502 17502 E dalvikvm: Could not find class 'android.app.ActivityManager$AppTask', referenced from method cnp.a
12-12 12:15:53.448 17502 17502 W dalvikvm: VFY: unable to resolve check-cast 5287 (Landroid/app/ActivityManager$AppTask;) in Lcnp;
12-12 12:15:53.448 17502 17502 D dalvikvm: VFY: replacing opcode 0x1f at 0x005d
12-12 12:15:53.468 17502 17502 D dalvikvm: DexOpt: couldn't find field Landroid/os/Message;.sendingUid
12-12 12:15:53.468 17502 17502 W dalvikvm: VFY: unable to resolve instance field 27000
12-12 12:15:53.468 17502 17502 D dalvikvm: VFY: replacing opcode 0x52 at 0x0002
12-12 12:15:53.468 17502 17502 I dalvikvm: Could not find method android.os.PowerManager.isDeviceIdleMode, referenced from method com.google.android.libraries.youtube.common.gcm.YouTubeGcmTaskService.a
12-12 12:15:53.468 17502 17502 W dalvikvm: VFY: unable to resolve virtual method 16509: Landroid/os/PowerManager;.isDeviceIdleMode ()Z
12-12 12:15:53.468 17502 17502 D dalvikvm: VFY: replacing opcode 0x6e at 0x0008
12-12 12:15:53.468 17502 17502 I dalvikvm: Could not find method android.content.Context.getSystemService, referenced from method com.google.android.libraries.youtube.common.gcm.YouTubeGcmTaskService.a
12-12 12:15:53.468 17502 17502 W dalvikvm: VFY: unable to resolve virtual method 15362: Landroid/content/Context;.getSystemService (Ljava/lang/Class;)Ljava/lang/Object;
12-12 12:15:53.468 17502 17502 D dalvikvm: VFY: replacing opcode 0x6e at 0x0008
12-12 12:15:53.508 17312 17323 W Settings: Setting install_non_market_apps has moved from android.provider.Settings.Secure to android.provider.Settings.Global.
12-12 12:15:53.528  1206  1383 D LockPatternUtilsEx: OMADM Lock is OFF
12-12 12:15:53.548 17312 17389 W Settings: Setting install_non_market_apps has moved from android.provider.Settings.Secure to android.provider.Settings.Global.
12-12 12:15:53.648 17312 17315 D dalvikvm: GC_CONCURRENT freed 1072K, 45% free 6494K/11632K, paused 1ms+8ms, total 54ms
12-12 12:15:53.678 17481 17481 W dalvikvm: No implementation found for native Lcom/google/android/libraries/social/jni/crashreporter/NativeCrashHandler;.setup:()V
12-12 12:15:53.678 17481 17481 D dalvikvm: Trying to load lib /data/app-lib/com.google.android.apps.plus-1/libcrashreporterer.so 0x41b7a690
12-12 12:15:53.678 17481 17481 D dalvikvm: Added shared lib /data/app-lib/com.google.android.apps.plus-1/libcrashreporterer.so 0x41b7a690
12-12 12:15:53.688 17481 17481 I dalvikvm: Could not find method android.os.PowerManager.isInteractive, referenced from method qhz.onActivityPaused
12-12 12:15:53.688 17481 17481 W dalvikvm: VFY: unable to resolve virtual method 1198: Landroid/os/PowerManager;.isInteractive ()Z
12-12 12:15:53.688 17481 17481 D dalvikvm: VFY: replacing opcode 0x6e at 0x0021
12-12 12:15:53.748   990  1143 D qcom_sensors_hal: hal_time_data_cb: msg_type 2
12-12 12:15:53.748   990  1143 D qcom_sensors_hal: hal_time_data_cb: Sn 24, msg Id 3, txn Id 0
12-12 12:15:53.748   990  1143 D qcom_sensors_hal: hal_ts_offset_is: Apps: 1513109753753041614; DSPS: 924978179; Offset: 1513081525659200062
12-12 12:15:53.768 17481 17613 E dalvikvm: Could not find class 'android.graphics.drawable.RippleDrawable', referenced from method ntt.a
12-12 12:15:53.768 17481 17613 W dalvikvm: VFY: unable to resolve new-instance 1493 (Landroid/graphics/drawable/RippleDrawable;) in Lntt;
12-12 12:15:53.768 17481 17613 D dalvikvm: VFY: replacing opcode 0x22 at 0x0008
12-12 12:15:53.768   990  1327 I ActivityManager: Start proc com.lge.clock for broadcast com.lge.clock/.alarmclock.ALBootInit: pid=17615 uid=10014 gids={50014, 3003, 1028, 4002}
12-12 12:15:53.788  1464  1475 I com.skyfire.browser.toolbar.ProcessObserverService: On importance changed 17615,10014,400
12-12 12:15:53.798 17615 17615 D HyLog   : I : /data/font/config/sfconfig.dat, No such file or directory (2)
12-12 12:15:53.798 17615 17615 D HyLog   : I : /data/font/config/dfactpre.dat, No such file or directory (2)
12-12 12:15:53.798 17615 17615 D HyLog   : I : /data/font/config/sfconfig.dat, No such file or directory (2)
12-12 12:15:53.838 17481 17613 D dalvikvm: DexOpt: unable to opt direct call 0x1ee6 at 0x0b in Lntt;.a
12-12 12:15:53.858 17615 17615 D ALBootInit: ====action==>android.intent.action.TIME_SET
12-12 12:15:53.868 17615 17615 D ALBootInit: Alarm ALBootInit: TIME_SET
12-12 12:15:53.868 17615 17615 D Alarms  : [setNextAlert] start
12-12 12:15:53.888 17502 17604 D libc    : getaddrinfo called from pid =17502
12-12 12:15:53.888 17502 17604 D libc    : getaddrinfo called from pid =17502
12-12 12:15:53.888   313 17629 D libc    : getaddrinfo called from pid =313
12-12 12:15:53.888   313 17629 D libc    : _dns_getaddrinfo: iptype =1
12-12 12:15:53.888   313 17629 D libc    : _dns_getaddrinfo: query_ipv4=1, query_ipv6=0
12-12 12:15:53.898 17615 17615 D Alarms  : [setNextAlert] (1)
12-12 12:15:53.908 17615 17615 D Alarms  :  minTime  = 0
12-12 12:15:53.908 17615 17615 D Alarms  :  -- OK multi -- 0
12-12 12:15:53.918 17615 17615 E jeny.kim: [setNextAlert] setNextAlert  temp_Alarmlink + 
12-12 12:15:53.918 17615 17615 E jeny.kim: [setNextAlert]setNextAlert temp_AlarmLinkText + 
12-12 12:15:53.928 17615 17615 I CommonUtil: BUILD Country: US
12-12 12:15:53.928 17615 17615 D Alarms  : setStatusBarIcon : false
12-12 12:15:53.928 17502 17604 D libc    : dnsproxy getaddrinfo returns 0
12-12 12:15:53.928  1206  1206 I [SystemUI]PhoneStatusBarPolicy: onReceive = android.intent.action.ALARM_CHANGED
12-12 12:15:53.928 17615 17615 D Alarms  : Enter formatDayAndTime(final Context context, long timeInMiliSec)
12-12 12:15:53.958 17615 17615 I DigitalAppWidgetProvider: onReceive: android.intent.action.TIME_SET
12-12 12:15:53.958 17615 17615 V DigitalAppWidgetProvider: cancelAlarmOnQuarterHour android.app.ReceiverRestrictedContext@41b81190
12-12 12:15:53.958 17615 17615 V DigitalAppWidgetProvider: startAlarmOnQuarterHour android.app.ReceiverRestrictedContext@41b81190
12-12 12:15:53.958 17615 17615 D QuickCoverProvider: onReceiver
12-12 12:15:53.958 17312 17417 I Adreno-EGL: <qeglDrvAPI_eglInitialize:410>: EGL 1.4 QUALCOMM build:  ()
12-12 12:15:53.958 17312 17417 I Adreno-EGL: OpenGL ES Shader Compiler Version: E031.24.00.08
12-12 12:15:53.958 17312 17417 I Adreno-EGL: Build Date: 03/21/14 Fri
12-12 12:15:53.958 17312 17417 I Adreno-EGL: Local Branch: AU200-20140313-all-patches-KK8x26-664328
12-12 12:15:53.958 17312 17417 I Adreno-EGL: Remote Branch: 
12-12 12:15:53.958 17312 17417 I Adreno-EGL: Local Patches: 
12-12 12:15:53.958 17312 17417 I Adreno-EGL: Reconstruct Branch: 
12-12 12:15:53.968   990  1001 I ActivityManager: Start proc com.android.calendar for broadcast com.android.calendar/.widget.CalendarAppWidgetProvider: pid=17633 uid=10017 gids={50017, 3003, 1028, 1015}
12-12 12:15:53.968   990  1001 I ActivityManager: Killing 8917:com.famigo.sandbox/u0a9 (adj 15): empty #14
12-12 12:15:53.978 17502 17545 D libc    : getaddrinfo called from pid =17502
12-12 12:15:53.978   313 17643 D libc    : getaddrinfo called from pid =313
12-12 12:15:53.978  1464  1474 I com.skyfire.browser.toolbar.ProcessObserverService: On process died 8917,10009
12-12 12:15:53.978  1222  6012 V SplitWindowPolicyService: requestUpdateStackInfo
12-12 12:15:53.978   990  1180 D WifiService: Client connection lost with reason: 4
12-12 12:15:53.988   990  1503 D ActivityManager: resumeTopActivityLocked: Top activity resumed ActivityRecord{41ea4de8 u0 com.lge.launcher2/.Launcher t1}
12-12 12:15:53.998  1464  1475 I com.skyfire.browser.toolbar.ProcessObserverService: On importance changed 17633,10017,400
12-12 12:15:54.008 17261 17644 D Aatp    : /ping
12-12 12:15:54.008 17502 17568 I dalvikvm: Could not find method java.util.Locale.toLanguageTag, referenced from method ttc.a
12-12 12:15:54.008 17502 17568 W dalvikvm: VFY: unable to resolve virtual method 39894: Ljava/util/Locale;.toLanguageTag ()Ljava/lang/String;
12-12 12:15:54.008 17502 17568 D dalvikvm: VFY: replacing opcode 0x6e at 0x0007
12-12 12:15:54.008 17633 17633 D HyLog   : I : /data/font/config/sfconfig.dat, No such file or directory (2)
12-12 12:15:54.008 17633 17633 D HyLog   : I : /data/font/config/dfactpre.dat, No such file or directory (2)
12-12 12:15:54.008 17633 17633 D HyLog   : I : /data/font/config/sfconfig.dat, No such file or directory (2)
12-12 12:15:54.048 17502 17545 D libc    : dnsproxy getaddrinfo returns 0
12-12 12:15:54.088 17633 17633 D CalendarApplication: CalendarApplication.onCreate()
12-12 12:15:54.098 17633 17633 D PreferenceKeysParser: [debug_displayParseInfos] preference keys.size() = 48
12-12 12:15:54.098 17633 17633 D PreferenceKeysParser: [debug_displayParseInfos] preference keys = {lg_preferences_default_cell_height=com.android.calendar.adaptation.PreferenceKey$KeyData@41b90a70, lg_preferrences_country_code=com.android.calendar.adaptation.PreferenceKey$KeyData@41b910f0, lg_preferences_alerts_vibrateWhen=com.android.calendar.adaptation.PreferenceKey$KeyData@41b90430, lg_preferences_debug_gifticon=com.android.calendar.adaptation.PreferenceKey$KeyData@41b92730, lg_preferences_week_start_day=com.android.calendar.adaptation.PreferenceKey$KeyData@41b8f890, lg_preferences_dont_show_again_no_online_account=com.android.calendar.adaptation.PreferenceKey$KeyData@41b91678, lg_preferences_debug_gifticon_test_server=com.android.calendar.adaptation.PreferenceKey$KeyData@41b92980, lg_preferences_tardis_1=com.android.calendar.adaptation.PreferenceKey$KeyData@41b921f0, lg_preferences_alerts_popup=com.android.calendar.adaptation.PreferenceKey$KeyData@41b900e8, lg_preferences_skip_setup=com.android.calendar.adaptation.PreferenceKey$KeyData@41b8fd48, lg_preferences_device_tz=com.android.calendar.adaptation.PreferenceKey$KeyData@41b91400, lg_preferences_exclude_sticker_list=com.android.calendar.adaptation.PreferenceKey$KeyData@41b91a40, lg_preferences_debug_operator=com.android.calendar.adaptation.PreferenceKey$KeyData@41b92410, lg_preference_default_myphonebook=com.android.calendar.adaptation.PreferenceKey$KeyData@41b91798, lg_preferences_default_reminder=com.android.calendar.adaptation.PreferenceKey$KeyData@41b90948, lg_preferences_show_controls=com.android.calendar.adaptation.PreferenceKey$KeyData@41b90828, lg_preferences_user_select_noti_sound=com.android.calendar.adaptation.PreferenceKey$KeyData@41b918c8, lg_preferences_show_week_num=com.android.calendar.adaptation.PreferenceKey$KeyData@41b8fac0, lg_preferences_alerts_ringtone=com.android.calendar.adaptation.PreferenceKey$KeyData@41b90548, lg_preferences_debug_datesearch=com.android.calendar.adaptation.PreferenceKey$KeyData@41b92ba8, lg_preferences_alerts=com.android.calendar.adaptation.PreferenceKey$KeyData@41b8ff80, lg_preference_received_provider_reminder_broadcast=com.android.calendar.adaptation.PreferenceKey$KeyData@41b92e28, lg_preferences_home_tz=com.android.calendar.adaptation.PreferenceKey$KeyData@41b91300, lg_preferences_alerts_type=com.android.calendar.adaptation.PreferenceKey$KeyData@41b901f0, lg_preference_defaultCalendar=com.android.calendar.adaptation.PreferenceKey$KeyData@41b90d78, lg_preferences_recent_timezones=com.android.calendar.adaptation.PreferenceKey$KeyData@41b91b60, lg_preferences_writable_calendars_count=com.android.calendar.adaptation.PreferenceKey$KeyData@41b90eb8, lg_preferences_widget_info_calendars=com.android.calendar.adaptation.PreferenceKey$KeyData@41b91d98, lg_preferences_debug_gifticon_server=com.android.calendar.adaptation.PreferenceKey$KeyData@41b92860, lg_preferred_detailedView=com.android.calendar.adaptation.PreferenceKey$KeyData@41b90c68, lg_preferences_debug_floating=com.android.calendar.adaptation.PreferenceKey$KeyData@41b92520, lg_preferences_select_aux_calendar=com.android.calendar.adaptation.PreferenceKey$KeyData@41b90fe0, lg_preferences_weather_info=com.android.calendar.adaptation.PreferenceKey$KeyData@41b91ea8, lg_preferences_alerts_vibratetype=com.android.calendar.adaptation.PreferenceKey$KeyData@41b91fc8, lg_preferences_gifticon_agreement=com.android.calendar.adaptation.PreferenceKey$KeyData@41b92a88, lg_preferences_hide_declined=com.android.calendar.adaptation.PreferenceKey$KeyData@41b8f718, lg_preferences_debug_rtl=com.android.calendar.adaptation.PreferenceKey$KeyData@41b92620, lg_preferences_app_version=com.android.calendar.adaptation.PreferenceKey$KeyData@41b91c68, lg_preferred_startView=com.android.calendar.adaptation.PreferenceKey$KeyData@41b90b68, lg_preferences_notification_type=com.android.calendar.adaptation.PreferenceKey$KeyData@41b90310, lg_preferences_display_weather_information=com.android.calendar.adaptation.PreferenceKey$KeyData@41b8fe90, lg_preferences_days_per_week=com.android.calendar.adaptation.PreferenceKey$
12-12 12:15:54.108 17633 17633 D GeneralPreferenceUtils: [migratePrefrenceKeys] Exit: Version(42001300) >= 42001300
12-12 12:15:54.108 17633 17633 D Config  : [init]
12-12 12:15:54.118 17633 17633 I Config  : LGCalendar ver.4.20.13
12-12 12:15:54.118 17633 17633 I Config  : start check model
12-12 12:15:54.118 17633 17633 I Config  : start check native_ca
12-12 12:15:54.118 17633 17633 I Config  : Config Operator=ATT, Country=US
12-12 12:15:54.118 17633 17633 D Config  : [setDefaultValuesToPref]
12-12 12:15:54.118 17633 17633 D Config  : [parseProfiles]
12-12 12:15:54.118 17312 17417 I Adreno-EGL: <qeglDrvAPI_eglInitialize:410>: EGL 1.4 QUALCOMM build:  ()
12-12 12:15:54.118 17312 17417 I Adreno-EGL: OpenGL ES Shader Compiler Version: E031.24.00.08
12-12 12:15:54.118 17312 17417 I Adreno-EGL: Build Date: 03/21/14 Fri
12-12 12:15:54.118 17312 17417 I Adreno-EGL: Local Branch: AU200-20140313-all-patches-KK8x26-664328
12-12 12:15:54.118 17312 17417 I Adreno-EGL: Remote Branch: 
12-12 12:15:54.118 17312 17417 I Adreno-EGL: Local Patches: 
12-12 12:15:54.118 17312 17417 I Adreno-EGL: Reconstruct Branch: 
12-12 12:15:54.118 17633 17633 D ProfilesParser: [debug_displayParseInfos] profile.country = US
12-12 12:15:54.118 17633 17633 D ProfilesParser: [debug_displayParseInfos] profile.operator = ATT
12-12 12:15:54.118 17633 17633 D ProfilesParser: [debug_displayParseInfos] profile.keyValue.size() = 1
12-12 12:15:54.118 17633 17633 D ProfilesParser: [debug_displayParseInfos] profile.prefValues = {lg_preferences_hide_declined=com.android.calendar.adaptation.Profile$PrefKeyData@41bbb500}
12-12 12:15:54.118 17633 17633 D Config  : [updateProfiletoCountryInfo]
12-12 12:15:54.118 17633 17633 D GeneralPreference: [checkAndMigrateOldPreference]
12-12 12:15:54.138 17261 17647 D Aatp    : /wake
12-12 12:15:54.208 17261 17647 D Aatp    : sha1: f515919098792b67af7691c9f3c79c51319c876b
12-12 12:15:54.218  1464  1474 I com.skyfire.browser.toolbar.ProcessObserverService: On importance changed 17261,12458,100
12-12 12:15:54.228  1464  1475 I com.skyfire.browser.toolbar.ProcessObserverService: On importance changed 17261,12458,130
12-12 12:15:54.228 17261 17261 D AatpDeviceManager: taskStatus update (f515919098792b67af7691c9f3c79c51319c876b: {"state":1})
12-12 12:15:54.228 17261 17650 D AWSDeviceFarmAndroidLib: WakeLock: acquire
12-12 12:15:54.228   990   990 D NotificationService: updateLightListLocked :r=null, action=2
12-12 12:15:54.238 17502 17540 D dalvikvm: Trying to load lib /data/app-lib/com.google.android.gms-1/libgmscore.so 0x41c31398
12-12 12:15:54.238 17502 17540 D dalvikvm: Shared lib '/data/app-lib/com.google.android.gms-1/libgmscore.so' already loaded in same CL 0x41c31398
12-12 12:15:54.238 17502 17540 D dalvikvm: Trying to load lib /data/app-lib/com.google.android.gms-1/libconscrypt_gmscore_jni.so 0x41c31398
12-12 12:15:54.238 17502 17540 D dalvikvm: Shared lib '/data/app-lib/com.google.android.gms-1/libconscrypt_gmscore_jni.so' already loaded in same CL 0x41c31398
12-12 12:15:54.238 17261 17647 D Aatp    : /task/f515919098792b67af7691c9f3c79c51319c876b
12-12 12:15:54.298 17312 17417 I Adreno-EGL: <qeglDrvAPI_eglInitialize:410>: EGL 1.4 QUALCOMM build:  ()
12-12 12:15:54.298 17312 17417 I Adreno-EGL: OpenGL ES Shader Compiler Version: E031.24.00.08
12-12 12:15:54.298 17312 17417 I Adreno-EGL: Build Date: 03/21/14 Fri
12-12 12:15:54.298 17312 17417 I Adreno-EGL: Local Branch: AU200-20140313-all-patches-KK8x26-664328
12-12 12:15:54.298 17312 17417 I Adreno-EGL: Remote Branch: 
12-12 12:15:54.298 17312 17417 I Adreno-EGL: Local Patches: 
12-12 12:15:54.298 17312 17417 I Adreno-EGL: Reconstruct Branch: 
12-12 12:15:54.378 17261 17651 D Aatp    : /task/f515919098792b67af7691c9f3c79c51319c876b/status
12-12 12:15:54.398   990  3365 D dalvikvm: GC_EXPLICIT freed 1319K, 47% free 17061K/31944K, paused 4ms+13ms, total 164ms
12-12 12:15:54.398   990  3365 D PowerManagerService: acquireWakeLockInternal: lock=1116921664, flags=0x30000006, tag="AWSDeviceFarmAndroidLib", ws=null, uid=12458, pid=17261
12-12 12:15:54.408 17261 17650 I AWSDeviceFarmAndroidLib: ET phone home
12-12 12:15:54.408   990  3238 I ActivityManager: START u0 {act=android.intent.action.MAIN cat=[android.intent.category.HOME] flg=0x10000000 cmp=com.lge.launcher2/.Launcher} from pid 17261
12-12 12:15:54.448  1222  6598 D dalvikvm: GC_EXPLICIT freed 30K, 67% free 3886K/11632K, paused 2ms+2ms, total 31ms
12-12 12:15:54.448   990  3238 I ActivityManager: ActivityRecord{41bfd238 u0 com.lge.launcher2/.Launcher t-1} Support Split:false Is ScreenFull:true
12-12 12:15:54.468 17502 17506 D dalvikvm: GC_CONCURRENT freed 5210K, 50% free 5834K/11632K, paused 6ms+18ms, total 171ms
12-12 12:15:54.468 17502 17604 D dalvikvm: WAIT_FOR_CONCURRENT_GC blocked 117ms
12-12 12:15:54.468 17502 17522 D dalvikvm: WAIT_FOR_CONCURRENT_GC blocked 129ms
12-12 12:15:54.478 17502 17540 D dalvikvm: WAIT_FOR_CONCURRENT_GC blocked 122ms
12-12 12:15:54.478  1222  1234 D dalvikvm: GC_EXPLICIT freed 8K, 67% free 3885K/11632K, paused 2ms+2ms, total 25ms
12-12 12:15:54.478  1222  1234 V SplitWindowPolicyService: checkScreen => return. sourceIntent is null or not support SplitWindow component: ComponentInfo{co..../co.....Launcher}
12-12 12:15:54.478  1222  1233 V SplitWindowPolicyService: requestUpdateStackInfo
12-12 12:15:54.478 17261 17650 I AWSDeviceFarmAndroidLib: Muting audio streams
12-12 12:15:54.478  1489  1489 I [LGHome]EVENT: [Launcher.java:1056:onPause()]onPause
12-12 12:15:54.478   990  3238 D ActivityManager: resumeTopActivityLocked: Top activity resumed ActivityRecord{41ea4de8 u0 com.lge.launcher2/.Launcher t1}
12-12 12:15:54.488   990  1176 D WifiStateMachine: handleMessage: E msg.what=131155
12-12 12:15:54.488   990  1176 D WifiStateMachine: processMsg: ConnectedState
12-12 12:15:54.488  1206  1383 D LockPatternUtilsEx: OMADM Lock is OFF
12-12 12:15:54.488   990  1176 D WifiStateMachine: processMsg: L2ConnectedState
12-12 12:15:54.488   990  1176 D WifiNative-wlan0: doString: SIGNAL_POLL
12-12 12:15:54.488  1198  1198 D wpa_supplicant: wlan0: Control interface command 'SIGNAL_POLL'
12-12 12:15:54.488  1489  1489 I [LGHome]EVENT: [Launcher.java:1947:onNewIntent()]Default Home screen would be seen
12-12 12:15:54.488  1198  1198 D wpa_supplicant: nl80211: survey data missing!
12-12 12:15:54.488   990  1176 D WifiStateMachine: handleMessage: X
12-12 12:15:54.488 17261 17650 D AudioManager: setRingerMode() ringerMode 0 Request Package = com.amazon.aatp.aatpdevicemanager
12-12 12:15:54.488  1489  1489 I [LGHome]EVENT: [Launcher.java:870:onResume()]onResume
12-12 12:15:54.498 17261 17650 D AudioManager: setStreamVolume() streamType = 1 index = 0 flags = 0 Request Package = com.amazon.aatp.aatpdevicemanager
12-12 12:15:54.498  1489  1489 I [LGHome]LGActivityUtil: [LGActivityUtil.java:303:notifyToWeatherWidget()]broadcast to weather widget, intent: Intent { act=com.lge.launcher2.RESUME }
12-12 12:15:54.498  1489  1489 I [LGHome]EVENT: [Launcher.java:1023:onResume()]onResume end
12-12 12:15:54.508   319  1337 D audio_hw_extn: audio_extn_get_parameters: returns 
12-12 12:15:54.508   319  1337 V msm8974_platform: platform_get_parameters: exit: returns - 
12-12 12:15:54.508   319  1337 V audio_hw_primary: adev_get_parameters: exit: returns - 
12-12 12:15:54.508   319  1337 I str_params: key: 'isVirtualMirrorLinkDevice' value: ''
12-12 12:15:54.508  7736  7805 I CheckinUtil: Classify the device as Tablet.
12-12 12:15:54.618   990   990 D VolumePanel: onVolumeChanged(streamType: 1, flags: 0)
12-12 12:15:54.628 17261 17650 D AudioManager: setStreamVolume() streamType = 5 index = 0 flags = 0 Request Package = com.amazon.aatp.aatpdevicemanager
12-12 12:15:54.628   319   319 D audio_hw_extn: audio_extn_get_parameters: returns 
12-12 12:15:54.628   319   319 V msm8974_platform: platform_get_parameters: exit: returns - 
12-12 12:15:54.628   319   319 V audio_hw_primary: adev_get_parameters: exit: returns - 
12-12 12:15:54.628   319   319 I str_params: key: 'isVirtualMirrorLinkDevice' value: ''
12-12 12:15:54.628   990   990 D VolumePanel: onVolumeChanged(streamType: 5, flags: 0)
12-12 12:15:54.628 17261 17650 D AudioManager: setStreamVolume() streamType = 4 index = 0 flags = 0 Request Package = com.amazon.aatp.aatpdevicemanager
12-12 12:15:54.628   319  1337 D audio_hw_extn: audio_extn_get_parameters: returns 
12-12 12:15:54.628   319  1337 V msm8974_platform: platform_get_parameters: exit: returns - 
12-12 12:15:54.628   319  1337 V audio_hw_primary: adev_get_parameters: exit: returns - 
12-12 12:15:54.628   319  1337 I str_params: key: 'isVirtualMirrorLinkDevice' value: ''
12-12 12:15:54.638   990   990 D VolumePanel: onVolumeChanged(streamType: 4, flags: 0)
12-12 12:15:54.638 17261 17650 D AudioManager: setStreamVolume() streamType = 2 index = 0 flags = 0 Request Package = com.amazon.aatp.aatpdevicemanager
12-12 12:15:54.638   319   319 D audio_hw_extn: audio_extn_get_parameters: returns 
12-12 12:15:54.638   319   319 V msm8974_platform: platform_get_parameters: exit: returns - 
12-12 12:15:54.638   319   319 V audio_hw_primary: adev_get_parameters: exit: returns - 
12-12 12:15:54.638   319   319 I str_params: key: 'isVirtualMirrorLinkDevice' value: ''
12-12 12:15:54.638   319  1043 V AudioPolicyManagerBase: getDevicesForStream :: mAvailableOutputDevices = 2097154, devices = 8
12-12 12:15:54.638   990  1002 W AudioService: setStreamVolumeInt(), mRingerMode: 0, index: 0, streamType: 2
12-12 12:15:54.638 17261 17650 D AudioManager: setStreamVolume() streamType = 3 index = 0 flags = 0 Request Package = com.amazon.aatp.aatpdevicemanager
12-12 12:15:54.638   990   990 D VolumePanel: onVolumeChanged(streamType: 5, flags: 0)
12-12 12:15:54.638   319  1337 D audio_hw_extn: audio_extn_get_parameters: returns 
12-12 12:15:54.638   319  1337 V msm8974_platform: platform_get_parameters: exit: returns - 
12-12 12:15:54.638   319  1337 V audio_hw_primary: adev_get_parameters: exit: returns - 
12-12 12:15:54.638   319  1337 I str_params: key: 'isVirtualMirrorLinkDevice' value: ''
12-12 12:15:54.638   990   990 D VolumePanel: onVolumeChanged(streamType: 3, flags: 0)
12-12 12:15:54.638 17261 17650 I AWSDeviceFarmAndroidLib: Creating /data/data/com.amazon.aatp.aatpdevicemanager/app_logs
12-12 12:15:54.638 17261 17261 D AatpDeviceManager: taskStatus update (f515919098792b67af7691c9f3c79c51319c876b: {"result":"Device woken.","state":2})
12-12 12:15:54.648  1464  1474 I com.skyfire.browser.toolbar.ProcessObserverService: On importance changed 17261,12458,100
12-12 12:15:54.648  1464  1475 I com.skyfire.browser.toolbar.ProcessObserverService: On importance changed 17261,12458,130
12-12 12:15:54.648   990   990 D NotificationService: updateLightListLocked :r=NotificationRecord(0x42e222b8: pkg=com.amazon.aatp.aatpdevicemanager user=UserHandle{0} id=1096041550 tag=null score=0: Notification(pri=0 contentView=com.amazon.aatp.aatpdevicemanager/0x1090064 vibrate=null sound=null defaults=0x0 flags=0x62 kind=[null])), action=2
12-12 12:15:54.648   990   990 D NotificationService: notification=Notification(pri=0 contentView=com.amazon.aatp.aatpdevicemanager/0x1090064 vibrate=null sound=null defaults=0x0 flags=0x62 kind=[null])
12-12 12:15:54.658 17502 17508 I dalvikvm: Total arena pages for JIT: 11
12-12 12:15:54.658 17502 17508 I dalvikvm: Total arena pages for JIT: 12
12-12 12:15:54.658 17502 17508 I dalvikvm: Total arena pages for JIT: 13
12-12 12:15:54.658 17502 17508 I dalvikvm: Total arena pages for JIT: 14
12-12 12:15:54.748 17502 17522 I ProviderInstaller: Installed default security provider GmsCore_OpenSSL
12-12 12:15:54.768 17312 17322 I Adreno-EGL: <qeglDrvAPI_eglInitialize:410>: EGL 1.4 QUALCOMM build:  ()
12-12 12:15:54.768 17312 17322 I Adreno-EGL: OpenGL ES Shader Compiler Version: E031.24.00.08
12-12 12:15:54.768 17312 17322 I Adreno-EGL: Build Date: 03/21/14 Fri
12-12 12:15:54.768 17312 17322 I Adreno-EGL: Local Branch: AU200-20140313-all-patches-KK8x26-664328
12-12 12:15:54.768 17312 17322 I Adreno-EGL: Remote Branch: 
12-12 12:15:54.768 17312 17322 I Adreno-EGL: Local Patches: 
12-12 12:15:54.768 17312 17322 I Adreno-EGL: Reconstruct Branch: 
12-12 12:15:54.778 17502 17604 D libc    : getaddrinfo called from pid =17502
12-12 12:15:54.818 17502 17604 D libc    : getaddrinfo called from pid =17502
12-12 12:15:54.828 17633 17633 E AgendaWidgetManager: [updateWidgets] 
12-12 12:15:54.828 17633 17656 I InitNotificationRingtoneService: Start InitializeAlertRingtoneService.onHandleIntent
12-12 12:15:54.828 17633 17633 D MonthWidgetProvider: [onReceive]
12-12 12:15:54.828 17633 17633 D CalendarWidgetProvider: [onReceive]
12-12 12:15:54.828 17633 17657 W HolidayIntentService: onHandleIntent
12-12 12:15:54.828 17633 17633 D CalendarWidgetProvider: [CalendarWidgetProvider] got the intent: Intent { act=android.intent.action.TIME_SET flg=0x24000010 cmp=com.android.calendar/.widget.MonthWidgetProvider }
12-12 12:15:54.828 17633 17633 D CalendarTypeController: [onUpdateAndInitCalendarTime]
12-12 12:15:54.828 17633 17657 D HolidayDataLoader: readJsonAsset : holiday.json
12-12 12:15:54.828 17633 17633 D WeekWidgetProvider: [onReceive]
12-12 12:15:54.828 17633 17633 D CalendarWidgetProvider: [onReceive]
12-12 12:15:54.828 17633 17633 D CalendarWidgetProvider: [CalendarWidgetProvider] got the intent: Intent { act=android.intent.action.TIME_SET flg=0x24000010 cmp=com.android.calendar/.widget.WeekWidgetProvider }
12-12 12:15:54.838 17633 17633 D CalendarTypeController: [onUpdateAndInitCalendarTime]
12-12 12:15:54.838 17633 17656 I AlertUtils: [setFormatNotificationSound] current noti URI = content://media/internal/audio/media/38
12-12 12:15:54.848   990  3365 I ActivityManager: Start proc com.lge.task:remote for broadcast com.lge.task/.receiver.ReceiverCommon: pid=17658 uid=10037 gids={50037, 3003, 1028, 1015}
12-12 12:15:54.858  5095  5102 I dalvikvm: Total arena pages for JIT: 11
12-12 12:15:54.858  5095  5102 I dalvikvm: Total arena pages for JIT: 12
12-12 12:15:54.858  5095  5102 I dalvikvm: Total arena pages for JIT: 13
12-12 12:15:54.858  5095  5102 I dalvikvm: Total arena pages for JIT: 14
12-12 12:15:54.858  1464  1474 I com.skyfire.browser.toolbar.ProcessObserverService: On importance changed 17658,10037,400
12-12 12:15:54.868 17658 17658 D HyLog   : I : /data/font/config/sfconfig.dat, No such file or directory (2)
12-12 12:15:54.868 17633 17656 I AlertUtils: [getCalendarNotiSoundURIFromCursor] getCount()= 20
12-12 12:15:54.878 17658 17658 D HyLog   : I : /data/font/config/dfactpre.dat, No such file or directory (2)
12-12 12:15:54.878 17658 17658 D HyLog   : I : /data/font/config/sfconfig.dat, No such file or directory (2)
12-12 12:15:54.878  5095 17371 I dalvikvm: Could not find method android.content.Context.getNoBackupFilesDir, referenced from method sxy.<init>
12-12 12:15:54.878  5095 17371 W dalvikvm: VFY: unable to resolve virtual method 15699: Landroid/content/Context;.getNoBackupFilesDir ()Ljava/io/File;
12-12 12:15:54.878  5095 17371 D dalvikvm: VFY: replacing opcode 0x6e at 0x0028
12-12 12:15:54.878 17633 17656 I AlertUtils: [getMediaFilepathFromContentUri] filepath = /system/media/audio/notifications/Arpeggio.ogg
12-12 12:15:54.878 17633 17656 I AlertUtils: [getMediaFilepathFromContentUri] filepath = /system/media/audio/notifications/Country_Blues.ogg
12-12 12:15:54.888 17633 17656 I AlertUtils: [getMediaFilepathFromContentUri] filepath = /system/media/audio/notifications/Crystal.ogg
12-12 12:15:54.888 17633 17656 I AlertUtils: [getMediaFilepathFromContentUri] filepath = /system/media/audio/notifications/Dewdrop.ogg
12-12 12:15:54.898 17633 17656 I AlertUtils: [getMediaFilepathFromContentUri] filepath = /system/media/audio/notifications/Ding_Dong.ogg
12-12 12:15:54.908 17633 17656 I AlertUtils: [getMediaFilepathFromContentUri] filepath = /system/media/audio/notifications/Echo.ogg
12-12 12:15:54.918 17633 17656 I AlertUtils: [getMediaFilepathFromContentUri] filepath = /system/media/audio/notifications/Email.ogg
12-12 12:15:54.918 17633 17656 I AlertUtils: [getMediaFilepathFromContentUri] filepath = /system/media/audio/notifications/Game_Over.ogg
12-12 12:15:54.928 17633 17656 I AlertUtils: [getMediaFilepathFromContentUri] filepath = /system/media/audio/notifications/Gayageum.ogg
12-12 12:15:54.928 17633 17656 I AlertUtils: [getMediaFilepathFromContentUri] filepath = /system/media/audio/notifications/Harmonics.ogg
12-12 12:15:54.938 17633 17656 I AlertUtils: [getMediaFilepathFromContentUri] filepath = /system/media/audio/notifications/Idea.ogg
12-12 12:15:54.938 17658 17658 E TASKS   : init() PortStorageManger PRIMARY_STORAGE_PATH :/storage/emulated/0
12-12 12:15:54.938 17633 17656 I AlertUtils: [getMediaFilepathFromContentUri] filepath = /system/media/audio/notifications/News.ogg
12-12 12:15:54.958 17658 17658 I TASKS_RECEIVER: onReceive START #############################################################
12-12 12:15:54.958 17658 17658 I TASKS_RECEIVER: onReceive END #############################################################
12-12 12:15:54.968   990  1502 I ActivityManager: Start proc com.qualcomm.timeservice for broadcast com.qualcomm.timeservice/.TimeServiceBroadcastReceiver: pid=17673 uid=10110 gids={50110}
12-12 12:15:54.968   990  1502 I ActivityManager: Killing 17045:com.lge.sync/1000 (adj 15): empty #14
12-12 12:15:54.978  2240  2267 D dalvikvm: GC_EXPLICIT freed 219K, 68% free 3809K/11632K, paused 1ms+3ms, total 41ms
12-12 12:15:54.978   990  3364 I ActivityManager: Start proc com.lge.task for content provider com.lge.task/.database.TasksProvider: pid=17683 uid=10037 gids={50037, 3003, 1028, 1015}
12-12 12:15:54.998 17633 17656 I AlertUtils: [getMediaFilepathFromContentUri] filepath = /system/media/audio/notifications/Pebble.ogg
12-12 12:15:54.998  7736  7878 D libc    : getaddrinfo called from pid =7736
12-12 12:15:54.998  7736  7878 D libc    : getaddrinfo called from pid =7736
12-12 12:15:54.998   313 17698 D libc    : getaddrinfo called from pid =313
12-12 12:15:54.998   313 17698 D libc    : _dns_getaddrinfo: iptype =1
12-12 12:15:54.998   313 17698 D libc    : _dns_getaddrinfo: query_ipv4=1, query_ipv6=0
12-12 12:15:54.998  7736  7878 D libc    : dnsproxy getaddrinfo returns 0
12-12 12:15:54.998  1222  6598 V SplitWindowPolicyService: requestUpdateStackInfo
12-12 12:15:54.998   990  1197 I ActivityManager: Killing 17086:com.uei.lg.quicksetsdk.lite/u0a101 (adj 15): empty #14
12-12 12:15:55.008 17633 17656 I AlertUtils: [getMediaFilepathFromContentUri] filepath = /system/media/audio/notifications/Schedule.ogg
12-12 12:15:55.008 17633 17656 I AlertUtils: [getCalendarNotiSoundURIFromCursor] filePath = /system/media/audio/notifications/Schedule.ogg, new URI = content://media/internal/audio/media/38
12-12 12:15:55.008 17633 17656 I AlertUtils: set default noti to content://media/internal/audio/media/38
12-12 12:15:55.008  1464  1475 I com.skyfire.browser.toolbar.ProcessObserverService: On importance changed 17683,10037,400
12-12 12:15:55.008  1464  1475 I com.skyfire.browser.toolbar.ProcessObserverService: On importance changed 17673,10110,400
12-12 12:15:55.008  1464  1475 I com.skyfire.browser.toolbar.ProcessObserverService: On process died 17045,1000
12-12 12:15:55.008 17060 17060 I QRemote : [RemoteControlManager.java:206:onServiceDisconnected()] oooooo start
12-12 12:15:55.008  1222  1234 V SplitWindowPolicyService: requestUpdateStackInfo
12-12 12:15:55.008  1464  1474 I com.skyfire.browser.toolbar.ProcessObserverService: On process died 17086,10101
12-12 12:15:55.008 17060 17060 W System.err: android.os.DeadObjectException
12-12 12:15:55.008   990  5309 D ActivityManager: resumeTopActivityLocked: Top activity resumed ActivityRecord{41ea4de8 u0 com.lge.launcher2/.Launcher t1}
12-12 12:15:55.008   990  1502 W ActivityManager: Scheduling restart of crashed service com.uei.lg.quicksetsdk.lite/com.uei.control.Service in 1000ms
12-12 12:15:55.008   990  1502 D ActivityManager: resumeTopActivityLocked: Top activity resumed ActivityRecord{41ea4de8 u0 com.lge.launcher2/.Launcher t1}
12-12 12:15:55.018 17683 17683 D HyLog   : I : /data/font/config/sfconfig.dat, No such file or directory (2)
12-12 12:15:55.018 17683 17683 D HyLog   : I : /data/font/config/dfactpre.dat, No such file or directory (2)
12-12 12:15:55.018 17683 17683 D HyLog   : I : /data/font/config/sfconfig.dat, No such file or directory (2)
12-12 12:15:55.018 17060 17060 W System.err: 	at android.os.BinderProxy.transact(Native Method)
12-12 12:15:55.018 17060 17060 W System.err: 	at com.uei.control.IControl.unregisterCallback(IControl.java:502)
12-12 12:15:55.018 17060 17060 W System.err: 	at com.lge.qremote.remote.system.RemoteControlManager$1.onServiceDisconnected(RemoteControlManager.java:210)
12-12 12:15:55.018 17060 17060 W System.err: 	at android.app.LoadedApk$ServiceDispatcher.doDeath(LoadedApk.java:1129)
12-12 12:15:55.018 17060 17060 W System.err: 	at android.app.LoadedApk$ServiceDispatcher$RunConnection.run(LoadedApk.java:1143)
12-12 12:15:55.018 17060 17060 W System.err: 	at android.os.Handler.handleCallback(Handler.java:733)
12-12 12:15:55.018 17060 17060 W System.err: 	at android.os.Handler.dispatchMessage(Handler.java:95)
12-12 12:15:55.018 17673 17673 D HyLog   : I : /data/font/config/sfconfig.dat, No such file or directory (2)
12-12 12:15:55.018 17673 17673 D HyLog   : I : /data/font/config/dfactpre.dat, No such file or directory (2)
12-12 12:15:55.018 17673 17673 D HyLog   : I : /data/font/config/sfconfig.dat, No such file or directory (2)
12-12 12:15:55.018 17060 17060 W System.err: 	at android.os.Looper.loop(Looper.java:136)
12-12 12:15:55.018 17060 17060 W System.err: 	at android.app.ActivityThread.main(ActivityThread.java:5118)
12-12 12:15:55.018 17060 17060 W System.err: 	at java.lang.reflect.Method.invokeNative(Native Method)
12-12 12:15:55.018 17060 17060 W System.err: 	at java.lang.reflect.Method.invoke(Method.java:515)
12-12 12:15:55.018 17060 17060 W System.err: 	at com.android.internal.os.ZygoteInit$MethodAndArgsCaller.run(ZygoteInit.java:790)
12-12 12:15:55.018 17060 17060 W System.err: 	at com.android.internal.os.ZygoteInit.main(ZygoteInit.java:606)
12-12 12:15:55.018 17060 17060 W System.err: 	at dalvik.system.NativeStart.main(Native Method)
12-12 12:15:55.018 17060 17060 E UEI.SmartControl: IControl.unregisterCallback error: android.os.DeadObjectException
12-12 12:15:55.018 17060 17060 W System.err: android.os.DeadObjectException
12-12 12:15:55.018 17060 17060 W System.err: 	at android.os.BinderProxy.transact(Native Method)
12-12 12:15:55.018 17060 17060 W System.err: 	at com.uei.control.IControl.unregisterSetupReadyCallback(IControl.java:818)
12-12 12:15:55.018 17060 17060 W System.err: 	at com.lge.qremote.remote.system.RemoteControlManager$1.onServiceDisconnected(RemoteControlManager.java:211)
12-12 12:15:55.018 17060 17060 W System.err: 	at android.app.LoadedApk$ServiceDispatcher.doDeath(LoadedApk.java:1129)
12-12 12:15:55.018 17060 17060 W System.err: 	at android.app.LoadedApk$ServiceDispatcher$RunConnection.run(LoadedApk.java:1143)
12-12 12:15:55.018 17060 17060 W System.err: 	at android.os.Handler.handleCallback(Handler.java:733)
12-12 12:15:55.018 17060 17060 W System.err: 	at android.os.Handler.dispatchMessage(Handler.java:95)
12-12 12:15:55.018 17060 17060 W System.err: 	at android.os.Looper.loop(Looper.java:136)
12-12 12:15:55.018 17060 17060 W System.err: 	at android.app.ActivityThread.main(ActivityThread.java:5118)
12-12 12:15:55.018 17060 17060 W System.err: 	at java.lang.reflect.Method.invokeNative(Native Method)
12-12 12:15:55.018 17060 17060 W System.err: 	at java.lang.reflect.Method.invoke(Method.java:515)
12-12 12:15:55.018 17060 17060 W System.err: 	at com.android.internal.os.ZygoteInit$MethodAndArgsCaller.run(ZygoteInit.java:790)
12-12 12:15:55.028 17060 17060 W System.err: 	at com.android.internal.os.ZygoteInit.main(ZygoteInit.java:606)
12-12 12:15:55.028 17060 17060 W System.err: 	at dalvik.system.NativeStart.main(Native Method)
12-12 12:15:55.028 17060 17060 E UEI.SmartControl: IControl.unregisterSetupReadyCallback error: android.os.DeadObjectException
