12-12 12:15:42.183  1464  1475 I com.skyfire.browser.toolbar.ProcessObserverService: On process died 3960,10021
12-12 12:15:42.183  1222  6598 V SplitWindowPolicyService: requestUpdateStackInfo
12-12 12:15:42.183   990  1503 D ActivityManager: resumeTopActivityLocked: Top activity resumed ActivityRecord{41ea4de8 u0 com.lge.launcher2/.Launcher t1}
12-12 12:15:42.193  1464  1474 I com.skyfire.browser.toolbar.ProcessObserverService: On importance changed 17060,10033,400
12-12 12:15:42.193 17060 17060 D HyLog   : I : /data/font/config/sfconfig.dat, No such file or directory (2)
12-12 12:15:42.193 17060 17060 D HyLog   : I : /data/font/config/dfactpre.dat, No such file or directory (2)
12-12 12:15:42.193 17060 17060 D HyLog   : I : /data/font/config/sfconfig.dat, No such file or directory (2)
12-12 12:15:42.243 17060 17060 D QRemote : [QRemoteApplication.java:226:onCreate()] oooooo QRemoteApp onCreate....
12-12 12:15:42.253 17060 17060 D QRemote : [CarrierUtils.java:844:getHardwareSettings()] oooooo qremote android.os.Build.MODEL = LG-V410
12-12 12:15:42.253 17060 17060 I QRemote : [CarrierUtils.java:845:getHardwareSettings()] oooooo getCountry :: US
12-12 12:15:42.253 17060 17060 I QRemote : [CarrierUtils.java:846:getHardwareSettings()] oooooo getCarrier :: ATT
12-12 12:15:42.253 17060 17060 I QRemote : [CarrierUtils.java:847:getHardwareSettings()] oooooo getArea :: COM
12-12 12:15:42.253   990 17034 D DhcpStateMachine: DHCPV4 request on wlan0
12-12 12:15:42.253 17060 17060 D QRemote : [CarrierUtils.java:848:getHardwareSettings()] oooooo Loading Config...
12-12 12:15:42.253   990 17034 V LgDhcpStateMachineHelper: [bssid] hash key :74:da:38:2b:43:db
12-12 12:15:42.253   990 17034 D LgDhcpStateMachineHelper: dhcp.ap.macaddress = 74:da:38:2b:43:db
12-12 12:15:42.253 17060 17060 D QRemote : [CarrierUtils.java:862:getHardwareSettings()] oooooo qremote configuration file = R.xml.qremote_conf
12-12 12:15:42.253 17060 17060 D QRemote : [CarrierUtils.java:876:getHardwareSettings()] oooooo qremote xpp.getName() = V410
12-12 12:15:42.253 17060 17060 I QRemote : [CarrierUtils.java:773:getXmlItem()] oooooo qremote AppState : lite_db= true
12-12 12:15:42.253 17060 17060 I QRemote : [CarrierUtils.java:776:getXmlItem()] oooooo qremote AppState : sw_ir=true
12-12 12:15:42.253 17060 17060 I QRemote : [CarrierUtils.java:779:getXmlItem()] oooooo qremote AppState : learning_remote=false
12-12 12:15:42.263 17060 17060 I QRemote : [CarrierUtils.java:783:getXmlItem()] oooooo qremote AppState : isTablet=true
12-12 12:15:42.263   990  1037 D BluetoothManagerService: Message: 20
12-12 12:15:42.263   990  1037 D BluetoothManagerService: Added callback: android.bluetooth.IBluetoothManagerCallback$Stub$Proxy@4225ec68:true
12-12 12:15:42.273 17060 17060 D QRemote : [WiFiStateReceiver.java:46:onReceive()] oooooo 140626:action:android.net.wifi.STATE_CHANGE
12-12 12:15:42.283 17060 17060 D QRemote : [WiFiStateReceiver.java:114:onReceive()] oooooo NETWORK_STATE_CHANGED_ACTION
12-12 12:15:42.283 17060 17060 I QRemote : [WiFiStateReceiver.java:197:onReceive()] oooooo The network is not connected. Don't handle that intent.
12-12 12:15:42.283 17060 17060 D QRemote : [QRemoteService.java:192:onCreate()] oooooo 140526:onCreate
12-12 12:15:42.283  2650  2650 D WiFiOffLoadBroadcast: OPerator not supported: ATT US
12-12 12:15:42.283  8554  8554 D P2pTetheringReceiver: In WifiReceiver: Broadcast Received = android.net.wifi.STATE_CHANGE
12-12 12:15:42.283   990  3237 I ActivityManager: Killing 7688:com.lge.lgworld/u0a35 (adj 15): empty for 27828s
12-12 12:15:42.293 17060 17060 I QRemote : [ReceiverForSWIrRc.java:31:onReceive()] oooooo {intent=Intent { act=android.intent.action.HDMI_PLUGGED flg=0x44000010 (has extras) }}
12-12 12:15:42.293 17060 17060 I QRemote : [ReceiverForSWIrRc.java:74:onReceive()] oooooo HDMI connected:false
12-12 12:15:42.293  1464  1475 I com.skyfire.browser.toolbar.ProcessObserverService: On process died 7688,10035
12-12 12:15:42.303  1222  1234 V SplitWindowPolicyService: requestUpdateStackInfo
12-12 12:15:42.303 17060 17060 D QRemote : [QRemoteUtils.java:201:setExternalDeviceState()] oooooo setExternalDeviceState state::0, bExternalDeviceConnected:false
12-12 12:15:42.303 17060 17060 D QRemote : [QRemoteApplication.java:644:updateWidget()] oooooo Widget count is [1]. send broadcast
12-12 12:15:42.303 17060 17060 I QRemote : [ReceiverForSWIrRc.java:31:onReceive()] oooooo {intent=Intent { act=com.lge.systemservice.core.wfdmanager.WFD_STATE_CHANGED flg=0x10 (has extras) }}
12-12 12:15:42.303 17060 17060 I QRemote : [ReceiverForSWIrRc.java:84:onReceive()] oooooo WFD connected:0
12-12 12:15:42.303 17060 17060 D QRemote : [QRemoteUtils.java:201:setExternalDeviceState()] oooooo setExternalDeviceState state::0, bExternalDeviceConnected:false
12-12 12:15:42.303 17060 17060 D QRemote : [QRemoteApplication.java:644:updateWidget()] oooooo Widget count is [1]. send broadcast
12-12 12:15:42.303   990  5309 D ActivityManager: resumeTopActivityLocked: Top activity resumed ActivityRecord{41ea4de8 u0 com.lge.launcher2/.Launcher t1}
12-12 12:15:42.313 17060 17060 V QRemote : [RemoteAppWidgetProvider.java:151:onReceive()] oooooo action name : android.appwidget.action.APPWIDGET_UPDATE
12-12 12:15:42.313 17060 17060 D QRemote : [RemoteAppWidgetProvider.java:446:onUpdate()] oooooo onUpdate()
12-12 12:15:42.313 17060 17060 D QRemote : [QRemoteApplication.java:80:getControlManager()] oooooo mControlManager is null. make new RemoteControlManager
12-12 12:15:42.333 17060 17085 V MediaPlayer[Native]: decode(54, 2900448, 17813)
12-12 12:15:42.333 17060 17060 I QRemote : [RemoteControlManager.java:152:onBindIRService()] oooooo bind
12-12 12:15:42.333   319  1337 V MediaPlayerService: decode(31, 2900448, 17813)
12-12 12:15:42.333   319  1337 W BrunchPlayerTypeImpl: [SelectPlayer] LocalType
12-12 12:15:42.333   319  1337 W BrunchPlayerTypeImpl: [getMediaType] EXTEND_MEDIA_MIMETYPE = application/ogg
12-12 12:15:42.333   319  1337 W BrunchPlayerTypeImpl: [FindUsePlayer] type = [application/ogg]
12-12 12:15:42.333   319  1337 W BrunchPlayerTypeImpl: [FindUsePlayer] componentName = [9101]
12-12 12:15:42.333   319  1337 W MediaPlayerFactory: [getPlayerType:fd] nType = 3
12-12 12:15:42.333   319  1337 V MediaPlayerService: player type = 3
12-12 12:15:42.343 17060 17060 D QRemote : [RemoteControlManager.java:453:setStateInt()] oooooo RemoteControl set [State]11
12-12 12:15:42.343 17060 17060 E QRemote : [RemoteAppWidgetProvider.java:404:isLimitationView()] oooooo rotation : 0
12-12 12:15:42.343 17060 17060 D QRemote : [RemoteAppWidgetProvider.java:455:onUpdate()] oooooo onUpdate orientation:false
12-12 12:15:42.343   319  1337 I ExtendedUtils: AV Sync late margin : Intended=40ms Using=0ms
12-12 12:15:42.343   319  1337 V AudioCache: notify(0xb8038e50, 8, 0, 0)
12-12 12:15:42.343   319  1337 V AudioCache: ignored
12-12 12:15:42.343 17060 17060 D QRemote : [QRemoteUtils.java:188:isCalling()] oooooo audioMode : 0 Call state : false
12-12 12:15:42.343   319  1337 V LgeMediaDetector: GetMediaType start
12-12 12:15:42.343   319  1337 V LgeMediaDetector: GetMainType start
12-12 12:15:42.343   319  1337 V LgeMediaDetector: GetSubType start
12-12 12:15:42.343   319  1337 V LgeMediaDetector: GetOGGSubType start
12-12 12:15:42.343   319  1337 V LgeMediaDetector: GetOGGSubType end
12-12 12:15:42.343   319  1337 V LgeMediaDetector: GetSubType end
12-12 12:15:42.343   319  1337 V LgeMediaDetector: Pre GetMediaType [nMain:327680][nSub:327680]
12-12 12:15:42.343   319  1337 V LgeMediaDetector: GetMediaType [nMain:5][nSub:0]
12-12 12:15:42.343   319  1337 V LgeMediaDetector: GetMediaType end
12-12 12:15:42.343   319  1337 E MediaExtractorHelper: LG-CodeParser Version: LG_CodecParser_R1.0.0.32
12-12 12:15:42.343 17060 17060 D QRemote : [RemoteAppWidgetProvider.java:508:onUpdate()] oooooo updateAppWidget to loading view
12-12 12:15:42.343 17060 17060 D QRemote : [RemoteAppWidgetProvider.java:514:onUpdate()] oooooo 140510:RetrieveDevices is not complete. Just waiting
12-12 12:15:42.343   319  1337 E MediaExtractorHelper: SupportCodecEx : 208
12-12 12:15:42.343   319  1337 E MediaExtractorHelper: #### Audio mime audio/vorbis 
12-12 12:15:42.343   319  1337 E MediaExtractorHelper: #### componentName = OMX.google.vorbis.decoder
12-12 12:15:42.343   319  1337 W BrunchUsedCodecImpl: [isUsedCodec] Used codec!!!!! = audio/vorbis
12-12 12:15:42.343   990  1197 I ActivityManager: Start proc com.uei.lg.quicksetsdk.lite for service com.uei.lg.quicksetsdk.lite/com.uei.control.Service: pid=17086 uid=10101 gids={50101, 3003, 1028, 1015}
12-12 12:15:42.353 17060 17060 D QRemote : [RemoteAppWidgetProvider.java:526:onUpdate()] oooooo 140514:alarm set after 5000ms:1199
12-12 12:15:42.353  1464  1474 I com.skyfire.browser.toolbar.ProcessObserverService: On importance changed 17086,10101,400
12-12 12:15:42.363 17060 17060 V QRemote : [RemoteAppWidgetProvider.java:151:onReceive()] oooooo action name : android.appwidget.action.APPWIDGET_UPDATE
12-12 12:15:42.363 17060 17060 D QRemote : [RemoteAppWidgetProvider.java:446:onUpdate()] oooooo onUpdate()
12-12 12:15:42.363 17060 17060 E QRemote : [RemoteAppWidgetProvider.java:404:isLimitationView()] oooooo rotation : 0
12-12 12:15:42.373 17060 17060 D QRemote : [RemoteAppWidgetProvider.java:455:onUpdate()] oooooo onUpdate orientation:false
12-12 12:15:42.373 17060 17060 D QRemote : [QRemoteUtils.java:188:isCalling()] oooooo audioMode : 0 Call state : false
12-12 12:15:42.373 17086 17086 D HyLog   : I : /data/font/config/sfconfig.dat, No such file or directory (2)
12-12 12:15:42.373 17086 17086 D HyLog   : I : /data/font/config/dfactpre.dat, No such file or directory (2)
12-12 12:15:42.373 17086 17086 D HyLog   : I : /data/font/config/sfconfig.dat, No such file or directory (2)
12-12 12:15:42.373   319  1337 V AwesomePlayer: track of type 'audio/vorbis' does not publish bitrate
12-12 12:15:42.373   319  1337 V AwesomePlayer: mBitrate = -1 bits/sec
12-12 12:15:42.373   319  1337 V AwesomePlayer: AudioTrack Setting
12-12 12:15:42.373   319  1337 V AwesomePlayer: AudioTrack Setting channelCount = 2
12-12 12:15:42.373 17060 17060 D QRemote : [RemoteAppWidgetProvider.java:508:onUpdate()] oooooo updateAppWidget to loading view
12-12 12:15:42.373   319  1337 W BrunchUsedCodecImpl: [isUsedCodec] Used codec!!!!! = audio/vorbis
12-12 12:15:42.373   319  1337 V MediaPlayerService: prepare
12-12 12:15:42.373   319  1337 V MediaPlayerService: wait for prepare
12-12 12:15:42.373   319 17102 V AudioSystem: isOffloadSupported()
12-12 12:15:42.373 17060 17060 D QRemote : [RemoteAppWidgetProvider.java:514:onUpdate()] oooooo 140510:RetrieveDevices is not complete. Just waiting
12-12 12:15:42.383   319 17102 V AudioPolicyManagerBase: isOffloadSupported: SR=48000, CM=0x3, Format=0x7000000, StreamType=-1, BitRate=4294967295, duration=1068125 us, has_video=0
12-12 12:15:42.383   319 17102 V AudioPolicyManagerBase: isOffloadSupported: stream_type != MUSIC, returning false
12-12 12:15:42.383 17060 17060 D QRemote : [RemoteAppWidgetProvider.java:526:onUpdate()] oooooo 140514:alarm set after 5000ms:8124
12-12 12:15:42.383   319 17102 I AudioFlinger: isAudioPlaybackHookOn() false
12-12 12:15:42.383   319 17102 V AwesomePlayer: getUseOffload() = 0 
12-12 12:15:42.383   319 17102 W BrunchUsedCodecImpl: [isUsedCodec] Used codec!!!!! = audio/vorbis
12-12 12:15:42.383   319 17102 W OMXCodec: matchComponentName (null), componentName OMX.google.vorbis.decoder
12-12 12:15:42.383   319 17102 V OMXCodec: matching 'OMX.google.vorbis.decoder' quirks 0x00000000
12-12 12:15:42.383   319 17102 V OMXCodec: Attempting to allocate OMX node 'OMX.google.vorbis.decoder'
12-12 12:15:42.383   319 17102 V OMXCodec: Successfully allocated OMX node 'OMX.google.vorbis.decoder'
12-12 12:15:42.383   319 17102 V OMXCodec: configureCodec protected=0
12-12 12:15:42.383   319 17102 V OMXCodec: Codec outputs a different number of channels than the input stream contains (contains 2 channels, codec outputs 1 channels).
12-12 12:15:42.383   319 17102 V OMXCodec: Codec outputs at different sampling rate than what the input stream contains (contains data at 48000 Hz, codec outputs 44100 Hz)
12-12 12:15:42.383   319 17102 V OMXCodec: [OMX.google.vorbis.decoder] allocating 4 buffers of size 8192 on input port
12-12 12:15:42.383   319 17102 V OMXCodec: [OMX.google.vorbis.decoder] allocated buffer 0xb8037000 on input port
12-12 12:15:42.383   319 17102 V OMXCodec: [OMX.google.vorbis.decoder] allocated buffer 0xb80359a8 on input port
12-12 12:15:42.383   319 17102 V OMXCodec: [OMX.google.vorbis.decoder] allocated buffer 0xb8035a78 on input port
12-12 12:15:42.383   319 17102 V OMXCodec: [OMX.google.vorbis.decoder] allocated buffer 0xb8035b30 on input port
12-12 12:15:42.383   319 17102 V OMXCodec: [OMX.google.vorbis.decoder] allocating 4 buffers of size 32768 on output port
12-12 12:15:42.383   319 17102 V OMXCodec: [OMX.google.vorbis.decoder] allocated buffer 0xb8035cb8 on output port
12-12 12:15:42.383   319 17102 V OMXCodec: [OMX.google.vorbis.decoder] allocated buffer 0xb8038f88 on output port
12-12 12:15:42.383   319 17102 V OMXCodec: [OMX.google.vorbis.decoder] allocated buffer 0xb8039090 on output port
12-12 12:15:42.383   319 17102 V OMXCodec: [OMX.google.vorbis.decoder] allocated buffer 0xb80391b8 on output port
12-12 12:15:42.383   319 17104 V OMXCodec: [OMX.google.vorbis.decoder] onStateChange 2
12-12 12:15:42.383   319 17104 V OMXCodec: [OMX.google.vorbis.decoder] Now Idle.
12-12 12:15:42.383   319 17104 V OMXCodec: [OMX.google.vorbis.decoder] onStateChange 3
12-12 12:15:42.383   319 17104 V OMXCodec: [OMX.google.vorbis.decoder] Now Executing.
12-12 12:15:42.383   319 17102 V AudioCache: notify(0xb8038e50, 5, 0, 0)
12-12 12:15:42.383   319 17102 V AudioCache: ignored
12-12 12:15:42.383   319 17102 V AudioCache: notify(0xb8038e50, 1, 0, 0)
12-12 12:15:42.383   319 17102 V AudioCache: prepared
12-12 12:15:42.383   319  1337 V AudioCache: wait - success
12-12 12:15:42.383   319  1337 V MediaPlayerService: start
12-12 12:15:42.383   319  1337 V AwesomePlayer: play_l m_isDivXDRM=0, bpurchasefile:0
12-12 12:15:42.383   319  1337 V OMXCodec: [OMX.google.vorbis.decoder] calling emptyBuffer with codec specific data
12-12 12:15:42.383   319  1337 V OMXCodec: [OMX.google.vorbis.decoder] calling emptyBuffer with codec specific data
12-12 12:15:42.393   319 17104 V OMXCodec: [OMX.google.vorbis.decoder] OMX_EventPortSettingsChanged(port=1, data2=0x00000000)
12-12 12:15:42.393   319 17104 V OMXCodec: [OMX.google.vorbis.decoder] PORT_SETTINGS_CHANGED(1)
12-12 12:15:42.393   319 17104 V OMXCodec: [OMX.google.vorbis.decoder] sending OMX_CommandPortDisable(1)
12-12 12:15:42.393   319 17104 V OMXCodec: [OMX.google.vorbis.decoder] Port is disabled, freeing buffer 0xb8035cb8
12-12 12:15:42.393   319 17104 V OMXCodec: [OMX.google.vorbis.decoder] Port is disabled, freeing buffer 0xb8038f88
12-12 12:15:42.393   319 17104 V OMXCodec: [OMX.google.vorbis.decoder] Port is disabled, freeing buffer 0xb8039090
12-12 12:15:42.393   319 17104 V OMXCodec: [OMX.google.vorbis.decoder] Port is disabled, freeing buffer 0xb80391b8
12-12 12:15:42.393   319 17104 V OMXCodec: [OMX.google.vorbis.decoder] PORT_DISABLED(1)
12-12 12:15:42.393   319 17104 V OMXCodec: [OMX.google.vorbis.decoder] reconfig handling, formatHasNotablyChanged
12-12 12:15:42.393   319 17104 V OMXCodec: [OMX.google.vorbis.decoder] sending OMX_CommandPortEnable(1)
12-12 12:15:42.393   319 17104 V OMXCodec: [OMX.google.vorbis.decoder] allocating 4 buffers of size 32768 on output port
12-12 12:15:42.393   319 17104 V OMXCodec: [OMX.google.vorbis.decoder] allocated buffer 0xb8036aa8 on output port
12-12 12:15:42.393   319 17104 V OMXCodec: [OMX.google.vorbis.decoder] allocated buffer 0xb8040148 on output port
12-12 12:15:42.393   319 17104 V OMXCodec: [OMX.google.vorbis.decoder] allocated buffer 0xb8040288 on output port
12-12 12:15:42.393   319 17104 V OMXCodec: [OMX.google.vorbis.decoder] allocated buffer 0xb80369b8 on output port
12-12 12:15:42.393   319 17104 V OMXCodec: [OMX.google.vorbis.decoder] PORT_ENABLED(1)
12-12 12:15:42.393   319  1337 V AudioPlayer: INFO_FORMAT_CHANGED!!!
12-12 12:15:42.393   319  1337 V AudioPlayer: mSampleRate is changed = 48000
12-12 12:15:42.393   319  1337 V AudioPlayer: mOrgSampleRate is changed = 48000
12-12 12:15:42.393   319  1337 V AudioCache: open(48000, 2, 0x0, 1, 4)
12-12 12:15:42.393   319  1337 V AudioCache: notify(0xb8038e50, 6, 0, 0)
12-12 12:15:42.393   319  1337 V AudioCache: ignored
12-12 12:15:42.393   319  1337 V MediaPlayerService: wait for playback complete
12-12 12:15:42.393   319 17105 V AudioPlayer: AudioCallback
12-12 12:15:42.393   319 17105 V AudioPlayer: buffer->size() = 0, mPositionTimeMediaUs=-0.00 mPositionTimeRealUs=0.00
12-12 12:15:42.393   319 17105 V AudioPlayer: buffer->size() = 2304, mPositionTimeMediaUs=0.34 mPositionTimeRealUs=0.00
12-12 12:15:42.393   319 17105 V AudioPlayer: buffer->size() = 2304, mPositionTimeMediaUs=0.34 mPositionTimeRealUs=0.01
12-12 12:15:42.393   319 17105 V AudioCache: write(0xb80398a0, 4096)
12-12 12:15:42.393   319 17105 V AudioCache: memcpy(0xb380c000, 0xb80398a0, 4096)
12-12 12:15:42.393   319 17105 V AudioPlayer: buffer->size() = 512, mPositionTimeMediaUs=0.34 mPositionTimeRealUs=0.02
12-12 12:15:42.393   319 17105 V AudioPlayer: buffer->size() = 512, mPositionTimeMediaUs=0.34 mPositionTimeRealUs=0.03
12-12 12:15:42.393   319 17105 V AudioPlayer: buffer->size() = 2304, mPositionTimeMediaUs=0.34 mPositionTimeRealUs=0.03
12-12 12:15:42.393   319 17105 V AudioPlayer: buffer->size() = 4096, mPositionTimeMediaUs=0.34 mPositionTimeRealUs=0.04
12-12 12:15:42.393   319 17105 V AudioCache: write(0xb80398a0, 4096)
12-12 12:15:42.393   319 17105 V AudioCache: memcpy(0xb380d000, 0xb80398a0, 4096)
12-12 12:15:42.393   319 17105 V AudioPlayer: buffer->size() = 4096, mPositionTimeMediaUs=0.34 mPositionTimeRealUs=0.06
12-12 12:15:42.393   319 17105 V AudioCache: write(0xb80398a0, 4096)
12-12 12:15:42.393   319 17105 V AudioCache: memcpy(0xb380e000, 0xb80398a0, 4096)
12-12 12:15:42.393   319 17105 V AudioPlayer: buffer->size() = 4096, mPositionTimeMediaUs=0.34 mPositionTimeRealUs=0.08
12-12 12:15:42.393   319 17105 V AudioCache: write(0xb80398a0, 4096)
12-12 12:15:42.393   319 17105 V AudioCache: memcpy(0xb380f000, 0xb80398a0, 4096)
12-12 12:15:42.393   319 17105 V AudioPlayer: buffer->size() = 4096, mPositionTimeMediaUs=0.34 mPositionTimeRealUs=0.11
12-12 12:15:42.393   319 17105 V AudioCache: write(0xb80398a0, 4096)
12-12 12:15:42.393   319 17105 V AudioCache: memcpy(0xb3810000, 0xb80398a0, 4096)
12-12 12:15:42.393   319 17105 V AudioPlayer: buffer->size() = 4096, mPositionTimeMediaUs=0.34 mPositionTimeRealUs=0.13
12-12 12:15:42.393   319 17105 V AudioCache: write(0xb80398a0, 4096)
12-12 12:15:42.393   319 17105 V AudioCache: memcpy(0xb3811000, 0xb80398a0, 4096)
12-12 12:15:42.393   319 17105 V AudioPlayer: buffer->size() = 4096, mPositionTimeMediaUs=0.34 mPositionTimeRealUs=0.15
12-12 12:15:42.393   319 17105 V AudioCache: write(0xb80398a0, 4096)
12-12 12:15:42.393   319 17105 V AudioCache: memcpy(0xb3812000, 0xb80398a0, 4096)
12-12 12:15:42.393   319 17105 V AudioPlayer: buffer->size() = 4096, mPositionTimeMediaUs=0.34 mPositionTimeRealUs=0.17
12-12 12:15:42.393   319 17105 V AudioCache: write(0xb80398a0, 4096)
12-12 12:15:42.393   319 17105 V AudioCache: memcpy(0xb3813000, 0xb80398a0, 4096)
12-12 12:15:42.393   319 17105 V AudioPlayer: buffer->size() = 4096, mPositionTimeMediaUs=0.34 mPositionTimeRealUs=0.19
12-12 12:15:42.393   319 17105 V AudioCache: write(0xb80398a0, 4096)
12-12 12:15:42.403   319 17105 V AudioCache: memcpy(0xb3814000, 0xb80398a0, 4096)
12-12 12:15:42.403   319 17105 V AudioPlayer: buffer->size() = 4096, mPositionTimeMediaUs=0.34 mPositionTimeRealUs=0.21
12-12 12:15:42.403   319 17105 V AudioCache: write(0xb80398a0, 4096)
12-12 12:15:42.403   319 17105 V AudioCache: memcpy(0xb3815000, 0xb80398a0, 4096)
12-12 12:15:42.403   319 17105 V AudioPlayer: buffer->size() = 4096, mPositionTimeMediaUs=0.34 mPositionTimeRealUs=0.23
12-12 12:15:42.403   319 17105 V AudioCache: write(0xb80398a0, 4096)
12-12 12:15:42.403   319 17105 V AudioCache: memcpy(0xb3816000, 0xb80398a0, 4096)
12-12 12:15:42.403   319 17105 V AudioPlayer: buffer->size() = 4096, mPositionTimeMediaUs=0.34 mPositionTimeRealUs=0.25
12-12 12:15:42.403   319 17105 V AudioCache: write(0xb80398a0, 4096)
12-12 12:15:42.403   319 17105 V AudioCache: memcpy(0xb3817000, 0xb80398a0, 4096)
12-12 12:15:42.403 17086 17086 D UEI.SmartControl: Quickset Services start...
12-12 12:15:42.403   319 17105 V AudioPlayer: buffer->size() = 4096, mPositionTimeMediaUs=0.34 mPositionTimeRealUs=0.28
12-12 12:15:42.403   319 17105 V AudioCache: write(0xb80398a0, 4096)
12-12 12:15:42.403   319 17105 V AudioCache: memcpy(0xb3818000, 0xb80398a0, 4096)
12-12 12:15:42.403   319 17105 V AudioPlayer: buffer->size() = 4096, mPositionTimeMediaUs=0.34 mPositionTimeRealUs=0.30
12-12 12:15:42.403   319 17105 V AudioCache: write(0xb80398a0, 4096)
12-12 12:15:42.403   319 17105 V AudioCache: memcpy(0xb3819000, 0xb80398a0, 4096)
12-12 12:15:42.403   319 17105 V AudioPlayer: buffer->size() = 4096, mPositionTimeMediaUs=0.34 mPositionTimeRealUs=0.32
12-12 12:15:42.403   319 17105 V AudioCache: write(0xb80398a0, 4096)
12-12 12:15:42.403   319 17105 V AudioCache: memcpy(0xb381a000, 0xb80398a0, 4096)
12-12 12:15:42.403 17086 17086 I UEI.SmartControl: Manufacture = LGE
12-12 12:15:42.403   319 17105 V AudioPlayer: buffer->size() = 4096, mPositionTimeMediaUs=0.68 mPositionTimeRealUs=0.34
12-12 12:15:42.403   319 17105 V AudioCache: write(0xb80398a0, 4096)
12-12 12:15:42.403   319 17105 V AudioCache: memcpy(0xb381b000, 0xb80398a0, 4096)
12-12 12:15:42.403 17086 17086 D UEI.SmartControl: Extracting JNI libs...
12-12 12:15:42.403   319 17105 V AudioPlayer: buffer->size() = 4096, mPositionTimeMediaUs=0.68 mPositionTimeRealUs=0.36
12-12 12:15:42.403   319 17105 V AudioCache: write(0xb80398a0, 4096)
12-12 12:15:42.403   319 17105 V AudioCache: memcpy(0xb381c000, 0xb80398a0, 4096)
12-12 12:15:42.403   319 17105 V AudioPlayer: buffer->size() = 4096, mPositionTimeMediaUs=0.68 mPositionTimeRealUs=0.38
12-12 12:15:42.403   319 17105 V AudioCache: write(0xb80398a0, 4096)
12-12 12:15:42.403   319 17105 V AudioCache: memcpy(0xb381d000, 0xb80398a0, 4096)
12-12 12:15:42.403 17086 17086 D UEI.SmartControl: QS Libs size = 262388
12-12 12:15:42.403   319 17105 V AudioPlayer: buffer->size() = 4096, mPositionTimeMediaUs=0.68 mPositionTimeRealUs=0.40
12-12 12:15:42.403   319 17105 V AudioCache: write(0xb80398a0, 4096)
12-12 12:15:42.403   319 17105 V AudioCache: memcpy(0xb381e000, 0xb80398a0, 4096)
12-12 12:15:42.403   319 17105 V AudioPlayer: buffer->size() = 4096, mPositionTimeMediaUs=0.68 mPositionTimeRealUs=0.43
12-12 12:15:42.403   319 17105 V AudioCache: write(0xb80398a0, 4096)
12-12 12:15:42.403   319 17105 V AudioCache: memcpy(0xb381f000, 0xb80398a0, 4096)
12-12 12:15:42.413   319 17105 V AudioPlayer: buffer->size() = 4096, mPositionTimeMediaUs=0.68 mPositionTimeRealUs=0.45
12-12 12:15:42.413   319 17105 V AudioCache: write(0xb80398a0, 4096)
12-12 12:15:42.413   319 17105 V AudioCache: memcpy(0xb3820000, 0xb80398a0, 4096)
12-12 12:15:42.413   319 17105 V AudioPlayer: buffer->size() = 4096, mPositionTimeMediaUs=0.68 mPositionTimeRealUs=0.47
12-12 12:15:42.413   319 17105 V AudioCache: write(0xb80398a0, 4096)
12-12 12:15:42.413   319 17105 V AudioCache: memcpy(0xb3821000, 0xb80398a0, 4096)
12-12 12:15:42.413   319 17105 V AudioPlayer: buffer->size() = 4096, mPositionTimeMediaUs=0.68 mPositionTimeRealUs=0.49
12-12 12:15:42.413   319 17105 V AudioCache: write(0xb80398a0, 4096)
12-12 12:15:42.413   319 17105 V AudioCache: memcpy(0xb3822000, 0xb80398a0, 4096)
12-12 12:15:42.413   319 17105 V AudioPlayer: buffer->size() = 4096, mPositionTimeMediaUs=0.68 mPositionTimeRealUs=0.51
12-12 12:15:42.413   319 17105 V AudioCache: write(0xb80398a0, 4096)
12-12 12:15:42.413   319 17105 V AudioCache: memcpy(0xb3823000, 0xb80398a0, 4096)
12-12 12:15:42.413   319 17105 V AudioPlayer: buffer->size() = 4096, mPositionTimeMediaUs=0.68 mPositionTimeRealUs=0.53
12-12 12:15:42.413   319 17105 V AudioCache: write(0xb80398a0, 4096)
12-12 12:15:42.413   319 17105 V AudioCache: memcpy(0xb3824000, 0xb80398a0, 4096)
12-12 12:15:42.413   319 17105 V AudioPlayer: buffer->size() = 4096, mPositionTimeMediaUs=0.68 mPositionTimeRealUs=0.55
12-12 12:15:42.413   319 17105 V AudioCache: write(0xb80398a0, 4096)
12-12 12:15:42.413   319 17105 V AudioCache: memcpy(0xb3825000, 0xb80398a0, 4096)
12-12 12:15:42.413   319 17105 V AudioPlayer: buffer->size() = 4096, mPositionTimeMediaUs=0.68 mPositionTimeRealUs=0.57
12-12 12:15:42.413   319 17105 V AudioCache: write(0xb80398a0, 4096)
12-12 12:15:42.413   319 17105 V AudioCache: memcpy(0xb3826000, 0xb80398a0, 4096)
12-12 12:15:42.413   319 17105 V AudioPlayer: buffer->size() = 4096, mPositionTimeMediaUs=0.68 mPositionTimeRealUs=0.60
12-12 12:15:42.413   319 17105 V AudioCache: write(0xb80398a0, 4096)
12-12 12:15:42.413   319 17105 V AudioCache: memcpy(0xb3827000, 0xb80398a0, 4096)
12-12 12:15:42.413   319 17105 V AudioPlayer: buffer->size() = 4096, mPositionTimeMediaUs=0.68 mPositionTimeRealUs=0.62
12-12 12:15:42.413   319 17105 V AudioCache: write(0xb80398a0, 4096)
12-12 12:15:42.413   319 17105 V AudioCache: memcpy(0xb3828000, 0xb80398a0, 4096)
12-12 12:15:42.413   319 17105 V AudioPlayer: buffer->size() = 4096, mPositionTimeMediaUs=0.68 mPositionTimeRealUs=0.64
12-12 12:15:42.413   319 17105 V AudioCache: write(0xb80398a0, 4096)
12-12 12:15:42.413   319 17105 V AudioCache: memcpy(0xb3829000, 0xb80398a0, 4096)
12-12 12:15:42.413   319 17105 V AudioPlayer: buffer->size() = 4096, mPositionTimeMediaUs=0.68 mPositionTimeRealUs=0.66
12-12 12:15:42.413   319 17105 V AudioCache: write(0xb80398a0, 4096)
12-12 12:15:42.413   319 17105 V AudioCache: memcpy(0xb382a000, 0xb80398a0, 4096)
12-12 12:15:42.413   319 17105 V AudioPlayer: buffer->size() = 4096, mPositionTimeMediaUs=0.68 mPositionTimeRealUs=0.68
12-12 12:15:42.413   319 17105 V AudioCache: write(0xb80398a0, 4096)
12-12 12:15:42.413   319 17105 V AudioCache: memcpy(0xb382b000, 0xb80398a0, 4096)
12-12 12:15:42.423   319 17105 V AudioPlayer: buffer->size() = 4096, mPositionTimeMediaUs=1.00 mPositionTimeRealUs=0.70
12-12 12:15:42.423   319 17105 V AudioCache: write(0xb80398a0, 4096)
12-12 12:15:42.423   319 17105 V AudioCache: memcpy(0xb382c000, 0xb80398a0, 4096)
12-12 12:15:42.423   319 17105 V AudioPlayer: buffer->size() = 4096, mPositionTimeMediaUs=1.00 mPositionTimeRealUs=0.72
12-12 12:15:42.423   319 17105 V AudioCache: write(0xb80398a0, 4096)
12-12 12:15:42.423   319 17105 V AudioCache: memcpy(0xb382d000, 0xb80398a0, 4096)
12-12 12:15:42.423   319 17105 V AudioPlayer: buffer->size() = 4096, mPositionTimeMediaUs=1.00 mPositionTimeRealUs=0.75
12-12 12:15:42.423   319 17105 V AudioCache: write(0xb80398a0, 4096)
12-12 12:15:42.423   319 17105 V AudioCache: memcpy(0xb382e000, 0xb80398a0, 4096)
12-12 12:15:42.423   319 17105 V AudioPlayer: buffer->size() = 4096, mPositionTimeMediaUs=1.00 mPositionTimeRealUs=0.77
12-12 12:15:42.423   319 17105 V AudioCache: write(0xb80398a0, 4096)
12-12 12:15:42.423   319 17105 V AudioCache: memcpy(0xb382f000, 0xb80398a0, 4096)
12-12 12:15:42.423   319 17105 V AudioPlayer: buffer->size() = 4096, mPositionTimeMediaUs=1.00 mPositionTimeRealUs=0.79
12-12 12:15:42.423   319 17105 V AudioCache: write(0xb80398a0, 4096)
12-12 12:15:42.423   319 17105 V AudioCache: memcpy(0xb3830000, 0xb80398a0, 4096)
12-12 12:15:42.423   319 17105 V AudioPlayer: buffer->size() = 4096, mPositionTimeMediaUs=1.00 mPositionTimeRealUs=0.81
12-12 12:15:42.423   319 17105 V AudioCache: write(0xb80398a0, 4096)
12-12 12:15:42.423   319 17105 V AudioCache: memcpy(0xb3831000, 0xb80398a0, 4096)
12-12 12:15:42.423   319 17105 V AudioPlayer: buffer->size() = 4096, mPositionTimeMediaUs=1.00 mPositionTimeRealUs=0.83
12-12 12:15:42.423   319 17105 V AudioCache: write(0xb80398a0, 4096)
12-12 12:15:42.423   319 17105 V AudioCache: memcpy(0xb3832000, 0xb80398a0, 4096)
12-12 12:15:42.423   319 17105 V AudioPlayer: buffer->size() = 4096, mPositionTimeMediaUs=1.00 mPositionTimeRealUs=0.85
12-12 12:15:42.423   319 17105 V AudioCache: write(0xb80398a0, 4096)
12-12 12:15:42.423   319 17105 V AudioCache: memcpy(0xb3833000, 0xb80398a0, 4096)
12-12 12:15:42.423   319 17105 V AudioPlayer: buffer->size() = 4096, mPositionTimeMediaUs=1.00 mPositionTimeRealUs=0.87
12-12 12:15:42.423   319 17105 V AudioCache: write(0xb80398a0, 4096)
12-12 12:15:42.423   319 17105 V AudioCache: memcpy(0xb3834000, 0xb80398a0, 4096)
12-12 12:15:42.423   319 17105 V AudioPlayer: buffer->size() = 4096, mPositionTimeMediaUs=1.00 mPositionTimeRealUs=0.89
12-12 12:15:42.423   319 17105 V AudioCache: write(0xb80398a0, 4096)
12-12 12:15:42.423   319 17105 V AudioCache: memcpy(0xb3835000, 0xb80398a0, 4096)
12-12 12:15:42.423   319 17105 V AudioPlayer: buffer->size() = 4096, mPositionTimeMediaUs=1.00 mPositionTimeRealUs=0.92
12-12 12:15:42.423   319 17105 V AudioCache: write(0xb80398a0, 4096)
12-12 12:15:42.423   319 17105 V AudioCache: memcpy(0xb3836000, 0xb80398a0, 4096)
12-12 12:15:42.423   319 17105 V AudioPlayer: buffer->size() = 4096, mPositionTimeMediaUs=1.00 mPositionTimeRealUs=0.94
12-12 12:15:42.423   319 17105 V AudioCache: write(0xb80398a0, 4096)
12-12 12:15:42.423   319 17105 V AudioCache: memcpy(0xb3837000, 0xb80398a0, 4096)
12-12 12:15:42.433   319 17105 V AudioPlayer: buffer->size() = 4096, mPositionTimeMediaUs=1.00 mPositionTimeRealUs=0.96
12-12 12:15:42.433   319 17105 V AudioCache: write(0xb80398a0, 4096)
12-12 12:15:42.433   319 17105 V AudioCache: memcpy(0xb3838000, 0xb80398a0, 4096)
12-12 12:15:42.433   319 17105 V AudioPlayer: buffer->size() = 4096, mPositionTimeMediaUs=1.00 mPositionTimeRealUs=0.98
12-12 12:15:42.433   319 17105 V AudioCache: write(0xb80398a0, 4096)
12-12 12:15:42.433   319 17105 V AudioCache: memcpy(0xb3839000, 0xb80398a0, 4096)
12-12 12:15:42.433   319 17105 V AudioPlayer: buffer->size() = 4096, mPositionTimeMediaUs=1.00 mPositionTimeRealUs=1.00
12-12 12:15:42.433   319 17105 V AudioCache: write(0xb80398a0, 4096)
12-12 12:15:42.433   319 17105 V AudioCache: memcpy(0xb383a000, 0xb80398a0, 4096)
12-12 12:15:42.433   319 17105 V AudioPlayer: buffer->size() = 4096, mPositionTimeMediaUs=1.07 mPositionTimeRealUs=1.02
12-12 12:15:42.433   319 17105 V AudioCache: write(0xb80398a0, 4096)
12-12 12:15:42.433   319 17105 V AudioCache: memcpy(0xb383b000, 0xb80398a0, 4096)
12-12 12:15:42.433   319 17105 V AudioPlayer: buffer->size() = 4096, mPositionTimeMediaUs=1.07 mPositionTimeRealUs=1.04
12-12 12:15:42.433   319 17105 V AudioCache: write(0xb80398a0, 4096)
12-12 12:15:42.433   319 17105 V AudioCache: memcpy(0xb383c000, 0xb80398a0, 4096)
12-12 12:15:42.433   319 17105 V AudioPlayer: buffer->size() = 536, mPositionTimeMediaUs=1.07 mPositionTimeRealUs=1.07
12-12 12:15:42.433   319 17105 V AudioCache: write(0xb80398a0, 4096)
12-12 12:15:42.433   319 17105 V AudioCache: memcpy(0xb383d000, 0xb80398a0, 4096)
12-12 12:15:42.433   319 17104 V OMXCodec: [OMX.google.vorbis.decoder] No more output data.
12-12 12:15:42.433   319 17105 V AudioPlayer: buffer->size() = 0, mPositionTimeMediaUs=1.07 mPositionTimeRealUs=1.07
12-12 12:15:42.433   319 17105 V OMXCodec: [OMX.google.vorbis.decoder] There is no more output data available, not calling fillOutputBuffer
12-12 12:15:42.433   319 17105 V AudioPlayer: total number of frames played: 51270 (1068125 us)
12-12 12:15:42.433   319 17105 V AudioPlayer: 70 frames left to play, 1458 us (0.00 secs)
12-12 12:15:42.433   319 17105 V AudioCache: write(0xb80398a0, 280)
12-12 12:15:42.433   319 17105 V AudioCache: memcpy(0xb383e000, 0xb80398a0, 280)
12-12 12:15:42.433   319 17102 V AwesomePlayer: MEDIA_PLAYBACK_COMPLETE
12-12 12:15:42.433   319 17102 V AudioCache: notify(0xb8038e50, 2, 0, 0)
12-12 12:15:42.433   319 17102 V AudioCache: playback complete
12-12 12:15:42.433   319 17102 V AudioCache: notify(0xb8038e50, 7, 0, 0)
12-12 12:15:42.433   319  1337 V AudioCache: wait - success
12-12 12:15:42.433   319  1337 V MediaPlayerService: return size 205080, sampleRate=48000, channelCount = 2, format = 1
12-12 12:15:42.433   319 17102 V AudioCache: ignored
12-12 12:15:42.433   319  1337 V AudioCache: notify(0xb8038e50, 8, 0, 0)
12-12 12:15:42.433   319  1337 V AudioCache: ignored
12-12 12:15:42.433   319  1337 V AudioPlayer: reset: mPlaying=0 mReachedEOS=1 useOffload=0
12-12 12:15:42.433   319  1337 V OMXCodec: [OMX.google.vorbis.decoder] stop mState=4
12-12 12:15:42.433   319  1337 V OMXCodec: [OMX.google.vorbis.decoder] stopOmxComponent_l mState=4
12-12 12:15:42.433   319 17104 V OMXCodec: [OMX.google.vorbis.decoder] onStateChange 2
12-12 12:15:42.433   319 17104 V OMXCodec: [OMX.google.vorbis.decoder] Now Idle.
12-12 12:15:42.433   319 17104 V OMXCodec: [OMX.google.vorbis.decoder] freeing buffer 0xb8035b30 on port 0
12-12 12:15:42.433   319 17104 V OMXCodec: [OMX.google.vorbis.decoder] freeing buffer 0xb8035a78 on port 0
12-12 12:15:42.433   319 17104 V OMXCodec: [OMX.google.vorbis.decoder] freeing buffer 0xb80359a8 on port 0
12-12 12:15:42.433   319 17104 V OMXCodec: [OMX.google.vorbis.decoder] freeing buffer 0xb8037000 on port 0
12-12 12:15:42.433   319 17104 V OMXCodec: [OMX.google.vorbis.decoder] freeing buffer 0xb80369b8 on port 1
12-12 12:15:42.433   319 17104 V OMXCodec: [OMX.google.vorbis.decoder] freeing buffer 0xb8040288 on port 1
12-12 12:15:42.433   319 17104 V OMXCodec: [OMX.google.vorbis.decoder] freeing buffer 0xb8040148 on port 1
12-12 12:15:42.433   319 17104 V OMXCodec: [OMX.google.vorbis.decoder] freeing buffer 0xb8036aa8 on port 1
12-12 12:15:42.433   319 17104 V OMXCodec: [OMX.google.vorbis.decoder] onStateChange 1
12-12 12:15:42.433   319 17104 V OMXCodec: [OMX.google.vorbis.decoder] Now Loaded.
12-12 12:15:42.433   319  1337 V OMXCodec: [OMX.google.vorbis.decoder] stopped in state 1
12-12 12:15:42.433   319  1337 D AudioPlayer: AudioPlayer releasing audio source.
12-12 12:15:42.433   319  1337 D AudioPlayer: AudioSource done releasing audio source
12-12 12:15:42.463 17086 17086 I UEI.SmartControl: --- Selecting new region: 2
12-12 12:15:42.463 17086 17086 I UEI.SmartControl: -- Running on KitKat(19) and above! JNI will be used.
12-12 12:15:42.463 17086 17086 I UEI.SmartControl: Model: LG-V410 uses JNI
12-12 12:15:42.463 17086 17086 D UEI.SmartControl: QS Service created
12-12 12:15:42.483 17086 17086 E UEI.SmartControl: QS start get config
12-12 12:15:42.533 17086 17086 D UEI.SmartControl: Loading JNI Libs...
12-12 12:15:42.533 17086 17086 D dalvikvm: Trying to load lib /data/data/com.uei.lg.quicksetsdk.lite/files/libcurl.so 0x41b76708
12-12 12:15:42.533 17086 17086 D dalvikvm: Added shared lib /data/data/com.uei.lg.quicksetsdk.lite/files/libcurl.so 0x41b76708
12-12 12:15:42.533 17086 17086 D dalvikvm: No JNI_OnLoad found in /data/data/com.uei.lg.quicksetsdk.lite/files/libcurl.so 0x41b76708, skipping init
12-12 12:15:42.533 17086 17086 D dalvikvm: Trying to load lib /data/data/com.uei.lg.quicksetsdk.lite/files/libjson.so 0x41b76708
12-12 12:15:42.533 17086 17086 D dalvikvm: Added shared lib /data/data/com.uei.lg.quicksetsdk.lite/files/libjson.so 0x41b76708
12-12 12:15:42.533 17086 17086 D dalvikvm: No JNI_OnLoad found in /data/data/com.uei.lg.quicksetsdk.lite/files/libjson.so 0x41b76708, skipping init
12-12 12:15:42.533 17086 17086 D dalvikvm: Trying to load lib /data/data/com.uei.lg.quicksetsdk.lite/files/libqs.so 0x41b76708
12-12 12:15:42.533 17086 17086 D dalvikvm: Added shared lib /data/data/com.uei.lg.quicksetsdk.lite/files/libqs.so 0x41b76708
12-12 12:15:42.533 17086 17086 D dalvikvm: No JNI_OnLoad found in /data/data/com.uei.lg.quicksetsdk.lite/files/libqs.so 0x41b76708, skipping init
12-12 12:15:42.533 17086 17086 D dalvikvm: Trying to load lib /data/data/com.uei.lg.quicksetsdk.lite/files/libndk_jni.so 0x41b76708
12-12 12:15:42.533 17086 17086 D dalvikvm: Added shared lib /data/data/com.uei.lg.quicksetsdk.lite/files/libndk_jni.so 0x41b76708
12-12 12:15:42.533 17086 17086 D quickset:  QS libjni JNI_OnLoad 
12-12 12:15:42.533 17086 17086 D UEI.SmartControl:  configuring local db...
12-12 12:15:42.623   327   427 I ThermalEngine: Sensor:pa_therm1:22000 mC
12-12 12:15:42.653 17081 17081 D AndroidRuntime: 
12-12 12:15:42.653 17081 17081 D AndroidRuntime: >>>>>> AndroidRuntime START com.android.internal.os.RuntimeInit <<<<<<
12-12 12:15:42.653 17081 17081 D AndroidRuntime: CheckJNI is OFF
12-12 12:15:42.663 17081 17081 D dalvikvm: Trying to load lib libjavacore.so 0x0
12-12 12:15:42.673 17081 17081 D dalvikvm: Added shared lib libjavacore.so 0x0
12-12 12:15:42.673 17081 17081 D dalvikvm: Trying to load lib libnativehelper.so 0x0
12-12 12:15:42.673 17081 17081 D dalvikvm: Added shared lib libnativehelper.so 0x0
12-12 12:15:42.673 17081 17081 D dalvikvm: No JNI_OnLoad found in libnativehelper.so 0x0, skipping init
12-12 12:15:42.713   304   384 I Vold    : [LGE][VOLD][NetlinkHandler.cpp][onEvent()] subsys:cpu, action:0
12-12 12:15:42.713 17081 17081 D dalvikvm: Note: class Landroid/app/ActivityManagerNative; has 184 unimplemented (abstract) methods
12-12 12:15:42.793 17086 17086 D UEI.SmartControl:  ---- Has DB8: true
12-12 12:15:42.823 17086 17086 D UEI.SmartControl: QS start statue = true Error code = 0
12-12 12:15:42.823 17086 17086 D UEI.SmartControl: QS version = v2.5.2.1_RC10
12-12 12:15:42.823 17086 17086 D UEI.SmartControl: QS DB version = LG_Mobile_SW_Blaster_EU_database_v3.4_nevosmart
12-12 12:15:42.833 17086 17086 D UEI.SmartControl: IRRCDataComm has AudioManager!!!!.
12-12 12:15:42.833 17086 17086 D dalvikvm: No JNI_OnLoad found in /system/lib/libirrc.so 0x41b76708, skipping init
12-12 12:15:42.843 17086 17086 D dalvikvm: No JNI_OnLoad found in /system/lib/libirrcJni.so 0x41b76708, skipping init
12-12 12:15:42.843 17086 17086 W irrc_jni: IRRCPlayer_nativeInit ++ 
12-12 12:15:42.843 17086 17086 D irrcClient: IrrcClient ++ 
12-12 12:15:42.843 17086 17086 D irrcClient: getIrrcService ++ 
12-12 12:15:42.843 17086 17086 E irrcClient: sDeathNotifier = new DeathNotifier();
12-12 12:15:42.843 17086 17086 E irrcClient: linkToDeath...
12-12 12:15:42.843 17086 17086 D irrcClient: getIrrcService -- 
12-12 12:15:42.843 17086 17086 D irrcClient: IrrcClient -- 
12-12 12:15:42.843 17086 17086 W irrc_jni: IRRCPlayer_nativeInit -- 
12-12 12:15:42.843 17086 17086 D UEI.SmartControl: Services init done
12-12 12:15:42.843 17086 17123 I UEI.SmartControl: Device manager: loading config....
12-12 12:15:42.843 17086 17086 D UEI.SmartControl: QS Service init finished
12-12 12:15:42.843 17086 17086 D UEI.SmartControl: QS Service version name: 0.1.67
12-12 12:15:42.843 17086 17086 D UEI.SmartControl: QS Service version code: 1
12-12 12:15:42.843 17086 17086 D UEI.SmartControl: Service requested: Control
12-12 12:15:42.853 17086 17123 D UEI.SmartControl: Config is loaded...
12-12 12:15:42.863 17086 17086 D UEI.SmartControl: Request IControl service: devices are loaded...
12-12 12:15:42.863 17060 17060 I QRemote : [RemoteControlManager.java:191:onServiceConnected()] oooooo start
12-12 12:15:42.863 17086 17098 D UEI.SmartControl: -----IControl: 11
12-12 12:15:42.863 17086 17122 D UEI.SmartControl:  ----- QS SDK is ready!!!
12-12 12:15:42.863 17086 17098 D UEI.SmartControl: ------------ IControl registerCallback...
12-12 12:15:42.863 17086 17122 I UEI.SmartControl: Notify AllClients services are ready: 0
12-12 12:15:42.863 17086 17098 I UEI.SmartControl: Registering callback...
12-12 12:15:42.863 17086 17099 D UEI.SmartControl: -----IControl: 19
12-12 12:15:42.863 17086 17099 I UEI.SmartControl: Registering Services Ready callback...
12-12 12:15:42.863 17086 17086 D UEI.SmartControl: Internal service binding...
12-12 12:15:42.863 17086 17099 I UEI.SmartControl: Notify client services are ready...
12-12 12:15:42.863   990  3365 I ActivityManager: Killing 8461:com.google.android.apps.maps/u0a92 (adj 15): empty for 27768s
12-12 12:15:42.873 17060 17071 I QRemote : [RemoteControlManager.java:673:QSSetupIsReady()] oooooo 140517:sdkIsReady callback... get functions. Result:0
12-12 12:15:42.873 17060 17083 D QRemote : [RemoteControlManager.java:400:handleMessage()] oooooo 140510:START_SESSION
12-12 12:15:42.873 17060 17083 D QRemote : [RemoteControlManager.java:406:handleMessage()] oooooo 140510:send retrieve msg
12-12 12:15:42.873 17060 17060 D QRemote : [RemoteControlManager.java:334:handleMessage()] oooooo 140510:handler call retrieveDevices
12-12 12:15:42.873 17060 17060 D QRemote : [RemoteControlManager.java:348:retrieveDevices()] oooooo retrieveDevices: start
12-12 12:15:42.873 17086 17098 D UEI.SmartControl: -----IControl: 8
12-12 12:15:42.873 17060 17060 D QRemote : [RemoteControlManager.java:352:retrieveDevices()] oooooo retrieveDevices: 0
12-12 12:15:42.873 17060 17060 D QRemote : [RemoteControlManager.java:357:retrieveDevices()] oooooo retrieveDevices complete:true
12-12 12:15:42.873 17060 17060 D QRemote : [RemoteControlManager.java:365:retrieveDevices()] oooooo retrieveDevices: notifyDataSetChanged()
12-12 12:15:42.873 17060 17060 D QRemote : [QRemoteApplication.java:139:onRemoteControlStateChanged()] oooooo onRemoteControlStateChanged called in QRemoteApp
12-12 12:15:42.873 17060 17060 D QRemote : [QRemoteApplication.java:152:onRemoteControlStateChanged()] oooooo Widget count is [1]. send broadcast
12-12 12:15:42.873 17060 17060 D QRemote : [QRemoteApplication.java:154:onRemoteControlStateChanged()] oooooo Widget[0]:2338
12-12 12:15:42.873 17060 17060 D QRemote : [QRemoteApplication.java:183:onRemoteControlStateChanged()] oooooo 140526:onRemoteControlStateChanged&sdkIsReady. unbinding Service
12-12 12:15:42.883 17060 17060 V QRemote : [RemoteAppWidgetProvider.java:151:onReceive()] oooooo action name : android.appwidget.action.APPWIDGET_UPDATE
12-12 12:15:42.883 17060 17060 D QRemote : [RemoteAppWidgetProvider.java:446:onUpdate()] oooooo onUpdate()
12-12 12:15:42.883 17060 17060 E QRemote : [RemoteAppWidgetProvider.java:404:isLimitationView()] oooooo rotation : 0
12-12 12:15:42.883 17060 17060 D QRemote : [RemoteAppWidgetProvider.java:455:onUpdate()] oooooo onUpdate orientation:false
12-12 12:15:42.883 17060 17060 D QRemote : [QRemoteUtils.java:188:isCalling()] oooooo audioMode : 0 Call state : false
12-12 12:15:42.883 17060 17060 D QRemote : [RemoteAppWidgetProvider.java:508:onUpdate()] oooooo updateAppWidget to loading view
12-12 12:15:42.883 17060 17060 D QRemote : [RemoteAppWidgetProvider.java:533:onUpdate()] oooooo 140510:RetrieveDevices complete. Start loading
12-12 12:15:42.883 17060 17060 D QRemote : [RemoteAppWidgetProvider.java:535:onUpdate()] oooooo 140510:appWidgetIds[0]:2338 loading
12-12 12:15:42.883 17060 17060 D QRemote : [RemoteAppWidgetManager.java:37:startLoading()] oooooo 140518:widgetId[2338] loading start at [1513109742897]
12-12 12:15:42.893 17081 17081 E memtrack: Couldn't load memtrack module (No such file or directory)
12-12 12:15:42.893 17081 17081 E android.os.Debug: failed to load memtrack module: -2
12-12 12:15:42.893  1464  1475 I com.skyfire.browser.toolbar.ProcessObserverService: On process died 8461,10092
12-12 12:15:42.893  1222  6012 V SplitWindowPolicyService: requestUpdateStackInfo
12-12 12:15:42.893   990  1197 D ActivityManager: resumeTopActivityLocked: Top activity resumed ActivityRecord{41ea4de8 u0 com.lge.launcher2/.Launcher t1}
12-12 12:15:42.903  1198  1198 D wpa_supplicant: EAPOL: startWhen --> 0
12-12 12:15:42.903  1198  1198 D wpa_supplicant: EAPOL: disable timer tick
12-12 12:15:42.903 17060 17060 D QRemote : [QRemoteService.java:203:onDestroy()] oooooo 140526:onDestroy
12-12 12:15:42.923 17060 17125 D QRemote : [RemoteAppWidgetManager.java:235:doInBackground()] oooooo 140407:doinBack arr:0
12-12 12:15:42.923 17060 17060 V QRemote : [RemoteAppWidgetProvider.java:151:onReceive()] oooooo action name : com.lge.qremote.action.widget_ui_update
12-12 12:15:42.923 17060 17060 E QRemote : [RemoteAppWidgetProvider.java:404:isLimitationView()] oooooo rotation : 0
12-12 12:15:42.923 17060 17060 D QRemote : [QRemoteUtils.java:188:isCalling()] oooooo audioMode : 0 Call state : false
12-12 12:15:42.923 17060 17060 D QRemote : [RemoteAppWidgetProvider.java:168:onReceive()] oooooo total:0
12-12 12:15:42.923 17060 17060 D QRemote : [RemoteAppWidgetProvider.java:169:onReceive()] oooooo selected:0
12-12 12:15:42.923 17060 17060 D QRemote : [RemoteAppWidgetProvider.java:170:onReceive()] oooooo arr:[]
12-12 12:15:42.923 17060 17060 D QRemote : [RemoteAppWidgetProvider.java:171:onReceive()] oooooo appWidgetId:2338
12-12 12:15:42.923 17060 17060 D QRemote : [RemoteAppWidgetProvider.java:808:updateRemoteViews()] oooooo UpdateRemoteViews3:widgetId:2338
12-12 12:15:42.933 17060 17060 D QRemote : [RemoteAppWidgetProvider.java:983:updateRemoteViews()] oooooo updateAppWidget5:widgetId:2338]
12-12 12:15:42.963 17081 17081 D AndroidRuntime: Calling main entry com.android.commands.pm.Pm
12-12 12:15:43.123 17081 17081 D AndroidRuntime: Shutting down VM
12-12 12:15:43.133 17081 17115 D dalvikvm: GC_CONCURRENT freed 97K, 15% free 591K/692K, paused 0ms+0ms, total 3ms
12-12 12:15:43.163   304   384 I Vold    : [LGE][VOLD][NetlinkHandler.cpp][onEvent()] subsys:cpu, action:0
12-12 12:15:43.323   304   384 I Vold    : [LGE][VOLD][NetlinkHandler.cpp][onEvent()] subsys:cpu, action:0
12-12 12:15:43.363   990  1143 D qcom_sensors_hal: hal_time_data_cb: msg_type 2
12-12 12:15:43.363   990  1143 D qcom_sensors_hal: hal_time_data_cb: Sn 24, msg Id 3, txn Id 0
12-12 12:15:43.363   990  1143 D qcom_sensors_hal: hal_ts_offset_is: Apps: 1513109743371763771; DSPS: 924650427; Offset: 1513081525280119484
12-12 12:15:43.843   304   384 I Vold    : [LGE][VOLD][NetlinkHandler.cpp][onEvent()] subsys:cpu, action:0
12-12 12:15:43.983 17135 17135 D AndroidRuntime: 
12-12 12:15:43.983 17135 17135 D AndroidRuntime: >>>>>> AndroidRuntime START com.android.internal.os.RuntimeInit <<<<<<
12-12 12:15:43.983 17135 17135 D AndroidRuntime: CheckJNI is OFF
12-12 12:15:44.003 17135 17135 D dalvikvm: Trying to load lib libjavacore.so 0x0
12-12 12:15:44.003 17135 17135 D dalvikvm: Added shared lib libjavacore.so 0x0
12-12 12:15:44.003 17135 17135 D dalvikvm: Trying to load lib libnativehelper.so 0x0
12-12 12:15:44.003 17135 17135 D dalvikvm: Added shared lib libnativehelper.so 0x0
12-12 12:15:44.003 17135 17135 D dalvikvm: No JNI_OnLoad found in libnativehelper.so 0x0, skipping init
12-12 12:15:44.043 17135 17135 D dalvikvm: Note: class Landroid/app/ActivityManagerNative; has 184 unimplemented (abstract) methods
12-12 12:15:44.213 17135 17135 E memtrack: Couldn't load memtrack module (No such file or directory)
12-12 12:15:44.213 17135 17135 E android.os.Debug: failed to load memtrack module: -2
12-12 12:15:44.293 17135 17135 D AndroidRuntime: Calling main entry com.android.commands.pm.Pm
12-12 12:15:44.393 17135 17135 D AndroidRuntime: Shutting down VM
12-12 12:15:44.393 17135 17144 D dalvikvm: GC_CONCURRENT freed 97K, 15% free 591K/692K, paused 1ms+0ms, total 4ms
12-12 12:15:44.603   304   384 I Vold    : [LGE][VOLD][NetlinkHandler.cpp][onEvent()] subsys:cpu, action:0
12-12 12:15:45.043   990  1176 D WifiStateMachine: handleMessage: E msg.what=131155
12-12 12:15:45.043   990  1176 D WifiStateMachine: processMsg: ObtainingIpState
12-12 12:15:45.043   990  1176 D WifiStateMachine: ObtainingIpState{ when=-3ms what=131155 arg1=1 target=com.android.internal.util.StateMachine$SmHandler }
12-12 12:15:45.043   990  1176 D WifiStateMachine: processMsg: L2ConnectedState
12-12 12:15:45.043   990  1176 D WifiNative-wlan0: doString: SIGNAL_POLL
12-12 12:15:45.043  1198  1198 D wpa_supplicant: wlan0: Control interface command 'SIGNAL_POLL'
12-12 12:15:45.043  1198  1198 D wpa_supplicant: nl80211: survey data missing!
12-12 12:15:45.043   990  1176 D WifiStateMachine: handleMessage: X
12-12 12:15:45.153   304   384 I Vold    : [LGE][VOLD][NetlinkHandler.cpp][onEvent()] subsys:cpu, action:0
12-12 12:15:45.283 17154 17154 D AndroidRuntime: 
12-12 12:15:45.283 17154 17154 D AndroidRuntime: >>>>>> AndroidRuntime START com.android.internal.os.RuntimeInit <<<<<<
12-12 12:15:45.293 17154 17154 D AndroidRuntime: CheckJNI is OFF
12-12 12:15:45.303 17154 17154 D dalvikvm: Trying to load lib libjavacore.so 0x0
12-12 12:15:45.303 17154 17154 D dalvikvm: Added shared lib libjavacore.so 0x0
12-12 12:15:45.313 17154 17154 D dalvikvm: Trying to load lib libnativehelper.so 0x0
12-12 12:15:45.313 17154 17154 D dalvikvm: Added shared lib libnativehelper.so 0x0
12-12 12:15:45.313 17154 17154 D dalvikvm: No JNI_OnLoad found in libnativehelper.so 0x0, skipping init
12-12 12:15:45.343 17154 17154 D dalvikvm: Note: class Landroid/app/ActivityManagerNative; has 184 unimplemented (abstract) methods
12-12 12:15:45.513 17154 17154 E memtrack: Couldn't load memtrack module (No such file or directory)
12-12 12:15:45.513 17154 17154 E android.os.Debug: failed to load memtrack module: -2
12-12 12:15:45.583 17154 17154 D AndroidRuntime: Calling main entry com.android.commands.pm.Pm
12-12 12:15:45.583 17154 17154 D AndroidRuntime: Shutting down VM
12-12 12:15:45.593 17154 17163 D dalvikvm: GC_CONCURRENT freed 99K, 15% free 592K/692K, paused 0ms+1ms, total 3ms
12-12 12:15:45.683   990  1035 D WifiStateMachine: addressUpdated: 192.168.1.10/24 on wlan0 flags 128 scope 0
12-12 12:15:45.683   990  1035 D libc    : getaddrinfo called from pid =990
12-12 12:15:45.683   990  1176 D WifiStateMachine: handleMessage: E msg.what=131212
12-12 12:15:45.683   990  1176 D WifiStateMachine: processMsg: ObtainingIpState
12-12 12:15:45.683   990  1176 D WifiStateMachine: ObtainingIpState{ when=0 what=131212 obj=192.168.1.10/24 target=com.android.internal.util.StateMachine$SmHandler }
12-12 12:15:45.683   990  1176 D WifiStateMachine: processMsg: L2ConnectedState
12-12 12:15:45.683   990  1176 D WifiStateMachine: processMsg: ConnectModeState
