12-12 12:15:45.683   990  1176 D WifiStateMachine: processMsg: DriverStartedState
12-12 12:15:45.683   990  1176 D WifiStateMachine: processMsg: DriverStartedStateExt
12-12 12:15:45.683   990  1176 D WifiStateMachine: processMsg: SupplicantStartedState
12-12 12:15:45.683   990  1176 D WifiStateMachine: processMsg: DefaultState
12-12 12:15:45.683   990  1176 D WifiStateMachine: Link configuration changed for netId: 1
12-12 12:15:45.683   990  1176 D WifiStateMachine:  old: {LinkAddresses: []  Routes: [] DnsAddresses: [] Domains: null MTU: 0}
12-12 12:15:45.683   990  1176 D WifiStateMachine:  new: {InterfaceName: wlan0 LinkAddresses: [192.168.1.10/24,]  Routes: [] DnsAddresses: [] Domains: null MTU: 0HttpProxy: [ProxyProperties.mHost == null] }
12-12 12:15:45.683   990  1176 D WifiStateMachine: handleMessage: X
12-12 12:15:45.853   990 17034 D libc    : getaddrinfo called from pid =990
12-12 12:15:45.853   990 17034 D libc    : getaddrinfo called from pid =990
12-12 12:15:45.853   990 17034 D libc    : getaddrinfo called from pid =990
12-12 12:15:45.853   990 17034 D libc    : getaddrinfo called from pid =990
12-12 12:15:45.853   990 17034 D DhcpStateMachine: DHCPV4 succeeded on wlan0
12-12 12:15:45.863   990 17034 D LgDhcpStateMachineHelper: CheckDhcpDirectory [Lease File Count] : 3
12-12 12:15:45.863   990 17034 V LgDhcpStateMachineHelper: [bssid + ssid] hash key :74:da:38:2b:43:db"9902436593"
12-12 12:15:45.863   990 17034 D libc    : getaddrinfo called from pid =990
12-12 12:15:45.863   990 17034 D LgDhcpStateMachineHelper: checkAutoIpWithDhcpInfo + ipaddr = 192.168.1.10
12-12 12:15:45.863   990 17034 V LgDhcpStateMachineHelper: Add DhcpResults: {InterfaceName: wlan0 LinkAddresses: [192.168.1.10/24,]  Routes: [192.168.1.0/24 -> 0.0.0.0,0.0.0.0/0 -> 192.168.1.1,] DnsAddresses: [10.0.100.20,] Domains: local MTU: 0} DHCP server /192.168.1.1 Vendor info  lease 864000 seconds
12-12 12:15:45.863   990 17034 V DhcpStateMachine: Current State is mWaitBeforeStartState.
12-12 12:15:45.863   990 17034 V LgDhcpStateMachineHelper: bShouldSendDhcpAction Result: true
12-12 12:15:45.863   990 17034 D DhcpStateMachine: DHCP Start/Renew wake lock is released.
12-12 12:15:45.863   990  1176 D WifiStateMachine: handleMessage: E msg.what=196613
12-12 12:15:45.863   990  1176 D WifiStateMachine: processMsg: ObtainingIpState
12-12 12:15:45.863   990 17034 D DhcpStateMachine: RunningState
12-12 12:15:45.863   990  1176 D WifiStateMachine: ObtainingIpState{ when=0 what=196613 arg1=1 obj={InterfaceName: wlan0 LinkAddresses: [192.168.1.10/24,]  Routes: [192.168.1.0/24 -> 0.0.0.0,0.0.0.0/0 -> 192.168.1.1,] DnsAddresses: [10.0.100.20,] Domains: local MTU: 0} DHCP server /192.168.1.1 Vendor info  lease 864000 seconds target=com.android.internal.util.StateMachine$SmHandler }
12-12 12:15:45.863   990  1176 D WifiStateMachine: processMsg: L2ConnectedState
12-12 12:15:45.863   990  1176 D WifiStateMachine: setSuspendOptimizationsNative: 1 true
12-12 12:15:45.863   990  1176 D WifiNative-wlan0: doBoolean: SET ps 1
12-12 12:15:45.873  1198  1198 D wpa_supplicant: wlan0: Control interface command 'SET ps 1'
12-12 12:15:45.873  1198  1198 D wpa_supplicant: CTRL_IFACE SET 'ps'='1'
12-12 12:15:45.873  1198  1198 D wpa_supplicant: nl80211: set_p2p_powersave (legacy_ps=1 opp_ps=-1 ctwindow=-1)
12-12 12:15:45.883   990  1176 D WifiNative-wlan0:    returned true
12-12 12:15:45.883   990  1176 D WifiNative-wlan0: doBoolean: DRIVER BTCOEXMODE 2
12-12 12:15:45.883  1198  1198 D wpa_supplicant: wlan0: Control interface command 'DRIVER BTCOEXMODE 2'
12-12 12:15:45.883  1198  1198 I wpa_supplicant: wpa_driver_nl80211_ext_driver_cmd BTCOEXMODE 2
12-12 12:15:45.883  1198  1198 D wpa_supplicant: wpa_driver_nl80211_driver_cmd BTCOEXMODE 2 len = 0, 8192
12-12 12:15:45.883   990  1176 D WifiNative-wlan0:    returned true
12-12 12:15:45.883   990  1176 D WifiStateMachine: DHCP successful
12-12 12:15:45.883   990  1176 D WifiStateMachine: Link configuration changed for netId: 1
12-12 12:15:45.883   990  1176 D WifiStateMachine:  old: {InterfaceName: wlan0 LinkAddresses: [192.168.1.10/24,]  Routes: [] DnsAddresses: [] Domains: null MTU: 0HttpProxy: [ProxyProperties.mHost == null] }
12-12 12:15:45.883   990  1176 D WifiStateMachine:  new: {InterfaceName: wlan0 LinkAddresses: [192.168.1.10/24,]  Routes: [192.168.1.0/24 -> 0.0.0.0,0.0.0.0/0 -> 192.168.1.1,] DnsAddresses: [10.0.100.20,] Domains: local MTU: 0HttpProxy: [ProxyProperties.mHost == null] }
12-12 12:15:45.883   990  1176 D WifiStateMachine: transitionTo: destState=VerifyingLinkState
12-12 12:15:45.883   990  1176 D WifiStateMachine: handleMessage: new destination call exit/enter
12-12 12:15:45.883   990  1176 D WifiStateMachine: setupTempStateStackWithStatesToEnter: X mTempStateStackCount=1,curStateInfo: state=L2ConnectedState,active=true,parent=ConnectModeState
12-12 12:15:45.883   990  1176 D WifiStateMachine: invokeExitMethods: ObtainingIpState
12-12 12:15:45.883   990  1176 D WifiStateMachine: moveTempStackToStateStack: i=0,j=6
12-12 12:15:45.883   990  1176 D WifiStateMachine: moveTempStackToStateStack: X mStateStackTop=6,startingIndex=6,Top=VerifyingLinkState
12-12 12:15:45.883   990  1176 D WifiStateMachine: invokeEnterMethods: VerifyingLinkState
12-12 12:15:45.883   990  1176 D WifiStateMachine: VerifyingLinkState enter
12-12 12:15:45.883   990  1176 D WifiStateMachine: setDetailed state, old =OBTAINING_IPADDR and new state=VERIFYING_POOR_LINK
12-12 12:15:45.883   990  1176 D WifiStateMachine: handleMessage: X
12-12 12:15:45.883   990  1175 D WifiP2pService: InactiveState{ when=-1ms what=143375 target=com.android.internal.util.StateMachine$SmHandler }
12-12 12:15:45.883   990  1175 D WifiP2pService: P2pEnabledState{ when=-1ms what=143375 target=com.android.internal.util.StateMachine$SmHandler }
12-12 12:15:45.893  1206  1206 D KeyguardUpdateMonitor: received broadcast android.net.wifi.STATE_CHANGE
12-12 12:15:45.893   990  1181 D ConnectivityServiceHSM: Actual State: DefaultConnectivityState, Current State: DefaultConnectivityState.processMessage what=458753
12-12 12:15:45.893   990  1181 D ConnectivityServiceHSM: Actual State: DefaultConnectivityState, Current State: DefaultConnectivityState.processMessage what=5003
12-12 12:15:45.893   990   990 W WifiStateTracker: NETWORK_STATE_CHANGED_ACTION Link configuration changed : 
12-12 12:15:45.893   990   990 W WifiStateTracker: 
12-12 12:15:45.893   990   990 W WifiStateTracker:  old: {LinkAddresses: []  Routes: [] DnsAddresses: [] Domains: null MTU: 0}
12-12 12:15:45.893   990   990 W WifiStateTracker:  new: {InterfaceName: wlan0 LinkAddresses: [192.168.1.10/24,]  Routes: [192.168.1.0/24 -> 0.0.0.0,0.0.0.0/0 -> 192.168.1.1,] DnsAddresses: [10.0.100.20,] Domains: local MTU: 0HttpProxy: [ProxyProperties.mHost == null] }
12-12 12:15:45.893   990  1181 D QcConnectivityService: handleConnectivityChange: preConnState=0 connState=2
12-12 12:15:45.893   990  1181 D Nat464Xlat: requiresClat: netType=1, hasIPv4Address=true
12-12 12:15:45.913   457   457 E Parcel  : Reading a NULL string not supported here.
12-12 12:15:45.913   457   457 E Parcel  : Reading a NULL string not supported here.
12-12 12:15:45.913   457   457 E Parcel  : Reading a NULL string not supported here.
12-12 12:15:45.913   990  1176 D WifiStateMachine: handleMessage: E msg.what=135190
12-12 12:15:45.913   990  1176 D WifiStateMachine: processMsg: VerifyingLinkState
12-12 12:15:45.913   990  1176 D WifiStateMachine: VerifyingLinkState GOOD_LINK_DETECTED: transition to captive portal check
12-12 12:15:45.913   990  1176 D WifiStateMachine: transitionTo: destState=CaptivePortalCheckState
12-12 12:15:45.913   990  1176 D WifiStateMachine: handleMessage: new destination call exit/enter
12-12 12:15:45.913   990  1176 D WifiStateMachine: setupTempStateStackWithStatesToEnter: X mTempStateStackCount=1,curStateInfo: state=L2ConnectedState,active=true,parent=ConnectModeState
12-12 12:15:45.913   990  1176 D WifiStateMachine: invokeExitMethods: VerifyingLinkState
12-12 12:15:45.913   990  1176 D WifiStateMachine: moveTempStackToStateStack: i=0,j=6
12-12 12:15:45.913   990  1176 D WifiStateMachine: moveTempStackToStateStack: X mStateStackTop=6,startingIndex=6,Top=CaptivePortalCheckState
12-12 12:15:45.913   990  1176 D WifiStateMachine: invokeEnterMethods: CaptivePortalCheckState
12-12 12:15:45.913   990  1176 D WifiStateMachine: CaptivePortalCheckState enter
12-12 12:15:45.913   990  1176 D WifiStateMachine: setDetailed state, old =VERIFYING_POOR_LINK and new state=CAPTIVE_PORTAL_CHECK
12-12 12:15:45.913   990   990 W Settings: Setting stay_on_while_plugged_in has moved from android.provider.Settings.System to android.provider.Settings.Global, returning read-only value.
12-12 12:15:45.913   990   990 W Settings: Setting wifi_sleep_policy has moved from android.provider.Settings.System to android.provider.Settings.Global, returning read-only value.
12-12 12:15:45.913   990   990 D WifiOffDelayIfNotUsed: NETWORK_STATE_CHANGED_ACTION [VERIFYING_POOR_LINK]
12-12 12:15:45.913   990   990 D CaptivePortalTracker: [LGLWD] WIFI_NETWORK_STATE_CHANGED_ACTION - WIFI State : VERIFYING_POOR_LINK
12-12 12:15:45.913  2217  2217 D ATTAPNWidget: receive NETWORK_STATE_CHANGED_ACTION
12-12 12:15:45.923   990  1176 D WifiStateMachine: handleMessage: X
12-12 12:15:45.923   990  1181 D ConnectivityServiceHSM: Actual State: DefaultConnectivityState, Current State: DefaultConnectivityState.processMessage what=458752
12-12 12:15:45.923  1206  1206 D KeyguardUpdateMonitor: received broadcast android.net.wifi.STATE_CHANGE
12-12 12:15:45.923   457   457 E Parcel  : Reading a NULL string not supported here.
12-12 12:15:45.923   457   457 E Parcel  : Reading a NULL string not supported here.
12-12 12:15:45.923   990   990 W Settings: Setting stay_on_while_plugged_in has moved from android.provider.Settings.System to android.provider.Settings.Global, returning read-only value.
12-12 12:15:45.923   990   990 W Settings: Setting wifi_sleep_policy has moved from android.provider.Settings.System to android.provider.Settings.Global, returning read-only value.
12-12 12:15:45.923   990   990 D WifiOffDelayIfNotUsed: NETWORK_STATE_CHANGED_ACTION [CAPTIVE_PORTAL_CHECK]
12-12 12:15:45.923   457   457 E Parcel  : Reading a NULL string not supported here.
12-12 12:15:45.923   990  1181 D ConnectivityServiceHSM: Actual State: DefaultConnectivityState, Current State: DefaultConnectivityState.processMessage what=5009
12-12 12:15:45.933   990  1176 D WifiStateMachine: handleMessage: E msg.what=131092
12-12 12:15:45.933   990  1176 D WifiStateMachine: processMsg: CaptivePortalCheckState
12-12 12:15:45.933   990  1176 D WifiStateMachine: CaptivePortalCheckState CMD_CAPTIVE_CHECK_COMPLETE
12-12 12:15:45.933   990   990 D CaptivePortalTracker: [LGLWD] WIFI_NETWORK_STATE_CHANGED_ACTION - WIFI State : CAPTIVE_PORTAL_CHECK
12-12 12:15:45.933   990  1176 D WifiStateMachine: setDetailed state, old =CAPTIVE_PORTAL_CHECK and new state=CONNECTED
12-12 12:15:45.933   990  1181 D QcConnectivityService: Captive portal check NetworkInfo: type: WIFI[], state: CONNECTING/CAPTIVE_PORTAL_CHECK, reason: (unspecified), extra: "9902436593", roaming: false, failover: false, isAvailable: true, smCause: 0, isConnectedToProvisioningNetwork: false
12-12 12:15:45.933   990  1181 D QcConnectivityService: handleCaptivePortalTrackerCheck: call captivePortalCheckComplete ni=NetworkInfo: type: WIFI[], state: CONNECTING/CAPTIVE_PORTAL_CHECK, reason: (unspecified), extra: "9902436593", roaming: false, failover: false, isAvailable: true, smCause: 0, isConnectedToProvisioningNetwork: false
12-12 12:15:45.933   990  1181 D QcConnectivityService: handleInetConditionChange: no active default network - ignore
12-12 12:15:45.943   990  1176 D WifiStateMachine: transitionTo: destState=ConnectedState
12-12 12:15:45.943   990  1176 D WifiStateMachine: handleMessage: new destination call exit/enter
12-12 12:15:45.943   990  1176 D WifiStateMachine: setupTempStateStackWithStatesToEnter: X mTempStateStackCount=1,curStateInfo: state=L2ConnectedState,active=true,parent=ConnectModeState
12-12 12:15:45.943   990  1176 D WifiStateMachine: invokeExitMethods: CaptivePortalCheckState
12-12 12:15:45.943   990  1176 D WifiStateMachine: moveTempStackToStateStack: i=0,j=6
12-12 12:15:45.943   990  1176 D WifiStateMachine: moveTempStackToStateStack: X mStateStackTop=6,startingIndex=6,Top=ConnectedState
12-12 12:15:45.943   990  1176 D WifiStateMachine: invokeEnterMethods: ConnectedState
12-12 12:15:45.943   990  1176 D WifiStateMachine: handleMessage: X
12-12 12:15:45.943  1206  1206 D KeyguardUpdateMonitor: received broadcast android.net.wifi.STATE_CHANGE
12-12 12:15:45.943  1222  1222 V WfdStateTracker: handleWifiStateChangedEvent: 1
12-12 12:15:45.943   990   990 D WifiHS20: [PASSPOINT] passpointNotification: hs20AP list is checked
12-12 12:15:45.943   990   990 D WifiHS20: hidePasspointNotification off =false
12-12 12:15:45.963   990  1181 D ConnectivityServiceHSM: Actual State: DefaultConnectivityState, Current State: DefaultConnectivityState.processMessage what=458752
12-12 12:15:45.963   990  1181 D ConnectivityServiceHSM: ConnectivityChange for WIFI: CONNECTED/CONNECTED
12-12 12:15:45.963   990  1181 D ConnectivityServiceHSM: Actual State: DefaultConnectivityState, Current State: DefaultConnectivityState.processMessage what=5001
12-12 12:15:45.963   457   457 E Parcel  : Reading a NULL string not supported here.
12-12 12:15:45.963   457   457 E Parcel  : Reading a NULL string not supported here.
12-12 12:15:45.963   990  1181 D libc    : getaddrinfo called from pid =990
12-12 12:15:45.963   313   982 D libc    : getaddrinfo called from pid =313
12-12 12:15:45.963   990   990 W Settings: Setting stay_on_while_plugged_in has moved from android.provider.Settings.System to android.provider.Settings.Global, returning read-only value.
12-12 12:15:45.963   990   990 W Settings: Setting wifi_sleep_policy has moved from android.provider.Settings.System to android.provider.Settings.Global, returning read-only value.
12-12 12:15:45.963   990   990 D WifiOffDelayIfNotUsed: NETWORK_STATE_CHANGED_ACTION [CONNECTED]
12-12 12:15:45.963   457   457 E Parcel  : Reading a NULL string not supported here.
12-12 12:15:45.963   990   990 D CaptivePortalTracker: [LGLWD] WIFI_NETWORK_STATE_CHANGED_ACTION - WIFI State : CONNECTED
12-12 12:15:45.963   990  1181 D DSQN    : DCF Disabled ignore enableDataServiceNotify
12-12 12:15:45.963   990  1181 D QcConnectivityService: handleConnectivityChange:1 is conntected
12-12 12:15:45.963   990  1181 D QcConnectivityService: handleConnectivityChange: preConnState=2 connState=1
12-12 12:15:45.963   990  1181 E QcConnectivityService: test_dns: 
12-12 12:15:45.963   990  1181 D QcConnectivityService: set IP family type in DNS server, ifname =wlan0, ipv4 = true, ipv6 = false
12-12 12:15:45.973   313   982 D libc    : getaddrinfo called from pid =313
12-12 12:15:45.973   313   982 D libc    : getaddrinfo called from pid =313
12-12 12:15:45.983   313   982 D libc    : getaddrinfo called from pid =313
12-12 12:15:45.983   313   982 D libc    : getaddrinfo called from pid =313
12-12 12:15:45.983   313   982 D libc    : getaddrinfo called from pid =313
12-12 12:15:45.983   313   982 D libc    : getaddrinfo called from pid =313
12-12 12:15:45.983   313   982 D libc    : getaddrinfo called from pid =313
12-12 12:15:45.983   313   982 D libc    : getaddrinfo called from pid =313
12-12 12:15:45.993   313   982 D libc    : getaddrinfo called from pid =313
12-12 12:15:45.993   313   982 D libc    : getaddrinfo called from pid =313
12-12 12:15:45.993   313   982 V         : RouteController
12-12 12:15:45.993  5321  5321 I GeofencerStateMachine: sendWifiConnectivityChanged: connectivity=true
12-12 12:15:46.003 17060 17060 D QRemote : [WiFiStateReceiver.java:46:onReceive()] oooooo 140626:action:android.net.wifi.STATE_CHANGE
12-12 12:15:46.003 17060 17060 D QRemote : [WiFiStateReceiver.java:114:onReceive()] oooooo NETWORK_STATE_CHANGED_ACTION
12-12 12:15:46.003   304   384 I Vold    : [LGE][VOLD][NetlinkHandler.cpp][onEvent()] subsys:cpu, action:0
12-12 12:15:46.013   313   982 V         : RouteController
12-12 12:15:46.013 17060 17060 I QRemote : [WiFiStateReceiver.java:197:onReceive()] oooooo The network is not connected. Don't handle that intent.
12-12 12:15:46.013  2217  2217 D ATTAPNWidget: Connectivity NETWORK_STATE_CHANGED Disconnected
12-12 12:15:46.013   313   982 V         : RouteController
12-12 12:15:46.013   304   384 I Vold    : [LGE][VOLD][NetlinkHandler.cpp][onEvent()] subsys:cpu, action:0
12-12 12:15:46.023   313   982 V         : RouteController
12-12 12:15:46.023  2650  2650 D WiFiOffLoadBroadcast: OPerator not supported: ATT US
12-12 12:15:46.023  2217  2217 D ATTAPNWidget: receive NETWORK_STATE_CHANGED_ACTION
12-12 12:15:46.023  2217  2217 D ATTAPNWidget: Connectivity NETWORK_STATE_CHANGED Disconnected
12-12 12:15:46.023  8554  8554 D P2pTetheringReceiver: In WifiReceiver: Broadcast Received = android.net.wifi.STATE_CHANGE
12-12 12:15:46.023  2217  2217 D ATTAPNWidget: receive NETWORK_STATE_CHANGED_ACTION
12-12 12:15:46.033   313   982 V         : RouteController
12-12 12:15:46.033  2217  2217 D ATTAPNWidget: Current wifi ssid is <9902436593>, length=10
12-12 12:15:46.033  2217  2217 D ATTAPNWidget: Connectivity NETWORK_STATE_CHANGED 9902436593 Connected
12-12 12:15:46.033 17060 17060 D QRemote : [WiFiStateReceiver.java:46:onReceive()] oooooo 140626:action:android.net.wifi.STATE_CHANGE
12-12 12:15:46.033 17060 17060 D QRemote : [WiFiStateReceiver.java:114:onReceive()] oooooo NETWORK_STATE_CHANGED_ACTION
12-12 12:15:46.033 17060 17060 I QRemote : [WiFiStateReceiver.java:197:onReceive()] oooooo The network is not connected. Don't handle that intent.
12-12 12:15:46.033   313   982 V         : RouteController
12-12 12:15:46.033  2650  2650 D WiFiOffLoadBroadcast: OPerator not supported: ATT US
12-12 12:15:46.043  8554  8554 D P2pTetheringReceiver: In WifiReceiver: Broadcast Received = android.net.wifi.STATE_CHANGE
12-12 12:15:46.043   313   982 V         : RouteController
12-12 12:15:46.043 17045 17045 I PCSuite : [StartReceiver]NETWORK_STATE_CHANGED_ACTION : CONNECTED
12-12 12:15:46.043   313   982 V         : RouteController
12-12 12:15:46.053 17045 17045 D PCSuite : [StartReceiver][LGSW]false, [WIFIUI]false, [WIFI]true, [HOTSPOT]false, [OBEXSERVICE]false
12-12 12:15:46.053 17060 17060 D QRemote : [WiFiStateReceiver.java:46:onReceive()] oooooo 140626:action:android.net.wifi.STATE_CHANGE
12-12 12:15:46.053 17060 17060 D QRemote : [WiFiStateReceiver.java:114:onReceive()] oooooo NETWORK_STATE_CHANGED_ACTION
12-12 12:15:46.053 17060 17060 D QRemote : [WiFiStateReceiver.java:119:onReceive()] oooooo The network is connected.
12-12 12:15:46.053   313   982 V         : RouteController
12-12 12:15:46.063 17060 17060 I QRemote : [Constants.java:301:getHomeWifiIdList()] oooooo There are not stored home Wi-Fi networks.
12-12 12:15:46.063 17060 17060 I QRemote : [WiFiStateReceiver.java:174:onReceive()] oooooo There are no stored BSSIDs.
12-12 12:15:46.063  2650  2650 D WiFiOffLoadBroadcast: OPerator not supported: ATT US
12-12 12:15:46.063   990  1171 D libc    : getaddrinfo called from pid =990
12-12 12:15:46.063   990  1033 D GpsLocationProvider: updateNetworkState available info: NetworkInfo: type: WIFI[], state: CONNECTED/CONNECTED, reason: (unspecified), extra: "9902436593", roaming: false, failover: false, isAvailable: true, smCause: 0, isConnectedToProvisioningNetwork: false
12-12 12:15:46.063   990  1171 D libc    : getaddrinfo called from pid =990
12-12 12:15:46.063   990  1181 D Nat464Xlat: requiresClat: netType=1, hasIPv4Address=true
12-12 12:15:46.073   313 17220 D libc    : getaddrinfo called from pid =313
12-12 12:15:46.073  8554  8554 D P2pTetheringReceiver: In WifiReceiver: Broadcast Received = android.net.wifi.STATE_CHANGE
12-12 12:15:46.073   313 17220 D libc    : _dns_getaddrinfo: iptype =1
12-12 12:15:46.073   313 17220 D libc    : _dns_getaddrinfo: query_ipv4=1, query_ipv6=0
12-12 12:15:46.073   990   990 D LocSvc_java: updateNetworkState available info: NetworkInfo: type: WIFI[], state: CONNECTED/CONNECTED, reason: (unspecified), extra: "9902436593", roaming: false, failover: false, isAvailable: true, smCause: 0, isConnectedToProvisioningNetwork: false
12-12 12:15:46.073   457   987 D QCNEA   : |CAC| readCallback: read len:492, ret:0, errno:0
12-12 12:15:46.073   457   987 D QCNEA   : |CAC| updateWlanNetCfgInfo
12-12 12:15:46.073   457   987 D QCNEA   : |CAC| updateNetCfgInfo
12-12 12:15:46.073   457   987 V QCNEA   : |CAC| *********************************************
12-12 12:15:46.073   457   987 V QCNEA   : |CAC|                   Netconfig               
12-12 12:15:46.073   457   987 V QCNEA   : |CAC| *********************************************
12-12 12:15:46.073   457   987 V QCNEA   : |CAC| 	NetConfig: Net type   =1
12-12 12:15:46.073   457   987 V QCNEA   : |CAC| 	NetConfig: subtype rl =21
12-12 12:15:46.073   457   987 V QCNEA   : |CAC| 	NetConfig:         fl =21
12-12 12:15:46.073   457   987 V QCNEA   : |CAC| 	NetConfig: ip4        =192.168.1.10
12-12 12:15:46.073   457   987 V QCNEA   : |CAC| 	NetConfig: ip6        =::
12-12 12:15:46.073   457   987 V QCNEA   : |CAC| 	NetConfig: mtu        =1500
12-12 12:15:46.073   457   987 V QCNEA   : |CAC| 	NetConfig: Default    =true
12-12 12:15:46.073   457   987 V QCNEA   : |CAC| *********************************************
12-12 12:15:46.073   457   987 D QCNEA   : |CAC| Received bssid= 74:da:38:2b:43:db
12-12 12:15:46.073   457   987 D QCNEA   : |CAC| net type = 1
12-12 12:15:46.073   457   987 V QCNEA   : |CAC| 	bssid           =74:da:38:2b:43:db
12-12 12:15:46.073   457   987 D QCNEA   : |CAC| Received ssid= 9902436593
12-12 12:15:46.073   457   987 V QCNEA   : |CAC| 	ssid           =9902436593
12-12 12:15:46.073   457   987 V QCNEA   : |CAC| 	DNS v4        =10.0.100.20
12-12 12:15:46.073   457   987 V QCNEA   : |CAC| 	DNS v4        =0.0.0.0
12-12 12:15:46.073   457   987 V QCNEA   : |CAC| *********************************************
12-12 12:15:46.073   457   987 D QCNEA   : |CAC| updateCache: CAS_WLAN_NETCFG_INFO
12-12 12:15:46.073   457   987 D QCNEA   : |CAC| dispatching netcfgupdate for wlan
12-12 12:15:46.073   457   987 D QCNEA   : |CAC| dispatchNetCfg: updating:0xb7e8293c
12-12 12:15:46.073   457   987 I QCNEA   : |CAC| getfeaturestatus
12-12 12:15:46.073   457   987 I QCNEA   : |CAC| getWlanSuppNetConfig
12-12 12:15:46.073   457   987 I QCNEA   : |CAC| Reading wlan net config
12-12 12:15:46.073   457   987 D QCNEA   : |CAC| bssid octet 0 = 0x74
12-12 12:15:46.073   457   987 D QCNEA   : |CAC| bssid octet 1 = 0xda
12-12 12:15:46.073   457   987 D QCNEA   : |CAC| bssid octet 2 = 0x38
12-12 12:15:46.073   457   987 D QCNEA   : |CAC| bssid octet 3 = 0x2b
12-12 12:15:46.073   457   987 D QCNEA   : |CAC| bssid octet 4 = 0x43
12-12 12:15:46.073   457   987 D QCNEA   : |CAC| bssid octet 5 = 0xdb
12-12 12:15:46.073  1450  1920 I TelephonyProvider: getPreferredApnId: subscription=0
12-12 12:15:46.073  1450  1463 I TelephonyProvider: getPreferredApnId: subscription=0
12-12 12:15:46.083   457   987 D QCNEA   : |CAC| readCallback: read len:0, ret:-1, errno:11
12-12 12:15:46.083   990   990 D LocSvc_java: getAGpsConnectionInfo connType - 4
12-12 12:15:46.083   990   990 D LocSvc_java: ignore wifi update if we are not in OPENING or CLOSING
12-12 12:15:46.093   990  1033 D GpsLocationProvider: updateNetworkState(),mNetworkAvailable =true, info.isConnected() =true, mSupportsXtra =true
12-12 12:15:46.113   990  1171 D libc    : dnsproxy getaddrinfo returns 0
12-12 12:15:46.363   304   384 I Vold    : [LGE][VOLD][NetlinkHandler.cpp][onEvent()] subsys:cpu, action:0
12-12 12:15:46.403 17221 17221 D AndroidRuntime: 
12-12 12:15:46.403 17221 17221 D AndroidRuntime: >>>>>> AndroidRuntime START com.android.internal.os.RuntimeInit <<<<<<
12-12 12:15:46.403 17221 17221 D AndroidRuntime: CheckJNI is OFF
12-12 12:15:46.423 17221 17221 D dalvikvm: Trying to load lib libjavacore.so 0x0
12-12 12:15:46.423 17221 17221 D dalvikvm: Added shared lib libjavacore.so 0x0
12-12 12:15:46.423   304   384 I Vold    : [LGE][VOLD][NetlinkHandler.cpp][onEvent()] subsys:cpu, action:0
12-12 12:15:46.433 17221 17221 D dalvikvm: Trying to load lib libnativehelper.so 0x0
12-12 12:15:46.433 17221 17221 D dalvikvm: Added shared lib libnativehelper.so 0x0
12-12 12:15:46.433 17221 17221 D dalvikvm: No JNI_OnLoad found in libnativehelper.so 0x0, skipping init
12-12 12:15:46.463 17221 17221 D dalvikvm: Note: class Landroid/app/ActivityManagerNative; has 184 unimplemented (abstract) methods
12-12 12:15:46.533  2217  2217 D ATTAPNWidget: Wifi Wispr, try to obtain msdin number 0
12-12 12:15:46.633 17221 17221 E memtrack: Couldn't load memtrack module (No such file or directory)
12-12 12:15:46.633 17221 17221 E android.os.Debug: failed to load memtrack module: -2
12-12 12:15:46.703 17221 17221 D AndroidRuntime: Calling main entry com.android.commands.pm.Pm
12-12 12:15:46.803 17221 17221 D AndroidRuntime: Shutting down VM
12-12 12:15:46.813 17221 17233 D dalvikvm: GC_CONCURRENT freed 97K, 15% free 591K/692K, paused 0ms+0ms, total 3ms
12-12 12:15:46.983   304   384 I Vold    : [LGE][VOLD][NetlinkHandler.cpp][onEvent()] subsys:cpu, action:0
12-12 12:15:47.053   990  1032 W ProcessCpuTracker: Skipping unknown process pid 17156
12-12 12:15:47.053   990  1032 W ProcessCpuTracker: Skipping unknown process pid 17159
12-12 12:15:47.053   990  1032 W ProcessCpuTracker: Skipping unknown process pid 17221
12-12 12:15:47.383 17060 17060 V QRemote : [RemoteAppWidgetProvider.java:151:onReceive()] oooooo action name : com.lge.qremote.action.wait_loading
12-12 12:15:47.383 17060 17060 D QRemote : [RemoteAppWidgetProvider.java:208:onReceive()] oooooo 140514:alarm msg received!:8124
12-12 12:15:47.633   327   427 I ThermalEngine: Sensor:pa_therm1:23000 mC
12-12 12:15:47.693   990  1035 D WifiStateMachine: addressUpdated: fe80::5a3f:54ff:fee4:c65f/64 on wlan0 flags 128 scope 253
12-12 12:15:47.693   990  1035 D libc    : getaddrinfo called from pid =990
12-12 12:15:47.693   990  1176 D WifiStateMachine: handleMessage: E msg.what=131212
12-12 12:15:47.693   990  1176 D WifiStateMachine: processMsg: ConnectedState
12-12 12:15:47.693   990  1176 D WifiStateMachine: processMsg: L2ConnectedState
12-12 12:15:47.693   990  1176 D WifiStateMachine: processMsg: ConnectModeState
12-12 12:15:47.703   990  1176 D WifiStateMachine: processMsg: DriverStartedState
12-12 12:15:47.703   990  1176 D WifiStateMachine: processMsg: DriverStartedStateExt
12-12 12:15:47.703   990  1176 D WifiStateMachine: processMsg: SupplicantStartedState
12-12 12:15:47.703   990  1176 D WifiStateMachine: processMsg: DefaultState
12-12 12:15:47.703   990  1176 D WifiStateMachine: Link configuration changed for netId: 1
12-12 12:15:47.703   990  1176 D WifiStateMachine:  old: {InterfaceName: wlan0 LinkAddresses: [192.168.1.10/24,]  Routes: [192.168.1.0/24 -> 0.0.0.0,0.0.0.0/0 -> 192.168.1.1,] DnsAddresses: [10.0.100.20,] Domains: local MTU: 0HttpProxy: [ProxyProperties.mHost == null] }
12-12 12:15:47.703   990  1176 D WifiStateMachine:  new: {InterfaceName: wlan0 LinkAddresses: [192.168.1.10/24,fe80::5a3f:54ff:fee4:c65f/64,]  Routes: [192.168.1.0/24 -> 0.0.0.0,0.0.0.0/0 -> 192.168.1.1,] DnsAddresses: [10.0.100.20,] Domains: local MTU: 0HttpProxy: [ProxyProperties.mHost == null] }
12-12 12:15:47.713   990  1181 D ConnectivityServiceHSM: Actual State: DefaultConnectivityState, Current State: DefaultConnectivityState.processMessage what=458753
12-12 12:15:47.713   990  1181 D ConnectivityServiceHSM: Actual State: DefaultConnectivityState, Current State: DefaultConnectivityState.processMessage what=5003
12-12 12:15:47.713   990  1181 D libc    : getaddrinfo called from pid =990
12-12 12:15:47.713   990  1181 D QcConnectivityService: handleConnectivityChange:1 is conntected
12-12 12:15:47.713   990  1181 E QcConnectivityService: test_dns: 
12-12 12:15:47.723   990  1176 D WifiStateMachine: handleMessage: X
12-12 12:15:47.733   990  1181 D QcConnectivityService: set IP family type in DNS server, ifname =wlan0, ipv4 = true, ipv6 = false
12-12 12:15:47.743   990  1181 D QcConnectivityService: handleConnectivityChange: addresses changed linkProperty[1]: resetMask=0
12-12 12:15:47.743   990  1181 D QcConnectivityService:    car=removed=[] added=[fe80::5a3f:54ff:fee4:c65f/64,]
12-12 12:15:47.743   990  1181 E QcConnectivityService: Exception while trying to add src route: java.lang.NullPointerException
12-12 12:15:47.743   990  1181 D Nat464Xlat: requiresClat: netType=1, hasIPv4Address=true
12-12 12:15:47.853 17086 17124 D UEI.SmartControl: Internal timer expired: 1
12-12 12:15:48.043   990  1176 D WifiStateMachine: handleMessage: E msg.what=131155
12-12 12:15:48.043   990  1176 D WifiStateMachine: processMsg: ConnectedState
12-12 12:15:48.053   990  1176 D WifiStateMachine: processMsg: L2ConnectedState
12-12 12:15:48.053   990  1176 D WifiNative-wlan0: doString: SIGNAL_POLL
12-12 12:15:48.053  1198  1198 D wpa_supplicant: wlan0: Control interface command 'SIGNAL_POLL'
12-12 12:15:48.053  1198  1198 D wpa_supplicant: nl80211: survey data missing!
12-12 12:15:48.093   457   457 E Parcel  : Reading a NULL string not supported here.
12-12 12:15:48.093   457   457 E Parcel  : Reading a NULL string not supported here.
12-12 12:15:48.093   990  1176 D WifiStateMachine: handleMessage: X
12-12 12:15:48.253   304   384 I Vold    : [LGE][VOLD][NetlinkHandler.cpp][onEvent()] subsys:cpu, action:0
12-12 12:15:48.403 17244 17244 D AndroidRuntime: 
12-12 12:15:48.403 17244 17244 D AndroidRuntime: >>>>>> AndroidRuntime START com.android.internal.os.RuntimeInit <<<<<<
12-12 12:15:48.403 17244 17244 D AndroidRuntime: CheckJNI is OFF
12-12 12:15:48.413 17244 17244 D dalvikvm: Trying to load lib libjavacore.so 0x0
12-12 12:15:48.423 17244 17244 D dalvikvm: Added shared lib libjavacore.so 0x0
12-12 12:15:48.423 17244 17244 D dalvikvm: Trying to load lib libnativehelper.so 0x0
12-12 12:15:48.423 17244 17244 D dalvikvm: Added shared lib libnativehelper.so 0x0
12-12 12:15:48.423 17244 17244 D dalvikvm: No JNI_OnLoad found in libnativehelper.so 0x0, skipping init
12-12 12:15:48.463 17244 17244 D dalvikvm: Note: class Landroid/app/ActivityManagerNative; has 184 unimplemented (abstract) methods
12-12 12:15:48.623 17244 17244 E memtrack: Couldn't load memtrack module (No such file or directory)
12-12 12:15:48.623 17244 17244 E android.os.Debug: failed to load memtrack module: -2
12-12 12:15:48.703 17244 17244 D AndroidRuntime: Calling main entry com.android.commands.am.Am
12-12 12:15:48.713   990  1325 I ActivityManager: START u0 {flg=0x10000000 cmp=com.amazon.aatp.aatpdevicemanager/.DeviceManagerServiceActivity} from pid 17244
12-12 12:15:48.753  1222  6012 D dalvikvm: GC_EXPLICIT freed 1119K, 67% free 3878K/11632K, paused 2ms+2ms, total 24ms
12-12 12:15:48.753   990  1325 I ActivityManager: ActivityRecord{41bad778 u0 com.amazon.aatp.aatpdevicemanager/.DeviceManagerServiceActivity t-1} Support Split:false Is ScreenFull:true
12-12 12:15:48.783  1222  1233 D dalvikvm: GC_EXPLICIT freed 6K, 67% free 3878K/11632K, paused 3ms+2ms, total 24ms
12-12 12:15:48.783  1222  1233 V SplitWindowPolicyService: checkScreen => return. sourceIntent is null or not support SplitWindow component: ComponentInfo{co.....aatpdevicemanager/co.....aatpdevicemanager.DeviceManagerServiceActivity}
12-12 12:15:48.793   990  1325 D ActivityManager: pauseBackStacks: stack=ActivityStack{424b8828 stackId=0, 1 tasks} mResumedActivity=ActivityRecord{41ea4de8 u0 com.lge.launcher2/.Launcher t1}
12-12 12:15:48.793   990  1325 V ActivityManager: Moving to PAUSING: ActivityRecord{41ea4de8 u0 com.lge.launcher2/.Launcher t1}
12-12 12:15:48.803  1222  1234 D SplitWindowPolicyService: updateActivityStateChanged: resumed=false pkgName=co.....Launcher, screenId=0, isScreenFull=true, isMinimized=false, topRunningActivity=ActivityInfo{41cd9008 co.....Launcher}, taskId=1, activityType=1
12-12 12:15:48.803 17244 17244 D AndroidRuntime: Shutting down VM
12-12 12:15:48.803  1489  1489 I [LGHome]EVENT: [Launcher.java:1056:onPause()]onPause
12-12 12:15:48.803 17244 17253 D dalvikvm: GC_CONCURRENT freed 99K, 15% free 620K/724K, paused 0ms+1ms, total 3ms
12-12 12:15:48.803   990  1325 V ActivityManager: resumeTopActivityLocked: Skip resume: need to start pausing
12-12 12:15:48.803   990  1325 D ActivityManager: allPausedActivitiesComplete: r=ActivityRecord{41ea4de8 u0 com.lge.launcher2/.Launcher t1} state=PAUSING
12-12 12:15:48.813   990  3363 V ActivityManager: Moving to PAUSED: ActivityRecord{41ea4de8 u0 com.lge.launcher2/.Launcher t1} (pause complete)
12-12 12:15:48.813   990  3363 D ActivityManager: resumeTopActivityLocked: Restarting ActivityRecord{41bad778 u0 com.amazon.aatp.aatpdevicemanager/.DeviceManagerServiceActivity t2}
12-12 12:15:48.833   990  3363 I ActivityManager: Start proc com.amazon.aatp.aatpdevicemanager for activity com.amazon.aatp.aatpdevicemanager/.DeviceManagerServiceActivity: pid=17261 uid=12458 gids={52458, 3003, 1028, 1015, 3002, 3001}
12-12 12:15:48.833  1464  1474 I com.skyfire.browser.toolbar.ProcessObserverService: On importance changed 1489,10026,400
12-12 12:15:48.833 17261 17261 I dalvikvm: Enabling JNI app bug workarounds for target SDK version 5...
12-12 12:15:48.833   990  1032 V ActivityManager: Moving to STOPPING: ActivityRecord{41ea4de8 u0 com.lge.launcher2/.Launcher t1} (stop requested)
12-12 12:15:48.843  1222  6598 D SplitWindowPolicyService: updateActivityStateChanged: resumed=true pkgName=co.....aatpdevicemanager.DeviceManagerServiceActivity, screenId=1, isScreenFull=true, isMinimized=false, topRunningActivity=ActivityInfo{41cd7410 co.....aatpdevicemanager.DeviceManagerServiceActivity}, taskId=2, activityType=0
12-12 12:15:48.843  1222  1234 V SplitWindowPolicyService: requestUpdateStackInfo
12-12 12:15:48.843  1464  1475 I com.skyfire.browser.toolbar.ProcessObserverService: On foreground activity changed : 17261,12458,true
12-12 12:15:48.843  1464  1475 I com.skyfire.browser.toolbar.ProcessObserverService: On importance changed 17261,12458,100
12-12 12:15:48.843   990  1002 V ActivityManager: Moving to RESUMED: ActivityRecord{41bad778 u0 com.amazon.aatp.aatpdevicemanager/.DeviceManagerServiceActivity t2} (starting new instance)
12-12 12:15:48.843   990  1326 V ActivityManager: Moving to STOPPED: ActivityRecord{41ea4de8 u0 com.lge.launcher2/.Launcher t1} (stop complete)
12-12 12:15:48.853  1222  1320 V SplitWindowPolicyService:  + make new screenInfo as screenId = 1, screenZone = 0, screenAttribute = 0, screenState = NORMAL, screenRect = Rect(0, 33 - 800, 1212), screenRectFull = null
12-12 12:15:48.863 17261 17261 D HyLog   : I : /data/font/config/sfconfig.dat, No such file or directory (2)
12-12 12:15:48.863 17261 17261 D HyLog   : I : /data/font/config/dfactpre.dat, No such file or directory (2)
12-12 12:15:48.863 17261 17261 D HyLog   : I : /data/font/config/sfconfig.dat, No such file or directory (2)
12-12 12:15:48.883  1222  1320 D dalvikvm: GC_EXPLICIT freed 18K, 67% free 3885K/11632K, paused 1ms+2ms, total 27ms
12-12 12:15:48.883  1222  1320 V SplitWindowPolicyService: updateScreenStateAndRunningActivity: screenId=1, isFull=true, isMinimized=false, topRunningActivity=ActivityInfo{41cd7410 co.....aatpdevicemanager.DeviceManagerServiceActivity}, uid=12458
12-12 12:15:48.883  1222  1320 V SplitWindowPolicyService: notifySplitWindowStateChanged: 6
12-12 12:15:48.913 17261 17261 D Aatp    : DeviceManagerServiceActivity: kicking off dm service
12-12 12:15:48.943 17261 17261 E ViewRootImpl: mIsPenSupport: :true
12-12 12:15:48.943   990  1179 V WifiServiceExtension: checkPollTimer Cnt= 0 rssi =-38 threshold=-100
12-12 12:15:48.953   990   990 D NotificationService: updateLightListLocked :r=null, action=2
12-12 12:15:48.973 17261 17261 I AatpDeviceManager: Starting device manager (0.20)
12-12 12:15:48.983 17261 17261 D AWSDeviceFarmAndroidLib: Keyguard: Unlocked
12-12 12:15:48.983 17261 17261 D AatpDeviceManager: Running on port: 42860
12-12 12:15:48.983  1206  1383 D KeyguardViewMediator: setKeyguardEnabled(false)
12-12 12:15:49.003 17261 17261 D dalvikvm: DexOpt: couldn't find field Landroid/content/pm/ApplicationInfo;.splitSourceDirs
12-12 12:15:49.003 17261 17261 W dalvikvm: VFY: unable to resolve instance field 29
12-12 12:15:49.003 17261 17261 D dalvikvm: VFY: replacing opcode 0x54 at 0x001d
12-12 12:15:49.053   304   384 I Vold    : [LGE][VOLD][NetlinkHandler.cpp][onEvent()] subsys:cpu, action:0
12-12 12:15:49.063   990  1181 D ConnectivityServiceHSM: Actual State: DefaultConnectivityState, Current State: DefaultConnectivityState.processMessage what=111
12-12 12:15:49.073   990   990 D Tethering: Tethering got CONNECTIVITY_ACTION
12-12 12:15:49.073   990  1037 D Tethering: MasterInitialState.processMessage what=3
12-12 12:15:49.073   990  1439 D         : Setting time of day to sec=1513109749
12-12 12:15:49.468   990  1439 W         : Unable to set rtc to 1513109749: Invalid argument
12-12 12:15:49.468   990  1316 D CaptivePortalTracker: NoActiveNetworkState{ when=-6ms what=1 obj=NetworkInfo: type: WIFI[], state: CONNECTED/CONNECTED, reason: (unspecified), extra: "9902436593", roaming: false, failover: false, isAvailable: true, smCause: 0, isConnectedToProvisioningNetwork: false target=com.android.internal.util.StateMachine$SmHandler }
12-12 12:15:49.478  2280  2280 I ServerCommHelper: Connectivity Changed- SMTP reset DNS
12-12 12:15:49.478   990  1032 I ActivityManager: Start proc com.att.android.digitallocker for broadcast com.att.android.digitallocker/.utils.ConnectionMonitor: pid=17282 uid=10003 gids={50003, 3003, 1028, 1015}
12-12 12:15:49.488 17261 17261 I ActivityManager: Timeline: Activity_idle id: android.os.BinderProxy@41b72550 time:28220441
12-12 12:15:49.488   990  1036 I SystemUI[Framework]: PhoneWindowManager.updateSystemUiVisibilityLw() :visibility=0x0, pkg=com.android.phone
12-12 12:15:49.498  2280  2280 I InetCheck: InetCheck:performCheck Start
12-12 12:15:49.498  2280  2280 I InetCheck: InetCheck:time a: 1513109749504 b: 0
12-12 12:15:49.498  2280  2280 I InetCheck: InetCheck:performCheck signal task to start checking
12-12 12:15:49.498  2280  2280 I InetCheck: InetCheck:performCheck wait for inet check to be done
12-12 12:15:49.498  2280  2301 I InetCheck: InetCheck:Thread Triggered
12-12 12:15:49.498  2280  2301 I InetCheck: checkSMTP -  reset DNS
12-12 12:15:49.498  2280  2301 I InetCheck: InetCheck:checkSMTP Start 
12-12 12:15:49.498  2280  2301 D libc    : getaddrinfo called from pid =2280
12-12 12:15:49.498  2280  2301 D libc    : getaddrinfo called from pid =2280
12-12 12:15:49.498   313 17297 D libc    : getaddrinfo called from pid =313
12-12 12:15:49.498   313 17297 D libc    : _dns_getaddrinfo: iptype =1
12-12 12:15:49.498   313 17297 D libc    : _dns_getaddrinfo: query_ipv4=1, query_ipv6=0
12-12 12:15:49.498   304   384 I Vold    : [LGE][VOLD][NetlinkHandler.cpp][onEvent()] subsys:cpu, action:0
12-12 12:15:49.508 17282 17282 I dalvikvm: Enabling JNI app bug workarounds for target SDK version 11...
12-12 12:15:49.508  1360  1360 D WeatherService: 2 : onReceive, action: android.intent.action.TIME_SET, Time(hour:min:sec) 12:15:49
12-12 12:15:49.508   990  1031 I ActivityManager: Displayed com.amazon.aatp.aatpdevicemanager/.DeviceManagerServiceActivity: +305ms
12-12 12:15:49.508   990  1031 I ActivityManager: Timeline: Activity_windows_visible id: ActivityRecord{41bad778 u0 com.amazon.aatp.aatpdevicemanager/.DeviceManagerServiceActivity t2} time:28220464
12-12 12:15:49.508  1360  1360 D WeatherService: 2 : requestRefreshAppWidget, isUpdateStart : false
12-12 12:15:49.508  1464  1474 I com.skyfire.browser.toolbar.ProcessObserverService: On importance changed 17282,10003,400
12-12 12:15:49.518  1222  1222 I SecureClockService: Intent.ACTION_TIME_CHANGED 
12-12 12:15:49.518  1360  1360 D UpdateThreadPoolManager: 2 : This is isUpdating : false
12-12 12:15:49.518  1360  1360 D WeatherService: 2 : requestRefreshAppWidget, isUpdating : false
12-12 12:15:49.518  1360  1360 D WeatherAncestor: 2 : buildUpdate, appWidgetId: 3
12-12 12:15:49.518  1360  1360 D WeatherReflect: 2 : Map key string is -2
12-12 12:15:49.518  1360  1360 D lim     : 2 : time = 12:15 PM
12-12 12:15:49.518  1360  1360 I WeatherReflect: Model Name : LG-V410
12-12 12:15:49.518  1360  1360 D WeatherTheme: 2 : exactly same view!
12-12 12:15:49.518  1360  1360 D WeatherTheme: 2 : widgetId = 3 : widgetSize = 1 : Do not refresh any widget.
12-12 12:15:49.518  1360  1360 D WeatherService: 2 : onReceive has processed, action: android.intent.action.TIME_SET, Time(hour:min:sec) 12:15:49
12-12 12:15:49.518  1489  1489 I [LGHome]LGDateChangeReceiver: [LGDateChangeReceiver.java:78:updateCalendarShortcut()]date=12 currentDate=-1 dayofweek=3 currentDayOfWeek=-1
12-12 12:15:49.528 17282 17282 D HyLog   : I : /data/font/config/sfconfig.dat, No such file or directory (2)
12-12 12:15:49.528 17282 17282 D HyLog   : I : /data/font/config/dfactpre.dat, No such file or directory (2)
12-12 12:15:49.528 17282 17282 D HyLog   : I : /data/font/config/sfconfig.dat, No such file or directory (2)
12-12 12:15:49.528  1489  1489 I [LGHome]LGCalendarIcon: [LGCalendarIcon.java:184:makeCalendarBitmap()]Locale = en_US dayofweek= Tue date= 12
12-12 12:15:49.538  1489  1489 I [LGHome]LGCalendarIcon: [LGCalendarIcon.java:184:makeCalendarBitmap()]Locale = en_US dayofweek= Tue date= 12
12-12 12:15:49.538  1489  1489 I [LGHome]Launcher: [Launcher.java:4008:setLoadOnResume()]setLoadOnResume
12-12 12:15:49.568  1464  1475 I com.skyfire.browser.toolbar.ProcessObserverService: On importance changed 2008,10117,130
12-12 12:15:49.568  1206  1206 D dalvikvm: GC_FOR_ALLOC freed 1108K, 24% free 15870K/20772K, paused 34ms, total 34ms
12-12 12:15:49.568   990   990 D NotificationService: updateLightListLocked :r=null, action=2
12-12 12:15:49.588  5321  5355 W GCoreFlp: No location to return for getLastLocation()
12-12 12:15:49.598  1206  1206 D KeyguardUpdateMonitor: received broadcast android.intent.action.TIME_SET
12-12 12:15:49.598  1206  1206 I [SystemUI]DateView: onReceive = android.intent.action.TIME_SET
12-12 12:15:49.598 17282 17282 I DigitalLocker.ConfigurationManager: deviceCurentHeap =96
12-12 12:15:49.598 17282 17282 I DigitalLocker.ConfigurationManager: numberofImagesCached =960
12-12 12:15:49.598  1206  1206 I [SystemUI]Clock: onReceive = android.intent.action.TIME_SET
12-12 12:15:49.608  1206  1206 D Clock   : Clock updated, drawingStartTime : 1513109749609, nextTick: 10419, mDrawingTime: 3
12-12 12:15:49.608  1206  1206 I [SystemUI]Clock: onReceive = android.intent.action.TIME_SET
12-12 12:15:49.608  1206  1206 D Clock   : Clock updated, drawingStartTime : 1513109749611, nextTick: 10417, mDrawingTime: 3
12-12 12:15:49.608   990  1002 D LocationManagerService: getLastLocation: Request[POWER_LOW network requested=0 fastest=0 num=1]
12-12 12:15:49.608   990  3237 D LocationManagerService: getLastLocation: Request[ACCURACY_FINE gps requested=0 fastest=0 num=1]
12-12 12:15:49.628 17282 17282 I CrittercismInstance: Initializing Crittercism...
12-12 12:15:49.648   990  3237 I ActivityManager: Start proc com.google.android.gms.unstable for service com.google.android.gms/.droidguard.DroidGuardService: pid=17312 uid=10010 gids={50010, 3003, 1007, 1028, 1015, 3002, 3001, 3007, 2001, 3006}
12-12 12:15:49.658 17282 17282 D DigitalLocker.App: ****application start time 1513109749664
12-12 12:15:49.658 17282 17282 D DigitalLocker.App: DigitalLocker.App.onCreate() called
12-12 12:15:49.668 17282 17282 D DigitalLocker.ConnectionMonitor: examining network info: mobile, connected:false
12-12 12:15:49.668 17282 17282 D DigitalLocker.ConnectionMonitor: examining network info: WIFI, connected:true
12-12 12:15:49.668 17282 17282 D DigitalLocker.ConnectionMonitor: examining network info: mobile_mms, connected:false
12-12 12:15:49.668 17282 17282 D DigitalLocker.ConnectionMonitor: examining network info: mobile_supl, connected:false
12-12 12:15:49.668 17282 17282 D DigitalLocker.ConnectionMonitor: examining network info: mobile_dun, connected:false
12-12 12:15:49.668 17282 17282 D DigitalLocker.ConnectionMonitor: examining network info: mobile_hipri, connected:false
12-12 12:15:49.668 17282 17282 D DigitalLocker.ConnectionMonitor: examining network info: BLUETOOTH_TETHER, connected:false
12-12 12:15:49.668 17282 17282 D DigitalLocker.ConnectionMonitor: examining network info: mobile_fota, connected:false
12-12 12:15:49.668 17282 17282 D DigitalLocker.ConnectionMonitor: examining network info: mobile_ims, connected:false
12-12 12:15:49.668 17282 17282 D DigitalLocker.ConnectionMonitor: examining network info: mobile_cbs, connected:false
12-12 12:15:49.668 17282 17282 D DigitalLocker.ConnectionMonitor: examining network info: wifi_p2p, connected:false
12-12 12:15:49.668 17282 17282 D DigitalLocker.ConnectionMonitor: examining network info: mobile_vzwapp, connected:false
12-12 12:15:49.668 17282 17282 D DigitalLocker.ConnectionMonitor: examining network info: mobile_vzw800, connected:false
12-12 12:15:49.668 17282 17282 D DigitalLocker.ConnectionMonitor: examining network info: mobile_emergency, connected:false
12-12 12:15:49.668 17282 17282 D DigitalLocker.ConnectionMonitor: examining network info: mobile_xcap, connected:false
12-12 12:15:49.668 17282 17282 D DigitalLocker.ConnectionMonitor: examining network info: mobile_admin, connected:false
12-12 12:15:49.668 17282 17282 D DigitalLocker.ConnectionMonitor: connected over wifi
12-12 12:15:49.668 17282 17282 D DigitalLocker.ConnectionMonitor: number of listeners =0
12-12 12:15:49.668  2232  2232 D DigitalLocker.MediaObserverService: onStartCommand() called: intent=Intent { cmp=com.att.android.digitallocker/.upload.MediaObserverService (has extras) }, flags=0, startId=2
12-12 12:15:49.678  2280  2301 D libc    : dnsproxy getaddrinfo returns 0
12-12 12:15:49.688  1464  1474 I com.skyfire.browser.toolbar.ProcessObserverService: On importance changed 17312,10010,400
12-12 12:15:49.698 17312 17312 D HyLog   : I : /data/font/config/sfconfig.dat, No such file or directory (2)
12-12 12:15:49.698 17312 17312 D HyLog   : I : /data/font/config/dfactpre.dat, No such file or directory (2)
12-12 12:15:49.698 17312 17312 D HyLog   : I : /data/font/config/sfconfig.dat, No such file or directory (2)
12-12 12:15:49.698  1206  1206 D dalvikvm: GC_FOR_ALLOC freed 323K, 23% free 16036K/20772K, paused 29ms, total 29ms
12-12 12:15:49.718  2280  2301 I InetCheck: InetCheck:checkSMTP ip address: 74.125.197.108
12-12 12:15:49.718  2280  2301 I InetCheck: InetCheck:checkSMTP isConnected
12-12 12:15:49.718  2232  2232 D DigitalLocker.App: userIdHsh is null in the UserPreferenceMetadata; copying from legacy android preferences: null
12-12 12:15:49.728 17282 17302 D Webtrends: WebtrendsAndroidDataStore.doesTableExists(table:tbl_webtrends_state_vars)
12-12 12:15:49.728  1206  1206 D KeyguardUpdateMonitor: handleTimeUpdate
12-12 12:15:49.738  2232  2232 D DigitalLocker.UploadService: onStartCommand enqueuedMediaCount0
12-12 12:15:49.768 17282 17282 D DigitalLocker.ConnectionMonitor: examining network info: mobile, connected:false
12-12 12:15:49.768 17282 17282 D DigitalLocker.ConnectionMonitor: examining network info: WIFI, connected:true
12-12 12:15:49.768 17282 17282 D DigitalLocker.ConnectionMonitor: examining network info: mobile_mms, connected:false
12-12 12:15:49.768 17282 17282 D DigitalLocker.ConnectionMonitor: examining network info: mobile_supl, connected:false
12-12 12:15:49.768 17282 17282 D DigitalLocker.ConnectionMonitor: examining network info: mobile_dun, connected:false
12-12 12:15:49.768 17282 17282 D DigitalLocker.ConnectionMonitor: examining network info: mobile_hipri, connected:false
12-12 12:15:49.768 17282 17282 D DigitalLocker.ConnectionMonitor: examining network info: BLUETOOTH_TETHER, connected:false
12-12 12:15:49.768 17282 17282 D DigitalLocker.ConnectionMonitor: examining network info: mobile_fota, connected:false
12-12 12:15:49.768 17282 17282 D DigitalLocker.ConnectionMonitor: examining network info: mobile_ims, connected:false
12-12 12:15:49.768 17282 17282 D DigitalLocker.ConnectionMonitor: examining network info: mobile_cbs, connected:false
12-12 12:15:49.768 17282 17282 D DigitalLocker.ConnectionMonitor: examining network info: wifi_p2p, connected:false
12-12 12:15:49.768 17282 17282 D DigitalLocker.ConnectionMonitor: examining network info: mobile_vzwapp, connected:false
12-12 12:15:49.768 17282 17282 D DigitalLocker.ConnectionMonitor: examining network info: mobile_vzw800, connected:false
12-12 12:15:49.768 17282 17282 D DigitalLocker.ConnectionMonitor: examining network info: mobile_emergency, connected:false
12-12 12:15:49.768 17282 17282 D DigitalLocker.ConnectionMonitor: examining network info: mobile_xcap, connected:false
12-12 12:15:49.768 17282 17282 D DigitalLocker.ConnectionMonitor: examining network info: mobile_admin, connected:false
12-12 12:15:49.768 17282 17282 D DigitalLocker.ConnectionMonitor: connected over wifi
12-12 12:15:49.768  2008 17301 D libc    : getaddrinfo called from pid =2008
12-12 12:15:49.768  2008 17301 D libc    : getaddrinfo called from pid =2008
12-12 12:15:49.768   313 17328 D libc    : getaddrinfo called from pid =313
12-12 12:15:49.768   313 17328 D libc    : _dns_getaddrinfo: iptype =1
12-12 12:15:49.768   313 17328 D libc    : _dns_getaddrinfo: query_ipv4=1, query_ipv6=0
12-12 12:15:49.768 17312 17312 W dalvikvm: VFY: unable to resolve static field 937 (PR_SET_DUMPABLE) in Landroid/system/OsConstants;
12-12 12:15:49.768 17312 17312 D dalvikvm: VFY: replacing opcode 0x60 at 0x0009
12-12 12:15:49.768   990  3364 I ActivityManager: Killing 9821:com.google.android.talk/u0a71 (adj 15): empty for 19412s
