12-12 12:15:58.867   319 17904 V AudioFlinger: releaseWakeLock_l() AudioIn_D
12-12 12:15:58.867   319 17904 V AudioFlinger: RecordThread: loop stopping
12-12 12:15:58.867   319  1338 V AudioFlinger: acquiring 12 from 1636
12-12 12:15:58.867   319  1338 V AudioFlinger:  added new entry for 12
12-12 12:15:58.867  1636 17901 V AudioRecord: start, sync event 0 trigger session 0
12-12 12:15:58.867  1636 17901 V AudioRecord: mAudioRecord->start()
12-12 12:15:58.867   319   319 V AudioFlinger: RecordHandle::start()
12-12 12:15:58.867   319   319 V AudioFlinger: RecordThread::start event 0, triggerSession 0
12-12 12:15:58.867   319   319 V AudioPolicyManagerBase: startInput() module primary->input primary(13)
12-12 12:15:58.867   319   319 V AudioPolicyManagerBase: AudioPolicyManager::startInput() input source = 1999
12-12 12:15:58.867   319   319 V AudioPolicyService: inserting command: 3 at index 0, num commands 0
12-12 12:15:58.867   319   319 V AudioPolicyService: AudioCommandThread() adding set parameter string hotword_active=1;input_source=6;routing=-2147483644, io 13 ,delay 0
12-12 12:15:58.867   319   601 V AudioPolicyService: AudioCommandThread() waking up
12-12 12:15:58.867   319   601 V AudioPolicyService: AudioCommandThread() processing set parameters string hotword_active=1;input_source=6;routing=-2147483644, io 13
12-12 12:15:58.867   319   601 E AudioSystem: AudioSystem::setParameters()...keyValue hotword_active=1;input_source=6;routing=-2147483644
12-12 12:15:58.867   319   601 V AudioFlinger: setParameters(): io 13, keyvalue hotword_active=1;input_source=6;routing=-2147483644, calling pid 319
12-12 12:15:58.867   319   601 V AudioFlinger: ThreadBase::setParameters() hotword_active=1;input_source=6;routing=-2147483644
12-12 12:15:58.867   319 17904 V AudioFlinger: RecordThread: loop starting
12-12 12:15:58.867   319 17904 V AudioFlinger: acquireWakeLock_l() AudioIn_D status 0
12-12 12:15:58.867   319 17904 V audio_hw_primary: in_set_parameters: enter: kvpairs=hotword_active=1;input_source=6;routing=-2147483644
12-12 12:15:58.867   319 17904 V audio_hw_primary: in_set_parameters: exit: status(0)
12-12 12:15:58.867   319   319 V AudioFlinger: Signal record thread
12-12 12:15:58.867   319   601 V AudioPolicyService: AudioCommandThread() going to sleep
12-12 12:15:58.867   319 17904 V AudioFlinger: acquireWakeLock_l() AudioIn_D status 0
12-12 12:15:58.867   319 17904 V msm8974_platform: platform_update_usecase_from_source: input source :6
12-12 12:15:58.867   319 17904 V audio_hw_primary: start_input_stream: enter: usecase(7)
12-12 12:15:58.867   319 17904 D audio_hw_hfp: audio_extn_hfp_is_active: status(0)
12-12 12:15:58.867   319 17904 V audio_hw_primary: start_input_stream: usecase(7)
12-12 12:15:58.867   319 17904 D audio_hw_hfp: audio_extn_hfp_is_active: status(0)
12-12 12:15:58.867   319 17904 V audio_hw_primary: select_devices: enter playback and rx_mute is (-10) 10:rx_mute enable, -10 disable
12-12 12:15:58.867   319 17904 V msm8974_platform: platform_get_input_snd_device: enter: out_device(0) in_device(0x4)
12-12 12:15:58.867   319 17904 V msm8974_platform: LG_platform_get_input_snd_device: start LG get input device
12-12 12:15:58.867   319 17904 V msm8974_platform: platform_get_input_snd_device: selected snd_device by LG get output device
12-12 12:15:58.867   319 17904 V msm8974_platform: platform_get_input_snd_device: exit: in_snd_device(lg-vr-handset-mic)
12-12 12:15:58.867   319 17904 D audio_hw_primary: select_devices: out_snd_device(0: ) in_snd_device(82: lg-vr-handset-mic), usecase->type:1
12-12 12:15:58.867   319 17904 D hardware_info: hw_info_append_hw_type : device_name = lg-vr-handset-mic
12-12 12:15:58.867   319 17904 V audio_hw_primary: enable_snd_device: snd_device(82: lg-vr-handset-mic)
12-12 12:15:58.877   319 17904 D ACDB-LOADER: ACDB -> send_audio_cal, acdb_id = 65, path =  1
12-12 12:15:58.877   319 17904 D ACDB-LOADER: ACDB -> send_adm_topology
12-12 12:15:58.877   319 17904 D ACDB-LOADER: ACDB -> ACDB_CMD_GET_AUDPROC_COMMON_TOPOLOGY_ID
12-12 12:15:58.877   319 17904 D ACDB-LOADER: ACDB -> send_audtable
12-12 12:15:58.877   319 17904 D ACDB-LOADER: ACDB -> ACDB_CMD_GET_AUDPROC_COMMON_TABLE
12-12 12:15:58.877   319 17904 D ACDB-LOADER: ACDB -> AUDIO_SET_AUDPROC_CAL
12-12 12:15:58.877   319 17904 D ACDB-LOADER: ACDB -> send_audvoltable
12-12 12:15:58.877   319 17904 D ACDB-LOADER: ACDB -> ACDB_CMD_GET_AUDPROC_GAIN_DEP_STEP_TABLE
12-12 12:15:58.877   319 17904 D         : Failed to fetch the lookup information of the device 00000041 
12-12 12:15:58.877   319 17904 E ACDB-LOADER: Error: ACDB AudProc vol returned = -19
12-12 12:15:58.877   319 17904 D ACDB-LOADER: ACDB -> AUDIO_SET_AUDPROC_VOL_CAL
12-12 12:15:58.877   319 17904 D ACDB-LOADER: ACDB -> AUDIO_SET_AFE_CAL
12-12 12:15:58.877   319 17904 I listen_hal_loader: audio_extn_listen_update_status(): stop listen. current active device = lg-vr-handset-mic. Event = 1
12-12 12:15:58.877   319 17904 V listen_hw: listen_hw_notify_event: Enter. event = 1
12-12 12:15:58.877   319 17904 V listen_hw: handle_notify_event: Enter. event type = capture is active
12-12 12:15:58.877   319 17904 V listen_hw: handle_notify_event: mad disabled. nothing to do = 1
12-12 12:15:58.877   990  5043 D qdlights: set_light_backlight: 59
12-12 12:15:58.877   319 17904 V audio_hw_primary: enable_audio_route: enter: usecase(7)
12-12 12:15:58.877   319 17904 V audio_hw_primary: enable_audio_route: apply mixer path: audio-record
12-12 12:15:58.877   319 17904 V audio_hw_primary: enable_audio_route: exit
12-12 12:15:58.877   319 17904 V audio_hw_primary: start_input_stream: Opening PCM device card_id(0) device_id(0), channels 1
12-12 12:15:58.887   319 17904 V audio_hw_primary: start_input_stream: exit
12-12 12:15:58.887   990  1218 D qdlights: set_light_backlight: 62
12-12 12:15:58.907   990  5040 D qdlights: set_light_backlight: 65
12-12 12:15:58.917  2240 17896 V DownloadManager: starting query, database is not null; projection[0] is title; selection is null; selectionArgs is null; sort is null.
12-12 12:15:58.927   990  5041 D qdlights: set_light_backlight: 68
12-12 12:15:58.937   990  5042 D qdlights: set_light_backlight: 72
12-12 12:15:58.947  2240 17808 V DownloadManager: starting query, database is not null; projection is null; selection is null; selectionArgs is null; sort is null.
12-12 12:15:58.957   990  5043 D qdlights: set_light_backlight: 75
12-12 12:15:58.967  5321  5331 W ConfigurationChimeraPro: Got null configs for com.google.android.gms.auth.account.base
12-12 12:15:58.967  2240 17808 V DownloadManager: created cursor android.database.sqlite.SQLiteCursor@41e0c3d8 on behalf of 2240
12-12 12:15:58.967  2240 17896 V DownloadManager: created cursor android.database.sqlite.SQLiteCursor@41e02a50 on behalf of 2240
12-12 12:15:58.967   990  1218 D qdlights: set_light_backlight: 78
12-12 12:15:58.987  1636 17867 I Search.GservicesUpdateTask: Updating Gservices keys
12-12 12:15:58.987  1636 17870 W Search.LoginHelper: blockingGetGaiaWebLoginLink: account null, returning.
12-12 12:15:58.987   319   319 V AudioFlinger: Record started OK
12-12 12:15:58.997   990  5040 D qdlights: set_light_backlight: 82
12-12 12:15:58.997  2240 17808 V DownloadManager: starting query, database is not null; projection[0] is status; selection is null; selectionArgs is null; sort is null.
12-12 12:15:59.007  2240 17808 V DownloadManager: created cursor android.database.sqlite.SQLiteCursor@41e15668 on behalf of 2240
12-12 12:15:59.007   990  5041 D qdlights: set_light_backlight: 85
12-12 12:15:59.017  1636 17870 I UpdateLanguagePacksTask: Checking for language pack updates.
12-12 12:15:59.017  2240 17896 D DownloadManager: DB Update : numfailed 0
12-12 12:15:59.017  2240 17896 D DownloadManager: DB Update : method 0
12-12 12:15:59.017  1636  1636 I SearchController: #onHotwordDetectorStarted
12-12 12:15:59.017   990  5042 D qdlights: set_light_backlight: 88
12-12 12:15:59.027  2240 17896 D DownloadManager: DB Update : lastmod 1513109758911
12-12 12:15:59.027  2240 17896 D DownloadManager: DB Update : mimetype text/plain
12-12 12:15:59.027  2240 17896 D DownloadManager: DB Update : _data /cache/07252017-sms-blacklist.txt
12-12 12:15:59.027  2240 17896 D DownloadManager: DB Update : status 200
12-12 12:15:59.037  2240 17808 V DownloadManager: starting query, database is not null; projection[0] is status; selection is null; selectionArgs is null; sort is null.
12-12 12:15:59.037   990  5043 D qdlights: set_light_backlight: 92
12-12 12:15:59.047  7736 17892 D dalvikvm: GC_FOR_ALLOC freed 891K, 42% free 6791K/11632K, paused 90ms, total 90ms
12-12 12:15:59.057   990  1218 D qdlights: set_light_backlight: 95
12-12 12:15:59.067   990  5040 D qdlights: set_light_backlight: 98
12-12 12:15:59.097  2240 17808 V DownloadManager: created cursor android.database.sqlite.SQLiteCursor@41e1a098 on behalf of 2240
12-12 12:15:59.097   990  5041 D qdlights: set_light_backlight: 102
12-12 12:15:59.107   304   434 E cutils  : Failed to mkdirat(/storage/external_SD/Android): Read-only file system
12-12 12:15:59.107   304   434 E VoldCmdListener: [LGE][VOLD][CommandListener.cpp][VolumeCmd::runCommand()] argv[1]:mkdirs, argv[2]:/storage/external_SD/Android/data/com.google.android.googlequicksearchbox/files/download_cache/, argv[3]:(null), argc:3
12-12 12:15:59.107   304   434 W Vold    : Returning OperationFailed - no handler for errno 30
12-12 12:15:59.117   990  5042 D qdlights: set_light_backlight: 105
12-12 12:15:59.117  1636  1636 W ContextImpl: Failed to ensure directory: /storage/external_SD/Android/data/com.google.android.googlequicksearchbox/files/download_cache
12-12 12:15:59.117   990  5043 D qdlights: set_light_backlight: 108
12-12 12:15:59.137  2240 17808 V DownloadManager: starting query, database is not null; projection is null; selection is null; selectionArgs is null; sort is null.
12-12 12:15:59.137  2240  4490 V DownloadManager: starting query, database is not null; projection[0] is _id; projection[1] is _data AS local_filename; projection[2] is mediaprovider_uri; projection[3] is destination; projection[4] is title; projection[5] is description; projection[6] is uri; projection[7] is status; projection[8] is hint; projection[9] is mimetype AS media_type; projection[10] is total_bytes AS total_size; projection[11] is lastmod AS last_modified_timestamp; projection[12] is current_bytes AS bytes_so_far; projection[13] is allow_write; projection[14] is 'placeholder' AS local_uri; projection[15] is 'placeholder' AS reason; projection[16] is drm_status; selection is (_id = ? ) AND deleted != '1'; selectionArgs[0] is 3741; sort is lastmod DESC.
12-12 12:15:59.137   990  1218 D qdlights: set_light_backlight: 112
12-12 12:15:59.137  2240  4490 V DownloadManager: created cursor android.database.sqlite.SQLiteCursor@41e38f58 on behalf of 17779
12-12 12:15:59.137  5321 17886 I GCoreUlr: WorldUpdater:com.google.gservices.intent.action.GSERVICES_CHANGED: Ensuring that reporting is stopped because of reasons: (no Google accounts)
12-12 12:15:59.147  2240 17808 V DownloadManager: created cursor android.database.sqlite.SQLiteCursor@41e3a7f0 on behalf of 2240
12-12 12:15:59.147  2240  2641 V DownloadManager: starting query, database is not null; projection[0] is _id; projection[1] is _data AS local_filename; projection[2] is mediaprovider_uri; projection[3] is destination; projection[4] is title; projection[5] is description; projection[6] is uri; projection[7] is status; projection[8] is hint; projection[9] is mimetype AS media_type; projection[10] is total_bytes AS total_size; projection[11] is lastmod AS last_modified_timestamp; projection[12] is current_bytes AS bytes_so_far; projection[13] is allow_write; projection[14] is 'placeholder' AS local_uri; projection[15] is 'placeholder' AS reason; projection[16] is drm_status; selection is (_id = ? ) AND deleted != '1'; selectionArgs[0] is 3741; sort is lastmod DESC.
12-12 12:15:59.147  2240 17808 V DownloadManager: starting query, database is not null; projection[0] is status; selection is null; selectionArgs is null; sort is null.
12-12 12:15:59.157  7736 17892 D dalvikvm: GC_FOR_ALLOC freed 1069K, 42% free 6771K/11632K, paused 60ms, total 60ms
12-12 12:15:59.157  2240  2641 V DownloadManager: created cursor android.database.sqlite.SQLiteCursor@41e3def0 on behalf of 17779
12-12 12:15:59.177   990  5040 D qdlights: set_light_backlight: 115
12-12 12:15:59.187  2240 17808 V DownloadManager: created cursor android.database.sqlite.SQLiteCursor@41e3f8a8 on behalf of 2240
12-12 12:15:59.187 17779 17779 W ContextImpl: Implicit intents with startService are not safe: Intent { act=com.google.android.configupdater.SmsShortCodes.NEW_CONTENT (has extras) } android.content.ContextWrapper.startService:494 android.content.ContextWrapper.startService:494 com.google.android.configupdater.UpdateRequestReceiver.handleContentDownload:231 
12-12 12:15:59.187   990  5041 D qdlights: set_light_backlight: 122
12-12 12:15:59.197  5095  5107 D dalvikvm: GC_EXPLICIT freed 111K, 64% free 4301K/11632K, paused 35ms+8ms, total 245ms
12-12 12:15:59.197 17312 17323 I Adreno-EGL: <qeglDrvAPI_eglInitialize:410>: EGL 1.4 QUALCOMM build:  ()
12-12 12:15:59.197 17312 17323 I Adreno-EGL: OpenGL ES Shader Compiler Version: E031.24.00.08
12-12 12:15:59.197 17312 17323 I Adreno-EGL: Build Date: 03/21/14 Fri
12-12 12:15:59.197 17312 17323 I Adreno-EGL: Local Branch: AU200-20140313-all-patches-KK8x26-664328
12-12 12:15:59.197 17312 17323 I Adreno-EGL: Remote Branch: 
12-12 12:15:59.197 17312 17323 I Adreno-EGL: Local Patches: 
12-12 12:15:59.197 17312 17323 I Adreno-EGL: Reconstruct Branch: 
12-12 12:15:59.197  2240  2246 D dalvikvm: GC_CONCURRENT freed 1580K, 64% free 4205K/11632K, paused 7ms+11ms, total 62ms
12-12 12:15:59.207   990  5042 D qdlights: set_light_backlight: 125
12-12 12:15:59.207  5321 17886 I GCoreUlr: Unbound from all location providers
12-12 12:15:59.207  5321 17886 I GCoreUlr: Place inference reporting - stop
12-12 12:15:59.217   990  5043 D qdlights: set_light_backlight: 128
12-12 12:15:59.227 17779 17912 I UpdateFetcherService: Update downloaded, starting installation
12-12 12:15:59.227 17779 17912 I UpdateFetcherService: Started installation
12-12 12:15:59.237  7736 17892 D dalvikvm: GC_FOR_ALLOC freed 295K, 42% free 6776K/11632K, paused 55ms, total 55ms
12-12 12:15:59.237  2240  2255 D DownloadManager: DB Update : deleted 1
12-12 12:15:59.237   990  1218 D qdlights: set_light_backlight: 132
12-12 12:15:59.257  5321  5321 I GCoreUlr: Stopping handler for UlrDispSvcFast
12-12 12:15:59.257   990  5040 D qdlights: set_light_backlight: 135
12-12 12:15:59.257  5321  5321 I GCoreUlr: Unbound from all location providers
12-12 12:15:59.257  5321  5321 I GCoreUlr: Place inference reporting - stop
12-12 12:15:59.267   990  5041 D qdlights: set_light_backlight: 138
12-12 12:15:59.277  2240 17808 V DownloadManager: starting query, database is not null; projection is null; selection is null; selectionArgs is null; sort is null.
12-12 12:15:59.277  2240 17808 V DownloadManager: created cursor android.database.sqlite.SQLiteCursor@41e15590 on behalf of 2240
12-12 12:15:59.287 17312 17323 I Adreno-EGL: <qeglDrvAPI_eglInitialize:410>: EGL 1.4 QUALCOMM build:  ()
12-12 12:15:59.287 17312 17323 I Adreno-EGL: OpenGL ES Shader Compiler Version: E031.24.00.08
12-12 12:15:59.287 17312 17323 I Adreno-EGL: Build Date: 03/21/14 Fri
12-12 12:15:59.287 17312 17323 I Adreno-EGL: Local Branch: AU200-20140313-all-patches-KK8x26-664328
12-12 12:15:59.287 17312 17323 I Adreno-EGL: Remote Branch: 
12-12 12:15:59.287 17312 17323 I Adreno-EGL: Local Patches: 
12-12 12:15:59.287 17312 17323 I Adreno-EGL: Reconstruct Branch: 
12-12 12:15:59.297   990  5042 D qdlights: set_light_backlight: 142
12-12 12:15:59.297  5321 17886 I GCoreUlr: DispatchingService ignoring Intent { act=android.net.wifi.WIFI_STATE_CHANGED flg=0x44000010 (has extras) } because ULR inactive
12-12 12:15:59.307   990  5043 D qdlights: set_light_backlight: 145
12-12 12:15:59.307  7736  7869 I Icing   : IndexChimeraService.getServiceInterface callingPackage=com.google.android.googlequicksearchbox componentName=null serviceId=21
12-12 12:15:59.317  2240 17808 V DownloadManager: starting query, database is not null; projection[0] is status; selection is null; selectionArgs is null; sort is null.
12-12 12:15:59.327   990  1218 D qdlights: set_light_backlight: 148
12-12 12:15:59.327  2240 17808 V DownloadManager: created cursor android.database.sqlite.SQLiteCursor@41e0b3f8 on behalf of 2240
12-12 12:15:59.337 17312 17323 I Adreno-EGL: <qeglDrvAPI_eglInitialize:410>: EGL 1.4 QUALCOMM build:  ()
12-12 12:15:59.337 17312 17323 I Adreno-EGL: OpenGL ES Shader Compiler Version: E031.24.00.08
12-12 12:15:59.337 17312 17323 I Adreno-EGL: Build Date: 03/21/14 Fri
12-12 12:15:59.337 17312 17323 I Adreno-EGL: Local Branch: AU200-20140313-all-patches-KK8x26-664328
12-12 12:15:59.337 17312 17323 I Adreno-EGL: Remote Branch: 
12-12 12:15:59.337 17312 17323 I Adreno-EGL: Local Patches: 
12-12 12:15:59.337 17312 17323 I Adreno-EGL: Reconstruct Branch: 
12-12 12:15:59.347   990  5040 D qdlights: set_light_backlight: 152
12-12 12:15:59.347   990 17915 I ConfigUpdateInstallReceiver: Not installing, new version is <= current version
12-12 12:15:59.357   990  5041 D qdlights: set_light_backlight: 155
12-12 12:15:59.367   990  5042 D qdlights: set_light_backlight: 158
12-12 12:15:59.377  7736 17892 D dalvikvm: GC_FOR_ALLOC freed 1327K, 42% free 6796K/11632K, paused 60ms, total 61ms
12-12 12:15:59.377  7736 17723 W ProviderHelper: Unknown dynamite feature flags
12-12 12:15:59.377  7736 17723 I DynamiteModule: Considering local module com.google.android.gms.flags:2 and remote module com.google.android.gms.flags:0
12-12 12:15:59.377  7736 17723 I DynamiteModule: Selected local version of com.google.android.gms.flags
12-12 12:15:59.387   990  5043 D qdlights: set_light_backlight: 162
12-12 12:15:59.397  7736 17361 I OcrModelUpStIntentOp: Updating ocr activity enabled=false (phenotypeFlag=false, lowRamDevice=false, prereqCheck=true)
12-12 12:15:59.407   990  1218 D qdlights: set_light_backlight: 165
12-12 12:15:59.417  7736  7736 D dalvikvm: newInstance failed: no <init>()
12-12 12:15:59.417   990  5040 D qdlights: set_light_backlight: 168
12-12 12:15:59.427  1206  1383 D LockPatternUtilsEx: OMADM Lock is OFF
12-12 12:15:59.437  2240 17808 V DownloadManager: starting query, database is not null; projection is null; selection is null; selectionArgs is null; sort is null.
12-12 12:15:59.437  2240 17808 V DownloadManager: created cursor android.database.sqlite.SQLiteCursor@41d14720 on behalf of 2240
12-12 12:15:59.437   990  5041 D qdlights: set_light_backlight: 172
12-12 12:15:59.437  2240 17808 V DownloadManager: starting query, database is not null; projection[0] is status; selection is null; selectionArgs is null; sort is null.
12-12 12:15:59.437  2240 17808 V DownloadManager: created cursor android.database.sqlite.SQLiteCursor@41c951d8 on behalf of 2240
12-12 12:15:59.437  2240 17813 V DownloadManager: getting filename from uri
12-12 12:15:59.447  2240 17813 I DownloadManager: in verifySpace, destination: 5, path: 08202014-metadata.txt, length: 0
12-12 12:15:59.447  2240 17813 V DownloadManager: keeping extension
12-12 12:15:59.447  2240 17813 V DownloadManager: target file: /cache/08202014-metadata.txt
12-12 12:15:59.457   990  5042 D qdlights: set_light_backlight: 175
12-12 12:15:59.467  2240 17813 V DownloadManager: starting query, database is not null; projection[0] is title; selection is null; selectionArgs is null; sort is null.
12-12 12:15:59.467   990  5043 D qdlights: set_light_backlight: 179
12-12 12:15:59.477   990  1316 D CaptivePortalTracker: DelayedCaptiveCheckState{ when=-9ms what=2 arg1=1 target=com.android.internal.util.StateMachine$SmHandler }
12-12 12:15:59.477  2240 17813 V DownloadManager: created cursor android.database.sqlite.SQLiteCursor@41c9a818 on behalf of 2240
12-12 12:15:59.477   990  1316 D libc    : getaddrinfo called from pid =990
12-12 12:15:59.477   990  1316 D libc    : getaddrinfo called from pid =990
12-12 12:15:59.477   313 17920 D libc    : getaddrinfo called from pid =313
12-12 12:15:59.477   313 17920 D libc    : _dns_getaddrinfo: iptype =1
12-12 12:15:59.477   313 17920 D libc    : _dns_getaddrinfo: query_ipv4=1, query_ipv6=0
12-12 12:15:59.477   990  1316 D libc    : dnsproxy getaddrinfo returns 0
12-12 12:15:59.477   990  1316 D CaptivePortalTracker: Checking http://216.58.216.142/generate_204
12-12 12:15:59.477   990  1316 D libc    : getaddrinfo called from pid =990
12-12 12:15:59.477  2240 17813 D DownloadManager: DB Update : title 08202014-metadata.txt
12-12 12:15:59.477   990  1316 D libc    : getaddrinfo called from pid =990
12-12 12:15:59.477  2240 17813 D DownloadManager: DB Update : mimetype text/plain
12-12 12:15:59.477  2240 17813 D DownloadManager: DB Update : _data /cache/08202014-metadata.txt
12-12 12:15:59.477  2240 17813 D DownloadManager: DB Update : total_bytes -1
12-12 12:15:59.477   990  1316 D QcConnectivityService: setProvNotificationVisible: E visible=false networkType=1 extraInfo=null url=null
12-12 12:15:59.487   990  1218 D qdlights: set_light_backlight: 182
12-12 12:15:59.487  2240 17808 V DownloadManager: starting query, database is not null; projection is null; selection is null; selectionArgs is null; sort is null.
12-12 12:15:59.487  2240 17813 I DownloadManager: activeInfo is not null,  NetworkInfo.getTypeName() = WIFI
12-12 12:15:59.487  2240 17808 V DownloadManager: created cursor android.database.sqlite.SQLiteCursor@41be5b00 on behalf of 2240
12-12 12:15:59.497  2240 17813 D libc    : getaddrinfo called from pid =2240
12-12 12:15:59.497  7736 17892 D dalvikvm: GC_FOR_ALLOC freed 1275K, 42% free 6793K/11632K, paused 60ms, total 60ms
12-12 12:15:59.497  2240 17808 V DownloadManager: starting query, database is not null; projection[0] is status; selection is null; selectionArgs is null; sort is null.
12-12 12:15:59.497  2240 17808 V DownloadManager: created cursor android.database.sqlite.SQLiteCursor@41c91fa8 on behalf of 2240
12-12 12:15:59.497  2240 17813 D DownloadManager: DB Update : current_bytes 384
12-12 12:15:59.497  2240 17813 D DownloadManager: DB Update : total_bytes 384
12-12 12:15:59.507   990  5040 D qdlights: set_light_backlight: 185
12-12 12:15:59.517  7736 17759 I CheckinUtil: Classify the device as Tablet.
12-12 12:15:59.517   990  5041 D qdlights: set_light_backlight: 189
12-12 12:15:59.537   990  5042 D qdlights: set_light_backlight: 192
12-12 12:15:59.557   990  5043 D qdlights: set_light_backlight: 195
12-12 12:15:59.557  7736 17722 I FontsSharedState: No directory on disk newer than version 0
12-12 12:15:59.567  2240 17808 V DownloadManager: starting query, database is not null; projection is null; selection is null; selectionArgs is null; sort is null.
12-12 12:15:59.567   990  1218 D qdlights: set_light_backlight: 199
12-12 12:15:59.577  2240 17808 V DownloadManager: created cursor android.database.sqlite.SQLiteCursor@41c948e8 on behalf of 2240
12-12 12:15:59.577  2240 17808 V DownloadManager: starting query, database is not null; projection[0] is status; selection is null; selectionArgs is null; sort is null.
12-12 12:15:59.587   990  5040 D qdlights: set_light_backlight: 202
12-12 12:15:59.597  2240 17808 V DownloadManager: created cursor android.database.sqlite.SQLiteCursor@41bd9e90 on behalf of 2240
12-12 12:15:59.597  2240 17813 V DownloadManager: starting query, database is not null; projection[0] is title; selection is null; selectionArgs is null; sort is null.
12-12 12:15:59.597  2240 17813 V DownloadManager: created cursor android.database.sqlite.SQLiteCursor@41ca3af8 on behalf of 2240
12-12 12:15:59.607  2240 17813 D DownloadManager: DB Update : numfailed 0
12-12 12:15:59.607  2240 17813 D DownloadManager: DB Update : method 0
12-12 12:15:59.607  2240 17813 D DownloadManager: DB Update : lastmod 1513109759603
12-12 12:15:59.607  2240 17813 D DownloadManager: DB Update : mimetype text/plain
12-12 12:15:59.607  2240 17813 D DownloadManager: DB Update : _data /cache/08202014-metadata.txt
12-12 12:15:59.607  2240 17813 D DownloadManager: DB Update : status 200
12-12 12:15:59.607   990  5041 D qdlights: set_light_backlight: 205
12-12 12:15:59.607   990  1316 D CaptivePortalTracker: isCaptivePortal: ret=false rspCode=204
12-12 12:15:59.607   990  1316 D CaptivePortalTracker: Not captive network NetworkInfo: type: WIFI[], state: CONNECTED/CONNECTED, reason: (unspecified), extra: "9902436593", roaming: false, failover: false, isAvailable: true, smCause: 0, isConnectedToProvisioningNetwork: false
12-12 12:15:59.607   990  1316 D CaptivePortalTracker: notifyPortalCheckCompleted: captive=false ni=NetworkInfo: type: WIFI[], state: CONNECTED/CONNECTED, reason: (unspecified), extra: "9902436593", roaming: false, failover: false, isAvailable: true, smCause: 0, isConnectedToProvisioningNetwork: false
12-12 12:15:59.607   990  1316 W ContextImpl: Calling a method in the system process without a qualified user: android.app.ContextImpl.sendBroadcast:1265 android.net.CaptivePortalTracker.sendNetworkConditionsBroadcast:835 android.net.CaptivePortalTracker.isCaptivePortal:648 android.net.CaptivePortalTracker.access$4700:77 android.net.CaptivePortalTracker$DelayedCaptiveCheckState.processMessage:430 
12-12 12:15:59.607   990  1316 D QcConnectivityService: captivePortalCheckCompleted: ni=NetworkInfo: type: WIFI[], state: CONNECTED/CONNECTED, reason: (unspecified), extra: "9902436593", roaming: false, failover: false, isAvailable: true, smCause: 0, isConnectedToProvisioningNetwork: false captive=false
12-12 12:15:59.617  7736  7885 D libc    : getaddrinfo called from pid =7736
12-12 12:15:59.617  7736  7885 D libc    : getaddrinfo called from pid =7736
12-12 12:15:59.617   313 17925 D libc    : getaddrinfo called from pid =313
12-12 12:15:59.617   313 17925 D libc    : _dns_getaddrinfo: iptype =1
12-12 12:15:59.617   313 17925 D libc    : _dns_getaddrinfo: query_ipv4=1, query_ipv6=0
12-12 12:15:59.617   990  5042 D qdlights: set_light_backlight: 209
12-12 12:15:59.637  7736  7885 D libc    : dnsproxy getaddrinfo returns 0
12-12 12:15:59.637  7736  7817 I Icing   : Usage reports ok 0, Failed Usage reports 0, indexed 0, rejected 0, imm upload true
12-12 12:15:59.637  2240 17808 V DownloadManager: starting query, database is not null; projection is null; selection is null; selectionArgs is null; sort is null.
12-12 12:15:59.647   990  5043 D qdlights: set_light_backlight: 212
12-12 12:15:59.647  7736 17722 I dalvikvm: Could not find method android.bluetooth.BluetoothAdapter.isBleScanAlwaysAvailable, referenced from method kgl.b
12-12 12:15:59.647  7736 17722 W dalvikvm: VFY: unable to resolve virtual method 3280: Landroid/bluetooth/BluetoothAdapter;.isBleScanAlwaysAvailable ()Z
12-12 12:15:59.647  7736 17722 D dalvikvm: VFY: replacing opcode 0x6e at 0x000e
12-12 12:15:59.657   990  1218 D qdlights: set_light_backlight: 215
12-12 12:15:59.657  1489  1489 W ResourceType: No known package when getting name for resource number 0x9b000000
12-12 12:15:59.667  5321  5332 W ConfigurationChimeraPro: Got null configs for com.google.android.gms.locationsharing
12-12 12:15:59.677   990  5040 D qdlights: set_light_backlight: 219
12-12 12:15:59.677  7736  7885 D libc    : getaddrinfo called from pid =7736
12-12 12:15:59.677  2240 17808 V DownloadManager: created cursor android.database.sqlite.SQLiteCursor@41b96748 on behalf of 2240
12-12 12:15:59.677  1489  1489 W ResourceType: No known package when getting name for resource number 0x9b000100
12-12 12:15:59.677  1489  1489 W ResourceType: No known package when getting name for resource number 0x9b000200
12-12 12:15:59.687  2240  4491 V DownloadManager: starting query, database is not null; projection[0] is _id; projection[1] is _data AS local_filename; projection[2] is mediaprovider_uri; projection[3] is destination; projection[4] is title; projection[5] is description; projection[6] is uri; projection[7] is status; projection[8] is hint; projection[9] is mimetype AS media_type; projection[10] is total_bytes AS total_size; projection[11] is lastmod AS last_modified_timestamp; projection[12] is current_bytes AS bytes_so_far; projection[13] is allow_write; projection[14] is 'placeholder' AS local_uri; projection[15] is 'placeholder' AS reason; projection[16] is drm_status; selection is (_id = ? ) AND deleted != '1'; selectionArgs[0] is 3739; sort is lastmod DESC.
12-12 12:15:59.687   990  5041 D qdlights: set_light_backlight: 222
12-12 12:15:59.687  1489  1489 W ResourceType: No known package when getting name for resource number 0x9b000300
12-12 12:15:59.697  1489  1489 W ResourceType: No known package when getting name for resource number 0x9b000400
12-12 12:15:59.697  5095  5107 D dalvikvm: GC_EXPLICIT freed 108K, 63% free 4321K/11632K, paused 3ms+16ms, total 126ms
12-12 12:15:59.697  1489  1489 W ResourceType: No known package when getting name for resource number 0x9b000500
12-12 12:15:59.727  1489  1489 W ResourceType: No known package when getting name for resource number 0x9b000600
12-12 12:15:59.727   990  5042 D qdlights: set_light_backlight: 225
12-12 12:15:59.727  1489  1489 W ResourceType: No known package when getting name for resource number 0x9c000000
12-12 12:15:59.727  1489  1489 W ResourceType: No known package when getting name for resource number 0x9c000001
12-12 12:15:59.727  1489  1489 W ResourceType: No known package when getting name for resource number 0x9c000103
12-12 12:15:59.727  1489  1489 W ResourceType: No known package when getting name for resource number 0x9c000005
12-12 12:15:59.737  1489  1489 W ResourceType: No known package when getting name for resource number 0x9c000105
12-12 12:15:59.737  1489  1489 W ResourceType: No known package when getting name for resource number 0x9c000205
12-12 12:15:59.747   990  5043 D qdlights: set_light_backlight: 232
12-12 12:15:59.747  1489  1489 W ResourceType: No known package when getting name for resource number 0x9c000305
12-12 12:15:59.747  1489  1489 W ResourceType: No known package when getting name for resource number 0x9c000405
12-12 12:15:59.747  1489  1489 W ResourceType: No known package when getting name for resource number 0x9c000505
12-12 12:15:59.757   990  1218 D qdlights: set_light_backlight: 235
12-12 12:15:59.757  7736  7740 D dalvikvm: GC_CONCURRENT freed 1984K, 42% free 6856K/11632K, paused 10ms+8ms, total 74ms
12-12 12:15:59.757  7736 17722 D dalvikvm: WAIT_FOR_CONCURRENT_GC blocked 35ms
12-12 12:15:59.757  7736  7736 D dalvikvm: WAIT_FOR_CONCURRENT_GC blocked 34ms
12-12 12:15:59.757  7736 17891 D dalvikvm: WAIT_FOR_CONCURRENT_GC blocked 34ms
12-12 12:15:59.757  7736 17723 D dalvikvm: WAIT_FOR_CONCURRENT_GC blocked 32ms
12-12 12:15:59.767  7736 17759 D dalvikvm: WAIT_FOR_CONCURRENT_GC blocked 33ms
12-12 12:15:59.767  7736 17892 D dalvikvm: WAIT_FOR_CONCURRENT_GC blocked 34ms
12-12 12:15:59.767  7736  7885 D dalvikvm: WAIT_FOR_CONCURRENT_GC blocked 42ms
12-12 12:15:59.767  7736  7885 W Conscrypt: Could not set socket write timeout:
12-12 12:15:59.767  7736  7817 D dalvikvm: WAIT_FOR_CONCURRENT_GC blocked 41ms
12-12 12:15:59.777   990  5040 D qdlights: set_light_backlight: 239
12-12 12:15:59.787   990  5041 D qdlights: set_light_backlight: 242
12-12 12:15:59.807   990  5042 D qdlights: set_light_backlight: 245
12-12 12:15:59.827   990  5043 D qdlights: set_light_backlight: 249
12-12 12:15:59.827  7736 17892 D dalvikvm: GC_FOR_ALLOC freed 132K, 43% free 6741K/11632K, paused 59ms, total 59ms
12-12 12:15:59.837  7736 17892 I dalvikvm-heap: Grow heap (frag case) to 10.219MB for 1048592-byte allocation
12-12 12:15:59.837   990  1218 D qdlights: set_light_backlight: 252
12-12 12:15:59.847  7736  7885 W Conscrypt:    java.lang.reflect.Method.invokeNative(Native Method)
12-12 12:15:59.847  7736  7885 W Conscrypt:    java.lang.reflect.Method.invoke(Method.java:515)
12-12 12:15:59.857   990  5040 D qdlights: set_light_backlight: 255
12-12 12:15:59.917  7736 17759 I ProcessCheckinRequest: cookie is null
12-12 12:15:59.917  7736 17722 I CmaSystemUpdateService: StartServiceIntentOperation: Intent { act=com.google.gservices.intent.action.GSERVICES_CHANGED flg=0x10 cmp=com.google.android.gms/.chimera.GmsIntentOperationService$PersistentInternalReceiver }
12-12 12:15:59.937  7736 17759 D libc    : getaddrinfo called from pid =7736
12-12 12:15:59.937  7736 17759 D libc    : getaddrinfo called from pid =7736
12-12 12:15:59.937   313 17928 D libc    : getaddrinfo called from pid =313
12-12 12:15:59.937   313 17928 D libc    : _dns_getaddrinfo: iptype =1
12-12 12:15:59.937   313 17928 D libc    : _dns_getaddrinfo: query_ipv4=1, query_ipv6=0
12-12 12:15:59.937  7736 17759 D libc    : dnsproxy getaddrinfo returns 0
12-12 12:15:59.937  7736 17722 W dalvikvm: VFY: unable to find class referenced in signature (Landroid/os/UpdateEngineCallback;)
12-12 12:15:59.937  7736 17722 I CmaSystemUpdateService: receiver: Intent { act=com.google.gservices.intent.action.GSERVICES_CHANGED flg=0x10 cmp=com.google.android.gms/.chimera.GmsIntentOperationService$PersistentInternalReceiver }
12-12 12:15:59.947  7736 17758 D libc    : getaddrinfo called from pid =7736
12-12 12:15:59.947  7736 17758 D libc    : getaddrinfo called from pid =7736
12-12 12:15:59.947   313 17929 D libc    : getaddrinfo called from pid =313
12-12 12:15:59.947   313 17929 D libc    : _dns_getaddrinfo: iptype =1
12-12 12:15:59.947   313 17929 D libc    : _dns_getaddrinfo: query_ipv4=1, query_ipv6=0
12-12 12:15:59.957  7736 17723 I SystemUpdate: [Installation,ReceiverIntentOperation] Received intent: Intent { act=com.google.gservices.intent.action.GSERVICES_CHANGED flg=0x10 cmp=com.google.android.gms/.chimera.GmsIntentOperationService$PersistentInternalReceiver }.
12-12 12:15:59.967   990  3365 D dalvikvm: GC_EXPLICIT freed 1249K, 46% free 17425K/31944K, paused 5ms+20ms, total 275ms
12-12 12:15:59.967  7736 17723 I dalvikvm: Could not find method android.app.admin.DevicePolicyManager.notifyPendingSystemUpdate, referenced from method afxh.a
12-12 12:15:59.967  7736 17723 W dalvikvm: VFY: unable to resolve virtual method 23283: Landroid/app/admin/DevicePolicyManager;.notifyPendingSystemUpdate (J)V
12-12 12:15:59.967  7736 17723 D dalvikvm: VFY: replacing opcode 0x6e at 0x00f0
12-12 12:15:59.967  2240  4491 V DownloadManager: created cursor android.database.sqlite.SQLiteCursor@41c98dc8 on behalf of 17779
12-12 12:15:59.977  7736 17758 D libc    : dnsproxy getaddrinfo returns 0
12-12 12:15:59.987  7736 17759 D libc    : getaddrinfo called from pid =7736
12-12 12:15:59.997  1206  1206 D KeyguardUpdateMonitor: received broadcast android.intent.action.TIME_TICK
12-12 12:15:59.997  1206  1206 D KeyguardUpdateMonitor: handleTimeUpdate
12-12 12:15:59.997  1360  1360 D WeatherService: 2 : TimeTick Intent has been received, Time(hour:min:sec) 12:16:0
12-12 12:15:59.997  1360  1360 D WeatherService: 2 : TimeTick Intent And Screen On
12-12 12:15:59.997  1360  1360 D WeatherService: 2 : SDK version : 19
12-12 12:15:59.997  1360  1360 D Weather.Utils: 2 : Utils getTopActivity com.lge.launcher2 / true
12-12 12:15:59.997  1360  1360 D WeatherService: 2 : shouldTimeTickRegistered - 4x2 : 1, FphWidget : 0
12-12 12:15:59.997  1360  1360 D WeatherService: 2 : shouldTimeTickRegistered : true - home screen widget is shown.
12-12 12:15:59.997  1360  1360 D WeatherService: 2 : requestRefreshAppWidget, isUpdateStart : false
12-12 12:16:00.007  1360  1360 D UpdateThreadPoolManager: 2 : This is isUpdating : false
12-12 12:16:00.007  1360  1360 D WeatherService: 2 : requestRefreshAppWidget, isUpdating : false
12-12 12:16:00.007  1360  1360 D WeatherAncestor: 2 : buildUpdate, appWidgetId: 3
12-12 12:16:00.007  1360  1360 D WeatherReflect: 2 : Map key string is -2
12-12 12:16:00.007  1360  1360 D lim     : 2 : time = 12:16 PM
12-12 12:16:00.007  1360  1360 I WeatherReflect: Model Name : LG-V410
12-12 12:16:00.007  2240  4490 V DownloadManager: starting query, database is not null; projection[0] is _id; projection[1] is _data AS local_filename; projection[2] is mediaprovider_uri; projection[3] is destination; projection[4] is title; projection[5] is description; projection[6] is uri; projection[7] is status; projection[8] is hint; projection[9] is mimetype AS media_type; projection[10] is total_bytes AS total_size; projection[11] is lastmod AS last_modified_timestamp; projection[12] is current_bytes AS bytes_so_far; projection[13] is allow_write; projection[14] is 'placeholder' AS local_uri; projection[15] is 'placeholder' AS reason; projection[16] is drm_status; selection is (_id = ? ) AND deleted != '1'; selectionArgs[0] is 3739; sort is lastmod DESC.
12-12 12:16:00.017  1360  1360 D WeatherTheme: 2 : Different view - status_min_formatted : 15 != 16
12-12 12:16:00.017  1360  1360 D WeatherTheme: 2 : widgetId = 3 : widgetSize = 1 : Refresh widgets.
12-12 12:16:00.017  2240  4490 V DownloadManager: created cursor android.database.sqlite.SQLiteCursor@41c7c138 on behalf of 17779
12-12 12:16:00.017  1360  1360 D WeatherTheme: 2 : Current Theme Name: com.lge.launcher2.theme.optimus
12-12 12:16:00.017  1360  1360 D WeatherTheme: 2 : Fixed theme : optimus
12-12 12:16:00.017  7736 17759 W Conscrypt: Could not set socket write timeout:
12-12 12:16:00.017  7736 17759 W Conscrypt:    java.lang.reflect.Method.invokeNative(Native Method)
12-12 12:16:00.017  7736 17759 W Conscrypt:    java.lang.reflect.Method.invoke(Method.java:515)
12-12 12:16:00.027  7736  7740 D dalvikvm: GC_CONCURRENT freed 2210K, 45% free 7074K/12660K, paused 6ms+11ms, total 114ms
12-12 12:16:00.027  7736 17892 D dalvikvm: WAIT_FOR_CONCURRENT_GC blocked 87ms
12-12 12:16:00.027  1360  1360 D WeatherReflect: 2 : apkPath: /system/app/LGWeatherTheme.apk, version: 4.20.14
12-12 12:16:00.027  7736  7736 I dalvikvm: Could not find method android.os.PowerManager.isDeviceIdleMode, referenced from method afwq.a
12-12 12:16:00.027  7736  7736 W dalvikvm: VFY: unable to resolve virtual method 24490: Landroid/os/PowerManager;.isDeviceIdleMode ()Z
12-12 12:16:00.027  7736  7736 D dalvikvm: VFY: replacing opcode 0x6e at 0x000e
12-12 12:16:00.027  1360  1360 D Theme   : strTheme: com.lge.launcher2.theme.optimus
12-12 12:16:00.027  1360  1360 D Theme   : EnableTheme(home): com.lge.launcher2.theme.optimus
12-12 12:16:00.027  1360  1360 D Theme   : EnableTheme(weather): com.lge.sizechangable.weather.theme.optimus
12-12 12:16:00.027  1360  1360 D Weather4x2_optimus: currentPackage=com.lge.sizechangable.weather.theme.optimus
12-12 12:16:00.037  1489  1489 W ResourceType: No known package when getting name for resource number 0x9b000100
12-12 12:16:00.037 17779 17779 W ContextImpl: Implicit intents with startService are not safe: Intent { act=com.google.android.configupdater.CertPin.NEW_METADATA (has extras) } android.content.ContextWrapper.startService:494 android.content.ContextWrapper.startService:494 com.google.android.configupdater.UpdateRequestReceiver.handleMetadataDownload:244 
12-12 12:16:00.047  1206  1206 D Clock   : Clock updated, drawingStartTime : 1513109760030, nextTick: 59970, mDrawingTime: 12
12-12 12:16:00.047  7736 17758 D libc    : getaddrinfo called from pid =7736
12-12 12:16:00.047 17754 17754 I AndroidRuntime: VM exiting with result code 0.
12-12 12:16:00.047  1489  1489 W ResourceType: No known package when getting name for resource number 0x9b000200
12-12 12:16:00.057  7736 17759 W Conscrypt: Could not set socket write timeout:
12-12 12:16:00.057  7736 17759 W Conscrypt:    java.lang.reflect.Method.invokeNative(Native Method)
12-12 12:16:00.057  7736 17759 W Conscrypt:    java.lang.reflect.Method.invoke(Method.java:515)
12-12 12:16:00.057  1206  1206 D Clock   : Clock updated, drawingStartTime : 1513109760053, nextTick: 59959, mDrawingTime: 8
12-12 12:16:00.057  5321  5332 W ConfigurationChimeraPro: Got null configs for com.google.android.gms.update
12-12 12:16:00.077  1360  1360 D Weather4x2_optimus: [[[[[[Theme package!!]]]]]] RemoteViews are created 3
12-12 12:16:00.077  1360  1360 D Weather4x2_optimus: widgetType = 1, orientation = 1
12-12 12:16:00.077  1360  1360 D Weather4x2_optimus: forecast size is 0
12-12 12:16:00.077  1360  1360 D Theme   : strTheme: com.lge.launcher2.theme.optimus
12-12 12:16:00.077  1360  1360 D Theme   : EnableTheme(home): com.lge.launcher2.theme.optimus
12-12 12:16:00.077  1360  1360 D Theme   : EnableTheme(weather): com.lge.sizechangable.weather.theme.optimus
12-12 12:16:00.087  1360  1360 D Theme   : strTheme: com.lge.launcher2.theme.optimus
12-12 12:16:00.087  1360  1360 D Theme   : EnableTheme(home): com.lge.launcher2.theme.optimus
12-12 12:16:00.087  1360  1360 D Theme   : EnableTheme(weather): com.lge.sizechangable.weather.theme.optimus
12-12 12:16:00.087  1360  1360 D Theme   : strTheme: com.lge.launcher2.theme.optimus
12-12 12:16:00.087  1360  1360 D Theme   : EnableTheme(home): com.lge.launcher2.theme.optimus
12-12 12:16:00.087  1360  1360 D Theme   : EnableTheme(weather): com.lge.sizechangable.weather.theme.optimus
12-12 12:16:00.087  1360  1360 I Theme_WeatherAncestor_optimus: WEATHER_CP_ACCU : 
12-12 12:16:00.087  1360  1360 I Theme_WeatherAncestor_optimus: weather_logo_bg : 2130837679 weather_defatullogo_bg =  2130837679
12-12 12:16:00.087  1360  1360 D Theme   : strTheme: com.lge.launcher2.theme.optimus
12-12 12:16:00.087  1360  1360 D Theme   : EnableTheme(home): com.lge.launcher2.theme.optimus
12-12 12:16:00.087  1360  1360 D Theme   : EnableTheme(weather): com.lge.sizechangable.weather.theme.optimus
12-12 12:16:00.087  1360  1360 D Theme_WeatherAncestor_optimus: setTouchIntent, appWidgetId: 3
12-12 12:16:00.087  1360  1360 D Theme_WeatherAncestor_optimus: url is : null
12-12 12:16:00.087  1360  1360 D Theme   : strTheme: com.lge.launcher2.theme.optimus
12-12 12:16:00.087  1360  1360 D Theme   : EnableTheme(home): com.lge.launcher2.theme.optimus
12-12 12:16:00.087  1360  1360 D Theme   : EnableTheme(weather): com.lge.sizechangable.weather.theme.optimus
12-12 12:16:00.097  1360  1360 D WeatherService: 2 : TimeTick Intent has been processed, Time(hour:min:sec) 12:16:0
12-12 12:16:00.107 17261 17935 D Aatp    : /ping
12-12 12:16:00.107  2240  2267 V DownloadManager: initiating download with UID 10006
12-12 12:16:00.127  2240 17936 I DownloadManager: in removeSpuriousFiles
12-12 12:16:00.127  2240 17936 V DownloadManager: starting query, database is not null; projection[0] is _data; selection is null; selectionArgs is null; sort is null.
12-12 12:16:00.137  2240 17936 V DownloadManager: created cursor android.database.sqlite.SQLiteCursor@41c701b8 on behalf of 2240
12-12 12:16:00.137  2240 17936 I DownloadManager: in removeSpuriousFiles, preserving file /cache/08202014-metadata.txt
12-12 12:16:00.137  2240 17936 I DownloadManager: in trimDatabase
12-12 12:16:00.137  2240 17936 V DownloadManager: starting query, database is not null; projection[0] is _id; selection is status >= '200'; selectionArgs is null; sort is lastmod.
12-12 12:16:00.137  2240 17936 V DownloadManager: created cursor android.database.sqlite.SQLiteCursor@41c92cb8 on behalf of 2240
12-12 12:16:00.137   990  5309 I ActivityManager: Killing 17442:com.lge.lgdmsclient/5000 (adj 15): empty #14
12-12 12:16:00.147  2240 17937 V DownloadManager: starting query, database is not null; projection is null; selection is null; selectionArgs is null; sort is null.
12-12 12:16:00.157  2240 17937 V DownloadManager: created cursor android.database.sqlite.SQLiteCursor@41c8aea0 on behalf of 2240
12-12 12:16:00.157  1464  1474 I com.skyfire.browser.toolbar.ProcessObserverService: On process died 17442,5000
12-12 12:16:00.157  1222  1233 V SplitWindowPolicyService: requestUpdateStackInfo
12-12 12:16:00.157  7736 17892 D dalvikvm: GC_FOR_ALLOC freed 1855K, 47% free 6832K/12660K, paused 57ms, total 57ms
12-12 12:16:00.157   990  1001 D ActivityManager: resumeTopActivityLocked: Top activity resumed ActivityRecord{41ea4de8 u0 com.lge.launcher2/.Launcher t1}
12-12 12:16:00.167  7736 17723 E dalvikvm: Could not find class 'android.app.NotificationChannel', referenced from method afxs.a
12-12 12:16:00.167  7736 17723 W dalvikvm: VFY: unable to resolve new-instance 5259 (Landroid/app/NotificationChannel;) in Lafxs;
12-12 12:16:00.167  7736 17723 D dalvikvm: VFY: replacing opcode 0x22 at 0x003c
12-12 12:16:00.167  7736 17723 D dalvikvm: DexOpt: unable to opt direct call 0x5ad5 at 0x46 in Lafxs;.a
12-12 12:16:00.167  7736 17723 W ChimeraUtils: Non Chimera context
12-12 12:16:00.167  2240 17937 V DownloadManager: starting query, database is not null; projection[0] is status; selection is null; selectionArgs is null; sort is null.
12-12 12:16:00.177  7736 17361 I SystemUpdate: [Execution,InstallationEventIntentOperation] Received intent with event 2.
12-12 12:16:00.177  7736 17361 W dalvikvm: Unable to resolve superclass of Lafze; (5526)
12-12 12:16:00.177  7736 17361 W dalvikvm: Link of class 'Lafze;' failed
12-12 12:16:00.177  7736 17361 E dalvikvm: Could not find class 'afze', referenced from method afxx.a
12-12 12:16:00.177  7736 17361 W dalvikvm: VFY: unable to resolve new-instance 409 (Lafze;) in Lafxx;
12-12 12:16:00.177  7736 17361 D dalvikvm: VFY: replacing opcode 0x22 at 0x003f
12-12 12:16:00.177  2240 17937 V DownloadManager: created cursor android.database.sqlite.SQLiteCursor@41c97820 on behalf of 2240
12-12 12:16:00.177  2240 17937 D DownloadManager: DB Update : status 192
12-12 12:16:00.187  7736 17361 W dalvikvm: Unable to resolve superclass of Lafze; (5526)
12-12 12:16:00.187  7736 17361 W dalvikvm: Link of class 'Lafze;' failed
12-12 12:16:00.197  7736 17361 D dalvikvm: DexOpt: unable to opt direct call 0x066b at 0x41 in Lafxx;.a
12-12 12:16:00.197  7736  7736 I CmaSystemUpdateService: connectivity change: Intent { act=android.net.conn.CONNECTIVITY_CHANGE flg=0x4000010 (has extras) }
12-12 12:16:00.197  7736  7736 I CmaSystemUpdateService: receiver: Intent { act=android.net.conn.CONNECTIVITY_CHANGE flg=0x4000010 (has extras) }
12-12 12:16:00.207  7736 17723 I dalvikvm: Could not find method android.app.admin.DevicePolicyManager.getSystemUpdatePolicy, referenced from method afwy.a
12-12 12:16:00.207  7736 17723 W dalvikvm: VFY: unable to resolve virtual method 23282: Landroid/app/admin/DevicePolicyManager;.getSystemUpdatePolicy ()Landroid/app/admin/SystemUpdatePolicy;
12-12 12:16:00.207  7736 17723 D dalvikvm: VFY: replacing opcode 0x6e at 0x004d
12-12 12:16:00.217 17261 17939 D Aatp    : /apps-to-uninstall
12-12 12:16:00.217  2240 17940 V DownloadManager: starting query, database is not null; projection[0] is status; selection is null; selectionArgs is null; sort is null.
12-12 12:16:00.227  2240 17937 V DownloadManager: starting query, database is not null; projection is null; selection is null; selectionArgs is null; sort is null.
12-12 12:16:00.227  2240 17937 V DownloadManager: created cursor android.database.sqlite.SQLiteCursor@41bb66b8 on behalf of 2240
12-12 12:16:00.227  2240 17940 V DownloadManager: created cursor android.database.sqlite.SQLiteCursor@41df9a58 on behalf of 2240
12-12 12:16:00.227  2240 17937 V DownloadManager: starting query, database is not null; projection[0] is status; selection is null; selectionArgs is null; sort is null.
12-12 12:16:00.237  2240 17937 V DownloadManager: created cursor android.database.sqlite.SQLiteCursor@41bab9f8 on behalf of 2240
12-12 12:16:00.237  2240 17940 I DownloadManager: activeInfo is not null,  NetworkInfo.getTypeName() = WIFI
12-12 12:16:00.247  2240 17940 I DownloadManager: activeInfo is not null,  NetworkInfo.getTypeName() = WIFI
12-12 12:16:00.247 17261 17939 D Aatp    : sha1: 0fd37d158a2a59bad1c0ae7ef2ab8f7b7e8ff323
12-12 12:16:00.247  2240 17940 D libc    : getaddrinfo called from pid =2240
12-12 12:16:00.247  1464  1475 I com.skyfire.browser.toolbar.ProcessObserverService: On importance changed 17261,12458,100
12-12 12:16:00.247  2240 17940 D libc    : getaddrinfo called from pid =2240
12-12 12:16:00.247  2240 17940 D libc    : getaddrinfo called from pid =2240
12-12 12:16:00.257   313 17943 D libc    : getaddrinfo called from pid =313
12-12 12:16:00.257   313 17943 D libc    : _dns_getaddrinfo: iptype =1
12-12 12:16:00.257   313 17943 D libc    : _dns_getaddrinfo: query_ipv4=1, query_ipv6=0
12-12 12:16:00.257  1464  1474 I com.skyfire.browser.toolbar.ProcessObserverService: On importance changed 17261,12458,130
12-12 12:16:00.257  2240 17940 D libc    : dnsproxy getaddrinfo returns 0
12-12 12:16:00.257  2240 17940 D libc    : getaddrinfo called from pid =2240
12-12 12:16:00.257 17261 17261 D AatpDeviceManager: taskStatus update (0fd37d158a2a59bad1c0ae7ef2ab8f7b7e8ff323: {"state":1})
12-12 12:16:00.257   990   990 D NotificationService: updateLightListLocked :r=null, action=2
12-12 12:16:00.267 17261 17939 D Aatp    : /task/0fd37d158a2a59bad1c0ae7ef2ab8f7b7e8ff323
12-12 12:16:00.277  7736 17892 D dalvikvm: GC_FOR_ALLOC freed 1549K, 46% free 6848K/12660K, paused 65ms, total 65ms
12-12 12:16:00.297  7736 17361 I SystemUpdate: [Execution,InstallationIntentOperation] Received intent: Intent { act=com.google.android.gms.update.INSTALL_UPDATE cat=[targeted_intent_op_prefix:.update.execution.InstallationIntentOperation] cmp=com.google.android.gms/.chimera.GmsIntentOperationService }.
12-12 12:16:00.317  7736 17361 I SystemUpdate: [Execution,ExecutionManager] Action finished-execution executed for 0.00 seconds.
12-12 12:16:00.337 17261 17261 D AatpDeviceManager: taskStatus update (0fd37d158a2a59bad1c0ae7ef2ab8f7b7e8ff323: {"result":[],"state":2})
12-12 12:16:00.337  1464  1475 I com.skyfire.browser.toolbar.ProcessObserverService: On importance changed 17261,12458,100
12-12 12:16:00.337  1464  1474 I com.skyfire.browser.toolbar.ProcessObserverService: On importance changed 17261,12458,130
