12-13 01:28:43.173  1501  1501 W ContextImpl: Calling a method in the system process without a qualified user: android.app.ContextImpl.sendBroadcast:1491 android.content.ContextWrapper.sendBroadcast:377 com.diotek.ime.framework.common.InputManagerImpl.sendInputLanguage:9297 com.diotek.ime.framework.common.InputManagerImpl.initDefaultLanguage:4874 com.diotek.ime.framework.common.InputManagerImpl.initSelectedLanguage:5116 
12-13 01:28:43.193   717  1000 I InputDispatcher: Delivering touch to: action: 0x4, toolType: 0
12-13 01:28:43.193   717  1000 I InputDispatcher: Delivering touch to: action: 0x4, toolType: 0
12-13 01:28:43.193   717  1000 I InputDispatcher: Delivering touch to: action: 0x0, toolType: 0
12-13 01:28:43.193   717  1000 I InputDispatcher: Delivering touch to: action: 0x1, toolType: 0
12-13 01:28:43.223  1501  1501 W ContextImpl: Calling a method in the system process without a qualified user: android.app.ContextImpl.sendBroadcast:1491 android.content.ContextWrapper.sendBroadcast:377 com.diotek.ime.framework.common.InputManagerImpl.sendInputLanguage:9297 com.diotek.ime.framework.common.InputManagerImpl.setLanguage:5447 com.diotek.ime.framework.common.InputManagerImpl.startInputViewContinue:3336 
12-13 01:28:43.233  2902  2902 I SQLiteSecureOpenHelper: getWritableDatabase(pwd)
12-13 01:28:43.233  2902  2902 I SQLiteSecureOpenHelper: getDatabaseLocked(b,b,pwd)...
12-13 01:28:43.233  1501  1501 I SamsungIME: getDebugLevel  : 0x4f4c
12-13 01:28:43.243  1501  1501 I SamsungIME: getDebugLevel  : 0x4f4c
12-13 01:28:43.253   717  1000 I InputDispatcher: Delivering touch to: action: 0x4, toolType: 0
12-13 01:28:43.253   717  1000 I InputDispatcher: Delivering touch to: action: 0x4, toolType: 0
12-13 01:28:43.253   717  1000 I InputDispatcher: Delivering touch to: action: 0x0, toolType: 0
12-13 01:28:43.253   717  1000 I InputDispatcher: Delivering touch to: action: 0x1, toolType: 0
12-13 01:28:43.263  1501  1501 I SamsungIME: KeybaordView init() : load resources
12-13 01:28:43.283  1501  1501 I SamsungIME: getCurrentKeyboard
12-13 01:28:43.283  1501  1501 I SamsungIME: getTextKeyboard
12-13 01:28:43.293  1501  1501 D SamsungIME: [SwiftkeyWrapper] currentLangauge : 1701729619
12-13 01:28:43.293  1501  1501 I SamsungIME: getCurrentKeyboard
12-13 01:28:43.293  1501  1501 I SamsungIME: getTextKeyboard
12-13 01:28:43.293  1501  1501 D SamsungIME: [SwiftkeyWrapper] currentLangauge : 1701729619
12-13 01:28:43.303  1501  1501 D SamsungIME: startInputViewContinue : true true
12-13 01:28:43.303  1501  1501 D SamsungIME: conditions for show dialog : true true false false
12-13 01:28:43.303  1501  1501 D SamsungIME: showDlgMsgBox : true true true
12-13 01:28:43.303  1501  1501 D SamsungIME: showDlgMsgBox inner condition : true true
12-13 01:28:43.303  1501  1501 I SamsungIME: [IMI] startInputView - caller pid : 15089, caller uid : 14037
12-13 01:28:43.303  1501  1501 D SamsungIME: onWindowShown
12-13 01:28:43.303  2902  2902 I SQLiteSecureOpenHelper: getWritableDatabase(pwd)
12-13 01:28:43.303  2902  2902 I SQLiteSecureOpenHelper: getDatabaseLocked(b,b,pwd)...
12-13 01:28:43.313   717  1000 I InputDispatcher: Delivering touch to: action: 0x4, toolType: 0
12-13 01:28:43.313   717  1000 I InputDispatcher: Delivering touch to: action: 0x4, toolType: 0
12-13 01:28:43.313   717  1000 I InputDispatcher: Delivering touch to: action: 0x0, toolType: 0
12-13 01:28:43.313   717  1000 I InputDispatcher: Delivering touch to: action: 0x1, toolType: 0
12-13 01:28:43.313  1501  1501 W ContextImpl: Calling a method in the system process without a qualified user: android.app.ContextImpl.sendBroadcast:1491 android.content.ContextWrapper.sendBroadcast:377 android.inputmethodservice.InputMethodService.sendInputViewShownState:542 android.inputmethodservice.InputMethodService.showWindow:2225 android.inputmethodservice.InputMethodService$InputMethodImpl.showSoftInput:719 
12-13 01:28:43.313   717  2645 D SSRMv2:TSP:AirViewOnOff: DeviceInfo:: 00000000000
12-13 01:28:43.313   717  2645 D SSRMv2:TSP:AirViewOnOff: SettingsAirViewInfo:: 000000000
12-13 01:28:43.323  1785  1785 I MultiUserPreferences: commit
12-13 01:28:43.333   717   717 W ContextImpl: Calling a method in the system process without a qualified user: android.app.ContextImpl.sendBroadcast:1505 com.android.server.StatusBarManagerService.sendNotification:985 com.android.server.StatusBarManagerService.addNotification:674 com.android.server.NotificationManagerService$7.run:2142 android.os.Handler.handleCallback:733 
12-13 01:28:43.333  1067  1067 D skia    : GFXPNG PNG bitmap created width:72 height:72 bitmap id is 437 
12-13 01:28:43.333   717   717 D NotificationService: Sending broadcast with sbn as extra = StatusBarNotification(pkg=android user=UserHandle{-1} id=17041265 tag=null score=0: Notification(pri=0 icon=108053a contentView=android/0x109007f vibrate=null sound=null defaults=0x0 flags=0x1002 when=0 ledARGB=0x0 contentIntent=Y deleteIntent=N contentTitle=19 contentText=16 tickerText=N kind=[android.system.imeswitcher]))
12-13 01:28:43.333  1067  1067 I PersonaManager: getPersonaService() name persona_policy
12-13 01:28:43.333   717   717 D STATUSBAR-StatusBarManagerService: sendNotification(1) - 17041265
12-13 01:28:43.333   717   717 W ContextImpl: Calling a method in the system process without a qualified user: android.app.ContextImpl.sendBroadcast:1505 com.android.server.NotificationManagerService$7.run:2172 android.os.Handler.handleCallback:733 android.os.Handler.dispatchMessage:95 android.os.Looper.loop:136 
12-13 01:28:43.343   717   717 D RCPManagerService: NotificationReceiver onReceive()
12-13 01:28:43.343   717   717 D RCPManagerService:  NotificationReceiver sbn.getPackageName() android sbn.getUser().getIdentifier() -1
12-13 01:28:43.343   717   717 I ServiceKeeper: In getappinfo pid = 717 pkgName = android appinfo = null
12-13 01:28:43.343   717   717 I ServiceKeeper: In getseinfo pid = 717 uid = 1000 seinfo= system
12-13 01:28:43.343   717   717 D RCPManagerService: getPolicy: Policy checking block entered for Notifications; for user/persona = -1 ; Policy = knox-sanitize-data ; token = 4294967296717
12-13 01:28:43.343   717   717 I ServiceKeeper: In getappinfo pid = 717 pkgName = android appinfo = null
12-13 01:28:43.343   717   717 I ServiceKeeper: In getseinfo pid = 717 uid = 1000 seinfo= system
12-13 01:28:43.343   717   717 D RCPManagerService: getPolicy: policy value returned = false
12-13 01:28:43.343   717   717 D RCPManagerService: going to get the app label for pkg == android
12-13 01:28:43.343   717   717 D RCPManagerService: app label == android
12-13 01:28:43.343   717   717 I ServiceKeeper: In getappinfo pid = 717 pkgName = android appinfo = null
12-13 01:28:43.343   717   717 I ServiceKeeper: In getseinfo pid = 717 uid = 1000 seinfo= system
12-13 01:28:43.343   717   717 D RCPManagerService: getPolicy: Policy checking block entered for Notifications; for user/persona = -1 ; Policy = knox-export-data ; token = 4294967296717
12-13 01:28:43.343   717   717 I ServiceKeeper: In getappinfo pid = 717 pkgName = android appinfo = null
12-13 01:28:43.343   717   717 I ServiceKeeper: In getseinfo pid = 717 uid = 1000 seinfo= system
12-13 01:28:43.343   717   717 D RCPManagerService: getPolicy: policy value returned = true
12-13 01:28:43.343  1067  1067 D ProgressBar: setProgressDrawable drawableHeight = 18
12-13 01:28:43.343   717   717 D RCPManagerService: Calling User is -1
12-13 01:28:43.343   717   717 D UserManagerService: User -1does not exists!!
12-13 01:28:43.353   717   717 D RCPManagerService: userid of SBN ==-1
12-13 01:28:43.353  1067  1067 D skia    : GFXPNG PNG bitmap created width:72 height:72 bitmap id is 438 
12-13 01:28:43.353   717   717 E PersonaManagerService: Unable to read user list
12-13 01:28:43.353   717   717 E PersonaManagerService: returning null in  getPersonasForUser
12-13 01:28:43.353  1067  1067 D PhoneStatusBar: tick(): knoxCustomManager = android.app.enterprise.knoxcustom.KnoxCustomManager@4299fe68
12-13 01:28:43.363   717  1000 I InputDispatcher: Delivering touch to: action: 0x4, toolType: 0
12-13 01:28:43.363   717  1000 I InputDispatcher: Delivering touch to: action: 0x4, toolType: 0
12-13 01:28:43.363   717  1000 I InputDispatcher: Delivering touch to: action: 0x0, toolType: 0
12-13 01:28:43.373  1501  1501 E SamsungIME: AbstractCandidateLayout-setCandidates suggestions count : 9
12-13 01:28:43.373   717  1000 I InputDispatcher: Delivering touch to: action: 0x1, toolType: 0
12-13 01:28:43.383  2902  2902 I SQLiteSecureOpenHelper: getWritableDatabase(pwd)
12-13 01:28:43.383  2902  2902 I SQLiteSecureOpenHelper: getDatabaseLocked(b,b,pwd)...
12-13 01:28:43.383  1501  1501 D skia    : GFXPNG PNG bitmap created width:18 height:104 bitmap id is 297 
12-13 01:28:43.393  1501  1501 D SamsungIME: Magnification Enabled = false
12-13 01:28:43.413   264   264 I SurfaceFlinger: id=29 createSurf (1x1),1 flag=4, JnputMethod
12-13 01:28:43.433  1501  1501 I Adreno-EGL: <qeglDrvAPI_eglInitialize:410>: EGL 1.4 QUALCOMM build:  ()
12-13 01:28:43.433  1501  1501 I Adreno-EGL: OpenGL ES Shader Compiler Version: E031.24.00.08
12-13 01:28:43.433  1501  1501 I Adreno-EGL: Build Date: 02/20/14 Thu
12-13 01:28:43.433  1501  1501 I Adreno-EGL: Local Branch: AU200_patches_ms_memleak_libsc_profiler
12-13 01:28:43.433  1501  1501 I Adreno-EGL: Remote Branch: 
12-13 01:28:43.433  1501  1501 I Adreno-EGL: Local Patches: 
12-13 01:28:43.433  1501  1501 I Adreno-EGL: Reconstruct Branch: 
12-13 01:28:43.433   717  1000 I InputDispatcher: Delivering touch to: action: 0x4, toolType: 0
12-13 01:28:43.433   717  1000 I InputDispatcher: Delivering touch to: action: 0x4, toolType: 0
12-13 01:28:43.433   717  1000 I InputDispatcher: Delivering touch to: action: 0x0, toolType: 0
12-13 01:28:43.433   717  1000 I InputDispatcher: Delivering touch to: action: 0x1, toolType: 0
12-13 01:28:43.443  2902  2902 I SQLiteSecureOpenHelper: getWritableDatabase(pwd)
12-13 01:28:43.443  2902  2902 I SQLiteSecureOpenHelper: getDatabaseLocked(b,b,pwd)...
12-13 01:28:43.473  1501  1501 D OpenGLRenderer: Enabling debug mode 0
12-13 01:28:43.493   717  1000 I InputDispatcher: Delivering touch to: action: 0x4, toolType: 0
12-13 01:28:43.493   717  1000 I InputDispatcher: Delivering touch to: action: 0x4, toolType: 0
12-13 01:28:43.493   717  1000 I InputDispatcher: Delivering touch to: action: 0x0, toolType: 0
12-13 01:28:43.493   717  1000 I InputDispatcher: Delivering touch to: action: 0x1, toolType: 0
12-13 01:28:43.523  2902  2902 I SQLiteSecureOpenHelper: getWritableDatabase(pwd)
12-13 01:28:43.523  2902  2902 I SQLiteSecureOpenHelper: getDatabaseLocked(b,b,pwd)...
12-13 01:28:43.533  1785  1785 I MultiUserPreferences: commit
12-13 01:28:43.553   717  1000 I InputDispatcher: Delivering touch to: action: 0x4, toolType: 0
12-13 01:28:43.553   717  1000 I InputDispatcher: Delivering touch to: action: 0x4, toolType: 0
12-13 01:28:43.553   717  1000 I InputDispatcher: Delivering touch to: action: 0x0, toolType: 0
12-13 01:28:43.553   717  1000 I InputDispatcher: Delivering touch to: action: 0x1, toolType: 0
12-13 01:28:43.563  1501  1501 D dalvikvm: GC_FOR_ALLOC freed 3165K, 24% free 20351K/26744K, paused 52ms, total 52ms
12-13 01:28:43.583  1501  1501 I SamsungIME: drawAllKey
12-13 01:28:43.583  1501  1501 D skia    : GFXPNG PNG bitmap created width:60 height:75 bitmap id is 298 
12-13 01:28:43.593  2902  2902 I SQLiteSecureOpenHelper: getWritableDatabase(pwd)
12-13 01:28:43.593  2902  2902 I SQLiteSecureOpenHelper: getDatabaseLocked(b,b,pwd)...
12-13 01:28:43.613   717  7178 D EnterpriseDeviceManager: ContainerId: 0
12-13 01:28:43.613   717  7178 D CustomFrequencyManagerService: releaseDVFSLockLocked : Getting Lock type frm List : DVFS_MIN_LIMIT  frequency : 1958400  uid : 1000  pid : 717  tag : ACTIVITY_RESUME_BOOSTER@6
12-13 01:28:43.613   717  7178 D CustomFrequencyManagerService: acquireDVFSLockLocked : type : DVFS_MIN_LIMIT  frequency : 1958400  uid : 1000  pid : 717  pkgName : ACTIVITY_RESUME_BOOSTER@6
12-13 01:28:43.613   717  7178 W ActivityManager: mDVFSHelper.acquire()
12-13 01:28:43.633   264 12589 I SurfaceFlinger: id=27 Removed Uoast (13/14)
12-13 01:28:43.633   264   469 I SurfaceFlinger: id=27 Removed Uoast (-2/14)
12-13 01:28:43.643  1501  1501 D skia    : GFXPNG PNG bitmap created width:128 height:112 bitmap id is 299 
12-13 01:28:43.643  1501  1501 D skia    : GFXPNG PNG bitmap created width:128 height:112 bitmap id is 300 
12-13 01:28:43.653  2902  2902 I SQLiteSecureOpenHelper: getWritableDatabase(pwd)
12-13 01:28:43.653  2902  2902 I SQLiteSecureOpenHelper: getDatabaseLocked(b,b,pwd)...
12-13 01:28:43.663   717  1000 I InputDispatcher: Delivering touch to: action: 0x4, toolType: 0
12-13 01:28:43.663   717  1000 I InputDispatcher: Delivering touch to: action: 0x4, toolType: 0
12-13 01:28:43.663   717  1000 I InputDispatcher: Delivering touch to: action: 0x0, toolType: 0
12-13 01:28:43.663   717   968 I ServiceKeeper: In getappinfo pid = 717 pkgName = android appinfo = null
12-13 01:28:43.663   717   968 I ServiceKeeper: In getseinfo pid = 717 uid = 1000 seinfo= system
12-13 01:28:43.673   264  1483 I SurfaceFlinger: id=28 Removed Uoast (13/13)
12-13 01:28:43.673   264   465 I SurfaceFlinger: id=28 Removed Uoast (-2/13)
12-13 01:28:43.673  7789  7793 D dalvikvm: GC_CONCURRENT freed 1971K, 36% free 17333K/26744K, paused 1ms+3ms, total 32ms
12-13 01:28:43.683  1501  1501 D skia    : GFXPNG PNG bitmap created width:89 height:112 bitmap id is 301 
12-13 01:28:43.683  1501  1501 D skia    : GFXPNG PNG bitmap created width:89 height:112 bitmap id is 302 
12-13 01:28:43.693  1501  1501 D skia    : GFXPNG PNG bitmap created width:76 height:43 bitmap id is 303 
12-13 01:28:43.703  1501  1501 D skia    : GFXPNG PNG bitmap created width:76 height:43 bitmap id is 304 
12-13 01:28:43.703   717  1000 I InputDispatcher: Delivering touch to: action: 0x1, toolType: 0
12-13 01:28:43.703  1501  1501 D skia    : GFXPNG PNG bitmap created width:76 height:43 bitmap id is 305 
12-13 01:28:43.703  1501  1501 D skia    : GFXPNG PNG bitmap created width:76 height:43 bitmap id is 306 
12-13 01:28:43.703  1501  1501 D skia    : GFXPNG PNG bitmap created width:50 height:28 bitmap id is 307 
12-13 01:28:43.713  1501  1501 D skia    : GFXPNG PNG bitmap created width:54 height:36 bitmap id is 308 
12-13 01:28:43.713  1501  1501 D skia    : GFXPNG PNG bitmap created width:54 height:36 bitmap id is 309 
12-13 01:28:43.723  1501  1501 D skia    : GFXPNG PNG bitmap created width:54 height:36 bitmap id is 310 
12-13 01:28:43.723  1501  1501 D skia    : GFXPNG PNG bitmap created width:54 height:36 bitmap id is 311 
12-13 01:28:43.723  1501  1501 D skia    : GFXPNG PNG bitmap created width:88 height:136 bitmap id is 312 
12-13 01:28:43.723  1501  1501 D skia    : GFXPNG PNG bitmap created width:88 height:136 bitmap id is 313 
12-13 01:28:43.723  2902  2902 I SQLiteSecureOpenHelper: getWritableDatabase(pwd)
12-13 01:28:43.723  2902  2902 I SQLiteSecureOpenHelper: getDatabaseLocked(b,b,pwd)...
12-13 01:28:43.733  1501  1501 D skia    : GFXPNG PNG bitmap created width:495 height:112 bitmap id is 314 
12-13 01:28:43.733  1501  1501 D skia    : GFXPNG PNG bitmap created width:495 height:112 bitmap id is 315 
12-13 01:28:43.743  1501  1692 V Vibrator: vibrateImmVibe - PUID: 1000, PackageName: com.sec.android.inputmethod, pattern, magType: TouchMagnitude
12-13 01:28:43.743   717  1888 V VibratorService: vibrateImmVibePatternMagnitudeType - magnitudeType: TouchMagnitude
12-13 01:28:43.743   717  1888 D VibratorService: ImmVibe vibratorOff()
12-13 01:28:43.743   717  1888 V VibratorService: vibrateImmVibePattern - package: com.sec.android.inputmethod, magnitude: 6000
12-13 01:28:43.743  1501  1501 E SamsungIME: SwiftkeyWrapper-inputKey
12-13 01:28:43.743  1501  1501 D SamsungIME: [AbstractSwiftkeyManager-getMostLikelyCharacter]
12-13 01:28:43.753   717  1000 I InputDispatcher: Delivering touch to: action: 0x4, toolType: 0
12-13 01:28:43.753   717  1000 I InputDispatcher: Delivering touch to: action: 0x4, toolType: 0
12-13 01:28:43.753   717  1000 I InputDispatcher: Delivering touch to: action: 0x0, toolType: 0
12-13 01:28:43.753   717  1000 I InputDispatcher: Delivering touch to: action: 0x1, toolType: 0
12-13 01:28:43.763  1501  1692 V Vibrator: vibrateImmVibe - PUID: 1000, PackageName: com.sec.android.inputmethod, pattern, magType: TouchMagnitude
12-13 01:28:43.763  1501  1501 E SamsungIME: SwiftkeyWrapper-inputKey
12-13 01:28:43.763  1501  1501 D SamsungIME: SwiftkeyWrapper-checkCurrentSequence : use IC
12-13 01:28:43.763   717  7178 V VibratorService: vibrateImmVibePatternMagnitudeType - magnitudeType: TouchMagnitude
12-13 01:28:43.763   717  7178 D VibratorService: ImmVibe vibratorOff()
12-13 01:28:43.763   717  7178 V VibratorService: vibrateImmVibePattern - package: com.sec.android.inputmethod, magnitude: 6000
12-13 01:28:43.773  2902  2902 I SQLiteSecureOpenHelper: getWritableDatabase(pwd)
12-13 01:28:43.773  2902  2902 I SQLiteSecureOpenHelper: getDatabaseLocked(b,b,pwd)...
12-13 01:28:43.803  1501  1501 E SamsungIME: AbstractCandidateLayout-setCandidates suggestions count : 9
12-13 01:28:43.803   717  1000 I InputDispatcher: Delivering touch to: action: 0x4, toolType: 0
12-13 01:28:43.803   717  1000 I InputDispatcher: Delivering touch to: action: 0x4, toolType: 0
12-13 01:28:43.803   717  1000 I InputDispatcher: Delivering touch to: action: 0x0, toolType: 0
12-13 01:28:43.813   717  1000 I InputDispatcher: Delivering touch to: action: 0x1, toolType: 0
12-13 01:28:43.833  2902  2902 I SQLiteSecureOpenHelper: getWritableDatabase(pwd)
12-13 01:28:43.833  1067  1067 D STATUSBAR-IconMerger: checkOverflow(144), More:true, Req:true Child:6
12-13 01:28:43.843  2902  2902 I SQLiteSecureOpenHelper: getDatabaseLocked(b,b,pwd)...
12-13 01:28:43.843   717   968 I ServiceKeeper: In getappinfo pid = 717 pkgName = android appinfo = null
12-13 01:28:43.843   717   968 I ServiceKeeper: In getseinfo pid = 717 uid = 1000 seinfo= system
12-13 01:28:43.843   717   968 I ServiceKeeper: In getappinfo pid = 717 pkgName = android appinfo = null
12-13 01:28:43.843   717   968 I ServiceKeeper: In getseinfo pid = 717 uid = 1000 seinfo= system
12-13 01:28:43.863   717  1000 I InputDispatcher: Delivering touch to: action: 0x4, toolType: 0
12-13 01:28:43.863   717  1000 I InputDispatcher: Delivering touch to: action: 0x4, toolType: 0
12-13 01:28:43.863   717  1000 I InputDispatcher: Delivering touch to: action: 0x0, toolType: 0
12-13 01:28:43.863   717  1000 I InputDispatcher: Delivering touch to: action: 0x1, toolType: 0
12-13 01:28:43.883  2902  2902 I SQLiteSecureOpenHelper: getWritableDatabase(pwd)
12-13 01:28:43.883  2902  2902 I SQLiteSecureOpenHelper: getDatabaseLocked(b,b,pwd)...
12-13 01:28:43.893  1501  1501 D SamsungIME: SwiftKey guide popup condition 1 : true true
12-13 01:28:43.893  1501  1501 I SamsungIME: Update SetupWizard State usc : 1 pss : false
12-13 01:28:43.893  1501  1501 E SamsungIME: SwiftKey guide popup condition 2 : true true true true true false true true true true
12-13 01:28:43.923  1501  1501 E SamsungIME: AbstractCandidateLayout-setCandidates suggestions count : 9
12-13 01:28:43.933   717  1000 I InputDispatcher: Delivering touch to: action: 0x4, toolType: 0
12-13 01:28:43.933   717  1000 I InputDispatcher: Delivering touch to: action: 0x4, toolType: 0
12-13 01:28:43.933   717  1000 I InputDispatcher: Delivering touch to: action: 0x0, toolType: 0
12-13 01:28:43.943   717  1000 I InputDispatcher: Delivering touch to: action: 0x1, toolType: 0
12-13 01:28:43.963  2902  2902 I SQLiteSecureOpenHelper: getWritableDatabase(pwd)
12-13 01:28:43.963  2902  2902 I SQLiteSecureOpenHelper: getDatabaseLocked(b,b,pwd)...
12-13 01:28:43.993   717  1000 I InputDispatcher: Delivering touch to: action: 0x4, toolType: 0
12-13 01:28:43.993   717  1000 I InputDispatcher: Delivering touch to: action: 0x4, toolType: 0
12-13 01:28:43.993   717  1000 I InputDispatcher: Delivering touch to: action: 0x0, toolType: 0
12-13 01:28:43.993   717  1000 I InputDispatcher: Delivering touch to: action: 0x1, toolType: 0
12-13 01:28:43.993   717  2645 D SSRMv2:SIOP: SIOP:: AP = 480, PST = 451, Delta = 14
12-13 01:28:43.993   717  2645 D AmoledAdjustTimer: prevTemp = 275, currTemp = 275, prevStep = 4, currStep = 4
12-13 01:28:44.053   717  1000 I InputDispatcher: Delivering touch to: action: 0x4, toolType: 0
12-13 01:28:44.053   717  1000 I InputDispatcher: Delivering touch to: action: 0x4, toolType: 0
12-13 01:28:44.053   717  1000 I InputDispatcher: Delivering touch to: action: 0x0, toolType: 0
12-13 01:28:44.053  1501  1501 D SamsungIME: [AbstractSwiftkeyManager-getMostLikelyCharacter]
12-13 01:28:44.083   717  1000 I InputDispatcher: Delivering touch to: action: 0x1, toolType: 0
12-13 01:28:44.103  2902  2902 I SQLiteSecureOpenHelper: getWritableDatabase(pwd)
12-13 01:28:44.103  2902  2902 I SQLiteSecureOpenHelper: getDatabaseLocked(b,b,pwd)...
12-13 01:28:44.113  1501  1692 V Vibrator: vibrateImmVibe - PUID: 1000, PackageName: com.sec.android.inputmethod, pattern, magType: TouchMagnitude
12-13 01:28:44.113   717  1285 V VibratorService: vibrateImmVibePatternMagnitudeType - magnitudeType: TouchMagnitude
12-13 01:28:44.123   717  1285 D VibratorService: ImmVibe vibratorOff()
12-13 01:28:44.123   717  1285 V VibratorService: vibrateImmVibePattern - package: com.sec.android.inputmethod, magnitude: 6000
12-13 01:28:44.123  1501  1501 E SamsungIME: SwiftkeyWrapper-inputKey
12-13 01:28:44.133   717  1000 I InputDispatcher: Delivering touch to: action: 0x4, toolType: 0
12-13 01:28:44.133   717  1000 I InputDispatcher: Delivering touch to: action: 0x4, toolType: 0
12-13 01:28:44.133   717  1000 I InputDispatcher: Delivering touch to: action: 0x0, toolType: 0
12-13 01:28:44.133   717  1000 I InputDispatcher: Delivering touch to: action: 0x1, toolType: 0
12-13 01:28:44.173   717  1819 I SpenGestureManager: setFocusWindow0
12-13 01:28:44.173   717   935 D PointerIcon: setMouseIconStyle1 pointerType: 1001iconType:101 flag:0
12-13 01:28:44.173   717   935 D PointerIcon: setMouseCustomIcon IconType is same.101
12-13 01:28:44.173   717   935 D PointerIcon: setHoveringSpenIconStyle1 pointerType: 10001iconType:1 flag:0
12-13 01:28:44.173   717   935 D PointerIcon: setHoveringSpenCustomIcon IconType is same.1
12-13 01:28:44.173 15089 15089 D AndroidRuntime: Shutting down VM
12-13 01:28:44.173 15089 15089 W dalvikvm: threadid=1: thread exiting with uncaught exception (group=0x41734da0)
12-13 01:28:44.183   717  1000 I InputDispatcher: Delivering touch to: action: 0x4, toolType: 0
12-13 01:28:44.183   717  1000 I InputDispatcher: Delivering touch to: action: 0x4, toolType: 0
12-13 01:28:44.183   717  1000 I InputDispatcher: Delivering touch to: action: 0x0, toolType: 0
12-13 01:28:44.183 15089 15089 E AndroidRuntime: FATAL EXCEPTION: main
12-13 01:28:44.183 15089 15089 E AndroidRuntime: Process: com.example.snoopy, PID: 15089
12-13 01:28:44.183 15089 15089 E AndroidRuntime: java.lang.IllegalArgumentException: Given String is empty or null
12-13 01:28:44.183 15089 15089 E AndroidRuntime: 	at com.google.android.gms.common.internal.zzbp.zzgg(Unknown Source)
12-13 01:28:44.183 15089 15089 E AndroidRuntime: 	at com.google.firebase.auth.FirebaseAuth.createUserWithEmailAndPassword(Unknown Source)
12-13 01:28:44.183 15089 15089 E AndroidRuntime: 	at com.example.snoopy.MainActivity.registerUser(MainActivity.java:84)
12-13 01:28:44.183 15089 15089 E AndroidRuntime: 	at com.example.snoopy.MainActivity.onClick(MainActivity.java:107)
12-13 01:28:44.183 15089 15089 E AndroidRuntime: 	at android.view.View.performClick(View.java:4640)
12-13 01:28:44.183 15089 15089 E AndroidRuntime: 	at android.view.View$PerformClick.run(View.java:19421)
12-13 01:28:44.183 15089 15089 E AndroidRuntime: 	at android.os.Handler.handleCallback(Handler.java:733)
12-13 01:28:44.183 15089 15089 E AndroidRuntime: 	at android.os.Handler.dispatchMessage(Handler.java:95)
12-13 01:28:44.183 15089 15089 E AndroidRuntime: 	at android.os.Looper.loop(Looper.java:136)
12-13 01:28:44.183 15089 15089 E AndroidRuntime: 	at android.app.ActivityThread.main(ActivityThread.java:5579)
12-13 01:28:44.183 15089 15089 E AndroidRuntime: 	at java.lang.reflect.Method.invokeNative(Native Method)
12-13 01:28:44.183 15089 15089 E AndroidRuntime: 	at java.lang.reflect.Method.invoke(Method.java:515)
12-13 01:28:44.183 15089 15089 E AndroidRuntime: 	at com.android.internal.os.ZygoteInit$MethodAndArgsCaller.run(ZygoteInit.java:1268)
12-13 01:28:44.183 15089 15089 E AndroidRuntime: 	at com.android.internal.os.ZygoteInit.main(ZygoteInit.java:1084)
12-13 01:28:44.183 15089 15089 E AndroidRuntime: 	at dalvik.system.NativeStart.main(Native Method)
12-13 01:28:44.193   717   968 I ServiceKeeper: In getappinfo pid = 717 pkgName = android appinfo = null
12-13 01:28:44.193   717   968 I ServiceKeeper: In getseinfo pid = 717 uid = 1000 seinfo= system
12-13 01:28:44.193  2902  2902 I SQLiteSecureOpenHelper: getWritableDatabase(pwd)
12-13 01:28:44.193  2902  2902 I SQLiteSecureOpenHelper: getDatabaseLocked(b,b,pwd)...
12-13 01:28:44.193   717  1000 I InputDispatcher: Delivering touch to: action: 0x1, toolType: 0
12-13 01:28:44.193   717   936 W ContextImpl: Calling a method in the system process without a qualified user: android.app.ContextImpl.sendBroadcast:1505 com.android.server.am.AppStateBroadcaster.BroadcastAppState:128 com.android.server.am.AppStateBroadcaster.SendApplicationFocusLoss:40 com.android.server.am.ActivityManagerService$2.handleMessage:2145 android.os.Handler.dispatchMessage:102 
12-13 01:28:44.203  1501  1692 V Vibrator: vibrateImmVibe - PUID: 1000, PackageName: com.sec.android.inputmethod, pattern, magType: TouchMagnitude
12-13 01:28:44.203  1501  1501 E SamsungIME: SwiftkeyWrapper-inputKey
12-13 01:28:44.203   717  1400 V VibratorService: vibrateImmVibePatternMagnitudeType - magnitudeType: TouchMagnitude
12-13 01:28:44.203   717  1400 D VibratorService: ImmVibe vibratorOff()
12-13 01:28:44.203   717  1400 V VibratorService: vibrateImmVibePattern - package: com.sec.android.inputmethod, magnitude: 6000
12-13 01:28:44.203   717  1284 W ActivityManager:   Force finishing activity com.example.snoopy/.MainActivity
12-13 01:28:44.253   717  1888 W PersonaManager: getPersonaIds()
12-13 01:28:44.253   717  1888 W PersonaManager: getPersonaIds()
12-13 01:28:44.263   717  1888 V WindowOrientationListener: mSContextAutoRotationListener.getProposedRotation, mbResultFaceDectection: false
12-13 01:28:44.263   717  1888 V WindowOrientationListener: mSContextAutoRotationListener.getProposedRotation, Rotation: 0
12-13 01:28:44.273   717   953 D WindowManager: updateSetting mIsKidsLauncherEnabled = false isKidsLauncherEnabled = false
12-13 01:28:44.273   717  1888 V WindowManager: rotationForOrientationLw(orient=-1, last=0); user=0  sensorRotation=0 mLidState=-1 mDockMode=0 mHdmiPlugged=false mAccelerometerDefault=false gripRotationLock=false
12-13 01:28:44.273   717  1048 D SmartFaceIndicator: no icon
12-13 01:28:44.273   717  1048 E SmartFaceService: mActiveServiceType: 0
12-13 01:28:44.273   717  1048 E SmartFaceService: mScrollEnabled:false mPauseEnabled:false mStayEnabled:false mRotationEnabled:false, (false,false)
12-13 01:28:44.273   717  1048 E SmartFaceService: mLightIntensityEnough: true mLux: 0.0
12-13 01:28:44.273   717  1048 D Scroll/Pause Worker: updateClientsDone.
12-13 01:28:44.273   717  1048 D Stay/Rotation Worker: updateClientsDone. def. do nothing.
12-13 01:28:44.273   717  1048 E SmartFaceService: Service Type to Worker: 0
12-13 01:28:44.273   717  1048 E SmartFaceService: Last Active clients:0 Current Active clients: 0
12-13 01:28:44.273   717  1888 V WindowOrientationListener: mSContextAutoRotationListener.getProposedRotation, mbResultFaceDectection: false
12-13 01:28:44.273   717  1888 V WindowOrientationListener: mSContextAutoRotationListener.getProposedRotation, Rotation: 0
12-13 01:28:44.273   717  1048 E SmartFaceService: Last Smart Pause clients: 0 Current Smart Pause clients: 0
12-13 01:28:44.283   717   953 V WindowOrientationListener: mSContextAutoRotationListener.getProposedRotation, mbResultFaceDectection: false
12-13 01:28:44.283   717   953 V WindowOrientationListener: mSContextAutoRotationListener.getProposedRotation, Rotation: 0
12-13 01:28:44.283   717   953 V WindowOrientationListener: mSContextAutoRotationListener.getProposedRotation, mbResultFaceDectection: false
12-13 01:28:44.283   717   953 V WindowOrientationListener: mSContextAutoRotationListener.getProposedRotation, Rotation: 0
12-13 01:28:44.283   717   953 V WindowManager: rotationForOrientationLw(orient=-1, last=0); user=0  sensorRotation=0 mLidState=-1 mDockMode=0 mHdmiPlugged=false mAccelerometerDefault=false gripRotationLock=false
12-13 01:28:44.283   717  1403 W PersonaManager: getPersonaIds()
12-13 01:28:44.283   717   953 D SContextService: 	.unregisterCallback : 1, client=
12-13 01:28:44.283   717   953 D SContextService: ===== SContext Service List =====
12-13 01:28:44.283   717   953 D SContextService: unregisterCallback() : Listener = android.hardware.scontext.SContextService$Listener@439f9830, Service = Auto Rotation, used = 1
12-13 01:28:44.283   717   953 W CAE     : unregisterCallback(ContextAwareService.java:194) - [unregi 01] Mutex is locked for AUTO_ROTATION
12-13 01:28:44.283  1067  1067 D skia    : GFXPNG PNG bitmap created width:168 height:168 bitmap id is 439 
12-13 01:28:44.283   717   953 V CAE     : stop(ContextProvider.java:147)
12-13 01:28:44.283   717   953 V CAE     : clear(AutoRotationRunner.java:180)
12-13 01:28:44.293   717   953 V CAE     : disable(AutoRotationRunner.java:169)
12-13 01:28:44.293   717   953 I CAE     : sendCmdToSensorHub(SensorHubCommManager.java:142) - -78, 7, 0, 0,
12-13 01:28:44.293   717   953 D SensorHubManager: SendSensorHubData: send data = -78, 7, 0, 0
12-13 01:28:44.303   717  1048 D SmartFaceIndicator: no icon
12-13 01:28:44.303   717  1048 E SmartFaceService: mActiveServiceType: 0
12-13 01:28:44.303   717  1048 E SmartFaceService: mScrollEnabled:false mPauseEnabled:false mStayEnabled:false mRotationEnabled:false, (false,true)
12-13 01:28:44.303   717  1048 E SmartFaceService: mLightIntensityEnough: true mLux: 0.0
12-13 01:28:44.303   717  1048 D Scroll/Pause Worker: updateClientsDone.
12-13 01:28:44.303   717  1048 D Stay/Rotation Worker: updateClientsDone. def. do nothing.
12-13 01:28:44.303   717  1048 E SmartFaceService: Service Type to Worker: 0
12-13 01:28:44.303   717  1048 E SmartFaceService: Last Active clients:0 Current Active clients: 0
12-13 01:28:44.303   277   510 D Sensorhubs: sendContextData: -78, 7, 0, 0
12-13 01:28:44.303   717   968 I ServiceKeeper: In getappinfo pid = 717 pkgName = android appinfo = null
12-13 01:28:44.303   717   968 I ServiceKeeper: In getseinfo pid = 717 uid = 1000 seinfo= system
12-13 01:28:44.303   717  1048 E SmartFaceService: Last Smart Pause clients: 0 Current Smart Pause clients: 0
12-13 01:28:44.313   717   953 D CAE     : getFaultDetectionResult(AutoRotationRunner.java:193) - true
12-13 01:28:44.313   717   953 I CAE     : notifyCmdProcessResultObserver(ContextProvider.java:615) - CheckResult = 0, Cause = Success
12-13 01:28:44.363   717   953 D CAE     : doCommendProcess(ContextAwareService.java:310) - complete notify the operation result.
12-13 01:28:44.363   717   953 I CAE     : displayUsedCountForService(ContextAwareService.java:399) - totalCnt = 0, serviceCount = 0, subCollectionCount = 0
12-13 01:28:44.363   717   953 D CAE     : showListenerList(ContextAwareService.java:243) - ===== Context Aware Service List =====
12-13 01:28:44.363   717   953 W CAE     : unregisterCallback(ContextAwareService.java:231) - [unregi 02] Mutex is unlocked for AUTO_ROTATION
12-13 01:28:44.363   717   953 D SContextService: removeSContextService() : service = Auto Rotation
12-13 01:28:44.363   717   953 D SContextManager:   .unregisterListener : listener = com.android.internal.policy.impl.WindowOrientationListener$SContextListenerImpl@43c8a8a0, service=Auto Rotation
12-13 01:28:44.373   717   953 D WindowManager: updateSetting mIsKidsLauncherEnabled = false isKidsLauncherEnabled = false
12-13 01:28:44.423   717  1403 V WindowOrientationListener: mSContextAutoRotationListener.getProposedRotation, mbResultFaceDectection: false
12-13 01:28:44.433   717  1403 V WindowOrientationListener: mSContextAutoRotationListener.getProposedRotation, Rotation: -1
12-13 01:28:44.433   717  1403 V WindowOrientationListener: mSContextAutoRotationListener.getProposedRotation, mbResultFaceDectection: false
12-13 01:28:44.433   717  1403 V WindowOrientationListener: mSContextAutoRotationListener.getProposedRotation, Rotation: -1
12-13 01:28:44.433   717   953 V WindowOrientationListener: mSContextAutoRotationListener.getProposedRotation, mbResultFaceDectection: false
12-13 01:28:44.433   717   953 V WindowOrientationListener: mSContextAutoRotationListener.getProposedRotation, Rotation: -1
12-13 01:28:44.433   717   953 V WindowOrientationListener: mSContextAutoRotationListener.getProposedRotation, mbResultFaceDectection: false
12-13 01:28:44.433   717   953 V WindowOrientationListener: mSContextAutoRotationListener.getProposedRotation, Rotation: -1
12-13 01:28:44.433   717  1403 V WindowManager: rotationForOrientationLw(orient=-1, last=0); user=0 USER_ROTATION_LOCKED sensorRotation=-1 mLidState=-1 mDockMode=0 mHdmiPlugged=false mAccelerometerDefault=false gripRotationLock=false
12-13 01:28:44.433   717   953 V WindowManager: rotationForOrientationLw(orient=-1, last=0); user=0 USER_ROTATION_LOCKED sensorRotation=-1 mLidState=-1 mDockMode=0 mHdmiPlugged=false mAccelerometerDefault=false gripRotationLock=false
12-13 01:28:44.433   717   936 W ContextImpl: Calling a method in the system process without a qualified user: android.app.ContextImpl.sendBroadcast:1505 com.android.server.am.AppStateBroadcaster.BroadcastAppState:128 com.android.server.am.AppStateBroadcaster.SendApplicationStop:53 com.android.server.am.ActivityManagerService$2.handleMessage:2141 android.os.Handler.dispatchMessage:102 
12-13 01:28:44.443   717   968 I ServiceKeeper: In getappinfo pid = 717 pkgName = android appinfo = null
12-13 01:28:44.443   717   968 I ServiceKeeper: In getseinfo pid = 717 uid = 1000 seinfo= system
12-13 01:28:44.443   717   953 V WindowOrientationListener: mSContextAutoRotationListener.getProposedRotation, mbResultFaceDectection: false
12-13 01:28:44.443   717   953 V WindowOrientationListener: mSContextAutoRotationListener.getProposedRotation, Rotation: -1
12-13 01:28:44.443   717   953 V WindowOrientationListener: mSContextAutoRotationListener.getProposedRotation, mbResultFaceDectection: false
12-13 01:28:44.443   717   953 V WindowOrientationListener: mSContextAutoRotationListener.getProposedRotation, Rotation: -1
12-13 01:28:44.443   717   953 V WindowManager: rotationForOrientationLw(orient=-1, last=0); user=0 USER_ROTATION_LOCKED sensorRotation=-1 mLidState=-1 mDockMode=0 mHdmiPlugged=false mAccelerometerDefault=false gripRotationLock=false
12-13 01:28:44.453 15064 15064 I AndroidRuntime: VM exiting with result code 130.
12-13 01:28:44.463   717   953 D SContextService: 	.registerCallback : 1, client=
12-13 01:28:44.463   717   953 D SContextService: ===== SContext Service List =====
12-13 01:28:44.463   717   953 D SContextService: Listener : android.hardware.scontext.SContextService$Listener@43c74718, Service : Auto Rotation
12-13 01:28:44.463  1319  1319 D WfcActivityStateReceiver: onReceive(): packageName=com.example.snoopy, activityState=pause
12-13 01:28:44.463   717   953 W CAE     : setCAProperty(ContextAwareService.java:454) - [setProperty 01] Mutex is locked for AUTO_ROTATION
12-13 01:28:44.463   717   717 D CrashAnrDetector: processName: com.example.snoopy
12-13 01:28:44.463   717   953 I CAE     : setPropertyValue(AutoRotationRunner.java:117) - Device Type = 0.0
12-13 01:28:44.463   717   953 I CAE     : setCAProperty(ContextAwareService.java:463) - result : true
12-13 01:28:44.463   717  1048 V SmartFaceService - 3rd party pause: onReceive [android.intent.action.ACTIVITY_STATE/com.example.snoopy/pause]
12-13 01:28:44.473   717   953 W CAE     : setCAProperty(ContextAwareService.java:464) - [setProperty 02] Mutex is unlocked for AUTO_ROTATION
12-13 01:28:44.473   717   953 D SContextService: SendPropertyToCAE() : service = Auto Rotation
12-13 01:28:44.473  2902  2902 I SQLiteSecureOpenHelper: getWritableDatabase(pwd)
12-13 01:28:44.473  2902  2902 I SQLiteSecureOpenHelper: getDatabaseLocked(b,b,pwd)...
12-13 01:28:44.473   717   953 W CAE     : registerCallback(ContextAwareService.java:133) - [regi 01] Mutex is locked for AUTO_ROTATION
12-13 01:28:44.473   717   717 D CrashAnrDetector: broadcastEvent : com.example.snoopy data_app_crash
12-13 01:28:44.473   717   953 V CAE     : start(ContextProvider.java:124)
12-13 01:28:44.473   717   953 V CAE     : clear(AutoRotationRunner.java:180)
12-13 01:28:44.473   717   953 V CAE     : enable(AutoRotationRunner.java:156)
12-13 01:28:44.473   717   953 I CAE     : sendCmdToSensorHub(SensorHubCommManager.java:142) - -79, 7, 0, 0,
12-13 01:28:44.473   717   953 D SensorHubManager: SendSensorHubData: send data = -79, 7, 0, 0
12-13 01:28:44.473   277   277 D Sensorhubs: sendContextData: -79, 7, 0, 0
12-13 01:28:44.483   717   953 D CAE     : getFaultDetectionResult(AutoRotationRunner.java:193) - true
12-13 01:28:44.483   717   953 I CAE     : notifyCmdProcessResultObserver(ContextProvider.java:615) - CheckResult = 0, Cause = Success
12-13 01:28:44.483   717   717 W ContextImpl: Calling a method in the system process without a qualified user: android.app.ContextImpl.sendBroadcast:1505 com.android.server.analytics.data.collection.application.CrashAnrDetector.broadcastEvent:296 com.android.server.analytics.data.collection.application.CrashAnrDetector.processDropBoxEntry:254 com.android.server.analytics.data.collection.application.CrashAnrDetector.access$100:60 com.android.server.analytics.data.collection.application.CrashAnrDetector$1.onReceive:102 
12-13 01:28:44.533 15131 15131 I dumpstate: begin
12-13 01:28:44.533   717   953 D CAE     : doCommendProcess(ContextAwareService.java:310) - complete notify the operation result.
12-13 01:28:44.533   717   953 I CAE     : displayUsedCountForService(ContextAwareService.java:399) - totalCnt = 1, serviceCount = 1, subCollectionCount = 0
12-13 01:28:44.533   717   953 D CAE     : showListenerList(ContextAwareService.java:243) - ===== Context Aware Service List =====
12-13 01:28:44.533   717   953 I CAE     : showListenerList(ContextAwareService.java:252) - Listener : android.hardware.contextaware.manager.ContextAwareService$Listener@447e3c00, Service : AUTO_ROTATION(1)
12-13 01:28:44.533   717   953 W CAE     : registerCallback(ContextAwareService.java:171) - [regi 02] Mutex is unlocked for AUTO_ROTATION
12-13 01:28:44.533   717   953 D SContextService: addSContextService() : service = Auto Rotation
12-13 01:28:44.533   717   953 D SContextManager:   .registerListener : listener = com.android.internal.policy.impl.WindowOrientationListener$SContextListenerImpl@43c8a8a0, service=Auto Rotation
12-13 01:28:44.543   717   953 D WindowManager: updateSetting mIsKidsLauncherEnabled = false isKidsLauncherEnabled = false
12-13 01:28:44.543   717   953 V WindowOrientationListener: mSContextAutoRotationListener.getProposedRotation, mbResultFaceDectection: false
12-13 01:28:44.543   717   953 V WindowOrientationListener: mSContextAutoRotationListener.getProposedRotation, Rotation: -1
12-13 01:28:44.543   717   953 V WindowOrientationListener: mSContextAutoRotationListener.getProposedRotation, mbResultFaceDectection: false
12-13 01:28:44.543   717   953 V WindowOrientationListener: mSContextAutoRotationListener.getProposedRotation, Rotation: -1
12-13 01:28:44.543   717   953 V WindowManager: rotationForOrientationLw(orient=-1, last=0); user=0  sensorRotation=-1 mLidState=-1 mDockMode=0 mHdmiPlugged=false mAccelerometerDefault=false gripRotationLock=false
12-13 01:28:44.553   717   953 V WindowOrientationListener: mSContextAutoRotationListener.getProposedRotation, mbResultFaceDectection: false
12-13 01:28:44.553   717   953 V WindowOrientationListener: mSContextAutoRotationListener.getProposedRotation, Rotation: -1
12-13 01:28:44.553   717   953 V WindowOrientationListener: mSContextAutoRotationListener.getProposedRotation, mbResultFaceDectection: false
12-13 01:28:44.553   717   953 V WindowOrientationListener: mSContextAutoRotationListener.getProposedRotation, Rotation: -1
12-13 01:28:44.553   717   953 V WindowManager: rotationForOrientationLw(orient=-1, last=0); user=0  sensorRotation=-1 mLidState=-1 mDockMode=0 mHdmiPlugged=false mAccelerometerDefault=false gripRotationLock=false
12-13 01:28:44.563  2902  2902 I SQLiteSecureOpenHelper: getWritableDatabase(pwd)
12-13 01:28:44.563  2902  2902 I SQLiteSecureOpenHelper: getDatabaseLocked(b,b,pwd)...
12-13 01:28:44.583   717   936 I SpenGestureManager: setFocusWindow0
12-13 01:28:44.583   717   953 D EnterpriseDeviceManager: ContainerId: 0
12-13 01:28:44.583   717   935 D PointerIcon: setMouseIconStyle1 pointerType: 1001iconType:101 flag:0
12-13 01:28:44.583   717   935 D PointerIcon: setMouseCustomIcon IconType is same.101
12-13 01:28:44.583   717   935 D PointerIcon: setHoveringSpenIconStyle1 pointerType: 10001iconType:1 flag:0
12-13 01:28:44.583   717   935 D PointerIcon: setHoveringSpenCustomIcon IconType is same.1
12-13 01:28:44.583   717   953 D STATUSBAR-StatusBarManagerService: manageDisableList what=0x0 pkg=WindowManager.LayoutParams
12-13 01:28:44.603  2902  2902 I SQLiteSecureOpenHelper: getWritableDatabase(pwd)
12-13 01:28:44.603  2902  2902 I SQLiteSecureOpenHelper: getDatabaseLocked(b,b,pwd)...
12-13 01:28:44.603   264   264 I SurfaceFlinger: id=30 createSurf (1x1),1 flag=4, tnoopy
12-13 01:28:44.633   717  1071 D lights  : button : 0 +
12-13 01:28:44.653  2902  2902 I SQLiteSecureOpenHelper: getWritableDatabase(pwd)
12-13 01:28:44.653  2902  2902 I SQLiteSecureOpenHelper: getDatabaseLocked(b,b,pwd)...
12-13 01:28:44.673   717  1071 D lights  : button : 0 -
12-13 01:28:44.703  2902  2902 I SQLiteSecureOpenHelper: getWritableDatabase(pwd)
12-13 01:28:44.703  2902  2902 I SQLiteSecureOpenHelper: getDatabaseLocked(b,b,pwd)...
12-13 01:28:44.753  2902  2902 I SQLiteSecureOpenHelper: getWritableDatabase(pwd)
12-13 01:28:44.753  2902  2902 I SQLiteSecureOpenHelper: getDatabaseLocked(b,b,pwd)...
12-13 01:28:44.793  2902  2902 I SQLiteSecureOpenHelper: getWritableDatabase(pwd)
12-13 01:28:44.793  2902  2902 I SQLiteSecureOpenHelper: getDatabaseLocked(b,b,pwd)...
12-13 01:28:44.813   717   936 V WindowOrientationListener: mSContextAutoRotationListener.getProposedRotation, mbResultFaceDectection: false
12-13 01:28:44.813   717   936 V WindowOrientationListener: mSContextAutoRotationListener.getProposedRotation, Rotation: -1
12-13 01:28:44.813   717   936 V WindowOrientationListener: mSContextAutoRotationListener.getProposedRotation, mbResultFaceDectection: false
12-13 01:28:44.813   717   936 V WindowOrientationListener: mSContextAutoRotationListener.getProposedRotation, Rotation: -1
12-13 01:28:44.813   717   936 V WindowManager: rotationForOrientationLw(orient=1, last=0); user=0  sensorRotation=-1 mLidState=-1 mDockMode=0 mHdmiPlugged=false mAccelerometerDefault=false gripRotationLock=false
12-13 01:28:44.823   717 15130 E android.os.Debug: !@Dumpstate > sdumpstate -k -t -z -d -o /data/log/dumpstate_app_error
12-13 01:28:44.823  1286  1286 D SurfaceWidgetView: destroyHardwareResources():1146939200
12-13 01:28:44.833  1286  1286 D Launcher: onRestart, Launcher: 1118074888
12-13 01:28:44.833  1286  1286 D Launcher: onStart, Launcher: 1118074888
12-13 01:28:44.833  1286  1286 D Launcher.HomeView: onStart
12-13 01:28:44.833  1286  1286 D Launcher: onResume, Launcher: 1118074888
12-13 01:28:44.833  1067  1067 D PhoneStatusBar: setSemiTransparentMode=false, mTransparentMode=false, mSemiTransparentMode=false, mMultiWindowMode=false
12-13 01:28:44.833  1286  1286 D Launcher.HomeView: onResume
12-13 01:28:44.833  1286  1286 D SurfaceWidgetConnection: .SurfaceWidgetWeather#1 is being resumed by launcher
12-13 01:28:44.833  1608  1623 D SurfaceWidgetClient$ISurfaceWidgetStub: [237392/2] Surface widget resume on instance = 1
12-13 01:28:44.833  1608  1608 D accuweather: [KK AccuPhone]>>> SWW:189 [0:0] [SWW] onResume : instance = 1
12-13 01:28:44.833  1286  1286 D Launcher: setSystemUiTransparency.SettingNotFoundException : set as TRUE
12-13 01:28:44.833   717   744 D StatusBarManagerService: semi p:1286,o:f
12-13 01:28:44.843  1067  1067 D PhoneStatusBar: setTransGradationMode=true, mTransparentMode=true, mSemiTransparentMode=false, mMultiWindowMode=false
12-13 01:28:44.843   717  1400 D StatusBarManagerService: tr p:1286,o:t
12-13 01:28:44.853   717   968 I ServiceKeeper: In getappinfo pid = 717 pkgName = android appinfo = null
12-13 01:28:44.853   717   968 I ServiceKeeper: In getseinfo pid = 717 uid = 1000 seinfo= system
12-13 01:28:44.873   717   936 W ContextImpl: Calling a method in the system process without a qualified user: android.app.ContextImpl.sendBroadcast:1505 com.android.server.am.AppStateBroadcaster.BroadcastAppState:128 com.android.server.am.AppStateBroadcaster.SendApplicationFocusGain:34 com.android.server.am.ActivityStack.resumeTopActivityLocked:2362 com.android.server.am.ActivityStackSupervisor.resumeTopActivitiesLocked:3313 
12-13 01:28:44.873  1286  1286 D MenuAppsGridFragment: onResume
12-13 01:28:44.873  1286  1286 D AbsListView: onVisibilityChanged() is called, visibility : 0
12-13 01:28:44.873  1608  1622 D SurfaceWidgetClient$ISurfaceWidgetStub: [237392/2] Surface widget visibility changed visibility = true on instance = 1
12-13 01:28:44.873  1286  1286 D AbsListView: unregisterIRListener() is called 
12-13 01:28:44.873  1608  1771 D SurfaceWidget.Renderer: [237392/2] SurfaceWidget drawing first frame
12-13 01:28:44.883   717   968 I ServiceKeeper: In getappinfo pid = 717 pkgName = android appinfo = null
12-13 01:28:44.883   717   968 I ServiceKeeper: In getseinfo pid = 717 uid = 1000 seinfo= system
12-13 01:28:44.883   717   744 D ActivityManager: resume name com.sec.android.app.launcher/com.android.launcher2.Launcher
12-13 01:28:44.883   717   744 I ServiceKeeper: In getappinfo pid = 717 pkgName = android appinfo = null
12-13 01:28:44.883   717   744 I ServiceKeeper: In getseinfo pid = 717 uid = 1000 seinfo= system
12-13 01:28:44.883   717  1048 V SmartFaceService - 3rd party pause: onReceive [android.intent.action.ACTIVITY_STATE/com.sec.android.app.launcher/resume]
12-13 01:28:44.893  1319  1319 D WfcActivityStateReceiver: onReceive(): packageName=com.sec.android.app.launcher, activityState=resume
12-13 01:28:44.893  1785  1785 I MultiWindowTrayService: mHomeResumeReceiver : onReceive
12-13 01:28:44.893  1785  1785 I Sally Service: removeWindow window
12-13 01:28:44.903  1672  1687 D daemonapp: [MSC_Daemon]>>> WCP:1102 [0:0] Provider query : content://apaccuweatherprovider/weatherinfo
12-13 01:28:44.913   264   264 I SurfaceFlinger: id=31 createSurf (1080x1920),1 flag=4, Mauncher
12-13 01:28:44.913  2902  2902 I SQLiteSecureOpenHelper: getWritableDatabase(pwd)
12-13 01:28:44.913  2902  2902 I SQLiteSecureOpenHelper: getDatabaseLocked(b,b,pwd)...
12-13 01:28:44.913 14606 14606 D Mms/UIEventReceiver: ui event
12-13 01:28:44.923  1286  1286 D skia    : GFXPNG PNG bitmap created width:186 height:186 bitmap id is 560 
12-13 01:28:44.933  1286  1286 D skia    : GFXPNG PNG bitmap created width:186 height:186 bitmap id is 561 
12-13 01:28:44.933  1286  1286 D skia    : GFXPNG PNG bitmap created width:186 height:186 bitmap id is 562 
12-13 01:28:44.953 15138 15138 I SELinux : Function: selinux_android_load_priority [0], There is no sepolicy file.
12-13 01:28:44.953 15138 15138 I SELinux :  
12-13 01:28:44.963  1672  1989 D daemonapp: [MSC_Daemon]>>> WCP:1102 [0:0] Provider query : content://apaccuweatherprovider/settings
12-13 01:28:44.973  1608  1608 D accuweather: [KK AccuPhone]>>> RM:150 [0:0]  onFirstUpdate :: mFU = false
12-13 01:28:44.973  1608  1608 D accuweather: [KK AccuPhone]>>> SWW:200 [0:0]  onResume :: isFirst = false, cnt = 0
12-13 01:28:44.973  1608  1608 D accuweather: [KK AccuPhone]>>> SWW:207 [0:0] onResume : size = 1
12-13 01:28:44.973  1608  1608 D accuweather: [KK AccuPhone]>>> SWW:448 [0:0]  registerTTReceiver ! 
12-13 01:28:44.973  1608  1608 D accuweather: [KK AccuPhone]>>> SWW:372 [0:0] updateView : 1
12-13 01:28:44.973  1608  1608 D accuweather: [KK AccuPhone]>>> SWW:294 [0:0] getWeatherRenderer : 1
12-13 01:28:44.973  1672  1689 D daemonapp: [MSC_Daemon]>>> WCP:1102 [0:0] Provider query : content://apaccuweatherprovider/settings
12-13 01:28:44.983 15138 15138 I SELinux : Function: selinux_android_load_priority , spota verifySig and checkHash pass. priority version is VE=SEPF_SM-G900T_4.4.2_0055
12-13 01:28:44.983 15138 15138 I SELinux :  
12-13 01:28:44.983 15138 15138 I SELinux :  
12-13 01:28:44.983 15138 15138 I SELinux : selinux_android_seapp_context_reload: seapp_contexts file is loaded from /data/security/spota/seapp_contexts
12-13 01:28:44.983 15138 15138 E dalvikvm: >>>>> Normal User
12-13 01:28:44.983 15138 15138 E dalvikvm: >>>>> com.sec.android.app.clockpackage [ userId:0 | appId:10096 ]
12-13 01:28:44.983   717   936 D CustomFrequencyManagerService: releaseDVFSLockLocked : Getting Lock type frm List : DVFS_MIN_LIMIT  frequency : 1958400  uid : 1000  pid : 717  tag : ACTIVITY_RESUME_BOOSTER@6
12-13 01:28:44.983   717   936 W ActivityManager: mDVFSHelper.release()
12-13 01:28:44.983   717   936 D CustomFrequencyManagerService: acquireDVFSLockLocked : type : DVFS_MIN_LIMIT  frequency : 1958400  uid : 1000  pid : 717  pkgName : ACTIVITY_RESUME_BOOSTER@9
