--------- beginning of /dev/log/main
12-13 01:28:40.763  2902  2902 I SQLiteSecureOpenHelper: getWritableDatabase(pwd)
12-13 01:28:40.763  2902  2902 I SQLiteSecureOpenHelper: getDatabaseLocked(b,b,pwd)...
12-13 01:28:40.793  2902  2902 I SQLiteSecureOpenHelper: getWritableDatabase(pwd)
12-13 01:28:40.793  2902  2902 I SQLiteSecureOpenHelper: getDatabaseLocked(b,b,pwd)...
12-13 01:28:40.823  2902  2902 I SQLiteSecureOpenHelper: getWritableDatabase(pwd)
12-13 01:28:40.823  2902  2902 I SQLiteSecureOpenHelper: getDatabaseLocked(b,b,pwd)...
12-13 01:28:40.833   717   968 I ServiceKeeper: In getappinfo pid = 717 pkgName = android appinfo = null
12-13 01:28:40.833   717   968 I ServiceKeeper: In getseinfo pid = 717 uid = 1000 seinfo= system
12-13 01:28:40.833   717   968 I ServiceKeeper: In getappinfo pid = 717 pkgName = android appinfo = null
12-13 01:28:40.833   717   968 I ServiceKeeper: In getseinfo pid = 717 uid = 1000 seinfo= system
12-13 01:28:40.873  2902  2902 I SQLiteSecureOpenHelper: getWritableDatabase(pwd)
12-13 01:28:40.873  2902  2902 I SQLiteSecureOpenHelper: getDatabaseLocked(b,b,pwd)...
12-13 01:28:40.913  2902  2902 I SQLiteSecureOpenHelper: getWritableDatabase(pwd)
12-13 01:28:40.913  2902  2902 I SQLiteSecureOpenHelper: getDatabaseLocked(b,b,pwd)...
12-13 01:28:40.963  2902  2902 I SQLiteSecureOpenHelper: getWritableDatabase(pwd)
12-13 01:28:40.963  2902  2902 I SQLiteSecureOpenHelper: getDatabaseLocked(b,b,pwd)...
12-13 01:28:41.013  2902  2902 I SQLiteSecureOpenHelper: getWritableDatabase(pwd)
12-13 01:28:41.013  2902  2902 I SQLiteSecureOpenHelper: getDatabaseLocked(b,b,pwd)...
12-13 01:28:41.053  2902  2902 I SQLiteSecureOpenHelper: getWritableDatabase(pwd)
12-13 01:28:41.053  2902  2902 I SQLiteSecureOpenHelper: getDatabaseLocked(b,b,pwd)...
12-13 01:28:41.093  2902  2902 I SQLiteSecureOpenHelper: getWritableDatabase(pwd)
12-13 01:28:41.093  2902  2902 I SQLiteSecureOpenHelper: getDatabaseLocked(b,b,pwd)...
12-13 01:28:41.093   356 15057 I framebuffer: /data/system/enterprise.conf doesn't exist or cannot be opened
12-13 01:28:41.133  2902  2902 I SQLiteSecureOpenHelper: getWritableDatabase(pwd)
12-13 01:28:41.133  2902  2902 I SQLiteSecureOpenHelper: getDatabaseLocked(b,b,pwd)...
12-13 01:28:41.143   717  1218 I EDMNativeHelperService: isScreenCaptureEnabled
12-13 01:28:41.183  2902  2902 I SQLiteSecureOpenHelper: getWritableDatabase(pwd)
12-13 01:28:41.183  2902  2902 I SQLiteSecureOpenHelper: getDatabaseLocked(b,b,pwd)...
12-13 01:28:41.233  2902  2902 I SQLiteSecureOpenHelper: getWritableDatabase(pwd)
12-13 01:28:41.233  2902  2902 I SQLiteSecureOpenHelper: getDatabaseLocked(b,b,pwd)...
12-13 01:28:41.283  2902  2902 I SQLiteSecureOpenHelper: getWritableDatabase(pwd)
12-13 01:28:41.283  2902  2902 I SQLiteSecureOpenHelper: getDatabaseLocked(b,b,pwd)...
--------- beginning of /dev/log/system
12-13 01:28:41.323   717  4391 E PersonaManagerService: Unable to read user list
12-13 01:28:41.343  2902  2902 I SQLiteSecureOpenHelper: getWritableDatabase(pwd)
12-13 01:28:41.343  2902  2902 I SQLiteSecureOpenHelper: getDatabaseLocked(b,b,pwd)...
12-13 01:28:41.393  2902  2902 I SQLiteSecureOpenHelper: getWritableDatabase(pwd)
12-13 01:28:41.393  2902  2902 I SQLiteSecureOpenHelper: getDatabaseLocked(b,b,pwd)...
12-13 01:28:41.393  7789  7793 D dalvikvm: GC_CONCURRENT freed 1939K, 36% free 17340K/26744K, paused 2ms+2ms, total 23ms
12-13 01:28:41.423  2902  2902 I SQLiteSecureOpenHelper: getWritableDatabase(pwd)
12-13 01:28:41.423  2902  2902 I SQLiteSecureOpenHelper: getDatabaseLocked(b,b,pwd)...
12-13 01:28:41.453  2902  2902 I SQLiteSecureOpenHelper: getWritableDatabase(pwd)
12-13 01:28:41.453  2902  2902 I SQLiteSecureOpenHelper: getDatabaseLocked(b,b,pwd)...
12-13 01:28:41.493  2902  2902 I SQLiteSecureOpenHelper: getWritableDatabase(pwd)
12-13 01:28:41.493  2902  2902 I SQLiteSecureOpenHelper: getDatabaseLocked(b,b,pwd)...
12-13 01:28:41.523  2902  2902 I SQLiteSecureOpenHelper: getWritableDatabase(pwd)
12-13 01:28:41.523  2902  2902 I SQLiteSecureOpenHelper: getDatabaseLocked(b,b,pwd)...
12-13 01:28:41.563  2902  2902 I SQLiteSecureOpenHelper: getWritableDatabase(pwd)
12-13 01:28:41.563  2902  2902 I SQLiteSecureOpenHelper: getDatabaseLocked(b,b,pwd)...
12-13 01:28:41.593  2902  2902 I SQLiteSecureOpenHelper: getWritableDatabase(pwd)
12-13 01:28:41.593  2902  2902 I SQLiteSecureOpenHelper: getDatabaseLocked(b,b,pwd)...
12-13 01:28:41.633  2902  2902 I SQLiteSecureOpenHelper: getWritableDatabase(pwd)
12-13 01:28:41.633  2902  2902 I SQLiteSecureOpenHelper: getDatabaseLocked(b,b,pwd)...
12-13 01:28:41.663 15064 15064 D AndroidRuntime: 
12-13 01:28:41.663 15064 15064 D AndroidRuntime: >>>>>> AndroidRuntime START com.android.internal.os.RuntimeInit <<<<<<
12-13 01:28:41.663 15064 15064 D AndroidRuntime: CheckJNI is OFF
12-13 01:28:41.663 15064 15064 D AndroidRuntime: setted country_code = USA
12-13 01:28:41.663 15064 15064 D AndroidRuntime: setted countryiso_code = US
12-13 01:28:41.663 15064 15064 D AndroidRuntime: setted sales_code = TMB
12-13 01:28:41.663 15064 15064 D AndroidRuntime: readGMSProperty: start
12-13 01:28:41.663 15064 15064 D AndroidRuntime: readGMSProperty: already setted!!
12-13 01:28:41.663 15064 15064 D AndroidRuntime: readGMSProperty: end
12-13 01:28:41.663 15064 15064 D AndroidRuntime: addProductProperty: start
12-13 01:28:41.673  2902  2902 I SQLiteSecureOpenHelper: getWritableDatabase(pwd)
12-13 01:28:41.673  2902  2902 I SQLiteSecureOpenHelper: getDatabaseLocked(b,b,pwd)...
12-13 01:28:41.683 15064 15064 D dalvikvm: Trying to load lib libjavacore.so 0x0
12-13 01:28:41.683 15064 15064 D dalvikvm: Added shared lib libjavacore.so 0x0
12-13 01:28:41.683 15064 15064 D dalvikvm: Trying to load lib libnativehelper.so 0x0
12-13 01:28:41.683 15064 15064 D dalvikvm: Added shared lib libnativehelper.so 0x0
12-13 01:28:41.683 15064 15064 D dalvikvm: No JNI_OnLoad found in libnativehelper.so 0x0, skipping init
12-13 01:28:41.703  2902  2902 I SQLiteSecureOpenHelper: getWritableDatabase(pwd)
12-13 01:28:41.703  2902  2902 I SQLiteSecureOpenHelper: getDatabaseLocked(b,b,pwd)...
12-13 01:28:41.743  2902  2902 I SQLiteSecureOpenHelper: getWritableDatabase(pwd)
12-13 01:28:41.743  2902  2902 I SQLiteSecureOpenHelper: getDatabaseLocked(b,b,pwd)...
12-13 01:28:41.773  2902  2902 I SQLiteSecureOpenHelper: getWritableDatabase(pwd)
12-13 01:28:41.773  2902  2902 I SQLiteSecureOpenHelper: getDatabaseLocked(b,b,pwd)...
12-13 01:28:41.783 15064 15064 E memtrack: Couldn't load memtrack module (No such file or directory)
12-13 01:28:41.783 15064 15064 E android.os.Debug: failed to load memtrack module: -2
12-13 01:28:41.803  2902  2902 I SQLiteSecureOpenHelper: getWritableDatabase(pwd)
12-13 01:28:41.803  2902  2902 I SQLiteSecureOpenHelper: getDatabaseLocked(b,b,pwd)...
12-13 01:28:41.813 15064 15064 D dalvikvm: Note: class Landroid/app/ActivityManagerNative; has 192 unimplemented (abstract) methods
12-13 01:28:41.833   717   968 I ServiceKeeper: In getappinfo pid = 717 pkgName = android appinfo = null
12-13 01:28:41.833   717   968 I ServiceKeeper: In getseinfo pid = 717 uid = 1000 seinfo= system
12-13 01:28:41.833   717   968 I ServiceKeeper: In getappinfo pid = 717 pkgName = android appinfo = null
12-13 01:28:41.833   717   968 I ServiceKeeper: In getseinfo pid = 717 uid = 1000 seinfo= system
12-13 01:28:41.843  2902  2902 I SQLiteSecureOpenHelper: getWritableDatabase(pwd)
12-13 01:28:41.843  2902  2902 I SQLiteSecureOpenHelper: getDatabaseLocked(b,b,pwd)...
12-13 01:28:41.853 15064 15064 D AndroidRuntime: Calling main entry com.android.commands.monkey.Monkey
12-13 01:28:41.883  2902  2902 I SQLiteSecureOpenHelper: getWritableDatabase(pwd)
12-13 01:28:41.883  2902  2902 I SQLiteSecureOpenHelper: getDatabaseLocked(b,b,pwd)...
12-13 01:28:41.903   717   936 W BroadcastQueue: Skipping deliver [background] BroadcastRecord{43eeb098 u-1 android.net.conn.CONNECTIVITY_CHANGE} to ReceiverList{43eb9f88 15064 (unknown name)/2000/u-1 remote:43eb33d8}: process crashing
12-13 01:28:41.913  2902  2902 I SQLiteSecureOpenHelper: getWritableDatabase(pwd)
12-13 01:28:41.913  2902  2902 I SQLiteSecureOpenHelper: getDatabaseLocked(b,b,pwd)...
12-13 01:28:41.953  2902  2902 I SQLiteSecureOpenHelper: getWritableDatabase(pwd)
12-13 01:28:41.953  2902  2902 I SQLiteSecureOpenHelper: getDatabaseLocked(b,b,pwd)...
12-13 01:28:41.983   717  1272 D EnterpriseDeviceManager: ContainerId: 0
12-13 01:28:41.983   717  1272 V ApplicationPolicy: isApplicationStateBlocked userId 0 pkgname com.example.snoopy
12-13 01:28:41.983   264   264 I SurfaceFlinger: id=23 createSurf (16x16),-1 flag=20004, EimLayer
12-13 01:28:41.983   264   264 I SurfaceFlinger: id=24 createSurf (16x16),-1 flag=20004, EimLayer
12-13 01:28:41.983   717  1272 D CustomFrequencyManagerService: acquireDVFSLockLocked : type : DVFS_MIN_LIMIT  frequency : 1958400  uid : 1000  pid : 717  pkgName : ACTIVITY_RESUME_BOOSTER@6
12-13 01:28:41.983   717  1272 W ActivityManager: mDVFSHelper.acquire()
12-13 01:28:41.993  2902  2902 I SQLiteSecureOpenHelper: getWritableDatabase(pwd)
12-13 01:28:41.993  2902  2902 I SQLiteSecureOpenHelper: getDatabaseLocked(b,b,pwd)...
12-13 01:28:41.993   717   935 D StatusBarManagerService: tr p:717,o:f
12-13 01:28:42.003  1067  1067 D PhoneStatusBar: setTransGradationMode=false, mTransparentMode=false, mSemiTransparentMode=false, mMultiWindowMode=false
12-13 01:28:42.013   264   264 I SurfaceFlinger: id=25 createSurf (1x1),1 flag=404, tnoopy
12-13 01:28:42.043  1286  1286 D Launcher.HomeView: onPause
12-13 01:28:42.053   717   968 I ServiceKeeper: In getappinfo pid = 717 pkgName = android appinfo = null
12-13 01:28:42.053   717   968 I ServiceKeeper: In getseinfo pid = 717 uid = 1000 seinfo= system
12-13 01:28:42.053  1319  1319 D WfcActivityStateReceiver: onReceive(): packageName=com.sec.android.app.launcher, activityState=pause
12-13 01:28:42.053   717  1048 V SmartFaceService - 3rd party pause: onReceive [android.intent.action.ACTIVITY_STATE/com.sec.android.app.launcher/pause]
12-13 01:28:42.053   717  1397 D StatusBarManagerService: tr p:1286,o:f
12-13 01:28:42.063  1067  1067 D PhoneStatusBar: setTransGradationMode=false, mTransparentMode=false, mSemiTransparentMode=false, mMultiWindowMode=false
12-13 01:28:42.083  2902  2902 I SQLiteSecureOpenHelper: getWritableDatabase(pwd)
12-13 01:28:42.083  2902  2902 I SQLiteSecureOpenHelper: getDatabaseLocked(b,b,pwd)...
12-13 01:28:42.083 15077 15077 I SELinux : Function: selinux_android_load_priority [0], There is no sepolicy file.
12-13 01:28:42.083 15077 15077 I SELinux :  
12-13 01:28:42.093   717   935 D PointerIcon: setMouseIconStyle1 pointerType: 1001iconType:101 flag:0
12-13 01:28:42.093   717   935 D PointerIcon: setMouseCustomIcon IconType is same.101
12-13 01:28:42.093   717   935 D PointerIcon: setHoveringSpenIconStyle1 pointerType: 10001iconType:1 flag:0
12-13 01:28:42.093   717   935 D PointerIcon: setHoveringSpenCustomIcon IconType is same.1
12-13 01:28:42.113 15077 15077 I SELinux : Function: selinux_android_load_priority , spota verifySig and checkHash pass. priority version is VE=SEPF_SM-G900T_4.4.2_0055
12-13 01:28:42.113 15077 15077 I SELinux :  
12-13 01:28:42.113 15077 15077 I SELinux :  
12-13 01:28:42.113 15077 15077 I SELinux : selinux_android_seapp_context_reload: seapp_contexts file is loaded from /data/security/spota/seapp_contexts
12-13 01:28:42.113 15077 15077 E dalvikvm: >>>>> Normal User
12-13 01:28:42.113 15077 15077 E dalvikvm: >>>>> com.sec.android.widgetapp.activeapplicationwidget [ userId:0 | appId:10174 ]
12-13 01:28:42.113   717  1000 D InputDispatcher: Waiting for application to become ready for input: xxxx Reason: Waiting because the touched window is paused.
12-13 01:28:42.113   717  1071 D lights  : button : 1 +
12-13 01:28:42.123   717   968 I ServiceKeeper: In getappinfo pid = 717 pkgName = android appinfo = null
12-13 01:28:42.123   717   968 I ServiceKeeper: In getseinfo pid = 717 uid = 1000 seinfo= system
12-13 01:28:42.133 15089 15089 I SELinux : Function: selinux_android_load_priority [0], There is no sepolicy file.
12-13 01:28:42.133 15089 15089 I SELinux :  
12-13 01:28:42.133   717   961 W ContextImpl: Calling a method in the system process without a qualified user: android.app.ContextImpl.sendBroadcast:1505 com.android.server.am.AppStateBroadcaster.BroadcastAppState:128 com.android.server.am.AppStateBroadcaster.SendApplicationStart:28 com.android.server.am.ActivityStackSupervisor.startSpecificActivityLocked:1424 com.android.server.am.ActivityStack.resumeTopActivityLocked:2349 
12-13 01:28:42.133   717   961 W ContextImpl: Calling a method in the system process without a qualified user: android.app.ContextImpl.sendBroadcast:1505 com.android.server.am.AppStateBroadcaster.BroadcastAppState:128 com.android.server.am.AppStateBroadcaster.SendApplicationFocusLoss:40 com.android.server.am.ActivityStack.resumeTopActivityLocked:2361 com.android.server.am.ActivityStackSupervisor.resumeTopActivitiesLocked:3313 
12-13 01:28:42.133   717   961 W ContextImpl: Calling a method in the system process without a qualified user: android.app.ContextImpl.sendBroadcast:1505 com.android.server.am.AppStateBroadcaster.BroadcastAppState:128 com.android.server.am.AppStateBroadcaster.SendApplicationFocusGain:34 com.android.server.am.ActivityStack.resumeTopActivityLocked:2362 com.android.server.am.ActivityStackSupervisor.resumeTopActivitiesLocked:3313 
12-13 01:28:42.143   717  1000 I Analytics: Analytics()
12-13 01:28:42.143   717  1000 I InputDispatcher: Delivering touch to: action: 0x4, toolType: 0
12-13 01:28:42.143   717  1000 I InputDispatcher: Delivering touch to: action: 0x4, toolType: 0
12-13 01:28:42.143   717  1000 I InputDispatcher: Delivering touch to: action: 0x0, toolType: 0
12-13 01:28:42.143   717  1000 I InputDispatcher: Delivering touch to: action: 0x0, toolType: 0
12-13 01:28:42.143  1286  1286 D AbsListView: unregisterIRListener() is called 
12-13 01:28:42.153   717  1071 D lights  : button : 1 -
12-13 01:28:42.153   717  1403 W ContextImpl: Calling a method in the system process without a qualified user: android.app.ContextImpl.sendBroadcast:1505 com.android.server.am.AppStateBroadcaster.BroadcastAppState:128 com.android.server.am.AppStateBroadcaster.SendApplicationStart:28 com.android.server.am.ActivityStackSupervisor.startSpecificActivityLocked:1424 com.android.server.am.ActivityStack.ensureActivitiesVisibleLocked:1656 
12-13 01:28:42.163 15089 15089 I SELinux : Function: selinux_android_load_priority , spota verifySig and checkHash pass. priority version is VE=SEPF_SM-G900T_4.4.2_0055
12-13 01:28:42.163 15089 15089 I SELinux :  
12-13 01:28:42.163 15089 15089 I SELinux :  
12-13 01:28:42.163 15089 15089 I SELinux : selinux_android_seapp_context_reload: seapp_contexts file is loaded from /data/security/spota/seapp_contexts
12-13 01:28:42.163 15089 15089 E dalvikvm: >>>>> Normal User
12-13 01:28:42.163 15089 15089 E dalvikvm: >>>>> com.example.snoopy [ userId:0 | appId:14037 ]
12-13 01:28:42.163 15089 15089 D dalvikvm: Late-enabling CheckJNI
12-13 01:28:42.173  1431  1576 I MicrophoneInputStream: mic_close fib@42a6c070
12-13 01:28:42.173   717  1000 I InputDispatcher: Delivering touch to: action: 0x1, toolType: 0
12-13 01:28:42.173   717  1000 I InputDispatcher: Delivering touch to: action: 0x1, toolType: 0
12-13 01:28:42.183  2902  2902 I SQLiteSecureOpenHelper: getWritableDatabase(pwd)
12-13 01:28:42.183  2902  2902 I SQLiteSecureOpenHelper: getDatabaseLocked(b,b,pwd)...
12-13 01:28:42.183   272 12607 V audio_hw_primary: in_standby: enter
12-13 01:28:42.183  1286  1286 D Launcher.HomeView: onStop
12-13 01:28:42.193   717  1402 V WindowOrientationListener: mSContextAutoRotationListener.getProposedRotation, mbResultFaceDectection: false
12-13 01:28:42.193  1286  1286 D SurfaceWidgetConnection: .SurfaceWidgetWeather#1 is being paused by launcher
12-13 01:28:42.193   717  1402 V WindowOrientationListener: mSContextAutoRotationListener.getProposedRotation, Rotation: 0
12-13 01:28:42.193  1608  1622 D SurfaceWidgetClient$ISurfaceWidgetStub: [237392/2] Surface widget pause on instance = 1
12-13 01:28:42.193   717  1402 V WindowOrientationListener: mSContextAutoRotationListener.getProposedRotation, mbResultFaceDectection: false
12-13 01:28:42.193   717  1402 V WindowOrientationListener: mSContextAutoRotationListener.getProposedRotation, Rotation: 0
12-13 01:28:42.193  1608  1623 D SurfaceWidgetClient$ISurfaceWidgetStub: [237392/2] Surface widget visibility changed visibility = false on instance = 1
12-13 01:28:42.193   717  1402 V WindowManager: rotationForOrientationLw(orient=-1, last=0); user=0  sensorRotation=0 mLidState=-1 mDockMode=0 mHdmiPlugged=false mAccelerometerDefault=false gripRotationLock=false
12-13 01:28:42.203  1286  1286 D AbsListView: onVisibilityChanged() is called, visibility : 4
12-13 01:28:42.203  1286  1286 D AbsListView: unregisterIRListener() is called 
12-13 01:28:42.203  1286  1286 D Launcher: onTrimMemory. Level: 20
12-13 01:28:42.203  1608  1608 D accuweather: [KK AccuPhone]>>> SWW:216 [0:0] [SWW] onPause : instance = 1
12-13 01:28:42.203  1608  1608 D accuweather: [KK AccuPhone]>>> SWW:231 [0:0] onPause : size = 0
12-13 01:28:42.203  1608  1608 D accuweather: [KK AccuPhone]>>> SWW:476 [0:0]  unRegisterTTReceiver !! 
12-13 01:28:42.213  1286  1286 D SurfaceWidgetView: destroyHardwareResources():1146939200
12-13 01:28:42.223   717   953 D EnterpriseDeviceManager: ContainerId: 0
12-13 01:28:42.223   717   953 D STATUSBAR-StatusBarManagerService: manageDisableList what=0x0 pkg=WindowManager.LayoutParams
12-13 01:28:42.233   272 12607 V audio_hw_primary: stop_input_stream: enter: usecase(7: audio-record)
12-13 01:28:42.233   272 12607 V audio_hw_primary: disable_audio_route: enter: usecase(7)
12-13 01:28:42.233   272 12607 V audio_hw_primary: disable_audio_route: reset mixer path: audio-record
12-13 01:28:42.233   272 12607 D audio_route: ++++ audio_route_update_mixer ==============
12-13 01:28:42.233   272 12607 D audio_route: Setting mixer control: MultiMedia1 Mixer SLIM_0_TX, value: 0
12-13 01:28:42.233   272 12607 D audio_route: ------ audio_route_update_mixer ==============
12-13 01:28:42.233   272 12607 V audio_hw_primary: disable_audio_route: exit
12-13 01:28:42.233   272 12607 V audio_hw_primary: disable_snd_device: snd_device(121: vr-main-mic)
12-13 01:28:42.233   272 12607 D audio_route: ++++ audio_route_update_mixer ==============
12-13 01:28:42.233   272 12607 D audio_route: Setting mixer control: DEC2 Volume, value: 0
12-13 01:28:42.233   272 12607 D audio_route: Setting mixer control: SLIM TX7 MUX, value: 0
12-13 01:28:42.233   272 12607 D audio_route: Setting mixer control: AIF1_CAP Mixer SLIM TX7, value: 0
12-13 01:28:42.233   272 12607 D audio_route: Setting mixer control: DEC2 MUX, value: 0
12-13 01:28:42.243   272 12607 D audio_route: ------ audio_route_update_mixer ==============
12-13 01:28:42.243   272 12607 V audio_hw_primary: stop_input_stream: exit: status(0)
12-13 01:28:42.243   272 12607 V audio_hw_primary: in_standby: exit:  status(0)
12-13 01:28:42.243   717  1000 I InputDispatcher: Dropping event because there is no touchable window at (1023, 223).
12-13 01:28:42.243   717   968 I ServiceKeeper: In getappinfo pid = 717 pkgName = android appinfo = null
12-13 01:28:42.243   717   968 I ServiceKeeper: In getseinfo pid = 717 uid = 1000 seinfo= system
12-13 01:28:42.243   272   856 V AudioPolicyManagerBase: stopInput() input 20
12-13 01:28:42.243   717   744 W InputManager: Input event injection from pid 15064 failed.
12-13 01:28:42.243   717  1400 W InputManager: Input event injection from pid 15064 failed.
12-13 01:28:42.253   717   968 I ServiceKeeper: In getappinfo pid = 717 pkgName = android appinfo = null
12-13 01:28:42.253   717   968 I ServiceKeeper: In getseinfo pid = 717 uid = 1000 seinfo= system
12-13 01:28:42.253   717   968 I ServiceKeeper: In getappinfo pid = 717 pkgName = android appinfo = null
12-13 01:28:42.253   717   968 I ServiceKeeper: In getseinfo pid = 717 uid = 1000 seinfo= system
12-13 01:28:42.253  1319  1319 D WfcActivityStateReceiver: onReceive(): packageName=com.example.snoopy, activityState=create
12-13 01:28:42.253   272   846 V AudioPolicyManagerBase: releaseInput() 20
12-13 01:28:42.253  1608  1608 D accuweather: [KK AccuPhone]>>> WR:125 [0:0] onPause
12-13 01:28:42.253  1608  1608 D accuweather: [KK AccuPhone]>>> SM:415 [0:0] onPause
12-13 01:28:42.253  1431  1577 I HotwordRecognitionRnr: Stopping hotword detection.
12-13 01:28:42.253  1431 12606 I HotwordRecognitionRnr: Hotword detection finished
12-13 01:28:42.253   717   968 I ServiceKeeper: In getappinfo pid = 717 pkgName = android appinfo = null
12-13 01:28:42.253   717   968 I ServiceKeeper: In getseinfo pid = 717 uid = 1000 seinfo= system
12-13 01:28:42.253   717  1048 V SmartFaceService - 3rd party pause: onReceive [android.intent.action.ACTIVITY_STATE/com.example.snoopy/create]
12-13 01:28:42.263   717   968 I ServiceKeeper: In getappinfo pid = 717 pkgName = android appinfo = null
12-13 01:28:42.263   272   846 V audio_hw_primary: adev_close_input_stream
12-13 01:28:42.263   272   846 V audio_hw_primary: in_standby: enter
12-13 01:28:42.263   272   846 V audio_hw_primary: in_standby: exit:  status(0)
12-13 01:28:42.263   272   846 V AudioPolicyManagerBase: releaseInput() exit
12-13 01:28:42.263   717   968 I ServiceKeeper: In getseinfo pid = 717 uid = 1000 seinfo= system
12-13 01:28:42.273 15077 15077 V TaskCloserActivity: TaskCloserActivity enter()
12-13 01:28:42.273 15077 15077 V TaskCloserActivity: TaskCloserActivity onReceive() - com.sec.android.intent.action.HOME_PAUSE
12-13 01:28:42.273   717  1403 I ActivityManager: Killing 14365:com.sec.factory/1000 (adj 15): empty #31
12-13 01:28:42.273  1286  1286 D skia    : GFXPNG PNG bitmap created width:96 height:96 bitmap id is 559 
12-13 01:28:42.283 15089 15089 I dalvikvm: Could not find method android.content.pm.PackageManager.getPackageInstaller, referenced from method com.google.android.gms.common.zzo.zzx
12-13 01:28:42.283 15089 15089 W dalvikvm: VFY: unable to resolve virtual method 525: Landroid/content/pm/PackageManager;.getPackageInstaller ()Landroid/content/pm/PackageInstaller;
12-13 01:28:42.283 15089 15089 D dalvikvm: VFY: replacing opcode 0x6e at 0x0013
12-13 01:28:42.293 15089 15089 I dalvikvm: Could not find method android.content.Context.getNoBackupFilesDir, referenced from method com.google.android.gms.common.util.zzu.getNoBackupFilesDir
12-13 01:28:42.293 15089 15089 W dalvikvm: VFY: unable to resolve virtual method 391: Landroid/content/Context;.getNoBackupFilesDir ()Ljava/io/File;
12-13 01:28:42.293 15089 15089 D dalvikvm: VFY: replacing opcode 0x6e at 0x0006
12-13 01:28:42.293 15089 15105 W DynamiteModule: Local module descriptor class for com.google.firebase.auth not found.
12-13 01:28:42.303   717  1000 I InputDispatcher: Dropping event because there is no touchable window at (268, 1864).
12-13 01:28:42.303 15089 15105 I dalvikvm: Could not find method android.content.pm.PackageManager.isInstantApp, referenced from method com.google.android.gms.internal.zzbec.zzalq
12-13 01:28:42.303 15089 15105 W dalvikvm: VFY: unable to resolve virtual method 532: Landroid/content/pm/PackageManager;.isInstantApp (Ljava/lang/String;)Z
12-13 01:28:42.303 15089 15105 D dalvikvm: VFY: replacing opcode 0x6e at 0x002d
12-13 01:28:42.303   717   743 W InputManager: Input event injection from pid 15064 failed.
12-13 01:28:42.303  1286  1286 D SurfaceWidgetView: destroyHardwareResources():1146939200
12-13 01:28:42.313 15089 15089 D FirebaseApp: com.google.firebase.crash.FirebaseCrash is not linked. Skipping initialization.
12-13 01:28:42.313   717   968 I ServiceKeeper: In getappinfo pid = 717 pkgName = android appinfo = null
12-13 01:28:42.313   717   968 I ServiceKeeper: In getseinfo pid = 717 uid = 1000 seinfo= system
12-13 01:28:42.313   717   744 W InputManager: Input event injection from pid 15064 failed.
12-13 01:28:42.313   717  1397 W InputManager: Input event injection from pid 15064 failed.
12-13 01:28:42.313   717   961 W InputManager: Input event injection from pid 15064 failed.
12-13 01:28:42.313   717  1400 W InputManager: Input event injection from pid 15064 failed.
12-13 01:28:42.323 15089 15089 I FA      : App measurement is starting up, version: 11400
12-13 01:28:42.323 15089 15089 I FA      : To enable debug logging run: adb shell setprop log.tag.FA VERBOSE
12-13 01:28:42.323   717  1888 W InputManager: Input event injection from pid 15064 failed.
12-13 01:28:42.323   717  7178 W InputManager: Input event injection from pid 15064 failed.
12-13 01:28:42.323   717  1402 W InputManager: Input event injection from pid 15064 failed.
12-13 01:28:42.333   717   744 W InputManager: Input event injection from pid 15064 failed.
12-13 01:28:42.353 15089 15089 I PersonaManager: getPersonaService() name persona_policy
12-13 01:28:42.353 15089 15089 I dalvikvm: Could not find method android.content.pm.PackageManager.isInstantApp, referenced from method com.google.android.gms.internal.zzbeb.zzcp
12-13 01:28:42.353 15089 15089 W dalvikvm: VFY: unable to resolve virtual method 531: Landroid/content/pm/PackageManager;.isInstantApp ()Z
12-13 01:28:42.353 15089 15089 D dalvikvm: VFY: replacing opcode 0x6e at 0x0028
12-13 01:28:42.363 15089 15089 I FA      : To enable faster debug mode event logging run:
12-13 01:28:42.363 15089 15089 I FA      :   adb shell setprop debug.firebase.analytics.app com.example.snoopy
12-13 01:28:42.363  2902  2902 I SQLiteSecureOpenHelper: getWritableDatabase(pwd)
12-13 01:28:42.363  2902  2902 I SQLiteSecureOpenHelper: getDatabaseLocked(b,b,pwd)...
12-13 01:28:42.363 15089 15105 W DynamiteModule: Local module descriptor class for com.google.firebase.auth not found.
12-13 01:28:42.363 15089 15089 E dalvikvm: Could not find class 'android.app.job.JobScheduler', referenced from method com.google.android.gms.internal.zzcfr.zzazv
12-13 01:28:42.363 15089 15089 W dalvikvm: VFY: unable to resolve check-cast 64 (Landroid/app/job/JobScheduler;) in Lcom/google/android/gms/internal/zzcfr;
12-13 01:28:42.363 15089 15089 D dalvikvm: VFY: replacing opcode 0x1f at 0x000b
12-13 01:28:42.363 15089 15089 E dalvikvm: Could not find class 'android.app.job.JobScheduler', referenced from method com.google.android.gms.internal.zzcfr.zzs
12-13 01:28:42.363 15089 15089 W dalvikvm: VFY: unable to resolve check-cast 64 (Landroid/app/job/JobScheduler;) in Lcom/google/android/gms/internal/zzcfr;
12-13 01:28:42.363 15089 15089 D dalvikvm: VFY: replacing opcode 0x1f at 0x0098
12-13 01:28:42.363 15089 15089 D dalvikvm: DexOpt: unable to opt direct call 0x0142 at 0xa0 in Lcom/google/android/gms/internal/zzcfr;.zzs
12-13 01:28:42.363 15089 15089 D dalvikvm: DexOpt: unable to opt direct call 0x0597 at 0xae in Lcom/google/android/gms/internal/zzcfr;.zzs
12-13 01:28:42.373 15089 15089 I FirebaseInitProvider: FirebaseApp initialization successful
12-13 01:28:42.373 15089 15110 W dalvikvm: VFY: unable to find class referenced in signature (Landroid/app/job/JobParameters;)
12-13 01:28:42.373 15089 15110 W dalvikvm: VFY: unable to find class referenced in signature (Landroid/app/job/JobParameters;)
12-13 01:28:42.373 15089 15110 W dalvikvm: VFY: unable to find class referenced in signature (Landroid/app/job/JobParameters;)
12-13 01:28:42.373 15089 15110 W dalvikvm: VFY: unable to find class referenced in signature (Landroid/app/job/JobParameters;)
12-13 01:28:42.373 15089 15110 I dalvikvm: Could not find method android.app.job.JobParameters.getExtras, referenced from method com.google.android.gms.internal.zzcfh.onStartJob
12-13 01:28:42.373 15089 15110 W dalvikvm: VFY: unable to resolve virtual method 327: Landroid/app/job/JobParameters;.getExtras ()Landroid/os/PersistableBundle;
12-13 01:28:42.373 15089 15110 D dalvikvm: VFY: replacing opcode 0x6e at 0x000a
12-13 01:28:42.383   717  1000 I InputDispatcher: Dropping event because there is no touchable window at (531, 1041).
12-13 01:28:42.383   717  4391 W InputManager: Input event injection from pid 15064 failed.
12-13 01:28:42.393   717  1284 W InputManager: Input event injection from pid 15064 failed.
12-13 01:28:42.393   717  1218 W InputManager: Input event injection from pid 15064 failed.
12-13 01:28:42.403 15089 15089 I dalvikvm: Could not find method android.view.Window$Callback.onProvideKeyboardShortcuts, referenced from method android.support.v7.view.WindowCallbackWrapper.onProvideKeyboardShortcuts
12-13 01:28:42.413 15089 15089 W dalvikvm: VFY: unable to resolve interface method 17293: Landroid/view/Window$Callback;.onProvideKeyboardShortcuts (Ljava/util/List;Landroid/view/Menu;I)V
12-13 01:28:42.413 15089 15089 D dalvikvm: VFY: replacing opcode 0x72 at 0x0002
12-13 01:28:42.413 15089 15089 W dalvikvm: VFY: unable to find class referenced in signature (Landroid/view/SearchEvent;)
12-13 01:28:42.413 15089 15089 I dalvikvm: Could not find method android.view.Window$Callback.onSearchRequested, referenced from method android.support.v7.view.WindowCallbackWrapper.onSearchRequested
12-13 01:28:42.413 15089 15089 W dalvikvm: VFY: unable to resolve interface method 17295: Landroid/view/Window$Callback;.onSearchRequested (Landroid/view/SearchEvent;)Z
12-13 01:28:42.413 15089 15089 D dalvikvm: VFY: replacing opcode 0x72 at 0x0002
12-13 01:28:42.413 15089 15089 I dalvikvm: Could not find method android.view.Window$Callback.onWindowStartingActionMode, referenced from method android.support.v7.view.WindowCallbackWrapper.onWindowStartingActionMode
12-13 01:28:42.413 15089 15089 W dalvikvm: VFY: unable to resolve interface method 17299: Landroid/view/Window$Callback;.onWindowStartingActionMode (Landroid/view/ActionMode$Callback;I)Landroid/view/ActionMode;
12-13 01:28:42.413 15089 15089 D dalvikvm: VFY: replacing opcode 0x72 at 0x0002
12-13 01:28:42.413 15089 15089 I dalvikvm: Could not find method android.content.res.TypedArray.getChangingConfigurations, referenced from method android.support.v7.widget.TintTypedArray.getChangingConfigurations
12-13 01:28:42.413 15089 15089 W dalvikvm: VFY: unable to resolve virtual method 610: Landroid/content/res/TypedArray;.getChangingConfigurations ()I
12-13 01:28:42.413 15089 15089 D dalvikvm: VFY: replacing opcode 0x6e at 0x0002
12-13 01:28:42.413 15089 15089 I dalvikvm: Could not find method android.content.res.TypedArray.getType, referenced from method android.support.v7.widget.TintTypedArray.getType
12-13 01:28:42.413 15089 15089 W dalvikvm: VFY: unable to resolve virtual method 632: Landroid/content/res/TypedArray;.getType (I)I
12-13 01:28:42.413 15089 15089 D dalvikvm: VFY: replacing opcode 0x6e at 0x0008
12-13 01:28:42.423 15089 15089 I PersonaManager: getPersonaService() name persona_policy
12-13 01:28:42.443  1067  1067 D PhoneStatusBar: setTransGradationMode=false, mTransparentMode=false, mSemiTransparentMode=false, mMultiWindowMode=false
12-13 01:28:42.443   717  1000 I InputDispatcher: Dropping event because there is no touchable window at (1072, 1792).
12-13 01:28:42.443   717  1235 D StatusBarManagerService: tr p:15089,o:f
12-13 01:28:42.443   717   744 W InputManager: Input event injection from pid 15064 failed.
12-13 01:28:42.443   717  4391 W InputManager: Input event injection from pid 15064 failed.
12-13 01:28:42.453   717  1272 W InputManager: Input event injection from pid 15064 failed.
12-13 01:28:42.463  2902  2902 I SQLiteSecureOpenHelper: getWritableDatabase(pwd)
12-13 01:28:42.463  2902  2902 I SQLiteSecureOpenHelper: getDatabaseLocked(b,b,pwd)...
12-13 01:28:42.473  7789  7793 D dalvikvm: GC_CONCURRENT freed 1952K, 36% free 17339K/26744K, paused 11ms+1ms, total 46ms
12-13 01:28:42.473 15089 15089 I dalvikvm: Could not find method android.widget.FrameLayout.startActionModeForChild, referenced from method android.support.v7.widget.ActionBarContainer.startActionModeForChild
12-13 01:28:42.473 15089 15089 W dalvikvm: VFY: unable to resolve virtual method 17735: Landroid/widget/FrameLayout;.startActionModeForChild (Landroid/view/View;Landroid/view/ActionMode$Callback;I)Landroid/view/ActionMode;
12-13 01:28:42.473 15089 15089 D dalvikvm: VFY: replacing opcode 0x6f at 0x0002
12-13 01:28:42.493 15089 15089 I dalvikvm: Could not find method android.content.Context.getColorStateList, referenced from method android.support.v7.content.res.AppCompatResources.getColorStateList
12-13 01:28:42.493 15089 15089 W dalvikvm: VFY: unable to resolve virtual method 380: Landroid/content/Context;.getColorStateList (I)Landroid/content/res/ColorStateList;
12-13 01:28:42.493 15089 15089 D dalvikvm: VFY: replacing opcode 0x6e at 0x0006
12-13 01:28:42.493 15089 15089 I dalvikvm: Could not find method android.content.res.Resources.getDrawable, referenced from method android.support.v7.widget.ResourcesWrapper.getDrawable
12-13 01:28:42.493 15089 15089 W dalvikvm: VFY: unable to resolve virtual method 573: Landroid/content/res/Resources;.getDrawable (ILandroid/content/res/Resources$Theme;)Landroid/graphics/drawable/Drawable;
12-13 01:28:42.493 15089 15089 D dalvikvm: VFY: replacing opcode 0x6e at 0x0002
12-13 01:28:42.493 15089 15089 I dalvikvm: Could not find method android.content.res.Resources.getDrawableForDensity, referenced from method android.support.v7.widget.ResourcesWrapper.getDrawableForDensity
12-13 01:28:42.493 15089 15089 W dalvikvm: VFY: unable to resolve virtual method 575: Landroid/content/res/Resources;.getDrawableForDensity (IILandroid/content/res/Resources$Theme;)Landroid/graphics/drawable/Drawable;
12-13 01:28:42.493 15089 15089 D dalvikvm: VFY: replacing opcode 0x6e at 0x0002
12-13 01:28:42.493 15089 15089 D skia    : GFXPNG PNG bitmap created width:42 height:126 bitmap id is 270 
12-13 01:28:42.503 15089 15089 D skia    : GFXPNG PNG bitmap created width:18 height:18 bitmap id is 271 
12-13 01:28:42.503 15089 15089 D skia    : GFXPNG PNG bitmap created width:18 height:18 bitmap id is 272 
12-13 01:28:42.503 15089 15089 D skia    : GFXPNG PNG bitmap created width:18 height:18 bitmap id is 273 
12-13 01:28:42.503  2902  2902 I SQLiteSecureOpenHelper: getWritableDatabase(pwd)
12-13 01:28:42.503  2902  2902 I SQLiteSecureOpenHelper: getDatabaseLocked(b,b,pwd)...
12-13 01:28:42.503 15089 15089 E dalvikvm: Could not find class 'android.graphics.drawable.RippleDrawable', referenced from method android.support.v7.widget.AppCompatImageHelper.hasOverlappingRendering
12-13 01:28:42.503 15089 15089 W dalvikvm: VFY: unable to resolve instanceof 173 (Landroid/graphics/drawable/RippleDrawable;) in Landroid/support/v7/widget/AppCompatImageHelper;
12-13 01:28:42.503 15089 15089 D dalvikvm: VFY: replacing opcode 0x20 at 0x000c
12-13 01:28:42.513   717  1000 I InputDispatcher: Dropping event because there is no touchable window at (865, 1721).
12-13 01:28:42.513 15089 15089 D skia    : GFXPNG PNG bitmap created width:72 height:72 bitmap id is 274 
12-13 01:28:42.513   717  1235 W InputManager: Input event injection from pid 15064 failed.
12-13 01:28:42.523   717  1235 W InputManager: Input event injection from pid 15064 failed.
12-13 01:28:42.533 15089 15089 D skia    : GFXPNG PNG bitmap created width:38 height:33 bitmap id is 275 
12-13 01:28:42.533 15089 15089 D skia    : GFXPNG PNG bitmap created width:38 height:33 bitmap id is 276 
12-13 01:28:42.553  2902  2902 I SQLiteSecureOpenHelper: getWritableDatabase(pwd)
12-13 01:28:42.553  2902  2902 I SQLiteSecureOpenHelper: getDatabaseLocked(b,b,pwd)...
12-13 01:28:42.563   264 12589 I SurfaceFlinger: id=8 Removed Mauncher (7/12)
12-13 01:28:42.563   264 12589 I SurfaceFlinger: id=8 Removed Mauncher (-2/12)
12-13 01:28:42.563   717   961 D StatusBarManagerService: semi p:15089,o:f
12-13 01:28:42.573  1067  1067 D PhoneStatusBar: setSemiTransparentMode=false, mTransparentMode=false, mSemiTransparentMode=false, mMultiWindowMode=false
12-13 01:28:42.573   717  1000 I InputDispatcher: Dropping event because there is no touchable window at (43, 1574).
12-13 01:28:42.573   717  1819 W InputManager: Input event injection from pid 15064 failed.
12-13 01:28:42.573   717  1272 W InputManager: Input event injection from pid 15064 failed.
12-13 01:28:42.613  2902  2902 I SQLiteSecureOpenHelper: getWritableDatabase(pwd)
12-13 01:28:42.613  2902  2902 I SQLiteSecureOpenHelper: getDatabaseLocked(b,b,pwd)...
12-13 01:28:42.613   264   264 I SurfaceFlinger: id=26 createSurf (1x1),1 flag=404, NainActivit
12-13 01:28:42.613   717  1819 I SpenGestureManager: setFocusWindow21010
12-13 01:28:42.623   717   935 D PointerIcon: setMouseIconStyle1 pointerType: 1001iconType:101 flag:0
12-13 01:28:42.623   717   935 D PointerIcon: setMouseCustomIcon IconType is same.101
12-13 01:28:42.623   717   935 D PointerIcon: setHoveringSpenIconStyle1 pointerType: 10001iconType:1 flag:0
12-13 01:28:42.623   717   935 D PointerIcon: setHoveringSpenCustomIcon IconType is same.1
12-13 01:28:42.623 15089 15089 I Adreno-EGL: <qeglDrvAPI_eglInitialize:410>: EGL 1.4 QUALCOMM build:  ()
12-13 01:28:42.623 15089 15089 I Adreno-EGL: OpenGL ES Shader Compiler Version: E031.24.00.08
12-13 01:28:42.623 15089 15089 I Adreno-EGL: Build Date: 02/20/14 Thu
12-13 01:28:42.623 15089 15089 I Adreno-EGL: Local Branch: AU200_patches_ms_memleak_libsc_profiler
12-13 01:28:42.623 15089 15089 I Adreno-EGL: Remote Branch: 
12-13 01:28:42.623 15089 15089 I Adreno-EGL: Local Patches: 
12-13 01:28:42.623 15089 15089 I Adreno-EGL: Reconstruct Branch: 
12-13 01:28:42.623   717  1000 I InputDispatcher: Delivering touch to: action: 0x4, toolType: 0
12-13 01:28:42.623   717  1000 I InputDispatcher: Delivering touch to: action: 0x4, toolType: 0
12-13 01:28:42.623   717  1000 I InputDispatcher: Delivering touch to: action: 0x0, toolType: 0
12-13 01:28:42.623   717  1000 I InputDispatcher: Delivering touch to: action: 0x1, toolType: 0
12-13 01:28:42.643   717   968 I ServiceKeeper: In getappinfo pid = 717 pkgName = android appinfo = null
12-13 01:28:42.643   717   968 I ServiceKeeper: In getseinfo pid = 717 uid = 1000 seinfo= system
12-13 01:28:42.653  2902  2902 I SQLiteSecureOpenHelper: getWritableDatabase(pwd)
12-13 01:28:42.653  2902  2902 I SQLiteSecureOpenHelper: getDatabaseLocked(b,b,pwd)...
12-13 01:28:42.663 15089 15089 D OpenGLRenderer: Enabling debug mode 0
12-13 01:28:42.673   717  1403 D EnterpriseDeviceManager: ContainerId: 0
12-13 01:28:42.683   717  1403 D CustomFrequencyManagerService: releaseDVFSLockLocked : Getting Lock type frm List : DVFS_MIN_LIMIT  frequency : 1958400  uid : 1000  pid : 717  tag : ACTIVITY_RESUME_BOOSTER@6
12-13 01:28:42.683   717  1403 D CustomFrequencyManagerService: acquireDVFSLockLocked : type : DVFS_MIN_LIMIT  frequency : 1958400  uid : 1000  pid : 717  pkgName : ACTIVITY_RESUME_BOOSTER@6
12-13 01:28:42.683   717  1403 W ActivityManager: mDVFSHelper.acquire()
12-13 01:28:42.683   717 15113 W ContextImpl: Calling a method in the system process without a qualified user: android.app.ContextImpl.sendBroadcast:1491 com.android.server.InputMethodManagerService$4.run:2827 java.lang.Thread.run:841 <bottom of call stack> <bottom of call stack> 
12-13 01:28:42.713  2902  2902 I SQLiteSecureOpenHelper: getWritableDatabase(pwd)
12-13 01:28:42.713  2902  2902 I SQLiteSecureOpenHelper: getDatabaseLocked(b,b,pwd)...
12-13 01:28:42.733   717  1000 I InputDispatcher: Delivering touch to: action: 0x4, toolType: 0
12-13 01:28:42.733   717  1000 I InputDispatcher: Delivering touch to: action: 0x4, toolType: 0
12-13 01:28:42.733   717  1000 I InputDispatcher: Delivering touch to: action: 0x0, toolType: 0
12-13 01:28:42.733   717  1000 I InputDispatcher: Delivering touch to: action: 0x1, toolType: 0
12-13 01:28:42.763  2902  2902 I SQLiteSecureOpenHelper: getWritableDatabase(pwd)
12-13 01:28:42.763  2902  2902 I SQLiteSecureOpenHelper: getDatabaseLocked(b,b,pwd)...
12-13 01:28:42.763   717   968 I ServiceKeeper: In getappinfo pid = 717 pkgName = android appinfo = null
12-13 01:28:42.773   717   968 I ServiceKeeper: In getseinfo pid = 717 uid = 1000 seinfo= system
12-13 01:28:42.783   717   936 D CustomFrequencyManagerService: acquireDVFSLockLocked : type : DVFS_MIN_LIMIT  frequency : 1958400  uid : 1000  pid : 717  pkgName : ACTIVITY_RESUME_BOOSTER@9
12-13 01:28:42.783   717   935 D CustomFrequencyManagerService: releaseDVFSLockLocked : Getting Lock type frm List : DVFS_MIN_LIMIT  frequency : 1958400  uid : 1000  pid : 717  tag : ACTIVITY_RESUME_BOOSTER@6
12-13 01:28:42.783   717   935 D CustomFrequencyManagerService: FrequencyrequestList.getNextMaxCPUCoreRequest, index: 0
12-13 01:28:42.783   717   935 W ActivityManager: mDVFSHelper.release()
12-13 01:28:42.793   717  1397 D EnterpriseDeviceManager: ContainerId: 0
12-13 01:28:42.793   717  1397 D CustomFrequencyManagerService: acquireDVFSLockLocked : type : DVFS_MIN_LIMIT  frequency : 1958400  uid : 1000  pid : 717  pkgName : ACTIVITY_RESUME_BOOSTER@6
12-13 01:28:42.793   717  1397 W ActivityManager: mDVFSHelper.acquire()
12-13 01:28:42.803  2902  2902 I SQLiteSecureOpenHelper: getWritableDatabase(pwd)
12-13 01:28:42.803  2902  2902 I SQLiteSecureOpenHelper: getDatabaseLocked(b,b,pwd)...
12-13 01:28:42.803   257   257 E SMD     : DCD ON
12-13 01:28:42.843   717   968 I ServiceKeeper: In getappinfo pid = 717 pkgName = android appinfo = null
12-13 01:28:42.843   717   968 I ServiceKeeper: In getseinfo pid = 717 uid = 1000 seinfo= system
12-13 01:28:42.843   717   968 I ServiceKeeper: In getappinfo pid = 717 pkgName = android appinfo = null
12-13 01:28:42.843   717   968 I ServiceKeeper: In getseinfo pid = 717 uid = 1000 seinfo= system
12-13 01:28:42.843  2902  2902 I SQLiteSecureOpenHelper: getWritableDatabase(pwd)
12-13 01:28:42.843  2902  2902 I SQLiteSecureOpenHelper: getDatabaseLocked(b,b,pwd)...
12-13 01:28:42.853   717  1000 I InputDispatcher: Delivering touch to: action: 0x4, toolType: 0
12-13 01:28:42.853   717  1000 I InputDispatcher: Delivering touch to: action: 0x4, toolType: 0
12-13 01:28:42.853   717  1000 I InputDispatcher: Delivering touch to: action: 0x0, toolType: 0
12-13 01:28:42.853   717  1000 I InputDispatcher: Delivering touch to: action: 0x1, toolType: 0
12-13 01:28:42.883  2902  2902 I SQLiteSecureOpenHelper: getWritableDatabase(pwd)
12-13 01:28:42.883  2902  2902 I SQLiteSecureOpenHelper: getDatabaseLocked(b,b,pwd)...
12-13 01:28:42.903   717  1000 I InputDispatcher: Delivering touch to: action: 0x4, toolType: 0
12-13 01:28:42.903   717  1000 I InputDispatcher: Delivering touch to: action: 0x4, toolType: 0
12-13 01:28:42.903   717  1000 I InputDispatcher: Delivering touch to: action: 0x0, toolType: 0
12-13 01:28:42.913   717  1000 I InputDispatcher: Delivering touch to: action: 0x1, toolType: 0
12-13 01:28:42.923  2902  2902 I SQLiteSecureOpenHelper: getWritableDatabase(pwd)
12-13 01:28:42.923  2902  2902 I SQLiteSecureOpenHelper: getDatabaseLocked(b,b,pwd)...
12-13 01:28:42.963   717  1000 I InputDispatcher: Delivering touch to: action: 0x4, toolType: 0
12-13 01:28:42.963   717  1000 I InputDispatcher: Delivering touch to: action: 0x4, toolType: 0
12-13 01:28:42.963   717  1000 I InputDispatcher: Delivering touch to: action: 0x0, toolType: 0
12-13 01:28:42.963   717  1000 I InputDispatcher: Delivering touch to: action: 0x1, toolType: 0
12-13 01:28:42.963  2902  2902 I SQLiteSecureOpenHelper: getWritableDatabase(pwd)
12-13 01:28:42.963  2902  2902 I SQLiteSecureOpenHelper: getDatabaseLocked(b,b,pwd)...
12-13 01:28:42.983   264  1007 I SurfaceFlinger: id=25 Removed tnoopy (10/12)
12-13 01:28:42.983   264   469 I SurfaceFlinger: id=25 Removed tnoopy (-2/12)
12-13 01:28:43.013   717  1000 I InputDispatcher: Delivering touch to: action: 0x4, toolType: 0
12-13 01:28:43.023   717  1000 I InputDispatcher: Delivering touch to: action: 0x4, toolType: 0
12-13 01:28:43.023   717  1000 I InputDispatcher: Delivering touch to: action: 0x0, toolType: 0
12-13 01:28:43.023   264   264 I SurfaceFlinger: id=27 createSurf (1x1),1 flag=4, Uoast
12-13 01:28:43.023   717  1000 I InputDispatcher: Delivering touch to: action: 0x1, toolType: 0
12-13 01:28:43.023  2902  2902 I SQLiteSecureOpenHelper: getWritableDatabase(pwd)
12-13 01:28:43.023  2902  2902 I SQLiteSecureOpenHelper: getDatabaseLocked(b,b,pwd)...
12-13 01:28:43.033   717   968 I ServiceKeeper: In getappinfo pid = 717 pkgName = android appinfo = null
12-13 01:28:43.033   717   968 I ServiceKeeper: In getseinfo pid = 717 uid = 1000 seinfo= system
12-13 01:28:43.033   717  1402 D PowerManagerService: [api] acquire WakeLock flags=0x2000000a tag=WindowManager uid=1000 pid=717
12-13 01:28:43.063  2902  2902 I SQLiteSecureOpenHelper: getWritableDatabase(pwd)
12-13 01:28:43.063  2902  2902 I SQLiteSecureOpenHelper: getDatabaseLocked(b,b,pwd)...
12-13 01:28:43.073   717  1000 I InputDispatcher: Delivering touch to: action: 0x4, toolType: 0
12-13 01:28:43.073   717  1000 I InputDispatcher: Delivering touch to: action: 0x4, toolType: 0
12-13 01:28:43.073   717  1000 I InputDispatcher: Delivering touch to: action: 0x4, toolType: 0
12-13 01:28:43.073   717  1000 I InputDispatcher: Delivering touch to: action: 0x0, toolType: 0
12-13 01:28:43.073   717  1000 I InputDispatcher: Delivering touch to: action: 0x1, toolType: 0
12-13 01:28:43.073   717  1218 I NotificationService: cancelToast pkg=com.example.snoopy callback=android.app.ITransientNotification$Stub$Proxy@432db7d0
12-13 01:28:43.083   717   717 D CustomFrequencyManagerService: releaseDVFSLockLocked : Getting Lock type frm List : DVFS_MIN_LIMIT  frequency : 1958400  uid : 1000  pid : 717  tag : ACTIVITY_RESUME_BOOSTER@9
12-13 01:28:43.083   717   717 D CustomFrequencyManagerService: FrequencyrequestList.getNextMaxCPUCoreRequest, index: 0
12-13 01:28:43.093   717   744 D PowerManagerService: [api] [s] userActivity : event: 0 flags: 0 (uid: 1000 pid: 717)
12-13 01:28:43.093   717   744 D PowerManagerService: [api] release WakeLock flags=0x2000000a tag=WindowManager uid=1000 pid=717 (0x0)
12-13 01:28:43.093   717   968 I ServiceKeeper: In getappinfo pid = 717 pkgName = android appinfo = null
12-13 01:28:43.093   717   968 I ServiceKeeper: In getseinfo pid = 717 uid = 1000 seinfo= system
12-13 01:28:43.093   717   968 I ServiceKeeper: In getappinfo pid = 717 pkgName = android appinfo = null
12-13 01:28:43.093   717   968 I ServiceKeeper: In getseinfo pid = 717 uid = 1000 seinfo= system
12-13 01:28:43.093   717   968 I ServiceKeeper: In getappinfo pid = 717 pkgName = android appinfo = null
12-13 01:28:43.093   717   968 I ServiceKeeper: In getseinfo pid = 717 uid = 1000 seinfo= system
12-13 01:28:43.093   264   264 I SurfaceFlinger: id=28 createSurf (1x1),1 flag=4, Uoast
12-13 01:28:43.093   717   744 D PowerManagerService: [api] applyWakeLockFlagsOnReleaseLocked : userActivityNoUpdateLocked is called : SCREEN_BRIGHT_WAKE_LOCK        'WindowManager' ON_AFTER_RELEASE (uid=1000, pid=717, ws=WorkSource{14037}) (elapsedTime=60)
12-13 01:28:43.103   717   968 I ServiceKeeper: In getappinfo pid = 717 pkgName = android appinfo = null
12-13 01:28:43.103   717   968 I ServiceKeeper: In getseinfo pid = 717 uid = 1000 seinfo= system
12-13 01:28:43.103  1501  1501 I SamsungIME: getCurrentKeyboard
12-13 01:28:43.103  1501  1501 I SamsungIME: getTextKeyboard
12-13 01:28:43.103   717  1285 D PowerManagerService: [api] acquire WakeLock flags=0x2000000a tag=WindowManager uid=1000 pid=717
12-13 01:28:43.123   717  1000 I InputDispatcher: Delivering touch to: action: 0x4, toolType: 0
12-13 01:28:43.123   717  1000 I InputDispatcher: Delivering touch to: action: 0x4, toolType: 0
12-13 01:28:43.123   717  1000 I InputDispatcher: Delivering touch to: action: 0x4, toolType: 0
12-13 01:28:43.123   717  1000 I InputDispatcher: Delivering touch to: action: 0x0, toolType: 0
12-13 01:28:43.123   717  1397 I NotificationService: cancelToast pkg=com.example.snoopy callback=android.app.ITransientNotification$Stub$Proxy@44269a38
12-13 01:28:43.133   717   968 I ServiceKeeper: In getappinfo pid = 717 pkgName = android appinfo = null
12-13 01:28:43.133   717   968 I ServiceKeeper: In getseinfo pid = 717 uid = 1000 seinfo= system
12-13 01:28:43.133  1501  1501 D SamsungIME: [SwiftkeyWrapper] currentLangauge : 1701729619
12-13 01:28:43.143   717  1000 I InputDispatcher: Delivering touch to: action: 0x1, toolType: 0
12-13 01:28:43.143  2902  2902 I SQLiteSecureOpenHelper: getWritableDatabase(pwd)
12-13 01:28:43.143  2902  2902 I SQLiteSecureOpenHelper: getDatabaseLocked(b,b,pwd)...
12-13 01:28:43.143   717   968 I ServiceKeeper: In getappinfo pid = 717 pkgName = android appinfo = null
12-13 01:28:43.143   717   968 I ServiceKeeper: In getseinfo pid = 717 uid = 1000 seinfo= system
12-13 01:28:43.143  1501  1501 D SamsungIME: onStartInputView
12-13 01:28:43.143   717  7178 D PowerManagerService: [api] [s] userActivity : event: 0 flags: 0 (uid: 1000 pid: 717)
12-13 01:28:43.143   717  7178 D PowerManagerService: [api] release WakeLock flags=0x2000000a tag=WindowManager uid=1000 pid=717 (0x0)
12-13 01:28:43.143   717  7178 D PowerManagerService: [api] applyWakeLockFlagsOnReleaseLocked : userActivityNoUpdateLocked is called : SCREEN_BRIGHT_WAKE_LOCK        'WindowManager' ON_AFTER_RELEASE (uid=1000, pid=717, ws=WorkSource{14037}) (elapsedTime=44)
12-13 01:28:43.153   717   968 I ServiceKeeper: In getappinfo pid = 717 pkgName = android appinfo = null
12-13 01:28:43.153   717   968 I ServiceKeeper: In getseinfo pid = 717 uid = 1000 seinfo= system
12-13 01:28:43.153   717   968 I ServiceKeeper: In getappinfo pid = 717 pkgName = android appinfo = null
12-13 01:28:43.153   717   968 I ServiceKeeper: In getseinfo pid = 717 uid = 1000 seinfo= system
12-13 01:28:43.173  1501  1501 I SamsungIME: Update SetupWizard State usc : 1 pss : false
12-13 01:28:43.173  1501  1501 I SamsungIME: getCurrentCandidateView
