12-13 01:28:44.993  1286  1286 D AbsListView: unregisterIRListener() is called 
12-13 01:28:44.993  1286  1286 D skia    : GFXPNG PNG bitmap created width:186 height:186 bitmap id is 563 
12-13 01:28:45.003  1672  1687 D daemonapp: [MSC_Daemon]>>> WCP:1102 [0:0] Provider query : content://apaccuweatherprovider/weatherinfo
12-13 01:28:45.003  1286  1286 D skia    : GFXPNG PNG bitmap created width:186 height:186 bitmap id is 564 
12-13 01:28:45.003  1286  1286 D skia    : GFXPNG PNG bitmap created width:186 height:186 bitmap id is 565 
12-13 01:28:45.013   717   953 D EnterpriseDeviceManager: ContainerId: 0
12-13 01:28:45.013   717   953 D STATUSBAR-StatusBarManagerService: manageDisableList what=0x0 pkg=WindowManager.LayoutParams
12-13 01:28:45.023  1608  1608 D accuweather: [KK AccuPhone]>>> DBH:2680 [0:0] gADWI : count = 1
12-13 01:28:45.023  1672  1989 D daemonapp: [MSC_Daemon]>>> WCP:1102 [0:0] Provider query : content://apaccuweatherprovider/settings
12-13 01:28:45.043  1608  1608 D accuweather: [KK AccuPhone]>>> SM:324 [0:0] updateView iSA = false, mCI = 0, mSL = null
12-13 01:28:45.043  1608  1608 D accuweather: [KK AccuPhone]>>> SM:329 [0:0] bg transparency val = 0
12-13 01:28:45.043  1608  1608 D accuweather: [KK AccuPhone]>>> SM:538 [0:0] [sCCTZ] set default tZ
12-13 01:28:45.043  1608  1608 D accuweather: [KK AccuPhone]>>> SM:858 [0:0] setLayoutContent = 2131492986
12-13 01:28:45.053  1608  1608 D accuweather: [KK AccuPhone]>>> U:903 [0:0] icon = 99, isDay = true, type = 261
12-13 01:28:45.063  1608  1608 D accuweather: [KK AccuPhone]>>> U:1078 [0:0] resID = 2130837970
12-13 01:28:45.063  1608  1608 D accuweather: [KK AccuPhone]>>> SM:1183 [0:0] setClockLayoutContent
12-13 01:28:45.063   356 15151 I framebuffer: /data/system/enterprise.conf doesn't exist or cannot be opened
12-13 01:28:45.113   717   743 I EDMNativeHelperService: isScreenCaptureEnabled
12-13 01:28:45.123   717   901 E LightSensor: RED : 1, GREEN : 2, BLUE : 2, CLEAR : 5, CALCULATED LUX : 0.000000, CCT : 8282.000000, REAL LUX : 0.000000 a_time = 238, gain = 64, ir=0, rp1=1, gp1=2, bp1=2, cp1=5, cpl=3202560
12-13 01:28:45.123  1286  1286 D AbsListView: unregisterIRListener() is called 
12-13 01:28:45.133  2902  2902 I SQLiteSecureOpenHelper: getWritableDatabase(pwd)
12-13 01:28:45.133  2902  2902 I SQLiteSecureOpenHelper: getDatabaseLocked(b,b,pwd)...
12-13 01:28:45.163   717   986 W PersonaManager: getPersonaIds()
12-13 01:28:45.163   717   986 V AlarmManager: waitForAlarm result :8
12-13 01:28:45.183   717   968 I ServiceKeeper: In getappinfo pid = 717 pkgName = android appinfo = null
12-13 01:28:45.183   717   968 I ServiceKeeper: In getseinfo pid = 717 uid = 1000 seinfo= system
12-13 01:28:45.253  1608  1771 D SurfaceWidget.Renderer: [237392/2] SurfaceWidget drawing first frame
12-13 01:28:45.253  1608  1608 D accuweather: [KK AccuPhone]>>> SM:885 [0:0] complete Layout Content
12-13 01:28:45.253  1608  1608 D accuweather: [KK AccuPhone]>>> WR:132 [0:0] onResume orientation = 1, from res = Port fHD
12-13 01:28:45.253  1608  1608 D accuweather: [KK AccuPhone]>>> SM:404 [0:0] onResume : false
12-13 01:28:45.273   717   968 I ServiceKeeper: In getappinfo pid = 717 pkgName = android appinfo = null
12-13 01:28:45.283   717   717 D CustomFrequencyManagerService: releaseDVFSLockLocked : Getting Lock type frm List : DVFS_MIN_LIMIT  frequency : 1958400  uid : 1000  pid : 717  tag : ACTIVITY_RESUME_BOOSTER@9
12-13 01:28:45.293   717   968 I ServiceKeeper: In getseinfo pid = 717 uid = 1000 seinfo= system
12-13 01:28:45.313   717   901 E LightSensor: RED : 1, GREEN : 2, BLUE : 2, CLEAR : 4, CALCULATED LUX : 0.000000, CCT : 4939.000000, REAL LUX : 0.000000 a_time = 238, gain = 64, ir=1, rp1=1, gp1=1, bp1=1, cp1=3, cpl=3202560
12-13 01:28:45.363  2902  2902 I SQLiteSecureOpenHelper: getWritableDatabase(pwd)
12-13 01:28:45.363  2902  2902 I SQLiteSecureOpenHelper: getDatabaseLocked(b,b,pwd)...
12-13 01:28:45.373  1608  1771 D SurfaceWidget.Renderer: [237392/2] SurfaceWidget drawing first frame
12-13 01:28:45.393   717   736 D dalvikvm: GC_CONCURRENT freed 5231K, 30% free 47685K/67888K, paused 6ms+13ms, total 250ms
12-13 01:28:45.423 15159 15159 I SELinux : Function: selinux_android_load_priority [0], There is no sepolicy file.
12-13 01:28:45.423 15159 15159 I SELinux :  
12-13 01:28:45.423   717  1403 I ActivityManager: Killing 14000:com.google.android.gms.ui/u0a15 (adj 15): empty #31
12-13 01:28:45.463 15159 15159 I SELinux : Function: selinux_android_load_priority , spota verifySig and checkHash pass. priority version is VE=SEPF_SM-G900T_4.4.2_0055
12-13 01:28:45.463 15159 15159 I SELinux :  
12-13 01:28:45.463 15159 15159 I SELinux :  
12-13 01:28:45.463 15159 15159 I SELinux : selinux_android_seapp_context_reload: seapp_contexts file is loaded from /data/security/spota/seapp_contexts
12-13 01:28:45.463 15159 15159 E dalvikvm: >>>>> Normal User
12-13 01:28:45.463 15159 15159 E dalvikvm: >>>>> com.sec.android.widgetapp.digitalclock [ userId:0 | appId:10098 ]
12-13 01:28:45.463  1286  1286 D AbsListView: unregisterIRListener() is called 
12-13 01:28:45.473  1286  1286 D skia    : GFXPNG PNG bitmap created width:186 height:186 bitmap id is 566 
12-13 01:28:45.473  1286  1286 D skia    : GFXPNG PNG bitmap created width:186 height:186 bitmap id is 567 
12-13 01:28:45.473  1286  1286 D skia    : GFXPNG PNG bitmap created width:186 height:186 bitmap id is 568 
12-13 01:28:45.523   717   901 E LightSensor: RED : 1, GREEN : 2, BLUE : 2, CLEAR : 5, CALCULATED LUX : 0.000000, CCT : 8282.000000, REAL LUX : 0.000000 a_time = 238, gain = 64, ir=0, rp1=1, gp1=2, bp1=2, cp1=5, cpl=3202560
12-13 01:28:45.533  2902  2902 I SQLiteSecureOpenHelper: getWritableDatabase(pwd)
12-13 01:28:45.533  2902  2902 I SQLiteSecureOpenHelper: getDatabaseLocked(b,b,pwd)...
12-13 01:28:45.543 15172 15172 I SELinux : Function: selinux_android_load_priority [0], There is no sepolicy file.
12-13 01:28:45.543 15172 15172 I SELinux :  
12-13 01:28:45.543   717  1400 I ActivityManager: Killing 14663:com.vlingo.midas/u0a38 (adj 15): empty #31
12-13 01:28:45.593 15172 15172 I SELinux : Function: selinux_android_load_priority , spota verifySig and checkHash pass. priority version is VE=SEPF_SM-G900T_4.4.2_0055
12-13 01:28:45.593 15172 15172 I SELinux :  
12-13 01:28:45.593 15172 15172 I SELinux :  
12-13 01:28:45.593 15172 15172 I SELinux : selinux_android_seapp_context_reload: seapp_contexts file is loaded from /data/security/spota/seapp_contexts
12-13 01:28:45.593 15172 15172 E dalvikvm: >>>>> Normal User
12-13 01:28:45.593 15172 15172 E dalvikvm: >>>>> com.sec.android.widgetapp.digitalclockeasy [ userId:0 | appId:10099 ]
12-13 01:28:45.603  2902  2902 I SQLiteSecureOpenHelper: getWritableDatabase(pwd)
12-13 01:28:45.603  2902  2902 I SQLiteSecureOpenHelper: getDatabaseLocked(b,b,pwd)...
12-13 01:28:45.643  2902  2902 I SQLiteSecureOpenHelper: getWritableDatabase(pwd)
12-13 01:28:45.643  2902  2902 I SQLiteSecureOpenHelper: getDatabaseLocked(b,b,pwd)...
12-13 01:28:45.653 15185 15185 I SELinux : Function: selinux_android_load_priority [0], There is no sepolicy file.
12-13 01:28:45.653 15185 15185 I SELinux :  
12-13 01:28:45.663   717  1819 I ActivityManager: Killing 14694:com.samsung.android.intelligenceservice/u0a6 (adj 15): empty #31
12-13 01:28:45.683 15185 15185 I SELinux : Function: selinux_android_load_priority , spota verifySig and checkHash pass. priority version is VE=SEPF_SM-G900T_4.4.2_0055
12-13 01:28:45.683 15185 15185 I SELinux :  
12-13 01:28:45.683 15185 15185 I SELinux :  
12-13 01:28:45.683 15185 15185 I SELinux : selinux_android_seapp_context_reload: seapp_contexts file is loaded from /data/security/spota/seapp_contexts
12-13 01:28:45.683 15185 15185 E dalvikvm: >>>>> Normal User
12-13 01:28:45.683 15185 15185 E dalvikvm: >>>>> com.sec.android.widgetapp.easymodecontactswidget [ userId:0 | appId:10012 ]
12-13 01:28:45.713   717   901 E LightSensor: RED : 1, GREEN : 2, BLUE : 2, CLEAR : 5, CALCULATED LUX : 0.000000, CCT : 8282.000000, REAL LUX : 0.000000 a_time = 238, gain = 64, ir=0, rp1=1, gp1=2, bp1=2, cp1=5, cpl=3202560
12-13 01:28:45.723  2902  2902 I SQLiteSecureOpenHelper: getWritableDatabase(pwd)
12-13 01:28:45.723  2902  2902 I SQLiteSecureOpenHelper: getDatabaseLocked(b,b,pwd)...
12-13 01:28:45.733   717  4391 I ActivityManager: Killing 13599:com.google.android.gms.unstable/u0a15 (adj 15): empty #31
12-13 01:28:45.753 15077 15077 V TaskCloserActivity: TaskCloserActivity onReceive() - com.sec.android.intent.action.HOME_RESUME
12-13 01:28:45.753  7789  7793 D dalvikvm: GC_CONCURRENT freed 1957K, 36% free 17333K/26744K, paused 7ms+5ms, total 46ms
12-13 01:28:45.773 15200 15200 I SELinux : Function: selinux_android_load_priority [0], There is no sepolicy file.
12-13 01:28:45.773 15200 15200 I SELinux :  
12-13 01:28:45.803  2902  2902 I SQLiteSecureOpenHelper: getWritableDatabase(pwd)
12-13 01:28:45.803  2902  2902 I SQLiteSecureOpenHelper: getDatabaseLocked(b,b,pwd)...
12-13 01:28:45.803   257   257 E SMD     : DCD ON
12-13 01:28:45.813 15200 15200 I SELinux : Function: selinux_android_load_priority , spota verifySig and checkHash pass. priority version is VE=SEPF_SM-G900T_4.4.2_0055
12-13 01:28:45.813 15200 15200 I SELinux :  
12-13 01:28:45.813 15200 15200 I SELinux :  
12-13 01:28:45.813 15200 15200 I SELinux : selinux_android_seapp_context_reload: seapp_contexts file is loaded from /data/security/spota/seapp_contexts
12-13 01:28:45.813 15200 15200 E dalvikvm: >>>>> Normal User
12-13 01:28:45.813 15200 15200 E dalvikvm: >>>>> com.android.email [ userId:0 | appId:10178 ]
12-13 01:28:45.853  2902  2902 I SQLiteSecureOpenHelper: getWritableDatabase(pwd)
12-13 01:28:45.853  2902  2902 I SQLiteSecureOpenHelper: getDatabaseLocked(b,b,pwd)...
12-13 01:28:45.853   717   968 I ServiceKeeper: In getappinfo pid = 717 pkgName = android appinfo = null
12-13 01:28:45.853   717   968 I ServiceKeeper: In getseinfo pid = 717 uid = 1000 seinfo= system
12-13 01:28:45.863   717   968 I ServiceKeeper: In getappinfo pid = 717 pkgName = android appinfo = null
12-13 01:28:45.863   717   968 I ServiceKeeper: In getseinfo pid = 717 uid = 1000 seinfo= system
12-13 01:28:45.903  2902  2902 I SQLiteSecureOpenHelper: getWritableDatabase(pwd)
12-13 01:28:45.903  2902  2902 I SQLiteSecureOpenHelper: getDatabaseLocked(b,b,pwd)...
12-13 01:28:45.913   717   901 E LightSensor: RED : 1, GREEN : 2, BLUE : 2, CLEAR : 5, CALCULATED LUX : 0.000000, CCT : 8282.000000, REAL LUX : 0.000000 a_time = 238, gain = 64, ir=0, rp1=1, gp1=2, bp1=2, cp1=5, cpl=3202560
12-13 01:28:45.923   717  1403 D RCPManagerService: exchangeData() failure , invalid userId
12-13 01:28:45.953   717   961 D RCPManagerService: exchangeData() failure , invalid userId
12-13 01:28:45.953   717  1285 D RCPManagerService: exchangeData() failure , invalid userId
12-13 01:28:45.993  2902  2902 I SQLiteSecureOpenHelper: getWritableDatabase(pwd)
12-13 01:28:45.993  2902  2902 I SQLiteSecureOpenHelper: getDatabaseLocked(b,b,pwd)...
12-13 01:28:46.053  1067  1067 D STATUSBAR-NetworkController: refreshSignalCluster - setNWBoosterIndicators(true), showBoosterIcon : false
12-13 01:28:46.053  1067  1067 D STATUSBAR-NetworkController: refreshSignalCluster: data=-1 bt=false
12-13 01:28:46.063  1067  1067 D STATUSBAR-IconMerger: checkOverflow(144), More:true, Req:true Child:6
12-13 01:28:46.073   717  1235 D EnterpriseDeviceManager: ContainerId: 0
12-13 01:28:46.083   717  1235 W LicenseLogService: log() failed
12-13 01:28:46.083   717   743 D EnterpriseDeviceManager: ContainerId: 0
12-13 01:28:46.083   717   743 W LicenseLogService: log() failed
12-13 01:28:46.083   717  1272 D EnterpriseDeviceManager: ContainerId: 0
12-13 01:28:46.093   717  1272 W LicenseLogService: log() failed
12-13 01:28:46.093   717  1400 D EnterpriseDeviceManager: ContainerId: 0
12-13 01:28:46.093   717  1400 W LicenseLogService: log() failed
12-13 01:28:46.093   717  1403 D EnterpriseDeviceManager: ContainerId: 0
12-13 01:28:46.093   717  1403 W LicenseLogService: log() failed
12-13 01:28:46.093   717  1285 D RCPManagerService: exchangeData() failure , invalid userId
12-13 01:28:46.103  2902  2902 I SQLiteSecureOpenHelper: getWritableDatabase(pwd)
12-13 01:28:46.103  2902  2902 I SQLiteSecureOpenHelper: getDatabaseLocked(b,b,pwd)...
12-13 01:28:46.103   717  1402 I ActivityManager: Killing 14815:com.sec.android.provider.badge/u0a84 (adj 15): empty #31
12-13 01:28:46.113   717   901 E LightSensor: RED : 1, GREEN : 2, BLUE : 2, CLEAR : 4, CALCULATED LUX : 0.000000, CCT : 4939.000000, REAL LUX : 0.000000 a_time = 238, gain = 64, ir=1, rp1=1, gp1=1, bp1=1, cp1=3, cpl=3202560
12-13 01:28:46.113   717   968 I ServiceKeeper: In getappinfo pid = 717 pkgName = android appinfo = null
12-13 01:28:46.113   717   968 I ServiceKeeper: In getseinfo pid = 717 uid = 1000 seinfo= system
12-13 01:28:46.143   717  1403 I ActivityManager: Killing 15200:com.android.email/u0a178 (adj 9): depends on provider com.sec.android.provider.badge/.BadgeProvider in dying proc com.sec.android.provider.badge
12-13 01:28:46.153 15200 15216 E BadgeNotification: getId() android.os.DeadObjectException
12-13 01:28:46.153   717   936 W ContextImpl: Calling a method in the system process without a qualified user: android.app.ContextImpl.sendBroadcast:1505 com.android.server.am.AppStateBroadcaster.BroadcastAppState:128 com.android.server.am.AppStateBroadcaster.SendApplicationStop:53 com.android.server.am.ActivityManagerService$2.handleMessage:2141 android.os.Handler.dispatchMessage:102 
12-13 01:28:46.173  2902  2902 I SQLiteSecureOpenHelper: getWritableDatabase(pwd)
12-13 01:28:46.173  2902  2902 I SQLiteSecureOpenHelper: getDatabaseLocked(b,b,pwd)...
12-13 01:28:46.213  2902  2902 I SQLiteSecureOpenHelper: getWritableDatabase(pwd)
12-13 01:28:46.213  2902  2902 I SQLiteSecureOpenHelper: getDatabaseLocked(b,b,pwd)...
12-13 01:28:46.253  2902  2902 I SQLiteSecureOpenHelper: getWritableDatabase(pwd)
12-13 01:28:46.253  2902  2902 I SQLiteSecureOpenHelper: getDatabaseLocked(b,b,pwd)...
12-13 01:28:46.293  2902  2902 I SQLiteSecureOpenHelper: getWritableDatabase(pwd)
12-13 01:28:46.293  2902  2902 I SQLiteSecureOpenHelper: getDatabaseLocked(b,b,pwd)...
12-13 01:28:46.313   717   901 E LightSensor: RED : 1, GREEN : 2, BLUE : 2, CLEAR : 5, CALCULATED LUX : 0.000000, CCT : 8282.000000, REAL LUX : 0.000000 a_time = 238, gain = 64, ir=0, rp1=1, gp1=2, bp1=2, cp1=5, cpl=3202560
12-13 01:28:46.333  2902  2902 I SQLiteSecureOpenHelper: getWritableDatabase(pwd)
12-13 01:28:46.333  2902  2902 I SQLiteSecureOpenHelper: getDatabaseLocked(b,b,pwd)...
12-13 01:28:46.353  1501  1501 W InputConnectionWrapper.ICC: Timed out waiting on IInputContextCallback
12-13 01:28:46.363  2902  2902 I SQLiteSecureOpenHelper: getWritableDatabase(pwd)
12-13 01:28:46.363  2902  2902 I SQLiteSecureOpenHelper: getDatabaseLocked(b,b,pwd)...
12-13 01:28:46.363  1501  1501 E SamsungIME: AbstractCandidateLayout-setCandidates suggestions count : 9
12-13 01:28:46.413  2902  2902 I SQLiteSecureOpenHelper: getWritableDatabase(pwd)
12-13 01:28:46.413  2902  2902 I SQLiteSecureOpenHelper: getDatabaseLocked(b,b,pwd)...
12-13 01:28:46.463  2902  2902 I SQLiteSecureOpenHelper: getWritableDatabase(pwd)
12-13 01:28:46.463  2902  2902 I SQLiteSecureOpenHelper: getDatabaseLocked(b,b,pwd)...
12-13 01:28:46.513  2902  2902 I SQLiteSecureOpenHelper: getWritableDatabase(pwd)
12-13 01:28:46.513  2902  2902 I SQLiteSecureOpenHelper: getDatabaseLocked(b,b,pwd)...
12-13 01:28:46.513   717   901 E LightSensor: RED : 1, GREEN : 2, BLUE : 2, CLEAR : 4, CALCULATED LUX : 0.000000, CCT : 4939.000000, REAL LUX : 0.000000 a_time = 238, gain = 64, ir=1, rp1=1, gp1=1, bp1=1, cp1=3, cpl=3202560
12-13 01:28:46.553  2902  2902 I SQLiteSecureOpenHelper: getWritableDatabase(pwd)
12-13 01:28:46.553  2902  2902 I SQLiteSecureOpenHelper: getDatabaseLocked(b,b,pwd)...
12-13 01:28:46.593  2902  2902 I SQLiteSecureOpenHelper: getWritableDatabase(pwd)
12-13 01:28:46.593  2902  2902 I SQLiteSecureOpenHelper: getDatabaseLocked(b,b,pwd)...
12-13 01:28:46.633  2902  2902 I SQLiteSecureOpenHelper: getWritableDatabase(pwd)
12-13 01:28:46.633  2902  2902 I SQLiteSecureOpenHelper: getDatabaseLocked(b,b,pwd)...
12-13 01:28:46.683  2902  2902 I SQLiteSecureOpenHelper: getWritableDatabase(pwd)
12-13 01:28:46.683  2902  2902 I SQLiteSecureOpenHelper: getDatabaseLocked(b,b,pwd)...
12-13 01:28:46.723   717   901 E LightSensor: RED : 1, GREEN : 2, BLUE : 2, CLEAR : 4, CALCULATED LUX : 0.000000, CCT : 4939.000000, REAL LUX : 0.000000 a_time = 238, gain = 64, ir=1, rp1=1, gp1=1, bp1=1, cp1=3, cpl=3202560
12-13 01:28:46.733  2902  2902 I SQLiteSecureOpenHelper: getWritableDatabase(pwd)
12-13 01:28:46.733  2902  2902 I SQLiteSecureOpenHelper: getDatabaseLocked(b,b,pwd)...
12-13 01:28:46.773  2902  2902 I SQLiteSecureOpenHelper: getWritableDatabase(pwd)
12-13 01:28:46.773  2902  2902 I SQLiteSecureOpenHelper: getDatabaseLocked(b,b,pwd)...
12-13 01:28:46.813  2902  2902 I SQLiteSecureOpenHelper: getWritableDatabase(pwd)
12-13 01:28:46.813  2902  2902 I SQLiteSecureOpenHelper: getDatabaseLocked(b,b,pwd)...
12-13 01:28:46.823  7789  7793 D dalvikvm: GC_CONCURRENT freed 1943K, 36% free 17340K/26744K, paused 1ms+2ms, total 25ms
12-13 01:28:46.853  2902  2902 I SQLiteSecureOpenHelper: getWritableDatabase(pwd)
12-13 01:28:46.853  2902  2902 I SQLiteSecureOpenHelper: getDatabaseLocked(b,b,pwd)...
12-13 01:28:46.863   717   968 I ServiceKeeper: In getappinfo pid = 717 pkgName = android appinfo = null
12-13 01:28:46.863   717   968 I ServiceKeeper: In getseinfo pid = 717 uid = 1000 seinfo= system
12-13 01:28:46.863   717   968 I ServiceKeeper: In getappinfo pid = 717 pkgName = android appinfo = null
12-13 01:28:46.863   717   968 I ServiceKeeper: In getseinfo pid = 717 uid = 1000 seinfo= system
12-13 01:28:46.893  2902  2902 I SQLiteSecureOpenHelper: getWritableDatabase(pwd)
12-13 01:28:46.893  2902  2902 I SQLiteSecureOpenHelper: getDatabaseLocked(b,b,pwd)...
12-13 01:28:46.913   717   901 E LightSensor: RED : 1, GREEN : 2, BLUE : 2, CLEAR : 4, CALCULATED LUX : 0.000000, CCT : 4939.000000, REAL LUX : 0.000000 a_time = 238, gain = 64, ir=1, rp1=1, gp1=1, bp1=1, cp1=3, cpl=3202560
12-13 01:28:46.933  2902  2902 I SQLiteSecureOpenHelper: getWritableDatabase(pwd)
12-13 01:28:46.933  2902  2902 I SQLiteSecureOpenHelper: getDatabaseLocked(b,b,pwd)...
12-13 01:28:46.963   717   963 D PackageManager: [MSG] MCS_UNBIND
12-13 01:28:46.963   717   963 I PackageManager: calling disconnectService()
12-13 01:28:46.963   717   963 D PackageManager: Trying to unbind to DefaultContainerService
12-13 01:28:46.973  2902  2902 I SQLiteSecureOpenHelper: getWritableDatabase(pwd)
12-13 01:28:46.973  2902  2902 I SQLiteSecureOpenHelper: getDatabaseLocked(b,b,pwd)...
12-13 01:28:47.013  2902  2902 I SQLiteSecureOpenHelper: getWritableDatabase(pwd)
12-13 01:28:47.013  2902  2902 I SQLiteSecureOpenHelper: getDatabaseLocked(b,b,pwd)...
12-13 01:28:47.053  2902  2902 I SQLiteSecureOpenHelper: getWritableDatabase(pwd)
12-13 01:28:47.053  2902  2902 I SQLiteSecureOpenHelper: getDatabaseLocked(b,b,pwd)...
12-13 01:28:47.063  1067  1067 D STATUSBAR-NetworkController: refreshSignalCluster - setNWBoosterIndicators(true), showBoosterIcon : false
12-13 01:28:47.063  1067  1067 D STATUSBAR-NetworkController: refreshSignalCluster: data=-1 bt=false
12-13 01:28:47.073  1067  1067 D STATUSBAR-IconMerger: checkOverflow(144), More:true, Req:true Child:6
12-13 01:28:47.103  2902  2902 I SQLiteSecureOpenHelper: getWritableDatabase(pwd)
12-13 01:28:47.103  2902  2902 I SQLiteSecureOpenHelper: getDatabaseLocked(b,b,pwd)...
12-13 01:28:47.113   717   901 E LightSensor: RED : 1, GREEN : 2, BLUE : 2, CLEAR : 5, CALCULATED LUX : 0.000000, CCT : 8282.000000, REAL LUX : 0.000000 a_time = 238, gain = 64, ir=0, rp1=1, gp1=2, bp1=2, cp1=5, cpl=3202560
12-13 01:28:47.163  2902  2902 I SQLiteSecureOpenHelper: getWritableDatabase(pwd)
12-13 01:28:47.163  2902  2902 I SQLiteSecureOpenHelper: getDatabaseLocked(b,b,pwd)...
12-13 01:28:47.213  2902  2902 I SQLiteSecureOpenHelper: getWritableDatabase(pwd)
12-13 01:28:47.213  2902  2902 I SQLiteSecureOpenHelper: getDatabaseLocked(b,b,pwd)...
12-13 01:28:47.253  2902  2902 I SQLiteSecureOpenHelper: getWritableDatabase(pwd)
12-13 01:28:47.253  2902  2902 I SQLiteSecureOpenHelper: getDatabaseLocked(b,b,pwd)...
12-13 01:28:47.293  2902  2902 I SQLiteSecureOpenHelper: getWritableDatabase(pwd)
12-13 01:28:47.293  2902  2902 I SQLiteSecureOpenHelper: getDatabaseLocked(b,b,pwd)...
12-13 01:28:47.313   717   901 E LightSensor: RED : 1, GREEN : 2, BLUE : 2, CLEAR : 4, CALCULATED LUX : 0.000000, CCT : 4939.000000, REAL LUX : 0.000000 a_time = 238, gain = 64, ir=1, rp1=1, gp1=1, bp1=1, cp1=3, cpl=3202560
12-13 01:28:47.323  2902  2902 I SQLiteSecureOpenHelper: getWritableDatabase(pwd)
12-13 01:28:47.323  2902  2902 I SQLiteSecureOpenHelper: getDatabaseLocked(b,b,pwd)...
12-13 01:28:47.373  2902  2902 I SQLiteSecureOpenHelper: getWritableDatabase(pwd)
12-13 01:28:47.373  2902  2902 I SQLiteSecureOpenHelper: getDatabaseLocked(b,b,pwd)...
12-13 01:28:47.423  2902  2902 I SQLiteSecureOpenHelper: getWritableDatabase(pwd)
12-13 01:28:47.423  2902  2902 I SQLiteSecureOpenHelper: getDatabaseLocked(b,b,pwd)...
12-13 01:28:47.453  2902  2902 I SQLiteSecureOpenHelper: getWritableDatabase(pwd)
12-13 01:28:47.453  2902  2902 I SQLiteSecureOpenHelper: getDatabaseLocked(b,b,pwd)...
12-13 01:28:47.503  2902  2902 I SQLiteSecureOpenHelper: getWritableDatabase(pwd)
12-13 01:28:47.503  2902  2902 I SQLiteSecureOpenHelper: getDatabaseLocked(b,b,pwd)...
12-13 01:28:47.513   717   901 E LightSensor: RED : 1, GREEN : 2, BLUE : 2, CLEAR : 4, CALCULATED LUX : 0.000000, CCT : 4939.000000, REAL LUX : 0.000000 a_time = 238, gain = 64, ir=1, rp1=1, gp1=1, bp1=1, cp1=3, cpl=3202560
12-13 01:28:47.543  2902  2902 I SQLiteSecureOpenHelper: getWritableDatabase(pwd)
12-13 01:28:47.543  2902  2902 I SQLiteSecureOpenHelper: getDatabaseLocked(b,b,pwd)...
12-13 01:28:47.583  2902  2902 I SQLiteSecureOpenHelper: getWritableDatabase(pwd)
12-13 01:28:47.583  2902  2902 I SQLiteSecureOpenHelper: getDatabaseLocked(b,b,pwd)...
12-13 01:28:47.623  2902  2902 I SQLiteSecureOpenHelper: getWritableDatabase(pwd)
12-13 01:28:47.623  2902  2902 I SQLiteSecureOpenHelper: getDatabaseLocked(b,b,pwd)...
12-13 01:28:47.643 15089 15096 I dalvikvm: Total arena pages for JIT: 11
12-13 01:28:47.643 15089 15096 I dalvikvm: Total arena pages for JIT: 12
12-13 01:28:47.643 15089 15096 I dalvikvm: Total arena pages for JIT: 13
12-13 01:28:47.643 15089 15096 I dalvikvm: Total arena pages for JIT: 14
12-13 01:28:47.663 15089 15110 I FA      : Tag Manager is not found and thus will not be used
12-13 01:28:47.673  2902  2902 I SQLiteSecureOpenHelper: getWritableDatabase(pwd)
12-13 01:28:47.673  2902  2902 I SQLiteSecureOpenHelper: getDatabaseLocked(b,b,pwd)...
12-13 01:28:47.713   717   901 E LightSensor: RED : 1, GREEN : 2, BLUE : 2, CLEAR : 4, CALCULATED LUX : 0.000000, CCT : 4939.000000, REAL LUX : 0.000000 a_time = 238, gain = 64, ir=1, rp1=1, gp1=1, bp1=1, cp1=3, cpl=3202560
12-13 01:28:47.723  7789  7793 D dalvikvm: GC_CONCURRENT freed 1950K, 36% free 17331K/26744K, paused 1ms+1ms, total 17ms
12-13 01:28:47.733  2902  2902 I SQLiteSecureOpenHelper: getWritableDatabase(pwd)
12-13 01:28:47.733  2902  2902 I SQLiteSecureOpenHelper: getDatabaseLocked(b,b,pwd)...
12-13 01:28:47.773 15234 15234 I TZ: qc_tlc_communication: root = /firmware/image, root_len = 15
12-13 01:28:47.773 15234 15234 I TZ: qc_tlc_communication: process = tima_pkm, process_strlen = 8
12-13 01:28:47.773 15234 15234 I TZ: qc_tlc_communication: aligned max_sendmsg_size = 262208 = 0x40040
12-13 01:28:47.773 15234 15234 I TZ: qc_tlc_communication: aligned max_recvmsg_size = 262208 = 0x40040
12-13 01:28:47.773 15234 15234 I TZ: qc_tlc_communication: max_message_size = 524416 = 0x80080
12-13 01:28:47.773 15234 15234 D QSEECOMAPI: : QSEECom_get_handle sb_length = 0x80080
12-13 01:28:47.773 15234 15234 E QSEECOMAPI: : Error::Failed to open /dev/qseecom device
12-13 01:28:47.773 15234 15234 E TZ: qc_tlc_communication: QSEECom_start_app failed: path = /firmware/image, fname = tima_pkm
12-13 01:28:47.773 15234 15234 E TZ: qc_tlc_communication: max_sendmsg_size = 262208, max_recvmsg_size = 262208, ret = 0xffffffff
12-13 01:28:47.773 15234 15234 I TZ: qc_tlc_communication: root = /firmware/image, root_len = 15
12-13 01:28:47.773 15234 15234 I TZ: qc_tlc_communication: process = tima_pkm, process_strlen = 8
12-13 01:28:47.773 15234 15234 I TZ: qc_tlc_communication: aligned max_sendmsg_size = 262208 = 0x40040
12-13 01:28:47.773 15234 15234 I TZ: qc_tlc_communication: aligned max_recvmsg_size = 262208 = 0x40040
12-13 01:28:47.773 15234 15234 I TZ: qc_tlc_communication: max_message_size = 524416 = 0x80080
12-13 01:28:47.773 15234 15234 D QSEECOMAPI: : QSEECom_get_handle sb_length = 0x80080
12-13 01:28:47.773 15234 15234 E QSEECOMAPI: : Error::Failed to open /dev/qseecom device
12-13 01:28:47.773 15234 15234 E TZ: qc_tlc_communication: QSEECom_start_app failed: path = /firmware/image, fname = tima_pkm
12-13 01:28:47.773 15234 15234 E TZ: qc_tlc_communication: max_sendmsg_size = 262208, max_recvmsg_size = 262208, ret = 0xffffffff
12-13 01:28:47.773 15234 15234 I TZ: qc_tlc_communication: root = /firmware/image, root_len = 15
12-13 01:28:47.773 15234 15234 I TZ: qc_tlc_communication: process = tima_pkm, process_strlen = 8
12-13 01:28:47.773 15234 15234 I TZ: qc_tlc_communication: aligned max_sendmsg_size = 262208 = 0x40040
12-13 01:28:47.773 15234 15234 I TZ: qc_tlc_communication: aligned max_recvmsg_size = 262208 = 0x40040
12-13 01:28:47.773 15234 15234 I TZ: qc_tlc_communication: max_message_size = 524416 = 0x80080
12-13 01:28:47.773 15234 15234 D QSEECOMAPI: : QSEECom_get_handle sb_length = 0x80080
12-13 01:28:47.773 15234 15234 E QSEECOMAPI: : Error::Failed to open /dev/qseecom device
12-13 01:28:47.773 15234 15234 E TZ: qc_tlc_communication: QSEECom_start_app failed: path = /firmware/image, fname = tima_pkm
12-13 01:28:47.773 15234 15234 E TZ: qc_tlc_communication: max_sendmsg_size = 262208, max_recvmsg_size = 262208, ret = 0xffffffff
12-13 01:28:47.773 15234 15234 I TZ: qc_tlc_communication: root = /firmware/image, root_len = 15
12-13 01:28:47.773 15234 15234 I TZ: qc_tlc_communication: process = tima_pkm, process_strlen = 8
12-13 01:28:47.773 15234 15234 I TZ: qc_tlc_communication: aligned max_sendmsg_size = 262208 = 0x40040
12-13 01:28:47.773 15234 15234 I TZ: qc_tlc_communication: aligned max_recvmsg_size = 262208 = 0x40040
12-13 01:28:47.773 15234 15234 I TZ: qc_tlc_communication: max_message_size = 524416 = 0x80080
12-13 01:28:47.773 15234 15234 D QSEECOMAPI: : QSEECom_get_handle sb_length = 0x80080
12-13 01:28:47.773 15234 15234 E QSEECOMAPI: : Error::Failed to open /dev/qseecom device
12-13 01:28:47.773 15234 15234 E TZ: qc_tlc_communication: QSEECom_start_app failed: path = /firmware/image, fname = tima_pkm
12-13 01:28:47.773 15234 15234 E TZ: qc_tlc_communication: max_sendmsg_size = 262208, max_recvmsg_size = 262208, ret = 0xffffffff
12-13 01:28:47.773 15234 15234 I TZ: qc_tlc_communication: root = /firmware/image, root_len = 15
12-13 01:28:47.773 15234 15234 I TZ: qc_tlc_communication: process = tima_pkm, process_strlen = 8
12-13 01:28:47.773 15234 15234 I TZ: qc_tlc_communication: aligned max_sendmsg_size = 262208 = 0x40040
12-13 01:28:47.773 15234 15234 I TZ: qc_tlc_communication: aligned max_recvmsg_size = 262208 = 0x40040
12-13 01:28:47.773 15234 15234 I TZ: qc_tlc_communication: max_message_size = 524416 = 0x80080
12-13 01:28:47.773 15234 15234 D QSEECOMAPI: : QSEECom_get_handle sb_length = 0x80080
12-13 01:28:47.773 15234 15234 E QSEECOMAPI: : Error::Failed to open /dev/qseecom device
12-13 01:28:47.773 15234 15234 E TZ: qc_tlc_communication: QSEECom_start_app failed: path = /firmware/image, fname = tima_pkm
12-13 01:28:47.773 15234 15234 E TZ: qc_tlc_communication: max_sendmsg_size = 262208, max_recvmsg_size = 262208, ret = 0xffffffff
12-13 01:28:47.773  2902  2902 I SQLiteSecureOpenHelper: getWritableDatabase(pwd)
12-13 01:28:47.783  2902  2902 I SQLiteSecureOpenHelper: getDatabaseLocked(b,b,pwd)...
12-13 01:28:47.813  2902  2902 I SQLiteSecureOpenHelper: getWritableDatabase(pwd)
12-13 01:28:47.813  2902  2902 I SQLiteSecureOpenHelper: getDatabaseLocked(b,b,pwd)...
12-13 01:28:47.843  2902  2902 I SQLiteSecureOpenHelper: getWritableDatabase(pwd)
12-13 01:28:47.843  2902  2902 I SQLiteSecureOpenHelper: getDatabaseLocked(b,b,pwd)...
12-13 01:28:47.863   717   968 I ServiceKeeper: In getappinfo pid = 717 pkgName = android appinfo = null
12-13 01:28:47.863   717   968 I ServiceKeeper: In getseinfo pid = 717 uid = 1000 seinfo= system
12-13 01:28:47.863   717   968 I ServiceKeeper: In getappinfo pid = 717 pkgName = android appinfo = null
12-13 01:28:47.863   717   968 I ServiceKeeper: In getseinfo pid = 717 uid = 1000 seinfo= system
12-13 01:28:47.873  2902  2902 I SQLiteSecureOpenHelper: getWritableDatabase(pwd)
12-13 01:28:47.873  2902  2902 I SQLiteSecureOpenHelper: getDatabaseLocked(b,b,pwd)...
12-13 01:28:47.903  2902  2902 I SQLiteSecureOpenHelper: getWritableDatabase(pwd)
12-13 01:28:47.903  2902  2902 I SQLiteSecureOpenHelper: getDatabaseLocked(b,b,pwd)...
12-13 01:28:47.913   717   901 E LightSensor: RED : 0, GREEN : 2, BLUE : 2, CLEAR : 4, CALCULATED LUX : 0.000000, CCT : 8282.000000, REAL LUX : 0.000000 a_time = 238, gain = 64, ir=0, rp1=1, gp1=2, bp1=2, cp1=4, cpl=3202560
12-13 01:28:47.943  2902  2902 I SQLiteSecureOpenHelper: getWritableDatabase(pwd)
12-13 01:28:47.943  2902  2902 I SQLiteSecureOpenHelper: getDatabaseLocked(b,b,pwd)...
12-13 01:28:47.973  2902  2902 I SQLiteSecureOpenHelper: getWritableDatabase(pwd)
12-13 01:28:47.973  2902  2902 I SQLiteSecureOpenHelper: getDatabaseLocked(b,b,pwd)...
12-13 01:28:48.003  2902  2902 I SQLiteSecureOpenHelper: getWritableDatabase(pwd)
12-13 01:28:48.003  2902  2902 I SQLiteSecureOpenHelper: getDatabaseLocked(b,b,pwd)...
12-13 01:28:48.043  2902  2902 I SQLiteSecureOpenHelper: getWritableDatabase(pwd)
12-13 01:28:48.043  2902  2902 I SQLiteSecureOpenHelper: getDatabaseLocked(b,b,pwd)...
12-13 01:28:48.073  2902  2902 I SQLiteSecureOpenHelper: getWritableDatabase(pwd)
12-13 01:28:48.073  2902  2902 I SQLiteSecureOpenHelper: getDatabaseLocked(b,b,pwd)...
12-13 01:28:48.103  2902  2902 I SQLiteSecureOpenHelper: getWritableDatabase(pwd)
12-13 01:28:48.103  2902  2902 I SQLiteSecureOpenHelper: getDatabaseLocked(b,b,pwd)...
12-13 01:28:48.113   717   901 E LightSensor: RED : 0, GREEN : 2, BLUE : 2, CLEAR : 4, CALCULATED LUX : 0.000000, CCT : 8282.000000, REAL LUX : 0.000000 a_time = 238, gain = 64, ir=0, rp1=1, gp1=2, bp1=2, cp1=4, cpl=3202560
12-13 01:28:48.133  2902  2902 I SQLiteSecureOpenHelper: getWritableDatabase(pwd)
12-13 01:28:48.133  2902  2902 I SQLiteSecureOpenHelper: getDatabaseLocked(b,b,pwd)...
12-13 01:28:48.173  2902  2902 I SQLiteSecureOpenHelper: getWritableDatabase(pwd)
12-13 01:28:48.173  2902  2902 I SQLiteSecureOpenHelper: getDatabaseLocked(b,b,pwd)...
12-13 01:28:48.203  2902  2902 I SQLiteSecureOpenHelper: getWritableDatabase(pwd)
12-13 01:28:48.203  2902  2902 I SQLiteSecureOpenHelper: getDatabaseLocked(b,b,pwd)...
12-13 01:28:48.243  2902  2902 I SQLiteSecureOpenHelper: getWritableDatabase(pwd)
12-13 01:28:48.243  2902  2902 I SQLiteSecureOpenHelper: getDatabaseLocked(b,b,pwd)...
12-13 01:28:48.283  2902  2902 I SQLiteSecureOpenHelper: getWritableDatabase(pwd)
12-13 01:28:48.283  2902  2902 I SQLiteSecureOpenHelper: getDatabaseLocked(b,b,pwd)...
12-13 01:28:48.293   717   961 I ActivityManager: Killing 14837:com.google.android.play.games.ui/u0a149 (adj 15): empty #31
12-13 01:28:48.313   717   901 E LightSensor: RED : 1, GREEN : 2, BLUE : 2, CLEAR : 4, CALCULATED LUX : 0.000000, CCT : 4939.000000, REAL LUX : 0.000000 a_time = 238, gain = 64, ir=1, rp1=1, gp1=1, bp1=1, cp1=3, cpl=3202560
12-13 01:28:48.323  2902  2902 I SQLiteSecureOpenHelper: getWritableDatabase(pwd)
12-13 01:28:48.323  2902  2902 I SQLiteSecureOpenHelper: getDatabaseLocked(b,b,pwd)...
12-13 01:28:48.363  2902  2902 I SQLiteSecureOpenHelper: getWritableDatabase(pwd)
12-13 01:28:48.363  2902  2902 I SQLiteSecureOpenHelper: getDatabaseLocked(b,b,pwd)...
12-13 01:28:48.393  2902  2902 I SQLiteSecureOpenHelper: getWritableDatabase(pwd)
12-13 01:28:48.393  2902  2902 I SQLiteSecureOpenHelper: getDatabaseLocked(b,b,pwd)...
12-13 01:28:48.423  2902  2902 I SQLiteSecureOpenHelper: getWritableDatabase(pwd)
12-13 01:28:48.423  2902  2902 I SQLiteSecureOpenHelper: getDatabaseLocked(b,b,pwd)...
12-13 01:28:48.463  2902  2902 I SQLiteSecureOpenHelper: getWritableDatabase(pwd)
12-13 01:28:48.463  2902  2902 I SQLiteSecureOpenHelper: getDatabaseLocked(b,b,pwd)...
12-13 01:28:48.463  7789  7793 D dalvikvm: GC_CONCURRENT freed 1934K, 36% free 17336K/26744K, paused 1ms+2ms, total 16ms
12-13 01:28:48.493  2902  2902 I SQLiteSecureOpenHelper: getWritableDatabase(pwd)
12-13 01:28:48.493  2902  2902 I SQLiteSecureOpenHelper: getDatabaseLocked(b,b,pwd)...
12-13 01:28:48.513   717   901 E LightSensor: RED : 1, GREEN : 2, BLUE : 2, CLEAR : 5, CALCULATED LUX : 0.000000, CCT : 8282.000000, REAL LUX : 0.000000 a_time = 238, gain = 64, ir=0, rp1=1, gp1=2, bp1=2, cp1=5, cpl=3202560
12-13 01:28:48.533  2902  2902 I SQLiteSecureOpenHelper: getWritableDatabase(pwd)
12-13 01:28:48.533  2902  2902 I SQLiteSecureOpenHelper: getDatabaseLocked(b,b,pwd)...
12-13 01:28:48.573  2902  2902 I SQLiteSecureOpenHelper: getWritableDatabase(pwd)
12-13 01:28:48.573  2902  2902 I SQLiteSecureOpenHelper: getDatabaseLocked(b,b,pwd)...
12-13 01:28:48.613  2902  2902 I SQLiteSecureOpenHelper: getWritableDatabase(pwd)
12-13 01:28:48.613  2902  2902 I SQLiteSecureOpenHelper: getDatabaseLocked(b,b,pwd)...
12-13 01:28:48.653  2902  2902 I SQLiteSecureOpenHelper: getWritableDatabase(pwd)
12-13 01:28:48.653  2902  2902 I SQLiteSecureOpenHelper: getDatabaseLocked(b,b,pwd)...
12-13 01:28:48.683  2902  2902 I SQLiteSecureOpenHelper: getWritableDatabase(pwd)
12-13 01:28:48.683  2902  2902 I SQLiteSecureOpenHelper: getDatabaseLocked(b,b,pwd)...
12-13 01:28:48.713   717   901 E LightSensor: RED : 1, GREEN : 2, BLUE : 2, CLEAR : 5, CALCULATED LUX : 0.000000, CCT : 8282.000000, REAL LUX : 0.000000 a_time = 238, gain = 64, ir=0, rp1=1, gp1=2, bp1=2, cp1=5, cpl=3202560
12-13 01:28:48.713  2902  2902 I SQLiteSecureOpenHelper: getWritableDatabase(pwd)
12-13 01:28:48.713  2902  2902 I SQLiteSecureOpenHelper: getDatabaseLocked(b,b,pwd)...
12-13 01:28:48.743  2902  2902 I SQLiteSecureOpenHelper: getWritableDatabase(pwd)
12-13 01:28:48.743  2902  2902 I SQLiteSecureOpenHelper: getDatabaseLocked(b,b,pwd)...
12-13 01:28:48.773  2902  2902 I SQLiteSecureOpenHelper: getWritableDatabase(pwd)
12-13 01:28:48.773  2902  2902 I SQLiteSecureOpenHelper: getDatabaseLocked(b,b,pwd)...
12-13 01:28:48.803   257   257 E SMD     : DCD ON
12-13 01:28:48.813  2902  2902 I SQLiteSecureOpenHelper: getWritableDatabase(pwd)
12-13 01:28:48.813  2902  2902 I SQLiteSecureOpenHelper: getDatabaseLocked(b,b,pwd)...
12-13 01:28:48.843  2902  2902 I SQLiteSecureOpenHelper: getWritableDatabase(pwd)
12-13 01:28:48.843  2902  2902 I SQLiteSecureOpenHelper: getDatabaseLocked(b,b,pwd)...
12-13 01:28:48.863   717   968 I ServiceKeeper: In getappinfo pid = 717 pkgName = android appinfo = null
12-13 01:28:48.863   717   968 I ServiceKeeper: In getseinfo pid = 717 uid = 1000 seinfo= system
12-13 01:28:48.863   717   968 I ServiceKeeper: In getappinfo pid = 717 pkgName = android appinfo = null
12-13 01:28:48.863   717   968 I ServiceKeeper: In getseinfo pid = 717 uid = 1000 seinfo= system
12-13 01:28:48.873  2902  2902 I SQLiteSecureOpenHelper: getWritableDatabase(pwd)
12-13 01:28:48.873  2902  2902 I SQLiteSecureOpenHelper: getDatabaseLocked(b,b,pwd)...
12-13 01:28:48.913  2902  2902 I SQLiteSecureOpenHelper: getWritableDatabase(pwd)
12-13 01:28:48.913  2902  2902 I SQLiteSecureOpenHelper: getDatabaseLocked(b,b,pwd)...
12-13 01:28:48.913   717   901 E LightSensor: RED : 1, GREEN : 2, BLUE : 2, CLEAR : 4, CALCULATED LUX : 0.000000, CCT : 4939.000000, REAL LUX : 0.000000 a_time = 238, gain = 64, ir=1, rp1=1, gp1=1, bp1=1, cp1=3, cpl=3202560
12-13 01:28:48.953  2902  2902 I SQLiteSecureOpenHelper: getWritableDatabase(pwd)
12-13 01:28:48.953  2902  2902 I SQLiteSecureOpenHelper: getDatabaseLocked(b,b,pwd)...
12-13 01:28:48.993  2902  2902 I SQLiteSecureOpenHelper: getWritableDatabase(pwd)
12-13 01:28:48.993  2902  2902 I SQLiteSecureOpenHelper: getDatabaseLocked(b,b,pwd)...
12-13 01:28:49.043  2902  2902 I SQLiteSecureOpenHelper: getWritableDatabase(pwd)
12-13 01:28:49.043  2902  2902 I SQLiteSecureOpenHelper: getDatabaseLocked(b,b,pwd)...
12-13 01:28:49.083  2902  2902 I SQLiteSecureOpenHelper: getWritableDatabase(pwd)
12-13 01:28:49.083  2902  2902 I SQLiteSecureOpenHelper: getDatabaseLocked(b,b,pwd)...
12-13 01:28:49.113   717   901 E LightSensor: RED : 1, GREEN : 2, BLUE : 2, CLEAR : 4, CALCULATED LUX : 0.000000, CCT : 4939.000000, REAL LUX : 0.000000 a_time = 238, gain = 64, ir=1, rp1=1, gp1=1, bp1=1, cp1=3, cpl=3202560
12-13 01:28:49.123  2902  2902 I SQLiteSecureOpenHelper: getWritableDatabase(pwd)
12-13 01:28:49.123  2902  2902 I SQLiteSecureOpenHelper: getDatabaseLocked(b,b,pwd)...
12-13 01:28:49.163  2902  2902 I SQLiteSecureOpenHelper: getWritableDatabase(pwd)
12-13 01:28:49.163  2902  2902 I SQLiteSecureOpenHelper: getDatabaseLocked(b,b,pwd)...
12-13 01:28:49.223  2902  2902 I SQLiteSecureOpenHelper: getWritableDatabase(pwd)
12-13 01:28:49.223  2902  2902 I SQLiteSecureOpenHelper: getDatabaseLocked(b,b,pwd)...
12-13 01:28:49.273  2902  2902 I SQLiteSecureOpenHelper: getWritableDatabase(pwd)
12-13 01:28:49.273  2902  2902 I SQLiteSecureOpenHelper: getDatabaseLocked(b,b,pwd)...
12-13 01:28:49.303  7789  7793 D dalvikvm: GC_CONCURRENT freed 1937K, 36% free 17333K/26744K, paused 5ms+2ms, total 38ms
12-13 01:28:49.313   717   901 E LightSensor: RED : 1, GREEN : 2, BLUE : 2, CLEAR : 5, CALCULATED LUX : 0.000000, CCT : 8282.000000, REAL LUX : 0.000000 a_time = 238, gain = 64, ir=0, rp1=1, gp1=2, bp1=2, cp1=5, cpl=3202560
12-13 01:28:49.313  2902  2902 I SQLiteSecureOpenHelper: getWritableDatabase(pwd)
12-13 01:28:49.313  2902  2902 I SQLiteSecureOpenHelper: getDatabaseLocked(b,b,pwd)...
12-13 01:28:49.363  2902  2902 I SQLiteSecureOpenHelper: getWritableDatabase(pwd)
12-13 01:28:49.363  2902  2902 I SQLiteSecureOpenHelper: getDatabaseLocked(b,b,pwd)...
12-13 01:28:49.403  2902  2902 I SQLiteSecureOpenHelper: getWritableDatabase(pwd)
12-13 01:28:49.403  2902  2902 I SQLiteSecureOpenHelper: getDatabaseLocked(b,b,pwd)...
12-13 01:28:49.453  2902  2902 I SQLiteSecureOpenHelper: getWritableDatabase(pwd)
12-13 01:28:49.453  2902  2902 I SQLiteSecureOpenHelper: getDatabaseLocked(b,b,pwd)...
12-13 01:28:49.493  2902  2902 I SQLiteSecureOpenHelper: getWritableDatabase(pwd)
12-13 01:28:49.493  2902  2902 I SQLiteSecureOpenHelper: getDatabaseLocked(b,b,pwd)...
12-13 01:28:49.513   717   901 E LightSensor: RED : 1, GREEN : 2, BLUE : 2, CLEAR : 5, CALCULATED LUX : 0.000000, CCT : 8282.000000, REAL LUX : 0.000000 a_time = 238, gain = 64, ir=0, rp1=1, gp1=2, bp1=2, cp1=5, cpl=3202560
12-13 01:28:49.543  2902  2902 I SQLiteSecureOpenHelper: getWritableDatabase(pwd)
12-13 01:28:49.543  2902  2902 I SQLiteSecureOpenHelper: getDatabaseLocked(b,b,pwd)...
12-13 01:28:49.583  2902  2902 I SQLiteSecureOpenHelper: getWritableDatabase(pwd)
12-13 01:28:49.583  2902  2902 I SQLiteSecureOpenHelper: getDatabaseLocked(b,b,pwd)...
12-13 01:28:49.633  2902  2902 I SQLiteSecureOpenHelper: getWritableDatabase(pwd)
12-13 01:28:49.633  2902  2902 I SQLiteSecureOpenHelper: getDatabaseLocked(b,b,pwd)...
12-13 01:28:49.683  2902  2902 I SQLiteSecureOpenHelper: getWritableDatabase(pwd)
12-13 01:28:49.683  2902  2902 I SQLiteSecureOpenHelper: getDatabaseLocked(b,b,pwd)...
12-13 01:28:49.713   717   901 E LightSensor: RED : 1, GREEN : 2, BLUE : 2, CLEAR : 5, CALCULATED LUX : 0.000000, CCT : 8282.000000, REAL LUX : 0.000000 a_time = 238, gain = 64, ir=0, rp1=1, gp1=2, bp1=2, cp1=5, cpl=3202560
12-13 01:28:49.723  2902  2902 I SQLiteSecureOpenHelper: getWritableDatabase(pwd)
12-13 01:28:49.723  2902  2902 I SQLiteSecureOpenHelper: getDatabaseLocked(b,b,pwd)...
12-13 01:28:49.763  2902  2902 I SQLiteSecureOpenHelper: getWritableDatabase(pwd)
12-13 01:28:49.763  2902  2902 I SQLiteSecureOpenHelper: getDatabaseLocked(b,b,pwd)...
12-13 01:28:49.803  2902  2902 I SQLiteSecureOpenHelper: getWritableDatabase(pwd)
12-13 01:28:49.803  2902  2902 I SQLiteSecureOpenHelper: getDatabaseLocked(b,b,pwd)...
12-13 01:28:49.843  2902  2902 I SQLiteSecureOpenHelper: getWritableDatabase(pwd)
12-13 01:28:49.843  2902  2902 I SQLiteSecureOpenHelper: getDatabaseLocked(b,b,pwd)...
12-13 01:28:49.863   717   968 I ServiceKeeper: In getappinfo pid = 717 pkgName = android appinfo = null
12-13 01:28:49.863   717   968 I ServiceKeeper: In getseinfo pid = 717 uid = 1000 seinfo= system
12-13 01:28:49.873   717   968 I ServiceKeeper: In getappinfo pid = 717 pkgName = android appinfo = null
12-13 01:28:49.873   717   968 I ServiceKeeper: In getseinfo pid = 717 uid = 1000 seinfo= system
12-13 01:28:49.883  2902  2902 I SQLiteSecureOpenHelper: getWritableDatabase(pwd)
12-13 01:28:49.883  2902  2902 I SQLiteSecureOpenHelper: getDatabaseLocked(b,b,pwd)...
12-13 01:28:49.903   717   901 E LightSensor: RED : 1, GREEN : 2, BLUE : 2, CLEAR : 4, CALCULATED LUX : 0.000000, CCT : 4939.000000, REAL LUX : 0.000000 a_time = 238, gain = 64, ir=1, rp1=1, gp1=1, bp1=1, cp1=3, cpl=3202560
12-13 01:28:49.933  2902  2902 I SQLiteSecureOpenHelper: getWritableDatabase(pwd)
12-13 01:28:49.933  2902  2902 I SQLiteSecureOpenHelper: getDatabaseLocked(b,b,pwd)...
12-13 01:28:49.963  2902  2902 I SQLiteSecureOpenHelper: getWritableDatabase(pwd)
12-13 01:28:49.963  2902  2902 I SQLiteSecureOpenHelper: getDatabaseLocked(b,b,pwd)...
12-13 01:28:50.003  2902  2902 I SQLiteSecureOpenHelper: getWritableDatabase(pwd)
12-13 01:28:50.003  2902  2902 I SQLiteSecureOpenHelper: getDatabaseLocked(b,b,pwd)...
12-13 01:28:50.013  1923  1923 W Settings: Setting airplane_mode_on has moved from android.provider.Settings.System to android.provider.Settings.Global, returning read-only value.
12-13 01:28:50.043  2902  2902 I SQLiteSecureOpenHelper: getWritableDatabase(pwd)
12-13 01:28:50.043  2902  2902 I SQLiteSecureOpenHelper: getDatabaseLocked(b,b,pwd)...
12-13 01:28:50.073  1067  1067 D STATUSBAR-NetworkController: refreshSignalCluster - setNWBoosterIndicators(true), showBoosterIcon : false
12-13 01:28:50.073  1067  1067 D STATUSBAR-NetworkController: refreshSignalCluster: data=-1 bt=false
12-13 01:28:50.073  2902  2902 I SQLiteSecureOpenHelper: getWritableDatabase(pwd)
12-13 01:28:50.073  2902  2902 I SQLiteSecureOpenHelper: getDatabaseLocked(b,b,pwd)...
12-13 01:28:50.093  1067  1067 D STATUSBAR-IconMerger: checkOverflow(144), More:true, Req:true Child:6
12-13 01:28:50.103   717   901 E LightSensor: RED : 0, GREEN : 2, BLUE : 2, CLEAR : 4, CALCULATED LUX : 0.000000, CCT : 8282.000000, REAL LUX : 0.000000 a_time = 238, gain = 64, ir=0, rp1=1, gp1=2, bp1=2, cp1=4, cpl=3202560
12-13 01:28:50.113  2902  2902 I SQLiteSecureOpenHelper: getWritableDatabase(pwd)
12-13 01:28:50.113  2902  2902 I SQLiteSecureOpenHelper: getDatabaseLocked(b,b,pwd)...
12-13 01:28:50.153  2902  2902 I SQLiteSecureOpenHelper: getWritableDatabase(pwd)
12-13 01:28:50.153  2902  2902 I SQLiteSecureOpenHelper: getDatabaseLocked(b,b,pwd)...
12-13 01:28:50.173  7789  7793 D dalvikvm: GC_CONCURRENT freed 1936K, 36% free 17333K/26744K, paused 1ms+2ms, total 24ms
12-13 01:28:50.193  2902  2902 I SQLiteSecureOpenHelper: getWritableDatabase(pwd)
12-13 01:28:50.193  2902  2902 I SQLiteSecureOpenHelper: getDatabaseLocked(b,b,pwd)...
12-13 01:28:50.223  2902  2902 I SQLiteSecureOpenHelper: getWritableDatabase(pwd)
12-13 01:28:50.223  2902  2902 I SQLiteSecureOpenHelper: getDatabaseLocked(b,b,pwd)...
12-13 01:28:50.263  2902  2902 I SQLiteSecureOpenHelper: getWritableDatabase(pwd)
12-13 01:28:50.263  2902  2902 I SQLiteSecureOpenHelper: getDatabaseLocked(b,b,pwd)...
12-13 01:28:50.293  2902  2902 I SQLiteSecureOpenHelper: getWritableDatabase(pwd)
12-13 01:28:50.293  2902  2902 I SQLiteSecureOpenHelper: getDatabaseLocked(b,b,pwd)...
12-13 01:28:50.303   717   901 E LightSensor: RED : 1, GREEN : 2, BLUE : 2, CLEAR : 4, CALCULATED LUX : 0.000000, CCT : 4939.000000, REAL LUX : 0.000000 a_time = 238, gain = 64, ir=1, rp1=1, gp1=1, bp1=1, cp1=3, cpl=3202560
12-13 01:28:50.333  2902  2902 I SQLiteSecureOpenHelper: getWritableDatabase(pwd)
12-13 01:28:50.333  2902  2902 I SQLiteSecureOpenHelper: getDatabaseLocked(b,b,pwd)...
12-13 01:28:50.373  2902  2902 I SQLiteSecureOpenHelper: getWritableDatabase(pwd)
12-13 01:28:50.373  2902  2902 I SQLiteSecureOpenHelper: getDatabaseLocked(b,b,pwd)...
12-13 01:28:50.403  2902  2902 I SQLiteSecureOpenHelper: getWritableDatabase(pwd)
12-13 01:28:50.413  2902  2902 I SQLiteSecureOpenHelper: getDatabaseLocked(b,b,pwd)...
