12-12 20:17:15.222   675  1042 D Scroll/Pause Worker: updateClientsDone.
12-12 20:17:15.222   675  1042 D Stay/Rotation Worker: updateClientsDone. def. do nothing.
12-12 20:17:15.222   675  1042 E SmartFaceService: Service Type to Worker: 0
12-12 20:17:15.222   675  1042 E SmartFaceService: Last Active clients:0 Current Active clients: 0
12-12 20:17:15.222   675  1042 E SmartFaceService: Last Smart Pause clients: 0 Current Smart Pause clients: 0
12-12 20:17:15.232 12830 15104 I SettingsChangedIntentOp: SettingsChangedIntentOperation.run Intent extra com.google.android.gms.phenotype.PACKAGE_NAME: com.google.android.gms.auth_cryptauth
12-12 20:17:15.232 12830 15104 I SettingsChangedIntentOp: Action: com.google.android.gms.phenotype.COMMITTED
12-12 20:17:15.232   675   944 D SContextService: 	.unregisterCallback : 1, client=
12-12 20:17:15.232   675   944 D SContextService: ===== SContext Service List =====
12-12 20:17:15.232  1063  1063 D STATUSBAR-NetworkBoosterQuickSettingButton: AirplaneObserver() - mIsAirpalneOn : false
12-12 20:17:15.242   675   944 D SContextService: unregisterCallback() : Listener = android.hardware.scontext.SContextService$Listener@4387b570, Service = Auto Rotation, used = 1
12-12 20:17:15.242 12830 15104 I SettingsChangedIntentOp: EXTRA_PACKAGE_NAME: com.google.android.gms.auth_cryptauth
12-12 20:17:15.242   675   960 I ServiceKeeper: In getappinfo pid = 675 pkgName = android appinfo = null
12-12 20:17:15.242   675   960 I ServiceKeeper: In getseinfo pid = 675 uid = 1000 seinfo= system
12-12 20:17:15.242   675   944 W CAE     : unregisterCallback(ContextAwareService.java:194) - [unregi 01] Mutex is locked for AUTO_ROTATION
12-12 20:17:15.242   675   944 V CAE     : stop(ContextProvider.java:147)
12-12 20:17:15.242   675   944 V CAE     : clear(AutoRotationRunner.java:180)
12-12 20:17:15.242   675   944 V CAE     : disable(AutoRotationRunner.java:169)
12-12 20:17:15.242   675   944 I CAE     : sendCmdToSensorHub(SensorHubCommManager.java:142) - -78, 7, 0, 0,
12-12 20:17:15.242 12618 14941 I PTCommittedOperation: Receive new configuration for com.google.android.gms.auth.api.credentials
12-12 20:17:15.242   675   944 D SensorHubManager: SendSensorHubData: send data = -78, 7, 0, 0
12-12 20:17:15.242 12618 15093 W NetRec  : [1253] ConfigChangedIntentOperation.onHandleIntent: Device does not support scoring, exiting
12-12 20:17:15.242   675  1273 D EnterpriseDeviceManager: ContainerId: 0
12-12 20:17:15.252   271   518 D Sensorhubs: sendContextData: -78, 7, 0, 0
12-12 20:17:15.252   675  1273 W LicenseLogService: log() failed
12-12 20:17:15.252   675   960 I ServiceKeeper: In getappinfo pid = 675 pkgName = android appinfo = null
12-12 20:17:15.252   675   960 I ServiceKeeper: In getseinfo pid = 675 uid = 1000 seinfo= system
12-12 20:17:15.262   675   960 I ServiceKeeper: In getappinfo pid = 675 pkgName = android appinfo = null
12-12 20:17:15.262   675   944 D CAE     : getFaultDetectionResult(AutoRotationRunner.java:193) - true
12-12 20:17:15.262   675   944 I CAE     : notifyCmdProcessResultObserver(ContextProvider.java:615) - CheckResult = 0, Cause = Success
12-12 20:17:15.262   675   960 I ServiceKeeper: In getseinfo pid = 675 uid = 1000 seinfo= system
12-12 20:17:15.262   675   960 I ServiceKeeper: In getappinfo pid = 675 pkgName = android appinfo = null
12-12 20:17:15.262   675   960 I ServiceKeeper: In getseinfo pid = 675 uid = 1000 seinfo= system
12-12 20:17:15.262  1063  1063 D STATUSBAR-ToolBoxQuickSettingButton: getToolBoxStatus() : true
12-12 20:17:15.272 12830 14945 I SettingsChangedIntentOp: SettingsChangedIntentOperation.run: Got intent Intent { act=com.google.android.gms.phenotype.COMMITTED flg=0x10 pkg=com.google.android.gms cmp=com.google.android.gms/.chimera.GmsIntentOperationService (has extras) }
12-12 20:17:15.272 12830 14945 I SettingsChangedIntentOp: SettingsChangedIntentOperation.run Intent extra com.google.android.gms.phenotype.PACKAGE_NAME: com.google.android.gms.auth.api.credentials
12-12 20:17:15.272 12830 14945 I SettingsChangedIntentOp: Action: com.google.android.gms.phenotype.COMMITTED
12-12 20:17:15.272 12830 14945 I SettingsChangedIntentOp: EXTRA_PACKAGE_NAME: com.google.android.gms.auth.api.credentials
12-12 20:17:15.272   675  5908 D LocationManagerService: getLastLocation: Request[POWER_NONE passive fastest=0 num=1]
12-12 20:17:15.292   675   960 I ServiceKeeper: In getappinfo pid = 675 pkgName = android appinfo = null
12-12 20:17:15.292   675   960 I ServiceKeeper: In getseinfo pid = 675 uid = 1000 seinfo= system
12-12 20:17:15.302 12618 15092 I PTCommittedOperation: Receive new configuration for com.google.android.gms.octarine
12-12 20:17:15.312 12830 14947 I SettingsChangedIntentOp: SettingsChangedIntentOperation.run: Got intent Intent { act=com.google.android.gms.phenotype.COMMITTED flg=0x10 pkg=com.google.android.gms cmp=com.google.android.gms/.chimera.GmsIntentOperationService (has extras) }
12-12 20:17:15.312 12830 14947 I SettingsChangedIntentOp: SettingsChangedIntentOperation.run Intent extra com.google.android.gms.phenotype.PACKAGE_NAME: com.google.android.gms.octarine
12-12 20:17:15.312 12830 14947 I SettingsChangedIntentOp: Action: com.google.android.gms.phenotype.COMMITTED
12-12 20:17:15.312 12830 14947 I SettingsChangedIntentOp: EXTRA_PACKAGE_NAME: com.google.android.gms.octarine
12-12 20:17:15.312   675   960 I ServiceKeeper: In getappinfo pid = 675 pkgName = android appinfo = null
12-12 20:17:15.312   675   960 I ServiceKeeper: In getseinfo pid = 675 uid = 1000 seinfo= system
12-12 20:17:15.312   675   960 I ServiceKeeper: In getappinfo pid = 675 pkgName = android appinfo = null
12-12 20:17:15.312   675   944 D CAE     : doCommendProcess(ContextAwareService.java:310) - complete notify the operation result.
12-12 20:17:15.312   675   944 I CAE     : displayUsedCountForService(ContextAwareService.java:399) - totalCnt = 0, serviceCount = 0, subCollectionCount = 0
12-12 20:17:15.312   675   944 D CAE     : showListenerList(ContextAwareService.java:243) - ===== Context Aware Service List =====
12-12 20:17:15.312   675   944 W CAE     : unregisterCallback(ContextAwareService.java:231) - [unregi 02] Mutex is unlocked for AUTO_ROTATION
12-12 20:17:15.322   675   944 D SContextService: removeSContextService() : service = Auto Rotation
12-12 20:17:15.322   675   944 D SContextManager:   .unregisterListener : listener = com.android.internal.policy.impl.WindowOrientationListener$SContextListenerImpl@43970890, service=Auto Rotation
12-12 20:17:15.322   675   944 D WindowManager: updateSetting mIsKidsLauncherEnabled = false isKidsLauncherEnabled = false
12-12 20:17:15.322   675   944 V WindowOrientationListener: mSContextAutoRotationListener.getProposedRotation, mbResultFaceDectection: false
12-12 20:17:15.322   675   944 V WindowOrientationListener: mSContextAutoRotationListener.getProposedRotation, Rotation: -1
12-12 20:17:15.322   675   944 V WindowOrientationListener: mSContextAutoRotationListener.getProposedRotation, mbResultFaceDectection: false
12-12 20:17:15.322   675   944 V WindowOrientationListener: mSContextAutoRotationListener.getProposedRotation, Rotation: -1
12-12 20:17:15.322   675   960 I ServiceKeeper: In getseinfo pid = 675 uid = 1000 seinfo= system
12-12 20:17:15.322   675   960 I ServiceKeeper: In getappinfo pid = 675 pkgName = android appinfo = null
12-12 20:17:15.322   675   960 I ServiceKeeper: In getseinfo pid = 675 uid = 1000 seinfo= system
12-12 20:17:15.322   675   944 V WindowManager: rotationForOrientationLw(orient=-1, last=0); user=0 USER_ROTATION_LOCKED sensorRotation=-1 mLidState=-1 mDockMode=0 mHdmiPlugged=false mAccelerometerDefault=false gripRotationLock=false
12-12 20:17:15.322  1063  1063 D STATUSBAR-AirplaneModeQuickSettingButton: getAirplaneMode() : false
12-12 20:17:15.332   675   944 V WindowOrientationListener: mSContextAutoRotationListener.getProposedRotation, mbResultFaceDectection: false
12-12 20:17:15.332   675   944 V WindowOrientationListener: mSContextAutoRotationListener.getProposedRotation, Rotation: -1
12-12 20:17:15.332   675   944 V WindowOrientationListener: mSContextAutoRotationListener.getProposedRotation, mbResultFaceDectection: false
12-12 20:17:15.332   675   944 V WindowOrientationListener: mSContextAutoRotationListener.getProposedRotation, Rotation: -1
12-12 20:17:15.332   675   944 V WindowManager: rotationForOrientationLw(orient=-1, last=0); user=0 USER_ROTATION_LOCKED sensorRotation=-1 mLidState=-1 mDockMode=0 mHdmiPlugged=false mAccelerometerDefault=false gripRotationLock=false
12-12 20:17:15.332  1063  1063 D STATUSBAR-PersonalModeQuickSettingButton: PersonalMode  updateState(false) state = 0
12-12 20:17:15.342  1063  1063 D STATUSBAR-QuickSettingButton: dynamicallyReduceTextSize: 216
12-12 20:17:15.352  1063  1063 D STATUSBAR-QuickSettingButton: dynamicallyReduceTextSize: 216
12-12 20:17:15.352   675   960 I ServiceKeeper: In getappinfo pid = 675 pkgName = android appinfo = null
12-12 20:17:15.352   675   960 I ServiceKeeper: In getseinfo pid = 675 uid = 1000 seinfo= system
12-12 20:17:15.352  1063  1063 D STATUSBAR-QuickSettingButton: dynamicallyReduceTextSize: 216
12-12 20:17:15.362  1063  1063 D STATUSBAR-QuickSettingButton: dynamicallyReduceTextSize: 216
12-12 20:17:15.372  1063  1063 D skia    : GFXPNG PNG bitmap created width:168 height:168 bitmap id is 433 
12-12 20:17:15.372 12618 14943 W NetRec  : [1244] ConfigChangedIntentOperation.onHandleIntent: Device does not support scoring, exiting
12-12 20:17:15.372  1063  1063 D STATUSBAR-QuickSettingButton: dynamicallyReduceTextSize: 216
12-12 20:17:15.372  1063  1063 D STATUSBAR-QuickSettingButton: dynamicallyReduceTextSize: 216
12-12 20:17:15.372  1063  1063 D STATUSBAR-QuickSettingButton: dynamicallyReduceTextSize: 216
12-12 20:17:15.382   675   953 D EnterpriseDeviceManager: ContainerId: 0
12-12 20:17:15.382   675   953 W LicenseLogService: log() failed
12-12 20:17:15.382  1063  1063 W Settings: Setting airplane_mode_on has moved from android.provider.Settings.System to android.provider.Settings.Global, returning read-only global URI.
12-12 20:17:15.382  1063  1063 D STATUSBAR-QuickSettingButton: dynamicallyReduceTextSize: 216
12-12 20:17:15.392 12618 15093 W NetRec  : [1253] ConfigChangedIntentOperation.onHandleIntent: Device does not support scoring, exiting
12-12 20:17:15.392   675  5908 D EnterpriseDeviceManager: ContainerId: 0
12-12 20:17:15.392   675  5908 W LicenseLogService: log() failed
12-12 20:17:15.392 12618 15071 W Conscrypt: Could not set socket write timeout:
12-12 20:17:15.392 12618 15071 W Conscrypt:    java.lang.reflect.Method.invokeNative(Native Method)
12-12 20:17:15.392 12618 15071 W Conscrypt:    java.lang.reflect.Method.invoke(Method.java:515)
12-12 20:17:15.402  1063  1063 D STATUSBAR-QuickSettingButton: dynamicallyReduceTextSize: 216
12-12 20:17:15.402  1063  1063 D STATUSBAR-QuickSettingButton: dynamicallyReduceTextSize: 216
12-12 20:17:15.402  1063  1063 D STATUSBAR-QuickSettingButton: dynamicallyReduceTextSize: 216
12-12 20:17:15.412   675   960 I ServiceKeeper: In getappinfo pid = 675 pkgName = android appinfo = null
12-12 20:17:15.412   675   960 I ServiceKeeper: In getseinfo pid = 675 uid = 1000 seinfo= system
12-12 20:17:15.412   675   960 I ServiceKeeper: In getappinfo pid = 675 pkgName = android appinfo = null
12-12 20:17:15.412   675   960 I ServiceKeeper: In getseinfo pid = 675 uid = 1000 seinfo= system
12-12 20:17:15.412   675  1823 D WifiDisplayAdapter: getWifiDisplayStatusLocked: result=WifiDisplayStatus{featureState=2, scanState=0, activeDisplayState=0, activeDisplay=null, displays=[], sessionInfo=WifiDisplaySessionInfo: Client/Owner: Client GroupId:  Passphrase:  SessionId: 0 IP Address: , connectedState=-1, networkQoS=0}
12-12 20:17:15.412  1063  1063 D STATUSBAR-QuickSettingButton: dynamicallyReduceTextSize: 216
12-12 20:17:15.422  1063  1063 D STATUSBAR-QuickSettingButton: dynamicallyReduceTextSize: 216
12-12 20:17:15.422  1063  1063 D STATUSBAR-QuickSettingButton: dynamicallyReduceTextSize: 216
12-12 20:17:15.422  1063  1063 D STATUSBAR-QuickSettingButton: dynamicallyReduceTextSize: 216
12-12 20:17:15.432  1063  1063 D STATUSBAR-QuickSettingButton: dynamicallyReduceTextSize: 216
12-12 20:17:15.432  1063  1063 D STATUSBAR-QuickSettingButton: dynamicallyReduceTextSize: 216
12-12 20:17:15.432  1063  1063 D STATUSBAR-QuickSettingButton: dynamicallyReduceTextSize: 216
12-12 20:17:15.442  1063  1063 D STATUSBAR-QuickSettingButton: dynamicallyReduceTextSize: 216
12-12 20:17:15.442  1063  1063 D STATUSBAR-QuickSettingButton: dynamicallyReduceTextSize: 216
12-12 20:17:15.452  1063  1063 D STATUSBAR-PersonalModeQuickSettingButton: PersonalMode  updateState(false) state = 0
12-12 20:17:15.452 12618 15071 W Conscrypt: Could not set socket write timeout:
12-12 20:17:15.452 12618 15071 W Conscrypt:    java.lang.reflect.Method.invokeNative(Native Method)
12-12 20:17:15.452 12618 15071 W Conscrypt:    java.lang.reflect.Method.invoke(Method.java:515)
12-12 20:17:15.452   675   960 I ServiceKeeper: In getappinfo pid = 675 pkgName = android appinfo = null
12-12 20:17:15.452  1063  1063 D STATUSBAR-QuickSettingButton: dynamicallyReduceTextSize: 216
12-12 20:17:15.452  1063  1063 D STATUSBAR-QuickSettingPanel: Button Number from DB :  = 10
12-12 20:17:15.452  1063  1063 D STATUSBAR-QuickSettingPanel: setSingleLine:true
12-12 20:17:15.452  1063  1063 D STATUSBAR-QuickSettingPanel: updateButtonInfo mButtonWidth : 216 mColumnNumber:5 orien: 1
12-12 20:17:15.462   675   960 I ServiceKeeper: In getseinfo pid = 675 uid = 1000 seinfo= system
12-12 20:17:15.462 12830 14945 I SettingsChangedIntentOp: SettingsChangedIntentOperation.run: Got intent Intent { act=com.google.android.gms.phenotype.COMMITTED flg=0x10 pkg=com.google.android.gms cmp=com.google.android.gms/.chimera.GmsIntentOperationService (has extras) }
12-12 20:17:15.462 12830 14945 I SettingsChangedIntentOp: SettingsChangedIntentOperation.run Intent extra com.google.android.gms.phenotype.PACKAGE_NAME: com.google.android.gms.growth
12-12 20:17:15.462 12830 14945 I SettingsChangedIntentOp: Action: com.google.android.gms.phenotype.COMMITTED
12-12 20:17:15.462 12830 14945 I SettingsChangedIntentOp: EXTRA_PACKAGE_NAME: com.google.android.gms.growth
12-12 20:17:15.462  1063  1063 D STATUSBAR-PersonalModeQuickSettingButton: onChange()
12-12 20:17:15.472  1063  1063 D STATUSBAR-PersonalModeQuickSettingButton: PersonalMode  updateState(false) state = 0
12-12 20:17:15.482   675   960 I ServiceKeeper: In getappinfo pid = 675 pkgName = android appinfo = null
12-12 20:17:15.482   675   960 I ServiceKeeper: In getseinfo pid = 675 uid = 1000 seinfo= system
12-12 20:17:15.482   675  1385 I AudioService: getStreamVolume 5 index 0
12-12 20:17:15.482  1063  1063 D StatusBar-DoNotDistrub: sendBroadcast android.intent.action.DORMANT_MODE_OFF
12-12 20:17:15.482   675   675 D STATUSBAR-NotificationService: received android.intent.action.DORMANT_MODE_OFF
12-12 20:17:15.482   675   675 D LightsService: [api] [SvcLED] turnOff:: id = 4 (uid: 1000 pid: 675) 
12-12 20:17:15.482   675   675 D LightsService: [SvcLED] setSvcLedStateLocked:: SvcLEDState : 0x0 -> 0x0 | SvcLED(id=4) set Off
12-12 20:17:15.482   675   971 D LightsService: [SvcLED] Lux failed to be updated in 700ms. -> handleForcedSvcLEDTasK
12-12 20:17:15.482  1063  1063 D StatusBar-DoNotDistrub: The STREAM NOTIFICATION volume is 0
12-12 20:17:15.482   675   971 D LightsService: [SvcLED]  setSvcLedLightLocked :: Current SvcLED(id=3) maintains its priority right
12-12 20:17:15.492   675  5908 D EnterpriseDeviceManager: ContainerId: 0
12-12 20:17:15.492  1063  1063 I Choreographer: Skipped 42 frames!  The application may be doing too much work on its main thread.
12-12 20:17:15.492   675  5908 D STATUSBAR-StatusBarManagerService: manageDisableList what=0x0 pkg=com.android.systemui
12-12 20:17:15.492  1063  1063 D StatusBar-DoNotDistrub: Dormant settings changed. DormantModeObserver
12-12 20:17:15.512  1063  1063 D STATUSBAR-WifiCallingQuickSettingButton: mPhoneStateListener/onCallStateChanged(): state=0
12-12 20:17:15.522 12618 12622 D dalvikvm: GC_CONCURRENT freed 2203K, 24% free 20977K/27352K, paused 7ms+7ms, total 97ms
12-12 20:17:15.522  1063  1063 D STATUSBAR-AirplaneModeQuickSettingButton: mPhoneStateListener - inAirplaneMode: false
12-12 20:17:15.532 12618 12618 D dalvikvm: WAIT_FOR_CONCURRENT_GC blocked 50ms
12-12 20:17:15.532 12618 13081 D dalvikvm: WAIT_FOR_CONCURRENT_GC blocked 55ms
12-12 20:17:15.532 12618 15071 D dalvikvm: WAIT_FOR_CONCURRENT_GC blocked 63ms
12-12 20:17:15.532  1063  1063 D STATUSBAR-IconMerger: checkOverflow(216), More:true, Req:true Child:5
12-12 20:17:15.542 12618 12618 I WearableService: Wearable Services stopping
12-12 20:17:15.542   675   960 I ServiceKeeper: In getappinfo pid = 675 pkgName = android appinfo = null
12-12 20:17:15.542   675   960 I ServiceKeeper: In getseinfo pid = 675 uid = 1000 seinfo= system
12-12 20:17:15.582   675   960 I ServiceKeeper: In getappinfo pid = 675 pkgName = android appinfo = null
12-12 20:17:15.592   675   960 I ServiceKeeper: In getseinfo pid = 675 uid = 1000 seinfo= system
12-12 20:17:15.592   675   960 I ServiceKeeper: In getappinfo pid = 675 pkgName = android appinfo = null
12-12 20:17:15.592   675   960 I ServiceKeeper: In getseinfo pid = 675 uid = 1000 seinfo= system
12-12 20:17:15.632 12618 15120 I PTCommittedOperation: Receive new configuration for com.google.android.gms.growth
12-12 20:17:15.642   675   960 I ServiceKeeper: In getappinfo pid = 675 pkgName = android appinfo = null
12-12 20:17:15.642   675   960 I ServiceKeeper: In getseinfo pid = 675 uid = 1000 seinfo= system
12-12 20:17:15.642   675   960 I ServiceKeeper: In getappinfo pid = 675 pkgName = android appinfo = null
12-12 20:17:15.662   675   960 I ServiceKeeper: In getseinfo pid = 675 uid = 1000 seinfo= system
12-12 20:17:15.672  1787 15128 D knox    : doInBackground
12-12 20:17:15.672  1787 15128 D knox    : resetNestedValue()
12-12 20:17:15.672 12618 14943 W NetRec  : [1244] ConfigChangedIntentOperation.onHandleIntent: Device does not support scoring, exiting
12-12 20:17:15.682   675  5909 D EnterpriseDeviceManager: ContainerId: 0
12-12 20:17:15.682   675  5909 W LicenseLogService: log() failed
12-12 20:17:15.702  1787 15128 I knox    : type=1400 msg=audit(1513109834.662:265): avc:  denied  { execute } for  pid=15066 comm="uiautomator" path="/data/media/0/libopencv_java.so" dev="mmcblk0p25" ino=130900 scontext=u:r:shell:s0 tcontext=u:object_r:media_data_file:s0 tclass=file SEPF_SM-G900T_4.4.2_0055
12-12 20:17:15.722 12830 14944 I SettingsChangedIntentOp: SettingsChangedIntentOperation.run: Got intent Intent { act=com.google.android.gms.phenotype.COMMITTED flg=0x10 pkg=com.google.android.gms cmp=com.google.android.gms/.chimera.GmsIntentOperationService (has extras) }
12-12 20:17:15.722 12830 14944 I SettingsChangedIntentOp: SettingsChangedIntentOperation.run Intent extra com.google.android.gms.phenotype.PACKAGE_NAME: com.google.android.gms.matchstick
12-12 20:17:15.732 12830 14944 I SettingsChangedIntentOp: Action: com.google.android.gms.phenotype.COMMITTED
12-12 20:17:15.732 12830 14944 I SettingsChangedIntentOp: EXTRA_PACKAGE_NAME: com.google.android.gms.matchstick
12-12 20:17:15.732 15127 15127 D AndroidRuntime: 
12-12 20:17:15.732 15127 15127 D AndroidRuntime: >>>>>> AndroidRuntime START com.android.internal.os.RuntimeInit <<<<<<
12-12 20:17:15.732 15127 15127 D AndroidRuntime: CheckJNI is OFF
12-12 20:17:15.732 15127 15127 D AndroidRuntime: setted country_code = USA
12-12 20:17:15.732 15127 15127 D AndroidRuntime: setted countryiso_code = US
12-12 20:17:15.732 15127 15127 D AndroidRuntime: setted sales_code = TMB
12-12 20:17:15.732 15127 15127 D AndroidRuntime: readGMSProperty: start
12-12 20:17:15.732 15127 15127 D AndroidRuntime: readGMSProperty: already setted!!
12-12 20:17:15.732 15127 15127 D AndroidRuntime: readGMSProperty: end
12-12 20:17:15.732 15127 15127 D AndroidRuntime: addProductProperty: start
12-12 20:17:15.742   675   960 I ServiceKeeper: In getappinfo pid = 675 pkgName = android appinfo = null
12-12 20:17:15.742   675   960 I ServiceKeeper: In getseinfo pid = 675 uid = 1000 seinfo= system
12-12 20:17:15.752 15127 15127 D dalvikvm: Trying to load lib libjavacore.so 0x0
12-12 20:17:15.752 15127 15127 D dalvikvm: Added shared lib libjavacore.so 0x0
12-12 20:17:15.752 15127 15127 D dalvikvm: Trying to load lib libnativehelper.so 0x0
12-12 20:17:15.752 15127 15127 D dalvikvm: Added shared lib libnativehelper.so 0x0
12-12 20:17:15.752 15127 15127 D dalvikvm: No JNI_OnLoad found in libnativehelper.so 0x0, skipping init
12-12 20:17:15.782   675   960 I ServiceKeeper: In getappinfo pid = 675 pkgName = android appinfo = null
12-12 20:17:15.782   675   960 I ServiceKeeper: In getseinfo pid = 675 uid = 1000 seinfo= system
12-12 20:17:15.802 12618 15092 I PTCommittedOperation: Receive new configuration for com.google.android.gms.matchstick
12-12 20:17:15.812   675   960 I ServiceKeeper: In getappinfo pid = 675 pkgName = android appinfo = null
12-12 20:17:15.812   675   960 I ServiceKeeper: In getseinfo pid = 675 uid = 1000 seinfo= system
12-12 20:17:15.822   675   960 I ServiceKeeper: In getappinfo pid = 675 pkgName = android appinfo = null
12-12 20:17:15.822   675   960 I ServiceKeeper: In getseinfo pid = 675 uid = 1000 seinfo= system
12-12 20:17:15.862 15127 15127 E memtrack: Couldn't load memtrack module (No such file or directory)
12-12 20:17:15.862 15127 15127 E android.os.Debug: failed to load memtrack module: -2
12-12 20:17:15.862   675   960 I ServiceKeeper: In getappinfo pid = 675 pkgName = android appinfo = null
12-12 20:17:15.862   675   960 I ServiceKeeper: In getseinfo pid = 675 uid = 1000 seinfo= system
12-12 20:17:15.882 15127 15127 D dalvikvm: Note: class Landroid/app/ActivityManagerNative; has 192 unimplemented (abstract) methods
12-12 20:17:15.892 12618 14943 W NetRec  : [1244] ConfigChangedIntentOperation.onHandleIntent: Device does not support scoring, exiting
12-12 20:17:15.892   675  1823 D EnterpriseDeviceManager: ContainerId: 0
12-12 20:17:15.892   675  1823 W LicenseLogService: log() failed
12-12 20:17:15.902 12830 14945 I SettingsChangedIntentOp: SettingsChangedIntentOperation.run: Got intent Intent { act=com.google.android.gms.phenotype.COMMITTED flg=0x10 pkg=com.google.android.gms cmp=com.google.android.gms/.chimera.GmsIntentOperationService (has extras) }
12-12 20:17:15.902 12830 14945 I SettingsChangedIntentOp: SettingsChangedIntentOperation.run Intent extra com.google.android.gms.phenotype.PACKAGE_NAME: com.google.android.gms.romanesco
12-12 20:17:15.902   675  1273 D LocationManagerService: getLastLocation: Request[POWER_NONE passive fastest=0 num=1]
12-12 20:17:15.902 12830 14945 I SettingsChangedIntentOp: Action: com.google.android.gms.phenotype.COMMITTED
12-12 20:17:15.932 12830 14945 I SettingsChangedIntentOp: EXTRA_PACKAGE_NAME: com.google.android.gms.romanesco
12-12 20:17:15.932 15127 15127 D AndroidRuntime: Calling main entry com.android.commands.pm.Pm
12-12 20:17:15.962   675   960 I ServiceKeeper: In getappinfo pid = 675 pkgName = android appinfo = null
12-12 20:17:15.962   675   960 I ServiceKeeper: In getseinfo pid = 675 uid = 1000 seinfo= system
12-12 20:17:16.002   675  1385 D LocationManagerService: getLastLocation: Request[POWER_NONE passive fastest=0 num=1]
12-12 20:17:16.012   675   960 I ServiceKeeper: In getappinfo pid = 675 pkgName = android appinfo = null
12-12 20:17:16.012   675   960 I ServiceKeeper: In getseinfo pid = 675 uid = 1000 seinfo= system
12-12 20:17:16.032 12618 15092 I PTCommittedOperation: Receive new configuration for com.google.android.gms.romanesco
12-12 20:17:16.042   675   960 I ServiceKeeper: In getappinfo pid = 675 pkgName = android appinfo = null
12-12 20:17:16.042   675   960 I ServiceKeeper: In getseinfo pid = 675 uid = 1000 seinfo= system
12-12 20:17:16.042   675   960 I ServiceKeeper: In getappinfo pid = 675 pkgName = android appinfo = null
12-12 20:17:16.042   675   960 I ServiceKeeper: In getseinfo pid = 675 uid = 1000 seinfo= system
12-12 20:17:16.042   675   960 I ServiceKeeper: In getappinfo pid = 675 pkgName = android appinfo = null
12-12 20:17:16.042   675   960 I ServiceKeeper: In getseinfo pid = 675 uid = 1000 seinfo= system
12-12 20:17:16.072 15127 15127 D AndroidRuntime: Shutting down VM
12-12 20:17:16.082 15127 15132 D dalvikvm: GC_CONCURRENT freed 622K, 47% free 716K/1344K, paused 0ms+0ms, total 3ms
12-12 20:17:16.112   675  1385 D EnterpriseDeviceManager: ContainerId: 0
12-12 20:17:16.112   675  1385 W LicenseLogService: log() failed
12-12 20:17:16.112 12618 15120 W NetRec  : [1255] ConfigChangedIntentOperation.onHandleIntent: Device does not support scoring, exiting
12-12 20:17:16.122 12830 15104 I SettingsChangedIntentOp: SettingsChangedIntentOperation.run: Got intent Intent { act=com.google.android.gms.phenotype.COMMITTED flg=0x10 pkg=com.google.android.gms cmp=com.google.android.gms/.chimera.GmsIntentOperationService (has extras) }
12-12 20:17:16.122 12830 15104 I SettingsChangedIntentOp: SettingsChangedIntentOperation.run Intent extra com.google.android.gms.phenotype.PACKAGE_NAME: com.google.android.gms.ulr
12-12 20:17:16.122 12830 15104 I SettingsChangedIntentOp: Action: com.google.android.gms.phenotype.COMMITTED
12-12 20:17:16.122 12830 15104 I SettingsChangedIntentOp: EXTRA_PACKAGE_NAME: com.google.android.gms.ulr
12-12 20:17:16.122   675   960 I ServiceKeeper: In getappinfo pid = 675 pkgName = android appinfo = null
12-12 20:17:16.122   675   960 I ServiceKeeper: In getseinfo pid = 675 uid = 1000 seinfo= system
12-12 20:17:16.142   675   960 I ServiceKeeper: In getappinfo pid = 675 pkgName = android appinfo = null
12-12 20:17:16.142   675   960 I ServiceKeeper: In getseinfo pid = 675 uid = 1000 seinfo= system
12-12 20:17:16.152 12618 14943 I PTCommittedOperation: Receive new configuration for com.google.android.gms.ulr
12-12 20:17:16.152 12618 15093 I GCoreUlr: Starting service, intent=Intent { act=com.google.android.location.reporting.ACTION_UPDATE_WORLD cmp=com.google.android.gms/com.google.android.location.reporting.service.DispatchingService (has extras) }, extras=Bundle[{receiverAction=com.google.gservices.intent.action.GSERVICES_CHANGED}]
12-12 20:17:16.152   675   960 I ServiceKeeper: In getappinfo pid = 675 pkgName = android appinfo = null
12-12 20:17:16.152   675   960 I ServiceKeeper: In getseinfo pid = 675 uid = 1000 seinfo= system
12-12 20:17:16.152   675   960 I ServiceKeeper: In getappinfo pid = 675 pkgName = android appinfo = null
12-12 20:17:16.152   675   960 I ServiceKeeper: In getseinfo pid = 675 uid = 1000 seinfo= system
12-12 20:17:16.192 12618 15120 W NetRec  : [1255] ConfigChangedIntentOperation.onHandleIntent: Device does not support scoring, exiting
12-12 20:17:16.272   675   685 D dalvikvm: GC_CONCURRENT freed 7179K, 31% free 45283K/64760K, paused 6ms+8ms, total 141ms
12-12 20:17:16.272   675  1385 D dalvikvm: WAIT_FOR_CONCURRENT_GC blocked 77ms
12-12 20:17:16.272   675  1387 D dalvikvm: WAIT_FOR_CONCURRENT_GC blocked 78ms
12-12 20:17:16.272   675  1388 D dalvikvm: WAIT_FOR_CONCURRENT_GC blocked 78ms
12-12 20:17:16.272   675  1387 D EnterpriseDeviceManager: ContainerId: 0
12-12 20:17:16.272   675  1387 W LicenseLogService: log() failed
12-12 20:17:16.272   675   935 D dalvikvm: WAIT_FOR_CONCURRENT_GC blocked 79ms
12-12 20:17:16.302   675   960 I ServiceKeeper: In getappinfo pid = 675 pkgName = android appinfo = null
12-12 20:17:16.302   675   960 I ServiceKeeper: In getseinfo pid = 675 uid = 1000 seinfo= system
12-12 20:17:16.302   675   960 I ServiceKeeper: In getappinfo pid = 675 pkgName = android appinfo = null
12-12 20:17:16.302   675   960 I ServiceKeeper: In getseinfo pid = 675 uid = 1000 seinfo= system
12-12 20:17:16.302   675   960 I ServiceKeeper: In getappinfo pid = 675 pkgName = android appinfo = null
12-12 20:17:16.302   675   960 I ServiceKeeper: In getseinfo pid = 675 uid = 1000 seinfo= system
12-12 20:17:16.302   675   960 I ServiceKeeper: In getappinfo pid = 675 pkgName = android appinfo = null
12-12 20:17:16.302   675   960 I ServiceKeeper: In getseinfo pid = 675 uid = 1000 seinfo= system
12-12 20:17:16.312   675   960 I ServiceKeeper: In getappinfo pid = 675 pkgName = android appinfo = null
12-12 20:17:16.312   675   960 I ServiceKeeper: In getseinfo pid = 675 uid = 1000 seinfo= system
12-12 20:17:16.312 12618 15141 I GCoreUlr: WorldUpdater received intent Intent { act=com.google.android.location.reporting.ACTION_UPDATE_WORLD cmp=com.google.android.gms/com.google.android.location.reporting.service.DispatchingService (has extras) } with receiverAction com.google.gservices.intent.action.GSERVICES_CHANGED
12-12 20:17:16.322 15066 15066 I PersonaManager: getPersonaService() name persona_policy
12-12 20:17:16.332 15066 15066 D skia    : GFXPNG PNG bitmap created width:48 height:48 bitmap id is 2 
12-12 20:17:16.332 12618 15092 I PTCommittedOperation: Receive new configuration for com.google.android.gms.reachability
12-12 20:17:16.332 15066 15066 I PersonaManager: getPersonaService() name persona_policy
12-12 20:17:16.332 12830 14942 I SettingsChangedIntentOp: SettingsChangedIntentOperation.run: Got intent Intent { act=com.google.android.gms.phenotype.COMMITTED flg=0x10 pkg=com.google.android.gms cmp=com.google.android.gms/.chimera.GmsIntentOperationService (has extras) }
12-12 20:17:16.332 12830 14942 I SettingsChangedIntentOp: SettingsChangedIntentOperation.run Intent extra com.google.android.gms.phenotype.PACKAGE_NAME: com.google.android.gms.reachability
12-12 20:17:16.342   675   960 I ServiceKeeper: In getappinfo pid = 675 pkgName = android appinfo = null
12-12 20:17:16.342 12830 14942 I SettingsChangedIntentOp: Action: com.google.android.gms.phenotype.COMMITTED
12-12 20:17:16.342 12830 14942 I SettingsChangedIntentOp: EXTRA_PACKAGE_NAME: com.google.android.gms.reachability
12-12 20:17:16.352   675   960 I ServiceKeeper: In getseinfo pid = 675 uid = 1000 seinfo= system
12-12 20:17:16.352   675   960 I ServiceKeeper: In getappinfo pid = 675 pkgName = android appinfo = null
12-12 20:17:16.352   675   960 I ServiceKeeper: In getseinfo pid = 675 uid = 1000 seinfo= system
12-12 20:17:16.352   675   960 I ServiceKeeper: In getappinfo pid = 675 pkgName = android appinfo = null
12-12 20:17:16.352   675   960 I ServiceKeeper: In getseinfo pid = 675 uid = 1000 seinfo= system
12-12 20:17:16.352   675   960 I ServiceKeeper: In getappinfo pid = 675 pkgName = android appinfo = null
12-12 20:17:16.352   675   960 I ServiceKeeper: In getseinfo pid = 675 uid = 1000 seinfo= system
12-12 20:17:16.362 12618 12622 D dalvikvm: GC_CONCURRENT freed 1981K, 24% free 21015K/27352K, paused 3ms+6ms, total 52ms
12-12 20:17:16.362 12618 15141 I GCoreUlr: WorldUpdater:com.google.gservices.intent.action.GSERVICES_CHANGED: Ensuring that reporting is stopped because of reasons: (no Google accounts)
12-12 20:17:16.362   675   960 I ServiceKeeper: In getappinfo pid = 675 pkgName = android appinfo = null
12-12 20:17:16.362   675   960 I ServiceKeeper: In getseinfo pid = 675 uid = 1000 seinfo= system
12-12 20:17:16.372   675   960 I ServiceKeeper: In getappinfo pid = 675 pkgName = android appinfo = null
12-12 20:17:16.372   675   960 I ServiceKeeper: In getseinfo pid = 675 uid = 1000 seinfo= system
12-12 20:17:16.382 12618 15141 I GCoreUlr: Unbound from all location providers
12-12 20:17:16.382 12618 15141 I GCoreUlr: Place inference reporting - stop
12-12 20:17:16.392 12618 15120 W NetRec  : [1255] ConfigChangedIntentOperation.onHandleIntent: Device does not support scoring, exiting
12-12 20:17:16.392   675  1026 D EnterpriseDeviceManager: ContainerId: 0
12-12 20:17:16.392   675  1026 W LicenseLogService: log() failed
12-12 20:17:16.402   675   960 I ServiceKeeper: In getappinfo pid = 675 pkgName = android appinfo = null
12-12 20:17:16.402   675   960 I ServiceKeeper: In getseinfo pid = 675 uid = 1000 seinfo= system
12-12 20:17:16.402 15066 15066 I AccessibilityNodeInfoDumper: Skipping invisible child: android.view.accessibility.AccessibilityNodeInfo@ce67; boundsInParent: Rect(0, 0 - 0, 144); boundsInScreen: Rect(1080, 75 - 1080, 219); packageName: com.wssyncmldm; className: android.widget.LinearLayout; text: null; contentDescription: null; viewIdResName: null; checkable: false; checked: false; focusable: false; focused: false; selected: false; clickable: false; longClickable: false; enabled: true; password: false; scrollable: false; [ACTION_SELECT, ACTION_CLEAR_SELECTION, ACTION_ACCESSIBILITY_FOCUS]
12-12 20:17:16.412 15066 15066 I AccessibilityNodeInfoDumper: Skipping invisible child: android.view.accessibility.AccessibilityNodeInfo@9257; boundsInParent: Rect(0, 0 - 984, 68); boundsInScreen: Rect(48, 2816 - 1032, 2884); packageName: com.wssyncmldm; className: android.widget.TextView; text: Notice; contentDescription: null; viewIdResName: com.wssyncmldm:id/tv_caution; checkable: false; checked: false; focusable: false; focused: false; selected: false; clickable: false; longClickable: false; enabled: true; password: false; scrollable: false; [ACTION_SELECT, ACTION_CLEAR_SELECTION, ACTION_ACCESSIBILITY_FOCUS, ACTION_NEXT_AT_MOVEMENT_GRANULARITY, ACTION_PREVIOUS_AT_MOVEMENT_GRANULARITY, ACTION_SET_SELECTION]
12-12 20:17:16.412 15066 15066 I AccessibilityNodeInfoDumper: Skipping invisible child: android.view.accessibility.AccessibilityNodeInfo@c324; boundsInParent: Rect(0, 0 - 984, 1152); boundsInScreen: Rect(48, 2896 - 1032, 4048); packageName: com.wssyncmldm; className: android.widget.FrameLayout; text: null; contentDescription: null; viewIdResName: com.wssyncmldm:id/Frame_install; checkable: false; checked: false; focusable: false; focused: false; selected: false; clickable: false; longClickable: false; enabled: true; password: false; scrollable: false; [ACTION_SELECT, ACTION_CLEAR_SELECTION, ACTION_ACCESSIBILITY_FOCUS]
12-12 20:17:16.412 15066 15066 W AccessibilityNodeInfoDumper: Fetch time: 11ms
12-12 20:17:16.412 12830 14945 I SettingsChangedIntentOp: SettingsChangedIntentOperation.run: Got intent Intent { act=com.google.android.gms.phenotype.COMMITTED flg=0x10 pkg=com.google.android.gms cmp=com.google.android.gms/.chimera.GmsIntentOperationService (has extras) }
12-12 20:17:16.422 12830 14945 I SettingsChangedIntentOp: SettingsChangedIntentOperation.run Intent extra com.google.android.gms.phenotype.PACKAGE_NAME: com.google.android.gms.feedback
12-12 20:17:16.422 12830 14945 I SettingsChangedIntentOp: Action: com.google.android.gms.phenotype.COMMITTED
12-12 20:17:16.422 12830 14945 I SettingsChangedIntentOp: EXTRA_PACKAGE_NAME: com.google.android.gms.feedback
12-12 20:17:16.422   675   960 I ServiceKeeper: In getappinfo pid = 675 pkgName = android appinfo = null
12-12 20:17:16.422   675   960 I ServiceKeeper: In getseinfo pid = 675 uid = 1000 seinfo= system
12-12 20:17:16.422   675   960 I ServiceKeeper: In getappinfo pid = 675 pkgName = android appinfo = null
12-12 20:17:16.432   675   960 I ServiceKeeper: In getseinfo pid = 675 uid = 1000 seinfo= system
12-12 20:17:16.432   675   960 I ServiceKeeper: In getappinfo pid = 675 pkgName = android appinfo = null
12-12 20:17:16.432   675   960 I ServiceKeeper: In getseinfo pid = 675 uid = 1000 seinfo= system
12-12 20:17:16.432   675   960 I ServiceKeeper: In getappinfo pid = 675 pkgName = android appinfo = null
12-12 20:17:16.432   675   960 I ServiceKeeper: In getseinfo pid = 675 uid = 1000 seinfo= system
12-12 20:17:16.442   675   960 I ServiceKeeper: In getappinfo pid = 675 pkgName = android appinfo = null
12-12 20:17:16.442   675   960 I ServiceKeeper: In getseinfo pid = 675 uid = 1000 seinfo= system
12-12 20:17:16.442   675   960 I ServiceKeeper: In getappinfo pid = 675 pkgName = android appinfo = null
12-12 20:17:16.442   675   960 I ServiceKeeper: In getseinfo pid = 675 uid = 1000 seinfo= system
12-12 20:17:16.442 12618 15141 I GCoreUlr: DispatchingService ignoring Intent { act=android.net.wifi.WIFI_STATE_CHANGED flg=0x4000010 (has extras) } because ULR inactive
12-12 20:17:16.442   675   960 I ServiceKeeper: In getappinfo pid = 675 pkgName = android appinfo = null
12-12 20:17:16.442   675   960 I ServiceKeeper: In getseinfo pid = 675 uid = 1000 seinfo= system
12-12 20:17:16.462 12618 15120 I PTCommittedOperation: Receive new configuration for com.google.android.gms.feedback
12-12 20:17:16.472   675   960 I ServiceKeeper: In getappinfo pid = 675 pkgName = android appinfo = null
12-12 20:17:16.472   675   960 I ServiceKeeper: In getseinfo pid = 675 uid = 1000 seinfo= system
12-12 20:17:16.472   675   960 I ServiceKeeper: In getappinfo pid = 675 pkgName = android appinfo = null
12-12 20:17:16.472   675   960 I ServiceKeeper: In getseinfo pid = 675 uid = 1000 seinfo= system
12-12 20:17:16.482 12618 15120 W NetRec  : [1255] ConfigChangedIntentOperation.onHandleIntent: Device does not support scoring, exiting
12-12 20:17:16.482   675  1822 D EnterpriseDeviceManager: ContainerId: 0
12-12 20:17:16.482   675  1822 W LicenseLogService: log() failed
12-12 20:17:16.482 12618 12618 I GCoreUlr: Stopping handler for UlrDispSvcFast
12-12 20:17:16.492   675   960 I ServiceKeeper: In getappinfo pid = 675 pkgName = android appinfo = null
12-12 20:17:16.492   675   960 I ServiceKeeper: In getseinfo pid = 675 uid = 1000 seinfo= system
12-12 20:17:16.492   675   960 I ServiceKeeper: In getappinfo pid = 675 pkgName = android appinfo = null
12-12 20:17:16.492   675   960 I ServiceKeeper: In getseinfo pid = 675 uid = 1000 seinfo= system
12-12 20:17:16.492 12618 12618 I GCoreUlr: Unbound from all location providers
12-12 20:17:16.492 12618 12618 I GCoreUlr: Place inference reporting - stop
12-12 20:17:16.512 12830 14947 I SettingsChangedIntentOp: SettingsChangedIntentOperation.run: Got intent Intent { act=com.google.android.gms.phenotype.COMMITTED flg=0x10 pkg=com.google.android.gms cmp=com.google.android.gms/.chimera.GmsIntentOperationService (has extras) }
12-12 20:17:16.512 12830 14947 I SettingsChangedIntentOp: SettingsChangedIntentOperation.run Intent extra com.google.android.gms.phenotype.PACKAGE_NAME: com.google.android.gms.walletp2p#config
12-12 20:17:16.512 12830 14947 I SettingsChangedIntentOp: Action: com.google.android.gms.phenotype.COMMITTED
12-12 20:17:16.512 12830 14947 I SettingsChangedIntentOp: EXTRA_PACKAGE_NAME: com.google.android.gms.walletp2p#config
12-12 20:17:16.522   675   960 I ServiceKeeper: In getappinfo pid = 675 pkgName = android appinfo = null
12-12 20:17:16.522   675   960 I ServiceKeeper: In getseinfo pid = 675 uid = 1000 seinfo= system
12-12 20:17:16.532 12618 15101 W NetRec  : [1254] ConfigChangedIntentOperation.onHandleIntent: Device does not support scoring, exiting
12-12 20:17:16.532   675  1387 D EnterpriseDeviceManager: ContainerId: 0
12-12 20:17:16.532   675  1387 W LicenseLogService: log() failed
12-12 20:17:16.542   675   960 I ServiceKeeper: In getappinfo pid = 675 pkgName = android appinfo = null
12-12 20:17:16.542   675   960 I ServiceKeeper: In getseinfo pid = 675 uid = 1000 seinfo= system
12-12 20:17:16.542   675   960 I ServiceKeeper: In getappinfo pid = 675 pkgName = android appinfo = null
12-12 20:17:16.542 12618 15101 I PTCommittedOperation: Receive new configuration for com.google.android.gms.walletp2p#config
12-12 20:17:16.552   675   960 I ServiceKeeper: In getseinfo pid = 675 uid = 1000 seinfo= system
12-12 20:17:16.552   675   960 I ServiceKeeper: In getappinfo pid = 675 pkgName = android appinfo = null
12-12 20:17:16.552   675   960 I ServiceKeeper: In getseinfo pid = 675 uid = 1000 seinfo= system
12-12 20:17:16.552   675   960 I ServiceKeeper: In getappinfo pid = 675 pkgName = android appinfo = null
12-12 20:17:16.552   675   960 I ServiceKeeper: In getseinfo pid = 675 uid = 1000 seinfo= system
12-12 20:17:16.552   675   960 I ServiceKeeper: In getappinfo pid = 675 pkgName = android appinfo = null
12-12 20:17:16.552   675   960 I ServiceKeeper: In getseinfo pid = 675 uid = 1000 seinfo= system
12-12 20:17:16.562 12618 15101 I PTCommittedOperation: Receive new configuration for com.google.android.gms.nearby
12-12 20:17:16.562   675   960 I ServiceKeeper: In getappinfo pid = 675 pkgName = android appinfo = null
12-12 20:17:16.572 12830 14944 I SettingsChangedIntentOp: SettingsChangedIntentOperation.run: Got intent Intent { act=com.google.android.gms.phenotype.COMMITTED flg=0x10 pkg=com.google.android.gms cmp=com.google.android.gms/.chimera.GmsIntentOperationService (has extras) }
12-12 20:17:16.572 12830 14944 I SettingsChangedIntentOp: SettingsChangedIntentOperation.run Intent extra com.google.android.gms.phenotype.PACKAGE_NAME: com.google.android.gms.nearby
12-12 20:17:16.572 12830 14944 I SettingsChangedIntentOp: Action: com.google.android.gms.phenotype.COMMITTED
12-12 20:17:16.572 12830 14944 I SettingsChangedIntentOp: EXTRA_PACKAGE_NAME: com.google.android.gms.nearby
12-12 20:17:16.582   675   960 I ServiceKeeper: In getseinfo pid = 675 uid = 1000 seinfo= system
12-12 20:17:16.582   675   960 I ServiceKeeper: In getappinfo pid = 675 pkgName = android appinfo = null
12-12 20:17:16.582   675   960 I ServiceKeeper: In getseinfo pid = 675 uid = 1000 seinfo= system
12-12 20:17:16.582   675   960 I ServiceKeeper: In getappinfo pid = 675 pkgName = android appinfo = null
12-12 20:17:16.582   675   960 I ServiceKeeper: In getseinfo pid = 675 uid = 1000 seinfo= system
12-12 20:17:16.582   675   960 I ServiceKeeper: In getappinfo pid = 675 pkgName = android appinfo = null
12-12 20:17:16.582   675   960 I ServiceKeeper: In getseinfo pid = 675 uid = 1000 seinfo= system
12-12 20:17:16.592   675   960 I ServiceKeeper: In getappinfo pid = 675 pkgName = android appinfo = null
12-12 20:17:16.592   675   960 I ServiceKeeper: In getseinfo pid = 675 uid = 1000 seinfo= system
12-12 20:17:16.592   675   960 I ServiceKeeper: In getappinfo pid = 675 pkgName = android appinfo = null
12-12 20:17:16.592   675   960 I ServiceKeeper: In getseinfo pid = 675 uid = 1000 seinfo= system
12-12 20:17:16.612 12618 15120 W NetRec  : [1255] ConfigChangedIntentOperation.onHandleIntent: Device does not support scoring, exiting
12-12 20:17:16.612   675   692 D EnterpriseDeviceManager: ContainerId: 0
12-12 20:17:16.612   675   692 W LicenseLogService: log() failed
12-12 20:17:16.622 12830 14947 I SettingsChangedIntentOp: SettingsChangedIntentOperation.run: Got intent Intent { act=com.google.android.gms.phenotype.COMMITTED flg=0x10 pkg=com.google.android.gms cmp=com.google.android.gms/.chimera.GmsIntentOperationService (has extras) }
12-12 20:17:16.622 12830 14947 I SettingsChangedIntentOp: SettingsChangedIntentOperation.run Intent extra com.google.android.gms.phenotype.PACKAGE_NAME: com.google.android.gms.devicedoctor
12-12 20:17:16.622 12830 14947 I SettingsChangedIntentOp: Action: com.google.android.gms.phenotype.COMMITTED
12-12 20:17:16.622 12830 14947 I SettingsChangedIntentOp: EXTRA_PACKAGE_NAME: com.google.android.gms.devicedoctor
12-12 20:17:16.632   675   960 I ServiceKeeper: In getappinfo pid = 675 pkgName = android appinfo = null
12-12 20:17:16.632   675   960 I ServiceKeeper: In getseinfo pid = 675 uid = 1000 seinfo= system
12-12 20:17:16.642   675   960 I ServiceKeeper: In getappinfo pid = 675 pkgName = android appinfo = null
12-12 20:17:16.642   675   960 I ServiceKeeper: In getseinfo pid = 675 uid = 1000 seinfo= system
12-12 20:17:16.652 15144 15144 D AndroidRuntime: 
12-12 20:17:16.652 15144 15144 D AndroidRuntime: >>>>>> AndroidRuntime START com.android.internal.os.RuntimeInit <<<<<<
12-12 20:17:16.652 15144 15144 D AndroidRuntime: CheckJNI is OFF
12-12 20:17:16.652 15144 15144 D AndroidRuntime: setted country_code = USA
12-12 20:17:16.652 15144 15144 D AndroidRuntime: setted countryiso_code = US
12-12 20:17:16.652 15144 15144 D AndroidRuntime: setted sales_code = TMB
12-12 20:17:16.652 15144 15144 D AndroidRuntime: readGMSProperty: start
12-12 20:17:16.652 15144 15144 D AndroidRuntime: readGMSProperty: already setted!!
12-12 20:17:16.652 15144 15144 D AndroidRuntime: readGMSProperty: end
12-12 20:17:16.652 15144 15144 D AndroidRuntime: addProductProperty: start
12-12 20:17:16.662 12618 14943 I PTCommittedOperation: Receive new configuration for com.google.android.gms.devicedoctor
12-12 20:17:16.662 12618 14943 I PTCommittedOperation: Running Fixer Framework for com.google.android.gms.devicedoctor
12-12 20:17:16.662   675   960 I ServiceKeeper: In getappinfo pid = 675 pkgName = android appinfo = null
12-12 20:17:16.662   675   960 I ServiceKeeper: In getseinfo pid = 675 uid = 1000 seinfo= system
12-12 20:17:16.662   675   960 I ServiceKeeper: In getappinfo pid = 675 pkgName = android appinfo = null
12-12 20:17:16.662   675   960 I ServiceKeeper: In getseinfo pid = 675 uid = 1000 seinfo= system
12-12 20:17:16.672 15144 15144 D dalvikvm: Trying to load lib libjavacore.so 0x0
12-12 20:17:16.672 15144 15144 D dalvikvm: Added shared lib libjavacore.so 0x0
12-12 20:17:16.672 15144 15144 D dalvikvm: Trying to load lib libnativehelper.so 0x0
12-12 20:17:16.672 15144 15144 D dalvikvm: Added shared lib libnativehelper.so 0x0
12-12 20:17:16.672 15144 15144 D dalvikvm: No JNI_OnLoad found in libnativehelper.so 0x0, skipping init
12-12 20:17:16.702 12618 15093 W NetRec  : [1253] ConfigChangedIntentOperation.onHandleIntent: Device does not support scoring, exiting
12-12 20:17:16.702   675  1390 D EnterpriseDeviceManager: ContainerId: 0
12-12 20:17:16.702   675  1390 W LicenseLogService: log() failed
12-12 20:17:16.712 12830 14949 I SettingsChangedIntentOp: SettingsChangedIntentOperation.run: Got intent Intent { act=com.google.android.gms.phenotype.COMMITTED flg=0x10 pkg=com.google.android.gms cmp=com.google.android.gms/.chimera.GmsIntentOperationService (has extras) }
12-12 20:17:16.712 12830 14949 I SettingsChangedIntentOp: SettingsChangedIntentOperation.run Intent extra com.google.android.gms.phenotype.PACKAGE_NAME: com.google.android.gms.thunderbird
12-12 20:17:16.712 12830 14949 I SettingsChangedIntentOp: Action: com.google.android.gms.phenotype.COMMITTED
12-12 20:17:16.712 12830 14949 I SettingsChangedIntentOp: EXTRA_PACKAGE_NAME: com.google.android.gms.thunderbird
12-12 20:17:16.722   675   960 I ServiceKeeper: In getappinfo pid = 675 pkgName = android appinfo = null
12-12 20:17:16.722   675   960 I ServiceKeeper: In getseinfo pid = 675 uid = 1000 seinfo= system
12-12 20:17:16.722   675   960 I ServiceKeeper: In getappinfo pid = 675 pkgName = android appinfo = null
12-12 20:17:16.722   675   960 I ServiceKeeper: In getseinfo pid = 675 uid = 1000 seinfo= system
12-12 20:17:16.732 12618 15092 I PTCommittedOperation: Receive new configuration for com.google.android.gms.thunderbird
12-12 20:17:16.742   675   960 I ServiceKeeper: In getappinfo pid = 675 pkgName = android appinfo = null
12-12 20:17:16.742   675   960 I ServiceKeeper: In getseinfo pid = 675 uid = 1000 seinfo= system
12-12 20:17:16.742   675   960 I ServiceKeeper: In getappinfo pid = 675 pkgName = android appinfo = null
12-12 20:17:16.742   675   960 I ServiceKeeper: In getseinfo pid = 675 uid = 1000 seinfo= system
12-12 20:17:16.762 12618 14943 W NetRec  : [1244] ConfigChangedIntentOperation.onHandleIntent: Device does not support scoring, exiting
12-12 20:17:16.762   675  1273 D EnterpriseDeviceManager: ContainerId: 0
12-12 20:17:16.762   675  1273 W LicenseLogService: log() failed
12-12 20:17:16.772 15144 15144 E memtrack: Couldn't load memtrack module (No such file or directory)
12-12 20:17:16.772 15144 15144 E android.os.Debug: failed to load memtrack module: -2
12-12 20:17:16.772 12830 14944 I SettingsChangedIntentOp: SettingsChangedIntentOperation.run: Got intent Intent { act=com.google.android.gms.phenotype.COMMITTED flg=0x10 pkg=com.google.android.gms cmp=com.google.android.gms/.chimera.GmsIntentOperationService (has extras) }
12-12 20:17:16.772 12830 14944 I SettingsChangedIntentOp: SettingsChangedIntentOperation.run Intent extra com.google.android.gms.phenotype.PACKAGE_NAME: com.google.android.gms.wearable
12-12 20:17:16.782 12830 14944 I SettingsChangedIntentOp: Action: com.google.android.gms.phenotype.COMMITTED
12-12 20:17:16.782 12830 14944 I SettingsChangedIntentOp: EXTRA_PACKAGE_NAME: com.google.android.gms.wearable
12-12 20:17:16.782   675   960 I ServiceKeeper: In getappinfo pid = 675 pkgName = android appinfo = null
12-12 20:17:16.782   675   960 I ServiceKeeper: In getseinfo pid = 675 uid = 1000 seinfo= system
12-12 20:17:16.782 12618 15093 I PTCommittedOperation: Receive new configuration for com.google.android.gms.wearable
12-12 20:17:16.792   675   960 I ServiceKeeper: In getappinfo pid = 675 pkgName = android appinfo = null
12-12 20:17:16.792 15144 15144 D dalvikvm: Note: class Landroid/app/ActivityManagerNative; has 192 unimplemented (abstract) methods
12-12 20:17:16.792   675   960 I ServiceKeeper: In getseinfo pid = 675 uid = 1000 seinfo= system
12-12 20:17:16.792   675   960 I ServiceKeeper: In getappinfo pid = 675 pkgName = android appinfo = null
12-12 20:17:16.792   675   960 I ServiceKeeper: In getseinfo pid = 675 uid = 1000 seinfo= system
12-12 20:17:16.802   675   960 I ServiceKeeper: In getappinfo pid = 675 pkgName = android appinfo = null
12-12 20:17:16.802   675   960 I ServiceKeeper: In getseinfo pid = 675 uid = 1000 seinfo= system
12-12 20:17:16.822   675   692 D EnterpriseDeviceManager: ContainerId: 0
12-12 20:17:16.822   675   692 W LicenseLogService: log() failed
12-12 20:17:16.822 12618 14943 W NetRec  : [1244] ConfigChangedIntentOperation.onHandleIntent: Device does not support scoring, exiting
12-12 20:17:16.832 12830 14936 I SettingsChangedIntentOp: SettingsChangedIntentOperation.run: Got intent Intent { act=com.google.android.gms.phenotype.COMMITTED flg=0x10 pkg=com.google.android.gms cmp=com.google.android.gms/.chimera.GmsIntentOperationService (has extras) }
