12-12 20:17:14.842   253   253 E SMD     : DCD ON
12-12 20:17:14.842   675   976 D PowerManagerService: [api] SettingsObserver: onChange: content://settings/system
12-12 20:17:14.842   675  2599 D SSRMv2:TSP:AirViewOnOff: DeviceInfo:: 00000000000
12-12 20:17:14.842   675  2599 D SSRMv2:TSP:AirViewOnOff: SettingsAirViewInfo:: 000000000
12-12 20:17:14.852  3045  3045 D PagebuddyK: isRecommendedAppsEnable = 1
12-12 20:17:14.852  3045  3045 D PagebuddyK: isRecommendedAppsAutoRoaming = 0
12-12 20:17:14.852  3045  3045 D PagebuddyK: isRecommendedAppsEnable = 1
12-12 20:17:14.852  3045  3045 D PagebuddyK: isRecommendedAppsAutoRoaming = 0
12-12 20:17:14.852  3045  3045 D PagebuddyK: isRecommendedAppsEnable = 1
12-12 20:17:14.852  3045  3045 D PagebuddyK: isRecommendedAppsAutoRoaming = 0
12-12 20:17:14.852  3045  3045 D PagebuddyK: isRecommendedAppsEnable = 1
12-12 20:17:14.852  3045  3045 D PagebuddyK: isRecommendedAppsAutoRoaming = 0
12-12 20:17:14.852   675   675 D STATUSBAR-NotificationService: received android.intent.action.DORMANT_MODE_OFF
12-12 20:17:14.852   675   675 D LightsService: [api] [SvcLED] turnOff:: id = 4 (uid: 1000 pid: 675) 
12-12 20:17:14.852   675   675 D LightsService: [SvcLED] setSvcLedStateLocked:: SvcLEDState : 0x0 -> 0x0 | SvcLED(id=4) set Off
12-12 20:17:14.852   675  2599 D SSRMv2:TSP:AirViewOnOff: DeviceInfo:: 00000000000
12-12 20:17:14.852   675   971 D LightsService: [SvcLED] Lux failed to be updated in 700ms. -> handleForcedSvcLEDTasK
12-12 20:17:14.852   675   971 D LightsService: [SvcLED]  setSvcLedLightLocked :: Current SvcLED(id=3) maintains its priority right
12-12 20:17:14.852   675  2599 D SSRMv2:TSP:AirViewOnOff: SettingsAirViewInfo:: 000000000
12-12 20:17:14.852   675   976 D PowerManagerService: [api] updateSettingsLocked : mDreamsEnabledSetting: false mDreamsActivateOnSleepSetting: true mDreamsActivateOnDockSetting: false mScreenOffTimeoutSetting: 900000 mStayOnWhilePluggedInSetting: 3 mScreenBrightnessSetting: 172 mDynamicAutoBrightnessRatioValueSetting: 100 mScreenAutoBrightnessAdjustmentSetting: 0.0 mScreenBrightnessModeSetting: 0 mSmartStayEnabledSetting: false mTouchKeyOffTimeoutSetting: 1500 mPowerSaveModeSettingBroadcasted false mLimitedPerformanceBroadcasted true mTouchKeyForceDisableOverrideFromSystemPowerSaveMode: false mATTautoPowerSavingModeSetting: false mATTautoPowerSavingModeSuspend: false mEmergencyMode false mAutoPowerOffTimeoutSetting: 0 mSecuredLockEnableSetting: 0 mSecuredLockTimeoutSetting: -1
12-12 20:17:14.862   675   976 D PowerManagerService: [api] SettingsObserver: onChange: content://settings/system
12-12 20:17:14.862  1063  1063 D StatusBar-DoNotDistrub: sendBroadcast android.intent.action.DORMANT_MODE_OFF
12-12 20:17:14.872   675  1387 I AudioService: getStreamVolume 5 index 0
12-12 20:17:14.872  1063  1063 D StatusBar-DoNotDistrub: The STREAM NOTIFICATION volume is 0
12-12 20:17:14.872   675   675 D STATUSBAR-NotificationService: received android.intent.action.DORMANT_MODE_OFF
12-12 20:17:14.872   675   675 D LightsService: [api] [SvcLED] turnOff:: id = 4 (uid: 1000 pid: 675) 
12-12 20:17:14.872   675   675 D LightsService: [SvcLED] setSvcLedStateLocked:: SvcLEDState : 0x0 -> 0x0 | SvcLED(id=4) set Off
12-12 20:17:14.872   675  1025 D STATUSBAR-StatusBarManagerService: manageDisableList what=0x0 pkg=com.android.systemui
12-12 20:17:14.882   675  1025 D EnterpriseDeviceManager: ContainerId: 0
12-12 20:17:14.882   675  1388 I AudioService: getStreamVolume 5 index 0
12-12 20:17:14.882   675   692 D EnterpriseDeviceManager: ContainerId: 0
12-12 20:17:14.882   675   971 D LightsService: [SvcLED] Lux failed to be updated in 700ms. -> handleForcedSvcLEDTasK
12-12 20:17:14.882   675   971 D LightsService: [SvcLED]  setSvcLedLightLocked :: Current SvcLED(id=3) maintains its priority right
12-12 20:17:14.882  1063  1063 D StatusBar-DoNotDistrub: Dormant settings changed. DormantModeObserver
12-12 20:17:14.882   675  1038 D MotionRecognitionService: Palm motion, result = 0 motion_event =  131072
12-12 20:17:14.882   675  2599 W ContextImpl: Calling a method in the system process without a qualified user: android.app.ContextImpl.sendBroadcast:1491 com.android.server.ssrm.PowerSavingMode$UltraPowerSavingModeObserver.onChange:109 android.database.ContentObserver.onChange:129 android.database.ContentObserver$NotificationRunnable.run:180 android.os.Handler.handleCallback:733 
12-12 20:17:14.882  1063  1063 D StatusBar-DoNotDistrub: sendBroadcast android.intent.action.DORMANT_MODE_OFF
12-12 20:17:14.882  1063  1063 D StatusBar-DoNotDistrub: The STREAM NOTIFICATION volume is 0
12-12 20:17:14.882   675   675 D STATUSBAR-NotificationService: received android.intent.action.DORMANT_MODE_OFF
12-12 20:17:14.882   675   675 D LightsService: [api] [SvcLED] turnOff:: id = 4 (uid: 1000 pid: 675) 
12-12 20:17:14.882   675   675 D LightsService: [SvcLED] setSvcLedStateLocked:: SvcLEDState : 0x0 -> 0x0 | SvcLED(id=4) set Off
12-12 20:17:14.882   675   692 D STATUSBAR-StatusBarManagerService: manageDisableList what=0x0 pkg=com.android.systemui
12-12 20:17:14.882   675   971 D LightsService: [SvcLED] Lux failed to be updated in 700ms. -> handleForcedSvcLEDTasK
12-12 20:17:14.882   675   971 D LightsService: [SvcLED]  setSvcLedLightLocked :: Current SvcLED(id=3) maintains its priority right
12-12 20:17:14.892   675  1385 D LocationManagerService: getLastLocation: Request[POWER_NONE passive fastest=0 num=1]
12-12 20:17:14.892   675  2599 W ContextImpl: Calling a method in the system process without a qualified user: android.app.ContextImpl.sendBroadcast:1491 com.android.server.ssrm.PowerSavingMode.onSettingChanged:175 com.android.server.ssrm.PowerSavingMode$PowerSavingModeObserver.onChange:131 android.database.ContentObserver.onChange:129 android.database.ContentObserver$NotificationRunnable.run:180 
12-12 20:17:14.892  1063  1063 D StatusBar-DoNotDistrub: Dormant settings changed. DormantModeObserver
12-12 20:17:14.892   675  1038 D MotionRecognitionService: Settings updated : 1101001000010000000100
12-12 20:17:14.892   675   976 D PowerManagerService: [api] updateSettingsLocked : mDreamsEnabledSetting: false mDreamsActivateOnSleepSetting: true mDreamsActivateOnDockSetting: false mScreenOffTimeoutSetting: 900000 mStayOnWhilePluggedInSetting: 3 mScreenBrightnessSetting: 172 mDynamicAutoBrightnessRatioValueSetting: 100 mScreenAutoBrightnessAdjustmentSetting: 0.0 mScreenBrightnessModeSetting: 0 mSmartStayEnabledSetting: false mTouchKeyOffTimeoutSetting: 1500 mPowerSaveModeSettingBroadcasted false mLimitedPerformanceBroadcasted true mTouchKeyForceDisableOverrideFromSystemPowerSaveMode: false mATTautoPowerSavingModeSetting: false mATTautoPowerSavingModeSuspend: false mEmergencyMode false mAutoPowerOffTimeoutSetting: 0 mSecuredLockEnableSetting: 0 mSecuredLockTimeoutSetting: -1
12-12 20:17:14.892   675  1038 D MotionRecognitionService: Acquire sensors : Settings = 1101001000010000000100
12-12 20:17:14.892   675  1038 D MotionRecognitionService: Acquired sensors for motion : 0
12-12 20:17:14.892   675  1038 D MotionRecognitionService: SERVICETYPE_MOTION Condition changed = SETTING
12-12 20:17:14.892  1063  1063 D StatusBar-DoNotDistrub: sendBroadcast android.intent.action.DORMANT_MODE_OFF
12-12 20:17:14.902   675  1374 I AudioService: getStreamVolume 5 index 0
12-12 20:17:14.902   675  1374 D EnterpriseDeviceManager: ContainerId: 0
12-12 20:17:14.902   675  1374 I AudioService: getStreamVolume 5 index 0
12-12 20:17:14.902   675   960 I ServiceKeeper: In getappinfo pid = 675 pkgName = android appinfo = null
12-12 20:17:14.902   675   960 I ServiceKeeper: In getseinfo pid = 675 uid = 1000 seinfo= system
12-12 20:17:14.902   675  1823 D EnterpriseDeviceManager: ContainerId: 0
12-12 20:17:14.902   675   960 I ServiceKeeper: In getappinfo pid = 675 pkgName = android appinfo = null
12-12 20:17:14.902   675   960 I ServiceKeeper: In getseinfo pid = 675 uid = 1000 seinfo= system
12-12 20:17:14.902  1063  1063 D StatusBar-DoNotDistrub: The STREAM NOTIFICATION volume is 0
12-12 20:17:14.902   675  1374 D STATUSBAR-StatusBarManagerService: manageDisableList what=0x0 pkg=com.android.systemui
12-12 20:17:14.902  1063  1063 D StatusBar-DoNotDistrub: Dormant settings changed. DormantModeObserver
12-12 20:17:14.902   675   675 D STATUSBAR-NotificationService: received android.intent.action.DORMANT_MODE_OFF
12-12 20:17:14.902   675   675 D LightsService: [api] [SvcLED] turnOff:: id = 4 (uid: 1000 pid: 675) 
12-12 20:17:14.902   675   675 D LightsService: [SvcLED] setSvcLedStateLocked:: SvcLEDState : 0x0 -> 0x0 | SvcLED(id=4) set Off
12-12 20:17:14.902   675   971 D LightsService: [SvcLED] Lux failed to be updated in 700ms. -> handleForcedSvcLEDTasK
12-12 20:17:14.902   675   971 D LightsService: [SvcLED]  setSvcLedLightLocked :: Current SvcLED(id=3) maintains its priority right
12-12 20:17:14.902   675   976 D PowerManagerService: [api] SettingsObserver: onChange: content://settings/system
12-12 20:17:14.902   675  1038 D MotionRecognitionService: Palm motion, result = 0 motion_event =  1
12-12 20:17:14.902  1063  1063 D StatusBar-DoNotDistrub: sendBroadcast android.intent.action.DORMANT_MODE_OFF
12-12 20:17:14.902   675   976 D PowerManagerService: [api] updateSettingsLocked : mDreamsEnabledSetting: false mDreamsActivateOnSleepSetting: true mDreamsActivateOnDockSetting: false mScreenOffTimeoutSetting: 900000 mStayOnWhilePluggedInSetting: 3 mScreenBrightnessSetting: 172 mDynamicAutoBrightnessRatioValueSetting: 100 mScreenAutoBrightnessAdjustmentSetting: 0.0 mScreenBrightnessModeSetting: 0 mSmartStayEnabledSetting: false mTouchKeyOffTimeoutSetting: 1500 mPowerSaveModeSettingBroadcasted false mLimitedPerformanceBroadcasted true mTouchKeyForceDisableOverrideFromSystemPowerSaveMode: false mATTautoPowerSavingModeSetting: false mATTautoPowerSavingModeSuspend: false mEmergencyMode false mAutoPowerOffTimeoutSetting: 0 mSecuredLockEnableSetting: 0 mSecuredLockTimeoutSetting: -1
12-12 20:17:14.902   675   675 D STATUSBAR-NotificationService: received android.intent.action.DORMANT_MODE_OFF
12-12 20:17:14.902   675   675 D LightsService: [api] [SvcLED] turnOff:: id = 4 (uid: 1000 pid: 675) 
12-12 20:17:14.902  1063  1063 D StatusBar-DoNotDistrub: The STREAM NOTIFICATION volume is 0
12-12 20:17:14.902   675   675 D LightsService: [SvcLED] setSvcLedStateLocked:: SvcLEDState : 0x0 -> 0x0 | SvcLED(id=4) set Off
12-12 20:17:14.902   675  1823 D STATUSBAR-StatusBarManagerService: manageDisableList what=0x0 pkg=com.android.systemui
12-12 20:17:14.902   675   971 D LightsService: [SvcLED] Lux failed to be updated in 700ms. -> handleForcedSvcLEDTasK
12-12 20:17:14.902   675   971 D LightsService: [SvcLED]  setSvcLedLightLocked :: Current SvcLED(id=3) maintains its priority right
12-12 20:17:14.902  1063  1063 D StatusBar-DoNotDistrub: Dormant settings changed. DormantModeObserver
12-12 20:17:14.902   675   976 D PowerManagerService: [api] SettingsObserver: onChange: content://settings/system
12-12 20:17:14.912   675  1374 I AudioService: getStreamVolume 5 index 0
12-12 20:17:14.912   675  5908 D EnterpriseDeviceManager: ContainerId: 0
12-12 20:17:14.912   675  1273 I AudioService: getStreamVolume 5 index 0
12-12 20:17:14.912   675  1026 D EnterpriseDeviceManager: ContainerId: 0
12-12 20:17:14.912   675   976 D PowerManagerService: [api] updateSettingsLocked : mDreamsEnabledSetting: false mDreamsActivateOnSleepSetting: true mDreamsActivateOnDockSetting: false mScreenOffTimeoutSetting: 900000 mStayOnWhilePluggedInSetting: 3 mScreenBrightnessSetting: 172 mDynamicAutoBrightnessRatioValueSetting: 100 mScreenAutoBrightnessAdjustmentSetting: 0.0 mScreenBrightnessModeSetting: 0 mSmartStayEnabledSetting: false mTouchKeyOffTimeoutSetting: 1500 mPowerSaveModeSettingBroadcasted false mLimitedPerformanceBroadcasted true mTouchKeyForceDisableOverrideFromSystemPowerSaveMode: false mATTautoPowerSavingModeSetting: false mATTautoPowerSavingModeSuspend: false mEmergencyMode false mAutoPowerOffTimeoutSetting: 0 mSecuredLockEnableSetting: 0 mSecuredLockTimeoutSetting: -1
12-12 20:17:14.912   675   976 D PowerManagerService: [api] SettingsObserver: onChange: content://settings/system
12-12 20:17:14.912   675   976 D PowerManagerService: [api] updateSettingsLocked : mDreamsEnabledSetting: false mDreamsActivateOnSleepSetting: true mDreamsActivateOnDockSetting: false mScreenOffTimeoutSetting: 900000 mStayOnWhilePluggedInSetting: 3 mScreenBrightnessSetting: 172 mDynamicAutoBrightnessRatioValueSetting: 100 mScreenAutoBrightnessAdjustmentSetting: 0.0 mScreenBrightnessModeSetting: 0 mSmartStayEnabledSetting: false mTouchKeyOffTimeoutSetting: 1500 mPowerSaveModeSettingBroadcasted false mLimitedPerformanceBroadcasted true mTouchKeyForceDisableOverrideFromSystemPowerSaveMode: false mATTautoPowerSavingModeSetting: false mATTautoPowerSavingModeSuspend: false mEmergencyMode false mAutoPowerOffTimeoutSetting: 0 mSecuredLockEnableSetting: 0 mSecuredLockTimeoutSetting: -1
12-12 20:17:14.912  1063  1063 D StatusBar-DoNotDistrub: sendBroadcast android.intent.action.DORMANT_MODE_OFF
12-12 20:17:14.912   675   976 D PowerManagerService: [api] SettingsObserver: onChange: content://settings/system
12-12 20:17:14.912   675   976 D PowerManagerService: [api] updateSettingsLocked : mDreamsEnabledSetting: false mDreamsActivateOnSleepSetting: true mDreamsActivateOnDockSetting: false mScreenOffTimeoutSetting: 900000 mStayOnWhilePluggedInSetting: 3 mScreenBrightnessSetting: 172 mDynamicAutoBrightnessRatioValueSetting: 100 mScreenAutoBrightnessAdjustmentSetting: 0.0 mScreenBrightnessModeSetting: 0 mSmartStayEnabledSetting: false mTouchKeyOffTimeoutSetting: 1500 mPowerSaveModeSettingBroadcasted false mLimitedPerformanceBroadcasted true mTouchKeyForceDisableOverrideFromSystemPowerSaveMode: false mATTautoPowerSavingModeSetting: false mATTautoPowerSavingModeSuspend: false mEmergencyMode false mAutoPowerOffTimeoutSetting: 0 mSecuredLockEnableSetting: 0 mSecuredLockTimeoutSetting: -1
12-12 20:17:14.912   675   976 D PowerManagerService: [api] SettingsObserver: onChange: content://settings/system
12-12 20:17:14.912  1063  1063 D StatusBar-DoNotDistrub: The STREAM NOTIFICATION volume is 0
12-12 20:17:14.912   675  5908 D STATUSBAR-StatusBarManagerService: manageDisableList what=0x0 pkg=com.android.systemui
12-12 20:17:14.912  1063  1063 D StatusBar-DoNotDistrub: Dormant settings changed. DormantModeObserver
12-12 20:17:14.912   675   675 D STATUSBAR-NotificationService: received android.intent.action.DORMANT_MODE_OFF
12-12 20:17:14.912   675   675 D LightsService: [api] [SvcLED] turnOff:: id = 4 (uid: 1000 pid: 675) 
12-12 20:17:14.912   675   675 D LightsService: [SvcLED] setSvcLedStateLocked:: SvcLEDState : 0x0 -> 0x0 | SvcLED(id=4) set Off
12-12 20:17:14.912   675   971 D LightsService: [SvcLED] Lux failed to be updated in 700ms. -> handleForcedSvcLEDTasK
12-12 20:17:14.912   675   971 D LightsService: [SvcLED]  setSvcLedLightLocked :: Current SvcLED(id=3) maintains its priority right
12-12 20:17:14.912  1063  1063 D StatusBar-DoNotDistrub: sendBroadcast android.intent.action.DORMANT_MODE_OFF
12-12 20:17:14.912   675   675 D STATUSBAR-NotificationService: received android.intent.action.DORMANT_MODE_OFF
12-12 20:17:14.912  1063  1063 D StatusBar-DoNotDistrub: The STREAM NOTIFICATION volume is 0
12-12 20:17:14.912   675   976 D PowerManagerService: [api] updateSettingsLocked : mDreamsEnabledSetting: false mDreamsActivateOnSleepSetting: true mDreamsActivateOnDockSetting: false mScreenOffTimeoutSetting: 900000 mStayOnWhilePluggedInSetting: 3 mScreenBrightnessSetting: 172 mDynamicAutoBrightnessRatioValueSetting: 100 mScreenAutoBrightnessAdjustmentSetting: 0.0 mScreenBrightnessModeSetting: 0 mSmartStayEnabledSetting: false mTouchKeyOffTimeoutSetting: 1500 mPowerSaveModeSettingBroadcasted false mLimitedPerformanceBroadcasted true mTouchKeyForceDisableOverrideFromSystemPowerSaveMode: false mATTautoPowerSavingModeSetting: false mATTautoPowerSavingModeSuspend: false mEmergencyMode false mAutoPowerOffTimeoutSetting: 0 mSecuredLockEnableSetting: 0 mSecuredLockTimeoutSetting: -1
12-12 20:17:14.912   675   976 D PowerManagerService: [api] SettingsObserver: onChange: content://settings/system
12-12 20:17:14.912   675   675 D LightsService: [api] [SvcLED] turnOff:: id = 4 (uid: 1000 pid: 675) 
12-12 20:17:14.912   675   675 D LightsService: [SvcLED] setSvcLedStateLocked:: SvcLEDState : 0x0 -> 0x0 | SvcLED(id=4) set Off
12-12 20:17:14.912   675   971 D LightsService: [SvcLED] Lux failed to be updated in 700ms. -> handleForcedSvcLEDTasK
12-12 20:17:14.912   675   971 D LightsService: [SvcLED]  setSvcLedLightLocked :: Current SvcLED(id=3) maintains its priority right
12-12 20:17:14.912   675  1026 D STATUSBAR-StatusBarManagerService: manageDisableList what=0x0 pkg=com.android.systemui
12-12 20:17:14.912   675   976 D PowerManagerService: [api] updateSettingsLocked : mDreamsEnabledSetting: false mDreamsActivateOnSleepSetting: true mDreamsActivateOnDockSetting: false mScreenOffTimeoutSetting: 900000 mStayOnWhilePluggedInSetting: 3 mScreenBrightnessSetting: 172 mDynamicAutoBrightnessRatioValueSetting: 100 mScreenAutoBrightnessAdjustmentSetting: 0.0 mScreenBrightnessModeSetting: 0 mSmartStayEnabledSetting: false mTouchKeyOffTimeoutSetting: 1500 mPowerSaveModeSettingBroadcasted false mLimitedPerformanceBroadcasted true mTouchKeyForceDisableOverrideFromSystemPowerSaveMode: false mATTautoPowerSavingModeSetting: false mATTautoPowerSavingModeSuspend: false mEmergencyMode false mAutoPowerOffTimeoutSetting: 0 mSecuredLockEnableSetting: 0 mSecuredLockTimeoutSetting: -1
12-12 20:17:14.912  1063  1063 D StatusBar-DoNotDistrub: Dormant settings changed. DormantModeObserver
12-12 20:17:14.922   675   944 D WindowManager: updateSetting mIsKidsLauncherEnabled = false isKidsLauncherEnabled = false
12-12 20:17:14.932   675   944 V WindowOrientationListener: mSContextAutoRotationListener.getProposedRotation, mbResultFaceDectection: false
12-12 20:17:14.932   675   944 V WindowOrientationListener: mSContextAutoRotationListener.getProposedRotation, Rotation: 0
12-12 20:17:14.932   675   944 V WindowOrientationListener: mSContextAutoRotationListener.getProposedRotation, mbResultFaceDectection: false
12-12 20:17:14.932   675   944 V WindowOrientationListener: mSContextAutoRotationListener.getProposedRotation, Rotation: 0
12-12 20:17:14.932   675   944 D WindowManager: updateSetting mIsKidsLauncherEnabled = false isKidsLauncherEnabled = false
12-12 20:17:14.932   675   944 V WindowManager: rotationForOrientationLw(orient=-1, last=0); user=0  sensorRotation=0 mLidState=-1 mDockMode=0 mHdmiPlugged=false mAccelerometerDefault=false gripRotationLock=false
12-12 20:17:14.932   675  1038 D MotionRecognitionService: Palm motion, result = 0 motion_event =  131072
12-12 20:17:14.932   675  2599 D SSRMv2:TSP:AirViewOnOff: DeviceInfo:: 00000000000
12-12 20:17:14.932   675  2599 D SSRMv2:TSP:AirViewOnOff: SettingsAirViewInfo:: 000000000
12-12 20:17:14.932   675  1038 D MotionRecognitionService: Settings updated : 1101001000010000000100
12-12 20:17:14.932   675  1038 D MotionRecognitionService: Acquire sensors : Settings = 1101001000010000000100
12-12 20:17:14.932   675  2599 D SSRMv2:TSP:AirViewOnOff: DeviceInfo:: 00000000000
12-12 20:17:14.932   675  2599 D SSRMv2:TSP:AirViewOnOff: SettingsAirViewInfo:: 000000000
12-12 20:17:14.932   675  1038 D MotionRecognitionService: Acquired sensors for motion : 0
12-12 20:17:14.932   675  1038 D MotionRecognitionService: SERVICETYPE_MOTION Condition changed = SETTING
12-12 20:17:14.932   675  1038 D MotionRecognitionService: Palm motion, result = 0 motion_event =  1
12-12 20:17:14.932   675  2599 D SSRMv2:TSP:AirViewOnOff: DeviceInfo:: 00000000000
12-12 20:17:14.932   675  2599 D SSRMv2:TSP:AirViewOnOff: SettingsAirViewInfo:: 000000000
12-12 20:17:14.942   675   944 V WindowOrientationListener: mSContextAutoRotationListener.getProposedRotation, mbResultFaceDectection: false
12-12 20:17:14.942   675   944 V WindowOrientationListener: mSContextAutoRotationListener.getProposedRotation, Rotation: 0
12-12 20:17:14.942   675   944 V WindowOrientationListener: mSContextAutoRotationListener.getProposedRotation, mbResultFaceDectection: false
12-12 20:17:14.942   675   944 V WindowOrientationListener: mSContextAutoRotationListener.getProposedRotation, Rotation: 0
12-12 20:17:14.942   675   960 I ServiceKeeper: In getappinfo pid = 675 pkgName = android appinfo = null
12-12 20:17:14.942   675   960 I ServiceKeeper: In getseinfo pid = 675 uid = 1000 seinfo= system
12-12 20:17:14.942   675   944 V WindowManager: rotationForOrientationLw(orient=-1, last=0); user=0  sensorRotation=0 mLidState=-1 mDockMode=0 mHdmiPlugged=false mAccelerometerDefault=false gripRotationLock=false
12-12 20:17:14.942   675  2599 D SSRMv2:TSP:AirViewOnOff: DeviceInfo:: 00000000000
12-12 20:17:14.942   675  2599 D SSRMv2:TSP:AirViewOnOff: SettingsAirViewInfo:: 000000000
12-12 20:17:14.942   675  2599 D SSRMv2:TSP:AirViewOnOff: DeviceInfo:: 00000000000
12-12 20:17:14.942   675  2599 D SSRMv2:TSP:AirViewOnOff: SettingsAirViewInfo:: 000000000
12-12 20:17:14.942   675  2599 D SSRMv2:TSP:AirViewOnOff: DeviceInfo:: 00000000000
12-12 20:17:14.942   675  2599 D SSRMv2:TSP:AirViewOnOff: SettingsAirViewInfo:: 000000000
12-12 20:17:14.942   675  2599 D SSRMv2:TSP:AirViewOnOff: DeviceInfo:: 00000000000
12-12 20:17:14.942   675  2599 D SSRMv2:TSP:AirViewOnOff: SettingsAirViewInfo:: 000000000
12-12 20:17:14.942   675  2599 W ContextImpl: Calling a method in the system process without a qualified user: android.app.ContextImpl.sendBroadcast:1491 com.android.server.ssrm.PowerSavingMode.onSettingChanged:175 com.android.server.ssrm.PowerSavingMode$PowerSavingModeObserver.onChange:131 android.database.ContentObserver.onChange:129 android.database.ContentObserver$NotificationRunnable.run:180 
12-12 20:17:14.952   675   944 D WindowManager: updateSetting mIsKidsLauncherEnabled = false isKidsLauncherEnabled = false
12-12 20:17:14.952   675   944 V WindowOrientationListener: mSContextAutoRotationListener.getProposedRotation, mbResultFaceDectection: false
12-12 20:17:14.952   675   944 V WindowOrientationListener: mSContextAutoRotationListener.getProposedRotation, Rotation: 0
12-12 20:17:14.952   675   944 V WindowOrientationListener: mSContextAutoRotationListener.getProposedRotation, mbResultFaceDectection: false
12-12 20:17:14.952   675   944 V WindowOrientationListener: mSContextAutoRotationListener.getProposedRotation, Rotation: 0
12-12 20:17:14.952  1063  1063 D checkbox: setChecked(1) checked=false, mCheckBoxAnimationEnabled=false, mIsAttached=true
12-12 20:17:14.952   675   960 I ServiceKeeper: In getappinfo pid = 675 pkgName = android appinfo = null
12-12 20:17:14.952   675   960 I ServiceKeeper: In getseinfo pid = 675 uid = 1000 seinfo= system
12-12 20:17:14.952   675  2599 W ContextImpl: Calling a method in the system process without a qualified user: android.app.ContextImpl.sendBroadcast:1491 com.android.server.ssrm.PowerSavingMode.onSettingChanged:175 com.android.server.ssrm.PowerSavingMode$PowerSavingModeObserver.onChange:131 android.database.ContentObserver.onChange:129 android.database.ContentObserver$NotificationRunnable.run:180 
12-12 20:17:14.952  1063  1063 D STATUSBAR-TouchSensitivityQuickSettingButton: TouchSensitivityQuickSettingButton.onChange() - false
12-12 20:17:14.952   675   944 V WindowManager: rotationForOrientationLw(orient=-1, last=0); user=0  sensorRotation=0 mLidState=-1 mDockMode=0 mHdmiPlugged=false mAccelerometerDefault=false gripRotationLock=false
12-12 20:17:14.952   675  1038 D MotionRecognitionService: Palm motion, result = 0 motion_event =  131072
12-12 20:17:14.952   675  1038 D MotionRecognitionService: Settings updated : 1101001000010000000100
12-12 20:17:14.952   675  1038 D MotionRecognitionService: Acquire sensors : Settings = 1101001000010000000100
12-12 20:17:14.952   675  1038 D MotionRecognitionService: Acquired sensors for motion : 0
12-12 20:17:14.952   675  1038 D MotionRecognitionService: SERVICETYPE_MOTION Condition changed = SETTING
12-12 20:17:14.952   675  1038 D MotionRecognitionService: Palm motion, result = 0 motion_event =  1
12-12 20:17:14.952  1063  1063 D STATUSBAR-NetworkController: NWBoosterObserver onChange() :false
12-12 20:17:14.952  1063  1063 D STATUSBAR-NetworkBoosterQuickSettingButton: NetworkBoosterObserver onChange()
12-12 20:17:14.952   675  2599 W ContextImpl: Calling a method in the system process without a qualified user: android.app.ContextImpl.sendBroadcast:1491 com.android.server.ssrm.PowerSavingMode.onSettingChanged:175 com.android.server.ssrm.PowerSavingMode$PowerSavingModeObserver.onChange:131 android.database.ContentObserver.onChange:129 android.database.ContentObserver$NotificationRunnable.run:180 
12-12 20:17:14.962  1063  1063 D STATUSBAR-SmartPause: SmartPauseObserverObserver.onChange() - DB_SMART_PAUSE_ON = 1
12-12 20:17:14.962   675  1038 D MotionRecognitionService: Palm motion, result = 0 motion_event =  131072
12-12 20:17:14.962   675  1038 D MotionRecognitionService: Settings updated : 1101001000010000000100
12-12 20:17:14.962   675  1038 D MotionRecognitionService: Acquire sensors : Settings = 1101001000010000000100
12-12 20:17:14.962   675  1038 D MotionRecognitionService: Acquired sensors for motion : 0
12-12 20:17:14.962   675  1038 D MotionRecognitionService: SERVICETYPE_MOTION Condition changed = SETTING
12-12 20:17:14.962   675   944 D WindowManager: updateSetting mIsKidsLauncherEnabled = false isKidsLauncherEnabled = false
12-12 20:17:14.962   675   944 V WindowOrientationListener: mSContextAutoRotationListener.getProposedRotation, mbResultFaceDectection: false
12-12 20:17:14.962   675   944 V WindowOrientationListener: mSContextAutoRotationListener.getProposedRotation, Rotation: 0
12-12 20:17:14.962   675  1038 D MotionRecognitionService: Palm motion, result = 0 motion_event =  1
12-12 20:17:14.972   675   944 V WindowOrientationListener: mSContextAutoRotationListener.getProposedRotation, mbResultFaceDectection: false
12-12 20:17:14.972   675   944 V WindowOrientationListener: mSContextAutoRotationListener.getProposedRotation, Rotation: 0
12-12 20:17:14.972   675   944 V WindowManager: rotationForOrientationLw(orient=-1, last=0); user=0  sensorRotation=0 mLidState=-1 mDockMode=0 mHdmiPlugged=false mAccelerometerDefault=false gripRotationLock=false
12-12 20:17:14.972   675  1038 D MotionRecognitionService: Palm motion, result = 0 motion_event =  131072
12-12 20:17:14.972   675  1038 D MotionRecognitionService: Settings updated : 1101001000010000000100
12-12 20:17:14.972   675  1038 D MotionRecognitionService: Acquire sensors : Settings = 1101001000010000000100
12-12 20:17:14.972   675  1038 D MotionRecognitionService: Acquired sensors for motion : 0
12-12 20:17:14.972   675  1038 D MotionRecognitionService: SERVICETYPE_MOTION Condition changed = SETTING
12-12 20:17:14.972   675  1038 D MotionRecognitionService: Palm motion, result = 0 motion_event =  1
12-12 20:17:14.982   675   944 D WindowManager: updateSetting mIsKidsLauncherEnabled = false isKidsLauncherEnabled = false
12-12 20:17:14.982   675   944 V WindowOrientationListener: mSContextAutoRotationListener.getProposedRotation, mbResultFaceDectection: false
12-12 20:17:14.982   675   944 V WindowOrientationListener: mSContextAutoRotationListener.getProposedRotation, Rotation: 0
12-12 20:17:14.982   675   944 V WindowOrientationListener: mSContextAutoRotationListener.getProposedRotation, mbResultFaceDectection: false
12-12 20:17:14.982   675   944 V WindowOrientationListener: mSContextAutoRotationListener.getProposedRotation, Rotation: 0
12-12 20:17:14.982   675  1025 D LocationManagerService: getLastLocation: Request[POWER_NONE passive fastest=0 num=1]
12-12 20:17:14.982   675  1038 D MotionRecognitionService: Palm motion, result = 0 motion_event =  131072
12-12 20:17:14.982   675  1038 D MotionRecognitionService: Settings updated : 1101001000010000000100
12-12 20:17:14.982   675  1038 D MotionRecognitionService: Acquire sensors : Settings = 1101001000010000000100
12-12 20:17:14.982   675  1038 D MotionRecognitionService: Acquired sensors for motion : 0
12-12 20:17:14.982   675  1038 D MotionRecognitionService: SERVICETYPE_MOTION Condition changed = SETTING
12-12 20:17:14.982   675  1038 D MotionRecognitionService: Palm motion, result = 0 motion_event =  1
12-12 20:17:14.982   675   944 V WindowManager: rotationForOrientationLw(orient=-1, last=0); user=0  sensorRotation=0 mLidState=-1 mDockMode=0 mHdmiPlugged=false mAccelerometerDefault=false gripRotationLock=false
12-12 20:17:14.992   675  1038 D MotionRecognitionService: Palm motion, result = 0 motion_event =  131072
12-12 20:17:14.992   675  1038 D MotionRecognitionService: Settings updated : 1101001000010000000100
12-12 20:17:14.992   675  1038 D MotionRecognitionService: Acquire sensors : Settings = 1101001000010000000100
12-12 20:17:14.992   675  1038 D MotionRecognitionService: Acquired sensors for motion : 0
12-12 20:17:14.992   675  1038 D MotionRecognitionService: SERVICETYPE_MOTION Condition changed = SETTING
12-12 20:17:14.992   675  1038 D MotionRecognitionService: Palm motion, result = 0 motion_event =  1
12-12 20:17:14.992   675  1038 D MotionRecognitionService: Palm motion, result = 0 motion_event =  131072
12-12 20:17:14.992   675  1038 D MotionRecognitionService: Settings updated : 1101001000010000000100
12-12 20:17:14.992   675  1038 D MotionRecognitionService: Acquire sensors : Settings = 1101001000010000000100
12-12 20:17:14.992   675  1038 D MotionRecognitionService: Acquired sensors for motion : 0
12-12 20:17:14.992   675  1038 D MotionRecognitionService: SERVICETYPE_MOTION Condition changed = SETTING
12-12 20:17:14.992   675  1038 D MotionRecognitionService: Palm motion, result = 0 motion_event =  1
12-12 20:17:15.002 15066 15066 I AccessibilityNodeInfoDumper: Skipping invisible child: android.view.accessibility.AccessibilityNodeInfo@ce67; boundsInParent: Rect(0, 0 - 0, 144); boundsInScreen: Rect(1080, 75 - 1080, 219); packageName: com.wssyncmldm; className: android.widget.LinearLayout; text: null; contentDescription: null; viewIdResName: null; checkable: false; checked: false; focusable: false; focused: false; selected: false; clickable: false; longClickable: false; enabled: true; password: false; scrollable: false; [ACTION_SELECT, ACTION_CLEAR_SELECTION, ACTION_ACCESSIBILITY_FOCUS]
12-12 20:17:15.002   675   944 D WindowManager: updateSetting mIsKidsLauncherEnabled = false isKidsLauncherEnabled = false
12-12 20:17:15.002   675  1038 D MotionRecognitionService: Palm motion, result = 0 motion_event =  131072
12-12 20:17:15.002   675  1038 D MotionRecognitionService: Settings updated : 1101001000010000000100
12-12 20:17:15.002   675  1038 D MotionRecognitionService: Acquire sensors : Settings = 1101001000010000000100
12-12 20:17:15.002   675  1038 D MotionRecognitionService: Acquired sensors for motion : 0
12-12 20:17:15.002   675  1038 D MotionRecognitionService: SERVICETYPE_MOTION Condition changed = SETTING
12-12 20:17:15.002   675  1038 D MotionRecognitionService: Palm motion, result = 0 motion_event =  1
12-12 20:17:15.002  1063  1063 D STATUSBAR-PhoneStatusBar: showHideQConnectLayout userID : 0 emMode:false mQconnectEnable:true QconnectService:true
12-12 20:17:15.002  1063  1063 D STATUSBAR-PhoneStatusBar:  mBrightnessEnablebySettings = true mBrightnessEnablebyBattery = true mBrightnessEnablebyDisableFlag = true mPmsBrightnessEnablebySettings = true
12-12 20:17:15.012   675   944 V WindowOrientationListener: mSContextAutoRotationListener.getProposedRotation, mbResultFaceDectection: false
12-12 20:17:15.012   675   944 V WindowOrientationListener: mSContextAutoRotationListener.getProposedRotation, Rotation: 0
12-12 20:17:15.012   675   944 V WindowOrientationListener: mSContextAutoRotationListener.getProposedRotation, mbResultFaceDectection: false
12-12 20:17:15.012   675   944 V WindowOrientationListener: mSContextAutoRotationListener.getProposedRotation, Rotation: 0
12-12 20:17:15.012 15066 15066 I AccessibilityNodeInfoDumper: Skipping invisible child: android.view.accessibility.AccessibilityNodeInfo@9257; boundsInParent: Rect(0, 0 - 984, 68); boundsInScreen: Rect(48, 2816 - 1032, 2884); packageName: com.wssyncmldm; className: android.widget.TextView; text: Notice; contentDescription: null; viewIdResName: com.wssyncmldm:id/tv_caution; checkable: false; checked: false; focusable: false; focused: false; selected: false; clickable: false; longClickable: false; enabled: true; password: false; scrollable: false; [ACTION_SELECT, ACTION_CLEAR_SELECTION, ACTION_ACCESSIBILITY_FOCUS, ACTION_NEXT_AT_MOVEMENT_GRANULARITY, ACTION_PREVIOUS_AT_MOVEMENT_GRANULARITY, ACTION_SET_SELECTION]
12-12 20:17:15.012 15066 15066 I AccessibilityNodeInfoDumper: Skipping invisible child: android.view.accessibility.AccessibilityNodeInfo@c324; boundsInParent: Rect(0, 0 - 984, 1152); boundsInScreen: Rect(48, 2896 - 1032, 4048); packageName: com.wssyncmldm; className: android.widget.FrameLayout; text: null; contentDescription: null; viewIdResName: com.wssyncmldm:id/Frame_install; checkable: false; checked: false; focusable: false; focused: false; selected: false; clickable: false; longClickable: false; enabled: true; password: false; scrollable: false; [ACTION_SELECT, ACTION_CLEAR_SELECTION, ACTION_ACCESSIBILITY_FOCUS]
12-12 20:17:15.012   675  1038 D MotionRecognitionService: Palm motion, result = 0 motion_event =  131072
12-12 20:17:15.012   675  1038 D MotionRecognitionService: Settings updated : 1101001000010000000100
12-12 20:17:15.012   675  1038 D MotionRecognitionService: Acquire sensors : Settings = 1101001000010000000100
12-12 20:17:15.012   675  1038 D MotionRecognitionService: Acquired sensors for motion : 0
12-12 20:17:15.012   675   944 V WindowManager: rotationForOrientationLw(orient=-1, last=0); user=0  sensorRotation=0 mLidState=-1 mDockMode=0 mHdmiPlugged=false mAccelerometerDefault=false gripRotationLock=false
12-12 20:17:15.012   675  1038 D MotionRecognitionService: SERVICETYPE_MOTION Condition changed = SETTING
12-12 20:17:15.012   675  1038 D MotionRecognitionService: Palm motion, result = 0 motion_event =  1
12-12 20:17:15.022 15066 15066 W AccessibilityNodeInfoDumper: Fetch time: 24ms
12-12 20:17:15.022  1063  1063 D PhoneStatusBar: BrightnessEnableObserver.onChange() - DB = true
12-12 20:17:15.022  1063  1063 D STATUSBAR-PhoneStatusBar:  mBrightnessEnablebySettings = true mBrightnessEnablebyBattery = true mBrightnessEnablebyDisableFlag = true mPmsBrightnessEnablebySettings = true
12-12 20:17:15.022   675  1038 D MotionRecognitionService: Palm motion, result = 0 motion_event =  131072
12-12 20:17:15.022   675  1038 D MotionRecognitionService: Settings updated : 1101001000010000000100
12-12 20:17:15.022   675  1038 D MotionRecognitionService: Acquire sensors : Settings = 1101001000010000000100
12-12 20:17:15.022   675  1038 D MotionRecognitionService: Acquired sensors for motion : 0
12-12 20:17:15.022   675  1038 D MotionRecognitionService: SERVICETYPE_MOTION Condition changed = SETTING
12-12 20:17:15.022   675  1038 D MotionRecognitionService: Palm motion, result = 0 motion_event =  1
12-12 20:17:15.022   675  1038 D MotionRecognitionService: Palm motion, result = 0 motion_event =  131072
12-12 20:17:15.022   675  1038 D MotionRecognitionService: Settings updated : 1101001000010000000100
12-12 20:17:15.022   675  1038 D MotionRecognitionService: Acquire sensors : Settings = 1101001000010000000100
12-12 20:17:15.022   675  1038 D MotionRecognitionService: Acquired sensors for motion : 0
12-12 20:17:15.022   675  1038 D MotionRecognitionService: SERVICETYPE_MOTION Condition changed = SETTING
12-12 20:17:15.022   675  1038 D MotionRecognitionService: Palm motion, result = 0 motion_event =  1
12-12 20:17:15.032   675   944 D WindowManager: updateSetting mIsKidsLauncherEnabled = false isKidsLauncherEnabled = false
12-12 20:17:15.032  1063  1063 D PhoneStatusBar: PmsBrightnessEnableObserver.onChange() - DB = true
12-12 20:17:15.032  1063  1063 D STATUSBAR-PhoneStatusBar:  mBrightnessEnablebySettings = true mBrightnessEnablebyBattery = true mBrightnessEnablebyDisableFlag = true mPmsBrightnessEnablebySettings = true
12-12 20:17:15.032  1063  1063 D STATUSBAR-QuickSettingPanel: refreshView()
12-12 20:17:15.032  1063  1063 D STATUSBAR-QuickSettingPanel: updateButtonInfo mButtonWidth : 216 mColumnNumber:5 orien: 1
12-12 20:17:15.032   675  1038 D MotionRecognitionService: Palm motion, result = 0 motion_event =  131072
12-12 20:17:15.032   675  1038 D MotionRecognitionService: Settings updated : 1101001000010000000100
12-12 20:17:15.032   675  1038 D MotionRecognitionService: Acquire sensors : Settings = 1101001000010000000100
12-12 20:17:15.032   675  1038 D MotionRecognitionService: Acquired sensors for motion : 0
12-12 20:17:15.032   675  1038 D MotionRecognitionService: SERVICETYPE_MOTION Condition changed = SETTING
12-12 20:17:15.032   675  1038 D MotionRecognitionService: Palm motion, result = 0 motion_event =  1
12-12 20:17:15.042   675   944 V WindowOrientationListener: mSContextAutoRotationListener.getProposedRotation, mbResultFaceDectection: false
12-12 20:17:15.042   675   944 V WindowOrientationListener: mSContextAutoRotationListener.getProposedRotation, Rotation: 0
12-12 20:17:15.042   675   944 V WindowOrientationListener: mSContextAutoRotationListener.getProposedRotation, mbResultFaceDectection: false
12-12 20:17:15.042   675   944 V WindowOrientationListener: mSContextAutoRotationListener.getProposedRotation, Rotation: 0
12-12 20:17:15.042   675   944 V WindowManager: rotationForOrientationLw(orient=-1, last=0); user=0  sensorRotation=0 mLidState=-1 mDockMode=0 mHdmiPlugged=false mAccelerometerDefault=false gripRotationLock=false
12-12 20:17:15.042   675  1038 D MotionRecognitionService: Palm motion, result = 0 motion_event =  131072
12-12 20:17:15.042   675  1038 D MotionRecognitionService: Settings updated : 1101001000010000000100
12-12 20:17:15.042   675  1038 D MotionRecognitionService: Acquire sensors : Settings = 1101001000010000000100
12-12 20:17:15.042   675  1038 D MotionRecognitionService: Acquired sensors for motion : 0
12-12 20:17:15.042   675  1038 D MotionRecognitionService: SERVICETYPE_MOTION Condition changed = SETTING
12-12 20:17:15.042   675  1038 D MotionRecognitionService: Palm motion, result = 0 motion_event =  1
12-12 20:17:15.052   675   944 D WindowManager: updateSetting mIsKidsLauncherEnabled = false isKidsLauncherEnabled = false
12-12 20:17:15.052   675   944 V WindowOrientationListener: mSContextAutoRotationListener.getProposedRotation, mbResultFaceDectection: false
12-12 20:17:15.052   675   944 V WindowOrientationListener: mSContextAutoRotationListener.getProposedRotation, Rotation: 0
12-12 20:17:15.052   675   944 V WindowOrientationListener: mSContextAutoRotationListener.getProposedRotation, mbResultFaceDectection: false
12-12 20:17:15.052   675   944 V WindowOrientationListener: mSContextAutoRotationListener.getProposedRotation, Rotation: 0
12-12 20:17:15.052   675  1038 D MotionRecognitionService: Palm motion, result = 0 motion_event =  131072
12-12 20:17:15.052   675  1038 D MotionRecognitionService: Settings updated : 1101001000010000000100
12-12 20:17:15.052   675  1038 D MotionRecognitionService: Acquire sensors : Settings = 1101001000010000000100
12-12 20:17:15.052   675  1038 D MotionRecognitionService: Acquired sensors for motion : 0
12-12 20:17:15.052   675  1038 D MotionRecognitionService: SERVICETYPE_MOTION Condition changed = SETTING
12-12 20:17:15.052   675  1038 D MotionRecognitionService: Palm motion, result = 0 motion_event =  1
12-12 20:17:15.052   675  1038 D MotionRecognitionService: Palm motion, result = 0 motion_event =  131072
12-12 20:17:15.052   675   944 V WindowManager: rotationForOrientationLw(orient=-1, last=0); user=0  sensorRotation=0 mLidState=-1 mDockMode=0 mHdmiPlugged=false mAccelerometerDefault=false gripRotationLock=false
12-12 20:17:15.052   675  1038 D MotionRecognitionService: Settings updated : 1101001000010000000100
12-12 20:17:15.052   675  1038 D MotionRecognitionService: Acquire sensors : Settings = 1101001000010000000100
12-12 20:17:15.052   675  1038 D MotionRecognitionService: Acquired sensors for motion : 0
12-12 20:17:15.052   675  1038 D MotionRecognitionService: SERVICETYPE_MOTION Condition changed = SETTING
12-12 20:17:15.052   675  1038 D MotionRecognitionService: Palm motion, result = 0 motion_event =  1
12-12 20:17:15.062 12618 15101 W NetRec  : [1254] ConfigChangedIntentOperation.onHandleIntent: Device does not support scoring, exiting
12-12 20:17:15.062   675  1038 D MotionRecognitionService: Palm motion, result = 0 motion_event =  131072
12-12 20:17:15.062   675  1038 D MotionRecognitionService: Settings updated : 1101001000010000000100
12-12 20:17:15.062   675  1038 D MotionRecognitionService: Acquire sensors : Settings = 1101001000010000000100
12-12 20:17:15.062   675  1038 D MotionRecognitionService: Acquired sensors for motion : 0
12-12 20:17:15.062   675  1038 D MotionRecognitionService: SERVICETYPE_MOTION Condition changed = SETTING
12-12 20:17:15.072 12618 14940 I PTCommittedOperation: Receive new configuration for com.google.android.gms.googlehelp
12-12 20:17:15.072   675   960 I ServiceKeeper: In getappinfo pid = 675 pkgName = android appinfo = null
12-12 20:17:15.082   675  1822 D LocationManagerService: getLastLocation: Request[POWER_NONE passive fastest=0 num=1]
12-12 20:17:15.092   675   960 I ServiceKeeper: In getseinfo pid = 675 uid = 1000 seinfo= system
12-12 20:17:15.092   675  1388 D EnterpriseDeviceManager: ContainerId: 0
12-12 20:17:15.092 12830 15110 I SpamListSync: Spam list syncing is disabled.
12-12 20:17:15.092   675  1388 W LicenseLogService: log() failed
12-12 20:17:15.092 12830 15106 I SettingsChangedIntentOp: SettingsChangedIntentOperation.run: Got intent Intent { act=com.google.android.gms.phenotype.COMMITTED flg=0x10 pkg=com.google.android.gms cmp=com.google.android.gms/.chimera.GmsIntentOperationService (has extras) }
12-12 20:17:15.092 12830 15106 I SettingsChangedIntentOp: SettingsChangedIntentOperation.run Intent extra com.google.android.gms.phenotype.PACKAGE_NAME: com.google.android.gms.googlehelp
12-12 20:17:15.092 12830 15106 I SettingsChangedIntentOp: Action: com.google.android.gms.phenotype.COMMITTED
12-12 20:17:15.092 12830 15106 I SettingsChangedIntentOp: EXTRA_PACKAGE_NAME: com.google.android.gms.googlehelp
12-12 20:17:15.092 12618 15092 I PTCommittedOperation: Receive new configuration for com.google.android.gms.auth_cryptauth
12-12 20:17:15.092   675   944 D WindowManager: updateSetting mIsKidsLauncherEnabled = false isKidsLauncherEnabled = false
12-12 20:17:15.092   675   960 I ServiceKeeper: In getappinfo pid = 675 pkgName = android appinfo = null
12-12 20:17:15.092   675   960 I ServiceKeeper: In getseinfo pid = 675 uid = 1000 seinfo= system
12-12 20:17:15.092   675   960 I ServiceKeeper: In getappinfo pid = 675 pkgName = android appinfo = null
12-12 20:17:15.102   675   944 V WindowOrientationListener: mSContextAutoRotationListener.getProposedRotation, mbResultFaceDectection: false
12-12 20:17:15.102   675   944 V WindowOrientationListener: mSContextAutoRotationListener.getProposedRotation, Rotation: 0
12-12 20:17:15.102   675   944 V WindowOrientationListener: mSContextAutoRotationListener.getProposedRotation, mbResultFaceDectection: false
12-12 20:17:15.102   675   944 V WindowOrientationListener: mSContextAutoRotationListener.getProposedRotation, Rotation: 0
12-12 20:17:15.102   675   960 I ServiceKeeper: In getseinfo pid = 675 uid = 1000 seinfo= system
12-12 20:17:15.102   675   960 I ServiceKeeper: In getappinfo pid = 675 pkgName = android appinfo = null
12-12 20:17:15.102   675   960 I ServiceKeeper: In getseinfo pid = 675 uid = 1000 seinfo= system
12-12 20:17:15.102   675   960 I ServiceKeeper: In getappinfo pid = 675 pkgName = android appinfo = null
12-12 20:17:15.102   675   960 I ServiceKeeper: In getseinfo pid = 675 uid = 1000 seinfo= system
12-12 20:17:15.102   675   960 I ServiceKeeper: In getappinfo pid = 675 pkgName = android appinfo = null
12-12 20:17:15.102   675   960 I ServiceKeeper: In getseinfo pid = 675 uid = 1000 seinfo= system
12-12 20:17:15.102   675   944 D WindowManager: updateSetting mIsKidsLauncherEnabled = false isKidsLauncherEnabled = false
12-12 20:17:15.102   675   944 V WindowOrientationListener: mSContextAutoRotationListener.getProposedRotation, mbResultFaceDectection: false
12-12 20:17:15.102   675   944 V WindowOrientationListener: mSContextAutoRotationListener.getProposedRotation, Rotation: 0
12-12 20:17:15.102   675   944 V WindowOrientationListener: mSContextAutoRotationListener.getProposedRotation, mbResultFaceDectection: false
12-12 20:17:15.102   675   944 V WindowOrientationListener: mSContextAutoRotationListener.getProposedRotation, Rotation: 0
12-12 20:17:15.102   675   944 V WindowManager: rotationForOrientationLw(orient=-1, last=0); user=0  sensorRotation=0 mLidState=-1 mDockMode=0 mHdmiPlugged=false mAccelerometerDefault=false gripRotationLock=false
12-12 20:17:15.102   675   944 V WindowManager: rotationForOrientationLw(orient=-1, last=0); user=0  sensorRotation=0 mLidState=-1 mDockMode=0 mHdmiPlugged=false mAccelerometerDefault=false gripRotationLock=false
12-12 20:17:15.112   675   960 I ServiceKeeper: In getappinfo pid = 675 pkgName = android appinfo = null
12-12 20:17:15.112   675   960 I ServiceKeeper: In getseinfo pid = 675 uid = 1000 seinfo= system
12-12 20:17:15.122   675   960 I ServiceKeeper: In getappinfo pid = 675 pkgName = android appinfo = null
12-12 20:17:15.122   675   960 I ServiceKeeper: In getseinfo pid = 675 uid = 1000 seinfo= system
12-12 20:17:15.122   675   944 D toolbox : KidsMode onChanged() false
12-12 20:17:15.122   675   960 I ServiceKeeper: In getappinfo pid = 675 pkgName = android appinfo = null
12-12 20:17:15.122   675   960 I ServiceKeeper: In getseinfo pid = 675 uid = 1000 seinfo= system
12-12 20:17:15.122   675   944 D WindowManager: updateSetting mIsKidsLauncherEnabled = false isKidsLauncherEnabled = false
12-12 20:17:15.132   675   944 V WindowOrientationListener: mSContextAutoRotationListener.getProposedRotation, mbResultFaceDectection: false
12-12 20:17:15.132   675   944 V WindowOrientationListener: mSContextAutoRotationListener.getProposedRotation, Rotation: 0
12-12 20:17:15.132   675   944 V WindowOrientationListener: mSContextAutoRotationListener.getProposedRotation, mbResultFaceDectection: false
12-12 20:17:15.132   675   944 V WindowOrientationListener: mSContextAutoRotationListener.getProposedRotation, Rotation: 0
12-12 20:17:15.132 15066 15066 D TextLayoutCache: Using debug level = 0 - Debug Enabled = 0
12-12 20:17:15.132   675   944 V WindowManager: rotationForOrientationLw(orient=-1, last=0); user=0  sensorRotation=0 mLidState=-1 mDockMode=0 mHdmiPlugged=false mAccelerometerDefault=false gripRotationLock=false
12-12 20:17:15.152  1063  1063 W STATUSBAR-QuickSettingPanel: Wifi;Location;SilentMode;AutoRotate;Bluetooth;WifiCalling;NetworkBooster;UltraPowerSaving;MultiWindow;Toolbox;AllShareCast;Nfc;Sync;SmartStay;SmartPause;PowerSaving;DormantMode;AirplaneMode;CarMode;PersonalMode;TouchSensitivity;
12-12 20:17:15.152  1063  1063 W STATUSBAR-QuickSettingPanel: main list : [Ljava.lang.String;@437e3550quickPanelActiveList.length : 21
12-12 20:17:15.162   675   944 D toolbox : ToolBox disposed...
12-12 20:17:15.162   675   944 D toolbox : prepareToolBoxLinear()
12-12 20:17:15.162   675   944 D toolbox : TwToolBoxService getToolList()
12-12 20:17:15.162   675   944 D toolbox : TwToolBoxManager getToolList()
12-12 20:17:15.192   675  1026 D LocationManagerService: getLastLocation: Request[POWER_NONE passive fastest=0 num=1]
12-12 20:17:15.192   675   944 D toolbox : Count=6
12-12 20:17:15.202   675   960 I ServiceKeeper: In getappinfo pid = 675 pkgName = android appinfo = null
12-12 20:17:15.202   675   960 I ServiceKeeper: In getseinfo pid = 675 uid = 1000 seinfo= system
12-12 20:17:15.202  1063  1063 D STATUSBAR-WifiCallingQuickSettingButton: WfcObserver() initial - mIsWfcRegistered : false
12-12 20:17:15.212   675  5909 W PersonaManager: getPersonaIds()
12-12 20:17:15.212   675  5909 W PersonaManager: getPersonaIds()
12-12 20:17:15.212  1063  1063 D STATUSBAR-NetworkBoosterQuickSettingButton: NetworkBoosterObserver onChange()
12-12 20:17:15.212  1063  1063 D STATUSBAR-NetworkBoosterQuickSettingButton: WfcObserver() onChange - mIsWfcRegistered : false
12-12 20:17:15.222   675  5909 V WindowOrientationListener: mSContextAutoRotationListener.getProposedRotation, mbResultFaceDectection: false
12-12 20:17:15.222   675  5909 V WindowOrientationListener: mSContextAutoRotationListener.getProposedRotation, Rotation: 0
12-12 20:17:15.222   675  5909 V WindowOrientationListener: mSContextAutoRotationListener.getProposedRotation, mbResultFaceDectection: false
12-12 20:17:15.222   675  5909 V WindowOrientationListener: mSContextAutoRotationListener.getProposedRotation, Rotation: 0
12-12 20:17:15.222 12830 15104 I SettingsChangedIntentOp: SettingsChangedIntentOperation.run: Got intent Intent { act=com.google.android.gms.phenotype.COMMITTED flg=0x10 pkg=com.google.android.gms cmp=com.google.android.gms/.chimera.GmsIntentOperationService (has extras) }
12-12 20:17:15.222   675  5909 V WindowManager: rotationForOrientationLw(orient=-1, last=0); user=0  sensorRotation=0 mLidState=-1 mDockMode=0 mHdmiPlugged=false mAccelerometerDefault=false gripRotationLock=false
12-12 20:17:15.222   675  1042 D SmartFaceIndicator: no icon
12-12 20:17:15.222   675  1042 E SmartFaceService: mActiveServiceType: 10
12-12 20:17:15.222   675  1042 E SmartFaceService: mScrollEnabled:false mPauseEnabled:true mStayEnabled:false mRotationEnabled:false, (false,false)
12-12 20:17:15.222   675  1042 E SmartFaceService: mLightIntensityEnough: true mLux: 0.0
