12-12 20:17:49.242  1321  1321 I WfcConnectivityReceiver: notifyRssiChange(): networkInfo=NetworkInfo: type: WIFI[], state: CONNECTED/CONNECTED, reason: (unspecified), extra: "9902431635", roaming: false, failover: false, isAvailable: true, isConnectedToProvisioningNetwork: false
12-12 20:17:49.242  1321  1321 D WfcConnectivityReceiver: parseWifiConnectivity(): connected=true
12-12 20:17:49.242  1063  1063 D STATUSBAR-NetworkController: onReceive() - RSSI_CHANGED_ACTION, WIFI_STATE, NETWORK_STATE
12-12 20:17:49.242  1063  1063 D STATUSBAR-NetworkController: refreshSignalCluster - setNWBoosterIndicators(false)
12-12 20:17:49.242  1063  1063 D STATUSBAR-NetworkController: refreshSignalCluster: data=-1 bt=false
12-12 20:17:49.252  1321  1321 D WfcConnectivityReceiver: calculateRssi(): rssi=-73
12-12 20:17:49.252  1321  1321 D WfcConnectivityReceiver: calculateRssi(): returning CONNECTED_ROVE_IN
12-12 20:17:49.252  1321  1321 D WfcService: updateWifiState(): wifiState=CONNECTED_ROVE_IN
12-12 20:17:49.252  1321  1321 D WfcController: processWifiState(): Change in WifiState: new state=CONNECTED_ROVE_IN
12-12 20:17:49.252  1321  1321 D WfcController: isRadioConnected(): radio is not connected
12-12 20:17:49.252  1321  1321 D WfcController: checkAndUpdateLowSignal(): !isRadioConnected()=true, (mWfcControlState.mWifiState == WifiStates.DISCONNECTED)=false, mWifiManager.isWifiEnabled()=true
12-12 20:17:49.252  1321  1321 D WfcController: isRadioConnected(): radio is not connected
12-12 20:17:49.252  1321  1321 D WfcController: checkAndUpdateLowSignal(): Broadcast NOT in low signal
12-12 20:17:49.252  1321  1321 D WfcController: checkAndUpdateLowSignal(): Broadcast nothing changed
12-12 20:17:49.252  1321  1321 D WfcController: checkUpdate(): mWfcControlState=WfcController {mIsRegistered=false mIsInCall=false mCurrentProfile=WIFI_PREFERRED mWifiState=CONNECTED_ROVE_IN mGsmRadioState=1 mGsmSignalStrength=0 mRadioState=NO_RADIO mIsLowSignal=false mSimState=ABSENT}
12-12 20:17:49.252  1321  1321 D WfcController: isAllConditonsMetToProcessUpdate(): Do not register since user has disabled WFC
12-12 20:17:49.252  1063  1063 D STATUSBAR-IconMerger: checkOverflow(216), More:true, Req:true Child:5
12-12 20:17:49.562 15318 15318 D skia    : GFXPNG PNG bitmap created width:60 height:72 bitmap id is 277 
12-12 20:17:49.582   675   984 I InputDispatcher: Delivering touch to: action: 0x1, toolType: 0
12-12 20:17:49.582   675   960 I ServiceKeeper: In getappinfo pid = 675 pkgName = android appinfo = null
12-12 20:17:49.582   675   960 I ServiceKeeper: In getseinfo pid = 675 uid = 1000 seinfo= system
12-12 20:17:49.582   675  1026 V VibratorService: hasVibrator - useVibetonz: true
12-12 20:17:49.592   675  1026 V Vibrator: vibrateImmVibe - PUID: 1000, PackageName: android, type: 9, magType: TouchMagnitude
12-12 20:17:49.592   675  1025 D EnterpriseDeviceManager: ContainerId: 0
12-12 20:17:49.592   675  1823 D EnterpriseDeviceManager: ContainerId: 0
12-12 20:17:49.592   675  1026 V VibratorService: vibrateImmVibeMagnitudeType - magnitudeType: TouchMagnitude
12-12 20:17:49.592   675  1026 D VibratorService: ImmVibe vibratorOff()
12-12 20:17:49.592   675  1026 V VibratorService: vibrateImmVibe - package: android, type: 9, magnitude: 6000
12-12 20:17:49.612   261   261 I SurfaceFlinger: id=30 createSurf (1x1),1 flag=4, QopupWindow
12-12 20:17:49.732   261   261 I SurfaceFlinger: id=31 createSurf (1x1),1 flag=4, QopupWindow
12-12 20:17:49.762   675   960 I ServiceKeeper: In getappinfo pid = 675 pkgName = android appinfo = null
12-12 20:17:49.762   675   960 I ServiceKeeper: In getseinfo pid = 675 uid = 1000 seinfo= system
12-12 20:17:49.762   675   960 I ServiceKeeper: In getappinfo pid = 675 pkgName = android appinfo = null
12-12 20:17:49.762   675   960 I ServiceKeeper: In getseinfo pid = 675 uid = 1000 seinfo= system
12-12 20:17:50.062   675  1390 D EnterpriseDeviceManager: ContainerId: 0
12-12 20:17:50.062   675   692 D EnterpriseDeviceManager: ContainerId: 0
12-12 20:17:50.462   675  1388 D EnterpriseDeviceManager: ContainerId: 0
12-12 20:17:50.462   675  1823 D EnterpriseDeviceManager: ContainerId: 0
12-12 20:17:50.482 15066 15066 I AccessibilityNodeInfoDumper: Skipping invisible child: android.view.accessibility.AccessibilityNodeInfo@a51e; boundsInParent: Rect(0, 0 - 0, 168); boundsInScreen: Rect(1080, 75 - 1080, 243); packageName: com.example.snoopy; className: android.support.v7.widget.LinearLayoutCompat; text: null; contentDescription: null; viewIdResName: null; checkable: false; checked: false; focusable: false; focused: false; selected: false; clickable: false; longClickable: false; enabled: true; password: false; scrollable: false; [ACTION_SELECT, ACTION_CLEAR_SELECTION, ACTION_ACCESSIBILITY_FOCUS]
12-12 20:17:50.482 15066 15066 W AccessibilityNodeInfoDumper: Fetch time: 9ms
12-12 20:17:50.632   675  2599 D SSRMv2:SIOP: SIOP:: AP = 340, PST = 374, Delta = -6
12-12 20:17:50.632   675  2599 D AmoledAdjustTimer: prevTemp = 236, currTemp = 237, prevStep = 4, currStep = 4
12-12 20:17:50.762   675   960 I ServiceKeeper: In getappinfo pid = 675 pkgName = android appinfo = null
12-12 20:17:50.762   675   960 I ServiceKeeper: In getseinfo pid = 675 uid = 1000 seinfo= system
12-12 20:17:50.772   675   960 I ServiceKeeper: In getappinfo pid = 675 pkgName = android appinfo = null
12-12 20:17:50.772   675   960 I ServiceKeeper: In getseinfo pid = 675 uid = 1000 seinfo= system
12-12 20:17:50.852   253   253 E SMD     : DCD ON
12-12 20:17:51.082   675  1067 D lights  : button : 0 +
12-12 20:17:51.122   675  1067 D lights  : button : 0 -
12-12 20:17:51.772   675   960 I ServiceKeeper: In getappinfo pid = 675 pkgName = android appinfo = null
12-12 20:17:51.772   675   960 I ServiceKeeper: In getseinfo pid = 675 uid = 1000 seinfo= system
12-12 20:17:51.772   675   960 I ServiceKeeper: In getappinfo pid = 675 pkgName = android appinfo = null
12-12 20:17:51.772   675   960 I ServiceKeeper: In getseinfo pid = 675 uid = 1000 seinfo= system
12-12 20:17:51.872  1949  1949 W Settings: Setting airplane_mode_on has moved from android.provider.Settings.System to android.provider.Settings.Global, returning read-only value.
12-12 20:17:51.872   675  1067 D lights  : button : 1 +
12-12 20:17:51.882   675   960 I ServiceKeeper: In getappinfo pid = 675 pkgName = android appinfo = null
12-12 20:17:51.882   675   984 I InputDispatcher: Delivering key to: action: 0x0 (0)
12-12 20:17:51.882   675   960 I ServiceKeeper: In getseinfo pid = 675 uid = 1000 seinfo= system
12-12 20:17:51.892   675   984 I InputDispatcher: Delivering key to: action: 0x1 (0)
12-12 20:17:51.892   675   984 I InputDispatcher: Delivering key to: action: 0x0 (0)
12-12 20:17:51.922   675  1067 D lights  : button : 1 -
12-12 20:17:51.922   675   984 I InputDispatcher: Delivering key to: action: 0x1 (0)
12-12 20:17:51.922   675  5908 D EnterpriseDeviceManager: ContainerId: 0
12-12 20:17:51.922   675  1387 D EnterpriseDeviceManager: ContainerId: 0
12-12 20:17:51.932   675  1025 D EnterpriseDeviceManager: ContainerId: 0
12-12 20:17:51.942   675  5909 D EnterpriseDeviceManager: ContainerId: 0
12-12 20:17:51.942   675   984 I InputDispatcher: Delivering key to: action: 0x0 (0)
12-12 20:17:51.952   675   984 I InputDispatcher: Delivering key to: action: 0x1 (0)
12-12 20:17:51.962   675  5909 D EnterpriseDeviceManager: ContainerId: 0
12-12 20:17:51.962   675   692 D EnterpriseDeviceManager: ContainerId: 0
12-12 20:17:51.962   675   984 I InputDispatcher: Delivering key to: action: 0x0 (0)
12-12 20:17:51.972   675   693 D EnterpriseDeviceManager: ContainerId: 0
12-12 20:17:51.972   675  1822 D EnterpriseDeviceManager: ContainerId: 0
12-12 20:17:51.992   675   984 I InputDispatcher: Delivering key to: action: 0x1 (0)
12-12 20:17:51.992   675  5908 D EnterpriseDeviceManager: ContainerId: 0
12-12 20:17:51.992   675  1387 D EnterpriseDeviceManager: ContainerId: 0
12-12 20:17:52.012   675  1272 D EnterpriseDeviceManager: ContainerId: 0
12-12 20:17:52.012   675   953 D EnterpriseDeviceManager: ContainerId: 0
12-12 20:17:52.082   261  6410 I SurfaceFlinger: id=30 Removed QopupWindow (8/12)
12-12 20:17:52.082   261   459 I SurfaceFlinger: id=31 Removed QopupWindow (8/11)
12-12 20:17:52.082   261   459 I SurfaceFlinger: id=30 Removed QopupWindow (-2/11)
12-12 20:17:52.082   261  6411 I SurfaceFlinger: id=31 Removed QopupWindow (-2/11)
12-12 20:17:52.782   675   960 I ServiceKeeper: In getappinfo pid = 675 pkgName = android appinfo = null
12-12 20:17:52.782   675   960 I ServiceKeeper: In getseinfo pid = 675 uid = 1000 seinfo= system
12-12 20:17:52.782   675   960 I ServiceKeeper: In getappinfo pid = 675 pkgName = android appinfo = null
12-12 20:17:52.782   675   960 I ServiceKeeper: In getseinfo pid = 675 uid = 1000 seinfo= system
12-12 20:17:53.382   675  1067 D lights  : button : 0 +
12-12 20:17:53.422   675  1067 D lights  : button : 0 -
12-12 20:17:53.622   675  1272 D EnterpriseDeviceManager: ContainerId: 0
12-12 20:17:53.622   675   953 D EnterpriseDeviceManager: ContainerId: 0
12-12 20:17:53.632 15066 15066 I QueryController: Matched selector: UiSelector[CLASS=android.widget.EditText, INSTANCE=1, PACKAGE NAME=com.example.snoopy, COUNT=1] <<==>> [android.view.accessibility.AccessibilityNodeInfo@7bd3; boundsInParent: Rect(0, 0 - 1014, 135); boundsInScreen: Rect(45, 513 - 1059, 648); packageName: com.example.snoopy; className: android.widget.EditText; text: Enter password.. Double tap to edit.; contentDescription: null; viewIdResName: com.example.snoopy:id/editTextPassword; checkable: false; checked: false; focusable: true; focused: false; selected: false; clickable: true; longClickable: true; enabled: true; password: false; scrollable: false; [ACTION_FOCUS, ACTION_SELECT, ACTION_CLEAR_SELECTION, ACTION_CLICK, ACTION_LONG_CLICK, ACTION_ACCESSIBILITY_FOCUS]]
12-12 20:17:53.642   675  5909 D EnterpriseDeviceManager: ContainerId: 0
12-12 20:17:53.642   675  1374 D EnterpriseDeviceManager: ContainerId: 0
12-12 20:17:53.652 15066 15066 I QueryController: Matched selector: UiSelector[CLASS=android.widget.EditText, INSTANCE=1, PACKAGE NAME=com.example.snoopy, COUNT=1] <<==>> [android.view.accessibility.AccessibilityNodeInfo@7bd3; boundsInParent: Rect(0, 0 - 1014, 135); boundsInScreen: Rect(45, 513 - 1059, 648); packageName: com.example.snoopy; className: android.widget.EditText; text: Enter password.. Double tap to edit.; contentDescription: null; viewIdResName: com.example.snoopy:id/editTextPassword; checkable: false; checked: false; focusable: true; focused: false; selected: false; clickable: true; longClickable: true; enabled: true; password: false; scrollable: false; [ACTION_FOCUS, ACTION_SELECT, ACTION_CLEAR_SELECTION, ACTION_CLICK, ACTION_LONG_CLICK, ACTION_ACCESSIBILITY_FOCUS]]
12-12 20:17:53.702 15066 15088 D dalvikvm: GC_CONCURRENT freed 1620K, 45% free 6818K/12184K, paused 2ms+3ms, total 25ms
12-12 20:17:53.782   675   960 I ServiceKeeper: In getappinfo pid = 675 pkgName = android appinfo = null
12-12 20:17:53.782   675   960 I ServiceKeeper: In getseinfo pid = 675 uid = 1000 seinfo= system
12-12 20:17:53.782   675   960 I ServiceKeeper: In getappinfo pid = 675 pkgName = android appinfo = null
12-12 20:17:53.782   675   960 I ServiceKeeper: In getseinfo pid = 675 uid = 1000 seinfo= system
12-12 20:17:53.852   253   253 E SMD     : DCD ON
12-12 20:17:54.772   675  1025 D EnterpriseDeviceManager: ContainerId: 0
12-12 20:17:54.772   675  5909 D EnterpriseDeviceManager: ContainerId: 0
12-12 20:17:54.792   675   960 I ServiceKeeper: In getappinfo pid = 675 pkgName = android appinfo = null
12-12 20:17:54.792   675   960 I ServiceKeeper: In getseinfo pid = 675 uid = 1000 seinfo= system
12-12 20:17:54.792   675   960 I ServiceKeeper: In getappinfo pid = 675 pkgName = android appinfo = null
12-12 20:17:54.792   675   960 I ServiceKeeper: In getseinfo pid = 675 uid = 1000 seinfo= system
12-12 20:17:54.802 15066 15066 I QueryController: Matched selector: UiSelector[CLASS=android.widget.EditText, INSTANCE=1, PACKAGE NAME=com.example.snoopy, COUNT=1] <<==>> [android.view.accessibility.AccessibilityNodeInfo@7bd3; boundsInParent: Rect(0, 0 - 1014, 135); boundsInScreen: Rect(45, 513 - 1059, 648); packageName: com.example.snoopy; className: android.widget.EditText; text: Enter password.. Double tap to edit.; contentDescription: null; viewIdResName: com.example.snoopy:id/editTextPassword; checkable: false; checked: false; focusable: true; focused: false; selected: false; clickable: true; longClickable: true; enabled: true; password: false; scrollable: false; [ACTION_FOCUS, ACTION_SELECT, ACTION_CLEAR_SELECTION, ACTION_CLICK, ACTION_LONG_CLICK, ACTION_ACCESSIBILITY_FOCUS]]
12-12 20:17:54.802   675   984 I InputDispatcher: Delivering touch to: action: 0x4, toolType: 0
12-12 20:17:54.812   675   984 I InputDispatcher: Delivering touch to: action: 0x0, toolType: 0
12-12 20:17:54.812   675  1067 D lights  : button : 1 +
12-12 20:17:54.812   675   960 I ServiceKeeper: In getappinfo pid = 675 pkgName = android appinfo = null
12-12 20:17:54.812   675  1385 I toolbox : Callback isContain() false
12-12 20:17:54.812   675   960 I ServiceKeeper: In getseinfo pid = 675 uid = 1000 seinfo= system
12-12 20:17:54.852   675  1067 D lights  : button : 1 -
12-12 20:17:55.322   675   984 I InputDispatcher: Delivering touch to: action: 0x1, toolType: 0
12-12 20:17:55.322   675   960 I ServiceKeeper: In getappinfo pid = 675 pkgName = android appinfo = null
12-12 20:17:55.332   675  1385 V Vibrator: vibrateImmVibe - PUID: 1000, PackageName: android, type: 9, magType: TouchMagnitude
12-12 20:17:55.332   675   960 I ServiceKeeper: In getseinfo pid = 675 uid = 1000 seinfo= system
12-12 20:17:55.332   675  1385 V VibratorService: hasVibrator - useVibetonz: true
12-12 20:17:55.332   675  1385 V VibratorService: vibrateImmVibeMagnitudeType - magnitudeType: TouchMagnitude
12-12 20:17:55.332   675  1385 D VibratorService: ImmVibe vibratorOff()
12-12 20:17:55.332   675  1385 V VibratorService: vibrateImmVibe - package: android, type: 9, magnitude: 6000
12-12 20:17:55.342   675  5909 D EnterpriseDeviceManager: ContainerId: 0
12-12 20:17:55.342   675  1390 D EnterpriseDeviceManager: ContainerId: 0
12-12 20:17:55.362   675  1388 D BatteryService: level:100, scale:100, status:5, health:2, present:true, voltage: 4385, temperature: 237, technology: Li-ion, AC powered:false, USB powered:true, Wireless powered:false, icon:17303678, invalid charger:0, online:4, current avg:450, charge type:1, power sharing:false
12-12 20:17:55.362   675   675 I Tethering: BATTERY_CHANGED, level = 100lowBatteryThreshold = 15
12-12 20:17:55.362   675   675 D BatteryService: Sending ACTION_BATTERY_CHANGED.
12-12 20:17:55.362   675   675 D UiModeManager: mCoverManager.getCoverState() : true
12-12 20:17:55.372  1063  1063 D KeyguardUpdateMonitor: received broadcast android.intent.action.BATTERY_CHANGED
12-12 20:17:55.372  1063  1063 D KeyguardUpdateMonitor: handleBatteryUpdate
12-12 20:17:55.372  1063  1063 D STATUSBAR-PhoneStatusBar:  mBrightnessEnablebySettings = true mBrightnessEnablebyBattery = true mBrightnessEnablebyDisableFlag = true mPmsBrightnessEnablebySettings = true
12-12 20:17:55.382   261   261 I SurfaceFlinger: id=32 createSurf (1x1),1 flag=4, QopupWindow
12-12 20:17:55.382  1657 13433 D HeadsetStateMachine: Disconnected process message: 10
12-12 20:17:55.382  1063  1063 D STATUSBAR-IconMerger: checkOverflow(216), More:true, Req:true Child:5
12-12 20:17:55.382  1063  1063 D BatteryMeterView: ACTION_BATTERY_CHANGED : level:100 status:5 health:2
12-12 20:17:55.552   261   261 I SurfaceFlinger: id=33 createSurf (1x1),1 flag=4, QopupWindow
12-12 20:17:55.592   675  5909 D EnterpriseDeviceManager: ContainerId: 0
12-12 20:17:55.592   675  1374 D EnterpriseDeviceManager: ContainerId: 0
12-12 20:17:55.792   675   960 I ServiceKeeper: In getappinfo pid = 675 pkgName = android appinfo = null
12-12 20:17:55.802   675   960 I ServiceKeeper: In getseinfo pid = 675 uid = 1000 seinfo= system
12-12 20:17:55.802   675   960 I ServiceKeeper: In getappinfo pid = 675 pkgName = android appinfo = null
12-12 20:17:55.812   675   960 I ServiceKeeper: In getseinfo pid = 675 uid = 1000 seinfo= system
12-12 20:17:55.892   675  1388 D EnterpriseDeviceManager: ContainerId: 0
12-12 20:17:55.902   675  5909 D EnterpriseDeviceManager: ContainerId: 0
12-12 20:17:56.332   675   693 D EnterpriseDeviceManager: ContainerId: 0
12-12 20:17:56.332   675  1272 D EnterpriseDeviceManager: ContainerId: 0
12-12 20:17:56.342 15066 15066 I AccessibilityNodeInfoDumper: Skipping invisible child: android.view.accessibility.AccessibilityNodeInfo@a51e; boundsInParent: Rect(0, 0 - 0, 168); boundsInScreen: Rect(1080, 75 - 1080, 243); packageName: com.example.snoopy; className: android.support.v7.widget.LinearLayoutCompat; text: null; contentDescription: null; viewIdResName: null; checkable: false; checked: false; focusable: false; focused: false; selected: false; clickable: false; longClickable: false; enabled: true; password: false; scrollable: false; [ACTION_SELECT, ACTION_CLEAR_SELECTION, ACTION_ACCESSIBILITY_FOCUS]
12-12 20:17:56.352 15066 15066 W AccessibilityNodeInfoDumper: Fetch time: 8ms
12-12 20:17:56.802   675   960 I ServiceKeeper: In getappinfo pid = 675 pkgName = android appinfo = null
12-12 20:17:56.802   675   960 I ServiceKeeper: In getseinfo pid = 675 uid = 1000 seinfo= system
12-12 20:17:56.812   675   960 I ServiceKeeper: In getappinfo pid = 675 pkgName = android appinfo = null
12-12 20:17:56.812   675   960 I ServiceKeeper: In getseinfo pid = 675 uid = 1000 seinfo= system
12-12 20:17:56.822   675  1067 D lights  : button : 0 +
12-12 20:17:56.862   675  1067 D lights  : button : 0 -
12-12 20:17:56.862   253   253 E SMD     : DCD ON
12-12 20:17:57.772   675   960 I ServiceKeeper: In getappinfo pid = 675 pkgName = android appinfo = null
12-12 20:17:57.772   675   960 I ServiceKeeper: In getseinfo pid = 675 uid = 1000 seinfo= system
12-12 20:17:57.772   675  1067 D lights  : button : 1 +
12-12 20:17:57.782   675   984 I InputDispatcher: Delivering key to: action: 0x0 (0)
12-12 20:17:57.802   675   984 I InputDispatcher: Delivering key to: action: 0x1 (0)
12-12 20:17:57.802   675   984 I InputDispatcher: Delivering key to: action: 0x0 (0)
12-12 20:17:57.832   675  1067 D lights  : button : 1 -
12-12 20:17:57.832   675  1067 D LightsService: Excessive delay setting light: 61ms
12-12 20:17:57.842   675   984 I InputDispatcher: Delivering key to: action: 0x1 (0)
12-12 20:17:57.842   675   960 I ServiceKeeper: In getappinfo pid = 675 pkgName = android appinfo = null
12-12 20:17:57.842   675   960 I ServiceKeeper: In getseinfo pid = 675 uid = 1000 seinfo= system
12-12 20:17:57.852   675   960 I ServiceKeeper: In getappinfo pid = 675 pkgName = android appinfo = null
12-12 20:17:57.852   675   960 I ServiceKeeper: In getseinfo pid = 675 uid = 1000 seinfo= system
12-12 20:17:57.852   675   692 D EnterpriseDeviceManager: ContainerId: 0
12-12 20:17:57.852   675  5908 D EnterpriseDeviceManager: ContainerId: 0
12-12 20:17:57.862   675   984 I InputDispatcher: Delivering key to: action: 0x0 (0)
12-12 20:17:57.872   675   693 D EnterpriseDeviceManager: ContainerId: 0
12-12 20:17:57.872   675   953 D EnterpriseDeviceManager: ContainerId: 0
12-12 20:17:57.902   675   953 D EnterpriseDeviceManager: ContainerId: 0
12-12 20:17:57.902   675   984 I InputDispatcher: Delivering key to: action: 0x1 (0)
12-12 20:17:57.902   675  1273 D EnterpriseDeviceManager: ContainerId: 0
12-12 20:17:57.912   675   692 D EnterpriseDeviceManager: ContainerId: 0
12-12 20:17:57.912   675  5909 D EnterpriseDeviceManager: ContainerId: 0
12-12 20:17:57.922   675   984 I InputDispatcher: Delivering key to: action: 0x0 (0)
12-12 20:17:57.942   675   984 I InputDispatcher: Delivering key to: action: 0x1 (0)
12-12 20:17:57.942   675  1822 D EnterpriseDeviceManager: ContainerId: 0
12-12 20:17:57.942   675   692 D EnterpriseDeviceManager: ContainerId: 0
12-12 20:17:57.952   675  1385 D EnterpriseDeviceManager: ContainerId: 0
12-12 20:17:57.952   675  1272 D EnterpriseDeviceManager: ContainerId: 0
12-12 20:17:58.012   261  6411 I SurfaceFlinger: id=32 Removed QopupWindow (8/12)
12-12 20:17:58.012   261   459 I SurfaceFlinger: id=32 Removed QopupWindow (-2/12)
12-12 20:17:58.012   261   459 I SurfaceFlinger: id=33 Removed QopupWindow (8/11)
12-12 20:17:58.012   261  6410 I SurfaceFlinger: id=33 Removed QopupWindow (-2/11)
12-12 20:17:58.842   675   960 I ServiceKeeper: In getappinfo pid = 675 pkgName = android appinfo = null
12-12 20:17:58.842   675   960 I ServiceKeeper: In getseinfo pid = 675 uid = 1000 seinfo= system
12-12 20:17:58.852   675   960 I ServiceKeeper: In getappinfo pid = 675 pkgName = android appinfo = null
12-12 20:17:58.862   675   960 I ServiceKeeper: In getseinfo pid = 675 uid = 1000 seinfo= system
12-12 20:17:59.272   675  1067 D lights  : button : 0 +
12-12 20:17:59.312   675  1067 D lights  : button : 0 -
12-12 20:17:59.442   675  1273 D EnterpriseDeviceManager: ContainerId: 0
12-12 20:17:59.442   675  1025 D EnterpriseDeviceManager: ContainerId: 0
12-12 20:17:59.452 15066 15066 I QueryController: Matched selector: UiSelector[CLASS=android.widget.TextView, INSTANCE=1, PACKAGE NAME=com.example.snoopy, COUNT=1] <<==>> [android.view.accessibility.AccessibilityNodeInfo@8716; boundsInParent: Rect(0, 0 - 1104, 57); boundsInScreen: Rect(0, 927 - 1104, 984); packageName: com.example.snoopy; className: android.widget.TextView; text: Already Registered? Login Now; contentDescription: null; viewIdResName: com.example.snoopy:id/textViewSignin; checkable: false; checked: false; focusable: false; focused: false; selected: false; clickable: true; longClickable: false; enabled: true; password: false; scrollable: false; [ACTION_SELECT, ACTION_CLEAR_SELECTION, ACTION_CLICK, ACTION_ACCESSIBILITY_FOCUS, ACTION_NEXT_AT_MOVEMENT_GRANULARITY, ACTION_PREVIOUS_AT_MOVEMENT_GRANULARITY, ACTION_SET_SELECTION]]
12-12 20:17:59.472   675  1822 D EnterpriseDeviceManager: ContainerId: 0
12-12 20:17:59.472   675  5909 D EnterpriseDeviceManager: ContainerId: 0
12-12 20:17:59.492 15066 15066 I QueryController: Matched selector: UiSelector[CLASS=android.widget.TextView, INSTANCE=1, PACKAGE NAME=com.example.snoopy, COUNT=1] <<==>> [android.view.accessibility.AccessibilityNodeInfo@8716; boundsInParent: Rect(0, 0 - 1104, 57); boundsInScreen: Rect(0, 927 - 1104, 984); packageName: com.example.snoopy; className: android.widget.TextView; text: Already Registered? Login Now; contentDescription: null; viewIdResName: com.example.snoopy:id/textViewSignin; checkable: false; checked: false; focusable: false; focused: false; selected: false; clickable: true; longClickable: false; enabled: true; password: false; scrollable: false; [ACTION_SELECT, ACTION_CLEAR_SELECTION, ACTION_CLICK, ACTION_ACCESSIBILITY_FOCUS, ACTION_NEXT_AT_MOVEMENT_GRANULARITY, ACTION_PREVIOUS_AT_MOVEMENT_GRANULARITY, ACTION_SET_SELECTION]]
12-12 20:17:59.492 15066 15088 D dalvikvm: GC_CONCURRENT freed 2114K, 44% free 6916K/12180K, paused 3ms+5ms, total 43ms
12-12 20:17:59.522 15066 15066 D dalvikvm: GC_FOR_ALLOC freed 131K, 45% free 6787K/12180K, paused 17ms, total 17ms
12-12 20:17:59.532 15066 15066 I dalvikvm-heap: Grow heap (frag case) to 10.605MB for 2073616-byte allocation
12-12 20:17:59.572 15066 15088 D dalvikvm: GC_CONCURRENT freed 436K, 41% free 8497K/14208K, paused 2ms+1ms, total 21ms
12-12 20:17:59.852   675   960 I ServiceKeeper: In getappinfo pid = 675 pkgName = android appinfo = null
12-12 20:17:59.852   675   960 I ServiceKeeper: In getseinfo pid = 675 uid = 1000 seinfo= system
12-12 20:17:59.862   675   960 I ServiceKeeper: In getappinfo pid = 675 pkgName = android appinfo = null
12-12 20:17:59.862   253   253 E SMD     : DCD ON
12-12 20:17:59.862   675   960 I ServiceKeeper: In getseinfo pid = 675 uid = 1000 seinfo= system
12-12 20:17:59.992   675   979 W PersonaManager: getPersonaIds()
12-12 20:17:59.992   675   979 V AlarmManager: waitForAlarm result :8
12-12 20:18:00.002   675   675 V AlarmManager: ClockReceiver onReceive() ACTION_TIME_TICK
12-12 20:18:00.012   675   960 I ServiceKeeper: In getappinfo pid = 675 pkgName = android appinfo = null
12-12 20:18:00.012   675   960 I ServiceKeeper: In getseinfo pid = 675 uid = 1000 seinfo= system
12-12 20:18:00.022  1063  1063 D KeyguardUpdateMonitor: received broadcast android.intent.action.TIME_TICK
12-12 20:18:00.022  1063  1063 D KeyguardUpdateMonitor: handleTimeUpdate
12-12 20:18:00.052  1063  1063 D STATUSBAR-IconMerger: checkOverflow(216), More:true, Req:true Child:5
12-12 20:18:00.092  4056  4056 D daemonapp: [MSC_Daemon]>>> WU:237 [0:0] regintype : NA
12-12 20:18:00.092  4056  4056 D daemonapp: [MSC_Daemon]>>> WU:288 [0:0] cp type is : cp_eng
12-12 20:18:00.102   675   960 I ServiceKeeper: In getappinfo pid = 675 pkgName = android appinfo = null
12-12 20:18:00.102   675   960 I ServiceKeeper: In getseinfo pid = 675 uid = 1000 seinfo= system
12-12 20:18:00.602   675  1273 D EnterpriseDeviceManager: ContainerId: 0
12-12 20:18:00.612   675   953 D EnterpriseDeviceManager: ContainerId: 0
12-12 20:18:00.632 15066 15066 I QueryController: Matched selector: UiSelector[CLASS=android.widget.TextView, INSTANCE=1, PACKAGE NAME=com.example.snoopy, COUNT=1] <<==>> [android.view.accessibility.AccessibilityNodeInfo@8716; boundsInParent: Rect(0, 0 - 1104, 57); boundsInScreen: Rect(0, 927 - 1104, 984); packageName: com.example.snoopy; className: android.widget.TextView; text: Already Registered? Login Now; contentDescription: null; viewIdResName: com.example.snoopy:id/textViewSignin; checkable: false; checked: false; focusable: false; focused: false; selected: false; clickable: true; longClickable: false; enabled: true; password: false; scrollable: false; [ACTION_SELECT, ACTION_CLEAR_SELECTION, ACTION_CLICK, ACTION_ACCESSIBILITY_FOCUS, ACTION_NEXT_AT_MOVEMENT_GRANULARITY, ACTION_PREVIOUS_AT_MOVEMENT_GRANULARITY, ACTION_SET_SELECTION]]
12-12 20:18:00.642 15066 15066 D InteractionController: clickAndSync(540, 955)
12-12 20:18:00.642   675   984 I InputDispatcher: Delivering touch to: action: 0x4, toolType: 0
12-12 20:18:00.652   675   984 I InputDispatcher: Delivering touch to: action: 0x0, toolType: 0
12-12 20:18:00.652   675  1067 D lights  : button : 1 +
12-12 20:18:00.652   675  1387 I toolbox : Callback isContain() false
12-12 20:18:00.652   675   960 I ServiceKeeper: In getappinfo pid = 675 pkgName = android appinfo = null
12-12 20:18:00.652   675   960 I ServiceKeeper: In getseinfo pid = 675 uid = 1000 seinfo= system
12-12 20:18:00.682   675  2599 D SSRMv2:SIOP: SIOP:: AP = 330, PST = 364, Delta = -10
12-12 20:18:00.682   675  2599 D AmoledAdjustTimer: prevTemp = 237, currTemp = 237, prevStep = 4, currStep = 4
12-12 20:18:00.692   675  1067 D lights  : button : 1 -
12-12 20:18:00.762   675   984 I InputDispatcher: Delivering touch to: action: 0x1, toolType: 0
12-12 20:18:00.782   675  1823 D EnterpriseDeviceManager: ContainerId: 0
12-12 20:18:00.792   675  1823 D CustomFrequencyManagerService: acquireDVFSLockLocked : type : DVFS_MIN_LIMIT  frequency : 1958400  uid : 1000  pid : 675  pkgName : ACTIVITY_RESUME_BOOSTER@6
12-12 20:18:00.792   675  1823 W ActivityManager: mDVFSHelper.acquire()
12-12 20:18:00.802   675   960 I ServiceKeeper: In getappinfo pid = 675 pkgName = android appinfo = null
12-12 20:18:00.802   675   960 I ServiceKeeper: In getseinfo pid = 675 uid = 1000 seinfo= system
12-12 20:18:00.812  2863  2863 I SQLiteSecureOpenHelper: getWritableDatabase(pwd)
12-12 20:18:00.812  2863  2863 I SQLiteSecureOpenHelper: getDatabaseLocked(b,b,pwd)...
12-12 20:18:00.812   675   934 D PointerIcon: setMouseIconStyle1 pointerType: 1001iconType:101 flag:0
12-12 20:18:00.812   675   934 D PointerIcon: setMouseCustomIcon IconType is same.101
12-12 20:18:00.812   675   934 D PointerIcon: setHoveringSpenIconStyle1 pointerType: 10001iconType:1 flag:0
12-12 20:18:00.812   675   934 D PointerIcon: setHoveringSpenCustomIcon IconType is same.1
12-12 20:18:00.812  1321  1321 D WfcActivityStateReceiver: onReceive(): packageName=com.example.snoopy, activityState=pause
12-12 20:18:00.812   675  1042 V SmartFaceService - 3rd party pause: onReceive [android.intent.action.ACTIVITY_STATE/com.example.snoopy/pause]
12-12 20:18:00.832  1063  1299 D LockPatternUtils: isPcwEnable = 10
12-12 20:18:00.832  1321  1321 D WfcActivityStateReceiver: onReceive(): packageName=com.example.snoopy, activityState=create
12-12 20:18:00.832  1063  1063 D PhoneStatusBar: setTransGradationMode=false, mTransparentMode=false, mSemiTransparentMode=false, mMultiWindowMode=false
12-12 20:18:00.832   675  1042 V SmartFaceService - 3rd party pause: onReceive [android.intent.action.ACTIVITY_STATE/com.example.snoopy/create]
12-12 20:18:00.832   675   953 D StatusBarManagerService: tr p:15318,o:f
12-12 20:18:00.862   675   960 I ServiceKeeper: In getappinfo pid = 675 pkgName = android appinfo = null
12-12 20:18:00.862   675   960 I ServiceKeeper: In getseinfo pid = 675 uid = 1000 seinfo= system
12-12 20:18:00.862   675   960 I ServiceKeeper: In getappinfo pid = 675 pkgName = android appinfo = null
12-12 20:18:00.862   675   960 I ServiceKeeper: In getseinfo pid = 675 uid = 1000 seinfo= system
12-12 20:18:00.872  1063  1063 D PhoneStatusBar: setSemiTransparentMode=false, mTransparentMode=false, mSemiTransparentMode=false, mMultiWindowMode=false
12-12 20:18:00.872   675  1822 D StatusBarManagerService: semi p:15318,o:f
12-12 20:18:00.882   261   261 I SurfaceFlinger: id=34 createSurf (1x1),1 flag=404, MoginActivi
12-12 20:18:00.882   675   693 I SpenGestureManager: setFocusWindow21015
12-12 20:18:00.882   675   944 D EnterpriseDeviceManager: ContainerId: 0
12-12 20:18:00.882   675   944 D STATUSBAR-StatusBarManagerService: manageDisableList what=0x0 pkg=WindowManager.LayoutParams
12-12 20:18:00.892   675   934 D PointerIcon: setMouseIconStyle1 pointerType: 1001iconType:101 flag:0
12-12 20:18:00.892   675   934 D PointerIcon: setMouseCustomIcon IconType is same.101
12-12 20:18:00.892   675   934 D PointerIcon: setHoveringSpenIconStyle1 pointerType: 10001iconType:1 flag:0
12-12 20:18:00.892   675   934 D PointerIcon: setHoveringSpenCustomIcon IconType is same.1
12-12 20:18:00.902  1063  1077 D LockPatternUtils: isPcwEnable = 10
12-12 20:18:00.912   675 15761 W ContextImpl: Calling a method in the system process without a qualified user: android.app.ContextImpl.sendBroadcast:1491 com.android.server.InputMethodManagerService$4.run:2827 java.lang.Thread.run:841 <bottom of call stack> <bottom of call stack> 
12-12 20:18:00.932   675   960 I ServiceKeeper: In getappinfo pid = 675 pkgName = android appinfo = null
12-12 20:18:00.932   675   960 I ServiceKeeper: In getseinfo pid = 675 uid = 1000 seinfo= system
12-12 20:18:00.982   675   960 I ServiceKeeper: In getappinfo pid = 675 pkgName = android appinfo = null
12-12 20:18:00.982   675   960 I ServiceKeeper: In getseinfo pid = 675 uid = 1000 seinfo= system
12-12 20:18:01.002   675   960 I ServiceKeeper: In getappinfo pid = 675 pkgName = android appinfo = null
12-12 20:18:01.002   675   960 I ServiceKeeper: In getseinfo pid = 675 uid = 1000 seinfo= system
12-12 20:18:01.012   675   960 I ServiceKeeper: In getappinfo pid = 675 pkgName = android appinfo = null
12-12 20:18:01.012   675   960 I ServiceKeeper: In getseinfo pid = 675 uid = 1000 seinfo= system
12-12 20:18:01.032   675   960 I ServiceKeeper: In getappinfo pid = 675 pkgName = android appinfo = null
12-12 20:18:01.032   675   960 I ServiceKeeper: In getseinfo pid = 675 uid = 1000 seinfo= system
12-12 20:18:01.052   675   960 I ServiceKeeper: In getappinfo pid = 675 pkgName = android appinfo = null
12-12 20:18:01.052   675   960 I ServiceKeeper: In getseinfo pid = 675 uid = 1000 seinfo= system
12-12 20:18:01.072   675   960 I ServiceKeeper: In getappinfo pid = 675 pkgName = android appinfo = null
12-12 20:18:01.072   675   960 I ServiceKeeper: In getseinfo pid = 675 uid = 1000 seinfo= system
12-12 20:18:01.082   675   960 I ServiceKeeper: In getappinfo pid = 675 pkgName = android appinfo = null
12-12 20:18:01.082   675   960 I ServiceKeeper: In getseinfo pid = 675 uid = 1000 seinfo= system
12-12 20:18:01.092   675   960 I ServiceKeeper: In getappinfo pid = 675 pkgName = android appinfo = null
12-12 20:18:01.092   675   960 I ServiceKeeper: In getseinfo pid = 675 uid = 1000 seinfo= system
12-12 20:18:01.272   675   934 D CustomFrequencyManagerService: releaseDVFSLockLocked : Getting Lock type frm List : DVFS_MIN_LIMIT  frequency : 1958400  uid : 1000  pid : 675  tag : ACTIVITY_RESUME_BOOSTER@6
12-12 20:18:01.272   675   934 W ActivityManager: mDVFSHelper.release()
12-12 20:18:01.282   261   948 I SurfaceFlinger: id=29 Removed NainActivit (6/11)
12-12 20:18:01.282   261   459 I SurfaceFlinger: id=29 Removed NainActivit (-2/11)
12-12 20:18:01.282   675   935 D CustomFrequencyManagerService: acquireDVFSLockLocked : type : DVFS_MIN_LIMIT  frequency : 1958400  uid : 1000  pid : 675  pkgName : ACTIVITY_RESUME_BOOSTER@9
12-12 20:18:01.592   675   675 D CustomFrequencyManagerService: releaseDVFSLockLocked : Getting Lock type frm List : DVFS_MIN_LIMIT  frequency : 1958400  uid : 1000  pid : 675  tag : ACTIVITY_RESUME_BOOSTER@9
12-12 20:18:01.872   675   960 I ServiceKeeper: In getappinfo pid = 675 pkgName = android appinfo = null
12-12 20:18:01.872   675   960 I ServiceKeeper: In getseinfo pid = 675 uid = 1000 seinfo= system
12-12 20:18:01.872   675   960 I ServiceKeeper: In getappinfo pid = 675 pkgName = android appinfo = null
12-12 20:18:01.872   675   960 I ServiceKeeper: In getseinfo pid = 675 uid = 1000 seinfo= system
12-12 20:18:02.062   675  1165 E Watchdog: !@Sync 239
12-12 20:18:02.152   675  1067 D lights  : button : 0 +
12-12 20:18:02.192   675  1067 D lights  : button : 0 -
12-12 20:18:02.862   253   253 E SMD     : DCD ON
12-12 20:18:02.872   675   960 I ServiceKeeper: In getappinfo pid = 675 pkgName = android appinfo = null
12-12 20:18:02.872   675   960 I ServiceKeeper: In getseinfo pid = 675 uid = 1000 seinfo= system
12-12 20:18:02.872   675   960 I ServiceKeeper: In getappinfo pid = 675 pkgName = android appinfo = null
12-12 20:18:02.872   675   960 I ServiceKeeper: In getseinfo pid = 675 uid = 1000 seinfo= system
12-12 20:18:03.102   675  1374 D EnterpriseDeviceManager: ContainerId: 0
12-12 20:18:03.102   675   692 D EnterpriseDeviceManager: ContainerId: 0
12-12 20:18:03.112 15066 15066 I AccessibilityNodeInfoDumper: Skipping invisible child: android.view.accessibility.AccessibilityNodeInfo@fb7a; boundsInParent: Rect(0, 0 - 0, 168); boundsInScreen: Rect(1080, 75 - 1080, 243); packageName: com.example.snoopy; className: android.support.v7.widget.LinearLayoutCompat; text: null; contentDescription: null; viewIdResName: null; checkable: false; checked: false; focusable: false; focused: false; selected: false; clickable: false; longClickable: false; enabled: true; password: false; scrollable: false; [ACTION_SELECT, ACTION_CLEAR_SELECTION, ACTION_ACCESSIBILITY_FOCUS]
12-12 20:18:03.122 15066 15066 W AccessibilityNodeInfoDumper: Fetch time: 8ms
12-12 20:18:03.632   675  1025 D EnterpriseDeviceManager: ContainerId: 0
12-12 20:18:03.632   675  1385 D EnterpriseDeviceManager: ContainerId: 0
12-12 20:18:03.642 15066 15066 I QueryController: Matched selector: UiSelector[CLASS=android.widget.EditText, INSTANCE=0, PACKAGE NAME=com.example.snoopy] <<==>> [android.view.accessibility.AccessibilityNodeInfo@caad; boundsInParent: Rect(0, 0 - 1014, 135); boundsInScreen: Rect(45, 368 - 1059, 503); packageName: com.example.snoopy; className: android.widget.EditText; text: Enter your email. Editing.; contentDescription: null; viewIdResName: com.example.snoopy:id/editTextEmail; checkable: false; checked: false; focusable: true; focused: true; selected: false; clickable: true; longClickable: true; enabled: true; password: false; scrollable: false; [ACTION_CLEAR_FOCUS, ACTION_SELECT, ACTION_CLEAR_SELECTION, ACTION_CLICK, ACTION_LONG_CLICK, ACTION_ACCESSIBILITY_FOCUS, ACTION_PASTE]]
12-12 20:18:03.652   675   692 D EnterpriseDeviceManager: ContainerId: 0
12-12 20:18:03.652   675  1823 D EnterpriseDeviceManager: ContainerId: 0
12-12 20:18:03.662 15066 15066 I QueryController: Matched selector: UiSelector[CLASS=android.widget.EditText, INSTANCE=0, PACKAGE NAME=com.example.snoopy] <<==>> [android.view.accessibility.AccessibilityNodeInfo@caad; boundsInParent: Rect(0, 0 - 1014, 135); boundsInScreen: Rect(45, 368 - 1059, 503); packageName: com.example.snoopy; className: android.widget.EditText; text: Enter your email. Editing.; contentDescription: null; viewIdResName: com.example.snoopy:id/editTextEmail; checkable: false; checked: false; focusable: true; focused: true; selected: false; clickable: true; longClickable: true; enabled: true; password: false; scrollable: false; [ACTION_CLEAR_FOCUS, ACTION_SELECT, ACTION_CLEAR_SELECTION, ACTION_CLICK, ACTION_LONG_CLICK, ACTION_ACCESSIBILITY_FOCUS, ACTION_PASTE]]
12-12 20:18:03.892   675   960 I ServiceKeeper: In getappinfo pid = 675 pkgName = android appinfo = null
12-12 20:18:03.892   675   960 I ServiceKeeper: In getseinfo pid = 675 uid = 1000 seinfo= system
12-12 20:18:03.892   675   960 I ServiceKeeper: In getappinfo pid = 675 pkgName = android appinfo = null
12-12 20:18:03.902   675   960 I ServiceKeeper: In getseinfo pid = 675 uid = 1000 seinfo= system
12-12 20:18:04.762   675  1388 D EnterpriseDeviceManager: ContainerId: 0
12-12 20:18:04.772   675  1374 D EnterpriseDeviceManager: ContainerId: 0
12-12 20:18:04.792 15066 15066 I QueryController: Matched selector: UiSelector[CLASS=android.widget.EditText, INSTANCE=0, PACKAGE NAME=com.example.snoopy] <<==>> [android.view.accessibility.AccessibilityNodeInfo@caad; boundsInParent: Rect(0, 0 - 1014, 135); boundsInScreen: Rect(45, 368 - 1059, 503); packageName: com.example.snoopy; className: android.widget.EditText; text: Enter your email. Editing.; contentDescription: null; viewIdResName: com.example.snoopy:id/editTextEmail; checkable: false; checked: false; focusable: true; focused: true; selected: false; clickable: true; longClickable: true; enabled: true; password: false; scrollable: false; [ACTION_CLEAR_FOCUS, ACTION_SELECT, ACTION_CLEAR_SELECTION, ACTION_CLICK, ACTION_LONG_CLICK, ACTION_ACCESSIBILITY_FOCUS, ACTION_PASTE]]
12-12 20:18:04.802   675   984 I InputDispatcher: Delivering touch to: action: 0x4, toolType: 0
12-12 20:18:04.802   675   984 I InputDispatcher: Delivering touch to: action: 0x0, toolType: 0
12-12 20:18:04.802   675  1067 D lights  : button : 1 +
12-12 20:18:04.802   675   960 I ServiceKeeper: In getappinfo pid = 675 pkgName = android appinfo = null
12-12 20:18:04.802   675   984 D PowerManagerService: [api] userActivityFromNative : 10 (event: 2 flags: 0)
12-12 20:18:04.812   675   960 I ServiceKeeper: In getseinfo pid = 675 uid = 1000 seinfo= system
12-12 20:18:04.812   675  1390 I toolbox : Callback isContain() false
12-12 20:18:04.842   675  1067 D lights  : button : 1 -
12-12 20:18:05.052   675  1026 D dalvikvm: GC_EXPLICIT freed 7165K, 28% free 46824K/64760K, paused 15ms+12ms, total 235ms
12-12 20:18:05.052   675   960 I ServiceKeeper: In getappinfo pid = 675 pkgName = android appinfo = null
12-12 20:18:05.052   675   960 I ServiceKeeper: In getseinfo pid = 675 uid = 1000 seinfo= system
12-12 20:18:05.072   675   960 I ServiceKeeper: In getappinfo pid = 675 pkgName = android appinfo = null
12-12 20:18:05.082   675   960 I ServiceKeeper: In getseinfo pid = 675 uid = 1000 seinfo= system
12-12 20:18:05.412   675  1387 V VibratorService: hasVibrator - useVibetonz: true
12-12 20:18:05.422   675  1387 V Vibrator: vibrateImmVibe - PUID: 1000, PackageName: android, type: 9, magType: TouchMagnitude
12-12 20:18:05.422   675  1387 V VibratorService: vibrateImmVibeMagnitudeType - magnitudeType: TouchMagnitude
12-12 20:18:05.422   675  1387 D VibratorService: ImmVibe vibratorOff()
12-12 20:18:05.422   675  1387 V VibratorService: vibrateImmVibe - package: android, type: 9, magnitude: 6000
12-12 20:18:05.432   675  1273 D EnterpriseDeviceManager: ContainerId: 0
12-12 20:18:05.442   675  1822 D EnterpriseDeviceManager: ContainerId: 0
12-12 20:18:05.502   261   261 I SurfaceFlinger: id=35 createSurf (1x1),1 flag=4, QopupWindow
12-12 20:18:05.542   261   261 I SurfaceFlinger: id=36 createSurf (1x1),1 flag=4, QopupWindow
12-12 20:18:05.562   675   984 I InputDispatcher: Delivering touch to: action: 0x1, toolType: 0
12-12 20:18:05.562   675   960 I ServiceKeeper: In getappinfo pid = 675 pkgName = android appinfo = null
12-12 20:18:05.562   675   960 I ServiceKeeper: In getseinfo pid = 675 uid = 1000 seinfo= system
12-12 20:18:05.862   253   253 E SMD     : DCD ON
12-12 20:18:05.902   675  1390 D EnterpriseDeviceManager: ContainerId: 0
12-12 20:18:05.902   675  1387 D EnterpriseDeviceManager: ContainerId: 0
12-12 20:18:06.062   675   960 I ServiceKeeper: In getappinfo pid = 675 pkgName = android appinfo = null
12-12 20:18:06.062   675   960 I ServiceKeeper: In getseinfo pid = 675 uid = 1000 seinfo= system
12-12 20:18:06.062   675   960 I ServiceKeeper: In getappinfo pid = 675 pkgName = android appinfo = null
12-12 20:18:06.062   675   960 I ServiceKeeper: In getseinfo pid = 675 uid = 1000 seinfo= system
12-12 20:18:06.482   675   693 D EnterpriseDeviceManager: ContainerId: 0
12-12 20:18:06.482   675  1273 D EnterpriseDeviceManager: ContainerId: 0
12-12 20:18:06.512 15066 15066 I AccessibilityNodeInfoDumper: Skipping invisible child: android.view.accessibility.AccessibilityNodeInfo@fb7a; boundsInParent: Rect(0, 0 - 0, 168); boundsInScreen: Rect(1080, 75 - 1080, 243); packageName: com.example.snoopy; className: android.support.v7.widget.LinearLayoutCompat; text: null; contentDescription: null; viewIdResName: null; checkable: false; checked: false; focusable: false; focused: false; selected: false; clickable: false; longClickable: false; enabled: true; password: false; scrollable: false; [ACTION_SELECT, ACTION_CLEAR_SELECTION, ACTION_ACCESSIBILITY_FOCUS]
12-12 20:18:06.522 15066 15066 W AccessibilityNodeInfoDumper: Fetch time: 18ms
12-12 20:18:06.882  1949  1949 W Settings: Setting airplane_mode_on has moved from android.provider.Settings.System to android.provider.Settings.Global, returning read-only value.
12-12 20:18:07.062   675   960 I ServiceKeeper: In getappinfo pid = 675 pkgName = android appinfo = null
12-12 20:18:07.062   675  1067 D lights  : button : 0 +
12-12 20:18:07.062   675   960 I ServiceKeeper: In getseinfo pid = 675 uid = 1000 seinfo= system
12-12 20:18:07.062   675   960 I ServiceKeeper: In getappinfo pid = 675 pkgName = android appinfo = null
12-12 20:18:07.062   675   960 I ServiceKeeper: In getseinfo pid = 675 uid = 1000 seinfo= system
12-12 20:18:07.102   675  1067 D lights  : button : 0 -
12-12 20:18:07.942   675   935 W ProcessCpuTracker: Skipping unknown process pid 15851
12-12 20:18:08.032   675  1067 D lights  : button : 1 +
12-12 20:18:08.042   675   960 I ServiceKeeper: In getappinfo pid = 675 pkgName = android appinfo = null
12-12 20:18:08.042   675   960 I ServiceKeeper: In getseinfo pid = 675 uid = 1000 seinfo= system
12-12 20:18:08.052   675   984 I InputDispatcher: Delivering key to: action: 0x0 (0)
12-12 20:18:08.072   675   960 I ServiceKeeper: In getappinfo pid = 675 pkgName = android appinfo = null
12-12 20:18:08.072   675   960 I ServiceKeeper: In getseinfo pid = 675 uid = 1000 seinfo= system
12-12 20:18:08.082   675  1067 D lights  : button : 1 -
12-12 20:18:08.082   675   984 I InputDispatcher: Delivering key to: action: 0x1 (0)
12-12 20:18:08.082   675   984 I InputDispatcher: Delivering key to: action: 0x0 (0)
12-12 20:18:08.082   675   960 I ServiceKeeper: In getappinfo pid = 675 pkgName = android appinfo = null
12-12 20:18:08.082   675   960 I ServiceKeeper: In getseinfo pid = 675 uid = 1000 seinfo= system
12-12 20:18:08.102   675   984 I InputDispatcher: Delivering key to: action: 0x1 (0)
12-12 20:18:08.112   675  1025 D EnterpriseDeviceManager: ContainerId: 0
12-12 20:18:08.112   675  1026 D EnterpriseDeviceManager: ContainerId: 0
12-12 20:18:08.122   675  5908 D EnterpriseDeviceManager: ContainerId: 0
12-12 20:18:08.132   675  1823 D EnterpriseDeviceManager: ContainerId: 0
12-12 20:18:08.132   675   984 I InputDispatcher: Delivering key to: action: 0x0 (0)
12-12 20:18:08.152   675   984 I InputDispatcher: Delivering key to: action: 0x1 (0)
12-12 20:18:08.162   675  5908 D EnterpriseDeviceManager: ContainerId: 0
12-12 20:18:08.162   675  1823 D EnterpriseDeviceManager: ContainerId: 0
12-12 20:18:08.172   675   984 I InputDispatcher: Delivering key to: action: 0x0 (0)
12-12 20:18:08.172   675  1273 D EnterpriseDeviceManager: ContainerId: 0
12-12 20:18:08.182   675  1822 D EnterpriseDeviceManager: ContainerId: 0
12-12 20:18:08.222   675   984 I InputDispatcher: Delivering key to: action: 0x1 (0)
12-12 20:18:08.222   675   693 D EnterpriseDeviceManager: ContainerId: 0
12-12 20:18:08.222   675  1272 D EnterpriseDeviceManager: ContainerId: 0
12-12 20:18:08.242   675  5909 D EnterpriseDeviceManager: ContainerId: 0
12-12 20:18:08.242   675  1374 D EnterpriseDeviceManager: ContainerId: 0
12-12 20:18:08.272   261  6410 I SurfaceFlinger: id=35 Removed QopupWindow (8/12)
12-12 20:18:08.272   261  6411 I SurfaceFlinger: id=36 Removed QopupWindow (8/11)
12-12 20:18:08.272   261  6411 I SurfaceFlinger: id=35 Removed QopupWindow (-2/11)
12-12 20:18:08.272   261   459 I SurfaceFlinger: id=36 Removed QopupWindow (-2/11)
12-12 20:18:08.862   253   253 E SMD     : DCD ON
12-12 20:18:09.082   675   960 I ServiceKeeper: In getappinfo pid = 675 pkgName = android appinfo = null
12-12 20:18:09.092   675   960 I ServiceKeeper: In getseinfo pid = 675 uid = 1000 seinfo= system
12-12 20:18:09.092   675   960 I ServiceKeeper: In getappinfo pid = 675 pkgName = android appinfo = null
12-12 20:18:09.092   675   960 I ServiceKeeper: In getseinfo pid = 675 uid = 1000 seinfo= system
12-12 20:18:09.542   675  1067 D lights  : button : 0 +
12-12 20:18:09.582   675  1067 D lights  : button : 0 -
12-12 20:18:09.722   675   953 D EnterpriseDeviceManager: ContainerId: 0
12-12 20:18:09.722   675  5909 D EnterpriseDeviceManager: ContainerId: 0
12-12 20:18:09.752 15066 15066 I QueryController: Matched selector: UiSelector[CLASS=android.widget.EditText, INSTANCE=1, PACKAGE NAME=com.example.snoopy, COUNT=1] <<==>> [android.view.accessibility.AccessibilityNodeInfo@ce6e; boundsInParent: Rect(0, 0 - 1014, 135); boundsInScreen: Rect(45, 593 - 1059, 728); packageName: com.example.snoopy; className: android.widget.EditText; text: Enter password.. Double tap to edit.; contentDescription: null; viewIdResName: com.example.snoopy:id/editTextPassword; checkable: false; checked: false; focusable: true; focused: false; selected: false; clickable: true; longClickable: true; enabled: true; password: false; scrollable: false; [ACTION_FOCUS, ACTION_SELECT, ACTION_CLEAR_SELECTION, ACTION_CLICK, ACTION_LONG_CLICK, ACTION_ACCESSIBILITY_FOCUS]]
12-12 20:18:09.822   675   692 D EnterpriseDeviceManager: ContainerId: 0
12-12 20:18:09.832   675  1387 D EnterpriseDeviceManager: ContainerId: 0
12-12 20:18:09.832 15066 15066 I QueryController: Matched selector: UiSelector[CLASS=android.widget.EditText, INSTANCE=1, PACKAGE NAME=com.example.snoopy, COUNT=1] <<==>> [android.view.accessibility.AccessibilityNodeInfo@ce6e; boundsInParent: Rect(0, 0 - 1014, 135); boundsInScreen: Rect(45, 593 - 1059, 728); packageName: com.example.snoopy; className: android.widget.EditText; text: Enter password.. Double tap to edit.; contentDescription: null; viewIdResName: com.example.snoopy:id/editTextPassword; checkable: false; checked: false; focusable: true; focused: false; selected: false; clickable: true; longClickable: true; enabled: true; password: false; scrollable: false; [ACTION_FOCUS, ACTION_SELECT, ACTION_CLEAR_SELECTION, ACTION_CLICK, ACTION_LONG_CLICK, ACTION_ACCESSIBILITY_FOCUS]]
12-12 20:18:09.892 15066 15066 D dalvikvm: GC_FOR_ALLOC freed 10340K, 67% free 5499K/16228K, paused 31ms, total 31ms
12-12 20:18:09.922 15066 15066 D dalvikvm: GC_FOR_ALLOC freed 16K, 54% free 7521K/16228K, paused 15ms, total 15ms
12-12 20:18:09.942 15066 15088 D dalvikvm: GC_CONCURRENT freed 17K, 54% free 7611K/16228K, paused 2ms+1ms, total 19ms
12-12 20:18:10.092   675   960 I ServiceKeeper: In getappinfo pid = 675 pkgName = android appinfo = null
12-12 20:18:10.092   675   960 I ServiceKeeper: In getseinfo pid = 675 uid = 1000 seinfo= system
12-12 20:18:10.102   675   960 I ServiceKeeper: In getappinfo pid = 675 pkgName = android appinfo = null
12-12 20:18:10.102   675   960 I ServiceKeeper: In getseinfo pid = 675 uid = 1000 seinfo= system
12-12 20:18:10.632   675   979 V AlarmManager: waitForAlarm result :4
12-12 20:18:10.642   675   979 W PersonaManager: getPersonaIds()
12-12 20:18:10.652   675   960 I ServiceKeeper: In getappinfo pid = 675 pkgName = android appinfo = null
12-12 20:18:10.652   675   960 I ServiceKeeper: In getseinfo pid = 675 uid = 1000 seinfo= system
12-12 20:18:10.652   675   960 I ServiceKeeper: In getappinfo pid = 675 pkgName = android appinfo = null
12-12 20:18:10.652   675   979 V AlarmManager: trigger ELAPSED_REALTIME_WAKEUP or RTC_WAKEUP
12-12 20:18:10.662   675   960 I ServiceKeeper: In getseinfo pid = 675 uid = 1000 seinfo= system
12-12 20:18:10.662   675   960 I ServiceKeeper: In getappinfo pid = 675 pkgName = android appinfo = null
12-12 20:18:10.662   675   960 I ServiceKeeper: In getseinfo pid = 675 uid = 1000 seinfo= system
12-12 20:18:10.692   675   960 I ServiceKeeper: In getappinfo pid = 675 pkgName = android appinfo = null
12-12 20:18:10.692   675   960 I ServiceKeeper: In getseinfo pid = 675 uid = 1000 seinfo= system
