12-12 20:17:21.542 15318 15318 I dalvikvm: Could not find method android.view.Window$Callback.onWindowStartingActionMode, referenced from method android.support.v7.view.WindowCallbackWrapper.onWindowStartingActionMode
12-12 20:17:21.542 15318 15318 W dalvikvm: VFY: unable to resolve interface method 17299: Landroid/view/Window$Callback;.onWindowStartingActionMode (Landroid/view/ActionMode$Callback;I)Landroid/view/ActionMode;
12-12 20:17:21.542 15318 15318 D dalvikvm: VFY: replacing opcode 0x72 at 0x0002
12-12 20:17:21.542 15318 15318 I dalvikvm: Could not find method android.content.res.TypedArray.getChangingConfigurations, referenced from method android.support.v7.widget.TintTypedArray.getChangingConfigurations
12-12 20:17:21.542 15318 15318 W dalvikvm: VFY: unable to resolve virtual method 610: Landroid/content/res/TypedArray;.getChangingConfigurations ()I
12-12 20:17:21.542 15318 15318 D dalvikvm: VFY: replacing opcode 0x6e at 0x0002
12-12 20:17:21.542 15318 15318 I dalvikvm: Could not find method android.content.res.TypedArray.getType, referenced from method android.support.v7.widget.TintTypedArray.getType
12-12 20:17:21.542 15318 15318 W dalvikvm: VFY: unable to resolve virtual method 632: Landroid/content/res/TypedArray;.getType (I)I
12-12 20:17:21.552 15318 15318 D dalvikvm: VFY: replacing opcode 0x6e at 0x0008
12-12 20:17:21.552 15318 15318 I PersonaManager: getPersonaService() name persona_policy
12-12 20:17:21.562 15318 15339 W dalvikvm: VFY: unable to find class referenced in signature (Landroid/app/job/JobParameters;)
12-12 20:17:21.562 15318 15339 W dalvikvm: VFY: unable to find class referenced in signature (Landroid/app/job/JobParameters;)
12-12 20:17:21.562 15318 15339 W dalvikvm: VFY: unable to find class referenced in signature (Landroid/app/job/JobParameters;)
12-12 20:17:21.562 15318 15339 W dalvikvm: VFY: unable to find class referenced in signature (Landroid/app/job/JobParameters;)
12-12 20:17:21.562 15318 15339 I dalvikvm: Could not find method android.app.job.JobParameters.getExtras, referenced from method com.google.android.gms.internal.zzcfh.onStartJob
12-12 20:17:21.562 15318 15339 W dalvikvm: VFY: unable to resolve virtual method 327: Landroid/app/job/JobParameters;.getExtras ()Landroid/os/PersistableBundle;
12-12 20:17:21.562 15318 15339 D dalvikvm: VFY: replacing opcode 0x6e at 0x000a
12-12 20:17:21.572   675  1273 D StatusBarManagerService: tr p:15318,o:f
12-12 20:17:21.582  1063  1063 D PhoneStatusBar: setTransGradationMode=false, mTransparentMode=false, mSemiTransparentMode=false, mMultiWindowMode=false
12-12 20:17:21.592 15318 15318 I dalvikvm: Could not find method android.widget.FrameLayout.startActionModeForChild, referenced from method android.support.v7.widget.ActionBarContainer.startActionModeForChild
12-12 20:17:21.592 15318 15318 W dalvikvm: VFY: unable to resolve virtual method 17735: Landroid/widget/FrameLayout;.startActionModeForChild (Landroid/view/View;Landroid/view/ActionMode$Callback;I)Landroid/view/ActionMode;
12-12 20:17:21.592 15318 15318 D dalvikvm: VFY: replacing opcode 0x6f at 0x0002
12-12 20:17:21.592   675   960 I ServiceKeeper: In getappinfo pid = 675 pkgName = android appinfo = null
12-12 20:17:21.592   675   960 I ServiceKeeper: In getseinfo pid = 675 uid = 1000 seinfo= system
12-12 20:17:21.592   675   960 I ServiceKeeper: In getappinfo pid = 675 pkgName = android appinfo = null
12-12 20:17:21.592   675   960 I ServiceKeeper: In getseinfo pid = 675 uid = 1000 seinfo= system
12-12 20:17:21.602 15318 15318 I dalvikvm: Could not find method android.content.Context.getColorStateList, referenced from method android.support.v7.content.res.AppCompatResources.getColorStateList
12-12 20:17:21.602 15318 15318 W dalvikvm: VFY: unable to resolve virtual method 380: Landroid/content/Context;.getColorStateList (I)Landroid/content/res/ColorStateList;
12-12 20:17:21.602 15318 15318 D dalvikvm: VFY: replacing opcode 0x6e at 0x0006
12-12 20:17:21.602 15318 15318 I dalvikvm: Could not find method android.content.res.Resources.getDrawable, referenced from method android.support.v7.widget.ResourcesWrapper.getDrawable
12-12 20:17:21.602 15318 15318 W dalvikvm: VFY: unable to resolve virtual method 573: Landroid/content/res/Resources;.getDrawable (ILandroid/content/res/Resources$Theme;)Landroid/graphics/drawable/Drawable;
12-12 20:17:21.602 15318 15318 D dalvikvm: VFY: replacing opcode 0x6e at 0x0002
12-12 20:17:21.612 15318 15318 I dalvikvm: Could not find method android.content.res.Resources.getDrawableForDensity, referenced from method android.support.v7.widget.ResourcesWrapper.getDrawableForDensity
12-12 20:17:21.612 15318 15318 W dalvikvm: VFY: unable to resolve virtual method 575: Landroid/content/res/Resources;.getDrawableForDensity (IILandroid/content/res/Resources$Theme;)Landroid/graphics/drawable/Drawable;
12-12 20:17:21.612 15318 15318 D dalvikvm: VFY: replacing opcode 0x6e at 0x0002
12-12 20:17:21.612 15318 15318 D skia    : GFXPNG PNG bitmap created width:42 height:126 bitmap id is 270 
12-12 20:17:21.612 15318 15318 D skia    : GFXPNG PNG bitmap created width:18 height:18 bitmap id is 271 
12-12 20:17:21.612 15318 15318 D skia    : GFXPNG PNG bitmap created width:18 height:18 bitmap id is 272 
12-12 20:17:21.622 15318 15318 D skia    : GFXPNG PNG bitmap created width:18 height:18 bitmap id is 273 
12-12 20:17:21.622 15318 15318 E dalvikvm: Could not find class 'android.graphics.drawable.RippleDrawable', referenced from method android.support.v7.widget.AppCompatImageHelper.hasOverlappingRendering
12-12 20:17:21.622 15318 15318 W dalvikvm: VFY: unable to resolve instanceof 173 (Landroid/graphics/drawable/RippleDrawable;) in Landroid/support/v7/widget/AppCompatImageHelper;
12-12 20:17:21.622 15318 15318 D dalvikvm: VFY: replacing opcode 0x20 at 0x000c
12-12 20:17:21.632 15318 15318 D skia    : GFXPNG PNG bitmap created width:72 height:72 bitmap id is 274 
12-12 20:17:21.652 15318 15318 D skia    : GFXPNG PNG bitmap created width:38 height:33 bitmap id is 275 
12-12 20:17:21.652 12830 12830 D dalvikvm: GC_EXPLICIT freed 5431K, 39% free 21517K/34852K, paused 6ms+10ms, total 133ms
12-12 20:17:21.662 15318 15318 D skia    : GFXPNG PNG bitmap created width:38 height:33 bitmap id is 276 
12-12 20:17:21.702   261   948 I SurfaceFlinger: id=25 Removed Mauncher (6/11)
12-12 20:17:21.702   261  6410 I SurfaceFlinger: id=25 Removed Mauncher (-2/11)
12-12 20:17:21.712  1063  1063 D PhoneStatusBar: setSemiTransparentMode=false, mTransparentMode=false, mSemiTransparentMode=false, mMultiWindowMode=false
12-12 20:17:21.712   675  5908 D StatusBarManagerService: semi p:15318,o:f
12-12 20:17:21.742   261   261 I SurfaceFlinger: id=29 createSurf (1080x1920),1 flag=404, NainActivit
12-12 20:17:21.752   675  1385 I SpenGestureManager: setFocusWindow21010
12-12 20:17:21.752 15318 15318 I Adreno-EGL: <qeglDrvAPI_eglInitialize:410>: EGL 1.4 QUALCOMM build:  ()
12-12 20:17:21.752 15318 15318 I Adreno-EGL: OpenGL ES Shader Compiler Version: E031.24.00.08
12-12 20:17:21.752 15318 15318 I Adreno-EGL: Build Date: 02/20/14 Thu
12-12 20:17:21.752 15318 15318 I Adreno-EGL: Local Branch: AU200_patches_ms_memleak_libsc_profiler
12-12 20:17:21.752 15318 15318 I Adreno-EGL: Remote Branch: 
12-12 20:17:21.752 15318 15318 I Adreno-EGL: Local Patches: 
12-12 20:17:21.752 15318 15318 I Adreno-EGL: Reconstruct Branch: 
12-12 20:17:21.752   675   934 D PointerIcon: setMouseIconStyle1 pointerType: 1001iconType:101 flag:0
12-12 20:17:21.752   675   934 D PointerIcon: setMouseCustomIcon IconType is same.101
12-12 20:17:21.752   675   934 D PointerIcon: setHoveringSpenIconStyle1 pointerType: 10001iconType:1 flag:0
12-12 20:17:21.752   675   934 D PointerIcon: setHoveringSpenCustomIcon IconType is same.1
12-12 20:17:21.752   675  1822 I ActivityManager: Killing 14413:com.sec.pcw.device/1000 (adj 15): empty #31
12-12 20:17:21.792 15318 15318 D OpenGLRenderer: Enabling debug mode 0
12-12 20:17:21.822   675 15344 W ContextImpl: Calling a method in the system process without a qualified user: android.app.ContextImpl.sendBroadcast:1491 com.android.server.InputMethodManagerService$4.run:2827 java.lang.Thread.run:841 <bottom of call stack> <bottom of call stack> 
12-12 20:17:21.822  1063  1077 D LockPatternUtils: isPcwEnable = 10
12-12 20:17:21.832  1949  1949 W Settings: Setting airplane_mode_on has moved from android.provider.Settings.System to android.provider.Settings.Global, returning read-only value.
12-12 20:17:21.902   675   934 D CustomFrequencyManagerService: releaseDVFSLockLocked : Getting Lock type frm List : DVFS_MIN_LIMIT  frequency : 1958400  uid : 1000  pid : 675  tag : ACTIVITY_RESUME_BOOSTER@6
12-12 20:17:21.902   675   934 W ActivityManager: mDVFSHelper.release()
12-12 20:17:21.912   675   960 I ServiceKeeper: In getappinfo pid = 675 pkgName = android appinfo = null
12-12 20:17:21.912   675   960 I ServiceKeeper: In getseinfo pid = 675 uid = 1000 seinfo= system
12-12 20:17:21.912   675   935 D CustomFrequencyManagerService: acquireDVFSLockLocked : type : DVFS_MIN_LIMIT  frequency : 1958400  uid : 1000  pid : 675  pkgName : ACTIVITY_RESUME_BOOSTER@9
12-12 20:17:22.102   261   459 I SurfaceFlinger: id=28 Removed tnoopy (8/11)
12-12 20:17:22.102   261   458 I SurfaceFlinger: id=28 Removed tnoopy (-2/11)
12-12 20:17:22.212   675   675 D CustomFrequencyManagerService: releaseDVFSLockLocked : Getting Lock type frm List : DVFS_MIN_LIMIT  frequency : 1958400  uid : 1000  pid : 675  tag : ACTIVITY_RESUME_BOOSTER@9
12-12 20:17:22.592   675   960 I ServiceKeeper: In getappinfo pid = 675 pkgName = android appinfo = null
12-12 20:17:22.592   675   960 I ServiceKeeper: In getseinfo pid = 675 uid = 1000 seinfo= system
12-12 20:17:22.592   675   960 I ServiceKeeper: In getappinfo pid = 675 pkgName = android appinfo = null
12-12 20:17:22.592   675   960 I ServiceKeeper: In getseinfo pid = 675 uid = 1000 seinfo= system
12-12 20:17:23.592   675   960 I ServiceKeeper: In getappinfo pid = 675 pkgName = android appinfo = null
12-12 20:17:23.592   675   960 I ServiceKeeper: In getseinfo pid = 675 uid = 1000 seinfo= system
12-12 20:17:23.602   675   960 I ServiceKeeper: In getappinfo pid = 675 pkgName = android appinfo = null
12-12 20:17:23.602   675   960 I ServiceKeeper: In getseinfo pid = 675 uid = 1000 seinfo= system
12-12 20:17:23.692 15318 15325 I dalvikvm: Total arena pages for JIT: 11
12-12 20:17:23.702 15318 15325 I dalvikvm: Total arena pages for JIT: 12
12-12 20:17:23.702 15318 15325 I dalvikvm: Total arena pages for JIT: 13
12-12 20:17:23.702 15318 15325 I dalvikvm: Total arena pages for JIT: 14
12-12 20:17:23.762 15318 15339 I FA      : Tag Manager is not found and thus will not be used
12-12 20:17:23.852   253   253 E SMD     : DCD ON
12-12 20:17:23.952 12804 12815 D dalvikvm: GC_EXPLICIT freed 96K, 32% free 18310K/26752K, paused 1ms+2ms, total 22ms
12-12 20:17:23.972   675   960 I ServiceKeeper: In getappinfo pid = 675 pkgName = android appinfo = null
12-12 20:17:23.972   675   960 I ServiceKeeper: In getseinfo pid = 675 uid = 1000 seinfo= system
12-12 20:17:23.982   675   960 I ServiceKeeper: In getappinfo pid = 675 pkgName = android appinfo = null
12-12 20:17:23.982   675   960 I ServiceKeeper: In getseinfo pid = 675 uid = 1000 seinfo= system
12-12 20:17:23.992   675   979 W PersonaManager: getPersonaIds()
12-12 20:17:23.992   675   979 V AlarmManager: waitForAlarm result :4
12-12 20:17:24.002   675   960 I ServiceKeeper: In getappinfo pid = 675 pkgName = android appinfo = null
12-12 20:17:24.002   675   960 I ServiceKeeper: In getseinfo pid = 675 uid = 1000 seinfo= system
12-12 20:17:24.002   675   960 I ServiceKeeper: In getappinfo pid = 675 pkgName = android appinfo = null
12-12 20:17:24.002   675   960 I ServiceKeeper: In getseinfo pid = 675 uid = 1000 seinfo= system
12-12 20:17:24.002   675   960 I ServiceKeeper: In getappinfo pid = 675 pkgName = android appinfo = null
12-12 20:17:24.002   675   960 I ServiceKeeper: In getseinfo pid = 675 uid = 1000 seinfo= system
12-12 20:17:24.002   675   979 V AlarmManager: trigger ELAPSED_REALTIME_WAKEUP or RTC_WAKEUP
12-12 20:17:24.022   675   960 I ServiceKeeper: In getappinfo pid = 675 pkgName = android appinfo = null
12-12 20:17:24.022   675   960 I ServiceKeeper: In getseinfo pid = 675 uid = 1000 seinfo= system
12-12 20:17:24.032   675   960 I ServiceKeeper: In getappinfo pid = 675 pkgName = android appinfo = null
12-12 20:17:24.032   675   960 I ServiceKeeper: In getseinfo pid = 675 uid = 1000 seinfo= system
12-12 20:17:24.052   675   960 I ServiceKeeper: In getappinfo pid = 675 pkgName = android appinfo = null
12-12 20:17:24.052   675   960 I ServiceKeeper: In getseinfo pid = 675 uid = 1000 seinfo= system
12-12 20:17:24.052   675   960 I ServiceKeeper: In getappinfo pid = 675 pkgName = android appinfo = null
12-12 20:17:24.052   675   960 I ServiceKeeper: In getseinfo pid = 675 uid = 1000 seinfo= system
12-12 20:17:24.052   675   675 I Tethering: BATTERY_CHANGED, level = 100lowBatteryThreshold = 15
12-12 20:17:24.052  1063  1063 D KeyguardUpdateMonitor: received broadcast android.intent.action.BATTERY_CHANGED
12-12 20:17:24.052  1063  1063 D KeyguardUpdateMonitor: handleBatteryUpdate
12-12 20:17:24.052   675  1026 D BatteryService: level:100, scale:100, status:5, health:2, present:true, voltage: 4185, temperature: 236, technology: Li-ion, AC powered:false, USB powered:true, Wireless powered:false, icon:17303678, invalid charger:0, online:4, current avg:450, charge type:1, power sharing:false
12-12 20:17:24.052   675   675 D BatteryService: Sending ACTION_BATTERY_CHANGED.
12-12 20:17:24.052   675   675 D UiModeManager: mCoverManager.getCoverState() : true
12-12 20:17:24.062  1657 13433 D HeadsetStateMachine: Disconnected process message: 10
12-12 20:17:24.062  1063  1063 D STATUSBAR-PhoneStatusBar:  mBrightnessEnablebySettings = true mBrightnessEnablebyBattery = true mBrightnessEnablebyDisableFlag = true mPmsBrightnessEnablebySettings = true
12-12 20:17:24.062  1063  1063 D BatteryMeterView: ACTION_BATTERY_CHANGED : level:100 status:5 health:2
12-12 20:17:24.072  2613  2619 D dalvikvm: GC_CONCURRENT freed 4481K, 34% free 17905K/26752K, paused 4ms+4ms, total 31ms
12-12 20:17:24.072  2613  2698 D dalvikvm: WAIT_FOR_CONCURRENT_GC blocked 16ms
12-12 20:17:24.072  1063  1063 D STATUSBAR-IconMerger: checkOverflow(216), More:true, Req:true Child:5
12-12 20:17:24.082 12618 12628 W ConfigurationChimeraPro: Got null configs for com.google.android.gms.update
12-12 20:17:24.092   675   960 I ServiceKeeper: In getappinfo pid = 675 pkgName = android appinfo = null
12-12 20:17:24.092   675   960 I ServiceKeeper: In getseinfo pid = 675 uid = 1000 seinfo= system
12-12 20:17:24.102   675   960 I ServiceKeeper: In getappinfo pid = 675 pkgName = android appinfo = null
12-12 20:17:24.102   675   960 I ServiceKeeper: In getseinfo pid = 675 uid = 1000 seinfo= system
12-12 20:17:24.112   675   960 I ServiceKeeper: In getappinfo pid = 675 pkgName = android appinfo = null
12-12 20:17:24.112   675   960 I ServiceKeeper: In getseinfo pid = 675 uid = 1000 seinfo= system
12-12 20:17:24.122   675   960 I ServiceKeeper: In getappinfo pid = 675 pkgName = android appinfo = null
12-12 20:17:24.122   675   960 I ServiceKeeper: In getseinfo pid = 675 uid = 1000 seinfo= system
12-12 20:17:24.132   675   960 I ServiceKeeper: In getappinfo pid = 675 pkgName = android appinfo = null
12-12 20:17:24.132   675   960 I ServiceKeeper: In getseinfo pid = 675 uid = 1000 seinfo= system
12-12 20:17:24.212  1063  1063 D STATUSBAR-NetworkController: refreshSignalCluster - setNWBoosterIndicators(false)
12-12 20:17:24.212  1063  1063 D STATUSBAR-NetworkController: refreshSignalCluster: data=-1 bt=false
12-12 20:17:24.222  1063  1063 D STATUSBAR-IconMerger: checkOverflow(216), More:true, Req:true Child:5
12-12 20:17:24.252  2613  2613 D Finsky  : [1] 5.onFinished: Installation state replication succeeded.
12-12 20:17:24.382   675   960 I ServiceKeeper: In getappinfo pid = 675 pkgName = android appinfo = null
12-12 20:17:24.382   675   960 I ServiceKeeper: In getseinfo pid = 675 uid = 1000 seinfo= system
12-12 20:17:24.602   675   960 I ServiceKeeper: In getappinfo pid = 675 pkgName = android appinfo = null
12-12 20:17:24.602   675   960 I ServiceKeeper: In getseinfo pid = 675 uid = 1000 seinfo= system
12-12 20:17:24.602   675   960 I ServiceKeeper: In getappinfo pid = 675 pkgName = android appinfo = null
12-12 20:17:24.602   675   960 I ServiceKeeper: In getseinfo pid = 675 uid = 1000 seinfo= system
12-12 20:17:25.602   675   960 I ServiceKeeper: In getappinfo pid = 675 pkgName = android appinfo = null
12-12 20:17:25.602   675   960 I ServiceKeeper: In getseinfo pid = 675 uid = 1000 seinfo= system
12-12 20:17:25.612   675   960 I ServiceKeeper: In getappinfo pid = 675 pkgName = android appinfo = null
12-12 20:17:25.612   675   960 I ServiceKeeper: In getseinfo pid = 675 uid = 1000 seinfo= system
12-12 20:17:26.222  1063  1063 D STATUSBAR-NetworkController: refreshSignalCluster - setNWBoosterIndicators(false)
12-12 20:17:26.222  1063  1063 D STATUSBAR-NetworkController: refreshSignalCluster: data=-1 bt=false
12-12 20:17:26.232  1063  1063 D STATUSBAR-IconMerger: checkOverflow(216), More:true, Req:true Child:5
12-12 20:17:26.612   675   960 I ServiceKeeper: In getappinfo pid = 675 pkgName = android appinfo = null
12-12 20:17:26.612   675   960 I ServiceKeeper: In getseinfo pid = 675 uid = 1000 seinfo= system
12-12 20:17:26.612   675   960 I ServiceKeeper: In getappinfo pid = 675 pkgName = android appinfo = null
12-12 20:17:26.612   675   960 I ServiceKeeper: In getseinfo pid = 675 uid = 1000 seinfo= system
12-12 20:17:26.852   253   253 E SMD     : DCD ON
12-12 20:17:27.622   675   960 I ServiceKeeper: In getappinfo pid = 675 pkgName = android appinfo = null
12-12 20:17:27.622   675   960 I ServiceKeeper: In getseinfo pid = 675 uid = 1000 seinfo= system
12-12 20:17:27.622   675   960 I ServiceKeeper: In getappinfo pid = 675 pkgName = android appinfo = null
12-12 20:17:27.622   675   960 I ServiceKeeper: In getseinfo pid = 675 uid = 1000 seinfo= system
12-12 20:17:28.622   675   960 I ServiceKeeper: In getappinfo pid = 675 pkgName = android appinfo = null
12-12 20:17:28.622   675   960 I ServiceKeeper: In getseinfo pid = 675 uid = 1000 seinfo= system
12-12 20:17:28.632   675   960 I ServiceKeeper: In getappinfo pid = 675 pkgName = android appinfo = null
12-12 20:17:28.632   675   960 I ServiceKeeper: In getseinfo pid = 675 uid = 1000 seinfo= system
12-12 20:17:29.632   675   960 I ServiceKeeper: In getappinfo pid = 675 pkgName = android appinfo = null
12-12 20:17:29.632   675   960 I ServiceKeeper: In getseinfo pid = 675 uid = 1000 seinfo= system
12-12 20:17:29.652   675   960 I ServiceKeeper: In getappinfo pid = 675 pkgName = android appinfo = null
12-12 20:17:29.652   675   960 I ServiceKeeper: In getseinfo pid = 675 uid = 1000 seinfo= system
12-12 20:17:29.852   253   253 E SMD     : DCD ON
12-12 20:17:30.552   675  2599 D SSRMv2:SIOP: SIOP:: AP = 350, PST = 378, Delta = 4
12-12 20:17:30.562   675  2599 D AmoledAdjustTimer: prevTemp = 236, currTemp = 236, prevStep = 4, currStep = 4
12-12 20:17:30.632   675   960 I ServiceKeeper: In getappinfo pid = 675 pkgName = android appinfo = null
12-12 20:17:30.632   675   960 I ServiceKeeper: In getseinfo pid = 675 uid = 1000 seinfo= system
12-12 20:17:30.642   675   960 I ServiceKeeper: In getappinfo pid = 675 pkgName = android appinfo = null
12-12 20:17:30.642   675   960 I ServiceKeeper: In getseinfo pid = 675 uid = 1000 seinfo= system
12-12 20:17:31.302   675   956 D PackageManager: [MSG] WRITE_PACKAGE_RESTRICTIONS
12-12 20:17:31.312   675   979 W PersonaManager: getPersonaIds()
12-12 20:17:31.312   675   979 V AlarmManager: waitForAlarm result :8
12-12 20:17:31.362  1457 15398 E ClearcutLogger: playlogger connection FAILED, logEvent was dropped. 
12-12 20:17:31.362  1457 15398 E ClearcutLogger: playlogger connection FAILED, logEvent was dropped. 
12-12 20:17:31.362  1457 15398 E ClearcutLogger: playlogger connection FAILED, logEvent was dropped. 
12-12 20:17:31.372  1457 15398 E ClearcutLogger: playlogger connection FAILED, logEvent was dropped. 
12-12 20:17:31.372  1457 15398 E ClearcutLogger: playlogger connection FAILED, logEvent was dropped. 
12-12 20:17:31.372  1457 15398 E ClearcutLogger: playlogger connection FAILED, logEvent was dropped. 
12-12 20:17:31.372  1457 15398 E ClearcutLogger: playlogger connection FAILED, logEvent was dropped. 
12-12 20:17:31.372  1457 15398 E ClearcutLogger: playlogger connection FAILED, logEvent was dropped. 
12-12 20:17:31.372  1457 15398 E ClearcutLogger: playlogger connection FAILED, logEvent was dropped. 
12-12 20:17:31.382  1457 14297 E GmsClient: unable to connect to service: com.google.android.gms.playlog.service.START
12-12 20:17:31.392   675   960 I ServiceKeeper: In getappinfo pid = 675 pkgName = android appinfo = null
12-12 20:17:31.392   675   960 I ServiceKeeper: In getseinfo pid = 675 uid = 1000 seinfo= system
12-12 20:17:31.392   675   960 I ServiceKeeper: In getappinfo pid = 675 pkgName = android appinfo = null
12-12 20:17:31.392   675   960 I ServiceKeeper: In getseinfo pid = 675 uid = 1000 seinfo= system
12-12 20:17:31.642   675   960 I ServiceKeeper: In getappinfo pid = 675 pkgName = android appinfo = null
12-12 20:17:31.642   675   960 I ServiceKeeper: In getseinfo pid = 675 uid = 1000 seinfo= system
12-12 20:17:31.652   675   960 I ServiceKeeper: In getappinfo pid = 675 pkgName = android appinfo = null
12-12 20:17:31.652   675   960 I ServiceKeeper: In getseinfo pid = 675 uid = 1000 seinfo= system
12-12 20:17:32.062   675  1165 E Watchdog: !@Sync 238
12-12 20:17:32.652   675   960 I ServiceKeeper: In getappinfo pid = 675 pkgName = android appinfo = null
12-12 20:17:32.652   675   960 I ServiceKeeper: In getseinfo pid = 675 uid = 1000 seinfo= system
12-12 20:17:32.652   675   960 I ServiceKeeper: In getappinfo pid = 675 pkgName = android appinfo = null
12-12 20:17:32.652   675   960 I ServiceKeeper: In getseinfo pid = 675 uid = 1000 seinfo= system
12-12 20:17:32.852   253   253 E SMD     : DCD ON
12-12 20:17:33.662   675   960 I ServiceKeeper: In getappinfo pid = 675 pkgName = android appinfo = null
12-12 20:17:33.662   675   960 I ServiceKeeper: In getseinfo pid = 675 uid = 1000 seinfo= system
12-12 20:17:33.672   675   960 I ServiceKeeper: In getappinfo pid = 675 pkgName = android appinfo = null
12-12 20:17:33.672   675   960 I ServiceKeeper: In getseinfo pid = 675 uid = 1000 seinfo= system
12-12 20:17:33.882   675   960 I ServiceKeeper: In getappinfo pid = 675 pkgName = android appinfo = null
12-12 20:17:33.882   675   960 I ServiceKeeper: In getseinfo pid = 675 uid = 1000 seinfo= system
12-12 20:17:33.902   675   960 I ServiceKeeper: In getappinfo pid = 675 pkgName = android appinfo = null
12-12 20:17:33.902   675   960 I ServiceKeeper: In getseinfo pid = 675 uid = 1000 seinfo= system
12-12 20:17:33.902   675   960 I ServiceKeeper: In getappinfo pid = 675 pkgName = android appinfo = null
12-12 20:17:33.912   675   960 I ServiceKeeper: In getseinfo pid = 675 uid = 1000 seinfo= system
12-12 20:17:33.922   675   960 I ServiceKeeper: In getappinfo pid = 675 pkgName = android appinfo = null
12-12 20:17:33.922   675   960 I ServiceKeeper: In getseinfo pid = 675 uid = 1000 seinfo= system
12-12 20:17:34.042   675   960 I ServiceKeeper: In getappinfo pid = 675 pkgName = android appinfo = null
12-12 20:17:34.042   675   960 I ServiceKeeper: In getseinfo pid = 675 uid = 1000 seinfo= system
12-12 20:17:34.042 12830 12830 W dalvikvm: VFY: unable to find class referenced in signature (Landroid/app/job/JobParameters;)
12-12 20:17:34.052   675   960 I ServiceKeeper: In getappinfo pid = 675 pkgName = android appinfo = null
12-12 20:17:34.052   675   960 I ServiceKeeper: In getseinfo pid = 675 uid = 1000 seinfo= system
12-12 20:17:34.082   675   960 I ServiceKeeper: In getappinfo pid = 675 pkgName = android appinfo = null
12-12 20:17:34.082   675   960 I ServiceKeeper: In getseinfo pid = 675 uid = 1000 seinfo= system
12-12 20:17:34.122   675  1388 D BatteryService: level:100, scale:100, status:5, health:2, present:true, voltage: 4370, temperature: 236, technology: Li-ion, AC powered:false, USB powered:true, Wireless powered:false, icon:17303678, invalid charger:0, online:4, current avg:450, charge type:1, power sharing:false
12-12 20:17:34.122   675   675 D BatteryService: Sending ACTION_BATTERY_CHANGED.
12-12 20:17:34.132   675   675 I Tethering: BATTERY_CHANGED, level = 100lowBatteryThreshold = 15
12-12 20:17:34.132  1063  1063 D KeyguardUpdateMonitor: received broadcast android.intent.action.BATTERY_CHANGED
12-12 20:17:34.132  1063  1063 D KeyguardUpdateMonitor: handleBatteryUpdate
12-12 20:17:34.132   675   675 D UiModeManager: mCoverManager.getCoverState() : true
12-12 20:17:34.152  1063  1063 D STATUSBAR-PhoneStatusBar:  mBrightnessEnablebySettings = true mBrightnessEnablebyBattery = true mBrightnessEnablebyDisableFlag = true mPmsBrightnessEnablebySettings = true
12-12 20:17:34.162  1063  1063 D STATUSBAR-IconMerger: checkOverflow(216), More:true, Req:true Child:5
12-12 20:17:34.172  1657 13433 D HeadsetStateMachine: Disconnected process message: 10
12-12 20:17:34.172  1063  1063 D BatteryMeterView: ACTION_BATTERY_CHANGED : level:100 status:5 health:2
12-12 20:17:34.272  1063  1063 D STATUSBAR-NetworkController: refreshSignalCluster - setNWBoosterIndicators(false)
12-12 20:17:34.272  1063  1063 D STATUSBAR-NetworkController: refreshSignalCluster: data=-1 bt=false
12-12 20:17:34.272  1063  1063 D STATUSBAR-IconMerger: checkOverflow(216), More:true, Req:true Child:5
12-12 20:17:34.672   675   960 I ServiceKeeper: In getappinfo pid = 675 pkgName = android appinfo = null
12-12 20:17:34.672   675   960 I ServiceKeeper: In getseinfo pid = 675 uid = 1000 seinfo= system
12-12 20:17:34.682   675   960 I ServiceKeeper: In getappinfo pid = 675 pkgName = android appinfo = null
12-12 20:17:34.682   675   960 I ServiceKeeper: In getseinfo pid = 675 uid = 1000 seinfo= system
12-12 20:17:35.002   675   960 I ServiceKeeper: In getappinfo pid = 675 pkgName = android appinfo = null
12-12 20:17:35.002   675   960 I ServiceKeeper: In getseinfo pid = 675 uid = 1000 seinfo= system
12-12 20:17:35.022   675   960 I ServiceKeeper: In getappinfo pid = 675 pkgName = android appinfo = null
12-12 20:17:35.022   675   960 I ServiceKeeper: In getseinfo pid = 675 uid = 1000 seinfo= system
12-12 20:17:35.042   675   960 I ServiceKeeper: In getappinfo pid = 675 pkgName = android appinfo = null
12-12 20:17:35.042   675   960 I ServiceKeeper: In getseinfo pid = 675 uid = 1000 seinfo= system
12-12 20:17:35.062   675   960 I ServiceKeeper: In getappinfo pid = 675 pkgName = android appinfo = null
12-12 20:17:35.062   675   960 I ServiceKeeper: In getseinfo pid = 675 uid = 1000 seinfo= system
12-12 20:17:35.092   675   960 I ServiceKeeper: In getappinfo pid = 675 pkgName = android appinfo = null
12-12 20:17:35.092   675   960 I ServiceKeeper: In getseinfo pid = 675 uid = 1000 seinfo= system
12-12 20:17:35.092   675   960 I ServiceKeeper: In getappinfo pid = 675 pkgName = android appinfo = null
12-12 20:17:35.092   675   960 I ServiceKeeper: In getseinfo pid = 675 uid = 1000 seinfo= system
12-12 20:17:35.112   675   960 I ServiceKeeper: In getappinfo pid = 675 pkgName = android appinfo = null
12-12 20:17:35.112   675   960 I ServiceKeeper: In getseinfo pid = 675 uid = 1000 seinfo= system
12-12 20:17:35.682   675   960 I ServiceKeeper: In getappinfo pid = 675 pkgName = android appinfo = null
12-12 20:17:35.682   675   960 I ServiceKeeper: In getseinfo pid = 675 uid = 1000 seinfo= system
12-12 20:17:35.682   675   960 I ServiceKeeper: In getappinfo pid = 675 pkgName = android appinfo = null
12-12 20:17:35.682   675   960 I ServiceKeeper: In getseinfo pid = 675 uid = 1000 seinfo= system
12-12 20:17:35.852   253   253 E SMD     : DCD ON
12-12 20:17:36.292  1063  1063 D STATUSBAR-NetworkController: refreshSignalCluster - setNWBoosterIndicators(false)
12-12 20:17:36.292  1063  1063 D STATUSBAR-NetworkController: refreshSignalCluster: data=-1 bt=false
12-12 20:17:36.302  1063  1063 D STATUSBAR-IconMerger: checkOverflow(216), More:true, Req:true Child:5
12-12 20:17:36.692   675   960 I ServiceKeeper: In getappinfo pid = 675 pkgName = android appinfo = null
12-12 20:17:36.692   675   960 I ServiceKeeper: In getseinfo pid = 675 uid = 1000 seinfo= system
12-12 20:17:36.702   675   960 I ServiceKeeper: In getappinfo pid = 675 pkgName = android appinfo = null
12-12 20:17:36.702   675   960 I ServiceKeeper: In getseinfo pid = 675 uid = 1000 seinfo= system
12-12 20:17:36.852  1949  1949 W Settings: Setting airplane_mode_on has moved from android.provider.Settings.System to android.provider.Settings.Global, returning read-only value.
12-12 20:17:37.702   675   960 I ServiceKeeper: In getappinfo pid = 675 pkgName = android appinfo = null
12-12 20:17:37.702   675   960 I ServiceKeeper: In getseinfo pid = 675 uid = 1000 seinfo= system
12-12 20:17:37.702   675   960 I ServiceKeeper: In getappinfo pid = 675 pkgName = android appinfo = null
12-12 20:17:37.702   675   960 I ServiceKeeper: In getseinfo pid = 675 uid = 1000 seinfo= system
12-12 20:17:38.702   675   960 I ServiceKeeper: In getappinfo pid = 675 pkgName = android appinfo = null
12-12 20:17:38.712   675   960 I ServiceKeeper: In getseinfo pid = 675 uid = 1000 seinfo= system
12-12 20:17:38.712   675   960 I ServiceKeeper: In getappinfo pid = 675 pkgName = android appinfo = null
12-12 20:17:38.712   675   960 I ServiceKeeper: In getseinfo pid = 675 uid = 1000 seinfo= system
12-12 20:17:38.852   253   253 E SMD     : DCD ON
12-12 20:17:39.712   675   960 I ServiceKeeper: In getappinfo pid = 675 pkgName = android appinfo = null
12-12 20:17:39.712   675   960 I ServiceKeeper: In getseinfo pid = 675 uid = 1000 seinfo= system
12-12 20:17:39.722   675   960 I ServiceKeeper: In getappinfo pid = 675 pkgName = android appinfo = null
12-12 20:17:39.722   675   960 I ServiceKeeper: In getseinfo pid = 675 uid = 1000 seinfo= system
12-12 20:17:40.602   675  2599 D SSRMv2:SIOP: SIOP:: AP = 340, PST = 380, Delta = 2
12-12 20:17:40.602   675  2599 D AmoledAdjustTimer: prevTemp = 236, currTemp = 236, prevStep = 4, currStep = 4
12-12 20:17:40.622 12830 13106 I IcingInternalCorpora: EventIndexer: starting incremental update
12-12 20:17:40.622 12830 13106 I IcingInternalCorpora: EventIndexer: 0 added, 0 removed, 0 changed, 0 unchanged, 0 errors.
12-12 20:17:40.622 12830 13106 I IcingInternalCorpora: EventIndexer: finished after 1 ms.
12-12 20:17:40.712   675   960 I ServiceKeeper: In getappinfo pid = 675 pkgName = android appinfo = null
12-12 20:17:40.722   675   960 I ServiceKeeper: In getseinfo pid = 675 uid = 1000 seinfo= system
12-12 20:17:40.722   675   960 I ServiceKeeper: In getappinfo pid = 675 pkgName = android appinfo = null
12-12 20:17:40.722   675   960 I ServiceKeeper: In getseinfo pid = 675 uid = 1000 seinfo= system
12-12 20:17:41.622 15066 15088 D dalvikvm: GC_CONCURRENT freed 1975K, 79% free 1748K/8192K, paused 7ms+3ms, total 52ms
12-12 20:17:41.642 15066 15066 D dalvikvm: GC_FOR_ALLOC freed 105K, 80% free 1646K/8192K, paused 7ms, total 7ms
12-12 20:17:41.652 15066 15066 I dalvikvm-heap: Grow heap (frag case) to 5.584MB for 2073616-byte allocation
12-12 20:17:41.672 15066 15088 D dalvikvm: GC_CONCURRENT freed 161K, 66% free 3517K/10220K, paused 2ms+0ms, total 19ms
12-12 20:17:41.722   675   960 I ServiceKeeper: In getappinfo pid = 675 pkgName = android appinfo = null
12-12 20:17:41.722   675   960 I ServiceKeeper: In getseinfo pid = 675 uid = 1000 seinfo= system
12-12 20:17:41.722   675   960 I ServiceKeeper: In getappinfo pid = 675 pkgName = android appinfo = null
12-12 20:17:41.722   675   960 I ServiceKeeper: In getseinfo pid = 675 uid = 1000 seinfo= system
12-12 20:17:41.852   253   253 E SMD     : DCD ON
12-12 20:17:42.092   323   323 I rmt_storage: rmt_storage_connect_cb: clnt_h=0x7 conn_h=0xb8060178
12-12 20:17:42.092   323   323 I rmt_storage: rmt_storage_rw_iovec_cb: /boot/modem_fs1: clnt_h=0x1: req_h=0xc msg_id=3: R/W request received
12-12 20:17:42.092   323   323 I rmt_storage: wakelock acquired: 1, error no: 42
12-12 20:17:42.092   323   534 I rmt_storage: rmt_storage_client_thread: /boot/modem_fs1: clnt_h=0x1 Unblock worker thread (th_id: -1207566616)
12-12 20:17:42.172   323   534 I rmt_storage: rmt_storage_client_thread: /boot/modem_fs1: clnt_h=0x1: req_h=0xc msg_id=3: Bytes written = 1572864
12-12 20:17:42.172   323   534 I rmt_storage: rmt_storage_client_thread: /boot/modem_fs1: clnt_h=0x1: req_h=0xc msg_id=3: Send response: res=0 err=0
12-12 20:17:42.172   323   534 I rmt_storage: rmt_storage_client_thread: /boot/modem_fs1: clnt_h=0x1 About to block rmt_storage client thread (th_id: -1207566616) wakelock released: 1, error no: 0
12-12 20:17:42.172   323   534 I rmt_storage: 
12-12 20:17:42.172   323   323 I rmt_storage: rmt_storage_disconnect_cb: clnt_h=0x0x7 conn_h=0x0xb8060178
12-12 20:17:42.732   675   960 I ServiceKeeper: In getappinfo pid = 675 pkgName = android appinfo = null
12-12 20:17:42.742   675   960 I ServiceKeeper: In getseinfo pid = 675 uid = 1000 seinfo= system
12-12 20:17:42.742   675   960 I ServiceKeeper: In getappinfo pid = 675 pkgName = android appinfo = null
12-12 20:17:42.742   675   960 I ServiceKeeper: In getseinfo pid = 675 uid = 1000 seinfo= system
12-12 20:17:43.312  1063  1063 D STATUSBAR-NetworkController: refreshSignalCluster - setNWBoosterIndicators(false)
12-12 20:17:43.312  1063  1063 D STATUSBAR-NetworkController: refreshSignalCluster: data=-1 bt=false
12-12 20:17:43.332  1063  1063 D STATUSBAR-IconMerger: checkOverflow(216), More:true, Req:true Child:5
12-12 20:17:43.742   675   960 I ServiceKeeper: In getappinfo pid = 675 pkgName = android appinfo = null
12-12 20:17:43.742   675   960 I ServiceKeeper: In getseinfo pid = 675 uid = 1000 seinfo= system
12-12 20:17:43.742   675   960 I ServiceKeeper: In getappinfo pid = 675 pkgName = android appinfo = null
12-12 20:17:43.742   675   960 I ServiceKeeper: In getseinfo pid = 675 uid = 1000 seinfo= system
12-12 20:17:43.752   675   979 W PersonaManager: getPersonaIds()
12-12 20:17:43.752   675   979 V AlarmManager: waitForAlarm result :8
12-12 20:17:43.762   675   960 I ServiceKeeper: In getappinfo pid = 675 pkgName = android appinfo = null
12-12 20:17:43.762   675   960 I ServiceKeeper: In getseinfo pid = 675 uid = 1000 seinfo= system
12-12 20:17:43.782   675   960 I ServiceKeeper: In getappinfo pid = 675 pkgName = android appinfo = null
12-12 20:17:43.782   675   960 I ServiceKeeper: In getseinfo pid = 675 uid = 1000 seinfo= system
12-12 20:17:44.632 15066 15088 D dalvikvm: GC_CONCURRENT freed 4301K, 67% free 2732K/8128K, paused 6ms+6ms, total 59ms
12-12 20:17:44.632 15066 15066 D dalvikvm: WAIT_FOR_CONCURRENT_GC blocked 44ms
12-12 20:17:44.692   675   692 D EnterpriseDeviceManager: ContainerId: 0
12-12 20:17:44.692   675  1823 D EnterpriseDeviceManager: ContainerId: 0
12-12 20:17:44.702 15066 15066 I AccessibilityNodeInfoDumper: Skipping invisible child: android.view.accessibility.AccessibilityNodeInfo@a51e; boundsInParent: Rect(0, 0 - 0, 168); boundsInScreen: Rect(1080, 75 - 1080, 243); packageName: com.example.snoopy; className: android.support.v7.widget.LinearLayoutCompat; text: null; contentDescription: null; viewIdResName: null; checkable: false; checked: false; focusable: false; focused: false; selected: false; clickable: false; longClickable: false; enabled: true; password: false; scrollable: false; [ACTION_SELECT, ACTION_CLEAR_SELECTION, ACTION_ACCESSIBILITY_FOCUS]
12-12 20:17:44.712 15066 15066 W AccessibilityNodeInfoDumper: Fetch time: 5ms
12-12 20:17:44.742   675   960 I ServiceKeeper: In getappinfo pid = 675 pkgName = android appinfo = null
12-12 20:17:44.742   675   960 I ServiceKeeper: In getseinfo pid = 675 uid = 1000 seinfo= system
12-12 20:17:44.742   675   960 I ServiceKeeper: In getappinfo pid = 675 pkgName = android appinfo = null
12-12 20:17:44.742   675   960 I ServiceKeeper: In getseinfo pid = 675 uid = 1000 seinfo= system
12-12 20:17:44.852   253   253 E SMD     : DCD ON
12-12 20:17:45.052 15066 15088 D dalvikvm: GC_CONCURRENT freed 2030K, 67% free 2697K/8128K, paused 1ms+3ms, total 18ms
12-12 20:17:45.222   675  1390 D EnterpriseDeviceManager: ContainerId: 0
12-12 20:17:45.222   675  1026 D EnterpriseDeviceManager: ContainerId: 0
12-12 20:17:45.232   675   979 W PersonaManager: getPersonaIds()
12-12 20:17:45.232   675   960 I ServiceKeeper: In getappinfo pid = 675 pkgName = android appinfo = null
12-12 20:17:45.232   675   960 I ServiceKeeper: In getseinfo pid = 675 uid = 1000 seinfo= system
12-12 20:17:45.232 13738 13738 D Headlines: HeadlinesBroadcastReceiver onReceive com.samsung.android.internal.headlines.ALIVE
12-12 20:17:45.232 15066 15066 I AccessibilityNodeInfoDumper: Skipping invisible child: android.view.accessibility.AccessibilityNodeInfo@a51e; boundsInParent: Rect(0, 0 - 0, 168); boundsInScreen: Rect(1080, 75 - 1080, 243); packageName: com.example.snoopy; className: android.support.v7.widget.LinearLayoutCompat; text: null; contentDescription: null; viewIdResName: null; checkable: false; checked: false; focusable: false; focused: false; selected: false; clickable: false; longClickable: false; enabled: true; password: false; scrollable: false; [ACTION_SELECT, ACTION_CLEAR_SELECTION, ACTION_ACCESSIBILITY_FOCUS]
12-12 20:17:45.232   675   979 V AlarmManager: waitForAlarm result :8
12-12 20:17:45.242 15066 15066 W AccessibilityNodeInfoDumper: Fetch time: 7ms
12-12 20:17:45.242 13738 13738 D Headlines: Breath.onStartCommand : com.samsung.android.internal.headlines.ALIVE flag : 0
12-12 20:17:45.242 13738 13738 D Headlines: Breath 90015 latestRequest time : 1513109775235 current time : 1513109865250
12-12 20:17:45.242   675   960 I ServiceKeeper: In getappinfo pid = 675 pkgName = android appinfo = null
12-12 20:17:45.242   675   960 I ServiceKeeper: In getseinfo pid = 675 uid = 1000 seinfo= system
12-12 20:17:45.292   675   692 D BatteryService: level:100, scale:100, status:5, health:2, present:true, voltage: 4266, temperature: 237, technology: Li-ion, AC powered:false, USB powered:true, Wireless powered:false, icon:17303678, invalid charger:0, online:4, current avg:450, charge type:1, power sharing:false
12-12 20:17:45.292   675   675 I Tethering: BATTERY_CHANGED, level = 100lowBatteryThreshold = 15
12-12 20:17:45.292  1063  1063 D KeyguardUpdateMonitor: received broadcast android.intent.action.BATTERY_CHANGED
12-12 20:17:45.292  1063  1063 D KeyguardUpdateMonitor: handleBatteryUpdate
12-12 20:17:45.292   675   675 D BatteryService: Sending ACTION_BATTERY_CHANGED.
12-12 20:17:45.292   675   675 D UiModeManager: mCoverManager.getCoverState() : true
12-12 20:17:45.302  1063  1063 D STATUSBAR-PhoneStatusBar:  mBrightnessEnablebySettings = true mBrightnessEnablebyBattery = true mBrightnessEnablebyDisableFlag = true mPmsBrightnessEnablebySettings = true
12-12 20:17:45.302  1063  1063 D BatteryMeterView: ACTION_BATTERY_CHANGED : level:100 status:5 health:2
12-12 20:17:45.302  1063  1063 D STATUSBAR-IconMerger: checkOverflow(216), More:true, Req:true Child:5
12-12 20:17:45.312  1657 13433 D HeadsetStateMachine: Disconnected process message: 10
12-12 20:17:45.322  1063  1063 D STATUSBAR-NetworkController: refreshSignalCluster - setNWBoosterIndicators(false)
12-12 20:17:45.322  1063  1063 D STATUSBAR-NetworkController: refreshSignalCluster: data=-1 bt=false
12-12 20:17:45.322  1063  1063 D STATUSBAR-IconMerger: checkOverflow(216), More:true, Req:true Child:5
12-12 20:17:45.742   675   960 I ServiceKeeper: In getappinfo pid = 675 pkgName = android appinfo = null
12-12 20:17:45.742   675   960 I ServiceKeeper: In getseinfo pid = 675 uid = 1000 seinfo= system
12-12 20:17:45.752   675   960 I ServiceKeeper: In getappinfo pid = 675 pkgName = android appinfo = null
12-12 20:17:45.752   675   960 I ServiceKeeper: In getseinfo pid = 675 uid = 1000 seinfo= system
12-12 20:17:45.852 15066 15066 D dalvikvm: GC_FOR_ALLOC freed 1741K, 67% free 2720K/8128K, paused 16ms, total 18ms
12-12 20:17:45.862 15066 15066 I dalvikvm-heap: Grow heap (frag case) to 12.566MB for 8294416-byte allocation
12-12 20:17:45.882 15066 15088 D dalvikvm: GC_CONCURRENT freed 145K, 35% free 10678K/16232K, paused 2ms+1ms, total 20ms
12-12 20:17:45.892 15066 15066 D skia    : GFXPNG PNG bitmap created width:1080 height:1920 bitmap id is 4 
12-12 20:17:45.902 15066 15066 D dalvikvm: GC_FOR_ALLOC freed 250K, 36% free 10429K/16232K, paused 8ms, total 8ms
12-12 20:17:45.922 15066 15066 I dalvikvm-heap: Grow heap (frag case) to 21.094MB for 8294416-byte allocation
12-12 20:17:46.222  1063  1063 D STATUSBAR-NetworkController: onReceive() - RSSI_CHANGED_ACTION, WIFI_STATE, NETWORK_STATE
12-12 20:17:46.222  1063  1063 D STATUSBAR-NetworkController: refreshSignalCluster - setNWBoosterIndicators(false)
12-12 20:17:46.222  1063  1063 D STATUSBAR-NetworkController: refreshSignalCluster: data=-1 bt=false
12-12 20:17:46.232  1321  1321 I WfcConnectivityReceiver: onReceive(): action=WifiManager.RSSI_CHANGED_ACTION
12-12 20:17:46.232  1321  1321 I WfcConnectivityReceiver: notifyRssiChange(): rssi=-75
12-12 20:17:46.232  1063  1063 D skia    : GFXPNG PNG bitmap created width:54 height:54 bitmap id is 434 
12-12 20:17:46.232  1321  1321 I WfcConnectivityReceiver: notifyRssiChange(): networkInfo=NetworkInfo: type: WIFI[], state: CONNECTED/CONNECTED, reason: (unspecified), extra: "9902431635", roaming: false, failover: false, isAvailable: true, isConnectedToProvisioningNetwork: false
12-12 20:17:46.232  1321  1321 D WfcConnectivityReceiver: parseWifiConnectivity(): connected=true
12-12 20:17:46.232  1321  1321 D WfcConnectivityReceiver: calculateRssi(): rssi=-75
12-12 20:17:46.232  1321  1321 D WfcConnectivityReceiver: calculateRssi(): returning CONNECTED
12-12 20:17:46.232  1321  1321 D WfcService: updateWifiState(): wifiState=CONNECTED
12-12 20:17:46.232  1321  1321 D WfcController: processWifiState(): Change in WifiState: new state=CONNECTED
12-12 20:17:46.232  1321  1321 D WfcController: isRadioConnected(): radio is not connected
12-12 20:17:46.232  1321  1321 D WfcController: checkAndUpdateLowSignal(): !isRadioConnected()=true, (mWfcControlState.mWifiState == WifiStates.DISCONNECTED)=false, mWifiManager.isWifiEnabled()=true
12-12 20:17:46.232  1321  1321 D WfcController: isRadioConnected(): radio is not connected
12-12 20:17:46.232  1321  1321 D WfcController: checkAndUpdateLowSignal(): Broadcast NOT in low signal
12-12 20:17:46.232  1321  1321 D WfcController: checkAndUpdateLowSignal(): Broadcast nothing changed
12-12 20:17:46.232  1321  1321 D WfcController: checkUpdate(): mWfcControlState=WfcController {mIsRegistered=false mIsInCall=false mCurrentProfile=WIFI_PREFERRED mWifiState=CONNECTED mGsmRadioState=1 mGsmSignalStrength=0 mRadioState=NO_RADIO mIsLowSignal=false mSimState=ABSENT}
12-12 20:17:46.242  1321  1321 D WfcController: isAllConditonsMetToProcessUpdate(): Do not register since user has disabled WFC
12-12 20:17:46.242  1063  1063 D STATUSBAR-IconMerger: checkOverflow(216), More:true, Req:true Child:5
12-12 20:17:46.332  1063  1063 D STATUSBAR-NetworkController: refreshSignalCluster - setNWBoosterIndicators(false)
12-12 20:17:46.332  1063  1063 D STATUSBAR-NetworkController: refreshSignalCluster: data=-1 bt=false
12-12 20:17:46.342  1063  1063 D STATUSBAR-IconMerger: checkOverflow(216), More:true, Req:true Child:5
12-12 20:17:46.752   675   960 I ServiceKeeper: In getappinfo pid = 675 pkgName = android appinfo = null
12-12 20:17:46.752   675   960 I ServiceKeeper: In getseinfo pid = 675 uid = 1000 seinfo= system
12-12 20:17:46.762   675   960 I ServiceKeeper: In getappinfo pid = 675 pkgName = android appinfo = null
12-12 20:17:46.772   675   960 I ServiceKeeper: In getseinfo pid = 675 uid = 1000 seinfo= system
12-12 20:17:47.752   675   953 D EnterpriseDeviceManager: ContainerId: 0
12-12 20:17:47.752   675   960 I ServiceKeeper: In getappinfo pid = 675 pkgName = android appinfo = null
12-12 20:17:47.752   675   960 I ServiceKeeper: In getseinfo pid = 675 uid = 1000 seinfo= system
12-12 20:17:47.752   675  1823 D EnterpriseDeviceManager: ContainerId: 0
12-12 20:17:47.762   675   960 I ServiceKeeper: In getappinfo pid = 675 pkgName = android appinfo = null
12-12 20:17:47.762   675   960 I ServiceKeeper: In getseinfo pid = 675 uid = 1000 seinfo= system
12-12 20:17:47.762 15066 15066 I AccessibilityNodeInfoDumper: Skipping invisible child: android.view.accessibility.AccessibilityNodeInfo@a51e; boundsInParent: Rect(0, 0 - 0, 168); boundsInScreen: Rect(1080, 75 - 1080, 243); packageName: com.example.snoopy; className: android.support.v7.widget.LinearLayoutCompat; text: null; contentDescription: null; viewIdResName: null; checkable: false; checked: false; focusable: false; focused: false; selected: false; clickable: false; longClickable: false; enabled: true; password: false; scrollable: false; [ACTION_SELECT, ACTION_CLEAR_SELECTION, ACTION_ACCESSIBILITY_FOCUS]
12-12 20:17:47.762 15066 15066 W AccessibilityNodeInfoDumper: Fetch time: 5ms
12-12 20:17:47.772   675   935 W ProcessCpuTracker: Skipping unknown process pid 15590
12-12 20:17:47.772   675   935 W ProcessCpuTracker: Skipping unknown process pid 15596
12-12 20:17:47.852   253   253 E SMD     : DCD ON
12-12 20:17:47.902   675   953 D EnterpriseDeviceManager: ContainerId: 0
12-12 20:17:47.902   675  1374 D EnterpriseDeviceManager: ContainerId: 0
12-12 20:17:47.932 15066 15088 D dalvikvm: GC_CONCURRENT freed 18128K, 67% free 2720K/8128K, paused 1ms+5ms, total 38ms
12-12 20:17:47.932 15066 15066 I QueryController: Matched selector: UiSelector[CLASS=android.widget.EditText, INSTANCE=0, PACKAGE NAME=com.example.snoopy] <<==>> [android.view.accessibility.AccessibilityNodeInfo@7812; boundsInParent: Rect(0, 0 - 1014, 135); boundsInScreen: Rect(45, 288 - 1059, 423); packageName: com.example.snoopy; className: android.widget.EditText; text: Enter your email. Editing.; contentDescription: null; viewIdResName: com.example.snoopy:id/editTextEmail; checkable: false; checked: false; focusable: true; focused: true; selected: false; clickable: true; longClickable: true; enabled: true; password: false; scrollable: false; [ACTION_CLEAR_FOCUS, ACTION_SELECT, ACTION_CLEAR_SELECTION, ACTION_CLICK, ACTION_LONG_CLICK, ACTION_ACCESSIBILITY_FOCUS, ACTION_PASTE]]
12-12 20:17:47.942   675  1390 D EnterpriseDeviceManager: ContainerId: 0
12-12 20:17:47.942   675   692 D EnterpriseDeviceManager: ContainerId: 0
12-12 20:17:47.942 15066 15066 I QueryController: Matched selector: UiSelector[CLASS=android.widget.EditText, INSTANCE=0, PACKAGE NAME=com.example.snoopy] <<==>> [android.view.accessibility.AccessibilityNodeInfo@7812; boundsInParent: Rect(0, 0 - 1014, 135); boundsInScreen: Rect(45, 288 - 1059, 423); packageName: com.example.snoopy; className: android.widget.EditText; text: Enter your email. Editing.; contentDescription: null; viewIdResName: com.example.snoopy:id/editTextEmail; checkable: false; checked: false; focusable: true; focused: true; selected: false; clickable: true; longClickable: true; enabled: true; password: false; scrollable: false; [ACTION_CLEAR_FOCUS, ACTION_SELECT, ACTION_CLEAR_SELECTION, ACTION_CLICK, ACTION_LONG_CLICK, ACTION_ACCESSIBILITY_FOCUS, ACTION_PASTE]]
12-12 20:17:47.972 15066 15066 D dalvikvm: GC_FOR_ALLOC freed 544K, 73% free 2265K/8128K, paused 9ms, total 9ms
12-12 20:17:47.982 15066 15066 I dalvikvm-heap: Grow heap (frag case) to 6.189MB for 2073616-byte allocation
12-12 20:17:47.992 15066 15088 D dalvikvm: GC_CONCURRENT freed 113K, 59% free 4235K/10156K, paused 2ms+0ms, total 14ms
12-12 20:17:48.752   675   960 I ServiceKeeper: In getappinfo pid = 675 pkgName = android appinfo = null
12-12 20:17:48.762   675   960 I ServiceKeeper: In getseinfo pid = 675 uid = 1000 seinfo= system
12-12 20:17:48.762   675   960 I ServiceKeeper: In getappinfo pid = 675 pkgName = android appinfo = null
12-12 20:17:48.762   675   960 I ServiceKeeper: In getseinfo pid = 675 uid = 1000 seinfo= system
12-12 20:17:49.032   675  1390 D EnterpriseDeviceManager: ContainerId: 0
12-12 20:17:49.032   675   692 D EnterpriseDeviceManager: ContainerId: 0
12-12 20:17:49.042 15066 15066 I QueryController: Matched selector: UiSelector[CLASS=android.widget.EditText, INSTANCE=0, PACKAGE NAME=com.example.snoopy] <<==>> [android.view.accessibility.AccessibilityNodeInfo@7812; boundsInParent: Rect(0, 0 - 1014, 135); boundsInScreen: Rect(45, 288 - 1059, 423); packageName: com.example.snoopy; className: android.widget.EditText; text: Enter your email. Editing.; contentDescription: null; viewIdResName: com.example.snoopy:id/editTextEmail; checkable: false; checked: false; focusable: true; focused: true; selected: false; clickable: true; longClickable: true; enabled: true; password: false; scrollable: false; [ACTION_CLEAR_FOCUS, ACTION_SELECT, ACTION_CLEAR_SELECTION, ACTION_CLICK, ACTION_LONG_CLICK, ACTION_ACCESSIBILITY_FOCUS, ACTION_PASTE]]
12-12 20:17:49.052   675   984 I Analytics: Analytics()
12-12 20:17:49.052   675   984 I InputDispatcher: Delivering touch to: action: 0x4, toolType: 0
12-12 20:17:49.052   675   984 I InputDispatcher: Delivering touch to: action: 0x0, toolType: 0
12-12 20:17:49.052   675  1273 I toolbox : Callback isContain() false
12-12 20:17:49.052   675  1067 D lights  : button : 1 +
12-12 20:17:49.052   675   960 I ServiceKeeper: In getappinfo pid = 675 pkgName = android appinfo = null
12-12 20:17:49.052   675   960 I ServiceKeeper: In getseinfo pid = 675 uid = 1000 seinfo= system
12-12 20:17:49.092   675  1067 D lights  : button : 1 -
12-12 20:17:49.242  1321  1321 I WfcConnectivityReceiver: onReceive(): action=WifiManager.RSSI_CHANGED_ACTION
12-12 20:17:49.242  1321  1321 I WfcConnectivityReceiver: notifyRssiChange(): rssi=-73
