--------- beginning of /dev/log/main
12-12 19:29:58.298  9650  9650 D AndroidRuntime: 
12-12 19:29:58.298  9650  9650 D AndroidRuntime: >>>>>> AndroidRuntime START com.android.internal.os.RuntimeInit <<<<<<
12-12 19:29:58.308  9650  9650 D AndroidRuntime: CheckJNI is OFF
12-12 19:29:58.308  9650  9650 D dalvikvm: Good opt header, DEX offset is 64, flags=0x00
12-12 19:29:58.308  9650  9650 D dalvikvm: dalvik-aux-structure mapped at 0x419ea000 with sizes 17456 9068 22916 7820
12-12 19:29:58.308  9650  9650 D dalvikvm: Good opt header, DEX offset is 64, flags=0x00
12-12 19:29:58.308  9650  9650 D dalvikvm: dalvik-aux-structure mapped at 0x419f8000 with sizes 3488 1968 3700 1000
12-12 19:29:58.308  9650  9650 D dalvikvm: Good opt header, DEX offset is 64, flags=0x00
12-12 19:29:58.308  9650  9650 D dalvikvm: dalvik-aux-structure mapped at 0x419fc000 with sizes 1212 1216 2416 256
12-12 19:29:58.308  9650  9650 D dalvikvm: Good opt header, DEX offset is 64, flags=0x00
12-12 19:29:58.308  9650  9650 D dalvikvm: dalvik-aux-structure mapped at 0x41a03000 with sizes 132 296 392 8
12-12 19:29:58.308  9650  9650 D dalvikvm: Good opt header, DEX offset is 64, flags=0x00
12-12 19:29:58.308  9650  9650 D dalvikvm: dalvik-aux-structure mapped at 0x41a11000 with sizes 8748 4364 7932 3996
12-12 19:29:58.308  9650  9650 D dalvikvm: Good opt header, DEX offset is 64, flags=0x00
12-12 19:29:58.308  9650  9650 D dalvikvm: dalvik-aux-structure mapped at 0x41a18000 with sizes 22496 5180 8540 1804
12-12 19:29:58.308  9650  9650 D dalvikvm: Good opt header, DEX offset is 64, flags=0x00
12-12 19:29:58.308  9650  9650 D dalvikvm: dalvik-aux-structure mapped at 0x595ca000 with sizes 56980 26392 103936 34400
12-12 19:29:58.308  9650  9650 D dalvikvm: Good opt header, DEX offset is 64, flags=0x00
12-12 19:29:58.308  9650  9650 D dalvikvm: dalvik-aux-structure mapped at 0x597e5000 with sizes 9456 6512 11508 3328
12-12 19:29:58.308  9650  9650 D dalvikvm: Good opt header, DEX offset is 64, flags=0x00
12-12 19:29:58.308  9650  9650 D dalvikvm: dalvik-aux-structure mapped at 0x59959000 with sizes 20772 3532 10520 3092
12-12 19:29:58.308  9650  9650 D dalvikvm: Good opt header, DEX offset is 64, flags=0x00
12-12 19:29:58.308  9650  9650 D dalvikvm: dalvik-aux-structure mapped at 0x41a27000 with sizes 1660 956 2388 56
12-12 19:29:58.318  9650  9650 D dalvikvm: Good opt header, DEX offset is 64, flags=0x00
12-12 19:29:58.318  9650  9650 D dalvikvm: dalvik-aux-structure mapped at 0x599bf000 with sizes 1312 504 800 184
12-12 19:29:58.318  9650  9650 D dalvikvm: Good opt header, DEX offset is 64, flags=0x00
12-12 19:29:58.318  9650  9650 D dalvikvm: dalvik-aux-structure mapped at 0x599c0000 with sizes 1704 1896 3404 216
12-12 19:29:58.318  9650  9650 D dalvikvm: Good opt header, DEX offset is 64, flags=0x00
12-12 19:29:58.318  9650  9650 D dalvikvm: dalvik-aux-structure mapped at 0x59e03000 with sizes 41652 10740 31732 2024
12-12 19:29:58.318  9650  9650 D dalvikvm: Good opt header, DEX offset is 64, flags=0x00
12-12 19:29:58.318  9650  9650 D dalvikvm: dalvik-aux-structure mapped at 0x599c5000 with sizes 13340 3572 6468 560
12-12 19:29:58.318  9650  9650 D dalvikvm: Good opt header, DEX offset is 64, flags=0x00
12-12 19:29:58.318  9650  9650 D dalvikvm: dalvik-aux-structure mapped at 0x5a048000 with sizes 3752 5072 11996 2620
12-12 19:29:58.318  9650  9650 D dalvikvm: Good opt header, DEX offset is 64, flags=0x00
12-12 19:29:58.318  9650  9650 D dalvikvm: dalvik-aux-structure mapped at 0x599cd000 with sizes 864 112 12 8
12-12 19:29:58.318  9650  9650 D dalvikvm: Good opt header, DEX offset is 64, flags=0x00
12-12 19:29:58.318  9650  9650 D dalvikvm: dalvik-aux-structure mapped at 0x599cf000 with sizes 144 424 416 84
12-12 19:29:58.318  9650  9650 D dalvikvm: Good opt header, DEX offset is 64, flags=0x00
12-12 19:29:58.318  9650  9650 D dalvikvm: dalvik-aux-structure mapped at 0x5a061000 with sizes 8 84 20 52
12-12 19:29:58.318  9650  9650 D dalvikvm: Good opt header, DEX offset is 64, flags=0x00
12-12 19:29:58.318  9650  9650 D dalvikvm: dalvik-aux-structure mapped at 0x5a062000 with sizes 2300 1284 1900 732
12-12 19:29:58.318  9650  9650 D dalvikvm: Good opt header, DEX offset is 64, flags=0x00
12-12 19:29:58.318  9650  9650 D dalvikvm: dalvik-aux-structure mapped at 0x5a066000 with sizes 3068 1548 4364 1460
12-12 19:29:58.318  9650  9650 D dalvikvm: Good opt header, DEX offset is 64, flags=0x00
12-12 19:29:58.318  9650  9650 D dalvikvm: dalvik-aux-structure mapped at 0x5a06a000 with sizes 2512 2028 2656 348
12-12 19:29:58.318  9650  9650 D dalvikvm: Good opt header, DEX offset is 64, flags=0x00
12-12 19:29:58.318  9650  9650 D dalvikvm: dalvik-aux-structure mapped at 0x5a06d000 with sizes 244 632 480 120
12-12 19:29:58.318  9650  9650 D dalvikvm: Good opt header, DEX offset is 64, flags=0x00
12-12 19:29:58.318  9650  9650 D dalvikvm: dalvik-aux-structure mapped at 0x5a070000 with sizes 44 16 4 16
12-12 19:29:58.318  9650  9650 D dalvikvm: Good opt header, DEX offset is 64, flags=0x00
12-12 19:29:58.318  9650  9650 D dalvikvm: dalvik-aux-structure mapped at 0x5a3bf000 with sizes 17456 5180 15016 5508
12-12 19:29:58.318  9650  9650 D dalvikvm: Good opt header, DEX offset is 64, flags=0x00
12-12 19:29:58.318  9650  9650 D dalvikvm: dalvik-aux-structure mapped at 0x5a156000 with sizes 17648 1196 1848 1084
12-12 19:29:58.318  9650  9650 D dalvikvm: Good opt header, DEX offset is 64, flags=0x00
12-12 19:29:58.318  9650  9650 D dalvikvm: dalvik-aux-structure mapped at 0x5a5ef000 with sizes 5448 6248 17376 5152
12-12 19:29:58.328  9650  9650 D dalvikvm: Good opt header, DEX offset is 64, flags=0x00
12-12 19:29:58.328  9650  9650 D dalvikvm: dalvik-aux-structure mapped at 0x5a15d000 with sizes 92 272 204 12
12-12 19:29:58.328  9650  9650 D dalvikvm: Good opt header, DEX offset is 64, flags=0x00
12-12 19:29:58.328  9650  9650 D dalvikvm: dalvik-aux-structure mapped at 0x5a601000 with sizes 368 52 8 52
12-12 19:29:58.328  9650  9650 D dalvikvm: Good opt header, DEX offset is 64, flags=0x00
12-12 19:29:58.328  9650  9650 D dalvikvm: dalvik-aux-structure mapped at 0x5a61e000 with sizes 848 488 512 692
12-12 19:29:58.328  9650  9650 D dalvikvm: Good opt header, DEX offset is 64, flags=0x00
12-12 19:29:58.328  9650  9650 D dalvikvm: dalvik-aux-structure mapped at 0x5a621000 with sizes 20 36 20 8
12-12 19:29:58.328  9650  9650 D dalvikvm: Good opt header, DEX offset is 64, flags=0x00
12-12 19:29:58.328  9650  9650 D dalvikvm: dalvik-aux-structure mapped at 0x5a62a000 with sizes 360 232 320 68
12-12 19:29:58.328  9650  9650 D dalvikvm: Good opt header, DEX offset is 64, flags=0x00
12-12 19:29:58.328  9650  9650 D dalvikvm: dalvik-aux-structure mapped at 0x5a63a000 with sizes 864 272 320 208
12-12 19:29:58.328  9650  9650 D dalvikvm: Trying to load lib libjavacore.so 0x0
12-12 19:29:58.328  9650  9650 D dalvikvm: Added shared lib libjavacore.so 0x0
12-12 19:29:58.338  9650  9650 D dalvikvm: Trying to load lib libnativehelper.so 0x0
12-12 19:29:58.338  9650  9650 D dalvikvm: Added shared lib libnativehelper.so 0x0
12-12 19:29:58.338  9650  9650 D dalvikvm: No JNI_OnLoad found in libnativehelper.so 0x0, skipping init
12-12 19:29:58.348  9650  9650 D dalvikvm: Good opt header, DEX offset is 64, flags=0x00
12-12 19:29:58.348  9650  9650 D dalvikvm: dalvik-aux-structure mapped at 0x5b8a1000 with sizes 912 344 448 12
12-12 19:29:58.368  9650  9650 D dalvikvm: Note: class Landroid/app/ActivityManagerNative; has 179 unimplemented (abstract) methods
12-12 19:29:58.488  9650  9650 D AndroidRuntime: Calling main entry com.android.commands.am.Am
--------- beginning of /dev/log/system
12-12 19:29:58.498   928  1379 I ActivityManager: Force stopping com.example.snoopy appid=10002 user=0: start instr
12-12 19:29:58.498   928  1379 I ActivityManager: Killing 7490:com.example.snoopy/u0a2 (adj 0): stop com.example.snoopy
12-12 19:29:58.508   928  1379 W ActivityManager: Force removing ActivityRecord{422d91d8 u0 com.example.snoopy/.CameraInputFrames t4}: app died, no saved state
12-12 19:29:58.518   928   983 W InputDispatcher: channel '42338620 com.example.snoopy/com.example.snoopy.CameraInputFrames (server)' ~ Consumer closed input channel or an error occurred.  events=0x9
12-12 19:29:58.518   928   983 E InputDispatcher: channel '42338620 com.example.snoopy/com.example.snoopy.CameraInputFrames (server)' ~ Channel is unrecoverably broken and will be disposed!
12-12 19:29:58.518   928  1295 W InputDispatcher: Attempted to unregister already unregistered input channel '42338620 com.example.snoopy/com.example.snoopy.CameraInputFrames (server)'
12-12 19:29:58.518   928  1379 W WindowManager: Rebuild removed 3 windows but added 2
12-12 19:29:58.518   928  1379 W WindowManager: java.lang.RuntimeException: here
12-12 19:29:58.518   928  1379 W WindowManager: 	at com.android.server.wm.WindowManagerService.rebuildAppWindowListLocked(WindowManagerService.java:8899)
12-12 19:29:58.518   928  1379 W WindowManager: 	at com.android.server.wm.WindowManagerService.rebuildAppWindowListLocked(WindowManagerService.java:8835)
12-12 19:29:58.518   928  1379 W WindowManager: 	at com.android.server.wm.WindowManagerService.handleAppTransitionReadyLocked(WindowManagerService.java:9330)
12-12 19:29:58.518   928  1379 W WindowManager: 	at com.android.server.wm.WindowManagerService.performLayoutAndPlaceSurfacesLockedInner(WindowManagerService.java:10138)
12-12 19:29:58.518   928  1379 W WindowManager: 	at com.android.server.wm.WindowManagerService.performLayoutAndPlaceSurfacesLockedLoop(WindowManagerService.java:9051)
12-12 19:29:58.518   928  1379 W WindowManager: 	at com.android.server.wm.WindowManagerService.performLayoutAndPlaceSurfacesLocked(WindowManagerService.java:8993)
12-12 19:29:58.518   928  1379 W WindowManager: 	at com.android.server.wm.WindowManagerService.executeAppTransition(WindowManagerService.java:4583)
12-12 19:29:58.518   928  1379 W WindowManager: 	at com.android.server.am.ActivityStackSupervisor.reportResumedActivityLocked(ActivityStackSupervisor.java:2421)
12-12 19:29:58.518   928  1379 W WindowManager: 	at com.android.server.am.ActivityStack.completeResumeLocked(ActivityStack.java:1115)
12-12 19:29:58.518   928  1379 W WindowManager: 	at com.android.server.am.ActivityStack.resumeTopActivityLocked(ActivityStack.java:1827)
12-12 19:29:58.518   928  1379 W WindowManager: 	at com.android.server.am.ActivityStackSupervisor.resumeTopActivitiesLocked(ActivityStackSupervisor.java:2186)
12-12 19:29:58.518   928  1379 W WindowManager: 	at com.android.server.am.ActivityStackSupervisor.resumeTopActivitiesLocked(ActivityStackSupervisor.java:2173)
12-12 19:29:58.518   928  1379 W WindowManager: 	at com.android.server.am.ActivityManagerService.forceStopPackageLocked(ActivityManagerService.java:5336)
12-12 19:29:58.518   928  1379 W WindowManager: 	at com.android.server.am.ActivityManagerService.startInstrumentation(ActivityManagerService.java:15097)
12-12 19:29:58.518   928  1379 W WindowManager: 	at android.app.ActivityManagerNative.onTransact(ActivityManagerNative.java:916)
12-12 19:29:58.518   928  1379 W WindowManager: 	at com.android.server.am.ActivityManagerService.onTransact(ActivityManagerService.java:2293)
12-12 19:29:58.518   928  1379 W WindowManager: 	at android.os.Binder.execTransact(Binder.java:404)
12-12 19:29:58.518   928  1379 W WindowManager: 	at dalvik.system.NativeStart.run(Native Method)
12-12 19:29:58.518   928  1379 W WindowManager: This window was lost: Window{42338620 u0 com.example.snoopy/com.example.snoopy.CameraInputFrames}
12-12 19:29:58.518   928  1379 W WindowManager: mAttrs.type=1
12-12 19:29:58.518   928  1379 W WindowManager: attachedWindow=nullmTouchableRegion=SkRegion((0,0,1200,1803))mDisplayId=0 mSession=Session{42543cc0 7490:u0a10002} mClient=android.os.BinderProxy@41c92f70
12-12 19:29:58.518   928  1379 W WindowManager: mOwnerUid=10002 mShowToOwnerOnly=true package=com.example.snoopy appop=NONE
12-12 19:29:58.518   928  1379 W WindowManager: mAttrs=WM.LayoutParams{(0,0)(fillxfill) sim=#120 ty=1 fl=#1810100 pfl=0x8 wanim=0x10302a1}
12-12 19:29:58.518   928  1379 W WindowManager: Requested w=1200 h=1920 mLayoutSeq=104
12-12 19:29:58.518   928  1379 W WindowManager: mBaseLayer=21000 mSubLayer=0 mAnimLayer=21010+0=21010 mLastLayer=21010
12-12 19:29:58.518   928  1379 W WindowManager: mToken=AppWindowToken{42764e30 token=Token{4232a4e8 ActivityRecord{422d91d8 u0 com.example.snoopy/.CameraInputFrames t4}}}
12-12 19:29:58.518   928  1379 W WindowManager: mRootToken=AppWindowToken{42764e30 token=Token{4232a4e8 ActivityRecord{422d91d8 u0 com.example.snoopy/.CameraInputFrames t4}}}
12-12 19:29:58.518   928  1379 W WindowManager: mAppToken=AppWindowToken{42764e30 token=Token{4232a4e8 ActivityRecord{422d91d8 u0 com.example.snoopy/.CameraInputFrames t4}}}
12-12 19:29:58.518   928  1379 W WindowManager: mViewVisibility=0x0 mHaveFrame=true mObscured=false
12-12 19:29:58.518   928  1379 W WindowManager: mSeq=0 mSystemUiVisibility=0x0
12-12 19:29:58.518   928  1379 W WindowManager: mGivenContentInsets=[0,0][0,0] mGivenVisibleInsets=[0,0][0,0]
12-12 19:29:58.518   928  1379 W WindowManager: mConfiguration={1.0 ?mcc?mnc en_US ldltr sw600dp w600dp h934dp 320dpi lrg port rot_0 finger -keyb/v/h -nav/h s.5}
12-12 19:29:58.518   928  1379 W WindowManager: mHasSurface=true mShownFrame=[0.0,0.0][1200.0,1803.0] isReadyForDisplay()=false
12-12 19:29:58.518   928  1379 W WindowManager: mFrame=[0,0][1200,1803] last=[0,0][1200,1803]
12-12 19:29:58.518   928  1379 W WindowManager: mSystemDecorRect=[0,51][1200,1803] last=[0,51][1200,1803]
12-12 19:29:58.518   928  1379 W WindowManager: Frames: containing=[0,0][1200,1803] parent=[0,0][1200,1803]
12-12 19:29:58.518   928  1379 W WindowManager:     display=[0,0][1200,1803] overscan=[0,0][1200,1920]
12-12 19:29:58.518   928  1379 W WindowManager:     content=[0,51][1200,1803] visible=[0,51][1200,1803]
12-12 19:29:58.518   928  1379 W WindowManager:     decor=[0,51][1200,1803]
12-12 19:29:58.518   928  1379 W WindowManager: Cur insets: overscan=[0,0][0,0] content=[0,51][0,0] visible=[0,51][0,0]
12-12 19:29:58.518   928  1379 W WindowManager: Lst insets: overscan=[0,0][0,0] content=[0,51][0,0] visible=[0,51][0,0]
12-12 19:29:58.518   928  1379 W WindowManager: WindowStateAnimator{4273fa30 com.example.snoopy/com.example.snoopy.CameraInputFrames}:
12-12 19:29:58.518   928  1379 W WindowManager:   mSurface=Surface(name=com.example.snoopy/com.example.snoopy.CameraInputFrames)
12-12 19:29:58.518   928  1379 W WindowManager:   mDrawState=HAS_DRAWN mLastHidden=false
12-12 19:29:58.518   928  1379 W WindowManager:   Surface: shown=true layer=21010 alpha=1.0 rect=(0.0,0.0) 1200.0 x 1803.0
12-12 19:29:58.518   928  1379 W WindowManager: Current app token list:
12-12 19:29:58.518   928  1379 V WindowManager:   Display 0
12-12 19:29:58.518   928  1379 V WindowManager:   #1: Token{422be338 ActivityRecord{422bdf70 u0 com.amazon.kindle.otter/.Launcher t1}}
12-12 19:29:58.518   928  1379 V WindowManager:   #0: Token{425aae78 ActivityRecord{4259c278 u0 com.android.systemui/.usb.UsbMtpMissingActivity t2}}
12-12 19:29:58.518   928  1379 W WindowManager: Final window list:
12-12 19:29:58.518   928  1379 V WindowManager:   #0: Window{422c4df8 u0 NavigationBar}
12-12 19:29:58.518   928  1379 V WindowManager:   #1: Window{422acb28 u0 StatusBar}
12-12 19:29:58.518   928  1379 V WindowManager:   #2: Window{42483638 u0 Keyguard}
12-12 19:29:58.518   928  1379 V WindowManager:   #3: Window{42320a20 u0 KeyguardScrim}
12-12 19:29:58.518   928  1379 V WindowManager:   #4: Window{422da2c8 u0 com.amazon.kindle.otter/com.amazon.kindle.otter.Launcher}
12-12 19:29:58.518   928  1379 V WindowManager:   #5: Window{425b11e8 u0 com.android.systemui/com.android.systemui.usb.UsbMtpMissingActivity}
12-12 19:29:58.518   928  1379 D AmazonTransitionManager: openingActivityName = com.amazon.kindle.otter.Launcher, animationType = HOME
12-12 19:29:58.518   928  1295 I WindowState: WIN DEATH: Window{42338620 u0 com.example.snoopy/com.example.snoopy.CameraInputFrames}
12-12 19:29:58.528  9669  9669 D dalvikvm: Late-enabling CheckJNI
12-12 19:29:58.538   928  1379 I ActivityManager: Start proc com.example.snoopy for added application com.example.snoopy: pid=9669 uid=10002 gids={50002, 3003, 1028, 1015}
12-12 19:29:58.608   928  1189 W InputMethodManagerService: Got RemoteException sending setActive(false) notification to pid 7490 uid 10002
12-12 19:29:58.618  9669  9669 D dalvikvm: Good opt header, DEX offset is 64, flags=0x00
12-12 19:29:58.618  9669  9669 D dalvikvm: dalvik-aux-structure mapped at 0x605f1000 with sizes 1044 1456 1664 116
12-12 19:29:58.638  9669  9669 D dalvikvm: Good opt header, DEX offset is 64, flags=0x00
12-12 19:29:58.638  9669  9669 D dalvikvm: dalvik-aux-structure mapped at 0x605f4000 with sizes 5164 2636 5256 1292
12-12 19:29:58.638  9669  9669 D dalvikvm: Good opt header, DEX offset is 64, flags=0x00
12-12 19:29:58.638  9669  9669 D dalvikvm: dalvik-aux-structure mapped at 0x60b29000 with sizes 17256 15772 38280 8156
12-12 19:29:58.638  9669  9669 D dalvikvm: Good opt header, DEX offset is 64, flags=0x00
12-12 19:29:58.638  9669  9669 D dalvikvm: dalvik-aux-structure mapped at 0x605fc000 with sizes 752 564 744 248
12-12 19:29:58.638  9669  9669 D dalvikvm: Good opt header, DEX offset is 64, flags=0x00
12-12 19:29:58.638  9669  9669 D dalvikvm: dalvik-aux-structure mapped at 0x606c1000 with sizes 80 112 108 44
12-12 19:29:58.698  9669  9669 I System.out: EMMA: collecting runtime coverage data ...
12-12 19:29:58.708  9669  9669 D ProfileManager: Create ProfileManager instance
12-12 19:29:58.718  9669  9669 I dalvikvm: Could not find method android.content.pm.PackageManager.getPackageInstaller, referenced from method com.google.android.gms.common.zzo.zzx
12-12 19:29:58.718  9669  9669 W dalvikvm: VFY: unable to resolve virtual method 4346: Landroid/content/pm/PackageManager;.getPackageInstaller ()Landroid/content/pm/PackageInstaller;
12-12 19:29:58.718  9669  9669 D dalvikvm: VFY: replacing opcode 0x6e at 0x0013
12-12 19:29:58.728  9669  9669 I dalvikvm: Could not find method android.content.Context.getNoBackupFilesDir, referenced from method com.google.android.gms.common.util.zzu.getNoBackupFilesDir
12-12 19:29:58.728  9669  9669 W dalvikvm: VFY: unable to resolve virtual method 863: Landroid/content/Context;.getNoBackupFilesDir ()Ljava/io/File;
12-12 19:29:58.728  9669  9669 D dalvikvm: VFY: replacing opcode 0x6e at 0x0006
12-12 19:29:58.728  9669  9702 W DynamiteModule: Local module descriptor class for com.google.firebase.auth not found.
12-12 19:29:58.728  9669  9702 I dalvikvm: Could not find method android.content.pm.PackageManager.isInstantApp, referenced from method com.google.android.gms.internal.zzbec.zzalq
12-12 19:29:58.728  9669  9702 W dalvikvm: VFY: unable to resolve virtual method 4531: Landroid/content/pm/PackageManager;.isInstantApp (Ljava/lang/String;)Z
12-12 19:29:58.728  9669  9702 D dalvikvm: VFY: replacing opcode 0x6e at 0x002d
12-12 19:29:58.728  9669  9702 W GooglePlayServicesUtil: Google Play Store is missing.
12-12 19:29:58.738  9669  9669 W InstanceID/Rpc: Failed to resolve IID implementation package, falling back
12-12 19:29:58.738   928  1283 W PackageManager: com.google.android.gms is not installed for user 0
12-12 19:29:58.738   928   940 W PackageManager: com.google.android.gsf is not installed for user 0
12-12 19:29:58.738  9669  9669 W InstanceID/Rpc: Google Play services is missing, unable to get tokens
12-12 19:29:58.738  9669  9669 D FirebaseApp: com.google.firebase.crash.FirebaseCrash is not linked. Skipping initialization.
12-12 19:29:58.748  9669  9669 I FA      : App measurement is starting up, version: 11400
12-12 19:29:58.748  9669  9669 I FA      : To enable debug logging run: adb shell setprop log.tag.FA VERBOSE
12-12 19:29:58.748  9669  9669 I dalvikvm: Could not find method android.content.pm.PackageManager.isInstantApp, referenced from method com.google.android.gms.internal.zzbeb.zzcp
12-12 19:29:58.748  9669  9669 W dalvikvm: VFY: unable to resolve virtual method 4523: Landroid/content/pm/PackageManager;.isInstantApp ()Z
12-12 19:29:58.748  9669  9669 D dalvikvm: VFY: replacing opcode 0x6e at 0x0028
12-12 19:29:58.748  9669  9669 I FA      : To enable faster debug mode event logging run:
12-12 19:29:58.748  9669  9669 I FA      :   adb shell setprop debug.firebase.analytics.app com.example.snoopy
12-12 19:29:58.758  9669  9669 E dalvikvm: Could not find class 'android.app.job.JobScheduler', referenced from method com.google.android.gms.internal.zzcfr.zzazv
12-12 19:29:58.758  9669  9669 W dalvikvm: VFY: unable to resolve check-cast 64 (Landroid/app/job/JobScheduler;) in Lcom/google/android/gms/internal/zzcfr;
12-12 19:29:58.758  9669  9669 D dalvikvm: VFY: replacing opcode 0x1f at 0x000b
12-12 19:29:58.758  9669  9669 E dalvikvm: Could not find class 'android.app.job.JobScheduler', referenced from method com.google.android.gms.internal.zzcfr.zzs
12-12 19:29:58.758  9669  9669 W dalvikvm: VFY: unable to resolve check-cast 64 (Landroid/app/job/JobScheduler;) in Lcom/google/android/gms/internal/zzcfr;
12-12 19:29:58.758  9669  9669 D dalvikvm: VFY: replacing opcode 0x1f at 0x0098
12-12 19:29:58.758  9669  9669 D dalvikvm: DexOpt: unable to opt direct call 0x2262 at 0xa0 in Lcom/google/android/gms/internal/zzcfr;.zzs
12-12 19:29:58.758  9669  9669 D dalvikvm: DexOpt: unable to opt direct call 0x2265 at 0xae in Lcom/google/android/gms/internal/zzcfr;.zzs
12-12 19:29:58.768  9669  9669 I FirebaseInitProvider: FirebaseApp initialization successful
12-12 19:29:58.768  9669  9707 W dalvikvm: VFY: unable to find class referenced in signature (Landroid/app/job/JobParameters;)
12-12 19:29:58.768  9669  9707 W dalvikvm: VFY: unable to find class referenced in signature (Landroid/app/job/JobParameters;)
12-12 19:29:58.768  9669  9707 W dalvikvm: VFY: unable to find class referenced in signature (Landroid/app/job/JobParameters;)
12-12 19:29:58.768  9669  9707 W dalvikvm: VFY: unable to find class referenced in signature (Landroid/app/job/JobParameters;)
12-12 19:29:58.768  9669  9707 I dalvikvm: Could not find method android.app.job.JobParameters.getExtras, referenced from method com.google.android.gms.internal.zzcfh.onStartJob
12-12 19:29:58.768  9669  9707 W dalvikvm: VFY: unable to resolve virtual method 4778: Landroid/app/job/JobParameters;.getExtras ()Landroid/os/PersistableBundle;
12-12 19:29:58.768  9669  9707 D dalvikvm: VFY: replacing opcode 0x6e at 0x000a
12-12 19:29:58.778  9669  9669 W ResourceType: No package identifier when getting value for resource number 0x00000000
12-12 19:29:58.778  9669  9669 I Dispatch: No dispatch information file found
12-12 19:29:58.778  9669  9708 I TestRunner: started: rmInternalFiles(com.trellis.AUTUtils)
12-12 19:29:58.788  9669  9707 I FA      : This instance being marked as an uploader
12-12 19:29:58.798  9669  9707 W FileUtils: Failed to chmod(xxxx): libcore.io.ErrnoException: chmod failed: ENOENT (No such file or directory)
12-12 19:29:58.848  9669  9708 I TestRunner: finished: rmInternalFiles(com.trellis.AUTUtils)
12-12 19:29:58.848  9669  9708 I TestRunner: passed: rmInternalFiles(com.trellis.AUTUtils)
12-12 19:29:58.848  9650  9650 D AndroidRuntime: Shutting down VM
12-12 19:29:58.848   928  1307 I ActivityManager: Force stopping com.example.snoopy appid=10002 user=0: finished inst
12-12 19:29:58.848   928  1307 I ActivityManager: Killing 9669:com.example.snoopy/u0a2 (adj 0): stop com.example.snoopy
12-12 19:29:58.848   928  1307 W ActivityManager: Service ServiceRecord{426ee950 u0 com.example.snoopy/com.google.android.gms.measurement.AppMeasurementService} in process ProcessRecord{422b9808 9669:com.example.snoopy/u0a2} not same as in map: null
12-12 19:29:59.548  9713  9713 D AndroidRuntime: 
12-12 19:29:59.548  9713  9713 D AndroidRuntime: >>>>>> AndroidRuntime START com.android.internal.os.RuntimeInit <<<<<<
12-12 19:29:59.548  9713  9713 D AndroidRuntime: CheckJNI is OFF
12-12 19:29:59.558  9713  9713 D dalvikvm: Good opt header, DEX offset is 64, flags=0x00
12-12 19:29:59.558  9713  9713 D dalvikvm: dalvik-aux-structure mapped at 0x5889d000 with sizes 17456 9068 22916 7820
12-12 19:29:59.558  9713  9713 D dalvikvm: Good opt header, DEX offset is 64, flags=0x00
12-12 19:29:59.558  9713  9713 D dalvikvm: dalvik-aux-structure mapped at 0x588ab000 with sizes 3488 1968 3700 1000
12-12 19:29:59.558  9713  9713 D dalvikvm: Good opt header, DEX offset is 64, flags=0x00
12-12 19:29:59.558  9713  9713 D dalvikvm: dalvik-aux-structure mapped at 0x588af000 with sizes 1212 1216 2416 256
12-12 19:29:59.558  9713  9713 D dalvikvm: Good opt header, DEX offset is 64, flags=0x00
12-12 19:29:59.558  9713  9713 D dalvikvm: dalvik-aux-structure mapped at 0x588b6000 with sizes 132 296 392 8
12-12 19:29:59.558  9713  9713 D dalvikvm: Good opt header, DEX offset is 64, flags=0x00
12-12 19:29:59.558  9713  9713 D dalvikvm: dalvik-aux-structure mapped at 0x58a75000 with sizes 8748 4364 7932 3996
12-12 19:29:59.558  9713  9713 D dalvikvm: Good opt header, DEX offset is 64, flags=0x00
12-12 19:29:59.558  9713  9713 D dalvikvm: dalvik-aux-structure mapped at 0x58a7c000 with sizes 22496 5180 8540 1804
12-12 19:29:59.558  9713  9713 D dalvikvm: Good opt header, DEX offset is 64, flags=0x00
12-12 19:29:59.558  9713  9713 D dalvikvm: dalvik-aux-structure mapped at 0x595f0000 with sizes 56980 26392 103936 34400
12-12 19:29:59.558  9713  9713 D dalvikvm: Good opt header, DEX offset is 64, flags=0x00
12-12 19:29:59.558  9713  9713 D dalvikvm: dalvik-aux-structure mapped at 0x5980b000 with sizes 9456 6512 11508 3328
12-12 19:29:59.558  9713  9713 D dalvikvm: Good opt header, DEX offset is 64, flags=0x00
12-12 19:29:59.558  9713  9713 D dalvikvm: dalvik-aux-structure mapped at 0x5997f000 with sizes 20772 3532 10520 3092
12-12 19:29:59.558  9713  9713 D dalvikvm: Good opt header, DEX offset is 64, flags=0x00
12-12 19:29:59.558  9713  9713 D dalvikvm: dalvik-aux-structure mapped at 0x58a8b000 with sizes 1660 956 2388 56
12-12 19:29:59.558  9713  9713 D dalvikvm: Good opt header, DEX offset is 64, flags=0x00
12-12 19:29:59.558  9713  9713 D dalvikvm: dalvik-aux-structure mapped at 0x599e7000 with sizes 1312 504 800 184
12-12 19:29:59.558  9713  9713 D dalvikvm: Good opt header, DEX offset is 64, flags=0x00
12-12 19:29:59.558  9713  9713 D dalvikvm: dalvik-aux-structure mapped at 0x599e8000 with sizes 1704 1896 3404 216
12-12 19:29:59.558  9713  9713 D dalvikvm: Good opt header, DEX offset is 64, flags=0x00
12-12 19:29:59.558  9713  9713 D dalvikvm: dalvik-aux-structure mapped at 0x59e2b000 with sizes 41652 10740 31732 2024
12-12 19:29:59.558  9713  9713 D dalvikvm: Good opt header, DEX offset is 64, flags=0x00
12-12 19:29:59.558  9713  9713 D dalvikvm: dalvik-aux-structure mapped at 0x599ed000 with sizes 13340 3572 6468 560
12-12 19:29:59.568  9713  9713 D dalvikvm: Good opt header, DEX offset is 64, flags=0x00
12-12 19:29:59.568  9713  9713 D dalvikvm: dalvik-aux-structure mapped at 0x5a070000 with sizes 3752 5072 11996 2620
12-12 19:29:59.568  9713  9713 D dalvikvm: Good opt header, DEX offset is 64, flags=0x00
12-12 19:29:59.568  9713  9713 D dalvikvm: dalvik-aux-structure mapped at 0x599f5000 with sizes 864 112 12 8
12-12 19:29:59.568  9713  9713 D dalvikvm: Good opt header, DEX offset is 64, flags=0x00
12-12 19:29:59.568  9713  9713 D dalvikvm: dalvik-aux-structure mapped at 0x599f7000 with sizes 144 424 416 84
12-12 19:29:59.568  9713  9713 D dalvikvm: Good opt header, DEX offset is 64, flags=0x00
12-12 19:29:59.568  9713  9713 D dalvikvm: dalvik-aux-structure mapped at 0x5a089000 with sizes 8 84 20 52
12-12 19:29:59.568  9713  9713 D dalvikvm: Good opt header, DEX offset is 64, flags=0x00
12-12 19:29:59.568  9713  9713 D dalvikvm: dalvik-aux-structure mapped at 0x5a08a000 with sizes 2300 1284 1900 732
12-12 19:29:59.568  9713  9713 D dalvikvm: Good opt header, DEX offset is 64, flags=0x00
12-12 19:29:59.568  9713  9713 D dalvikvm: dalvik-aux-structure mapped at 0x5a08e000 with sizes 3068 1548 4364 1460
12-12 19:29:59.568  9713  9713 D dalvikvm: Good opt header, DEX offset is 64, flags=0x00
12-12 19:29:59.568  9713  9713 D dalvikvm: dalvik-aux-structure mapped at 0x5a092000 with sizes 2512 2028 2656 348
12-12 19:29:59.568  9713  9713 D dalvikvm: Good opt header, DEX offset is 64, flags=0x00
12-12 19:29:59.568  9713  9713 D dalvikvm: dalvik-aux-structure mapped at 0x5a095000 with sizes 244 632 480 120
12-12 19:29:59.568  9713  9713 D dalvikvm: Good opt header, DEX offset is 64, flags=0x00
12-12 19:29:59.568  9713  9713 D dalvikvm: dalvik-aux-structure mapped at 0x5a098000 with sizes 44 16 4 16
12-12 19:29:59.568  9713  9713 D dalvikvm: Good opt header, DEX offset is 64, flags=0x00
12-12 19:29:59.568  9713  9713 D dalvikvm: dalvik-aux-structure mapped at 0x5a3e7000 with sizes 17456 5180 15016 5508
12-12 19:29:59.568  9713  9713 D dalvikvm: Good opt header, DEX offset is 64, flags=0x00
12-12 19:29:59.568  9713  9713 D dalvikvm: dalvik-aux-structure mapped at 0x5a17e000 with sizes 17648 1196 1848 1084
12-12 19:29:59.568  9713  9713 D dalvikvm: Good opt header, DEX offset is 64, flags=0x00
12-12 19:29:59.568  9713  9713 D dalvikvm: dalvik-aux-structure mapped at 0x5a617000 with sizes 5448 6248 17376 5152
12-12 19:29:59.568  9713  9713 D dalvikvm: Good opt header, DEX offset is 64, flags=0x00
12-12 19:29:59.568  9713  9713 D dalvikvm: dalvik-aux-structure mapped at 0x5a185000 with sizes 92 272 204 12
12-12 19:29:59.568  9713  9713 D dalvikvm: Good opt header, DEX offset is 64, flags=0x00
12-12 19:29:59.568  9713  9713 D dalvikvm: dalvik-aux-structure mapped at 0x5a629000 with sizes 368 52 8 52
12-12 19:29:59.568  9713  9713 D dalvikvm: Good opt header, DEX offset is 64, flags=0x00
12-12 19:29:59.568  9713  9713 D dalvikvm: dalvik-aux-structure mapped at 0x5a646000 with sizes 848 488 512 692
12-12 19:29:59.568  9713  9713 D dalvikvm: Good opt header, DEX offset is 64, flags=0x00
12-12 19:29:59.568  9713  9713 D dalvikvm: dalvik-aux-structure mapped at 0x5a649000 with sizes 20 36 20 8
12-12 19:29:59.568  9713  9713 D dalvikvm: Good opt header, DEX offset is 64, flags=0x00
12-12 19:29:59.568  9713  9713 D dalvikvm: dalvik-aux-structure mapped at 0x5a652000 with sizes 360 232 320 68
12-12 19:29:59.568  9713  9713 D dalvikvm: Good opt header, DEX offset is 64, flags=0x00
12-12 19:29:59.568  9713  9713 D dalvikvm: dalvik-aux-structure mapped at 0x5a662000 with sizes 864 272 320 208
12-12 19:29:59.578  9713  9713 D dalvikvm: Trying to load lib libjavacore.so 0x0
12-12 19:29:59.578  9713  9713 D dalvikvm: Added shared lib libjavacore.so 0x0
12-12 19:29:59.578  9713  9713 D dalvikvm: Trying to load lib libnativehelper.so 0x0
12-12 19:29:59.578  9713  9713 D dalvikvm: Added shared lib libnativehelper.so 0x0
12-12 19:29:59.578  9713  9713 D dalvikvm: No JNI_OnLoad found in libnativehelper.so 0x0, skipping init
12-12 19:29:59.588  9713  9713 D dalvikvm: Good opt header, DEX offset is 64, flags=0x00
12-12 19:29:59.588  9713  9713 D dalvikvm: dalvik-aux-structure mapped at 0x5b8c9000 with sizes 912 344 448 12
12-12 19:29:59.618  9713  9713 D dalvikvm: Note: class Landroid/app/ActivityManagerNative; has 179 unimplemented (abstract) methods
12-12 19:29:59.748  9713  9713 D AndroidRuntime: Calling main entry com.android.commands.am.Am
12-12 19:29:59.748   928  1359 I ActivityManager: Force stopping com.trellis appid=10003 user=0: from pid 9713
12-12 19:29:59.758  9713  9713 D AndroidRuntime: Shutting down VM
12-12 19:29:59.758   928   962 W Settings: Setting default_input_method has moved from android.provider.Settings.Secure to android.provider.Settings.Global.
12-12 19:30:00.438  9731  9731 D AndroidRuntime: 
12-12 19:30:00.438  9731  9731 D AndroidRuntime: >>>>>> AndroidRuntime START com.android.internal.os.RuntimeInit <<<<<<
12-12 19:30:00.438  9731  9731 D AndroidRuntime: CheckJNI is OFF
12-12 19:30:00.438  9731  9731 D dalvikvm: Good opt header, DEX offset is 64, flags=0x00
12-12 19:30:00.438  9731  9731 D dalvikvm: dalvik-aux-structure mapped at 0x41aa9000 with sizes 17456 9068 22916 7820
12-12 19:30:00.438  9731  9731 D dalvikvm: Good opt header, DEX offset is 64, flags=0x00
12-12 19:30:00.438  9731  9731 D dalvikvm: dalvik-aux-structure mapped at 0x41ab7000 with sizes 3488 1968 3700 1000
12-12 19:30:00.438  9731  9731 D dalvikvm: Good opt header, DEX offset is 64, flags=0x00
12-12 19:30:00.438  9731  9731 D dalvikvm: dalvik-aux-structure mapped at 0x41abb000 with sizes 1212 1216 2416 256
12-12 19:30:00.438  9731  9731 D dalvikvm: Good opt header, DEX offset is 64, flags=0x00
12-12 19:30:00.438  9731  9731 D dalvikvm: dalvik-aux-structure mapped at 0x41ac2000 with sizes 132 296 392 8
12-12 19:30:00.438  9731  9731 D dalvikvm: Good opt header, DEX offset is 64, flags=0x00
12-12 19:30:00.438  9731  9731 D dalvikvm: dalvik-aux-structure mapped at 0x41b67000 with sizes 8748 4364 7932 3996
12-12 19:30:00.438  9731  9731 D dalvikvm: Good opt header, DEX offset is 64, flags=0x00
12-12 19:30:00.438  9731  9731 D dalvikvm: dalvik-aux-structure mapped at 0x41b6e000 with sizes 22496 5180 8540 1804
12-12 19:30:00.438  9731  9731 D dalvikvm: Good opt header, DEX offset is 64, flags=0x00
12-12 19:30:00.438  9731  9731 D dalvikvm: dalvik-aux-structure mapped at 0x41b92000 with sizes 56980 26392 103936 34400
12-12 19:30:00.438  9731  9731 D dalvikvm: Good opt header, DEX offset is 64, flags=0x00
12-12 19:30:00.438  9731  9731 D dalvikvm: dalvik-aux-structure mapped at 0x41bc9000 with sizes 9456 6512 11508 3328
12-12 19:30:00.438  9731  9731 D dalvikvm: Good opt header, DEX offset is 64, flags=0x00
12-12 19:30:00.438  9731  9731 D dalvikvm: dalvik-aux-structure mapped at 0x41bd1000 with sizes 20772 3532 10520 3092
12-12 19:30:00.448  9731  9731 D dalvikvm: Good opt header, DEX offset is 64, flags=0x00
12-12 19:30:00.448  9731  9731 D dalvikvm: dalvik-aux-structure mapped at 0x41b7d000 with sizes 1660 956 2388 56
12-12 19:30:00.448  9731  9731 D dalvikvm: Good opt header, DEX offset is 64, flags=0x00
12-12 19:30:00.448  9731  9731 D dalvikvm: dalvik-aux-structure mapped at 0x41beb000 with sizes 1312 504 800 184
12-12 19:30:00.448  9731  9731 D dalvikvm: Good opt header, DEX offset is 64, flags=0x00
12-12 19:30:00.448  9731  9731 D dalvikvm: dalvik-aux-structure mapped at 0x41bed000 with sizes 1704 1896 3404 216
12-12 19:30:00.448  9731  9731 D dalvikvm: Good opt header, DEX offset is 64, flags=0x00
12-12 19:30:00.448  9731  9731 D dalvikvm: dalvik-aux-structure mapped at 0x59ec0000 with sizes 41652 10740 31732 2024
12-12 19:30:00.448  9731  9731 D dalvikvm: Good opt header, DEX offset is 64, flags=0x00
12-12 19:30:00.448  9731  9731 D dalvikvm: dalvik-aux-structure mapped at 0x41bf2000 with sizes 13340 3572 6468 560
12-12 19:30:00.448  9731  9731 D dalvikvm: Good opt header, DEX offset is 64, flags=0x00
12-12 19:30:00.448  9731  9731 D dalvikvm: dalvik-aux-structure mapped at 0x5a105000 with sizes 3752 5072 11996 2620
12-12 19:30:00.448  9731  9731 D dalvikvm: Good opt header, DEX offset is 64, flags=0x00
12-12 19:30:00.448  9731  9731 D dalvikvm: dalvik-aux-structure mapped at 0x41bfa000 with sizes 864 112 12 8
12-12 19:30:00.448  9731  9731 D dalvikvm: Good opt header, DEX offset is 64, flags=0x00
12-12 19:30:00.448  9731  9731 D dalvikvm: dalvik-aux-structure mapped at 0x5a11c000 with sizes 144 424 416 84
12-12 19:30:00.448  9731  9731 D dalvikvm: Good opt header, DEX offset is 64, flags=0x00
12-12 19:30:00.448  9731  9731 D dalvikvm: dalvik-aux-structure mapped at 0x5a120000 with sizes 8 84 20 52
12-12 19:30:00.448  9731  9731 D dalvikvm: Good opt header, DEX offset is 64, flags=0x00
12-12 19:30:00.448  9731  9731 D dalvikvm: dalvik-aux-structure mapped at 0x5a121000 with sizes 2300 1284 1900 732
12-12 19:30:00.448  9731  9731 D dalvikvm: Good opt header, DEX offset is 64, flags=0x00
12-12 19:30:00.448  9731  9731 D dalvikvm: dalvik-aux-structure mapped at 0x5a125000 with sizes 3068 1548 4364 1460
12-12 19:30:00.448  9731  9731 D dalvikvm: Good opt header, DEX offset is 64, flags=0x00
12-12 19:30:00.448  9731  9731 D dalvikvm: dalvik-aux-structure mapped at 0x5a129000 with sizes 2512 2028 2656 348
12-12 19:30:00.448  9731  9731 D dalvikvm: Good opt header, DEX offset is 64, flags=0x00
12-12 19:30:00.448  9731  9731 D dalvikvm: dalvik-aux-structure mapped at 0x5a12c000 with sizes 244 632 480 120
12-12 19:30:00.448  9731  9731 D dalvikvm: Good opt header, DEX offset is 64, flags=0x00
12-12 19:30:00.448  9731  9731 D dalvikvm: dalvik-aux-structure mapped at 0x5a12f000 with sizes 44 16 4 16
12-12 19:30:00.448  9731  9731 D dalvikvm: Good opt header, DEX offset is 64, flags=0x00
12-12 19:30:00.448  9731  9731 D dalvikvm: dalvik-aux-structure mapped at 0x5a47e000 with sizes 17456 5180 15016 5508
12-12 19:30:00.448  9731  9731 D dalvikvm: Good opt header, DEX offset is 64, flags=0x00
12-12 19:30:00.458  9731  9731 D dalvikvm: dalvik-aux-structure mapped at 0x5a215000 with sizes 17648 1196 1848 1084
12-12 19:30:00.458  9731  9731 D dalvikvm: Good opt header, DEX offset is 64, flags=0x00
12-12 19:30:00.458  9731  9731 D dalvikvm: dalvik-aux-structure mapped at 0x5a6ae000 with sizes 5448 6248 17376 5152
12-12 19:30:00.458  9731  9731 D dalvikvm: Good opt header, DEX offset is 64, flags=0x00
12-12 19:30:00.458  9731  9731 D dalvikvm: dalvik-aux-structure mapped at 0x5a21c000 with sizes 92 272 204 12
12-12 19:30:00.458  9731  9731 D dalvikvm: Good opt header, DEX offset is 64, flags=0x00
12-12 19:30:00.458  9731  9731 D dalvikvm: dalvik-aux-structure mapped at 0x5a6c0000 with sizes 368 52 8 52
12-12 19:30:00.458  9731  9731 D dalvikvm: Good opt header, DEX offset is 64, flags=0x00
12-12 19:30:00.458  9731  9731 D dalvikvm: dalvik-aux-structure mapped at 0x5a6dd000 with sizes 848 488 512 692
12-12 19:30:00.458  9731  9731 D dalvikvm: Good opt header, DEX offset is 64, flags=0x00
12-12 19:30:00.458  9731  9731 D dalvikvm: dalvik-aux-structure mapped at 0x5a6e0000 with sizes 20 36 20 8
12-12 19:30:00.458  9731  9731 D dalvikvm: Good opt header, DEX offset is 64, flags=0x00
12-12 19:30:00.458  9731  9731 D dalvikvm: dalvik-aux-structure mapped at 0x5a6e9000 with sizes 360 232 320 68
12-12 19:30:00.458  9731  9731 D dalvikvm: Good opt header, DEX offset is 64, flags=0x00
12-12 19:30:00.458  9731  9731 D dalvikvm: dalvik-aux-structure mapped at 0x5a6f9000 with sizes 864 272 320 208
12-12 19:30:00.458  9731  9731 D dalvikvm: Trying to load lib libjavacore.so 0x0
12-12 19:30:00.468  9731  9731 D dalvikvm: Added shared lib libjavacore.so 0x0
12-12 19:30:00.468  9731  9731 D dalvikvm: Trying to load lib libnativehelper.so 0x0
12-12 19:30:00.468  9731  9731 D dalvikvm: Added shared lib libnativehelper.so 0x0
12-12 19:30:00.468  9731  9731 D dalvikvm: No JNI_OnLoad found in libnativehelper.so 0x0, skipping init
12-12 19:30:00.478  9731  9731 D dalvikvm: Good opt header, DEX offset is 64, flags=0x00
12-12 19:30:00.478  9731  9731 D dalvikvm: dalvik-aux-structure mapped at 0x5b960000 with sizes 912 344 448 12
12-12 19:30:00.498  9731  9731 D dalvikvm: Note: class Landroid/app/ActivityManagerNative; has 179 unimplemented (abstract) methods
12-12 19:30:00.648  9731  9731 D AndroidRuntime: Calling main entry com.android.commands.am.Am
12-12 19:30:00.658  9731  9731 D AndroidRuntime: Shutting down VM
12-12 19:30:01.298  9751  9751 D AndroidRuntime: 
12-12 19:30:01.298  9751  9751 D AndroidRuntime: >>>>>> AndroidRuntime START com.android.internal.os.RuntimeInit <<<<<<
12-12 19:30:01.298  9751  9751 D AndroidRuntime: CheckJNI is OFF
12-12 19:30:01.308  9751  9751 D dalvikvm: Good opt header, DEX offset is 64, flags=0x00
12-12 19:30:01.308  9751  9751 D dalvikvm: dalvik-aux-structure mapped at 0x5887e000 with sizes 17456 9068 22916 7820
12-12 19:30:01.308  9751  9751 D dalvikvm: Good opt header, DEX offset is 64, flags=0x00
12-12 19:30:01.308  9751  9751 D dalvikvm: dalvik-aux-structure mapped at 0x5888c000 with sizes 3488 1968 3700 1000
12-12 19:30:01.308  9751  9751 D dalvikvm: Good opt header, DEX offset is 64, flags=0x00
12-12 19:30:01.308  9751  9751 D dalvikvm: dalvik-aux-structure mapped at 0x58890000 with sizes 1212 1216 2416 256
12-12 19:30:01.308  9751  9751 D dalvikvm: Good opt header, DEX offset is 64, flags=0x00
12-12 19:30:01.308  9751  9751 D dalvikvm: dalvik-aux-structure mapped at 0x58897000 with sizes 132 296 392 8
12-12 19:30:01.308  9751  9751 D dalvikvm: Good opt header, DEX offset is 64, flags=0x00
12-12 19:30:01.308  9751  9751 D dalvikvm: dalvik-aux-structure mapped at 0x58a56000 with sizes 8748 4364 7932 3996
12-12 19:30:01.308  9751  9751 D dalvikvm: Good opt header, DEX offset is 64, flags=0x00
12-12 19:30:01.308  9751  9751 D dalvikvm: dalvik-aux-structure mapped at 0x58a5d000 with sizes 22496 5180 8540 1804
12-12 19:30:01.308  9751  9751 D dalvikvm: Good opt header, DEX offset is 64, flags=0x00
12-12 19:30:01.308  9751  9751 D dalvikvm: dalvik-aux-structure mapped at 0x595d1000 with sizes 56980 26392 103936 34400
12-12 19:30:01.308  9751  9751 D dalvikvm: Good opt header, DEX offset is 64, flags=0x00
12-12 19:30:01.308  9751  9751 D dalvikvm: dalvik-aux-structure mapped at 0x597ec000 with sizes 9456 6512 11508 3328
12-12 19:30:01.308  9751  9751 D dalvikvm: Good opt header, DEX offset is 64, flags=0x00
12-12 19:30:01.308  9751  9751 D dalvikvm: dalvik-aux-structure mapped at 0x59960000 with sizes 20772 3532 10520 3092
12-12 19:30:01.308  9751  9751 D dalvikvm: Good opt header, DEX offset is 64, flags=0x00
12-12 19:30:01.308  9751  9751 D dalvikvm: dalvik-aux-structure mapped at 0x58a6c000 with sizes 1660 956 2388 56
12-12 19:30:01.308  9751  9751 D dalvikvm: Good opt header, DEX offset is 64, flags=0x00
12-12 19:30:01.308  9751  9751 D dalvikvm: dalvik-aux-structure mapped at 0x599c8000 with sizes 1312 504 800 184
12-12 19:30:01.308  9751  9751 D dalvikvm: Good opt header, DEX offset is 64, flags=0x00
12-12 19:30:01.308  9751  9751 D dalvikvm: dalvik-aux-structure mapped at 0x599c9000 with sizes 1704 1896 3404 216
12-12 19:30:01.318  9751  9751 D dalvikvm: Good opt header, DEX offset is 64, flags=0x00
12-12 19:30:01.318  9751  9751 D dalvikvm: dalvik-aux-structure mapped at 0x59e0c000 with sizes 41652 10740 31732 2024
12-12 19:30:01.318  9751  9751 D dalvikvm: Good opt header, DEX offset is 64, flags=0x00
12-12 19:30:01.318  9751  9751 D dalvikvm: dalvik-aux-structure mapped at 0x599ce000 with sizes 13340 3572 6468 560
12-12 19:30:01.318  9751  9751 D dalvikvm: Good opt header, DEX offset is 64, flags=0x00
12-12 19:30:01.318  9751  9751 D dalvikvm: dalvik-aux-structure mapped at 0x5a051000 with sizes 3752 5072 11996 2620
12-12 19:30:01.318  9751  9751 D dalvikvm: Good opt header, DEX offset is 64, flags=0x00
12-12 19:30:01.318  9751  9751 D dalvikvm: dalvik-aux-structure mapped at 0x599d6000 with sizes 864 112 12 8
12-12 19:30:01.318  9751  9751 D dalvikvm: Good opt header, DEX offset is 64, flags=0x00
12-12 19:30:01.318  9751  9751 D dalvikvm: dalvik-aux-structure mapped at 0x599d8000 with sizes 144 424 416 84
12-12 19:30:01.318  9751  9751 D dalvikvm: Good opt header, DEX offset is 64, flags=0x00
12-12 19:30:01.318  9751  9751 D dalvikvm: dalvik-aux-structure mapped at 0x5a06a000 with sizes 8 84 20 52
12-12 19:30:01.318  9751  9751 D dalvikvm: Good opt header, DEX offset is 64, flags=0x00
12-12 19:30:01.318  9751  9751 D dalvikvm: dalvik-aux-structure mapped at 0x5a06b000 with sizes 2300 1284 1900 732
12-12 19:30:01.318  9751  9751 D dalvikvm: Good opt header, DEX offset is 64, flags=0x00
12-12 19:30:01.318  9751  9751 D dalvikvm: dalvik-aux-structure mapped at 0x5a06f000 with sizes 3068 1548 4364 1460
12-12 19:30:01.318  9751  9751 D dalvikvm: Good opt header, DEX offset is 64, flags=0x00
12-12 19:30:01.318  9751  9751 D dalvikvm: dalvik-aux-structure mapped at 0x5a073000 with sizes 2512 2028 2656 348
12-12 19:30:01.318  9751  9751 D dalvikvm: Good opt header, DEX offset is 64, flags=0x00
12-12 19:30:01.318  9751  9751 D dalvikvm: dalvik-aux-structure mapped at 0x5a076000 with sizes 244 632 480 120
12-12 19:30:01.318  9751  9751 D dalvikvm: Good opt header, DEX offset is 64, flags=0x00
12-12 19:30:01.318  9751  9751 D dalvikvm: dalvik-aux-structure mapped at 0x5a079000 with sizes 44 16 4 16
12-12 19:30:01.318  9751  9751 D dalvikvm: Good opt header, DEX offset is 64, flags=0x00
12-12 19:30:01.318  9751  9751 D dalvikvm: dalvik-aux-structure mapped at 0x5a3c8000 with sizes 17456 5180 15016 5508
12-12 19:30:01.318  9751  9751 D dalvikvm: Good opt header, DEX offset is 64, flags=0x00
12-12 19:30:01.318  9751  9751 D dalvikvm: dalvik-aux-structure mapped at 0x5a15f000 with sizes 17648 1196 1848 1084
12-12 19:30:01.318  9751  9751 D dalvikvm: Good opt header, DEX offset is 64, flags=0x00
12-12 19:30:01.318  9751  9751 D dalvikvm: dalvik-aux-structure mapped at 0x5a5f8000 with sizes 5448 6248 17376 5152
12-12 19:30:01.318  9751  9751 D dalvikvm: Good opt header, DEX offset is 64, flags=0x00
12-12 19:30:01.318  9751  9751 D dalvikvm: dalvik-aux-structure mapped at 0x5a166000 with sizes 92 272 204 12
12-12 19:30:01.318  9751  9751 D dalvikvm: Good opt header, DEX offset is 64, flags=0x00
12-12 19:30:01.318  9751  9751 D dalvikvm: dalvik-aux-structure mapped at 0x5a60a000 with sizes 368 52 8 52
12-12 19:30:01.318  9751  9751 D dalvikvm: Good opt header, DEX offset is 64, flags=0x00
12-12 19:30:01.318  9751  9751 D dalvikvm: dalvik-aux-structure mapped at 0x5a627000 with sizes 848 488 512 692
12-12 19:30:01.318  9751  9751 D dalvikvm: Good opt header, DEX offset is 64, flags=0x00
12-12 19:30:01.328  9751  9751 D dalvikvm: dalvik-aux-structure mapped at 0x5a62a000 with sizes 20 36 20 8
12-12 19:30:01.328  9751  9751 D dalvikvm: Good opt header, DEX offset is 64, flags=0x00
12-12 19:30:01.328  9751  9751 D dalvikvm: dalvik-aux-structure mapped at 0x5a633000 with sizes 360 232 320 68
12-12 19:30:01.328  9751  9751 D dalvikvm: Good opt header, DEX offset is 64, flags=0x00
12-12 19:30:01.328  9751  9751 D dalvikvm: dalvik-aux-structure mapped at 0x5a643000 with sizes 864 272 320 208
12-12 19:30:01.328  9751  9751 D dalvikvm: Trying to load lib libjavacore.so 0x0
12-12 19:30:01.328  9751  9751 D dalvikvm: Added shared lib libjavacore.so 0x0
12-12 19:30:01.338  9751  9751 D dalvikvm: Trying to load lib libnativehelper.so 0x0
12-12 19:30:01.338  9751  9751 D dalvikvm: Added shared lib libnativehelper.so 0x0
12-12 19:30:01.338  9751  9751 D dalvikvm: No JNI_OnLoad found in libnativehelper.so 0x0, skipping init
12-12 19:30:01.348  9751  9751 D dalvikvm: Good opt header, DEX offset is 64, flags=0x00
12-12 19:30:01.348  9751  9751 D dalvikvm: dalvik-aux-structure mapped at 0x5b8a8000 with sizes 936 360 416 20
12-12 19:30:01.378  9751  9751 D dalvikvm: Note: class Landroid/app/ActivityManagerNative; has 179 unimplemented (abstract) methods
12-12 19:30:01.518  9751  9751 D AndroidRuntime: Calling main entry com.android.commands.pm.Pm
12-12 19:30:01.528   264   264 E installd: Couldn't opendir data/securedStorageLocation/com.trellis: No such file or directory
12-12 19:30:01.528   264   264 I installd: no data under secured storage for com.trellis
12-12 19:30:01.528   342   342 D keystore: calling clear_uid in state: 3
12-12 19:30:01.528   928   962 W Settings: Setting default_input_method has moved from android.provider.Settings.Secure to android.provider.Settings.Global.
12-12 19:30:01.528   928  1359 I ActivityManager: Force stopping com.trellis appid=10003 user=0: clear data
12-12 19:30:01.538   928  1363 W SharedAssetStorage: Launching com.android.documentsui (32110) with AMZ_APP_GID
12-12 19:30:01.548   928  1363 I ActivityManager: Start proc com.android.documentsui for broadcast com.android.documentsui/.PackageReceiver: pid=9762 uid=32110 gids={72110, 9001}
12-12 19:30:01.568  9751  9751 D AndroidRuntime: Shutting down VM
12-12 19:30:01.628   928  1343 W SharedAssetStorage: Launching com.android.externalstorage (32020) with AMZ_APP_GID
12-12 19:30:01.628   928   941 I ActivityManager: Killing 6843:com.amazon.digital.asset.ownership.app/u0a22059 (adj 12): empty #17
12-12 19:30:01.638   928  1343 I ActivityManager: Start proc com.android.externalstorage for content provider com.android.externalstorage/.ExternalStorageProvider: pid=9781 uid=32020 gids={72020, 1028, 1015, 1023, 9001}
12-12 19:30:01.638   928  1343 I ActivityManager: CPR:ContentProviderRecord{42616c20 u0 com.android.externalstorage/.ExternalStorageProvider}, wait begins for proc9762 nCountWaiting=1
12-12 19:30:01.638   928  1343 I ActivityManager: CPR: ContentProviderRecord{42616c20 u0 com.android.externalstorage/.ExternalStorageProvider} long wait begins for proc9762
12-12 19:30:01.648   928  1378 I ActivityManager: Killing 6698:com.android.settings/1000 (adj 12): empty #17
12-12 19:30:01.688   928  1343 I ActivityManager: CPR: ContentProviderRecord{42616c20 u0 com.android.externalstorage/.ExternalStorageProvider} continue to wait after long wait
12-12 19:30:02.208  9800  9800 D AndroidRuntime: 
12-12 19:30:02.208  9800  9800 D AndroidRuntime: >>>>>> AndroidRuntime START com.android.internal.os.RuntimeInit <<<<<<
12-12 19:30:02.208  9800  9800 D AndroidRuntime: CheckJNI is OFF
12-12 19:30:02.218  9800  9800 D dalvikvm: Good opt header, DEX offset is 64, flags=0x00
12-12 19:30:02.218  9800  9800 D dalvikvm: dalvik-aux-structure mapped at 0x5891a000 with sizes 17456 9068 22916 7820
12-12 19:30:02.218  9800  9800 D dalvikvm: Good opt header, DEX offset is 64, flags=0x00
12-12 19:30:02.218  9800  9800 D dalvikvm: dalvik-aux-structure mapped at 0x58928000 with sizes 3488 1968 3700 1000
12-12 19:30:02.218  9800  9800 D dalvikvm: Good opt header, DEX offset is 64, flags=0x00
12-12 19:30:02.218  9800  9800 D dalvikvm: dalvik-aux-structure mapped at 0x5892c000 with sizes 1212 1216 2416 256
12-12 19:30:02.218  9800  9800 D dalvikvm: Good opt header, DEX offset is 64, flags=0x00
