12-12 19:30:17.758  1251  1298 D BluetoothHeadset: onBluetoothStateChange: up=false
12-12 19:30:17.758  1251  1298 E BluetoothHeadset: 
12-12 19:30:17.758  1251  1298 E BluetoothHeadset: java.lang.IllegalArgumentException: Service not registered: android.bluetooth.BluetoothHeadset$2@41bd0888
12-12 19:30:17.758  1251  1298 E BluetoothHeadset: 	at android.app.LoadedApk.forgetServiceDispatcher(LoadedApk.java:987)
12-12 19:30:17.758  1251  1298 E BluetoothHeadset: 	at android.app.ContextImpl.unbindService(ContextImpl.java:1934)
12-12 19:30:17.758  1251  1298 E BluetoothHeadset: 	at android.content.ContextWrapper.unbindService(ContextWrapper.java:564)
12-12 19:30:17.758  1251  1298 E BluetoothHeadset: 	at android.content.ContextWrapper.unbindService(ContextWrapper.java:564)
12-12 19:30:17.758  1251  1298 E BluetoothHeadset: 	at android.bluetooth.BluetoothHeadset$1.onBluetoothStateChange(BluetoothHeadset.java:241)
12-12 19:30:17.758  1251  1298 E BluetoothHeadset: 	at android.bluetooth.IBluetoothStateChangeCallback$Stub.onTransact(IBluetoothStateChangeCallback.java:55)
12-12 19:30:17.758  1251  1298 E BluetoothHeadset: 	at android.os.Binder.execTransact(Binder.java:404)
12-12 19:30:17.758  1251  1298 E BluetoothHeadset: 	at dalvik.system.NativeStart.run(Native Method)
12-12 19:30:17.768  1251  6768 D BluetoothHeadset: onBluetoothStateChange: up=false
12-12 19:30:17.768  1251  6768 E BluetoothHeadset: 
12-12 19:30:17.768  1251  6768 E BluetoothHeadset: java.lang.IllegalArgumentException: Service not registered: android.bluetooth.BluetoothHeadset$2@41bd6c60
12-12 19:30:17.768  1251  6768 E BluetoothHeadset: 	at android.app.LoadedApk.forgetServiceDispatcher(LoadedApk.java:987)
12-12 19:30:17.768  1251  6768 E BluetoothHeadset: 	at android.app.ContextImpl.unbindService(ContextImpl.java:1934)
12-12 19:30:17.768  1251  6768 E BluetoothHeadset: 	at android.content.ContextWrapper.unbindService(ContextWrapper.java:564)
12-12 19:30:17.768  1251  6768 E BluetoothHeadset: 	at android.bluetooth.BluetoothHeadset$1.onBluetoothStateChange(BluetoothHeadset.java:241)
12-12 19:30:17.768  1251  6768 E BluetoothHeadset: 	at android.bluetooth.IBluetoothStateChangeCallback$Stub.onTransact(IBluetoothStateChangeCallback.java:55)
12-12 19:30:17.768  1251  6768 E BluetoothHeadset: 	at android.os.Binder.execTransact(Binder.java:404)
12-12 19:30:17.768  1251  6768 E BluetoothHeadset: 	at dalvik.system.NativeStart.run(Native Method)
12-12 19:30:17.768 10206 10218 E BluetoothPan: 
12-12 19:30:17.768 10206 10218 E BluetoothPan: java.lang.IllegalArgumentException: Service not registered: android.bluetooth.BluetoothPan$2@41bc6198
12-12 19:30:17.768 10206 10218 E BluetoothPan: 	at android.app.LoadedApk.forgetServiceDispatcher(LoadedApk.java:987)
12-12 19:30:17.768 10206 10218 E BluetoothPan: 	at android.app.ContextImpl.unbindService(ContextImpl.java:1934)
12-12 19:30:17.768 10206 10218 E BluetoothPan: 	at android.content.ContextWrapper.unbindService(ContextWrapper.java:564)
12-12 19:30:17.768 10206 10218 E BluetoothPan: 	at android.bluetooth.BluetoothPan$1.onBluetoothStateChange(BluetoothPan.java:201)
12-12 19:30:17.768 10206 10218 E BluetoothPan: 	at android.bluetooth.IBluetoothStateChangeCallback$Stub.onTransact(IBluetoothStateChangeCallback.java:55)
12-12 19:30:17.768 10206 10218 E BluetoothPan: 	at android.os.Binder.execTransact(Binder.java:404)
12-12 19:30:17.768 10206 10218 E BluetoothPan: 	at dalvik.system.NativeStart.run(Native Method)
12-12 19:30:17.768 10206 10217 D BluetoothMap: onBluetoothStateChange: up=false
12-12 19:30:17.768 10206 10217 E BluetoothMap: 
12-12 19:30:17.768 10206 10217 E BluetoothMap: java.lang.IllegalArgumentException: Service not registered: android.bluetooth.BluetoothMap$2@41bc7ba0
12-12 19:30:17.768 10206 10217 E BluetoothMap: 	at android.app.LoadedApk.forgetServiceDispatcher(LoadedApk.java:987)
12-12 19:30:17.768 10206 10217 E BluetoothMap: 	at android.app.ContextImpl.unbindService(ContextImpl.java:1934)
12-12 19:30:17.768 10206 10217 E BluetoothMap: 	at android.content.ContextWrapper.unbindService(ContextWrapper.java:564)
12-12 19:30:17.768 10206 10217 E BluetoothMap: 	at android.bluetooth.BluetoothMap$1.onBluetoothStateChange(BluetoothMap.java:68)
12-12 19:30:17.768 10206 10217 E BluetoothMap: 	at android.bluetooth.IBluetoothStateChangeCallback$Stub.onTransact(IBluetoothStateChangeCallback.java:55)
12-12 19:30:17.768 10206 10217 E BluetoothMap: 	at android.os.Binder.execTransact(Binder.java:404)
12-12 19:30:17.768 10206 10217 E BluetoothMap: 	at dalvik.system.NativeStart.run(Native Method)
12-12 19:30:17.768 10206 10218 D BluetoothPbap: onBluetoothStateChange: up=false
12-12 19:30:17.768 10206 10218 E BluetoothPbap: 
12-12 19:30:17.768 10206 10218 E BluetoothPbap: java.lang.IllegalArgumentException: Service not registered: android.bluetooth.BluetoothPbap$2@41bc9208
12-12 19:30:17.768 10206 10218 E BluetoothPbap: 	at android.app.LoadedApk.forgetServiceDispatcher(LoadedApk.java:987)
12-12 19:30:17.768 10206 10218 E BluetoothPbap: 	at android.app.ContextImpl.unbindService(ContextImpl.java:1934)
12-12 19:30:17.768 10206 10218 E BluetoothPbap: 	at android.content.ContextWrapper.unbindService(ContextWrapper.java:564)
12-12 19:30:17.768 10206 10218 E BluetoothPbap: 	at android.bluetooth.BluetoothPbap$1.onBluetoothStateChange(BluetoothPbap.java:122)
12-12 19:30:17.768 10206 10218 E BluetoothPbap: 	at android.bluetooth.IBluetoothStateChangeCallback$Stub.onTransact(IBluetoothStateChangeCallback.java:55)
12-12 19:30:17.768 10206 10218 E BluetoothPbap: 	at android.os.Binder.execTransact(Binder.java:404)
12-12 19:30:17.768 10206 10218 E BluetoothPbap: 	at dalvik.system.NativeStart.run(Native Method)
12-12 19:30:17.768  6679  6690 D BluetoothAdapterService(1102253160): getState(): mAdapterProperties: com.android.bluetooth.btservice.AdapterProperties@41b32d48
12-12 19:30:17.768   928   967 D BluetoothManagerService: Calling onBluetoothServiceDown callbacks
12-12 19:30:17.768   928   967 D BluetoothManagerService: Broadcasting onBluetoothServiceDown() to 6 receivers.
12-12 19:30:17.768   928   967 D BluetoothManagerService: unbindAndFinish(): android.bluetooth.IBluetooth$Stub$Proxy@426ea5d0 mBinding = false
12-12 19:30:17.768   928   967 D BluetoothManagerService: Sending unbind request.
12-12 19:30:17.768  6679  6679 D BluetoothAdapterService(1102253160): getState(): mAdapterProperties: com.android.bluetooth.btservice.AdapterProperties@41b32d48
12-12 19:30:17.768  6679  6679 D BluetoothAdapterService(1102253160): onUnbind, calling cleanup
12-12 19:30:17.768  6679  6679 D BluetoothAdapterService(1102253160): cleanup()
12-12 19:30:17.768   928   967 D BluetoothManagerService: Bluetooth State Change Intent: 13 -> 10
12-12 19:30:17.778  6679  6679 D BluetoothAdapterService: Cleaning up adapter native....
12-12 19:30:17.778  6679  6696 I GKI_LINUX: gki_task_entry: gki_task task_id=1 [BTIF] terminating
12-12 19:30:17.778  6679  6679 I GKI_LINUX: GKI_exit_task: GKI_exit_task 1 done
12-12 19:30:17.778  6679  6679 I GKI_LINUX: GKI_destroy_task: GKI_shutdown(): task [BTIF] terminated
12-12 19:30:17.778  6679  6679 I BluetoothServiceJni: cleanupNative: return from cleanup
12-12 19:30:17.778  6679  6679 D BluetoothAdapterService: Done cleaning up adapter native....
12-12 19:30:17.778  6679  6679 D BluetoothAdapterService(1102253160): cleanup() done
12-12 19:30:17.778  6679  6679 D BluetoothAdapterService(1102253160): ****onDestroy()********
12-12 19:30:17.778  6679  6679 D BtGatt.GattService: cleanup()
12-12 19:30:17.778  6679  6679 W bt-btif : GATTC Module not enabled/already disabled
12-12 19:30:17.778  6679  6679 W bt-btif : GATTS Module not enabled/already disabled
12-12 19:30:17.778 10206 10206 D DockEventReceiver: finishStartingService: stopping service
12-12 19:30:17.778  6753  6805 I abtfilt : Bluedroid_stack_event_thread: receved event: 0x21
12-12 19:30:17.778  6753  6805 I abtfilt : BtAdapterRemoved:276
12-12 19:30:17.778  6753  6805 I abtfilt : BT turned off
12-12 19:30:17.778  6753  6805 I abtfilt : BT OFF
12-12 19:30:17.778  6753  6805 E abtfilt : [Abf_WlanIssueBtOnOff] Failed to Abf_WlanIssueBtOnOff(OFF)
12-12 19:30:17.778  6753  6805 E abtfilt : Last Error: Success
12-12 19:30:17.778  6753  6805 I abtfilt : Terminate abtfilt
12-12 19:30:17.778  6679  6679 V BTCService: onDestroy
12-12 19:30:17.778   928   961 W BroadcastQueue: Permission Denial: receiving Intent { act=android.bluetooth.adapter.action.STATE_CHANGED flg=0x14000010 (has extras) } to ProcessRecord{423f8250 3027:com.amazon.whisperplay.cds:cds_services/u0a22006} (pid=3027, uid=32006) requires android.permission.BLUETOOTH due to sender android (uid 1000)
12-12 19:30:17.778 10206 10206 W ContextImpl: Calling a method in the system process without a qualified user: android.app.ContextImpl.startService:1818 android.content.ContextWrapper.startService:529 android.content.ContextWrapper.startService:529 com.android.settings.bluetooth.DockEventReceiver.beginStartingService:134 com.android.settings.bluetooth.DockEventReceiver.onReceive:115 
12-12 19:30:17.778   928  1347 I ActivityManager: Killing 7244:com.svox.pico/u0a22114 (adj 12): empty #17
12-12 19:30:17.818 10310 10310 I log     : Unbinding HSIC before BT turns off 
12-12 19:30:17.818  6753  6753 I abtfilt : Shutting Down
12-12 19:30:17.818  6753  6753 I abtfilt : BT Stack Notification de-init complete
12-12 19:30:17.858  5796 10316 D Aatp    : /task/f3f7a0e553899ae72de3c9b9a8e72235c1afa248/status
12-12 19:30:17.878   928   941 W SharedAssetStorage: Launching com.amazon.device.messaging (32013) with AMZ_APP_GID
12-12 19:30:17.878 10317 10317 I dalvikvm: Marking process com.amazon.device.messaging skinny
12-12 19:30:17.878   928   941 I ActivityManager: Start proc com.amazon.device.messaging for broadcast com.amazon.device.messaging/.OdotService$ScheduleFlushReceiver: pid=10317 uid=32013 gids={72013, 3003, 9001}
12-12 19:30:17.878   928   941 I ActivityManager: Killing 9781:com.android.externalstorage/u0a22020 (adj 12): empty #17
12-12 19:30:17.908  6753  6757 I abtfilt : Terminating the WLAN Event Handler task
12-12 19:30:17.908  6753  6753 I abtfilt : BT Filter Core : WLAN removed 
12-12 19:30:17.908  6753  6753 I abtfilt : WLAN Stack Notification de-init complete
12-12 19:30:17.908  6753  6756 I abtfilt : Terminating the BT Filter task
12-12 19:30:17.908  6753  6753 I abtfilt : BT Filter Core de-init complete
12-12 19:30:17.908  6753  6753 I abtfilt : Shutting Down Complete
12-12 19:30:17.908  6753  6753 D abtfilt : Service terminated 
12-12 19:30:17.908 10330 10330 I qcom-bt-wlan-coex: /system/etc/init.qcom.coex.sh: Coex stopped 
12-12 19:30:17.948  5796 10329 D Aatp    : /gps
12-12 19:30:17.958  5796 10329 D Aatp    : sha1: bf689c64c683d2c8a249a3a4bc71b9c17a180663
12-12 19:30:17.958  5796 10329 D AatpDeviceManager: k: enabled v: False
12-12 19:30:17.958  5796 10329 D AatpDeviceManager: k: NanoHttpd.QUERY_STRING v: enabled=False
12-12 19:30:17.968  5796  5796 D AatpDeviceManager: taskStatus update (bf689c64c683d2c8a249a3a4bc71b9c17a180663: {"state":1})
12-12 19:30:17.968  5796  5796 D AatpDeviceManager: taskStatus update (bf689c64c683d2c8a249a3a4bc71b9c17a180663: {"result":"GPS not supported on this platform","state":2})
12-12 19:30:17.968  5796 10333 D AWSDeviceFarmAndroidLib: setEnabled: disabling GPS
12-12 19:30:17.968  5796 10333 D AWSDeviceFarmAndroidLib: disableGPS()
12-12 19:30:17.968  5796 10333 D AWSDeviceFarmAndroidLib: disableGPS(): network,gps
12-12 19:30:17.968  5796 10333 D AWSDeviceFarmAndroidLib: disableGPS(): gpsDisabled: network
12-12 19:30:17.968  5796 10329 D Aatp    : /task/bf689c64c683d2c8a249a3a4bc71b9c17a180663
12-12 19:30:18.028   928   962 E LocSvc_eng: I/===> void loc_eng_delete_aiding_data(loc_eng_data_s_type&, GpsAidingData) line 1909 
12-12 19:30:18.028   928  1234 E LocSvc_api_v02: I/---> locClientSendReq line 2305 QMI_LOC_DELETE_ASSIST_DATA_REQ_V02
12-12 19:30:18.028   928   962 E LocSvc_eng: I/===> void loc_eng_cleanup(loc_eng_data_s_type&) line 1620 
12-12 19:30:18.028   928  1287 E LocSvc_ApiV02: I/<--- void globalRespCb(locClientHandleType, uint32_t, locClientRespIndUnionType, void*) line 106 QMI_LOC_DELETE_ASSIST_DATA_REQ_V02
12-12 19:30:18.028  5796 10333 D AWSDeviceFarmAndroidLib: setEnabled: GPS is: false
12-12 19:30:18.028  5796  5796 D AatpDeviceManager: taskStatus update (bf689c64c683d2c8a249a3a4bc71b9c17a180663: {"result":"GPS enabled: false","state":2})
12-12 19:30:18.028   928  1261 W BackupManagerService: dataChanged but no participant pkg='com.android.providers.settings' uid=10000
12-12 19:30:18.098  5796 10335 D Aatp    : /task/bf689c64c683d2c8a249a3a4bc71b9c17a180663/status
12-12 19:30:18.128   438   438 I rmt_storage: rmt_storage_connect_cb: clnt_h=0x6 conn_h=0xb7620178
12-12 19:30:18.128   438   438 I rmt_storage: rmt_storage_rw_iovec_cb: /boot/modem_fs2: clnt_h=0x2: req_h=0xa msg_id=3: R/W request received
12-12 19:30:18.128   438   438 I rmt_storage: wakelock acquired: 1, error no: 42
12-12 19:30:18.128   438   623 I rmt_storage: rmt_storage_client_thread: /boot/modem_fs2: clnt_h=0x2 Unblock worker thread (th_id: -1218313672)
12-12 19:30:18.188  5796 10336 D Aatp    : /nfc
12-12 19:30:18.198  5796 10336 D Aatp    : sha1: ec4d96128ef4477b907f5f3e498699af2caee089
12-12 19:30:18.198  5796 10336 D AatpDeviceManager: k: enabled v: False
12-12 19:30:18.198  5796 10336 D AatpDeviceManager: k: NanoHttpd.QUERY_STRING v: enabled=False
12-12 19:30:18.198  5796  5796 D AatpDeviceManager: taskStatus update (ec4d96128ef4477b907f5f3e498699af2caee089: {"state":1})
12-12 19:30:18.198  5796  5796 D AatpDeviceManager: taskStatus update (ec4d96128ef4477b907f5f3e498699af2caee089: {"result":"NFC not supported on platform. Skipping","state":2})
12-12 19:30:18.208  5796 10336 D Aatp    : /task/ec4d96128ef4477b907f5f3e498699af2caee089
12-12 19:30:18.218   438   623 I rmt_storage: rmt_storage_client_thread: /boot/modem_fs2: clnt_h=0x2: req_h=0xa msg_id=3: Bytes written = 1572864
12-12 19:30:18.218   438   623 I rmt_storage: rmt_storage_client_thread: /boot/modem_fs2: clnt_h=0x2: req_h=0xa msg_id=3: Send response: res=0 err=0
12-12 19:30:18.218   438   623 I rmt_storage: rmt_storage_client_thread: /boot/modem_fs2: clnt_h=0x2 About to block rmt_storage client thread (th_id: -1218313672) wakelock released: 1, error no: 0
12-12 19:30:18.218   438   623 I rmt_storage: 
12-12 19:30:18.228   438   438 I rmt_storage: rmt_storage_disconnect_cb: clnt_h=0x0x6 conn_h=0x0xb7620178
12-12 19:30:18.328  5796 10341 D Aatp    : /task/ec4d96128ef4477b907f5f3e498699af2caee089/status
12-12 19:30:18.378   928   994 I RadioPowerPolicy: Unable to turn on Mobile Radio. Aborting.
12-12 19:30:18.448  5796 10345 D Aatp    : /stop-location
12-12 19:30:18.458  5796 10345 D AatpDeviceManager: stopTask
12-12 19:30:18.458  5796 10345 D AatpDeviceManager: got taskClass
12-12 19:30:18.458  5796 10345 D AatpDeviceManager: sending stop intent
12-12 19:30:18.458  5796 10345 D AatpDeviceManager: intent sent
12-12 19:30:18.468  5796 10345 D Aatp    : /task/d8063fc971b88d60db36a1d3ea1ced7b60f97428
12-12 19:30:18.578   928  1379 D ActivityManager: single user service: com.amazon.dcp:OTAService
12-12 19:30:18.578   928  1379 D ActivityManager: app = com.amazon.dcp:OTAService, has single user service, setting process record.
12-12 19:30:18.578   928  1307 D ActivityManager: single user service: com.amazon.dcp:OTAService
12-12 19:30:18.588   928  1307 D ActivityManager: app = com.amazon.dcp:OTAService, has single user service, setting process record.
12-12 19:30:18.588  5796 10352 D Aatp    : /task/d8063fc971b88d60db36a1d3ea1ced7b60f97428/status
12-12 19:30:18.588   928  1347 W SharedAssetStorage: Launching com.amazon.digital.asset.ownership.app (32059) with AMZ_APP_GID
12-12 19:30:18.588   928  1363 D ActivityManager: single user service: com.amazon.device.settings:Settings
12-12 19:30:18.588   928  1363 D ActivityManager: app = com.amazon.device.settings:Settings, has single user service, setting process record.
12-12 19:30:18.608   928  1347 I ActivityManager: Start proc com.amazon.digital.asset.ownership.app for broadcast com.amazon.digital.asset.ownership.app/.notification.reciever.NetworkStateChangeBroadcastReciever: pid=10357 uid=32059 gids={72059, 3003, 9001}
12-12 19:30:18.668  5796 10370 D Aatp    : /locale
12-12 19:30:18.678  5796 10370 D Aatp    : sha1: 2f0dc0dfe92206b8be3971daea60fba7df5f409f
12-12 19:30:18.678  5796 10370 D AatpDeviceManager: k: NanoHttpd.QUERY_STRING v: locale=en_US
12-12 19:30:18.678  5796 10370 D AatpDeviceManager: k: locale v: en_US
12-12 19:30:18.688   928  1309 W SharedAssetStorage: Launching com.audible.application.kindle (32103) with AMZ_APP_GID
12-12 19:30:18.688   928  1309 I ActivityManager: Start proc com.audible.application.kindle for broadcast com.audible.application.kindle/com.amazon.kindle.GlobalSyncBroadcastEventTracker: pid=10386 uid=32103 gids={72103, 3003, 1028, 1015, 3002, 9001}
12-12 19:30:18.688   928  1309 I ActivityManager: Killing 6158:com.amazon.dcp/u0a22016 (adj 12): empty #17
12-12 19:30:18.698  5796 10385 D AatpDeviceManager: Setting locale to: en_US
12-12 19:30:18.698  5796 10385 D AWSDeviceFarmAndroidLib: Setting locale to: en_US
12-12 19:30:18.698  5796  5796 D AatpDeviceManager: taskStatus update (2f0dc0dfe92206b8be3971daea60fba7df5f409f: {"state":1})
12-12 19:30:18.698  5796 10370 D Aatp    : /task/2f0dc0dfe92206b8be3971daea60fba7df5f409f
12-12 19:30:18.808   928   961 I ActivityManager: Waited long enough for: ServiceRecord{425bb630 u0 com.amazon.venezia/com.amazon.mas.client.locker.service.appmgr.AppManagerService}
12-12 19:30:18.818  5796 10400 D Aatp    : /task/2f0dc0dfe92206b8be3971daea60fba7df5f409f/status
12-12 19:30:18.878 10386 10386 W linker  : libAAX_SDK.so has text relocations. This is wasting memory and is a security risk. Please fix.
12-12 19:30:18.928 10206 10206 I LbsExpiryBroadcastReceiver: Lbs expiry broadcast Receiver triggered
12-12 19:30:18.928 10206 10206 I LbsExpiryBroadcastReceiver: Received Mode changed action
12-12 19:30:18.928   928  1157 I ActivityManager: Killing 7194:com.amazon.identity.auth.device.authorization/u0a22032 (adj 12): empty #17
12-12 19:30:18.938 10206 10206 D LbsExpiryBroadcastReceiver: Lbs Enabled: true
12-12 19:30:18.938 10206 10206 D FmkBroadcastReceiver: FMK broadcast Receiver triggered
12-12 19:30:19.628   928  1364 I ActivityManager: Killing 7215:com.amazon.kindle.unifiedSearch/u0a22080 (adj 12): empty #17
12-12 19:30:19.848  5796 10429 D Aatp    : /task/2f0dc0dfe92206b8be3971daea60fba7df5f409f/status
12-12 19:30:20.798  5796  5796 D AatpDeviceManager: taskStatus update (2f0dc0dfe92206b8be3971daea60fba7df5f409f: {"result":"en_US","state":2})
12-12 19:30:20.948  5796 10430 D Aatp    : /task/2f0dc0dfe92206b8be3971daea60fba7df5f409f/status
12-12 19:30:21.668  5796 10435 D Aatp    : /ping
12-12 19:30:21.848  5796 10436 D Aatp    : /apps-to-uninstall
12-12 19:30:21.878  5796 10436 D Aatp    : sha1: 11daa45860095ee0bf881d800fb0c327fd174e63
12-12 19:30:21.898  5796 10436 D Aatp    : /task/11daa45860095ee0bf881d800fb0c327fd174e63
12-12 19:30:21.918  5796  5796 D AatpDeviceManager: taskStatus update (11daa45860095ee0bf881d800fb0c327fd174e63: {"state":1})
12-12 19:30:21.978  5796  5796 D AatpDeviceManager: taskStatus update (11daa45860095ee0bf881d800fb0c327fd174e63: {"result":[],"state":2})
12-12 19:30:21.978   928  1283 W SchedPolicy: Failed to set io priority for tid 10437 (No such process)
12-12 19:30:22.038  5796 10449 D Aatp    : /task/11daa45860095ee0bf881d800fb0c327fd174e63/status
12-12 19:30:22.118  5796 10451 D Aatp    : /ping
12-12 19:30:22.238  5796 10456 D Aatp    : /clean-accounts
12-12 19:30:22.238  5796 10456 D Aatp    : sha1: c2dc50b55ec818de0ec1153afc84d477173eb80f
12-12 19:30:22.268  5796 10456 D Aatp    : /task/c2dc50b55ec818de0ec1153afc84d477173eb80f
12-12 19:30:22.278  5796  5796 D AatpDeviceManager: taskStatus update (c2dc50b55ec818de0ec1153afc84d477173eb80f: {"state":1})
12-12 19:30:22.288  5796  5796 D AatpDeviceManager: taskStatus update (c2dc50b55ec818de0ec1153afc84d477173eb80f: {"result":"Cleaned Accounts PASS","state":2})
12-12 19:30:22.428  5796 10461 D Aatp    : /task/c2dc50b55ec818de0ec1153afc84d477173eb80f/status
12-12 19:30:22.508  5796 10462 D Aatp    : /rm-external-files
12-12 19:30:22.568  5796 10462 D Aatp    : sha1: e2d202b7e4e68d572befb99a9247302f5f20a818
12-12 19:30:22.578  5796 10462 D Aatp    : /task/e2d202b7e4e68d572befb99a9247302f5f20a818
12-12 19:30:22.588  5796  5796 D AatpDeviceManager: taskStatus update (e2d202b7e4e68d572befb99a9247302f5f20a818: {"state":1})
12-12 19:30:22.598  5796 10463 D AatpDeviceManager: Wiping files from: /sdcard
12-12 19:30:22.608  5796 10463 D AatpDeviceManager: Wiping files from: /mnt/sdcard
12-12 19:30:22.608  5796 10463 D AatpDeviceManager: Wiping files from: /storage/sdcard1
12-12 19:30:22.608  5796 10463 D AatpDeviceManager: 0 files left!
12-12 19:30:22.608  5796  5796 D AatpDeviceManager: taskStatus update (e2d202b7e4e68d572befb99a9247302f5f20a818: {"result":[],"state":2})
12-12 19:30:22.708  5796 10464 D Aatp    : /task/e2d202b7e4e68d572befb99a9247302f5f20a818/status
12-12 19:30:23.218 10468 10468 D AndroidRuntime: 
12-12 19:30:23.218 10468 10468 D AndroidRuntime: >>>>>> AndroidRuntime START com.android.internal.os.RuntimeInit <<<<<<
12-12 19:30:23.228 10468 10468 D AndroidRuntime: CheckJNI is OFF
12-12 19:30:23.228 10468 10468 D dalvikvm: Good opt header, DEX offset is 64, flags=0x00
12-12 19:30:23.228 10468 10468 D dalvikvm: dalvik-aux-structure mapped at 0x58897000 with sizes 17456 9068 22916 7820
12-12 19:30:23.228 10468 10468 D dalvikvm: Good opt header, DEX offset is 64, flags=0x00
12-12 19:30:23.228 10468 10468 D dalvikvm: dalvik-aux-structure mapped at 0x588a5000 with sizes 3488 1968 3700 1000
12-12 19:30:23.228 10468 10468 D dalvikvm: Good opt header, DEX offset is 64, flags=0x00
12-12 19:30:23.228 10468 10468 D dalvikvm: dalvik-aux-structure mapped at 0x588a9000 with sizes 1212 1216 2416 256
12-12 19:30:23.228 10468 10468 D dalvikvm: Good opt header, DEX offset is 64, flags=0x00
12-12 19:30:23.228 10468 10468 D dalvikvm: dalvik-aux-structure mapped at 0x588b0000 with sizes 132 296 392 8
12-12 19:30:23.228 10468 10468 D dalvikvm: Good opt header, DEX offset is 64, flags=0x00
12-12 19:30:23.228 10468 10468 D dalvikvm: dalvik-aux-structure mapped at 0x58a6f000 with sizes 8748 4364 7932 3996
12-12 19:30:23.228 10468 10468 D dalvikvm: Good opt header, DEX offset is 64, flags=0x00
12-12 19:30:23.228 10468 10468 D dalvikvm: dalvik-aux-structure mapped at 0x58a76000 with sizes 22496 5180 8540 1804
12-12 19:30:23.228 10468 10468 D dalvikvm: Good opt header, DEX offset is 64, flags=0x00
12-12 19:30:23.228 10468 10468 D dalvikvm: dalvik-aux-structure mapped at 0x595ea000 with sizes 56980 26392 103936 34400
12-12 19:30:23.228 10468 10468 D dalvikvm: Good opt header, DEX offset is 64, flags=0x00
12-12 19:30:23.228 10468 10468 D dalvikvm: dalvik-aux-structure mapped at 0x59805000 with sizes 9456 6512 11508 3328
12-12 19:30:23.228 10468 10468 D dalvikvm: Good opt header, DEX offset is 64, flags=0x00
12-12 19:30:23.228 10468 10468 D dalvikvm: dalvik-aux-structure mapped at 0x59979000 with sizes 20772 3532 10520 3092
12-12 19:30:23.228 10468 10468 D dalvikvm: Good opt header, DEX offset is 64, flags=0x00
12-12 19:30:23.228 10468 10468 D dalvikvm: dalvik-aux-structure mapped at 0x58a85000 with sizes 1660 956 2388 56
12-12 19:30:23.228 10468 10468 D dalvikvm: Good opt header, DEX offset is 64, flags=0x00
12-12 19:30:23.238 10468 10468 D dalvikvm: dalvik-aux-structure mapped at 0x599e1000 with sizes 1312 504 800 184
12-12 19:30:23.238 10468 10468 D dalvikvm: Good opt header, DEX offset is 64, flags=0x00
12-12 19:30:23.238 10468 10468 D dalvikvm: dalvik-aux-structure mapped at 0x599e2000 with sizes 1704 1896 3404 216
12-12 19:30:23.238 10468 10468 D dalvikvm: Good opt header, DEX offset is 64, flags=0x00
12-12 19:30:23.238 10468 10468 D dalvikvm: dalvik-aux-structure mapped at 0x59e25000 with sizes 41652 10740 31732 2024
12-12 19:30:23.238 10468 10468 D dalvikvm: Good opt header, DEX offset is 64, flags=0x00
12-12 19:30:23.238 10468 10468 D dalvikvm: dalvik-aux-structure mapped at 0x599e7000 with sizes 13340 3572 6468 560
12-12 19:30:23.238 10468 10468 D dalvikvm: Good opt header, DEX offset is 64, flags=0x00
12-12 19:30:23.238 10468 10468 D dalvikvm: dalvik-aux-structure mapped at 0x5a06a000 with sizes 3752 5072 11996 2620
12-12 19:30:23.238 10468 10468 D dalvikvm: Good opt header, DEX offset is 64, flags=0x00
12-12 19:30:23.238 10468 10468 D dalvikvm: dalvik-aux-structure mapped at 0x599ef000 with sizes 864 112 12 8
12-12 19:30:23.238 10468 10468 D dalvikvm: Good opt header, DEX offset is 64, flags=0x00
12-12 19:30:23.238 10468 10468 D dalvikvm: dalvik-aux-structure mapped at 0x599f1000 with sizes 144 424 416 84
12-12 19:30:23.238 10468 10468 D dalvikvm: Good opt header, DEX offset is 64, flags=0x00
12-12 19:30:23.238 10468 10468 D dalvikvm: dalvik-aux-structure mapped at 0x5a083000 with sizes 8 84 20 52
12-12 19:30:23.238 10468 10468 D dalvikvm: Good opt header, DEX offset is 64, flags=0x00
12-12 19:30:23.238 10468 10468 D dalvikvm: dalvik-aux-structure mapped at 0x5a084000 with sizes 2300 1284 1900 732
12-12 19:30:23.238 10468 10468 D dalvikvm: Good opt header, DEX offset is 64, flags=0x00
12-12 19:30:23.238 10468 10468 D dalvikvm: dalvik-aux-structure mapped at 0x5a088000 with sizes 3068 1548 4364 1460
12-12 19:30:23.238 10468 10468 D dalvikvm: Good opt header, DEX offset is 64, flags=0x00
12-12 19:30:23.238 10468 10468 D dalvikvm: dalvik-aux-structure mapped at 0x5a08c000 with sizes 2512 2028 2656 348
12-12 19:30:23.238 10468 10468 D dalvikvm: Good opt header, DEX offset is 64, flags=0x00
12-12 19:30:23.238 10468 10468 D dalvikvm: dalvik-aux-structure mapped at 0x5a08f000 with sizes 244 632 480 120
12-12 19:30:23.238 10468 10468 D dalvikvm: Good opt header, DEX offset is 64, flags=0x00
12-12 19:30:23.238 10468 10468 D dalvikvm: dalvik-aux-structure mapped at 0x5a092000 with sizes 44 16 4 16
12-12 19:30:23.238 10468 10468 D dalvikvm: Good opt header, DEX offset is 64, flags=0x00
12-12 19:30:23.238 10468 10468 D dalvikvm: dalvik-aux-structure mapped at 0x5a3e1000 with sizes 17456 5180 15016 5508
12-12 19:30:23.238 10468 10468 D dalvikvm: Good opt header, DEX offset is 64, flags=0x00
12-12 19:30:23.238 10468 10468 D dalvikvm: dalvik-aux-structure mapped at 0x5a178000 with sizes 17648 1196 1848 1084
12-12 19:30:23.248 10468 10468 D dalvikvm: Good opt header, DEX offset is 64, flags=0x00
12-12 19:30:23.248 10468 10468 D dalvikvm: dalvik-aux-structure mapped at 0x5a611000 with sizes 5448 6248 17376 5152
12-12 19:30:23.248 10468 10468 D dalvikvm: Good opt header, DEX offset is 64, flags=0x00
12-12 19:30:23.248 10468 10468 D dalvikvm: dalvik-aux-structure mapped at 0x5a17f000 with sizes 92 272 204 12
12-12 19:30:23.248 10468 10468 D dalvikvm: Good opt header, DEX offset is 64, flags=0x00
12-12 19:30:23.248 10468 10468 D dalvikvm: dalvik-aux-structure mapped at 0x5a623000 with sizes 368 52 8 52
12-12 19:30:23.248 10468 10468 D dalvikvm: Good opt header, DEX offset is 64, flags=0x00
12-12 19:30:23.248 10468 10468 D dalvikvm: dalvik-aux-structure mapped at 0x5a640000 with sizes 848 488 512 692
12-12 19:30:23.248 10468 10468 D dalvikvm: Good opt header, DEX offset is 64, flags=0x00
12-12 19:30:23.248 10468 10468 D dalvikvm: dalvik-aux-structure mapped at 0x5a643000 with sizes 20 36 20 8
12-12 19:30:23.248 10468 10468 D dalvikvm: Good opt header, DEX offset is 64, flags=0x00
12-12 19:30:23.248 10468 10468 D dalvikvm: dalvik-aux-structure mapped at 0x5a64c000 with sizes 360 232 320 68
12-12 19:30:23.248 10468 10468 D dalvikvm: Good opt header, DEX offset is 64, flags=0x00
12-12 19:30:23.248 10468 10468 D dalvikvm: dalvik-aux-structure mapped at 0x5a65c000 with sizes 864 272 320 208
12-12 19:30:23.248 10468 10468 D dalvikvm: Trying to load lib libjavacore.so 0x0
12-12 19:30:23.248 10468 10468 D dalvikvm: Added shared lib libjavacore.so 0x0
12-12 19:30:23.258 10468 10468 D dalvikvm: Trying to load lib libnativehelper.so 0x0
12-12 19:30:23.258 10468 10468 D dalvikvm: Added shared lib libnativehelper.so 0x0
12-12 19:30:23.258 10468 10468 D dalvikvm: No JNI_OnLoad found in libnativehelper.so 0x0, skipping init
12-12 19:30:23.268 10468 10468 D dalvikvm: Good opt header, DEX offset is 64, flags=0x00
12-12 19:30:23.268 10468 10468 D dalvikvm: dalvik-aux-structure mapped at 0x5b8c1000 with sizes 936 360 416 20
12-12 19:30:23.288 10468 10468 D dalvikvm: Note: class Landroid/app/ActivityManagerNative; has 179 unimplemented (abstract) methods
12-12 19:30:23.408 10468 10468 D AndroidRuntime: Calling main entry com.android.commands.pm.Pm
12-12 19:30:23.408 10468 10468 D AndroidRuntime: Shutting down VM
12-12 19:30:23.408   928  1364 W ActivityManager: Invalid packageName: com.google.android.browser
12-12 19:30:24.128 10495 10495 D AndroidRuntime: 
12-12 19:30:24.128 10495 10495 D AndroidRuntime: >>>>>> AndroidRuntime START com.android.internal.os.RuntimeInit <<<<<<
12-12 19:30:24.128 10495 10495 D AndroidRuntime: CheckJNI is OFF
12-12 19:30:24.138 10495 10495 D dalvikvm: Good opt header, DEX offset is 64, flags=0x00
12-12 19:30:24.138 10495 10495 D dalvikvm: dalvik-aux-structure mapped at 0x41893000 with sizes 17456 9068 22916 7820
12-12 19:30:24.138 10495 10495 D dalvikvm: Good opt header, DEX offset is 64, flags=0x00
12-12 19:30:24.138 10495 10495 D dalvikvm: dalvik-aux-structure mapped at 0x418a1000 with sizes 3488 1968 3700 1000
12-12 19:30:24.138 10495 10495 D dalvikvm: Good opt header, DEX offset is 64, flags=0x00
12-12 19:30:24.138 10495 10495 D dalvikvm: dalvik-aux-structure mapped at 0x418a5000 with sizes 1212 1216 2416 256
12-12 19:30:24.138 10495 10495 D dalvikvm: Good opt header, DEX offset is 64, flags=0x00
12-12 19:30:24.138 10495 10495 D dalvikvm: dalvik-aux-structure mapped at 0x418ac000 with sizes 132 296 392 8
12-12 19:30:24.138 10495 10495 D dalvikvm: Good opt header, DEX offset is 64, flags=0x00
12-12 19:30:24.138 10495 10495 D dalvikvm: dalvik-aux-structure mapped at 0x41951000 with sizes 8748 4364 7932 3996
12-12 19:30:24.138 10495 10495 D dalvikvm: Good opt header, DEX offset is 64, flags=0x00
12-12 19:30:24.138 10495 10495 D dalvikvm: dalvik-aux-structure mapped at 0x41958000 with sizes 22496 5180 8540 1804
12-12 19:30:24.138 10495 10495 D dalvikvm: Good opt header, DEX offset is 64, flags=0x00
12-12 19:30:24.138 10495 10495 D dalvikvm: dalvik-aux-structure mapped at 0x4197c000 with sizes 56980 26392 103936 34400
12-12 19:30:24.138 10495 10495 D dalvikvm: Good opt header, DEX offset is 64, flags=0x00
12-12 19:30:24.138 10495 10495 D dalvikvm: dalvik-aux-structure mapped at 0x419b3000 with sizes 9456 6512 11508 3328
12-12 19:30:24.138 10495 10495 D dalvikvm: Good opt header, DEX offset is 64, flags=0x00
12-12 19:30:24.138 10495 10495 D dalvikvm: dalvik-aux-structure mapped at 0x419bb000 with sizes 20772 3532 10520 3092
12-12 19:30:24.138 10495 10495 D dalvikvm: Good opt header, DEX offset is 64, flags=0x00
12-12 19:30:24.138 10495 10495 D dalvikvm: dalvik-aux-structure mapped at 0x41967000 with sizes 1660 956 2388 56
12-12 19:30:24.138 10495 10495 D dalvikvm: Good opt header, DEX offset is 64, flags=0x00
12-12 19:30:24.138 10495 10495 D dalvikvm: dalvik-aux-structure mapped at 0x41a01000 with sizes 1312 504 800 184
12-12 19:30:24.138 10495 10495 D dalvikvm: Good opt header, DEX offset is 64, flags=0x00
12-12 19:30:24.138 10495 10495 D dalvikvm: dalvik-aux-structure mapped at 0x41a02000 with sizes 1704 1896 3404 216
12-12 19:30:24.138 10495 10495 D dalvikvm: Good opt header, DEX offset is 64, flags=0x00
12-12 19:30:24.138 10495 10495 D dalvikvm: dalvik-aux-structure mapped at 0x59ead000 with sizes 41652 10740 31732 2024
12-12 19:30:24.148 10495 10495 D dalvikvm: Good opt header, DEX offset is 64, flags=0x00
12-12 19:30:24.148 10495 10495 D dalvikvm: dalvik-aux-structure mapped at 0x41a07000 with sizes 13340 3572 6468 560
12-12 19:30:24.148 10495 10495 D dalvikvm: Good opt header, DEX offset is 64, flags=0x00
12-12 19:30:24.148 10495 10495 D dalvikvm: dalvik-aux-structure mapped at 0x5a0f2000 with sizes 3752 5072 11996 2620
12-12 19:30:24.148 10495 10495 D dalvikvm: Good opt header, DEX offset is 64, flags=0x00
12-12 19:30:24.148 10495 10495 D dalvikvm: dalvik-aux-structure mapped at 0x41a0f000 with sizes 864 112 12 8
12-12 19:30:24.148 10495 10495 D dalvikvm: Good opt header, DEX offset is 64, flags=0x00
12-12 19:30:24.148 10495 10495 D dalvikvm: dalvik-aux-structure mapped at 0x41a11000 with sizes 144 424 416 84
12-12 19:30:24.148 10495 10495 D dalvikvm: Good opt header, DEX offset is 64, flags=0x00
12-12 19:30:24.148 10495 10495 D dalvikvm: dalvik-aux-structure mapped at 0x5a109000 with sizes 8 84 20 52
12-12 19:30:24.148 10495 10495 D dalvikvm: Good opt header, DEX offset is 64, flags=0x00
12-12 19:30:24.148 10495 10495 D dalvikvm: dalvik-aux-structure mapped at 0x5a10a000 with sizes 2300 1284 1900 732
12-12 19:30:24.148 10495 10495 D dalvikvm: Good opt header, DEX offset is 64, flags=0x00
12-12 19:30:24.148 10495 10495 D dalvikvm: dalvik-aux-structure mapped at 0x5a10e000 with sizes 3068 1548 4364 1460
12-12 19:30:24.148 10495 10495 D dalvikvm: Good opt header, DEX offset is 64, flags=0x00
12-12 19:30:24.148 10495 10495 D dalvikvm: dalvik-aux-structure mapped at 0x5a112000 with sizes 2512 2028 2656 348
12-12 19:30:24.148 10495 10495 D dalvikvm: Good opt header, DEX offset is 64, flags=0x00
12-12 19:30:24.148 10495 10495 D dalvikvm: dalvik-aux-structure mapped at 0x5a115000 with sizes 244 632 480 120
12-12 19:30:24.148 10495 10495 D dalvikvm: Good opt header, DEX offset is 64, flags=0x00
12-12 19:30:24.148 10495 10495 D dalvikvm: dalvik-aux-structure mapped at 0x5a118000 with sizes 44 16 4 16
12-12 19:30:24.148 10495 10495 D dalvikvm: Good opt header, DEX offset is 64, flags=0x00
12-12 19:30:24.148 10495 10495 D dalvikvm: dalvik-aux-structure mapped at 0x5a467000 with sizes 17456 5180 15016 5508
12-12 19:30:24.148 10495 10495 D dalvikvm: Good opt header, DEX offset is 64, flags=0x00
12-12 19:30:24.148 10495 10495 D dalvikvm: dalvik-aux-structure mapped at 0x5a1fe000 with sizes 17648 1196 1848 1084
12-12 19:30:24.148 10495 10495 D dalvikvm: Good opt header, DEX offset is 64, flags=0x00
12-12 19:30:24.148 10495 10495 D dalvikvm: dalvik-aux-structure mapped at 0x5a697000 with sizes 5448 6248 17376 5152
12-12 19:30:24.148 10495 10495 D dalvikvm: Good opt header, DEX offset is 64, flags=0x00
12-12 19:30:24.148 10495 10495 D dalvikvm: dalvik-aux-structure mapped at 0x5a205000 with sizes 92 272 204 12
12-12 19:30:24.148 10495 10495 D dalvikvm: Good opt header, DEX offset is 64, flags=0x00
12-12 19:30:24.148 10495 10495 D dalvikvm: dalvik-aux-structure mapped at 0x5a6a9000 with sizes 368 52 8 52
12-12 19:30:24.148 10495 10495 D dalvikvm: Good opt header, DEX offset is 64, flags=0x00
12-12 19:30:24.148 10495 10495 D dalvikvm: dalvik-aux-structure mapped at 0x5a6c6000 with sizes 848 488 512 692
12-12 19:30:24.158 10495 10495 D dalvikvm: Good opt header, DEX offset is 64, flags=0x00
12-12 19:30:24.158 10495 10495 D dalvikvm: dalvik-aux-structure mapped at 0x5a6c9000 with sizes 20 36 20 8
12-12 19:30:24.158 10495 10495 D dalvikvm: Good opt header, DEX offset is 64, flags=0x00
12-12 19:30:24.158 10495 10495 D dalvikvm: dalvik-aux-structure mapped at 0x5a6d2000 with sizes 360 232 320 68
12-12 19:30:24.158 10495 10495 D dalvikvm: Good opt header, DEX offset is 64, flags=0x00
12-12 19:30:24.158 10495 10495 D dalvikvm: dalvik-aux-structure mapped at 0x5a6e2000 with sizes 864 272 320 208
12-12 19:30:24.158 10495 10495 D dalvikvm: Trying to load lib libjavacore.so 0x0
12-12 19:30:24.158 10495 10495 D dalvikvm: Added shared lib libjavacore.so 0x0
12-12 19:30:24.168 10495 10495 D dalvikvm: Trying to load lib libnativehelper.so 0x0
12-12 19:30:24.168 10495 10495 D dalvikvm: Added shared lib libnativehelper.so 0x0
12-12 19:30:24.168 10495 10495 D dalvikvm: No JNI_OnLoad found in libnativehelper.so 0x0, skipping init
12-12 19:30:24.168 10495 10495 D dalvikvm: Good opt header, DEX offset is 64, flags=0x00
12-12 19:30:24.168 10495 10495 D dalvikvm: dalvik-aux-structure mapped at 0x5b947000 with sizes 936 360 416 20
12-12 19:30:24.198 10495 10495 D dalvikvm: Note: class Landroid/app/ActivityManagerNative; has 179 unimplemented (abstract) methods
12-12 19:30:24.308 10495 10495 D AndroidRuntime: Calling main entry com.android.commands.pm.Pm
12-12 19:30:24.318 10495 10495 D AndroidRuntime: Shutting down VM
12-12 19:30:24.318   928  1359 W ActivityManager: Invalid packageName: com.android.chrome
12-12 19:30:24.998 10516 10516 D AndroidRuntime: 
12-12 19:30:24.998 10516 10516 D AndroidRuntime: >>>>>> AndroidRuntime START com.android.internal.os.RuntimeInit <<<<<<
12-12 19:30:24.998 10516 10516 D AndroidRuntime: CheckJNI is OFF
12-12 19:30:25.008 10516 10516 D dalvikvm: Good opt header, DEX offset is 64, flags=0x00
12-12 19:30:25.008 10516 10516 D dalvikvm: dalvik-aux-structure mapped at 0x58873000 with sizes 17456 9068 22916 7820
12-12 19:30:25.008 10516 10516 D dalvikvm: Good opt header, DEX offset is 64, flags=0x00
12-12 19:30:25.008 10516 10516 D dalvikvm: dalvik-aux-structure mapped at 0x58881000 with sizes 3488 1968 3700 1000
12-12 19:30:25.008 10516 10516 D dalvikvm: Good opt header, DEX offset is 64, flags=0x00
12-12 19:30:25.008 10516 10516 D dalvikvm: dalvik-aux-structure mapped at 0x58885000 with sizes 1212 1216 2416 256
12-12 19:30:25.008 10516 10516 D dalvikvm: Good opt header, DEX offset is 64, flags=0x00
12-12 19:30:25.008 10516 10516 D dalvikvm: dalvik-aux-structure mapped at 0x5888c000 with sizes 132 296 392 8
12-12 19:30:25.008 10516 10516 D dalvikvm: Good opt header, DEX offset is 64, flags=0x00
12-12 19:30:25.008 10516 10516 D dalvikvm: dalvik-aux-structure mapped at 0x58a4b000 with sizes 8748 4364 7932 3996
12-12 19:30:25.008 10516 10516 D dalvikvm: Good opt header, DEX offset is 64, flags=0x00
12-12 19:30:25.008 10516 10516 D dalvikvm: dalvik-aux-structure mapped at 0x58a52000 with sizes 22496 5180 8540 1804
12-12 19:30:25.008 10516 10516 D dalvikvm: Good opt header, DEX offset is 64, flags=0x00
12-12 19:30:25.008 10516 10516 D dalvikvm: dalvik-aux-structure mapped at 0x595c6000 with sizes 56980 26392 103936 34400
12-12 19:30:25.008 10516 10516 D dalvikvm: Good opt header, DEX offset is 64, flags=0x00
12-12 19:30:25.008 10516 10516 D dalvikvm: dalvik-aux-structure mapped at 0x597e1000 with sizes 9456 6512 11508 3328
12-12 19:30:25.008 10516 10516 D dalvikvm: Good opt header, DEX offset is 64, flags=0x00
12-12 19:30:25.008 10516 10516 D dalvikvm: dalvik-aux-structure mapped at 0x59955000 with sizes 20772 3532 10520 3092
12-12 19:30:25.008 10516 10516 D dalvikvm: Good opt header, DEX offset is 64, flags=0x00
12-12 19:30:25.008 10516 10516 D dalvikvm: dalvik-aux-structure mapped at 0x58a61000 with sizes 1660 956 2388 56
12-12 19:30:25.008 10516 10516 D dalvikvm: Good opt header, DEX offset is 64, flags=0x00
12-12 19:30:25.008 10516 10516 D dalvikvm: dalvik-aux-structure mapped at 0x599bd000 with sizes 1312 504 800 184
12-12 19:30:25.008 10516 10516 D dalvikvm: Good opt header, DEX offset is 64, flags=0x00
12-12 19:30:25.008 10516 10516 D dalvikvm: dalvik-aux-structure mapped at 0x599be000 with sizes 1704 1896 3404 216
12-12 19:30:25.008 10516 10516 D dalvikvm: Good opt header, DEX offset is 64, flags=0x00
12-12 19:30:25.008 10516 10516 D dalvikvm: dalvik-aux-structure mapped at 0x59e01000 with sizes 41652 10740 31732 2024
12-12 19:30:25.018 10516 10516 D dalvikvm: Good opt header, DEX offset is 64, flags=0x00
12-12 19:30:25.018 10516 10516 D dalvikvm: dalvik-aux-structure mapped at 0x599c3000 with sizes 13340 3572 6468 560
12-12 19:30:25.018 10516 10516 D dalvikvm: Good opt header, DEX offset is 64, flags=0x00
12-12 19:30:25.018 10516 10516 D dalvikvm: dalvik-aux-structure mapped at 0x5a046000 with sizes 3752 5072 11996 2620
12-12 19:30:25.018 10516 10516 D dalvikvm: Good opt header, DEX offset is 64, flags=0x00
12-12 19:30:25.018 10516 10516 D dalvikvm: dalvik-aux-structure mapped at 0x599cb000 with sizes 864 112 12 8
12-12 19:30:25.018 10516 10516 D dalvikvm: Good opt header, DEX offset is 64, flags=0x00
12-12 19:30:25.018 10516 10516 D dalvikvm: dalvik-aux-structure mapped at 0x599cd000 with sizes 144 424 416 84
12-12 19:30:25.018 10516 10516 D dalvikvm: Good opt header, DEX offset is 64, flags=0x00
12-12 19:30:25.018 10516 10516 D dalvikvm: dalvik-aux-structure mapped at 0x5a05f000 with sizes 8 84 20 52
12-12 19:30:25.018 10516 10516 D dalvikvm: Good opt header, DEX offset is 64, flags=0x00
12-12 19:30:25.018 10516 10516 D dalvikvm: dalvik-aux-structure mapped at 0x5a060000 with sizes 2300 1284 1900 732
12-12 19:30:25.018 10516 10516 D dalvikvm: Good opt header, DEX offset is 64, flags=0x00
12-12 19:30:25.018 10516 10516 D dalvikvm: dalvik-aux-structure mapped at 0x5a064000 with sizes 3068 1548 4364 1460
12-12 19:30:25.018 10516 10516 D dalvikvm: Good opt header, DEX offset is 64, flags=0x00
12-12 19:30:25.018 10516 10516 D dalvikvm: dalvik-aux-structure mapped at 0x5a068000 with sizes 2512 2028 2656 348
12-12 19:30:25.018 10516 10516 D dalvikvm: Good opt header, DEX offset is 64, flags=0x00
12-12 19:30:25.018 10516 10516 D dalvikvm: dalvik-aux-structure mapped at 0x5a06b000 with sizes 244 632 480 120
12-12 19:30:25.018 10516 10516 D dalvikvm: Good opt header, DEX offset is 64, flags=0x00
12-12 19:30:25.018 10516 10516 D dalvikvm: dalvik-aux-structure mapped at 0x5a06e000 with sizes 44 16 4 16
12-12 19:30:25.018 10516 10516 D dalvikvm: Good opt header, DEX offset is 64, flags=0x00
12-12 19:30:25.018 10516 10516 D dalvikvm: dalvik-aux-structure mapped at 0x5a3bd000 with sizes 17456 5180 15016 5508
12-12 19:30:25.018 10516 10516 D dalvikvm: Good opt header, DEX offset is 64, flags=0x00
12-12 19:30:25.018 10516 10516 D dalvikvm: dalvik-aux-structure mapped at 0x5a154000 with sizes 17648 1196 1848 1084
12-12 19:30:25.018 10516 10516 D dalvikvm: Good opt header, DEX offset is 64, flags=0x00
12-12 19:30:25.018 10516 10516 D dalvikvm: dalvik-aux-structure mapped at 0x5a5ed000 with sizes 5448 6248 17376 5152
12-12 19:30:25.018 10516 10516 D dalvikvm: Good opt header, DEX offset is 64, flags=0x00
12-12 19:30:25.018 10516 10516 D dalvikvm: dalvik-aux-structure mapped at 0x5a15b000 with sizes 92 272 204 12
12-12 19:30:25.018 10516 10516 D dalvikvm: Good opt header, DEX offset is 64, flags=0x00
12-12 19:30:25.018 10516 10516 D dalvikvm: dalvik-aux-structure mapped at 0x5a5ff000 with sizes 368 52 8 52
12-12 19:30:25.028 10516 10516 D dalvikvm: Good opt header, DEX offset is 64, flags=0x00
12-12 19:30:25.028 10516 10516 D dalvikvm: dalvik-aux-structure mapped at 0x5a61c000 with sizes 848 488 512 692
12-12 19:30:25.028 10516 10516 D dalvikvm: Good opt header, DEX offset is 64, flags=0x00
12-12 19:30:25.028 10516 10516 D dalvikvm: dalvik-aux-structure mapped at 0x5a61f000 with sizes 20 36 20 8
12-12 19:30:25.028 10516 10516 D dalvikvm: Good opt header, DEX offset is 64, flags=0x00
12-12 19:30:25.028 10516 10516 D dalvikvm: dalvik-aux-structure mapped at 0x5a628000 with sizes 360 232 320 68
12-12 19:30:25.028 10516 10516 D dalvikvm: Good opt header, DEX offset is 64, flags=0x00
12-12 19:30:25.028 10516 10516 D dalvikvm: dalvik-aux-structure mapped at 0x5a638000 with sizes 864 272 320 208
12-12 19:30:25.028 10516 10516 D dalvikvm: Trying to load lib libjavacore.so 0x0
12-12 19:30:25.028 10516 10516 D dalvikvm: Added shared lib libjavacore.so 0x0
12-12 19:30:25.038 10516 10516 D dalvikvm: Trying to load lib libnativehelper.so 0x0
12-12 19:30:25.038 10516 10516 D dalvikvm: Added shared lib libnativehelper.so 0x0
12-12 19:30:25.038 10516 10516 D dalvikvm: No JNI_OnLoad found in libnativehelper.so 0x0, skipping init
12-12 19:30:25.038 10516 10516 D dalvikvm: Good opt header, DEX offset is 64, flags=0x00
12-12 19:30:25.038 10516 10516 D dalvikvm: dalvik-aux-structure mapped at 0x5b89d000 with sizes 936 360 416 20
12-12 19:30:25.068 10516 10516 D dalvikvm: Note: class Landroid/app/ActivityManagerNative; has 179 unimplemented (abstract) methods
12-12 19:30:25.178 10516 10516 D AndroidRuntime: Calling main entry com.android.commands.pm.Pm
12-12 19:30:25.188   264   264 E installd: Couldn't opendir data/securedStorageLocation/com.android.systemui: No such file or directory
12-12 19:30:25.188   264   264 I installd: no data under secured storage for com.android.systemui
12-12 19:30:25.188   928  1124 W SharedAssetStorage: Launching com.amazon.dcp (32016) with AMZ_APP_GID
12-12 19:30:25.188   928  1381 I ActivityManager: Force stopping com.android.systemui appid=32039 user=0: clear data
12-12 19:30:25.198 10534 10534 I dalvikvm: Marking process com.amazon.dcp skinny
12-12 19:30:25.198   342   342 D keystore: calling clear_uid in state: 3
12-12 19:30:25.198   928  1124 I ActivityManager: Start proc com.amazon.dcp for broadcast com.amazon.dcp/.framework.ServicePersistenceHelper: pid=10534 uid=32016 gids={72016, 2001, 3003, 1028, 1015, 3002, 9001}
12-12 19:30:25.228 10516 10516 D AndroidRuntime: Shutting down VM
12-12 19:30:25.238   928   962 W Settings: Setting default_input_method has moved from android.provider.Settings.Secure to android.provider.Settings.Global.
12-12 19:30:25.658   928   940 I ActivityManager: Killing 7230:android.process.acore/u0a22041 (adj 12): empty #17
12-12 19:30:25.888 10556 10556 D AndroidRuntime: 
12-12 19:30:25.888 10556 10556 D AndroidRuntime: >>>>>> AndroidRuntime START com.android.internal.os.RuntimeInit <<<<<<
12-12 19:30:25.898 10556 10556 D AndroidRuntime: CheckJNI is OFF
12-12 19:30:25.898 10556 10556 D dalvikvm: Good opt header, DEX offset is 64, flags=0x00
12-12 19:30:25.898 10556 10556 D dalvikvm: dalvik-aux-structure mapped at 0x588f9000 with sizes 17456 9068 22916 7820
12-12 19:30:25.898 10556 10556 D dalvikvm: Good opt header, DEX offset is 64, flags=0x00
12-12 19:30:25.898 10556 10556 D dalvikvm: dalvik-aux-structure mapped at 0x58907000 with sizes 3488 1968 3700 1000
12-12 19:30:25.898 10556 10556 D dalvikvm: Good opt header, DEX offset is 64, flags=0x00
12-12 19:30:25.898 10556 10556 D dalvikvm: dalvik-aux-structure mapped at 0x5890b000 with sizes 1212 1216 2416 256
12-12 19:30:25.898 10556 10556 D dalvikvm: Good opt header, DEX offset is 64, flags=0x00
12-12 19:30:25.898 10556 10556 D dalvikvm: dalvik-aux-structure mapped at 0x58912000 with sizes 132 296 392 8
12-12 19:30:25.898 10556 10556 D dalvikvm: Good opt header, DEX offset is 64, flags=0x00
12-12 19:30:25.898 10556 10556 D dalvikvm: dalvik-aux-structure mapped at 0x58ad1000 with sizes 8748 4364 7932 3996
12-12 19:30:25.898 10556 10556 D dalvikvm: Good opt header, DEX offset is 64, flags=0x00
12-12 19:30:25.898 10556 10556 D dalvikvm: dalvik-aux-structure mapped at 0x58ad8000 with sizes 22496 5180 8540 1804
12-12 19:30:25.898 10556 10556 D dalvikvm: Good opt header, DEX offset is 64, flags=0x00
12-12 19:30:25.898 10556 10556 D dalvikvm: dalvik-aux-structure mapped at 0x5964c000 with sizes 56980 26392 103936 34400
12-12 19:30:25.898 10556 10556 D dalvikvm: Good opt header, DEX offset is 64, flags=0x00
12-12 19:30:25.898 10556 10556 D dalvikvm: dalvik-aux-structure mapped at 0x59867000 with sizes 9456 6512 11508 3328
12-12 19:30:25.898 10556 10556 D dalvikvm: Good opt header, DEX offset is 64, flags=0x00
12-12 19:30:25.898 10556 10556 D dalvikvm: dalvik-aux-structure mapped at 0x599db000 with sizes 20772 3532 10520 3092
12-12 19:30:25.898 10556 10556 D dalvikvm: Good opt header, DEX offset is 64, flags=0x00
12-12 19:30:25.898 10556 10556 D dalvikvm: dalvik-aux-structure mapped at 0x58ae7000 with sizes 1660 956 2388 56
12-12 19:30:25.898 10556 10556 D dalvikvm: Good opt header, DEX offset is 64, flags=0x00
12-12 19:30:25.898 10556 10556 D dalvikvm: dalvik-aux-structure mapped at 0x59a43000 with sizes 1312 504 800 184
12-12 19:30:25.898 10556 10556 D dalvikvm: Good opt header, DEX offset is 64, flags=0x00
12-12 19:30:25.898 10556 10556 D dalvikvm: dalvik-aux-structure mapped at 0x59a44000 with sizes 1704 1896 3404 216
12-12 19:30:25.898 10556 10556 D dalvikvm: Good opt header, DEX offset is 64, flags=0x00
12-12 19:30:25.898 10556 10556 D dalvikvm: dalvik-aux-structure mapped at 0x59e87000 with sizes 41652 10740 31732 2024
12-12 19:30:25.898 10556 10556 D dalvikvm: Good opt header, DEX offset is 64, flags=0x00
12-12 19:30:25.898 10556 10556 D dalvikvm: dalvik-aux-structure mapped at 0x59a49000 with sizes 13340 3572 6468 560
12-12 19:30:25.898 10556 10556 D dalvikvm: Good opt header, DEX offset is 64, flags=0x00
12-12 19:30:25.898 10556 10556 D dalvikvm: dalvik-aux-structure mapped at 0x5a0cc000 with sizes 3752 5072 11996 2620
12-12 19:30:25.898 10556 10556 D dalvikvm: Good opt header, DEX offset is 64, flags=0x00
12-12 19:30:25.908 10556 10556 D dalvikvm: dalvik-aux-structure mapped at 0x59a51000 with sizes 864 112 12 8
12-12 19:30:25.908 10556 10556 D dalvikvm: Good opt header, DEX offset is 64, flags=0x00
12-12 19:30:25.908 10556 10556 D dalvikvm: dalvik-aux-structure mapped at 0x59a53000 with sizes 144 424 416 84
12-12 19:30:25.908 10556 10556 D dalvikvm: Good opt header, DEX offset is 64, flags=0x00
12-12 19:30:25.908 10556 10556 D dalvikvm: dalvik-aux-structure mapped at 0x5a0e5000 with sizes 8 84 20 52
12-12 19:30:25.908 10556 10556 D dalvikvm: Good opt header, DEX offset is 64, flags=0x00
12-12 19:30:25.908 10556 10556 D dalvikvm: dalvik-aux-structure mapped at 0x5a0e6000 with sizes 2300 1284 1900 732
12-12 19:30:25.908 10556 10556 D dalvikvm: Good opt header, DEX offset is 64, flags=0x00
12-12 19:30:25.908 10556 10556 D dalvikvm: dalvik-aux-structure mapped at 0x5a0ea000 with sizes 3068 1548 4364 1460
12-12 19:30:25.908 10556 10556 D dalvikvm: Good opt header, DEX offset is 64, flags=0x00
12-12 19:30:25.908 10556 10556 D dalvikvm: dalvik-aux-structure mapped at 0x5a0ee000 with sizes 2512 2028 2656 348
12-12 19:30:25.908 10556 10556 D dalvikvm: Good opt header, DEX offset is 64, flags=0x00
