12-12 19:30:11.068 10071 10071 D dalvikvm: dalvik-aux-structure mapped at 0x599c5000 with sizes 864 112 12 8
12-12 19:30:11.068 10071 10071 D dalvikvm: Good opt header, DEX offset is 64, flags=0x00
12-12 19:30:11.068 10071 10071 D dalvikvm: dalvik-aux-structure mapped at 0x599c7000 with sizes 144 424 416 84
12-12 19:30:11.068 10071 10071 D dalvikvm: Good opt header, DEX offset is 64, flags=0x00
12-12 19:30:11.068 10071 10071 D dalvikvm: dalvik-aux-structure mapped at 0x5a059000 with sizes 8 84 20 52
12-12 19:30:11.068 10071 10071 D dalvikvm: Good opt header, DEX offset is 64, flags=0x00
12-12 19:30:11.068 10071 10071 D dalvikvm: dalvik-aux-structure mapped at 0x5a05a000 with sizes 2300 1284 1900 732
12-12 19:30:11.068 10071 10071 D dalvikvm: Good opt header, DEX offset is 64, flags=0x00
12-12 19:30:11.068 10071 10071 D dalvikvm: dalvik-aux-structure mapped at 0x5a05e000 with sizes 3068 1548 4364 1460
12-12 19:30:11.068 10071 10071 D dalvikvm: Good opt header, DEX offset is 64, flags=0x00
12-12 19:30:11.068 10071 10071 D dalvikvm: dalvik-aux-structure mapped at 0x5a062000 with sizes 2512 2028 2656 348
12-12 19:30:11.068 10071 10071 D dalvikvm: Good opt header, DEX offset is 64, flags=0x00
12-12 19:30:11.068 10071 10071 D dalvikvm: dalvik-aux-structure mapped at 0x5a065000 with sizes 244 632 480 120
12-12 19:30:11.068 10071 10071 D dalvikvm: Good opt header, DEX offset is 64, flags=0x00
12-12 19:30:11.068 10071 10071 D dalvikvm: dalvik-aux-structure mapped at 0x5a068000 with sizes 44 16 4 16
12-12 19:30:11.068 10071 10071 D dalvikvm: Good opt header, DEX offset is 64, flags=0x00
12-12 19:30:11.068 10071 10071 D dalvikvm: dalvik-aux-structure mapped at 0x5a3b7000 with sizes 17456 5180 15016 5508
12-12 19:30:11.068 10071 10071 D dalvikvm: Good opt header, DEX offset is 64, flags=0x00
12-12 19:30:11.068 10071 10071 D dalvikvm: dalvik-aux-structure mapped at 0x5a14e000 with sizes 17648 1196 1848 1084
12-12 19:30:11.068 10071 10071 D dalvikvm: Good opt header, DEX offset is 64, flags=0x00
12-12 19:30:11.078 10071 10071 D dalvikvm: dalvik-aux-structure mapped at 0x5a5e7000 with sizes 5448 6248 17376 5152
12-12 19:30:11.078 10071 10071 D dalvikvm: Good opt header, DEX offset is 64, flags=0x00
12-12 19:30:11.078 10071 10071 D dalvikvm: dalvik-aux-structure mapped at 0x5a155000 with sizes 92 272 204 12
12-12 19:30:11.078 10071 10071 D dalvikvm: Good opt header, DEX offset is 64, flags=0x00
12-12 19:30:11.078 10071 10071 D dalvikvm: dalvik-aux-structure mapped at 0x5a5f9000 with sizes 368 52 8 52
12-12 19:30:11.078 10071 10071 D dalvikvm: Good opt header, DEX offset is 64, flags=0x00
12-12 19:30:11.078 10071 10071 D dalvikvm: dalvik-aux-structure mapped at 0x5a616000 with sizes 848 488 512 692
12-12 19:30:11.078 10071 10071 D dalvikvm: Good opt header, DEX offset is 64, flags=0x00
12-12 19:30:11.078 10071 10071 D dalvikvm: dalvik-aux-structure mapped at 0x5a619000 with sizes 20 36 20 8
12-12 19:30:11.078 10071 10071 D dalvikvm: Good opt header, DEX offset is 64, flags=0x00
12-12 19:30:11.078 10071 10071 D dalvikvm: dalvik-aux-structure mapped at 0x5a622000 with sizes 360 232 320 68
12-12 19:30:11.078 10071 10071 D dalvikvm: Good opt header, DEX offset is 64, flags=0x00
12-12 19:30:11.078 10071 10071 D dalvikvm: dalvik-aux-structure mapped at 0x5a632000 with sizes 864 272 320 208
12-12 19:30:11.078 10071 10071 D dalvikvm: Trying to load lib libjavacore.so 0x0
12-12 19:30:11.078 10071 10071 D dalvikvm: Added shared lib libjavacore.so 0x0
12-12 19:30:11.088 10071 10071 D dalvikvm: Trying to load lib libnativehelper.so 0x0
12-12 19:30:11.088 10071 10071 D dalvikvm: Added shared lib libnativehelper.so 0x0
12-12 19:30:11.088 10071 10071 D dalvikvm: No JNI_OnLoad found in libnativehelper.so 0x0, skipping init
12-12 19:30:11.088 10071 10071 D dalvikvm: Good opt header, DEX offset is 64, flags=0x00
12-12 19:30:11.088 10071 10071 D dalvikvm: dalvik-aux-structure mapped at 0x5b897000 with sizes 936 360 416 20
12-12 19:30:11.118 10071 10071 D dalvikvm: Note: class Landroid/app/ActivityManagerNative; has 179 unimplemented (abstract) methods
12-12 19:30:11.248 10071 10071 D AndroidRuntime: Calling main entry com.android.commands.pm.Pm
12-12 19:30:11.328 10071 10071 D AndroidRuntime: Shutting down VM
12-12 19:30:13.308   261   261 W libEGL  : EGLNativeWindowType 0xb88c2428 disconnect failed
12-12 19:30:13.918  5796 10110 D Aatp    : /ping
12-12 19:30:14.078  5796 10111 D Aatp    : /wifi
12-12 19:30:14.138  5796 10111 D Aatp    : sha1: 5ff627223a2f69b66a7a86de3611d5cff1efab00
12-12 19:30:14.138  5796 10111 D AatpDeviceManager: k: enabled v: False
12-12 19:30:14.148  5796 10111 D AatpDeviceManager: k: NanoHttpd.QUERY_STRING v: enabled=False
12-12 19:30:14.168  5796 10111 D Aatp    : /task/5ff627223a2f69b66a7a86de3611d5cff1efab00
12-12 19:30:14.178  5796  5796 D AatpDeviceManager: taskStatus update (5ff627223a2f69b66a7a86de3611d5cff1efab00: {"state":1})
12-12 19:30:14.178  5796 10112 D AWSDeviceFarmAndroidLib: WifiLock: release
12-12 19:30:14.178  5796 10112 D AWSDeviceFarmAndroidLib: setWifiEnabled: setting wifi to: true
12-12 19:30:14.178  5796 10112 E WifiManager: Wifi enable=true called by com.amazon.aatp.aatpdevicemanager
12-12 19:30:14.178   928  1365 D WifiService: setWifiEnabled: true pid=5796, uid=10000
12-12 19:30:14.188  5796 10112 D AWSDeviceFarmAndroidLib: setWifiEnabled: wifi is: true
12-12 19:30:14.188  5796 10112 E WifiManager: Wifi disconnect called by com.amazon.aatp.aatpdevicemanager
12-12 19:30:14.188   928  1156 I WifiService: [DISCONNECT REQUESTED] 
12-12 19:30:14.288  6471  6471 I wpa_supplicant: wlan0: CTRL-EVENT-DISCONNECTED bssid=4dda06fec9ec8be7a reason=3 locally_generated=1
12-12 19:30:14.288  6471  6471 I wpa_supplicant: wlan0: CTRL-EVENT-STATE-CHANGE id=0 state=0 BSSID=4dda06fec9ec8be7a SSID=582a906116
12-12 19:30:14.288   928  6472 I WifiMonitor: [Supplicant event:DISCONNECTED]  DATA: [ xxxx]
12-12 19:30:14.298  6753  6757 D abtfilt : WirelessCustomEvent ifIndex=4, eventid=1003
12-12 19:30:14.298  6753  6757 D abtfilt : WMI DISCONNECT: 14
12-12 19:30:14.298  6753  6757 D abtfilt : abfDelConnection : ifId:4 status=0
12-12 19:30:14.298  6753  6757 D abtfilt : <---------Dumping 10 Bytes : AFH Channel Classification Map ------>
12-12 19:30:14.298  6753  6757 D abtfilt : [H]: FF FF FF FF FF FF FF FF FF 7F 
12-12 19:30:14.298  6753  6757 D abtfilt : <------------------------------------------------->
12-12 19:30:14.298  6753  6757 I abtfilt : Waiting for HCI CMD Complete Event, Opcode: 0x0C3F (2000 MS) 
12-12 19:30:14.308  6679  6725 E BTC_COMMON: btc_process_client_command 
12-12 19:30:14.308  6679  6719 D bt_hci_bdroid: signal_event :0x8
12-12 19:30:14.308  6679  6714 D bt_hci_bdroid: bt_hc_worker_thread events : 0x8
12-12 19:30:14.308  6679  6714 D bt_hci_bdroid: bt_hc_worker_thread recvd HC_EVENT_TX
12-12 19:30:14.308  6679  6714 D bt_h4   : hci_h4_send_msg  
12-12 19:30:14.308  6679  6714 D bt_h4   : hci_h4_set_lpm : state : 1, lpm_Ind : 0 
12-12 19:30:14.308  6679  6714 E bt_vendor: lpm mode: 0  action: 2
12-12 19:30:14.308  6679  6714 I bt_vendor: UPIO_BT_WAKE
12-12 19:30:14.328   928   967 D Tethering: InitialState.processMessage what=4
12-12 19:30:14.328   928   967 D Tethering: sendTetherStateChangedBroadcast 0, 0, 0
12-12 19:30:14.338  5796 10113 D Aatp    : /task/5ff627223a2f69b66a7a86de3611d5cff1efab00/status
12-12 19:30:14.348   259   917 D CommandListener: Clearing all IP addresses on wlan0
12-12 19:30:14.348  6679  6714 I bt_vendor: BT_WAKE is set to asserted
12-12 19:30:14.348  6679  6714 I bt_vendor: proc btwrite assertion
12-12 19:30:14.348  6679  6714 D bt_h4   : lpm_start_timer  ,  timer_index : 0
12-12 19:30:14.348  6679  6714 D bt_h4   : lpm_state_machine.lpm_ack_lock :  Aquired
12-12 19:30:14.348  6679  6724 I bt_h4   : Command complete recvd for wake/sleep command
12-12 19:30:14.348  6679  6724 I bt_h4   : Stopped the timer: 0
12-12 19:30:14.348  6679  6724 I bt_h4   : Indicating Rx/Tx path to proceed with data transfer
12-12 19:30:14.348  6679  6724 D bt_hci_bdroid: signal_event :0x4
12-12 19:30:14.348  6679  6714 I bt_h4   : hci_h4_set_lpm: Received wake-ack from SOC: 1
12-12 19:30:14.348  6679  6714 I bt_h4   : Stopped the timer: 0
12-12 19:30:14.348  6679  6714 D bt_h4   : lpm_state_machine.lpm_ack_lock :  released
12-12 19:30:14.348  6679  6714 D bt_h4   : lpm_state_machine.lpm_state_lock :  released
12-12 19:30:14.348  6679  6714 D bt_hci_bdroid: bt_hc_worker_thread events : 0x4
12-12 19:30:14.348  6679  6714 D bt_h4   : hci_h4_receive_msg  
12-12 19:30:14.348  6679  6724 D bt_hci_bdroid: signal_event :0x4
12-12 19:30:14.348  6679  6714 D bt_hci_bdroid: bt_hc_worker_thread events : 0x4
12-12 19:30:14.348  6679  6714 D bt_h4   : hci_h4_receive_msg  
12-12 19:30:14.348  6753  6757 I abtfilt :  AFH Command successfully issued 
12-12 19:30:14.348  6679  6719 D bt_hci_bdroid: signal_event :0x80
12-12 19:30:14.348  6679  6719 D bt_hci_bdroid: signal_event :0x80
12-12 19:30:14.348  6679  6714 D bt_hci_bdroid: bt_hc_worker_thread events : 0x80
12-12 19:30:14.358   928   996 I WifiStateMachine: [DHCP INFO UPDATED (LinkProperties cleared)]  DATA: [ xxxx]
12-12 19:30:14.358   928   994 D RadioPowerPolicy: Wifi disconnected
12-12 19:30:14.358   928   994 I RadioPowerPolicy: Enabling mobile radio only if user preference is enabled(enabled) and airplane mode state is off(off)
12-12 19:30:14.358   928   994 I RadioPowerPolicy: Attempting to turn on Mobile Radio
12-12 19:30:14.358   928   994 I RadioPowerPolicy: Attempt 1: Unable to turn on radio. Trying again in 1000 milliseconds.
12-12 19:30:14.358   928  1297 I WifiStateMachine: [SUPPLICANT PING STATUS : true] 
12-12 19:30:14.358   928   999 D ConnectivityService: ConnectivityChange for WIFI: DISCONNECTED/DISCONNECTED
12-12 19:30:14.358   928   999 D ConnectivityService: tryFailover: set mActiveDefaultNetwork=-1, prevNetType=1
12-12 19:30:14.358   928   999 D ConnectivityService: Attempting to switch to BLUETOOTH_TETHER
12-12 19:30:14.358   928   999 D ConnectivityService: Attempting to switch to ETHERNET
12-12 19:30:14.368   928   961 W SharedAssetStorage: Launching com.amazon.securitysyncclient (32033) with AMZ_APP_GID
12-12 19:30:14.378   259   917 D CommandListener: Clearing all IP addresses on wlan0
12-12 19:30:14.378   928   999 D NetUtils: android_net_utils_resetConnections in env=0x60d04588 clazz=0x42200001 iface=wlan0 mask=0x3
12-12 19:30:14.378   928   999 D ConnectivityService: resetConnections(wlan0, 3)
12-12 19:30:14.378   928   961 I ActivityManager: Start proc com.amazon.securitysyncclient for broadcast com.amazon.securitysyncclient/.CRLSetNetworkChangeReceiver: pid=10127 uid=32033 gids={72033, 3003, 9001}
12-12 19:30:14.428   928   996 I WifiStateMachine: [DHCP INFO UPDATED (LinkProperties cleared)]  DATA: [ xxxx]
12-12 19:30:14.428  5796 10112 E WifiManager: Wifi removeNetwork called by com.amazon.aatp.aatpdevicemanager
12-12 19:30:14.428   928  1343 I WifiService: [REMOVE NETWORK Net id:0] 
12-12 19:30:14.428   928   996 I WifiConfigStore: [CONFIGURED NETWORKS LIST CHANGED (NETWORK REMOVED) Remaining number of networks:0]  DATA: [ xxxx]
12-12 19:30:14.438   928  1124 I WifiService: [SAVE CONFIGURATION command sent] 
12-12 19:30:14.438  5796 10112 D AWSDeviceFarmAndroidLib: setWifiEnabled: setting wifi to: false
12-12 19:30:14.438  5796 10112 E WifiManager: Wifi enable=false called by com.amazon.aatp.aatpdevicemanager
12-12 19:30:14.438   928  1351 D WifiService: setWifiEnabled: false pid=5796, uid=10000
12-12 19:30:14.478   928  1022 I SmartSuspendNetworkModule: WifiSettingsObserver: OnChange() self=false
12-12 19:30:14.478   928  1022 I SmartSuspendNetworkModule: handleWifiSettingsChanged()
12-12 19:30:14.478   928   941 W SharedAssetStorage: Launching com.amazon.kindleautomatictimezone (32081) with AMZ_APP_GID
12-12 19:30:14.478   928  1022 I SmartSuspendNetworkModule: getWifiToggleState = 0
12-12 19:30:14.478   928  1022 I SmartSuspendNetworkModule: getWifiToggleState = 0
12-12 19:30:14.478   928  1022 I SmartSuspendNetworkModule: storeOriginalWifiToggleStateLocked() state=0
12-12 19:30:14.478   928   996 E WifiStateMachine: Unexpected BatchedScanResults :null
12-12 19:30:14.488   928   941 I ActivityManager: Start proc com.amazon.kindleautomatictimezone for broadcast com.amazon.kindleautomatictimezone/.WifiStateChangeBroadcastReciever: pid=10149 uid=32081 gids={72081, 3003, 9001}
12-12 19:30:14.488   928   995 I WifiMonitor: [Disconnected from supplicant] 
12-12 19:30:14.488   928   941 I ActivityManager: Killing 6924:com.android.deskclock/u0a22100 (adj 12): empty #17
12-12 19:30:14.488   928   999 D Nat464Xlat: requiresClat: netType=1, hasIPv4Address=false
12-12 19:30:14.508   259   917 D CommandListener: Clearing all IP addresses on wlan0
12-12 19:30:14.508   928   996 I WifiStateMachine: [DHCP INFO UPDATED (LinkProperties cleared)]  DATA: [ xxxx]
12-12 19:30:14.518   928   996 I WifiStateMachine: [WIFI STATE CHANGED]  DATA: [ New State:disabling]
12-12 19:30:14.548  6753  6757 D abtfilt : WirelessCustomEvent ifIndex=118, eventid=4800
12-12 19:30:14.548  6471  6471 I wpa_supplicant: wlan0: CTRL-EVENT-TERMINATING 
12-12 19:30:14.548   928  6472 I WifiMonitor: [Supplicant event:TERMINATING]  DATA: [ xxxx]
12-12 19:30:14.548   928  6472 I WifiMonitor: [Disconnected from supplicant] 
12-12 19:30:14.558   928  1309 W SharedAssetStorage: Launching com.amazon.devicecontrol (1000) with AMZ_APP_GID
12-12 19:30:14.568   928  1309 I ActivityManager: Start proc com.amazon.devicecontrol for broadcast com.amazon.devicecontrol/com.amazon.robocop.rules.wifi.WifiStateChangeReceiver: pid=10167 uid=1000 gids={41000, 1028, 1015, 3002, 3001, 3003, 2001, 1021, 3004, 3005, 1000, 3009, 1023, 1010, 9001}
12-12 19:30:14.568   928  1309 I ActivityManager: Killing 6864:com.audible.application.kindle/u0a22103 (adj 12): empty #17
12-12 19:30:14.588 10167 10167 D dalvikvm: Good opt header, DEX offset is 64, flags=0x00
12-12 19:30:14.588 10167 10167 D dalvikvm: dalvik-aux-structure mapped at 0x604a2000 with sizes 16 716 216 108
12-12 19:30:14.588 10167 10167 D dalvikvm: Good opt header, DEX offset is 64, flags=0x00
12-12 19:30:14.588 10167 10167 D dalvikvm: dalvik-aux-structure mapped at 0x604a3000 with sizes 1808 1032 1236 300
12-12 19:30:14.588 10167 10167 D dalvikvm: Good opt header, DEX offset is 64, flags=0x00
12-12 19:30:14.588 10167 10167 D dalvikvm: dalvik-aux-structure mapped at 0x604af000 with sizes 752 564 744 248
12-12 19:30:14.588 10167 10167 D ProfileManager: Create ProfileManager instance
12-12 19:30:14.598 10167 10167 W ResourceType: No package identifier when getting value for resource number 0x00000000
12-12 19:30:14.598 10167 10167 I Dispatch: No dispatch information file found
12-12 19:30:14.598 10167 10167 W ContextImpl: Calling a method in the system process without a qualified user: android.app.ContextImpl.startService:1818 android.content.ContextWrapper.startService:529 android.content.ContextWrapper.startService:529 com.amazon.robocop.rules.wifi.WifiStateChangeReceiver.onReceive:34 android.app.ActivityThread.handleReceiver:2512 
12-12 19:30:14.608 10167 10179 I Enterprise.RuleHandlerService: onReceive
12-12 19:30:14.608 10167 10167 W ContextImpl: Calling a method in the system process without a qualified user: android.app.ContextImpl.startService:1818 android.content.ContextWrapper.startService:529 android.content.ContextWrapper.startService:529 com.amazon.robocop.rules.wifi.WifiStateChangeReceiver.onReceive:34 android.app.ActivityThread.handleReceiver:2512 
12-12 19:30:14.618 10167 10179 I Enterprise.RuleHandlerService: onReceive
12-12 19:30:14.638 10167 10180 I Enterprise.RuleHandlerService: onReceive
12-12 19:30:14.638 10167 10167 W ContextImpl: Calling a method in the system process without a qualified user: android.app.ContextImpl.startService:1818 android.content.ContextWrapper.startService:529 android.content.ContextWrapper.startService:529 com.amazon.robocop.rules.wifi.WifiStateChangeReceiver.onReceive:34 android.app.ActivityThread.handleReceiver:2512 
12-12 19:30:14.648   928  1378 I ActivityManager: Killing 6964:com.qualcomm.timeservice/1000 (adj 12): empty #17
12-12 19:30:14.658   928   996 I WifiStateMachine: [WIFI STATE CHANGED]  DATA: [ New State:disabled]
12-12 19:30:14.878  6753  6757 I abtfilt : BT Filter Core : WLAN removed 
12-12 19:30:14.878  6753  6757 I abtfilt : WLAN Adapter Removed
12-12 19:30:14.878   259   912 W Netd    : No subsystem found in netlink event
12-12 19:30:14.878   259   912 D NetlinkEvent: Unexpected netlink message. type=0x11
12-12 19:30:14.898  6753  6757 D abtfilt : WLAN Adapter Interface: p2p0, Len: 5
12-12 19:30:14.908   259   912 W Netd    : No subsystem found in netlink event
12-12 19:30:14.908   259   912 D NetlinkEvent: Unexpected netlink message. type=0x11
12-12 19:30:15.348  6679  6729 D bt_hci_bdroid: signal_event :0x100
12-12 19:30:15.348  6679  6714 D bt_hci_bdroid: bt_hc_worker_thread events : 0x100
12-12 19:30:15.348  6679  6714 I bt_hci_bdroid: ro.qualcomm.bt.hci_transport not set, so using default.
12-12 19:30:15.348  6679  6714 D bt_h4   : hci_h4_set_lpm : state : 0, lpm_Ind : 1 
12-12 19:30:15.348  6679  6714 D bt_h4   : lpm_start_timer  ,  timer_index : 1
12-12 19:30:15.348  6679  6714 D bt_h4   : lpm_state_machine.lpm_ack_lock :  Aquired
12-12 19:30:15.348  6679  6724 I bt_h4   : Command complete recvd for wake/sleep command
12-12 19:30:15.348  6679  6724 I bt_h4   : Stopped the timer: 1
12-12 19:30:15.348  6679  6724 I bt_h4   : Indicating Rx/Tx path to proceed with data transfer
12-12 19:30:15.348  6679  6724 D bt_hci_bdroid: signal_event :0x4
12-12 19:30:15.348  6679  6714 I bt_h4   : hci_h4_set_lpm: Received wake-ack from SOC : 1
12-12 19:30:15.348  6679  6714 I bt_h4   : Stopped the timer: 1
12-12 19:30:15.348  6679  6714 E bt_vendor: lpm mode: 0  action: 1
12-12 19:30:15.348  6679  6714 I bt_vendor: UPIO_BT_WAKE
12-12 19:30:15.358  6679  6714 I bt_vendor: BT_WAKE is set to de-asserted
12-12 19:30:15.358  6679  6714 I bt_vendor: proc btwrite assertion
12-12 19:30:15.358  6679  6714 D bt_h4   : lpm_state_machine.lpm_ack_lock :  released
12-12 19:30:15.368   928   994 I RadioPowerPolicy: Attempt 2: Unable to turn on radio. Trying again in 1000 milliseconds.
12-12 19:30:15.368  6679  6714 D bt_h4   : lpm_state_machine.lpm_state_lock :  released
12-12 19:30:15.368  6679  6714 D bt_hci_bdroid: bt_hc_worker_thread events : 0x4
12-12 19:30:15.368  6679  6714 D bt_h4   : hci_h4_receive_msg  
12-12 19:30:15.368  6679  6719 D bt_hci_bdroid: signal_event :0x80
12-12 19:30:15.368  6679  6719 D bt_hci_bdroid: signal_event :0x80
12-12 19:30:15.368  6679  6714 D bt_hci_bdroid: bt_hc_worker_thread events : 0x80
12-12 19:30:15.398  5796 10199 D Aatp    : /task/5ff627223a2f69b66a7a86de3611d5cff1efab00/status
12-12 19:30:15.478  5796 10112 D AWSDeviceFarmAndroidLib: setWifiEnabled: wifi is: false
12-12 19:30:15.478  5796  5796 D AatpDeviceManager: taskStatus update (5ff627223a2f69b66a7a86de3611d5cff1efab00: {"result":"Wifi enabled: false","state":2})
12-12 19:30:16.368  6679  6729 D bt_hci_bdroid: signal_event :0x100
12-12 19:30:16.368   928   994 I RadioPowerPolicy: Attempt 3: Unable to turn on radio. Trying again in 1000 milliseconds.
12-12 19:30:16.368  6679  6714 D bt_hci_bdroid: bt_hc_worker_thread events : 0x100
12-12 19:30:16.368  6679  6714 I bt_hci_bdroid: ro.qualcomm.bt.hci_transport not set, so using default.
12-12 19:30:16.368  6679  6714 D bt_h4   : hci_h4_set_lpm : state : 1, lpm_Ind : 1 
12-12 19:30:16.368  6679  6714 D bt_h4   : hci_h4_set_lpm : ** SAME **Current state and the Requested states are same   
12-12 19:30:16.478  5796 10200 D Aatp    : /task/5ff627223a2f69b66a7a86de3611d5cff1efab00/status
12-12 19:30:16.608  5796 10201 D Aatp    : /bluetooth
12-12 19:30:16.658  5796 10201 D Aatp    : sha1: f3f7a0e553899ae72de3c9b9a8e72235c1afa248
12-12 19:30:16.658  5796 10201 D AatpDeviceManager: k: enabled v: False
12-12 19:30:16.658  5796 10201 D AatpDeviceManager: k: NanoHttpd.QUERY_STRING v: enabled=False
12-12 19:30:16.668  5796 10201 D Aatp    : /task/f3f7a0e553899ae72de3c9b9a8e72235c1afa248
12-12 19:30:16.678  5796  5796 D AatpDeviceManager: taskStatus update (f3f7a0e553899ae72de3c9b9a8e72235c1afa248: {"state":1})
12-12 19:30:16.678  5796 10202 D AWSDeviceFarmAndroidLib: setEnabled: enabled: false
12-12 19:30:16.678  5796 10202 D AWSDeviceFarmAndroidLib: setEnabled: setting bluetooth to: false
12-12 19:30:16.678   928  1297 D BluetoothManagerService: disable()
12-12 19:30:16.678   928  1297 D BluetoothManagerService: checkIfCallerIsForegroundUser: valid=true callingUser=0 foregroundUser=0
12-12 19:30:16.678   928  1297 D BluetoothManagerService: enterpriseAwareDisable(): mBluetooth = android.bluetooth.IBluetooth$Stub$Proxy@426ea5d0 mBinding = false
12-12 19:30:16.718   928   967 D BluetoothManagerService: Message: 2
12-12 19:30:16.718  6679  6690 D BluetoothAdapterService(1102253160): getState(): mAdapterProperties: com.android.bluetooth.btservice.AdapterProperties@41b32d48
12-12 19:30:16.718   928   967 D BluetoothManagerService: Sending off request.
12-12 19:30:16.718  6679  6689 D BluetoothAdapterService(1102253160): disable() called...
12-12 19:30:16.718  6679  6694 D BluetoothAdapterState: CURRENT_STATE=ON, MESSAGE = USER_TURN_OFF
12-12 19:30:16.718  6679  6694 D BluetoothAdapterProperties: Setting state to 13
12-12 19:30:16.718  6679  6694 I BluetoothAdapterState: Bluetooth adapter state changed: 12-> 13
12-12 19:30:16.718  6679  6694 D BluetoothAdapterService: Broadcasting updateAdapterState() to 1 receivers.
12-12 19:30:16.718  6679  6694 D BluetoothAdapterProperties: onBluetoothDisable()
12-12 19:30:16.718  6679  6719 D bt_hci_bdroid: signal_event :0x8
12-12 19:30:16.718  6679  6714 D bt_hci_bdroid: bt_hc_worker_thread events : 0x8
12-12 19:30:16.718  6679  6714 D bt_hci_bdroid: bt_hc_worker_thread recvd HC_EVENT_TX
12-12 19:30:16.718  6679  6714 D bt_h4   : hci_h4_send_msg  
12-12 19:30:16.718  6679  6714 D bt_h4   : hci_h4_set_lpm : state : 1, lpm_Ind : 0 
12-12 19:30:16.718  6679  6714 E bt_vendor: lpm mode: 0  action: 2
12-12 19:30:16.718  6679  6714 I bt_vendor: UPIO_BT_WAKE
12-12 19:30:16.728  6679  6696 I BluetoothAdapterProperties: adapterPropertyChangedCallback with type:7 len:4
12-12 19:30:16.728  6679  6696 D BluetoothAdapterProperties: Scan Mode:20
12-12 19:30:16.728  6679  6694 I BluetoothAdapterState: Entering PendingCommandState State: isTurningOn()=false, isTurningOff()=true
12-12 19:30:16.738  6679  6690 D BluetoothAdapterService(1102253160): getState(): mAdapterProperties: com.android.bluetooth.btservice.AdapterProperties@41b32d48
12-12 19:30:16.738  6679  6694 D BluetoothAdapterState: CURRENT_STATE=PENDING, MESSAGE = BEGIN_DISABLE, isTurningOn=false, isTurningOff=true
12-12 19:30:16.738  6679  6719 W bt-btif : bta_dm_disable BTA_DISABLE_DELAY set to 200 ms
12-12 19:30:16.738  6679  6719 D bt-btif : AV Sevent(0x41)=0x120a(API_CLOSE) state=0(INIT)
12-12 19:30:16.738  6679  6719 W bt-l2cap: L2CAP - L2CA_Deregister() called for PSM: 0x0019
12-12 19:30:16.738  6679  6719 W bt-l2cap: L2CAP - L2CA_Deregister() called for PSM: 0x0017
12-12 19:30:16.738  6679  6719 W bt-l2cap: L2CAP - L2CA_Deregister() called for PSM: 0x0019
12-12 19:30:16.738  6679  6719 W bt-l2cap: L2CAP - PSM: 0x0019 not found for deregistration
12-12 19:30:16.738  6679  6719 W bt-l2cap: L2CAP - L2CA_Deregister() called for PSM: 0x0017
12-12 19:30:16.738  6679  6719 W bt-l2cap: L2CAP - PSM: 0x0017 not found for deregistration
12-12 19:30:16.738  6679  6719 W bt-l2cap: L2CAP - L2CA_Deregister() called for PSM: 0x0011
12-12 19:30:16.738  6679  6719 W bt-l2cap: L2CAP - L2CA_Deregister() called for PSM: 0x0013
12-12 19:30:16.738  6679  6719 E bt-btif : bta_gattc_deregister Deregister Failedm unknown client cif
12-12 19:30:16.738  6679  6694 D btif_config_util: btif_config_save_file(L188): in file name:/data/misc/bluedroid/bt_config.new
12-12 19:30:16.738   928   967 D BluetoothManagerService: Message: 60
12-12 19:30:16.738   928   967 D BluetoothManagerService: MESSAGE_BLUETOOTH_STATE_CHANGE: prevState = 12, newState=13
12-12 19:30:16.738   928   967 D BluetoothManagerService: Bluetooth State Change Intent: 12 -> 13
12-12 19:30:16.748   928   961 W SharedAssetStorage: Launching com.android.settings (1000) with AMZ_APP_GID
12-12 19:30:16.748   928   961 W BroadcastQueue: Permission Denial: receiving Intent { act=android.bluetooth.adapter.action.STATE_CHANGED flg=0x14000010 (has extras) } to ProcessRecord{423f8250 3027:com.amazon.whisperplay.cds:cds_services/u0a22006} (pid=3027, uid=32006) requires android.permission.BLUETOOTH due to sender android (uid 1000)
12-12 19:30:16.748  6679 10205 D BluetoothAdapterService(1102253160): getState(): mAdapterProperties: com.android.bluetooth.btservice.AdapterProperties@41b32d48
12-12 19:30:16.758   928   961 I ActivityManager: Start proc com.android.settings for broadcast com.android.settings/.bluetooth.DockEventReceiver: pid=10206 uid=1000 gids={41000, 1028, 1015, 3002, 3001, 3003, 2001, 1021, 3004, 3005, 1000, 3009, 1023, 1010, 9001}
12-12 19:30:16.768  6679  6714 I bt_vendor: BT_WAKE is set to asserted
12-12 19:30:16.768  6679  6714 I bt_vendor: proc btwrite assertion
12-12 19:30:16.768  6679  6714 D bt_h4   : lpm_start_timer  ,  timer_index : 0
12-12 19:30:16.768  6679  6714 D bt_h4   : lpm_state_machine.lpm_ack_lock :  Aquired
12-12 19:30:16.768  6679  6724 I bt_h4   : Command complete recvd for wake/sleep command
12-12 19:30:16.768  6679  6724 I bt_h4   : Stopped the timer: 0
12-12 19:30:16.768  6679  6724 I bt_h4   : Indicating Rx/Tx path to proceed with data transfer
12-12 19:30:16.768  6679  6724 D bt_hci_bdroid: signal_event :0x4
12-12 19:30:16.768  6679  6714 I bt_h4   : hci_h4_set_lpm: Received wake-ack from SOC: 1
12-12 19:30:16.768  6679  6714 I bt_h4   : Stopped the timer: 0
12-12 19:30:16.768  6679  6714 D bt_h4   : lpm_state_machine.lpm_ack_lock :  released
12-12 19:30:16.768  6679  6714 D bt_h4   : lpm_state_machine.lpm_state_lock :  released
12-12 19:30:16.768  6679  6714 D bt_hci_bdroid: bt_hc_worker_thread events : 0x4
12-12 19:30:16.768  6679  6714 D bt_h4   : hci_h4_receive_msg  
12-12 19:30:16.768  6679  6719 D bt_hci_bdroid: signal_event :0x8
12-12 19:30:16.768  6679  6714 D bt_hci_bdroid: bt_hc_worker_thread events : 0x8
12-12 19:30:16.768  6679  6714 D bt_hci_bdroid: bt_hc_worker_thread recvd HC_EVENT_TX
12-12 19:30:16.768  6679  6714 D bt_h4   : hci_h4_send_msg  
12-12 19:30:16.768  6679  6714 D bt_h4   : hci_h4_set_lpm : state : 0, lpm_Ind : 0 
12-12 19:30:16.768  6679  6714 D bt_h4   : hci_h4_set_lpm : ** SAME **Current state and the Requested states are same   
12-12 19:30:16.768  6679  6724 D bt_hci_bdroid: signal_event :0x4
12-12 19:30:16.768  6679  6714 D bt_hci_bdroid: bt_hc_worker_thread events : 0x4
12-12 19:30:16.768  6679  6714 D bt_h4   : hci_h4_receive_msg  
12-12 19:30:16.768  6679  6719 D bt_hci_bdroid: signal_event :0x8
12-12 19:30:16.768  6679  6714 D bt_hci_bdroid: bt_hc_worker_thread events : 0x8
12-12 19:30:16.768  6679  6714 D bt_hci_bdroid: bt_hc_worker_thread recvd HC_EVENT_TX
12-12 19:30:16.768  6679  6714 D bt_h4   : hci_h4_send_msg  
12-12 19:30:16.768  6679  6724 D bt_hci_bdroid: signal_event :0x4
12-12 19:30:16.768  6679  6714 D bt_h4   : hci_h4_set_lpm : state : 0, lpm_Ind : 0 
12-12 19:30:16.768  6679  6714 D bt_h4   : hci_h4_set_lpm : ** SAME **Current state and the Requested states are same   
12-12 19:30:16.768  6679  6714 D bt_hci_bdroid: bt_hc_worker_thread events : 0x4
12-12 19:30:16.768  6679  6714 D bt_h4   : hci_h4_receive_msg  
12-12 19:30:16.768  6679  6719 D bt_hci_bdroid: signal_event :0x8
12-12 19:30:16.768  6679  6714 D bt_hci_bdroid: bt_hc_worker_thread events : 0x8
12-12 19:30:16.768  6679  6714 D bt_hci_bdroid: bt_hc_worker_thread recvd HC_EVENT_TX
12-12 19:30:16.768  6679  6714 D bt_h4   : hci_h4_send_msg  
12-12 19:30:16.768  6679  6714 D bt_h4   : hci_h4_set_lpm : state : 0, lpm_Ind : 0 
12-12 19:30:16.768  6679  6714 D bt_h4   : hci_h4_set_lpm : ** SAME **Current state and the Requested states are same   
12-12 19:30:16.768  6679  6724 D bt_hci_bdroid: signal_event :0x4
12-12 19:30:16.768  6679  6714 D bt_hci_bdroid: bt_hc_worker_thread events : 0x4
12-12 19:30:16.768  6679  6714 D bt_h4   : hci_h4_receive_msg  
12-12 19:30:16.768  6679  6719 D bt_hci_bdroid: signal_event :0x8
12-12 19:30:16.768  6679  6714 D bt_hci_bdroid: bt_hc_worker_thread events : 0x8
12-12 19:30:16.768  6679  6714 D bt_hci_bdroid: bt_hc_worker_thread recvd HC_EVENT_TX
12-12 19:30:16.768  6679  6714 D bt_h4   : hci_h4_send_msg  
12-12 19:30:16.768  6679  6714 D bt_h4   : hci_h4_set_lpm : state : 0, lpm_Ind : 0 
12-12 19:30:16.768  6679  6714 D bt_h4   : hci_h4_set_lpm : ** SAME **Current state and the Requested states are same   
12-12 19:30:16.768  6679  6724 D bt_hci_bdroid: signal_event :0x4
12-12 19:30:16.768  6679  6714 D bt_hci_bdroid: bt_hc_worker_thread events : 0x4
12-12 19:30:16.768  6679  6714 D bt_h4   : hci_h4_receive_msg  
12-12 19:30:16.768  6679  6719 D bt_hci_bdroid: signal_event :0x8
12-12 19:30:16.768  6679  6714 D bt_hci_bdroid: bt_hc_worker_thread events : 0x8
12-12 19:30:16.768  6679  6714 D bt_hci_bdroid: bt_hc_worker_thread recvd HC_EVENT_TX
12-12 19:30:16.768  6679  6714 D bt_h4   : hci_h4_send_msg  
12-12 19:30:16.768  6679  6724 D bt_hci_bdroid: signal_event :0x4
12-12 19:30:16.768  6679  6714 D bt_h4   : hci_h4_set_lpm : state : 0, lpm_Ind : 0 
12-12 19:30:16.768  6679  6714 D bt_h4   : hci_h4_set_lpm : ** SAME **Current state and the Requested states are same   
12-12 19:30:16.768  6679  6714 D bt_hci_bdroid: bt_hc_worker_thread events : 0x4
12-12 19:30:16.768  6679  6714 D bt_h4   : hci_h4_receive_msg  
12-12 19:30:16.768  6679  6719 D bt_hci_bdroid: signal_event :0x8
12-12 19:30:16.768  6679  6714 D bt_hci_bdroid: bt_hc_worker_thread events : 0x8
12-12 19:30:16.768  6679  6714 D bt_hci_bdroid: bt_hc_worker_thread recvd HC_EVENT_TX
12-12 19:30:16.768  6679  6714 D bt_h4   : hci_h4_send_msg  
12-12 19:30:16.768  6679  6714 D bt_h4   : hci_h4_set_lpm : state : 0, lpm_Ind : 0 
12-12 19:30:16.768  6679  6714 D bt_h4   : hci_h4_set_lpm : ** SAME **Current state and the Requested states are same   
12-12 19:30:16.768  6679  6724 D bt_hci_bdroid: signal_event :0x4
12-12 19:30:16.768  6679  6714 D bt_hci_bdroid: bt_hc_worker_thread events : 0x4
12-12 19:30:16.768  6679  6714 D bt_h4   : hci_h4_receive_msg  
12-12 19:30:16.768  6679  6719 D bt_hci_bdroid: signal_event :0x8
12-12 19:30:16.768  6679  6714 D bt_hci_bdroid: bt_hc_worker_thread events : 0x8
12-12 19:30:16.768  6679  6714 D bt_hci_bdroid: bt_hc_worker_thread recvd HC_EVENT_TX
12-12 19:30:16.768  6679  6714 D bt_h4   : hci_h4_send_msg  
12-12 19:30:16.768  6679  6714 D bt_h4   : hci_h4_set_lpm : state : 0, lpm_Ind : 0 
12-12 19:30:16.768  6679  6724 D bt_hci_bdroid: signal_event :0x4
12-12 19:30:16.768  6679  6714 D bt_h4   : hci_h4_set_lpm : ** SAME **Current state and the Requested states are same   
12-12 19:30:16.768  6679  6714 D bt_hci_bdroid: bt_hc_worker_thread events : 0x4
12-12 19:30:16.768  6679  6714 D bt_h4   : hci_h4_receive_msg  
12-12 19:30:16.768  6679  6724 D bt_hci_bdroid: signal_event :0x4
12-12 19:30:16.768  6679  6714 D bt_hci_bdroid: bt_hc_worker_thread events : 0x4
12-12 19:30:16.768  6679  6714 D bt_h4   : hci_h4_receive_msg  
12-12 19:30:16.768  6679  6719 D bt_hci_bdroid: signal_event :0x80
12-12 19:30:16.768  6679  6719 D bt_hci_bdroid: signal_event :0x80
12-12 19:30:16.768  6679  6714 D bt_hci_bdroid: bt_hc_worker_thread events : 0x80
12-12 19:30:16.798 10206 10206 W dalvikvm: Refusing to reopen boot DEX '/system/framework/eaclibrary.jar'
12-12 19:30:16.798 10206 10206 D dalvikvm: Good opt header, DEX offset is 64, flags=0x00
12-12 19:30:16.798 10206 10206 D dalvikvm: dalvik-aux-structure mapped at 0x60e17000 with sizes 1992 2188 3416 1324
12-12 19:30:16.808 10206 10206 D dalvikvm: Good opt header, DEX offset is 64, flags=0x00
12-12 19:30:16.808 10206 10206 D dalvikvm: dalvik-aux-structure mapped at 0x60e1c000 with sizes 13436 5304 11424 3896
12-12 19:30:16.808 10206 10206 D dalvikvm: Good opt header, DEX offset is 64, flags=0x00
12-12 19:30:16.808 10206 10206 D dalvikvm: dalvik-aux-structure mapped at 0x6169d000 with sizes 40520 26084 53968 12536
12-12 19:30:16.808 10206 10206 D dalvikvm: Good opt header, DEX offset is 64, flags=0x00
12-12 19:30:16.808 10206 10206 D dalvikvm: dalvik-aux-structure mapped at 0x60e26000 with sizes 696 840 960 188
12-12 19:30:16.808 10206 10206 D dalvikvm: Good opt header, DEX offset is 64, flags=0x00
12-12 19:30:16.808 10206 10206 D dalvikvm: dalvik-aux-structure mapped at 0x60fc0000 with sizes 1452 716 1504 908
12-12 19:30:16.808 10206 10206 D dalvikvm: Good opt header, DEX offset is 64, flags=0x00
12-12 19:30:16.808 10206 10206 D dalvikvm: dalvik-aux-structure mapped at 0x60fc2000 with sizes 752 564 744 248
12-12 19:30:16.808 10206 10206 D dalvikvm: Good opt header, DEX offset is 64, flags=0x00
12-12 19:30:16.808 10206 10206 D dalvikvm: dalvik-aux-structure mapped at 0x60fc4000 with sizes 164 364 528 88
12-12 19:30:16.808 10206 10206 D ProfileManager: Create ProfileManager instance
12-12 19:30:16.818  5796 10216 D Aatp    : /task/f3f7a0e553899ae72de3c9b9a8e72235c1afa248/status
12-12 19:30:16.818 10206 10206 W ActivityThread: ClassLoader.loadClass: The class loader returned by Thread.getContextClassLoader() may fail for processes that host multiple applications. You should explicitly specify a context class loader. For example: Thread.setContextClassLoader(getClass().getClassLoader());
12-12 19:30:16.828 10206 10206 W ResourceType: No package identifier when getting value for resource number 0x00000000
12-12 19:30:16.828 10206 10206 I Dispatch: No dispatch information file found
12-12 19:30:16.848 10206 10206 W ContextImpl: Calling a method in the system process without a qualified user: android.app.ContextImpl.startService:1818 android.content.ContextWrapper.startService:529 android.content.ContextWrapper.startService:529 com.android.settings.bluetooth.DockEventReceiver.beginStartingService:134 com.android.settings.bluetooth.DockEventReceiver.onReceive:115 
12-12 19:30:16.858   928   967 D BluetoothManagerService: Message: 20
12-12 19:30:16.858   928   967 D BluetoothManagerService: Added callback: android.bluetooth.IBluetoothManagerCallback$Stub$Proxy@426e9f88:true
12-12 19:30:16.858  6679  6689 D BluetoothAdapterService(1102253160): getState(): mAdapterProperties: com.android.bluetooth.btservice.AdapterProperties@41b32d48
12-12 19:30:16.858   928   967 D BluetoothManagerService: Message: 30
12-12 19:30:16.858   928   967 D BluetoothManagerService: Message: 30
12-12 19:30:16.858 10206 10206 W ContextImpl: Calling a method in the system process without a qualified user: android.app.ContextImpl.bindService:1882 android.content.ContextWrapper.bindService:552 android.bluetooth.BluetoothInputDevice.doBind:308 android.bluetooth.BluetoothInputDevice.<init>:301 android.bluetooth.BluetoothAdapter.getProfileProxy:1424 
12-12 19:30:16.868 10206 10206 E BluetoothPan: Could not bind to Bluetooth Pan Service with Intent { act=android.bluetooth.IBluetoothPan }
12-12 19:30:16.868 10206 10206 D LocalBluetoothProfileManager: Adding local MAP profile
12-12 19:30:16.868 10206 10206 D BluetoothMap: Create BluetoothMap proxy object
12-12 19:30:16.868   928   967 D BluetoothManagerService: Message: 30
12-12 19:30:16.868 10206 10206 E BluetoothMap: Could not bind to Bluetooth MAP Service with Intent { act=android.bluetooth.IBluetoothMap }
12-12 19:30:16.868   928   967 D BluetoothManagerService: Message: 30
12-12 19:30:16.868 10206 10206 E BluetoothPbap: Could not bind to Bluetooth Pbap Service with Intent { act=android.bluetooth.IBluetoothPbap }
12-12 19:30:16.868 10206 10206 D LocalBluetoothProfileManager: LocalBluetoothProfileManager construction complete
12-12 19:30:16.868 10206 10206 D DockEventReceiver: finishStartingService: stopping service
12-12 19:30:16.878 10206 10206 D BluetoothInputDevice: Proxy object connected
12-12 19:30:16.878 10206 10206 D HidProfile: Bluetooth service connected
12-12 19:30:16.878  6679 10205 D BluetoothAdapterService(1102253160): getState(): mAdapterProperties: com.android.bluetooth.btservice.AdapterProperties@41b32d48
12-12 19:30:16.878   928  1309 I ActivityManager: Killing 6937:com.android.providers.calendar/u0a22102 (adj 12): empty #17
12-12 19:30:16.928  6679  6696 D bt_hci_bdroid: signal_event :0x20
12-12 19:30:16.928  6679  6696 D bt_hci_bdroid: cleanup
12-12 19:30:16.928  6679  6696 D bt_hci_bdroid: signal_event :0x400
12-12 19:30:16.928  6679  6714 D bt_hci_bdroid: bt_hc_worker_thread events : 0x20
12-12 19:30:16.928  6679  6714 E bt_vendor: lpm mode: 2  action: 1
12-12 19:30:16.928  6679  6714 I bt_vendor: UPIO_LPM_MODE
12-12 19:30:16.938  6679  6726 I bt_h4   : Received message payload: hostisdown, ret: 44
12-12 19:30:16.938  6679  6726 I bt_h4   : 
12-12 19:30:16.938  6679  6726 I bt_h4   : host_wake_read_thread exited
12-12 19:30:16.938  6679  6719 W bt-l2cap: L2CAP - L2CA_Deregister() called for PSM: 0x0019
12-12 19:30:16.938  6679  6719 W bt-l2cap: L2CAP - PSM: 0x0019 not found for deregistration
12-12 19:30:16.938  6679  6714 E bt_vendor: LPM is set to disabled
12-12 19:30:16.938  6679  6719 W bt-l2cap: L2CAP - L2CA_Deregister() called for PSM: 0x0017
12-12 19:30:16.938  6679  6714 D bt_hci_bdroid: bt_hc_worker_thread events : 0x400
12-12 19:30:16.938  6679  6714 E bt_hci_bdroid: bt_hc_worker_thread HC_EVENT_EPILOG
12-12 19:30:16.938  6679  6719 W bt-l2cap: L2CAP - PSM: 0x0017 not found for deregistration
12-12 19:30:16.938  6679  6714 D bt_hci_bdroid: signal_event :0x200
12-12 19:30:16.938  6679  6714 D bt_hci_bdroid: bt_hc_worker_thread events : 0x200
12-12 19:30:16.938  6679  6719 W bt-l2cap: L2CAP - L2CA_Deregister() called for PSM: 0x0019
12-12 19:30:16.938  6679  6714 I bt_hci_bdroid: bt_hc_worker_thread exiting
12-12 19:30:16.938  6679  6719 W bt-l2cap: L2CAP - PSM: 0x0019 not found for deregistration
12-12 19:30:16.938  6679  6719 W bt-l2cap: L2CAP - L2CA_Deregister() called for PSM: 0x0017
12-12 19:30:16.938  6679  6724 W bt_userial: select_read return size <=0:-1, exiting userial_read_thread
12-12 19:30:16.938  6679  6719 W bt-l2cap: L2CAP - PSM: 0x0017 not found for deregistration
12-12 19:30:16.938  6679  6719 W bt-l2cap: L2CAP - L2CA_Deregister() called for PSM: 0x0019
12-12 19:30:16.938  6679  6719 W bt-l2cap: L2CAP - PSM: 0x0019 not found for deregistration
12-12 19:30:16.938  6679  6696 I bt_vendor: bt-vendor : BT_VND_OP_USERIAL_CLOSE btSocType: 2
12-12 19:30:16.938  6679  6696 I bt_vendor: device fd = 84 close
12-12 19:30:16.938  6679  6719 W bt-l2cap: L2CAP - L2CA_Deregister() called for PSM: 0x0017
12-12 19:30:16.938  6679  6719 W bt-l2cap: L2CAP - PSM: 0x0017 not found for deregistration
12-12 19:30:16.938  6679  6719 E bt-btif : bta_gattc_deregister Deregister Failedm unknown client cif
12-12 19:30:16.938  6679  6696 D bt_h4   : hci_h4_cleanup
12-12 19:30:16.938  6679  6696 I bt_h4   :  Closing fd_athlpm before exiting 92 ==>
12-12 19:30:16.938  6679  6696 I bt_h4   :  Closing fd_athlpm  ==>
12-12 19:30:16.938  6679  6696 D BTSNOOP-DISP: btsnoop_close
12-12 19:30:16.938  6679  6696 I bt_vendor: cleanup
12-12 19:30:16.938  6679  6696 D bt_hci_bdroid: set_power 0
12-12 19:30:16.938  6679  6696 I bt_vendor: bt-vendor : BT_VND_OP_POWER_CTRL: Off
12-12 19:30:16.938  6679  6696 I bt_vendor: bt_powerup: 0
12-12 19:30:17.378   928   994 I RadioPowerPolicy: Attempt 4: Unable to turn on radio. Trying again in 1000 milliseconds.
12-12 19:30:17.418  6679  6696 E bt_vendor: bt_wait_for_service_done: check
12-12 19:30:17.418  6679  6696 E bt_vendor: Write 0 to rfkill
12-12 19:30:17.508   928   967 D Tethering: MasterInitialState.processMessage what=3
12-12 19:30:17.508   928  1130 D ConnectivityService: setProvNotificationVisible: E visible=false networkType=1 extraInfo= url=null
12-12 19:30:17.518   928   961 W SharedAssetStorage: Launching com.amazon.webapp (32096) with AMZ_APP_GID
12-12 19:30:17.528  6679  6696 E bt_vendor: Stopping HCI filter as part of CTRL:OFF
12-12 19:30:17.528  6679  6696 E bt_vendor: bt get wifi status: unloaded, isInit: 0
12-12 19:30:17.528  6679  6696 I bt_vendor: bt_powerup: BT_VND_PWR_OFF
12-12 19:30:17.558   928   961 I ActivityManager: Start proc com.amazon.webapp for broadcast com.amazon.webapp/.deviceevents.ConnectivityChangeReceiver: pid=10251 uid=32096 gids={72096, 3003, 1028, 1015, 9001}
12-12 19:30:17.718  5796 10202 D AWSDeviceFarmAndroidLib: setEnabled: bt is: false
12-12 19:30:17.718  5796  5796 D AatpDeviceManager: taskStatus update (f3f7a0e553899ae72de3c9b9a8e72235c1afa248: {"result":"Bluetooth enabled: false","state":2})
12-12 19:30:17.728  6679  6719 I GKI_LINUX: gki_task_entry: gki_task task_id=0 [BTU] terminating
12-12 19:30:17.728  6679  6696 I GKI_LINUX: GKI_exit_task: GKI_exit_task 0 done
12-12 19:30:17.738  6679  6696 I GKI_LINUX: GKI_destroy_task: GKI_shutdown(): task [BTU] terminated
12-12 19:30:17.748  6679  6694 D BluetoothAdapterState: CURRENT_STATE=PENDING, MESSAGE = DISABLED, isTurningOn=false, isTurningOff=true
12-12 19:30:17.748  6679  6694 D BluetoothAdapterService: mProfilesStarted : true supportedProfileServices.length : 3
12-12 19:30:17.748  6679  6694 W BluetoothAdapterService: Stopping service com.android.bluetooth.a2dp.A2dpService
12-12 19:30:17.748  6679  6694 W BluetoothAdapterService: Stopping service com.android.bluetooth.hid.HidService
12-12 19:30:17.748  6679  6679 D A2dpService: Received stop request...Stopping profile...
12-12 19:30:17.748  6679  6710 D A2dpStateMachine: Exit Disconnected: -1
12-12 19:30:17.748  6679  6679 D BluetoothAdapterService: getAdapterService(): returning com.android.bluetooth.btservice.AdapterService@41b30c68
12-12 19:30:17.758   928   928 D BluetoothA2dp: Proxy object disconnected
12-12 19:30:17.758  6679  6694 W BluetoothAdapterService: Stopping service com.android.bluetooth.gatt.GattService
12-12 19:30:17.758  6679  6679 D BluetoothAdapterService(1102253160): Message: 1
12-12 19:30:17.758  6679  6679 D BluetoothAdapterService(1102253160): MESSAGE_PROFILE_SERVICE_STATE_CHANGED
12-12 19:30:17.758  6679  6679 D BluetoothAdapterService: onProfileServiceStateChange: serviceName=com.android.bluetooth.a2dp.A2dpService, state = 10, doUpdate = true
12-12 19:30:17.758  6679  6679 D BluetoothAdapterService: Profile still running: com.android.bluetooth.hid.HidService
12-12 19:30:17.758  6679  6694 D BluetoothAdapterState: Stopping profile services that were post enabled
12-12 19:30:17.758  6679  6679 D HidService: Received stop request...Stopping profile...
12-12 19:30:17.758  6679  6679 D BluetoothAdapterService: getAdapterService(): returning com.android.bluetooth.btservice.AdapterService@41b30c68
12-12 19:30:17.758  6679  6711 I GKI_LINUX: gki_task_entry: gki_task task_id=2 [A2DP-MEDIA] terminating
12-12 19:30:17.758  6679  6679 I GKI_LINUX: GKI_exit_task: GKI_exit_task 2 done
12-12 19:30:17.758  6679  6679 I GKI_LINUX: GKI_destroy_task: GKI_shutdown(): task [A2DP-MEDIA] terminated
12-12 19:30:17.758  6679  6679 D BtGatt.DebugUtils: handleDebugAction() action=null
12-12 19:30:17.758  6679  6679 D BtGatt.GattService: Received stop request...Stopping profile...
12-12 19:30:17.758  6679  6679 D BtGatt.GattService: stop()
12-12 19:30:17.758  6679  6679 D BluetoothAdapterService: getAdapterService(): returning com.android.bluetooth.btservice.AdapterService@41b30c68
12-12 19:30:17.758 10206 10206 D BluetoothInputDevice: Proxy object disconnected
12-12 19:30:17.758 10206 10206 D HidProfile: Bluetooth service disconnected
12-12 19:30:17.758  6679  6679 D BluetoothAdapterService(1102253160): Message: 1
12-12 19:30:17.758  6679  6679 D BluetoothAdapterService(1102253160): MESSAGE_PROFILE_SERVICE_STATE_CHANGED
12-12 19:30:17.758  6679  6679 D BluetoothAdapterService: onProfileServiceStateChange: serviceName=com.android.bluetooth.hid.HidService, state = 10, doUpdate = true
12-12 19:30:17.758  6679  6679 D BluetoothAdapterService: Profile still running: com.android.bluetooth.gatt.GattService
12-12 19:30:17.758  6679  6679 W BluetoothHidServiceJni: Cleaning up Bluetooth HID Interface...
12-12 19:30:17.758  6679  6679 W BluetoothHidServiceJni: Cleaning up Bluetooth GID callback object
12-12 19:30:17.758  6679  6679 D BluetoothAdapterService(1102253160): Message: 1
12-12 19:30:17.758  6679  6679 D BluetoothAdapterService(1102253160): MESSAGE_PROFILE_SERVICE_STATE_CHANGED
12-12 19:30:17.758  6679  6679 D BluetoothAdapterService: onProfileServiceStateChange: serviceName=com.android.bluetooth.gatt.GattService, state = 10, doUpdate = true
12-12 19:30:17.758  6679  6679 D BluetoothAdapterService: All profile services stopped...
12-12 19:30:17.758  6679  6694 D BluetoothAdapterState: CURRENT_STATE=PENDING, MESSAGE = STOPPED, isTurningOn=false, isTurningOff=true
12-12 19:30:17.758  6679  6694 D BluetoothAdapterProperties: Setting state to 10
12-12 19:30:17.758  6679  6694 I BluetoothAdapterState: Bluetooth adapter state changed: 13-> 10
12-12 19:30:17.758  6679  6694 D BluetoothAdapterService: Broadcasting updateAdapterState() to 1 receivers.
12-12 19:30:17.758  6679  6694 I BluetoothAdapterState: Entering OffState
12-12 19:30:17.758   928   967 D BluetoothManagerService: Message: 60
12-12 19:30:17.758   928   967 D BluetoothManagerService: MESSAGE_BLUETOOTH_STATE_CHANGE: prevState = 13, newState=10
12-12 19:30:17.758   928   967 D BluetoothManagerService: Broadcasting onBluetoothStateChange(false) to 10 receivers.
12-12 19:30:17.758  1251  1296 D BluetoothHeadset: onBluetoothStateChange: up=false
12-12 19:30:17.758  1251  1296 E BluetoothHeadset: 
12-12 19:30:17.758  1251  1296 E BluetoothHeadset: java.lang.IllegalArgumentException: Service not registered: android.bluetooth.BluetoothHeadset$2@41c18f38
12-12 19:30:17.758  1251  1296 E BluetoothHeadset: 	at android.app.LoadedApk.forgetServiceDispatcher(LoadedApk.java:987)
12-12 19:30:17.758  1251  1296 E BluetoothHeadset: 	at android.app.ContextImpl.unbindService(ContextImpl.java:1934)
12-12 19:30:17.758  1251  1296 E BluetoothHeadset: 	at android.content.ContextWrapper.unbindService(ContextWrapper.java:564)
12-12 19:30:17.758  1251  1296 E BluetoothHeadset: 	at android.bluetooth.BluetoothHeadset$1.onBluetoothStateChange(BluetoothHeadset.java:241)
12-12 19:30:17.758  1251  1296 E BluetoothHeadset: 	at android.bluetooth.IBluetoothStateChangeCallback$Stub.onTransact(IBluetoothStateChangeCallback.java:55)
12-12 19:30:17.758  1251  1296 E BluetoothHeadset: 	at android.os.Binder.execTransact(Binder.java:404)
12-12 19:30:17.758  1251  1296 E BluetoothHeadset: 	at dalvik.system.NativeStart.run(Native Method)
12-12 19:30:17.758   928   967 E BluetoothPan: 
12-12 19:30:17.758   928   967 E BluetoothPan: java.lang.IllegalArgumentException: Service not registered: android.bluetooth.BluetoothPan$2@421c3bb0
12-12 19:30:17.758   928   967 E BluetoothPan: 	at android.app.LoadedApk.forgetServiceDispatcher(LoadedApk.java:987)
12-12 19:30:17.758   928   967 E BluetoothPan: 	at android.app.ContextImpl.unbindService(ContextImpl.java:1934)
12-12 19:30:17.758   928   967 E BluetoothPan: 	at android.bluetooth.BluetoothPan$1.onBluetoothStateChange(BluetoothPan.java:201)
12-12 19:30:17.758   928   967 E BluetoothPan: 	at com.android.server.BluetoothManagerService.sendBluetoothStateCallback(BluetoothManagerService.java:591)
12-12 19:30:17.758   928   967 E BluetoothPan: 	at com.android.server.BluetoothManagerService.bluetoothStateChangeHandler(BluetoothManagerService.java:1236)
12-12 19:30:17.758   928   967 E BluetoothPan: 	at com.android.server.BluetoothManagerService.access$2800(BluetoothManagerService.java:70)
12-12 19:30:17.758   928   967 E BluetoothPan: 	at com.android.server.BluetoothManagerService$BluetoothHandler.handleMessage(BluetoothManagerService.java:971)
12-12 19:30:17.758   928   967 E BluetoothPan: 	at android.os.Handler.dispatchMessage(Handler.java:102)
12-12 19:30:17.758   928   967 E BluetoothPan: 	at android.os.Looper.loop(Looper.java:145)
12-12 19:30:17.758   928   967 E BluetoothPan: 	at android.os.HandlerThread.run(HandlerThread.java:61)
12-12 19:30:17.758 10206 10217 D BluetoothInputDevice: onBluetoothStateChange: up=false
12-12 19:30:17.758   928   967 D BluetoothA2dp: onBluetoothStateChange: up=false
12-12 19:30:17.758   928   967 D BluetoothHeadset: onBluetoothStateChange: up=false
12-12 19:30:17.758   928   967 E BluetoothHeadset: 
12-12 19:30:17.758   928   967 E BluetoothHeadset: java.lang.IllegalArgumentException: Service not registered: android.bluetooth.BluetoothHeadset$2@422e9d30
12-12 19:30:17.758   928   967 E BluetoothHeadset: 	at android.app.LoadedApk.forgetServiceDispatcher(LoadedApk.java:987)
12-12 19:30:17.758   928   967 E BluetoothHeadset: 	at android.app.ContextImpl.unbindService(ContextImpl.java:1934)
12-12 19:30:17.758   928   967 E BluetoothHeadset: 	at android.bluetooth.BluetoothHeadset$1.onBluetoothStateChange(BluetoothHeadset.java:241)
12-12 19:30:17.758   928   967 E BluetoothHeadset: 	at com.android.server.BluetoothManagerService.sendBluetoothStateCallback(BluetoothManagerService.java:591)
12-12 19:30:17.758   928   967 E BluetoothHeadset: 	at com.android.server.BluetoothManagerService.bluetoothStateChangeHandler(BluetoothManagerService.java:1236)
12-12 19:30:17.758   928   967 E BluetoothHeadset: 	at com.android.server.BluetoothManagerService.access$2800(BluetoothManagerService.java:70)
12-12 19:30:17.758   928   967 E BluetoothHeadset: 	at com.android.server.BluetoothManagerService$BluetoothHandler.handleMessage(BluetoothManagerService.java:971)
12-12 19:30:17.758   928   967 E BluetoothHeadset: 	at android.os.Handler.dispatchMessage(Handler.java:102)
12-12 19:30:17.758   928   967 E BluetoothHeadset: 	at android.os.Looper.loop(Looper.java:145)
12-12 19:30:17.758   928   967 E BluetoothHeadset: 	at android.os.HandlerThread.run(HandlerThread.java:61)
