12-12 19:30:07.598  9972  9972 D dalvikvm: Good opt header, DEX offset is 64, flags=0x00
12-12 19:30:07.598  9972  9972 D dalvikvm: dalvik-aux-structure mapped at 0x59a60000 with sizes 144 424 416 84
12-12 19:30:07.608  9972  9972 D dalvikvm: Good opt header, DEX offset is 64, flags=0x00
12-12 19:30:07.608  9972  9972 D dalvikvm: dalvik-aux-structure mapped at 0x5a0f2000 with sizes 8 84 20 52
12-12 19:30:07.608  9972  9972 D dalvikvm: Good opt header, DEX offset is 64, flags=0x00
12-12 19:30:07.608  9972  9972 D dalvikvm: dalvik-aux-structure mapped at 0x5a0f3000 with sizes 2300 1284 1900 732
12-12 19:30:07.608  9972  9972 D dalvikvm: Good opt header, DEX offset is 64, flags=0x00
12-12 19:30:07.608  9972  9972 D dalvikvm: dalvik-aux-structure mapped at 0x5a0f7000 with sizes 3068 1548 4364 1460
12-12 19:30:07.608  9972  9972 D dalvikvm: Good opt header, DEX offset is 64, flags=0x00
12-12 19:30:07.608  9972  9972 D dalvikvm: dalvik-aux-structure mapped at 0x5a0fb000 with sizes 2512 2028 2656 348
12-12 19:30:07.608  9972  9972 D dalvikvm: Good opt header, DEX offset is 64, flags=0x00
12-12 19:30:07.608  9972  9972 D dalvikvm: dalvik-aux-structure mapped at 0x5a0fe000 with sizes 244 632 480 120
12-12 19:30:07.608  9972  9972 D dalvikvm: Good opt header, DEX offset is 64, flags=0x00
12-12 19:30:07.608  9972  9972 D dalvikvm: dalvik-aux-structure mapped at 0x5a101000 with sizes 44 16 4 16
12-12 19:30:07.608  9972  9972 D dalvikvm: Good opt header, DEX offset is 64, flags=0x00
12-12 19:30:07.608  9972  9972 D dalvikvm: dalvik-aux-structure mapped at 0x5a450000 with sizes 17456 5180 15016 5508
12-12 19:30:07.608  9972  9972 D dalvikvm: Good opt header, DEX offset is 64, flags=0x00
12-12 19:30:07.608  9972  9972 D dalvikvm: dalvik-aux-structure mapped at 0x5a1e7000 with sizes 17648 1196 1848 1084
12-12 19:30:07.608  9972  9972 D dalvikvm: Good opt header, DEX offset is 64, flags=0x00
12-12 19:30:07.608  9972  9972 D dalvikvm: dalvik-aux-structure mapped at 0x5a680000 with sizes 5448 6248 17376 5152
12-12 19:30:07.608  9972  9972 D dalvikvm: Good opt header, DEX offset is 64, flags=0x00
12-12 19:30:07.608  9972  9972 D dalvikvm: dalvik-aux-structure mapped at 0x5a1ee000 with sizes 92 272 204 12
12-12 19:30:07.608  9972  9972 D dalvikvm: Good opt header, DEX offset is 64, flags=0x00
12-12 19:30:07.608  9972  9972 D dalvikvm: dalvik-aux-structure mapped at 0x5a692000 with sizes 368 52 8 52
12-12 19:30:07.608  9972  9972 D dalvikvm: Good opt header, DEX offset is 64, flags=0x00
12-12 19:30:07.608  9972  9972 D dalvikvm: dalvik-aux-structure mapped at 0x5a6af000 with sizes 848 488 512 692
12-12 19:30:07.608  9972  9972 D dalvikvm: Good opt header, DEX offset is 64, flags=0x00
12-12 19:30:07.608  9972  9972 D dalvikvm: dalvik-aux-structure mapped at 0x5a6b2000 with sizes 20 36 20 8
12-12 19:30:07.608  9972  9972 D dalvikvm: Good opt header, DEX offset is 64, flags=0x00
12-12 19:30:07.608  9972  9972 D dalvikvm: dalvik-aux-structure mapped at 0x5a6bb000 with sizes 360 232 320 68
12-12 19:30:07.608  9972  9972 D dalvikvm: Good opt header, DEX offset is 64, flags=0x00
12-12 19:30:07.608  9972  9972 D dalvikvm: dalvik-aux-structure mapped at 0x5a6cb000 with sizes 864 272 320 208
12-12 19:30:07.618  9972  9972 D dalvikvm: Trying to load lib libjavacore.so 0x0
12-12 19:30:07.618  9972  9972 D dalvikvm: Added shared lib libjavacore.so 0x0
12-12 19:30:07.618  9972  9972 D dalvikvm: Trying to load lib libnativehelper.so 0x0
12-12 19:30:07.618  9972  9972 D dalvikvm: Added shared lib libnativehelper.so 0x0
12-12 19:30:07.618  9972  9972 D dalvikvm: No JNI_OnLoad found in libnativehelper.so 0x0, skipping init
12-12 19:30:07.628  9972  9972 D dalvikvm: Good opt header, DEX offset is 64, flags=0x00
12-12 19:30:07.628  9972  9972 D dalvikvm: dalvik-aux-structure mapped at 0x5b930000 with sizes 936 360 416 20
12-12 19:30:07.648  9972  9972 D dalvikvm: Note: class Landroid/app/ActivityManagerNative; has 179 unimplemented (abstract) methods
12-12 19:30:07.768  9972  9972 D AndroidRuntime: Calling main entry com.android.commands.pm.Pm
12-12 19:30:07.768   928   940 I ActivityManager: Force stopping com.example.snoopy appid=10002 user=0: clear data
12-12 19:30:07.778   264   264 E installd: Couldn't opendir data/securedStorageLocation/com.example.snoopy: No such file or directory
12-12 19:30:07.778   264   264 I installd: no data under secured storage for com.example.snoopy
12-12 19:30:07.778   342   342 D keystore: calling clear_uid in state: 3
12-12 19:30:07.778   928   962 W Settings: Setting default_input_method has moved from android.provider.Settings.Secure to android.provider.Settings.Global.
12-12 19:30:07.788  9972  9972 D AndroidRuntime: Shutting down VM
12-12 19:30:08.498  9995  9995 D AndroidRuntime: 
12-12 19:30:08.498  9995  9995 D AndroidRuntime: >>>>>> AndroidRuntime START com.android.internal.os.RuntimeInit <<<<<<
12-12 19:30:08.498  9995  9995 D AndroidRuntime: CheckJNI is OFF
12-12 19:30:08.498  9995  9995 D dalvikvm: Good opt header, DEX offset is 64, flags=0x00
12-12 19:30:08.508  9995  9995 D dalvikvm: dalvik-aux-structure mapped at 0x58897000 with sizes 17456 9068 22916 7820
12-12 19:30:08.508  9995  9995 D dalvikvm: Good opt header, DEX offset is 64, flags=0x00
12-12 19:30:08.508  9995  9995 D dalvikvm: dalvik-aux-structure mapped at 0x588a5000 with sizes 3488 1968 3700 1000
12-12 19:30:08.508  9995  9995 D dalvikvm: Good opt header, DEX offset is 64, flags=0x00
12-12 19:30:08.508  9995  9995 D dalvikvm: dalvik-aux-structure mapped at 0x588a9000 with sizes 1212 1216 2416 256
12-12 19:30:08.508  9995  9995 D dalvikvm: Good opt header, DEX offset is 64, flags=0x00
12-12 19:30:08.508  9995  9995 D dalvikvm: dalvik-aux-structure mapped at 0x588b0000 with sizes 132 296 392 8
12-12 19:30:08.508  9995  9995 D dalvikvm: Good opt header, DEX offset is 64, flags=0x00
12-12 19:30:08.508  9995  9995 D dalvikvm: dalvik-aux-structure mapped at 0x58a6f000 with sizes 8748 4364 7932 3996
12-12 19:30:08.508  9995  9995 D dalvikvm: Good opt header, DEX offset is 64, flags=0x00
12-12 19:30:08.508  9995  9995 D dalvikvm: dalvik-aux-structure mapped at 0x58a76000 with sizes 22496 5180 8540 1804
12-12 19:30:08.508  9995  9995 D dalvikvm: Good opt header, DEX offset is 64, flags=0x00
12-12 19:30:08.508  9995  9995 D dalvikvm: dalvik-aux-structure mapped at 0x595ea000 with sizes 56980 26392 103936 34400
12-12 19:30:08.508  9995  9995 D dalvikvm: Good opt header, DEX offset is 64, flags=0x00
12-12 19:30:08.508  9995  9995 D dalvikvm: dalvik-aux-structure mapped at 0x59805000 with sizes 9456 6512 11508 3328
12-12 19:30:08.508  9995  9995 D dalvikvm: Good opt header, DEX offset is 64, flags=0x00
12-12 19:30:08.508  9995  9995 D dalvikvm: dalvik-aux-structure mapped at 0x59979000 with sizes 20772 3532 10520 3092
12-12 19:30:08.508  9995  9995 D dalvikvm: Good opt header, DEX offset is 64, flags=0x00
12-12 19:30:08.508  9995  9995 D dalvikvm: dalvik-aux-structure mapped at 0x58a85000 with sizes 1660 956 2388 56
12-12 19:30:08.508  9995  9995 D dalvikvm: Good opt header, DEX offset is 64, flags=0x00
12-12 19:30:08.508  9995  9995 D dalvikvm: dalvik-aux-structure mapped at 0x599e1000 with sizes 1312 504 800 184
12-12 19:30:08.508  9995  9995 D dalvikvm: Good opt header, DEX offset is 64, flags=0x00
12-12 19:30:08.508  9995  9995 D dalvikvm: dalvik-aux-structure mapped at 0x599e2000 with sizes 1704 1896 3404 216
12-12 19:30:08.508  9995  9995 D dalvikvm: Good opt header, DEX offset is 64, flags=0x00
12-12 19:30:08.508  9995  9995 D dalvikvm: dalvik-aux-structure mapped at 0x59e25000 with sizes 41652 10740 31732 2024
12-12 19:30:08.508  9995  9995 D dalvikvm: Good opt header, DEX offset is 64, flags=0x00
12-12 19:30:08.508  9995  9995 D dalvikvm: dalvik-aux-structure mapped at 0x599e7000 with sizes 13340 3572 6468 560
12-12 19:30:08.508  9995  9995 D dalvikvm: Good opt header, DEX offset is 64, flags=0x00
12-12 19:30:08.508  9995  9995 D dalvikvm: dalvik-aux-structure mapped at 0x5a06a000 with sizes 3752 5072 11996 2620
12-12 19:30:08.508  9995  9995 D dalvikvm: Good opt header, DEX offset is 64, flags=0x00
12-12 19:30:08.508  9995  9995 D dalvikvm: dalvik-aux-structure mapped at 0x599ef000 with sizes 864 112 12 8
12-12 19:30:08.508  9995  9995 D dalvikvm: Good opt header, DEX offset is 64, flags=0x00
12-12 19:30:08.518  9995  9995 D dalvikvm: dalvik-aux-structure mapped at 0x599f1000 with sizes 144 424 416 84
12-12 19:30:08.518  9995  9995 D dalvikvm: Good opt header, DEX offset is 64, flags=0x00
12-12 19:30:08.518  9995  9995 D dalvikvm: dalvik-aux-structure mapped at 0x5a083000 with sizes 8 84 20 52
12-12 19:30:08.518  9995  9995 D dalvikvm: Good opt header, DEX offset is 64, flags=0x00
12-12 19:30:08.518  9995  9995 D dalvikvm: dalvik-aux-structure mapped at 0x5a084000 with sizes 2300 1284 1900 732
12-12 19:30:08.518  9995  9995 D dalvikvm: Good opt header, DEX offset is 64, flags=0x00
12-12 19:30:08.518  9995  9995 D dalvikvm: dalvik-aux-structure mapped at 0x5a088000 with sizes 3068 1548 4364 1460
12-12 19:30:08.518  9995  9995 D dalvikvm: Good opt header, DEX offset is 64, flags=0x00
12-12 19:30:08.518  9995  9995 D dalvikvm: dalvik-aux-structure mapped at 0x5a08c000 with sizes 2512 2028 2656 348
12-12 19:30:08.518  9995  9995 D dalvikvm: Good opt header, DEX offset is 64, flags=0x00
12-12 19:30:08.518  9995  9995 D dalvikvm: dalvik-aux-structure mapped at 0x5a08f000 with sizes 244 632 480 120
12-12 19:30:08.518  9995  9995 D dalvikvm: Good opt header, DEX offset is 64, flags=0x00
12-12 19:30:08.518  9995  9995 D dalvikvm: dalvik-aux-structure mapped at 0x5a092000 with sizes 44 16 4 16
12-12 19:30:08.518  9995  9995 D dalvikvm: Good opt header, DEX offset is 64, flags=0x00
12-12 19:30:08.518  9995  9995 D dalvikvm: dalvik-aux-structure mapped at 0x5a3e1000 with sizes 17456 5180 15016 5508
12-12 19:30:08.518  9995  9995 D dalvikvm: Good opt header, DEX offset is 64, flags=0x00
12-12 19:30:08.518  9995  9995 D dalvikvm: dalvik-aux-structure mapped at 0x5a178000 with sizes 17648 1196 1848 1084
12-12 19:30:08.518  9995  9995 D dalvikvm: Good opt header, DEX offset is 64, flags=0x00
12-12 19:30:08.518  9995  9995 D dalvikvm: dalvik-aux-structure mapped at 0x5a611000 with sizes 5448 6248 17376 5152
12-12 19:30:08.518  9995  9995 D dalvikvm: Good opt header, DEX offset is 64, flags=0x00
12-12 19:30:08.518  9995  9995 D dalvikvm: dalvik-aux-structure mapped at 0x5a17f000 with sizes 92 272 204 12
12-12 19:30:08.518  9995  9995 D dalvikvm: Good opt header, DEX offset is 64, flags=0x00
12-12 19:30:08.518  9995  9995 D dalvikvm: dalvik-aux-structure mapped at 0x5a623000 with sizes 368 52 8 52
12-12 19:30:08.518  9995  9995 D dalvikvm: Good opt header, DEX offset is 64, flags=0x00
12-12 19:30:08.518  9995  9995 D dalvikvm: dalvik-aux-structure mapped at 0x5a640000 with sizes 848 488 512 692
12-12 19:30:08.518  9995  9995 D dalvikvm: Good opt header, DEX offset is 64, flags=0x00
12-12 19:30:08.518  9995  9995 D dalvikvm: dalvik-aux-structure mapped at 0x5a643000 with sizes 20 36 20 8
12-12 19:30:08.518  9995  9995 D dalvikvm: Good opt header, DEX offset is 64, flags=0x00
12-12 19:30:08.518  9995  9995 D dalvikvm: dalvik-aux-structure mapped at 0x5a64c000 with sizes 360 232 320 68
12-12 19:30:08.518  9995  9995 D dalvikvm: Good opt header, DEX offset is 64, flags=0x00
12-12 19:30:08.518  9995  9995 D dalvikvm: dalvik-aux-structure mapped at 0x5a65c000 with sizes 864 272 320 208
12-12 19:30:08.528  9995  9995 D dalvikvm: Trying to load lib libjavacore.so 0x0
12-12 19:30:08.528  9995  9995 D dalvikvm: Added shared lib libjavacore.so 0x0
12-12 19:30:08.528  9995  9995 D dalvikvm: Trying to load lib libnativehelper.so 0x0
12-12 19:30:08.528  9995  9995 D dalvikvm: Added shared lib libnativehelper.so 0x0
12-12 19:30:08.528  9995  9995 D dalvikvm: No JNI_OnLoad found in libnativehelper.so 0x0, skipping init
12-12 19:30:08.538  9995  9995 D dalvikvm: Good opt header, DEX offset is 64, flags=0x00
12-12 19:30:08.538  9995  9995 D dalvikvm: dalvik-aux-structure mapped at 0x5b8c1000 with sizes 936 360 416 20
12-12 19:30:08.578  9995  9995 D dalvikvm: Note: class Landroid/app/ActivityManagerNative; has 179 unimplemented (abstract) methods
12-12 19:30:08.708  9995  9995 D AndroidRuntime: Calling main entry com.android.commands.pm.Pm
12-12 19:30:08.788  9995  9995 D AndroidRuntime: Shutting down VM
12-12 19:30:09.808 10019 10019 D AndroidRuntime: 
12-12 19:30:09.808 10019 10019 D AndroidRuntime: >>>>>> AndroidRuntime START com.android.internal.os.RuntimeInit <<<<<<
12-12 19:30:09.808 10019 10019 D AndroidRuntime: CheckJNI is OFF
12-12 19:30:09.808 10019 10019 D dalvikvm: Good opt header, DEX offset is 64, flags=0x00
12-12 19:30:09.808 10019 10019 D dalvikvm: dalvik-aux-structure mapped at 0x5890f000 with sizes 17456 9068 22916 7820
12-12 19:30:09.808 10019 10019 D dalvikvm: Good opt header, DEX offset is 64, flags=0x00
12-12 19:30:09.808 10019 10019 D dalvikvm: dalvik-aux-structure mapped at 0x5891d000 with sizes 3488 1968 3700 1000
12-12 19:30:09.808 10019 10019 D dalvikvm: Good opt header, DEX offset is 64, flags=0x00
12-12 19:30:09.808 10019 10019 D dalvikvm: dalvik-aux-structure mapped at 0x58921000 with sizes 1212 1216 2416 256
12-12 19:30:09.808 10019 10019 D dalvikvm: Good opt header, DEX offset is 64, flags=0x00
12-12 19:30:09.808 10019 10019 D dalvikvm: dalvik-aux-structure mapped at 0x58928000 with sizes 132 296 392 8
12-12 19:30:09.808 10019 10019 D dalvikvm: Good opt header, DEX offset is 64, flags=0x00
12-12 19:30:09.818 10019 10019 D dalvikvm: dalvik-aux-structure mapped at 0x58ae7000 with sizes 8748 4364 7932 3996
12-12 19:30:09.818 10019 10019 D dalvikvm: Good opt header, DEX offset is 64, flags=0x00
12-12 19:30:09.818 10019 10019 D dalvikvm: dalvik-aux-structure mapped at 0x58aee000 with sizes 22496 5180 8540 1804
12-12 19:30:09.818 10019 10019 D dalvikvm: Good opt header, DEX offset is 64, flags=0x00
12-12 19:30:09.818 10019 10019 D dalvikvm: dalvik-aux-structure mapped at 0x59662000 with sizes 56980 26392 103936 34400
12-12 19:30:09.818 10019 10019 D dalvikvm: Good opt header, DEX offset is 64, flags=0x00
12-12 19:30:09.818 10019 10019 D dalvikvm: dalvik-aux-structure mapped at 0x5987d000 with sizes 9456 6512 11508 3328
12-12 19:30:09.818 10019 10019 D dalvikvm: Good opt header, DEX offset is 64, flags=0x00
12-12 19:30:09.818 10019 10019 D dalvikvm: dalvik-aux-structure mapped at 0x599f1000 with sizes 20772 3532 10520 3092
12-12 19:30:09.818 10019 10019 D dalvikvm: Good opt header, DEX offset is 64, flags=0x00
12-12 19:30:09.818 10019 10019 D dalvikvm: dalvik-aux-structure mapped at 0x58afd000 with sizes 1660 956 2388 56
12-12 19:30:09.818 10019 10019 D dalvikvm: Good opt header, DEX offset is 64, flags=0x00
12-12 19:30:09.818 10019 10019 D dalvikvm: dalvik-aux-structure mapped at 0x59a59000 with sizes 1312 504 800 184
12-12 19:30:09.818 10019 10019 D dalvikvm: Good opt header, DEX offset is 64, flags=0x00
12-12 19:30:09.818 10019 10019 D dalvikvm: dalvik-aux-structure mapped at 0x59a5a000 with sizes 1704 1896 3404 216
12-12 19:30:09.818 10019 10019 D dalvikvm: Good opt header, DEX offset is 64, flags=0x00
12-12 19:30:09.818 10019 10019 D dalvikvm: dalvik-aux-structure mapped at 0x59e9d000 with sizes 41652 10740 31732 2024
12-12 19:30:09.818 10019 10019 D dalvikvm: Good opt header, DEX offset is 64, flags=0x00
12-12 19:30:09.818 10019 10019 D dalvikvm: dalvik-aux-structure mapped at 0x59a5f000 with sizes 13340 3572 6468 560
12-12 19:30:09.818 10019 10019 D dalvikvm: Good opt header, DEX offset is 64, flags=0x00
12-12 19:30:09.818 10019 10019 D dalvikvm: dalvik-aux-structure mapped at 0x5a0e2000 with sizes 3752 5072 11996 2620
12-12 19:30:09.818 10019 10019 D dalvikvm: Good opt header, DEX offset is 64, flags=0x00
12-12 19:30:09.818 10019 10019 D dalvikvm: dalvik-aux-structure mapped at 0x59a67000 with sizes 864 112 12 8
12-12 19:30:09.818 10019 10019 D dalvikvm: Good opt header, DEX offset is 64, flags=0x00
12-12 19:30:09.818 10019 10019 D dalvikvm: dalvik-aux-structure mapped at 0x59a69000 with sizes 144 424 416 84
12-12 19:30:09.818 10019 10019 D dalvikvm: Good opt header, DEX offset is 64, flags=0x00
12-12 19:30:09.818 10019 10019 D dalvikvm: dalvik-aux-structure mapped at 0x5a0fb000 with sizes 8 84 20 52
12-12 19:30:09.818 10019 10019 D dalvikvm: Good opt header, DEX offset is 64, flags=0x00
12-12 19:30:09.818 10019 10019 D dalvikvm: dalvik-aux-structure mapped at 0x5a0fc000 with sizes 2300 1284 1900 732
12-12 19:30:09.818 10019 10019 D dalvikvm: Good opt header, DEX offset is 64, flags=0x00
12-12 19:30:09.818 10019 10019 D dalvikvm: dalvik-aux-structure mapped at 0x5a100000 with sizes 3068 1548 4364 1460
12-12 19:30:09.818 10019 10019 D dalvikvm: Good opt header, DEX offset is 64, flags=0x00
12-12 19:30:09.818 10019 10019 D dalvikvm: dalvik-aux-structure mapped at 0x5a104000 with sizes 2512 2028 2656 348
12-12 19:30:09.818 10019 10019 D dalvikvm: Good opt header, DEX offset is 64, flags=0x00
12-12 19:30:09.828 10019 10019 D dalvikvm: dalvik-aux-structure mapped at 0x5a107000 with sizes 244 632 480 120
12-12 19:30:09.828 10019 10019 D dalvikvm: Good opt header, DEX offset is 64, flags=0x00
12-12 19:30:09.828 10019 10019 D dalvikvm: dalvik-aux-structure mapped at 0x5a10a000 with sizes 44 16 4 16
12-12 19:30:09.828 10019 10019 D dalvikvm: Good opt header, DEX offset is 64, flags=0x00
12-12 19:30:09.828 10019 10019 D dalvikvm: dalvik-aux-structure mapped at 0x5a459000 with sizes 17456 5180 15016 5508
12-12 19:30:09.828 10019 10019 D dalvikvm: Good opt header, DEX offset is 64, flags=0x00
12-12 19:30:09.828 10019 10019 D dalvikvm: dalvik-aux-structure mapped at 0x5a1f0000 with sizes 17648 1196 1848 1084
12-12 19:30:09.828 10019 10019 D dalvikvm: Good opt header, DEX offset is 64, flags=0x00
12-12 19:30:09.828 10019 10019 D dalvikvm: dalvik-aux-structure mapped at 0x5a689000 with sizes 5448 6248 17376 5152
12-12 19:30:09.828 10019 10019 D dalvikvm: Good opt header, DEX offset is 64, flags=0x00
12-12 19:30:09.828 10019 10019 D dalvikvm: dalvik-aux-structure mapped at 0x5a1f7000 with sizes 92 272 204 12
12-12 19:30:09.828 10019 10019 D dalvikvm: Good opt header, DEX offset is 64, flags=0x00
12-12 19:30:09.828 10019 10019 D dalvikvm: dalvik-aux-structure mapped at 0x5a69b000 with sizes 368 52 8 52
12-12 19:30:09.828 10019 10019 D dalvikvm: Good opt header, DEX offset is 64, flags=0x00
12-12 19:30:09.828 10019 10019 D dalvikvm: dalvik-aux-structure mapped at 0x5a6b8000 with sizes 848 488 512 692
12-12 19:30:09.828 10019 10019 D dalvikvm: Good opt header, DEX offset is 64, flags=0x00
12-12 19:30:09.828 10019 10019 D dalvikvm: dalvik-aux-structure mapped at 0x5a6bb000 with sizes 20 36 20 8
12-12 19:30:09.828 10019 10019 D dalvikvm: Good opt header, DEX offset is 64, flags=0x00
12-12 19:30:09.828 10019 10019 D dalvikvm: dalvik-aux-structure mapped at 0x5a6c4000 with sizes 360 232 320 68
12-12 19:30:09.828 10019 10019 D dalvikvm: Good opt header, DEX offset is 64, flags=0x00
12-12 19:30:09.828 10019 10019 D dalvikvm: dalvik-aux-structure mapped at 0x5a6d4000 with sizes 864 272 320 208
12-12 19:30:09.828 10019 10019 D dalvikvm: Trying to load lib libjavacore.so 0x0
12-12 19:30:09.838 10019 10019 D dalvikvm: Added shared lib libjavacore.so 0x0
12-12 19:30:09.838 10019 10019 D dalvikvm: Trying to load lib libnativehelper.so 0x0
12-12 19:30:09.838 10019 10019 D dalvikvm: Added shared lib libnativehelper.so 0x0
12-12 19:30:09.838 10019 10019 D dalvikvm: No JNI_OnLoad found in libnativehelper.so 0x0, skipping init
12-12 19:30:09.848 10019 10019 D dalvikvm: Good opt header, DEX offset is 64, flags=0x00
12-12 19:30:09.848 10019 10019 D dalvikvm: dalvik-aux-structure mapped at 0x5b939000 with sizes 936 360 416 20
12-12 19:30:09.868 10019 10019 D dalvikvm: Note: class Landroid/app/ActivityManagerNative; has 179 unimplemented (abstract) methods
12-12 19:30:09.988 10019 10019 D AndroidRuntime: Calling main entry com.android.commands.pm.Pm
12-12 19:30:09.998   928   961 I ActivityManager: Force stopping com.example.snoopy appid=10002 user=-1: uninstall pkg
12-12 19:30:09.998   928   970 W PackageManager: Couldn't delete native library directory /data/app-lib/com.example.snoopy
12-12 19:30:09.998   928   970 I PackageManager: Removing old permission: com.example.snoopy.permission.C2D_MESSAGE from package com.example.snoopy
12-12 19:30:09.998   928   970 W PackageManager: Unknown permission com.amazon.dcp.metrics.permission.METRICS_PERMISSION in package com.amazon.communication.discovery
12-12 19:30:09.998   928   970 W PackageManager: Unknown permission android.permission.ACCESS_SUPERUSER in package com.amazon.ods.kindleconnect
12-12 19:30:09.998   928   970 W PackageManager: Unknown permission android.permission.NEW_OUTGOING_CALL in package com.amazon.ods.kindleconnect
12-12 19:30:09.998   928   970 W PackageManager: Unknown permission com.amazon.dcp.metrics.permission.METRICS_PERMISSION in package com.amazon.ods.kindleconnect
12-12 19:30:09.998   928   970 W PackageManager: Unknown permission com.amazon.dcp.metrics.permission.METRICS_PERMISSION in package com.amazon.platform
12-12 19:30:10.008   928   970 W PackageManager: Unknown permission com.google.android.googleapps.permission.GOOGLE_AUTH.mail in package com.android.contacts
12-12 19:30:10.008   928   970 W PackageManager: Unknown permission com.amazon.dcp.metrics.permission.METRICS_PERMISSION in package com.android.contacts
12-12 19:30:10.008   928   970 W PackageManager: Unknown permission com.amazon.dcp.metrics.permission.METRICS_PERMISSION in package com.audible.application.kindle
12-12 19:30:10.008   928   970 W PackageManager: Unknown permission com.amazon.permission.CONFIG_SOFTKEYS in package com.audible.application.kindle
12-12 19:30:10.008   928   970 W PackageManager: Unknown permission com.amazon.setupwizard.permission.AMAZON_FIRST_RUN_STATUS in package com.android.phone
12-12 19:30:10.008   928   970 W PackageManager: Unknown permission amazon.permission.settings.ACCESS_TASK_STATES in package com.android.phone
12-12 19:30:10.008   928   970 W PackageManager: Unknown permission com.amazon.nyota.VVM_PERMISSION in package com.android.phone
12-12 19:30:10.008   928   970 W PackageManager: Unknown permission com.amazon.dcp.metrics.permission.METRICS_PERMISSION in package com.amazon.dcp
12-12 19:30:10.008   928   970 W PackageManager: Unknown permission com.amazon.dcp.metrics.permission.METRICS_PERMISSION in package com.amazon.whisperplay.cds.settings
12-12 19:30:10.008   928   970 W PackageManager: Unknown permission com.amazon.dcp.metrics.permission.METRICS_PERMISSION in package com.amazon.zico
12-12 19:30:10.008   928   970 W PackageManager: Unknown permission com.amazon.docs.NEW_DOCUMENT in package com.amazon.zico
12-12 19:30:10.008   928   970 W PackageManager: Unknown permission com.amazon.nds.permission.NDS_CLIENT_ACCESS in package com.amazon.zico
12-12 19:30:10.008   928   970 W PackageManager: Unknown permission com.amazon.device.speech.USE_VOICE_ASSISTANT in package com.android.bluetooth
12-12 19:30:10.008   928   970 W PackageManager: Unknown permission com.google.android.gallery3d.permission.GALLERY_PROVIDER in package com.android.bluetooth
12-12 19:30:10.008   928   970 W PackageManager: Unknown permission com.android.gallery3d.permission.GALLERY_PROVIDER in package com.android.bluetooth
12-12 19:30:10.008   928   970 W PackageManager: Unknown permission android.permission.MMS_SEND_OUTBOX_MSG in package com.android.bluetooth
12-12 19:30:10.008   928   970 W PackageManager: Unknown permission com.google.android.googleapps.permission.GOOGLE_AUTH in package com.android.providers.calendar
12-12 19:30:10.008   928   970 W PackageManager: Unknown permission com.google.android.googleapps.permission.GOOGLE_AUTH.cl in package com.android.providers.calendar
12-12 19:30:10.008   928   970 W PackageManager: Unknown permission com.amazon.dcp.metrics.permission.METRICS_PERMISSION in package com.android.providers.calendar
12-12 19:30:10.008   928   970 W PackageManager: Unknown permission com.amazon.pinochle.client.PINOCHLE_ACCESS in package com.android.providers.calendar
12-12 19:30:10.008   928   970 W PackageManager: Unknown permission amazon.permission.settings.ACCESS_TASK_STATES in package com.amazon.kor.demo
12-12 19:30:10.008   928   970 W PackageManager: Unknown permission com.amazon.dcp.metrics.permission.METRICS_PERMISSION in package com.amazon.kor.demo
12-12 19:30:10.008   928   970 W PackageManager: Unknown permission com.amazon.setupwizard.permission.AMAZON_FIRST_RUN_STATUS in package com.amazon.kor.demo
12-12 19:30:10.008   928   970 W PackageManager: Unknown permission com.amazon.dcp.metrics.permission.METRICS_PERMISSION in package com.amazon.windowshop
12-12 19:30:10.008   928   970 W PackageManager: Unknown permission com.google.android.googleapps.permission.GOOGLE_AUTH.mail in package com.android.calendar
12-12 19:30:10.008   928   970 W PackageManager: Unknown permission com.amazon.dcp.metrics.permission.METRICS_PERMISSION in package com.android.calendar
12-12 19:30:10.018   928   970 W PackageManager: Unknown permission com.amazon.pinochle.client.PINOCHLE_ACCESS in package com.android.calendar
12-12 19:30:10.018   928   970 W PackageManager: Unknown permission com.amazon.dcp.metrics.permission.METRICS_PERMISSION in package com.amazon.h2sharingsettings
12-12 19:30:10.018   928   970 W PackageManager: Unknown permission com.amazon.permission.SET_FLAG_EXPANDED_SOFTKEYS in package com.amazon.avod
12-12 19:30:10.018   928   970 W PackageManager: Unknown permission com.amazon.permission.CONFIG_SOFTKEYS in package com.amazon.avod
12-12 19:30:10.018   928   970 W PackageManager: Unknown permission com.amazon.dcp.metrics.permission.METRICS_PERMISSION in package com.amazon.avod
12-12 19:30:10.018   928   970 W PackageManager: Unknown permission com.amazon.dcp.metrics.permission.METRICS_PERMISSION in package com.amazon.kindle.devicecontrols
12-12 19:30:10.018   928   970 W PackageManager: Unknown permission com.amazon.dcp.metrics.permission.METRICS_PERMISSION in package com.amazon.device.crashmanager
12-12 19:30:10.018   928   970 W PackageManager: Unknown permission com.google.android.googleapps.permission.GOOGLE_AUTH in package com.android.settings
12-12 19:30:10.018   928   970 W PackageManager: Unknown permission com.android.launcher.permission.READ_SETTINGS in package com.android.settings
12-12 19:30:10.018   928   970 W PackageManager: Unknown permission com.android.launcher.permission.WRITE_SETTINGS in package com.android.settings
12-12 19:30:10.018   928   970 W PackageManager: Unknown permission com.amazon.dcp.metrics.permission.METRICS_PERMISSION in package com.android.settings
12-12 19:30:10.018   928   970 W PackageManager: Unknown permission com.amazon.gardemanger.OFFICEDOC_RECEIVER_ACCESS in package com.amazon.kindle
12-12 19:30:10.018   928   970 W PackageManager: Unknown permission android.Manifest.permission.INTERNAL_SYSTEM_WINDOW in package com.amazon.kindle
12-12 19:30:10.018   928   970 W PackageManager: Unknown permission com.amazon.dcp.config.permission.READ_SETTINGS in package com.amazon.kindle
12-12 19:30:10.018   928   970 W PackageManager: Unknown permission com.amazon.dcp.metrics.permission.METRICS_PERMISSION in package com.amazon.kindle
12-12 19:30:10.018   928   970 W PackageManager: Unknown permission com.amazon.dcp.metrics.permission.METRICS_PERMISSION in package com.amazon.kindle.otter.settings
12-12 19:30:10.018   928   970 W PackageManager: Unknown permission com.amazon.permission.CONFIG_SOFTKEYS in package com.amazon.kindle.otter.settings
12-12 19:30:10.018   928   970 W PackageManager: Unknown permission amazon.permission.VANADIUM in package com.amazon.kindle.otter.settings
12-12 19:30:10.018   928   970 W PackageManager: Unknown permission com.amazon.primeupsell.permission.LAUNCH_PRIME_UPSELL in package com.amazon.kindle.otter.settings
12-12 19:30:10.018   928   970 W PackageManager: Unknown permission com.amazon.dcp.metrics.permission.METRICS_PERMISSION in package com.amazon.identity.auth.device.authorization
12-12 19:30:10.028   928   970 W PackageManager: Not granting permission android.permission.DELETE_PACKAGES to package com.svox.pico (protectionLevel=18 flags=0x88be45)
12-12 19:30:10.028   928   970 W PackageManager: Not granting permission com.amazon.permission.FORCE_AUTH_ACCT to package com.amazon.kindle.unifiedSearch (protectionLevel=2 flags=0x4088be45)
12-12 19:30:10.028   928   970 W PackageManager: Unknown permission com.amazon.cloud9.permission.SEARCH in package com.amazon.kindle.unifiedSearch
12-12 19:30:10.028   928   970 W PackageManager: Unknown permission tyto.permission.READ_IDENTIFIES_HISTORY in package com.amazon.kindle.unifiedSearch
12-12 19:30:10.028   928   970 W PackageManager: Unknown permission com.amazon.dcp.metrics.permission.METRICS_PERMISSION in package com.amazon.kindle.unifiedSearch
12-12 19:30:10.028   928   970 W PackageManager: Unknown permission com.amazon.dcp.metrics.permission.METRICS_PERMISSION in package com.amazon.kindleautomatictimezone
12-12 19:30:10.028   928   970 W PackageManager: Unknown permission  android.permission.INTERACT_ACROSS_USERS in package com.amazon.kindle.kso
12-12 19:30:10.028   928   970 W PackageManager: Unknown permission com.amazon.dcp.metrics.permission.METRICS_PERMISSION in package com.amazon.kindle.kso
12-12 19:30:10.028   928   970 W PackageManager: Unknown permission com.amazon.dcp.metrics.permission.METRICS_PERMISSION in package com.android.email
12-12 19:30:10.028   928   970 W PackageManager: Unknown permission com.amazon.pinochle.client.PINOCHLE_ACCESS in package com.android.email
12-12 19:30:10.028   928   970 W PackageManager: Unknown permission com.amazon.dcp.metrics.permission.METRICS_PERMISSION in package com.amazon.device.sync.sdk.internal
12-12 19:30:10.028   928   970 W PackageManager: Unknown permission com.amazon.dcp.metrics.permission.METRICS_PERMISSION in package com.amazon.device.sync
12-12 19:30:10.028   928   970 W PackageManager: Unknown permission com.amazon.dcp.metrics.permission.METRICS_PERMISSION in package com.amazon.whisperlink.core.android
12-12 19:30:10.028   928   970 W PackageManager: Unknown permission com.amazon.dcp.metrics.permission.METRICS_PERMISSION in package com.android.providers.downloads
12-12 19:30:10.028   928   970 W PackageManager: Unknown permission com.amazon.dcp.metrics.permission.METRICS_PERMISSION in package com.amazon.mp3
12-12 19:30:10.028   928   970 W PackageManager: Unknown permission com.amazon.dcp.metrics.permission.METRICS_PERMISSION in package com.amazon.imp
12-12 19:30:10.028   928   970 W PackageManager: Unknown permission com.amazon.dcp.metrics.permission.METRICS_PERMISSION in package com.amazon.h2settingsfortablet
12-12 19:30:10.028   928   970 W PackageManager: Unknown permission com.amazon.dcp.metrics.permission.METRICS_PERMISSION in package com.amazon.photos
12-12 19:30:10.038   928   970 W PackageManager: Unknown permission com.amazon.nds.permission.NDS_CLIENT_ACCESS in package com.amazon.geo.client.maps
12-12 19:30:10.038   928   970 W PackageManager: Unknown permission com.amazon.dcp.metrics.permission.METRICS_PERMISSION in package com.amazon.geo.client.maps
12-12 19:30:10.038   928   970 W PackageManager: Not granting permission android.permission.DISABLE_KEYGUARD to package com.amazon.aatp.aatpdevicemanager (protectionLevel=82 flags=0x80be44)
12-12 19:30:10.038   928   970 W PackageManager: Not granting permission android.permission.SET_ORIENTATION to package com.amazon.aatp.aatpdevicemanager (protectionLevel=2 flags=0x80be44)
12-12 19:30:10.038   928   970 W PackageManager: Not granting permission android.permission.ACCESS_ALL_EXTERNAL_STORAGE to package com.amazon.aatp.aatpdevicemanager (protectionLevel=2 flags=0x80be44)
12-12 19:30:10.038   928   970 W PackageManager: Unknown permission com.amazon.dcp.metrics.permission.METRICS_PERMISSION in package com.amazon.sharingservice.android.client.proxy
12-12 19:30:10.038   928   970 W PackageManager: Unknown permission com.amazon.identity.auth.device.api.permission.CUSTOMER_ATTRIBUTE_SERVICE in package com.amazon.dp.fbcontacts
12-12 19:30:10.038   928   970 W PackageManager: Unknown permission com.amazon.dcp.metrics.permission.METRICS_PERMISSION in package com.amazon.parentalcontrols
12-12 19:30:10.038   928   970 W PackageManager: Unknown permission com.amazon.dcp.metrics.permission.METRICS_PERMISSION in package com.amazon.unifiedshare.actionchooser
12-12 19:30:10.038   928   970 W PackageManager: Unknown permission com.amazon.permission.CONFIG_SOFTKEYS in package com.amazon.csapp
12-12 19:30:10.038   928   970 W PackageManager: Unknown permission com.amazon.dcp.metrics.permission.METRICS_PERMISSION in package com.amazon.csapp
12-12 19:30:10.038   928   970 W PackageManager: Unknown permission com.amazon.dcp.metrics.permission.METRICS_PERMISSION in package com.audible.application.store
12-12 19:30:10.038   928   970 W PackageManager: Unknown permission com.amazon.permission.CONFIG_SOFTKEYS in package com.audible.application.store
12-12 19:30:10.038   928   970 W PackageManager: Unknown permission com.amazon.dcp.sso.action.GET_DEVICE_CREDENTIALS in package com.audible.application.store
12-12 19:30:10.038   928   970 W PackageManager: Unknown permission com.amazon.dcp.metrics.permission.METRICS_PERMISSION in package com.amazon.device.messaging
12-12 19:30:10.038   928   970 W PackageManager: Unknown permission com.amazon.dcp.messaging.permission.SERVICE_BROADCASTS in package com.amazon.socialplatform
12-12 19:30:10.038   928   970 W PackageManager: Unknown permission com.amazon.dcp.metrics.permission.METRICS_PERMISSION in package com.amazon.socialplatform
12-12 19:30:10.038   928   970 W PackageManager: Unknown permission com.amazon.dcp.metrics.permission.METRICS_PERMISSION in package com.amazon.device.logmanager
12-12 19:30:10.038   928   970 W PackageManager: Unknown permission com.alphonso.pulse.amazon.permission.LAUNCHER in package com.amazon.kindle.otter
12-12 19:30:10.038   928   970 W PackageManager: Unknown permission com.amazon.permission.CONFIG_SOFTKEYS in package com.amazon.kindle.otter
12-12 19:30:10.038   928   970 W PackageManager: Unknown permission com.amazon.dcp.metrics.permission.METRICS_PERMISSION in package com.amazon.kindle.otter
12-12 19:30:10.038   928   970 W PackageManager: Unknown permission tyto.permission.COLLECT_METRICS in package com.amazon.kindle.otter
12-12 19:30:10.048   928   970 W PackageManager: Unknown permission com.amazon.dcp.metrics.permission.METRICS_PERMISSION in package com.amazon.securitysyncclient
12-12 19:30:10.048   928   970 W PackageManager: Unknown permission com.amazon.dcp.metrics.permission.METRICS_PERMISSION in package com.goodreads.kindle
12-12 19:30:10.048   928   970 W PackageManager: Unknown permission android.permission.MMS_PUSH in package org.codeaurora.bluetooth
12-12 19:30:10.048   928   970 W PackageManager: Unknown permission com.amazon.dcp.metrics.permission.METRICS_PERMISSION in package com.amazon.ags.app
12-12 19:30:10.048   928   970 W PackageManager: Unknown permission com.amazon.dcp.metrics.permission.METRICS_PERMISSION in package com.amazon.webapp
12-12 19:30:10.048   928   970 W PackageManager: Unknown permission com.amazon.gardemanger.OFFICEDOC_RECEIVER_ACCESS in package com.amazon.webapp
12-12 19:30:10.048   928   970 W PackageManager: Unknown permission com.amazon.permission.CONFIG_SOFTKEYS in package com.amazon.webapp
12-12 19:30:10.048   928   970 W PackageManager: Unknown permission com.qualcomm.permission.READ_DHCP_INFO in package com.amazon.whisperplay.cds
12-12 19:30:10.048   928   970 W PackageManager: Unknown permission android.intent.action.PHONE_STATE in package com.amazon.whisperplay.cds
12-12 19:30:10.048   928   970 W PackageManager: Unknown permission com.amazon.dcp.metrics.permission.METRICS_PERMISSION in package com.android.providers.contacts
12-12 19:30:10.048   928   970 W PackageManager: Unknown permission com.amazon.dcp.metrics.permission.METRICS_PERMISSION in package com.amazon.geo.mapsv2.services
12-12 19:30:10.048   928   970 W PackageManager: Unknown permission com.qualcomm.permission.ACCESS_LOCATION_API in package com.qualcomm.location
12-12 19:30:10.048   928   970 W PackageManager: Unknown permission com.amazon.dcp.metrics.permission.METRICS_PERMISSION in package com.amazon.dataplanmanager
12-12 19:30:10.048   928   970 W PackageManager: Unknown permission com.amazon.dcp.metrics.permission.METRICS_PERMISSION in package com.amazon.device.backup
12-12 19:30:10.048   928   970 W PackageManager: Unknown permission amazon.permission.settings.ACCESS_TASK_STATES in package com.amazon.device.backup
12-12 19:30:10.048   928   970 W PackageManager: Unknown permission com.amazon.setupwizard.permission.AMAZON_FIRST_RUN_STATUS in package com.amazon.device.backup
12-12 19:30:10.048   928   970 W PackageManager: Unknown permission com.amazon.dcp.metrics.permission.METRICS_PERMISSION in package com.amazon.cloud9
12-12 19:30:10.048   928   970 W PackageManager: Unknown permission com.amazon.permission.CONFIG_SOFTKEYS in package com.amazon.cloud9
12-12 19:30:10.048   928   970 W PackageManager: Unknown permission com.amazon.dcp.metrics.permission.METRICS_PERMISSION in package com.amazon.kindle.otter.oobe
12-12 19:30:10.048   928   970 W PackageManager: Unknown permission com.amazon.dcp.messaging.permission.SERVICE_BROADCASTS in package com.amazon.kindle.otter.oobe
12-12 19:30:10.048   928   970 W PackageManager: Unknown permission com.amazon.permission.CONFIG_SOFTKEYS in package com.amazon.kindle.otter.oobe
12-12 19:30:10.058   928   970 W PackageManager: Unknown permission com.amazon.kindle.otter.settings.START_AUDIBLE_SERVICE in package com.amazon.kindle.otter.oobe
12-12 19:30:10.058   928   970 W PackageManager: Unknown permission com.amazon.dcp.metrics.permission.METRICS_PERMISSION in package com.android.systemui
12-12 19:30:10.058   928   970 W PackageManager: Unknown permission com.amazon.setupwizard.permission.AMAZON_FIRST_RUN_STATUS in package com.amazon.kindle.cms
12-12 19:30:10.058   928   970 W PackageManager: Unknown permission com.amazon.dcp.metrics.permission.METRICS_PERMISSION in package com.amazon.kindle.cms
12-12 19:30:10.058   928   970 W PackageManager: Unknown permission com.amazon.dcp.metrics.permission.METRICS_PERMISSION in package com.amazon.device.settings
12-12 19:30:10.058   928   970 W PackageManager: Unknown permission com.amazon.dcp.metrics.permission.METRICS_PERMISSION in package com.amazon.tcomm
12-12 19:30:10.058   928   970 W PackageManager: Unknown permission com.amazon.dcp.metrics.permission.METRICS_PERMISSION in package com.amazon.tahoe
12-12 19:30:10.058   928   970 W PackageManager: Unknown permission com.amazon.mas.client.CONTENT_PROVIDER_READ in package com.amazon.tahoe
12-12 19:30:10.058   928   970 W PackageManager: Unknown permission com.amazon.alta.h2settings.permission.USE_DIALOGS in package com.amazon.tahoe
12-12 19:30:10.058   928   970 W PackageManager: Unknown permission com.amazon.dcp.metrics.permission.METRICS_PERMISSION in package com.android.keyguard
12-12 19:30:10.058   928   970 W PackageManager: Unknown permission com.hp.pps.htmlprintservice.PRINT in package com.kingsoft.office.amz
12-12 19:30:10.058   928   970 W PackageManager: Unknown permission com.amazon.dcp.metrics.permission.METRICS_PERMISSION in package com.amazon.kindle.rdmdeviceadmin
12-12 19:30:10.058   928   970 W PackageManager: Unknown permission com.amazon.dcp.metrics.permission.METRICS_PERMISSION in package com.amazon.alta.h2clientservice
12-12 19:30:10.058   928   970 W PackageManager: Unknown permission android.net.conn.CONNECTIVITY_CHANGE in package com.amazon.digital.asset.ownership.app
12-12 19:30:10.058   928   970 W PackageManager: Unknown permission com.amazon.dcp.metrics.permission.METRICS_PERMISSION in package com.amazon.digital.asset.ownership.app
12-12 19:30:10.138   342   342 D keystore: calling clear_uid in state: 3
12-12 19:30:10.138   928   970 I ActivityManager: Force stopping com.example.snoopy appid=10002 user=0: pkg removed
12-12 19:30:10.148   928   928 D BinderInternal: GC called due to : bg
12-12 19:30:10.178   928   991 I RegisteredPolicyManager: user/package action=android.intent.action.PACKAGE_REMOVED	userHandle0
12-12 19:30:10.178   928   991 W PackageManager: com.example.snoopy is not installed for user 0
12-12 19:30:10.178   928   991 W RegisteredPolicyManager: Metadata not available in package:com.example.snoopy
12-12 19:30:10.178   928   991 I RegisteredPolicyManager: Package removed:com.example.snoopy
12-12 19:30:10.178   928   991 I DevicePolicyManagerService: Notified isValidMDM=true
12-12 19:30:10.178   928   991 I DevicePolicyManagerService: Notified isValidMDM=true
12-12 19:30:10.178   928   991 I DevicePolicyManagerService: Notified isValidMDM=true
12-12 19:30:10.178   928   991 I DevicePolicyManagerService: Notified isValidMDM=true
12-12 19:30:10.178   928   991 I DevicePolicyManagerService: Notified isValidMDM=true
12-12 19:30:10.188   928   991 I DevicePolicyManagerService: Notified isValidMDM=true
12-12 19:30:10.188   928   984 I InputReader: Reconfiguring input devices.  changes=0x00000010
12-12 19:30:10.188   928   991 I DevicePolicyManagerService: isAdmin ComponentInfo{com.android.email/com.android.email.SecurityPolicy$PolicyAdmin} whiteListed true
12-12 19:30:10.188   928   991 I DevicePolicyManagerService: isAdmin ComponentInfo{com.amazon.kor.demo/com.amazon.kor.demo.receiver.BindDeviceAdminReceiver} whiteListed true
12-12 19:30:10.188   928   991 I DevicePolicyManagerService: isAdmin ComponentInfo{com.amazon.parentalcontrols/com.amazon.parentalcontrols.receivers.ParentalAdminReceiver} whiteListed true
12-12 19:30:10.188   928   991 I DevicePolicyManagerService: isAdmin ComponentInfo{com.amazon.kindle.rdmdeviceadmin/com.amazon.rdmdeviceadmin.DeviceControlsAdminReceiver} whiteListed true
12-12 19:30:10.188   928   991 I DevicePolicyManagerService: isAdmin ComponentInfo{com.amazon.tahoe/com.amazon.tahoe.deviceadmin.FreeTimeDeviceAdminReceiver} whiteListed true
12-12 19:30:10.188   928   991 I DevicePolicyManagerService: isAdmin ComponentInfo{com.amazon.kindle.devicecontrols/com.amazon.kindle.devicecontrols.receivers.DeviceControlsAdminReceiver} whiteListed true
12-12 19:30:10.188   928   962 W Settings: Setting default_input_method has moved from android.provider.Settings.Secure to android.provider.Settings.Global.
12-12 19:30:10.198   928  1309 D ActivityManager: single user service: com.amazon.dcp:OTAService
12-12 19:30:10.198   928  1309 D ActivityManager: app = com.amazon.dcp:OTAService, has single user service, setting process record.
12-12 19:30:10.218   928   941 V IntentResolver: Resolving type=null scheme=null defaultOnly=false userId=0 of Intent { act=com.amazon.whisperlink.actview.ui.SELECTION flg=0x8 }
12-12 19:30:10.218   928   941 V IntentResolver: Action list: [ServiceIntentInfo{42215568 com.amazon.avod/com.amazon.messaging.common.whisperplay.internal.service.WhisperPlayPlaybackControlLocalService}, ServiceIntentInfo{42247418 com.amazon.photos/com.amazon.gallery.thor.whisperplay.ThorWhisperService}]
12-12 19:30:10.218   928   941 V IntentResolver: Matching against filter ServiceIntentInfo{42215568 com.amazon.avod/com.amazon.messaging.common.whisperplay.internal.service.WhisperPlayPlaybackControlLocalService}
12-12 19:30:10.218   928   941 V IntentResolver:   Filter matched!  match=0x108000 hasDefault=false
12-12 19:30:10.218   928   941 V IntentResolver:     42215190 com.amazon.avod/com.amazon.messaging.common.whisperplay.internal.service.WhisperPlayPlaybackControlLocalService filter 42215568
12-12 19:30:10.218   928   941 V IntentResolver:     Action: "com.amazon.whisperlink.actview.ui.SELECTION"
12-12 19:30:10.218   928   941 V IntentResolver:     Category: "com.amazon.whisperlink.actview.ui.DEFAULT_UX"
12-12 19:30:10.218   928   941 V IntentResolver: Matching against filter ServiceIntentInfo{42247418 com.amazon.photos/com.amazon.gallery.thor.whisperplay.ThorWhisperService}
12-12 19:30:10.218   928   941 V IntentResolver:   Filter matched!  match=0x108000 hasDefault=false
12-12 19:30:10.218   928   941 V IntentResolver:     421ddde8 com.amazon.photos/com.amazon.gallery.thor.whisperplay.ThorWhisperService filter 42247418
12-12 19:30:10.218   928   941 V IntentResolver:     Action: "com.amazon.whisperlink.actview.ui.SELECTION"
12-12 19:30:10.218   928   941 V IntentResolver:     Action: "com.amazon.whisperlink.actview.ui.DEFAULT_UX"
12-12 19:30:10.218   928   941 V IntentResolver: Final result list:
12-12 19:30:10.218   928   941 V IntentResolver:   ResolveInfo{425c4eb8 com.amazon.avod/com.amazon.messaging.common.whisperplay.internal.service.WhisperPlayPlaybackControlLocalService m=0x108000}
12-12 19:30:10.218   928   941 V IntentResolver:   ResolveInfo{42619f10 com.amazon.photos/com.amazon.gallery.thor.whisperplay.ThorWhisperService m=0x108000}
12-12 19:30:10.258   928  1307 W PackageManager: com.example.snoopy is not installed for user 0
12-12 19:30:10.258   928  1378 W PackageManager: com.example.snoopy is not installed for user 0
12-12 19:30:10.258   928  1379 W PackageManager: com.example.snoopy is not installed for user 0
12-12 19:30:10.268   928   962 W Settings: Setting default_input_method has moved from android.provider.Settings.Secure to android.provider.Settings.Global.
12-12 19:30:10.268   928   962 W InputMethodInfo: Duplicated subtype definition found: ja, keyboard
12-12 19:30:10.288   928   928 D BackupManagerService: Received broadcast Intent { act=android.intent.action.PACKAGE_REMOVED dat=xxxx flg=0x4000010 (has extras) }
12-12 19:30:10.288   928   928 V BackupManagerService: removePackageParticipantsLocked: uid=10002 #1
12-12 19:30:10.368  9871  9871 W ContextImpl: Calling a method in the system process without a qualified user: android.app.ContextImpl.startService:1818 android.content.ContextWrapper.startService:529 android.content.ContextWrapper.startService:529 com.android.keychain.KeyChainBroadcastReceiver.onReceive:12 android.app.ActivityThread.handleReceiver:2512 
12-12 19:30:10.398   928   962 W Searchables: No web search activity found
12-12 19:30:10.398   928  1343 I ActivityManager: Delay finish: com.android.keychain/.KeyChainBroadcastReceiver
12-12 19:30:10.408   928   940 I ActivityManager: Resuming delayed broadcast
12-12 19:30:10.418 10019 10019 D AndroidRuntime: Shutting down VM
12-12 19:30:11.058 10071 10071 D AndroidRuntime: 
12-12 19:30:11.058 10071 10071 D AndroidRuntime: >>>>>> AndroidRuntime START com.android.internal.os.RuntimeInit <<<<<<
12-12 19:30:11.058 10071 10071 D AndroidRuntime: CheckJNI is OFF
12-12 19:30:11.058 10071 10071 D dalvikvm: Good opt header, DEX offset is 64, flags=0x00
12-12 19:30:11.058 10071 10071 D dalvikvm: dalvik-aux-structure mapped at 0x5886d000 with sizes 17456 9068 22916 7820
12-12 19:30:11.058 10071 10071 D dalvikvm: Good opt header, DEX offset is 64, flags=0x00
12-12 19:30:11.058 10071 10071 D dalvikvm: dalvik-aux-structure mapped at 0x5887b000 with sizes 3488 1968 3700 1000
12-12 19:30:11.068 10071 10071 D dalvikvm: Good opt header, DEX offset is 64, flags=0x00
12-12 19:30:11.068 10071 10071 D dalvikvm: dalvik-aux-structure mapped at 0x5887f000 with sizes 1212 1216 2416 256
12-12 19:30:11.068 10071 10071 D dalvikvm: Good opt header, DEX offset is 64, flags=0x00
12-12 19:30:11.068 10071 10071 D dalvikvm: dalvik-aux-structure mapped at 0x58886000 with sizes 132 296 392 8
12-12 19:30:11.068 10071 10071 D dalvikvm: Good opt header, DEX offset is 64, flags=0x00
12-12 19:30:11.068 10071 10071 D dalvikvm: dalvik-aux-structure mapped at 0x58a45000 with sizes 8748 4364 7932 3996
12-12 19:30:11.068 10071 10071 D dalvikvm: Good opt header, DEX offset is 64, flags=0x00
12-12 19:30:11.068 10071 10071 D dalvikvm: dalvik-aux-structure mapped at 0x58a4c000 with sizes 22496 5180 8540 1804
12-12 19:30:11.068 10071 10071 D dalvikvm: Good opt header, DEX offset is 64, flags=0x00
12-12 19:30:11.068 10071 10071 D dalvikvm: dalvik-aux-structure mapped at 0x595c0000 with sizes 56980 26392 103936 34400
12-12 19:30:11.068 10071 10071 D dalvikvm: Good opt header, DEX offset is 64, flags=0x00
12-12 19:30:11.068 10071 10071 D dalvikvm: dalvik-aux-structure mapped at 0x597db000 with sizes 9456 6512 11508 3328
12-12 19:30:11.068 10071 10071 D dalvikvm: Good opt header, DEX offset is 64, flags=0x00
12-12 19:30:11.068 10071 10071 D dalvikvm: dalvik-aux-structure mapped at 0x5994f000 with sizes 20772 3532 10520 3092
12-12 19:30:11.068 10071 10071 D dalvikvm: Good opt header, DEX offset is 64, flags=0x00
12-12 19:30:11.068 10071 10071 D dalvikvm: dalvik-aux-structure mapped at 0x58a5b000 with sizes 1660 956 2388 56
12-12 19:30:11.068 10071 10071 D dalvikvm: Good opt header, DEX offset is 64, flags=0x00
12-12 19:30:11.068 10071 10071 D dalvikvm: dalvik-aux-structure mapped at 0x599b7000 with sizes 1312 504 800 184
12-12 19:30:11.068 10071 10071 D dalvikvm: Good opt header, DEX offset is 64, flags=0x00
12-12 19:30:11.068 10071 10071 D dalvikvm: dalvik-aux-structure mapped at 0x599b8000 with sizes 1704 1896 3404 216
12-12 19:30:11.068 10071 10071 D dalvikvm: Good opt header, DEX offset is 64, flags=0x00
12-12 19:30:11.068 10071 10071 D dalvikvm: dalvik-aux-structure mapped at 0x59dfb000 with sizes 41652 10740 31732 2024
12-12 19:30:11.068 10071 10071 D dalvikvm: Good opt header, DEX offset is 64, flags=0x00
12-12 19:30:11.068 10071 10071 D dalvikvm: dalvik-aux-structure mapped at 0x599bd000 with sizes 13340 3572 6468 560
12-12 19:30:11.068 10071 10071 D dalvikvm: Good opt header, DEX offset is 64, flags=0x00
12-12 19:30:11.068 10071 10071 D dalvikvm: dalvik-aux-structure mapped at 0x5a040000 with sizes 3752 5072 11996 2620
12-12 19:30:11.068 10071 10071 D dalvikvm: Good opt header, DEX offset is 64, flags=0x00
