12-12 12:15:19.267   353   619 I rmt_storage: rmt_storage_client_thread: /boot/modem_fs2: clnt_h=0x2 Unblock worker thread (th_id: -1197841864)
12-12 12:15:19.277  6915  6915 I wpa_supplicant: wlan0: CTRL-EVENT-STATE-CHANGE id=0 state=8 BSSID=a0ab086247a53c685 SSID=a351cd847f
12-12 12:15:19.277  6915  6915 I wpa_supplicant: wlan0: WPA: Key negotiation completed with a0ab086247a53c685 [PTK=CCMP GTK=TKIP]
12-12 12:15:19.277  6915  6915 I wpa_supplicant: wlan0: CTRL-EVENT-CONNECTED - Connection to a0ab086247a53c685 completed (auth) [id=0 id_str=] RSSI: -96
12-12 12:15:19.277  6915  6915 I wpa_supplicant: wlan0: CTRL-EVENT-STATE-CHANGE id=0 state=9 BSSID=a0ab086247a53c685 SSID=a351cd847f
12-12 12:15:19.277  6915  6915 E wpa_supplicant: ath6kl: ath6kl_cfg80211_connect: connect called with authmode 16 dot11 auth 1 PW crypto 8 PW crypto len 0 GRP crypto 4 GRP crypto len 0 channel hint 0
12-12 12:15:19.277  6915  6915 E wpa_supplicant: ath6kl: wmi event connect freq 2412 listen_intvl 10 beacon_intvl 100 type 1281
12-12 12:15:19.277   926  6924 I WifiMonitor: [Supplicant event:CONNECTED]  DATA: [ xxxx]
12-12 12:15:19.297   926   958 W SharedAssetStorage: Launching com.amazon.securitysyncclient (32033) with AMZ_APP_GID
12-12 12:15:19.307   926   993 D WifiStateMachine: RSSI dipped below -75 dB. Current RSSI: -96 dB
12-12 12:15:19.307   926   993 I LoggerMetricsFactoryImpl: record : No valid data points in metrics event. Program: SupplicantStateTracker Soruce: supplicant-end-assoc
12-12 12:15:19.307   926   993 E WifiStateMachine: Unexpected BatchedScanResults :null
12-12 12:15:19.307   926   958 I ActivityManager: Start proc com.amazon.securitysyncclient for broadcast com.amazon.securitysyncclient/.CRLSetNetworkChangeReceiver: pid=6981 uid=32033 gids={72033, 3003, 9001}
12-12 12:15:19.357   353   619 I rmt_storage: rmt_storage_client_thread: /boot/modem_fs2: clnt_h=0x2: req_h=0x9 msg_id=3: Bytes written = 1572864
12-12 12:15:19.357   353   619 I rmt_storage: rmt_storage_client_thread: /boot/modem_fs2: clnt_h=0x2: req_h=0x9 msg_id=3: Send response: res=0 err=0
12-12 12:15:19.357   353   619 I rmt_storage: rmt_storage_client_thread: /boot/modem_fs2: clnt_h=0x2 About to block rmt_storage client thread (th_id: -1197841864) wakelock released: 1, error no: 0
12-12 12:15:19.357   353   619 I rmt_storage: 
12-12 12:15:19.367   353   353 I rmt_storage: rmt_storage_disconnect_cb: clnt_h=0x0x5 conn_h=0x0xb89a6178
12-12 12:15:19.387   926   937 W SharedAssetStorage: Launching com.amazon.devicecontrol (1000) with AMZ_APP_GID
12-12 12:15:19.387   926   937 I ActivityManager: Start proc com.amazon.devicecontrol for broadcast com.amazon.devicecontrol/com.amazon.robocop.rules.wifi.WifiStateChangeReceiver: pid=6994 uid=1000 gids={41000, 1028, 1015, 3002, 3001, 3003, 2001, 1021, 3004, 3005, 1000, 3009, 1023, 1010, 9001}
12-12 12:15:19.387   926   937 I ActivityManager: Killing 5229:com.amazon.mp3/u0a22085 (adj 12): empty for 2622s
12-12 12:15:19.417  6994  6994 D dalvikvm: Good opt header, DEX offset is 64, flags=0x00
12-12 12:15:19.417  6994  6994 D dalvikvm: dalvik-aux-structure mapped at 0x60449000 with sizes 16 716 216 108
12-12 12:15:19.417  6994  6994 D dalvikvm: Good opt header, DEX offset is 64, flags=0x00
12-12 12:15:19.417  6994  6994 D dalvikvm: dalvik-aux-structure mapped at 0x6044a000 with sizes 1808 1032 1236 300
12-12 12:15:19.417  6994  6994 D dalvikvm: Good opt header, DEX offset is 64, flags=0x00
12-12 12:15:19.417  6994  6994 D dalvikvm: dalvik-aux-structure mapped at 0x60456000 with sizes 752 564 744 248
12-12 12:15:19.427  6994  6994 D ProfileManager: Create ProfileManager instance
12-12 12:15:19.427  6994  6994 W ResourceType: No package identifier when getting value for resource number 0x00000000
12-12 12:15:19.427  6994  6994 I Dispatch: No dispatch information file found
12-12 12:15:19.517  7006  7006 I DHCPCD  : version 5.5.6 starting
12-12 12:15:19.517  7006  7006 D DHCPCD  : wlan0: using hwaddr 00:00:00:00:a6:c7
12-12 12:15:19.517  7006  7006 D DHCPCD  : wlan0: executing `/system/etc/dhcpcd/dhcpcd-run-hooks', reason PREINIT
12-12 12:15:19.547  7006  7006 D DHCPCD  : wlan0: reading lease `/data/misc/dhcp/dhcpcd-wlan0.lease'
12-12 12:15:19.547  7006  7006 I DHCPCD  : wlan0: rebinding lease of ************
12-12 12:15:19.547  7006  7006 D DHCPCD  : wlan0: sending REQUEST (xid 0xe83d0524), next in 3.50 seconds
12-12 12:15:20.047  6286  7016 D Aatp    : /task/fcf22582fb1d245c9374b875184c17c616854d29/status
12-12 12:15:21.157  6286  7019 D Aatp    : /task/fcf22582fb1d245c9374b875184c17c616854d29/status
12-12 12:15:22.277  6286  7020 D Aatp    : /task/fcf22582fb1d245c9374b875184c17c616854d29/status
12-12 12:15:22.307   926   993 D WifiStateMachine: RSSI dipped below -75 dB. Current RSSI: -96 dB
12-12 12:15:23.107  7006  7006 D DHCPCD  : wlan0: sending REQUEST (xid 0xe83d0524), next in 7.54 seconds
12-12 12:15:23.397  6286  7021 D Aatp    : /task/fcf22582fb1d245c9374b875184c17c616854d29/status
12-12 12:15:24.507  6286  7022 D Aatp    : /task/fcf22582fb1d245c9374b875184c17c616854d29/status
12-12 12:15:24.547  7006  7006 I DHCPCD  : wlan0: broadcasting for a lease
12-12 12:15:24.547  7006  7006 D DHCPCD  : wlan0: sending DISCOVER (xid 0xf4ded3c3), next in 4.60 seconds
12-12 12:15:25.587  6286  7024 D Aatp    : /task/fcf22582fb1d245c9374b875184c17c616854d29/status
12-12 12:15:26.707  6286  7025 D Aatp    : /task/fcf22582fb1d245c9374b875184c17c616854d29/status
12-12 12:15:27.827  6286  7026 D Aatp    : /task/fcf22582fb1d245c9374b875184c17c616854d29/status
12-12 12:15:28.938  6286  7027 D Aatp    : /task/fcf22582fb1d245c9374b875184c17c616854d29/status
12-12 12:15:29.167  7006  7006 D DHCPCD  : wlan0: sending DISCOVER (xid 0xf4ded3c3), next in 8.33 seconds
12-12 12:15:29.247  7006  7006 I DHCPCD  : wlan0: offered ************ from ***********
12-12 12:15:29.247  7006  7006 D DHCPCD  : wlan0: sending REQUEST (xid 0xf4ded3c3), next in 3.50 seconds
12-12 12:15:29.277  7006  7006 I DHCPCD  : wlan0: acknowledged ************ from ***********
12-12 12:15:29.277  7006  7006 I DHCPCD  : wlan0: leased ************ for 864000 seconds
12-12 12:15:29.277  7006  7006 D DHCPCD  : wlan0: adding IP address ************/24
12-12 12:15:29.287  7006  7006 D DHCPCD  : wlan0: using Classless Static Routes
12-12 12:15:29.297  7006  7006 D DHCPCD  : wlan0: adding route to ***********/24
12-12 12:15:29.297  7006  7006 D DHCPCD  : wlan0: adding route to ********/8 via **********
12-12 12:15:29.297   926   993 I WifiStateMachine: [DHCP INFO UPDATED (LinkProperties changed)] 
12-12 12:15:29.297  7006  7006 E DHCPCD  : wlan0: add_route: m
12-12 12:15:29.307  7006  7006 D DHCPCD  : wlan0: adding route to **********/24 via **********
12-12 12:15:29.307  7006  7006 E DHCPCD  : wlan0: add_route: m
12-12 12:15:29.307  7006  7006 D DHCPCD  : wlan0: writing lease `/data/misc/dhcp/dhcpcd-wlan0.lease'
12-12 12:15:29.307  7006  7006 D DHCPCD  : wlan0: executing `/system/etc/dhcpcd/dhcpcd-run-hooks', reason BOUND
12-12 12:15:29.537   926   993 I WifiStateMachine: [DHCP INFO UPDATED (LinkProperties changed)]  DATA: [ xxxx]
12-12 12:15:29.537   926   993 I WifiStateMachine: [DHCP INFO UPDATED]  DATA: [ xxxx]
12-12 12:15:29.537   926   993 D WifiStateMachine: VerifyingLinkState enter
12-12 12:15:29.567   926   993 D WifiStateMachine: VerifyingLinkState GOOD_LINK_DETECTED: transition to captive portal check
12-12 12:15:29.567   926   993 D WifiStateMachine: CaptivePortalCheckState enter
12-12 12:15:29.567   926   996 D ConnectivityService: Captive portal check xxxx
12-12 12:15:29.567   926   996 D ConnectivityService: handleCaptivePortalTrackerCheck: call captivePortalCheckComplete ni=xxxx
12-12 12:15:29.567   926   996 D ConnectivityService: Setting timer for 720seconds
12-12 12:15:29.577   926   993 D WifiStateMachine: CaptivePortalCheckState CMD_CAPTIVE_CHECK_COMPLETE
12-12 12:15:29.587   926   991 D RadioPowerPolicy: Wifi reconnected and mobile data enabled.
12-12 12:15:29.587   926   996 D ConnectivityService: ConnectivityChange for WIFI: CONNECTED/CONNECTED
12-12 12:15:29.597   926   991 D RadioPowerPolicy: screen=true, wifi_connected=true
12-12 12:15:29.597   926   996 D ConnectivityService: Setting TCP values: [0] which comes from [net.tcp.usercfg.wifi]
12-12 12:15:29.597   926   996 D ConnectivityService: Setting TCP values: [1] which comes from [net.tcp.delack.wifi]
12-12 12:15:29.597   926   996 E ConnectivityService: Unexpected mtu value: android.net.wifi.WifiStateTracker@421b3260
12-12 12:15:29.617   926   996 D Nat464Xlat: requiresClat: netType=1, hasIPv4Address=true
12-12 12:15:29.667  6994  7060 I Enterprise.RuleHandlerService: onReceive
12-12 12:15:29.667  6994  6994 W ContextImpl: Calling a method in the system process without a qualified user: android.app.ContextImpl.startService:1818 android.content.ContextWrapper.startService:529 android.content.ContextWrapper.startService:529 com.amazon.robocop.rules.wifi.WifiStateChangeReceiver.onReceive:34 android.app.ActivityThread.handleReceiver:2512 
12-12 12:15:29.807   926  1741 D ActivityManager: single user service: com.amazon.imp
12-12 12:15:29.807  6286  6888 D AWSDeviceFarmAndroidLib: connected: true
12-12 12:15:29.807  6286  6888 D AWSDeviceFarmAndroidLib: WiFiLock: acquire
12-12 12:15:29.807  6286  6286 D AatpDeviceManager: taskStatus update (fcf22582fb1d245c9374b875184c17c616854d29: {"result":"Wifi enabled: true","state":2})
12-12 12:15:29.807   926  1741 D ActivityManager: app = com.amazon.imp, has single user service, setting process record.
12-12 12:15:30.047  6286  7094 D Aatp    : /task/fcf22582fb1d245c9374b875184c17c616854d29/status
12-12 12:15:30.177  6286  7095 D Aatp    : /bluetooth
12-12 12:15:30.207  6286  7095 D Aatp    : sha1: b9eced56143cf2a795d3b6a0b15ce153e5497e99
12-12 12:15:30.207  6286  7095 D AatpDeviceManager: k: enabled v: True
12-12 12:15:30.207  6286  7095 D AatpDeviceManager: k: NanoHttpd.QUERY_STRING v: enabled=True
12-12 12:15:30.237  6286  7095 D Aatp    : /task/b9eced56143cf2a795d3b6a0b15ce153e5497e99
12-12 12:15:30.247  6286  6286 D AatpDeviceManager: taskStatus update (b9eced56143cf2a795d3b6a0b15ce153e5497e99: {"state":1})
12-12 12:15:30.247  6286  7097 D AWSDeviceFarmAndroidLib: setEnabled: enabled: true
12-12 12:15:30.247   926   964 D BluetoothManagerService: Message: 20
12-12 12:15:30.247  6286  7097 D AWSDeviceFarmAndroidLib: setEnabled: setting bluetooth to: true
12-12 12:15:30.247   926   964 D BluetoothManagerService: Added callback: android.bluetooth.IBluetoothManagerCallback$Stub$Proxy@41dd2288:true
12-12 12:15:30.247   926  1745 D BluetoothManagerService: enable()
12-12 12:15:30.247   926  1745 D BluetoothManagerService: checkIfCallerIsForegroundUser: valid=true callingUser=0 foregroundUser=0
12-12 12:15:30.247   926  1745 D BluetoothManagerService: enterpriseAwareEnable():  mBluetooth =null mBinding = false
12-12 12:15:30.277   926   964 D BluetoothManagerService: Message: 1
12-12 12:15:30.277   926   964 D BluetoothManagerService: MESSAGE_ENABLE: mBluetooth = null
12-12 12:15:30.277   926   964 W SharedAssetStorage: Launching com.android.bluetooth (1002) with AMZ_APP_GID
12-12 12:15:30.287   926   964 I ActivityManager: Start proc com.android.bluetooth for service com.android.bluetooth/.btservice.AdapterService: pid=7106 uid=1002 gids={41002, 1002, 3003, 3002, 3001, 1028, 1015, 3005, 1016, 3008, 1023, 9001}
12-12 12:15:30.337  7106  7106 D dalvikvm: Good opt header, DEX offset is 64, flags=0x00
12-12 12:15:30.337  7106  7106 D dalvikvm: dalvik-aux-structure mapped at 0x604ab000 with sizes 268 288 284 792
12-12 12:15:30.337  7106  7106 D dalvikvm: Good opt header, DEX offset is 64, flags=0x00
12-12 12:15:30.337  7106  7106 D dalvikvm: dalvik-aux-structure mapped at 0x604ac000 with sizes 9868 2572 9108 1472
12-12 12:15:30.357  7106  7106 D ProfileManager: Create ProfileManager instance
12-12 12:15:30.357  7106  7106 W ResourceType: No package identifier when getting value for resource number 0x00000000
12-12 12:15:30.357  7106  7106 I Dispatch: No dispatch information file found
12-12 12:15:30.357  7106  7106 D AdapterServiceConfig: Adding A2dpService
12-12 12:15:30.357  7106  7106 D AdapterServiceConfig: Adding HidService
12-12 12:15:30.357  7106  7106 D AdapterServiceConfig: Adding GattService
12-12 12:15:30.367  6286  7123 D Aatp    : /task/b9eced56143cf2a795d3b6a0b15ce153e5497e99/status
12-12 12:15:30.377  7106  7106 D BluetoothAdapterService: REFCOUNT: CREATED. INSTANCE_COUNT1
12-12 12:15:30.377  7106  7106 D BluetoothAdapterService(1101821312): onCreate
12-12 12:15:30.377   926   964 D BluetoothManagerService: Message: 20
12-12 12:15:30.377  7106  7106 D BluetoothAdapterState: make
12-12 12:15:30.377   926   964 D BluetoothManagerService: Added callback: android.bluetooth.IBluetoothManagerCallback$Stub$Proxy@425db748:true
12-12 12:15:30.377  7106  7125 I BluetoothAdapterState: Entering OffState
12-12 12:15:30.377  7106  7106 I bluedroid: init
12-12 12:15:30.377  7106  7106 W ActivityThread: ClassLoader.loadClass: The class loader returned by Thread.getContextClassLoader() may fail for processes that host multiple applications. You should explicitly specify a context class loader. For example: Thread.setContextClassLoader(getClass().getClassLoader());
12-12 12:15:30.387  7106  7106 I bte_conf: Attempt to load stack conf from /etc/bluetooth/bt_stack_rel.conf
12-12 12:15:30.387  7106  7106 I bluedroid: get_profile_interface socket
12-12 12:15:30.387  7106  7127 I GKI_LINUX: gki_task_entry: gki_task_entry task_id=1 [BTIF] starting
12-12 12:15:30.387  7106  7106 D BluetoothAdapterService(1101821312): onBind
12-12 12:15:30.387  7106  7127 I BluetoothAdapterProperties: adapterPropertyChangedCallback with type:2 len:6
12-12 12:15:30.387   926   926 D BluetoothManagerService: BluetoothServiceConnection: com.android.bluetooth.btservice.AdapterService
12-12 12:15:30.387   926   964 D BluetoothManagerService: Message: 40
12-12 12:15:30.387   926   964 D BluetoothManagerService: MESSAGE_BLUETOOTH_SERVICE_CONNECTED: 1
12-12 12:15:30.387  7106  7127 D BluetoothAdapterProperties: Address is:xxxx
12-12 12:15:30.387  7106  7121 I bluedroid: config_hci_snoop_log
12-12 12:15:30.387  7106  7127 I BluetoothAdapterProperties: adapterPropertyChangedCallback with type:1 len:7
12-12 12:15:30.387   926   964 D BluetoothManagerService: Calling onBluetoothServiceUp callbacks
12-12 12:15:30.387   926   964 D BluetoothManagerService: Broadcasting onBluetoothServiceUp() to 5 receivers.
12-12 12:15:30.387  7106  7127 D BluetoothAdapterProperties: Name is: xxxx
12-12 12:15:30.387   926   926 D BluetoothManagerService: Bluetooth Adapter name changed to xxxx
12-12 12:15:30.387   926   926 D BluetoothManagerService: Stored Bluetooth name: xxxx
12-12 12:15:30.387  7106  7120 D BluetoothAdapterService(1101821312): Enable called with quiet mode status =  false
12-12 12:15:30.387  7106  7125 D BluetoothAdapterState: CURRENT_STATE=OFF, MESSAGE = USER_TURN_ON
12-12 12:15:30.387  7106  7125 D BluetoothAdapterProperties: Setting state to 11
12-12 12:15:30.387  7106  7125 I BluetoothAdapterState: Bluetooth adapter state changed: 10-> 11
12-12 12:15:30.387  7106  7125 D BluetoothAdapterService: Broadcasting updateAdapterState() to 1 receivers.
12-12 12:15:30.387  7106  7125 D BluetoothAdapterService(1101821312): processStart()
12-12 12:15:30.387  7106  7125 D BluetoothAdapterService(1101821312): processStart(): Make Bond State Machine
12-12 12:15:30.387  7106  7125 D BluetoothBondStateMachine: make
12-12 12:15:30.387   926   964 D BluetoothManagerService: Message: 60
12-12 12:15:30.387   926   964 D BluetoothManagerService: MESSAGE_BLUETOOTH_STATE_CHANGE: prevState = 10, newState=11
12-12 12:15:30.387   926   964 D BluetoothManagerService: Bluetooth State Change Intent: 10 -> 11
12-12 12:15:30.387  7106  7125 D BluetoothAdapterService: setAdapterService(): set to: null
12-12 12:15:30.387  7106  7125 W BluetoothAdapterService: Starting service com.android.bluetooth.a2dp.A2dpService
12-12 12:15:30.387  7106  7121 D BluetoothAdapterService(1101821312): getState(): mAdapterProperties: com.android.bluetooth.btservice.AdapterProperties@41ac9660
12-12 12:15:30.387  7106  7128 I BluetoothBondStateMachine: StableState(): Entering Off State
12-12 12:15:30.387   926   958 W SharedAssetStorage: Launching com.android.settings (1000) with AMZ_APP_GID
12-12 12:15:30.387   926   958 W BroadcastQueue: Permission Denial: receiving Intent { act=android.bluetooth.adapter.action.STATE_CHANGED flg=0x14000010 (has extras) } to ProcessRecord{4263a968 2885:com.amazon.whisperplay.cds:cds_services/u0a22006} (pid=2885, uid=32006) requires android.permission.BLUETOOTH due to sender android (uid 1000)
12-12 12:15:30.397  7106  7125 W BluetoothAdapterService: Starting service com.android.bluetooth.hid.HidService
12-12 12:15:30.397  7106  7125 W BluetoothAdapterService: Starting service com.android.bluetooth.gatt.GattService
12-12 12:15:30.397   926   926 D BluetoothA2dp: Proxy object connected
12-12 12:15:30.397  7106  7121 D BluetoothAdapterService(1101821312): getState(): mAdapterProperties: com.android.bluetooth.btservice.AdapterProperties@41ac9660
12-12 12:15:30.397  7106  7106 D A2dpService: Received start request. Starting profile...
12-12 12:15:30.397  7106  7106 I BluetoothAvrcpServiceJni: classInitNative: succeeds
12-12 12:15:30.397  7106  7125 I BluetoothAdapterState: Entering PendingCommandState State: isTurningOn()=true, isTurningOff()=false
12-12 12:15:30.397  7106  7106 I bluedroid: get_profile_interface avrcp
12-12 12:15:30.397   926   958 I ActivityManager: Start proc com.android.settings for broadcast com.android.settings/.bluetooth.DockEventReceiver: pid=7130 uid=1000 gids={41000, 1028, 1015, 3002, 3001, 3003, 2001, 1021, 3004, 3005, 1000, 3009, 1023, 1010, 9001}
12-12 12:15:30.407  7106  7106 I BluetoothA2dpServiceJni: classInitNative: succeeds
12-12 12:15:30.407  7106  7106 D A2dpStateMachine: make
12-12 12:15:30.407  7106  7106 I bluedroid: get_profile_interface a2dp
12-12 12:15:30.407  7106  7143 I GKI_LINUX: gki_task_entry: gki_task_entry task_id=2 [A2DP-MEDIA] starting
12-12 12:15:30.407  7106  7106 D bt-btif : btif_av_state_idle_handler event:BTIF_SM_ENTER_EVT flags 0
12-12 12:15:30.407  7106  7143 E bt-btif : warning : no command pending, ignore ack
12-12 12:15:30.407  7106  7106 D BluetoothAdapterService: getAdapterService(): returning com.android.bluetooth.btservice.AdapterService@41ac7580
12-12 12:15:30.407  7106  7142 D A2dpStateMachine: Enter Disconnected: -2
12-12 12:15:30.407  7106  7106 I BluetoothHidServiceJni: classInitNative: succeeds
12-12 12:15:30.407  7106  7106 D HidService: Received start request. Starting profile...
12-12 12:15:30.407  7106  7106 I bluedroid: get_profile_interface hidhost
12-12 12:15:30.407  7106  7106 D BluetoothAdapterService: getAdapterService(): returning com.android.bluetooth.btservice.AdapterService@41ac7580
12-12 12:15:30.407  7106  7106 D BtGatt.GattService: classInitNative called
12-12 12:15:30.407  7106  7106 I BtGatt.JNI: classInitNative(L684): classInitNative: Success!
12-12 12:15:30.407  7106  7106 D BtGatt.DebugUtils: handleDebugAction() action=null
12-12 12:15:30.407  7106  7106 D BtGatt.GattService: Received start request. Starting profile...
12-12 12:15:30.407  7106  7106 D BtGatt.GattService: start()
12-12 12:15:30.407  7106  7106 I bluedroid: get_profile_interface gatt
12-12 12:15:30.407  7106  7106 D BluetoothAdapterService: getAdapterService(): returning com.android.bluetooth.btservice.AdapterService@41ac7580
12-12 12:15:30.407  7106  7106 D BluetoothAdapterService(1101821312): Message: 1
12-12 12:15:30.407  7106  7106 D BluetoothAdapterService(1101821312): MESSAGE_PROFILE_SERVICE_STATE_CHANGED
12-12 12:15:30.407  7106  7106 D BluetoothAdapterService: onProfileServiceStateChange: serviceName=com.android.bluetooth.a2dp.A2dpService, state = 12, doUpdate = true
12-12 12:15:30.407  7106  7106 D BluetoothAdapterService: Profile still not running:com.android.bluetooth.hid.HidService
12-12 12:15:30.407  7106  7106 D BluetoothAdapterService(1101821312): Message: 1
12-12 12:15:30.407  7106  7106 D BluetoothAdapterService(1101821312): MESSAGE_PROFILE_SERVICE_STATE_CHANGED
12-12 12:15:30.407  7106  7106 D BluetoothAdapterService: onProfileServiceStateChange: serviceName=com.android.bluetooth.hid.HidService, state = 12, doUpdate = true
12-12 12:15:30.407  7106  7106 D BluetoothAdapterService: Profile still not running:com.android.bluetooth.gatt.GattService
12-12 12:15:30.407  7106  7106 D BluetoothAdapterService(1101821312): Message: 1
12-12 12:15:30.407  7106  7106 D BluetoothAdapterService(1101821312): MESSAGE_PROFILE_SERVICE_STATE_CHANGED
12-12 12:15:30.407  7106  7106 D BluetoothAdapterService: onProfileServiceStateChange: serviceName=com.android.bluetooth.gatt.GattService, state = 12, doUpdate = true
12-12 12:15:30.407  7106  7106 D BluetoothAdapterService: All profile services started.
12-12 12:15:30.417  7106  7125 D BluetoothAdapterState: CURRENT_STATE=PENDING, MESSAGE = STARTED, isTurningOn=true, isTurningOff=false
12-12 12:15:30.417  7106  7125 I bluedroid: enable
12-12 12:15:30.417  7106  7125 I bt_hci_bdroid: init
12-12 12:15:30.417  7106  7125 I bt_vendor: bt-vendor : init
12-12 12:15:30.417  7106  7125 I bt_vendor: bt-vendor : get_bt_soc_type
12-12 12:15:30.417  7106  7125 I bt_vendor: qcom.bluetooth.soc set to ath3k
12-12 12:15:30.417  7106  7125 I bt_vendor: bt-vendor : Initializing UART transport layer
12-12 12:15:30.417  7106  7125 I bt_vendor: init: Local BD Address : 67:31:fb:3a:bb:00
12-12 12:15:30.417  7106  7125 I bt_hci_bdroid: ro.qualcomm.bt.hci_transport not set, so using default.
12-12 12:15:30.417  7106  7125 D bt_h4   : hci_h4_init
12-12 12:15:30.417  7106  7125 D bt_hci_bdroid: set_power 0
12-12 12:15:30.417  7106  7125 I bt_vendor: bt-vendor : BT_VND_OP_POWER_CTRL: Off
12-12 12:15:30.417  7106  7125 I bt_vendor: bt_powerup: 0
12-12 12:15:30.417  7106  7125 E bt_vendor: bt_wait_for_service_done: check
12-12 12:15:30.417  7106  7125 E bt_vendor: bt_powerup:can't perform action as it is being used by other clients
12-12 12:15:30.417  7106  7147 I bt_hci_bdroid: bt_hc_worker_thread started
12-12 12:15:30.427  7130  7130 W dalvikvm: Refusing to reopen boot DEX '/system/framework/eaclibrary.jar'
12-12 12:15:30.437  7130  7130 D dalvikvm: Good opt header, DEX offset is 64, flags=0x00
12-12 12:15:30.437  7130  7130 D dalvikvm: dalvik-aux-structure mapped at 0x60dbe000 with sizes 1992 2188 3416 1324
12-12 12:15:30.437  7130  7130 D dalvikvm: Good opt header, DEX offset is 64, flags=0x00
12-12 12:15:30.437  7130  7130 D dalvikvm: dalvik-aux-structure mapped at 0x60dc2000 with sizes 12960 4952 10452 3280
12-12 12:15:30.437  7130  7130 D dalvikvm: Good opt header, DEX offset is 64, flags=0x00
12-12 12:15:30.437  7130  7130 D dalvikvm: dalvik-aux-structure mapped at 0x6163b000 with sizes 40520 26084 53968 12536
12-12 12:15:30.437  7130  7130 D dalvikvm: Good opt header, DEX offset is 64, flags=0x00
12-12 12:15:30.437  7130  7130 D dalvikvm: dalvik-aux-structure mapped at 0x60dcc000 with sizes 696 840 960 188
12-12 12:15:30.437  7130  7130 D dalvikvm: Good opt header, DEX offset is 64, flags=0x00
12-12 12:15:30.437  7130  7130 D dalvikvm: dalvik-aux-structure mapped at 0x60f5e000 with sizes 1484 716 1504 928
12-12 12:15:30.437  7130  7130 D dalvikvm: Good opt header, DEX offset is 64, flags=0x00
12-12 12:15:30.437  7130  7130 D dalvikvm: dalvik-aux-structure mapped at 0x60f62000 with sizes 752 564 744 248
12-12 12:15:30.437  7130  7130 D dalvikvm: Good opt header, DEX offset is 64, flags=0x00
12-12 12:15:30.437  7130  7130 D dalvikvm: dalvik-aux-structure mapped at 0x60f63000 with sizes 164 364 528 88
12-12 12:15:30.437  7130  7130 D ProfileManager: Create ProfileManager instance
12-12 12:15:30.447  7130  7130 W ResourceType: No package identifier when getting value for resource number 0x00000000
12-12 12:15:30.447  7130  7130 I Dispatch: No dispatch information file found
12-12 12:15:30.447  7130  7130 W ActivityThread: ClassLoader.loadClass: The class loader returned by Thread.getContextClassLoader() may fail for processes that host multiple applications. You should explicitly specify a context class loader. For example: Thread.setContextClassLoader(getClass().getClassLoader());
12-12 12:15:30.477  7106  7106 D dalvikvm: Good opt header, DEX offset is 64, flags=0x00
12-12 12:15:30.477  7106  7106 D dalvikvm: dalvik-aux-structure mapped at 0x61393000 with sizes 216 176 128 100
12-12 12:15:30.617  7106  7125 D bt_hci_bdroid: set_power 1
12-12 12:15:30.617  7106  7125 I bt_vendor: bt-vendor : BT_VND_OP_POWER_CTRL: On
12-12 12:15:30.617  7106  7125 I bt_vendor: bt_powerup: 1
12-12 12:15:30.617  7106  7125 E bt_vendor: bt_wait_for_service_done: check
12-12 12:15:30.617  7106  7125 E bt_vendor: Write 1 to rfkill
12-12 12:15:30.707   926   993 I WifiStateMachine: [DHCP INFO UPDATED (LinkProperties changed)]  DATA: [ xxxx]
12-12 12:15:30.717   926   996 D ConnectivityService: handleConnectivityChange: addresses changed linkProperty[1]: resetMask=0
12-12 12:15:30.717   926   996 D ConnectivityService:    car=removed=[] added=[fe80::2bb:3aff:fefa:a6c7/64,]
12-12 12:15:30.717   926   996 D Nat464Xlat: requiresClat: netType=1, hasIPv4Address=true
12-12 12:15:30.727  7106  7125 E bt_vendor: bt get wifi status: ok, isInit: 1
12-12 12:15:30.927  7106  7152 I GKI_LINUX: gki_task_entry: gki_task_entry task_id=0 [BTU] starting
12-12 12:15:30.927  7106  7125 D bt_hci_bdroid: preload
12-12 12:15:30.927  7106  7125 D bt_hci_bdroid: signal_event :0x1
12-12 12:15:30.927  7106  7147 D bt_hci_bdroid: bt_hc_worker_thread events : 0x1
12-12 12:15:30.927  7106  7147 I bt_vendor: bt-vendor : BT_VND_OP_USERIAL_OPEN
12-12 12:15:30.927  7106  7147 I bt_vendor:  hw_config_ath3k 
12-12 12:15:30.927  7106  7147 I bt_vendor:  init_uart 
12-12 12:15:30.927  7106  7152 I bt-btu  : btu_task pending for preload complete event
12-12 12:15:30.927  7106  7147 I bt_vendor:  ath3k_init 
12-12 12:15:30.927  7106  7147 I bt_vendor: read_hci_event: Wait for Command Compete Event from SOC
12-12 12:15:30.937  7106  7147 I bt_vendor: read_hci_event: Event Received from SOC
12-12 12:15:30.937  7106  7147 I bt_vendor: read_hci_event: Event Read from SOC
12-12 12:15:30.937  7106  7147 I bt_vendor: set_cntrlr_baud : ret:0 
12-12 12:15:30.937  7106  7147 I bt_vendor: read_hci_event: Wait for Command Compete Event from SOC
12-12 12:15:30.937  7106  7147 I bt_vendor: read_hci_event: Event Received from SOC
12-12 12:15:30.937  7106  7147 I bt_vendor: read_hci_event: Event Read from SOC
12-12 12:15:30.937  7106  7147 I bt_vendor: read_hci_event: Wait for Command Compete Event from SOC
12-12 12:15:30.937  7106  7147 I bt_vendor: read_hci_event: Event Received from SOC
12-12 12:15:30.937  7106  7147 I bt_vendor: read_hci_event: Event Read from SOC
12-12 12:15:30.937  7106  7147 I bt_vendor: read_hci_event: Wait for Command Compete Event from SOC
12-12 12:15:30.937  7106  7147 I bt_vendor: read_hci_event: Event Received from SOC
12-12 12:15:30.937  7106  7147 I bt_vendor: read_hci_event: Event Read from SOC
12-12 12:15:30.937  7106  7147 I bt_vendor: read_hci_event: Wait for Command Compete Event from SOC
12-12 12:15:30.937  7106  7147 I bt_vendor: read_hci_event: Event Received from SOC
12-12 12:15:30.937  7106  7147 I bt_vendor: read_hci_event: Event Read from SOC
12-12 12:15:30.937  7106  7147 I bt_vendor: read_hci_event: Wait for Command Compete Event from SOC
12-12 12:15:30.937  7106  7147 I bt_vendor: read_hci_event: Event Received from SOC
12-12 12:15:30.937  7106  7147 I bt_vendor: read_hci_event: Event Read from SOC
12-12 12:15:30.937  7106  7147 I bt_vendor: read_hci_event: Wait for Command Compete Event from SOC
12-12 12:15:30.937  7106  7147 I bt_vendor: read_hci_event: Event Received from SOC
12-12 12:15:30.937  7106  7147 I bt_vendor: read_hci_event: Event Read from SOC
12-12 12:15:30.947  7106  7147 I bt_vendor: read_hci_event: Wait for Command Compete Event from SOC
12-12 12:15:30.947  7106  7147 I bt_vendor: read_hci_event: Event Received from SOC
12-12 12:15:30.947  7106  7147 I bt_vendor: read_hci_event: Event Read from SOC
12-12 12:15:30.947  7106  7147 I bt_vendor: read_hci_event: Wait for Command Compete Event from SOC
12-12 12:15:30.947  7106  7147 I bt_vendor: read_hci_event: Event Received from SOC
12-12 12:15:30.947  7106  7147 I bt_vendor: read_hci_event: Event Read from SOC
12-12 12:15:30.947  7106  7147 I bt_vendor: read_hci_event: Wait for Command Compete Event from SOC
12-12 12:15:30.947  7106  7147 I bt_vendor: read_hci_event: Event Received from SOC
12-12 12:15:30.947  7106  7147 I bt_vendor: read_hci_event: Event Read from SOC
12-12 12:15:30.947  7106  7147 I bt_vendor: read_hci_event: Wait for Command Compete Event from SOC
12-12 12:15:30.947  7106  7147 I bt_vendor: read_hci_event: Event Received from SOC
12-12 12:15:30.947  7106  7147 I bt_vendor: read_hci_event: Event Read from SOC
12-12 12:15:30.947  7106  7147 I bt_vendor: read_hci_event: Wait for Command Compete Event from SOC
12-12 12:15:30.947  7106  7147 I bt_vendor: read_hci_event: Event Received from SOC
12-12 12:15:30.947  7106  7147 I bt_vendor: read_hci_event: Event Read from SOC
12-12 12:15:30.947  7106  7147 I bt_vendor: read_hci_event: Wait for Command Compete Event from SOC
12-12 12:15:30.957  7106  7147 I bt_vendor: read_hci_event: Event Received from SOC
12-12 12:15:30.957  7106  7147 I bt_vendor: read_hci_event: Event Read from SOC
12-12 12:15:30.957  7106  7147 I bt_vendor: read_hci_event: Wait for Command Compete Event from SOC
12-12 12:15:30.957  7106  7147 I bt_vendor: read_hci_event: Event Received from SOC
12-12 12:15:30.957  7106  7147 I bt_vendor: read_hci_event: Event Read from SOC
12-12 12:15:30.957  7106  7147 I bt_vendor: read_hci_event: Wait for Command Compete Event from SOC
12-12 12:15:30.957  7106  7147 I bt_vendor: read_hci_event: Event Received from SOC
12-12 12:15:30.957  7106  7147 I bt_vendor: read_hci_event: Event Read from SOC
12-12 12:15:30.957  7106  7147 I bt_vendor: read_hci_event: Wait for Command Compete Event from SOC
12-12 12:15:30.957  7106  7147 I bt_vendor: read_hci_event: Event Received from SOC
12-12 12:15:30.957  7106  7147 I bt_vendor: read_hci_event: Event Read from SOC
12-12 12:15:30.957  7106  7147 I bt_vendor: read_hci_event: Wait for Command Compete Event from SOC
12-12 12:15:30.957  7106  7147 I bt_vendor: read_hci_event: Event Received from SOC
12-12 12:15:30.957  7106  7147 I bt_vendor: read_hci_event: Event Read from SOC
12-12 12:15:30.957  7106  7147 I bt_vendor: read_hci_event: Wait for Command Compete Event from SOC
12-12 12:15:30.957  7106  7147 I bt_vendor: read_hci_event: Event Received from SOC
12-12 12:15:30.957  7106  7147 I bt_vendor: read_hci_event: Event Read from SOC
12-12 12:15:30.967  7106  7147 I bt_vendor: read_hci_event: Wait for Command Compete Event from SOC
12-12 12:15:30.967  7106  7147 I bt_vendor: read_hci_event: Event Received from SOC
12-12 12:15:30.967  7106  7147 I bt_vendor: read_hci_event: Event Read from SOC
12-12 12:15:30.967  7106  7147 I bt_vendor: read_hci_event: Wait for Command Compete Event from SOC
12-12 12:15:30.967  7106  7147 I bt_vendor: read_hci_event: Event Received from SOC
12-12 12:15:30.967  7106  7147 I bt_vendor: read_hci_event: Event Read from SOC
12-12 12:15:30.967  7106  7147 I bt_vendor: read_hci_event: Wait for Command Compete Event from SOC
12-12 12:15:30.967  7106  7147 I bt_vendor: read_hci_event: Event Received from SOC
12-12 12:15:30.967  7106  7147 I bt_vendor: read_hci_event: Event Read from SOC
12-12 12:15:30.967  7106  7147 I bt_vendor: read_hci_event: Wait for Command Compete Event from SOC
12-12 12:15:30.967  7106  7147 I bt_vendor: read_hci_event: Event Received from SOC
12-12 12:15:30.967  7106  7147 I bt_vendor: read_hci_event: Event Read from SOC
12-12 12:15:30.967  7106  7147 I bt_vendor: read_hci_event: Wait for Command Compete Event from SOC
12-12 12:15:30.967  7106  7147 I bt_vendor: read_hci_event: Event Received from SOC
12-12 12:15:30.967  7106  7147 I bt_vendor: read_hci_event: Event Read from SOC
12-12 12:15:30.967  7106  7147 I bt_vendor: read_hci_event: Wait for Command Compete Event from SOC
12-12 12:15:30.967  7106  7147 I bt_vendor: read_hci_event: Event Received from SOC
12-12 12:15:30.967  7106  7147 I bt_vendor: read_hci_event: Event Read from SOC
12-12 12:15:30.977  7106  7147 I bt_vendor: read_hci_event: Wait for Command Compete Event from SOC
12-12 12:15:30.977  7106  7147 I bt_vendor: read_hci_event: Event Received from SOC
12-12 12:15:30.977  7106  7147 I bt_vendor: read_hci_event: Event Read from SOC
12-12 12:15:30.977  7106  7147 I bt_vendor: read_hci_event: Wait for Command Compete Event from SOC
12-12 12:15:30.977  7106  7147 I bt_vendor: read_hci_event: Event Received from SOC
12-12 12:15:30.977  7106  7147 I bt_vendor: read_hci_event: Event Read from SOC
12-12 12:15:30.977  7106  7147 I bt_vendor: read_hci_event: Wait for Command Compete Event from SOC
12-12 12:15:30.977  7106  7147 I bt_vendor: read_hci_event: Event Received from SOC
12-12 12:15:30.977  7106  7147 I bt_vendor: read_hci_event: Event Read from SOC
12-12 12:15:30.977  7106  7147 I bt_vendor: read_hci_event: Wait for Command Compete Event from SOC
12-12 12:15:30.977  7106  7147 I bt_vendor: read_hci_event: Event Received from SOC
12-12 12:15:30.977  7106  7147 I bt_vendor: read_hci_event: Event Read from SOC
12-12 12:15:30.977  7106  7147 I bt_vendor: read_hci_event: Wait for Command Compete Event from SOC
12-12 12:15:30.977  7106  7147 I bt_vendor: read_hci_event: Event Received from SOC
12-12 12:15:30.977  7106  7147 I bt_vendor: read_hci_event: Event Read from SOC
12-12 12:15:30.977  7106  7147 I bt_vendor: read_hci_event: Wait for Command Compete Event from SOC
12-12 12:15:30.977  7106  7147 I bt_vendor: read_hci_event: Event Received from SOC
12-12 12:15:30.977  7106  7147 I bt_vendor: read_hci_event: Event Read from SOC
12-12 12:15:30.977  7106  7147 I bt_vendor: read_hci_event: Wait for Command Compete Event from SOC
12-12 12:15:30.987  7106  7147 I bt_vendor: read_hci_event: Event Received from SOC
12-12 12:15:30.987  7106  7147 I bt_vendor: read_hci_event: Event Read from SOC
12-12 12:15:30.987  7106  7147 I bt_vendor: read_hci_event: Wait for Command Compete Event from SOC
12-12 12:15:30.987  7106  7147 I bt_vendor: read_hci_event: Event Received from SOC
12-12 12:15:30.987  7106  7147 I bt_vendor: read_hci_event: Event Read from SOC
12-12 12:15:30.987  7106  7147 I bt_vendor: read_hci_event: Wait for Command Compete Event from SOC
12-12 12:15:30.987  7106  7147 I bt_vendor: read_hci_event: Event Received from SOC
12-12 12:15:30.987  7106  7147 I bt_vendor: read_hci_event: Event Read from SOC
12-12 12:15:30.987  7106  7147 I bt_vendor: read_hci_event: Wait for Command Compete Event from SOC
12-12 12:15:30.987  7106  7147 I bt_vendor: read_hci_event: Event Received from SOC
12-12 12:15:30.987  7106  7147 I bt_vendor: read_hci_event: Event Read from SOC
12-12 12:15:30.987  7106  7147 I bt_vendor: read_hci_event: Wait for Command Compete Event from SOC
12-12 12:15:30.987  7106  7147 I bt_vendor: read_hci_event: Event Received from SOC
12-12 12:15:30.987  7106  7147 I bt_vendor: read_hci_event: Event Read from SOC
12-12 12:15:30.987  7106  7147 I bt_vendor: read_hci_event: Wait for Command Compete Event from SOC
12-12 12:15:30.987  7106  7147 I bt_vendor: read_hci_event: Event Received from SOC
12-12 12:15:30.987  7106  7147 I bt_vendor: read_hci_event: Event Read from SOC
12-12 12:15:30.987  7106  7147 I bt_vendor: read_hci_event: Wait for Command Compete Event from SOC
12-12 12:15:30.987  7106  7147 I bt_vendor: read_hci_event: Event Received from SOC
12-12 12:15:30.987  7106  7147 I bt_vendor: read_hci_event: Event Read from SOC
12-12 12:15:30.987  7106  7147 I bt_vendor: read_hci_event: Wait for Command Compete Event from SOC
12-12 12:15:30.997  7106  7147 I bt_vendor: read_hci_event: Event Received from SOC
12-12 12:15:30.997  7106  7147 I bt_vendor: read_hci_event: Event Read from SOC
12-12 12:15:30.997  7106  7147 I bt_vendor: read_hci_event: Wait for Command Compete Event from SOC
12-12 12:15:30.997  7106  7147 I bt_vendor: read_hci_event: Event Received from SOC
12-12 12:15:30.997  7106  7147 I bt_vendor: read_hci_event: Event Read from SOC
12-12 12:15:30.997  7106  7147 I bt_vendor: read_hci_event: Wait for Command Compete Event from SOC
12-12 12:15:30.997  7106  7147 I bt_vendor: read_hci_event: Event Received from SOC
12-12 12:15:30.997  7106  7147 I bt_vendor: read_hci_event: Event Read from SOC
12-12 12:15:30.997  7106  7147 I bt_vendor: read_hci_event: Wait for Command Compete Event from SOC
12-12 12:15:30.997  7106  7147 I bt_vendor: read_hci_event: Event Received from SOC
12-12 12:15:30.997  7106  7147 I bt_vendor: read_hci_event: Event Read from SOC
12-12 12:15:30.997  7106  7147 I bt_vendor: read_hci_event: Wait for Command Compete Event from SOC
12-12 12:15:30.997  7106  7147 I bt_vendor: read_hci_event: Event Received from SOC
12-12 12:15:30.997  7106  7147 I bt_vendor: read_hci_event: Event Read from SOC
12-12 12:15:30.997  7106  7147 I bt_vendor: read_hci_event: Wait for Command Compete Event from SOC
12-12 12:15:30.997  7106  7147 I bt_vendor: read_hci_event: Event Received from SOC
12-12 12:15:30.997  7106  7147 I bt_vendor: read_hci_event: Event Read from SOC
12-12 12:15:30.997  7106  7147 I bt_vendor: read_hci_event: Wait for Command Compete Event from SOC
12-12 12:15:30.997  7106  7147 I bt_vendor: read_hci_event: Event Received from SOC
12-12 12:15:30.997  7106  7147 I bt_vendor: read_hci_event: Event Read from SOC
12-12 12:15:30.997  7106  7147 I bt_vendor: read_hci_event: Wait for Command Compete Event from SOC
12-12 12:15:31.007  7106  7147 I bt_vendor: read_hci_event: Event Received from SOC
12-12 12:15:31.007  7106  7147 I bt_vendor: read_hci_event: Event Read from SOC
12-12 12:15:31.007  7106  7147 I bt_vendor: read_hci_event: Wait for Command Compete Event from SOC
12-12 12:15:31.007  7106  7147 I bt_vendor: read_hci_event: Event Received from SOC
12-12 12:15:31.007  7106  7147 I bt_vendor: read_hci_event: Event Read from SOC
12-12 12:15:31.007  7106  7147 I bt_vendor: read_hci_event: Wait for Command Compete Event from SOC
12-12 12:15:31.007  7106  7147 I bt_vendor: read_hci_event: Event Received from SOC
12-12 12:15:31.007  7106  7147 I bt_vendor: read_hci_event: Event Read from SOC
12-12 12:15:31.007  7106  7147 I bt_vendor: read_hci_event: Wait for Command Compete Event from SOC
12-12 12:15:31.007  7106  7147 I bt_vendor: read_hci_event: Event Received from SOC
12-12 12:15:31.007  7106  7147 I bt_vendor: read_hci_event: Event Read from SOC
12-12 12:15:31.007  7106  7147 I bt_vendor: read_hci_event: Wait for Command Compete Event from SOC
12-12 12:15:31.007  7106  7147 I bt_vendor: read_hci_event: Event Received from SOC
12-12 12:15:31.007  7106  7147 I bt_vendor: read_hci_event: Event Read from SOC
12-12 12:15:31.007  7106  7147 I bt_vendor: read_hci_event: Wait for Command Compete Event from SOC
12-12 12:15:31.007  7106  7147 I bt_vendor: read_hci_event: Event Received from SOC
12-12 12:15:31.007  7106  7147 I bt_vendor: read_hci_event: Event Read from SOC
12-12 12:15:31.007  7106  7147 I bt_vendor: read_hci_event: Wait for Command Compete Event from SOC
12-12 12:15:31.007  7106  7147 I bt_vendor: read_hci_event: Event Received from SOC
12-12 12:15:31.007  7106  7147 I bt_vendor: read_hci_event: Event Read from SOC
12-12 12:15:31.017  7106  7147 I bt_vendor: read_hci_event: Wait for Command Compete Event from SOC
12-12 12:15:31.017  7106  7147 I bt_vendor: read_hci_event: Event Received from SOC
12-12 12:15:31.017  7106  7147 I bt_vendor: read_hci_event: Event Read from SOC
12-12 12:15:31.017  7106  7147 I bt_vendor: read_hci_event: Wait for Command Compete Event from SOC
12-12 12:15:31.017  7106  7147 I bt_vendor: read_hci_event: Event Received from SOC
12-12 12:15:31.017  7106  7147 I bt_vendor: read_hci_event: Event Read from SOC
12-12 12:15:31.017  7106  7147 I bt_vendor: read_hci_event: Wait for Command Compete Event from SOC
12-12 12:15:31.017  7106  7147 I bt_vendor: read_hci_event: Event Received from SOC
12-12 12:15:31.017  7106  7147 I bt_vendor: read_hci_event: Event Read from SOC
12-12 12:15:31.017  7106  7147 I bt_vendor: read_hci_event: Wait for Command Compete Event from SOC
12-12 12:15:31.017  7106  7147 I bt_vendor: read_hci_event: Event Received from SOC
12-12 12:15:31.017  7106  7147 I bt_vendor: read_hci_event: Event Read from SOC
12-12 12:15:31.017  7106  7147 I bt_vendor: read_hci_event: Wait for Command Compete Event from SOC
12-12 12:15:31.017  7106  7147 I bt_vendor: read_hci_event: Event Received from SOC
12-12 12:15:31.017  7106  7147 I bt_vendor: read_hci_event: Event Read from SOC
12-12 12:15:31.027  7106  7147 I bt_vendor: read_hci_event: Wait for Command Compete Event from SOC
12-12 12:15:31.027  7106  7147 I bt_vendor: read_hci_event: Event Received from SOC
12-12 12:15:31.027  7106  7147 I bt_vendor: read_hci_event: Event Read from SOC
12-12 12:15:31.027  7106  7147 I bt_vendor: read_hci_event: Wait for Command Compete Event from SOC
12-12 12:15:31.027  7106  7147 I bt_vendor: read_hci_event: Event Received from SOC
12-12 12:15:31.027  7106  7147 I bt_vendor: read_hci_event: Event Read from SOC
12-12 12:15:31.027  7106  7147 I bt_vendor: read_hci_event: Wait for Command Compete Event from SOC
12-12 12:15:31.027  7106  7147 I bt_vendor: read_hci_event: Event Received from SOC
12-12 12:15:31.027  7106  7147 I bt_vendor: read_hci_event: Event Read from SOC
12-12 12:15:31.027  7106  7147 I bt_vendor: read_hci_event: Wait for Command Compete Event from SOC
12-12 12:15:31.027  7106  7147 I bt_vendor: read_hci_event: Event Received from SOC
12-12 12:15:31.027  7106  7147 I bt_vendor: read_hci_event: Event Read from SOC
12-12 12:15:31.027  7106  7147 I bt_vendor: read_hci_event: Wait for Command Compete Event from SOC
12-12 12:15:31.027  7106  7147 I bt_vendor: read_hci_event: Event Received from SOC
12-12 12:15:31.027  7106  7147 I bt_vendor: read_hci_event: Event Read from SOC
12-12 12:15:31.027  7106  7147 I bt_vendor: read_hci_event: Wait for Command Compete Event from SOC
12-12 12:15:31.037  7106  7147 I bt_vendor: read_hci_event: Event Received from SOC
12-12 12:15:31.037  7106  7147 I bt_vendor: read_hci_event: Event Read from SOC
12-12 12:15:31.037  7106  7147 I bt_vendor: read_hci_event: Wait for Command Compete Event from SOC
12-12 12:15:31.037  7106  7147 I bt_vendor: read_hci_event: Event Received from SOC
12-12 12:15:31.037  7106  7147 I bt_vendor: read_hci_event: Event Read from SOC
12-12 12:15:31.037  7106  7147 I bt_vendor: read_hci_event: Wait for Command Compete Event from SOC
12-12 12:15:31.037  7106  7147 I bt_vendor: read_hci_event: Event Received from SOC
12-12 12:15:31.037  7106  7147 I bt_vendor: read_hci_event: Event Read from SOC
12-12 12:15:31.037  7106  7147 I bt_vendor: read_hci_event: Wait for Command Compete Event from SOC
12-12 12:15:31.037  7106  7147 I bt_vendor: read_hci_event: Event Received from SOC
12-12 12:15:31.037  7106  7147 I bt_vendor: read_hci_event: Event Read from SOC
12-12 12:15:31.037  7106  7147 I bt_vendor: read_hci_event: Wait for Command Compete Event from SOC
12-12 12:15:31.037  7106  7147 I bt_vendor: read_hci_event: Event Received from SOC
12-12 12:15:31.037  7106  7147 I bt_vendor: read_hci_event: Event Read from SOC
12-12 12:15:31.037  7106  7147 I bt_vendor: read_hci_event: Wait for Command Compete Event from SOC
12-12 12:15:31.047  7106  7147 I bt_vendor: read_hci_event: Event Received from SOC
12-12 12:15:31.047  7106  7147 I bt_vendor: read_hci_event: Event Read from SOC
12-12 12:15:31.047  7106  7147 I bt_vendor: read_hci_event: Wait for Command Compete Event from SOC
12-12 12:15:31.047  7106  7147 I bt_vendor: read_hci_event: Event Received from SOC
12-12 12:15:31.047  7106  7147 I bt_vendor: read_hci_event: Event Read from SOC
12-12 12:15:31.047  7106  7147 I bt_vendor: read_hci_event: Wait for Command Compete Event from SOC
12-12 12:15:31.047  7106  7147 I bt_vendor: read_hci_event: Event Received from SOC
12-12 12:15:31.047  7106  7147 I bt_vendor: read_hci_event: Event Read from SOC
12-12 12:15:31.047  7106  7147 I bt_vendor: read_hci_event: Wait for Command Compete Event from SOC
12-12 12:15:31.047  7106  7147 I bt_vendor: read_hci_event: Event Received from SOC
12-12 12:15:31.047  7106  7147 I bt_vendor: read_hci_event: Event Read from SOC
12-12 12:15:31.047  7106  7147 I bt_vendor: read_hci_event: Wait for Command Compete Event from SOC
12-12 12:15:31.047  7106  7147 I bt_vendor: read_hci_event: Event Received from SOC
12-12 12:15:31.047  7106  7147 I bt_vendor: read_hci_event: Event Read from SOC
12-12 12:15:31.047  7106  7147 I bt_vendor: read_hci_event: Wait for Command Compete Event from SOC
12-12 12:15:31.057  7106  7147 I bt_vendor: read_hci_event: Event Received from SOC
12-12 12:15:31.057  7106  7147 I bt_vendor: read_hci_event: Event Read from SOC
12-12 12:15:31.057  7106  7147 I bt_vendor: read_hci_event: Wait for Command Compete Event from SOC
12-12 12:15:31.057  7106  7147 I bt_vendor: read_hci_event: Event Received from SOC
12-12 12:15:31.057  7106  7147 I bt_vendor: read_hci_event: Event Read from SOC
12-12 12:15:31.057  7106  7147 I bt_vendor: read_hci_event: Wait for Command Compete Event from SOC
12-12 12:15:31.057  7106  7147 I bt_vendor: read_hci_event: Event Received from SOC
12-12 12:15:31.057  7106  7147 I bt_vendor: read_hci_event: Event Read from SOC
12-12 12:15:31.057  7106  7147 I bt_vendor: read_hci_event: Wait for Command Compete Event from SOC
12-12 12:15:31.057  7106  7147 I bt_vendor: read_hci_event: Event Received from SOC
12-12 12:15:31.057  7106  7147 I bt_vendor: read_hci_event: Event Read from SOC
12-12 12:15:31.057  7106  7147 I bt_vendor: read_hci_event: Wait for Command Compete Event from SOC
12-12 12:15:31.057  7106  7147 I bt_vendor: read_hci_event: Event Received from SOC
12-12 12:15:31.057  7106  7147 I bt_vendor: read_hci_event: Event Read from SOC
12-12 12:15:31.057  7106  7147 I bt_vendor: read_hci_event: Wait for Command Compete Event from SOC
12-12 12:15:31.057  7106  7147 I bt_vendor: read_hci_event: Event Received from SOC
12-12 12:15:31.067  7106  7147 I bt_vendor: read_hci_event: Event Read from SOC
12-12 12:15:31.067  7106  7147 I bt_vendor: read_hci_event: Wait for Command Compete Event from SOC
12-12 12:15:31.067  7106  7147 I bt_vendor: read_hci_event: Event Received from SOC
12-12 12:15:31.067  7106  7147 I bt_vendor: read_hci_event: Event Read from SOC
12-12 12:15:31.067  7106  7147 I bt_vendor: read_hci_event: Wait for Command Compete Event from SOC
12-12 12:15:31.067  7106  7147 I bt_vendor: read_hci_event: Event Received from SOC
12-12 12:15:31.067  7106  7147 I bt_vendor: read_hci_event: Event Read from SOC
12-12 12:15:31.067  7106  7147 I bt_vendor: read_hci_event: Wait for Command Compete Event from SOC
12-12 12:15:31.067  7106  7147 I bt_vendor: read_hci_event: Event Received from SOC
12-12 12:15:31.067  7106  7147 I bt_vendor: read_hci_event: Event Read from SOC
12-12 12:15:31.067  7106  7147 I bt_vendor: read_hci_event: Wait for Command Compete Event from SOC
12-12 12:15:31.067  7106  7147 I bt_vendor: read_hci_event: Event Received from SOC
12-12 12:15:31.067  7106  7147 I bt_vendor: read_hci_event: Event Read from SOC
12-12 12:15:31.067  7106  7147 I bt_vendor: read_hci_event: Wait for Command Compete Event from SOC
12-12 12:15:31.067  7106  7147 I bt_vendor: read_hci_event: Event Received from SOC
12-12 12:15:31.067  7106  7147 I bt_vendor: read_hci_event: Event Read from SOC
12-12 12:15:31.077  7106  7147 I bt_vendor: read_hci_event: Wait for Command Compete Event from SOC
12-12 12:15:31.077  7106  7147 I bt_vendor: read_hci_event: Event Received from SOC
12-12 12:15:31.077  7106  7147 I bt_vendor: read_hci_event: Event Read from SOC
12-12 12:15:31.077  7106  7147 I bt_vendor: read_hci_event: Wait for Command Compete Event from SOC
12-12 12:15:31.077  7106  7147 I bt_vendor: read_hci_event: Event Received from SOC
12-12 12:15:31.077  7106  7147 I bt_vendor: read_hci_event: Event Read from SOC
12-12 12:15:31.077  7106  7147 I bt_vendor: read_hci_event: Wait for Command Compete Event from SOC
12-12 12:15:31.077  7106  7147 I bt_vendor: read_hci_event: Event Received from SOC
12-12 12:15:31.077  7106  7147 I bt_vendor: read_hci_event: Event Read from SOC
12-12 12:15:31.077  7106  7147 I bt_vendor: read_hci_event: Wait for Command Compete Event from SOC
12-12 12:15:31.077  7106  7147 I bt_vendor: read_hci_event: Event Received from SOC
12-12 12:15:31.077  7106  7147 I bt_vendor: read_hci_event: Event Read from SOC
12-12 12:15:31.077  7106  7147 I bt_vendor: read_hci_event: Wait for Command Compete Event from SOC
12-12 12:15:31.077  7106  7147 I bt_vendor: read_hci_event: Event Received from SOC
12-12 12:15:31.077  7106  7147 I bt_vendor: read_hci_event: Event Read from SOC
12-12 12:15:31.077  7106  7147 I bt_vendor: read_hci_event: Wait for Command Compete Event from SOC
12-12 12:15:31.087  7106  7147 I bt_vendor: read_hci_event: Event Received from SOC
12-12 12:15:31.087  7106  7147 I bt_vendor: read_hci_event: Event Read from SOC
12-12 12:15:31.087  7106  7147 I bt_vendor: read_hci_event: Wait for Command Compete Event from SOC
12-12 12:15:31.087  7106  7147 I bt_vendor: read_hci_event: Event Received from SOC
12-12 12:15:31.087  7106  7147 I bt_vendor: read_hci_event: Event Read from SOC
12-12 12:15:31.087  7106  7147 I bt_vendor: read_hci_event: Wait for Command Compete Event from SOC
12-12 12:15:31.087  7106  7147 I bt_vendor: read_hci_event: Event Received from SOC
12-12 12:15:31.087  7106  7147 I bt_vendor: read_hci_event: Event Read from SOC
12-12 12:15:31.087  7106  7147 I bt_vendor: read_hci_event: Wait for Command Compete Event from SOC
