12-12 12:15:31.087  7106  7147 I bt_vendor: read_hci_event: Event Received from SOC
12-12 12:15:31.087  7106  7147 I bt_vendor: read_hci_event: Event Read from SOC
12-12 12:15:31.087  7106  7147 I bt_vendor: read_hci_event: Wait for Command Compete Event from SOC
12-12 12:15:31.087  7106  7147 I bt_vendor: read_hci_event: Event Received from SOC
12-12 12:15:31.087  7106  7147 I bt_vendor: read_hci_event: Event Read from SOC
12-12 12:15:31.087  7106  7147 I bt_vendor: read_hci_event: Wait for Command Compete Event from SOC
12-12 12:15:31.097  7106  7147 I bt_vendor: read_hci_event: Event Received from SOC
12-12 12:15:31.097  7106  7147 I bt_vendor: read_hci_event: Event Read from SOC
12-12 12:15:31.097  7106  7147 I bt_vendor: read_hci_event: Wait for Command Compete Event from SOC
12-12 12:15:31.097  7106  7147 I bt_vendor: read_hci_event: Event Received from SOC
12-12 12:15:31.097  7106  7147 I bt_vendor: read_hci_event: Event Read from SOC
12-12 12:15:31.097  7106  7147 I bt_vendor: read_hci_event: Wait for Command Compete Event from SOC
12-12 12:15:31.097  7106  7147 I bt_vendor: read_hci_event: Event Received from SOC
12-12 12:15:31.097  7106  7147 I bt_vendor: read_hci_event: Event Read from SOC
12-12 12:15:31.097  7106  7147 I bt_vendor: read_hci_event: Wait for Command Compete Event from SOC
12-12 12:15:31.097  7106  7147 I bt_vendor: read_hci_event: Event Received from SOC
12-12 12:15:31.097  7106  7147 I bt_vendor: read_hci_event: Event Read from SOC
12-12 12:15:31.097  7106  7147 I bt_vendor: read_hci_event: Wait for Command Compete Event from SOC
12-12 12:15:31.097  7106  7147 I bt_vendor: read_hci_event: Event Received from SOC
12-12 12:15:31.097  7106  7147 I bt_vendor: read_hci_event: Event Read from SOC
12-12 12:15:31.097  7106  7147 I bt_vendor: read_hci_event: Wait for Command Compete Event from SOC
12-12 12:15:31.107  7106  7147 I bt_vendor: read_hci_event: Event Received from SOC
12-12 12:15:31.107  7106  7147 I bt_vendor: read_hci_event: Event Read from SOC
12-12 12:15:31.107  7106  7147 I bt_vendor: read_hci_event: Wait for Command Compete Event from SOC
12-12 12:15:31.107  7106  7147 I bt_vendor: read_hci_event: Event Received from SOC
12-12 12:15:31.107  7106  7147 I bt_vendor: read_hci_event: Event Read from SOC
12-12 12:15:31.107  7106  7147 I bt_vendor: read_hci_event: Wait for Command Compete Event from SOC
12-12 12:15:31.107  7106  7147 I bt_vendor: read_hci_event: Event Received from SOC
12-12 12:15:31.107  7106  7147 I bt_vendor: read_hci_event: Event Read from SOC
12-12 12:15:31.107  7106  7147 I bt_vendor: read_hci_event: Wait for Command Compete Event from SOC
12-12 12:15:31.107  7106  7147 I bt_vendor: read_hci_event: Event Received from SOC
12-12 12:15:31.107  7106  7147 I bt_vendor: read_hci_event: Event Read from SOC
12-12 12:15:31.107  7106  7147 I bt_vendor: read_hci_event: Wait for Command Compete Event from SOC
12-12 12:15:31.107  7106  7147 I bt_vendor: read_hci_event: Event Received from SOC
12-12 12:15:31.107  7106  7147 I bt_vendor: read_hci_event: Event Read from SOC
12-12 12:15:31.107  7106  7147 I bt_vendor: read_hci_event: Wait for Command Compete Event from SOC
12-12 12:15:31.107  7106  7147 I bt_vendor: read_hci_event: Event Received from SOC
12-12 12:15:31.117  7106  7147 I bt_vendor: read_hci_event: Event Read from SOC
12-12 12:15:31.117  7106  7147 I bt_vendor: read_hci_event: Wait for Command Compete Event from SOC
12-12 12:15:31.117  7106  7147 I bt_vendor: read_hci_event: Event Received from SOC
12-12 12:15:31.117  7106  7147 I bt_vendor: read_hci_event: Event Read from SOC
12-12 12:15:31.117  7106  7147 I bt_vendor: read_hci_event: Wait for Command Compete Event from SOC
12-12 12:15:31.117  7106  7147 I bt_vendor: read_hci_event: Event Received from SOC
12-12 12:15:31.117  7106  7147 I bt_vendor: read_hci_event: Event Read from SOC
12-12 12:15:31.117  7106  7147 I bt_vendor: read_hci_event: Wait for Command Compete Event from SOC
12-12 12:15:31.117  7106  7147 I bt_vendor: read_hci_event: Event Received from SOC
12-12 12:15:31.117  7106  7147 I bt_vendor: read_hci_event: Event Read from SOC
12-12 12:15:31.117  7106  7147 I bt_vendor: read_hci_event: Wait for Command Compete Event from SOC
12-12 12:15:31.117  7106  7147 I bt_vendor: read_hci_event: Event Received from SOC
12-12 12:15:31.117  7106  7147 I bt_vendor: read_hci_event: Event Read from SOC
12-12 12:15:31.117  7106  7147 I bt_vendor: read_hci_event: Wait for Command Compete Event from SOC
12-12 12:15:31.117  7106  7147 I bt_vendor: read_hci_event: Event Received from SOC
12-12 12:15:31.117  7106  7147 I bt_vendor: read_hci_event: Event Read from SOC
12-12 12:15:31.117  7106  7147 I bt_vendor: read_hci_event: Wait for Command Compete Event from SOC
12-12 12:15:31.127  7106  7147 I bt_vendor: read_hci_event: Event Received from SOC
12-12 12:15:31.127  7106  7147 I bt_vendor: read_hci_event: Event Read from SOC
12-12 12:15:31.127  7106  7147 I bt_vendor: read_hci_event: Wait for Command Compete Event from SOC
12-12 12:15:31.127  7106  7147 I bt_vendor: read_hci_event: Event Received from SOC
12-12 12:15:31.127  7106  7147 I bt_vendor: read_hci_event: Event Read from SOC
12-12 12:15:31.127  7106  7147 I bt_vendor: read_hci_event: Wait for Command Compete Event from SOC
12-12 12:15:31.127  7106  7147 I bt_vendor: read_hci_event: Event Received from SOC
12-12 12:15:31.127  7106  7147 I bt_vendor: read_hci_event: Event Read from SOC
12-12 12:15:31.127  7106  7147 I bt_vendor: read_hci_event: Wait for Command Compete Event from SOC
12-12 12:15:31.127  7106  7147 I bt_vendor: read_hci_event: Event Received from SOC
12-12 12:15:31.127  7106  7147 I bt_vendor: read_hci_event: Event Read from SOC
12-12 12:15:31.127  7106  7147 I bt_vendor: read_hci_event: Wait for Command Compete Event from SOC
12-12 12:15:31.127  7106  7147 I bt_vendor: read_hci_event: Event Received from SOC
12-12 12:15:31.127  7106  7147 I bt_vendor: read_hci_event: Event Read from SOC
12-12 12:15:31.127  7106  7147 I bt_vendor: read_hci_event: Wait for Command Compete Event from SOC
12-12 12:15:31.127  7106  7147 I bt_vendor: read_hci_event: Event Received from SOC
12-12 12:15:31.127  7106  7147 I bt_vendor: read_hci_event: Event Read from SOC
12-12 12:15:31.127  7106  7147 I bt_vendor: read_hci_event: Wait for Command Compete Event from SOC
12-12 12:15:31.137  7106  7147 I bt_vendor: read_hci_event: Event Received from SOC
12-12 12:15:31.137  7106  7147 I bt_vendor: read_hci_event: Event Read from SOC
12-12 12:15:31.137  7106  7147 I bt_vendor: read_hci_event: Wait for Command Compete Event from SOC
12-12 12:15:31.137  7106  7147 I bt_vendor: read_hci_event: Event Received from SOC
12-12 12:15:31.137  7106  7147 I bt_vendor: read_hci_event: Event Read from SOC
12-12 12:15:31.137  7106  7147 I bt_vendor: read_hci_event: Wait for Command Compete Event from SOC
12-12 12:15:31.137  7106  7147 I bt_vendor: read_hci_event: Event Received from SOC
12-12 12:15:31.137  7106  7147 I bt_vendor: read_hci_event: Event Read from SOC
12-12 12:15:31.137  7106  7147 I bt_vendor: read_hci_event: Wait for Command Compete Event from SOC
12-12 12:15:31.137  7106  7147 I bt_vendor: read_hci_event: Event Received from SOC
12-12 12:15:31.137  7106  7147 I bt_vendor: read_hci_event: Event Read from SOC
12-12 12:15:31.137  7106  7147 I bt_vendor: read_hci_event: Wait for Command Compete Event from SOC
12-12 12:15:31.137  7106  7147 I bt_vendor: read_hci_event: Event Received from SOC
12-12 12:15:31.137  7106  7147 I bt_vendor: read_hci_event: Event Read from SOC
12-12 12:15:31.137  7106  7147 I bt_vendor: read_hci_event: Wait for Command Compete Event from SOC
12-12 12:15:31.137  7106  7147 I bt_vendor: read_hci_event: Event Received from SOC
12-12 12:15:31.137  7106  7147 I bt_vendor: read_hci_event: Event Read from SOC
12-12 12:15:31.147  7106  7147 I bt_vendor: read_hci_event: Wait for Command Compete Event from SOC
12-12 12:15:31.147  7106  7147 I bt_vendor: read_hci_event: Event Received from SOC
12-12 12:15:31.147  7106  7147 I bt_vendor: read_hci_event: Event Read from SOC
12-12 12:15:31.147  7106  7147 I bt_vendor: read_hci_event: Wait for Command Compete Event from SOC
12-12 12:15:31.147  7106  7147 I bt_vendor: read_hci_event: Event Received from SOC
12-12 12:15:31.147  7106  7147 I bt_vendor: read_hci_event: Event Read from SOC
12-12 12:15:31.147  7106  7147 I bt_vendor: read_hci_event: Wait for Command Compete Event from SOC
12-12 12:15:31.147  7106  7147 I bt_vendor: read_hci_event: Event Received from SOC
12-12 12:15:31.147  7106  7147 I bt_vendor: read_hci_event: Event Read from SOC
12-12 12:15:31.147  7106  7147 I bt_vendor: read_hci_event: Wait for Command Compete Event from SOC
12-12 12:15:31.147  7106  7147 I bt_vendor: read_hci_event: Event Received from SOC
12-12 12:15:31.147  7106  7147 I bt_vendor: read_hci_event: Event Read from SOC
12-12 12:15:31.147  7106  7147 I bt_vendor: read_hci_event: Wait for Command Compete Event from SOC
12-12 12:15:31.147  7106  7147 I bt_vendor: read_hci_event: Event Received from SOC
12-12 12:15:31.147  7106  7147 I bt_vendor: read_hci_event: Event Read from SOC
12-12 12:15:31.147  7106  7147 I bt_vendor: read_hci_event: Wait for Command Compete Event from SOC
12-12 12:15:31.157  7106  7147 I bt_vendor: read_hci_event: Event Received from SOC
12-12 12:15:31.157  7106  7147 I bt_vendor: read_hci_event: Event Read from SOC
12-12 12:15:31.157  7106  7147 I bt_vendor: read_hci_event: Wait for Command Compete Event from SOC
12-12 12:15:31.157  7106  7147 I bt_vendor: read_hci_event: Event Received from SOC
12-12 12:15:31.157  7106  7147 I bt_vendor: read_hci_event: Event Read from SOC
12-12 12:15:31.157  7106  7147 I bt_vendor: read_hci_event: Wait for Command Compete Event from SOC
12-12 12:15:31.157  7106  7147 I bt_vendor: read_hci_event: Event Received from SOC
12-12 12:15:31.157  7106  7147 I bt_vendor: read_hci_event: Event Read from SOC
12-12 12:15:31.157  7106  7147 I bt_vendor: read_hci_event: Wait for Command Compete Event from SOC
12-12 12:15:31.157  7106  7147 I bt_vendor: read_hci_event: Event Received from SOC
12-12 12:15:31.157  7106  7147 I bt_vendor: read_hci_event: Event Read from SOC
12-12 12:15:31.157  7106  7147 I bt_vendor: read_hci_event: Wait for Command Compete Event from SOC
12-12 12:15:31.157  7106  7147 I bt_vendor: read_hci_event: Event Received from SOC
12-12 12:15:31.157  7106  7147 I bt_vendor: read_hci_event: Event Read from SOC
12-12 12:15:31.157  7106  7147 I bt_vendor: read_hci_event: Wait for Command Compete Event from SOC
12-12 12:15:31.157  7106  7147 I bt_vendor: read_hci_event: Event Received from SOC
12-12 12:15:31.157  7106  7147 I bt_vendor: read_hci_event: Event Read from SOC
12-12 12:15:31.157  7106  7147 I bt_vendor: read_hci_event: Wait for Command Compete Event from SOC
12-12 12:15:31.167  7106  7147 I bt_vendor: read_hci_event: Event Received from SOC
12-12 12:15:31.167  7106  7147 I bt_vendor: read_hci_event: Event Read from SOC
12-12 12:15:31.167  7106  7147 I bt_vendor: read_hci_event: Wait for Command Compete Event from SOC
12-12 12:15:31.167  7106  7147 I bt_vendor: read_hci_event: Event Received from SOC
12-12 12:15:31.167  7106  7147 I bt_vendor: read_hci_event: Event Read from SOC
12-12 12:15:31.167  7106  7147 I bt_vendor: read_hci_event: Wait for Command Compete Event from SOC
12-12 12:15:31.167  7106  7147 I bt_vendor: read_hci_event: Event Received from SOC
12-12 12:15:31.167  7106  7147 I bt_vendor: read_hci_event: Event Read from SOC
12-12 12:15:31.167  7106  7147 I bt_vendor: read_hci_event: Wait for Command Compete Event from SOC
12-12 12:15:31.167  7106  7147 I bt_vendor: read_hci_event: Event Received from SOC
12-12 12:15:31.167  7106  7147 I bt_vendor: read_hci_event: Event Read from SOC
12-12 12:15:31.167  7106  7147 I bt_vendor: read_hci_event: Wait for Command Compete Event from SOC
12-12 12:15:31.167  7106  7147 I bt_vendor: read_hci_event: Event Received from SOC
12-12 12:15:31.167  7106  7147 I bt_vendor: read_hci_event: Event Read from SOC
12-12 12:15:31.167  7106  7147 I bt_vendor: read_hci_event: Wait for Command Compete Event from SOC
12-12 12:15:31.167  7106  7147 I bt_vendor: read_hci_event: Event Received from SOC
12-12 12:15:31.167  7106  7147 I bt_vendor: read_hci_event: Event Read from SOC
12-12 12:15:31.167  7106  7147 I bt_vendor: read_hci_event: Wait for Command Compete Event from SOC
12-12 12:15:31.177  7106  7147 I bt_vendor: read_hci_event: Event Received from SOC
12-12 12:15:31.177  7106  7147 I bt_vendor: read_hci_event: Event Read from SOC
12-12 12:15:31.177  7106  7147 I bt_vendor: read_hci_event: Wait for Command Compete Event from SOC
12-12 12:15:31.177  7106  7147 I bt_vendor: read_hci_event: Event Received from SOC
12-12 12:15:31.177  7106  7147 I bt_vendor: read_hci_event: Event Read from SOC
12-12 12:15:31.177  7106  7147 I bt_vendor: read_hci_event: Wait for Command Compete Event from SOC
12-12 12:15:31.177  7106  7147 I bt_vendor: read_hci_event: Event Received from SOC
12-12 12:15:31.177  7106  7147 I bt_vendor: read_hci_event: Event Read from SOC
12-12 12:15:31.177  7106  7147 I bt_vendor: read_hci_event: Wait for Command Compete Event from SOC
12-12 12:15:31.177  7106  7147 I bt_vendor: read_hci_event: Event Received from SOC
12-12 12:15:31.177  7106  7147 I bt_vendor: read_hci_event: Event Read from SOC
12-12 12:15:31.177  7106  7147 I bt_vendor: read_hci_event: Wait for Command Compete Event from SOC
12-12 12:15:31.177  7106  7147 I bt_vendor: read_hci_event: Event Received from SOC
12-12 12:15:31.177  7106  7147 I bt_vendor: read_hci_event: Event Read from SOC
12-12 12:15:31.177  7106  7147 I bt_vendor: read_hci_event: Wait for Command Compete Event from SOC
12-12 12:15:31.177  7106  7147 I bt_vendor: read_hci_event: Event Received from SOC
12-12 12:15:31.187  7106  7147 I bt_vendor: read_hci_event: Event Read from SOC
12-12 12:15:31.187  7106  7147 I bt_vendor: read_hci_event: Wait for Command Compete Event from SOC
12-12 12:15:31.187  7106  7147 I bt_vendor: read_hci_event: Event Received from SOC
12-12 12:15:31.187  7106  7147 I bt_vendor: read_hci_event: Event Read from SOC
12-12 12:15:31.187  7106  7147 I bt_vendor: read_hci_event: Wait for Command Compete Event from SOC
12-12 12:15:31.187  7106  7147 I bt_vendor: read_hci_event: Event Received from SOC
12-12 12:15:31.187  7106  7147 I bt_vendor: read_hci_event: Event Read from SOC
12-12 12:15:31.187  7106  7147 I bt_vendor: read_hci_event: Wait for Command Compete Event from SOC
12-12 12:15:31.187  7106  7147 I bt_vendor: read_hci_event: Event Received from SOC
12-12 12:15:31.187  7106  7147 I bt_vendor: read_hci_event: Event Read from SOC
12-12 12:15:31.187  7106  7147 I bt_vendor: read_hci_event: Wait for Command Compete Event from SOC
12-12 12:15:31.187  7106  7147 I bt_vendor: read_hci_event: Event Received from SOC
12-12 12:15:31.187  7106  7147 I bt_vendor: read_hci_event: Event Read from SOC
12-12 12:15:31.187  7106  7147 I bt_vendor: read_hci_event: Wait for Command Compete Event from SOC
12-12 12:15:31.187  7106  7147 I bt_vendor: read_hci_event: Event Received from SOC
12-12 12:15:31.187  7106  7147 I bt_vendor: read_hci_event: Event Read from SOC
12-12 12:15:31.187  7106  7147 I bt_vendor: read_hci_event: Wait for Command Compete Event from SOC
12-12 12:15:31.197  7106  7147 I bt_vendor: read_hci_event: Event Received from SOC
12-12 12:15:31.197  7106  7147 I bt_vendor: read_hci_event: Event Read from SOC
12-12 12:15:31.197  7106  7147 I bt_vendor: read_hci_event: Wait for Command Compete Event from SOC
12-12 12:15:31.197  7106  7147 I bt_vendor: read_hci_event: Event Received from SOC
12-12 12:15:31.197  7106  7147 I bt_vendor: read_hci_event: Event Read from SOC
12-12 12:15:31.197  7106  7147 I bt_vendor: read_hci_event: Wait for Command Compete Event from SOC
12-12 12:15:31.197  7106  7147 I bt_vendor: read_hci_event: Event Received from SOC
12-12 12:15:31.197  7106  7147 I bt_vendor: read_hci_event: Event Read from SOC
12-12 12:15:31.197  7106  7147 I bt_vendor: read_hci_event: Wait for Command Compete Event from SOC
12-12 12:15:31.197  7106  7147 I bt_vendor: read_hci_event: Event Received from SOC
12-12 12:15:31.197  7106  7147 I bt_vendor: read_hci_event: Event Read from SOC
12-12 12:15:31.197  7106  7147 I bt_vendor: read_hci_event: Wait for Command Compete Event from SOC
12-12 12:15:31.197  7106  7147 I bt_vendor: read_hci_event: Event Received from SOC
12-12 12:15:31.197  7106  7147 I bt_vendor: read_hci_event: Event Read from SOC
12-12 12:15:31.197  7106  7147 I bt_vendor: read_hci_event: Wait for Command Compete Event from SOC
12-12 12:15:31.197  7106  7147 I bt_vendor: read_hci_event: Event Received from SOC
12-12 12:15:31.197  7106  7147 I bt_vendor: read_hci_event: Event Read from SOC
12-12 12:15:31.197  7106  7147 I bt_vendor: read_hci_event: Wait for Command Compete Event from SOC
12-12 12:15:31.207  7106  7147 I bt_vendor: read_hci_event: Event Received from SOC
12-12 12:15:31.207  7106  7147 I bt_vendor: read_hci_event: Event Read from SOC
12-12 12:15:31.207  7106  7147 I bt_vendor: read_hci_event: Wait for Command Compete Event from SOC
12-12 12:15:31.207  7106  7147 I bt_vendor: read_hci_event: Event Received from SOC
12-12 12:15:31.207  7106  7147 I bt_vendor: read_hci_event: Event Read from SOC
12-12 12:15:31.207  7106  7147 I bt_vendor: read_hci_event: Wait for Command Compete Event from SOC
12-12 12:15:31.207  7106  7147 I bt_vendor: read_hci_event: Event Received from SOC
12-12 12:15:31.207  7106  7147 I bt_vendor: read_hci_event: Event Read from SOC
12-12 12:15:31.207  7106  7147 I bt_vendor: read_hci_event: Wait for Command Compete Event from SOC
12-12 12:15:31.207  7106  7147 I bt_vendor: read_hci_event: Event Received from SOC
12-12 12:15:31.207  7106  7147 I bt_vendor: read_hci_event: Event Read from SOC
12-12 12:15:31.207  7106  7147 I bt_vendor: read_hci_event: Wait for Command Compete Event from SOC
12-12 12:15:31.207  7106  7147 I bt_vendor: read_hci_event: Event Received from SOC
12-12 12:15:31.207  7106  7147 I bt_vendor: read_hci_event: Event Read from SOC
12-12 12:15:31.207  7106  7147 I bt_vendor: read_hci_event: Wait for Command Compete Event from SOC
12-12 12:15:31.207  7106  7147 I bt_vendor: read_hci_event: Event Received from SOC
12-12 12:15:31.207  7106  7147 I bt_vendor: read_hci_event: Event Read from SOC
12-12 12:15:31.217  7106  7147 I bt_vendor: read_hci_event: Wait for Command Compete Event from SOC
12-12 12:15:31.217  7106  7147 I bt_vendor: read_hci_event: Event Received from SOC
12-12 12:15:31.217  7106  7147 I bt_vendor: read_hci_event: Event Read from SOC
12-12 12:15:31.217  7106  7147 I bt_vendor: read_hci_event: Wait for Command Compete Event from SOC
12-12 12:15:31.217  7106  7147 I bt_vendor: read_hci_event: Event Received from SOC
12-12 12:15:31.217  7106  7147 I bt_vendor: read_hci_event: Event Read from SOC
12-12 12:15:31.217  7106  7147 I bt_vendor: read_hci_event: Wait for Command Compete Event from SOC
12-12 12:15:31.217  7106  7147 I bt_vendor: read_hci_event: Event Received from SOC
12-12 12:15:31.217  7106  7147 I bt_vendor: read_hci_event: Event Read from SOC
12-12 12:15:31.217  7106  7147 I bt_vendor: read_hci_event: Wait for Command Compete Event from SOC
12-12 12:15:31.217  7106  7147 I bt_vendor: read_hci_event: Event Received from SOC
12-12 12:15:31.217  7106  7147 I bt_vendor: read_hci_event: Event Read from SOC
12-12 12:15:31.217  7106  7147 I bt_vendor: read_hci_event: Wait for Command Compete Event from SOC
12-12 12:15:31.217  7106  7147 I bt_vendor: read_hci_event: Event Received from SOC
12-12 12:15:31.217  7106  7147 I bt_vendor: read_hci_event: Event Read from SOC
12-12 12:15:31.217  7106  7147 I bt_vendor: read_hci_event: Wait for Command Compete Event from SOC
12-12 12:15:31.227  7106  7147 I bt_vendor: read_hci_event: Event Received from SOC
12-12 12:15:31.227  7106  7147 I bt_vendor: read_hci_event: Event Read from SOC
12-12 12:15:31.227  7106  7147 I bt_vendor: read_hci_event: Wait for Command Compete Event from SOC
12-12 12:15:31.227  7106  7147 I bt_vendor: read_hci_event: Event Received from SOC
12-12 12:15:31.227  7106  7147 I bt_vendor: read_hci_event: Event Read from SOC
12-12 12:15:31.227  7106  7147 I bt_vendor: read_hci_event: Wait for Command Compete Event from SOC
12-12 12:15:31.227  7106  7147 I bt_vendor: read_hci_event: Event Received from SOC
12-12 12:15:31.227  7106  7147 I bt_vendor: read_hci_event: Event Read from SOC
12-12 12:15:31.227  7106  7147 I bt_vendor: read_hci_event: Wait for Command Compete Event from SOC
12-12 12:15:31.227  7106  7147 I bt_vendor: read_hci_event: Event Received from SOC
12-12 12:15:31.227  7106  7147 I bt_vendor: read_hci_event: Event Read from SOC
12-12 12:15:31.227  7106  7147 I bt_vendor: read_hci_event: Wait for Command Compete Event from SOC
12-12 12:15:31.227  7106  7147 I bt_vendor: read_hci_event: Event Received from SOC
12-12 12:15:31.227  7106  7147 I bt_vendor: read_hci_event: Event Read from SOC
12-12 12:15:31.227  7106  7147 I bt_vendor: read_hci_event: Wait for Command Compete Event from SOC
12-12 12:15:31.227  7106  7147 I bt_vendor: read_hci_event: Event Received from SOC
12-12 12:15:31.227  7106  7147 I bt_vendor: read_hci_event: Event Read from SOC
12-12 12:15:31.227  7106  7147 I bt_vendor: read_hci_event: Wait for Command Compete Event from SOC
12-12 12:15:31.237  7106  7147 I bt_vendor: read_hci_event: Event Received from SOC
12-12 12:15:31.237  7106  7147 I bt_vendor: read_hci_event: Event Read from SOC
12-12 12:15:31.237  7106  7147 I bt_vendor: read_hci_event: Wait for Command Compete Event from SOC
12-12 12:15:31.237  7106  7147 I bt_vendor: read_hci_event: Event Received from SOC
12-12 12:15:31.237  7106  7147 I bt_vendor: read_hci_event: Event Read from SOC
12-12 12:15:31.237  7106  7147 I bt_vendor: read_hci_event: Wait for Command Compete Event from SOC
12-12 12:15:31.237  7106  7147 I bt_vendor: read_hci_event: Event Received from SOC
12-12 12:15:31.237  7106  7147 I bt_vendor: read_hci_event: Event Read from SOC
12-12 12:15:31.237  7106  7147 I bt_vendor: read_hci_event: Wait for Command Compete Event from SOC
12-12 12:15:31.237  7106  7147 I bt_vendor: read_hci_event: Event Received from SOC
12-12 12:15:31.237  7106  7147 I bt_vendor: read_hci_event: Event Read from SOC
12-12 12:15:31.237  7106  7147 I bt_vendor: read_hci_event: Wait for Command Compete Event from SOC
12-12 12:15:31.237  7106  7147 I bt_vendor: read_hci_event: Event Received from SOC
12-12 12:15:31.237  7106  7147 I bt_vendor: read_hci_event: Event Read from SOC
12-12 12:15:31.237  7106  7147 I bt_vendor: read_hci_event: Wait for Command Compete Event from SOC
12-12 12:15:31.237  7106  7147 I bt_vendor: read_hci_event: Event Received from SOC
12-12 12:15:31.237  7106  7147 I bt_vendor: read_hci_event: Event Read from SOC
12-12 12:15:31.247  7106  7147 I bt_vendor: read_hci_event: Wait for Command Compete Event from SOC
12-12 12:15:31.247  7106  7147 I bt_vendor: read_hci_event: Event Received from SOC
12-12 12:15:31.247  7106  7147 I bt_vendor: read_hci_event: Event Read from SOC
12-12 12:15:31.247  7106  7147 I bt_vendor: read_hci_event: Wait for Command Compete Event from SOC
12-12 12:15:31.247  7106  7147 I bt_vendor: read_hci_event: Event Received from SOC
12-12 12:15:31.247  7106  7147 I bt_vendor: read_hci_event: Event Read from SOC
12-12 12:15:31.247  7106  7147 I bt_vendor: read_hci_event: Wait for Command Compete Event from SOC
12-12 12:15:31.247  7106  7147 I bt_vendor: read_hci_event: Event Received from SOC
12-12 12:15:31.247  7106  7147 I bt_vendor: read_hci_event: Event Read from SOC
12-12 12:15:31.247  7106  7147 I bt_vendor: read_hci_event: Wait for Command Compete Event from SOC
12-12 12:15:31.247  7106  7147 I bt_vendor: read_hci_event: Event Received from SOC
12-12 12:15:31.247  7106  7147 I bt_vendor: read_hci_event: Event Read from SOC
12-12 12:15:31.247  7106  7147 I bt_vendor: read_hci_event: Wait for Command Compete Event from SOC
12-12 12:15:31.247  7106  7147 I bt_vendor: read_hci_event: Event Received from SOC
12-12 12:15:31.247  7106  7147 I bt_vendor: read_hci_event: Event Read from SOC
12-12 12:15:31.247  7106  7147 I bt_vendor: read_hci_event: Wait for Command Compete Event from SOC
12-12 12:15:31.257  7106  7147 I bt_vendor: read_hci_event: Event Received from SOC
12-12 12:15:31.257  7106  7147 I bt_vendor: read_hci_event: Event Read from SOC
12-12 12:15:31.257  7106  7147 I bt_vendor: read_hci_event: Wait for Command Compete Event from SOC
12-12 12:15:31.257  7106  7147 I bt_vendor: read_hci_event: Event Received from SOC
12-12 12:15:31.257  7106  7147 I bt_vendor: read_hci_event: Event Read from SOC
12-12 12:15:31.257  7106  7147 I bt_vendor: read_hci_event: Wait for Command Compete Event from SOC
12-12 12:15:31.257  7106  7147 I bt_vendor: read_hci_event: Event Received from SOC
12-12 12:15:31.257  7106  7147 I bt_vendor: read_hci_event: Event Read from SOC
12-12 12:15:31.257  7106  7147 I bt_vendor: read_hci_event: Wait for Command Compete Event from SOC
12-12 12:15:31.257  7106  7147 I bt_vendor: read_hci_event: Event Received from SOC
12-12 12:15:31.257  7106  7147 I bt_vendor: read_hci_event: Event Read from SOC
12-12 12:15:31.257  7106  7147 I bt_vendor: read_hci_event: Wait for Command Compete Event from SOC
12-12 12:15:31.257  7106  7147 I bt_vendor: read_hci_event: Event Received from SOC
12-12 12:15:31.257  7106  7147 I bt_vendor: read_hci_event: Event Read from SOC
12-12 12:15:31.257  7106  7147 I bt_vendor: read_hci_event: Wait for Command Compete Event from SOC
12-12 12:15:31.267  7106  7147 I bt_vendor: read_hci_event: Event Received from SOC
12-12 12:15:31.267  7106  7147 I bt_vendor: read_hci_event: Event Read from SOC
12-12 12:15:31.267  7106  7147 I bt_vendor: read_hci_event: Wait for Command Compete Event from SOC
12-12 12:15:31.267  7106  7147 I bt_vendor: read_hci_event: Event Received from SOC
12-12 12:15:31.267  7106  7147 I bt_vendor: read_hci_event: Event Read from SOC
12-12 12:15:31.267  7106  7147 I bt_vendor: read_hci_event: Wait for Command Compete Event from SOC
12-12 12:15:31.267  7106  7147 I bt_vendor: read_hci_event: Event Received from SOC
12-12 12:15:31.267  7106  7147 I bt_vendor: read_hci_event: Event Read from SOC
12-12 12:15:31.267  7106  7147 I bt_vendor: read_hci_event: Wait for Command Compete Event from SOC
12-12 12:15:31.267  7106  7147 I bt_vendor: read_hci_event: Event Received from SOC
12-12 12:15:31.267  7106  7147 I bt_vendor: read_hci_event: Event Read from SOC
12-12 12:15:31.267  7106  7147 I bt_vendor: read_hci_event: Wait for Command Compete Event from SOC
12-12 12:15:31.267  7106  7147 I bt_vendor: read_hci_event: Event Received from SOC
12-12 12:15:31.267  7106  7147 I bt_vendor: read_hci_event: Event Read from SOC
12-12 12:15:31.267  7106  7147 I bt_vendor: read_hci_event: Wait for Command Compete Event from SOC
12-12 12:15:31.267  7106  7147 I bt_vendor: read_hci_event: Event Received from SOC
12-12 12:15:31.277  7106  7147 I bt_vendor: read_hci_event: Event Read from SOC
12-12 12:15:31.277  7106  7147 I bt_vendor: read_hci_event: Wait for Command Compete Event from SOC
12-12 12:15:31.277  7106  7147 I bt_vendor: read_hci_event: Event Received from SOC
12-12 12:15:31.277  7106  7147 I bt_vendor: read_hci_event: Event Read from SOC
12-12 12:15:31.277  7106  7147 I bt_vendor: read_hci_event: Wait for Command Compete Event from SOC
12-12 12:15:31.277  7106  7147 I bt_vendor: read_hci_event: Event Received from SOC
12-12 12:15:31.277  7106  7147 I bt_vendor: read_hci_event: Event Read from SOC
12-12 12:15:31.277  7106  7147 I bt_vendor: read_hci_event: Wait for Command Compete Event from SOC
12-12 12:15:31.277  7106  7147 I bt_vendor: read_hci_event: Event Received from SOC
12-12 12:15:31.277  7106  7147 I bt_vendor: read_hci_event: Event Read from SOC
12-12 12:15:31.277  7106  7147 I bt_vendor: read_hci_event: Wait for Command Compete Event from SOC
12-12 12:15:31.277  7106  7147 I bt_vendor: read_hci_event: Event Received from SOC
12-12 12:15:31.277  7106  7147 I bt_vendor: read_hci_event: Event Read from SOC
12-12 12:15:31.277  7106  7147 I bt_vendor: read_hci_event: Wait for Command Compete Event from SOC
12-12 12:15:31.277  7106  7147 I bt_vendor: read_hci_event: Event Received from SOC
12-12 12:15:31.277  7106  7147 I bt_vendor: read_hci_event: Event Read from SOC
12-12 12:15:31.287  7106  7147 I bt_vendor: read_hci_event: Wait for Command Compete Event from SOC
12-12 12:15:31.287  7106  7147 I bt_vendor: read_hci_event: Event Received from SOC
12-12 12:15:31.287  7106  7147 I bt_vendor: read_hci_event: Event Read from SOC
12-12 12:15:31.287  7106  7147 I bt_vendor: read_hci_event: Wait for Command Compete Event from SOC
12-12 12:15:31.287  7106  7147 I bt_vendor: read_hci_event: Event Received from SOC
12-12 12:15:31.287  7106  7147 I bt_vendor: read_hci_event: Event Read from SOC
12-12 12:15:31.287  7106  7147 I bt_vendor: read_hci_event: Wait for Command Compete Event from SOC
12-12 12:15:31.287  7106  7147 I bt_vendor: read_hci_event: Event Received from SOC
12-12 12:15:31.287  7106  7147 I bt_vendor: read_hci_event: Event Read from SOC
12-12 12:15:31.287  7106  7147 I bt_vendor: read_hci_event: Wait for Command Compete Event from SOC
12-12 12:15:31.287  7106  7147 I bt_vendor: read_hci_event: Event Received from SOC
12-12 12:15:31.287  7106  7147 I bt_vendor: read_hci_event: Event Read from SOC
12-12 12:15:31.287  7106  7147 I bt_vendor: read_hci_event: Wait for Command Compete Event from SOC
12-12 12:15:31.297  7106  7147 I bt_vendor: read_hci_event: Event Received from SOC
12-12 12:15:31.297  7106  7147 I bt_vendor: read_hci_event: Event Read from SOC
12-12 12:15:31.297  7106  7147 I bt_vendor: read_hci_event: Wait for Command Compete Event from SOC
12-12 12:15:31.297  7106  7147 I bt_vendor: read_hci_event: Event Received from SOC
12-12 12:15:31.297  7106  7147 I bt_vendor: read_hci_event: Event Read from SOC
12-12 12:15:31.297  7106  7147 I bt_vendor: read_hci_event: Wait for Command Compete Event from SOC
12-12 12:15:31.297  7106  7147 I bt_vendor: read_hci_event: Event Received from SOC
12-12 12:15:31.297  7106  7147 I bt_vendor: read_hci_event: Event Read from SOC
12-12 12:15:31.297  7106  7147 I bt_vendor: read_hci_event: Wait for Command Compete Event from SOC
12-12 12:15:31.307  7106  7147 I bt_vendor: read_hci_event: Event Received from SOC
12-12 12:15:31.307  7106  7147 I bt_vendor: read_hci_event: Event Read from SOC
12-12 12:15:31.307  7106  7147 I bt_vendor: read_hci_event: Wait for Command Compete Event from SOC
12-12 12:15:31.307  7106  7147 I bt_vendor: read_hci_event: Event Received from SOC
12-12 12:15:31.307  7106  7147 I bt_vendor: read_hci_event: Event Read from SOC
12-12 12:15:31.307  7106  7147 I bt_vendor: read_hci_event: Wait for Command Compete Event from SOC
12-12 12:15:31.307  7106  7147 I bt_vendor: read_hci_event: Event Received from SOC
12-12 12:15:31.307  7106  7147 I bt_vendor: read_hci_event: Event Read from SOC
12-12 12:15:31.317  7106  7147 I bt_vendor: read_hci_event: Wait for Command Compete Event from SOC
12-12 12:15:31.317  7106  7147 I bt_vendor: read_hci_event: Event Received from SOC
12-12 12:15:31.317  7106  7147 I bt_vendor: read_hci_event: Event Read from SOC
12-12 12:15:31.317  7106  7147 I bt_vendor: Set mac from IDME
12-12 12:15:31.317  7106  7147 I bt_vendor: read_hci_event: Wait for Command Compete Event from SOC
12-12 12:15:31.317  7106  7147 I bt_vendor: read_hci_event: Event Received from SOC
12-12 12:15:31.317  7106  7147 I bt_vendor: read_hci_event: Event Read from SOC
12-12 12:15:31.317  7106  7147 I bt_vendor: ath_ps_download is done
12-12 12:15:31.317  7106  7147 I bt_vendor: read_hci_event: Wait for Command Compete Event from SOC
12-12 12:15:31.417  6286  7156 D Aatp    : /task/b9eced56143cf2a795d3b6a0b15ce153e5497e99/status
12-12 12:15:31.417  7106  7147 I bt_vendor: read_hci_event: Event Received from SOC
12-12 12:15:31.417  7106  7147 I bt_vendor: read_hci_event: Event Read from SOC
12-12 12:15:31.417  7106  7147 I bt_vendor: HCI Reset is done
12-12 12:15:31.417  7106  7147 I bt_vendor: read_hci_event: Wait for Command Compete Event from SOC
12-12 12:15:31.457  7106  7147 I bt_vendor: read_hci_event: Event Received from SOC
12-12 12:15:31.457  7106  7147 I bt_vendor: read_hci_event: Event Read from SOC
12-12 12:15:31.457  7106  7147 I bt_vendor: Device setup complete
12-12 12:15:31.457  7106  7147 I bt_vendor: device fd = 84 open
12-12 12:15:31.457  7106  7147 I bt_vendor: Bluetooth Firmware and transport layer are initialized
12-12 12:15:31.457  7106  7152 I bt-btu  : btu_task received preload complete event
12-12 12:15:31.457  7106  7152 W bt-l2cap: L2CAP - L2CA_Register() called for PSM: 0x0001
12-12 12:15:31.467  7106  7152 W bt-l2cap: L2CAP - L2CA_Register() called for PSM: 0x001f
12-12 12:15:31.467  7106  7152 E bt-btm  : BTM_ReadAdvTxPower
12-12 12:15:31.467  7106  7152 D bt_hci_bdroid: signal_event :0x8
12-12 12:15:31.477  7106  7147 D bt_hci_bdroid: bt_hc_worker_thread events : 0x8
12-12 12:15:31.477  7106  7147 D bt_hci_bdroid: bt_hc_worker_thread recvd HC_EVENT_TX
12-12 12:15:31.477  7106  7147 D bt_h4   : hci_h4_send_msg  
12-12 12:15:31.477  7106  7147 D bt_h4   : hci_h4_set_lpm : state : 0, lpm_Ind : 0 
12-12 12:15:31.477  7106  7157 D bt_hci_bdroid: signal_event :0x4
12-12 12:15:31.477  7106  7147 D bt_hci_bdroid: bt_hc_worker_thread events : 0x4
12-12 12:15:31.477  7106  7147 D bt_h4   : hci_h4_receive_msg  
12-12 12:15:31.477  7106  7152 E bt-btm  : BTM_ReadAdvTxPower result: 1
12-12 12:15:31.477  7106  7152 W bt-l2cap: L2CAP - L2CA_Register() called for PSM: 0x0003
12-12 12:15:31.477  7106  7152 I empty   : BTE_InitTraceLevels -- TRC_HCI
12-12 12:15:31.477  7106  7152 I empty   : BTE_InitTraceLevels -- TRC_L2CAP
12-12 12:15:31.477  7106  7152 I empty   : BTE_InitTraceLevels -- TRC_RFCOMM
12-12 12:15:31.477  7106  7152 I empty   : BTE_InitTraceLevels -- TRC_AVDT
12-12 12:15:31.477  7106  7152 I empty   : BTE_InitTraceLevels -- TRC_AVRC
12-12 12:15:31.477  7106  7152 I empty   : BTE_InitTraceLevels -- TRC_A2D
12-12 12:15:31.477  7106  7152 I empty   : BTE_InitTraceLevels -- TRC_BNEP
12-12 12:15:31.477  7106  7152 I empty   : BTE_InitTraceLevels -- TRC_BTM
12-12 12:15:31.477  7106  7152 I empty   : BTE_InitTraceLevels -- TRC_HID_HOST
12-12 12:15:31.477  7106  7152 I empty   : BTE_InitTraceLevels -- TRC_GAP
12-12 12:15:31.477  7106  7152 I empty   : BTE_InitTraceLevels -- TRC_PAN
12-12 12:15:31.477  7106  7152 I empty   : BTE_InitTraceLevels -- TRC_SDP
12-12 12:15:31.477  7106  7152 I empty   : BTE_InitTraceLevels -- TRC_GATT
12-12 12:15:31.477  7106  7152 I empty   : BTE_InitTraceLevels -- TRC_SMP
12-12 12:15:31.477  7106  7152 I empty   : BTE_InitTraceLevels -- TRC_HID_DEV
12-12 12:15:31.477  7106  7152 I empty   : BTE_InitTraceLevels -- TRC_BTAPP
12-12 12:15:31.477  7106  7152 I empty   : BTE_InitTraceLevels -- TRC_BTIF
12-12 12:15:31.477  7106  7152 I empty   : BTE_InitTraceLevels -- TRC_LATENCY_AUDIO
12-12 12:15:31.477  7106  7152 D bt_hci_bdroid: signal_event :0x8
12-12 12:15:31.477  7106  7147 D bt_hci_bdroid: bt_hc_worker_thread events : 0x8
12-12 12:15:31.477  7106  7147 D bt_hci_bdroid: bt_hc_worker_thread recvd HC_EVENT_TX
12-12 12:15:31.477  7106  7147 D bt_h4   : hci_h4_send_msg  
12-12 12:15:31.477  7106  7147 D bt_h4   : hci_h4_set_lpm : state : 0, lpm_Ind : 0 
12-12 12:15:31.577  7106  7157 D bt_hci_bdroid: signal_event :0x4
12-12 12:15:31.577  7106  7147 D bt_hci_bdroid: bt_hc_worker_thread events : 0x4
12-12 12:15:31.577  7106  7147 D bt_h4   : hci_h4_receive_msg  
12-12 12:15:31.577  7106  7152 D bt_hci_bdroid: signal_event :0x8
12-12 12:15:31.577  7106  7147 D bt_hci_bdroid: bt_hc_worker_thread events : 0x8
12-12 12:15:31.577  7106  7147 D bt_hci_bdroid: bt_hc_worker_thread recvd HC_EVENT_TX
12-12 12:15:31.577  7106  7147 D bt_h4   : hci_h4_send_msg  
12-12 12:15:31.577  7106  7147 D bt_h4   : hci_h4_set_lpm : state : 0, lpm_Ind : 0 
12-12 12:15:31.597  7106  7157 D bt_hci_bdroid: signal_event :0x4
12-12 12:15:31.597  7106  7147 D bt_hci_bdroid: bt_hc_worker_thread events : 0x4
12-12 12:15:31.597  7106  7147 D bt_h4   : hci_h4_receive_msg  
12-12 12:15:31.597  7106  7152 D bt_hci_bdroid: signal_event :0x8
12-12 12:15:31.597  7106  7147 D bt_hci_bdroid: bt_hc_worker_thread events : 0x8
12-12 12:15:31.597  7106  7147 D bt_hci_bdroid: bt_hc_worker_thread recvd HC_EVENT_TX
12-12 12:15:31.597  7106  7147 D bt_h4   : hci_h4_send_msg  
12-12 12:15:31.597  7106  7147 D bt_h4   : hci_h4_set_lpm : state : 0, lpm_Ind : 0 
12-12 12:15:31.597  7106  7157 D bt_hci_bdroid: signal_event :0x4
12-12 12:15:31.597  7106  7147 D bt_hci_bdroid: bt_hc_worker_thread events : 0x4
12-12 12:15:31.597  7106  7147 D bt_h4   : hci_h4_receive_msg  
12-12 12:15:31.597  7106  7152 D bt_hci_bdroid: signal_event :0x8
12-12 12:15:31.597  7106  7147 D bt_hci_bdroid: bt_hc_worker_thread events : 0x8
12-12 12:15:31.597  7106  7147 D bt_hci_bdroid: bt_hc_worker_thread recvd HC_EVENT_TX
12-12 12:15:31.597  7106  7147 D bt_h4   : hci_h4_send_msg  
12-12 12:15:31.597  7106  7147 D bt_h4   : hci_h4_set_lpm : state : 0, lpm_Ind : 0 
12-12 12:15:31.597  7106  7157 D bt_hci_bdroid: signal_event :0x4
12-12 12:15:31.597  7106  7147 D bt_hci_bdroid: bt_hc_worker_thread events : 0x4
12-12 12:15:31.597  7106  7147 D bt_h4   : hci_h4_receive_msg  
12-12 12:15:31.597  7106  7152 D bt_hci_bdroid: signal_event :0x8
12-12 12:15:31.597  7106  7147 D bt_hci_bdroid: bt_hc_worker_thread events : 0x8
12-12 12:15:31.597  7106  7147 D bt_hci_bdroid: bt_hc_worker_thread recvd HC_EVENT_TX
12-12 12:15:31.597  7106  7147 D bt_h4   : hci_h4_send_msg  
12-12 12:15:31.597  7106  7147 D bt_h4   : hci_h4_set_lpm : state : 0, lpm_Ind : 0 
12-12 12:15:31.597  7106  7157 D bt_hci_bdroid: signal_event :0x4
12-12 12:15:31.597  7106  7147 D bt_hci_bdroid: bt_hc_worker_thread events : 0x4
12-12 12:15:31.597  7106  7147 D bt_h4   : hci_h4_receive_msg  
12-12 12:15:31.607  7106  7152 D bt_hci_bdroid: signal_event :0x8
12-12 12:15:31.607  7106  7147 D bt_hci_bdroid: bt_hc_worker_thread events : 0x8
12-12 12:15:31.607  7106  7147 D bt_hci_bdroid: bt_hc_worker_thread recvd HC_EVENT_TX
12-12 12:15:31.607  7106  7147 D bt_h4   : hci_h4_send_msg  
12-12 12:15:31.607  7106  7147 D bt_h4   : hci_h4_set_lpm : state : 0, lpm_Ind : 0 
12-12 12:15:31.607  7106  7157 D bt_hci_bdroid: signal_event :0x4
12-12 12:15:31.607  7106  7147 D bt_hci_bdroid: bt_hc_worker_thread events : 0x4
12-12 12:15:31.607  7106  7147 D bt_h4   : hci_h4_receive_msg  
12-12 12:15:31.607  7106  7152 D bt_hci_bdroid: signal_event :0x8
12-12 12:15:31.607  7106  7147 D bt_hci_bdroid: bt_hc_worker_thread events : 0x8
12-12 12:15:31.607  7106  7147 D bt_hci_bdroid: bt_hc_worker_thread recvd HC_EVENT_TX
12-12 12:15:31.607  7106  7147 D bt_h4   : hci_h4_send_msg  
12-12 12:15:31.607  7106  7147 D bt_h4   : hci_h4_set_lpm : state : 0, lpm_Ind : 0 
12-12 12:15:31.607  7106  7157 D bt_hci_bdroid: signal_event :0x4
12-12 12:15:31.607  7106  7147 D bt_hci_bdroid: bt_hc_worker_thread events : 0x4
12-12 12:15:31.607  7106  7147 D bt_h4   : hci_h4_receive_msg  
12-12 12:15:31.607  7106  7152 D bt_hci_bdroid: signal_event :0x8
12-12 12:15:31.607  7106  7147 D bt_hci_bdroid: bt_hc_worker_thread events : 0x8
12-12 12:15:31.607  7106  7147 D bt_hci_bdroid: bt_hc_worker_thread recvd HC_EVENT_TX
12-12 12:15:31.607  7106  7147 D bt_h4   : hci_h4_send_msg  
12-12 12:15:31.607  7106  7147 D bt_h4   : hci_h4_set_lpm : state : 0, lpm_Ind : 0 
12-12 12:15:31.607  7106  7157 D bt_hci_bdroid: signal_event :0x4
12-12 12:15:31.607  7106  7147 D bt_hci_bdroid: bt_hc_worker_thread events : 0x4
12-12 12:15:31.607  7106  7147 D bt_h4   : hci_h4_receive_msg  
12-12 12:15:31.607  7106  7152 D bt_hci_bdroid: signal_event :0x8
12-12 12:15:31.607  7106  7147 D bt_hci_bdroid: bt_hc_worker_thread events : 0x8
12-12 12:15:31.607  7106  7147 D bt_hci_bdroid: bt_hc_worker_thread recvd HC_EVENT_TX
12-12 12:15:31.607  7106  7147 D bt_h4   : hci_h4_send_msg  
12-12 12:15:31.607  7106  7147 D bt_h4   : hci_h4_set_lpm : state : 0, lpm_Ind : 0 
12-12 12:15:31.607  7106  7157 D bt_hci_bdroid: signal_event :0x4
12-12 12:15:31.607  7106  7147 D bt_hci_bdroid: bt_hc_worker_thread events : 0x4
12-12 12:15:31.607  7106  7147 D bt_h4   : hci_h4_receive_msg  
12-12 12:15:31.607  7106  7152 D bt_hci_bdroid: signal_event :0x8
12-12 12:15:31.607  7106  7147 D bt_hci_bdroid: bt_hc_worker_thread events : 0x8
12-12 12:15:31.607  7106  7147 D bt_hci_bdroid: bt_hc_worker_thread recvd HC_EVENT_TX
12-12 12:15:31.607  7106  7147 D bt_h4   : hci_h4_send_msg  
12-12 12:15:31.607  7106  7147 D bt_h4   : hci_h4_set_lpm : state : 0, lpm_Ind : 0 
12-12 12:15:31.607  7106  7157 D bt_hci_bdroid: signal_event :0x4
12-12 12:15:31.607  7106  7147 D bt_hci_bdroid: bt_hc_worker_thread events : 0x4
12-12 12:15:31.607  7106  7147 D bt_h4   : hci_h4_receive_msg  
12-12 12:15:31.607  7106  7152 D bt_hci_bdroid: signal_event :0x8
12-12 12:15:31.607  7106  7147 D bt_hci_bdroid: bt_hc_worker_thread events : 0x8
12-12 12:15:31.607  7106  7147 D bt_hci_bdroid: bt_hc_worker_thread recvd HC_EVENT_TX
12-12 12:15:31.607  7106  7147 D bt_h4   : hci_h4_send_msg  
12-12 12:15:31.607  7106  7147 D bt_h4   : hci_h4_set_lpm : state : 0, lpm_Ind : 0 
12-12 12:15:31.607  7106  7157 D bt_hci_bdroid: signal_event :0x4
12-12 12:15:31.607  7106  7147 D bt_hci_bdroid: bt_hc_worker_thread events : 0x4
12-12 12:15:31.607  7106  7147 D bt_h4   : hci_h4_receive_msg  
12-12 12:15:31.607  7106  7152 D bt_hci_bdroid: signal_event :0x8
12-12 12:15:31.607  7106  7147 D bt_hci_bdroid: bt_hc_worker_thread events : 0x8
12-12 12:15:31.607  7106  7147 D bt_hci_bdroid: bt_hc_worker_thread recvd HC_EVENT_TX
12-12 12:15:31.607  7106  7147 D bt_h4   : hci_h4_send_msg  
12-12 12:15:31.607  7106  7147 D bt_h4   : hci_h4_set_lpm : state : 0, lpm_Ind : 0 
12-12 12:15:31.607  7106  7157 D bt_hci_bdroid: signal_event :0x4
12-12 12:15:31.607  7106  7147 D bt_hci_bdroid: bt_hc_worker_thread events : 0x4
12-12 12:15:31.607  7106  7147 D bt_h4   : hci_h4_receive_msg  
12-12 12:15:31.607  7106  7152 D bt_hci_bdroid: signal_event :0x8
12-12 12:15:31.607  7106  7147 D bt_hci_bdroid: bt_hc_worker_thread events : 0x8
12-12 12:15:31.607  7106  7147 D bt_hci_bdroid: bt_hc_worker_thread recvd HC_EVENT_TX
12-12 12:15:31.607  7106  7147 D bt_h4   : hci_h4_send_msg  
12-12 12:15:31.607  7106  7147 D bt_h4   : hci_h4_set_lpm : state : 0, lpm_Ind : 0 
12-12 12:15:31.607  7106  7157 D bt_hci_bdroid: signal_event :0x4
12-12 12:15:31.607  7106  7147 D bt_hci_bdroid: bt_hc_worker_thread events : 0x4
12-12 12:15:31.607  7106  7147 D bt_h4   : hci_h4_receive_msg  
12-12 12:15:31.607  7106  7152 D bt_hci_bdroid: signal_event :0x8
12-12 12:15:31.607  7106  7147 D bt_hci_bdroid: bt_hc_worker_thread events : 0x8
12-12 12:15:31.607  7106  7147 D bt_hci_bdroid: bt_hc_worker_thread recvd HC_EVENT_TX
12-12 12:15:31.607  7106  7147 D bt_h4   : hci_h4_send_msg  
12-12 12:15:31.607  7106  7147 D bt_h4   : hci_h4_set_lpm : state : 0, lpm_Ind : 0 
12-12 12:15:31.607  7106  7157 D bt_hci_bdroid: signal_event :0x4
12-12 12:15:31.607  7106  7147 D bt_hci_bdroid: bt_hc_worker_thread events : 0x4
12-12 12:15:31.607  7106  7147 D bt_h4   : hci_h4_receive_msg  
12-12 12:15:31.607  7106  7152 D bt_hci_bdroid: signal_event :0x8
12-12 12:15:31.607  7106  7147 D bt_hci_bdroid: bt_hc_worker_thread events : 0x8
12-12 12:15:31.607  7106  7147 D bt_hci_bdroid: bt_hc_worker_thread recvd HC_EVENT_TX
12-12 12:15:31.607  7106  7147 D bt_h4   : hci_h4_send_msg  
12-12 12:15:31.607  7106  7147 D bt_h4   : hci_h4_set_lpm : state : 0, lpm_Ind : 0 
12-12 12:15:31.607  7106  7152 E bt-btm  : BTM_SecRegister:p_cb_info->p_le_callback == 0x606177bd 
12-12 12:15:31.607  7106  7152 E bt-btm  : BTM_SecRegister: btm_cb.api.p_le_callback = 0x606177bd 
12-12 12:15:31.607  7106  7157 D bt_hci_bdroid: signal_event :0x4
12-12 12:15:31.607  7106  7147 D bt_hci_bdroid: bt_hc_worker_thread events : 0x4
12-12 12:15:31.607  7106  7147 D bt_h4   : hci_h4_receive_msg  
12-12 12:15:31.607  7106  7152 D bt_hci_bdroid: signal_event :0x8
12-12 12:15:31.607  7106  7147 D bt_hci_bdroid: bt_hc_worker_thread events : 0x8
12-12 12:15:31.607  7106  7147 D bt_hci_bdroid: bt_hc_worker_thread recvd HC_EVENT_TX
12-12 12:15:31.607  7106  7147 D bt_h4   : hci_h4_send_msg  
12-12 12:15:31.607  7106  7147 D bt_h4   : hci_h4_set_lpm : state : 0, lpm_Ind : 0 
12-12 12:15:31.607  7106  7157 D bt_hci_bdroid: signal_event :0x4
12-12 12:15:31.607  7106  7147 D bt_hci_bdroid: bt_hc_worker_thread events : 0x4
12-12 12:15:31.607  7106  7147 D bt_h4   : hci_h4_receive_msg  
12-12 12:15:31.607  7106  7152 D bt_hci_bdroid: signal_event :0x8
12-12 12:15:31.607  7106  7147 D bt_hci_bdroid: bt_hc_worker_thread events : 0x8
12-12 12:15:31.607  7106  7147 D bt_hci_bdroid: bt_hc_worker_thread recvd HC_EVENT_TX
12-12 12:15:31.607  7106  7147 D bt_h4   : hci_h4_send_msg  
12-12 12:15:31.607  7106  7147 D bt_h4   : hci_h4_set_lpm : state : 0, lpm_Ind : 0 
12-12 12:15:31.617  7106  7157 D bt_hci_bdroid: signal_event :0x4
12-12 12:15:31.617  7106  7147 D bt_hci_bdroid: bt_hc_worker_thread events : 0x4
12-12 12:15:31.617  7106  7147 D bt_h4   : hci_h4_receive_msg  
12-12 12:15:31.617  7106  7152 D bt_hci_bdroid: signal_event :0x8
12-12 12:15:31.617  7106  7147 D bt_hci_bdroid: bt_hc_worker_thread events : 0x8
12-12 12:15:31.617  7106  7147 D bt_hci_bdroid: bt_hc_worker_thread recvd HC_EVENT_TX
12-12 12:15:31.617  7106  7147 D bt_h4   : hci_h4_send_msg  
12-12 12:15:31.617  7106  7147 D bt_h4   : hci_h4_set_lpm : state : 0, lpm_Ind : 0 
12-12 12:15:31.617  7106  7157 D bt_hci_bdroid: signal_event :0x4
12-12 12:15:31.617  7106  7147 D bt_hci_bdroid: bt_hc_worker_thread events : 0x4
12-12 12:15:31.617  7106  7147 D bt_h4   : hci_h4_receive_msg  
12-12 12:15:31.617  7106  7152 D bt_hci_bdroid: signal_event :0x8
12-12 12:15:31.617  7106  7147 D bt_hci_bdroid: bt_hc_worker_thread events : 0x8
12-12 12:15:31.617  7106  7147 D bt_hci_bdroid: bt_hc_worker_thread recvd HC_EVENT_TX
12-12 12:15:31.617  7106  7147 D bt_h4   : hci_h4_send_msg  
12-12 12:15:31.617  7106  7147 D bt_h4   : hci_h4_set_lpm : state : 0, lpm_Ind : 0 
12-12 12:15:31.617  7106  7157 D bt_hci_bdroid: signal_event :0x4
12-12 12:15:31.617  7106  7147 D bt_hci_bdroid: bt_hc_worker_thread events : 0x4
12-12 12:15:31.617  7106  7147 D bt_h4   : hci_h4_receive_msg  
12-12 12:15:31.617  7106  7152 D bt_hci_bdroid: signal_event :0x8
12-12 12:15:31.617  7106  7147 D bt_hci_bdroid: bt_hc_worker_thread events : 0x8
12-12 12:15:31.617  7106  7147 D bt_hci_bdroid: bt_hc_worker_thread recvd HC_EVENT_TX
12-12 12:15:31.617  7106  7147 D bt_h4   : hci_h4_send_msg  
12-12 12:15:31.617  7106  7147 D bt_h4   : hci_h4_set_lpm : state : 0, lpm_Ind : 0 
12-12 12:15:31.617  7106  7157 D bt_hci_bdroid: signal_event :0x4
12-12 12:15:31.617  7106  7147 D bt_hci_bdroid: bt_hc_worker_thread events : 0x4
12-12 12:15:31.617  7106  7147 D bt_h4   : hci_h4_receive_msg  
12-12 12:15:31.617  7106  7152 D bt_hci_bdroid: signal_event :0x8
12-12 12:15:31.617  7106  7147 D bt_hci_bdroid: bt_hc_worker_thread events : 0x8
12-12 12:15:31.617  7106  7147 D bt_hci_bdroid: bt_hc_worker_thread recvd HC_EVENT_TX
12-12 12:15:31.617  7106  7147 D bt_h4   : hci_h4_send_msg  
12-12 12:15:31.617  7106  7147 D bt_h4   : hci_h4_set_lpm : state : 0, lpm_Ind : 0 
12-12 12:15:31.617  7106  7157 D bt_hci_bdroid: signal_event :0x4
12-12 12:15:31.617  7106  7147 D bt_hci_bdroid: bt_hc_worker_thread events : 0x4
12-12 12:15:31.617  7106  7147 D bt_h4   : hci_h4_receive_msg  
12-12 12:15:31.617  7106  7152 D bt_hci_bdroid: signal_event :0x8
12-12 12:15:31.617  7106  7147 D bt_hci_bdroid: bt_hc_worker_thread events : 0x8
12-12 12:15:31.617  7106  7147 D bt_hci_bdroid: bt_hc_worker_thread recvd HC_EVENT_TX
12-12 12:15:31.617  7106  7147 D bt_h4   : hci_h4_send_msg  
12-12 12:15:31.617  7106  7147 D bt_h4   : hci_h4_set_lpm : state : 0, lpm_Ind : 0 
12-12 12:15:31.617  7106  7157 D bt_hci_bdroid: signal_event :0x4
12-12 12:15:31.617  7106  7147 D bt_hci_bdroid: bt_hc_worker_thread events : 0x4
12-12 12:15:31.617  7106  7147 D bt_h4   : hci_h4_receive_msg  
12-12 12:15:31.617  7106  7152 D bt_hci_bdroid: signal_event :0x8
12-12 12:15:31.617  7106  7152 W bt-l2cap: L2CAP - L2CA_Register() called for PSM: 0x0019
12-12 12:15:31.617  7106  7147 D bt_hci_bdroid: bt_hc_worker_thread events : 0x8
12-12 12:15:31.617  7106  7147 D bt_hci_bdroid: bt_hc_worker_thread recvd HC_EVENT_TX
12-12 12:15:31.617  7106  7147 D bt_h4   : hci_h4_send_msg  
12-12 12:15:31.617  7106  7147 D bt_h4   : hci_h4_set_lpm : state : 0, lpm_Ind : 0 
12-12 12:15:31.617  7106  7152 W bt-l2cap: L2CAP - L2CA_Register() called for PSM: 0x0017
12-12 12:15:31.627  7106  7152 D bt-btif :  AVRC_Open AVRC_Open role: 1, control:1 status:0, handle:0
12-12 12:15:31.627  7106  7127 E bt-btif :  AVRC_Open AVRC_Open role: 1, control:1 status:0, handle:0
12-12 12:15:31.627  7106  7127 E bt-btif : L2CAP - L2CA_Register() called for PSM: 0x0011
12-12 12:15:31.627  7106  7152 W bt-l2cap: L2CAP - L2CA_Register() called for PSM: 0x0011
12-12 12:15:31.627  7106  7127 I BluetoothAdapterProperties: adapterPropertyChangedCallback with type:2 len:6
12-12 12:15:31.627  7106  7152 W bt-l2cap: L2CAP - L2CA_Register() called for PSM: 0x0013
12-12 12:15:31.627  7106  7127 D BluetoothAdapterProperties: Address is:xxxx
12-12 12:15:31.627  7106  7127 I BluetoothAdapterProperties: adapterPropertyChangedCallback with type:1 len:7
12-12 12:15:31.627  7106  7157 D bt_hci_bdroid: signal_event :0x4
12-12 12:15:31.627  7106  7127 D BluetoothAdapterProperties: Name is: xxxx
12-12 12:15:31.627  7106  7147 D bt_hci_bdroid: bt_hc_worker_thread events : 0x4
12-12 12:15:31.627  7106  7147 D bt_h4   : hci_h4_receive_msg  
12-12 12:15:31.627  7106  7152 D bt_hci_bdroid: signal_event :0x8
12-12 12:15:31.627  7106  7147 D bt_hci_bdroid: bt_hc_worker_thread events : 0x8
