12-12 12:15:49.538   926   967 W PackageManager: Unknown permission com.amazon.dcp.messaging.permission.SERVICE_BROADCASTS in package com.amazon.kindle.otter.oobe
12-12 12:15:49.538   926   967 W PackageManager: Unknown permission com.amazon.permission.CONFIG_SOFTKEYS in package com.amazon.kindle.otter.oobe
12-12 12:15:49.538   926   967 W PackageManager: Unknown permission com.amazon.kindle.otter.settings.START_AUDIBLE_SERVICE in package com.amazon.kindle.otter.oobe
12-12 12:15:49.538   926   967 W PackageManager: Unknown permission com.amazon.dcp.metrics.permission.METRICS_PERMISSION in package com.android.systemui
12-12 12:15:49.538   926   967 W PackageManager: Unknown permission com.amazon.setupwizard.permission.AMAZON_FIRST_RUN_STATUS in package com.amazon.kindle.cms
12-12 12:15:49.538   926   967 W PackageManager: Unknown permission com.amazon.dcp.metrics.permission.METRICS_PERMISSION in package com.amazon.kindle.cms
12-12 12:15:49.538   926   967 W PackageManager: Unknown permission com.amazon.dcp.metrics.permission.METRICS_PERMISSION in package com.amazon.device.settings
12-12 12:15:49.538   926   967 W PackageManager: Unknown permission com.amazon.dcp.metrics.permission.METRICS_PERMISSION in package com.amazon.tcomm
12-12 12:15:49.538   926   967 W PackageManager: Unknown permission com.amazon.dcp.metrics.permission.METRICS_PERMISSION in package com.amazon.tahoe
12-12 12:15:49.538   926   967 W PackageManager: Unknown permission com.amazon.mas.client.CONTENT_PROVIDER_READ in package com.amazon.tahoe
12-12 12:15:49.538   926   967 W PackageManager: Unknown permission com.amazon.alta.h2settings.permission.USE_DIALOGS in package com.amazon.tahoe
12-12 12:15:49.538   926   967 W PackageManager: Unknown permission com.amazon.dcp.metrics.permission.METRICS_PERMISSION in package com.android.keyguard
12-12 12:15:49.538   926   967 W PackageManager: Unknown permission com.hp.pps.htmlprintservice.PRINT in package com.kingsoft.office.amz
12-12 12:15:49.538   926   967 W PackageManager: Unknown permission com.amazon.dcp.metrics.permission.METRICS_PERMISSION in package com.amazon.kindle.rdmdeviceadmin
12-12 12:15:49.548   926   967 W PackageManager: Unknown permission com.amazon.dcp.metrics.permission.METRICS_PERMISSION in package com.amazon.alta.h2clientservice
12-12 12:15:49.548   926   967 W PackageManager: Unknown permission android.net.conn.CONNECTIVITY_CHANGE in package com.amazon.digital.asset.ownership.app
12-12 12:15:49.548   926   967 W PackageManager: Unknown permission com.amazon.dcp.metrics.permission.METRICS_PERMISSION in package com.amazon.digital.asset.ownership.app
12-12 12:15:49.618   926   987 I RegisteredPolicyManager: user/package action=android.intent.action.PACKAGE_ADDED	userHandle0
12-12 12:15:49.618   926   987 W RegisteredPolicyManager: Metadata not available in package:com.example.snoopy
12-12 12:15:49.618   926   987 I RegisteredPolicyManager: Package removed:com.example.snoopy
12-12 12:15:49.618   926   987 I DevicePolicyManagerService: Notified isValidMDM=true
12-12 12:15:49.618   926   987 I DevicePolicyManagerService: Notified isValidMDM=true
12-12 12:15:49.618   926   987 I DevicePolicyManagerService: Notified isValidMDM=true
12-12 12:15:49.618   926   987 I DevicePolicyManagerService: Notified isValidMDM=true
12-12 12:15:49.618   926   987 I DevicePolicyManagerService: Notified isValidMDM=true
12-12 12:15:49.618   926   987 I DevicePolicyManagerService: Notified isValidMDM=true
12-12 12:15:49.618   926   959 W Settings: Setting default_input_method has moved from android.provider.Settings.Secure to android.provider.Settings.Global.
12-12 12:15:49.628   926   958 W SharedAssetStorage: Launching com.amazon.venezia (32092) with AMZ_APP_GID
12-12 12:15:49.628   926   987 I DevicePolicyManagerService: isAdmin ComponentInfo{com.android.email/com.android.email.SecurityPolicy$PolicyAdmin} whiteListed true
12-12 12:15:49.628   926   987 I DevicePolicyManagerService: isAdmin ComponentInfo{com.amazon.kor.demo/com.amazon.kor.demo.receiver.BindDeviceAdminReceiver} whiteListed true
12-12 12:15:49.628   926   958 I ActivityManager: Start proc com.amazon.venezia for broadcast com.amazon.venezia/com.amazon.mas.client.locker.LockerBroadcastReceiver: pid=7592 uid=32092 gids={72092, 3003, 1028, 1015, 1007, 9001}
12-12 12:15:49.638   926   987 I DevicePolicyManagerService: isAdmin ComponentInfo{com.amazon.parentalcontrols/com.amazon.parentalcontrols.receivers.ParentalAdminReceiver} whiteListed true
12-12 12:15:49.638   926   987 I DevicePolicyManagerService: isAdmin ComponentInfo{com.amazon.kindle.rdmdeviceadmin/com.amazon.rdmdeviceadmin.DeviceControlsAdminReceiver} whiteListed true
12-12 12:15:49.638   926   987 I DevicePolicyManagerService: isAdmin ComponentInfo{com.amazon.tahoe/com.amazon.tahoe.deviceadmin.FreeTimeDeviceAdminReceiver} whiteListed true
12-12 12:15:49.638   926   987 I DevicePolicyManagerService: isAdmin ComponentInfo{com.amazon.kindle.devicecontrols/com.amazon.kindle.devicecontrols.receivers.DeviceControlsAdminReceiver} whiteListed true
12-12 12:15:49.648   926   981 I InputReader: Reconfiguring input devices.  changes=0x00000010
12-12 12:15:49.668   926  1344 V IntentResolver: Resolving type=null scheme=null defaultOnly=false userId=0 of Intent { act=com.amazon.whisperlink.actview.ui.SELECTION flg=0x8 }
12-12 12:15:49.668   926  1344 V IntentResolver: Action list: [ServiceIntentInfo{4210c360 com.amazon.photos/com.amazon.gallery.thor.whisperplay.ThorWhisperService}, null]
12-12 12:15:49.668   926  1344 V IntentResolver: Matching against filter ServiceIntentInfo{4210c360 com.amazon.photos/com.amazon.gallery.thor.whisperplay.ThorWhisperService}
12-12 12:15:49.668   926  1344 V IntentResolver:   Filter matched!  match=0x108000 hasDefault=false
12-12 12:15:49.668   926  1344 V IntentResolver:     4203c640 com.amazon.photos/com.amazon.gallery.thor.whisperplay.ThorWhisperService filter 4210c360
12-12 12:15:49.668   926  1344 V IntentResolver:     Action: "com.amazon.whisperlink.actview.ui.SELECTION"
12-12 12:15:49.668   926  1344 V IntentResolver:     Action: "com.amazon.whisperlink.actview.ui.DEFAULT_UX"
12-12 12:15:49.668   926  1344 V IntentResolver: Final result list:
12-12 12:15:49.668   926  1344 V IntentResolver:   ResolveInfo{427c3af0 com.amazon.photos/com.amazon.gallery.thor.whisperplay.ThorWhisperService m=0x108000}
12-12 12:15:49.698   926   926 D BackupManagerService: Received broadcast Intent { act=android.intent.action.PACKAGE_ADDED dat=xxxx flg=0x4000010 (has extras) }
12-12 12:15:49.698   926   959 W Settings: Setting default_input_method has moved from android.provider.Settings.Secure to android.provider.Settings.Global.
12-12 12:15:49.698   926   959 W InputMethodInfo: Duplicated subtype definition found: ja, keyboard
12-12 12:15:49.708   926   926 V BackupManagerService: addPackageParticipantsLocked: #1
12-12 12:15:49.738   926   959 W Searchables: No web search activity found
12-12 12:15:49.738   926   959 W RecognitionManagerService: no available voice recognition services found for user 0
12-12 12:15:49.798  7573  7573 D AndroidRuntime: Shutting down VM
12-12 12:15:49.928   926  1532 W SharedAssetStorage: Launching com.amazon.identity.auth.device.authorization (32032) with AMZ_APP_GID
12-12 12:15:49.938   926  1532 I ActivityManager: Start proc com.amazon.identity.auth.device.authorization for broadcast com.amazon.identity.auth.device.authorization/.appsync.PackageChangedReceiver: pid=7637 uid=32032 gids={72032, 3003, 9001}
12-12 12:15:50.008   926  1740 I ActivityManager: Delay finish: com.amazon.identity.auth.device.authorization/.appsync.PackageChangedReceiver
12-12 12:15:50.028   926  1127 I ActivityManager: Resuming delayed broadcast
12-12 12:15:50.038   926  1741 W SharedAssetStorage: Launching com.amazon.kindle.unifiedSearch (32081) with AMZ_APP_GID
12-12 12:15:50.048   926  1741 I ActivityManager: Start proc com.amazon.kindle.unifiedSearch for broadcast com.amazon.kindle.unifiedSearch/com.amazon.device.search.PackageBroadcastReceiver: pid=7661 uid=32081 gids={72081, 3003, 1028, 1015, 9001}
12-12 12:15:50.188   926  1354 W SharedAssetStorage: Launching com.android.providers.contacts (32041) with AMZ_APP_GID
12-12 12:15:50.198   926  1354 I ActivityManager: Start proc android.process.acore for broadcast com.android.providers.contacts/.PackageIntentReceiver: pid=7677 uid=32041 gids={72041, 3003, 1028, 1015, 9001}
12-12 12:15:50.198   926  1354 I ActivityManager: Killing 6668:com.android.externalstorage/u0a22020 (adj 12): empty #17
12-12 12:15:50.348  7677  7677 W ActivityThread: ClassLoader.loadClass: The class loader returned by Thread.getContextClassLoader() may fail for processes that host multiple applications. You should explicitly specify a context class loader. For example: Thread.setContextClassLoader(getClass().getClassLoader());
12-12 12:15:50.358   926  1214 W SharedAssetStorage: Launching com.svox.pico (32114) with AMZ_APP_GID
12-12 12:15:50.378   926  1214 I ActivityManager: Start proc com.svox.pico for broadcast com.svox.pico/.VoiceDataInstallerReceiver: pid=7691 uid=32114 gids={72114, 1028, 1015, 9001}
12-12 12:15:50.378   926  1214 I ActivityManager: Killing 6650:com.android.documentsui/u0a22110 (adj 12): empty #17
12-12 12:15:50.448   926  1745 I ActivityManager: Killing 6981:com.amazon.securitysyncclient/u0a22033 (adj 12): empty #17
12-12 12:15:50.458  6286  6286 D AatpInstallReceiver: [com.example.snoopy]: Checking signature: 3082037b30820263a00302010202046fa81c07300d06092a864886f70d01010b0500306d310b3009060355040613025553310f300d060355040813064f7265676f6e3111300f06035504071308506f72746c616e6431123010060355040a130941707054687761636b31123010060355040b130941707054687761636b311230100603550403130941707054687761636b3020170d3132313131323037343033335a180f32303531303331333037343033335a306d310b3009060355040613025553310f300d060355040813064f7265676f6e3111300f06035504071308506f72746c616e6431123010060355040a130941707054687761636b31123010060355040b130941707054687761636b311230100603550403130941707054687761636b30820122300d06092a864886f70d01010105000382010f003082010a0282010100c8a2ced2ac4e08ad877450353d44c8cfe263eedf111694e15d3813f7a89ee7101b6547515811a68dc91d02a50d2ccf964ac675d4e9d9f2bb08114ebba27e601476591da39fefc269cbe9c82e718243fd90b6ce55a91aef95a5e87d1ba9c49c26deeeb3f0eed1613b3265d09c679ee9e081bab7ef5d110fc960017797fdeebbe44bc3e9788eb277a1aa6cbfa1fa81cbb2e29cbaa66c17f12c5f063c5795c9ed7d9ffc2c79240a47cf03d483ebb603c96950f5de46ddeb2b38fb11d3cdb8af1d3234478cca4a1092841fc483fcbac0ac3001a9cf4806aba036bb03530f8da3dd222c35e0074c9b533fae5598ad7007be3c99ae5c88a40971d002582811fd9061510203010001a321301f301d0603551d0e04160414ee59bdaa05b04c31e520eb310ee42d90deb67470300d06092a864886f70d01010b050003820101009ad52f7de1c94afc2ac18af8f3cf2431bd121547afa1b00c904cd86438a9c6f15dcb3da8613325fb65bfc1210111a6868a6078c27f3f2f000c29e37e8546685b823508e7159421d3b0098ac0775433994d0d374632b8aa0bd3cd0ceb9969c062c3b830bde751b043e9d66db94d2e88ebcbceb0d7a9c5e516740f2bead81ee403cb0268b9b6ce3635e90342dd8a1c524a94415aad9bb2abd0264b817b590cc8e1a541f69cb5281d7435c5ebaa5ffe6d0962340583ec7349352e262c2beed133bc2862403f58ec18910b99c9fee1ef9acde5c26b1ffe024f53b4a2ad9655a67011471539d74eb533241519c90fdb2eab75a3ab2808b64b6fa2d7f835f7966c54d7
12-12 12:15:50.468   926  1745 I ActivityManager: Delay finish: com.amazon.venezia/com.amazon.mas.client.cmsservice.publisher.CmsPublisherBroadcastReceiver
12-12 12:15:50.558   926  1740 I ActivityManager: Resuming delayed broadcast
12-12 12:15:50.568   926  1741 D ActivityManager: single user service: com.amazon.kindle.cms
12-12 12:15:50.668  7705  7705 D AndroidRuntime: 
12-12 12:15:50.668  7705  7705 D AndroidRuntime: >>>>>> AndroidRuntime START com.android.internal.os.RuntimeInit <<<<<<
12-12 12:15:50.668  7705  7705 D AndroidRuntime: CheckJNI is OFF
12-12 12:15:50.678  7705  7705 D dalvikvm: Good opt header, DEX offset is 64, flags=0x00
12-12 12:15:50.678  7705  7705 D dalvikvm: dalvik-aux-structure mapped at 0x588a4000 with sizes 17456 9068 22916 7820
12-12 12:15:50.678  7705  7705 D dalvikvm: Good opt header, DEX offset is 64, flags=0x00
12-12 12:15:50.678  7705  7705 D dalvikvm: dalvik-aux-structure mapped at 0x588b2000 with sizes 3488 1968 3700 1000
12-12 12:15:50.678  7705  7705 D dalvikvm: Good opt header, DEX offset is 64, flags=0x00
12-12 12:15:50.678  7705  7705 D dalvikvm: dalvik-aux-structure mapped at 0x588b6000 with sizes 1212 1216 2416 256
12-12 12:15:50.678  7705  7705 D dalvikvm: Good opt header, DEX offset is 64, flags=0x00
12-12 12:15:50.678  7705  7705 D dalvikvm: dalvik-aux-structure mapped at 0x588bd000 with sizes 132 296 392 8
12-12 12:15:50.678  7705  7705 D dalvikvm: Good opt header, DEX offset is 64, flags=0x00
12-12 12:15:50.678  7705  7705 D dalvikvm: dalvik-aux-structure mapped at 0x58a7c000 with sizes 8748 4364 7932 3996
12-12 12:15:50.678  7705  7705 D dalvikvm: Good opt header, DEX offset is 64, flags=0x00
12-12 12:15:50.678  7705  7705 D dalvikvm: dalvik-aux-structure mapped at 0x58a83000 with sizes 22496 5184 8544 1804
12-12 12:15:50.678  7705  7705 D dalvikvm: Good opt header, DEX offset is 64, flags=0x00
12-12 12:15:50.678  7705  7705 D dalvikvm: dalvik-aux-structure mapped at 0x595f8000 with sizes 56984 26392 103956 34404
12-12 12:15:50.678  7705  7705 D dalvikvm: Good opt header, DEX offset is 64, flags=0x00
12-12 12:15:50.678  7705  7705 D dalvikvm: dalvik-aux-structure mapped at 0x59813000 with sizes 9456 6512 11508 3328
12-12 12:15:50.678  7705  7705 D dalvikvm: Good opt header, DEX offset is 64, flags=0x00
12-12 12:15:50.678  7705  7705 D dalvikvm: dalvik-aux-structure mapped at 0x59987000 with sizes 20776 3532 10520 3092
12-12 12:15:50.678  7705  7705 D dalvikvm: Good opt header, DEX offset is 64, flags=0x00
12-12 12:15:50.678  7705  7705 D dalvikvm: dalvik-aux-structure mapped at 0x58a92000 with sizes 1660 956 2388 56
12-12 12:15:50.678  7705  7705 D dalvikvm: Good opt header, DEX offset is 64, flags=0x00
12-12 12:15:50.678  7705  7705 D dalvikvm: dalvik-aux-structure mapped at 0x599ef000 with sizes 1312 504 800 184
12-12 12:15:50.678  7705  7705 D dalvikvm: Good opt header, DEX offset is 64, flags=0x00
12-12 12:15:50.678  7705  7705 D dalvikvm: dalvik-aux-structure mapped at 0x599f0000 with sizes 1704 1896 3404 216
12-12 12:15:50.678  7705  7705 D dalvikvm: Good opt header, DEX offset is 64, flags=0x00
12-12 12:15:50.678  7705  7705 D dalvikvm: dalvik-aux-structure mapped at 0x59e34000 with sizes 41708 10740 31748 2024
12-12 12:15:50.678  7705  7705 D dalvikvm: Good opt header, DEX offset is 64, flags=0x00
12-12 12:15:50.678  7705  7705 D dalvikvm: dalvik-aux-structure mapped at 0x599f5000 with sizes 13340 3572 6468 560
12-12 12:15:50.678  7705  7705 D dalvikvm: Good opt header, DEX offset is 64, flags=0x00
12-12 12:15:50.678  7705  7705 D dalvikvm: dalvik-aux-structure mapped at 0x5a079000 with sizes 3752 5072 11996 2620
12-12 12:15:50.678  7705  7705 D dalvikvm: Good opt header, DEX offset is 64, flags=0x00
12-12 12:15:50.678  7705  7705 D dalvikvm: dalvik-aux-structure mapped at 0x599fd000 with sizes 864 112 12 8
12-12 12:15:50.678  7705  7705 D dalvikvm: Good opt header, DEX offset is 64, flags=0x00
12-12 12:15:50.678  7705  7705 D dalvikvm: dalvik-aux-structure mapped at 0x599ff000 with sizes 144 424 416 84
12-12 12:15:50.678  7705  7705 D dalvikvm: Good opt header, DEX offset is 64, flags=0x00
12-12 12:15:50.678  7705  7705 D dalvikvm: dalvik-aux-structure mapped at 0x5a092000 with sizes 8 84 20 52
12-12 12:15:50.678  7705  7705 D dalvikvm: Good opt header, DEX offset is 64, flags=0x00
12-12 12:15:50.678  7705  7705 D dalvikvm: dalvik-aux-structure mapped at 0x5a093000 with sizes 2300 1284 1900 732
12-12 12:15:50.678  7705  7705 D dalvikvm: Good opt header, DEX offset is 64, flags=0x00
12-12 12:15:50.678  7705  7705 D dalvikvm: dalvik-aux-structure mapped at 0x5a096000 with sizes 3104 1556 4388 1468
12-12 12:15:50.678  7705  7705 D dalvikvm: Good opt header, DEX offset is 64, flags=0x00
12-12 12:15:50.678  7705  7705 D dalvikvm: dalvik-aux-structure mapped at 0x5a09a000 with sizes 2512 2028 2656 348
12-12 12:15:50.678  7705  7705 D dalvikvm: Good opt header, DEX offset is 64, flags=0x00
12-12 12:15:50.678  7705  7705 D dalvikvm: dalvik-aux-structure mapped at 0x5a09d000 with sizes 244 632 480 120
12-12 12:15:50.678  7705  7705 D dalvikvm: Good opt header, DEX offset is 64, flags=0x00
12-12 12:15:50.678  7705  7705 D dalvikvm: dalvik-aux-structure mapped at 0x5a0a0000 with sizes 44 16 4 16
12-12 12:15:50.678  7705  7705 D dalvikvm: Good opt header, DEX offset is 64, flags=0x00
12-12 12:15:50.678  7705  7705 D dalvikvm: dalvik-aux-structure mapped at 0x5a3f1000 with sizes 17456 5180 15016 5508
12-12 12:15:50.678  7705  7705 D dalvikvm: Good opt header, DEX offset is 64, flags=0x00
12-12 12:15:50.678  7705  7705 D dalvikvm: dalvik-aux-structure mapped at 0x5a188000 with sizes 17648 1196 1848 1084
12-12 12:15:50.688  7705  7705 D dalvikvm: Good opt header, DEX offset is 64, flags=0x00
12-12 12:15:50.688  7705  7705 D dalvikvm: dalvik-aux-structure mapped at 0x5a621000 with sizes 5448 6248 17376 5152
12-12 12:15:50.688  7705  7705 D dalvikvm: Good opt header, DEX offset is 64, flags=0x00
12-12 12:15:50.688  7705  7705 D dalvikvm: dalvik-aux-structure mapped at 0x5a18e000 with sizes 92 272 204 12
12-12 12:15:50.688  7705  7705 D dalvikvm: Good opt header, DEX offset is 64, flags=0x00
12-12 12:15:50.688  7705  7705 D dalvikvm: dalvik-aux-structure mapped at 0x5a632000 with sizes 368 52 8 52
12-12 12:15:50.688  7705  7705 D dalvikvm: Good opt header, DEX offset is 64, flags=0x00
12-12 12:15:50.688  7705  7705 D dalvikvm: dalvik-aux-structure mapped at 0x5a64f000 with sizes 848 488 512 692
12-12 12:15:50.688  7705  7705 D dalvikvm: Good opt header, DEX offset is 64, flags=0x00
12-12 12:15:50.688  7705  7705 D dalvikvm: dalvik-aux-structure mapped at 0x5a652000 with sizes 20 36 20 8
12-12 12:15:50.688  7705  7705 D dalvikvm: Good opt header, DEX offset is 64, flags=0x00
12-12 12:15:50.688  7705  7705 D dalvikvm: dalvik-aux-structure mapped at 0x5a65b000 with sizes 360 232 320 68
12-12 12:15:50.688  7705  7705 D dalvikvm: Good opt header, DEX offset is 64, flags=0x00
12-12 12:15:50.688  7705  7705 D dalvikvm: dalvik-aux-structure mapped at 0x5a66b000 with sizes 864 272 320 208
12-12 12:15:50.688  7705  7705 D dalvikvm: Trying to load lib libjavacore.so 0x0
12-12 12:15:50.688  7705  7705 D dalvikvm: Added shared lib libjavacore.so 0x0
12-12 12:15:50.688  7705  7705 D dalvikvm: Trying to load lib libnativehelper.so 0x0
12-12 12:15:50.688  7705  7705 D dalvikvm: Added shared lib libnativehelper.so 0x0
12-12 12:15:50.688  7705  7705 D dalvikvm: No JNI_OnLoad found in libnativehelper.so 0x0, skipping init
12-12 12:15:50.698  7705  7705 D dalvikvm: Good opt header, DEX offset is 64, flags=0x00
12-12 12:15:50.698  7705  7705 D dalvikvm: dalvik-aux-structure mapped at 0x5b8d0000 with sizes 936 360 416 20
12-12 12:15:50.738  7705  7705 D dalvikvm: Note: class Landroid/app/ActivityManagerNative; has 179 unimplemented (abstract) methods
12-12 12:15:50.878  7705  7705 D AndroidRuntime: Calling main entry com.android.commands.pm.Pm
12-12 12:15:50.958  7705  7705 D AndroidRuntime: Shutting down VM
12-12 12:15:51.628  6286  7738 D Aatp    : /track-package
12-12 12:15:51.658  6286  7738 D AatpDeviceManager: Tracking package com.example.snoopy with UID 10002
12-12 12:15:57.718   926   937 I ActivityManager: Killing 6994:com.amazon.devicecontrol/1000 (adj 12): empty #17
12-12 12:16:02.068   926  1165 I LoggerMetricsFactoryImpl: record : No valid data points in metrics event. Program: location_manager Soruce: general
12-12 12:16:02.068   926  1165 I LoggerMetricsFactoryImpl: record : No valid data points in metrics event. Program: location_manager Soruce: fused
12-12 12:16:02.078   926  1165 I LoggerMetricsFactoryImpl: record : No valid data points in metrics event. Program: location_manager Soruce: geofence
12-12 12:16:02.078   926  1165 I LoggerMetricsFactoryImpl: record : No valid data points in metrics event. Program: location_manager Soruce: gps
12-12 12:16:04.919   926   958 I ActivityManager: Waited long enough for: ServiceRecord{427edcb0 u0 com.amazon.venezia/com.amazon.mas.client.locker.service.appmgr.AppManagerService}
12-12 12:16:04.939   926  1213 I ActivityManager: Delay finish: com.amazon.venezia/com.amazon.mas.client.notifications.fad.MarketingAppReceiver
12-12 12:16:04.939   926  1539 I ActivityManager: Resuming delayed broadcast
12-12 12:16:04.949   926  1740 I ActivityManager: Delay finish: com.amazon.venezia/com.amazon.mas.client.tokenrefresh.RefreshScheduleReceiver
12-12 12:16:04.968   926  1746 I ActivityManager: Resuming delayed broadcast
12-12 12:16:04.978   926  1214 I ActivityManager: Delay finish: com.amazon.venezia/com.amazon.mas.client.serviceconfig.receiver.ServiceConfigScheduleReceiver
12-12 12:16:05.019   926  1214 I ActivityManager: Resuming delayed broadcast
12-12 12:16:05.019   926  1004 I ActivityManager: Delay finish: com.amazon.venezia/com.amazon.mas.client.featureconfig.FeatureConfigScheduleReceiver
12-12 12:16:05.038   926  1214 I ActivityManager: Resuming delayed broadcast
12-12 12:16:05.048   926  1740 I ActivityManager: Delay finish: com.amazon.venezia/com.amazon.mas.client.locker.LockerBroadcastReceiver
12-12 12:16:05.068   926  1344 I ActivityManager: Resuming delayed broadcast
12-12 12:16:05.078   926  1741 I ActivityManager: Delay finish: com.amazon.venezia/com.amazon.mas.client.malware.blockedapp.BlockedAppScheduleReceiver
12-12 12:16:05.088   926  1740 I ActivityManager: Resuming delayed broadcast
12-12 12:16:05.098   926  1740 I ActivityManager: Delay finish: com.amazon.venezia/com.amazon.mas.client.http.cache.DiskCacheCleanReceiver
12-12 12:16:05.108   926  1096 I ActivityManager: Resuming delayed broadcast
12-12 12:16:05.468   926   958 I ActivityManager: Waited long enough for: ServiceRecord{427e6a50 u0 com.amazon.venezia/com.amazon.mas.client.cmsservice.publisher.CmsPublisherService}
12-12 12:16:07.098   926  1001 D DeviceStorageMonitorService: Sending broadcast for delta increase in free memory. Delta memory: 37220352 freeMem: 57670447104
12-12 12:16:20.108   926   958 I ActivityManager: Waited long enough for: ServiceRecord{427ba070 u0 com.amazon.venezia/com.amazon.mcc.crashreporter.android.CrashReportService}
12-12 12:16:20.908  7800  7800 D AndroidRuntime: 
12-12 12:16:20.908  7800  7800 D AndroidRuntime: >>>>>> AndroidRuntime START com.android.internal.os.RuntimeInit <<<<<<
12-12 12:16:20.908  7800  7800 D AndroidRuntime: CheckJNI is OFF
12-12 12:16:20.908  7800  7800 D dalvikvm: Good opt header, DEX offset is 64, flags=0x00
12-12 12:16:20.908  7800  7800 D dalvikvm: dalvik-aux-structure mapped at 0x58887000 with sizes 17456 9068 22916 7820
12-12 12:16:20.908  7800  7800 D dalvikvm: Good opt header, DEX offset is 64, flags=0x00
12-12 12:16:20.908  7800  7800 D dalvikvm: dalvik-aux-structure mapped at 0x58895000 with sizes 3488 1968 3700 1000
12-12 12:16:20.918  7800  7800 D dalvikvm: Good opt header, DEX offset is 64, flags=0x00
12-12 12:16:20.918  7800  7800 D dalvikvm: dalvik-aux-structure mapped at 0x58899000 with sizes 1212 1216 2416 256
12-12 12:16:20.918  7800  7800 D dalvikvm: Good opt header, DEX offset is 64, flags=0x00
12-12 12:16:20.918  7800  7800 D dalvikvm: dalvik-aux-structure mapped at 0x588a0000 with sizes 132 296 392 8
12-12 12:16:20.918  7800  7800 D dalvikvm: Good opt header, DEX offset is 64, flags=0x00
12-12 12:16:20.918  7800  7800 D dalvikvm: dalvik-aux-structure mapped at 0x58a5f000 with sizes 8748 4364 7932 3996
12-12 12:16:20.918  7800  7800 D dalvikvm: Good opt header, DEX offset is 64, flags=0x00
12-12 12:16:20.918  7800  7800 D dalvikvm: dalvik-aux-structure mapped at 0x58a66000 with sizes 22496 5184 8544 1804
12-12 12:16:20.918  7800  7800 D dalvikvm: Good opt header, DEX offset is 64, flags=0x00
12-12 12:16:20.918  7800  7800 D dalvikvm: dalvik-aux-structure mapped at 0x595db000 with sizes 56984 26392 103956 34404
12-12 12:16:20.918  7800  7800 D dalvikvm: Good opt header, DEX offset is 64, flags=0x00
12-12 12:16:20.918  7800  7800 D dalvikvm: dalvik-aux-structure mapped at 0x597f6000 with sizes 9456 6512 11508 3328
12-12 12:16:20.918  7800  7800 D dalvikvm: Good opt header, DEX offset is 64, flags=0x00
12-12 12:16:20.918  7800  7800 D dalvikvm: dalvik-aux-structure mapped at 0x5996a000 with sizes 20776 3532 10520 3092
12-12 12:16:20.918  7800  7800 D dalvikvm: Good opt header, DEX offset is 64, flags=0x00
12-12 12:16:20.918  7800  7800 D dalvikvm: dalvik-aux-structure mapped at 0x58a75000 with sizes 1660 956 2388 56
12-12 12:16:20.918  7800  7800 D dalvikvm: Good opt header, DEX offset is 64, flags=0x00
12-12 12:16:20.918  7800  7800 D dalvikvm: dalvik-aux-structure mapped at 0x599d2000 with sizes 1312 504 800 184
12-12 12:16:20.918  7800  7800 D dalvikvm: Good opt header, DEX offset is 64, flags=0x00
12-12 12:16:20.918  7800  7800 D dalvikvm: dalvik-aux-structure mapped at 0x599d3000 with sizes 1704 1896 3404 216
12-12 12:16:20.918  7800  7800 D dalvikvm: Good opt header, DEX offset is 64, flags=0x00
12-12 12:16:20.918  7800  7800 D dalvikvm: dalvik-aux-structure mapped at 0x59e17000 with sizes 41708 10740 31748 2024
12-12 12:16:20.918  7800  7800 D dalvikvm: Good opt header, DEX offset is 64, flags=0x00
12-12 12:16:20.918  7800  7800 D dalvikvm: dalvik-aux-structure mapped at 0x599d8000 with sizes 13340 3572 6468 560
12-12 12:16:20.918  7800  7800 D dalvikvm: Good opt header, DEX offset is 64, flags=0x00
12-12 12:16:20.918  7800  7800 D dalvikvm: dalvik-aux-structure mapped at 0x5a05c000 with sizes 3752 5072 11996 2620
12-12 12:16:20.928  7800  7800 D dalvikvm: Good opt header, DEX offset is 64, flags=0x00
12-12 12:16:20.928  7800  7800 D dalvikvm: dalvik-aux-structure mapped at 0x599e0000 with sizes 864 112 12 8
12-12 12:16:20.928  7800  7800 D dalvikvm: Good opt header, DEX offset is 64, flags=0x00
12-12 12:16:20.928  7800  7800 D dalvikvm: dalvik-aux-structure mapped at 0x599e2000 with sizes 144 424 416 84
12-12 12:16:20.928  7800  7800 D dalvikvm: Good opt header, DEX offset is 64, flags=0x00
12-12 12:16:20.928  7800  7800 D dalvikvm: dalvik-aux-structure mapped at 0x5a075000 with sizes 8 84 20 52
12-12 12:16:20.928  7800  7800 D dalvikvm: Good opt header, DEX offset is 64, flags=0x00
12-12 12:16:20.928  7800  7800 D dalvikvm: dalvik-aux-structure mapped at 0x5a076000 with sizes 2300 1284 1900 732
12-12 12:16:20.928  7800  7800 D dalvikvm: Good opt header, DEX offset is 64, flags=0x00
12-12 12:16:20.928  7800  7800 D dalvikvm: dalvik-aux-structure mapped at 0x5a079000 with sizes 3104 1556 4388 1468
12-12 12:16:20.928  7800  7800 D dalvikvm: Good opt header, DEX offset is 64, flags=0x00
12-12 12:16:20.928  7800  7800 D dalvikvm: dalvik-aux-structure mapped at 0x5a07d000 with sizes 2512 2028 2656 348
12-12 12:16:20.928  7800  7800 D dalvikvm: Good opt header, DEX offset is 64, flags=0x00
12-12 12:16:20.928  7800  7800 D dalvikvm: dalvik-aux-structure mapped at 0x5a080000 with sizes 244 632 480 120
12-12 12:16:20.928  7800  7800 D dalvikvm: Good opt header, DEX offset is 64, flags=0x00
12-12 12:16:20.928  7800  7800 D dalvikvm: dalvik-aux-structure mapped at 0x5a083000 with sizes 44 16 4 16
12-12 12:16:20.928  7800  7800 D dalvikvm: Good opt header, DEX offset is 64, flags=0x00
12-12 12:16:20.928  7800  7800 D dalvikvm: dalvik-aux-structure mapped at 0x5a3d4000 with sizes 17456 5180 15016 5508
12-12 12:16:20.928  7800  7800 D dalvikvm: Good opt header, DEX offset is 64, flags=0x00
12-12 12:16:20.928  7800  7800 D dalvikvm: dalvik-aux-structure mapped at 0x5a16b000 with sizes 17648 1196 1848 1084
12-12 12:16:20.928  7800  7800 D dalvikvm: Good opt header, DEX offset is 64, flags=0x00
12-12 12:16:20.928  7800  7800 D dalvikvm: dalvik-aux-structure mapped at 0x5a604000 with sizes 5448 6248 17376 5152
12-12 12:16:20.928  7800  7800 D dalvikvm: Good opt header, DEX offset is 64, flags=0x00
12-12 12:16:20.928  7800  7800 D dalvikvm: dalvik-aux-structure mapped at 0x5a171000 with sizes 92 272 204 12
12-12 12:16:20.928  7800  7800 D dalvikvm: Good opt header, DEX offset is 64, flags=0x00
12-12 12:16:20.928  7800  7800 D dalvikvm: dalvik-aux-structure mapped at 0x5a615000 with sizes 368 52 8 52
12-12 12:16:20.928  7800  7800 D dalvikvm: Good opt header, DEX offset is 64, flags=0x00
12-12 12:16:20.928  7800  7800 D dalvikvm: dalvik-aux-structure mapped at 0x5a632000 with sizes 848 488 512 692
12-12 12:16:20.928  7800  7800 D dalvikvm: Good opt header, DEX offset is 64, flags=0x00
12-12 12:16:20.928  7800  7800 D dalvikvm: dalvik-aux-structure mapped at 0x5a635000 with sizes 20 36 20 8
12-12 12:16:20.928  7800  7800 D dalvikvm: Good opt header, DEX offset is 64, flags=0x00
12-12 12:16:20.928  7800  7800 D dalvikvm: dalvik-aux-structure mapped at 0x5a63e000 with sizes 360 232 320 68
12-12 12:16:20.928  7800  7800 D dalvikvm: Good opt header, DEX offset is 64, flags=0x00
12-12 12:16:20.928  7800  7800 D dalvikvm: dalvik-aux-structure mapped at 0x5a64e000 with sizes 864 272 320 208
12-12 12:16:20.938  7800  7800 D dalvikvm: Trying to load lib libjavacore.so 0x0
12-12 12:16:20.938  7800  7800 D dalvikvm: Added shared lib libjavacore.so 0x0
12-12 12:16:20.938  7800  7800 D dalvikvm: Trying to load lib libnativehelper.so 0x0
12-12 12:16:20.938  7800  7800 D dalvikvm: Added shared lib libnativehelper.so 0x0
12-12 12:16:20.938  7800  7800 D dalvikvm: No JNI_OnLoad found in libnativehelper.so 0x0, skipping init
12-12 12:16:20.948  7800  7800 D dalvikvm: Good opt header, DEX offset is 64, flags=0x00
12-12 12:16:20.948  7800  7800 D dalvikvm: dalvik-aux-structure mapped at 0x5b8b3000 with sizes 936 360 416 20
12-12 12:16:20.968  7800  7800 D dalvikvm: Note: class Landroid/app/ActivityManagerNative; has 179 unimplemented (abstract) methods
12-12 12:16:21.088  7800  7800 D AndroidRuntime: Calling main entry com.android.commands.pm.Pm
12-12 12:16:21.178  7800  7800 D AndroidRuntime: Shutting down VM
12-12 12:16:22.238  7821  7821 D AndroidRuntime: 
12-12 12:16:22.238  7821  7821 D AndroidRuntime: >>>>>> AndroidRuntime START com.android.internal.os.RuntimeInit <<<<<<
12-12 12:16:22.238  7821  7821 D AndroidRuntime: CheckJNI is OFF
12-12 12:16:22.238  7821  7821 D dalvikvm: Good opt header, DEX offset is 64, flags=0x00
12-12 12:16:22.238  7821  7821 D dalvikvm: dalvik-aux-structure mapped at 0x588c1000 with sizes 17456 9068 22916 7820
12-12 12:16:22.238  7821  7821 D dalvikvm: Good opt header, DEX offset is 64, flags=0x00
12-12 12:16:22.238  7821  7821 D dalvikvm: dalvik-aux-structure mapped at 0x41c31000 with sizes 3488 1968 3700 1000
12-12 12:16:22.238  7821  7821 D dalvikvm: Good opt header, DEX offset is 64, flags=0x00
12-12 12:16:22.238  7821  7821 D dalvikvm: dalvik-aux-structure mapped at 0x41c35000 with sizes 1212 1216 2416 256
12-12 12:16:22.238  7821  7821 D dalvikvm: Good opt header, DEX offset is 64, flags=0x00
12-12 12:16:22.238  7821  7821 D dalvikvm: dalvik-aux-structure mapped at 0x58972000 with sizes 132 296 392 8
12-12 12:16:22.238  7821  7821 D dalvikvm: Good opt header, DEX offset is 64, flags=0x00
12-12 12:16:22.238  7821  7821 D dalvikvm: dalvik-aux-structure mapped at 0x58973000 with sizes 8748 4364 7932 3996
12-12 12:16:22.238  7821  7821 D dalvikvm: Good opt header, DEX offset is 64, flags=0x00
12-12 12:16:22.238  7821  7821 D dalvikvm: dalvik-aux-structure mapped at 0x5897a000 with sizes 22496 5184 8544 1804
12-12 12:16:22.238  7821  7821 D dalvikvm: Good opt header, DEX offset is 64, flags=0x00
12-12 12:16:22.238  7821  7821 D dalvikvm: dalvik-aux-structure mapped at 0x59614000 with sizes 56984 26392 103956 34404
12-12 12:16:22.238  7821  7821 D dalvikvm: Good opt header, DEX offset is 64, flags=0x00
12-12 12:16:22.238  7821  7821 D dalvikvm: dalvik-aux-structure mapped at 0x58aa4000 with sizes 9456 6512 11508 3328
12-12 12:16:22.238  7821  7821 D dalvikvm: Good opt header, DEX offset is 64, flags=0x00
12-12 12:16:22.248  7821  7821 D dalvikvm: dalvik-aux-structure mapped at 0x5999b000 with sizes 20776 3532 10520 3092
12-12 12:16:22.248  7821  7821 D dalvikvm: Good opt header, DEX offset is 64, flags=0x00
12-12 12:16:22.248  7821  7821 D dalvikvm: dalvik-aux-structure mapped at 0x599d1000 with sizes 1660 956 2388 56
12-12 12:16:22.248  7821  7821 D dalvikvm: Good opt header, DEX offset is 64, flags=0x00
12-12 12:16:22.248  7821  7821 D dalvikvm: dalvik-aux-structure mapped at 0x59a05000 with sizes 1312 504 800 184
12-12 12:16:22.248  7821  7821 D dalvikvm: Good opt header, DEX offset is 64, flags=0x00
12-12 12:16:22.248  7821  7821 D dalvikvm: dalvik-aux-structure mapped at 0x59a06000 with sizes 1704 1896 3404 216
12-12 12:16:22.248  7821  7821 D dalvikvm: Good opt header, DEX offset is 64, flags=0x00
12-12 12:16:22.248  7821  7821 D dalvikvm: dalvik-aux-structure mapped at 0x59e4a000 with sizes 41708 10740 31748 2024
12-12 12:16:22.248  7821  7821 D dalvikvm: Good opt header, DEX offset is 64, flags=0x00
12-12 12:16:22.248  7821  7821 D dalvikvm: dalvik-aux-structure mapped at 0x59a0b000 with sizes 13340 3572 6468 560
12-12 12:16:22.248  7821  7821 D dalvikvm: Good opt header, DEX offset is 64, flags=0x00
12-12 12:16:22.248  7821  7821 D dalvikvm: dalvik-aux-structure mapped at 0x5a08f000 with sizes 3752 5072 11996 2620
12-12 12:16:22.248  7821  7821 D dalvikvm: Good opt header, DEX offset is 64, flags=0x00
12-12 12:16:22.248  7821  7821 D dalvikvm: dalvik-aux-structure mapped at 0x59a13000 with sizes 864 112 12 8
12-12 12:16:22.248  7821  7821 D dalvikvm: Good opt header, DEX offset is 64, flags=0x00
12-12 12:16:22.248  7821  7821 D dalvikvm: dalvik-aux-structure mapped at 0x59a15000 with sizes 144 424 416 84
12-12 12:16:22.248  7821  7821 D dalvikvm: Good opt header, DEX offset is 64, flags=0x00
12-12 12:16:22.248  7821  7821 D dalvikvm: dalvik-aux-structure mapped at 0x5a0a8000 with sizes 8 84 20 52
12-12 12:16:22.248  7821  7821 D dalvikvm: Good opt header, DEX offset is 64, flags=0x00
12-12 12:16:22.248  7821  7821 D dalvikvm: dalvik-aux-structure mapped at 0x5a0a9000 with sizes 2300 1284 1900 732
12-12 12:16:22.248  7821  7821 D dalvikvm: Good opt header, DEX offset is 64, flags=0x00
12-12 12:16:22.248  7821  7821 D dalvikvm: dalvik-aux-structure mapped at 0x5a0ac000 with sizes 3104 1556 4388 1468
12-12 12:16:22.248  7821  7821 D dalvikvm: Good opt header, DEX offset is 64, flags=0x00
12-12 12:16:22.248  7821  7821 D dalvikvm: dalvik-aux-structure mapped at 0x5a0b0000 with sizes 2512 2028 2656 348
12-12 12:16:22.248  7821  7821 D dalvikvm: Good opt header, DEX offset is 64, flags=0x00
12-12 12:16:22.248  7821  7821 D dalvikvm: dalvik-aux-structure mapped at 0x5a0b3000 with sizes 244 632 480 120
12-12 12:16:22.248  7821  7821 D dalvikvm: Good opt header, DEX offset is 64, flags=0x00
12-12 12:16:22.248  7821  7821 D dalvikvm: dalvik-aux-structure mapped at 0x5a0b6000 with sizes 44 16 4 16
12-12 12:16:22.248  7821  7821 D dalvikvm: Good opt header, DEX offset is 64, flags=0x00
12-12 12:16:22.248  7821  7821 D dalvikvm: dalvik-aux-structure mapped at 0x5a407000 with sizes 17456 5180 15016 5508
12-12 12:16:22.248  7821  7821 D dalvikvm: Good opt header, DEX offset is 64, flags=0x00
12-12 12:16:22.248  7821  7821 D dalvikvm: dalvik-aux-structure mapped at 0x5a19e000 with sizes 17648 1196 1848 1084
12-12 12:16:22.248  7821  7821 D dalvikvm: Good opt header, DEX offset is 64, flags=0x00
12-12 12:16:22.248  7821  7821 D dalvikvm: dalvik-aux-structure mapped at 0x5a637000 with sizes 5448 6248 17376 5152
12-12 12:16:22.248  7821  7821 D dalvikvm: Good opt header, DEX offset is 64, flags=0x00
12-12 12:16:22.248  7821  7821 D dalvikvm: dalvik-aux-structure mapped at 0x5a1a4000 with sizes 92 272 204 12
12-12 12:16:22.248  7821  7821 D dalvikvm: Good opt header, DEX offset is 64, flags=0x00
12-12 12:16:22.248  7821  7821 D dalvikvm: dalvik-aux-structure mapped at 0x5a648000 with sizes 368 52 8 52
12-12 12:16:22.258  7821  7821 D dalvikvm: Good opt header, DEX offset is 64, flags=0x00
12-12 12:16:22.258  7821  7821 D dalvikvm: dalvik-aux-structure mapped at 0x5a665000 with sizes 848 488 512 692
12-12 12:16:22.258  7821  7821 D dalvikvm: Good opt header, DEX offset is 64, flags=0x00
12-12 12:16:22.258  7821  7821 D dalvikvm: dalvik-aux-structure mapped at 0x5a668000 with sizes 20 36 20 8
12-12 12:16:22.258  7821  7821 D dalvikvm: Good opt header, DEX offset is 64, flags=0x00
12-12 12:16:22.258  7821  7821 D dalvikvm: dalvik-aux-structure mapped at 0x5a671000 with sizes 360 232 320 68
12-12 12:16:22.258  7821  7821 D dalvikvm: Good opt header, DEX offset is 64, flags=0x00
12-12 12:16:22.258  7821  7821 D dalvikvm: dalvik-aux-structure mapped at 0x5a681000 with sizes 864 272 320 208
12-12 12:16:22.258  7821  7821 D dalvikvm: Trying to load lib libjavacore.so 0x0
12-12 12:16:22.258  7821  7821 D dalvikvm: Added shared lib libjavacore.so 0x0
12-12 12:16:22.258  7821  7821 D dalvikvm: Trying to load lib libnativehelper.so 0x0
12-12 12:16:22.258  7821  7821 D dalvikvm: Added shared lib libnativehelper.so 0x0
12-12 12:16:22.258  7821  7821 D dalvikvm: No JNI_OnLoad found in libnativehelper.so 0x0, skipping init
12-12 12:16:22.268  7821  7821 D dalvikvm: Good opt header, DEX offset is 64, flags=0x00
12-12 12:16:22.268  7821  7821 D dalvikvm: dalvik-aux-structure mapped at 0x5b8e6000 with sizes 936 360 416 20
12-12 12:16:22.298  7821  7821 D dalvikvm: Note: class Landroid/app/ActivityManagerNative; has 179 unimplemented (abstract) methods
12-12 12:16:22.408  7821  7821 D AndroidRuntime: Calling main entry com.android.commands.pm.Pm
12-12 12:16:22.418   926   967 W ActivityManager: No content provider found for permission revoke: file:///data/local/tmp/AUTUtilsRP0c6N.apk
12-12 12:16:22.428   926   967 W ActivityManager: No content provider found for permission revoke: file:///data/local/tmp/AUTUtilsRP0c6N.apk
12-12 12:16:22.428   926   967 I PackageManager: Copying native libraries to /data/app-lib/vmdl1813358929
12-12 12:16:22.428   926   967 I PackageParser: com.trellis: compat added android.permission.READ_PHONE_STATE
12-12 12:16:22.468   926   967 I PackageManager: Running dexopt on: com.trellis
12-12 12:16:22.658   926   958 I ActivityManager: Force stopping com.trellis appid=10003 user=-1: update pkg
12-12 12:16:22.798   926   987 I RegisteredPolicyManager: user/package action=android.intent.action.PACKAGE_ADDED	userHandle0
12-12 12:16:22.808   926   987 W RegisteredPolicyManager: Metadata not available in package:com.trellis
12-12 12:16:22.808   926   987 I RegisteredPolicyManager: Package removed:com.trellis
12-12 12:16:22.818   926   981 I InputReader: Reconfiguring input devices.  changes=0x00000010
12-12 12:16:22.818   926  1747 V IntentResolver: Resolving type=null scheme=null defaultOnly=false userId=0 of Intent { act=com.amazon.whisperlink.actview.ui.SELECTION flg=0x8 }
12-12 12:16:22.818   926  1747 V IntentResolver: Action list: [ServiceIntentInfo{4210c360 com.amazon.photos/com.amazon.gallery.thor.whisperplay.ThorWhisperService}, null]
12-12 12:16:22.818   926  1747 V IntentResolver: Matching against filter ServiceIntentInfo{4210c360 com.amazon.photos/com.amazon.gallery.thor.whisperplay.ThorWhisperService}
12-12 12:16:22.818   926  1747 V IntentResolver:   Filter matched!  match=0x108000 hasDefault=false
12-12 12:16:22.818   926  1747 V IntentResolver:     4203c640 com.amazon.photos/com.amazon.gallery.thor.whisperplay.ThorWhisperService filter 4210c360
12-12 12:16:22.818   926  1747 V IntentResolver:     Action: "com.amazon.whisperlink.actview.ui.SELECTION"
12-12 12:16:22.818   926  1747 V IntentResolver:     Action: "com.amazon.whisperlink.actview.ui.DEFAULT_UX"
12-12 12:16:22.818   926  1747 V IntentResolver: Final result list:
12-12 12:16:22.818   926   959 W Settings: Setting default_input_method has moved from android.provider.Settings.Secure to android.provider.Settings.Global.
12-12 12:16:22.818   926  1747 V IntentResolver:   ResolveInfo{42624760 com.amazon.photos/com.amazon.gallery.thor.whisperplay.ThorWhisperService m=0x108000}
12-12 12:16:22.838   926   987 I DevicePolicyManagerService: Notified isValidMDM=true
12-12 12:16:22.838   926   987 I DevicePolicyManagerService: Notified isValidMDM=true
12-12 12:16:22.838   926   987 I DevicePolicyManagerService: Notified isValidMDM=true
12-12 12:16:22.838   926   987 I DevicePolicyManagerService: Notified isValidMDM=true
12-12 12:16:22.838   926   987 I DevicePolicyManagerService: Notified isValidMDM=true
12-12 12:16:22.838   926   987 I DevicePolicyManagerService: Notified isValidMDM=true
12-12 12:16:22.838   926   987 I DevicePolicyManagerService: isAdmin ComponentInfo{com.android.email/com.android.email.SecurityPolicy$PolicyAdmin} whiteListed true
12-12 12:16:22.838   926   987 I DevicePolicyManagerService: isAdmin ComponentInfo{com.amazon.kor.demo/com.amazon.kor.demo.receiver.BindDeviceAdminReceiver} whiteListed true
12-12 12:16:22.838   926   987 I DevicePolicyManagerService: isAdmin ComponentInfo{com.amazon.parentalcontrols/com.amazon.parentalcontrols.receivers.ParentalAdminReceiver} whiteListed true
12-12 12:16:22.838   926   987 I DevicePolicyManagerService: isAdmin ComponentInfo{com.amazon.kindle.rdmdeviceadmin/com.amazon.rdmdeviceadmin.DeviceControlsAdminReceiver} whiteListed true
12-12 12:16:22.838   926   987 I DevicePolicyManagerService: isAdmin ComponentInfo{com.amazon.tahoe/com.amazon.tahoe.deviceadmin.FreeTimeDeviceAdminReceiver} whiteListed true
12-12 12:16:22.838   926   987 I DevicePolicyManagerService: isAdmin ComponentInfo{com.amazon.kindle.devicecontrols/com.amazon.kindle.devicecontrols.receivers.DeviceControlsAdminReceiver} whiteListed true
12-12 12:16:22.878  6286  6286 D AatpInstallReceiver: [com.trellis]: Checking signature: 3082037b30820263a00302010202046fa81c07300d06092a864886f70d01010b0500306d310b3009060355040613025553310f300d060355040813064f7265676f6e3111300f06035504071308506f72746c616e6431123010060355040a130941707054687761636b31123010060355040b130941707054687761636b311230100603550403130941707054687761636b3020170d3132313131323037343033335a180f32303531303331333037343033335a306d310b3009060355040613025553310f300d060355040813064f7265676f6e3111300f06035504071308506f72746c616e6431123010060355040a130941707054687761636b31123010060355040b130941707054687761636b311230100603550403130941707054687761636b30820122300d06092a864886f70d01010105000382010f003082010a0282010100c8a2ced2ac4e08ad877450353d44c8cfe263eedf111694e15d3813f7a89ee7101b6547515811a68dc91d02a50d2ccf964ac675d4e9d9f2bb08114ebba27e601476591da39fefc269cbe9c82e718243fd90b6ce55a91aef95a5e87d1ba9c49c26deeeb3f0eed1613b3265d09c679ee9e081bab7ef5d110fc960017797fdeebbe44bc3e9788eb277a1aa6cbfa1fa81cbb2e29cbaa66c17f12c5f063c5795c9ed7d9ffc2c79240a47cf03d483ebb603c96950f5de46ddeb2b38fb11d3cdb8af1d3234478cca4a1092841fc483fcbac0ac3001a9cf4806aba036bb03530f8da3dd222c35e0074c9b533fae5598ad7007be3c99ae5c88a40971d002582811fd9061510203010001a321301f301d0603551d0e04160414ee59bdaa05b04c31e520eb310ee42d90deb67470300d06092a864886f70d01010b050003820101009ad52f7de1c94afc2ac18af8f3cf2431bd121547afa1b00c904cd86438a9c6f15dcb3da8613325fb65bfc1210111a6868a6078c27f3f2f000c29e37e8546685b823508e7159421d3b0098ac0775433994d0d374632b8aa0bd3cd0ceb9969c062c3b830bde751b043e9d66db94d2e88ebcbceb0d7a9c5e516740f2bead81ee403cb0268b9b6ce3635e90342dd8a1c524a94415aad9bb2abd0264b817b590cc8e1a541f69cb5281d7435c5ebaa5ffe6d0962340583ec7349352e262c2beed133bc2862403f58ec18910b99c9fee1ef9acde5c26b1ffe024f53b4a2ad9655a67011471539d74eb533241519c90fdb2eab75a3ab2808b64b6fa2d7f835f7966c54d7
12-12 12:16:22.878   926   959 W Settings: Setting default_input_method has moved from android.provider.Settings.Secure to android.provider.Settings.Global.
12-12 12:16:22.878   926   959 W InputMethodInfo: Duplicated subtype definition found: ja, keyboard
12-12 12:16:22.888   926   926 D BackupManagerService: Received broadcast Intent { act=android.intent.action.PACKAGE_ADDED dat=xxxx flg=0x4000010 (has extras) }
12-12 12:16:22.888   926   926 V BackupManagerService: addPackageParticipantsLocked: #1
12-12 12:16:22.908   926   959 W Searchables: No web search activity found
12-12 12:16:22.918   926   959 W RecognitionManagerService: no available voice recognition services found for user 0
12-12 12:16:22.968  7821  7821 D AndroidRuntime: Shutting down VM
12-12 12:16:23.878  7873  7873 D AndroidRuntime: 
12-12 12:16:23.878  7873  7873 D AndroidRuntime: >>>>>> AndroidRuntime START com.android.internal.os.RuntimeInit <<<<<<
12-12 12:16:23.878  7873  7873 D AndroidRuntime: CheckJNI is OFF
12-12 12:16:23.878  7873  7873 D dalvikvm: Good opt header, DEX offset is 64, flags=0x00
12-12 12:16:23.878  7873  7873 D dalvikvm: dalvik-aux-structure mapped at 0x41c1a000 with sizes 17456 9068 22916 7820
12-12 12:16:23.878  7873  7873 D dalvikvm: Good opt header, DEX offset is 64, flags=0x00
12-12 12:16:23.878  7873  7873 D dalvikvm: dalvik-aux-structure mapped at 0x41c28000 with sizes 3488 1968 3700 1000
12-12 12:16:23.878  7873  7873 D dalvikvm: Good opt header, DEX offset is 64, flags=0x00
12-12 12:16:23.878  7873  7873 D dalvikvm: dalvik-aux-structure mapped at 0x41c2c000 with sizes 1212 1216 2416 256
12-12 12:16:23.878  7873  7873 D dalvikvm: Good opt header, DEX offset is 64, flags=0x00
12-12 12:16:23.878  7873  7873 D dalvikvm: dalvik-aux-structure mapped at 0x41c33000 with sizes 132 296 392 8
12-12 12:16:23.878  7873  7873 D dalvikvm: Good opt header, DEX offset is 64, flags=0x00
12-12 12:16:23.878  7873  7873 D dalvikvm: dalvik-aux-structure mapped at 0x41cd8000 with sizes 8748 4364 7932 3996
12-12 12:16:23.878  7873  7873 D dalvikvm: Good opt header, DEX offset is 64, flags=0x00
12-12 12:16:23.878  7873  7873 D dalvikvm: dalvik-aux-structure mapped at 0x58a86000 with sizes 22496 5184 8544 1804
12-12 12:16:23.878  7873  7873 D dalvikvm: Good opt header, DEX offset is 64, flags=0x00
12-12 12:16:23.878  7873  7873 D dalvikvm: dalvik-aux-structure mapped at 0x595fb000 with sizes 56984 26392 103956 34404
12-12 12:16:23.878  7873  7873 D dalvikvm: Good opt header, DEX offset is 64, flags=0x00
12-12 12:16:23.878  7873  7873 D dalvikvm: dalvik-aux-structure mapped at 0x59816000 with sizes 9456 6512 11508 3328
12-12 12:16:23.878  7873  7873 D dalvikvm: Good opt header, DEX offset is 64, flags=0x00
12-12 12:16:23.878  7873  7873 D dalvikvm: dalvik-aux-structure mapped at 0x5998a000 with sizes 20776 3532 10520 3092
12-12 12:16:23.888  7873  7873 D dalvikvm: Good opt header, DEX offset is 64, flags=0x00
12-12 12:16:23.888  7873  7873 D dalvikvm: dalvik-aux-structure mapped at 0x58a92000 with sizes 1660 956 2388 56
12-12 12:16:23.888  7873  7873 D dalvikvm: Good opt header, DEX offset is 64, flags=0x00
12-12 12:16:23.888  7873  7873 D dalvikvm: dalvik-aux-structure mapped at 0x58a96000 with sizes 1312 504 800 184
12-12 12:16:23.888  7873  7873 D dalvikvm: Good opt header, DEX offset is 64, flags=0x00
12-12 12:16:23.888  7873  7873 D dalvikvm: dalvik-aux-structure mapped at 0x599f0000 with sizes 1704 1896 3404 216
12-12 12:16:23.888  7873  7873 D dalvikvm: Good opt header, DEX offset is 64, flags=0x00
12-12 12:16:23.888  7873  7873 D dalvikvm: dalvik-aux-structure mapped at 0x59e34000 with sizes 41708 10740 31748 2024
12-12 12:16:23.888  7873  7873 D dalvikvm: Good opt header, DEX offset is 64, flags=0x00
12-12 12:16:23.888  7873  7873 D dalvikvm: dalvik-aux-structure mapped at 0x599f5000 with sizes 13340 3572 6468 560
12-12 12:16:23.888  7873  7873 D dalvikvm: Good opt header, DEX offset is 64, flags=0x00
12-12 12:16:23.888  7873  7873 D dalvikvm: dalvik-aux-structure mapped at 0x5a079000 with sizes 3752 5072 11996 2620
12-12 12:16:23.888  7873  7873 D dalvikvm: Good opt header, DEX offset is 64, flags=0x00
12-12 12:16:23.888  7873  7873 D dalvikvm: dalvik-aux-structure mapped at 0x599fd000 with sizes 864 112 12 8
12-12 12:16:23.888  7873  7873 D dalvikvm: Good opt header, DEX offset is 64, flags=0x00
12-12 12:16:23.888  7873  7873 D dalvikvm: dalvik-aux-structure mapped at 0x599ff000 with sizes 144 424 416 84
12-12 12:16:23.888  7873  7873 D dalvikvm: Good opt header, DEX offset is 64, flags=0x00
12-12 12:16:23.888  7873  7873 D dalvikvm: dalvik-aux-structure mapped at 0x5a092000 with sizes 8 84 20 52
12-12 12:16:23.888  7873  7873 D dalvikvm: Good opt header, DEX offset is 64, flags=0x00
12-12 12:16:23.888  7873  7873 D dalvikvm: dalvik-aux-structure mapped at 0x5a093000 with sizes 2300 1284 1900 732
12-12 12:16:23.888  7873  7873 D dalvikvm: Good opt header, DEX offset is 64, flags=0x00
12-12 12:16:23.888  7873  7873 D dalvikvm: dalvik-aux-structure mapped at 0x5a096000 with sizes 3104 1556 4388 1468
12-12 12:16:23.888  7873  7873 D dalvikvm: Good opt header, DEX offset is 64, flags=0x00
12-12 12:16:23.888  7873  7873 D dalvikvm: dalvik-aux-structure mapped at 0x5a09a000 with sizes 2512 2028 2656 348
12-12 12:16:23.888  7873  7873 D dalvikvm: Good opt header, DEX offset is 64, flags=0x00
12-12 12:16:23.888  7873  7873 D dalvikvm: dalvik-aux-structure mapped at 0x5a09d000 with sizes 244 632 480 120
12-12 12:16:23.888  7873  7873 D dalvikvm: Good opt header, DEX offset is 64, flags=0x00
12-12 12:16:23.888  7873  7873 D dalvikvm: dalvik-aux-structure mapped at 0x5a0a0000 with sizes 44 16 4 16
12-12 12:16:23.898  7873  7873 D dalvikvm: Good opt header, DEX offset is 64, flags=0x00
12-12 12:16:23.898  7873  7873 D dalvikvm: dalvik-aux-structure mapped at 0x5a3f1000 with sizes 17456 5180 15016 5508
12-12 12:16:23.898  7873  7873 D dalvikvm: Good opt header, DEX offset is 64, flags=0x00
12-12 12:16:23.898  7873  7873 D dalvikvm: dalvik-aux-structure mapped at 0x5a188000 with sizes 17648 1196 1848 1084
12-12 12:16:23.898  7873  7873 D dalvikvm: Good opt header, DEX offset is 64, flags=0x00
12-12 12:16:23.898  7873  7873 D dalvikvm: dalvik-aux-structure mapped at 0x5a621000 with sizes 5448 6248 17376 5152
12-12 12:16:23.898  7873  7873 D dalvikvm: Good opt header, DEX offset is 64, flags=0x00
