12-12 12:15:03.967  6593  6593 D dalvikvm: dalvik-aux-structure mapped at 0x599fa000 with sizes 1312 504 800 184
12-12 12:15:03.967  6593  6593 D dalvikvm: Good opt header, DEX offset is 64, flags=0x00
12-12 12:15:03.967  6593  6593 D dalvikvm: dalvik-aux-structure mapped at 0x599fb000 with sizes 1704 1896 3404 216
12-12 12:15:03.967  6593  6593 D dalvikvm: Good opt header, DEX offset is 64, flags=0x00
12-12 12:15:03.967  6593  6593 D dalvikvm: dalvik-aux-structure mapped at 0x59e3f000 with sizes 41708 10740 31748 2024
12-12 12:15:03.967  6593  6593 D dalvikvm: Good opt header, DEX offset is 64, flags=0x00
12-12 12:15:03.967  6593  6593 D dalvikvm: dalvik-aux-structure mapped at 0x59a00000 with sizes 13340 3572 6468 560
12-12 12:15:03.967  6593  6593 D dalvikvm: Good opt header, DEX offset is 64, flags=0x00
12-12 12:15:03.967  6593  6593 D dalvikvm: dalvik-aux-structure mapped at 0x5a084000 with sizes 3752 5072 11996 2620
12-12 12:15:03.967  6593  6593 D dalvikvm: Good opt header, DEX offset is 64, flags=0x00
12-12 12:15:03.967  6593  6593 D dalvikvm: dalvik-aux-structure mapped at 0x59a08000 with sizes 864 112 12 8
12-12 12:15:03.967  6593  6593 D dalvikvm: Good opt header, DEX offset is 64, flags=0x00
12-12 12:15:03.967  6593  6593 D dalvikvm: dalvik-aux-structure mapped at 0x59a0a000 with sizes 144 424 416 84
12-12 12:15:03.967  6593  6593 D dalvikvm: Good opt header, DEX offset is 64, flags=0x00
12-12 12:15:03.967  6593  6593 D dalvikvm: dalvik-aux-structure mapped at 0x5a09d000 with sizes 8 84 20 52
12-12 12:15:03.967  6593  6593 D dalvikvm: Good opt header, DEX offset is 64, flags=0x00
12-12 12:15:03.967  6593  6593 D dalvikvm: dalvik-aux-structure mapped at 0x5a09e000 with sizes 2300 1284 1900 732
12-12 12:15:03.967  6593  6593 D dalvikvm: Good opt header, DEX offset is 64, flags=0x00
12-12 12:15:03.967  6593  6593 D dalvikvm: dalvik-aux-structure mapped at 0x5a0a1000 with sizes 3104 1556 4388 1468
12-12 12:15:03.967  6593  6593 D dalvikvm: Good opt header, DEX offset is 64, flags=0x00
12-12 12:15:03.967  6593  6593 D dalvikvm: dalvik-aux-structure mapped at 0x5a0a5000 with sizes 2512 2028 2656 348
12-12 12:15:03.967  6593  6593 D dalvikvm: Good opt header, DEX offset is 64, flags=0x00
12-12 12:15:03.967  6593  6593 D dalvikvm: dalvik-aux-structure mapped at 0x5a0a8000 with sizes 244 632 480 120
12-12 12:15:03.967  6593  6593 D dalvikvm: Good opt header, DEX offset is 64, flags=0x00
12-12 12:15:03.967  6593  6593 D dalvikvm: dalvik-aux-structure mapped at 0x5a0ab000 with sizes 44 16 4 16
12-12 12:15:03.967  6593  6593 D dalvikvm: Good opt header, DEX offset is 64, flags=0x00
12-12 12:15:03.967  6593  6593 D dalvikvm: dalvik-aux-structure mapped at 0x5a3fc000 with sizes 17456 5180 15016 5508
12-12 12:15:03.967  6593  6593 D dalvikvm: Good opt header, DEX offset is 64, flags=0x00
12-12 12:15:03.967  6593  6593 D dalvikvm: dalvik-aux-structure mapped at 0x5a193000 with sizes 17648 1196 1848 1084
12-12 12:15:03.967  6593  6593 D dalvikvm: Good opt header, DEX offset is 64, flags=0x00
12-12 12:15:03.967  6593  6593 D dalvikvm: dalvik-aux-structure mapped at 0x5a62c000 with sizes 5448 6248 17376 5152
12-12 12:15:03.967  6593  6593 D dalvikvm: Good opt header, DEX offset is 64, flags=0x00
12-12 12:15:03.967  6593  6593 D dalvikvm: dalvik-aux-structure mapped at 0x5a199000 with sizes 92 272 204 12
12-12 12:15:03.967  6593  6593 D dalvikvm: Good opt header, DEX offset is 64, flags=0x00
12-12 12:15:03.967  6593  6593 D dalvikvm: dalvik-aux-structure mapped at 0x5a63d000 with sizes 368 52 8 52
12-12 12:15:03.967  6593  6593 D dalvikvm: Good opt header, DEX offset is 64, flags=0x00
12-12 12:15:03.967  6593  6593 D dalvikvm: dalvik-aux-structure mapped at 0x5a65a000 with sizes 848 488 512 692
12-12 12:15:03.967  6593  6593 D dalvikvm: Good opt header, DEX offset is 64, flags=0x00
12-12 12:15:03.967  6593  6593 D dalvikvm: dalvik-aux-structure mapped at 0x5a65d000 with sizes 20 36 20 8
12-12 12:15:03.967  6593  6593 D dalvikvm: Good opt header, DEX offset is 64, flags=0x00
12-12 12:15:03.967  6593  6593 D dalvikvm: dalvik-aux-structure mapped at 0x5a666000 with sizes 360 232 320 68
12-12 12:15:03.967  6593  6593 D dalvikvm: Good opt header, DEX offset is 64, flags=0x00
12-12 12:15:03.967  6593  6593 D dalvikvm: dalvik-aux-structure mapped at 0x5a676000 with sizes 864 272 320 208
12-12 12:15:03.977  6593  6593 D dalvikvm: Trying to load lib libjavacore.so 0x0
12-12 12:15:03.977  6593  6593 D dalvikvm: Added shared lib libjavacore.so 0x0
12-12 12:15:03.977  6593  6593 D dalvikvm: Trying to load lib libnativehelper.so 0x0
12-12 12:15:03.977  6593  6593 D dalvikvm: Added shared lib libnativehelper.so 0x0
12-12 12:15:03.977  6593  6593 D dalvikvm: No JNI_OnLoad found in libnativehelper.so 0x0, skipping init
12-12 12:15:03.987  6593  6593 D dalvikvm: Good opt header, DEX offset is 64, flags=0x00
12-12 12:15:03.987  6593  6593 D dalvikvm: dalvik-aux-structure mapped at 0x5b8db000 with sizes 936 360 416 20
12-12 12:15:04.027  6593  6593 D dalvikvm: Note: class Landroid/app/ActivityManagerNative; has 179 unimplemented (abstract) methods
12-12 12:15:04.157  6593  6593 D AndroidRuntime: Calling main entry com.android.commands.pm.Pm
12-12 12:15:04.157   265   265 E installd: Couldn't opendir data/securedStorageLocation/com.android.systemui: No such file or directory
12-12 12:15:04.157   265   265 I installd: no data under secured storage for com.android.systemui
12-12 12:15:04.157   926  1236 I ActivityManager: Force stopping com.android.systemui appid=32039 user=0: clear data
12-12 12:15:04.167   337   337 D keystore: calling clear_uid in state: 3
12-12 12:15:04.167   926   959 W Settings: Setting default_input_method has moved from android.provider.Settings.Secure to android.provider.Settings.Global.
12-12 12:15:04.167   926   967 W SharedAssetStorage: Launching com.android.defcontainer (32009) with AMZ_APP_GID
12-12 12:15:04.177   926   967 I ActivityManager: Start proc com.android.defcontainer for service com.android.defcontainer/.DefaultContainerService: pid=6610 uid=32009 gids={72009, 1028, 1015, 1023, 2001, 1035, 9001}
12-12 12:15:04.187   926  1127 W SharedAssetStorage: Launching com.amazon.dcp (32016) with AMZ_APP_GID
12-12 12:15:04.187  6622  6622 I dalvikvm: Marking process com.amazon.dcp skinny
12-12 12:15:04.197   926  1127 I ActivityManager: Start proc com.amazon.dcp for broadcast com.amazon.dcp/.framework.ServicePersistenceHelper: pid=6622 uid=32016 gids={72016, 2001, 3003, 1028, 1015, 3002, 9001}
12-12 12:15:04.237  6593  6593 D AndroidRuntime: Shutting down VM
12-12 12:15:04.237   926  1741 I ActivityManager: Killing 4993:com.goodreads.kindle/u0a22105 (adj 12): empty for 2642s
12-12 12:15:04.677   926  1741 W SharedAssetStorage: Launching com.android.documentsui (32110) with AMZ_APP_GID
12-12 12:15:04.697   926  1741 I ActivityManager: Start proc com.android.documentsui for broadcast com.android.documentsui/.PackageReceiver: pid=6650 uid=32110 gids={72110, 9001}
12-12 12:15:04.697   926  1741 I ActivityManager: Killing 5134:com.amazon.device.messaging/u0a22013 (adj 12): empty for 2636s
12-12 12:15:04.767   926  1127 I ActivityManager: Killing 3701:com.amazon.identity.auth.device.authorization/u0a22032 (adj 12): empty for 2636s
12-12 12:15:04.777   926  1747 W SharedAssetStorage: Launching com.android.externalstorage (32020) with AMZ_APP_GID
12-12 12:15:04.797   926  1747 I ActivityManager: Start proc com.android.externalstorage for content provider com.android.externalstorage/.ExternalStorageProvider: pid=6668 uid=32020 gids={72020, 1028, 1015, 1023, 9001}
12-12 12:15:04.797   926  1747 I ActivityManager: CPR:ContentProviderRecord{4226e948 u0 com.android.externalstorage/.ExternalStorageProvider}, wait begins for proc6650 nCountWaiting=1
12-12 12:15:04.797   926  1747 I ActivityManager: CPR: ContentProviderRecord{4226e948 u0 com.android.externalstorage/.ExternalStorageProvider} long wait begins for proc6650
12-12 12:15:04.797   926  1344 I ActivityManager: Killing 3026:com.amazon.venezia/u0a22092 (adj 12): empty for 2634s
12-12 12:15:04.847   926  1747 I ActivityManager: CPR: ContentProviderRecord{4226e948 u0 com.android.externalstorage/.ExternalStorageProvider} continue to wait after long wait
12-12 12:15:04.907  6665  6665 D AndroidRuntime: 
12-12 12:15:04.907  6665  6665 D AndroidRuntime: >>>>>> AndroidRuntime START com.android.internal.os.RuntimeInit <<<<<<
12-12 12:15:04.907  6665  6665 D AndroidRuntime: CheckJNI is OFF
12-12 12:15:04.907  6665  6665 D dalvikvm: Good opt header, DEX offset is 64, flags=0x00
12-12 12:15:04.907  6665  6665 D dalvikvm: dalvik-aux-structure mapped at 0x5895c000 with sizes 17456 9068 22916 7820
12-12 12:15:04.907  6665  6665 D dalvikvm: Good opt header, DEX offset is 64, flags=0x00
12-12 12:15:04.907  6665  6665 D dalvikvm: dalvik-aux-structure mapped at 0x5896a000 with sizes 3488 1968 3700 1000
12-12 12:15:04.907  6665  6665 D dalvikvm: Good opt header, DEX offset is 64, flags=0x00
12-12 12:15:04.907  6665  6665 D dalvikvm: dalvik-aux-structure mapped at 0x5896e000 with sizes 1212 1216 2416 256
12-12 12:15:04.907  6665  6665 D dalvikvm: Good opt header, DEX offset is 64, flags=0x00
12-12 12:15:04.907  6665  6665 D dalvikvm: dalvik-aux-structure mapped at 0x58975000 with sizes 132 296 392 8
12-12 12:15:04.917  6665  6665 D dalvikvm: Good opt header, DEX offset is 64, flags=0x00
12-12 12:15:04.917  6665  6665 D dalvikvm: dalvik-aux-structure mapped at 0x58b34000 with sizes 8748 4364 7932 3996
12-12 12:15:04.917  6665  6665 D dalvikvm: Good opt header, DEX offset is 64, flags=0x00
12-12 12:15:04.917  6665  6665 D dalvikvm: dalvik-aux-structure mapped at 0x58b3b000 with sizes 22496 5184 8544 1804
12-12 12:15:04.917  6665  6665 D dalvikvm: Good opt header, DEX offset is 64, flags=0x00
12-12 12:15:04.917  6665  6665 D dalvikvm: dalvik-aux-structure mapped at 0x596b0000 with sizes 56984 26392 103956 34404
12-12 12:15:04.917  6665  6665 D dalvikvm: Good opt header, DEX offset is 64, flags=0x00
12-12 12:15:04.917  6665  6665 D dalvikvm: dalvik-aux-structure mapped at 0x598cb000 with sizes 9456 6512 11508 3328
12-12 12:15:04.917  6665  6665 D dalvikvm: Good opt header, DEX offset is 64, flags=0x00
12-12 12:15:04.917  6665  6665 D dalvikvm: dalvik-aux-structure mapped at 0x59a3f000 with sizes 20776 3532 10520 3092
12-12 12:15:04.917  6665  6665 D dalvikvm: Good opt header, DEX offset is 64, flags=0x00
12-12 12:15:04.917  6665  6665 D dalvikvm: dalvik-aux-structure mapped at 0x58b4a000 with sizes 1660 956 2388 56
12-12 12:15:04.917  6665  6665 D dalvikvm: Good opt header, DEX offset is 64, flags=0x00
12-12 12:15:04.917  6665  6665 D dalvikvm: dalvik-aux-structure mapped at 0x59aa7000 with sizes 1312 504 800 184
12-12 12:15:04.917  6665  6665 D dalvikvm: Good opt header, DEX offset is 64, flags=0x00
12-12 12:15:04.917  6665  6665 D dalvikvm: dalvik-aux-structure mapped at 0x59aa8000 with sizes 1704 1896 3404 216
12-12 12:15:04.917  6665  6665 D dalvikvm: Good opt header, DEX offset is 64, flags=0x00
12-12 12:15:04.917  6665  6665 D dalvikvm: dalvik-aux-structure mapped at 0x59eec000 with sizes 41708 10740 31748 2024
12-12 12:15:04.917  6665  6665 D dalvikvm: Good opt header, DEX offset is 64, flags=0x00
12-12 12:15:04.917  6665  6665 D dalvikvm: dalvik-aux-structure mapped at 0x59aad000 with sizes 13340 3572 6468 560
12-12 12:15:04.917  6665  6665 D dalvikvm: Good opt header, DEX offset is 64, flags=0x00
12-12 12:15:04.917  6665  6665 D dalvikvm: dalvik-aux-structure mapped at 0x5a131000 with sizes 3752 5072 11996 2620
12-12 12:15:04.917  6665  6665 D dalvikvm: Good opt header, DEX offset is 64, flags=0x00
12-12 12:15:04.917  6665  6665 D dalvikvm: dalvik-aux-structure mapped at 0x59ab5000 with sizes 864 112 12 8
12-12 12:15:04.917  6665  6665 D dalvikvm: Good opt header, DEX offset is 64, flags=0x00
12-12 12:15:04.917  6665  6665 D dalvikvm: dalvik-aux-structure mapped at 0x59ab7000 with sizes 144 424 416 84
12-12 12:15:04.917  6665  6665 D dalvikvm: Good opt header, DEX offset is 64, flags=0x00
12-12 12:15:04.917  6665  6665 D dalvikvm: dalvik-aux-structure mapped at 0x5a14a000 with sizes 8 84 20 52
12-12 12:15:04.917  6665  6665 D dalvikvm: Good opt header, DEX offset is 64, flags=0x00
12-12 12:15:04.917  6665  6665 D dalvikvm: dalvik-aux-structure mapped at 0x5a14b000 with sizes 2300 1284 1900 732
12-12 12:15:04.917  6665  6665 D dalvikvm: Good opt header, DEX offset is 64, flags=0x00
12-12 12:15:04.917  6665  6665 D dalvikvm: dalvik-aux-structure mapped at 0x5a14e000 with sizes 3104 1556 4388 1468
12-12 12:15:04.917  6665  6665 D dalvikvm: Good opt header, DEX offset is 64, flags=0x00
12-12 12:15:04.917  6665  6665 D dalvikvm: dalvik-aux-structure mapped at 0x5a152000 with sizes 2512 2028 2656 348
12-12 12:15:04.917  6665  6665 D dalvikvm: Good opt header, DEX offset is 64, flags=0x00
12-12 12:15:04.917  6665  6665 D dalvikvm: dalvik-aux-structure mapped at 0x5a155000 with sizes 244 632 480 120
12-12 12:15:04.917  6665  6665 D dalvikvm: Good opt header, DEX offset is 64, flags=0x00
12-12 12:15:04.917  6665  6665 D dalvikvm: dalvik-aux-structure mapped at 0x5a158000 with sizes 44 16 4 16
12-12 12:15:04.927  6665  6665 D dalvikvm: Good opt header, DEX offset is 64, flags=0x00
12-12 12:15:04.927  6665  6665 D dalvikvm: dalvik-aux-structure mapped at 0x5a4a9000 with sizes 17456 5180 15016 5508
12-12 12:15:04.927  6665  6665 D dalvikvm: Good opt header, DEX offset is 64, flags=0x00
12-12 12:15:04.927  6665  6665 D dalvikvm: dalvik-aux-structure mapped at 0x5a240000 with sizes 17648 1196 1848 1084
12-12 12:15:04.927  6665  6665 D dalvikvm: Good opt header, DEX offset is 64, flags=0x00
12-12 12:15:04.927  6665  6665 D dalvikvm: dalvik-aux-structure mapped at 0x5a6d9000 with sizes 5448 6248 17376 5152
12-12 12:15:04.927  6665  6665 D dalvikvm: Good opt header, DEX offset is 64, flags=0x00
12-12 12:15:04.927  6665  6665 D dalvikvm: dalvik-aux-structure mapped at 0x5a246000 with sizes 92 272 204 12
12-12 12:15:04.927  6665  6665 D dalvikvm: Good opt header, DEX offset is 64, flags=0x00
12-12 12:15:04.927  6665  6665 D dalvikvm: dalvik-aux-structure mapped at 0x5a6ea000 with sizes 368 52 8 52
12-12 12:15:04.927  6665  6665 D dalvikvm: Good opt header, DEX offset is 64, flags=0x00
12-12 12:15:04.927  6665  6665 D dalvikvm: dalvik-aux-structure mapped at 0x5a707000 with sizes 848 488 512 692
12-12 12:15:04.927  6665  6665 D dalvikvm: Good opt header, DEX offset is 64, flags=0x00
12-12 12:15:04.927  6665  6665 D dalvikvm: dalvik-aux-structure mapped at 0x5a70a000 with sizes 20 36 20 8
12-12 12:15:04.927  6665  6665 D dalvikvm: Good opt header, DEX offset is 64, flags=0x00
12-12 12:15:04.927  6665  6665 D dalvikvm: dalvik-aux-structure mapped at 0x5a713000 with sizes 360 232 320 68
12-12 12:15:04.927  6665  6665 D dalvikvm: Good opt header, DEX offset is 64, flags=0x00
12-12 12:15:04.927  6665  6665 D dalvikvm: dalvik-aux-structure mapped at 0x5a723000 with sizes 864 272 320 208
12-12 12:15:04.927  6665  6665 D dalvikvm: Trying to load lib libjavacore.so 0x0
12-12 12:15:04.927  6665  6665 D dalvikvm: Added shared lib libjavacore.so 0x0
12-12 12:15:04.937  6665  6665 D dalvikvm: Trying to load lib libnativehelper.so 0x0
12-12 12:15:04.937  6665  6665 D dalvikvm: Added shared lib libnativehelper.so 0x0
12-12 12:15:04.937  6665  6665 D dalvikvm: No JNI_OnLoad found in libnativehelper.so 0x0, skipping init
12-12 12:15:04.947  6665  6665 D dalvikvm: Good opt header, DEX offset is 64, flags=0x00
12-12 12:15:04.947  6665  6665 D dalvikvm: dalvik-aux-structure mapped at 0x5b988000 with sizes 936 360 416 20
12-12 12:15:04.967  6665  6665 D dalvikvm: Note: class Landroid/app/ActivityManagerNative; has 179 unimplemented (abstract) methods
12-12 12:15:05.137  6665  6665 D AndroidRuntime: Calling main entry com.android.commands.pm.Pm
12-12 12:15:05.137   265   265 E installd: Couldn't opendir data/securedStorageLocation/com.android.phone: No such file or directory
12-12 12:15:05.137   265   265 I installd: no data under secured storage for com.android.phone
12-12 12:15:05.137   337   337 D keystore: calling clear_uid in state: 3
12-12 12:15:05.137   926  1096 I ActivityManager: Force stopping com.android.phone appid=1001 user=0: clear data
12-12 12:15:05.147   926   959 W Settings: Setting default_input_method has moved from android.provider.Settings.Secure to android.provider.Settings.Global.
12-12 12:15:05.157  6665  6665 D AndroidRuntime: Shutting down VM
12-12 12:15:05.867  6696  6696 D AndroidRuntime: 
12-12 12:15:05.867  6696  6696 D AndroidRuntime: >>>>>> AndroidRuntime START com.android.internal.os.RuntimeInit <<<<<<
12-12 12:15:05.867  6696  6696 D AndroidRuntime: CheckJNI is OFF
12-12 12:15:05.867  6696  6696 D dalvikvm: Good opt header, DEX offset is 64, flags=0x00
12-12 12:15:05.867  6696  6696 D dalvikvm: dalvik-aux-structure mapped at 0x588ca000 with sizes 17456 9068 22916 7820
12-12 12:15:05.867  6696  6696 D dalvikvm: Good opt header, DEX offset is 64, flags=0x00
12-12 12:15:05.867  6696  6696 D dalvikvm: dalvik-aux-structure mapped at 0x588d8000 with sizes 3488 1968 3700 1000
12-12 12:15:05.867  6696  6696 D dalvikvm: Good opt header, DEX offset is 64, flags=0x00
12-12 12:15:05.867  6696  6696 D dalvikvm: dalvik-aux-structure mapped at 0x588dc000 with sizes 1212 1216 2416 256
12-12 12:15:05.867  6696  6696 D dalvikvm: Good opt header, DEX offset is 64, flags=0x00
12-12 12:15:05.867  6696  6696 D dalvikvm: dalvik-aux-structure mapped at 0x588e3000 with sizes 132 296 392 8
12-12 12:15:05.867  6696  6696 D dalvikvm: Good opt header, DEX offset is 64, flags=0x00
12-12 12:15:05.867  6696  6696 D dalvikvm: dalvik-aux-structure mapped at 0x58aa2000 with sizes 8748 4364 7932 3996
12-12 12:15:05.867  6696  6696 D dalvikvm: Good opt header, DEX offset is 64, flags=0x00
12-12 12:15:05.867  6696  6696 D dalvikvm: dalvik-aux-structure mapped at 0x58aa9000 with sizes 22496 5184 8544 1804
12-12 12:15:05.867  6696  6696 D dalvikvm: Good opt header, DEX offset is 64, flags=0x00
12-12 12:15:05.877  6696  6696 D dalvikvm: dalvik-aux-structure mapped at 0x5961e000 with sizes 56984 26392 103956 34404
12-12 12:15:05.877  6696  6696 D dalvikvm: Good opt header, DEX offset is 64, flags=0x00
12-12 12:15:05.877  6696  6696 D dalvikvm: dalvik-aux-structure mapped at 0x59839000 with sizes 9456 6512 11508 3328
12-12 12:15:05.877  6696  6696 D dalvikvm: Good opt header, DEX offset is 64, flags=0x00
12-12 12:15:05.877  6696  6696 D dalvikvm: dalvik-aux-structure mapped at 0x599ad000 with sizes 20776 3532 10520 3092
12-12 12:15:05.877  6696  6696 D dalvikvm: Good opt header, DEX offset is 64, flags=0x00
12-12 12:15:05.877  6696  6696 D dalvikvm: dalvik-aux-structure mapped at 0x58ab8000 with sizes 1660 956 2388 56
12-12 12:15:05.877  6696  6696 D dalvikvm: Good opt header, DEX offset is 64, flags=0x00
12-12 12:15:05.877  6696  6696 D dalvikvm: dalvik-aux-structure mapped at 0x59a15000 with sizes 1312 504 800 184
12-12 12:15:05.877  6696  6696 D dalvikvm: Good opt header, DEX offset is 64, flags=0x00
12-12 12:15:05.877  6696  6696 D dalvikvm: dalvik-aux-structure mapped at 0x59a16000 with sizes 1704 1896 3404 216
12-12 12:15:05.877  6696  6696 D dalvikvm: Good opt header, DEX offset is 64, flags=0x00
12-12 12:15:05.877  6696  6696 D dalvikvm: dalvik-aux-structure mapped at 0x59e5a000 with sizes 41708 10740 31748 2024
12-12 12:15:05.877  6696  6696 D dalvikvm: Good opt header, DEX offset is 64, flags=0x00
12-12 12:15:05.877  6696  6696 D dalvikvm: dalvik-aux-structure mapped at 0x59a1b000 with sizes 13340 3572 6468 560
12-12 12:15:05.877  6696  6696 D dalvikvm: Good opt header, DEX offset is 64, flags=0x00
12-12 12:15:05.877  6696  6696 D dalvikvm: dalvik-aux-structure mapped at 0x5a09f000 with sizes 3752 5072 11996 2620
12-12 12:15:05.877  6696  6696 D dalvikvm: Good opt header, DEX offset is 64, flags=0x00
12-12 12:15:05.877  6696  6696 D dalvikvm: dalvik-aux-structure mapped at 0x59a23000 with sizes 864 112 12 8
12-12 12:15:05.877  6696  6696 D dalvikvm: Good opt header, DEX offset is 64, flags=0x00
12-12 12:15:05.877  6696  6696 D dalvikvm: dalvik-aux-structure mapped at 0x59a25000 with sizes 144 424 416 84
12-12 12:15:05.877  6696  6696 D dalvikvm: Good opt header, DEX offset is 64, flags=0x00
12-12 12:15:05.877  6696  6696 D dalvikvm: dalvik-aux-structure mapped at 0x5a0b8000 with sizes 8 84 20 52
12-12 12:15:05.877  6696  6696 D dalvikvm: Good opt header, DEX offset is 64, flags=0x00
12-12 12:15:05.877  6696  6696 D dalvikvm: dalvik-aux-structure mapped at 0x5a0b9000 with sizes 2300 1284 1900 732
12-12 12:15:05.877  6696  6696 D dalvikvm: Good opt header, DEX offset is 64, flags=0x00
12-12 12:15:05.877  6696  6696 D dalvikvm: dalvik-aux-structure mapped at 0x5a0bc000 with sizes 3104 1556 4388 1468
12-12 12:15:05.877  6696  6696 D dalvikvm: Good opt header, DEX offset is 64, flags=0x00
12-12 12:15:05.877  6696  6696 D dalvikvm: dalvik-aux-structure mapped at 0x5a0c0000 with sizes 2512 2028 2656 348
12-12 12:15:05.877  6696  6696 D dalvikvm: Good opt header, DEX offset is 64, flags=0x00
12-12 12:15:05.877  6696  6696 D dalvikvm: dalvik-aux-structure mapped at 0x5a0c3000 with sizes 244 632 480 120
12-12 12:15:05.877  6696  6696 D dalvikvm: Good opt header, DEX offset is 64, flags=0x00
12-12 12:15:05.877  6696  6696 D dalvikvm: dalvik-aux-structure mapped at 0x5a0c6000 with sizes 44 16 4 16
12-12 12:15:05.887  6696  6696 D dalvikvm: Good opt header, DEX offset is 64, flags=0x00
12-12 12:15:05.887  6696  6696 D dalvikvm: dalvik-aux-structure mapped at 0x5a417000 with sizes 17456 5180 15016 5508
12-12 12:15:05.887  6696  6696 D dalvikvm: Good opt header, DEX offset is 64, flags=0x00
12-12 12:15:05.887  6696  6696 D dalvikvm: dalvik-aux-structure mapped at 0x5a1ae000 with sizes 17648 1196 1848 1084
12-12 12:15:05.887  6696  6696 D dalvikvm: Good opt header, DEX offset is 64, flags=0x00
12-12 12:15:05.887  6696  6696 D dalvikvm: dalvik-aux-structure mapped at 0x5a647000 with sizes 5448 6248 17376 5152
12-12 12:15:05.887  6696  6696 D dalvikvm: Good opt header, DEX offset is 64, flags=0x00
12-12 12:15:05.887  6696  6696 D dalvikvm: dalvik-aux-structure mapped at 0x5a1b4000 with sizes 92 272 204 12
12-12 12:15:05.887  6696  6696 D dalvikvm: Good opt header, DEX offset is 64, flags=0x00
12-12 12:15:05.887  6696  6696 D dalvikvm: dalvik-aux-structure mapped at 0x5a658000 with sizes 368 52 8 52
12-12 12:15:05.887  6696  6696 D dalvikvm: Good opt header, DEX offset is 64, flags=0x00
12-12 12:15:05.887  6696  6696 D dalvikvm: dalvik-aux-structure mapped at 0x5a675000 with sizes 848 488 512 692
12-12 12:15:05.887  6696  6696 D dalvikvm: Good opt header, DEX offset is 64, flags=0x00
12-12 12:15:05.887  6696  6696 D dalvikvm: dalvik-aux-structure mapped at 0x5a678000 with sizes 20 36 20 8
12-12 12:15:05.887  6696  6696 D dalvikvm: Good opt header, DEX offset is 64, flags=0x00
12-12 12:15:05.887  6696  6696 D dalvikvm: dalvik-aux-structure mapped at 0x5a681000 with sizes 360 232 320 68
12-12 12:15:05.887  6696  6696 D dalvikvm: Good opt header, DEX offset is 64, flags=0x00
12-12 12:15:05.887  6696  6696 D dalvikvm: dalvik-aux-structure mapped at 0x5a691000 with sizes 864 272 320 208
12-12 12:15:05.887  6696  6696 D dalvikvm: Trying to load lib libjavacore.so 0x0
12-12 12:15:05.897  6696  6696 D dalvikvm: Added shared lib libjavacore.so 0x0
12-12 12:15:05.897  6696  6696 D dalvikvm: Trying to load lib libnativehelper.so 0x0
12-12 12:15:05.897  6696  6696 D dalvikvm: Added shared lib libnativehelper.so 0x0
12-12 12:15:05.897  6696  6696 D dalvikvm: No JNI_OnLoad found in libnativehelper.so 0x0, skipping init
12-12 12:15:05.907  6696  6696 D dalvikvm: Good opt header, DEX offset is 64, flags=0x00
12-12 12:15:05.907  6696  6696 D dalvikvm: dalvik-aux-structure mapped at 0x5b8f6000 with sizes 936 360 416 20
12-12 12:15:05.947  6696  6696 D dalvikvm: Note: class Landroid/app/ActivityManagerNative; has 179 unimplemented (abstract) methods
12-12 12:15:06.067  6696  6696 D AndroidRuntime: Calling main entry com.android.commands.pm.Pm
12-12 12:15:06.077  6696  6696 D AndroidRuntime: Shutting down VM
12-12 12:15:06.077   926  1747 W ActivityManager: Invalid packageName: com.google.android.apps.maps
12-12 12:15:06.807  6716  6716 D AndroidRuntime: 
12-12 12:15:06.807  6716  6716 D AndroidRuntime: >>>>>> AndroidRuntime START com.android.internal.os.RuntimeInit <<<<<<
12-12 12:15:06.807  6716  6716 D AndroidRuntime: CheckJNI is OFF
12-12 12:15:06.807  6716  6716 D dalvikvm: Good opt header, DEX offset is 64, flags=0x00
12-12 12:15:06.807  6716  6716 D dalvikvm: dalvik-aux-structure mapped at 0x41eb0000 with sizes 17456 9068 22916 7820
12-12 12:15:06.807  6716  6716 D dalvikvm: Good opt header, DEX offset is 64, flags=0x00
12-12 12:15:06.807  6716  6716 D dalvikvm: dalvik-aux-structure mapped at 0x41ebe000 with sizes 3488 1968 3700 1000
12-12 12:15:06.807  6716  6716 D dalvikvm: Good opt header, DEX offset is 64, flags=0x00
12-12 12:15:06.807  6716  6716 D dalvikvm: dalvik-aux-structure mapped at 0x41ec2000 with sizes 1212 1216 2416 256
12-12 12:15:06.807  6716  6716 D dalvikvm: Good opt header, DEX offset is 64, flags=0x00
12-12 12:15:06.807  6716  6716 D dalvikvm: dalvik-aux-structure mapped at 0x41ec9000 with sizes 132 296 392 8
12-12 12:15:06.807  6716  6716 D dalvikvm: Good opt header, DEX offset is 64, flags=0x00
12-12 12:15:06.807  6716  6716 D dalvikvm: dalvik-aux-structure mapped at 0x41f6e000 with sizes 8748 4364 7932 3996
12-12 12:15:06.807  6716  6716 D dalvikvm: Good opt header, DEX offset is 64, flags=0x00
12-12 12:15:06.807  6716  6716 D dalvikvm: dalvik-aux-structure mapped at 0x41f75000 with sizes 22496 5184 8544 1804
12-12 12:15:06.807  6716  6716 D dalvikvm: Good opt header, DEX offset is 64, flags=0x00
12-12 12:15:06.807  6716  6716 D dalvikvm: dalvik-aux-structure mapped at 0x41f99000 with sizes 56984 26392 103956 34404
12-12 12:15:06.807  6716  6716 D dalvikvm: Good opt header, DEX offset is 64, flags=0x00
12-12 12:15:06.807  6716  6716 D dalvikvm: dalvik-aux-structure mapped at 0x41fd0000 with sizes 9456 6512 11508 3328
12-12 12:15:06.807  6716  6716 D dalvikvm: Good opt header, DEX offset is 64, flags=0x00
12-12 12:15:06.807  6716  6716 D dalvikvm: dalvik-aux-structure mapped at 0x41fd8000 with sizes 20776 3532 10520 3092
12-12 12:15:06.807  6716  6716 D dalvikvm: Good opt header, DEX offset is 64, flags=0x00
12-12 12:15:06.817  6716  6716 D dalvikvm: dalvik-aux-structure mapped at 0x41f84000 with sizes 1660 956 2388 56
12-12 12:15:06.817  6716  6716 D dalvikvm: Good opt header, DEX offset is 64, flags=0x00
12-12 12:15:06.817  6716  6716 D dalvikvm: dalvik-aux-structure mapped at 0x42040000 with sizes 1312 504 800 184
12-12 12:15:06.817  6716  6716 D dalvikvm: Good opt header, DEX offset is 64, flags=0x00
12-12 12:15:06.817  6716  6716 D dalvikvm: dalvik-aux-structure mapped at 0x42041000 with sizes 1704 1896 3404 216
12-12 12:15:06.817  6716  6716 D dalvikvm: Good opt header, DEX offset is 64, flags=0x00
12-12 12:15:06.817  6716  6716 D dalvikvm: dalvik-aux-structure mapped at 0x59edd000 with sizes 41708 10740 31748 2024
12-12 12:15:06.817  6716  6716 D dalvikvm: Good opt header, DEX offset is 64, flags=0x00
12-12 12:15:06.817  6716  6716 D dalvikvm: dalvik-aux-structure mapped at 0x42046000 with sizes 13340 3572 6468 560
12-12 12:15:06.817  6716  6716 D dalvikvm: Good opt header, DEX offset is 64, flags=0x00
12-12 12:15:06.817  6716  6716 D dalvikvm: dalvik-aux-structure mapped at 0x42053000 with sizes 3752 5072 11996 2620
12-12 12:15:06.817  6716  6716 D dalvikvm: Good opt header, DEX offset is 64, flags=0x00
12-12 12:15:06.817  6716  6716 D dalvikvm: dalvik-aux-structure mapped at 0x4204e000 with sizes 864 112 12 8
12-12 12:15:06.817  6716  6716 D dalvikvm: Good opt header, DEX offset is 64, flags=0x00
12-12 12:15:06.817  6716  6716 D dalvikvm: dalvik-aux-structure mapped at 0x42050000 with sizes 144 424 416 84
12-12 12:15:06.817  6716  6716 D dalvikvm: Good opt header, DEX offset is 64, flags=0x00
12-12 12:15:06.817  6716  6716 D dalvikvm: dalvik-aux-structure mapped at 0x5a129000 with sizes 8 84 20 52
12-12 12:15:06.817  6716  6716 D dalvikvm: Good opt header, DEX offset is 64, flags=0x00
12-12 12:15:06.817  6716  6716 D dalvikvm: dalvik-aux-structure mapped at 0x5a12a000 with sizes 2300 1284 1900 732
12-12 12:15:06.817  6716  6716 D dalvikvm: Good opt header, DEX offset is 64, flags=0x00
12-12 12:15:06.817  6716  6716 D dalvikvm: dalvik-aux-structure mapped at 0x5a12d000 with sizes 3104 1556 4388 1468
12-12 12:15:06.817  6716  6716 D dalvikvm: Good opt header, DEX offset is 64, flags=0x00
12-12 12:15:06.817  6716  6716 D dalvikvm: dalvik-aux-structure mapped at 0x5a131000 with sizes 2512 2028 2656 348
12-12 12:15:06.817  6716  6716 D dalvikvm: Good opt header, DEX offset is 64, flags=0x00
12-12 12:15:06.817  6716  6716 D dalvikvm: dalvik-aux-structure mapped at 0x5a134000 with sizes 244 632 480 120
12-12 12:15:06.817  6716  6716 D dalvikvm: Good opt header, DEX offset is 64, flags=0x00
12-12 12:15:06.817  6716  6716 D dalvikvm: dalvik-aux-structure mapped at 0x5a137000 with sizes 44 16 4 16
12-12 12:15:06.817  6716  6716 D dalvikvm: Good opt header, DEX offset is 64, flags=0x00
12-12 12:15:06.817  6716  6716 D dalvikvm: dalvik-aux-structure mapped at 0x5a488000 with sizes 17456 5180 15016 5508
12-12 12:15:06.817  6716  6716 D dalvikvm: Good opt header, DEX offset is 64, flags=0x00
12-12 12:15:06.817  6716  6716 D dalvikvm: dalvik-aux-structure mapped at 0x5a21f000 with sizes 17648 1196 1848 1084
12-12 12:15:06.817  6716  6716 D dalvikvm: Good opt header, DEX offset is 64, flags=0x00
12-12 12:15:06.817  6716  6716 D dalvikvm: dalvik-aux-structure mapped at 0x5a6b8000 with sizes 5448 6248 17376 5152
12-12 12:15:06.817  6716  6716 D dalvikvm: Good opt header, DEX offset is 64, flags=0x00
12-12 12:15:06.817  6716  6716 D dalvikvm: dalvik-aux-structure mapped at 0x5a225000 with sizes 92 272 204 12
12-12 12:15:06.817  6716  6716 D dalvikvm: Good opt header, DEX offset is 64, flags=0x00
12-12 12:15:06.817  6716  6716 D dalvikvm: dalvik-aux-structure mapped at 0x5a6c9000 with sizes 368 52 8 52
12-12 12:15:06.817  6716  6716 D dalvikvm: Good opt header, DEX offset is 64, flags=0x00
12-12 12:15:06.817  6716  6716 D dalvikvm: dalvik-aux-structure mapped at 0x5a6e6000 with sizes 848 488 512 692
12-12 12:15:06.817  6716  6716 D dalvikvm: Good opt header, DEX offset is 64, flags=0x00
12-12 12:15:06.817  6716  6716 D dalvikvm: dalvik-aux-structure mapped at 0x5a6e9000 with sizes 20 36 20 8
12-12 12:15:06.817  6716  6716 D dalvikvm: Good opt header, DEX offset is 64, flags=0x00
12-12 12:15:06.817  6716  6716 D dalvikvm: dalvik-aux-structure mapped at 0x5a6f2000 with sizes 360 232 320 68
12-12 12:15:06.817  6716  6716 D dalvikvm: Good opt header, DEX offset is 64, flags=0x00
12-12 12:15:06.817  6716  6716 D dalvikvm: dalvik-aux-structure mapped at 0x5a702000 with sizes 864 272 320 208
12-12 12:15:06.827  6716  6716 D dalvikvm: Trying to load lib libjavacore.so 0x0
12-12 12:15:06.827  6716  6716 D dalvikvm: Added shared lib libjavacore.so 0x0
12-12 12:15:06.827  6716  6716 D dalvikvm: Trying to load lib libnativehelper.so 0x0
12-12 12:15:06.827  6716  6716 D dalvikvm: Added shared lib libnativehelper.so 0x0
12-12 12:15:06.827  6716  6716 D dalvikvm: No JNI_OnLoad found in libnativehelper.so 0x0, skipping init
12-12 12:15:06.837  6716  6716 D dalvikvm: Good opt header, DEX offset is 64, flags=0x00
12-12 12:15:06.837  6716  6716 D dalvikvm: dalvik-aux-structure mapped at 0x5b967000 with sizes 936 360 416 20
12-12 12:15:06.867  6716  6716 D dalvikvm: Note: class Landroid/app/ActivityManagerNative; has 179 unimplemented (abstract) methods
12-12 12:15:06.987  6716  6716 D AndroidRuntime: Calling main entry com.android.commands.pm.Pm
12-12 12:15:06.987   926   959 W Settings: Setting default_input_method has moved from android.provider.Settings.Secure to android.provider.Settings.Global.
12-12 12:15:06.987   926  1127 I ActivityManager: Force stopping com.android.settings appid=1000 user=0: clear data
12-12 12:15:06.987   926  1127 I ActivityManager: Killing 2790:com.android.settings/1000 (adj 12): stop com.android.settings
12-12 12:15:06.987   926  1127 W ActivityManager: Scheduling restart of crashed service com.android.settings/com.amazon.settings.services.SettingsPersistentService in 1000ms
12-12 12:15:06.987   926  1127 I ActivityManager:   Force stopping service ServiceRecord{424ae8b0 u0 com.android.settings/com.amazon.settings.services.SettingsPersistentService}
12-12 12:15:06.997   265   265 E installd: Couldn't opendir data/securedStorageLocation/com.android.settings: No such file or directory
12-12 12:15:06.997   265   265 I installd: no data under secured storage for com.android.settings
12-12 12:15:07.007   337   337 D keystore: calling clear_uid in state: 3
12-12 12:15:07.007  6716  6716 D AndroidRuntime: Shutting down VM
12-12 12:15:07.707  6738  6738 D AndroidRuntime: 
12-12 12:15:07.707  6738  6738 D AndroidRuntime: >>>>>> AndroidRuntime START com.android.internal.os.RuntimeInit <<<<<<
12-12 12:15:07.707  6738  6738 D AndroidRuntime: CheckJNI is OFF
12-12 12:15:07.707  6738  6738 D dalvikvm: Good opt header, DEX offset is 64, flags=0x00
12-12 12:15:07.707  6738  6738 D dalvikvm: dalvik-aux-structure mapped at 0x41a6c000 with sizes 17456 9068 22916 7820
12-12 12:15:07.707  6738  6738 D dalvikvm: Good opt header, DEX offset is 64, flags=0x00
12-12 12:15:07.707  6738  6738 D dalvikvm: dalvik-aux-structure mapped at 0x41a7a000 with sizes 3488 1968 3700 1000
12-12 12:15:07.707  6738  6738 D dalvikvm: Good opt header, DEX offset is 64, flags=0x00
12-12 12:15:07.707  6738  6738 D dalvikvm: dalvik-aux-structure mapped at 0x41a7e000 with sizes 1212 1216 2416 256
12-12 12:15:07.707  6738  6738 D dalvikvm: Good opt header, DEX offset is 64, flags=0x00
12-12 12:15:07.707  6738  6738 D dalvikvm: dalvik-aux-structure mapped at 0x41a85000 with sizes 132 296 392 8
12-12 12:15:07.707  6738  6738 D dalvikvm: Good opt header, DEX offset is 64, flags=0x00
12-12 12:15:07.707  6738  6738 D dalvikvm: dalvik-aux-structure mapped at 0x41b2a000 with sizes 8748 4364 7932 3996
12-12 12:15:07.707  6738  6738 D dalvikvm: Good opt header, DEX offset is 64, flags=0x00
12-12 12:15:07.707  6738  6738 D dalvikvm: dalvik-aux-structure mapped at 0x41b31000 with sizes 22496 5184 8544 1804
12-12 12:15:07.707  6738  6738 D dalvikvm: Good opt header, DEX offset is 64, flags=0x00
12-12 12:15:07.707  6738  6738 D dalvikvm: dalvik-aux-structure mapped at 0x41b55000 with sizes 56984 26392 103956 34404
12-12 12:15:07.707  6738  6738 D dalvikvm: Good opt header, DEX offset is 64, flags=0x00
12-12 12:15:07.707  6738  6738 D dalvikvm: dalvik-aux-structure mapped at 0x41b8c000 with sizes 9456 6512 11508 3328
12-12 12:15:07.707  6738  6738 D dalvikvm: Good opt header, DEX offset is 64, flags=0x00
12-12 12:15:07.707  6738  6738 D dalvikvm: dalvik-aux-structure mapped at 0x41b94000 with sizes 20776 3532 10520 3092
12-12 12:15:07.717  6738  6738 D dalvikvm: Good opt header, DEX offset is 64, flags=0x00
12-12 12:15:07.717  6738  6738 D dalvikvm: dalvik-aux-structure mapped at 0x41b40000 with sizes 1660 956 2388 56
12-12 12:15:07.717  6738  6738 D dalvikvm: Good opt header, DEX offset is 64, flags=0x00
12-12 12:15:07.717  6738  6738 D dalvikvm: dalvik-aux-structure mapped at 0x41bae000 with sizes 1312 504 800 184
12-12 12:15:07.717  6738  6738 D dalvikvm: Good opt header, DEX offset is 64, flags=0x00
12-12 12:15:07.717  6738  6738 D dalvikvm: dalvik-aux-structure mapped at 0x41bb0000 with sizes 1704 1896 3404 216
12-12 12:15:07.717  6738  6738 D dalvikvm: Good opt header, DEX offset is 64, flags=0x00
12-12 12:15:07.717  6738  6738 D dalvikvm: dalvik-aux-structure mapped at 0x59e79000 with sizes 41708 10740 31748 2024
12-12 12:15:07.717  6738  6738 D dalvikvm: Good opt header, DEX offset is 64, flags=0x00
12-12 12:15:07.717  6738  6738 D dalvikvm: dalvik-aux-structure mapped at 0x59e8f000 with sizes 13340 3572 6468 560
12-12 12:15:07.717  6738  6738 D dalvikvm: Good opt header, DEX offset is 64, flags=0x00
12-12 12:15:07.717  6738  6738 D dalvikvm: dalvik-aux-structure mapped at 0x59e96000 with sizes 3752 5072 11996 2620
12-12 12:15:07.717  6738  6738 D dalvikvm: Good opt header, DEX offset is 64, flags=0x00
12-12 12:15:07.717  6738  6738 D dalvikvm: dalvik-aux-structure mapped at 0x59e9d000 with sizes 864 112 12 8
12-12 12:15:07.717  6738  6738 D dalvikvm: Good opt header, DEX offset is 64, flags=0x00
12-12 12:15:07.717  6738  6738 D dalvikvm: dalvik-aux-structure mapped at 0x59e9f000 with sizes 144 424 416 84
12-12 12:15:07.717  6738  6738 D dalvikvm: Good opt header, DEX offset is 64, flags=0x00
12-12 12:15:07.717  6738  6738 D dalvikvm: dalvik-aux-structure mapped at 0x5a0e5000 with sizes 8 84 20 52
12-12 12:15:07.717  6738  6738 D dalvikvm: Good opt header, DEX offset is 64, flags=0x00
12-12 12:15:07.717  6738  6738 D dalvikvm: dalvik-aux-structure mapped at 0x5a0e6000 with sizes 2300 1284 1900 732
12-12 12:15:07.717  6738  6738 D dalvikvm: Good opt header, DEX offset is 64, flags=0x00
12-12 12:15:07.717  6738  6738 D dalvikvm: dalvik-aux-structure mapped at 0x5a0e9000 with sizes 3104 1556 4388 1468
12-12 12:15:07.717  6738  6738 D dalvikvm: Good opt header, DEX offset is 64, flags=0x00
12-12 12:15:07.717  6738  6738 D dalvikvm: dalvik-aux-structure mapped at 0x5a0ed000 with sizes 2512 2028 2656 348
12-12 12:15:07.717  6738  6738 D dalvikvm: Good opt header, DEX offset is 64, flags=0x00
12-12 12:15:07.717  6738  6738 D dalvikvm: dalvik-aux-structure mapped at 0x5a0f0000 with sizes 244 632 480 120
12-12 12:15:07.717  6738  6738 D dalvikvm: Good opt header, DEX offset is 64, flags=0x00
12-12 12:15:07.717  6738  6738 D dalvikvm: dalvik-aux-structure mapped at 0x5a0f3000 with sizes 44 16 4 16
12-12 12:15:07.717  6738  6738 D dalvikvm: Good opt header, DEX offset is 64, flags=0x00
12-12 12:15:07.717  6738  6738 D dalvikvm: dalvik-aux-structure mapped at 0x5a444000 with sizes 17456 5180 15016 5508
12-12 12:15:07.717  6738  6738 D dalvikvm: Good opt header, DEX offset is 64, flags=0x00
12-12 12:15:07.717  6738  6738 D dalvikvm: dalvik-aux-structure mapped at 0x5a1db000 with sizes 17648 1196 1848 1084
12-12 12:15:07.717  6738  6738 D dalvikvm: Good opt header, DEX offset is 64, flags=0x00
12-12 12:15:07.717  6738  6738 D dalvikvm: dalvik-aux-structure mapped at 0x5a674000 with sizes 5448 6248 17376 5152
12-12 12:15:07.717  6738  6738 D dalvikvm: Good opt header, DEX offset is 64, flags=0x00
12-12 12:15:07.717  6738  6738 D dalvikvm: dalvik-aux-structure mapped at 0x5a1e1000 with sizes 92 272 204 12
12-12 12:15:07.717  6738  6738 D dalvikvm: Good opt header, DEX offset is 64, flags=0x00
12-12 12:15:07.717  6738  6738 D dalvikvm: dalvik-aux-structure mapped at 0x5a685000 with sizes 368 52 8 52
12-12 12:15:07.717  6738  6738 D dalvikvm: Good opt header, DEX offset is 64, flags=0x00
12-12 12:15:07.717  6738  6738 D dalvikvm: dalvik-aux-structure mapped at 0x5a6a2000 with sizes 848 488 512 692
12-12 12:15:07.717  6738  6738 D dalvikvm: Good opt header, DEX offset is 64, flags=0x00
12-12 12:15:07.717  6738  6738 D dalvikvm: dalvik-aux-structure mapped at 0x5a6a5000 with sizes 20 36 20 8
12-12 12:15:07.717  6738  6738 D dalvikvm: Good opt header, DEX offset is 64, flags=0x00
12-12 12:15:07.717  6738  6738 D dalvikvm: dalvik-aux-structure mapped at 0x5a6ae000 with sizes 360 232 320 68
12-12 12:15:07.717  6738  6738 D dalvikvm: Good opt header, DEX offset is 64, flags=0x00
12-12 12:15:07.717  6738  6738 D dalvikvm: dalvik-aux-structure mapped at 0x5a6be000 with sizes 864 272 320 208
12-12 12:15:07.727  6738  6738 D dalvikvm: Trying to load lib libjavacore.so 0x0
12-12 12:15:07.727  6738  6738 D dalvikvm: Added shared lib libjavacore.so 0x0
12-12 12:15:07.727  6738  6738 D dalvikvm: Trying to load lib libnativehelper.so 0x0
12-12 12:15:07.727  6738  6738 D dalvikvm: Added shared lib libnativehelper.so 0x0
12-12 12:15:07.727  6738  6738 D dalvikvm: No JNI_OnLoad found in libnativehelper.so 0x0, skipping init
12-12 12:15:07.737  6738  6738 D dalvikvm: Good opt header, DEX offset is 64, flags=0x00
12-12 12:15:07.737  6738  6738 D dalvikvm: dalvik-aux-structure mapped at 0x5b923000 with sizes 936 360 416 20
12-12 12:15:07.757  6738  6738 D dalvikvm: Note: class Landroid/app/ActivityManagerNative; has 179 unimplemented (abstract) methods
12-12 12:15:07.877  6738  6738 D AndroidRuntime: Calling main entry com.android.commands.pm.Pm
12-12 12:15:07.887  6738  6738 D AndroidRuntime: Shutting down VM
12-12 12:15:07.887   926  1004 W ActivityManager: Invalid packageName: com.google.android.gms
12-12 12:15:08.577  6758  6758 D AndroidRuntime: 
12-12 12:15:08.577  6758  6758 D AndroidRuntime: >>>>>> AndroidRuntime START com.android.internal.os.RuntimeInit <<<<<<
12-12 12:15:08.577  6758  6758 D AndroidRuntime: CheckJNI is OFF
12-12 12:15:08.577  6758  6758 D dalvikvm: Good opt header, DEX offset is 64, flags=0x00
12-12 12:15:08.577  6758  6758 D dalvikvm: dalvik-aux-structure mapped at 0x5888b000 with sizes 17456 9068 22916 7820
12-12 12:15:08.577  6758  6758 D dalvikvm: Good opt header, DEX offset is 64, flags=0x00
12-12 12:15:08.577  6758  6758 D dalvikvm: dalvik-aux-structure mapped at 0x58899000 with sizes 3488 1968 3700 1000
12-12 12:15:08.577  6758  6758 D dalvikvm: Good opt header, DEX offset is 64, flags=0x00
12-12 12:15:08.577  6758  6758 D dalvikvm: dalvik-aux-structure mapped at 0x5889d000 with sizes 1212 1216 2416 256
12-12 12:15:08.577  6758  6758 D dalvikvm: Good opt header, DEX offset is 64, flags=0x00
12-12 12:15:08.577  6758  6758 D dalvikvm: dalvik-aux-structure mapped at 0x588a4000 with sizes 132 296 392 8
12-12 12:15:08.577  6758  6758 D dalvikvm: Good opt header, DEX offset is 64, flags=0x00
12-12 12:15:08.577  6758  6758 D dalvikvm: dalvik-aux-structure mapped at 0x58a63000 with sizes 8748 4364 7932 3996
12-12 12:15:08.577  6758  6758 D dalvikvm: Good opt header, DEX offset is 64, flags=0x00
12-12 12:15:08.577  6758  6758 D dalvikvm: dalvik-aux-structure mapped at 0x58a6a000 with sizes 22496 5184 8544 1804
12-12 12:15:08.577  6758  6758 D dalvikvm: Good opt header, DEX offset is 64, flags=0x00
12-12 12:15:08.577  6758  6758 D dalvikvm: dalvik-aux-structure mapped at 0x595df000 with sizes 56984 26392 103956 34404
12-12 12:15:08.577  6758  6758 D dalvikvm: Good opt header, DEX offset is 64, flags=0x00
12-12 12:15:08.577  6758  6758 D dalvikvm: dalvik-aux-structure mapped at 0x597fa000 with sizes 9456 6512 11508 3328
12-12 12:15:08.577  6758  6758 D dalvikvm: Good opt header, DEX offset is 64, flags=0x00
12-12 12:15:08.577  6758  6758 D dalvikvm: dalvik-aux-structure mapped at 0x5996e000 with sizes 20776 3532 10520 3092
12-12 12:15:08.577  6758  6758 D dalvikvm: Good opt header, DEX offset is 64, flags=0x00
12-12 12:15:08.577  6758  6758 D dalvikvm: dalvik-aux-structure mapped at 0x58a79000 with sizes 1660 956 2388 56
12-12 12:15:08.587  6758  6758 D dalvikvm: Good opt header, DEX offset is 64, flags=0x00
12-12 12:15:08.587  6758  6758 D dalvikvm: dalvik-aux-structure mapped at 0x599d6000 with sizes 1312 504 800 184
12-12 12:15:08.587  6758  6758 D dalvikvm: Good opt header, DEX offset is 64, flags=0x00
12-12 12:15:08.587  6758  6758 D dalvikvm: dalvik-aux-structure mapped at 0x599d7000 with sizes 1704 1896 3404 216
12-12 12:15:08.587  6758  6758 D dalvikvm: Good opt header, DEX offset is 64, flags=0x00
12-12 12:15:08.587  6758  6758 D dalvikvm: dalvik-aux-structure mapped at 0x59e1b000 with sizes 41708 10740 31748 2024
12-12 12:15:08.587  6758  6758 D dalvikvm: Good opt header, DEX offset is 64, flags=0x00
12-12 12:15:08.587  6758  6758 D dalvikvm: dalvik-aux-structure mapped at 0x599dc000 with sizes 13340 3572 6468 560
12-12 12:15:08.587  6758  6758 D dalvikvm: Good opt header, DEX offset is 64, flags=0x00
12-12 12:15:08.587  6758  6758 D dalvikvm: dalvik-aux-structure mapped at 0x5a060000 with sizes 3752 5072 11996 2620
12-12 12:15:08.587  6758  6758 D dalvikvm: Good opt header, DEX offset is 64, flags=0x00
12-12 12:15:08.587  6758  6758 D dalvikvm: dalvik-aux-structure mapped at 0x599e4000 with sizes 864 112 12 8
12-12 12:15:08.587  6758  6758 D dalvikvm: Good opt header, DEX offset is 64, flags=0x00
12-12 12:15:08.587  6758  6758 D dalvikvm: dalvik-aux-structure mapped at 0x599e6000 with sizes 144 424 416 84
12-12 12:15:08.587  6758  6758 D dalvikvm: Good opt header, DEX offset is 64, flags=0x00
12-12 12:15:08.587  6758  6758 D dalvikvm: dalvik-aux-structure mapped at 0x5a079000 with sizes 8 84 20 52
12-12 12:15:08.587  6758  6758 D dalvikvm: Good opt header, DEX offset is 64, flags=0x00
12-12 12:15:08.587  6758  6758 D dalvikvm: dalvik-aux-structure mapped at 0x5a07a000 with sizes 2300 1284 1900 732
12-12 12:15:08.587  6758  6758 D dalvikvm: Good opt header, DEX offset is 64, flags=0x00
12-12 12:15:08.587  6758  6758 D dalvikvm: dalvik-aux-structure mapped at 0x5a07d000 with sizes 3104 1556 4388 1468
12-12 12:15:08.587  6758  6758 D dalvikvm: Good opt header, DEX offset is 64, flags=0x00
12-12 12:15:08.587  6758  6758 D dalvikvm: dalvik-aux-structure mapped at 0x5a081000 with sizes 2512 2028 2656 348
12-12 12:15:08.587  6758  6758 D dalvikvm: Good opt header, DEX offset is 64, flags=0x00
12-12 12:15:08.587  6758  6758 D dalvikvm: dalvik-aux-structure mapped at 0x5a084000 with sizes 244 632 480 120
12-12 12:15:08.587  6758  6758 D dalvikvm: Good opt header, DEX offset is 64, flags=0x00
12-12 12:15:08.587  6758  6758 D dalvikvm: dalvik-aux-structure mapped at 0x5a087000 with sizes 44 16 4 16
12-12 12:15:08.587  6758  6758 D dalvikvm: Good opt header, DEX offset is 64, flags=0x00
12-12 12:15:08.587  6758  6758 D dalvikvm: dalvik-aux-structure mapped at 0x5a3d8000 with sizes 17456 5180 15016 5508
12-12 12:15:08.587  6758  6758 D dalvikvm: Good opt header, DEX offset is 64, flags=0x00
12-12 12:15:08.587  6758  6758 D dalvikvm: dalvik-aux-structure mapped at 0x5a16f000 with sizes 17648 1196 1848 1084
12-12 12:15:08.587  6758  6758 D dalvikvm: Good opt header, DEX offset is 64, flags=0x00
12-12 12:15:08.587  6758  6758 D dalvikvm: dalvik-aux-structure mapped at 0x5a608000 with sizes 5448 6248 17376 5152
12-12 12:15:08.587  6758  6758 D dalvikvm: Good opt header, DEX offset is 64, flags=0x00
12-12 12:15:08.587  6758  6758 D dalvikvm: dalvik-aux-structure mapped at 0x5a175000 with sizes 92 272 204 12
12-12 12:15:08.587  6758  6758 D dalvikvm: Good opt header, DEX offset is 64, flags=0x00
12-12 12:15:08.587  6758  6758 D dalvikvm: dalvik-aux-structure mapped at 0x5a619000 with sizes 368 52 8 52
12-12 12:15:08.587  6758  6758 D dalvikvm: Good opt header, DEX offset is 64, flags=0x00
12-12 12:15:08.587  6758  6758 D dalvikvm: dalvik-aux-structure mapped at 0x5a636000 with sizes 848 488 512 692
12-12 12:15:08.587  6758  6758 D dalvikvm: Good opt header, DEX offset is 64, flags=0x00
12-12 12:15:08.587  6758  6758 D dalvikvm: dalvik-aux-structure mapped at 0x5a639000 with sizes 20 36 20 8
12-12 12:15:08.587  6758  6758 D dalvikvm: Good opt header, DEX offset is 64, flags=0x00
12-12 12:15:08.587  6758  6758 D dalvikvm: dalvik-aux-structure mapped at 0x5a642000 with sizes 360 232 320 68
12-12 12:15:08.587  6758  6758 D dalvikvm: Good opt header, DEX offset is 64, flags=0x00
12-12 12:15:08.587  6758  6758 D dalvikvm: dalvik-aux-structure mapped at 0x5a652000 with sizes 864 272 320 208
12-12 12:15:08.597  6758  6758 D dalvikvm: Trying to load lib libjavacore.so 0x0
12-12 12:15:08.597  6758  6758 D dalvikvm: Added shared lib libjavacore.so 0x0
12-12 12:15:08.597  6758  6758 D dalvikvm: Trying to load lib libnativehelper.so 0x0
12-12 12:15:08.597  6758  6758 D dalvikvm: Added shared lib libnativehelper.so 0x0
12-12 12:15:08.597  6758  6758 D dalvikvm: No JNI_OnLoad found in libnativehelper.so 0x0, skipping init
12-12 12:15:08.607  6758  6758 D dalvikvm: Good opt header, DEX offset is 64, flags=0x00
12-12 12:15:08.607  6758  6758 D dalvikvm: dalvik-aux-structure mapped at 0x5b8b7000 with sizes 936 360 416 20
12-12 12:15:08.627  6758  6758 D dalvikvm: Note: class Landroid/app/ActivityManagerNative; has 179 unimplemented (abstract) methods
12-12 12:15:08.747  6758  6758 D AndroidRuntime: Calling main entry com.android.commands.pm.Pm
12-12 12:15:08.747  6758  6758 D AndroidRuntime: Shutting down VM
12-12 12:15:08.747   926  1450 W ActivityManager: Invalid packageName: com.google.android.gm
12-12 12:15:09.457  6778  6778 D AndroidRuntime: 
12-12 12:15:09.457  6778  6778 D AndroidRuntime: >>>>>> AndroidRuntime START com.android.internal.os.RuntimeInit <<<<<<
12-12 12:15:09.457  6778  6778 D AndroidRuntime: CheckJNI is OFF
12-12 12:15:09.457  6778  6778 D dalvikvm: Good opt header, DEX offset is 64, flags=0x00
12-12 12:15:09.457  6778  6778 D dalvikvm: dalvik-aux-structure mapped at 0x41a65000 with sizes 17456 9068 22916 7820
12-12 12:15:09.457  6778  6778 D dalvikvm: Good opt header, DEX offset is 64, flags=0x00
12-12 12:15:09.457  6778  6778 D dalvikvm: dalvik-aux-structure mapped at 0x41a73000 with sizes 3488 1968 3700 1000
12-12 12:15:09.457  6778  6778 D dalvikvm: Good opt header, DEX offset is 64, flags=0x00
12-12 12:15:09.457  6778  6778 D dalvikvm: dalvik-aux-structure mapped at 0x41a77000 with sizes 1212 1216 2416 256
12-12 12:15:09.457  6778  6778 D dalvikvm: Good opt header, DEX offset is 64, flags=0x00
12-12 12:15:09.457  6778  6778 D dalvikvm: dalvik-aux-structure mapped at 0x41a7e000 with sizes 132 296 392 8
12-12 12:15:09.457  6778  6778 D dalvikvm: Good opt header, DEX offset is 64, flags=0x00
12-12 12:15:09.457  6778  6778 D dalvikvm: dalvik-aux-structure mapped at 0x41b23000 with sizes 8748 4364 7932 3996
12-12 12:15:09.457  6778  6778 D dalvikvm: Good opt header, DEX offset is 64, flags=0x00
12-12 12:15:09.457  6778  6778 D dalvikvm: dalvik-aux-structure mapped at 0x41b2a000 with sizes 22496 5184 8544 1804
12-12 12:15:09.457  6778  6778 D dalvikvm: Good opt header, DEX offset is 64, flags=0x00
