--------- beginning of /dev/log/system
12-13 03:30:54.184   787  1791 D SSRMv2:SIOP: SIOP:: AP = 300, Delta = 0
--------- beginning of /dev/log/main
12-13 03:30:54.614 11830 11830 D AndroidRuntime: 
12-13 03:30:54.614 11830 11830 D AndroidRuntime: >>>>>> AndroidRuntime START com.android.internal.os.RuntimeInit <<<<<<
12-13 03:30:54.614 11830 11830 D AndroidRuntime: CheckJNI is OFF
12-13 03:30:54.614 11830 11830 D AndroidRuntime: setted country_code = USA
12-13 03:30:54.614 11830 11830 D AndroidRuntime: setted countryiso_code = US
12-13 03:30:54.614 11830 11830 D AndroidRuntime: setted sales_code = BNN
12-13 03:30:54.614 11830 11830 D AndroidRuntime: readGMSProperty: start
12-13 03:30:54.614 11830 11830 D AndroidRuntime: readGMSProperty: already setted!!
12-13 03:30:54.614 11830 11830 D AndroidRuntime: readGMSProperty: end
12-13 03:30:54.614 11830 11830 D AndroidRuntime: addProductProperty: start
12-13 03:30:54.634 11830 11830 D dalvikvm: Trying to load lib libjavacore.so 0x0
12-13 03:30:54.634 11830 11830 D dalvikvm: Added shared lib libjavacore.so 0x0
12-13 03:30:54.644 11830 11830 D dalvikvm: Trying to load lib libnativehelper.so 0x0
12-13 03:30:54.644 11830 11830 D dalvikvm: Added shared lib libnativehelper.so 0x0
12-13 03:30:54.644 11830 11830 D dalvikvm: No JNI_OnLoad found in libnativehelper.so 0x0, skipping init
12-13 03:30:54.864 11830 11830 E memtrack: Couldn't load memtrack module (No such file or directory)
12-13 03:30:54.864 11830 11830 E android.os.Debug: failed to load memtrack module: -2
12-13 03:30:54.894 11830 11830 D dalvikvm: Note: class Landroid/app/ActivityManagerNative; has 192 unimplemented (abstract) methods
12-13 03:30:54.964 11830 11830 D AndroidRuntime: Calling main entry com.android.commands.am.Am
12-13 03:30:55.044   787  5980 I ActivityManager: Killing 10740:com.example.snoopy/u0a3116 (adj 0): stop com.example.snoopy
12-13 03:30:55.054   787  5980 W ActivityManager: Force removing ActivityRecord{41f58d18 u0 com.example.snoopy/.CameraInputFrames t5}: app died, no saved state
12-13 03:30:55.054   243   477 I SurfaceFlinger: id=22 Removed EimLayer (6/11)
12-13 03:30:55.054   243   904 I SurfaceFlinger: id=21 Removed EimLayer (3/10)
12-13 03:30:55.054   243   904 I SurfaceFlinger: id=22 Removed EimLayer (-2/10)
12-13 03:30:55.054   243  7179 I SurfaceFlinger: id=21 Removed EimLayer (-2/10)
12-13 03:30:55.064   787   869 E JavaBinder: !!! FAILED BINDER TRANSACTION !!!
12-13 03:30:55.064   787   869 D PointerIcon: setMouseIconStyle1 pointerType: 1001iconType:101 flag:0
12-13 03:30:55.064   787   869 D PointerIcon: setMouseCustomIcon IconType is same.101
12-13 03:30:55.064   787  1178 I WindowState: WIN DEATH: Window{42b27538 u0 com.example.snoopy/com.example.snoopy.CameraInputFrames}
12-13 03:30:55.074   243  7179 I SurfaceFlinger: id=25 Removed DameraInput (6/9)
12-13 03:30:55.074   243   904 I SurfaceFlinger: id=25 Removed DameraInput (-2/9)
12-13 03:30:55.074   243   904 I SurfaceFlinger: id=25 Removed DameraInput (-2/9)
12-13 03:30:55.084   787  5980 W ActivityManager: mDVFSHelper.acquire()
12-13 03:30:55.114 11856 11856 I SELinux : Function: selinux_android_load_priority [0], There is no sepolicy file.
12-13 03:30:55.114 11856 11856 I SELinux :  
12-13 03:30:55.114 11856 11856 I SELinux : Function: selinux_android_load_priority [1], There is no sepolicy version file.
12-13 03:30:55.114 11856 11856 I SELinux :  
12-13 03:30:55.114 11856 11856 I SELinux : Function: selinux_android_load_priority , priority version is VE=SEPF_SM-T530NU_4.4.2_0028
12-13 03:30:55.114 11856 11856 I SELinux :  
12-13 03:30:55.114 11856 11856 I SELinux :  
12-13 03:30:55.114 11856 11856 I SELinux : selinux_android_seapp_context_reload: seapp_contexts file is loaded from /seapp_contexts
12-13 03:30:55.124  1165  1165 D Launcher: onRestart, Launcher: 1107691864
12-13 03:30:55.124  1165  1165 D Launcher: onStart, Launcher: 1107691864
12-13 03:30:55.124  1165  1165 D Launcher.HomeView: onStart
12-13 03:30:55.124 11856 11856 D dalvikvm: Late-enabling CheckJNI
12-13 03:30:55.134  1165  1165 D Launcher: onResume, Launcher: 1107691864
12-13 03:30:55.134   992   992 D PhoneStatusBar: setSemiTransparentMode=false, mTransparentMode=false, mSemiTransparentMode=false, mMultiWindowMode=false
12-13 03:30:55.134   992   992 D PhoneStatusBar: setSemiTransparentMode=false, mTransparentMode=false, mSemiTransparentMode=false, mMultiWindowMode=false
12-13 03:30:55.134   787  1238 D StatusBarManagerService: semi p:1165,o:f
12-13 03:30:55.134   787  1111 D StatusBarManagerService: semi p:1165,o:f
12-13 03:30:55.144  1165  1165 D Launcher.HomeView: onResume
12-13 03:30:55.154   992   992 D PhoneStatusBar: setTransGradationMode=false, mTransparentMode=false, mSemiTransparentMode=false, mMultiWindowMode=false
12-13 03:30:55.154  1470  1470 I MultiWindowTrayService: mHomeResumeReceiver : onReceive
12-13 03:30:55.154  1470  1470 I Sally Service: removeWindow window
12-13 03:30:55.154  1165  1165 D MenuAppsGridFragment: onResume
12-13 03:30:55.154   787   798 D StatusBarManagerService: tr p:1165,o:f
12-13 03:30:55.164  1165  1165 D WallpaperManager: SEC_PRODUCT_FEATURE_COMMON_ENABLE_TEXTURE_COMPRESSION is false
12-13 03:30:55.164  1165  1165 D WallpaperManager: SEC_PRODUCT_FEATURE_COMMON_ENABLE_TEXTURE_COMPRESSION is false
12-13 03:30:55.174 11877 11877 I SELinux : Function: selinux_android_load_priority [0], There is no sepolicy file.
12-13 03:30:55.174 11877 11877 I SELinux :  
12-13 03:30:55.174 11877 11877 I SELinux : Function: selinux_android_load_priority [1], There is no sepolicy version file.
12-13 03:30:55.174 11877 11877 I SELinux :  
12-13 03:30:55.174 11877 11877 I SELinux : Function: selinux_android_load_priority , priority version is VE=SEPF_SM-T530NU_4.4.2_0028
12-13 03:30:55.174 11877 11877 I SELinux :  
12-13 03:30:55.174 11877 11877 I SELinux :  
12-13 03:30:55.174 11877 11877 I SELinux : selinux_android_seapp_context_reload: seapp_contexts file is loaded from /seapp_contexts
12-13 03:30:55.224   243   243 I SurfaceFlinger: id=26 createSurf (1280x800),1 flag=4, Mauncher
12-13 03:30:55.224   787  1235 I SpenGestureManager: setFocusWindow21005
12-13 03:30:55.224   787   880 D STATUSBAR-StatusBarManagerService: manageDisableList what=0x0 pkg=WindowManager.LayoutParams
12-13 03:30:55.224   787   880 D STATUSBAR-StatusBarManagerService: manageDisableList what=0x0 pkg=WindowManager.LayoutParams
12-13 03:30:55.244   787   869 D PointerIcon: setMouseIconStyle1 pointerType: 1001iconType:101 flag:0
12-13 03:30:55.244   787   869 D PointerIcon: setMouseCustomIcon IconType is same.101
12-13 03:30:55.254  1165  1165 D ProgressBar: updateDrawableBounds: left = 0
12-13 03:30:55.254  1165  1165 D ProgressBar: updateDrawableBounds: top = 0
12-13 03:30:55.254  1165  1165 D ProgressBar: updateDrawableBounds: right = 48
12-13 03:30:55.254  1165  1165 D ProgressBar: updateDrawableBounds: bottom = 48
12-13 03:30:55.274   787  1254 W LicenseLogService: log() failed
12-13 03:30:55.274   992   992 D PhoneStatusBar: setTransGradationMode=false, mTransparentMode=false, mSemiTransparentMode=false, mMultiWindowMode=false
12-13 03:30:55.274   787  1194 D StatusBarManagerService: tr p:1165,o:f
12-13 03:30:55.284 11877 11877 V TaskCloserActivity: TaskCloserActivity enter()
12-13 03:30:55.284   787   797 W ActivityManager: Permission Denial: getCurrentUser() from pid=11877, uid=10133 requires android.permission.INTERACT_ACROSS_USERS
12-13 03:30:55.294   787 11892 W ContextImpl: Calling a method in the system process without a qualified user: android.app.ContextImpl.sendBroadcast:1509 com.android.server.InputMethodManagerService$4.run:2683 java.lang.Thread.run:841 <bottom of call stack> <bottom of call stack> 
12-13 03:30:55.294   787  1254 W InputMethodManagerService: Got RemoteException sending setActive(false) notification to pid 10740 uid 13116
12-13 03:30:55.324 11877 11877 V TaskCloserActivity: TaskCloserActivity onReceive() - com.sec.android.intent.action.HOME_RESUME
12-13 03:30:55.334 11894 11894 I SELinux : Function: selinux_android_load_priority [0], There is no sepolicy file.
12-13 03:30:55.334 11894 11894 I SELinux :  
12-13 03:30:55.334 11894 11894 I SELinux : Function: selinux_android_load_priority [1], There is no sepolicy version file.
12-13 03:30:55.334 11894 11894 I SELinux :  
12-13 03:30:55.334 11894 11894 I SELinux : Function: selinux_android_load_priority , priority version is VE=SEPF_SM-T530NU_4.4.2_0028
12-13 03:30:55.334 11894 11894 I SELinux :  
12-13 03:30:55.334 11894 11894 I SELinux :  
12-13 03:30:55.334 11894 11894 I SELinux : selinux_android_seapp_context_reload: seapp_contexts file is loaded from /seapp_contexts
12-13 03:30:55.394   787  1255 I ActivityManager: Killing 10249:com.google.android.talk/u0a91 (adj 15): empty #31
12-13 03:30:55.394   787   869 W ActivityManager: mDVFSHelper.release()
12-13 03:30:55.484   787   986 I ActivityManager: Killing 10495:com.google.android.play.games.ui/u0a117 (adj 15): empty #31
12-13 03:30:55.594 11856 11856 I System.out: EMMA: collecting runtime coverage data ...
12-13 03:30:55.614 11856 11856 I dalvikvm: Could not find method android.content.pm.PackageManager.getPackageInstaller, referenced from method com.google.android.gms.common.zzo.zzx
12-13 03:30:55.614 11856 11856 W dalvikvm: VFY: unable to resolve virtual method 525: Landroid/content/pm/PackageManager;.getPackageInstaller ()Landroid/content/pm/PackageInstaller;
12-13 03:30:55.614 11856 11856 D dalvikvm: VFY: replacing opcode 0x6e at 0x0013
12-13 03:30:55.624 11856 11856 I dalvikvm: Could not find method android.content.Context.getNoBackupFilesDir, referenced from method com.google.android.gms.common.util.zzu.getNoBackupFilesDir
12-13 03:30:55.624 11856 11856 W dalvikvm: VFY: unable to resolve virtual method 391: Landroid/content/Context;.getNoBackupFilesDir ()Ljava/io/File;
12-13 03:30:55.624 11856 11856 D dalvikvm: VFY: replacing opcode 0x6e at 0x0006
12-13 03:30:55.624 11856 11909 W DynamiteModule: Local module descriptor class for com.google.firebase.auth not found.
12-13 03:30:55.624 11856 11909 I dalvikvm: Could not find method android.content.pm.PackageManager.isInstantApp, referenced from method com.google.android.gms.internal.zzbec.zzalq
12-13 03:30:55.624 11856 11909 W dalvikvm: VFY: unable to resolve virtual method 532: Landroid/content/pm/PackageManager;.isInstantApp (Ljava/lang/String;)Z
12-13 03:30:55.624 11856 11909 D dalvikvm: VFY: replacing opcode 0x6e at 0x002d
12-13 03:30:55.624 11856 11856 D FirebaseApp: com.google.firebase.crash.FirebaseCrash is not linked. Skipping initialization.
12-13 03:30:55.634 11856 11909 W DynamiteModule: Local module descriptor class for com.google.firebase.auth not found.
12-13 03:30:55.634 11856 11856 I FA      : App measurement is starting up, version: 11400
12-13 03:30:55.634 11856 11856 I FA      : To enable debug logging run: adb shell setprop log.tag.FA VERBOSE
12-13 03:30:55.644 11856 11856 I dalvikvm: Could not find method android.content.pm.PackageManager.isInstantApp, referenced from method com.google.android.gms.internal.zzbeb.zzcp
12-13 03:30:55.644 11856 11856 W dalvikvm: VFY: unable to resolve virtual method 531: Landroid/content/pm/PackageManager;.isInstantApp ()Z
12-13 03:30:55.644 11856 11856 D dalvikvm: VFY: replacing opcode 0x6e at 0x0028
12-13 03:30:55.644 11856 11856 I FA      : To enable faster debug mode event logging run:
12-13 03:30:55.644 11856 11856 I FA      :   adb shell setprop debug.firebase.analytics.app com.example.snoopy
12-13 03:30:55.654 11856 11856 E dalvikvm: Could not find class 'android.app.job.JobScheduler', referenced from method com.google.android.gms.internal.zzcfr.zzazv
12-13 03:30:55.654 11856 11856 W dalvikvm: VFY: unable to resolve check-cast 64 (Landroid/app/job/JobScheduler;) in Lcom/google/android/gms/internal/zzcfr;
12-13 03:30:55.654 11856 11856 D dalvikvm: VFY: replacing opcode 0x1f at 0x000b
12-13 03:30:55.654 11856 11856 E dalvikvm: Could not find class 'android.app.job.JobScheduler', referenced from method com.google.android.gms.internal.zzcfr.zzs
12-13 03:30:55.654 11856 11856 W dalvikvm: VFY: unable to resolve check-cast 64 (Landroid/app/job/JobScheduler;) in Lcom/google/android/gms/internal/zzcfr;
12-13 03:30:55.654 11856 11856 D dalvikvm: VFY: replacing opcode 0x1f at 0x0098
12-13 03:30:55.654 11856 11856 D dalvikvm: DexOpt: unable to opt direct call 0x0142 at 0xa0 in Lcom/google/android/gms/internal/zzcfr;.zzs
12-13 03:30:55.654 11856 11856 D dalvikvm: DexOpt: unable to opt direct call 0x0597 at 0xae in Lcom/google/android/gms/internal/zzcfr;.zzs
12-13 03:30:55.664 11856 11856 I FirebaseInitProvider: FirebaseApp initialization successful
12-13 03:30:55.664 11856 11913 W dalvikvm: VFY: unable to find class referenced in signature (Landroid/app/job/JobParameters;)
12-13 03:30:55.664 11856 11913 W dalvikvm: VFY: unable to find class referenced in signature (Landroid/app/job/JobParameters;)
12-13 03:30:55.664 11856 11913 W dalvikvm: VFY: unable to find class referenced in signature (Landroid/app/job/JobParameters;)
12-13 03:30:55.664 11856 11913 W dalvikvm: VFY: unable to find class referenced in signature (Landroid/app/job/JobParameters;)
12-13 03:30:55.664 11856 11913 I dalvikvm: Could not find method android.app.job.JobParameters.getExtras, referenced from method com.google.android.gms.internal.zzcfh.onStartJob
12-13 03:30:55.664 11856 11913 W dalvikvm: VFY: unable to resolve virtual method 327: Landroid/app/job/JobParameters;.getExtras ()Landroid/os/PersistableBundle;
12-13 03:30:55.664 11856 11913 D dalvikvm: VFY: replacing opcode 0x6e at 0x000a
12-13 03:30:55.674 11856 11914 I TestRunner: started: rmInternalFiles(com.trellis.AUTUtils)
12-13 03:30:55.674   787  1255 W ActivityManager: Permission Denial: getCurrentUser() from pid=11856, uid=13116 requires android.permission.INTERACT_ACROSS_USERS
12-13 03:30:55.724 11856 11914 D dalvikvm: GC_EXPLICIT freed 4629K, 63% free 5318K/14096K, paused 2ms+3ms, total 36ms
12-13 03:30:55.744 11856 11914 D dalvikvm: GC_EXPLICIT freed 11K, 63% free 5307K/14096K, paused 3ms+3ms, total 26ms
12-13 03:30:55.744 11856 11914 I TestRunner: finished: rmInternalFiles(com.trellis.AUTUtils)
12-13 03:30:55.744 11856 11914 I TestRunner: passed: rmInternalFiles(com.trellis.AUTUtils)
12-13 03:30:55.754 11830 11830 D AndroidRuntime: Shutting down VM
12-13 03:30:55.754 11830 11839 D dalvikvm: GC_CONCURRENT freed 108K, 15% free 677K/788K, paused 0ms+1ms, total 3ms
12-13 03:30:56.014   787   986 I ActivityManager: Killing 11856:com.example.snoopy/u0a3116 (adj 0): stop com.example.snoopy
12-13 03:30:56.744 11918 11918 D AndroidRuntime: 
12-13 03:30:56.744 11918 11918 D AndroidRuntime: >>>>>> AndroidRuntime START com.android.internal.os.RuntimeInit <<<<<<
12-13 03:30:56.744 11918 11918 D AndroidRuntime: CheckJNI is OFF
12-13 03:30:56.744 11918 11918 D AndroidRuntime: setted country_code = USA
12-13 03:30:56.744 11918 11918 D AndroidRuntime: setted countryiso_code = US
12-13 03:30:56.744 11918 11918 D AndroidRuntime: setted sales_code = BNN
12-13 03:30:56.744 11918 11918 D AndroidRuntime: readGMSProperty: start
12-13 03:30:56.744 11918 11918 D AndroidRuntime: readGMSProperty: already setted!!
12-13 03:30:56.744 11918 11918 D AndroidRuntime: readGMSProperty: end
12-13 03:30:56.744 11918 11918 D AndroidRuntime: addProductProperty: start
12-13 03:30:56.764 11918 11918 D dalvikvm: Trying to load lib libjavacore.so 0x0
12-13 03:30:56.774 11918 11918 D dalvikvm: Added shared lib libjavacore.so 0x0
12-13 03:30:56.774 11918 11918 D dalvikvm: Trying to load lib libnativehelper.so 0x0
12-13 03:30:56.774 11918 11918 D dalvikvm: Added shared lib libnativehelper.so 0x0
12-13 03:30:56.774 11918 11918 D dalvikvm: No JNI_OnLoad found in libnativehelper.so 0x0, skipping init
12-13 03:30:56.864   787   863 D SensorService:   0.1 -0.1 9.7
12-13 03:30:56.994 11918 11918 E memtrack: Couldn't load memtrack module (No such file or directory)
12-13 03:30:56.994 11918 11918 E android.os.Debug: failed to load memtrack module: -2
12-13 03:30:57.034 11918 11918 D dalvikvm: Note: class Landroid/app/ActivityManagerNative; has 192 unimplemented (abstract) methods
12-13 03:30:57.114 11918 11918 D AndroidRuntime: Calling main entry com.android.commands.am.Am
12-13 03:30:57.174   787  5986 V ApplicationPolicy: isApplicationStateBlocked userId 0 pkgname com.trellis
12-13 03:30:57.184  1141  1141 D ContainerEventsRelayManager: <<< Intent action is >>> : android.intent.action.PACKAGE_RESTARTED
12-13 03:30:57.184  1141  1141 D ContainerEventsRelayManager: <<< Intent data is   >>> : package:com.trellis
12-13 03:30:57.184 11918 11918 D AndroidRuntime: Shutting down VM
12-13 03:30:57.194 11918 11929 D dalvikvm: GC_CONCURRENT freed 95K, 13% free 666K/764K, paused 0ms+1ms, total 3ms
12-13 03:30:57.194  3068  3068 D daemonapp: [MSC_Daemon]>>> AWDCDS:27 [0:0] AWD CD Act : androidintentactionPACKAGE_RESTARTED
12-13 03:30:57.614   787   797 D BatteryService: level:100, scale:100, status:3, health:2, present:true, voltage: 4308, temperature: 237, technology: Li-ion, AC powered:false, USB powered:true, Wireless powered:false, icon:17303545, invalid charger:0, online:4, current avg:-63, charge type:2, power sharing:false
12-13 03:30:57.614   787   787 D BatteryService: Sending ACTION_BATTERY_CHANGED.
12-13 03:30:57.624   992   992 D KeyguardUpdateMonitor: received broadcast android.intent.action.BATTERY_CHANGED
12-13 03:30:57.624   992   992 D KeyguardUpdateMonitor: handleBatteryUpdate
12-13 03:30:57.644   992   992 D STATUSBAR-PhoneStatusBar:  mBrightnessEnablebySettings = true mBrightnessEnablebyBattery = true mBrightnessEnablebyDisableFlag = true mPmsBrightnessEnablebySettings = true
12-13 03:30:57.654  1818  1818 D DeviceManagerBroadcastReceiver: Updated Battery Level: 100
12-13 03:30:57.654  9247  9283 D HeadsetStateMachine: Disconnected process message: 10
12-13 03:30:57.664   992   992 D STATUSBAR-IconMerger: checkOverflow(1036), More:false, Req:false Child:4
12-13 03:30:57.694  1818  1818 D DeviceManagerBroadcastReceiver: Action: android.intent.action.BATTERY_CHANGED
12-13 03:30:57.694   992   992 D BatteryMeterView: ACTION_BATTERY_CHANGED : level:100 status:3 health:2
12-13 03:30:57.704  1818  1818 D DeviceManagerBroadcastReceiver: Set Alarm: false
12-13 03:30:58.134 11938 11938 D AndroidRuntime: 
12-13 03:30:58.134 11938 11938 D AndroidRuntime: >>>>>> AndroidRuntime START com.android.internal.os.RuntimeInit <<<<<<
12-13 03:30:58.134 11938 11938 D AndroidRuntime: CheckJNI is OFF
12-13 03:30:58.134 11938 11938 D AndroidRuntime: setted country_code = USA
12-13 03:30:58.134 11938 11938 D AndroidRuntime: setted countryiso_code = US
12-13 03:30:58.134 11938 11938 D AndroidRuntime: setted sales_code = BNN
12-13 03:30:58.134 11938 11938 D AndroidRuntime: readGMSProperty: start
12-13 03:30:58.134 11938 11938 D AndroidRuntime: readGMSProperty: already setted!!
12-13 03:30:58.134 11938 11938 D AndroidRuntime: readGMSProperty: end
12-13 03:30:58.134 11938 11938 D AndroidRuntime: addProductProperty: start
12-13 03:30:58.164 11938 11938 D dalvikvm: Trying to load lib libjavacore.so 0x0
12-13 03:30:58.164 11938 11938 D dalvikvm: Added shared lib libjavacore.so 0x0
12-13 03:30:58.174 11938 11938 D dalvikvm: Trying to load lib libnativehelper.so 0x0
12-13 03:30:58.174 11938 11938 D dalvikvm: Added shared lib libnativehelper.so 0x0
12-13 03:30:58.174 11938 11938 D dalvikvm: No JNI_OnLoad found in libnativehelper.so 0x0, skipping init
12-13 03:30:58.394 11938 11938 E memtrack: Couldn't load memtrack module (No such file or directory)
12-13 03:30:58.394 11938 11938 E android.os.Debug: failed to load memtrack module: -2
12-13 03:30:58.424 11938 11938 D dalvikvm: Note: class Landroid/app/ActivityManagerNative; has 192 unimplemented (abstract) methods
12-13 03:30:58.494 11938 11938 D AndroidRuntime: Calling main entry com.android.commands.am.Am
12-13 03:30:58.554   787  1255 V ApplicationPolicy: isApplicationStateBlocked userId -1 pkgname com.trellis
12-13 03:30:58.554 11938 11938 D AndroidRuntime: Shutting down VM
12-13 03:30:58.564 11938 11956 D dalvikvm: GC_CONCURRENT freed 95K, 13% free 666K/764K, paused 0ms+0ms, total 3ms
12-13 03:30:59.474 11965 11965 D AndroidRuntime: 
12-13 03:30:59.474 11965 11965 D AndroidRuntime: >>>>>> AndroidRuntime START com.android.internal.os.RuntimeInit <<<<<<
12-13 03:30:59.474 11965 11965 D AndroidRuntime: CheckJNI is OFF
12-13 03:30:59.484 11965 11965 D AndroidRuntime: setted country_code = USA
12-13 03:30:59.484 11965 11965 D AndroidRuntime: setted countryiso_code = US
12-13 03:30:59.484 11965 11965 D AndroidRuntime: setted sales_code = BNN
12-13 03:30:59.484 11965 11965 D AndroidRuntime: readGMSProperty: start
12-13 03:30:59.484 11965 11965 D AndroidRuntime: readGMSProperty: already setted!!
12-13 03:30:59.484 11965 11965 D AndroidRuntime: readGMSProperty: end
12-13 03:30:59.484 11965 11965 D AndroidRuntime: addProductProperty: start
12-13 03:30:59.494 11965 11965 D dalvikvm: Trying to load lib libjavacore.so 0x0
12-13 03:30:59.504 11965 11965 D dalvikvm: Added shared lib libjavacore.so 0x0
12-13 03:30:59.504 11965 11965 D dalvikvm: Trying to load lib libnativehelper.so 0x0
12-13 03:30:59.504 11965 11965 D dalvikvm: Added shared lib libnativehelper.so 0x0
12-13 03:30:59.504 11965 11965 D dalvikvm: No JNI_OnLoad found in libnativehelper.so 0x0, skipping init
12-13 03:30:59.724 11965 11965 E memtrack: Couldn't load memtrack module (No such file or directory)
12-13 03:30:59.724 11965 11965 E android.os.Debug: failed to load memtrack module: -2
12-13 03:30:59.764 11965 11965 D dalvikvm: Note: class Landroid/app/ActivityManagerNative; has 192 unimplemented (abstract) methods
12-13 03:30:59.824 11965 11965 D AndroidRuntime: Calling main entry com.android.commands.pm.Pm
12-13 03:30:59.924   787  1235 V ApplicationPolicy: isApplicationStateBlocked userId 0 pkgname com.trellis
12-13 03:30:59.934  1141  1141 D ContainerEventsRelayManager: <<< Intent action is >>> : android.intent.action.PACKAGE_RESTARTED
12-13 03:30:59.934  1141  1141 D ContainerEventsRelayManager: <<< Intent data is   >>> : package:com.trellis
12-13 03:30:59.934   787  1235 V ApplicationPolicy: isApplicationStateBlocked userId 0 pkgname com.trellis
12-13 03:30:59.934  3068  3068 D daemonapp: [MSC_Daemon]>>> AWDCDS:27 [0:0] AWD CD Act : androidintentactionPACKAGE_RESTARTED
12-13 03:30:59.934   787  1235 D PackageManager: START CLEAR APPLICATION USER DATA: observer{1111236944}
12-13 03:30:59.934   787  1235 D PackageManager: pkg{<packageName>}
12-13 03:30:59.934   787  1235 D PackageManager: user{0}
12-13 03:30:59.934   787   887 D PackageManager: [MSG] CLEAR_APPLICATION_USER_DATA
12-13 03:30:59.944  1141  1141 D ContainerEventsRelayManager: <<< Intent action is >>> : android.intent.action.PACKAGE_DATA_CLEARED
12-13 03:30:59.944  1141  1141 D ContainerEventsRelayManager: <<< Intent data is   >>> : package:com.trellis
12-13 03:30:59.944  8999  8999 I GeofencerStateMachine: removeGeofences: removeRequest=RemoveGeofencingRequest[REMOVE_ALL packageName=com.trellis]
12-13 03:30:59.944   258   258 D keystore: calling clear_uid in state: 3
12-13 03:30:59.964   787   887 D PackageManager: return delete result to caller: 1111236944
12-13 03:30:59.964 11965 11965 D AndroidRuntime: Shutting down VM
12-13 03:30:59.964   787   887 D PackageManager: returnCode: true
12-13 03:30:59.964 11965 11975 D dalvikvm: GC_CONCURRENT freed 97K, 13% free 677K/776K, paused 1ms+0ms, total 4ms
12-13 03:30:59.974 11982 11982 I SELinux : Function: selinux_android_load_priority [0], There is no sepolicy file.
12-13 03:30:59.974 11982 11982 I SELinux :  
12-13 03:30:59.974 11982 11982 I SELinux : Function: selinux_android_load_priority [1], There is no sepolicy version file.
12-13 03:30:59.974 11982 11982 I SELinux :  
12-13 03:30:59.974 11982 11982 I SELinux : Function: selinux_android_load_priority , priority version is VE=SEPF_SM-T530NU_4.4.2_0028
12-13 03:30:59.974 11982 11982 I SELinux :  
12-13 03:30:59.974 11982 11982 I SELinux :  
12-13 03:30:59.974 11982 11982 I SELinux : selinux_android_seapp_context_reload: seapp_contexts file is loaded from /seapp_contexts
12-13 03:30:59.984   787   899 V AlarmManager: waitForAlarm result :8
12-13 03:30:59.994   992   992 D KeyguardUpdateMonitor: received broadcast android.intent.action.TIME_TICK
12-13 03:30:59.994   992   992 D KeyguardUpdateMonitor: handleTimeUpdate
12-13 03:30:59.994   787   787 V AlarmManager: ClockReceiver onReceive() ACTION_TIME_TICK
12-13 03:31:00.004   992   992 D STATUSBAR-IconMerger: checkOverflow(1036), More:false, Req:false Child:4
12-13 03:31:00.014   248   248 D dalvikvm: GC_EXPLICIT freed 49K, 66% free 4882K/14096K, paused 2ms+3ms, total 37ms
12-13 03:31:00.034   248   248 D dalvikvm: GC_EXPLICIT freed <1K, 66% free 4882K/14096K, paused 2ms+4ms, total 27ms
12-13 03:31:00.064   248   248 D dalvikvm: GC_EXPLICIT freed <1K, 66% free 4882K/14096K, paused 2ms+3ms, total 26ms
12-13 03:31:00.104 11982 12004 D Documents: Loading roots for com.android.externalstorage.documents
12-13 03:31:00.104   787   798 I ActivityManager: Killing 9668:com.google.android.gms.unstable/u0a8 (adj 15): empty #31
12-13 03:31:00.114  3068  3068 D daemonapp: [MSC_Daemon]>>> AWDCDS:27 [0:0] AWD CD Act : androidintentactionPACKAGE_DATA_CLEARED
12-13 03:31:00.114 12006 12006 I SELinux : Function: selinux_android_load_priority [0], There is no sepolicy file.
12-13 03:31:00.114 12006 12006 I SELinux :  
12-13 03:31:00.114 12006 12006 I SELinux : Function: selinux_android_load_priority [1], There is no sepolicy version file.
12-13 03:31:00.114 12006 12006 I SELinux :  
12-13 03:31:00.114 12006 12006 I SELinux : Function: selinux_android_load_priority , priority version is VE=SEPF_SM-T530NU_4.4.2_0028
12-13 03:31:00.114 12006 12006 I SELinux :  
12-13 03:31:00.114 12006 12006 I SELinux :  
12-13 03:31:00.114 12006 12006 I SELinux : selinux_android_seapp_context_reload: seapp_contexts file is loaded from /seapp_contexts
12-13 03:31:00.144   787  1237 I ActivityManager: Killing 10311:com.google.android.partnersetup/u0a11 (adj 15): empty #31
12-13 03:31:00.164   787   863 D SensorService:   0.1 -0.1 9.8
12-13 03:31:00.184  9394 12022 D Wear_Controller: Received broadcast action=android.intent.action.PACKAGE_DATA_CLEARED and uri=com.trellis
12-13 03:31:00.194  9394 12019 I LocationSettingsChecker: Removing dialog suppression flag for package com.trellis
12-13 03:31:00.194  9394  9594 I Icing   : doRemovePackageData com.trellis
12-13 03:31:00.204 12006 12006 D ExternalStorage: After updating volumes, found 1 active roots
12-13 03:31:00.204 11982 11982 D Documents: Updating roots due to change at content://com.android.externalstorage.documents/root
12-13 03:31:00.214   787  5982 W ActivityManager: Permission Denial: getCurrentUser() from pid=12006, uid=10005 requires android.permission.INTERACT_ACROSS_USERS
12-13 03:31:00.214 11982 12004 D Documents: Loading roots for com.android.providers.downloads.documents
12-13 03:31:00.224 11982 12004 D Documents: Loading roots for com.android.providers.media.documents
12-13 03:31:00.274  9394  9398 D dalvikvm: GC_CONCURRENT freed 1947K, 47% free 10019K/18600K, paused 25ms+11ms, total 109ms
12-13 03:31:00.304  1112  1123 D dalvikvm: GC_EXPLICIT freed 411K, 62% free 5362K/14096K, paused 4ms+6ms, total 44ms
12-13 03:31:00.304 11982 12004 D Documents: Loading roots for com.google.android.apps.docs.storage
12-13 03:31:00.314 12027 12027 I SELinux : Function: selinux_android_load_priority [0], There is no sepolicy file.
12-13 03:31:00.314 12027 12027 I SELinux :  
12-13 03:31:00.314 12027 12027 I SELinux : Function: selinux_android_load_priority [1], There is no sepolicy version file.
12-13 03:31:00.314 12027 12027 I SELinux :  
12-13 03:31:00.314 12027 12027 I SELinux : Function: selinux_android_load_priority , priority version is VE=SEPF_SM-T530NU_4.4.2_0028
12-13 03:31:00.314 12027 12027 I SELinux :  
12-13 03:31:00.314 12027 12027 I SELinux :  
12-13 03:31:00.314 12027 12027 I SELinux : selinux_android_seapp_context_reload: seapp_contexts file is loaded from /seapp_contexts
12-13 03:31:00.344   787  1254 I ActivityManager: Killing 10327:com.android.musicfx/u0a18 (adj 15): empty #31
12-13 03:31:00.494 12027 12027 E dalvikvm: Could not find class 'android.provider.DocumentsContract$Path', referenced from method com.google.android.apps.docs.storagebackend.StorageBackendContentProvider.a
12-13 03:31:00.494 12027 12027 W dalvikvm: VFY: unable to resolve new-instance 936 (Landroid/provider/DocumentsContract$Path;) in Lcom/google/android/apps/docs/storagebackend/StorageBackendContentProvider;
12-13 03:31:00.494 12027 12027 D dalvikvm: VFY: replacing opcode 0x22 at 0x0089
12-13 03:31:00.494 12027 12027 I dalvikvm: Could not find method frh.refresh, referenced from method com.google.android.apps.docs.storagebackend.StorageBackendContentProvider.refresh
12-13 03:31:00.494 12027 12027 W dalvikvm: VFY: unable to resolve virtual method 38100: Lfrh;.refresh (Landroid/net/Uri;Landroid/os/Bundle;Landroid/os/CancellationSignal;)Z
12-13 03:31:00.494 12027 12027 D dalvikvm: VFY: replacing opcode 0x6f at 0x0007
12-13 03:31:00.504 12027 12027 D dalvikvm: DexOpt: unable to opt direct call 0x1053 at 0x8b in Lcom/google/android/apps/docs/storagebackend/StorageBackendContentProvider;.a
12-13 03:31:00.524 12027 12027 I dalvikvm: Could not find method android.content.Context.getDrawable, referenced from method in.a
12-13 03:31:00.524 12027 12027 W dalvikvm: VFY: unable to resolve virtual method 2767: Landroid/content/Context;.getDrawable (I)Landroid/graphics/drawable/Drawable;
12-13 03:31:00.524 12027 12027 D dalvikvm: VFY: replacing opcode 0x6e at 0x0006
12-13 03:31:00.534 12027 12027 I dalvikvm: Could not find method android.content.Context.isDeviceProtectedStorage, referenced from method in.a
12-13 03:31:00.534 12027 12027 W dalvikvm: VFY: unable to resolve virtual method 2783: Landroid/content/Context;.isDeviceProtectedStorage ()Z
12-13 03:31:00.534 12027 12027 D dalvikvm: VFY: replacing opcode 0x6e at 0x0006
12-13 03:31:00.534 12027 12027 I dalvikvm: Could not find method android.content.Context.getColorStateList, referenced from method in.b
12-13 03:31:00.534 12027 12027 W dalvikvm: VFY: unable to resolve virtual method 2762: Landroid/content/Context;.getColorStateList (I)Landroid/content/res/ColorStateList;
12-13 03:31:00.534 12027 12027 D dalvikvm: VFY: replacing opcode 0x6e at 0x0006
12-13 03:31:00.534 12027 12027 I dalvikvm: Could not find method android.content.Context.getColor, referenced from method in.c
12-13 03:31:00.534 12027 12027 W dalvikvm: VFY: unable to resolve virtual method 2761: Landroid/content/Context;.getColor (I)I
12-13 03:31:00.534 12027 12027 D dalvikvm: VFY: replacing opcode 0x6e at 0x0006
12-13 03:31:00.564   787  1111 W ActivityManager: Permission Denial: getCurrentUser() from pid=12027, uid=10079 requires android.permission.INTERACT_ACROSS_USERS
12-13 03:31:00.664 12027 12027 W dalvikvm: Unable to resolve superclass of Lcom/google/android/apps/docs/notification/guns/GcmJobService; (592)
12-13 03:31:00.664 12027 12027 W dalvikvm: Link of class 'Lcom/google/android/apps/docs/notification/guns/GcmJobService;' failed
12-13 03:31:00.664 12027 12027 W dalvikvm: VFY: unable to find class referenced in signature (Lcom/google/android/apps/docs/notification/guns/GcmJobService;)
12-13 03:31:00.664 12027 12027 W dalvikvm: Unable to resolve superclass of Lcom/google/android/apps/docs/notification/guns/GcmJobService; (592)
12-13 03:31:00.664 12027 12027 W dalvikvm: Link of class 'Lcom/google/android/apps/docs/notification/guns/GcmJobService;' failed
12-13 03:31:00.664 12027 12027 W dalvikvm: VFY: unable to resolve instance field 11971
12-13 03:31:00.664 12027 12027 D dalvikvm: VFY: replacing opcode 0x5b at 0x0008
12-13 03:31:00.664 12027 12027 I dalvikvm: Could not find method java.util.Locale.toLanguageTag, referenced from method drz.a
12-13 03:31:00.664 12027 12027 W dalvikvm: VFY: unable to resolve virtual method 49887: Ljava/util/Locale;.toLanguageTag ()Ljava/lang/String;
12-13 03:31:00.664 12027 12027 D dalvikvm: VFY: replacing opcode 0x6e at 0x00ca
12-13 03:31:00.684 12027 12027 W dalvikvm: Unable to resolve superclass of Lcom/google/android/apps/docs/notification/guns/GcmJobService; (592)
12-13 03:31:00.684 12027 12027 W dalvikvm: Link of class 'Lcom/google/android/apps/docs/notification/guns/GcmJobService;' failed
12-13 03:31:00.684 12027 12027 I dalvikvm: DexOpt: unable to optimize instance field ref 0x2ec4 at 0x12 in Ldrz;.a
12-13 03:31:00.744 12027 12027 I dalvikvm: Could not find method java.util.Locale.toLanguageTag, referenced from method azc.a
12-13 03:31:00.744 12027 12027 W dalvikvm: VFY: unable to resolve virtual method 49887: Ljava/util/Locale;.toLanguageTag ()Ljava/lang/String;
12-13 03:31:00.744 12027 12027 D dalvikvm: VFY: replacing opcode 0x6e at 0x000e
12-13 03:31:00.804 12039 12039 D AndroidRuntime: 
12-13 03:31:00.804 12039 12039 D AndroidRuntime: >>>>>> AndroidRuntime START com.android.internal.os.RuntimeInit <<<<<<
12-13 03:31:00.814 12039 12039 D AndroidRuntime: CheckJNI is OFF
12-13 03:31:00.814 12039 12039 D AndroidRuntime: setted country_code = USA
12-13 03:31:00.814 12039 12039 D AndroidRuntime: setted countryiso_code = US
12-13 03:31:00.814 12039 12039 D AndroidRuntime: setted sales_code = BNN
12-13 03:31:00.814 12039 12039 D AndroidRuntime: readGMSProperty: start
12-13 03:31:00.814 12039 12039 D AndroidRuntime: readGMSProperty: already setted!!
12-13 03:31:00.814 12039 12039 D AndroidRuntime: readGMSProperty: end
12-13 03:31:00.814 12039 12039 D AndroidRuntime: addProductProperty: start
12-13 03:31:00.834 12039 12039 D dalvikvm: Trying to load lib libjavacore.so 0x0
12-13 03:31:00.834 12039 12039 D dalvikvm: Added shared lib libjavacore.so 0x0
12-13 03:31:00.834 12039 12039 D dalvikvm: Trying to load lib libnativehelper.so 0x0
12-13 03:31:00.844 12039 12039 D dalvikvm: Added shared lib libnativehelper.so 0x0
12-13 03:31:00.844 12039 12039 D dalvikvm: No JNI_OnLoad found in libnativehelper.so 0x0, skipping init
12-13 03:31:00.844   992   992 D STATUSBAR-NetworkController: refreshSignalCluster - setNWBoosterIndicators(false)
12-13 03:31:00.844   992   992 D STATUSBAR-NetworkController: refreshSignalCluster: data=-1 bt=false
12-13 03:31:00.854 12027 12049 I dalvikvm: Could not find method android.content.pm.PackageManager.getPackageInstaller, referenced from method ijj.a
12-13 03:31:00.854 12027 12049 W dalvikvm: VFY: unable to resolve virtual method 2942: Landroid/content/pm/PackageManager;.getPackageInstaller ()Landroid/content/pm/PackageInstaller;
12-13 03:31:00.854 12027 12049 D dalvikvm: VFY: replacing opcode 0x6e at 0x0012
12-13 03:31:00.864 12027 12049 I GAv4    : Google Analytics 11.0.11 is starting up. To enable debug logging on a device run:
12-13 03:31:00.864 12027 12049 I GAv4    :   adb shell setprop log.tag.GAv4 DEBUG
12-13 03:31:00.864 12027 12049 I GAv4    :   adb logcat -s GAv4
12-13 03:31:00.864   992   992 D STATUSBAR-IconMerger: checkOverflow(1036), More:false, Req:false Child:4
12-13 03:31:00.904 12027 12049 W CoreComponentFactoryImpl: RetainedComponent will not be retained if  djl does not inherit FragmentActivity and fulfill jpt contract.
12-13 03:31:00.914 12027 12060 W GAv4    : AnalyticsReceiver is not registered or is disabled. Register the receiver for reliable dispatching on non-Google Play devices. See http://goo.gl/8Rd3yj for instructions.
12-13 03:31:00.924 12027 12027 W FieldDefinition: Ignoring isIndexed constraint as field also has uniqueness constraint (on just this field, and therefore SQLite will have to create an index on that. For field: com.google.android.apps.docs.database.common.FieldDefinition$a@421fb010
12-13 03:31:01.004 12027 12060 W GAv4    : CampaignTrackingReceiver is not registered, not exported or is disabled. Installation campaign tracking is not possible. See http://goo.gl/8Rd3yj for instructions.
12-13 03:31:01.014 12027 12060 W GAv4    : AnalyticsService not registered in the app manifest. Hits might not be delivered reliably. See http://goo.gl/8Rd3yj for instructions.
12-13 03:31:01.084 12039 12039 E memtrack: Couldn't load memtrack module (No such file or directory)
12-13 03:31:01.084 12039 12039 E android.os.Debug: failed to load memtrack module: -2
12-13 03:31:01.134 12039 12039 D dalvikvm: Note: class Landroid/app/ActivityManagerNative; has 192 unimplemented (abstract) methods
12-13 03:31:01.134 12027 12049 I dalvikvm: Could not find method java.util.Locale.toLanguageTag, referenced from method drx.a
12-13 03:31:01.134 12027 12049 W dalvikvm: VFY: unable to resolve virtual method 49887: Ljava/util/Locale;.toLanguageTag ()Ljava/lang/String;
12-13 03:31:01.134 12027 12049 D dalvikvm: VFY: replacing opcode 0x6e at 0x02d6
12-13 03:31:01.154 12027 12049 I dalvikvm: Could not find method java.util.Locale.toLanguageTag, referenced from method drx.a
12-13 03:31:01.154 12027 12049 W dalvikvm: VFY: unable to resolve virtual method 49887: Ljava/util/Locale;.toLanguageTag ()Ljava/lang/String;
12-13 03:31:01.154 12027 12049 D dalvikvm: VFY: replacing opcode 0x6e at 0x00e2
12-13 03:31:01.164 12027 12027 W dalvikvm: Unable to resolve superclass of Lcom/google/android/apps/docs/sync/content/ContentSyncJobService; (592)
12-13 03:31:01.164 12027 12027 W dalvikvm: Link of class 'Lcom/google/android/apps/docs/sync/content/ContentSyncJobService;' failed
12-13 03:31:01.164 12027 12027 I dalvikvm: Could not find method com.google.android.apps.docs.sync.content.ContentSyncJobService.a, referenced from method fur.a
12-13 03:31:01.164 12027 12027 W dalvikvm: VFY: unable to resolve static method 20602: Lcom/google/android/apps/docs/sync/content/ContentSyncJobService;.a (Landroid/content/Context;Lfui;)V
12-13 03:31:01.164 12027 12027 D dalvikvm: VFY: replacing opcode 0x71 at 0x0010
12-13 03:31:01.184 12027 12027 W dalvikvm: Unable to resolve superclass of Lcom/google/android/apps/docs/appindexing/AppIndexingJobService; (592)
12-13 03:31:01.184 12027 12027 W dalvikvm: Link of class 'Lcom/google/android/apps/docs/appindexing/AppIndexingJobService;' failed
12-13 03:31:01.184 12027 12027 I dalvikvm: Could not find method com.google.android.apps.docs.appindexing.AppIndexingJobService.a, referenced from method aub.a
12-13 03:31:01.184 12027 12027 W dalvikvm: VFY: unable to resolve static method 16136: Lcom/google/android/apps/docs/appindexing/AppIndexingJobService;.a (Landroid/content/Context;ZJZ)V
12-13 03:31:01.184 12027 12027 D dalvikvm: VFY: replacing opcode 0x71 at 0x001d
12-13 03:31:01.194 12027 12027 W dalvikvm: Unable to resolve superclass of Lcom/google/android/apps/docs/appindexing/AppIndexingJobService; (592)
12-13 03:31:01.194 12027 12027 W dalvikvm: Link of class 'Lcom/google/android/apps/docs/appindexing/AppIndexingJobService;' failed
12-13 03:31:01.194 12027 12027 I dalvikvm: Could not find method com.google.android.apps.docs.appindexing.AppIndexingJobService.a, referenced from method aub.b
12-13 03:31:01.194 12027 12027 W dalvikvm: VFY: unable to resolve static method 16136: Lcom/google/android/apps/docs/appindexing/AppIndexingJobService;.a (Landroid/content/Context;ZJZ)V
12-13 03:31:01.194 12027 12027 D dalvikvm: VFY: replacing opcode 0x71 at 0x000d
12-13 03:31:01.204 12039 12039 D AndroidRuntime: Calling main entry com.android.commands.pm.Pm
12-13 03:31:01.364   787  1255 D dalvikvm: GC_EXPLICIT freed 4322K, 73% free 24191K/88332K, paused 7ms+27ms, total 224ms
12-13 03:31:01.394 12027 12027 E dalvikvm: Could not find class 'android.app.NotificationChannel', referenced from method ewv.a
12-13 03:31:01.394 12027 12027 W dalvikvm: VFY: unable to resolve new-instance 572 (Landroid/app/NotificationChannel;) in Lewv;
12-13 03:31:01.394 12027 12027 D dalvikvm: VFY: replacing opcode 0x22 at 0x001a
12-13 03:31:01.394 12027 12027 E dalvikvm: Could not find class 'android.app.NotificationChannel', referenced from method ewv.a
12-13 03:31:01.394 12027 12027 W dalvikvm: VFY: unable to resolve new-instance 572 (Landroid/app/NotificationChannel;) in Lewv;
12-13 03:31:01.394 12027 12027 D dalvikvm: VFY: replacing opcode 0x22 at 0x002b
12-13 03:31:01.394 12027 12027 I dalvikvm: Could not find method android.app.NotificationManager.createNotificationChannels, referenced from method ewv.a
12-13 03:31:01.394 12027 12027 W dalvikvm: VFY: unable to resolve virtual method 2311: Landroid/app/NotificationManager;.createNotificationChannels (Ljava/util/List;)V
12-13 03:31:01.394 12027 12027 D dalvikvm: VFY: replacing opcode 0x6e at 0x0055
12-13 03:31:01.394 12027 12027 D dalvikvm: DexOpt: unable to opt direct call 0x0902 at 0x26 in Lewv;.a
12-13 03:31:01.394 12027 12027 D dalvikvm: DexOpt: unable to opt direct call 0x0902 at 0x37 in Lewv;.a
12-13 03:31:01.404 12039 12039 D AndroidRuntime: Shutting down VM
12-13 03:31:01.414 12039 12053 D dalvikvm: GC_CONCURRENT freed 573K, 46% free 683K/1260K, paused 0ms+1ms, total 5ms
12-13 03:31:01.454 11982 12004 D Documents: Update found 6 roots in 1352ms
12-13 03:31:01.464 11982 11982 D Documents: Updating roots due to change at content://com.google.android.apps.docs.storage/root
12-13 03:31:01.464 11982 12079 D Documents: Loading roots for com.android.externalstorage.documents
12-13 03:31:01.464 11982 12081 D Documents: Used cached roots for com.android.externalstorage.documents
12-13 03:31:01.464 11982 12081 D Documents: Used cached roots for com.android.providers.downloads.documents
12-13 03:31:01.464 11982 12081 D Documents: Used cached roots for com.android.providers.media.documents
12-13 03:31:01.464 11982 12081 D Documents: Loading roots for com.google.android.apps.docs.storage
12-13 03:31:01.474 11982 12079 D Documents: Used cached roots for com.android.providers.downloads.documents
12-13 03:31:01.474 11982 12079 D Documents: Used cached roots for com.android.providers.media.documents
12-13 03:31:01.474 11982 12079 D Documents: Loading roots for com.google.android.apps.docs.storage
12-13 03:31:01.474 11982 12081 D Documents: Update found 6 roots in 15ms
12-13 03:31:01.474 11982 12079 D Documents: Update found 6 roots in 24ms
12-13 03:31:01.684  8999  9685 W Conscrypt: Could not set socket write timeout:
12-13 03:31:01.684  8999  9685 W Conscrypt:    java.lang.reflect.Method.invokeNative(Native Method)
12-13 03:31:01.684  8999  9685 W Conscrypt:    java.lang.reflect.Method.invoke(Method.java:515)
12-13 03:31:01.724  8999  9685 W Conscrypt: Could not set socket write timeout:
12-13 03:31:01.734  8999  9685 W Conscrypt:    java.lang.reflect.Method.invokeNative(Native Method)
12-13 03:31:01.734  8999  9685 W Conscrypt:    java.lang.reflect.Method.invoke(Method.java:515)
12-13 03:31:02.284  8999 12111 W NetRec  : [780] ConfigChangedIntentOperation.onHandleIntent: Device does not support scoring, exiting
12-13 03:31:02.384  8999 12112 I PTCommittedOperation: Receive new configuration for com.google.android.location
12-13 03:31:02.404  9394 12122 I SettingsChangedIntentOp: SettingsChangedIntentOperation.run: Got intent Intent { act=com.google.android.gms.phenotype.COMMITTED flg=0x10 pkg=com.google.android.gms cmp=com.google.android.gms/.chimera.GmsIntentOperationService (has extras) }
12-13 03:31:02.404  9394 12122 I SettingsChangedIntentOp: SettingsChangedIntentOperation.run Intent extra com.google.android.gms.phenotype.PACKAGE_NAME: com.google.android.location
12-13 03:31:02.404  9394 12122 I SettingsChangedIntentOp: Action: com.google.android.gms.phenotype.COMMITTED
12-13 03:31:02.404  9394 12122 I SettingsChangedIntentOp: EXTRA_PACKAGE_NAME: com.google.android.location
12-13 03:31:02.464  8999 12021 W NetRec  : [774] ConfigChangedIntentOperation.onHandleIntent: Device does not support scoring, exiting
12-13 03:31:02.474  8999 12112 W NetRec  : [781] ConfigChangedIntentOperation.onHandleIntent: Device does not support scoring, exiting
12-13 03:31:02.524  8999 12113 I PTCommittedOperation: Receive new configuration for com.google.android.gms.ocr
12-13 03:31:02.544  9394 12123 I SettingsChangedIntentOp: SettingsChangedIntentOperation.run: Got intent Intent { act=com.google.android.gms.phenotype.COMMITTED flg=0x10 pkg=com.google.android.gms cmp=com.google.android.gms/.chimera.GmsIntentOperationService (has extras) }
12-13 03:31:02.544  9394 12123 I SettingsChangedIntentOp: SettingsChangedIntentOperation.run Intent extra com.google.android.gms.phenotype.PACKAGE_NAME: com.google.android.gms.ocr
12-13 03:31:02.544  9394 12123 I SettingsChangedIntentOp: Action: com.google.android.gms.phenotype.COMMITTED
12-13 03:31:02.544  9394 12123 I SettingsChangedIntentOp: EXTRA_PACKAGE_NAME: com.google.android.gms.ocr
12-13 03:31:02.594   251   587 W QCamera2Factory: getCameraInfo: E, camera_id = 0
12-13 03:31:02.594   251   587 W QCamera2HWI: __dbg: info->orientation : 0 rc = 0
12-13 03:31:02.594   251   587 W QCamera2HWI: __dbg: info->orientation : 0 rc = 0
12-13 03:31:02.594   251   587 W QCamera2Factory: getCameraInfo: X
12-13 03:31:02.594  9394 12122 I OcrModelUpStIntentOp: Updating ocr activity enabled=false (phenotypeFlag=false, lowRamDevice=false, prereqCheck=true)
12-13 03:31:02.644  9394  9394 D dalvikvm: newInstance failed: no <init>()
12-13 03:31:02.654 12107 12107 D AndroidRuntime: 
12-13 03:31:02.654 12107 12107 D AndroidRuntime: >>>>>> AndroidRuntime START com.android.internal.os.RuntimeInit <<<<<<
12-13 03:31:02.654 12107 12107 D AndroidRuntime: CheckJNI is OFF
12-13 03:31:02.654 12107 12107 D AndroidRuntime: setted country_code = USA
12-13 03:31:02.654 12107 12107 D AndroidRuntime: setted countryiso_code = US
12-13 03:31:02.654 12107 12107 D AndroidRuntime: setted sales_code = BNN
12-13 03:31:02.654 12107 12107 D AndroidRuntime: readGMSProperty: start
12-13 03:31:02.654 12107 12107 D AndroidRuntime: readGMSProperty: already setted!!
12-13 03:31:02.664 12107 12107 D AndroidRuntime: readGMSProperty: end
12-13 03:31:02.664 12107 12107 D AndroidRuntime: addProductProperty: start
12-13 03:31:02.664  9394 12122 E File    : fail readDirectory() errno=2
12-13 03:31:02.684 12107 12107 D dalvikvm: Trying to load lib libjavacore.so 0x0
12-13 03:31:02.684 12107 12107 D dalvikvm: Added shared lib libjavacore.so 0x0
12-13 03:31:02.684 12107 12107 D dalvikvm: Trying to load lib libnativehelper.so 0x0
12-13 03:31:02.684 12107 12107 D dalvikvm: Added shared lib libnativehelper.so 0x0
12-13 03:31:02.684 12107 12107 D dalvikvm: No JNI_OnLoad found in libnativehelper.so 0x0, skipping init
12-13 03:31:02.704  8999 12021 W NetRec  : [774] ConfigChangedIntentOperation.onHandleIntent: Device does not support scoring, exiting
12-13 03:31:02.734  8999 12110 I PTCommittedOperation: Receive new configuration for com.google.android.gms.cast
12-13 03:31:02.734  9394 12022 I SettingsChangedIntentOp: SettingsChangedIntentOperation.run: Got intent Intent { act=com.google.android.gms.phenotype.COMMITTED flg=0x10 pkg=com.google.android.gms cmp=com.google.android.gms/.chimera.GmsIntentOperationService (has extras) }
12-13 03:31:02.734  9394 12022 I SettingsChangedIntentOp: SettingsChangedIntentOperation.run Intent extra com.google.android.gms.phenotype.PACKAGE_NAME: com.google.android.gms.cast
12-13 03:31:02.734  9394 12022 I SettingsChangedIntentOp: Action: com.google.android.gms.phenotype.COMMITTED
12-13 03:31:02.734  9394 12022 I SettingsChangedIntentOp: EXTRA_PACKAGE_NAME: com.google.android.gms.cast
12-13 03:31:02.824  8999 12112 I PTCommittedOperation: Receive new configuration for com.google.android.gms.people
12-13 03:31:02.874  8999  9768 W ConfigurationChimeraPro: Got null configs for com.google.android.gms.ads
12-13 03:31:02.894  9394 12019 I SettingsChangedIntentOp: SettingsChangedIntentOperation.run: Got intent Intent { act=com.google.android.gms.phenotype.COMMITTED flg=0x10 pkg=com.google.android.gms cmp=com.google.android.gms/.chimera.GmsIntentOperationService (has extras) }
12-13 03:31:02.894  9394 12019 I SettingsChangedIntentOp: SettingsChangedIntentOperation.run Intent extra com.google.android.gms.phenotype.PACKAGE_NAME: com.google.android.gms.people
12-13 03:31:02.894  9394 12019 I SettingsChangedIntentOp: Action: com.google.android.gms.phenotype.COMMITTED
12-13 03:31:02.894  9394 12019 I SettingsChangedIntentOp: EXTRA_PACKAGE_NAME: com.google.android.gms.people
12-13 03:31:02.924 12107 12107 E memtrack: Couldn't load memtrack module (No such file or directory)
12-13 03:31:02.924 12107 12107 E android.os.Debug: failed to load memtrack module: -2
12-13 03:31:02.964 12107 12107 D dalvikvm: Note: class Landroid/app/ActivityManagerNative; has 192 unimplemented (abstract) methods
12-13 03:31:02.974  8999  9003 D dalvikvm: GC_CONCURRENT freed 3765K, 34% free 9627K/14428K, paused 5ms+11ms, total 74ms
12-13 03:31:02.994   787  1094 E Watchdog: !@Sync 53
12-13 03:31:03.024  8999 12110 I PTCommittedOperation: Receive new configuration for com.google.android.gms.people.ui
12-13 03:31:03.034 12107 12107 D AndroidRuntime: Calling main entry com.android.commands.pm.Pm
12-13 03:31:03.034  9394 12122 I SettingsChangedIntentOp: SettingsChangedIntentOperation.run: Got intent Intent { act=com.google.android.gms.phenotype.COMMITTED flg=0x10 pkg=com.google.android.gms cmp=com.google.android.gms/.chimera.GmsIntentOperationService (has extras) }
12-13 03:31:03.034  9394 12122 I SettingsChangedIntentOp: SettingsChangedIntentOperation.run Intent extra com.google.android.gms.phenotype.PACKAGE_NAME: com.google.android.gms.people.ui
12-13 03:31:03.034  9394 12122 I SettingsChangedIntentOp: Action: com.google.android.gms.phenotype.COMMITTED
12-13 03:31:03.034  9394 12122 I SettingsChangedIntentOp: EXTRA_PACKAGE_NAME: com.google.android.gms.people.ui
12-13 03:31:03.064   787  5986 D PackageManager: START PACKAGE DELETE: observer{1125289168}
12-13 03:31:03.064   787  5986 D PackageManager: pkg{<packageName>}
12-13 03:31:03.064   787  5986 D PackageManager: user{0}
12-13 03:31:03.064   787  5986 D PackageManager: deletePackageAsUser : uid = 2000 userId = 0
