12-13 03:31:03.064   787   887 D ApplicationPolicy: getApplicationUninstallationEnabled
12-13 03:31:03.064   787   887 D PackageManager: [MSG] DELETE_PACKAGE_AS_USER
12-13 03:31:03.074   787   887 D ApplicationPolicy: getApplicationUninstallationEnabled :  enabled true
12-13 03:31:03.084  8999 12113 W NetRec  : [782] ConfigChangedIntentOperation.onHandleIntent: Device does not support scoring, exiting
12-13 03:31:03.094  8999 12021 W NetRec  : [774] ConfigChangedIntentOperation.onHandleIntent: Device does not support scoring, exiting
12-13 03:31:03.114   787   887 D PackageManager: !@killApplicatoin: 13117, uninstall pkg
12-13 03:31:03.114   787   887 W PackageManager: Couldn't delete native library directory /data/app-lib/com.trellis
12-13 03:31:03.234   787  5769 D PackageManager: getApplicationInfo - Execution time: 123 ms
12-13 03:31:03.244   258   258 D keystore: calling clear_uid in state: 3
12-13 03:31:03.244   787   887 D PackageManager: Sending to user 0: act=android.intent.action.PACKAGE_REMOVED dat=package:com.trellis flg=0x4000000 Bundle[{android.intent.extra.REMOVED_FOR_ALL_USERS=true, android.intent.extra.UID=13117, android.intent.extra.DATA_REMOVED=true, android.intent.extra.user_handle=0}]
12-13 03:31:03.264   787   887 D PackageManager: Sending to user 0: act=android.intent.action.PACKAGE_FULLY_REMOVED dat=package:com.trellis flg=0x4000000 Bundle[{android.intent.extra.REMOVED_FOR_ALL_USERS=true, android.intent.extra.UID=13117, android.intent.extra.DATA_REMOVED=true, android.intent.extra.user_handle=0}]
12-13 03:31:03.274   787   887 D PackageManager: Sending to user 0: act=android.intent.action.UID_REMOVED flg=0x4000000 Bundle[{android.intent.extra.REMOVED_FOR_ALL_USERS=true, android.intent.extra.UID=13117, android.intent.extra.DATA_REMOVED=true, android.intent.extra.user_handle=0}]
12-13 03:31:03.284  1470  1470 I MultiWindowTrayService: mPkgManagerReceiver : onReceive
12-13 03:31:03.284  1470  1470 I MultiWindowTrayInfo: android.intent.action.PACKAGE_REMOVE
12-13 03:31:03.284  1470  1470 I MultiWindowTrayInfo: android.intent.action.PACKAGE_REMOVE
12-13 03:31:03.284  1141  1141 D ContainerEventsRelayManager: <<< Intent action is >>> : android.intent.action.PACKAGE_REMOVED
12-13 03:31:03.284  1141  1141 D ContainerEventsRelayManager: <<< Intent data is   >>> : package:com.trellis
12-13 03:31:03.284  1141  1141 D ContainerEventsRelayManager: <<< Intent action is >>> : android.intent.action.PACKAGE_FULLY_REMOVED
12-13 03:31:03.284  1141  1141 D ContainerEventsRelayManager: <<< Intent data is   >>> : package:com.trellis
12-13 03:31:03.294   787   915 V NetworkStats: removeUidsLocked() for UIDs [13117]
12-13 03:31:03.294   787   902 I InputReader: Reconfiguring input devices.  changes=0x00000010
12-13 03:31:03.294  8999 12113 W NetRec  : [782] ConfigChangedIntentOperation.onHandleIntent: Device does not support scoring, exiting
12-13 03:31:03.294   787   915 V NetworkStats: performPollLocked(flags=0x3)
12-13 03:31:03.304 11982 12141 D Documents: Used cached roots for com.android.externalstorage.documents
12-13 03:31:03.304 11982 12141 D Documents: Used cached roots for com.android.providers.downloads.documents
12-13 03:31:03.304 11982 12141 D Documents: Used cached roots for com.android.providers.media.documents
12-13 03:31:03.304 11982 12141 D Documents: Loading roots for com.google.android.apps.docs.storage
12-13 03:31:03.334  8999 12021 W NetRec  : [774] ConfigChangedIntentOperation.onHandleIntent: Device does not support scoring, exiting
12-13 03:31:03.344   787   787 I HarmonyEASService: onReceive : android.intent.action.PACKAGE_REMOVED for 0
12-13 03:31:03.354 11982 12141 D Documents: Update found 6 roots in 65ms
12-13 03:31:03.364   787   915 V NetworkStats: performPollLocked() took 77ms
12-13 03:31:03.404  8999  8999 I GeofencerStateMachine: removeGeofences: removeRequest=RemoveGeofencingRequest[REMOVE_ALL packageName=com.trellis]
12-13 03:31:03.424  9394 12123 I SettingsChangedIntentOp: SettingsChangedIntentOperation.run: Got intent Intent { act=com.google.android.gms.phenotype.COMMITTED flg=0x10 pkg=com.google.android.gms cmp=com.google.android.gms/.chimera.GmsIntentOperationService (has extras) }
12-13 03:31:03.424  9394 12123 I SettingsChangedIntentOp: SettingsChangedIntentOperation.run Intent extra com.google.android.gms.phenotype.PACKAGE_NAME: com.google.android.gms.audit
12-13 03:31:03.424  9394 12123 I SettingsChangedIntentOp: Action: com.google.android.gms.phenotype.COMMITTED
12-13 03:31:03.424  9394 12123 I SettingsChangedIntentOp: EXTRA_PACKAGE_NAME: com.google.android.gms.audit
12-13 03:31:03.434  8999 12110 I PTCommittedOperation: Receive new configuration for com.google.android.gms.audit
12-13 03:31:03.464  8999 12143 W NetRec  : [783] ConfigChangedIntentOperation.onHandleIntent: Device does not support scoring, exiting
12-13 03:31:03.464   787   863 D SensorService:   0.1 -0.0 9.7
12-13 03:31:03.464  8999  9685 I zgp     : Scheduling Phenotype for a PhenotypeSyncImmediately(13, com.google.apps.drive.android) one off with window [1, 2] in seconds
12-13 03:31:03.574   787   787 D BackupManagerService: Received broadcast Intent { act=android.intent.action.PACKAGE_REMOVED dat=package:com.trellis flg=0x4000010 (has extras) }
12-13 03:31:03.574   787   787 V BackupManagerService: removePackageParticipantsLocked: uid=13117 #1
12-13 03:31:03.584   787   877 D EnterpriseDeviceManagerService: Package has changed for user 0
12-13 03:31:03.584   787   877 D EnterpriseDeviceManagerService: Admin package name: com.google.android.gms
12-13 03:31:03.624 12146 12146 I SELinux : Function: selinux_android_load_priority [0], There is no sepolicy file.
12-13 03:31:03.624 12146 12146 I SELinux :  
12-13 03:31:03.624 12146 12146 I SELinux : Function: selinux_android_load_priority [1], There is no sepolicy version file.
12-13 03:31:03.624 12146 12146 I SELinux :  
12-13 03:31:03.624 12146 12146 I SELinux : Function: selinux_android_load_priority , priority version is VE=SEPF_SM-T530NU_4.4.2_0028
12-13 03:31:03.624 12146 12146 I SELinux :  
12-13 03:31:03.624 12146 12146 I SELinux :  
12-13 03:31:03.624 12146 12146 I SELinux : selinux_android_seapp_context_reload: seapp_contexts file is loaded from /seapp_contexts
12-13 03:31:03.644  8999 12112 W NetRec  : [781] ConfigChangedIntentOperation.onHandleIntent: Device does not support scoring, exiting
12-13 03:31:03.664   787   877 W Resources: Converting to string: TypedValue{t=0x12/d=0xffffffff a=-1}
12-13 03:31:03.684   787   877 W Resources: Converting to string: TypedValue{t=0x12/d=0xffffffff a=-1}
12-13 03:31:03.684   787   877 W Resources: Converting to string: TypedValue{t=0x12/d=0xffffffff a=-1}
12-13 03:31:03.694  8999 12112 W NetRec  : [781] ConfigChangedIntentOperation.onHandleIntent: Device does not support scoring, exiting
12-13 03:31:03.714 12146 12146 E dalvikvm: Could not find class 'android.app.NotificationChannel', referenced from method com.google.android.gms.games.app.PowerUpApplication.onCreate
12-13 03:31:03.714 12146 12146 W dalvikvm: VFY: unable to resolve new-instance 415 (Landroid/app/NotificationChannel;) in Lcom/google/android/gms/games/app/PowerUpApplication;
12-13 03:31:03.714 12146 12146 D dalvikvm: VFY: replacing opcode 0x22 at 0x003c
12-13 03:31:03.714 12146 12146 D dalvikvm: DexOpt: couldn't find static field Landroid/os/Build;.SUPPORTED_ABIS
12-13 03:31:03.714   787   877 W Resources: Converting to string: TypedValue{t=0x12/d=0xffffffff a=-1}
12-13 03:31:03.714 12146 12146 W dalvikvm: VFY: unable to resolve static field 1304 (SUPPORTED_ABIS) in Landroid/os/Build;
12-13 03:31:03.714 12146 12146 D dalvikvm: VFY: replacing opcode 0x62 at 0x0100
12-13 03:31:03.714 12146 12146 D dalvikvm: DexOpt: unable to opt direct call 0x08a8 at 0x47 in Lcom/google/android/gms/games/app/PowerUpApplication;.onCreate
12-13 03:31:03.714 12146 12146 D dalvikvm: DexOpt: unable to opt direct call 0x08a8 at 0x58 in Lcom/google/android/gms/games/app/PowerUpApplication;.onCreate
12-13 03:31:03.714 12146 12146 D dalvikvm: DexOpt: unable to opt direct call 0x08a8 at 0x69 in Lcom/google/android/gms/games/app/PowerUpApplication;.onCreate
12-13 03:31:03.714 12146 12146 D dalvikvm: DexOpt: unable to opt direct call 0x08a8 at 0x7a in Lcom/google/android/gms/games/app/PowerUpApplication;.onCreate
12-13 03:31:03.714 12146 12146 D dalvikvm: DexOpt: unable to opt direct call 0x08a8 at 0x93 in Lcom/google/android/gms/games/app/PowerUpApplication;.onCreate
12-13 03:31:03.714 12146 12146 D dalvikvm: DexOpt: unable to opt direct call 0x08a8 at 0xa4 in Lcom/google/android/gms/games/app/PowerUpApplication;.onCreate
12-13 03:31:03.714 12146 12146 D dalvikvm: DexOpt: unable to opt direct call 0x08a8 at 0xb5 in Lcom/google/android/gms/games/app/PowerUpApplication;.onCreate
12-13 03:31:03.714   787   877 W Resources: Converting to string: TypedValue{t=0x12/d=0xffffffff a=-1}
12-13 03:31:03.714 12146 12146 D dalvikvm: DexOpt: unable to opt direct call 0x08a8 at 0xcf in Lcom/google/android/gms/games/app/PowerUpApplication;.onCreate
12-13 03:31:03.724 12146 12146 I dalvikvm: Could not find method android.app.Notification.getChannelId, referenced from method evj.a
12-13 03:31:03.724 12146 12146 W dalvikvm: VFY: unable to resolve virtual method 2214: Landroid/app/Notification;.getChannelId ()Ljava/lang/String;
12-13 03:31:03.724 12146 12146 D dalvikvm: VFY: replacing opcode 0x6e at 0x0007
12-13 03:31:03.744   787  1237 W ActivityManager: Permission Denial: getCurrentUser() from pid=12146, uid=10117 requires android.permission.INTERACT_ACROSS_USERS
12-13 03:31:03.764 12146 12146 I dalvikvm: Could not find method android.content.pm.PackageManager.getPackageInstaller, referenced from method bvl.a
12-13 03:31:03.764 12146 12146 W dalvikvm: VFY: unable to resolve virtual method 2484: Landroid/content/pm/PackageManager;.getPackageInstaller ()Landroid/content/pm/PackageInstaller;
12-13 03:31:03.764 12146 12146 D dalvikvm: VFY: replacing opcode 0x6e at 0x001c
12-13 03:31:03.764 12146 12146 I dalvikvm: Could not find method android.content.Context.createDeviceProtectedStorageContext, referenced from method cbr.a
12-13 03:31:03.764 12146 12146 W dalvikvm: VFY: unable to resolve virtual method 2320: Landroid/content/Context;.createDeviceProtectedStorageContext ()Landroid/content/Context;
12-13 03:31:03.764 12146 12146 D dalvikvm: VFY: replacing opcode 0x6e at 0x0029
12-13 03:31:03.764 12146 12146 I dalvikvm: Could not find method android.content.Context.getSystemService, referenced from method cbr.b
12-13 03:31:03.764  8999 12143 W NetRec  : [783] ConfigChangedIntentOperation.onHandleIntent: Device does not support scoring, exiting
12-13 03:31:03.764 12146 12146 W dalvikvm: VFY: unable to resolve virtual method 2343: Landroid/content/Context;.getSystemService (Ljava/lang/Class;)Ljava/lang/Object;
12-13 03:31:03.764 12146 12146 D dalvikvm: VFY: replacing opcode 0x6e at 0x000b
12-13 03:31:03.764   787   877 W Resources: Converting to string: TypedValue{t=0x12/d=0xffffffff a=-1}
12-13 03:31:03.774 12146 12146 I dalvikvm: Could not find method android.content.Context.isDeviceProtectedStorage, referenced from method hpq.a
12-13 03:31:03.774 12146 12146 W dalvikvm: VFY: unable to resolve virtual method 2348: Landroid/content/Context;.isDeviceProtectedStorage ()Z
12-13 03:31:03.774 12146 12146 D dalvikvm: VFY: replacing opcode 0x6e at 0x0009
12-13 03:31:03.774 12146 12146 I dalvikvm: Could not find method android.content.Context.isDeviceProtectedStorage, referenced from method hpq.b
12-13 03:31:03.774 12146 12146 W dalvikvm: VFY: unable to resolve virtual method 2348: Landroid/content/Context;.isDeviceProtectedStorage ()Z
12-13 03:31:03.774 12146 12146 D dalvikvm: VFY: replacing opcode 0x6e at 0x005d
12-13 03:31:03.784   787   887 D dalvikvm: GC_EXPLICIT freed 3714K, 73% free 24135K/88332K, paused 17ms+26ms, total 476ms
12-13 03:31:03.784   787   877 W Resources: Converting to string: TypedValue{t=0x12/d=0xffffffff a=-1}
12-13 03:31:03.784 12107 12107 D AndroidRuntime: Shutting down VM
12-13 03:31:03.784   787   887 D PackageManager: delete sourFile : 
12-13 03:31:03.784   787   887 D PackageManager: delete native library directory: 
12-13 03:31:03.784   787   887 D PackageManager: return delete result to caller: 1125289168
12-13 03:31:03.784   787   887 D PackageManager: returnCode: 1
12-13 03:31:03.784   787   887 D PackageManager: [MSG] START_CLEANING_PACKAGE
12-13 03:31:03.794 12107 12129 D dalvikvm: GC_CONCURRENT freed 96K, 13% free 666K/764K, paused 1ms+0ms, total 4ms
12-13 03:31:03.864   992   992 D STATUSBAR-NetworkController: refreshSignalCluster - setNWBoosterIndicators(false)
12-13 03:31:03.864   787   877 W Resources: Converting to string: TypedValue{t=0x12/d=0xffffffff a=-1}
12-13 03:31:03.864   992   992 D STATUSBAR-NetworkController: refreshSignalCluster: data=-1 bt=false
12-13 03:31:03.864   992   992 D STATUSBAR-IconMerger: checkOverflow(1036), More:false, Req:false Child:4
12-13 03:31:03.874   787   877 W Resources: Converting to string: TypedValue{t=0x12/d=0xffffffff a=-1}
12-13 03:31:03.874   787   877 W Resources: Converting to string: TypedValue{t=0x12/d=0x0 a=-1}
12-13 03:31:03.874   787   877 W Resources: Converting to string: TypedValue{t=0x12/d=0xffffffff a=-1}
12-13 03:31:03.884   787   877 W Resources: Converting to string: TypedValue{t=0x12/d=0xffffffff a=-1}
12-13 03:31:03.884   787   877 W Resources: Converting to string: TypedValue{t=0x12/d=0x0 a=-1}
12-13 03:31:03.894   787   877 W Resources: Converting to string: TypedValue{t=0x12/d=0xffffffff a=-1}
12-13 03:31:03.904   787   877 D UsbSettingsManager: clearDefaults: com.trellis
12-13 03:31:03.904  8999 12021 W NetRec  : [774] ConfigChangedIntentOperation.onHandleIntent: Device does not support scoring, exiting
12-13 03:31:03.914   787   877 I CrashAnrDetector: onPackageRemoved : com.trellis
12-13 03:31:03.934  2606  2606 I elm:14111: MainReceiver.onReceive() : Intent { act=android.intent.action.PACKAGE_REMOVED dat=package:com.trellis flg=0x4000010 cmp=com.sec.esdk.elm/.receiver.MainReceiver (has extras) }
12-13 03:31:03.934  2606  2606 I elm:14111: MainReceiver : Receive Intent { act=android.intent.action.PACKAGE_REMOVED dat=package:com.trellis flg=0x4000010 cmp=com.sec.esdk.elm/.service.ElmAgentService (has extras) } END.
12-13 03:31:03.944  1491  1491 I knox    : MainReceiver.onReceive() : Intent { act=android.intent.action.PACKAGE_REMOVED dat=package:com.trellis flg=0x4000010 cmp=com.sec.knox.seandroid/.receiver.MainReceiver (has extras) }
12-13 03:31:03.944  2606  2606 D elm:14111: ElmAgentService : onStartCommand() Intent { act=android.intent.action.PACKAGE_REMOVED dat=package:com.trellis flg=0x4000010 cmp=com.sec.esdk.elm/.service.ElmAgentService (has extras) }
12-13 03:31:03.944  2606  2606 D elm:14111: MainReceiver.listeningToPackageRemoved()
12-13 03:31:03.944  2606  2606 D elm:14111: MDMBridge.getInstance()
12-13 03:31:03.944  2606  2606 D elm:14111: MDMBridge.getAllLicenseInfoFromSDK()
12-13 03:31:03.944  2606  2606 D elm:14111: MDMBridge.getAllLicenseInfoFromSDK()
12-13 03:31:03.944  1491  1491 D knox    : MainReceiver.listeningToPackageRemoved()
12-13 03:31:03.944  1491  1491 I knox    : MainReceiver.onReceive() END - - - - - : Intent { act=android.intent.action.PACKAGE_REMOVED dat=package:com.trellis flg=0x4000010 cmp=com.sec.knox.seandroid/.receiver.MainReceiver (has extras) }
12-13 03:31:03.944  1491  1491 W ContextImpl: Calling a method in the system process without a qualified user: android.app.ContextImpl.startService:1865 android.content.ContextWrapper.startService:506 android.content.ContextWrapper.startService:506 com.sec.knox.seandroid.receiver.MainReceiver.onReceive:85 android.app.ActivityThread.handleReceiver:2578 
12-13 03:31:03.954 12168 12168 I SELinux : Function: selinux_android_load_priority [0], There is no sepolicy file.
12-13 03:31:03.954 12168 12168 I SELinux :  
12-13 03:31:03.954 12168 12168 I SELinux : Function: selinux_android_load_priority [1], There is no sepolicy version file.
12-13 03:31:03.954 12168 12168 I SELinux :  
12-13 03:31:03.954 12168 12168 I SELinux : Function: selinux_android_load_priority , priority version is VE=SEPF_SM-T530NU_4.4.2_0028
12-13 03:31:03.954 12168 12168 I SELinux :  
12-13 03:31:03.954 12168 12168 I SELinux :  
12-13 03:31:03.954 12168 12168 I SELinux : selinux_android_seapp_context_reload: seapp_contexts file is loaded from /seapp_contexts
12-13 03:31:03.964  2606  2606 D elm:14111: MainReceiver.listeningToPackageRemoved(). SEND to KLMS. Remove All KNOX/ONS License
12-13 03:31:03.964 12027 12058 I dalvikvm: Could not find method android.provider.DocumentsContract.getTreeDocumentId, referenced from method fsk.a
12-13 03:31:03.964 12027 12058 W dalvikvm: VFY: unable to resolve static method 4184: Landroid/provider/DocumentsContract;.getTreeDocumentId (Landroid/net/Uri;)Ljava/lang/String;
12-13 03:31:03.964 12027 12058 D dalvikvm: VFY: replacing opcode 0x71 at 0x0075
12-13 03:31:03.994 12146 12146 W PhFlagCommitter: Successfully committed experiment flags for user: 
12-13 03:31:04.024 12146 12146 W PhFlagCommitter: Successfully committed experiment flags for user: 
12-13 03:31:04.024   224   483 E cutils  : Failed to mkdirat(/storage/extSdCard/Android): Read-only file system
12-13 03:31:04.024 12027 12058 W ContextImpl: Failed to ensure directory: /storage/extSdCard/Android/data/com.google.android.apps.docs/cache
12-13 03:31:04.024   787  1238 W ActivityManager: Permission Denial: getCurrentUser() from pid=12168, uid=10018 requires android.permission.INTERACT_ACROSS_USERS
12-13 03:31:04.024   224   483 W Vold    : Returning OperationFailed - no handler for errno 30
12-13 03:31:04.044  4479  4479 I PCWCLIENTTRACE_PushUtil: SPPPushClient is installed : true
12-13 03:31:04.044  4479  4479 I PCWCLIENTTRACE_PushUtil: sales region : global
12-13 03:31:04.044  4479  4479 I PCWCLIENTTRACE_PushUtil: getPushTypeList : [SPP, GCM]
12-13 03:31:04.044  4479  4479 I PCWCLIENTTRACE_SYSTEMReceiver: [onReceive] - android.intent.action.PACKAGE_REMOVED
12-13 03:31:04.054  8999 12112 W NetRec  : [781] ConfigChangedIntentOperation.onHandleIntent: Device does not support scoring, exiting
12-13 03:31:04.074  4492  4492 I SA      : [SUR] onReceive log=[SA = 1.5.0422 V = 19 HWD = 800X1280 1.0 dpi = 160  SIZE = 4 LOCALE = en_US CSC = BNN MCC = 0 MNC 0 T = user DEVICE = matissewifiopenbnn P = matissewifiopenbnn I = KOT49H M = SM-T530NU OKLEFT false DIS KOT49H.T530NUOVU1ANI3 PSS = 10.58540920614425  ]
12-13 03:31:04.074  4492  4492 I SA      : [SUR] onReceive Intent=[ action_PACKAGE_REMOVED package extra.REMOVED_FOR_ALL_USERS.:true extra.UID.:13117 extra.DATA_REMOVED.:true extra.user_handle.:0 ]
12-13 03:31:04.094   787  5982 I ActivityManager: Killing 9869:com.policydm/1000 (adj 15): empty #31
12-13 03:31:04.114  8999 12143 W NetRec  : [783] ConfigChangedIntentOperation.onHandleIntent: Device does not support scoring, exiting
12-13 03:31:04.144 12027 12031 D dalvikvm: GC_CONCURRENT freed 6321K, 53% free 6641K/14096K, paused 6ms+17ms, total 89ms
12-13 03:31:04.144  2116 12184 I IcingCorporaProvider: Updating corpora: APPS=com.trellis, CONTACTS=MAYBE
12-13 03:31:04.184 12188 12188 I SELinux : Function: selinux_android_load_priority [0], There is no sepolicy file.
12-13 03:31:04.184 12188 12188 I SELinux :  
12-13 03:31:04.184 12188 12188 I SELinux : Function: selinux_android_load_priority [1], There is no sepolicy version file.
12-13 03:31:04.184 12188 12188 I SELinux :  
12-13 03:31:04.184 12188 12188 I SELinux : Function: selinux_android_load_priority , priority version is VE=SEPF_SM-T530NU_4.4.2_0028
12-13 03:31:04.184 12188 12188 I SELinux :  
12-13 03:31:04.184 12188 12188 I SELinux :  
12-13 03:31:04.184 12188 12188 I SELinux : selinux_android_seapp_context_reload: seapp_contexts file is loaded from /seapp_contexts
12-13 03:31:04.214  8999  9003 D dalvikvm: GC_CONCURRENT freed 2365K, 37% free 9196K/14428K, paused 5ms+9ms, total 59ms
12-13 03:31:04.214  8999 12021 W NetRec  : [774] ConfigChangedIntentOperation.onHandleIntent: Device does not support scoring, exiting
12-13 03:31:04.224  8999 12144 W NetRec  : [784] ConfigChangedIntentOperation.onHandleIntent: Device does not support scoring, exiting
12-13 03:31:04.244 12027 12058 I dalvikvm: Could not find method android.content.ContextWrapper.createCredentialProtectedStorageContext, referenced from method jwn.createCredentialProtectedStorageContext
12-13 03:31:04.244 12027 12058 W dalvikvm: VFY: unable to resolve virtual method 1708: Landroid/content/ContextWrapper;.createCredentialProtectedStorageContext ()Landroid/content/Context;
12-13 03:31:04.244 12027 12058 D dalvikvm: VFY: replacing opcode 0x6f at 0x0002
12-13 03:31:04.244 12027 12058 I dalvikvm: Could not find method android.content.ContextWrapper.createDeviceProtectedStorageContext, referenced from method jwn.createDeviceProtectedStorageContext
12-13 03:31:04.244 12027 12058 W dalvikvm: VFY: unable to resolve virtual method 1709: Landroid/content/ContextWrapper;.createDeviceProtectedStorageContext ()Landroid/content/Context;
12-13 03:31:04.244 12027 12058 D dalvikvm: VFY: replacing opcode 0x6f at 0x0002
12-13 03:31:04.244 12027 12058 D dalvikvm: DexOpt: couldn't find static field Landroid/os/Build;.SUPPORTED_ABIS
12-13 03:31:04.244 12027 12058 W dalvikvm: VFY: unable to resolve static field 918 (SUPPORTED_ABIS) in Landroid/os/Build;
12-13 03:31:04.244 12027 12058 D dalvikvm: VFY: replacing opcode 0x62 at 0x0008
12-13 03:31:04.254 12027 12058 D dalvikvm: DexOpt: couldn't find static field Landroid/os/Build;.SUPPORTED_ABIS
12-13 03:31:04.254   787  1791 D SSRMv2:SIOP: SIOP:: AP = 300, Delta = 0
12-13 03:31:04.264  2116 12184 I IcingCorporaProvider: UpdateCorporaTask done [took 114 ms] updated apps [took 113 ms] 
12-13 03:31:04.284 12027 12058 W dalvikvm: VFY: unable to resolve static field 918 (SUPPORTED_ABIS) in Landroid/os/Build;
12-13 03:31:04.284 12027 12058 D dalvikvm: VFY: replacing opcode 0x62 at 0x0097
12-13 03:31:04.294  2116  2120 D dalvikvm: GC_CONCURRENT freed 1640K, 50% free 7058K/14096K, paused 15ms+7ms, total 57ms
12-13 03:31:04.294  1281  1299 W ApplicationsProvider: Could not fetch usage stats
12-13 03:31:04.294  1281  1299 W ApplicationsProvider: java.lang.SecurityException: Neither user 10017 nor current process has android.permission.PACKAGE_USAGE_STATS.
12-13 03:31:04.294  1281  1299 W ApplicationsProvider: 	at android.os.Parcel.readException(Parcel.java:1465)
12-13 03:31:04.294  1281  1299 W ApplicationsProvider: 	at android.os.Parcel.readException(Parcel.java:1419)
12-13 03:31:04.294  1281  1299 W ApplicationsProvider: 	at com.android.internal.app.IUsageStats$Stub$Proxy.getAllPkgUsageStats(IUsageStats.java:317)
12-13 03:31:04.294  1281  1299 W ApplicationsProvider: 	at android.app.ActivityManager.getAllPackageUsageStats(ActivityManager.java:2520)
12-13 03:31:04.294  1281  1299 W ApplicationsProvider: 	at com.android.providers.applications.ApplicationsProvider.fetchUsageStats(ApplicationsProvider.java:681)
12-13 03:31:04.294  1281  1299 W ApplicationsProvider: 	at com.android.providers.applications.ApplicationsProvider.updateApplicationsList(ApplicationsProvider.java:519)
12-13 03:31:04.294  1281  1299 W ApplicationsProvider: 	at com.android.providers.applications.ApplicationsProvider.access$300(ApplicationsProvider.java:70)
12-13 03:31:04.294  1281  1299 W ApplicationsProvider: 	at com.android.providers.applications.ApplicationsProvider$UpdateHandler.handleMessage(ApplicationsProvider.java:209)
12-13 03:31:04.294  1281  1299 W ApplicationsProvider: 	at android.os.Handler.dispatchMessage(Handler.java:102)
12-13 03:31:04.294  1281  1299 W ApplicationsProvider: 	at android.os.Looper.loop(Looper.java:136)
12-13 03:31:04.294  1281  1299 W ApplicationsProvider: 	at android.os.HandlerThread.run(HandlerThread.java:61)
12-13 03:31:04.294 12027 12058 D dalvikvm: DexOpt: couldn't find field Landroid/content/pm/ApplicationInfo;.splitSourceDirs
12-13 03:31:04.294 12027 12058 W dalvikvm: VFY: unable to resolve instance field 849
12-13 03:31:04.294 12027 12058 D dalvikvm: VFY: replacing opcode 0x54 at 0x0053
12-13 03:31:04.294 12027 12058 D dalvikvm: DexOpt: couldn't find field Landroid/content/pm/ApplicationInfo;.splitSourceDirs
12-13 03:31:04.294 12027 12058 I dalvikvm: DexOpt: unable to optimize instance field ref 0x0351 at 0x57 in Lkgr;.d
12-13 03:31:04.294 12027 12058 I dalvikvm: Could not find method android.content.ContextWrapper.createCredentialProtectedStorageContext, referenced from method com.google.android.chimera.ModuleContext.createCredentialProtectedStorageContext
12-13 03:31:04.294 12027 12058 W dalvikvm: VFY: unable to resolve virtual method 1708: Landroid/content/ContextWrapper;.createCredentialProtectedStorageContext ()Landroid/content/Context;
12-13 03:31:04.294 12027 12058 D dalvikvm: VFY: replacing opcode 0x6f at 0x0002
12-13 03:31:04.304 12027 12058 I dalvikvm: Could not find method android.content.ContextWrapper.createDeviceProtectedStorageContext, referenced from method com.google.android.chimera.ModuleContext.createDeviceProtectedStorageContext
12-13 03:31:04.304 12027 12058 W dalvikvm: VFY: unable to resolve virtual method 1709: Landroid/content/ContextWrapper;.createDeviceProtectedStorageContext ()Landroid/content/Context;
12-13 03:31:04.304 12027 12058 D dalvikvm: VFY: replacing opcode 0x6f at 0x0002
12-13 03:31:04.304 12027 12058 W dalvikvm: VFY: unable to find class referenced in signature (Larql;)
12-13 03:31:04.324 12027 12058 I dalvikvm: Could not find method android.content.Context.isDeviceProtectedStorage, referenced from method kel.d
12-13 03:31:04.324 12027 12058 W dalvikvm: VFY: unable to resolve virtual method 1689: Landroid/content/Context;.isDeviceProtectedStorage ()Z
12-13 03:31:04.324 12027 12058 D dalvikvm: VFY: replacing opcode 0x6e at 0x0006
12-13 03:31:04.324  8999 12111 W NetRec  : [780] ConfigChangedIntentOperation.onHandleIntent: Device does not support scoring, exiting
12-13 03:31:04.324 12027 12058 I dalvikvm: Could not find method android.os.UserHandle.isOwner, referenced from method kel.i
12-13 03:31:04.334 12027 12058 W dalvikvm: VFY: unable to resolve virtual method 2304: Landroid/os/UserHandle;.isOwner ()Z
12-13 03:31:04.334 12027 12058 D dalvikvm: VFY: replacing opcode 0x6e at 0x000a
12-13 03:31:04.334 12027 12058 I dalvikvm: Could not find method android.content.Context.createDeviceProtectedStorageContext, referenced from method jkx.a
12-13 03:31:04.334 12027 12058 W dalvikvm: VFY: unable to resolve virtual method 1659: Landroid/content/Context;.createDeviceProtectedStorageContext ()Landroid/content/Context;
12-13 03:31:04.334 12027 12058 D dalvikvm: VFY: replacing opcode 0x6e at 0x0029
12-13 03:31:04.334 12027 12058 I dalvikvm: Could not find method android.content.Context.getSystemService, referenced from method jkx.b
12-13 03:31:04.334 12027 12058 W dalvikvm: VFY: unable to resolve virtual method 1684: Landroid/content/Context;.getSystemService (Ljava/lang/Class;)Ljava/lang/Object;
12-13 03:31:04.334 12027 12058 D dalvikvm: VFY: replacing opcode 0x6e at 0x000b
12-13 03:31:04.344 12027 12058 D dalvikvm: Trying to load lib /data/app-lib/com.google.android.gms-2203/libgmscore.so 0x421b5ed8
12-13 03:31:04.344 12027 12058 D dalvikvm: Added shared lib /data/app-lib/com.google.android.gms-2203/libgmscore.so 0x421b5ed8
12-13 03:31:04.344 12027 12058 D dalvikvm: No JNI_OnLoad found in /data/app-lib/com.google.android.gms-2203/libgmscore.so 0x421b5ed8, skipping init
12-13 03:31:04.344 12027 12058 I dalvikvm: Could not find method android.content.pm.PackageManager.isInstantApp, referenced from method kkc.a
12-13 03:31:04.344 12027 12058 W dalvikvm: VFY: unable to resolve virtual method 1808: Landroid/content/pm/PackageManager;.isInstantApp (Ljava/lang/String;)Z
12-13 03:31:04.344 12027 12058 D dalvikvm: VFY: replacing opcode 0x6e at 0x002d
12-13 03:31:04.354 12027 12058 D dalvikvm: Trying to load lib /data/app-lib/com.google.android.gms-2203/libconscrypt_gmscore_jni.so 0x421b5ed8
12-13 03:31:04.354 12027 12058 D dalvikvm: Added shared lib /data/app-lib/com.google.android.gms-2203/libconscrypt_gmscore_jni.so 0x421b5ed8
12-13 03:31:04.364 12027 12058 V NativeCrypto: Registering com/google/android/gms/org/conscrypt/NativeCrypto's 276 native methods...
12-13 03:31:04.374 12027 12058 E dalvikvm: Could not find class 'javax.net.ssl.SNIServerName', referenced from method com.google.android.gms.org.conscrypt.Platform.getSniHostnameFromParams
12-13 03:31:04.374 12027 12058 W dalvikvm: VFY: unable to resolve check-cast 2222 (Ljavax/net/ssl/SNIServerName;) in Lcom/google/android/gms/org/conscrypt/Platform;
12-13 03:31:04.374 12027 12058 D dalvikvm: VFY: replacing opcode 0x1f at 0x0025
12-13 03:31:04.384 12027 12058 E dalvikvm: Could not find class 'javax.net.ssl.SNIHostName', referenced from method com.google.android.gms.org.conscrypt.Platform.setParametersSniHostname
12-13 03:31:04.384 12027 12058 W dalvikvm: VFY: unable to resolve new-instance 2221 (Ljavax/net/ssl/SNIHostName;) in Lcom/google/android/gms/org/conscrypt/Platform;
12-13 03:31:04.384 12027 12058 D dalvikvm: VFY: replacing opcode 0x22 at 0x0024
12-13 03:31:04.384 12027 12058 E dalvikvm: Could not find class 'javax.net.ssl.SNIHostName', referenced from method com.google.android.gms.org.conscrypt.Platform.setParametersSniHostname
12-13 03:31:04.384 12027 12058 W dalvikvm: VFY: unable to resolve new-instance 2221 (Ljavax/net/ssl/SNIHostName;) in Lcom/google/android/gms/org/conscrypt/Platform;
12-13 03:31:04.384 12027 12058 D dalvikvm: VFY: replacing opcode 0x22 at 0x0024
12-13 03:31:04.394 12027 12058 W dalvikvm: Unable to resolve superclass of Lcom/google/android/gms/org/conscrypt/DelegatingExtendedSSLSession; (2212)
12-13 03:31:04.394 12027 12058 W dalvikvm: Link of class 'Lcom/google/android/gms/org/conscrypt/DelegatingExtendedSSLSession;' failed
12-13 03:31:04.394  8999 12143 W NetRec  : [783] ConfigChangedIntentOperation.onHandleIntent: Device does not support scoring, exiting
12-13 03:31:04.394 12027 12058 E dalvikvm: Could not find class 'com.google.android.gms.org.conscrypt.DelegatingExtendedSSLSession', referenced from method com.google.android.gms.org.conscrypt.Platform.unwrapSSLSession
12-13 03:31:04.394 12027 12058 W dalvikvm: VFY: unable to resolve instanceof 1304 (Lcom/google/android/gms/org/conscrypt/DelegatingExtendedSSLSession;) in Lcom/google/android/gms/org/conscrypt/Platform;
12-13 03:31:04.394 12027 12058 D dalvikvm: VFY: replacing opcode 0x20 at 0x0007
12-13 03:31:04.394 12027 12058 W dalvikvm: Unable to resolve superclass of Lcom/google/android/gms/org/conscrypt/DelegatingExtendedSSLSession; (2212)
12-13 03:31:04.394 12027 12058 W dalvikvm: Link of class 'Lcom/google/android/gms/org/conscrypt/DelegatingExtendedSSLSession;' failed
12-13 03:31:04.394 12027 12058 E dalvikvm: Could not find class 'com.google.android.gms.org.conscrypt.DelegatingExtendedSSLSession', referenced from method com.google.android.gms.org.conscrypt.Platform.wrapSSLSession
12-13 03:31:04.394 12027 12058 W dalvikvm: VFY: unable to resolve new-instance 1304 (Lcom/google/android/gms/org/conscrypt/DelegatingExtendedSSLSession;) in Lcom/google/android/gms/org/conscrypt/Platform;
12-13 03:31:04.394 12027 12058 D dalvikvm: VFY: replacing opcode 0x22 at 0x0007
12-13 03:31:04.394 12027 12058 D dalvikvm: DexOpt: unable to opt direct call 0x3096 at 0x2a in Lcom/google/android/gms/org/conscrypt/Platform;.setParametersSniHostname
12-13 03:31:04.404 12027 12058 D dalvikvm: DexOpt: unable to opt direct call 0x3096 at 0x2a in Lcom/google/android/gms/org/conscrypt/Platform;.setParametersSniHostname
12-13 03:31:04.404 12027 12058 W dalvikvm: Unable to resolve superclass of Lcom/google/android/gms/org/conscrypt/DelegatingExtendedSSLSession; (2212)
12-13 03:31:04.404 12027 12058 W dalvikvm: Link of class 'Lcom/google/android/gms/org/conscrypt/DelegatingExtendedSSLSession;' failed
12-13 03:31:04.404 12027 12058 D dalvikvm: DexOpt: unable to opt direct call 0x1b67 at 0x09 in Lcom/google/android/gms/org/conscrypt/Platform;.wrapSSLSession
12-13 03:31:04.414 12188 12188 D UserAnalysis.PlaceProvider: Create SecureDbHelper
12-13 03:31:04.424 12188 12188 D UserAnalysis.UserAnalysisBroadcastReceiver: Create SecureDbHelper
12-13 03:31:04.424   787  1253 W ActivityManager: Permission Denial: getCurrentUser() from pid=12188, uid=10052 requires android.permission.INTERACT_ACROSS_USERS
12-13 03:31:04.464 10413 10413 D CapabilityManagerService New: Receiver Broadcast:android.intent.action.PACKAGE_REMOVED
12-13 03:31:04.464 10413 10413 D CapabilityManagerService New: The package(com.trellis) removed
12-13 03:31:04.474  8999 12143 W NetRec  : [783] ConfigChangedIntentOperation.onHandleIntent: Device does not support scoring, exiting
12-13 03:31:04.514 12203 12203 I SELinux : Function: selinux_android_load_priority [0], There is no sepolicy file.
12-13 03:31:04.514 12203 12203 I SELinux :  
12-13 03:31:04.514 12203 12203 I SELinux : Function: selinux_android_load_priority [1], There is no sepolicy version file.
12-13 03:31:04.514 12203 12203 I SELinux :  
12-13 03:31:04.514 12203 12203 I SELinux : Function: selinux_android_load_priority , priority version is VE=SEPF_SM-T530NU_4.4.2_0028
12-13 03:31:04.514 12203 12203 I SELinux :  
12-13 03:31:04.514 12203 12203 I SELinux :  
12-13 03:31:04.514 12203 12203 I SELinux : selinux_android_seapp_context_reload: seapp_contexts file is loaded from /seapp_contexts
12-13 03:31:04.524   787  1253 I ActivityManager: Killing 10373:com.hancom.office.hcell.viewer.hcell_viewer_apk/u0a49 (adj 15): empty #31
12-13 03:31:04.534  8999 12144 W NetRec  : [784] ConfigChangedIntentOperation.onHandleIntent: Device does not support scoring, exiting
12-13 03:31:04.594  8999 12144 W NetRec  : [784] ConfigChangedIntentOperation.onHandleIntent: Device does not support scoring, exiting
12-13 03:31:04.614 12203 12203 W ContextImpl: Calling a method in the system process without a qualified user: android.app.ContextImpl.startService:1865 android.content.ContextWrapper.startService:506 android.content.ContextWrapper.startService:506 com.android.keychain.KeyChainBroadcastReceiver.onReceive:12 android.app.ActivityThread.handleReceiver:2578 
12-13 03:31:04.644 12201 12201 D AndroidRuntime: 
12-13 03:31:04.644 12201 12201 D AndroidRuntime: >>>>>> AndroidRuntime START com.android.internal.os.RuntimeInit <<<<<<
12-13 03:31:04.654 12201 12201 D AndroidRuntime: CheckJNI is OFF
12-13 03:31:04.654 12201 12201 D AndroidRuntime: setted country_code = USA
12-13 03:31:04.654 12201 12201 D AndroidRuntime: setted countryiso_code = US
12-13 03:31:04.654 12201 12201 D AndroidRuntime: setted sales_code = BNN
12-13 03:31:04.654 12201 12201 D AndroidRuntime: readGMSProperty: start
12-13 03:31:04.654 12201 12201 D AndroidRuntime: readGMSProperty: already setted!!
12-13 03:31:04.654 12201 12201 D AndroidRuntime: readGMSProperty: end
12-13 03:31:04.654 12201 12201 D AndroidRuntime: addProductProperty: start
12-13 03:31:04.664   787   986 I ActivityManager: Killing 10386:com.hancom.office.hshow.viewer.hshow_viewer_apk/u0a50 (adj 15): empty #31
12-13 03:31:04.674 12201 12201 D dalvikvm: Trying to load lib libjavacore.so 0x0
12-13 03:31:04.674 12201 12201 D dalvikvm: Added shared lib libjavacore.so 0x0
12-13 03:31:04.684 12201 12201 D dalvikvm: Trying to load lib libnativehelper.so 0x0
12-13 03:31:04.684 12201 12201 D dalvikvm: Added shared lib libnativehelper.so 0x0
12-13 03:31:04.684 12201 12201 D dalvikvm: No JNI_OnLoad found in libnativehelper.so 0x0, skipping init
12-13 03:31:04.704  8999  9461 E NetworkScheduler: Unrecognised action provided: android.intent.action.PACKAGE_REMOVED
12-13 03:31:04.734 12027 12058 D dalvikvm: Trying to load lib /data/app-lib/com.google.android.gms-2203/libgmscore.so 0x421b5ed8
12-13 03:31:04.734 12027 12058 D dalvikvm: Shared lib '/data/app-lib/com.google.android.gms-2203/libgmscore.so' already loaded in same CL 0x421b5ed8
12-13 03:31:04.734 12027 12058 D dalvikvm: Trying to load lib /data/app-lib/com.google.android.gms-2203/libconscrypt_gmscore_jni.so 0x421b5ed8
12-13 03:31:04.734 12027 12058 D dalvikvm: Shared lib '/data/app-lib/com.google.android.gms-2203/libconscrypt_gmscore_jni.so' already loaded in same CL 0x421b5ed8
12-13 03:31:04.744  8999 12144 W NetRec  : [784] ConfigChangedIntentOperation.onHandleIntent: Device does not support scoring, exiting
12-13 03:31:04.774  8999  9228 W ConfigurationChimeraPro: Got null configs for com.google.android.gms.drive
12-13 03:31:04.844  8999 12144 I PTCommittedOperation: Receive new configuration for com.google.android.gms.icing
12-13 03:31:04.854  9394  9744 I Icing   : doRemovePackageData com.trellis
12-13 03:31:04.884  1818 12227 I DownloadStaller: onHandleIntent: Uninstalltion successfull!
12-13 03:31:04.894  8999 12021 W NetRec  : [774] ConfigChangedIntentOperation.onHandleIntent: Device does not support scoring, exiting
12-13 03:31:04.914 12201 12201 E memtrack: Couldn't load memtrack module (No such file or directory)
12-13 03:31:04.914 12201 12201 E android.os.Debug: failed to load memtrack module: -2
12-13 03:31:04.934  9394 12124 I SettingsChangedIntentOp: SettingsChangedIntentOperation.run: Got intent Intent { act=com.google.android.gms.phenotype.COMMITTED flg=0x10 pkg=com.google.android.gms cmp=com.google.android.gms/.chimera.GmsIntentOperationService (has extras) }
12-13 03:31:04.934  9394 12124 I SettingsChangedIntentOp: SettingsChangedIntentOperation.run Intent extra com.google.android.gms.phenotype.PACKAGE_NAME: com.google.android.gms.icing
12-13 03:31:04.934  9394 12124 I SettingsChangedIntentOp: Action: com.google.android.gms.phenotype.COMMITTED
12-13 03:31:04.934  9394 12124 I SettingsChangedIntentOp: EXTRA_PACKAGE_NAME: com.google.android.gms.icing
12-13 03:31:04.954 12201 12201 D dalvikvm: Note: class Landroid/app/ActivityManagerNative; has 192 unimplemented (abstract) methods
12-13 03:31:05.024 12027 12058 I ProviderInstaller: Installed default security provider GmsCore_OpenSSL
12-13 03:31:05.024 12201 12201 D AndroidRuntime: Calling main entry com.android.commands.pm.Pm
12-13 03:31:05.064  9394  9398 D dalvikvm: GC_CONCURRENT freed 1793K, 45% free 10273K/18600K, paused 13ms+28ms, total 126ms
12-13 03:31:05.064  9394 12123 D dalvikvm: WAIT_FOR_CONCURRENT_GC blocked 96ms
12-13 03:31:05.064  9394 12023 D dalvikvm: WAIT_FOR_CONCURRENT_GC blocked 91ms
12-13 03:31:05.064  9394  9538 D dalvikvm: WAIT_FOR_CONCURRENT_GC blocked 95ms
12-13 03:31:05.064  9394  9510 D dalvikvm: WAIT_FOR_CONCURRENT_GC blocked 95ms
12-13 03:31:05.064  9394  9405 D dalvikvm: WAIT_FOR_CONCURRENT_GC blocked 46ms
12-13 03:31:05.064  9394 12122 D dalvikvm: WAIT_FOR_CONCURRENT_GC blocked 96ms
12-13 03:31:05.064  9394  9565 D dalvikvm: WAIT_FOR_CONCURRENT_GC blocked 97ms
12-13 03:31:05.064  9394  9575 D dalvikvm: WAIT_FOR_CONCURRENT_GC blocked 98ms
12-13 03:31:05.074  9394 12133 D dalvikvm: WAIT_FOR_CONCURRENT_GC blocked 98ms
12-13 03:31:05.074  9394 12134 D dalvikvm: WAIT_FOR_CONCURRENT_GC blocked 99ms
12-13 03:31:05.074  9394 11915 D dalvikvm: WAIT_FOR_CONCURRENT_GC blocked 86ms
12-13 03:31:05.074  9394  9688 I Icing   : IndexChimeraService.getServiceInterface callingPackage=com.google.android.gms componentName=AppsCorpus serviceId=32
12-13 03:31:05.084  9394  9594 D dalvikvm: WAIT_FOR_CONCURRENT_GC blocked 110ms
12-13 03:31:05.084  9394  9665 I Icing   : IndexChimeraService.getServiceInterface callingPackage=com.google.android.gms componentName=AppsCorpus serviceId=36
12-13 03:31:05.084  9394  9511 D dalvikvm: WAIT_FOR_CONCURRENT_GC blocked 114ms
12-13 03:31:05.114  8999 12112 W NetRec  : [781] ConfigChangedIntentOperation.onHandleIntent: Device does not support scoring, exiting
12-13 03:31:05.114  9394 12023 I PeopleContactsSync: triggerPendingContactsCleanup: no accounts
12-13 03:31:05.144  9394 12123 I GrowthService: Package com.trellis uninstalled. Removing from storage.
12-13 03:31:05.154  9394 12133 D Wear_Controller: Received broadcast action=android.intent.action.PACKAGE_REMOVED and uri=com.trellis
12-13 03:31:05.184  9394 12133 I LocationSettingsChecker: Removing dialog suppression flag for package com.trellis
12-13 03:31:05.304  9394 12019 I SettingsChangedIntentOp: SettingsChangedIntentOperation.run: Got intent Intent { act=com.google.android.gms.phenotype.COMMITTED flg=0x10 pkg=com.google.android.gms cmp=com.google.android.gms/.chimera.GmsIntentOperationService (has extras) }
12-13 03:31:05.304  9394 12019 I SettingsChangedIntentOp: SettingsChangedIntentOperation.run Intent extra com.google.android.gms.phenotype.PACKAGE_NAME: com.google.android.gms.auth_authzen
12-13 03:31:05.304  9394 12019 I SettingsChangedIntentOp: Action: com.google.android.gms.phenotype.COMMITTED
12-13 03:31:05.304  9394 12019 I SettingsChangedIntentOp: EXTRA_PACKAGE_NAME: com.google.android.gms.auth_authzen
12-13 03:31:05.304 12201 12201 D AndroidRuntime: Shutting down VM
12-13 03:31:05.304  8999  9003 D dalvikvm: GC_CONCURRENT freed 2009K, 36% free 9242K/14428K, paused 12ms+17ms, total 116ms
12-13 03:31:05.314 12201 12221 D dalvikvm: GC_CONCURRENT freed 571K, 46% free 683K/1256K, paused 1ms+1ms, total 6ms
12-13 03:31:05.314  8999  9228 D dalvikvm: WAIT_FOR_CONCURRENT_GC blocked 13ms
12-13 03:31:05.314  8999  9708 D dalvikvm: WAIT_FOR_CONCURRENT_GC blocked 13ms
12-13 03:31:05.314  8999 12020 D dalvikvm: WAIT_FOR_CONCURRENT_GC blocked 13ms
12-13 03:31:05.314  8999  8999 D dalvikvm: WAIT_FOR_CONCURRENT_GC blocked 13ms
12-13 03:31:05.314  8999 12143 I PTCommittedOperation: Receive new configuration for com.google.android.gms.auth_authzen
12-13 03:31:05.344  9394 12023 I SettingsChangedIntentOp: SettingsChangedIntentOperation.run: Got intent Intent { act=com.google.android.gms.phenotype.COMMITTED flg=0x10 pkg=com.google.android.gms cmp=com.google.android.gms/.chimera.GmsIntentOperationService (has extras) }
12-13 03:31:05.344  9394 12023 I SettingsChangedIntentOp: SettingsChangedIntentOperation.run Intent extra com.google.android.gms.phenotype.PACKAGE_NAME: com.google.android.gms.telephonyspam
12-13 03:31:05.354  9394 12023 I SettingsChangedIntentOp: Action: com.google.android.gms.phenotype.COMMITTED
12-13 03:31:05.354  9394 12023 I SettingsChangedIntentOp: EXTRA_PACKAGE_NAME: com.google.android.gms.telephonyspam
12-13 03:31:05.354  9394 12023 I SettingsChangedIntentOp: telephonyspam phenotype flag changed
12-13 03:31:05.354  9394 12023 I SpamListSync: schedulePeriodicTask
12-13 03:31:05.374  8999 12112 W NetRec  : [781] ConfigChangedIntentOperation.onHandleIntent: Device does not support scoring, exiting
12-13 03:31:05.384  8999 12021 I PTCommittedOperation: Receive new configuration for com.google.android.gms.telephonyspam
12-13 03:31:05.414  8999 12111 I PTCommittedOperation: Receive new configuration for com.google.android.gms.googlehelp
12-13 03:31:05.434 12237 12237 I SELinux : Function: selinux_android_load_priority [0], There is no sepolicy file.
12-13 03:31:05.434 12237 12237 I SELinux :  
12-13 03:31:05.434 12237 12237 I SELinux : Function: selinux_android_load_priority [1], There is no sepolicy version file.
12-13 03:31:05.434 12237 12237 I SELinux :  
12-13 03:31:05.434 12237 12237 I SELinux : Function: selinux_android_load_priority , priority version is VE=SEPF_SM-T530NU_4.4.2_0028
12-13 03:31:05.434 12237 12237 I SELinux :  
12-13 03:31:05.434 12237 12237 I SELinux :  
12-13 03:31:05.434 12237 12237 I SELinux : selinux_android_seapp_context_reload: seapp_contexts file is loaded from /seapp_contexts
12-13 03:31:05.464  9394 12019 I SettingsChangedIntentOp: SettingsChangedIntentOperation.run: Got intent Intent { act=com.google.android.gms.phenotype.COMMITTED flg=0x10 pkg=com.google.android.gms cmp=com.google.android.gms/.chimera.GmsIntentOperationService (has extras) }
12-13 03:31:05.464  9394 12019 I SettingsChangedIntentOp: SettingsChangedIntentOperation.run Intent extra com.google.android.gms.phenotype.PACKAGE_NAME: com.google.android.gms.googlehelp
12-13 03:31:05.464  9394 12019 I SettingsChangedIntentOp: Action: com.google.android.gms.phenotype.COMMITTED
12-13 03:31:05.464  9394 12019 I SettingsChangedIntentOp: EXTRA_PACKAGE_NAME: com.google.android.gms.googlehelp
12-13 03:31:05.474  8999 12144 W NetRec  : [784] ConfigChangedIntentOperation.onHandleIntent: Device does not support scoring, exiting
12-13 03:31:05.484  8999 12021 I PTCommittedOperation: Receive new configuration for com.google.android.gms.auth_cryptauth
12-13 03:31:05.484  9394 12236 I DatabaseHelper: Creating a new database at version 172 for /data/data/com.google.android.gms/databases/DocList.db
12-13 03:31:05.534   787  1253 W ActivityManager: Permission Denial: getCurrentUser() from pid=12237, uid=10015 requires android.permission.INTERACT_ACROSS_USERS
12-13 03:31:05.544  9394 12123 I SettingsChangedIntentOp: SettingsChangedIntentOperation.run: Got intent Intent { act=com.google.android.gms.phenotype.COMMITTED flg=0x10 pkg=com.google.android.gms cmp=com.google.android.gms/.chimera.GmsIntentOperationService (has extras) }
12-13 03:31:05.544  9394 12123 I SettingsChangedIntentOp: SettingsChangedIntentOperation.run Intent extra com.google.android.gms.phenotype.PACKAGE_NAME: com.google.android.gms.auth_cryptauth
12-13 03:31:05.544  9394 12123 I SettingsChangedIntentOp: Action: com.google.android.gms.phenotype.COMMITTED
12-13 03:31:05.544  9394 12123 I SettingsChangedIntentOp: EXTRA_PACKAGE_NAME: com.google.android.gms.auth_cryptauth
12-13 03:31:05.554 12237 12237 D KLMS-2.3.164 : : KLMSValidator() : checkQATesting()
12-13 03:31:05.554  9394  9394 E ConnectivityChangeRecei: Ignoring connectivity change
12-13 03:31:05.594  8999 12021 W NetRec  : [774] ConfigChangedIntentOperation.onHandleIntent: Device does not support scoring, exiting
12-13 03:31:05.634 12237 12237 I KLMS-2.3.164 : : ELMReceiver() : EventNotificationReciver- method called: AppActivityListner onReceive for Intent Action : com.sec.esdk.elm.action.DEACTIVE_PACKAGE , timestamp: 1513135865646
12-13 03:31:05.634  8999 12143 W NetRec  : [783] ConfigChangedIntentOperation.onHandleIntent: Device does not support scoring, exiting
12-13 03:31:05.644 12237 12237 I KLMS-2.3.164 : : ELMReceiver() : ELM_DEACTIVATE_LICENSE
12-13 03:31:05.644 12237 12237 I KLMS-2.3.164 : : KnoxLicenseServicesImpl() : deactivateLicense()
12-13 03:31:05.644 12237 12237 I KLMS-2.3.164 : : DeviceServices() : Deactivation initiator=1001 | packageName=ELM
12-13 03:31:05.654 12237 12237 I KLMS-2.3.164 : : KLMSUtility() : isNetworkAvailable() - WIFI : true| MOBILE : false
12-13 03:31:05.684  9394 12019 I SettingsChangedIntentOp: SettingsChangedIntentOperation.run: Got intent Intent { act=com.google.android.gms.phenotype.COMMITTED flg=0x10 pkg=com.google.android.gms cmp=com.google.android.gms/.chimera.GmsIntentOperationService (has extras) }
12-13 03:31:05.684  9394 12019 I SettingsChangedIntentOp: SettingsChangedIntentOperation.run Intent extra com.google.android.gms.phenotype.PACKAGE_NAME: com.google.android.gms.auth.api.credentials
12-13 03:31:05.684  9394 12019 I SettingsChangedIntentOp: Action: com.google.android.gms.phenotype.COMMITTED
12-13 03:31:05.684  9394 12019 I SettingsChangedIntentOp: EXTRA_PACKAGE_NAME: com.google.android.gms.auth.api.credentials
12-13 03:31:05.694  8999 12111 I PTCommittedOperation: Receive new configuration for com.google.android.gms.auth.api.credentials
12-13 03:31:05.724  8999 12021 W NetRec  : [774] ConfigChangedIntentOperation.onHandleIntent: Device does not support scoring, exiting
12-13 03:31:05.734  8999 12144 I PTCommittedOperation: Receive new configuration for com.google.android.gms.octarine
12-13 03:31:05.744  8999 12021 W NetRec  : [774] ConfigChangedIntentOperation.onHandleIntent: Device does not support scoring, exiting
12-13 03:31:05.754  9394  9398 D dalvikvm: GC_CONCURRENT freed 1990K, 45% free 10330K/18600K, paused 15ms+9ms, total 106ms
12-13 03:31:05.754  9394 12122 D dalvikvm: WAIT_FOR_CONCURRENT_GC blocked 59ms
12-13 03:31:05.754  9394 10046 D dalvikvm: WAIT_FOR_CONCURRENT_GC blocked 57ms
12-13 03:31:05.754  9394 12236 D dalvikvm: WAIT_FOR_CONCURRENT_GC blocked 58ms
12-13 03:31:05.754  9394  9744 D dalvikvm: WAIT_FOR_CONCURRENT_GC blocked 59ms
12-13 03:31:05.764  9394 12023 D dalvikvm: WAIT_FOR_CONCURRENT_GC blocked 59ms
12-13 03:31:05.764  9394  9594 D dalvikvm: WAIT_FOR_CONCURRENT_GC blocked 60ms
12-13 03:31:05.764  8999 12021 I PTCommittedOperation: Receive new configuration for com.google.android.gms.growth
12-13 03:31:05.784  9394 12133 I SettingsChangedIntentOp: SettingsChangedIntentOperation.run: Got intent Intent { act=com.google.android.gms.phenotype.COMMITTED flg=0x10 pkg=com.google.android.gms cmp=com.google.android.gms/.chimera.GmsIntentOperationService (has extras) }
12-13 03:31:05.784  9394 12133 I SettingsChangedIntentOp: SettingsChangedIntentOperation.run Intent extra com.google.android.gms.phenotype.PACKAGE_NAME: com.google.android.gms.octarine
12-13 03:31:05.784  9394 12133 I SettingsChangedIntentOp: Action: com.google.android.gms.phenotype.COMMITTED
12-13 03:31:05.784  9394 12133 I SettingsChangedIntentOp: EXTRA_PACKAGE_NAME: com.google.android.gms.octarine
12-13 03:31:05.814  8999 12021 I PTCommittedOperation: Receive new configuration for com.google.android.gms.matchstick
12-13 03:31:05.864  8999 12111 W NetRec  : [780] ConfigChangedIntentOperation.onHandleIntent: Device does not support scoring, exiting
12-13 03:31:05.864  8999 12110 I PTCommittedOperation: Receive new configuration for com.google.android.gms.romanesco
12-13 03:31:05.864  9394 12019 I SettingsChangedIntentOp: SettingsChangedIntentOperation.run: Got intent Intent { act=com.google.android.gms.phenotype.COMMITTED flg=0x10 pkg=com.google.android.gms cmp=com.google.android.gms/.chimera.GmsIntentOperationService (has extras) }
12-13 03:31:05.864  9394 12019 I SettingsChangedIntentOp: SettingsChangedIntentOperation.run Intent extra com.google.android.gms.phenotype.PACKAGE_NAME: com.google.android.gms.growth
