12-13 03:31:26.044 12751 12751 W dalvikvm: VFY: unable to find class referenced in signature (Landroid/app/assist/AssistContent;)
12-13 03:31:26.044 12751 12751 I dalvikvm: Could not find method lm.onProvideAssistContent, referenced from method cps.superOnProvideAssistContent
12-13 03:31:26.044 12751 12751 W dalvikvm: VFY: unable to resolve virtual method 15462: Llm;.onProvideAssistContent (Landroid/app/assist/AssistContent;)V
12-13 03:31:26.044 12751 12751 D dalvikvm: VFY: replacing opcode 0x6f at 0x0000
12-13 03:31:26.044 12751 12751 I dalvikvm: Could not find method lm.onProvideReferrer, referenced from method cps.superOnProvideReferrer
12-13 03:31:26.044 12751 12751 W dalvikvm: VFY: unable to resolve virtual method 15464: Llm;.onProvideReferrer ()Landroid/net/Uri;
12-13 03:31:26.044 12751 12751 D dalvikvm: VFY: replacing opcode 0x6f at 0x0000
12-13 03:31:26.044 12751 12751 W dalvikvm: VFY: unable to find class referenced in signature (Landroid/os/PersistableBundle;)
12-13 03:31:26.044 12751 12751 I dalvikvm: Could not find method lm.onRestoreInstanceState, referenced from method cps.superOnRestoreInstanceState
12-13 03:31:26.044 12751 12751 W dalvikvm: VFY: unable to resolve virtual method 15468: Llm;.onRestoreInstanceState (Landroid/os/Bundle;Landroid/os/PersistableBundle;)V
12-13 03:31:26.044 12751 12751 D dalvikvm: VFY: replacing opcode 0x6f at 0x0000
12-13 03:31:26.044 12751 12751 W dalvikvm: VFY: unable to find class referenced in signature (Landroid/os/PersistableBundle;)
12-13 03:31:26.044 12751 12751 I dalvikvm: Could not find method lm.onSaveInstanceState, referenced from method cps.superOnSaveInstanceState
12-13 03:31:26.044 12751 12751 W dalvikvm: VFY: unable to resolve virtual method 15472: Llm;.onSaveInstanceState (Landroid/os/Bundle;Landroid/os/PersistableBundle;)V
12-13 03:31:26.044 12751 12751 D dalvikvm: VFY: replacing opcode 0x6f at 0x0000
12-13 03:31:26.044 12751 12751 W dalvikvm: VFY: unable to find class referenced in signature (Landroid/view/SearchEvent;)
12-13 03:31:26.044 12751 12751 I dalvikvm: Could not find method lm.onSearchRequested, referenced from method cps.superOnSearchRequested
12-13 03:31:26.044 12751 12751 W dalvikvm: VFY: unable to resolve virtual method 15474: Llm;.onSearchRequested (Landroid/view/SearchEvent;)Z
12-13 03:31:26.044 12751 12751 D dalvikvm: VFY: replacing opcode 0x6f at 0x0000
12-13 03:31:26.044 12751 12751 I dalvikvm: Could not find method lm.onVisibleBehindCanceled, referenced from method cps.superOnVisibleBehindCanceled
12-13 03:31:26.044 12751 12751 W dalvikvm: VFY: unable to resolve virtual method 15484: Llm;.onVisibleBehindCanceled ()V
12-13 03:31:26.044 12751 12751 D dalvikvm: VFY: replacing opcode 0x6f at 0x0000
12-13 03:31:26.044 12751 12751 I dalvikvm: Could not find method android.app.Activity.postponeEnterTransition, referenced from method cps.superPostponeEnterTransition
12-13 03:31:26.044 12751 12751 W dalvikvm: VFY: unable to resolve virtual method 1422: Landroid/app/Activity;.postponeEnterTransition ()V
12-13 03:31:26.044 12751 12751 D dalvikvm: VFY: replacing opcode 0x6f at 0x0000
12-13 03:31:26.044 12751 12751 I dalvikvm: Could not find method lm.releaseInstance, referenced from method cps.superReleaseInstance
12-13 03:31:26.044 12751 12751 W dalvikvm: VFY: unable to resolve virtual method 15490: Llm;.releaseInstance ()Z
12-13 03:31:26.044 12751 12751 D dalvikvm: VFY: replacing opcode 0x6f at 0x0000
12-13 03:31:26.044 12751 12751 I dalvikvm: Could not find method lm.requestVisibleBehind, referenced from method cps.superRequestVisibleBehind
12-13 03:31:26.044 12751 12751 W dalvikvm: VFY: unable to resolve virtual method 15494: Llm;.requestVisibleBehind (Z)Z
12-13 03:31:26.044 12751 12751 D dalvikvm: VFY: replacing opcode 0x6f at 0x0000
12-13 03:31:26.044 12751 12751 I dalvikvm: Could not find method lm.setContentTransitionManager, referenced from method cps.superSetContentTransitionManager
12-13 03:31:26.044 12751 12751 W dalvikvm: VFY: unable to resolve virtual method 15495: Llm;.setContentTransitionManager (Landroid/transition/TransitionManager;)V
12-13 03:31:26.044 12751 12751 D dalvikvm: VFY: replacing opcode 0x6f at 0x0000
12-13 03:31:26.044 12751 12751 I dalvikvm: Could not find method lm.setTaskDescription, referenced from method cps.superSetTaskDescription
12-13 03:31:26.044 12751 12751 W dalvikvm: VFY: unable to resolve virtual method 15516: Llm;.setTaskDescription (Landroid/app/ActivityManager$TaskDescription;)V
12-13 03:31:26.044 12751 12751 D dalvikvm: VFY: replacing opcode 0x6f at 0x0000
12-13 03:31:26.044 12751 12751 I dalvikvm: Could not find method lm.shouldShowRequestPermissionRationale, referenced from method cps.superShouldShowRequestPermissionRationale
12-13 03:31:26.044 12751 12751 W dalvikvm: VFY: unable to resolve virtual method 15522: Llm;.shouldShowRequestPermissionRationale (Ljava/lang/String;)Z
12-13 03:31:26.044 12751 12751 D dalvikvm: VFY: replacing opcode 0x6f at 0x0000
12-13 03:31:26.044 12751 12751 I dalvikvm: Could not find method lm.showAssist, referenced from method cps.superShowAssist
12-13 03:31:26.054 12751 12751 W dalvikvm: VFY: unable to resolve virtual method 15523: Llm;.showAssist (Landroid/os/Bundle;)Z
12-13 03:31:26.054 12751 12751 D dalvikvm: VFY: replacing opcode 0x6f at 0x0000
12-13 03:31:26.054 12751 12751 I dalvikvm: Could not find method lm.showLockTaskEscapeMessage, referenced from method cps.superShowLockTaskEscapeMessage
12-13 03:31:26.054 12751 12751 W dalvikvm: VFY: unable to resolve virtual method 15526: Llm;.showLockTaskEscapeMessage ()V
12-13 03:31:26.054 12751 12751 D dalvikvm: VFY: replacing opcode 0x6f at 0x0000
12-13 03:31:26.054 12751 12751 I dalvikvm: Could not find method lm.startLockTask, referenced from method cps.superStartLockTask
12-13 03:31:26.054 12751 12751 W dalvikvm: VFY: unable to resolve virtual method 15542: Llm;.startLockTask ()V
12-13 03:31:26.054 12751 12751 D dalvikvm: VFY: replacing opcode 0x6f at 0x0000
12-13 03:31:26.054 12751 12751 I dalvikvm: Could not find method android.app.Activity.startPostponedEnterTransition, referenced from method cps.superStartPostponedEnterTransition
12-13 03:31:26.054 12751 12751 W dalvikvm: VFY: unable to resolve virtual method 1433: Landroid/app/Activity;.startPostponedEnterTransition ()V
12-13 03:31:26.054 12751 12751 D dalvikvm: VFY: replacing opcode 0x6f at 0x0000
12-13 03:31:26.054 12751 12751 I dalvikvm: Could not find method lm.stopLockTask, referenced from method cps.superStopLockTask
12-13 03:31:26.054 12751 12751 W dalvikvm: VFY: unable to resolve virtual method 15547: Llm;.stopLockTask ()V
12-13 03:31:26.054 12751 12751 D dalvikvm: VFY: replacing opcode 0x6f at 0x0000
12-13 03:31:26.064 12729 12768 E LLog    : [h] java.net.UnknownHostException: Unable to resolve host "ew1.dms-gld.bigdata.ssp.samsung.com": No address associated with hostname
12-13 03:31:26.064 12729 12768 E LLog    : 	at java.net.InetAddress.lookupHostByName(InetAddress.java:424)
12-13 03:31:26.064 12729 12768 E LLog    : 	at java.net.InetAddress.getAllByNameImpl(InetAddress.java:236)
12-13 03:31:26.064 12729 12768 E LLog    : 	at java.net.InetAddress.getAllByName(InetAddress.java:214)
12-13 03:31:26.064 12729 12768 E LLog    : 	at com.android.okhttp.internal.Dns$1.getAllByName(Dns.java:28)
12-13 03:31:26.064 12729 12768 E LLog    : 	at com.android.okhttp.internal.http.RouteSelector.resetNextInetSocketAddress(RouteSelector.java:216)
12-13 03:31:26.064 12729 12768 E LLog    : 	at com.android.okhttp.internal.http.RouteSelector.next(RouteSelector.java:122)
12-13 03:31:26.064 12729 12768 E LLog    : 	at com.android.okhttp.internal.http.HttpEngine.connect(HttpEngine.java:390)
12-13 03:31:26.064 12729 12768 E LLog    : 	at com.android.okhttp.internal.http.HttpEngine.sendSocketRequest(HttpEngine.java:343)
12-13 03:31:26.064 12729 12768 E LLog    : 	at com.android.okhttp.internal.http.HttpEngine.sendRequest(HttpEngine.java:289)
12-13 03:31:26.064 12729 12768 E LLog    : 	at com.android.okhttp.internal.http.HttpURLConnectionImpl.execute(HttpURLConnectionImpl.java:345)
12-13 03:31:26.064 12729 12768 E LLog    : 	at com.android.okhttp.internal.http.HttpURLConnectionImpl.connect(HttpURLConnectionImpl.java:89)
12-13 03:31:26.064 12729 12768 E LLog    : 	at com.android.okhttp.internal.http.HttpURLConnectionImpl.getOutputStream(HttpURLConnectionImpl.java:197)
12-13 03:31:26.064 12729 12768 E LLog    : 	at com.android.okhttp.internal.http.HttpsURLConnectionImpl.getOutputStream(HttpsURLConnectionImpl.java:254)
12-13 03:31:26.064 12729 12768 E LLog    : 	at com.sec.spp.push.dlc.sender.ak.a(Unknown Source)
12-13 03:31:26.064 12729 12768 E LLog    : 	at com.sec.spp.push.dlc.sender.h.a(Unknown Source)
12-13 03:31:26.064 12729 12768 E LLog    : 	at com.sec.spp.push.dlc.sender.t.run(Unknown Source)
12-13 03:31:26.064 12729 12768 E LLog    : 	at java.lang.Thread.run(Thread.java:841)
12-13 03:31:26.064 12729 12768 E LLog    : Caused by: libcore.io.GaiException: getaddrinfo failed: EAI_NODATA (No address associated with hostname)
12-13 03:31:26.064 12729 12768 E LLog    : 	at libcore.io.Posix.getaddrinfo(Native Method)
12-13 03:31:26.064 12729 12768 E LLog    : 	at libcore.io.ForwardingOs.getaddrinfo(ForwardingOs.java:61)
12-13 03:31:26.064 12729 12768 E LLog    : 	at java.net.InetAddress.lookupHostByName(InetAddress.java:405)
12-13 03:31:26.064 12729 12768 E LLog    : 	... 16 more
12-13 03:31:26.064 12751 12751 I dalvikvm: Could not find method android.content.ContextWrapper.createCredentialProtectedStorageContext, referenced from method jia.createCredentialProtectedStorageContext
12-13 03:31:26.064 12751 12751 W dalvikvm: VFY: unable to resolve virtual method 1708: Landroid/content/ContextWrapper;.createCredentialProtectedStorageContext ()Landroid/content/Context;
12-13 03:31:26.064 12751 12751 D dalvikvm: VFY: replacing opcode 0x6f at 0x0002
12-13 03:31:26.064 12751 12751 I dalvikvm: Could not find method android.content.ContextWrapper.createDeviceProtectedStorageContext, referenced from method jia.createDeviceProtectedStorageContext
12-13 03:31:26.064 12751 12751 W dalvikvm: VFY: unable to resolve virtual method 1709: Landroid/content/ContextWrapper;.createDeviceProtectedStorageContext ()Landroid/content/Context;
12-13 03:31:26.064 12751 12751 D dalvikvm: VFY: replacing opcode 0x6f at 0x0002
12-13 03:31:26.064   787  1238 I ActivityManager: Killing 12188:com.samsung.android.intelligenceservice/u0a52 (adj 15): empty #31
12-13 03:31:26.074 12751 12751 I dalvikvm: Could not find method android.content.res.Configuration.getLocales, referenced from method com.google.android.location.settings.LocationSettingsOffDialogChimeraActivity.onCreate
12-13 03:31:26.074 12751 12751 W dalvikvm: VFY: unable to resolve virtual method 23673: Landroid/content/res/Configuration;.getLocales ()Landroid/os/LocaleList;
12-13 03:31:26.074 12751 12751 D dalvikvm: VFY: replacing opcode 0x6e at 0x0033
12-13 03:31:26.074 12751 12751 I dalvikvm: Could not find method lm.getMediaController, referenced from method com.google.android.chimera.Activity.getMediaController
12-13 03:31:26.074 12751 12751 W dalvikvm: VFY: unable to resolve virtual method 15382: Llm;.getMediaController ()Landroid/media/session/MediaController;
12-13 03:31:26.074 12751 12751 D dalvikvm: VFY: replacing opcode 0x6e at 0x0002
12-13 03:31:26.074 12751 12751 I dalvikvm: Could not find method lm.getSearchEvent, referenced from method com.google.android.chimera.Activity.getSearchEvent
12-13 03:31:26.074 12751 12751 W dalvikvm: VFY: unable to resolve virtual method 15388: Llm;.getSearchEvent ()Landroid/view/SearchEvent;
12-13 03:31:26.074 12751 12751 D dalvikvm: VFY: replacing opcode 0x6e at 0x0002
12-13 03:31:26.074 12751 12751 W dalvikvm: VFY: unable to find class referenced in signature (Landroid/app/VoiceInteractor;)
12-13 03:31:26.074 12751 12751 W dalvikvm: VFY: unable to find class referenced in signature (Landroid/app/VoiceInteractor;)
12-13 03:31:26.084 12751 12751 W dalvikvm: VFY: unable to find class referenced in signature (Landroid/os/PersistableBundle;)
12-13 03:31:26.084 12751 12751 W dalvikvm: VFY: unable to find class referenced in signature (Landroid/os/PersistableBundle;)
12-13 03:31:26.084 12751 12751 W dalvikvm: VFY: unable to find class referenced in signature (Landroid/os/PersistableBundle;)
12-13 03:31:26.084 12751 12751 W dalvikvm: VFY: unable to find class referenced in signature (Landroid/os/PersistableBundle;)
12-13 03:31:26.084 12751 12751 W dalvikvm: VFY: unable to find class referenced in signature (Landroid/app/assist/AssistContent;)
12-13 03:31:26.084 12751 12751 W dalvikvm: VFY: unable to find class referenced in signature (Landroid/app/assist/AssistContent;)
12-13 03:31:26.084 12751 12751 W dalvikvm: VFY: unable to find class referenced in signature (Landroid/os/PersistableBundle;)
12-13 03:31:26.084 12751 12751 W dalvikvm: VFY: unable to find class referenced in signature (Landroid/os/PersistableBundle;)
12-13 03:31:26.094 12751 12751 W dalvikvm: VFY: unable to find class referenced in signature (Landroid/os/PersistableBundle;)
12-13 03:31:26.094 12751 12751 W dalvikvm: VFY: unable to find class referenced in signature (Landroid/os/PersistableBundle;)
12-13 03:31:26.094 12751 12751 W dalvikvm: VFY: unable to find class referenced in signature (Landroid/view/SearchEvent;)
12-13 03:31:26.094 12751 12751 W dalvikvm: VFY: unable to find class referenced in signature (Landroid/view/SearchEvent;)
12-13 03:31:26.094 12751 12751 I dalvikvm: Could not find method lm.requestPermissions, referenced from method com.google.android.chimera.Activity.requestPermissions
12-13 03:31:26.094 12751 12751 W dalvikvm: VFY: unable to resolve virtual method 15493: Llm;.requestPermissions ([Ljava/lang/String;I)V
12-13 03:31:26.094 12751 12751 D dalvikvm: VFY: replacing opcode 0x6e at 0x0002
12-13 03:31:26.094 12751 12751 W dalvikvm: VFY: unable to find class referenced in signature (Landroid/media/session/MediaController;)
12-13 03:31:26.094 12751 12751 I dalvikvm: Could not find method lm.setMediaController, referenced from method com.google.android.chimera.Activity.setMediaController
12-13 03:31:26.094 12751 12751 W dalvikvm: VFY: unable to resolve virtual method 15507: Llm;.setMediaController (Landroid/media/session/MediaController;)V
12-13 03:31:26.094 12751 12751 D dalvikvm: VFY: replacing opcode 0x6e at 0x0002
12-13 03:31:26.114   992   992 V RecentsWindow: hide mShowing = false
12-13 03:31:26.114   992   992 D STATUSBAR-AirplaneModeQuickSettingButton: onReceive : android.intent.action.CLOSE_SYSTEM_DIALOGS
12-13 03:31:26.124  1470  1470 I Sally Service: removeWindow window
12-13 03:31:26.184   787   986 I SpenGestureManager: setFocusWindow0
12-13 03:31:26.184   787   869 D PointerIcon: setMouseIconStyle1 pointerType: 1001iconType:101 flag:0
12-13 03:31:26.184   787   869 D PointerIcon: setMouseCustomIcon IconType is same.101
12-13 03:31:26.184   787   880 D STATUSBAR-StatusBarManagerService: manageDisableList what=0x0 pkg=WindowManager.LayoutParams
12-13 03:31:26.184   787  1194 D StatusBarManagerService: semi p:12751,o:f
12-13 03:31:26.194   992   992 D PhoneStatusBar: setSemiTransparentMode=false, mTransparentMode=false, mSemiTransparentMode=false, mMultiWindowMode=false
12-13 03:31:26.194  8415  8415 D AatpDeviceManager: taskStatus update (a4dd3aa6601087c775c7773d3ac8cf2163c11286: {"result":"","state":1})
12-13 03:31:26.204  8999  9459 W GCoreFlp: No location to return for getLastLocation()
12-13 03:31:26.214   787  1237 D LocationManagerService: request 43004a70 passive Request[POWER_NONE passive fastest=0] from com.google.android.gms(10008)
12-13 03:31:26.214   787  1237 D LocationManagerService: provider request: passive ProviderRequest[ON interval=0]
12-13 03:31:26.214   243   243 I SurfaceFlinger: id=29 createSurf (1x1),1 flag=4, MocationSet
12-13 03:31:26.244 12751 12751 I Adreno-EGL: <qeglDrvAPI_eglInitialize:410>: EGL 1.4 QUALCOMM build:  ()
12-13 03:31:26.244 12751 12751 I Adreno-EGL: OpenGL ES Shader Compiler Version: E031.24.00.08
12-13 03:31:26.244 12751 12751 I Adreno-EGL: Build Date: 03/21/14 Fri
12-13 03:31:26.244 12751 12751 I Adreno-EGL: Local Branch: AU200+patches_03212014
12-13 03:31:26.244 12751 12751 I Adreno-EGL: Remote Branch: 
12-13 03:31:26.244 12751 12751 I Adreno-EGL: Local Patches: 
12-13 03:31:26.244 12751 12751 I Adreno-EGL: Reconstruct Branch: 
12-13 03:31:26.284 12751 12751 D OpenGLRenderer: Enabling debug mode 0
12-13 03:31:26.294   243   243 I SurfaceFlinger: id=30 createSurf (1x1),1 flag=4, MocationSet
12-13 03:31:26.304  8999  9003 D dalvikvm: GC_CONCURRENT freed 2289K, 38% free 8949K/14420K, paused 6ms+18ms, total 75ms
12-13 03:31:26.564   787   863 D SensorService:   0.1 -0.0 9.7
12-13 03:31:26.634  8415 12794 D Aatp    : /task/a4dd3aa6601087c775c7773d3ac8cf2163c11286/status
12-13 03:31:26.644   787   869 W ActivityManager: mDVFSHelper.release()
12-13 03:31:26.684   787   899 V AlarmManager: waitForAlarm result :4
12-13 03:31:26.684   787   899 V AlarmManager: trigger ELAPSED_REALTIME_WAKEUP or RTC_WAKEUP
12-13 03:31:26.694   233 12796 W SocketClient: write error (Broken pipe)
12-13 03:31:26.714   787   940 D ConnectivityService: handleInetConditionChange: no active default network - ignore
12-13 03:31:26.924  1470  1470 I MultiWindowTrayInfo: getAppCnt
12-13 03:31:26.924  1470  1470 I MultiWindowTrayInfo: getAppCnt
12-13 03:31:26.924  1470  1470 I MultiWindowTrayInfo: getAppCnt
12-13 03:31:26.924  1470  1470 I MultiWindowTrayInfo: getAppCnt
12-13 03:31:26.924  1470  1470 I MultiWindowTrayInfo: getAppCnt
12-13 03:31:26.934  1470  1470 I MultiWindowTrayInfo: getAppCnt
12-13 03:31:26.944  1470  1470 I MultiWindowTrayInfo: makeInstancebadgeForGridView
12-13 03:31:26.944  1470  1470 I MultiWindowTrayInfo: getAppCnt
12-13 03:31:26.944  1470  1470 I MultiWindowTrayInfo: makeInstancebadgeForGridView
12-13 03:31:26.954  1470  1470 I MultiWindowTrayInfo: makeInstancebadgeForGridView
12-13 03:31:26.964  1470  1470 I MultiWindowTrayInfo: makeInstancebadgeForGridView
12-13 03:31:26.974  1470  1470 I MultiWindowTrayInfo: makeInstancebadgeForGridView
12-13 03:31:26.984  1470  1470 I MultiWindowTrayInfo: makeInstancebadgeForGridView
12-13 03:31:27.004  1470  1470 I MultiWindowTrayInfo: makeInstancebadgeForGridView
12-13 03:31:27.014  1470  1470 I MultiWindowTrayInfo: makeInstancebadgeForGridView
12-13 03:31:27.024  1470  1470 I MultiWindowTrayInfo: makeInstancebadgeForGridView
12-13 03:31:27.034  1470  1470 I MultiWindowTrayInfo: makeInstancebadgeForGridView
12-13 03:31:27.034  1470  1470 I MultiWindowTrayInfo: makeInstancebadgeForGridView
12-13 03:31:27.044  1470  1470 I MultiWindowTrayInfo: makeInstancebadgeForGridView
12-13 03:31:27.044  1470  1470 I MultiWindowTrayInfo: makeInstancebadgeForGridView
12-13 03:31:27.044  1470  1470 I MultiWindowTrayInfo: makeInstancebadgeForGridView
12-13 03:31:27.684  8415 12798 D Aatp    : /task/a4dd3aa6601087c775c7773d3ac8cf2163c11286/status
12-13 03:31:27.694  8415  9359 D AatpDeviceManager: Stopped Mock Location
12-13 03:31:27.694  8415  8415 D AatpDeviceManager: taskStatus update (a4dd3aa6601087c775c7773d3ac8cf2163c11286: {"result":"","state":2})
12-13 03:31:27.704   787   787 W ContextImpl: Calling a method in the system process without a qualified user: android.app.ContextImpl.sendBroadcast:1523 com.android.server.StatusBarManagerService.sendNotification:981 com.android.server.StatusBarManagerService.removeNotification:706 com.android.server.NotificationManagerService.cancelNotificationLocked:2455 com.android.server.NotificationManagerService.access$5100:160 
12-13 03:31:27.704   787   787 D NotificationService: cancelNotificationLocked
12-13 03:31:27.704   787   787 D NotificationService:  hasClearableItems
12-13 03:31:27.704   787   787 D NotificationService:  has clearable items no 
12-13 03:31:27.704   787   787 D NotificationService: cancelNotificationLocked: cancel alarm
12-13 03:31:27.704   787   787 D NotificationService: cancelNotificationLocked: cancel alarm
12-13 03:31:27.704   787   787 D STATUSBAR-StatusBarManagerService: sendNotification(3) - 1096041560
12-13 03:31:27.704   787   787 D LightsService: [api] [SvcLED] turnOff:: id = 4 (uid: 1000 pid: 787) 
12-13 03:31:27.704   787   787 D LightsService: [SvcLED] setSvcLedStateLocked:: SvcLEDState : 0x0 -> 0x0 | SvcLED(id=4) set Off
12-13 03:31:27.704   787   894 D LightsService: [SvcLED] Lux failed to be updated in 700ms. -> handleForcedSvcLEDTasK
12-13 03:31:27.704   787   894 D LightsService: [SvcLED]  setSvcLedLightLocked :: Current SvcLED(id=3) maintains its priority right
12-13 03:31:27.734   992   992 D STATUSBAR-IconMerger: checkOverflow(1092), More:false, Req:false Child:3
12-13 03:31:27.824  8415 12799 D Aatp    : /locale
12-13 03:31:27.874  8415 12799 D Aatp    : sha1: 85c5ba8561295c851cc456a05753c56d41d5a1d1
12-13 03:31:27.894  8415 12799 D AatpDeviceManager: k: NanoHttpd.QUERY_STRING v: locale=en_US
12-13 03:31:27.894  8415 12799 D AatpDeviceManager: k: locale v: en_US
12-13 03:31:27.894  8415  8419 D dalvikvm: GC_CONCURRENT freed 2023K, 61% free 5551K/14096K, paused 5ms+11ms, total 69ms
12-13 03:31:27.904  8415 12803 D AatpDeviceManager: Setting locale to: en_US
12-13 03:31:27.904  8415  8415 D AatpDeviceManager: taskStatus update (85c5ba8561295c851cc456a05753c56d41d5a1d1: {"state":1})
12-13 03:31:27.904  8415 12803 D AWSDeviceFarmAndroidLib: Setting locale to: en_US
12-13 03:31:27.914   787   787 W ContextImpl: Calling a method in the system process without a qualified user: android.app.ContextImpl.sendBroadcast:1523 com.android.server.StatusBarManagerService.sendNotification:981 com.android.server.StatusBarManagerService.addNotification:670 com.android.server.NotificationManagerService$7.run:2142 android.os.Handler.handleCallback:733 
12-13 03:31:27.914   787   787 D STATUSBAR-StatusBarManagerService: sendNotification(1) - 1096041567
12-13 03:31:27.914  8415 12799 D Aatp    : /task/85c5ba8561295c851cc456a05753c56d41d5a1d1
12-13 03:31:27.924   992   992 D ProgressBar: setProgressDrawable drawableHeight = 0
12-13 03:31:27.934  8428  8428 D com.samsung.app: [AccuTab_Magagine]>>> WC:42 [0:0] action : comandroidserverNotificationManagerServiceNotificationArrived
12-13 03:31:27.934  8428  8428 D com.samsung.app: [AccuTab_Magagine]>>> WC:55 [0:0] settings CT : androidappReceiverRestrictedContext@4201cd20
12-13 03:31:27.934  8428  8428 D com.samsung.app: [AccuTab_Magagine]>>> UIM:146 [0:0] setContext
12-13 03:31:27.934  8428  8428 D com.samsung.app: [AccuTab_Magagine]>>> UIM:227 [0:0] The widget does not exist in idle!!
12-13 03:31:27.934   992   992 D PhoneStatusBar: tick(): knoxCustomManager = android.app.enterprise.knoxcustom.KnoxCustomManager@41d3e258
12-13 03:31:27.944   992   992 D STATUSBAR-IconMerger: checkOverflow(1092), More:false, Req:false Child:4
12-13 03:31:28.064  8415 12808 D Aatp    : /task/85c5ba8561295c851cc456a05753c56d41d5a1d1/status
12-13 03:31:28.684   787  5982 I ActivityManager: Killing 10413:com.sec.android.service.cm/u0a72 (adj 15): empty #31
12-13 03:31:28.964  8999  8999 I BeaconBle: Scan : No clients left, canceling alarm.
12-13 03:31:29.134  8415 12818 D Aatp    : /task/85c5ba8561295c851cc456a05753c56d41d5a1d1/status
12-13 03:31:29.864   787   863 D SensorService:   0.1 -0.0 9.7
12-13 03:31:30.044  8415  8415 D AatpDeviceManager: taskStatus update (85c5ba8561295c851cc456a05753c56d41d5a1d1: {"result":"en_US","state":2})
12-13 03:31:30.054   787   787 W ContextImpl: Calling a method in the system process without a qualified user: android.app.ContextImpl.sendBroadcast:1523 com.android.server.StatusBarManagerService.sendNotification:981 com.android.server.StatusBarManagerService.removeNotification:706 com.android.server.NotificationManagerService.cancelNotificationLocked:2455 com.android.server.NotificationManagerService.access$5100:160 
12-13 03:31:30.074   787   787 D NotificationService: cancelNotificationLocked
12-13 03:31:30.074   787   787 D NotificationService:  hasClearableItems
12-13 03:31:30.074   787   787 D NotificationService:  has clearable items no 
12-13 03:31:30.074   787   787 D NotificationService: cancelNotificationLocked: cancel alarm
12-13 03:31:30.074   787   787 D NotificationService: cancelNotificationLocked: cancel alarm
12-13 03:31:30.074   787   787 D STATUSBAR-StatusBarManagerService: sendNotification(3) - 1096041567
12-13 03:31:30.074   787   787 D LightsService: [api] [SvcLED] turnOff:: id = 4 (uid: 1000 pid: 787) 
12-13 03:31:30.074   787   787 D LightsService: [SvcLED] setSvcLedStateLocked:: SvcLEDState : 0x0 -> 0x0 | SvcLED(id=4) set Off
12-13 03:31:30.074   787   894 D LightsService: [SvcLED] Lux failed to be updated in 700ms. -> handleForcedSvcLEDTasK
12-13 03:31:30.084   992   992 D STATUSBAR-IconMerger: checkOverflow(1092), More:false, Req:false Child:3
12-13 03:31:30.084   787   894 D LightsService: [SvcLED]  setSvcLedLightLocked :: Current SvcLED(id=3) maintains its priority right
12-13 03:31:30.244  8415 12819 D Aatp    : /task/85c5ba8561295c851cc456a05753c56d41d5a1d1/status
12-13 03:31:30.954  8415 12824 D Aatp    : /ping
12-13 03:31:31.124  8415 12825 D Aatp    : /apps-to-uninstall
12-13 03:31:31.164  8415 12825 D Aatp    : sha1: 34161d8ea722990ab2dda24f02f46d43ca6e43ce
12-13 03:31:31.194   787   787 W ContextImpl: Calling a method in the system process without a qualified user: android.app.ContextImpl.sendBroadcast:1523 com.android.server.StatusBarManagerService.sendNotification:981 com.android.server.StatusBarManagerService.addNotification:670 com.android.server.NotificationManagerService$7.run:2142 android.os.Handler.handleCallback:733 
12-13 03:31:31.204  8415 12825 D Aatp    : /task/34161d8ea722990ab2dda24f02f46d43ca6e43ce
12-13 03:31:31.214   992   992 D ProgressBar: setProgressDrawable drawableHeight = 0
12-13 03:31:31.224   992   992 D PhoneStatusBar: tick(): knoxCustomManager = android.app.enterprise.knoxcustom.KnoxCustomManager@41d3e258
12-13 03:31:31.234   992   992 D STATUSBAR-IconMerger: checkOverflow(1092), More:false, Req:false Child:4
12-13 03:31:31.244   787   787 D STATUSBAR-StatusBarManagerService: sendNotification(1) - 1096041568
12-13 03:31:31.254  8415  8415 D AatpDeviceManager: taskStatus update (34161d8ea722990ab2dda24f02f46d43ca6e43ce: {"state":1})
12-13 03:31:31.294  8428  8428 D com.samsung.app: [AccuTab_Magagine]>>> WC:42 [0:0] action : comandroidserverNotificationManagerServiceNotificationArrived
12-13 03:31:31.294  8428  8428 D com.samsung.app: [AccuTab_Magagine]>>> WC:55 [0:0] settings CT : androidappReceiverRestrictedContext@4201cd20
12-13 03:31:31.294  8428  8428 D com.samsung.app: [AccuTab_Magagine]>>> UIM:146 [0:0] setContext
12-13 03:31:31.294  8428  8428 D com.samsung.app: [AccuTab_Magagine]>>> UIM:227 [0:0] The widget does not exist in idle!!
12-13 03:31:31.334  8415  8415 D AatpDeviceManager: taskStatus update (34161d8ea722990ab2dda24f02f46d43ca6e43ce: {"result":[],"state":2})
12-13 03:31:31.334   787   787 D NotificationService: cancelNotificationLocked
12-13 03:31:31.334   787   787 D NotificationService:  hasClearableItems
12-13 03:31:31.334   787   787 D NotificationService:  has clearable items no 
12-13 03:31:31.334   787   787 D NotificationService: cancelNotificationLocked: cancel alarm
12-13 03:31:31.334   787   787 D NotificationService: cancelNotificationLocked: cancel alarm
12-13 03:31:31.334   787   787 W ContextImpl: Calling a method in the system process without a qualified user: android.app.ContextImpl.sendBroadcast:1523 com.android.server.StatusBarManagerService.sendNotification:981 com.android.server.StatusBarManagerService.removeNotification:706 com.android.server.NotificationManagerService.cancelNotificationLocked:2455 com.android.server.NotificationManagerService.access$5100:160 
12-13 03:31:31.334   787   787 D STATUSBAR-StatusBarManagerService: sendNotification(3) - 1096041568
12-13 03:31:31.334   787   787 D LightsService: [api] [SvcLED] turnOff:: id = 4 (uid: 1000 pid: 787) 
12-13 03:31:31.334   787   787 D LightsService: [SvcLED] setSvcLedStateLocked:: SvcLEDState : 0x0 -> 0x0 | SvcLED(id=4) set Off
12-13 03:31:31.334   787   894 D LightsService: [SvcLED] Lux failed to be updated in 700ms. -> handleForcedSvcLEDTasK
12-13 03:31:31.334   787   894 D LightsService: [SvcLED]  setSvcLedLightLocked :: Current SvcLED(id=3) maintains its priority right
12-13 03:31:31.344   992   992 D STATUSBAR-IconMerger: checkOverflow(1092), More:false, Req:false Child:3
12-13 03:31:31.384  8415 12836 D Aatp    : /task/34161d8ea722990ab2dda24f02f46d43ca6e43ce/status
12-13 03:31:31.474  8415 12837 D Aatp    : /ping
12-13 03:31:31.514  8415  8419 D dalvikvm: GC_CONCURRENT freed 1999K, 61% free 5522K/14096K, paused 1ms+3ms, total 22ms
12-13 03:31:31.604  8415 12838 D Aatp    : /clean-accounts
12-13 03:31:31.624  8415 12838 D Aatp    : sha1: cbe81ee088732ca46ec4b0e3843bc6d24ba7efbf
12-13 03:31:31.664  8415 12838 D Aatp    : /task/cbe81ee088732ca46ec4b0e3843bc6d24ba7efbf
12-13 03:31:31.664   787   787 W ContextImpl: Calling a method in the system process without a qualified user: android.app.ContextImpl.sendBroadcast:1523 com.android.server.StatusBarManagerService.sendNotification:981 com.android.server.StatusBarManagerService.addNotification:670 com.android.server.NotificationManagerService$7.run:2142 android.os.Handler.handleCallback:733 
12-13 03:31:31.674  8415  8415 D AatpDeviceManager: taskStatus update (cbe81ee088732ca46ec4b0e3843bc6d24ba7efbf: {"state":1})
12-13 03:31:31.674   787   787 D STATUSBAR-StatusBarManagerService: sendNotification(1) - 1096041569
12-13 03:31:31.684   992   992 D ProgressBar: setProgressDrawable drawableHeight = 0
12-13 03:31:31.684  8415  8415 D AatpDeviceManager: taskStatus update (cbe81ee088732ca46ec4b0e3843bc6d24ba7efbf: {"result":"Cleaned Accounts PASS","state":2})
12-13 03:31:31.694   787   787 W ContextImpl: Calling a method in the system process without a qualified user: android.app.ContextImpl.sendBroadcast:1523 com.android.server.StatusBarManagerService.sendNotification:981 com.android.server.StatusBarManagerService.removeNotification:706 com.android.server.NotificationManagerService.cancelNotificationLocked:2455 com.android.server.NotificationManagerService.access$5100:160 
12-13 03:31:31.694   992   992 D PhoneStatusBar: tick(): knoxCustomManager = android.app.enterprise.knoxcustom.KnoxCustomManager@41d3e258
12-13 03:31:31.704   787   787 D NotificationService: cancelNotificationLocked
12-13 03:31:31.704   787   787 D NotificationService:  hasClearableItems
12-13 03:31:31.704   787   787 D NotificationService:  has clearable items no 
12-13 03:31:31.704   787   787 D NotificationService: cancelNotificationLocked: cancel alarm
12-13 03:31:31.704   787   787 D NotificationService: cancelNotificationLocked: cancel alarm
12-13 03:31:31.704  8428  8428 D com.samsung.app: [AccuTab_Magagine]>>> WC:42 [0:0] action : comandroidserverNotificationManagerServiceNotificationArrived
12-13 03:31:31.704   787   787 D STATUSBAR-StatusBarManagerService: sendNotification(3) - 1096041569
12-13 03:31:31.704   787   787 D LightsService: [api] [SvcLED] turnOff:: id = 4 (uid: 1000 pid: 787) 
12-13 03:31:31.704   787   787 D LightsService: [SvcLED] setSvcLedStateLocked:: SvcLEDState : 0x0 -> 0x0 | SvcLED(id=4) set Off
12-13 03:31:31.704   787   894 D LightsService: [SvcLED] Lux failed to be updated in 700ms. -> handleForcedSvcLEDTasK
12-13 03:31:31.704   787   894 D LightsService: [SvcLED]  setSvcLedLightLocked :: Current SvcLED(id=3) maintains its priority right
12-13 03:31:31.714  8428  8428 D com.samsung.app: [AccuTab_Magagine]>>> WC:55 [0:0] settings CT : androidappReceiverRestrictedContext@4201cd20
12-13 03:31:31.714  8428  8428 D com.samsung.app: [AccuTab_Magagine]>>> UIM:146 [0:0] setContext
12-13 03:31:31.714  8428  8428 D com.samsung.app: [AccuTab_Magagine]>>> UIM:227 [0:0] The widget does not exist in idle!!
12-13 03:31:31.714   992   992 D STATUSBAR-IconMerger: checkOverflow(1092), More:false, Req:false Child:3
12-13 03:31:31.824  8415 12844 D Aatp    : /task/cbe81ee088732ca46ec4b0e3843bc6d24ba7efbf/status
12-13 03:31:31.994  8415 12845 D Aatp    : /rm-external-files
12-13 03:31:32.044  8415 12845 D Aatp    : sha1: e31f830ad722cd5d3ebfc0dcac2cfe9f271bc6ab
12-13 03:31:32.064   787   787 W ContextImpl: Calling a method in the system process without a qualified user: android.app.ContextImpl.sendBroadcast:1523 com.android.server.StatusBarManagerService.sendNotification:981 com.android.server.StatusBarManagerService.addNotification:670 com.android.server.NotificationManagerService$7.run:2142 android.os.Handler.handleCallback:733 
12-13 03:31:32.084   992   992 D ProgressBar: setProgressDrawable drawableHeight = 0
12-13 03:31:32.094   992   992 D PhoneStatusBar: tick(): knoxCustomManager = android.app.enterprise.knoxcustom.KnoxCustomManager@41d3e258
12-13 03:31:32.104  8415 12845 D Aatp    : /task/e31f830ad722cd5d3ebfc0dcac2cfe9f271bc6ab
12-13 03:31:32.104   787   787 D STATUSBAR-StatusBarManagerService: sendNotification(1) - 1096041570
12-13 03:31:32.104   992   992 D STATUSBAR-IconMerger: checkOverflow(1092), More:false, Req:false Child:4
12-13 03:31:32.124  8415  8415 D AatpDeviceManager: taskStatus update (e31f830ad722cd5d3ebfc0dcac2cfe9f271bc6ab: {"state":1})
12-13 03:31:32.124  8428  8428 D com.samsung.app: [AccuTab_Magagine]>>> WC:42 [0:0] action : comandroidserverNotificationManagerServiceNotificationArrived
12-13 03:31:32.154  8415 12849 D AatpDeviceManager: Wiping files from: /sdcard
12-13 03:31:32.164  8428  8428 D com.samsung.app: [AccuTab_Magagine]>>> WC:55 [0:0] settings CT : androidappReceiverRestrictedContext@4201cd20
12-13 03:31:32.164  8428  8428 D com.samsung.app: [AccuTab_Magagine]>>> UIM:146 [0:0] setContext
12-13 03:31:32.184  8428  8428 D com.samsung.app: [AccuTab_Magagine]>>> UIM:227 [0:0] The widget does not exist in idle!!
12-13 03:31:32.184  8415 12849 D AatpDeviceManager: Wiping files from: /mnt/sdcard
12-13 03:31:32.184  8415 12849 D AatpDeviceManager: 0 files left!
12-13 03:31:32.184  8415  8415 D AatpDeviceManager: taskStatus update (e31f830ad722cd5d3ebfc0dcac2cfe9f271bc6ab: {"result":[],"state":2})
12-13 03:31:32.194   787   787 W ContextImpl: Calling a method in the system process without a qualified user: android.app.ContextImpl.sendBroadcast:1523 com.android.server.StatusBarManagerService.sendNotification:981 com.android.server.StatusBarManagerService.removeNotification:706 com.android.server.NotificationManagerService.cancelNotificationLocked:2455 com.android.server.NotificationManagerService.access$5100:160 
12-13 03:31:32.194   787   787 D NotificationService: cancelNotificationLocked
12-13 03:31:32.194   787   787 D NotificationService:  hasClearableItems
12-13 03:31:32.194   787   787 D NotificationService:  has clearable items no 
12-13 03:31:32.194   787   787 D NotificationService: cancelNotificationLocked: cancel alarm
12-13 03:31:32.194   787   787 D NotificationService: cancelNotificationLocked: cancel alarm
12-13 03:31:32.194   787   787 D STATUSBAR-StatusBarManagerService: sendNotification(3) - 1096041570
12-13 03:31:32.194   787   787 D LightsService: [api] [SvcLED] turnOff:: id = 4 (uid: 1000 pid: 787) 
12-13 03:31:32.194   787   787 D LightsService: [SvcLED] setSvcLedStateLocked:: SvcLEDState : 0x0 -> 0x0 | SvcLED(id=4) set Off
12-13 03:31:32.194   787   894 D LightsService: [SvcLED] Lux failed to be updated in 700ms. -> handleForcedSvcLEDTasK
12-13 03:31:32.194   787   894 D LightsService: [SvcLED]  setSvcLedLightLocked :: Current SvcLED(id=3) maintains its priority right
12-13 03:31:32.224   992   992 D STATUSBAR-IconMerger: checkOverflow(1092), More:false, Req:false Child:3
12-13 03:31:32.254  8415 12859 D Aatp    : /task/e31f830ad722cd5d3ebfc0dcac2cfe9f271bc6ab/status
12-13 03:31:32.984 12867 12867 D AndroidRuntime: 
12-13 03:31:32.984 12867 12867 D AndroidRuntime: >>>>>> AndroidRuntime START com.android.internal.os.RuntimeInit <<<<<<
12-13 03:31:32.984 12867 12867 D AndroidRuntime: CheckJNI is OFF
12-13 03:31:32.984 12867 12867 D AndroidRuntime: setted country_code = USA
12-13 03:31:32.984 12867 12867 D AndroidRuntime: setted countryiso_code = US
12-13 03:31:32.984 12867 12867 D AndroidRuntime: setted sales_code = BNN
12-13 03:31:32.984 12867 12867 D AndroidRuntime: readGMSProperty: start
12-13 03:31:32.984 12867 12867 D AndroidRuntime: readGMSProperty: already setted!!
12-13 03:31:32.984 12867 12867 D AndroidRuntime: readGMSProperty: end
12-13 03:31:32.984 12867 12867 D AndroidRuntime: addProductProperty: start
12-13 03:31:32.994   787  1094 E Watchdog: !@Sync 54
12-13 03:31:33.004 12867 12867 D dalvikvm: Trying to load lib libjavacore.so 0x0
12-13 03:31:33.004 12867 12867 D dalvikvm: Added shared lib libjavacore.so 0x0
12-13 03:31:33.014 12867 12867 D dalvikvm: Trying to load lib libnativehelper.so 0x0
12-13 03:31:33.014 12867 12867 D dalvikvm: Added shared lib libnativehelper.so 0x0
12-13 03:31:33.014 12867 12867 D dalvikvm: No JNI_OnLoad found in libnativehelper.so 0x0, skipping init
12-13 03:31:33.164   787   863 D SensorService:   0.1 -0.0 9.7
12-13 03:31:33.234 12867 12867 E memtrack: Couldn't load memtrack module (No such file or directory)
12-13 03:31:33.234 12867 12867 E android.os.Debug: failed to load memtrack module: -2
12-13 03:31:33.274 12867 12867 D dalvikvm: Note: class Landroid/app/ActivityManagerNative; has 192 unimplemented (abstract) methods
12-13 03:31:33.324   787   899 V AlarmManager: waitForAlarm result :4
12-13 03:31:33.334   787   899 V AlarmManager: trigger ELAPSED_REALTIME_WAKEUP or RTC_WAKEUP
12-13 03:31:33.354 12867 12867 D AndroidRuntime: Calling main entry com.android.commands.pm.Pm
12-13 03:31:33.404   787  5980 D BatteryService: level:100, scale:100, status:3, health:2, present:true, voltage: 4279, temperature: 241, technology: Li-ion, AC powered:false, USB powered:true, Wireless powered:false, icon:17303545, invalid charger:0, online:4, current avg:-126, charge type:2, power sharing:false
12-13 03:31:33.404   992   992 D KeyguardUpdateMonitor: received broadcast android.intent.action.BATTERY_CHANGED
12-13 03:31:33.404   787   787 D BatteryService: Sending ACTION_BATTERY_CHANGED.
12-13 03:31:33.414   992   992 D KeyguardUpdateMonitor: handleBatteryUpdate
12-13 03:31:33.414   992   992 D STATUSBAR-PhoneStatusBar:  mBrightnessEnablebySettings = true mBrightnessEnablebyBattery = true mBrightnessEnablebyDisableFlag = true mPmsBrightnessEnablebySettings = true
12-13 03:31:33.414   992   992 D BatteryMeterView: ACTION_BATTERY_CHANGED : level:100 status:3 health:2
12-13 03:31:33.414  1818  1818 D DeviceManagerBroadcastReceiver: Updated Battery Level: 100
12-13 03:31:33.424  1818  1818 D DeviceManagerBroadcastReceiver: Action: android.intent.action.BATTERY_CHANGED
12-13 03:31:33.424  1818  1818 D DeviceManagerBroadcastReceiver: Set Alarm: false
12-13 03:31:33.424   992   992 D STATUSBAR-IconMerger: checkOverflow(1092), More:false, Req:false Child:3
12-13 03:31:33.454   787  5986 V ApplicationPolicy: isApplicationStateBlocked userId 0 pkgname com.google.android.browser
12-13 03:31:33.454 12867 12867 D AndroidRuntime: Shutting down VM
12-13 03:31:33.454 12867 12878 D dalvikvm: GC_CONCURRENT freed 97K, 13% free 677K/776K, paused 1ms+0ms, total 3ms
12-13 03:31:33.454   787  5986 W ActivityManager: Invalid packageName: com.google.android.browser
12-13 03:31:33.584  2172  2172 D Finsky  : [1] 5.onFinished: Installation state replication succeeded.
12-13 03:31:34.374 12895 12895 D AndroidRuntime: 
12-13 03:31:34.374 12895 12895 D AndroidRuntime: >>>>>> AndroidRuntime START com.android.internal.os.RuntimeInit <<<<<<
12-13 03:31:34.374 12895 12895 D AndroidRuntime: CheckJNI is OFF
12-13 03:31:34.374 12895 12895 D AndroidRuntime: setted country_code = USA
12-13 03:31:34.374 12895 12895 D AndroidRuntime: setted countryiso_code = US
12-13 03:31:34.374 12895 12895 D AndroidRuntime: setted sales_code = BNN
12-13 03:31:34.374 12895 12895 D AndroidRuntime: readGMSProperty: start
12-13 03:31:34.374 12895 12895 D AndroidRuntime: readGMSProperty: already setted!!
12-13 03:31:34.374 12895 12895 D AndroidRuntime: readGMSProperty: end
12-13 03:31:34.374 12895 12895 D AndroidRuntime: addProductProperty: start
12-13 03:31:34.394 12895 12895 D dalvikvm: Trying to load lib libjavacore.so 0x0
12-13 03:31:34.394 12895 12895 D dalvikvm: Added shared lib libjavacore.so 0x0
12-13 03:31:34.404 12895 12895 D dalvikvm: Trying to load lib libnativehelper.so 0x0
12-13 03:31:34.404 12895 12895 D dalvikvm: Added shared lib libnativehelper.so 0x0
12-13 03:31:34.404 12895 12895 D dalvikvm: No JNI_OnLoad found in libnativehelper.so 0x0, skipping init
12-13 03:31:34.514   787  1791 D SSRMv2:SIOP: SIOP:: AP = 300, Delta = 0
12-13 03:31:34.624 12895 12895 E memtrack: Couldn't load memtrack module (No such file or directory)
12-13 03:31:34.624 12895 12895 E android.os.Debug: failed to load memtrack module: -2
12-13 03:31:34.664 12895 12895 D dalvikvm: Note: class Landroid/app/ActivityManagerNative; has 192 unimplemented (abstract) methods
12-13 03:31:34.724 12895 12895 D AndroidRuntime: Calling main entry com.android.commands.pm.Pm
12-13 03:31:34.824   787  5769 V ApplicationPolicy: isApplicationStateBlocked userId 0 pkgname com.android.chrome
12-13 03:31:34.824   787  5769 I ActivityManager: Killing 12609:com.android.chrome/u0a75 (adj 15): stop com.android.chrome
12-13 03:31:34.834   787  5769 V ApplicationPolicy: isApplicationStateBlocked userId 0 pkgname com.android.chrome
12-13 03:31:34.834  1141  1141 D ContainerEventsRelayManager: <<< Intent action is >>> : android.intent.action.PACKAGE_RESTARTED
12-13 03:31:34.834  1141  1141 D ContainerEventsRelayManager: <<< Intent data is   >>> : package:com.android.chrome
12-13 03:31:34.834   787  5769 D PackageManager: START CLEAR APPLICATION USER DATA: observer{1123852912}
12-13 03:31:34.834   787  5769 D PackageManager: pkg{<packageName>}
12-13 03:31:34.834   787  5769 D PackageManager: user{0}
12-13 03:31:34.834   787   887 D PackageManager: [MSG] CLEAR_APPLICATION_USER_DATA
12-13 03:31:34.844   258   258 D keystore: calling clear_uid in state: 3
12-13 03:31:34.844  3068  3068 D daemonapp: [MSC_Daemon]>>> AWDCDS:27 [0:0] AWD CD Act : androidintentactionPACKAGE_RESTARTED
12-13 03:31:34.854  1141  1141 D ContainerEventsRelayManager: <<< Intent action is >>> : android.intent.action.PACKAGE_DATA_CLEARED
12-13 03:31:34.854  1141  1141 D ContainerEventsRelayManager: <<< Intent data is   >>> : package:com.android.chrome
12-13 03:31:34.854  8999  8999 I GeofencerStateMachine: removeGeofences: removeRequest=RemoveGeofencingRequest[REMOVE_ALL packageName=com.android.chrome]
12-13 03:31:34.864 11982 12081 D Documents: Used cached roots for com.android.externalstorage.documents
12-13 03:31:34.864 11982 12081 D Documents: Used cached roots for com.android.providers.downloads.documents
12-13 03:31:34.864 11982 12081 D Documents: Used cached roots for com.android.providers.media.documents
12-13 03:31:34.864 11982 12081 D Documents: Loading roots for com.google.android.apps.docs.storage
12-13 03:31:34.874 12912 12912 I SELinux : Function: selinux_android_load_priority [0], There is no sepolicy file.
12-13 03:31:34.874 12912 12912 I SELinux :  
12-13 03:31:34.874 12912 12912 I SELinux : Function: selinux_android_load_priority [1], There is no sepolicy version file.
12-13 03:31:34.874 12912 12912 I SELinux :  
12-13 03:31:34.874 12912 12912 I SELinux : Function: selinux_android_load_priority , priority version is VE=SEPF_SM-T530NU_4.4.2_0028
12-13 03:31:34.874 12912 12912 I SELinux :  
12-13 03:31:34.874 12912 12912 I SELinux :  
12-13 03:31:34.874 12912 12912 I SELinux : selinux_android_seapp_context_reload: seapp_contexts file is loaded from /seapp_contexts
12-13 03:31:34.894   787   887 D PackageManager: return delete result to caller: 1123852912
12-13 03:31:34.894 12895 12895 D AndroidRuntime: Shutting down VM
12-13 03:31:34.894 12895 12905 D dalvikvm: GC_CONCURRENT freed 97K, 13% free 677K/776K, paused 0ms+0ms, total 3ms
12-13 03:31:34.894   787   887 D PackageManager: returnCode: true
12-13 03:31:34.914  3068  3068 D daemonapp: [MSC_Daemon]>>> AWDCDS:27 [0:0] AWD CD Act : androidintentactionPACKAGE_DATA_CLEARED
12-13 03:31:34.964  9394 12939 D Wear_Controller: Received broadcast action=android.intent.action.PACKAGE_DATA_CLEARED and uri=com.android.chrome
12-13 03:31:34.964  9394 12927 I LocationSettingsChecker: Removing dialog suppression flag for package com.android.chrome
12-13 03:31:34.994  9394  9511 I Icing   : doRemovePackageData com.android.chrome
12-13 03:31:35.014 12912 12912 E dalvikvm: Could not find class 'android.provider.DocumentsContract$Path', referenced from method com.google.android.apps.docs.storagebackend.StorageBackendContentProvider.a
12-13 03:31:35.014 12912 12912 W dalvikvm: VFY: unable to resolve new-instance 936 (Landroid/provider/DocumentsContract$Path;) in Lcom/google/android/apps/docs/storagebackend/StorageBackendContentProvider;
12-13 03:31:35.014 12912 12912 D dalvikvm: VFY: replacing opcode 0x22 at 0x0089
12-13 03:31:35.024 12912 12912 I dalvikvm: Could not find method frh.refresh, referenced from method com.google.android.apps.docs.storagebackend.StorageBackendContentProvider.refresh
12-13 03:31:35.024 12912 12912 W dalvikvm: VFY: unable to resolve virtual method 38100: Lfrh;.refresh (Landroid/net/Uri;Landroid/os/Bundle;Landroid/os/CancellationSignal;)Z
12-13 03:31:35.024 12912 12912 D dalvikvm: VFY: replacing opcode 0x6f at 0x0007
12-13 03:31:35.024 12912 12912 D dalvikvm: DexOpt: unable to opt direct call 0x1053 at 0x8b in Lcom/google/android/apps/docs/storagebackend/StorageBackendContentProvider;.a
12-13 03:31:35.044 12912 12912 I dalvikvm: Could not find method android.content.Context.getDrawable, referenced from method in.a
12-13 03:31:35.044 12912 12912 W dalvikvm: VFY: unable to resolve virtual method 2767: Landroid/content/Context;.getDrawable (I)Landroid/graphics/drawable/Drawable;
12-13 03:31:35.044 12912 12912 D dalvikvm: VFY: replacing opcode 0x6e at 0x0006
12-13 03:31:35.044 12912 12912 I dalvikvm: Could not find method android.content.Context.isDeviceProtectedStorage, referenced from method in.a
12-13 03:31:35.044 12912 12912 W dalvikvm: VFY: unable to resolve virtual method 2783: Landroid/content/Context;.isDeviceProtectedStorage ()Z
12-13 03:31:35.044 12912 12912 D dalvikvm: VFY: replacing opcode 0x6e at 0x0006
12-13 03:31:35.044 12912 12912 I dalvikvm: Could not find method android.content.Context.getColorStateList, referenced from method in.b
12-13 03:31:35.044 12912 12912 W dalvikvm: VFY: unable to resolve virtual method 2762: Landroid/content/Context;.getColorStateList (I)Landroid/content/res/ColorStateList;
12-13 03:31:35.044 12912 12912 D dalvikvm: VFY: replacing opcode 0x6e at 0x0006
12-13 03:31:35.044 12912 12912 I dalvikvm: Could not find method android.content.Context.getColor, referenced from method in.c
12-13 03:31:35.044 12912 12912 W dalvikvm: VFY: unable to resolve virtual method 2761: Landroid/content/Context;.getColor (I)I
12-13 03:31:35.044 12912 12912 D dalvikvm: VFY: replacing opcode 0x6e at 0x0006
12-13 03:31:35.064   787  1237 W ActivityManager: Permission Denial: getCurrentUser() from pid=12912, uid=10079 requires android.permission.INTERACT_ACROSS_USERS
12-13 03:31:35.174 12912 12912 W dalvikvm: Unable to resolve superclass of Lcom/google/android/apps/docs/notification/guns/GcmJobService; (592)
12-13 03:31:35.174 12912 12912 W dalvikvm: Link of class 'Lcom/google/android/apps/docs/notification/guns/GcmJobService;' failed
12-13 03:31:35.174 12912 12912 W dalvikvm: VFY: unable to find class referenced in signature (Lcom/google/android/apps/docs/notification/guns/GcmJobService;)
12-13 03:31:35.174 12912 12912 W dalvikvm: Unable to resolve superclass of Lcom/google/android/apps/docs/notification/guns/GcmJobService; (592)
12-13 03:31:35.174 12912 12912 W dalvikvm: Link of class 'Lcom/google/android/apps/docs/notification/guns/GcmJobService;' failed
12-13 03:31:35.174 12912 12912 W dalvikvm: VFY: unable to resolve instance field 11971
12-13 03:31:35.174 12912 12912 D dalvikvm: VFY: replacing opcode 0x5b at 0x0008
12-13 03:31:35.174 12912 12912 I dalvikvm: Could not find method java.util.Locale.toLanguageTag, referenced from method drz.a
12-13 03:31:35.174 12912 12912 W dalvikvm: VFY: unable to resolve virtual method 49887: Ljava/util/Locale;.toLanguageTag ()Ljava/lang/String;
12-13 03:31:35.174 12912 12912 D dalvikvm: VFY: replacing opcode 0x6e at 0x00ca
12-13 03:31:35.194 12912 12912 W dalvikvm: Unable to resolve superclass of Lcom/google/android/apps/docs/notification/guns/GcmJobService; (592)
12-13 03:31:35.194 12912 12912 W dalvikvm: Link of class 'Lcom/google/android/apps/docs/notification/guns/GcmJobService;' failed
12-13 03:31:35.194 12912 12912 I dalvikvm: DexOpt: unable to optimize instance field ref 0x2ec4 at 0x12 in Ldrz;.a
12-13 03:31:35.254 12912 12912 I dalvikvm: Could not find method java.util.Locale.toLanguageTag, referenced from method azc.a
12-13 03:31:35.254 12912 12912 W dalvikvm: VFY: unable to resolve virtual method 49887: Ljava/util/Locale;.toLanguageTag ()Ljava/lang/String;
12-13 03:31:35.254 12912 12912 D dalvikvm: VFY: replacing opcode 0x6e at 0x000e
12-13 03:31:35.364 12912 12954 I dalvikvm: Could not find method android.content.pm.PackageManager.getPackageInstaller, referenced from method ijj.a
12-13 03:31:35.364 12912 12954 W dalvikvm: VFY: unable to resolve virtual method 2942: Landroid/content/pm/PackageManager;.getPackageInstaller ()Landroid/content/pm/PackageInstaller;
12-13 03:31:35.364 12912 12954 D dalvikvm: VFY: replacing opcode 0x6e at 0x0012
12-13 03:31:35.384 12912 12954 I GAv4    : Google Analytics 11.0.11 is starting up. To enable debug logging on a device run:
12-13 03:31:35.384 12912 12954 I GAv4    :   adb shell setprop log.tag.GAv4 DEBUG
12-13 03:31:35.384 12912 12954 I GAv4    :   adb logcat -s GAv4
