12-13 03:31:24.494 12668 12668 E dalvikvm: Could not find class 'android.app.job.JobScheduler', referenced from method com.sec.android.app.samsungapps.SamsungApps.a
12-13 03:31:24.494 12668 12668 W dalvikvm: VFY: unable to resolve check-cast 69 (Landroid/app/job/JobScheduler;) in Lcom/sec/android/app/samsungapps/SamsungApps;
12-13 03:31:24.494 12668 12668 D dalvikvm: VFY: replacing opcode 0x1f at 0x0008
12-13 03:31:24.554 12668 12668 D SamsungApps: GalaxyApps Application onCreate calling...
12-13 03:31:24.554   787  1237 W ActivityManager: Permission Denial: getCurrentUser() from pid=12668, uid=10029 requires android.permission.INTERACT_ACROSS_USERS
12-13 03:31:24.564 12668 12668 E dalvikvm: Could not find class 'com.samsung.android.desktopmode.SemDesktopModeManager', referenced from method com.sec.android.app.samsungapps.vlibrary3.webimage.IImageRequestManager.disableLoading
12-13 03:31:24.564 12668 12668 W dalvikvm: VFY: unable to resolve check-cast 3501 (Lcom/samsung/android/desktopmode/SemDesktopModeManager;) in Lcom/sec/android/app/samsungapps/vlibrary3/webimage/IImageRequestManager;
12-13 03:31:24.564 12668 12668 D dalvikvm: VFY: replacing opcode 0x1f at 0x000f
12-13 03:31:24.574 12668 12668 I dalvikvm: Could not find method android.telephony.TelephonyManager.getPhoneCount, referenced from method com.sec.android.app.samsungapps.vlibrary.concreteloader.ConcreteDeviceInfoLoader.IfOnlyWifiDevice
12-13 03:31:24.574 12668 12668 W dalvikvm: VFY: unable to resolve virtual method 19494: Landroid/telephony/TelephonyManager;.getPhoneCount ()I
12-13 03:31:24.574 12668 12668 D dalvikvm: VFY: replacing opcode 0x6e at 0x0011
12-13 03:31:24.594 12668 12668 W ContextImpl: Implicit intents with startService are not safe: Intent { act=com.sec.knox.containeragent.service.containermanager.ContainerManagerService } android.content.ContextWrapper.bindService:529 com.sec.knox.containeragent.ContainerManager.<init>:49 com.sec.android.app.samsungapps.vlibrary2.knoxmode.KNOXAPI.<init>:22 
12-13 03:31:24.604 12684 12684 I SELinux : Function: selinux_android_load_priority [0], There is no sepolicy file.
12-13 03:31:24.604 12684 12684 I SELinux :  
12-13 03:31:24.604 12684 12684 I SELinux : Function: selinux_android_load_priority [1], There is no sepolicy version file.
12-13 03:31:24.604 12684 12684 I SELinux :  
12-13 03:31:24.604 12684 12684 I SELinux : Function: selinux_android_load_priority , priority version is VE=SEPF_SM-T530NU_4.4.2_0028
12-13 03:31:24.604 12684 12684 I SELinux :  
12-13 03:31:24.604 12684 12684 I SELinux :  
12-13 03:31:24.604 12684 12684 I SELinux : selinux_android_seapp_context_reload: seapp_contexts file is loaded from /seapp_contexts
12-13 03:31:24.604 12668 12668 V ConcreteDeviceInfoLoader: SimState is not Ready
12-13 03:31:24.604 12668 12668 V ConcreteDeviceInfoLoader: deviceInfo MCC value is not correct
12-13 03:31:24.634 12668 12668 V ConcreteDeviceInfoLoader: SimState is not Ready
12-13 03:31:24.634 12668 12668 V ConcreteDeviceInfoLoader: deviceInfo MCC value is not correct
12-13 03:31:24.634 12668 12668 V ConcreteDeviceInfoLoader: SimState is not Ready
12-13 03:31:24.634 12668 12668 D [SAUI]  : StickerCenterInfo::::StickerCenterInfo
12-13 03:31:24.644  8415 12696 D Aatp    : /task/4a895f8d2e89a73107f8c658ba296741301b02ee/status
12-13 03:31:24.684 12684 12684 D ContainerAgent: ContainerApplication: onCreate() try to bind service
12-13 03:31:24.694 12684 12684 D ContainerAgent: ContainerApplication: disableApplicationManagerSettings()
12-13 03:31:24.754 12684 12684 I ContainerAgent: ContainerApplication: CA already registered as clearCacheBlacklistPackageList
12-13 03:31:24.754 12684 12684 I ContainerAgent: ContainerApplication: CA already registered as clearDataBlacklistPackageList
12-13 03:31:24.754   787   798 D ApplicationPolicy: getApplicationUninstallationEnabled
12-13 03:31:24.754   787   798 D ApplicationPolicy: getApplicationUninstallationEnabled :  enabled false
12-13 03:31:24.754 12684 12684 I ContainerAgent: ContainerApplication: CA already set ApplicationUninstallationDisabled
12-13 03:31:24.754 12684 12684 I ContainerAgent: ContainerManagerService: ContainerManagerService onCreate()
12-13 03:31:24.754 12684 12684 I ContainerAgent: ContainerManagerService: ContainerManagerService onBind()
12-13 03:31:24.764 12684 12684 I ContainerAgent: ContainerInstallerManagerService: ContainerInstallerManagerService onCreate()
12-13 03:31:24.764 12684 12684 I ContainerAgent: ContainerInstallerManagerService: ContainerAppInstallManagerService onBind()
12-13 03:31:24.764 10280 10280 I ContainerInstallerManager: onServiceConnected() name=ComponentInfo{com.sec.knox.containeragent/com.sec.knox.containeragent.service.containerinstallermanager.ContainerInstallerManagerService}, conn=com.sec.knox.containeragent.ContainerInstallerManager$1@42042750
12-13 03:31:24.764  8415 12697 D Aatp    : /gps
12-13 03:31:24.784  8415 12697 D Aatp    : sha1: 14683f6fa3b17c59259b4599ba3eebe24bd129f5
12-13 03:31:24.784  8415 12697 D AatpDeviceManager: k: enabled v: False
12-13 03:31:24.784  8415 12697 D AatpDeviceManager: k: NanoHttpd.QUERY_STRING v: enabled=False
12-13 03:31:24.794  8415  8415 D AatpDeviceManager: taskStatus update (14683f6fa3b17c59259b4599ba3eebe24bd129f5: {"state":1})
12-13 03:31:24.794  8415 12699 D AWSDeviceFarmAndroidLib: setEnabled: disabling GPS
12-13 03:31:24.794  8415 12699 D AWSDeviceFarmAndroidLib: disableGPS()
12-13 03:31:24.794  8415 12699 D AWSDeviceFarmAndroidLib: disableGPS(): gps
12-13 03:31:24.794  8415 12699 D AWSDeviceFarmAndroidLib: disableGPS(): gpsDisabled: 
12-13 03:31:24.794   787   787 W ContextImpl: Calling a method in the system process without a qualified user: android.app.ContextImpl.sendBroadcast:1523 com.android.server.StatusBarManagerService.sendNotification:981 com.android.server.StatusBarManagerService.addNotification:670 com.android.server.NotificationManagerService$7.run:2142 android.os.Handler.handleCallback:733 
12-13 03:31:24.794   787   787 D STATUSBAR-StatusBarManagerService: sendNotification(1) - 1096041564
12-13 03:31:24.804  8415 12697 D Aatp    : /task/14683f6fa3b17c59259b4599ba3eebe24bd129f5
12-13 03:31:24.804  8999  8999 I GeofencerStateMachine: sendQueryLocationOptIn
12-13 03:31:24.804   992   992 D ProgressBar: setProgressDrawable drawableHeight = 0
12-13 03:31:24.804   787   798 W BackupManagerService: dataChanged but no participant pkg='com.android.providers.settings' uid=13115
12-13 03:31:24.824   787   877 D GpsLocationProvider: handleDisable
12-13 03:31:24.824   787   877 D GpsLocationProvider: stopNavigating
12-13 03:31:24.824   787   797 D LocationManagerService: getProviders()=[passive]
12-13 03:31:24.824  8415 12699 D AWSDeviceFarmAndroidLib: setEnabled: GPS is: false
12-13 03:31:24.824   992   992 D PhoneStatusBar: tick(): knoxCustomManager = android.app.enterprise.knoxcustom.KnoxCustomManager@41d3e258
12-13 03:31:24.834  8415  8415 D AatpDeviceManager: taskStatus update (14683f6fa3b17c59259b4599ba3eebe24bd129f5: {"result":"GPS enabled: false","state":2})
12-13 03:31:24.834   787   877 E LocSvc_eng: I/===> void loc_eng_cleanup(loc_eng_data_s_type&) line 1907 
12-13 03:31:24.834   787   787 D NotificationService: cancelNotificationLocked
12-13 03:31:24.834   787   787 D NotificationService:  hasClearableItems
12-13 03:31:24.834   787   787 D NotificationService:  has clearable items no 
12-13 03:31:24.834   787   787 D NotificationService: cancelNotificationLocked: cancel alarm
12-13 03:31:24.834   787   787 D NotificationService: cancelNotificationLocked: cancel alarm
12-13 03:31:24.834   787   787 W ContextImpl: Calling a method in the system process without a qualified user: android.app.ContextImpl.sendBroadcast:1523 com.android.server.StatusBarManagerService.sendNotification:981 com.android.server.StatusBarManagerService.removeNotification:706 com.android.server.NotificationManagerService.cancelNotificationLocked:2455 com.android.server.NotificationManagerService.access$5100:160 
12-13 03:31:24.834   787   787 D STATUSBAR-StatusBarManagerService: sendNotification(3) - 1096041564
12-13 03:31:24.834   787   787 D LightsService: [api] [SvcLED] turnOff:: id = 4 (uid: 1000 pid: 787) 
12-13 03:31:24.834   787   787 D LightsService: [SvcLED] setSvcLedStateLocked:: SvcLEDState : 0x0 -> 0x0 | SvcLED(id=4) set Off
12-13 03:31:24.834   787   894 D LightsService: [SvcLED] Lux failed to be updated in 700ms. -> handleForcedSvcLEDTasK
12-13 03:31:24.834   787   894 D LightsService: [SvcLED]  setSvcLedLightLocked :: Current SvcLED(id=3) maintains its priority right
12-13 03:31:24.844   992   992 D STATUSBAR-IconMerger: checkOverflow(1092), More:false, Req:false Child:5
12-13 03:31:24.864   992   992 D STATUSBAR-IconMerger: checkOverflow(1092), More:false, Req:false Child:4
12-13 03:31:24.934  8415 12701 D Aatp    : /task/14683f6fa3b17c59259b4599ba3eebe24bd129f5/status
12-13 03:31:24.984 12668 12668 W System.err: [DEBUG] GbaRequest - GbaRequest: Constructor Called 222 userAgent null
12-13 03:31:24.994 12668 12668 W System.err: [DEBUG] NafRequest - NafRequest: NafRequest constructor===useragent null
12-13 03:31:25.004 12668 12668 D dalvikvm: DexOpt: couldn't find field Landroid/content/pm/ApplicationInfo;.minSdkVersion
12-13 03:31:25.004 12668 12668 W dalvikvm: VFY: unable to resolve instance field 46
12-13 03:31:25.004 12668 12668 D dalvikvm: VFY: replacing opcode 0x52 at 0x0017
12-13 03:31:25.014 12668 12668 D [SAUI]  : StickerCenterAsyncQueryHandler::::startAllStickerItemInfoQuery content://null/noBlob/sticker/*
12-13 03:31:25.014 12668 12702 E ActivityThread: Failed to find provider info for null
12-13 03:31:25.024 12668 12668 D Sppmt   : Test mode:false, cfgFileExist:false, canWrite:false
12-13 03:31:25.034 12668 12668 D ReflectUtils: Cannot load field: SEM_INT
12-13 03:31:25.044 12668 12668 D SamsungApps: GalaxyApps Application onCreate called...
12-13 03:31:25.044 12668 12668 I ContainerManager: onServiceConnected() name=ComponentInfo{com.sec.knox.containeragent/com.sec.knox.containeragent.service.containermanager.ContainerManagerService}, conn=com.sec.knox.containeragent.a@42065228
12-13 03:31:25.044 12668 12668 D [SAUI]  : Global::recovered::false
12-13 03:31:25.044 12668 12668 D [SAUI]  : StickerCenterAsyncQueryHandler::::cursor is empty
12-13 03:31:25.064  9394  9394 I iu.Environment: update connectivity state; isNetworkMetered? false, isRoaming? false, isBackgroundDataAllowed? false*
12-13 03:31:25.064  9394 10049 I iu.UploadsManager: num queued entries: 0
12-13 03:31:25.064  9394 10049 I iu.UploadsManager: num updated entries: 0
12-13 03:31:25.074  9394 10049 I iu.SyncManager: NEXT; no task
12-13 03:31:25.074  8415 12704 D Aatp    : /nfc
12-13 03:31:25.084  1818  1818 D ShopWidgetController: intent received: com.nook.home.widget.ACTION_CONNECTIVITY
12-13 03:31:25.084  8428  8428 D com.samsung.app: [AccuTab_Magagine]>>> WC:42 [0:0] action : comandroidserverNotificationManagerServiceNotificationArrived
12-13 03:31:25.084  8428  8428 D com.samsung.app: [AccuTab_Magagine]>>> WC:55 [0:0] settings CT : androidappReceiverRestrictedContext@4201cd20
12-13 03:31:25.084  8428  8428 D com.samsung.app: [AccuTab_Magagine]>>> UIM:146 [0:0] setContext
12-13 03:31:25.084  8428  8428 D com.samsung.app: [AccuTab_Magagine]>>> UIM:227 [0:0] The widget does not exist in idle!!
12-13 03:31:25.084   787  1238 I ActivityManager: Killing 10280:com.sec.android.gallery3d/u0a33 (adj 15): empty #31
12-13 03:31:25.094  8415 12704 D Aatp    : sha1: 395e7ca108a10e6abc541ae940163f68905d1a47
12-13 03:31:25.094  9483  9483 W ContextImpl: Calling a method in the system process without a qualified user: android.app.ContextImpl.startService:1865 android.content.ContextWrapper.startService:506 android.content.ContextWrapper.startService:506 com.android.settings.bluetooth.DockEventReceiver.beginStartingService:134 com.android.settings.bluetooth.DockEventReceiver.onReceive:115 
12-13 03:31:25.104  8415 12704 D AatpDeviceManager: k: enabled v: False
12-13 03:31:25.104  8415 12704 D AatpDeviceManager: k: NanoHttpd.QUERY_STRING v: enabled=False
12-13 03:31:25.114  9483  9483 D DockEventReceiver: finishStartingService: stopping service
12-13 03:31:25.114 12684 12684 I ContainerAgent: ContainerInstallerManagerService: ContainerInstallerManagerService onUnbind()
12-13 03:31:25.114 12684 12684 I ContainerAgent: ContainerInstallerManagerService: ContainerInstallerManagerService onDestroy()
12-13 03:31:25.114  8415 12704 D Aatp    : /task/395e7ca108a10e6abc541ae940163f68905d1a47
12-13 03:31:25.124  8415  8415 D AatpDeviceManager: taskStatus update (395e7ca108a10e6abc541ae940163f68905d1a47: {"state":1})
12-13 03:31:25.124  9483  9483 D BluetoothNotiBroadcastReceiver: onReceive
12-13 03:31:25.134  8415  8415 D AatpDeviceManager: taskStatus update (395e7ca108a10e6abc541ae940163f68905d1a47: {"result":"NFC not supported on platform. Skipping","state":2})
12-13 03:31:25.134   787  5769 I ActivityManager: Killing 10343:com.hancom.androidpc.viewer.launcher/u0a47 (adj 15): empty #31
12-13 03:31:25.164  9483  9483 W ContextImpl: Calling a method in the system process without a qualified user: android.app.ContextImpl.startService:1865 android.content.ContextWrapper.startService:506 android.content.ContextWrapper.startService:506 com.android.settings.bluetooth.DockEventReceiver.beginStartingService:134 com.android.settings.bluetooth.DockEventReceiver.onReceive:115 
12-13 03:31:25.174  9483  9483 D DockEventReceiver: finishStartingService: stopping service
12-13 03:31:25.184  9483  9483 D BluetoothNotiBroadcastReceiver: onReceive
12-13 03:31:25.244  8428  8428 D com.samsung.app: [AccuTab_Magagine]>>> WC:42 [0:0] action : comandroidserverNotificationManagerServiceNotificationArrived
12-13 03:31:25.244  8428  8428 D com.samsung.app: [AccuTab_Magagine]>>> WC:55 [0:0] settings CT : androidappReceiverRestrictedContext@4201cd20
12-13 03:31:25.244  8428  8428 D com.samsung.app: [AccuTab_Magagine]>>> UIM:146 [0:0] setContext
12-13 03:31:25.244  8428  8428 D com.samsung.app: [AccuTab_Magagine]>>> UIM:227 [0:0] The widget does not exist in idle!!
12-13 03:31:25.254  8415 12719 D Aatp    : /task/395e7ca108a10e6abc541ae940163f68905d1a47/status
12-13 03:31:25.264  8999  9003 D dalvikvm: GC_CONCURRENT freed 2290K, 36% free 9293K/14420K, paused 5ms+8ms, total 58ms
12-13 03:31:25.264  8999  9451 D dalvikvm: WAIT_FOR_CONCURRENT_GC blocked 31ms
12-13 03:31:25.264  8999  8999 D dalvikvm: WAIT_FOR_CONCURRENT_GC blocked 31ms
12-13 03:31:25.274  8999  9009 D dalvikvm: WAIT_FOR_CONCURRENT_GC blocked 37ms
12-13 03:31:25.284  8999  8999 I GCoreNlp: shouldConfirmNlp, NLP off. Ensuring opt-in disabled
12-13 03:31:25.304  8999  8999 I GeofencerStateMachine: sendQueryLocationOptIn
12-13 03:31:25.314  9394  9688 I Authzen : [PermitStore] Getting all permits...
12-13 03:31:25.344  8415 12725 D Aatp    : /stop-location
12-13 03:31:25.354  8999 12726 I GCoreUlr: Starting service, intent=Intent { act=com.google.android.location.reporting.ACTION_UPDATE_WORLD cmp=com.google.android.gms/com.google.android.location.reporting.service.DispatchingService (has extras) }, extras=Bundle[{receiverAction=android.location.PROVIDERS_CHANGED}]
12-13 03:31:25.374  8415 12725 D AatpDeviceManager: stopTask
12-13 03:31:25.374  8415 12725 D AatpDeviceManager: got taskClass
12-13 03:31:25.374  8415 12725 D AatpDeviceManager: sending stop intent
12-13 03:31:25.394 12729 12729 I SELinux : Function: selinux_android_load_priority [0], There is no sepolicy file.
12-13 03:31:25.394 12729 12729 I SELinux :  
12-13 03:31:25.394 12729 12729 I SELinux : Function: selinux_android_load_priority [1], There is no sepolicy version file.
12-13 03:31:25.394 12729 12729 I SELinux :  
12-13 03:31:25.394 12729 12729 I SELinux : Function: selinux_android_load_priority , priority version is VE=SEPF_SM-T530NU_4.4.2_0028
12-13 03:31:25.394 12729 12729 I SELinux :  
12-13 03:31:25.394 12729 12729 I SELinux :  
12-13 03:31:25.394 12729 12729 I SELinux : selinux_android_seapp_context_reload: seapp_contexts file is loaded from /seapp_contexts
12-13 03:31:25.404   787   787 D dalvikvm: GC_EXPLICIT freed 8127K, 73% free 24029K/87340K, paused 6ms+20ms, total 287ms
12-13 03:31:25.414  8415 12725 D AatpDeviceManager: intent sent
12-13 03:31:25.414  8415  8415 D AatpDeviceManager: taskStatus update (a4dd3aa6601087c775c7773d3ac8cf2163c11286: {"result":"","state":3})
12-13 03:31:25.414   787   787 W ContextImpl: Calling a method in the system process without a qualified user: android.app.ContextImpl.sendBroadcast:1523 com.android.server.StatusBarManagerService.sendNotification:981 com.android.server.StatusBarManagerService.addNotification:670 com.android.server.NotificationManagerService$7.run:2142 android.os.Handler.handleCallback:733 
12-13 03:31:25.414   787   787 D STATUSBAR-StatusBarManagerService: sendNotification(1) - 1096041565
12-13 03:31:25.424   787   787 D NotificationService: cancelNotificationLocked
12-13 03:31:25.424   787   787 D NotificationService:  hasClearableItems
12-13 03:31:25.424   787   787 D NotificationService:  has clearable items no 
12-13 03:31:25.424   787   787 D NotificationService: cancelNotificationLocked: cancel alarm
12-13 03:31:25.424   787   787 D NotificationService: cancelNotificationLocked: cancel alarm
12-13 03:31:25.424   248   248 D dalvikvm: GC_EXPLICIT freed 45K, 66% free 4882K/14096K, paused 2ms+3ms, total 29ms
12-13 03:31:25.424  8415 12725 D Aatp    : /task/a4dd3aa6601087c775c7773d3ac8cf2163c11286
12-13 03:31:25.424   992   992 D ProgressBar: setProgressDrawable drawableHeight = 0
12-13 03:31:25.424   787   787 W ContextImpl: Calling a method in the system process without a qualified user: android.app.ContextImpl.sendBroadcast:1523 com.android.server.StatusBarManagerService.sendNotification:981 com.android.server.StatusBarManagerService.removeNotification:706 com.android.server.NotificationManagerService.cancelNotificationLocked:2455 com.android.server.NotificationManagerService.access$5100:160 
12-13 03:31:25.424   787   787 D STATUSBAR-StatusBarManagerService: sendNotification(3) - 1096041565
12-13 03:31:25.424   787   787 D LightsService: [api] [SvcLED] turnOff:: id = 4 (uid: 1000 pid: 787) 
12-13 03:31:25.424   787   787 D LightsService: [SvcLED] setSvcLedStateLocked:: SvcLEDState : 0x0 -> 0x0 | SvcLED(id=4) set Off
12-13 03:31:25.424   787   894 D LightsService: [SvcLED] Lux failed to be updated in 700ms. -> handleForcedSvcLEDTasK
12-13 03:31:25.424   787   894 D LightsService: [SvcLED]  setSvcLedLightLocked :: Current SvcLED(id=3) maintains its priority right
12-13 03:31:25.434   992   992 D PhoneStatusBar: tick(): knoxCustomManager = android.app.enterprise.knoxcustom.KnoxCustomManager@41d3e258
12-13 03:31:25.444  8999 10073 D BluetoothAdapter: 1109773584: getState() :  mService = null. Returning STATE_OFF
12-13 03:31:25.454   248   248 D dalvikvm: GC_EXPLICIT freed <1K, 66% free 4882K/14096K, paused 2ms+4ms, total 24ms
12-13 03:31:25.464   992   992 D STATUSBAR-IconMerger: checkOverflow(1092), More:false, Req:false Child:4
12-13 03:31:25.474   248   248 D dalvikvm: GC_EXPLICIT freed <1K, 66% free 4882K/14096K, paused 2ms+3ms, total 25ms
12-13 03:31:25.514  8999 10157 I GCoreUlr: WorldUpdater received intent Intent { act=com.google.android.location.reporting.ACTION_UPDATE_WORLD cmp=com.google.android.gms/com.google.android.location.reporting.service.DispatchingService (has extras) } with receiverAction android.location.PROVIDERS_CHANGED
12-13 03:31:25.524   787  1237 V ApplicationPolicy: isApplicationStateBlocked userId 0 pkgname com.google.android.gms
12-13 03:31:25.524   787  1237 W ActivityManager: mDVFSHelper.acquire()
12-13 03:31:25.534  8999 10157 I GCoreUlr: WorldUpdater:android.location.PROVIDERS_CHANGED: Ensuring that reporting is stopped because of reasons: (no Google accounts)
12-13 03:31:25.534   243   243 I SurfaceFlinger: id=27 createSurf (16x16),-1 flag=20004, EimLayer
12-13 03:31:25.534   243   243 I SurfaceFlinger: id=28 createSurf (16x16),-1 flag=20004, EimLayer
12-13 03:31:25.534  1165  1165 D Launcher.HomeView: onPause
12-13 03:31:25.544   787   869 D PointerIcon: setMouseIconStyle1 pointerType: 1001iconType:101 flag:0
12-13 03:31:25.544   787   869 D PointerIcon: setMouseCustomIcon IconType is same.101
12-13 03:31:25.544   787  1194 D StatusBarManagerService: tr p:1165,o:f
12-13 03:31:25.554   992   992 D PhoneStatusBar: setTransGradationMode=false, mTransparentMode=false, mSemiTransparentMode=false, mMultiWindowMode=false
12-13 03:31:25.554  1165  1165 D Launcher.Workspace: exitWidgetResizeMode State: NORMAL, newDragStarted: false
12-13 03:31:25.554 12729 12729 E SPPClientService: ============PushLog. commonIsShipBuild. stop!
12-13 03:31:25.554 12729 12729 E SPPClientService: [PushClientApplication] Push log off : This is Ship build version
12-13 03:31:25.554 12729 12729 D SPPClientService: PushLog.txt file is not deleted.
12-13 03:31:25.554 12729 12729 D SPPClientService: PushLog.txt file is not deleted.
12-13 03:31:25.554 12729 12729 D SPPClientService: ============PushLog. stop!
12-13 03:31:25.564 12751 12751 I SELinux : Function: selinux_android_load_priority [0], There is no sepolicy file.
12-13 03:31:25.564 12751 12751 I SELinux :  
12-13 03:31:25.564 12751 12751 I SELinux : Function: selinux_android_load_priority [1], There is no sepolicy version file.
12-13 03:31:25.564 12751 12751 I SELinux :  
12-13 03:31:25.564 12751 12751 I SELinux : Function: selinux_android_load_priority , priority version is VE=SEPF_SM-T530NU_4.4.2_0028
12-13 03:31:25.564 12751 12751 I SELinux :  
12-13 03:31:25.564 12751 12751 I SELinux :  
12-13 03:31:25.564 12751 12751 I SELinux : selinux_android_seapp_context_reload: seapp_contexts file is loaded from /seapp_contexts
12-13 03:31:25.574  8999 10157 I GCoreUlr: Unbound from all location providers
12-13 03:31:25.584  8415 12748 D Aatp    : /task/a4dd3aa6601087c775c7773d3ac8cf2163c11286/status
12-13 03:31:25.584  8999 10157 I GCoreUlr: Place inference reporting - stop
12-13 03:31:25.604  8999 10157 I GCoreUlr: DispatchingService ignoring Intent { act=android.net.wifi.WIFI_STATE_CHANGED flg=0x4000010 (has extras) } because ULR inactive
12-13 03:31:25.614  8999  8999 I GCoreUlr: Stopping handler for UlrDispSvcFast
12-13 03:31:25.614  1818  1818 D Profile : getProfileForUser Failed. Profile: No profile with userid 0 exists
12-13 03:31:25.624  8999  8999 I GCoreUlr: Unbound from all location providers
12-13 03:31:25.624  8999  8999 I GCoreUlr: Place inference reporting - stop
12-13 03:31:25.634  1818  1818 D Profile : getProfileForUser Failed. Profile: No profile with userid 0 exists
12-13 03:31:25.634  1818  1818 I LibraryDao: No profile is found!
12-13 03:31:25.644 12751 12751 W dalvikvm: VFY: unable to resolve static field 937 (PR_SET_DUMPABLE) in Landroid/system/OsConstants;
12-13 03:31:25.644 12751 12751 D dalvikvm: VFY: replacing opcode 0x60 at 0x0009
12-13 03:31:25.654  1818  1818 E SQLiteLog: (1) no such column: last_accessed_date
12-13 03:31:25.654  1818  1818 E ActiveShelfAnimationWidgetController: load recent fail. Db may not be created
12-13 03:31:25.654  1818  1818 D ActiveShelfAnimationWidgetController: id size = 1
12-13 03:31:25.654  1818  1818 D ActiveShelfWidgetProvider: getRemoteViewInstanceIfNeed
12-13 03:31:25.654  1818  1818 D ActiveShelfWidgetProvider: newView
12-13 03:31:25.654  1818  1818 D ActiveShelfAnimationWidgetController: buildLayout sync = false
12-13 03:31:25.654 12751 12751 W dalvikvm: VFY: unable to find class referenced in signature (Laqvj;)
12-13 03:31:25.654 12751 12751 W dalvikvm: VFY: unable to find class referenced in signature (Laqvj;)
12-13 03:31:25.654 12751 12751 W dalvikvm: VFY: unable to find class referenced in signature (Laqvj;)
12-13 03:31:25.654 12751 12751 W dalvikvm: VFY: unable to find class referenced in signature (Laqvj;)
12-13 03:31:25.664 12751 12751 I dalvikvm: Could not find method android.content.Context.getSystemService, referenced from method ro.a
12-13 03:31:25.664 12751 12751 W dalvikvm: VFY: unable to resolve virtual method 1684: Landroid/content/Context;.getSystemService (Ljava/lang/Class;)Ljava/lang/Object;
12-13 03:31:25.664 12751 12751 D dalvikvm: VFY: replacing opcode 0x6e at 0x0008
12-13 03:31:25.664 12751 12751 I dalvikvm: Could not find method android.content.Context.createDeviceProtectedStorageContext, referenced from method jkx.a
12-13 03:31:25.664 12751 12751 W dalvikvm: VFY: unable to resolve virtual method 1659: Landroid/content/Context;.createDeviceProtectedStorageContext ()Landroid/content/Context;
12-13 03:31:25.664 12751 12751 D dalvikvm: VFY: replacing opcode 0x6e at 0x0029
12-13 03:31:25.664 12751 12751 I dalvikvm: Could not find method android.content.Context.getSystemService, referenced from method jkx.b
12-13 03:31:25.664 12751 12751 W dalvikvm: VFY: unable to resolve virtual method 1684: Landroid/content/Context;.getSystemService (Ljava/lang/Class;)Ljava/lang/Object;
12-13 03:31:25.664 12751 12751 D dalvikvm: VFY: replacing opcode 0x6e at 0x000b
12-13 03:31:25.664 12751 12751 I dalvikvm: Could not find method android.content.Context.isDeviceProtectedStorage, referenced from method zcx.a
12-13 03:31:25.664 12751 12751 W dalvikvm: VFY: unable to resolve virtual method 1689: Landroid/content/Context;.isDeviceProtectedStorage ()Z
12-13 03:31:25.664 12751 12751 D dalvikvm: VFY: replacing opcode 0x6e at 0x0009
12-13 03:31:25.664 12751 12751 I dalvikvm: Could not find method android.content.Context.isDeviceProtectedStorage, referenced from method zcx.c
12-13 03:31:25.664 12751 12751 W dalvikvm: VFY: unable to resolve virtual method 1689: Landroid/content/Context;.isDeviceProtectedStorage ()Z
12-13 03:31:25.664 12751 12751 D dalvikvm: VFY: replacing opcode 0x6e at 0x005d
12-13 03:31:25.664 12751 12751 I dalvikvm: Could not find method android.os.PowerManager.isInteractive, referenced from method jih.a
12-13 03:31:25.664 12751 12751 W dalvikvm: VFY: unable to resolve virtual method 2258: Landroid/os/PowerManager;.isInteractive ()Z
12-13 03:31:25.664 12751 12751 D dalvikvm: VFY: replacing opcode 0x6e at 0x0012
12-13 03:31:25.674 12751 12751 I dalvikvm: Could not find method android.content.ContextWrapper.createCredentialProtectedStorageContext, referenced from method com.google.android.chimera.ModuleContext.createCredentialProtectedStorageContext
12-13 03:31:25.674 12751 12751 W dalvikvm: VFY: unable to resolve virtual method 1708: Landroid/content/ContextWrapper;.createCredentialProtectedStorageContext ()Landroid/content/Context;
12-13 03:31:25.674 12751 12751 D dalvikvm: VFY: replacing opcode 0x6f at 0x0002
12-13 03:31:25.674 12751 12751 I dalvikvm: Could not find method android.content.ContextWrapper.createDeviceProtectedStorageContext, referenced from method com.google.android.chimera.ModuleContext.createDeviceProtectedStorageContext
12-13 03:31:25.674 12751 12751 W dalvikvm: VFY: unable to resolve virtual method 1709: Landroid/content/ContextWrapper;.createDeviceProtectedStorageContext ()Landroid/content/Context;
12-13 03:31:25.674 12751 12751 D dalvikvm: VFY: replacing opcode 0x6f at 0x0002
12-13 03:31:25.674 12751 12751 I dalvikvm: Could not find method android.content.Context.isCredentialProtectedStorage, referenced from method cqq.a
12-13 03:31:25.674 12751 12751 W dalvikvm: VFY: unable to resolve virtual method 1688: Landroid/content/Context;.isCredentialProtectedStorage ()Z
12-13 03:31:25.674 12751 12751 D dalvikvm: VFY: replacing opcode 0x6e at 0x0000
12-13 03:31:25.674 12751 12751 I dalvikvm: Could not find method android.os.UserManager.isUserUnlocked, referenced from method cqq.a
12-13 03:31:25.674 12751 12751 W dalvikvm: VFY: unable to resolve virtual method 2311: Landroid/os/UserManager;.isUserUnlocked ()Z
12-13 03:31:25.674 12751 12751 D dalvikvm: VFY: replacing opcode 0x6e at 0x001a
12-13 03:31:25.674 12751 12751 I dalvikvm: Could not find method android.content.Context.isDeviceProtectedStorage, referenced from method cqq.b
12-13 03:31:25.674 12751 12751 W dalvikvm: VFY: unable to resolve virtual method 1689: Landroid/content/Context;.isDeviceProtectedStorage ()Z
12-13 03:31:25.674 12751 12751 D dalvikvm: VFY: replacing opcode 0x6e at 0x0000
12-13 03:31:25.674 12751 12751 I dalvikvm: Could not find method android.content.Context.isDeviceProtectedStorage, referenced from method cqq.c
12-13 03:31:25.674 12751 12751 W dalvikvm: VFY: unable to resolve virtual method 1689: Landroid/content/Context;.isDeviceProtectedStorage ()Z
12-13 03:31:25.674 12751 12751 D dalvikvm: VFY: replacing opcode 0x6e at 0x0000
12-13 03:31:25.674 12751 12751 I MultiDex: VM with version 1.6.0 does not have multidex support
12-13 03:31:25.674 12751 12751 I MultiDex: install
12-13 03:31:25.674 12751 12751 I MultiDex: MultiDexExtractor.load(/data/app/com.google.android.gms-2203.apk, false)
12-13 03:31:25.674 12751 12751 I MultiDex: Blocking on lock /data/data/com.google.android.gms/code_cache/secondary-dexes/MultiDex.lock
12-13 03:31:25.674 12751 12751 I MultiDex: /data/data/com.google.android.gms/code_cache/secondary-dexes/MultiDex.lock locked
12-13 03:31:25.684  1818  1818 D Profile : getProfileForUser Failed. Profile: No profile with userid 0 exists
12-13 03:31:25.684 12751 12751 I MultiDex: loading existing secondary dex files
12-13 03:31:25.684 12751 12751 I MultiDex: load found 4 secondary dex files
12-13 03:31:25.684  1818  1818 D Profile : getProfileForUser Failed. Profile: No profile with userid 0 exists
12-13 03:31:25.694  1818  1818 D TextUtils: Text view dimension, width:11, height:41
12-13 03:31:25.694 12751 12751 I MultiDex: install done
12-13 03:31:25.704  1818  1818 D TextUtils: Text view dimension, width:381, height:85
12-13 03:31:25.704 12751 12751 I dalvikvm: Could not find method android.content.Context.isDeviceProtectedStorage, referenced from method kel.d
12-13 03:31:25.704 12751 12751 W dalvikvm: VFY: unable to resolve virtual method 1689: Landroid/content/Context;.isDeviceProtectedStorage ()Z
12-13 03:31:25.704 12751 12751 D dalvikvm: VFY: replacing opcode 0x6e at 0x0006
12-13 03:31:25.714 12751 12751 I dalvikvm: Could not find method android.os.UserHandle.isOwner, referenced from method kel.i
12-13 03:31:25.714 12751 12751 W dalvikvm: VFY: unable to resolve virtual method 2304: Landroid/os/UserHandle;.isOwner ()Z
12-13 03:31:25.714 12751 12751 D dalvikvm: VFY: replacing opcode 0x6e at 0x000a
12-13 03:31:25.724 12751 12751 I dalvikvm: Could not find method android.content.pm.PackageManager.isInstantApp, referenced from method kkc.a
12-13 03:31:25.724 12751 12751 W dalvikvm: VFY: unable to resolve virtual method 1808: Landroid/content/pm/PackageManager;.isInstantApp (Ljava/lang/String;)Z
12-13 03:31:25.724 12751 12751 D dalvikvm: VFY: replacing opcode 0x6e at 0x002d
12-13 03:31:25.724 12751 12751 I dalvikvm: Could not find method android.content.ContextWrapper.createCredentialProtectedStorageContext, referenced from method jwn.createCredentialProtectedStorageContext
12-13 03:31:25.724 12751 12751 W dalvikvm: VFY: unable to resolve virtual method 1708: Landroid/content/ContextWrapper;.createCredentialProtectedStorageContext ()Landroid/content/Context;
12-13 03:31:25.724 12751 12751 D dalvikvm: VFY: replacing opcode 0x6f at 0x0002
12-13 03:31:25.724 12751 12751 I dalvikvm: Could not find method android.content.ContextWrapper.createDeviceProtectedStorageContext, referenced from method jwn.createDeviceProtectedStorageContext
12-13 03:31:25.724 12751 12751 W dalvikvm: VFY: unable to resolve virtual method 1709: Landroid/content/ContextWrapper;.createDeviceProtectedStorageContext ()Landroid/content/Context;
12-13 03:31:25.724 12751 12751 D dalvikvm: VFY: replacing opcode 0x6f at 0x0002
12-13 03:31:25.734 12751 12751 D dalvikvm: DexOpt: couldn't find static field Landroid/os/Build;.SUPPORTED_ABIS
12-13 03:31:25.734 12751 12751 W dalvikvm: VFY: unable to resolve static field 918 (SUPPORTED_ABIS) in Landroid/os/Build;
12-13 03:31:25.734 12751 12751 D dalvikvm: VFY: replacing opcode 0x62 at 0x0008
12-13 03:31:25.734 12751 12751 D dalvikvm: DexOpt: couldn't find static field Landroid/os/Build;.SUPPORTED_ABIS
12-13 03:31:25.734 12751 12751 W dalvikvm: VFY: unable to resolve static field 918 (SUPPORTED_ABIS) in Landroid/os/Build;
12-13 03:31:25.734 12751 12751 D dalvikvm: VFY: replacing opcode 0x62 at 0x0097
12-13 03:31:25.734  1818  1818 D Profile : getProfileForUser Failed. Profile: No profile with userid 0 exists
12-13 03:31:25.734 12751 12751 D dalvikvm: DexOpt: couldn't find field Landroid/content/pm/ApplicationInfo;.splitSourceDirs
12-13 03:31:25.734 12751 12751 W dalvikvm: VFY: unable to resolve instance field 849
12-13 03:31:25.734 12751 12751 D dalvikvm: VFY: replacing opcode 0x54 at 0x0053
12-13 03:31:25.734 12751 12751 D dalvikvm: DexOpt: couldn't find field Landroid/content/pm/ApplicationInfo;.splitSourceDirs
12-13 03:31:25.734 12751 12751 I dalvikvm: DexOpt: unable to optimize instance field ref 0x0351 at 0x57 in Lkgr;.d
12-13 03:31:25.734 12751 12751 D dalvikvm: Trying to load lib /data/app-lib/com.google.android.gms-2203/libgmscore.so 0x42004150
12-13 03:31:25.744  1818  1818 D TextUtils: Text view dimension, width:168, height:23
12-13 03:31:25.744 12751 12751 D dalvikvm: Added shared lib /data/app-lib/com.google.android.gms-2203/libgmscore.so 0x42004150
12-13 03:31:25.744 12751 12751 D dalvikvm: No JNI_OnLoad found in /data/app-lib/com.google.android.gms-2203/libgmscore.so 0x42004150, skipping init
12-13 03:31:25.744 12751 12751 D dalvikvm: Trying to load lib /data/app-lib/com.google.android.gms-2203/libconscrypt_gmscore_jni.so 0x42004150
12-13 03:31:25.744 12751 12751 D dalvikvm: Added shared lib /data/app-lib/com.google.android.gms-2203/libconscrypt_gmscore_jni.so 0x42004150
12-13 03:31:25.744 12751 12751 V NativeCrypto: Registering com/google/android/gms/org/conscrypt/NativeCrypto's 276 native methods...
12-13 03:31:25.754 12751 12751 E dalvikvm: Could not find class 'javax.net.ssl.SNIServerName', referenced from method com.google.android.gms.org.conscrypt.Platform.getSniHostnameFromParams
12-13 03:31:25.754 12751 12751 W dalvikvm: VFY: unable to resolve check-cast 2222 (Ljavax/net/ssl/SNIServerName;) in Lcom/google/android/gms/org/conscrypt/Platform;
12-13 03:31:25.754 12751 12751 D dalvikvm: VFY: replacing opcode 0x1f at 0x0025
12-13 03:31:25.754 12751 12751 E dalvikvm: Could not find class 'javax.net.ssl.SNIHostName', referenced from method com.google.android.gms.org.conscrypt.Platform.setParametersSniHostname
12-13 03:31:25.754 12751 12751 W dalvikvm: VFY: unable to resolve new-instance 2221 (Ljavax/net/ssl/SNIHostName;) in Lcom/google/android/gms/org/conscrypt/Platform;
12-13 03:31:25.754 12751 12751 D dalvikvm: VFY: replacing opcode 0x22 at 0x0024
12-13 03:31:25.754 12751 12751 E dalvikvm: Could not find class 'javax.net.ssl.SNIHostName', referenced from method com.google.android.gms.org.conscrypt.Platform.setParametersSniHostname
12-13 03:31:25.754 12751 12751 W dalvikvm: VFY: unable to resolve new-instance 2221 (Ljavax/net/ssl/SNIHostName;) in Lcom/google/android/gms/org/conscrypt/Platform;
12-13 03:31:25.754 12751 12751 D dalvikvm: VFY: replacing opcode 0x22 at 0x0024
12-13 03:31:25.754 12751 12751 W dalvikvm: Unable to resolve superclass of Lcom/google/android/gms/org/conscrypt/DelegatingExtendedSSLSession; (2212)
12-13 03:31:25.754 12751 12751 W dalvikvm: Link of class 'Lcom/google/android/gms/org/conscrypt/DelegatingExtendedSSLSession;' failed
12-13 03:31:25.754 12751 12751 E dalvikvm: Could not find class 'com.google.android.gms.org.conscrypt.DelegatingExtendedSSLSession', referenced from method com.google.android.gms.org.conscrypt.Platform.unwrapSSLSession
12-13 03:31:25.754 12751 12751 W dalvikvm: VFY: unable to resolve instanceof 1304 (Lcom/google/android/gms/org/conscrypt/DelegatingExtendedSSLSession;) in Lcom/google/android/gms/org/conscrypt/Platform;
12-13 03:31:25.754 12751 12751 D dalvikvm: VFY: replacing opcode 0x20 at 0x0007
12-13 03:31:25.754 12751 12751 W dalvikvm: Unable to resolve superclass of Lcom/google/android/gms/org/conscrypt/DelegatingExtendedSSLSession; (2212)
12-13 03:31:25.754 12751 12751 W dalvikvm: Link of class 'Lcom/google/android/gms/org/conscrypt/DelegatingExtendedSSLSession;' failed
12-13 03:31:25.754 12751 12751 E dalvikvm: Could not find class 'com.google.android.gms.org.conscrypt.DelegatingExtendedSSLSession', referenced from method com.google.android.gms.org.conscrypt.Platform.wrapSSLSession
12-13 03:31:25.754 12751 12751 W dalvikvm: VFY: unable to resolve new-instance 1304 (Lcom/google/android/gms/org/conscrypt/DelegatingExtendedSSLSession;) in Lcom/google/android/gms/org/conscrypt/Platform;
12-13 03:31:25.754 12751 12751 D dalvikvm: VFY: replacing opcode 0x22 at 0x0007
12-13 03:31:25.764 12751 12751 D dalvikvm: DexOpt: unable to opt direct call 0x3096 at 0x2a in Lcom/google/android/gms/org/conscrypt/Platform;.setParametersSniHostname
12-13 03:31:25.764 12751 12751 D dalvikvm: DexOpt: unable to opt direct call 0x3096 at 0x2a in Lcom/google/android/gms/org/conscrypt/Platform;.setParametersSniHostname
12-13 03:31:25.764 12751 12751 W dalvikvm: Unable to resolve superclass of Lcom/google/android/gms/org/conscrypt/DelegatingExtendedSSLSession; (2212)
12-13 03:31:25.764 12751 12751 W dalvikvm: Link of class 'Lcom/google/android/gms/org/conscrypt/DelegatingExtendedSSLSession;' failed
12-13 03:31:25.764 12751 12751 D dalvikvm: DexOpt: unable to opt direct call 0x1b67 at 0x09 in Lcom/google/android/gms/org/conscrypt/Platform;.wrapSSLSession
12-13 03:31:25.764  1818  1818 D TextUtils: Text view dimension, width:50, height:25
12-13 03:31:25.774  1818  1818 D ActiveShelfAnimationWidgetController: update widget id = 2
12-13 03:31:25.784  1818  1818 D ShopWidgetController: intent received: com.nook.home.widget.ACTION_REFRESH
12-13 03:31:25.784  1818  1818 D ShopWidgetController: Refresh!! orientation:2
12-13 03:31:25.784  1818  1818 D ShopWidgetController: Update widget with id:3
12-13 03:31:25.784  1818  1818 D ShopWidgetController: updateRemoteViews for widget id:3
12-13 03:31:25.804  1818  1818 D ShopWidgetProvider: getRemoteViewInstanceIfNeed
12-13 03:31:25.804  1818  1818 D ShopWidgetProvider: newView
12-13 03:31:25.804  1818  1818 D TextUtils: Text view dimension, width:9, height:20
12-13 03:31:25.814  1818  1818 D TextUtils: Text view dimension, width:8, height:18
12-13 03:31:25.814  1818  1818 D TextUtils: Text view dimension, width:10, height:25
12-13 03:31:25.814  1818  1818 D Profile : getProfileForUser Failed. Profile: No profile with userid 0 exists
12-13 03:31:25.824  1818  1818 I ShopWidgetController: No profile found
12-13 03:31:25.824  1818  1818 D ShopWidgetController: action = Shop Now mNoConnectivity = true mSkipOobeBitmap = null is Connect = false
12-13 03:31:25.824  1818  1818 I ShopWidgetController: no connectivity & no cache
12-13 03:31:25.824  1818  1818 D TextUtils: Text view dimension, width:505, height:36
12-13 03:31:25.844 12751 12751 D dalvikvm: Trying to load lib /data/app-lib/com.google.android.gms-2203/libgmscore.so 0x42004150
12-13 03:31:25.844 12751 12751 D dalvikvm: Shared lib '/data/app-lib/com.google.android.gms-2203/libgmscore.so' already loaded in same CL 0x42004150
12-13 03:31:25.844 12751 12751 D dalvikvm: Trying to load lib /data/app-lib/com.google.android.gms-2203/libconscrypt_gmscore_jni.so 0x42004150
12-13 03:31:25.844 12751 12751 D dalvikvm: Shared lib '/data/app-lib/com.google.android.gms-2203/libconscrypt_gmscore_jni.so' already loaded in same CL 0x42004150
12-13 03:31:25.854  8428  8428 D com.samsung.app: [AccuTab_Magagine]>>> WC:42 [0:0] action : comandroidserverNotificationManagerServiceNotificationArrived
12-13 03:31:25.854  8428  8428 D com.samsung.app: [AccuTab_Magagine]>>> WC:55 [0:0] settings CT : androidappReceiverRestrictedContext@4201cd20
12-13 03:31:25.854  8428  8428 D com.samsung.app: [AccuTab_Magagine]>>> UIM:146 [0:0] setContext
12-13 03:31:25.864  8428  8428 D com.samsung.app: [AccuTab_Magagine]>>> UIM:227 [0:0] The widget does not exist in idle!!
12-13 03:31:25.874 12771 12771 I SELinux : Function: selinux_android_load_priority [0], There is no sepolicy file.
12-13 03:31:25.874 12771 12771 I SELinux :  
12-13 03:31:25.874 12771 12771 I SELinux : Function: selinux_android_load_priority [1], There is no sepolicy version file.
12-13 03:31:25.874 12771 12771 I SELinux :  
12-13 03:31:25.874 12771 12771 I SELinux : Function: selinux_android_load_priority , priority version is VE=SEPF_SM-T530NU_4.4.2_0028
12-13 03:31:25.874 12771 12771 I SELinux :  
12-13 03:31:25.874 12771 12771 I SELinux :  
12-13 03:31:25.874 12771 12771 I SELinux : selinux_android_seapp_context_reload: seapp_contexts file is loaded from /seapp_contexts
12-13 03:31:25.934 12751 12751 I ProviderInstaller: Installed default security provider GmsCore_OpenSSL
12-13 03:31:25.934 12771 12771 V TaskCloserActivity: TaskCloserActivity enter()
12-13 03:31:25.934 12771 12771 V TaskCloserActivity: TaskCloserActivity onReceive() - com.sec.android.intent.action.HOME_PAUSE
12-13 03:31:25.934   787  5982 W ActivityManager: Permission Denial: getCurrentUser() from pid=12771, uid=10133 requires android.permission.INTERACT_ACROSS_USERS
12-13 03:31:25.944 12751 12751 I dalvikvm: Could not find method android.app.AppOpsManager.permissionToOp, referenced from method pq.a
12-13 03:31:25.944 12751 12751 W dalvikvm: VFY: unable to resolve static method 1450: Landroid/app/AppOpsManager;.permissionToOp (Ljava/lang/String;)Ljava/lang/String;
12-13 03:31:25.944 12751 12751 D dalvikvm: VFY: replacing opcode 0x71 at 0x000f
12-13 03:31:25.944 12751 12751 I dalvikvm: Could not find method android.content.Context.getSystemService, referenced from method pq.a
12-13 03:31:25.944 12751 12751 W dalvikvm: VFY: unable to resolve virtual method 1684: Landroid/content/Context;.getSystemService (Ljava/lang/Class;)Ljava/lang/Object;
12-13 03:31:25.944 12751 12751 D dalvikvm: VFY: replacing opcode 0x6e at 0x0030
12-13 03:31:25.944   787   798 I ActivityManager: Killing 10357:com.hancom.androidpc.appwidget/u0a48 (adj 15): empty #31
12-13 03:31:26.014 12751 12751 W dalvikvm: VFY: unable to find class referenced in signature (Landroid/app/VoiceInteractor;)
12-13 03:31:26.014 12751 12751 W dalvikvm: VFY: unable to find class referenced in signature (Landroid/app/VoiceInteractor;)
12-13 03:31:26.014 12751 12751 W dalvikvm: VFY: unable to find class referenced in signature (Landroid/os/PersistableBundle;)
12-13 03:31:26.014 12751 12751 W dalvikvm: VFY: unable to find class referenced in signature (Landroid/os/PersistableBundle;)
12-13 03:31:26.014 12751 12751 W dalvikvm: VFY: unable to find class referenced in signature (Landroid/os/PersistableBundle;)
12-13 03:31:26.014 12751 12751 W dalvikvm: VFY: unable to find class referenced in signature (Landroid/os/PersistableBundle;)
12-13 03:31:26.014 12751 12751 W dalvikvm: VFY: unable to find class referenced in signature (Landroid/app/assist/AssistContent;)
12-13 03:31:26.014 12751 12751 W dalvikvm: VFY: unable to find class referenced in signature (Landroid/app/assist/AssistContent;)
12-13 03:31:26.024 12751 12751 W dalvikvm: VFY: unable to find class referenced in signature (Landroid/os/PersistableBundle;)
12-13 03:31:26.024 12751 12751 W dalvikvm: VFY: unable to find class referenced in signature (Landroid/os/PersistableBundle;)
12-13 03:31:26.024 12751 12751 W dalvikvm: VFY: unable to find class referenced in signature (Landroid/os/PersistableBundle;)
12-13 03:31:26.024 12751 12751 W dalvikvm: VFY: unable to find class referenced in signature (Landroid/os/PersistableBundle;)
12-13 03:31:26.024 12751 12751 W dalvikvm: VFY: unable to find class referenced in signature (Landroid/os/PersistableBundle;)
12-13 03:31:26.024 12751 12751 W dalvikvm: VFY: unable to find class referenced in signature (Landroid/view/SearchEvent;)
12-13 03:31:26.024 12751 12751 W dalvikvm: VFY: unable to find class referenced in signature (Landroid/view/SearchEvent;)
12-13 03:31:26.024 12751 12751 I dalvikvm: Could not find method lm.convertToTranslucent, referenced from method cps.superConvertToTranslucent
12-13 03:31:26.024 12751 12751 W dalvikvm: VFY: unable to resolve virtual method 15358: Llm;.convertToTranslucent (Landroid/app/Activity$TranslucentConversionListener;Landroid/app/ActivityOptions;)Z
12-13 03:31:26.024 12751 12751 D dalvikvm: VFY: replacing opcode 0x6f at 0x0000
12-13 03:31:26.024 12751 12751 I dalvikvm: Could not find method android.app.Activity.finishAfterTransition, referenced from method cps.superFinishAfterTransition
12-13 03:31:26.024 12751 12751 W dalvikvm: VFY: unable to resolve virtual method 1399: Landroid/app/Activity;.finishAfterTransition ()V
12-13 03:31:26.024 12751 12751 D dalvikvm: VFY: replacing opcode 0x6f at 0x0000
12-13 03:31:26.024 12751 12751 I dalvikvm: Could not find method lm.finishAndRemoveTask, referenced from method cps.superFinishAndRemoveTask
12-13 03:31:26.034 12751 12751 W dalvikvm: VFY: unable to resolve virtual method 15372: Llm;.finishAndRemoveTask ()V
12-13 03:31:26.034 12751 12751 D dalvikvm: VFY: replacing opcode 0x6f at 0x0000
12-13 03:31:26.034 12751 12751 I dalvikvm: Could not find method lm.getContentScene, referenced from method cps.superGetContentScene
12-13 03:31:26.034 12751 12751 W dalvikvm: VFY: unable to resolve virtual method 15377: Llm;.getContentScene ()Landroid/transition/Scene;
12-13 03:31:26.034 12751 12751 D dalvikvm: VFY: replacing opcode 0x6f at 0x0000
12-13 03:31:26.034 12751 12751 I dalvikvm: Could not find method lm.getContentTransitionManager, referenced from method cps.superGetContentTransitionManager
12-13 03:31:26.034 12751 12751 W dalvikvm: VFY: unable to resolve virtual method 15378: Llm;.getContentTransitionManager ()Landroid/transition/TransitionManager;
12-13 03:31:26.034 12751 12751 D dalvikvm: VFY: replacing opcode 0x6f at 0x0000
12-13 03:31:26.034 12751 12751 I dalvikvm: Could not find method lm.getReferrer, referenced from method cps.superGetReferrer
12-13 03:31:26.034 12751 12751 W dalvikvm: VFY: unable to resolve virtual method 15386: Llm;.getReferrer ()Landroid/net/Uri;
12-13 03:31:26.034 12751 12751 D dalvikvm: VFY: replacing opcode 0x6f at 0x0000
12-13 03:31:26.034 12751 12751 I dalvikvm: Could not find method lm.getVoiceInteractor, referenced from method cps.superGetVoiceInteractor
12-13 03:31:26.034 12751 12751 W dalvikvm: VFY: unable to resolve virtual method 15391: Llm;.getVoiceInteractor ()Landroid/app/VoiceInteractor;
12-13 03:31:26.034 12751 12751 D dalvikvm: VFY: replacing opcode 0x6f at 0x0000
12-13 03:31:26.034 12751 12751 I dalvikvm: Could not find method lm.isBackgroundVisibleBehind, referenced from method cps.superIsBackgroundVisibleBehind
12-13 03:31:26.034 12751 12751 W dalvikvm: VFY: unable to resolve virtual method 15397: Llm;.isBackgroundVisibleBehind ()Z
12-13 03:31:26.034 12751 12751 D dalvikvm: VFY: replacing opcode 0x6f at 0x0000
12-13 03:31:26.034 12751 12751 I dalvikvm: Could not find method lm.isVoiceInteraction, referenced from method cps.superIsVoiceInteraction
12-13 03:31:26.034 12751 12751 W dalvikvm: VFY: unable to resolve virtual method 15403: Llm;.isVoiceInteraction ()Z
12-13 03:31:26.034 12751 12751 D dalvikvm: VFY: replacing opcode 0x6f at 0x0000
12-13 03:31:26.034 12751 12751 I dalvikvm: Could not find method lm.isVoiceInteractionRoot, referenced from method cps.superIsVoiceInteractionRoot
12-13 03:31:26.034 12751 12751 W dalvikvm: VFY: unable to resolve virtual method 15404: Llm;.isVoiceInteractionRoot ()Z
12-13 03:31:26.034 12751 12751 D dalvikvm: VFY: replacing opcode 0x6f at 0x0000
12-13 03:31:26.034 12729 12768 I System.out: Thread-807(HTTPLog):isShipBuild true
12-13 03:31:26.034 12729 12768 I System.out: Thread-807(HTTPLog):SmartBonding Enabling is false, SHIP_BUILD is true, log to file is false, DBG is false
12-13 03:31:26.034 12751 12751 I dalvikvm: Could not find method lm.onActivityReenter, referenced from method cps.superOnActivityReenter
12-13 03:31:26.034 12751 12751 W dalvikvm: VFY: unable to resolve virtual method 15410: Llm;.onActivityReenter (ILandroid/content/Intent;)V
12-13 03:31:26.034 12751 12751 D dalvikvm: VFY: replacing opcode 0x6f at 0x0000
12-13 03:31:26.034 12751 12751 I dalvikvm: Could not find method lm.onBackgroundVisibleBehindChanged, referenced from method cps.superOnBackgroundVisibleBehindChanged
12-13 03:31:26.034 12751 12751 W dalvikvm: VFY: unable to resolve virtual method 15414: Llm;.onBackgroundVisibleBehindChanged (Z)V
12-13 03:31:26.034 12751 12751 D dalvikvm: VFY: replacing opcode 0x6f at 0x0000
12-13 03:31:26.034 12751 12751 W dalvikvm: VFY: unable to find class referenced in signature (Landroid/os/PersistableBundle;)
12-13 03:31:26.034 12751 12751 I dalvikvm: Could not find method lm.onCreate, referenced from method cps.superOnCreate
12-13 03:31:26.034 12751 12751 W dalvikvm: VFY: unable to resolve virtual method 15421: Llm;.onCreate (Landroid/os/Bundle;Landroid/os/PersistableBundle;)V
12-13 03:31:26.034 12751 12751 D dalvikvm: VFY: replacing opcode 0x6f at 0x0000
12-13 03:31:26.034 12751 12751 I dalvikvm: Could not find method lm.onEnterAnimationComplete, referenced from method cps.superOnEnterAnimationComplete
12-13 03:31:26.034 12751 12751 W dalvikvm: VFY: unable to resolve virtual method 15435: Llm;.onEnterAnimationComplete ()V
12-13 03:31:26.034 12751 12751 D dalvikvm: VFY: replacing opcode 0x6f at 0x0000
12-13 03:31:26.034 12751 12751 W dalvikvm: VFY: unable to find class referenced in signature (Landroid/os/PersistableBundle;)
12-13 03:31:26.034 12751 12751 I dalvikvm: Could not find method lm.onPostCreate, referenced from method cps.superOnPostCreate
12-13 03:31:26.034 12751 12751 W dalvikvm: VFY: unable to resolve virtual method 15455: Llm;.onPostCreate (Landroid/os/Bundle;Landroid/os/PersistableBundle;)V
12-13 03:31:26.034 12751 12751 D dalvikvm: VFY: replacing opcode 0x6f at 0x0000
