12-12 20:13:05.683 16083 16083 E android.os.Debug: failed to load memtrack module: -2
12-12 20:13:05.713 16083 16083 D dalvikvm: Note: class Landroid/app/ActivityManagerNative; has 192 unimplemented (abstract) methods
12-12 20:13:05.783 16083 16083 D AndroidRuntime: Calling main entry com.android.commands.pm.Pm
12-12 20:13:05.873   787   798 V ApplicationPolicy: isApplicationStateBlocked userId 0 pkgname com.android.browser
12-12 20:13:05.873 16083 16083 D AndroidRuntime: Shutting down VM
12-12 20:13:05.873   787   798 W ActivityManager: Invalid packageName: com.android.browser
12-12 20:13:05.883 16083 16088 D dalvikvm: GC_CONCURRENT freed 97K, 13% free 677K/776K, paused 9ms+0ms, total 11ms
12-12 20:13:06.653 16094 16094 D AndroidRuntime: 
12-12 20:13:06.653 16094 16094 D AndroidRuntime: >>>>>> AndroidRuntime START com.android.internal.os.RuntimeInit <<<<<<
12-12 20:13:06.653 16094 16094 D AndroidRuntime: CheckJNI is OFF
12-12 20:13:06.653 16094 16094 D AndroidRuntime: setted country_code = USA
12-12 20:13:06.653 16094 16094 D AndroidRuntime: setted countryiso_code = US
12-12 20:13:06.653 16094 16094 D AndroidRuntime: setted sales_code = BNN
12-12 20:13:06.653 16094 16094 D AndroidRuntime: readGMSProperty: start
12-12 20:13:06.653 16094 16094 D AndroidRuntime: readGMSProperty: already setted!!
12-12 20:13:06.653 16094 16094 D AndroidRuntime: readGMSProperty: end
12-12 20:13:06.653 16094 16094 D AndroidRuntime: addProductProperty: start
12-12 20:13:06.673 16094 16094 D dalvikvm: Trying to load lib libjavacore.so 0x0
12-12 20:13:06.673 16094 16094 D dalvikvm: Added shared lib libjavacore.so 0x0
12-12 20:13:06.673   787   898 V AlarmManager: waitForAlarm result :8
12-12 20:13:06.683 16094 16094 D dalvikvm: Trying to load lib libnativehelper.so 0x0
12-12 20:13:06.683 16094 16094 D dalvikvm: Added shared lib libnativehelper.so 0x0
12-12 20:13:06.683 16094 16094 D dalvikvm: No JNI_OnLoad found in libnativehelper.so 0x0, skipping init
12-12 20:13:06.883 16094 16094 E memtrack: Couldn't load memtrack module (No such file or directory)
12-12 20:13:06.883 16094 16094 E android.os.Debug: failed to load memtrack module: -2
12-12 20:13:06.923 16094 16094 D dalvikvm: Note: class Landroid/app/ActivityManagerNative; has 192 unimplemented (abstract) methods
12-12 20:13:06.983 16094 16094 D AndroidRuntime: Calling main entry com.android.commands.pm.Pm
12-12 20:13:07.073   787  8952 V ApplicationPolicy: isApplicationStateBlocked userId 0 pkgname com.android.browser.provider
12-12 20:13:07.083   787  8952 V ApplicationPolicy: isApplicationStateBlocked userId 0 pkgname com.android.browser.provider
12-12 20:13:07.083  1126  1126 D ContainerEventsRelayManager: <<< Intent action is >>> : android.intent.action.PACKAGE_RESTARTED
12-12 20:13:07.083  1126  1126 D ContainerEventsRelayManager: <<< Intent data is   >>> : package:com.android.browser.provider
12-12 20:13:07.083   787  8952 D PackageManager: START CLEAR APPLICATION USER DATA: observer{1131150016}
12-12 20:13:07.083   787  8952 D PackageManager: pkg{<packageName>}
12-12 20:13:07.083   787  8952 D PackageManager: user{0}
12-12 20:13:07.083   787   886 D PackageManager: [MSG] CLEAR_APPLICATION_USER_DATA
12-12 20:13:07.093   252   252 D keystore: calling clear_uid in state: 3
12-12 20:13:07.103  1126  1126 D ContainerEventsRelayManager: <<< Intent action is >>> : android.intent.action.PACKAGE_DATA_CLEARED
12-12 20:13:07.103  1126  1126 D ContainerEventsRelayManager: <<< Intent data is   >>> : package:com.android.browser.provider
12-12 20:13:07.103 15780 15894 D Documents: Used cached roots for com.android.externalstorage.documents
12-12 20:13:07.103 15780 15894 D Documents: Used cached roots for com.android.providers.downloads.documents
12-12 20:13:07.103 15780 15894 D Documents: Used cached roots for com.android.providers.media.documents
12-12 20:13:07.103 15780 15894 D Documents: Loading roots for com.google.android.apps.docs.storage
12-12 20:13:07.113 15780 15894 D Documents: Update found 6 roots in 12ms
12-12 20:13:07.123 16094 16094 D AndroidRuntime: Shutting down VM
12-12 20:13:07.123 16094 16099 D dalvikvm: GC_CONCURRENT freed 97K, 13% free 677K/776K, paused 1ms+0ms, total 3ms
12-12 20:13:07.123   787   886 D PackageManager: return delete result to caller: 1131150016
12-12 20:13:07.123   787   886 D PackageManager: returnCode: true
12-12 20:13:07.743   787   863 D SensorService:   -0.7 0.5 9.6
12-12 20:13:07.913 16106 16106 D AndroidRuntime: 
12-12 20:13:07.913 16106 16106 D AndroidRuntime: >>>>>> AndroidRuntime START com.android.internal.os.RuntimeInit <<<<<<
12-12 20:13:07.923 16106 16106 D AndroidRuntime: CheckJNI is OFF
12-12 20:13:07.923 16106 16106 D AndroidRuntime: setted country_code = USA
12-12 20:13:07.923 16106 16106 D AndroidRuntime: setted countryiso_code = US
12-12 20:13:07.923 16106 16106 D AndroidRuntime: setted sales_code = BNN
12-12 20:13:07.923 16106 16106 D AndroidRuntime: readGMSProperty: start
12-12 20:13:07.923 16106 16106 D AndroidRuntime: readGMSProperty: already setted!!
12-12 20:13:07.923 16106 16106 D AndroidRuntime: readGMSProperty: end
12-12 20:13:07.923 16106 16106 D AndroidRuntime: addProductProperty: start
12-12 20:13:07.933 16106 16106 D dalvikvm: Trying to load lib libjavacore.so 0x0
12-12 20:13:07.943 16106 16106 D dalvikvm: Added shared lib libjavacore.so 0x0
12-12 20:13:07.943 16106 16106 D dalvikvm: Trying to load lib libnativehelper.so 0x0
12-12 20:13:07.943 16106 16106 D dalvikvm: Added shared lib libnativehelper.so 0x0
12-12 20:13:07.943 16106 16106 D dalvikvm: No JNI_OnLoad found in libnativehelper.so 0x0, skipping init
12-12 20:13:08.133 16106 16106 E memtrack: Couldn't load memtrack module (No such file or directory)
12-12 20:13:08.133 16106 16106 E android.os.Debug: failed to load memtrack module: -2
12-12 20:13:08.173 16106 16106 D dalvikvm: Note: class Landroid/app/ActivityManagerNative; has 192 unimplemented (abstract) methods
12-12 20:13:08.243 16106 16106 D AndroidRuntime: Calling main entry com.android.commands.pm.Pm
12-12 20:13:08.323   787   797 V ApplicationPolicy: isApplicationStateBlocked userId 0 pkgname com.samsung.android.scloud.proxy.sbrowser
12-12 20:13:08.333  1126  1126 D ContainerEventsRelayManager: <<< Intent action is >>> : android.intent.action.PACKAGE_RESTARTED
12-12 20:13:08.333  1126  1126 D ContainerEventsRelayManager: <<< Intent data is   >>> : package:com.samsung.android.scloud.proxy.sbrowser
12-12 20:13:08.333   787   797 V ApplicationPolicy: isApplicationStateBlocked userId 0 pkgname com.samsung.android.scloud.proxy.sbrowser
12-12 20:13:08.333   787   797 D PackageManager: START CLEAR APPLICATION USER DATA: observer{1126942784}
12-12 20:13:08.333   787   797 D PackageManager: pkg{<packageName>}
12-12 20:13:08.333   787   797 D PackageManager: user{0}
12-12 20:13:08.343  1126  1126 D ContainerEventsRelayManager: <<< Intent action is >>> : android.intent.action.PACKAGE_DATA_CLEARED
12-12 20:13:08.343  1126  1126 D ContainerEventsRelayManager: <<< Intent data is   >>> : package:com.samsung.android.scloud.proxy.sbrowser
12-12 20:13:08.343   252   252 D keystore: calling clear_uid in state: 3
12-12 20:13:08.343 15780 15798 D Documents: Used cached roots for com.android.externalstorage.documents
12-12 20:13:08.343 15780 15798 D Documents: Used cached roots for com.android.providers.downloads.documents
12-12 20:13:08.343 15780 15798 D Documents: Used cached roots for com.android.providers.media.documents
12-12 20:13:08.343 15780 15798 D Documents: Loading roots for com.google.android.apps.docs.storage
12-12 20:13:08.343   787   886 D PackageManager: [MSG] CLEAR_APPLICATION_USER_DATA
12-12 20:13:08.353 15780 15798 D Documents: Update found 6 roots in 13ms
12-12 20:13:08.353 16106 16106 D AndroidRuntime: Shutting down VM
12-12 20:13:08.353   787   886 D PackageManager: return delete result to caller: 1126942784
12-12 20:13:08.353   787   886 D PackageManager: returnCode: true
12-12 20:13:08.363 16106 16112 D dalvikvm: GC_CONCURRENT freed 97K, 13% free 677K/776K, paused 1ms+1ms, total 3ms
12-12 20:13:08.493 16063 16063 I MultiDex: Renaming to /data/data/com.google.android.gms/code_cache/secondary-dexes/com.google.android.gms-1317.apk.classes2.zip
12-12 20:13:08.493 16063 16063 I MultiDex: Extraction succeeded - length /data/data/com.google.android.gms/code_cache/secondary-dexes/com.google.android.gms-1317.apk.classes2.zip: 3787696 - crc: 3049240479
12-12 20:13:08.493 16063 16063 I MultiDex: Extraction is needed for file /data/data/com.google.android.gms/code_cache/secondary-dexes/com.google.android.gms-1317.apk.classes3.zip
12-12 20:13:08.493 16063 16063 I MultiDex: Extracting /data/data/com.google.android.gms/code_cache/secondary-dexes/tmp-com.google.android.gms-1317.apk.classes-1365415356.zip
12-12 20:13:09.153 16119 16119 D AndroidRuntime: 
12-12 20:13:09.153 16119 16119 D AndroidRuntime: >>>>>> AndroidRuntime START com.android.internal.os.RuntimeInit <<<<<<
12-12 20:13:09.153 16119 16119 D AndroidRuntime: CheckJNI is OFF
12-12 20:13:09.153 16119 16119 D AndroidRuntime: setted country_code = USA
12-12 20:13:09.163 16119 16119 D AndroidRuntime: setted countryiso_code = US
12-12 20:13:09.163 16119 16119 D AndroidRuntime: setted sales_code = BNN
12-12 20:13:09.163 16119 16119 D AndroidRuntime: readGMSProperty: start
12-12 20:13:09.163 16119 16119 D AndroidRuntime: readGMSProperty: already setted!!
12-12 20:13:09.163 16119 16119 D AndroidRuntime: readGMSProperty: end
12-12 20:13:09.163 16119 16119 D AndroidRuntime: addProductProperty: start
12-12 20:13:09.173 16119 16119 D dalvikvm: Trying to load lib libjavacore.so 0x0
12-12 20:13:09.173 16119 16119 D dalvikvm: Added shared lib libjavacore.so 0x0
12-12 20:13:09.183 16119 16119 D dalvikvm: Trying to load lib libnativehelper.so 0x0
12-12 20:13:09.183 16119 16119 D dalvikvm: Added shared lib libnativehelper.so 0x0
12-12 20:13:09.183 16119 16119 D dalvikvm: No JNI_OnLoad found in libnativehelper.so 0x0, skipping init
12-12 20:13:09.373 16119 16119 E memtrack: Couldn't load memtrack module (No such file or directory)
12-12 20:13:09.373 16119 16119 E android.os.Debug: failed to load memtrack module: -2
12-12 20:13:09.403 16119 16119 D dalvikvm: Note: class Landroid/app/ActivityManagerNative; has 192 unimplemented (abstract) methods
12-12 20:13:09.473 16119 16119 D AndroidRuntime: Calling main entry com.android.commands.pm.Pm
12-12 20:13:09.563   787  1221 V ApplicationPolicy: isApplicationStateBlocked userId 0 pkgname com.sec.android.app.sbrowser
12-12 20:13:09.563  1126  1126 D ContainerEventsRelayManager: <<< Intent action is >>> : android.intent.action.PACKAGE_RESTARTED
12-12 20:13:09.563  1126  1126 D ContainerEventsRelayManager: <<< Intent data is   >>> : package:com.sec.android.app.sbrowser
12-12 20:13:09.563   787  1221 V ApplicationPolicy: isApplicationStateBlocked userId 0 pkgname com.sec.android.app.sbrowser
12-12 20:13:09.563   787  1221 D PackageManager: START CLEAR APPLICATION USER DATA: observer{1145018256}
12-12 20:13:09.563   787  1221 D PackageManager: pkg{<packageName>}
12-12 20:13:09.563   787  1221 D PackageManager: user{0}
12-12 20:13:09.563   787   886 D PackageManager: [MSG] CLEAR_APPLICATION_USER_DATA
12-12 20:13:09.573  1126  1126 D ContainerEventsRelayManager: <<< Intent action is >>> : android.intent.action.PACKAGE_DATA_CLEARED
12-12 20:13:09.573  1126  1126 D ContainerEventsRelayManager: <<< Intent data is   >>> : package:com.sec.android.app.sbrowser
12-12 20:13:09.573 15780 15863 D Documents: Used cached roots for com.android.externalstorage.documents
12-12 20:13:09.573 15780 15863 D Documents: Used cached roots for com.android.providers.downloads.documents
12-12 20:13:09.573   252   252 D keystore: calling clear_uid in state: 3
12-12 20:13:09.583 15780 15863 D Documents: Used cached roots for com.android.providers.media.documents
12-12 20:13:09.583 15780 15863 D Documents: Loading roots for com.google.android.apps.docs.storage
12-12 20:13:09.593 15780 15863 D Documents: Update found 6 roots in 22ms
12-12 20:13:09.593 16119 16119 D AndroidRuntime: Shutting down VM
12-12 20:13:09.593   787   886 D PackageManager: return delete result to caller: 1145018256
12-12 20:13:09.593   787   886 D PackageManager: returnCode: true
12-12 20:13:09.603 16119 16125 D dalvikvm: GC_CONCURRENT freed 97K, 13% free 677K/776K, paused 0ms+1ms, total 3ms
12-12 20:13:10.413 16132 16132 D AndroidRuntime: 
12-12 20:13:10.413 16132 16132 D AndroidRuntime: >>>>>> AndroidRuntime START com.android.internal.os.RuntimeInit <<<<<<
12-12 20:13:10.413 16132 16132 D AndroidRuntime: CheckJNI is OFF
12-12 20:13:10.413 16132 16132 D AndroidRuntime: setted country_code = USA
12-12 20:13:10.413 16132 16132 D AndroidRuntime: setted countryiso_code = US
12-12 20:13:10.413 16132 16132 D AndroidRuntime: setted sales_code = BNN
12-12 20:13:10.413 16132 16132 D AndroidRuntime: readGMSProperty: start
12-12 20:13:10.413 16132 16132 D AndroidRuntime: readGMSProperty: already setted!!
12-12 20:13:10.413 16132 16132 D AndroidRuntime: readGMSProperty: end
12-12 20:13:10.413 16132 16132 D AndroidRuntime: addProductProperty: start
12-12 20:13:10.433 16132 16132 D dalvikvm: Trying to load lib libjavacore.so 0x0
12-12 20:13:10.433 16132 16132 D dalvikvm: Added shared lib libjavacore.so 0x0
12-12 20:13:10.443 16132 16132 D dalvikvm: Trying to load lib libnativehelper.so 0x0
12-12 20:13:10.443 16132 16132 D dalvikvm: Added shared lib libnativehelper.so 0x0
12-12 20:13:10.443 16132 16132 D dalvikvm: No JNI_OnLoad found in libnativehelper.so 0x0, skipping init
12-12 20:13:10.633 16132 16132 E memtrack: Couldn't load memtrack module (No such file or directory)
12-12 20:13:10.633 16132 16132 E android.os.Debug: failed to load memtrack module: -2
12-12 20:13:10.663 16132 16132 D dalvikvm: Note: class Landroid/app/ActivityManagerNative; has 192 unimplemented (abstract) methods
12-12 20:13:10.733 16132 16132 D AndroidRuntime: Calling main entry com.android.commands.pm.Pm
12-12 20:13:10.813   787  1235 V ApplicationPolicy: isApplicationStateBlocked userId 0 pkgname com.sec.android.app.sbrowsertry
12-12 20:13:10.823   787  1235 V ApplicationPolicy: isApplicationStateBlocked userId 0 pkgname com.sec.android.app.sbrowsertry
12-12 20:13:10.823  1126  1126 D ContainerEventsRelayManager: <<< Intent action is >>> : android.intent.action.PACKAGE_RESTARTED
12-12 20:13:10.823  1126  1126 D ContainerEventsRelayManager: <<< Intent data is   >>> : package:com.sec.android.app.sbrowsertry
12-12 20:13:10.823  1126  1126 D ContainerEventsRelayManager: <<< Intent action is >>> : android.intent.action.PACKAGE_DATA_CLEARED
12-12 20:13:10.823  1126  1126 D ContainerEventsRelayManager: <<< Intent data is   >>> : package:com.sec.android.app.sbrowsertry
12-12 20:13:10.823   787  1235 D PackageManager: START CLEAR APPLICATION USER DATA: observer{1142688488}
12-12 20:13:10.823   787  1235 D PackageManager: pkg{<packageName>}
12-12 20:13:10.823   787  1235 D PackageManager: user{0}
12-12 20:13:10.823   787   886 D PackageManager: [MSG] CLEAR_APPLICATION_USER_DATA
12-12 20:13:10.833   252   252 D keystore: calling clear_uid in state: 3
12-12 20:13:10.833 15780 15861 D Documents: Used cached roots for com.android.externalstorage.documents
12-12 20:13:10.833 15780 15861 D Documents: Used cached roots for com.android.providers.downloads.documents
12-12 20:13:10.833 15780 15861 D Documents: Used cached roots for com.android.providers.media.documents
12-12 20:13:10.833 15780 15861 D Documents: Loading roots for com.google.android.apps.docs.storage
12-12 20:13:10.843   787   886 D PackageManager: return delete result to caller: 1142688488
12-12 20:13:10.843 16132 16132 D AndroidRuntime: Shutting down VM
12-12 20:13:10.843 16132 16137 D dalvikvm: GC_CONCURRENT freed 97K, 13% free 677K/776K, paused 0ms+0ms, total 2ms
12-12 20:13:10.843   787   886 D PackageManager: returnCode: true
12-12 20:13:10.853 15780 15861 D Documents: Update found 6 roots in 26ms
12-12 20:13:11.043   787   863 D SensorService:   -0.7 0.5 9.5
12-12 20:13:11.683 15485 16148 D Aatp    : /keyguard
12-12 20:13:11.693 15485 16148 D Aatp    : sha1: 3987a0894e5b16a63da48fe0041fddb242c61c67
12-12 20:13:11.693   787  1235 D BatteryService: level:100, scale:100, status:3, health:2, present:true, voltage: 4356, temperature: 251, technology: Li-ion, AC powered:false, USB powered:true, Wireless powered:false, icon:17303545, invalid charger:0, online:4, current avg:0, charge type:2, power sharing:false
12-12 20:13:11.693   787   787 D BatteryService: Sending ACTION_BATTERY_CHANGED.
12-12 20:13:11.703   982   982 D KeyguardUpdateMonitor: received broadcast android.intent.action.BATTERY_CHANGED
12-12 20:13:11.703   982   982 D KeyguardUpdateMonitor: handleBatteryUpdate
12-12 20:13:11.703  1775  1864 D HeadsetStateMachine: Disconnected process message: 10
12-12 20:13:11.703 15485 16148 D Aatp    : /task/3987a0894e5b16a63da48fe0041fddb242c61c67
12-12 20:13:11.703   982   982 D STATUSBAR-PhoneStatusBar:  mBrightnessEnablebySettings = true mBrightnessEnablebyBattery = true mBrightnessEnablebyDisableFlag = true mPmsBrightnessEnablebySettings = true
12-12 20:13:11.713  1813  1813 D DeviceManagerBroadcastReceiver: Updated Battery Level: 100
12-12 20:13:11.713 15485 15485 D AatpDeviceManager: taskStatus update (3987a0894e5b16a63da48fe0041fddb242c61c67: {"state":1})
12-12 20:13:11.713   787   787 W ContextImpl: Calling a method in the system process without a qualified user: android.app.ContextImpl.sendBroadcast:1523 com.android.server.StatusBarManagerService.sendNotification:981 com.android.server.StatusBarManagerService.addNotification:670 com.android.server.NotificationManagerService$7.run:2142 android.os.Handler.handleCallback:733 
12-12 20:13:11.713   982   982 D STATUSBAR-IconMerger: checkOverflow(1064), More:false, Req:false Child:2
12-12 20:13:11.713   787   787 D STATUSBAR-StatusBarManagerService: sendNotification(1) - 1096041555
12-12 20:13:11.723 15485 16150 D AatpDeviceManager: Keyguard enabled: false
12-12 20:13:11.723 15485 15485 D AatpDeviceManager: taskStatus update (3987a0894e5b16a63da48fe0041fddb242c61c67: {"result":{"enabled":false},"state":2})
12-12 20:13:11.723   787   787 D NotificationService: cancelNotificationLocked
12-12 20:13:11.723   787   787 D NotificationService:  hasClearableItems
12-12 20:13:11.723   787   787 D NotificationService:  has clearable items no 
12-12 20:13:11.723   787   787 D NotificationService: cancelNotificationLocked: cancel alarm
12-12 20:13:11.723   787   787 D NotificationService: cancelNotificationLocked: cancel alarm
12-12 20:13:11.723  1813  1813 D DeviceManagerBroadcastReceiver: Action: android.intent.action.BATTERY_CHANGED
12-12 20:13:11.723   982   982 D BatteryMeterView: ACTION_BATTERY_CHANGED : level:100 status:3 health:2
12-12 20:13:11.723   787   787 W ContextImpl: Calling a method in the system process without a qualified user: android.app.ContextImpl.sendBroadcast:1523 com.android.server.StatusBarManagerService.sendNotification:981 com.android.server.StatusBarManagerService.removeNotification:706 com.android.server.NotificationManagerService.cancelNotificationLocked:2455 com.android.server.NotificationManagerService.access$5100:160 
12-12 20:13:11.723   787   787 D STATUSBAR-StatusBarManagerService: sendNotification(3) - 1096041555
12-12 20:13:11.723   787   787 D LightsService: [api] [SvcLED] turnOff:: id = 4 (uid: 1000 pid: 787) 
12-12 20:13:11.723   787   787 D LightsService: [SvcLED] setSvcLedStateLocked:: SvcLEDState : 0x0 -> 0x0 | SvcLED(id=4) set Off
12-12 20:13:11.723   787   893 D LightsService: [SvcLED] Lux failed to be updated in 700ms. -> handleForcedSvcLEDTasK
12-12 20:13:11.723   787   893 D LightsService: [SvcLED]  setSvcLedLightLocked :: Current SvcLED(id=3) maintains its priority right
12-12 20:13:11.733  1813  1813 D DeviceManagerBroadcastReceiver: Set Alarm: false
12-12 20:13:11.733   982   982 D ProgressBar: setProgressDrawable drawableHeight = 0
12-12 20:13:11.743   982   982 D PhoneStatusBar: tick(): knoxCustomManager = android.app.enterprise.knoxcustom.KnoxCustomManager@425e6460
12-12 20:13:11.763   982   982 D STATUSBAR-IconMerger: checkOverflow(1064), More:false, Req:false Child:2
12-12 20:13:11.853 15485 16152 D Aatp    : /task/3987a0894e5b16a63da48fe0041fddb242c61c67/status
12-12 20:13:11.913 15485 15489 D dalvikvm: GC_CONCURRENT freed 7448K, 62% free 5492K/14132K, paused 2ms+4ms, total 29ms
12-12 20:13:11.943 15485 16153 D Aatp    : /wifi
12-12 20:13:11.973 15485 16153 D Aatp    : sha1: 1e2575a2b0ad6a6c72dab7e3b4c045e3f5bf9e89
12-12 20:13:11.973 15485 16153 D AatpDeviceManager: k: enabled v: True
12-12 20:13:11.973 15485 16153 D AatpDeviceManager: k: NanoHttpd.QUERY_STRING v: enabled=True
12-12 20:13:11.983 15485 15485 D AatpDeviceManager: taskStatus update (1e2575a2b0ad6a6c72dab7e3b4c045e3f5bf9e89: {"state":1})
12-12 20:13:11.983   787   787 W ContextImpl: Calling a method in the system process without a qualified user: android.app.ContextImpl.sendBroadcast:1523 com.android.server.StatusBarManagerService.sendNotification:981 com.android.server.StatusBarManagerService.addNotification:670 com.android.server.NotificationManagerService$7.run:2142 android.os.Handler.handleCallback:733 
12-12 20:13:11.983   787   787 D STATUSBAR-StatusBarManagerService: sendNotification(1) - 1096041556
12-12 20:13:11.993 15485 16153 D Aatp    : /task/1e2575a2b0ad6a6c72dab7e3b4c045e3f5bf9e89
12-12 20:13:11.993   982   982 D ProgressBar: setProgressDrawable drawableHeight = 0
12-12 20:13:12.003   982   982 D PhoneStatusBar: tick(): knoxCustomManager = android.app.enterprise.knoxcustom.KnoxCustomManager@425e6460
12-12 20:13:12.003 15485 16154 D AWSDeviceFarmAndroidLib: setWifiEnabled: setting wifi to: true
12-12 20:13:12.013 15485 16154 I WifiManager: setWifiEnabled : true
12-12 20:13:12.013   787  1155 I WifiService: setWifiEnabled: true pid=15485, uid=11773
12-12 20:13:12.013   982   982 D SizeAdaptiveLayout: com.android.internal.widget.SizeAdaptiveLayout{427717a0 V.E..... ......I. 0,0-0,0 #7f080087 app:id/adaptive}child view android.widget.FrameLayout{425dc9c0 G.E..... ......I. 0,0-0,0 #1020364 android:id/status_bar_latest_event_content} measured out of bounds at 64px clamped to 68px
12-12 20:13:12.013   982   982 D SizeAdaptiveLayout: com.android.internal.widget.SizeAdaptiveLayout{427717a0 V.E..... ......I. 0,0-0,0 #7f080087 app:id/adaptive}child view android.widget.FrameLayout{425dc9c0 G.E..... ......I. 0,0-0,0 #1020364 android:id/status_bar_latest_event_content} measured out of bounds at 64px clamped to 68px
12-12 20:13:12.013   787  1155 W WifiService: Failed getting userId using ActivityManagerNative
12-12 20:13:12.013   787  1155 W WifiService: java.lang.SecurityException: Permission Denial: getCurrentUser() from pid=15485, uid=11773 requires android.permission.INTERACT_ACROSS_USERS
12-12 20:13:12.013   787  1155 W WifiService: 	at com.android.server.am.ActivityManagerService.getCurrentUser(ActivityManagerService.java:20047)
12-12 20:13:12.013   787  1155 W WifiService: 	at com.android.server.wifi.WifiService.setWifiEnabled(WifiService.java:2106)
12-12 20:13:12.013   787  1155 W WifiService: 	at com.android.server.wifi.WifiService.setWifiEnabled(WifiService.java:2094)
12-12 20:13:12.013   787  1155 W WifiService: 	at android.net.wifi.IWifiManager$Stub.onTransact(IWifiManager.java:178)
12-12 20:13:12.013   787  1155 W WifiService: 	at android.os.Binder.execTransact(Binder.java:404)
12-12 20:13:12.013   787  1155 W WifiService: 	at dalvik.system.NativeStart.run(Native Method)
12-12 20:13:12.013 15485 16154 D AWSDeviceFarmAndroidLib: setWifiEnabled: wifi is: true
12-12 20:13:12.013   787  1155 W ActivityManager: Permission Denial: getCurrentUser() from pid=15485, uid=11773 requires android.permission.INTERACT_ACROSS_USERS
12-12 20:13:12.013   982   982 D STATUSBAR-IconMerger: checkOverflow(1064), More:false, Req:false Child:3
12-12 20:13:12.073   962   962 W wpa_supplicant: Can not remove vendor ap.
12-12 20:13:12.113 15485 16165 D Aatp    : /task/1e2575a2b0ad6a6c72dab7e3b4c045e3f5bf9e89/status
12-12 20:13:12.183 16063 16063 I MultiDex: Renaming to /data/data/com.google.android.gms/code_cache/secondary-dexes/com.google.android.gms-1317.apk.classes3.zip
12-12 20:13:12.183 16063 16063 I MultiDex: Extraction succeeded - length /data/data/com.google.android.gms/code_cache/secondary-dexes/com.google.android.gms-1317.apk.classes3.zip: 3889587 - crc: 2878268367
12-12 20:13:12.183 16063 16063 I MultiDex: Extraction is needed for file /data/data/com.google.android.gms/code_cache/secondary-dexes/com.google.android.gms-1317.apk.classes4.zip
12-12 20:13:12.183 16063 16063 I MultiDex: Extracting /data/data/com.google.android.gms/code_cache/secondary-dexes/tmp-com.google.android.gms-1317.apk.classes1544244249.zip
12-12 20:13:12.203 15485 16154 D AWSDeviceFarmAndroidLib: Getting AWS Device Farm Network SSID: 9902436512
12-12 20:13:12.333 15485 16154 I AWSDeviceFarmAndroidLib: Attempting Wi-Fi connection: attempt 1 out of 2.
12-12 20:13:12.333 15485 16154 D AWSDeviceFarmAndroidLib: connectToNetwork: ssid: 9902436512
12-12 20:13:12.333 15485 16154 D AWSDeviceFarmAndroidLib: getWifiConfigBySsid: ssid: 9902436512
12-12 20:13:12.333 15485 16154 D AWSDeviceFarmAndroidLib: networks: 2
12-12 20:13:12.333 15485 16154 D AWSDeviceFarmAndroidLib: getWifiConfigBySsid: checking: "attwifibn" against "9902436512"
12-12 20:13:12.333 15485 16154 D AWSDeviceFarmAndroidLib: getWifiConfigBySsid: checking: "9902436512" against "9902436512"
12-12 20:13:12.333 15485 16154 D AWSDeviceFarmAndroidLib: Network profile found!
12-12 20:13:12.333   787  1048 I WifiService: disconnect: pid=15485, uid=11773
12-12 20:13:12.333   962   962 I wpa_supplicant: [wpa_supplicant_ctrl_iface_process] : DISCONNECT
12-12 20:13:12.333   962   962 I wpa_supplicant: CTRL-EVENT-STATE-CHANGE id=-1 state=0 BSSID=00.00.00 SSID=
12-12 20:13:12.333   962   962 I wpa_supplicant: wlan0: CTRL-EVENT-NO-CONNECTION
12-12 20:13:12.333   962   962 I wpa_supplicant: wlan0: Setting scan request: 0 sec 0 usec
12-12 20:13:12.333   962   962 I wpa_supplicant: wlan0: Setting scan request: 0 sec 0 usec
12-12 20:13:12.333   962   962 I wpa_supplicant: CTRL-EVENT-STATE-CHANGE id=1 state=3 BSSID=00.00.00 SSID=39393032343336353132
12-12 20:13:12.333   962   962 I wpa_supplicant: First Scan Start
12-12 20:13:12.343   962   962 I wpa_supplicant: Scan requested (ret=0) - scan timeout 30 seconds
12-12 20:13:13.153 15485 16170 D Aatp    : /task/1e2575a2b0ad6a6c72dab7e3b4c045e3f5bf9e89/status
12-12 20:13:13.333   962   962 I wpa_supplicant: nl80211: Received scan results (10 BSSes)
12-12 20:13:13.333   962   962 I wpa_supplicant: wlan0: Setting scan request: 8 sec 0 usec
12-12 20:13:13.333   962   962 I wpa_supplicant: Trying to associate with SSID '39393032343336353132'
12-12 20:13:13.333   962   962 I wpa_supplicant: Trying to associate with  '6512'
12-12 20:13:13.333   787   878 D Tethering: interfaceLinkStateChanged wlan0, false
12-12 20:13:13.333   787   878 D Tethering: interfaceStatusChanged wlan0, false
12-12 20:13:13.343   962   962 I wpa_supplicant: Re-associate with 74.07.1C
12-12 20:13:13.343   962   962 I wpa_supplicant: CTRL-EVENT-STATE-CHANGE id=1 state=5 BSSID=00.00.00 SSID=39393032343336353132
12-12 20:13:13.453   962   962 I wpa_supplicant: CTRL-EVENT-STATE-CHANGE id=1 state=6 BSSID=00.00.00 SSID=39393032343336353132
12-12 20:13:13.453   962   962 I wpa_supplicant: Associated with 74.07.1C
12-12 20:13:13.453   962   962 I wpa_supplicant: CTRL-EVENT-STATE-CHANGE id=1 state=7 BSSID=74.07.1C SSID=39393032343336353132
12-12 20:13:13.453   787   878 D Tethering: interfaceLinkStateChanged wlan0, false
12-12 20:13:13.453   787   878 D Tethering: interfaceStatusChanged wlan0, false
12-12 20:13:13.453   787   878 D Tethering: interfaceLinkStateChanged wlan0, false
12-12 20:13:13.453   787   878 D Tethering: interfaceStatusChanged wlan0, false
12-12 20:13:13.463   787   878 D Tethering: interfaceLinkStateChanged wlan0, true
12-12 20:13:13.463   787   878 D Tethering: interfaceStatusChanged wlan0, true
12-12 20:13:13.463   787   878 D Tethering: interfaceLinkStateChanged wlan0, true
12-12 20:13:13.463   787   878 D Tethering: interfaceStatusChanged wlan0, true
12-12 20:13:13.463   787   878 D Tethering: interfaceLinkStateChanged wlan0, true
12-12 20:13:13.463   787   878 D Tethering: interfaceStatusChanged wlan0, true
12-12 20:13:13.463   787   940 E Tethering: No numeric data
12-12 20:13:13.463   787   940 D Tethering: sendTetherStateChangedBroadcast 1, 0, 0
12-12 20:13:13.463   787   878 D Tethering: interfaceLinkStateChanged wlan0, true
12-12 20:13:13.463   787   878 D Tethering: interfaceStatusChanged wlan0, true
12-12 20:13:13.463   787   940 I ConnectivityService: defaultVal : 1, tetherEnabledInSettings : true
12-12 20:13:13.463   787   909 V NetworkStats: performPollLocked(flags=0x1)
12-12 20:13:13.473   962   962 I wpa_supplicant: CTRL-EVENT-STATE-CHANGE id=1 state=8 BSSID=74.07.1C SSID=39393032343336353132
12-12 20:13:13.473   962   962 I wpa_supplicant: WPA: Key negotiation completed with 74.07.1C [PTK=CCMP GTK=TKIP]
12-12 20:13:13.473   962   962 I wpa_supplicant: CTRL-EVENT-CONNECTED - Connection to 74.07.1C completed (auth) [id=1 id_str=]
12-12 20:13:13.483   962   962 I wpa_supplicant: CTRL-EVENT-STATE-CHANGE id=1 state=9 BSSID=74.07.1C SSID=39393032343336353132
12-12 20:13:13.483   787   878 D Tethering: interfaceLinkStateChanged wlan0, true
12-12 20:13:13.483   787   878 D Tethering: interfaceStatusChanged wlan0, true
12-12 20:13:13.483   787   912 D WifiNative: callSECApiVoid - ID [50]
12-12 20:13:13.483  1126  1126 D ContainerEventsRelayManager: <<< Intent action is >>> : android.net.wifi.STATE_CHANGE
12-12 20:13:13.483  1126  1126 D ContainerEventsRelayManager: <<< Intent data is   >>> : null
12-12 20:13:13.483   787   909 V NetworkStats: performPollLocked() took 17ms
12-12 20:13:13.483   982   982 D STATUSBAR-NetworkController: onReceive() - RSSI_CHANGED_ACTION, WIFI_STATE, NETWORK_STATE
12-12 20:13:13.493   787  1221 D ECS_EnterpriseContainerService: getContainers   --  Called + uid1000
12-12 20:13:13.493   787  1221 D ECS_EnterpriseContainerService: getContainers   --  Called passing security
12-12 20:13:13.493   787  1221 D ECS_EnterpriseContainerCacheData: Container cache getContainers 
12-12 20:13:13.493   787  1221 D ECS_EnterpriseContainerCacheData: Container cache getContainers not null
12-12 20:13:13.493   982   982 D STATUSBAR-NetworkController: NoService, mRoamingIconId = 0
12-12 20:13:13.513   982   982 D STATUSBAR-NetworkController: onReceive() - RSSI_CHANGED_ACTION, WIFI_STATE, NETWORK_STATE
12-12 20:13:13.513   982   982 D STATUSBAR-NetworkController: NoService, mRoamingIconId = 0
12-12 20:13:13.513   787   911 D WifiP2pService: InactiveState{ what=143375 }
12-12 20:13:13.513   787   911 D WifiP2pService: P2pEnabledState{ what=143375 }
12-12 20:13:13.913 16179 16179 I dhcpcd  : if(wlan0) info get Success. (MAC : 74.07.1C)
12-12 20:13:13.913 16179 16179 I dhcpcd  : bssid match
12-12 20:13:14.183 15485 16195 D Aatp    : /task/1e2575a2b0ad6a6c72dab7e3b4c045e3f5bf9e89/status
12-12 20:13:14.343   787   863 D SensorService:   -0.7 0.5 9.5
12-12 20:13:14.863   787  1770 D SSRMv2:SIOP: SIOP:: AP = 300, Delta = 0
12-12 20:13:15.223 15485 16196 D Aatp    : /task/1e2575a2b0ad6a6c72dab7e3b4c045e3f5bf9e89/status
12-12 20:13:15.903 16063 16063 I MultiDex: Renaming to /data/data/com.google.android.gms/code_cache/secondary-dexes/com.google.android.gms-1317.apk.classes4.zip
12-12 20:13:15.903 16063 16063 I MultiDex: Extraction succeeded - length /data/data/com.google.android.gms/code_cache/secondary-dexes/com.google.android.gms-1317.apk.classes4.zip: 4069330 - crc: 4223749925
12-12 20:13:15.913 16063 16063 I MultiDex: Extraction is needed for file /data/data/com.google.android.gms/code_cache/secondary-dexes/com.google.android.gms-1317.apk.classes5.zip
12-12 20:13:15.913 16063 16063 I MultiDex: Extracting /data/data/com.google.android.gms/code_cache/secondary-dexes/tmp-com.google.android.gms-1317.apk.classes-201430087.zip
12-12 20:13:16.253 15485 16197 D Aatp    : /task/1e2575a2b0ad6a6c72dab7e3b4c045e3f5bf9e89/status
12-12 20:13:16.513   982   982 D STATUSBAR-NetworkController: onReceive() - RSSI_CHANGED_ACTION, WIFI_STATE, NETWORK_STATE
12-12 20:13:16.513   982   982 D STATUSBAR-NetworkController: NoService, mRoamingIconId = 0
12-12 20:13:16.903 16063 16063 I MultiDex: Renaming to /data/data/com.google.android.gms/code_cache/secondary-dexes/com.google.android.gms-1317.apk.classes5.zip
12-12 20:13:16.903 16063 16063 I MultiDex: Extraction succeeded - length /data/data/com.google.android.gms/code_cache/secondary-dexes/com.google.android.gms-1317.apk.classes5.zip: 1098863 - crc: 936637965
12-12 20:13:16.933 16063 16063 I MultiDex: load found 4 secondary dex files
12-12 20:13:17.173 16063 16063 D dalvikvm: DexOpt: --- BEGIN 'com.google.android.gms-1317.apk.classes2.zip' (bootstrap=0) ---
12-12 20:13:17.283 15485 16214 D Aatp    : /task/1e2575a2b0ad6a6c72dab7e3b4c045e3f5bf9e89/status
12-12 20:13:17.533   787   911 D WifiP2pService: InactiveState{ what=143375 }
12-12 20:13:17.533   787   911 D WifiP2pService: P2pEnabledState{ what=143375 }
12-12 20:13:17.543   982   982 D STATUSBAR-NetworkController: onReceive() - RSSI_CHANGED_ACTION, WIFI_STATE, NETWORK_STATE
12-12 20:13:17.543   787   912 D WifiStateMachine: VerifyingLinkState enter
12-12 20:13:17.543   982   982 D STATUSBAR-NetworkController: NoService, mRoamingIconId = 0
12-12 20:13:17.543   982   982 D STATUSBAR-NetworkController: onReceive() - RSSI_CHANGED_ACTION, WIFI_STATE, NETWORK_STATE
12-12 20:13:17.553  1126  1126 D ContainerEventsRelayManager: <<< Intent action is >>> : android.net.wifi.STATE_CHANGE
12-12 20:13:17.553  1126  1126 D ContainerEventsRelayManager: <<< Intent data is   >>> : null
12-12 20:13:17.553   787   949 D ECS_EnterpriseContainerService: getContainers   --  Called + uid1000
12-12 20:13:17.553   787   949 D ECS_EnterpriseContainerService: getContainers   --  Called passing security
12-12 20:13:17.553   787   949 D ECS_EnterpriseContainerCacheData: Container cache getContainers 
12-12 20:13:17.553   787   949 D ECS_EnterpriseContainerCacheData: Container cache getContainers not null
12-12 20:13:17.553   982   982 D STATUSBAR-NetworkController: NoService, mRoamingIconId = 0
12-12 20:13:17.563   787   912 D WifiStateMachine: VerifyingLinkState GOOD_LINK_DETECTED: transition to captive portal check
12-12 20:13:17.563   787   912 D WifiStateMachine: CaptivePortalCheckState enter
12-12 20:13:17.563   787   787 I WifiTrafficPoller: evaluateTrafficStatsPolling
12-12 20:13:17.563  1126  1126 D ContainerEventsRelayManager: <<< Intent action is >>> : android.net.wifi.STATE_CHANGE
12-12 20:13:17.563  1126  1126 D ContainerEventsRelayManager: <<< Intent data is   >>> : null
12-12 20:13:17.563   787  1157 D ECS_EnterpriseContainerService: getContainers   --  Called + uid1000
12-12 20:13:17.563   787  1157 D ECS_EnterpriseContainerService: getContainers   --  Called passing security
12-12 20:13:17.563   787  1157 D ECS_EnterpriseContainerCacheData: Container cache getContainers 
12-12 20:13:17.563   787  1157 D ECS_EnterpriseContainerCacheData: Container cache getContainers not null
12-12 20:13:17.563   787   938 D ConnectivityService: Captive portal check NetworkInfo: type: WIFI[], state: CONNECTING/CAPTIVE_PORTAL_CHECK, reason: (unspecified), extra: "9902436512", roaming: false, failover: false, isAvailable: true, isConnectedToProvisioningNetwork: false
12-12 20:13:17.563   787   938 D ConnectivityService: handleCaptivePortalTrackerCheck: call captivePortalCheckComplete ni=NetworkInfo: type: WIFI[], state: CONNECTING/CAPTIVE_PORTAL_CHECK, reason: (unspecified), extra: "9902436512", roaming: false, failover: false, isAvailable: true, isConnectedToProvisioningNetwork: false
12-12 20:13:17.563   982   982 D STATUSBAR-NetworkController: onReceive() - RSSI_CHANGED_ACTION, WIFI_STATE, NETWORK_STATE
12-12 20:13:17.563   982   982 D STATUSBAR-NetworkController: NoService, mRoamingIconId = 0
12-12 20:13:17.573   787   912 D WifiStateMachine: CaptivePortalCheckState CMD_CAPTIVE_CHECK_COMPLETE
12-12 20:13:17.583   787   787 I WifiTrafficPoller: evaluateTrafficStatsPolling
12-12 20:13:17.583   787   787 I WifiTrafficPoller: mBoosterFLAG : 2
12-12 20:13:17.583   787   787 I WifiTrafficPoller: current booster mode : BTCoexMode
12-12 20:13:17.583  1126  1126 D ContainerEventsRelayManager: <<< Intent action is >>> : android.net.wifi.STATE_CHANGE
12-12 20:13:17.583  1126  1126 D ContainerEventsRelayManager: <<< Intent data is   >>> : null
12-12 20:13:17.583   787  1234 D ECS_EnterpriseContainerService: getContainers   --  Called + uid1000
12-12 20:13:17.583   787  1234 D ECS_EnterpriseContainerService: getContainers   --  Called passing security
12-12 20:13:17.583   787  1234 D ECS_EnterpriseContainerCacheData: Container cache getContainers 
12-12 20:13:17.583   787  1234 D ECS_EnterpriseContainerCacheData: Container cache getContainers not null
12-12 20:13:17.583   787   938 D ConnectivityService: ConnectivityChange for WIFI: CONNECTED/CONNECTED
12-12 20:13:17.583   982   982 D STATUSBAR-NetworkController: onReceive() - RSSI_CHANGED_ACTION, WIFI_STATE, NETWORK_STATE
12-12 20:13:17.593   982   982 D STATUSBAR-NetworkController: refreshSignalCluster - setNWBoosterIndicators(false)
12-12 20:13:17.593   982   982 D STATUSBAR-NetworkController: refreshSignalCluster: data=-1 bt=false
12-12 20:13:17.603   787   938 D ConnectivityService: handleConnectivityChange: setting default proxy info 
12-12 20:13:17.613   233   786 V RouteController: /system/bin/ip -4 route replace default via 192.168.1.1 dev wlan0 scope global table 2 2>&1
12-12 20:13:17.613   982   982 D STATUSBAR-IconMerger: checkOverflow(1036), More:false, Req:false Child:3
12-12 20:13:17.623  1813  1813 D NookConnectivityService: Start Instore Service by action android.net.wifi.STATE_CHANGE
12-12 20:13:17.623   233   786 V RouteController: /system/bin/ip -4 rule del table 2 2>&1
12-12 20:13:17.633   233   786 V RouteController: RTNETLINK answers: No such file or directory
12-12 20:13:17.633   233   786 V RouteController: /system/bin/ip -4 rule add from 192.168.1.10 lookup 2 prio 200 2>&1
12-12 20:13:17.643   787   863 D SensorService:   -0.7 0.5 9.4
12-12 20:13:17.653   233   786 V RouteController: /system/bin/ip route flush cached 2>&1
12-12 20:13:17.653   233   786 V RouteController: /system/bin/ip route del 192.168.1.0/24 table 2 2>&1
12-12 20:13:17.663  1813  1813 D U       : log ConnectivityService/wifi_connected
12-12 20:13:17.663  1813  1813 W ContextImpl: Implicit intents with startService are not safe: Intent { act=com.nook.intent.action.ACTION_BN_INSTORE_SERVICE_START } android.content.ContextWrapper.startService:506 com.nook.connectivity.service.NookConnectivityService.startInstoreService:150 com.nook.connectivity.service.NookConnectivityService.access$600:25 
12-12 20:13:17.663   233   786 V RouteController: RTNETLINK answers: No such process
12-12 20:13:17.663   233   786 V RouteController: /system/bin/ip route add 192.168.1.0/24 dev wlan0 table 2 metric 0 2>&1
12-12 20:13:17.673   233   786 V RouteController: /system/bin/ip route flush cached 2>&1
12-12 20:13:17.693   787   909 V NetworkStats: updateIfacesLocked()
12-12 20:13:17.693   787   909 V NetworkStats: performPollLocked(flags=0x1)
12-12 20:13:17.693  1813  1813 D InstoreService: onStartCommand
12-12 20:13:17.703  1813  1813 W ContextImpl: Implicit intents with startService are not safe: Intent { act=com.bn.cloud.IRequestHandler } android.content.ContextWrapper.startService:506 com.bn.cloud.RequestManagerImpl$BnCloudServiceConnection.<init>:259 com.bn.cloud.RequestManagerImpl.<init>:230 
12-12 20:13:17.703  1813  1813 W ContextImpl: Implicit intents with startService are not safe: Intent { act=com.bn.cloud.IRequestHandler } android.content.ContextWrapper.bindService:529 com.bn.cloud.RequestManagerImpl$BnCloudServiceConnection.<init>:262 com.bn.cloud.RequestManagerImpl.<init>:230 
12-12 20:13:17.703   787   909 V NetworkStats: performPollLocked() took 15ms
12-12 20:13:17.713  1813 16253 D InstoreAgent: [1] RUNNING
12-12 20:13:17.713  1813 16253 D InstoreAgent: Status changed from IDLE to RUNNING
12-12 20:13:17.713  1813 16253 D InstoreAgent: Status changed from RUNNING to UNPROVISIONED
12-12 20:13:17.713  1813 16249 I InstoreAgent: [1] Cancelled
12-12 20:13:17.953   787   910 V NetworkStats: advisePersistThreshold() given 9223372036854775, clamped to 2097152
12-12 20:13:18.103 16203 16203 D dalvikvm: GC_FOR_ALLOC freed 628K, 31% free 1418K/2048K, paused 7ms, total 7ms
12-12 20:13:18.183 16203 16203 D dalvikvm: DexOpt: couldn't find static field Landroid/view/View;.TRANSLATION_Z
12-12 20:13:18.193   787   787 D Tethering: Tethering got CONNECTIVITY_ACTION
12-12 20:13:18.193   787   940 D Tethering: MasterInitialState.processMessage what=3
12-12 20:13:18.193  1126  1126 D ContainerEventsRelayManager: <<< Intent action is >>> : android.net.conn.CONNECTIVITY_CHANGE
12-12 20:13:18.193  1126  1126 D ContainerEventsRelayManager: <<< Intent data is   >>> : null
12-12 20:13:18.193   787  8953 D ECS_EnterpriseContainerService: getContainers   --  Called + uid1000
12-12 20:13:18.193   787  8953 D ECS_EnterpriseContainerService: getContainers   --  Called passing security
12-12 20:13:18.193   787  8953 D ECS_EnterpriseContainerCacheData: Container cache getContainers 
12-12 20:13:18.193   787  8953 D ECS_EnterpriseContainerCacheData: Container cache getContainers not null
12-12 20:13:18.193   982   982 D STATUSBAR-NetworkController: onReceive() - CONNECTIVITY_ACTION, INET_CONDITION_ACTION
12-12 20:13:18.203   787  1076 D CaptivePortalTracker: NoActiveNetworkState{ when=-1ms what=1 obj=NetworkInfo: type: WIFI[], state: CONNECTED/CONNECTED, reason: (unspecified), extra: "9902436512", roaming: false, failover: false, isAvailable: true, isConnectedToProvisioningNetwork: false target=com.android.internal.util.StateMachine$SmHandler }
12-12 20:13:18.203   787   787 D LocSvc_java: updateNetworkState available info: NetworkInfo: type: WIFI[], state: CONNECTED/CONNECTED, reason: (unspecified), extra: "9902436512", roaming: false, failover: false, isAvailable: true, isConnectedToProvisioningNetwork: false
12-12 20:13:18.203   787   787 D LocSvc_java: getAGpsConnectionInfo connType - 4
12-12 20:13:18.203   787   787 D LocSvc_java: ignore wifi update if we are not in OPENING or CLOSING
12-12 20:13:18.203   982   982 D STATUSBAR-NetworkController: getUpdateDataNetType() - mDataNetType:0
12-12 20:13:18.203   982   982 D STATUSBAR-NetworkController: updateDataNetType()
12-12 20:13:18.203   982   982 D STATUSBAR-NetworkController: NoService, mRoamingIconId = 0
12-12 20:13:18.223  1813  1813 D NookHomeWidgetService: onStateChanged: false
12-12 20:13:18.353 15485 16154 D AWSDeviceFarmAndroidLib: connected: true
12-12 20:13:18.353 15485 16154 D AWSDeviceFarmAndroidLib: WiFiLock: acquire
12-12 20:13:18.353 15485 15485 D AatpDeviceManager: taskStatus update (1e2575a2b0ad6a6c72dab7e3b4c045e3f5bf9e89: {"result":"Wifi enabled: true","state":2})
12-12 20:13:18.353   787   787 D NotificationService: cancelNotificationLocked
12-12 20:13:18.353   787   787 D NotificationService:  hasClearableItems
12-12 20:13:18.353   787   787 D NotificationService:  has clearable items no 
12-12 20:13:18.353   787   787 D NotificationService: cancelNotificationLocked: cancel alarm
12-12 20:13:18.353   787   787 D NotificationService: cancelNotificationLocked: cancel alarm
12-12 20:13:18.353   787   787 W ContextImpl: Calling a method in the system process without a qualified user: android.app.ContextImpl.sendBroadcast:1523 com.android.server.StatusBarManagerService.sendNotification:981 com.android.server.StatusBarManagerService.removeNotification:706 com.android.server.NotificationManagerService.cancelNotificationLocked:2455 com.android.server.NotificationManagerService.access$5100:160 
12-12 20:13:18.353   787   787 D STATUSBAR-StatusBarManagerService: sendNotification(3) - 1096041556
12-12 20:13:18.353   787   787 D LightsService: [api] [SvcLED] turnOff:: id = 4 (uid: 1000 pid: 787) 
12-12 20:13:18.353   787   787 D LightsService: [SvcLED] setSvcLedStateLocked:: SvcLEDState : 0x0 -> 0x0 | SvcLED(id=4) set Off
12-12 20:13:18.353   787   893 D LightsService: [SvcLED] Lux failed to be updated in 700ms. -> handleForcedSvcLEDTasK
12-12 20:13:18.353   787   893 D LightsService: [SvcLED]  setSvcLedLightLocked :: Current SvcLED(id=3) maintains its priority right
12-12 20:13:18.363   982   982 D STATUSBAR-IconMerger: checkOverflow(1036), More:false, Req:false Child:2
12-12 20:13:18.373 15485 16263 D Aatp    : /task/1e2575a2b0ad6a6c72dab7e3b4c045e3f5bf9e89/status
12-12 20:13:18.493 15485 16265 D Aatp    : /bluetooth
12-12 20:13:18.503 15485 16265 D Aatp    : sha1: 013143b7ecc8760cefae288acd989eda02042a71
12-12 20:13:18.503 15485 16265 D AatpDeviceManager: k: enabled v: True
12-12 20:13:18.503 15485 16265 D AatpDeviceManager: k: NanoHttpd.QUERY_STRING v: enabled=True
12-12 20:13:18.513 15485 15485 D AatpDeviceManager: taskStatus update (013143b7ecc8760cefae288acd989eda02042a71: {"state":1})
12-12 20:13:18.513 15485 16266 D AWSDeviceFarmAndroidLib: setEnabled: enabled: true
12-12 20:13:18.513   787   787 W ContextImpl: Calling a method in the system process without a qualified user: android.app.ContextImpl.sendBroadcast:1523 com.android.server.StatusBarManagerService.sendNotification:981 com.android.server.StatusBarManagerService.addNotification:670 com.android.server.NotificationManagerService$7.run:2142 android.os.Handler.handleCallback:733 
12-12 20:13:18.523 15485 16265 D Aatp    : /task/013143b7ecc8760cefae288acd989eda02042a71
12-12 20:13:18.523   982   982 D ProgressBar: setProgressDrawable drawableHeight = 0
12-12 20:13:18.523   787   787 D STATUSBAR-StatusBarManagerService: sendNotification(1) - 1096041557
12-12 20:13:18.533   982   982 D PhoneStatusBar: tick(): knoxCustomManager = android.app.enterprise.knoxcustom.KnoxCustomManager@425e6460
12-12 20:13:18.543   982   982 D SizeAdaptiveLayout: com.android.internal.widget.SizeAdaptiveLayout{425bd1a8 V.E..... ......I. 0,0-0,0 #7f080087 app:id/adaptive}child view android.widget.FrameLayout{425cbdc0 G.E..... ......I. 0,0-0,0 #1020364 android:id/status_bar_latest_event_content} measured out of bounds at 64px clamped to 68px
12-12 20:13:18.543   982   982 D SizeAdaptiveLayout: com.android.internal.widget.SizeAdaptiveLayout{425bd1a8 V.E..... ......I. 0,0-0,0 #7f080087 app:id/adaptive}child view android.widget.FrameLayout{425cbdc0 G.E..... ......I. 0,0-0,0 #1020364 android:id/status_bar_latest_event_content} measured out of bounds at 64px clamped to 68px
12-12 20:13:18.543   982   982 D STATUSBAR-IconMerger: checkOverflow(1036), More:false, Req:false Child:3
12-12 20:13:18.563 15485 16266 D AWSDeviceFarmAndroidLib: setEnabled: bt is in desired state. skipping.
12-12 20:13:18.563 15485 15485 D AatpDeviceManager: taskStatus update (013143b7ecc8760cefae288acd989eda02042a71: {"result":"Bluetooth enabled: true","state":2})
12-12 20:13:18.573   787   787 D NotificationService: cancelNotificationLocked
12-12 20:13:18.573   787   787 D NotificationService:  hasClearableItems
12-12 20:13:18.573   787   787 D NotificationService:  has clearable items no 
12-12 20:13:18.573   787   787 D NotificationService: cancelNotificationLocked: cancel alarm
12-12 20:13:18.573   787   787 D NotificationService: cancelNotificationLocked: cancel alarm
12-12 20:13:18.573   787   787 W ContextImpl: Calling a method in the system process without a qualified user: android.app.ContextImpl.sendBroadcast:1523 com.android.server.StatusBarManagerService.sendNotification:981 com.android.server.StatusBarManagerService.removeNotification:706 com.android.server.NotificationManagerService.cancelNotificationLocked:2455 com.android.server.NotificationManagerService.access$5100:160 
12-12 20:13:18.573   787   787 D STATUSBAR-StatusBarManagerService: sendNotification(3) - 1096041557
12-12 20:13:18.573   787   787 D LightsService: [api] [SvcLED] turnOff:: id = 4 (uid: 1000 pid: 787) 
12-12 20:13:18.573   787   787 D LightsService: [SvcLED] setSvcLedStateLocked:: SvcLEDState : 0x0 -> 0x0 | SvcLED(id=4) set Off
12-12 20:13:18.573   787   893 D LightsService: [SvcLED] Lux failed to be updated in 700ms. -> handleForcedSvcLEDTasK
12-12 20:13:18.573   787   893 D LightsService: [SvcLED]  setSvcLedLightLocked :: Current SvcLED(id=3) maintains its priority right
12-12 20:13:18.583   982   982 D STATUSBAR-IconMerger: checkOverflow(1036), More:false, Req:false Child:2
12-12 20:13:18.653 15485 16271 D Aatp    : /task/013143b7ecc8760cefae288acd989eda02042a71/status
12-12 20:13:18.773 15485 16273 D Aatp    : /gps
12-12 20:13:18.783 15485 16273 D Aatp    : sha1: 8e09674877a9b55bed190bd76a98304c3ba8bf08
12-12 20:13:18.783 15485 16273 D AatpDeviceManager: k: enabled v: True
12-12 20:13:18.783 15485 16273 D AatpDeviceManager: k: NanoHttpd.QUERY_STRING v: enabled=True
12-12 20:13:18.793   787   787 W ContextImpl: Calling a method in the system process without a qualified user: android.app.ContextImpl.sendBroadcast:1523 com.android.server.StatusBarManagerService.sendNotification:981 com.android.server.StatusBarManagerService.addNotification:670 com.android.server.NotificationManagerService$7.run:2142 android.os.Handler.handleCallback:733 
12-12 20:13:18.803 15485 16273 D Aatp    : /task/8e09674877a9b55bed190bd76a98304c3ba8bf08
12-12 20:13:18.813   982   982 D ProgressBar: setProgressDrawable drawableHeight = 0
12-12 20:13:18.813 15485 15485 D AatpDeviceManager: taskStatus update (8e09674877a9b55bed190bd76a98304c3ba8bf08: {"state":1})
12-12 20:13:18.813   787   787 D STATUSBAR-StatusBarManagerService: sendNotification(1) - 1096041558
12-12 20:13:18.813   982   982 D PhoneStatusBar: tick(): knoxCustomManager = android.app.enterprise.knoxcustom.KnoxCustomManager@425e6460
