12-12 20:13:25.863 16331 16331 D dalvikvm: VFY: replacing opcode 0x1f at 0x0025
12-12 20:13:25.873 16331 16331 E dalvikvm: Could not find class 'javax.net.ssl.SNIHostName', referenced from method com.google.android.gms.org.conscrypt.Platform.setParametersSniHostname
12-12 20:13:25.873 16331 16331 W dalvikvm: VFY: unable to resolve new-instance 2221 (Ljavax/net/ssl/SNIHostName;) in Lcom/google/android/gms/org/conscrypt/Platform;
12-12 20:13:25.873 16331 16331 D dalvikvm: VFY: replacing opcode 0x22 at 0x0024
12-12 20:13:25.873 16331 16331 E dalvikvm: Could not find class 'javax.net.ssl.SNIHostName', referenced from method com.google.android.gms.org.conscrypt.Platform.setParametersSniHostname
12-12 20:13:25.873 16331 16331 W dalvikvm: VFY: unable to resolve new-instance 2221 (Ljavax/net/ssl/SNIHostName;) in Lcom/google/android/gms/org/conscrypt/Platform;
12-12 20:13:25.873 16331 16331 D dalvikvm: VFY: replacing opcode 0x22 at 0x0024
12-12 20:13:25.873 16331 16331 W dalvikvm: Unable to resolve superclass of Lcom/google/android/gms/org/conscrypt/DelegatingExtendedSSLSession; (2212)
12-12 20:13:25.873 16331 16331 W dalvikvm: Link of class 'Lcom/google/android/gms/org/conscrypt/DelegatingExtendedSSLSession;' failed
12-12 20:13:25.873 16331 16331 E dalvikvm: Could not find class 'com.google.android.gms.org.conscrypt.DelegatingExtendedSSLSession', referenced from method com.google.android.gms.org.conscrypt.Platform.unwrapSSLSession
12-12 20:13:25.873 16331 16331 W dalvikvm: VFY: unable to resolve instanceof 1304 (Lcom/google/android/gms/org/conscrypt/DelegatingExtendedSSLSession;) in Lcom/google/android/gms/org/conscrypt/Platform;
12-12 20:13:25.873 16331 16331 D dalvikvm: VFY: replacing opcode 0x20 at 0x0007
12-12 20:13:25.873 16331 16331 W dalvikvm: Unable to resolve superclass of Lcom/google/android/gms/org/conscrypt/DelegatingExtendedSSLSession; (2212)
12-12 20:13:25.873 16331 16331 W dalvikvm: Link of class 'Lcom/google/android/gms/org/conscrypt/DelegatingExtendedSSLSession;' failed
12-12 20:13:25.873 16331 16331 E dalvikvm: Could not find class 'com.google.android.gms.org.conscrypt.DelegatingExtendedSSLSession', referenced from method com.google.android.gms.org.conscrypt.Platform.wrapSSLSession
12-12 20:13:25.873 16331 16331 W dalvikvm: VFY: unable to resolve new-instance 1304 (Lcom/google/android/gms/org/conscrypt/DelegatingExtendedSSLSession;) in Lcom/google/android/gms/org/conscrypt/Platform;
12-12 20:13:25.873 16331 16331 D dalvikvm: VFY: replacing opcode 0x22 at 0x0007
12-12 20:13:25.873 16331 16331 D dalvikvm: DexOpt: unable to opt direct call 0x3096 at 0x2a in Lcom/google/android/gms/org/conscrypt/Platform;.setParametersSniHostname
12-12 20:13:25.873 16331 16331 D dalvikvm: DexOpt: unable to opt direct call 0x3096 at 0x2a in Lcom/google/android/gms/org/conscrypt/Platform;.setParametersSniHostname
12-12 20:13:25.883 16331 16331 W dalvikvm: Unable to resolve superclass of Lcom/google/android/gms/org/conscrypt/DelegatingExtendedSSLSession; (2212)
12-12 20:13:25.883 16331 16331 W dalvikvm: Link of class 'Lcom/google/android/gms/org/conscrypt/DelegatingExtendedSSLSession;' failed
12-12 20:13:25.883 16331 16331 D dalvikvm: DexOpt: unable to opt direct call 0x1b67 at 0x09 in Lcom/google/android/gms/org/conscrypt/Platform;.wrapSSLSession
12-12 20:13:25.953 16331 16331 D dalvikvm: Trying to load lib /data/app-lib/com.google.android.gms-1317/libgmscore.so 0x428be1f8
12-12 20:13:25.953 16331 16331 D dalvikvm: Shared lib '/data/app-lib/com.google.android.gms-1317/libgmscore.so' already loaded in same CL 0x428be1f8
12-12 20:13:25.953 16331 16331 D dalvikvm: Trying to load lib /data/app-lib/com.google.android.gms-1317/libconscrypt_gmscore_jni.so 0x428be1f8
12-12 20:13:25.953 16331 16331 D dalvikvm: Shared lib '/data/app-lib/com.google.android.gms-1317/libconscrypt_gmscore_jni.so' already loaded in same CL 0x428be1f8
12-12 20:13:25.993 16063 16066 D dalvikvm: GC_CONCURRENT freed 5802K, 49% free 7256K/14132K, paused 2ms+6ms, total 36ms
12-12 20:13:25.993 16063 16063 D dalvikvm: WAIT_FOR_CONCURRENT_GC blocked 22ms
12-12 20:13:26.033 16331 16331 I ProviderInstaller: Installed default security provider GmsCore_OpenSSL
12-12 20:13:26.043 16331 16331 I dalvikvm: Could not find method android.app.AppOpsManager.permissionToOp, referenced from method pq.a
12-12 20:13:26.043 16331 16331 W dalvikvm: VFY: unable to resolve static method 1450: Landroid/app/AppOpsManager;.permissionToOp (Ljava/lang/String;)Ljava/lang/String;
12-12 20:13:26.043 16331 16331 D dalvikvm: VFY: replacing opcode 0x71 at 0x000f
12-12 20:13:26.043 16331 16331 I dalvikvm: Could not find method android.content.Context.getSystemService, referenced from method pq.a
12-12 20:13:26.043 16331 16331 W dalvikvm: VFY: unable to resolve virtual method 1684: Landroid/content/Context;.getSystemService (Ljava/lang/Class;)Ljava/lang/Object;
12-12 20:13:26.043 16331 16331 D dalvikvm: VFY: replacing opcode 0x6e at 0x0030
12-12 20:13:26.123 16343 16343 D AndroidRuntime: 
12-12 20:13:26.123 16343 16343 D AndroidRuntime: >>>>>> AndroidRuntime START com.android.internal.os.RuntimeInit <<<<<<
12-12 20:13:26.123 16343 16343 D AndroidRuntime: CheckJNI is OFF
12-12 20:13:26.123 16343 16343 D AndroidRuntime: setted country_code = USA
12-12 20:13:26.123 16343 16343 D AndroidRuntime: setted countryiso_code = US
12-12 20:13:26.123 16343 16343 D AndroidRuntime: setted sales_code = BNN
12-12 20:13:26.123 16343 16343 D AndroidRuntime: readGMSProperty: start
12-12 20:13:26.123 16343 16343 D AndroidRuntime: readGMSProperty: already setted!!
12-12 20:13:26.123 16343 16343 D AndroidRuntime: readGMSProperty: end
12-12 20:13:26.123 16343 16343 D AndroidRuntime: addProductProperty: start
12-12 20:13:26.143 16343 16343 D dalvikvm: Trying to load lib libjavacore.so 0x0
12-12 20:13:26.143 16343 16343 D dalvikvm: Added shared lib libjavacore.so 0x0
12-12 20:13:26.143 16343 16343 D dalvikvm: Trying to load lib libnativehelper.so 0x0
12-12 20:13:26.143 16343 16343 D dalvikvm: Added shared lib libnativehelper.so 0x0
12-12 20:13:26.143 16343 16343 D dalvikvm: No JNI_OnLoad found in libnativehelper.so 0x0, skipping init
12-12 20:13:26.343 16343 16343 E memtrack: Couldn't load memtrack module (No such file or directory)
12-12 20:13:26.343 16343 16343 E android.os.Debug: failed to load memtrack module: -2
12-12 20:13:26.373 16343 16343 D dalvikvm: Note: class Landroid/app/ActivityManagerNative; has 192 unimplemented (abstract) methods
12-12 20:13:26.433 16063 16063 W ConfigurationChimeraPro: Got null configs for com.google.android.gms
12-12 20:13:26.443 16343 16343 D AndroidRuntime: Calling main entry com.android.commands.wm.Wm
12-12 20:13:26.443 16343 16343 D AndroidRuntime: Shutting down VM
12-12 20:13:26.443 16343 16359 D dalvikvm: GC_CONCURRENT freed 96K, 14% free 656K/756K, paused 1ms+1ms, total 3ms
12-12 20:13:26.463  1813  1813 D ShopWidgetController: intent received: com.nook.home.widget.ALARM_REFRESH
12-12 20:13:26.483  3084  3084 D daemonapp: [MSC_Daemon]>>> AWDCDS:27 [0:0] AWD CD Act : androidintentactionPACKAGE_RESTARTED
12-12 20:13:26.503  3084  3084 D daemonapp: [MSC_Daemon]>>> AWDCDS:27 [0:0] AWD CD Act : androidintentactionPACKAGE_DATA_CLEARED
12-12 20:13:26.533 16063 16063 I dalvikvm: Could not find method android.content.Context.checkSelfPermission, referenced from method jwb.a
12-12 20:13:26.533 16063 16063 W dalvikvm: VFY: unable to resolve virtual method 1657: Landroid/content/Context;.checkSelfPermission (Ljava/lang/String;)I
12-12 20:13:26.533 16063 16063 D dalvikvm: VFY: replacing opcode 0x6e at 0x0034
12-12 20:13:26.533 16063 16063 I dalvikvm: Failed resolving Ljwc; interface 782 'Landroid/content/pm/PackageManager$OnPermissionsChangedListener;'
12-12 20:13:26.533 16063 16063 W dalvikvm: Link of class 'Ljwc;' failed
12-12 20:13:26.533 16063 16063 E dalvikvm: Could not find class 'jwc', referenced from method jwb.a
12-12 20:13:26.533 16063 16063 W dalvikvm: VFY: unable to resolve new-instance 2609 (Ljwc;) in Ljwb;
12-12 20:13:26.533 16063 16063 D dalvikvm: VFY: replacing opcode 0x22 at 0x0000
12-12 20:13:26.533 16063 16063 I dalvikvm: Failed resolving Ljwc; interface 782 'Landroid/content/pm/PackageManager$OnPermissionsChangedListener;'
12-12 20:13:26.533 16063 16063 W dalvikvm: Link of class 'Ljwc;' failed
12-12 20:13:26.533 16063 16063 D dalvikvm: DexOpt: unable to opt direct call 0x37c7 at 0x02 in Ljwb;.a
12-12 20:13:26.563 16063 16066 D dalvikvm: GC_CONCURRENT freed 2847K, 55% free 6457K/14132K, paused 2ms+3ms, total 28ms
12-12 20:13:26.563 16063 16372 D dalvikvm: WAIT_FOR_CONCURRENT_GC blocked 14ms
12-12 20:13:26.563 16063 16063 D dalvikvm: WAIT_FOR_CONCURRENT_GC blocked 15ms
12-12 20:13:26.563 16063 16368 D dalvikvm: WAIT_FOR_CONCURRENT_GC blocked 15ms
12-12 20:13:26.563 16063 16073 D dalvikvm: WAIT_FOR_CONCURRENT_GC blocked 16ms
12-12 20:13:26.573 16063 16074 W ConfigurationChimeraPro: Got null configs for com.google.android.gms
12-12 20:13:26.603 16331 16331 E ChimeraCfgMgr: Failed to read module config: java.io.FileNotFoundException: /data/data/com.google.android.gms/app_chimera/current_config.fb: open failed: ENOENT (No such file or directory)
12-12 20:13:26.623 16331 16331 E ChimeraCfgMgr: Failed to read module config: java.io.FileNotFoundException: /data/data/com.google.android.gms/app_chimera/current_config.fb: open failed: ENOENT (No such file or directory)
12-12 20:13:26.623 16331 16331 I dalvikvm: Could not find method android.system.Os.symlink, referenced from method cqu.a
12-12 20:13:26.623 16331 16331 W dalvikvm: VFY: unable to resolve static method 2331: Landroid/system/Os;.symlink (Ljava/lang/String;Ljava/lang/String;)V
12-12 20:13:26.623 16331 16331 D dalvikvm: VFY: replacing opcode 0x71 at 0x002c
12-12 20:13:26.633 16063 16063 I dalvikvm: Failed resolving Lalnp; interface 5475 'Landroid/net/wifi/WifiScanner$ScanListener;'
12-12 20:13:26.633 16063 16063 W dalvikvm: Link of class 'Lalnp;' failed
12-12 20:13:26.633 16063 16063 E dalvikvm: Could not find class 'alnp', referenced from method amaq.<init>
12-12 20:13:26.633 16063 16063 W dalvikvm: VFY: unable to resolve new-instance 4107 (Lalnp;) in Lamaq;
12-12 20:13:26.633 16063 16063 D dalvikvm: VFY: replacing opcode 0x22 at 0x0059
12-12 20:13:26.633 16063 16063 I dalvikvm: Failed resolving Lalnp; interface 5475 'Landroid/net/wifi/WifiScanner$ScanListener;'
12-12 20:13:26.633 16063 16063 W dalvikvm: Link of class 'Lalnp;' failed
12-12 20:13:26.633 16063 16063 D dalvikvm: DexOpt: unable to opt direct call 0x4524 at 0x5b in Lamaq;.<init>
12-12 20:13:26.643 16331 16331 E ConfigFileUtils: Failed to read config file: /data/data/com.google.android.gms/app_chimera/current_fileapks.pb: open failed: ENOENT (No such file or directory)
12-12 20:13:26.643   224   484 E cutils  : Failed to mkdirat(/storage/extSdCard/Android): Read-only file system
12-12 20:13:26.643 16063 16063 W ContextImpl: Failed to ensure directory: /storage/extSdCard/Android/data/com.google.android.gms/files
12-12 20:13:26.643   224   484 W Vold    : Returning OperationFailed - no handler for errno 30
12-12 20:13:26.663 16331 16331 I dalvikvm: Could not find method android.content.pm.PackageManager.getPackageInstaller, referenced from method izp.a
12-12 20:13:26.663 16331 16331 W dalvikvm: VFY: unable to resolve virtual method 1801: Landroid/content/pm/PackageManager;.getPackageInstaller ()Landroid/content/pm/PackageInstaller;
12-12 20:13:26.663 16331 16331 D dalvikvm: VFY: replacing opcode 0x6e at 0x001c
12-12 20:13:26.673 16331 16331 E ChimeraCfgMgr: Failed to read module config: java.io.FileNotFoundException: /data/data/com.google.android.gms/app_chimera/current_config.fb: open failed: ENOENT (No such file or directory)
12-12 20:13:26.673 16331 16331 I DynamiteModule: Considering local module com.google.android.gms.googlecertificates:4 and remote module com.google.android.gms.googlecertificates:0
12-12 20:13:26.673 16331 16331 I DynamiteModule: Selected local version of com.google.android.gms.googlecertificates
12-12 20:13:26.683 16331 16331 E ConfigFileUtils: Failed to read config file: /data/data/com.google.android.gms/app_chimera/current_fileapks.pb: open failed: ENOENT (No such file or directory)
12-12 20:13:26.683 16331 16331 I dalvikvm: Could not find method android.content.ContextWrapper.createCredentialProtectedStorageContext, referenced from method jia.createCredentialProtectedStorageContext
12-12 20:13:26.683 16331 16331 W dalvikvm: VFY: unable to resolve virtual method 1708: Landroid/content/ContextWrapper;.createCredentialProtectedStorageContext ()Landroid/content/Context;
12-12 20:13:26.683 16331 16331 D dalvikvm: VFY: replacing opcode 0x6f at 0x0002
12-12 20:13:26.683 16331 16331 I dalvikvm: Could not find method android.content.ContextWrapper.createDeviceProtectedStorageContext, referenced from method jia.createDeviceProtectedStorageContext
12-12 20:13:26.683 16331 16331 W dalvikvm: VFY: unable to resolve virtual method 1709: Landroid/content/ContextWrapper;.createDeviceProtectedStorageContext ()Landroid/content/Context;
12-12 20:13:26.683 16331 16331 D dalvikvm: VFY: replacing opcode 0x6f at 0x0002
12-12 20:13:26.693 16331 16331 E ChimeraCfgMgr: Failed to read module config: java.io.FileNotFoundException: /data/data/com.google.android.gms/app_chimera/current_config.fb: open failed: ENOENT (No such file or directory)
12-12 20:13:26.693 16331 16331 E ChimeraCfgMgr: Failed to read module config: java.io.FileNotFoundException: /data/data/com.google.android.gms/app_chimera/current_config.fb: open failed: ENOENT (No such file or directory)
12-12 20:13:26.693 16331 16331 E IntentOperation: Failed to get Chimera config
12-12 20:13:26.693 16331 16331 E IntentOperation: com.google.android.chimera.config.InvalidConfigException: java.io.FileNotFoundException: /data/data/com.google.android.gms/app_chimera/current_config.fb: open failed: ENOENT (No such file or directory)
12-12 20:13:26.693 16331 16331 E IntentOperation: 	at com.google.android.chimera.container.ConfigurationManager.a(:com.google.android.gms@11951032:150)
12-12 20:13:26.693 16331 16331 E IntentOperation: 	at com.google.android.chimera.IntentOperation.a(:com.google.android.gms@11951032:3)
12-12 20:13:26.693 16331 16331 E IntentOperation: 	at com.google.android.chimera.IntentOperation.getStartIntent(:com.google.android.gms@11951032:3)
12-12 20:13:26.693 16331 16331 E IntentOperation: 	at com.google.android.chimera.IntentOperation.getStartIntent(:com.google.android.gms@11951032:1)
12-12 20:13:26.693 16331 16331 E IntentOperation: 	at com.google.android.gms.chimera.debug.ModuleSetJournalUpdate$ModuleSetJournalIntentOperation.a(:com.google.android.gms@11951032:1)
12-12 20:13:26.693 16331 16331 E IntentOperation: 	at com.google.android.gms.chimera.debug.ModuleSetJournalUpdate.a(:com.google.android.gms@11951032:11)
12-12 20:13:26.693 16331 16331 E IntentOperation: 	at com.google.android.gms.chimera.container.GmsModuleFinder.a(:com.google.android.gms@11951032:68)
12-12 20:13:26.693 16331 16331 E IntentOperation: 	at com.google.android.gms.chimera.container.GmsModuleFinder.a(:com.google.android.gms@11951032:86)
12-12 20:13:26.693 16331 16331 E IntentOperation: 	at com.google.android.gms.chimera.container.GmsModuleFinder.a(:com.google.android.gms@11951032:71)
12-12 20:13:26.693 16331 16331 E IntentOperation: 	at imb.y_(:com.google.android.gms@11951032)
12-12 20:13:26.693 16331 16331 E IntentOperation: 	at csr.a(:com.google.android.gms@11951032:33)
12-12 20:13:26.693 16331 16331 E IntentOperation: 	at crx.attachBaseContext(:com.google.android.gms@11951032:2)
12-12 20:13:26.693 16331 16331 E IntentOperation: 	at android.app.Service.attach(Service.java:694)
12-12 20:13:26.693 16331 16331 E IntentOperation: 	at android.app.ActivityThread.handleCreateService(ActivityThread.java:2737)
12-12 20:13:26.693 16331 16331 E IntentOperation: 	at android.app.ActivityThread.access$1900(ActivityThread.java:169)
12-12 20:13:26.693 16331 16331 E IntentOperation: 	at android.app.ActivityThread$H.handleMessage(ActivityThread.java:1359)
12-12 20:13:26.693 16331 16331 E IntentOperation: 	at android.os.Handler.dispatchMessage(Handler.java:102)
12-12 20:13:26.693 16331 16331 E IntentOperation: 	at android.os.Looper.loop(Looper.java:136)
12-12 20:13:26.693 16331 16331 E IntentOperation: 	at android.app.ActivityThread.main(ActivityThread.java:5479)
12-12 20:13:26.693 16331 16331 E IntentOperation: 	at java.lang.reflect.Method.invokeNative(Native Method)
12-12 20:13:26.693 16331 16331 E IntentOperation: 	at java.lang.reflect.Method.invoke(Method.java:515)
12-12 20:13:26.693 16331 16331 E IntentOperation: 	at com.android.internal.os.ZygoteInit$MethodAndArgsCaller.run(ZygoteInit.java:1283)
12-12 20:13:26.693 16331 16331 E IntentOperation: 	at com.android.internal.os.ZygoteInit.main(ZygoteInit.java:1099)
12-12 20:13:26.693 16331 16331 E IntentOperation: 	at dalvik.system.NativeStart.main(Native Method)
12-12 20:13:26.693 16331 16331 E IntentOperation: Caused by: java.io.FileNotFoundException: /data/data/com.google.android.gms/app_chimera/current_config.fb: open failed: ENOENT (No such file or directory)
12-12 20:13:26.693 16331 16331 E IntentOperation: 	at libcore.io.IoBridge.open(IoBridge.java:409)
12-12 20:13:26.693 16331 16331 E IntentOperation: 	at java.io.FileInputStream.<init>(FileInputStream.java:78)
12-12 20:13:26.693 16331 16331 E IntentOperation: 	at com.google.android.chimera.container.ConfigurationManager.a(:com.google.android.gms@11951032:121)
12-12 20:13:26.693 16331 16331 E IntentOperation: 	... 23 more
12-12 20:13:26.693 16331 16331 E IntentOperation: Caused by: libcore.io.ErrnoException: open failed: ENOENT (No such file or directory)
12-12 20:13:26.693 16331 16331 E IntentOperation: 	at libcore.io.Posix.open(Native Method)
12-12 20:13:26.693 16331 16331 E IntentOperation: 	at libcore.io.BlockGuardOs.open(BlockGuardOs.java:110)
12-12 20:13:26.693 16331 16331 E IntentOperation: 	at libcore.io.IoBridge.open(IoBridge.java:393)
12-12 20:13:26.693 16331 16331 E IntentOperation: 	... 25 more
12-12 20:13:26.703 16331 16331 E ChimeraCfgMgr: Failed to read module config: java.io.FileNotFoundException: /data/data/com.google.android.gms/app_chimera/current_config.fb: open failed: ENOENT (No such file or directory)
12-12 20:13:26.723 16063 16063 W ConfigurationChimeraPro: Got null configs for com.google.android.location
12-12 20:13:26.723 16063 16063 I dalvikvm: Failed resolving Lalyq; interface 5243 'Landroid/app/AlarmManager$OnAlarmListener;'
12-12 20:13:26.723 16063 16063 W dalvikvm: Link of class 'Lalyq;' failed
12-12 20:13:26.723 16063 16063 E dalvikvm: Could not find class 'alyq', referenced from method alyp.<init>
12-12 20:13:26.723 16063 16063 W dalvikvm: VFY: unable to resolve new-instance 4400 (Lalyq;) in Lalyp;
12-12 20:13:26.723 16063 16063 D dalvikvm: VFY: replacing opcode 0x22 at 0x0082
12-12 20:13:26.733 16063 16063 I dalvikvm: Failed resolving Lalyq; interface 5243 'Landroid/app/AlarmManager$OnAlarmListener;'
12-12 20:13:26.733 16063 16063 W dalvikvm: Link of class 'Lalyq;' failed
12-12 20:13:26.733 16063 16063 D dalvikvm: DexOpt: unable to opt direct call 0x4acf at 0x84 in Lalyp;.<init>
12-12 20:13:26.733 16063 16063 I dalvikvm: Could not find method android.app.AlarmManager.cancel, referenced from method kah.a
12-12 20:13:26.733 16063 16063 W dalvikvm: VFY: unable to resolve virtual method 3008: Landroid/app/AlarmManager;.cancel (Landroid/app/AlarmManager$OnAlarmListener;)V
12-12 20:13:26.733 16063 16063 D dalvikvm: VFY: replacing opcode 0x6e at 0x0002
12-12 20:13:26.733 16063 16063 I dalvikvm: Could not find method android.app.AlarmManager.set, referenced from method kah.a
12-12 20:13:26.733 16063 16063 W dalvikvm: VFY: unable to resolve virtual method 3010: Landroid/app/AlarmManager;.set (IJJJLandroid/app/AlarmManager$OnAlarmListener;Landroid/os/Handler;Landroid/os/WorkSource;)V
12-12 20:13:26.733 16063 16063 D dalvikvm: VFY: replacing opcode 0x74 at 0x0018
12-12 20:13:26.733 16063 16063 I dalvikvm: Could not find method android.app.AlarmManager.setExactAndAllowWhileIdle, referenced from method kah.a
12-12 20:13:26.733 16063 16063 W dalvikvm: VFY: unable to resolve virtual method 3014: Landroid/app/AlarmManager;.setExactAndAllowWhileIdle (IJLandroid/app/PendingIntent;)V
12-12 20:13:26.733 16063 16063 D dalvikvm: VFY: replacing opcode 0x6e at 0x0011
12-12 20:13:26.733 16063 16063 I dalvikvm: Could not find method android.app.AlarmManager.setAndAllowWhileIdle, referenced from method kah.a
12-12 20:13:26.733 16063 16063 W dalvikvm: VFY: unable to resolve virtual method 3013: Landroid/app/AlarmManager;.setAndAllowWhileIdle (IJLandroid/app/PendingIntent;)V
12-12 20:13:26.733 16063 16063 D dalvikvm: VFY: replacing opcode 0x6e at 0x0010
12-12 20:13:26.743 16063 16063 I dalvikvm: Could not find method android.app.admin.DevicePolicyManager.getAccountTypesWithManagementDisabled, referenced from method kdz.g
12-12 20:13:26.743 16063 16063 W dalvikvm: VFY: unable to resolve virtual method 3242: Landroid/app/admin/DevicePolicyManager;.getAccountTypesWithManagementDisabled ()[Ljava/lang/String;
12-12 20:13:26.743 16063 16063 D dalvikvm: VFY: replacing opcode 0x6e at 0x002b
12-12 20:13:26.783 16063 16063 I dalvikvm: Failed resolving Lkhi; interface 782 'Landroid/content/pm/PackageManager$OnPermissionsChangedListener;'
12-12 20:13:26.783 16063 16063 W dalvikvm: Link of class 'Lkhi;' failed
12-12 20:13:26.783 16063 16063 E dalvikvm: Could not find class 'khi', referenced from method khg.a
12-12 20:13:26.783 16063 16063 W dalvikvm: VFY: unable to resolve new-instance 11166 (Lkhi;) in Lkhg;
12-12 20:13:26.783 16063 16063 D dalvikvm: VFY: replacing opcode 0x22 at 0x0014
12-12 20:13:26.783 16063 16063 I dalvikvm: Failed resolving Lkhi; interface 782 'Landroid/content/pm/PackageManager$OnPermissionsChangedListener;'
12-12 20:13:26.783 16063 16063 W dalvikvm: Link of class 'Lkhi;' failed
12-12 20:13:26.793 16063 16063 D dalvikvm: DexOpt: unable to opt direct call 0xb208 at 0x1a in Lkhg;.a
12-12 20:13:26.853 16063 16063 I dalvikvm: Could not find method android.os.PowerManager.isInteractive, referenced from method alsv.b
12-12 20:13:26.853 16063 16063 W dalvikvm: VFY: unable to resolve virtual method 24491: Landroid/os/PowerManager;.isInteractive ()Z
12-12 20:13:26.853 16063 16063 D dalvikvm: VFY: replacing opcode 0x6e at 0x0024
12-12 20:13:26.853 16063 16063 I dalvikvm: Could not find method android.os.PowerManager.isDeviceIdleMode, referenced from method amut.a
12-12 20:13:26.853 16063 16063 W dalvikvm: VFY: unable to resolve virtual method 24490: Landroid/os/PowerManager;.isDeviceIdleMode ()Z
12-12 20:13:26.853 16063 16063 D dalvikvm: VFY: replacing opcode 0x6e at 0x0008
12-12 20:13:26.953   787  1157 D LocationManagerService: request 4326fd40 passive Request[POWER_NONE passive fastest=0] from com.google.android.gms(10008)
12-12 20:13:26.953   787  1157 D LocationManagerService: provider request: passive ProviderRequest[ON interval=0]
12-12 20:13:26.973 15485 15485 D AatpDeviceManager: onConnected
12-12 20:13:26.973  3084  3084 D daemonapp: [MSC_Daemon]>>> AWDCDS:27 [0:0] AWD CD Act : androidintentactionPACKAGE_RESTARTED
12-12 20:13:26.993  3084  3084 D daemonapp: [MSC_Daemon]>>> AWDCDS:27 [0:0] AWD CD Act : androidintentactionPACKAGE_DATA_CLEARED
12-12 20:13:27.013 16063 16063 I GeofencerStateMachine: sendWifiConnectivityChanged: connectivity=true
12-12 20:13:27.013 16063 16390 E GeofenceStateCache: Unable to load state, all registered geofences are lost.
12-12 20:13:27.023 16063 16390 I GeofencerStateMachine: Network location disabled.
12-12 20:13:27.053 16063 16066 D dalvikvm: GC_CONCURRENT freed 1124K, 49% free 7321K/14132K, paused 5ms+7ms, total 47ms
12-12 20:13:27.083 16063 16063 I dalvikvm: Could not find method android.location.Location.setVerticalAccuracyMeters, referenced from method amcd.a
12-12 20:13:27.083 16063 16063 W dalvikvm: VFY: unable to resolve virtual method 24103: Landroid/location/Location;.setVerticalAccuracyMeters (F)V
12-12 20:13:27.083 16063 16063 D dalvikvm: VFY: replacing opcode 0x6e at 0x005d
12-12 20:13:27.123 16312 16323 D dalvikvm: GC_EXPLICIT freed 3741K, 62% free 5494K/14132K, paused 2ms+3ms, total 31ms
12-12 20:13:27.133 16063 16063 W ConfigurationChimeraPro: Got null configs for com.google.android.gms.clearcut.public
12-12 20:13:27.183  3084  3084 D daemonapp: [MSC_Daemon]>>> AWDCDS:27 [0:0] AWD CD Act : androidintentactionPACKAGE_RESTARTED
12-12 20:13:27.213  3084  3084 D daemonapp: [MSC_Daemon]>>> AWDCDS:27 [0:0] AWD CD Act : androidintentactionPACKAGE_DATA_CLEARED
12-12 20:13:27.213 16331 16331 E ConfigFileUtils: Failed to read config file: /data/data/com.google.android.gms/app_chimera/current_modules_init.pb: open failed: ENOENT (No such file or directory)
12-12 20:13:27.223  3084  3084 D daemonapp: [MSC_Daemon]>>> AWDCDS:27 [0:0] AWD CD Act : androidintentactionPACKAGE_RESTARTED
12-12 20:13:27.233 16063 16399 I dalvikvm: Could not find method android.content.Context.getDrawable, referenced from method oz.a
12-12 20:13:27.233 16063 16399 W dalvikvm: VFY: unable to resolve virtual method 1671: Landroid/content/Context;.getDrawable (I)Landroid/graphics/drawable/Drawable;
12-12 20:13:27.233 16063 16399 D dalvikvm: VFY: replacing opcode 0x6e at 0x0006
12-12 20:13:27.233 16063 16399 I dalvikvm: Could not find method android.content.Context.getColorStateList, referenced from method oz.b
12-12 20:13:27.233 16063 16399 W dalvikvm: VFY: unable to resolve virtual method 1668: Landroid/content/Context;.getColorStateList (I)Landroid/content/res/ColorStateList;
12-12 20:13:27.233 16063 16399 D dalvikvm: VFY: replacing opcode 0x6e at 0x0006
12-12 20:13:27.233 16063 16399 I dalvikvm: Could not find method android.content.Context.getColor, referenced from method oz.c
12-12 20:13:27.233 16063 16399 W dalvikvm: VFY: unable to resolve virtual method 1667: Landroid/content/Context;.getColor (I)I
12-12 20:13:27.233 16063 16399 D dalvikvm: VFY: replacing opcode 0x6e at 0x0006
12-12 20:13:27.253  3084  3084 D daemonapp: [MSC_Daemon]>>> AWDCDS:27 [0:0] AWD CD Act : androidintentactionPACKAGE_DATA_CLEARED
12-12 20:13:27.263 15499 15499 D com.samsung.app: [AccuTab_Magagine]>>> WC:42 [0:0] action : comandroidserverNotificationManagerServiceNotificationArrived
12-12 20:13:27.263 15499 15499 D com.samsung.app: [AccuTab_Magagine]>>> WC:55 [0:0] settings CT : androidappReceiverRestrictedContext@428c1fd0
12-12 20:13:27.273 15499 15499 D com.samsung.app: [AccuTab_Magagine]>>> UIM:146 [0:0] setContext
12-12 20:13:27.273 15499 15499 D com.samsung.app: [AccuTab_Magagine]>>> UIM:227 [0:0] The widget does not exist in idle!!
12-12 20:13:27.273 15499 15499 D com.samsung.app: [AccuTab_Magagine]>>> WC:42 [0:0] action : comandroidserverNotificationManagerServiceNotificationArrived
12-12 20:13:27.273 15499 15499 D com.samsung.app: [AccuTab_Magagine]>>> WC:55 [0:0] settings CT : androidappReceiverRestrictedContext@428c1fd0
12-12 20:13:27.273 15499 15499 D com.samsung.app: [AccuTab_Magagine]>>> UIM:146 [0:0] setContext
12-12 20:13:27.273 15499 15499 D com.samsung.app: [AccuTab_Magagine]>>> UIM:227 [0:0] The widget does not exist in idle!!
12-12 20:13:27.283 16402 16402 I SELinux : Function: selinux_android_load_priority [0], There is no sepolicy file.
12-12 20:13:27.283 16402 16402 I SELinux :  
12-12 20:13:27.283 16402 16402 I SELinux : Function: selinux_android_load_priority [1], There is no sepolicy version file.
12-12 20:13:27.283 16402 16402 I SELinux :  
12-12 20:13:27.283 16402 16402 I SELinux : Function: selinux_android_load_priority , priority version is VE=SEPF_SM-T530NU_4.4.2_0028
12-12 20:13:27.283 16402 16402 I SELinux :  
12-12 20:13:27.283 16402 16402 I SELinux :  
12-12 20:13:27.283 16402 16402 I SELinux : selinux_android_seapp_context_reload: seapp_contexts file is loaded from /seapp_contexts
12-12 20:13:27.293 16063 16394 E SQLiteLog: (1) no such table: storage_size
12-12 20:13:27.313 16395 16395 D AndroidRuntime: 
12-12 20:13:27.313 16395 16395 D AndroidRuntime: >>>>>> AndroidRuntime START com.android.internal.os.RuntimeInit <<<<<<
12-12 20:13:27.313 16395 16395 D AndroidRuntime: CheckJNI is OFF
12-12 20:13:27.313 16395 16395 D AndroidRuntime: setted country_code = USA
12-12 20:13:27.313 16395 16395 D AndroidRuntime: setted countryiso_code = US
12-12 20:13:27.313 16395 16395 D AndroidRuntime: setted sales_code = BNN
12-12 20:13:27.313 16395 16395 D AndroidRuntime: readGMSProperty: start
12-12 20:13:27.313 16395 16395 D AndroidRuntime: readGMSProperty: already setted!!
12-12 20:13:27.313 16395 16395 D AndroidRuntime: readGMSProperty: end
12-12 20:13:27.313 16395 16395 D AndroidRuntime: addProductProperty: start
12-12 20:13:27.313   243   243 D dalvikvm: GC_EXPLICIT freed 45K, 66% free 4879K/14132K, paused 2ms+4ms, total 27ms
12-12 20:13:27.323 15485 16282 D AatpDeviceManager: Connection established
12-12 20:13:27.333 16063 16393 I dalvikvm: Could not find method android.location.Location.setVerticalAccuracyMeters, referenced from method tki.a
12-12 20:13:27.333 16063 16393 W dalvikvm: VFY: unable to resolve virtual method 16270: Landroid/location/Location;.setVerticalAccuracyMeters (F)V
12-12 20:13:27.333 16063 16393 D dalvikvm: VFY: replacing opcode 0x6e at 0x0006
12-12 20:13:27.333 16063 16393 I dalvikvm: Could not find method android.location.Location.hasVerticalAccuracy, referenced from method tki.f
12-12 20:13:27.333 16063 16393 W dalvikvm: VFY: unable to resolve virtual method 16265: Landroid/location/Location;.hasVerticalAccuracy ()Z
12-12 20:13:27.333 16063 16393 D dalvikvm: VFY: replacing opcode 0x6e at 0x0006
12-12 20:13:27.333 16063 16393 I dalvikvm: Could not find method android.location.Location.hasVerticalAccuracy, referenced from method tki.g
12-12 20:13:27.333 16063 16393 W dalvikvm: VFY: unable to resolve virtual method 16265: Landroid/location/Location;.hasVerticalAccuracy ()Z
12-12 20:13:27.333 16063 16393 D dalvikvm: VFY: replacing opcode 0x6e at 0x0008
12-12 20:13:27.333 16395 16395 D dalvikvm: Trying to load lib libjavacore.so 0x0
12-12 20:13:27.333 16395 16395 D dalvikvm: Added shared lib libjavacore.so 0x0
12-12 20:13:27.343 16395 16395 D dalvikvm: Trying to load lib libnativehelper.so 0x0
12-12 20:13:27.343 16395 16395 D dalvikvm: Added shared lib libnativehelper.so 0x0
12-12 20:13:27.343 16395 16395 D dalvikvm: No JNI_OnLoad found in libnativehelper.so 0x0, skipping init
12-12 20:13:27.343   243   243 D dalvikvm: GC_EXPLICIT freed <1K, 66% free 4879K/14132K, paused 2ms+3ms, total 24ms
12-12 20:13:27.353   787   798 I LocationManagerService: remove 4326fd40 by com.google.android.gms
12-12 20:13:27.353   787   798 D LocationManagerService: provider request: passive ProviderRequest[ON interval=0]
12-12 20:13:27.363   243   243 D dalvikvm: GC_EXPLICIT freed <1K, 66% free 4879K/14132K, paused 2ms+4ms, total 22ms
12-12 20:13:27.443 16063 16394 I zdn     : No Heterodyne serving version in database
12-12 20:13:27.463 16063 16394 I dalvikvm: Could not find method android.content.Context.createDeviceProtectedStorageContext, referenced from method ivf.b
12-12 20:13:27.463 16063 16394 W dalvikvm: VFY: unable to resolve virtual method 3466: Landroid/content/Context;.createDeviceProtectedStorageContext ()Landroid/content/Context;
12-12 20:13:27.463 16063 16394 D dalvikvm: VFY: replacing opcode 0x6e at 0x0007
12-12 20:13:27.463 16063 16394 I dalvikvm: Could not find method android.content.Context.isDeviceProtectedStorage, referenced from method ivf.b
12-12 20:13:27.463 16063 16394 W dalvikvm: VFY: unable to resolve virtual method 3495: Landroid/content/Context;.isDeviceProtectedStorage ()Z
12-12 20:13:27.463 16063 16394 D dalvikvm: VFY: replacing opcode 0x6e at 0x003e
12-12 20:13:27.473 16331 16424 E ConfigFileUtils: Failed to read config file: /data/data/com.google.android.gms/app_chimera/current_fileapks.pb: open failed: ENOENT (No such file or directory)
12-12 20:13:27.473 16331 16424 E ConfigFileUtils: Failed to read config file: /data/data/com.google.android.gms/app_chimera/current_fileapks.pb: open failed: ENOENT (No such file or directory)
12-12 20:13:27.473   787  1235 I ActivityManager: Killing 9396:com.google.android.talk/u0a91 (adj 15): empty for 16326s
12-12 20:13:27.503 16331 16427 I dalvikvm: Could not find method android.app.admin.DevicePolicyManager.getAccountTypesWithManagementDisabled, referenced from method kdz.g
12-12 20:13:27.503 16331 16427 W dalvikvm: VFY: unable to resolve virtual method 3242: Landroid/app/admin/DevicePolicyManager;.getAccountTypesWithManagementDisabled ()[Ljava/lang/String;
12-12 20:13:27.503 16331 16427 D dalvikvm: VFY: replacing opcode 0x6e at 0x002b
12-12 20:13:27.503 16331 16427 I dalvikvm: Could not find method android.content.Context.isDeviceProtectedStorage, referenced from method jtk.<init>
12-12 20:13:27.503 16331 16427 W dalvikvm: VFY: unable to resolve virtual method 1689: Landroid/content/Context;.isDeviceProtectedStorage ()Z
12-12 20:13:27.503 16331 16427 D dalvikvm: VFY: replacing opcode 0x6e at 0x0057
12-12 20:13:27.533 16331 16424 E ConfigFileUtils: Failed to read config file: /data/data/com.google.android.gms/app_chimera/current_fileapks.pb: open failed: ENOENT (No such file or directory)
12-12 20:13:27.543 16395 16395 E memtrack: Couldn't load memtrack module (No such file or directory)
12-12 20:13:27.543 16395 16395 E android.os.Debug: failed to load memtrack module: -2
12-12 20:13:27.543 16331 16424 E ConfigFileUtils: Failed to read config file: /data/data/com.google.android.gms/app_chimera/current_fileapks.pb: open failed: ENOENT (No such file or directory)
12-12 20:13:27.543   787   863 D SensorService:   -0.7 0.5 9.5
12-12 20:13:27.573 16331 16424 D Wear_Controller: Received broadcast action=android.intent.action.PACKAGE_DATA_CLEARED and uri=com.google.android.gm
12-12 20:13:27.573 16331 16424 I dalvikvm: Could not find method android.os.UserManager.getUserProfiles, referenced from method com.google.android.gms.wearable.service.WearableController.a
12-12 20:13:27.573 16331 16424 W dalvikvm: VFY: unable to resolve virtual method 24541: Landroid/os/UserManager;.getUserProfiles ()Ljava/util/List;
12-12 20:13:27.573 16331 16424 D dalvikvm: VFY: replacing opcode 0x6e at 0x006a
12-12 20:13:27.573 16395 16395 D dalvikvm: Note: class Landroid/app/ActivityManagerNative; has 192 unimplemented (abstract) methods
12-12 20:13:27.593 16331 16424 I LocationSettingsChecker: Removing dialog suppression flag for package com.google.android.gm
12-12 20:13:27.613 16063 16073 W ConfigurationChimeraPro: Got null configs for com.google.android.gms.icing
12-12 20:13:27.633 16331 16426 E ConfigFileUtils: Failed to read config file: /data/data/com.google.android.gms/app_chimera/current_fileapks.pb: open failed: ENOENT (No such file or directory)
12-12 20:13:27.653 16395 16395 D AndroidRuntime: Calling main entry com.android.commands.wm.Wm
12-12 20:13:27.653 16395 16395 D AndroidRuntime: Shutting down VM
12-12 20:13:27.663 16331 16426 E ConfigFileUtils: Failed to read config file: /data/data/com.google.android.gms/app_chimera/current_fileapks.pb: open failed: ENOENT (No such file or directory)
12-12 20:13:27.663 16331 16331 I dalvikvm: Could not find method android.os.UserManager.getUserProfiles, referenced from method srk.a
12-12 20:13:27.663 16331 16331 W dalvikvm: VFY: unable to resolve virtual method 16810: Landroid/os/UserManager;.getUserProfiles ()Ljava/util/List;
12-12 20:13:27.663 16331 16331 D dalvikvm: VFY: replacing opcode 0x6e at 0x003e
12-12 20:13:27.663 16395 16417 D dalvikvm: GC_CONCURRENT freed 96K, 14% free 656K/756K, paused 0ms+0ms, total 3ms
12-12 20:13:27.663 16331 16335 D dalvikvm: GC_CONCURRENT freed 7192K, 59% free 5934K/14132K, paused 3ms+17ms, total 95ms
12-12 20:13:27.723 16331 16428 I Icing   : Using regular flags by method 2
12-12 20:13:27.773 16402 16402 D MySettingsProvider: initDB
12-12 20:13:27.883   787   797 D dalvikvm: GC_EXPLICIT freed 1392K, 48% free 22557K/42952K, paused 5ms+12ms, total 174ms
12-12 20:13:27.883 16063 16073 W ConfigurationChimeraPro: Got null configs for com.google.android.gms.accountsettings
12-12 20:13:27.903 16331 16428 I LocationSettingsChecker: Removing dialog suppression flag for package com.android.browser.provider
12-12 20:13:27.903 16331 16427 D Wear_Controller: Received broadcast action=android.intent.action.PACKAGE_DATA_CLEARED and uri=com.android.browser.provider
12-12 20:13:27.913 16331 16445 D Wear_Controller: Received broadcast action=android.intent.action.PACKAGE_DATA_CLEARED and uri=com.samsung.android.scloud.proxy.sbrowser
12-12 20:13:27.943 16447 16447 I SELinux : Function: selinux_android_load_priority [0], There is no sepolicy file.
12-12 20:13:27.943 16447 16447 I SELinux :  
12-12 20:13:27.943 16447 16447 I SELinux : Function: selinux_android_load_priority [1], There is no sepolicy version file.
12-12 20:13:27.943 16447 16447 I SELinux :  
12-12 20:13:27.943 16447 16447 I SELinux : Function: selinux_android_load_priority , priority version is VE=SEPF_SM-T530NU_4.4.2_0028
12-12 20:13:27.943 16447 16447 I SELinux :  
12-12 20:13:27.943 16447 16447 I SELinux :  
12-12 20:13:27.943 16447 16447 I SELinux : selinux_android_seapp_context_reload: seapp_contexts file is loaded from /seapp_contexts
12-12 20:13:27.983 16331 16442 D dalvikvm: Trying to load lib /data/app-lib/com.google.android.gms-1317/libAppDataSearch.so 0x428be1f8
12-12 20:13:28.003 16331 16443 I dalvikvm: Could not find method android.app.Notification.getChannelId, referenced from method jvh.a
12-12 20:13:28.003 16331 16443 W dalvikvm: VFY: unable to resolve virtual method 3148: Landroid/app/Notification;.getChannelId ()Ljava/lang/String;
12-12 20:13:28.003 16331 16443 D dalvikvm: VFY: replacing opcode 0x6e at 0x0006
12-12 20:13:28.003 16331 16443 I dalvikvm: Could not find method android.app.NotificationManager.getNotificationChannel, referenced from method jvh.a
12-12 20:13:28.003 16331 16443 W dalvikvm: VFY: unable to resolve virtual method 3163: Landroid/app/NotificationManager;.getNotificationChannel (Ljava/lang/String;)Landroid/app/NotificationChannel;
12-12 20:13:28.003 16331 16443 D dalvikvm: VFY: replacing opcode 0x6e at 0x0008
12-12 20:13:28.003 16331 16443 W dalvikvm: VFY: unable to find class referenced in signature (Landroid/app/NotificationChannel;)
12-12 20:13:28.003 16331 16443 I dalvikvm: Could not find method android.app.NotificationManager.getNotificationChannels, referenced from method jvh.a
12-12 20:13:28.003 16331 16443 W dalvikvm: VFY: unable to resolve virtual method 3164: Landroid/app/NotificationManager;.getNotificationChannels ()Ljava/util/List;
12-12 20:13:28.003 16331 16443 D dalvikvm: VFY: replacing opcode 0x6e at 0x0008
12-12 20:13:28.003 16331 16443 W dalvikvm: VFY: unable to find class referenced in signature (Landroid/app/NotificationChannel;)
12-12 20:13:28.003 16331 16443 I dalvikvm: Could not find method android.app.NotificationManager.createNotificationChannel, referenced from method jvh.a
12-12 20:13:28.003 16331 16443 W dalvikvm: VFY: unable to resolve virtual method 3160: Landroid/app/NotificationManager;.createNotificationChannel (Landroid/app/NotificationChannel;)V
12-12 20:13:28.003 16331 16443 D dalvikvm: VFY: replacing opcode 0x6e at 0x0008
12-12 20:13:28.013 16331 16443 W dalvikvm: VFY: unable to find class referenced in signature (Landroid/app/NotificationChannelGroup;)
12-12 20:13:28.013 16331 16443 I dalvikvm: Could not find method android.app.NotificationManager.createNotificationChannelGroup, referenced from method jvh.a
12-12 20:13:28.013 16331 16443 W dalvikvm: VFY: unable to resolve virtual method 3161: Landroid/app/NotificationManager;.createNotificationChannelGroup (Landroid/app/NotificationChannelGroup;)V
12-12 20:13:28.013 16331 16443 D dalvikvm: VFY: replacing opcode 0x6e at 0x0008
12-12 20:13:28.013 16331 16443 I dalvikvm: Could not find method android.app.NotificationManager.deleteNotificationChannel, referenced from method jvh.b
12-12 20:13:28.013 16331 16443 W dalvikvm: VFY: unable to resolve virtual method 3162: Landroid/app/NotificationManager;.deleteNotificationChannel (Ljava/lang/String;)V
12-12 20:13:28.013 16331 16442 D dalvikvm: Added shared lib /data/app-lib/com.google.android.gms-1317/libAppDataSearch.so 0x428be1f8
12-12 20:13:28.013 16331 16443 D dalvikvm: VFY: replacing opcode 0x6e at 0x0008
12-12 20:13:28.013 16331 16443 D dalvikvm: DexOpt: unable to opt direct call 0x0c4e at 0x21 in Ljvh;.a
12-12 20:13:28.013 16331 16443 W ChimeraUtils: Non Chimera context
12-12 20:13:28.103 16331 16461 I Icing   : Storage manager: low false usage 0 Bytes avail 10.89GB capacity 11.95GB
12-12 20:13:28.113 16063 16066 D dalvikvm: GC_CONCURRENT freed 2180K, 50% free 7112K/14132K, paused 4ms+7ms, total 42ms
12-12 20:13:28.153   242   480 D PermissionCache: checking android.permission.ACCESS_SURFACE_FLINGER for uid=2000 => granted (192 us)
12-12 20:13:28.153 16331 16424 I LocationSettingsChecker: Removing dialog suppression flag for package com.samsung.android.scloud.proxy.sbrowser
12-12 20:13:28.173 16331 16424 D Wear_Controller: Received broadcast action=android.intent.action.PACKAGE_DATA_CLEARED and uri=com.sec.android.app.sbrowser
12-12 20:13:28.183 16331 16438 I LocationSettingsChecker: Removing dialog suppression flag for package com.sec.android.app.sbrowser
12-12 20:13:28.193 16063 16074 W ConfigurationChimeraPro: Got null configs for com.google.android.gms.ads
12-12 20:13:28.213   787  1076 D CaptivePortalTracker: DelayedCaptiveCheckState{ when=-10ms what=2 arg1=1 target=com.android.internal.util.StateMachine$SmHandler }
12-12 20:13:28.213   787  1076 D ConnectivityService: setProvNotificationVisible: E visible=false networkType=1 extraInfo=null url=null
12-12 20:13:28.243   787  1076 D CaptivePortalTracker: Checking http://216.58.193.78/generate_204
12-12 20:13:28.243   787  1076 W ActivityThread: ClassLoader.loadClass: The class loader returned by Thread.getContextClassLoader() may fail for processes that host multiple applications. You should explicitly specify a context class loader. For example: Thread.setContextClassLoader(getClass().getClassLoader());
12-12 20:13:28.293 16063 16486 W ConfigurationChimeraPro: Got null configs for com.google.android.gms.ulr
12-12 20:13:28.313   787  6070 D LocationManagerService: request 42b36858 passive Request[POWER_NONE passive fastest=0] from com.google.android.gms(10008)
12-12 20:13:28.313   787  6070 D LocationManagerService: provider request: passive ProviderRequest[ON interval=0]
12-12 20:13:28.333   787  1076 I System.out: Thread-155(HTTPLog):isShipBuild true
12-12 20:13:28.333   787  1076 I System.out: Thread-155(HTTPLog):SmartBonding Enabling is false, SHIP_BUILD is true, log to file is false, DBG is false
12-12 20:13:28.343 16063 16399 W Settings: Setting airplane_mode_on has moved from android.provider.Settings.System to android.provider.Settings.Global, returning read-only value.
12-12 20:13:28.353 16447 16447 E ResourceType: getSupportListinCSC: cannot open file 
12-12 20:13:28.353 16447 16447 E ResourceType: The locale in CSC is empty.
12-12 20:13:28.373 16447 16447 I VlingoApplication: VlingoApplication appVersion ='11.2.3.0.33407', ro.csc.sales_code=BNN
12-12 20:13:28.373 16312 16380 D dalvikvm: GC_EXPLICIT freed 86K, 62% free 5506K/14132K, paused 2ms+5ms, total 32ms
12-12 20:13:28.393 16063 16486 I dalvikvm: Could not find method android.accounts.AccountManager.getPreviousName, referenced from method amul.a
12-12 20:13:28.393 16063 16486 W dalvikvm: VFY: unable to resolve virtual method 23058: Landroid/accounts/AccountManager;.getPreviousName (Landroid/accounts/Account;)Ljava/lang/String;
12-12 20:13:28.393 16063 16486 D dalvikvm: VFY: replacing opcode 0x6e at 0x0008
12-12 20:13:28.433   787  1076 D CaptivePortalTracker: isCaptivePortal: ret=false rspCode=204
12-12 20:13:28.433 16063 16486 I dalvikvm: Could not find method android.bluetooth.BluetoothAdapter.isBleScanAlwaysAvailable, referenced from method kgl.b
12-12 20:13:28.433 16063 16486 W dalvikvm: VFY: unable to resolve virtual method 3280: Landroid/bluetooth/BluetoothAdapter;.isBleScanAlwaysAvailable ()Z
12-12 20:13:28.433 16063 16486 D dalvikvm: VFY: replacing opcode 0x6e at 0x000e
12-12 20:13:28.433   787  1076 D CaptivePortalTracker: Not captive network NetworkInfo: type: WIFI[], state: CONNECTED/CONNECTED, reason: (unspecified), extra: "9902436512", roaming: false, failover: false, isAvailable: true, isConnectedToProvisioningNetwork: false
12-12 20:13:28.433   787  1076 D CaptivePortalTracker: notifyPortalCheckCompleted: captive=false ni=NetworkInfo: type: WIFI[], state: CONNECTED/CONNECTED, reason: (unspecified), extra: "9902436512", roaming: false, failover: false, isAvailable: true, isConnectedToProvisioningNetwork: false
12-12 20:13:28.433   787  1076 W ContextImpl: Calling a method in the system process without a qualified user: android.app.ContextImpl.sendBroadcast:1523 android.net.CaptivePortalTracker.sendNetworkConditionsBroadcast:507 android.net.CaptivePortalTracker.isCaptivePortal:399 android.net.CaptivePortalTracker.access$2600:60 android.net.CaptivePortalTracker$DelayedCaptiveCheckState.processMessage:283 
12-12 20:13:28.433   787  1076 D ConnectivityService: captivePortalCheckCompleted: ni=NetworkInfo: type: WIFI[], state: CONNECTED/CONNECTED, reason: (unspecified), extra: "9902436512", roaming: false, failover: false, isAvailable: true, isConnectedToProvisioningNetwork: false captive=false
12-12 20:13:28.503 16331 16438 D Wear_Controller: Received broadcast action=android.intent.action.PACKAGE_DATA_CLEARED and uri=com.sec.android.app.sbrowsertry
12-12 20:13:28.503 16331 16427 I LocationSettingsChecker: Removing dialog suppression flag for package com.sec.android.app.sbrowsertry
12-12 20:13:28.523 16331 16461 E Icing   : Opening file /data/data/com.google.android.gms/files/AppDataSearch/main/cur/compact_status for read failed: No such file or directory
12-12 20:13:28.523 16331 16461 W Icing   : transportation_script_path is empty
12-12 20:13:28.553 16331 16461 W Icing   : generic::invalid_argument: Empty URI
12-12 20:13:28.553 16331 16461 W Icing   : generic::invalid_argument: Empty URI
12-12 20:13:28.553 16331 16461 W Icing   : WordsMap was not properly initialized
12-12 20:13:28.553 16331 16461 I dalvikvm: Could not find method android.os.UserHandle.isOwner, referenced from method rwp.a
12-12 20:13:28.553 16331 16461 W dalvikvm: VFY: unable to resolve virtual method 16805: Landroid/os/UserHandle;.isOwner ()Z
12-12 20:13:28.553 16331 16461 D dalvikvm: VFY: replacing opcode 0x6e at 0x0030
12-12 20:13:28.583 16331 16335 D dalvikvm: GC_CONCURRENT freed 1795K, 57% free 6166K/14132K, paused 3ms+6ms, total 35ms
12-12 20:13:28.593   982   982 D STATUSBAR-NetworkController: refreshSignalCluster - setNWBoosterIndicators(false)
12-12 20:13:28.593   982   982 D STATUSBAR-NetworkController: refreshSignalCluster: data=-1 bt=false
12-12 20:13:28.603   982   982 D STATUSBAR-IconMerger: checkOverflow(1036), More:false, Req:false Child:3
12-12 20:13:28.643 16063 16074 W ConfigurationChimeraPro: Got null configs for com.google.android.gms.cast
12-12 20:13:28.693 16331 16461 I Icing   : Version not set, assuming clear data.
12-12 20:13:28.693 16331 16461 I Icing   : Clearing storage
12-12 20:13:28.703 16312 16377 D dalvikvm: GC_EXPLICIT freed 91K, 62% free 5508K/14132K, paused 2ms+4ms, total 25ms
12-12 20:13:28.753 16402 16402 D NearbySettings: MountReceiver.onReceive - Create HandlerThread
12-12 20:13:28.753 16402 16402 D NearbySettings: MountReceiver.onReceive - Start HandlerThread
12-12 20:13:28.753 16402 16402 D NearbySettings: MountReceiver.onReceive - Create mPrefHandler
12-12 20:13:28.753 16402 16402 D NearbySettings: MountReceiver.onReceive - ACTION: android.net.wifi.STATE_CHANGE
12-12 20:13:28.753 16402 16402 V NearbySettings: DMSUtil.isNetworkConnected - flag-null, state-null
12-12 20:13:28.753 16402 16402 I NearbySettings: DMSUtil.isNetworkConnected - WIFI: CONNECTED
12-12 20:13:28.753 16402 16402 I NearbySettings: DMSUtil.isNetworkConnected - P2P: IDLE
12-12 20:13:28.753 16402 16402 I NearbySettings: DMSUtil.isNetworkConnected - ETH: IDLE
12-12 20:13:28.753 16402 16402 I NearbySettings: DMSUtil.isNetworkConnected - WIFI-true, Hotspot-false, P2P-false, Eth-false
12-12 20:13:28.753 16402 16402 I NearbySettings: MountReceiver.onReceive - Keep current state
12-12 20:13:28.763 16447 16447 D DialogFlow: DialogFlow constructor
12-12 20:13:28.763 16447 16447 D DialogFlow: initQueue()
12-12 20:13:28.783 16402 16402 D NearbySettings: MountReceiver.onReceive - ACTION: android.net.wifi.STATE_CHANGE
12-12 20:13:28.783 16402 16402 I NearbySettings: MountReceiver.onReceive - Keep current state
12-12 20:13:28.803 16402 16402 D NearbySettings: MountReceiver.onReceive - ACTION: android.net.wifi.STATE_CHANGE
12-12 20:13:28.803 16402 16402 V NearbySettings: DMSUtil.isNetworkConnected - flag-null, state-null
12-12 20:13:28.803 16402 16402 I NearbySettings: DMSUtil.isNetworkConnected - WIFI: CONNECTED
12-12 20:13:28.803 16402 16402 I NearbySettings: DMSUtil.isNetworkConnected - P2P: IDLE
12-12 20:13:28.803 16402 16402 I NearbySettings: DMSUtil.isNetworkConnected - ETH: IDLE
12-12 20:13:28.803 16402 16402 I NearbySettings: DMSUtil.isNetworkConnected - WIFI-true, Hotspot-false, P2P-false, Eth-false
12-12 20:13:28.803 16402 16402 I NearbySettings: MountReceiver.onReceive - Keep current state
12-12 20:13:28.893 16402 16402 D NearbySettings: MountReceiver.onReceive - ACTION: android.net.wifi.STATE_CHANGE
12-12 20:13:28.893 16402 16402 I NearbySettings: MountReceiver.onReceive - Keep current state
12-12 20:13:28.893   787   787 D SecSCTimeReceiver: onReceive : SecureClock Deactivate.
12-12 20:13:28.903 16506 16506 I SELinux : Function: selinux_android_load_priority [0], There is no sepolicy file.
12-12 20:13:28.903 16506 16506 I SELinux :  
12-12 20:13:28.903   242   242 I SurfaceFlinger: id=17 createSurf (1x1),1 flag=4, Uoast
