12-12 20:13:31.203 16063 16063 D dalvikvm: DexOpt: unable to opt direct call 0x0cb8 at 0x30 in Ldhl;.j
12-12 20:13:31.213 16063 16063 I dalvikvm: Could not find method android.os.PowerManager.isInteractive, referenced from method dhn.a
12-12 20:13:31.213 16063 16063 W dalvikvm: VFY: unable to resolve virtual method 4964: Landroid/os/PowerManager;.isInteractive ()Z
12-12 20:13:31.213 16063 16063 D dalvikvm: VFY: replacing opcode 0x6e at 0x0010
12-12 20:13:31.213 16063 16655 I CheckinUtil: Classify the device as Tablet.
12-12 20:13:31.223   787  8953 W ActivityManager: Permission Denial: getCurrentUser() from pid=16638, uid=10015 requires android.permission.INTERACT_ACROSS_USERS
12-12 20:13:31.233 16063 16655 W dalvikvm: VFY: unable to find class referenced in signature (Landroid/net/Network;)
12-12 20:13:31.233 16063 16655 I dalvikvm: Could not find method android.net.Network.openConnection, referenced from method rsp.a
12-12 20:13:31.233 16063 16655 W dalvikvm: VFY: unable to resolve virtual method 16338: Landroid/net/Network;.openConnection (Ljava/net/URL;)Ljava/net/URLConnection;
12-12 20:13:31.233 16063 16655 D dalvikvm: VFY: replacing opcode 0x6e at 0x00ab
12-12 20:13:31.233 16331 16445 I dalvikvm: Could not find method android.security.NetworkSecurityPolicy.getInstance, referenced from method com.google.android.gms.ads.internal.util.v.a
12-12 20:13:31.233 16331 16445 W dalvikvm: VFY: unable to resolve static method 5039: Landroid/security/NetworkSecurityPolicy;.getInstance ()Landroid/security/NetworkSecurityPolicy;
12-12 20:13:31.233 16331 16445 D dalvikvm: VFY: replacing opcode 0x71 at 0x00b1
12-12 20:13:31.243 16638 16638 D KLMS-2.3.164 : : KLMSValidator() : checkQATesting()
12-12 20:13:31.243 16063 16655 I dalvikvm: Could not find method android.os.PowerManager.isInteractive, referenced from method kfq.a
12-12 20:13:31.243 16063 16655 W dalvikvm: VFY: unable to resolve virtual method 4964: Landroid/os/PowerManager;.isInteractive ()Z
12-12 20:13:31.243 16063 16655 D dalvikvm: VFY: replacing opcode 0x6e at 0x0006
12-12 20:13:31.253 16331 16427 E ConfigFileUtils: Failed to read config file: /data/data/com.google.android.gms/app_chimera/current_fileapks.pb: open failed: ENOENT (No such file or directory)
12-12 20:13:31.253 16331 16427 E ConfigFileUtils: Failed to read config file: /data/data/com.google.android.gms/app_chimera/current_fileapks.pb: open failed: ENOENT (No such file or directory)
12-12 20:13:31.273 16663 16663 I SELinux : Function: selinux_android_load_priority [0], There is no sepolicy file.
12-12 20:13:31.273 16663 16663 I SELinux :  
12-12 20:13:31.273 16663 16663 I SELinux : Function: selinux_android_load_priority [1], There is no sepolicy version file.
12-12 20:13:31.273 16663 16663 I SELinux :  
12-12 20:13:31.273 16663 16663 I SELinux : Function: selinux_android_load_priority , priority version is VE=SEPF_SM-T530NU_4.4.2_0028
12-12 20:13:31.273 16663 16663 I SELinux :  
12-12 20:13:31.273 16663 16663 I SELinux :  
12-12 20:13:31.273 16663 16663 I SELinux : selinux_android_seapp_context_reload: seapp_contexts file is loaded from /seapp_contexts
12-12 20:13:31.283 16331 16428 I ChimeraConfigService: Scheduling checkin every 120 seconds, with flex of 60 seconds
12-12 20:13:31.313 16331 16438 I Fido    : [FidoInitIntentOperation] Initializing Fido module, InitRuntimeState=12
12-12 20:13:31.333 16063 16073 W ConfigurationChimeraPro: Got null configs for com.google.android.gms.constellation
12-12 20:13:31.393 16331 16445 E ConfigFileUtils: Failed to read config file: /data/data/com.google.android.gms/app_chimera/current_fileapks.pb: open failed: ENOENT (No such file or directory)
12-12 20:13:31.403 16331 16661 I Fitness : Module updated. Enabling [com.google.android.gms.fitness.service.wearable.WearableSyncMessageService, com.google.android.gms.fitness.service.wearable.WearableSyncAccountService, com.google.android.gms.fitness.service.wearable.WearableSyncConnectionService, com.google.android.gms.fitness.service.wearable.WearableSyncConfigService, com.google.android.gms.fitness.service.goals.FitGoalsBroker]
12-12 20:13:31.443 16663 16663 W dalvikvm: VFY: unable to resolve static field 937 (PR_SET_DUMPABLE) in Landroid/system/OsConstants;
12-12 20:13:31.443 16663 16663 D dalvikvm: VFY: replacing opcode 0x60 at 0x0009
12-12 20:13:31.453 16331 16423 I dalvikvm: Could not find method android.app.admin.DevicePolicyManager.isProfileOwnerApp, referenced from method gdu.b
12-12 20:13:31.453 16331 16423 W dalvikvm: VFY: unable to resolve virtual method 3247: Landroid/app/admin/DevicePolicyManager;.isProfileOwnerApp (Ljava/lang/String;)Z
12-12 20:13:31.453 16331 16423 D dalvikvm: VFY: replacing opcode 0x6e at 0x0011
12-12 20:13:31.453 16331 16423 I dalvikvm: Could not find method android.app.admin.DevicePolicyManager.getProfileOwner, referenced from method gdu.a
12-12 20:13:31.453 16331 16423 W dalvikvm: VFY: unable to resolve virtual method 3245: Landroid/app/admin/DevicePolicyManager;.getProfileOwner ()Landroid/content/ComponentName;
12-12 20:13:31.453 16331 16423 D dalvikvm: VFY: replacing opcode 0x6e at 0x0012
12-12 20:13:31.453 16331 16423 I dalvikvm: Could not find method android.accounts.AccountManager.removeAccountExplicitly, referenced from method fbn.a
12-12 20:13:31.453 16331 16423 W dalvikvm: VFY: unable to resolve virtual method 2866: Landroid/accounts/AccountManager;.removeAccountExplicitly (Landroid/accounts/Account;)Z
12-12 20:13:31.453 16331 16423 D dalvikvm: VFY: replacing opcode 0x6e at 0x000c
12-12 20:13:31.463 16331 16423 I dalvikvm: Could not find method android.accounts.AccountManager.addAccountExplicitly, referenced from method fbn.a
12-12 20:13:31.463 16331 16423 W dalvikvm: VFY: unable to resolve virtual method 2846: Landroid/accounts/AccountManager;.addAccountExplicitly (Landroid/accounts/Account;Ljava/lang/String;Landroid/os/Bundle;Ljava/util/Map;)Z
12-12 20:13:31.463 16331 16423 D dalvikvm: VFY: replacing opcode 0x6e at 0x0075
12-12 20:13:31.463 16331 16423 W ChimeraUtils: Non Chimera context
12-12 20:13:31.463 16638 16638 I KLMS-2.3.164 : : MainReciver() : EventNotificationReciver- method called: AppActivityListner onReceive for Intent Action : android.net.conn.CONNECTIVITY_CHANGE , timestamp: 1513109611456
12-12 20:13:31.473 16663 16663 W dalvikvm: VFY: unable to find class referenced in signature (Laqvj;)
12-12 20:13:31.473 16663 16663 W dalvikvm: VFY: unable to find class referenced in signature (Laqvj;)
12-12 20:13:31.473 16663 16663 W dalvikvm: VFY: unable to find class referenced in signature (Laqvj;)
12-12 20:13:31.473 16663 16663 W dalvikvm: VFY: unable to find class referenced in signature (Laqvj;)
12-12 20:13:31.483 16638 16638 I KLMS-2.3.164 : : KLMSUtility() : isNetworkAvailable() - WIFI : true| MOBILE : false
12-12 20:13:31.493 16663 16663 I dalvikvm: Could not find method android.content.Context.getSystemService, referenced from method ro.a
12-12 20:13:31.493 16663 16663 W dalvikvm: VFY: unable to resolve virtual method 1684: Landroid/content/Context;.getSystemService (Ljava/lang/Class;)Ljava/lang/Object;
12-12 20:13:31.493 16663 16663 D dalvikvm: VFY: replacing opcode 0x6e at 0x0008
12-12 20:13:31.493 16663 16663 I dalvikvm: Could not find method android.content.Context.createDeviceProtectedStorageContext, referenced from method jkx.a
12-12 20:13:31.493 16663 16663 W dalvikvm: VFY: unable to resolve virtual method 1659: Landroid/content/Context;.createDeviceProtectedStorageContext ()Landroid/content/Context;
12-12 20:13:31.493 16663 16663 D dalvikvm: VFY: replacing opcode 0x6e at 0x0029
12-12 20:13:31.493 16663 16663 I dalvikvm: Could not find method android.content.Context.getSystemService, referenced from method jkx.b
12-12 20:13:31.493 16663 16663 W dalvikvm: VFY: unable to resolve virtual method 1684: Landroid/content/Context;.getSystemService (Ljava/lang/Class;)Ljava/lang/Object;
12-12 20:13:31.493 16663 16663 D dalvikvm: VFY: replacing opcode 0x6e at 0x000b
12-12 20:13:31.503 16663 16663 I dalvikvm: Could not find method android.content.Context.isDeviceProtectedStorage, referenced from method zcx.a
12-12 20:13:31.503 16663 16663 W dalvikvm: VFY: unable to resolve virtual method 1689: Landroid/content/Context;.isDeviceProtectedStorage ()Z
12-12 20:13:31.503 16663 16663 D dalvikvm: VFY: replacing opcode 0x6e at 0x0009
12-12 20:13:31.503 16663 16663 I dalvikvm: Could not find method android.content.Context.isDeviceProtectedStorage, referenced from method zcx.c
12-12 20:13:31.503 16663 16663 W dalvikvm: VFY: unable to resolve virtual method 1689: Landroid/content/Context;.isDeviceProtectedStorage ()Z
12-12 20:13:31.503 16663 16663 D dalvikvm: VFY: replacing opcode 0x6e at 0x005d
12-12 20:13:31.503 16663 16663 I dalvikvm: Could not find method android.os.PowerManager.isInteractive, referenced from method jih.a
12-12 20:13:31.503 16663 16663 W dalvikvm: VFY: unable to resolve virtual method 2258: Landroid/os/PowerManager;.isInteractive ()Z
12-12 20:13:31.503 16663 16663 D dalvikvm: VFY: replacing opcode 0x6e at 0x0012
12-12 20:13:31.503 16663 16663 I dalvikvm: Could not find method android.content.ContextWrapper.createCredentialProtectedStorageContext, referenced from method com.google.android.chimera.ModuleContext.createCredentialProtectedStorageContext
12-12 20:13:31.503 16663 16663 W dalvikvm: VFY: unable to resolve virtual method 1708: Landroid/content/ContextWrapper;.createCredentialProtectedStorageContext ()Landroid/content/Context;
12-12 20:13:31.503 16663 16663 D dalvikvm: VFY: replacing opcode 0x6f at 0x0002
12-12 20:13:31.503 16663 16663 I dalvikvm: Could not find method android.content.ContextWrapper.createDeviceProtectedStorageContext, referenced from method com.google.android.chimera.ModuleContext.createDeviceProtectedStorageContext
12-12 20:13:31.503 16663 16663 W dalvikvm: VFY: unable to resolve virtual method 1709: Landroid/content/ContextWrapper;.createDeviceProtectedStorageContext ()Landroid/content/Context;
12-12 20:13:31.503 16663 16663 D dalvikvm: VFY: replacing opcode 0x6f at 0x0002
12-12 20:13:31.503 16663 16663 I dalvikvm: Could not find method android.content.Context.isCredentialProtectedStorage, referenced from method cqq.a
12-12 20:13:31.503 16663 16663 W dalvikvm: VFY: unable to resolve virtual method 1688: Landroid/content/Context;.isCredentialProtectedStorage ()Z
12-12 20:13:31.503 16663 16663 D dalvikvm: VFY: replacing opcode 0x6e at 0x0000
12-12 20:13:31.503 16663 16663 I dalvikvm: Could not find method android.os.UserManager.isUserUnlocked, referenced from method cqq.a
12-12 20:13:31.503 16663 16663 W dalvikvm: VFY: unable to resolve virtual method 2311: Landroid/os/UserManager;.isUserUnlocked ()Z
12-12 20:13:31.503 16663 16663 D dalvikvm: VFY: replacing opcode 0x6e at 0x001a
12-12 20:13:31.513 16663 16663 I dalvikvm: Could not find method android.content.Context.isDeviceProtectedStorage, referenced from method cqq.b
12-12 20:13:31.513 16663 16663 W dalvikvm: VFY: unable to resolve virtual method 1689: Landroid/content/Context;.isDeviceProtectedStorage ()Z
12-12 20:13:31.513 16663 16663 D dalvikvm: VFY: replacing opcode 0x6e at 0x0000
12-12 20:13:31.513 16663 16663 I dalvikvm: Could not find method android.content.Context.isDeviceProtectedStorage, referenced from method cqq.c
12-12 20:13:31.513 16663 16663 W dalvikvm: VFY: unable to resolve virtual method 1689: Landroid/content/Context;.isDeviceProtectedStorage ()Z
12-12 20:13:31.513 16663 16663 D dalvikvm: VFY: replacing opcode 0x6e at 0x0000
12-12 20:13:31.513 16663 16663 I MultiDex: VM with version 1.6.0 does not have multidex support
12-12 20:13:31.513 16663 16663 I MultiDex: install
12-12 20:13:31.513 16663 16663 I MultiDex: MultiDexExtractor.load(/data/app/com.google.android.gms-1317.apk, false)
12-12 20:13:31.513 16663 16663 I MultiDex: Blocking on lock /data/data/com.google.android.gms/code_cache/secondary-dexes/MultiDex.lock
12-12 20:13:31.513 16663 16663 I MultiDex: /data/data/com.google.android.gms/code_cache/secondary-dexes/MultiDex.lock locked
12-12 20:13:31.523 16663 16663 I MultiDex: loading existing secondary dex files
12-12 20:13:31.523 16663 16663 I MultiDex: load found 4 secondary dex files
12-12 20:13:31.533 16663 16663 I MultiDex: install done
12-12 20:13:31.543 16663 16663 I dalvikvm: Could not find method android.content.Context.isDeviceProtectedStorage, referenced from method kel.d
12-12 20:13:31.543 16663 16663 W dalvikvm: VFY: unable to resolve virtual method 1689: Landroid/content/Context;.isDeviceProtectedStorage ()Z
12-12 20:13:31.543 16663 16663 D dalvikvm: VFY: replacing opcode 0x6e at 0x0006
12-12 20:13:31.543 16663 16663 I dalvikvm: Could not find method android.os.UserHandle.isOwner, referenced from method kel.i
12-12 20:13:31.543 16663 16663 W dalvikvm: VFY: unable to resolve virtual method 2304: Landroid/os/UserHandle;.isOwner ()Z
12-12 20:13:31.543 16663 16663 D dalvikvm: VFY: replacing opcode 0x6e at 0x000a
12-12 20:13:31.553 16663 16663 I dalvikvm: Could not find method android.content.pm.PackageManager.isInstantApp, referenced from method kkc.a
12-12 20:13:31.553 16663 16663 W dalvikvm: VFY: unable to resolve virtual method 1808: Landroid/content/pm/PackageManager;.isInstantApp (Ljava/lang/String;)Z
12-12 20:13:31.553 16663 16663 D dalvikvm: VFY: replacing opcode 0x6e at 0x002d
12-12 20:13:31.573 16663 16663 I dalvikvm: Could not find method android.content.ContextWrapper.createCredentialProtectedStorageContext, referenced from method jwn.createCredentialProtectedStorageContext
12-12 20:13:31.573 16312 16316 D dalvikvm: GC_CONCURRENT freed 1021K, 50% free 7164K/14132K, paused 1ms+7ms, total 40ms
12-12 20:13:31.573 16663 16663 W dalvikvm: VFY: unable to resolve virtual method 1708: Landroid/content/ContextWrapper;.createCredentialProtectedStorageContext ()Landroid/content/Context;
12-12 20:13:31.573 16663 16663 D dalvikvm: VFY: replacing opcode 0x6f at 0x0002
12-12 20:13:31.573 16663 16663 I dalvikvm: Could not find method android.content.ContextWrapper.createDeviceProtectedStorageContext, referenced from method jwn.createDeviceProtectedStorageContext
12-12 20:13:31.573 16663 16663 W dalvikvm: VFY: unable to resolve virtual method 1709: Landroid/content/ContextWrapper;.createDeviceProtectedStorageContext ()Landroid/content/Context;
12-12 20:13:31.573 16663 16663 D dalvikvm: VFY: replacing opcode 0x6f at 0x0002
12-12 20:13:31.573 16663 16663 D dalvikvm: DexOpt: couldn't find static field Landroid/os/Build;.SUPPORTED_ABIS
12-12 20:13:31.573 16663 16663 W dalvikvm: VFY: unable to resolve static field 918 (SUPPORTED_ABIS) in Landroid/os/Build;
12-12 20:13:31.573 16663 16663 D dalvikvm: VFY: replacing opcode 0x62 at 0x0008
12-12 20:13:31.573 16663 16663 D dalvikvm: DexOpt: couldn't find static field Landroid/os/Build;.SUPPORTED_ABIS
12-12 20:13:31.573 16663 16663 W dalvikvm: VFY: unable to resolve static field 918 (SUPPORTED_ABIS) in Landroid/os/Build;
12-12 20:13:31.573 16663 16663 D dalvikvm: VFY: replacing opcode 0x62 at 0x0097
12-12 20:13:31.583 16663 16663 D dalvikvm: DexOpt: couldn't find field Landroid/content/pm/ApplicationInfo;.splitSourceDirs
12-12 20:13:31.583 16663 16663 W dalvikvm: VFY: unable to resolve instance field 849
12-12 20:13:31.583 16663 16663 D dalvikvm: VFY: replacing opcode 0x54 at 0x0053
12-12 20:13:31.583 16663 16663 D dalvikvm: DexOpt: couldn't find field Landroid/content/pm/ApplicationInfo;.splitSourceDirs
12-12 20:13:31.583 16663 16663 I dalvikvm: DexOpt: unable to optimize instance field ref 0x0351 at 0x57 in Lkgr;.d
12-12 20:13:31.583 16663 16663 D dalvikvm: Trying to load lib /data/app-lib/com.google.android.gms-1317/libgmscore.so 0x428ac230
12-12 20:13:31.583 16663 16663 D dalvikvm: Added shared lib /data/app-lib/com.google.android.gms-1317/libgmscore.so 0x428ac230
12-12 20:13:31.593 16663 16663 D dalvikvm: No JNI_OnLoad found in /data/app-lib/com.google.android.gms-1317/libgmscore.so 0x428ac230, skipping init
12-12 20:13:31.593 16663 16663 D dalvikvm: Trying to load lib /data/app-lib/com.google.android.gms-1317/libconscrypt_gmscore_jni.so 0x428ac230
12-12 20:13:31.593 16663 16663 D dalvikvm: Added shared lib /data/app-lib/com.google.android.gms-1317/libconscrypt_gmscore_jni.so 0x428ac230
12-12 20:13:31.593 16663 16663 V NativeCrypto: Registering com/google/android/gms/org/conscrypt/NativeCrypto's 276 native methods...
12-12 20:13:31.603 16663 16663 E dalvikvm: Could not find class 'javax.net.ssl.SNIServerName', referenced from method com.google.android.gms.org.conscrypt.Platform.getSniHostnameFromParams
12-12 20:13:31.603 16663 16663 W dalvikvm: VFY: unable to resolve check-cast 2222 (Ljavax/net/ssl/SNIServerName;) in Lcom/google/android/gms/org/conscrypt/Platform;
12-12 20:13:31.603 16663 16663 D dalvikvm: VFY: replacing opcode 0x1f at 0x0025
12-12 20:13:31.603 16663 16663 E dalvikvm: Could not find class 'javax.net.ssl.SNIHostName', referenced from method com.google.android.gms.org.conscrypt.Platform.setParametersSniHostname
12-12 20:13:31.603 16663 16663 W dalvikvm: VFY: unable to resolve new-instance 2221 (Ljavax/net/ssl/SNIHostName;) in Lcom/google/android/gms/org/conscrypt/Platform;
12-12 20:13:31.603 16663 16663 D dalvikvm: VFY: replacing opcode 0x22 at 0x0024
12-12 20:13:31.603 16663 16663 E dalvikvm: Could not find class 'javax.net.ssl.SNIHostName', referenced from method com.google.android.gms.org.conscrypt.Platform.setParametersSniHostname
12-12 20:13:31.603 16663 16663 W dalvikvm: VFY: unable to resolve new-instance 2221 (Ljavax/net/ssl/SNIHostName;) in Lcom/google/android/gms/org/conscrypt/Platform;
12-12 20:13:31.603 16663 16663 D dalvikvm: VFY: replacing opcode 0x22 at 0x0024
12-12 20:13:31.603 16663 16663 W dalvikvm: Unable to resolve superclass of Lcom/google/android/gms/org/conscrypt/DelegatingExtendedSSLSession; (2212)
12-12 20:13:31.603 16663 16663 W dalvikvm: Link of class 'Lcom/google/android/gms/org/conscrypt/DelegatingExtendedSSLSession;' failed
12-12 20:13:31.603 16663 16663 E dalvikvm: Could not find class 'com.google.android.gms.org.conscrypt.DelegatingExtendedSSLSession', referenced from method com.google.android.gms.org.conscrypt.Platform.unwrapSSLSession
12-12 20:13:31.603 16663 16663 W dalvikvm: VFY: unable to resolve instanceof 1304 (Lcom/google/android/gms/org/conscrypt/DelegatingExtendedSSLSession;) in Lcom/google/android/gms/org/conscrypt/Platform;
12-12 20:13:31.603 16663 16663 D dalvikvm: VFY: replacing opcode 0x20 at 0x0007
12-12 20:13:31.603   982   982 D STATUSBAR-NetworkController: refreshSignalCluster - setNWBoosterIndicators(false)
12-12 20:13:31.603   982   982 D STATUSBAR-NetworkController: refreshSignalCluster: data=-1 bt=false
12-12 20:13:31.613 16659 16659 D AndroidRuntime: 
12-12 20:13:31.613 16659 16659 D AndroidRuntime: >>>>>> AndroidRuntime START com.android.internal.os.RuntimeInit <<<<<<
12-12 20:13:31.613 16663 16663 W dalvikvm: Unable to resolve superclass of Lcom/google/android/gms/org/conscrypt/DelegatingExtendedSSLSession; (2212)
12-12 20:13:31.613 16663 16663 W dalvikvm: Link of class 'Lcom/google/android/gms/org/conscrypt/DelegatingExtendedSSLSession;' failed
12-12 20:13:31.613 16663 16663 E dalvikvm: Could not find class 'com.google.android.gms.org.conscrypt.DelegatingExtendedSSLSession', referenced from method com.google.android.gms.org.conscrypt.Platform.wrapSSLSession
12-12 20:13:31.613 16663 16663 W dalvikvm: VFY: unable to resolve new-instance 1304 (Lcom/google/android/gms/org/conscrypt/DelegatingExtendedSSLSession;) in Lcom/google/android/gms/org/conscrypt/Platform;
12-12 20:13:31.613 16663 16663 D dalvikvm: VFY: replacing opcode 0x22 at 0x0007
12-12 20:13:31.613 16663 16663 D dalvikvm: DexOpt: unable to opt direct call 0x3096 at 0x2a in Lcom/google/android/gms/org/conscrypt/Platform;.setParametersSniHostname
12-12 20:13:31.613 16659 16659 D AndroidRuntime: CheckJNI is OFF
12-12 20:13:31.613 16663 16663 D dalvikvm: DexOpt: unable to opt direct call 0x3096 at 0x2a in Lcom/google/android/gms/org/conscrypt/Platform;.setParametersSniHostname
12-12 20:13:31.613 16659 16659 D AndroidRuntime: setted country_code = USA
12-12 20:13:31.613 16663 16663 W dalvikvm: Unable to resolve superclass of Lcom/google/android/gms/org/conscrypt/DelegatingExtendedSSLSession; (2212)
12-12 20:13:31.613 16659 16659 D AndroidRuntime: setted countryiso_code = US
12-12 20:13:31.613 16663 16663 W dalvikvm: Link of class 'Lcom/google/android/gms/org/conscrypt/DelegatingExtendedSSLSession;' failed
12-12 20:13:31.613 16659 16659 D AndroidRuntime: setted sales_code = BNN
12-12 20:13:31.613 16659 16659 D AndroidRuntime: readGMSProperty: start
12-12 20:13:31.613 16659 16659 D AndroidRuntime: readGMSProperty: already setted!!
12-12 20:13:31.613 16663 16663 D dalvikvm: DexOpt: unable to opt direct call 0x1b67 at 0x09 in Lcom/google/android/gms/org/conscrypt/Platform;.wrapSSLSession
12-12 20:13:31.613 16659 16659 D AndroidRuntime: readGMSProperty: end
12-12 20:13:31.613 16659 16659 D AndroidRuntime: addProductProperty: start
12-12 20:13:31.623   982   982 D STATUSBAR-IconMerger: checkOverflow(1036), More:false, Req:false Child:3
12-12 20:13:31.633 16659 16659 D dalvikvm: Trying to load lib libjavacore.so 0x0
12-12 20:13:31.643 16659 16659 D dalvikvm: Added shared lib libjavacore.so 0x0
12-12 20:13:31.643 16659 16659 D dalvikvm: Trying to load lib libnativehelper.so 0x0
12-12 20:13:31.643 16659 16659 D dalvikvm: Added shared lib libnativehelper.so 0x0
12-12 20:13:31.643 16659 16659 D dalvikvm: No JNI_OnLoad found in libnativehelper.so 0x0, skipping init
12-12 20:13:31.673  1813  1818 D dalvikvm: GC_CONCURRENT freed 1918K, 62% free 7917K/20772K, paused 35ms+4ms, total 62ms
12-12 20:13:31.693 16063 16366 I GeofencerStateMachine: removeGeofences: removeRequest=RemoveGeofencingRequest[REMOVE_BY_PENDING_INTENT pendingIntent=PendingIntent[creatorPackage=com.google.android.gms], packageName=null]
12-12 20:13:31.703 16663 16663 D dalvikvm: Trying to load lib /data/app-lib/com.google.android.gms-1317/libgmscore.so 0x428ac230
12-12 20:13:31.703 16663 16663 D dalvikvm: Shared lib '/data/app-lib/com.google.android.gms-1317/libgmscore.so' already loaded in same CL 0x428ac230
12-12 20:13:31.703 16663 16663 D dalvikvm: Trying to load lib /data/app-lib/com.google.android.gms-1317/libconscrypt_gmscore_jni.so 0x428ac230
12-12 20:13:31.703 16663 16663 D dalvikvm: Shared lib '/data/app-lib/com.google.android.gms-1317/libconscrypt_gmscore_jni.so' already loaded in same CL 0x428ac230
12-12 20:13:31.703  1813  1813 D ShopWidgetController: intent received: android.net.conn.CONNECTIVITY_CHANGE
12-12 20:13:31.713 16063 16063 W ConfigurationChimeraPro: Got null configs for com.google.android.gms.fitness
12-12 20:13:31.723 16569 16585 I System.out: AsyncTask #1 calls detatch()
12-12 20:13:31.743 16693 16693 I SELinux : Function: selinux_android_load_priority [0], There is no sepolicy file.
12-12 20:13:31.743 16693 16693 I SELinux :  
12-12 20:13:31.743 16693 16693 I SELinux : Function: selinux_android_load_priority [1], There is no sepolicy version file.
12-12 20:13:31.743 16693 16693 I SELinux :  
12-12 20:13:31.743 16693 16693 I SELinux : Function: selinux_android_load_priority , priority version is VE=SEPF_SM-T530NU_4.4.2_0028
12-12 20:13:31.743 16693 16693 I SELinux :  
12-12 20:13:31.743 16693 16693 I SELinux :  
12-12 20:13:31.743 16693 16693 I SELinux : selinux_android_seapp_context_reload: seapp_contexts file is loaded from /seapp_contexts
12-12 20:13:31.753 16331 16662 I System.out: Thread-677(HTTPLog):isShipBuild true
12-12 20:13:31.753 16569 16585 W System.err: com.sec.android.fota.osp.http.RestClientException
12-12 20:13:31.783 16063 16655 W ConfigurationChimeraPro: Got null configs for com.google.android.gms.gcm
12-12 20:13:31.803 16663 16663 I ProviderInstaller: Installed default security provider GmsCore_OpenSSL
12-12 20:13:31.803 16331 16662 I System.out: Thread-677(HTTPLog):SmartBonding Enabling is false, SHIP_BUILD is true, log to file is false, DBG is false
12-12 20:13:31.803 16063 16655 I System.out: Thread-650(HTTPLog):isShipBuild true
12-12 20:13:31.803 16063 16655 I System.out: Thread-650(HTTPLog):SmartBonding Enabling is false, SHIP_BUILD is true, log to file is false, DBG is false
12-12 20:13:31.813 16569 16585 W System.err: 	at com.sec.android.fota.osp.http.RestClient.execute(RestClient.java:292)
12-12 20:13:31.813 16569 16585 W System.err: 	at com.sec.android.fotaclient.network.NetConnect$1.doInBackground(NetConnect.java:50)
12-12 20:13:31.813 16569 16585 W System.err: 	at com.sec.android.fotaclient.network.NetConnect$1.doInBackground(NetConnect.java:36)
12-12 20:13:31.813 16569 16585 W System.err: 	at android.os.AsyncTask$2.call(AsyncTask.java:288)
12-12 20:13:31.813 16569 16585 W System.err: 	at java.util.concurrent.FutureTask.run(FutureTask.java:237)
12-12 20:13:31.813 16569 16585 W System.err: 	at android.os.AsyncTask$SerialExecutor$1.run(AsyncTask.java:231)
12-12 20:13:31.813 16569 16585 W System.err: 	at java.util.concurrent.ThreadPoolExecutor.runWorker(ThreadPoolExecutor.java:1112)
12-12 20:13:31.813 16569 16585 W System.err: 	at java.util.concurrent.ThreadPoolExecutor$Worker.run(ThreadPoolExecutor.java:587)
12-12 20:13:31.813 16569 16585 W System.err: 	at java.lang.Thread.run(Thread.java:841)
12-12 20:13:31.813 16663 16663 I dalvikvm: Could not find method android.app.AppOpsManager.permissionToOp, referenced from method pq.a
12-12 20:13:31.813 16663 16663 W dalvikvm: VFY: unable to resolve static method 1450: Landroid/app/AppOpsManager;.permissionToOp (Ljava/lang/String;)Ljava/lang/String;
12-12 20:13:31.813 16663 16663 D dalvikvm: VFY: replacing opcode 0x71 at 0x000f
12-12 20:13:31.823 16663 16663 I dalvikvm: Could not find method android.content.Context.getSystemService, referenced from method pq.a
12-12 20:13:31.823 16663 16663 W dalvikvm: VFY: unable to resolve virtual method 1684: Landroid/content/Context;.getSystemService (Ljava/lang/Class;)Ljava/lang/Object;
12-12 20:13:31.823 16663 16663 D dalvikvm: VFY: replacing opcode 0x6e at 0x0030
12-12 20:13:31.823 16569 16585 W System.err: Caused by: java.lang.NullPointerException
12-12 20:13:31.823 16569 16585 W System.err: 	at com.sec.android.fota.osp.util.AuthUtil.normalizeUrl(AuthUtil.java:239)
12-12 20:13:31.833 16063 16373 W ConfigurationChimeraPro: Got null configs for com.google.android.gms
12-12 20:13:31.843 16569 16585 W System.err: 	at com.sec.android.fota.osp.util.AuthUtil.getSignSourceString(AuthUtil.java:157)
12-12 20:13:31.843 16569 16585 W System.err: 	at com.sec.android.fota.osp.util.HeaderUtil.generateAuthorizationHeader(HeaderUtil.java:124)
12-12 20:13:31.853 16569 16585 W System.err: 	at com.sec.android.fota.osp.http.RestClient.execute(RestClient.java:131)
12-12 20:13:31.853 16569 16585 W System.err: 	... 8 more
12-12 20:13:31.853 16659 16659 E memtrack: Couldn't load memtrack module (No such file or directory)
12-12 20:13:31.853 16659 16659 E android.os.Debug: failed to load memtrack module: -2
12-12 20:13:31.893 16659 16659 D dalvikvm: Note: class Landroid/app/ActivityManagerNative; has 192 unimplemented (abstract) methods
12-12 20:13:31.893 16331 16661 W ProviderHelper: Unknown dynamite feature flags
12-12 20:13:31.893 16331 16661 I DynamiteModule: Considering local module com.google.android.gms.flags:2 and remote module com.google.android.gms.flags:0
12-12 20:13:31.893 16331 16661 I DynamiteModule: Selected local version of com.google.android.gms.flags
12-12 20:13:31.893 16663 16663 I dalvikvm: Could not find method android.content.ContextWrapper.createCredentialProtectedStorageContext, referenced from method jia.createCredentialProtectedStorageContext
12-12 20:13:31.893 16663 16663 W dalvikvm: VFY: unable to resolve virtual method 1708: Landroid/content/ContextWrapper;.createCredentialProtectedStorageContext ()Landroid/content/Context;
12-12 20:13:31.893 16663 16663 D dalvikvm: VFY: replacing opcode 0x6f at 0x0002
12-12 20:13:31.893 16663 16663 I dalvikvm: Could not find method android.content.ContextWrapper.createDeviceProtectedStorageContext, referenced from method jia.createDeviceProtectedStorageContext
12-12 20:13:31.893 16663 16663 W dalvikvm: VFY: unable to resolve virtual method 1709: Landroid/content/ContextWrapper;.createDeviceProtectedStorageContext ()Landroid/content/Context;
12-12 20:13:31.893 16663 16663 D dalvikvm: VFY: replacing opcode 0x6f at 0x0002
12-12 20:13:31.913 16063 16655 W Conscrypt: Could not set socket write timeout:
12-12 20:13:31.913 16063 16655 W Conscrypt:    java.lang.reflect.Method.invokeNative(Native Method)
12-12 20:13:31.913 16063 16655 W Conscrypt:    java.lang.reflect.Method.invoke(Method.java:515)
12-12 20:13:31.923   982   982 D KeyguardUpdateMonitor: received broadcast android.intent.action.BATTERY_CHANGED
12-12 20:13:31.923   982   982 D KeyguardUpdateMonitor: handleBatteryUpdate
12-12 20:13:31.923  1775  1864 D HeadsetStateMachine: Disconnected process message: 10
12-12 20:13:31.923   787  6070 D BatteryService: level:100, scale:100, status:3, health:2, present:true, voltage: 4308, temperature: 255, technology: Li-ion, AC powered:false, USB powered:true, Wireless powered:false, icon:17303545, invalid charger:0, online:4, current avg:-169, charge type:2, power sharing:false
12-12 20:13:31.923   787   787 D BatteryService: Sending ACTION_BATTERY_CHANGED.
12-12 20:13:31.933 16331 16331 I dalvikvm: Could not find method android.content.Context.isDeviceProtectedStorage, referenced from method jsg.a
12-12 20:13:31.933 16331 16331 W dalvikvm: VFY: unable to resolve virtual method 3495: Landroid/content/Context;.isDeviceProtectedStorage ()Z
12-12 20:13:31.933 16331 16331 D dalvikvm: VFY: replacing opcode 0x6e at 0x02ca
12-12 20:13:31.933  1813  1813 D DeviceManagerBroadcastReceiver: Updated Battery Level: 100
12-12 20:13:31.933  1813  1813 D DeviceManagerBroadcastReceiver: Action: android.intent.action.BATTERY_CHANGED
12-12 20:13:31.933  1813  1813 D DeviceManagerBroadcastReceiver: Set Alarm: false
12-12 20:13:31.933   982   982 D STATUSBAR-PhoneStatusBar:  mBrightnessEnablebySettings = true mBrightnessEnablebyBattery = true mBrightnessEnablebyDisableFlag = true mPmsBrightnessEnablebySettings = true
12-12 20:13:31.933   982   982 D BatteryMeterView: ACTION_BATTERY_CHANGED : level:100 status:3 health:2
12-12 20:13:31.933   982   982 D STATUSBAR-IconMerger: checkOverflow(1036), More:false, Req:false Child:3
12-12 20:13:31.943 16331 16445 I dalvikvm: Could not find method android.system.Os.readlink, referenced from method cre.a
12-12 20:13:31.943 16331 16445 W dalvikvm: VFY: unable to resolve static method 2329: Landroid/system/Os;.readlink (Ljava/lang/String;)Ljava/lang/String;
12-12 20:13:31.943 16331 16445 D dalvikvm: VFY: replacing opcode 0x71 at 0x0000
12-12 20:13:31.943 16331 16445 I dalvikvm: Could not find method android.system.Os.stat, referenced from method cre.a
12-12 20:13:31.943 16331 16445 W dalvikvm: VFY: unable to resolve static method 2330: Landroid/system/Os;.stat (Ljava/lang/String;)Landroid/system/StructStat;
12-12 20:13:31.943 16331 16445 D dalvikvm: VFY: replacing opcode 0x71 at 0x0042
12-12 20:13:31.953 16331 16445 I dalvikvm: Could not find method android.system.Os.symlink, referenced from method cre.a
12-12 20:13:31.953 16331 16445 W dalvikvm: VFY: unable to resolve static method 2331: Landroid/system/Os;.symlink (Ljava/lang/String;Ljava/lang/String;)V
12-12 20:13:31.953 16331 16445 D dalvikvm: VFY: replacing opcode 0x71 at 0x013b
12-12 20:13:31.963 16659 16659 D AndroidRuntime: Calling main entry com.android.commands.pm.Pm
12-12 20:13:31.963 16331 16445 I dalvikvm: DexOpt: unable to optimize instance field ref 0x03b1 at 0x46 in Lcre;.a
12-12 20:13:31.963 16331 16445 I dalvikvm: DexOpt: unable to optimize static field ref 0x03ac at 0x48 in Lcre;.a
12-12 20:13:31.973 16331 16445 I dalvikvm: DexOpt: unable to optimize static field ref 0x03aa at 0x4a in Lcre;.a
12-12 20:13:31.973 16331 16445 I dalvikvm: DexOpt: unable to optimize static field ref 0x03ab at 0x4d in Lcre;.a
12-12 20:13:31.973 16331 16445 I dalvikvm: DexOpt: unable to optimize static field ref 0x03ad at 0x57 in Lcre;.a
12-12 20:13:31.973 16331 16445 I dalvikvm: DexOpt: unable to optimize static field ref 0x03b0 at 0x5f in Lcre;.a
12-12 20:13:31.973 16331 16445 I dalvikvm: DexOpt: unable to optimize static field ref 0x03ae at 0x61 in Lcre;.a
12-12 20:13:31.973 16331 16445 I dalvikvm: DexOpt: unable to optimize static field ref 0x03af at 0x64 in Lcre;.a
12-12 20:13:31.973 16331 16445 I dalvikvm: DexOpt: unable to optimize static field ref 0x03ac at 0x7f in Lcre;.a
12-12 20:13:31.973 16331 16445 I dalvikvm: DexOpt: unable to optimize static field ref 0x03b0 at 0x90 in Lcre;.a
12-12 20:13:31.993 16063 16066 D dalvikvm: GC_CONCURRENT freed 1375K, 46% free 7707K/14132K, paused 15ms+13ms, total 80ms
12-12 20:13:32.013 16663 16663 I dalvikvm: Could not find method android.content.pm.PackageManager.getPackageInstaller, referenced from method izp.a
12-12 20:13:32.013 16663 16663 W dalvikvm: VFY: unable to resolve virtual method 1801: Landroid/content/pm/PackageManager;.getPackageInstaller ()Landroid/content/pm/PackageInstaller;
12-12 20:13:32.013 16663 16663 D dalvikvm: VFY: replacing opcode 0x6e at 0x001c
12-12 20:13:32.023   787  6070 V PackageManager: Install from ADB
12-12 20:13:32.033   787  6070 D PackageManager: START_PACKAGE_INSTALL: observer{1128355808}
12-12 20:13:32.033   787  6070 D PackageManager:           PackageURI{file:///data/local/tmp/app-jVgQTX.apk}
12-12 20:13:32.033   787   886 D PackageManager: [MSG] INIT_COPY: observer{1128355808}
12-12 20:13:32.033   787   886 D PackageManager:           idx{0}
12-12 20:13:32.033   787   886 D PackageManager:           for_user{UserHandle{-1}}
12-12 20:13:32.033 16663 16663 E dalvikvm: Could not find class 'android.net.Network', referenced from method ncp.a
12-12 20:13:32.033 16663 16663 W dalvikvm: VFY: unable to resolve check-cast 970 (Landroid/net/Network;) in Lncp;
12-12 20:13:32.033 16663 16663 D dalvikvm: VFY: replacing opcode 0x1f at 0x0039
12-12 20:13:32.033   787   886 D PackageManager: Trying to bind to DefaultContainerService
12-12 20:13:32.043   787   787 D PackageManager: onServiceConnected
12-12 20:13:32.053 16063 16073 W ConfigurationChimeraPro: Got null configs for com.google.android.gms.droidguard
12-12 20:13:32.103   787   886 D PackageManager: [MSG] MCS_BOUND
12-12 20:13:32.103 16730 16730 I SELinux : Function: selinux_android_load_priority [0], There is no sepolicy file.
12-12 20:13:32.103 16730 16730 I SELinux :  
12-12 20:13:32.103 16730 16730 I SELinux : Function: selinux_android_load_priority [1], There is no sepolicy version file.
12-12 20:13:32.103 16730 16730 I SELinux :  
12-12 20:13:32.103 16730 16730 I SELinux : Function: selinux_android_load_priority , priority version is VE=SEPF_SM-T530NU_4.4.2_0028
12-12 20:13:32.103 16730 16730 I SELinux :  
12-12 20:13:32.103 16730 16730 I SELinux :  
12-12 20:13:32.103 16730 16730 I SELinux : selinux_android_seapp_context_reload: seapp_contexts file is loaded from /seapp_contexts
12-12 20:13:32.103   787   886 D PackageManager: [MSG] MCS_BOUND: observer{1128355808}
12-12 20:13:32.103   787   886 D PackageManager:           for_user{UserHandle{-1}}
12-12 20:13:32.113 16569 16711 W System.err: [DEBUG] GbaRequest - GbaRequest: Constructor Called 222 userAgent null
12-12 20:13:32.113 16569 16711 W System.err: [DEBUG] NafRequest - NafRequest: NafRequest constructor===useragent null
12-12 20:13:32.153 16063 16655 W Conscrypt: Could not set socket write timeout:
12-12 20:13:32.153 16063 16655 W Conscrypt:    java.lang.reflect.Method.invokeNative(Native Method)
12-12 20:13:32.153 16063 16655 W Conscrypt:    java.lang.reflect.Method.invoke(Method.java:515)
12-12 20:13:32.183 16331 16335 D dalvikvm: GC_CONCURRENT freed 1695K, 49% free 7216K/14132K, paused 11ms+4ms, total 83ms
12-12 20:13:32.183 16331 16743 D dalvikvm: WAIT_FOR_CONCURRENT_GC blocked 45ms
12-12 20:13:32.183 16331 16482 D dalvikvm: WAIT_FOR_CONCURRENT_GC blocked 50ms
12-12 20:13:32.183 16331 16678 D dalvikvm: WAIT_FOR_CONCURRENT_GC blocked 45ms
12-12 20:13:32.183 16331 16341 D dalvikvm: WAIT_FOR_CONCURRENT_GC blocked 48ms
12-12 20:13:32.183 16331 16661 D dalvikvm: WAIT_FOR_CONCURRENT_GC blocked 44ms
12-12 20:13:32.183 16331 16430 D dalvikvm: WAIT_FOR_CONCURRENT_GC blocked 50ms
12-12 20:13:32.193 16331 16662 D dalvikvm: WAIT_FOR_CONCURRENT_GC blocked 55ms
12-12 20:13:32.193 16331 16342 D dalvikvm: WAIT_FOR_CONCURRENT_GC blocked 57ms
12-12 20:13:32.203 16331 16728 D dalvikvm: WAIT_FOR_CONCURRENT_GC blocked 68ms
12-12 20:13:32.243 16331 16745 I Authzen : [PermitStore] Getting all permits...
12-12 20:13:32.263 16730 16730 I dalvikvm: Could not find method android.app.NotificationManager.deleteNotificationChannel, referenced from method com.google.android.apps.youtube.app.YouTubeApplication.onCreate
12-12 20:13:32.263 16730 16730 W dalvikvm: VFY: unable to resolve virtual method 30086: Landroid/app/NotificationManager;.deleteNotificationChannel (Ljava/lang/String;)V
12-12 20:13:32.263 16730 16730 D dalvikvm: VFY: replacing opcode 0x6e at 0x0552
12-12 20:13:32.273 16331 16745 I Authzen : [gal] Creating database auth.proximity.permit_store...
12-12 20:13:32.283  1099  1109 D dalvikvm: GC_EXPLICIT freed 377K, 62% free 5370K/14132K, paused 3ms+5ms, total 51ms
12-12 20:13:32.303 16331 16745 I Authzen : [gal] Opening database auth.proximity.permit_store...
12-12 20:13:32.323   787  6070 W ActivityManager: Permission Denial: getCurrentUser() from pid=16730, uid=10157 requires android.permission.INTERACT_ACROSS_USERS
12-12 20:13:32.373 16663 16727 I dalvikvm: Could not find method android.app.admin.DevicePolicyManager.getAccountTypesWithManagementDisabled, referenced from method kdz.g
12-12 20:13:32.373 16663 16727 W dalvikvm: VFY: unable to resolve virtual method 3242: Landroid/app/admin/DevicePolicyManager;.getAccountTypesWithManagementDisabled ()[Ljava/lang/String;
12-12 20:13:32.373 16663 16727 D dalvikvm: VFY: replacing opcode 0x6e at 0x002b
12-12 20:13:32.383   787   798 D PowerManagerService: [api] [s] userActivity : event: 0 flags: 0 (uid: 1000 pid: 787)
12-12 20:13:32.383   787   798 D PowerManagerService: [s] UserActivityState : 0 -> 1
12-12 20:13:32.383   787   798 D PowerManagerService: [api] release WakeLock flags=0x2000000a tag=WindowManager uid=1000 pid=787 (0x0)
12-12 20:13:32.383   787   798 D PowerManagerService: [api] applyWakeLockFlagsOnReleaseLocked : userActivityNoUpdateLocked is called : SCREEN_BRIGHT_WAKE_LOCK        'WindowManager' ON_AFTER_RELEASE (uid=1000, pid=787, ws=WorkSource{1000}) (elapsedTime=3473)
12-12 20:13:32.393 16749 16749 I SELinux : Function: selinux_android_load_priority [0], There is no sepolicy file.
12-12 20:13:32.393 16749 16749 I SELinux :  
12-12 20:13:32.393 16749 16749 I SELinux : Function: selinux_android_load_priority [1], There is no sepolicy version file.
12-12 20:13:32.393 16749 16749 I SELinux :  
12-12 20:13:32.393 16749 16749 I SELinux : Function: selinux_android_load_priority , priority version is VE=SEPF_SM-T530NU_4.4.2_0028
12-12 20:13:32.393 16749 16749 I SELinux :  
12-12 20:13:32.393 16749 16749 I SELinux :  
12-12 20:13:32.393 16749 16749 I SELinux : selinux_android_seapp_context_reload: seapp_contexts file is loaded from /seapp_contexts
12-12 20:13:32.423   243   243 D dalvikvm: GC_EXPLICIT freed 45K, 66% free 4879K/14132K, paused 2ms+3ms, total 24ms
12-12 20:13:32.443   243   243 D dalvikvm: GC_EXPLICIT freed <1K, 66% free 4879K/14132K, paused 2ms+3ms, total 21ms
12-12 20:13:32.463   243   243 D dalvikvm: GC_EXPLICIT freed <1K, 66% free 4879K/14132K, paused 2ms+3ms, total 26ms
12-12 20:13:32.503 16331 16661 I FontsSharedState: No directory on disk newer than version 0
12-12 20:13:32.503 16663 16727 I dalvikvm: Could not find method android.net.Network.openConnection, referenced from method nas.a
12-12 20:13:32.503 16663 16727 W dalvikvm: VFY: unable to resolve virtual method 4548: Landroid/net/Network;.openConnection (Ljava/net/URL;)Ljava/net/URLConnection;
12-12 20:13:32.503 16663 16727 D dalvikvm: VFY: replacing opcode 0x6e at 0x0010
12-12 20:13:32.523 16730 16766 I dalvikvm: Could not find method android.content.pm.PackageManager.getPackageInstaller, referenced from method luk.a
12-12 20:13:32.523 16730 16766 W dalvikvm: VFY: unable to resolve virtual method 30345: Landroid/content/pm/PackageManager;.getPackageInstaller ()Landroid/content/pm/PackageInstaller;
12-12 20:13:32.523 16730 16766 D dalvikvm: VFY: replacing opcode 0x6e at 0x0012
12-12 20:13:32.543 16730 16775 W YouTube : Fetching the Gservices key 'failsafe_clear_cache_release' before the end of the bulk initialization
12-12 20:13:32.563 16730 16767 W YouTube : Fetching the Gservices key 'disable_binder_callback_flush' before the end of the bulk initialization
12-12 20:13:32.563 16730 16768 I dalvikvm: Could not find method android.database.sqlite.SQLiteOpenHelper.setIdleConnectionTimeout, referenced from method rlu.<init>
12-12 20:13:32.563 16730 16768 W dalvikvm: VFY: unable to resolve virtual method 30516: Landroid/database/sqlite/SQLiteOpenHelper;.setIdleConnectionTimeout (J)V
12-12 20:13:32.563 16730 16768 D dalvikvm: VFY: replacing opcode 0x6e at 0x0022
12-12 20:13:32.603 16730 16764 I dalvikvm: Could not find method com.google.android.apps.youtube.app.WatchWhileActivity.isInMultiWindowMode, referenced from method com.google.android.apps.youtube.app.WatchWhileActivity.v
12-12 20:13:32.603 16730 16764 W dalvikvm: VFY: unable to resolve virtual method 25900: Lcom/google/android/apps/youtube/app/WatchWhileActivity;.isInMultiWindowMode ()Z
12-12 20:13:32.603 16730 16764 D dalvikvm: VFY: replacing opcode 0x6e at 0x0018
12-12 20:13:32.673   787   875 I ActivityManager: Waited long enough for: ServiceRecord{43be00a0 u0 com.nook.app/com.nook.connectivity.instore.InstoreService}
12-12 20:13:32.693 16730 16764 I dalvikvm: Could not find method cmg.isInPictureInPictureMode, referenced from method com.google.android.apps.youtube.app.WatchWhileActivity.isInPictureInPictureMode
12-12 20:13:32.693 16730 16764 W dalvikvm: VFY: unable to resolve virtual method 25418: Lcmg;.isInPictureInPictureMode ()Z
12-12 20:13:32.693 16730 16764 D dalvikvm: VFY: replacing opcode 0x6f at 0x0013
12-12 20:13:32.703   787   886 D PackageManager: copyApk
12-12 20:13:32.783 16331 16335 D dalvikvm: GC_CONCURRENT freed 1062K, 42% free 8256K/14132K, paused 11ms+20ms, total 136ms
12-12 20:13:32.823 16730 16764 E dalvikvm: Could not find class 'android.content.pm.ShortcutManager', referenced from method com.google.android.apps.youtube.app.WatchWhileActivity.onPostCreate
12-12 20:13:32.823 16730 16764 W dalvikvm: VFY: unable to resolve const-class 5374 (Landroid/content/pm/ShortcutManager;) in Lcom/google/android/apps/youtube/app/WatchWhileActivity;
12-12 20:13:32.823 16730 16764 D dalvikvm: VFY: replacing opcode 0x1c at 0x003f
12-12 20:13:32.823 16730 16764 I dalvikvm: Could not find method android.app.Activity.shouldShowRequestPermissionRationale, referenced from method com.google.android.apps.youtube.app.WatchWhileActivity.onRequestPermissionsResult
12-12 20:13:32.823 16730 16764 W dalvikvm: VFY: unable to resolve virtual method 15118: Landroid/app/Activity;.shouldShowRequestPermissionRationale (Ljava/lang/String;)Z
12-12 20:13:32.823 16730 16764 D dalvikvm: VFY: replacing opcode 0x6e at 0x0034
12-12 20:13:32.823 16730 16764 I dalvikvm: Could not find method cmg.isInPictureInPictureMode, referenced from method com.google.android.apps.youtube.app.WatchWhileActivity.onSaveInstanceState
12-12 20:13:32.823 16730 16764 W dalvikvm: VFY: unable to resolve virtual method 25418: Lcmg;.isInPictureInPictureMode ()Z
12-12 20:13:32.823 16730 16764 D dalvikvm: VFY: replacing opcode 0x6f at 0x0014
12-12 20:13:32.833 16730 16764 I dalvikvm: Could not find method android.app.Activity.isInPictureInPictureMode, referenced from method com.google.android.apps.youtube.app.WatchWhileActivity.onUserLeaveHint
12-12 20:13:32.833 16730 16764 W dalvikvm: VFY: unable to resolve virtual method 15095: Landroid/app/Activity;.isInPictureInPictureMode ()Z
12-12 20:13:32.833 16730 16764 D dalvikvm: VFY: replacing opcode 0x6e at 0x006d
12-12 20:13:32.833 16730 16764 I dalvikvm: Could not find method android.app.PictureInPictureParams$Builder.setSourceRectHint, referenced from method com.google.android.apps.youtube.app.WatchWhileActivity.onUserLeaveHint
12-12 20:13:32.833 16730 16764 W dalvikvm: VFY: unable to resolve virtual method 15261: Landroid/app/PictureInPictureParams$Builder;.setSourceRectHint (Landroid/graphics/Rect;)Landroid/app/PictureInPictureParams$Builder;
12-12 20:13:32.833 16730 16764 D dalvikvm: VFY: replacing opcode 0x6e at 0x0092
12-12 20:13:32.833 16730 16764 W dalvikvm: VFY: unable to find class referenced in signature (Landroid/app/assist/AssistContent;)
12-12 20:13:32.833 16730 16764 I dalvikvm: Could not find method cor.onProvideAssistContent, referenced from method cmg.onProvideAssistContent
12-12 20:13:32.833 16730 16764 W dalvikvm: VFY: unable to resolve virtual method 29375: Lcor;.onProvideAssistContent (Landroid/app/assist/AssistContent;)V
12-12 20:13:32.833 16730 16764 D dalvikvm: VFY: replacing opcode 0x6f at 0x0000
12-12 20:13:32.833 16331 16777 E SystemFontIndexJob: Parsing fonts.xml failed
12-12 20:13:32.833 16331 16777 E SystemFontIndexJob: java.io.FileNotFoundException: /system/etc/fonts.xml: open failed: ENOENT (No such file or directory)
12-12 20:13:32.833 16331 16777 E SystemFontIndexJob: 	at libcore.io.IoBridge.open(IoBridge.java:409)
12-12 20:13:32.833 16331 16777 E SystemFontIndexJob: 	at java.io.FileInputStream.<init>(FileInputStream.java:78)
12-12 20:13:32.833 16331 16777 E SystemFontIndexJob: 	at qeg.a(:com.google.android.gms@11951032:3)
12-12 20:13:32.833 16331 16777 E SystemFontIndexJob: 	at qek.run(:com.google.android.gms@11951032:3)
12-12 20:13:32.833 16331 16777 E SystemFontIndexJob: 	at kdf.run(:com.google.android.gms@11951032:26)
12-12 20:13:32.833 16331 16777 E SystemFontIndexJob: 	at java.util.concurrent.ThreadPoolExecutor.runWorker(ThreadPoolExecutor.java:1112)
12-12 20:13:32.833 16331 16777 E SystemFontIndexJob: 	at java.util.concurrent.ThreadPoolExecutor$Worker.run(ThreadPoolExecutor.java:587)
12-12 20:13:32.833 16331 16777 E SystemFontIndexJob: 	at kiq.run(:com.google.android.gms@11951032)
12-12 20:13:32.833 16331 16777 E SystemFontIndexJob: 	at java.lang.Thread.run(Thread.java:841)
12-12 20:13:32.833 16331 16777 E SystemFontIndexJob: Caused by: libcore.io.ErrnoException: open failed: ENOENT (No such file or directory)
12-12 20:13:32.833 16331 16777 E SystemFontIndexJob: 	at libcore.io.Posix.open(Native Method)
12-12 20:13:32.833 16331 16777 E SystemFontIndexJob: 	at libcore.io.BlockGuardOs.open(BlockGuardOs.java:110)
12-12 20:13:32.833 16331 16777 E SystemFontIndexJob: 	at libcore.io.IoBridge.open(IoBridge.java:393)
12-12 20:13:32.833 16331 16777 E SystemFontIndexJob: 	... 8 more
12-12 20:13:32.863 16063 16063 E dalvikvm: Could not find class 'android.net.NetworkRequest$Builder', referenced from method com.google.android.gms.gcm.GcmChimeraService.onCreate
12-12 20:13:32.863 16063 16063 W dalvikvm: VFY: unable to resolve new-instance 4244 (Landroid/net/NetworkRequest$Builder;) in Lcom/google/android/gms/gcm/GcmChimeraService;
12-12 20:13:32.863 16063 16063 D dalvikvm: VFY: replacing opcode 0x22 at 0x0171
12-12 20:13:32.873 16063 16063 D dalvikvm: DexOpt: unable to opt direct call 0x3fe1 at 0x173 in Lcom/google/android/gms/gcm/GcmChimeraService;.onCreate
12-12 20:13:32.873 16063 16063 W dalvikvm: Unable to resolve superclass of Lqnt; (4233)
12-12 20:13:32.873 16063 16063 W dalvikvm: Link of class 'Lqnt;' failed
12-12 20:13:32.873 16063 16063 D dalvikvm: DexOpt: unable to opt direct call 0x8fc8 at 0x188 in Lcom/google/android/gms/gcm/GcmChimeraService;.onCreate
12-12 20:13:32.893   787   886 I PackageManager: Copying native libraries to /data/app-lib/vmdl-1341100757
12-12 20:13:32.903 16063 16074 W ConfigurationChimeraPro: Got null configs for com.google.android.gms.gcm
12-12 20:13:32.903   787   886 I HarmonyEASService: Updating for all 1
12-12 20:13:32.903 16663 16727 I dalvikvm: Could not find method android.os.PowerManager.isInteractive, referenced from method kfq.a
12-12 20:13:32.903 16663 16727 W dalvikvm: VFY: unable to resolve virtual method 4964: Landroid/os/PowerManager;.isInteractive ()Z
12-12 20:13:32.903 16663 16727 D dalvikvm: VFY: replacing opcode 0x6e at 0x0006
12-12 20:13:32.903 16063 16063 I dalvikvm: Could not find method android.net.ConnectivityManager.reportNetworkConnectivity, referenced from method qpn.c
12-12 20:13:32.903 16063 16063 W dalvikvm: VFY: unable to resolve virtual method 16331: Landroid/net/ConnectivityManager;.reportNetworkConnectivity (Landroid/net/Network;Z)V
12-12 20:13:32.903 16063 16063 D dalvikvm: VFY: replacing opcode 0x6e at 0x000a
12-12 20:13:32.903   787   886 I PackageManager: remove MCS_UNBIND message and Posting MCS_UNBIND 10 secs later
12-12 20:13:32.913   787   886 D PackageManager: [MSG] PROCESS_PENDING_INSTALL: observer{1128355808}
12-12 20:13:32.913   787   886 D PackageManager: installPackageLI
12-12 20:13:32.933   242  1295 I SurfaceFlinger: id=17 Removed Uoast (8/8)
12-12 20:13:32.933   242   482 I SurfaceFlinger: id=17 Removed Uoast (-2/8)
12-12 20:13:32.943 16749 16749 E SPPClientService: ============PushLog. commonIsShipBuild. stop!
12-12 20:13:32.943 16749 16749 E SPPClientService: [PushClientApplication] Push log off : This is Ship build version
12-12 20:13:32.953 16749 16749 D SPPClientService: PushLog.txt file is not deleted.
12-12 20:13:32.953 16749 16749 D SPPClientService: PushLog.txt file is not deleted.
12-12 20:13:32.953 16749 16749 D SPPClientService: ============PushLog. stop!
12-12 20:13:32.953 16730 16768 I dalvikvm: Could not find method android.content.ContextWrapper.createCredentialProtectedStorageContext, referenced from method imo.createCredentialProtectedStorageContext
