12-12 20:13:28.903 16506 16506 I SELinux : Function: selinux_android_load_priority [1], There is no sepolicy version file.
12-12 20:13:28.903 16506 16506 I SELinux :  
12-12 20:13:28.903 16506 16506 I SELinux : Function: selinux_android_load_priority , priority version is VE=SEPF_SM-T530NU_4.4.2_0028
12-12 20:13:28.903 16506 16506 I SELinux :  
12-12 20:13:28.903 16506 16506 I SELinux :  
12-12 20:13:28.903 16506 16506 I SELinux : selinux_android_seapp_context_reload: seapp_contexts file is loaded from /seapp_contexts
12-12 20:13:28.913   787  1221 D PowerManagerService: [api] acquire WakeLock flags=0x2000000a tag=WindowManager uid=1000 pid=787
12-12 20:13:28.913   787   895 D DisplayPowerController: animation target = 20 (PSM:false, AB limit:(-1 ~ -1) MB Limit:(-1 ~ -1) MAdj:(0, (0, 255)))
12-12 20:13:28.913 16506 16506 I dalvikvm: Enabling JNI app bug workarounds for target SDK version 8...
12-12 20:13:28.913   787   895 D PowerManagerService: [s] mDisplayPowerControllerCallbacks : onStateChanged()
12-12 20:13:28.923   787   895 D RampAnimator: Light Animator Finished currentValue=20
12-12 20:13:28.933   787   996 D lights  : lcd : 20 +
12-12 20:13:28.933   787   996 D lights  : lcd : 20 -
12-12 20:13:28.973 16331 16423 I dalvikvm: Could not find method lm.getMediaController, referenced from method com.google.android.chimera.Activity.getMediaController
12-12 20:13:28.973 16331 16423 W dalvikvm: VFY: unable to resolve virtual method 15382: Llm;.getMediaController ()Landroid/media/session/MediaController;
12-12 20:13:28.973 16331 16423 D dalvikvm: VFY: replacing opcode 0x6e at 0x0002
12-12 20:13:28.973 16063 16073 W ConfigurationChimeraPro: Got null configs for com.google.android.gms.clearcut.public
12-12 20:13:28.973 16331 16423 I dalvikvm: Could not find method lm.getSearchEvent, referenced from method com.google.android.chimera.Activity.getSearchEvent
12-12 20:13:28.973 16331 16423 W dalvikvm: VFY: unable to resolve virtual method 15388: Llm;.getSearchEvent ()Landroid/view/SearchEvent;
12-12 20:13:28.973 16331 16423 D dalvikvm: VFY: replacing opcode 0x6e at 0x0002
12-12 20:13:28.973 16331 16423 W dalvikvm: VFY: unable to find class referenced in signature (Landroid/app/VoiceInteractor;)
12-12 20:13:28.983 16331 16423 W dalvikvm: VFY: unable to find class referenced in signature (Landroid/app/VoiceInteractor;)
12-12 20:13:28.983 16331 16423 W dalvikvm: VFY: unable to find class referenced in signature (Landroid/os/PersistableBundle;)
12-12 20:13:28.993 16331 16423 W dalvikvm: VFY: unable to find class referenced in signature (Landroid/os/PersistableBundle;)
12-12 20:13:29.003 16331 16423 W dalvikvm: VFY: unable to find class referenced in signature (Landroid/os/PersistableBundle;)
12-12 20:13:29.003 16331 16423 W dalvikvm: VFY: unable to find class referenced in signature (Landroid/os/PersistableBundle;)
12-12 20:13:29.003 16331 16423 W dalvikvm: VFY: unable to find class referenced in signature (Landroid/app/assist/AssistContent;)
12-12 20:13:29.003 16331 16423 W dalvikvm: VFY: unable to find class referenced in signature (Landroid/app/assist/AssistContent;)
12-12 20:13:29.013 16331 16461 I Icing   : Begin CorpusMap migration to native corpus schema store.
12-12 20:13:29.013 16331 16423 W dalvikvm: VFY: unable to find class referenced in signature (Landroid/os/PersistableBundle;)
12-12 20:13:29.013 16331 16423 W dalvikvm: VFY: unable to find class referenced in signature (Landroid/os/PersistableBundle;)
12-12 20:13:29.013 16331 16423 W dalvikvm: VFY: unable to find class referenced in signature (Landroid/os/PersistableBundle;)
12-12 20:13:29.013 16331 16426 I Ads     : Parental control value is stale. Refreshing.
12-12 20:13:29.023 16331 16426 W Ads     : Play store is not installed or the service for parental controls is not available.
12-12 20:13:29.023 16331 16423 W dalvikvm: VFY: unable to find class referenced in signature (Landroid/os/PersistableBundle;)
12-12 20:13:29.023 16331 16423 W dalvikvm: VFY: unable to find class referenced in signature (Landroid/view/SearchEvent;)
12-12 20:13:29.023 16331 16423 W dalvikvm: VFY: unable to find class referenced in signature (Landroid/view/SearchEvent;)
12-12 20:13:29.033 16331 16423 I dalvikvm: Could not find method lm.requestPermissions, referenced from method com.google.android.chimera.Activity.requestPermissions
12-12 20:13:29.033 16331 16423 W dalvikvm: VFY: unable to resolve virtual method 15493: Llm;.requestPermissions ([Ljava/lang/String;I)V
12-12 20:13:29.033 16331 16423 D dalvikvm: VFY: replacing opcode 0x6e at 0x0002
12-12 20:13:29.033 16331 16423 W dalvikvm: VFY: unable to find class referenced in signature (Landroid/media/session/MediaController;)
12-12 20:13:29.033 16331 16423 I dalvikvm: Could not find method lm.setMediaController, referenced from method com.google.android.chimera.Activity.setMediaController
12-12 20:13:29.033 16331 16423 W dalvikvm: VFY: unable to resolve virtual method 15507: Llm;.setMediaController (Landroid/media/session/MediaController;)V
12-12 20:13:29.033 16331 16423 D dalvikvm: VFY: replacing opcode 0x6e at 0x0002
12-12 20:13:29.083 16331 16426 I Ads     : Initialized AdMob in container 11.9.51 (032-177350961)
12-12 20:13:29.243 16331 16335 D dalvikvm: GC_CONCURRENT freed 1925K, 56% free 6289K/14132K, paused 14ms+5ms, total 177ms
12-12 20:13:29.243 16331 16331 D dalvikvm: WAIT_FOR_CONCURRENT_GC blocked 15ms
12-12 20:13:29.243 16331 16526 D dalvikvm: WAIT_FOR_CONCURRENT_GC blocked 14ms
12-12 20:13:29.253 16331 16461 D dalvikvm: WAIT_FOR_CONCURRENT_GC blocked 23ms
12-12 20:13:29.253 16506 16506 I PCWCLIENTTRACE_PushUtil: SPPPushClient is installed : true
12-12 20:13:29.253 16506 16506 I PCWCLIENTTRACE_PushUtil: sales region : global
12-12 20:13:29.253 16506 16506 I PCWCLIENTTRACE_PushUtil: getPushTypeList : [SPP, GCM]
12-12 20:13:29.263 16506 16506 I PCWCLIENTTRACE_LOG: DEFAULT_LOGON : true
12-12 20:13:29.263 16506 16506 I PCWCLIENTTRACE_LOG: DEFAULT_LOGLEVEL : 3
12-12 20:13:29.263 16506 16506 I PCWCLIENTTRACE_SYSTEMReceiver: [onReceive] - android.net.conn.CONNECTIVITY_CHANGE
12-12 20:13:29.273 16527 16527 I SELinux : Function: selinux_android_load_priority [0], There is no sepolicy file.
12-12 20:13:29.273 16527 16527 I SELinux :  
12-12 20:13:29.273 16527 16527 I SELinux : Function: selinux_android_load_priority [1], There is no sepolicy version file.
12-12 20:13:29.273 16527 16527 I SELinux :  
12-12 20:13:29.273 16527 16527 I SELinux : Function: selinux_android_load_priority , priority version is VE=SEPF_SM-T530NU_4.4.2_0028
12-12 20:13:29.273 16527 16527 I SELinux :  
12-12 20:13:29.273 16527 16527 I SELinux :  
12-12 20:13:29.273 16527 16527 I SELinux : selinux_android_seapp_context_reload: seapp_contexts file is loaded from /seapp_contexts
12-12 20:13:29.303 16331 16331 I dalvikvm: Could not find method android.content.Context.checkSelfPermission, referenced from method jwb.a
12-12 20:13:29.303 16331 16331 W dalvikvm: VFY: unable to resolve virtual method 1657: Landroid/content/Context;.checkSelfPermission (Ljava/lang/String;)I
12-12 20:13:29.323 16331 16331 D dalvikvm: VFY: replacing opcode 0x6e at 0x0034
12-12 20:13:29.323 16331 16331 I dalvikvm: Failed resolving Ljwc; interface 782 'Landroid/content/pm/PackageManager$OnPermissionsChangedListener;'
12-12 20:13:29.323 16331 16331 W dalvikvm: Link of class 'Ljwc;' failed
12-12 20:13:29.333 16331 16331 E dalvikvm: Could not find class 'jwc', referenced from method jwb.a
12-12 20:13:29.333 16331 16331 W dalvikvm: VFY: unable to resolve new-instance 2609 (Ljwc;) in Ljwb;
12-12 20:13:29.343 16331 16331 D dalvikvm: VFY: replacing opcode 0x22 at 0x0000
12-12 20:13:29.343 16331 16331 I dalvikvm: Failed resolving Ljwc; interface 782 'Landroid/content/pm/PackageManager$OnPermissionsChangedListener;'
12-12 20:13:29.343 16331 16331 W dalvikvm: Link of class 'Ljwc;' failed
12-12 20:13:29.353 16331 16331 D dalvikvm: DexOpt: unable to opt direct call 0x37c7 at 0x02 in Ljwb;.a
12-12 20:13:29.443 16523 16523 D AndroidRuntime: 
12-12 20:13:29.443 16523 16523 D AndroidRuntime: >>>>>> AndroidRuntime START com.android.internal.os.RuntimeInit <<<<<<
12-12 20:13:29.443 16523 16523 D AndroidRuntime: CheckJNI is OFF
12-12 20:13:29.443 16523 16523 D AndroidRuntime: setted country_code = USA
12-12 20:13:29.443 16523 16523 D AndroidRuntime: setted countryiso_code = US
12-12 20:13:29.443 16523 16523 D AndroidRuntime: setted sales_code = BNN
12-12 20:13:29.443 16523 16523 D AndroidRuntime: readGMSProperty: start
12-12 20:13:29.443 16523 16523 D AndroidRuntime: readGMSProperty: already setted!!
12-12 20:13:29.443 16523 16523 D AndroidRuntime: readGMSProperty: end
12-12 20:13:29.443 16523 16523 D AndroidRuntime: addProductProperty: start
12-12 20:13:29.463 16523 16523 D dalvikvm: Trying to load lib libjavacore.so 0x0
12-12 20:13:29.473 16523 16523 D dalvikvm: Added shared lib libjavacore.so 0x0
12-12 20:13:29.473 16523 16523 D dalvikvm: Trying to load lib libnativehelper.so 0x0
12-12 20:13:29.473 16523 16523 D dalvikvm: Added shared lib libnativehelper.so 0x0
12-12 20:13:29.473 16523 16523 D dalvikvm: No JNI_OnLoad found in libnativehelper.so 0x0, skipping init
12-12 20:13:29.503 16331 16461 I Icing   : updateResources: need to parse rwo{com.google.android.gms}
12-12 20:13:29.563 16331 16426 I dalvikvm: Could not find method android.app.AlarmManager.cancel, referenced from method kah.a
12-12 20:13:29.563 16331 16426 W dalvikvm: VFY: unable to resolve virtual method 3008: Landroid/app/AlarmManager;.cancel (Landroid/app/AlarmManager$OnAlarmListener;)V
12-12 20:13:29.563 16331 16426 D dalvikvm: VFY: replacing opcode 0x6e at 0x0002
12-12 20:13:29.573 16331 16426 I dalvikvm: Could not find method android.app.AlarmManager.set, referenced from method kah.a
12-12 20:13:29.573 16331 16426 W dalvikvm: VFY: unable to resolve virtual method 3010: Landroid/app/AlarmManager;.set (IJJJLandroid/app/AlarmManager$OnAlarmListener;Landroid/os/Handler;Landroid/os/WorkSource;)V
12-12 20:13:29.573 16331 16426 D dalvikvm: VFY: replacing opcode 0x74 at 0x0018
12-12 20:13:29.573 16331 16426 I dalvikvm: Could not find method android.app.AlarmManager.setExactAndAllowWhileIdle, referenced from method kah.a
12-12 20:13:29.573 16331 16426 W dalvikvm: VFY: unable to resolve virtual method 3014: Landroid/app/AlarmManager;.setExactAndAllowWhileIdle (IJLandroid/app/PendingIntent;)V
12-12 20:13:29.573 16331 16426 D dalvikvm: VFY: replacing opcode 0x6e at 0x0011
12-12 20:13:29.573 16331 16426 I dalvikvm: Could not find method android.app.AlarmManager.setAndAllowWhileIdle, referenced from method kah.a
12-12 20:13:29.573 16331 16426 W dalvikvm: VFY: unable to resolve virtual method 3013: Landroid/app/AlarmManager;.setAndAllowWhileIdle (IJLandroid/app/PendingIntent;)V
12-12 20:13:29.573 16331 16426 D dalvikvm: VFY: replacing opcode 0x6e at 0x0010
12-12 20:13:29.573   787  3211 W ActivityManager: Permission Denial: getCurrentUser() from pid=16527, uid=10001 requires android.permission.INTERACT_ACROSS_USERS
12-12 20:13:29.583 16548 16548 I SELinux : Function: selinux_android_load_priority [0], There is no sepolicy file.
12-12 20:13:29.583 16548 16548 I SELinux :  
12-12 20:13:29.583 16548 16548 I SELinux : Function: selinux_android_load_priority [1], There is no sepolicy version file.
12-12 20:13:29.583 16548 16548 I SELinux :  
12-12 20:13:29.583 16548 16548 I SELinux : Function: selinux_android_load_priority , priority version is VE=SEPF_SM-T530NU_4.4.2_0028
12-12 20:13:29.583 16548 16548 I SELinux :  
12-12 20:13:29.583 16548 16548 I SELinux :  
12-12 20:13:29.583 16548 16548 I SELinux : selinux_android_seapp_context_reload: seapp_contexts file is loaded from /seapp_contexts
12-12 20:13:29.603   982   982 D STATUSBAR-NetworkController: refreshSignalCluster - setNWBoosterIndicators(false)
12-12 20:13:29.603   982   982 D STATUSBAR-NetworkController: refreshSignalCluster: data=-1 bt=false
12-12 20:13:29.613   982   982 D STATUSBAR-IconMerger: checkOverflow(1036), More:false, Req:false Child:3
12-12 20:13:29.683 16523 16523 E memtrack: Couldn't load memtrack module (No such file or directory)
12-12 20:13:29.683 16523 16523 E android.os.Debug: failed to load memtrack module: -2
12-12 20:13:29.693 16548 16548 I DBG_DIAGMONDM: [1.140521.0521][Line:472][xdmGetCheckWifiOnlyModel] isWifiOnly : true
12-12 20:13:29.723 16523 16523 D dalvikvm: Note: class Landroid/app/ActivityManagerNative; has 192 unimplemented (abstract) methods
12-12 20:13:29.733 16312 16312 W dalvikvm: VFY: unable to resolve static field 937 (PR_SET_DUMPABLE) in Landroid/system/OsConstants;
12-12 20:13:29.733 16312 16312 D dalvikvm: VFY: replacing opcode 0x60 at 0x0009
12-12 20:13:29.733 16331 16426 I Auth    : [WorkAccount] update authenticator enabled for boot or update
12-12 20:13:29.763 16548 16548 I DBG_DIAGMONDM: [1.140521.0521][Line:48][onCreate] myUserId : 0
12-12 20:13:29.763 16063 16074 W ConfigurationChimeraPro: Got null configs for com.google.android.gms.auth.account.base
12-12 20:13:29.763 16548 16548 I DBG_DIAGMONDM: [1.140521.0521][Line:377][xdbDMffs_Init] 
12-12 20:13:29.773 16312 16312 W dalvikvm: VFY: unable to find class referenced in signature (Laqvj;)
12-12 20:13:29.773 16312 16312 W dalvikvm: VFY: unable to find class referenced in signature (Laqvj;)
12-12 20:13:29.773 16312 16312 W dalvikvm: VFY: unable to find class referenced in signature (Laqvj;)
12-12 20:13:29.773 16312 16312 W dalvikvm: VFY: unable to find class referenced in signature (Laqvj;)
12-12 20:13:29.773 16312 16312 I dalvikvm: Could not find method android.content.Context.getSystemService, referenced from method ro.a
12-12 20:13:29.773 16312 16312 W dalvikvm: VFY: unable to resolve virtual method 1684: Landroid/content/Context;.getSystemService (Ljava/lang/Class;)Ljava/lang/Object;
12-12 20:13:29.773 16312 16312 D dalvikvm: VFY: replacing opcode 0x6e at 0x0008
12-12 20:13:29.783 16312 16312 I dalvikvm: Could not find method android.content.Context.createDeviceProtectedStorageContext, referenced from method jkx.a
12-12 20:13:29.783 16312 16312 W dalvikvm: VFY: unable to resolve virtual method 1659: Landroid/content/Context;.createDeviceProtectedStorageContext ()Landroid/content/Context;
12-12 20:13:29.783 16312 16312 D dalvikvm: VFY: replacing opcode 0x6e at 0x0029
12-12 20:13:29.783 16312 16312 I dalvikvm: Could not find method android.content.Context.getSystemService, referenced from method jkx.b
12-12 20:13:29.783 16312 16312 W dalvikvm: VFY: unable to resolve virtual method 1684: Landroid/content/Context;.getSystemService (Ljava/lang/Class;)Ljava/lang/Object;
12-12 20:13:29.783 16312 16312 D dalvikvm: VFY: replacing opcode 0x6e at 0x000b
12-12 20:13:29.783 16312 16312 I dalvikvm: Could not find method android.content.Context.isDeviceProtectedStorage, referenced from method zcx.a
12-12 20:13:29.783 16312 16312 W dalvikvm: VFY: unable to resolve virtual method 1689: Landroid/content/Context;.isDeviceProtectedStorage ()Z
12-12 20:13:29.783 16312 16312 D dalvikvm: VFY: replacing opcode 0x6e at 0x0009
12-12 20:13:29.783 16312 16312 I dalvikvm: Could not find method android.content.Context.isDeviceProtectedStorage, referenced from method zcx.c
12-12 20:13:29.783 16312 16312 W dalvikvm: VFY: unable to resolve virtual method 1689: Landroid/content/Context;.isDeviceProtectedStorage ()Z
12-12 20:13:29.783 16523 16523 D AndroidRuntime: Calling main entry com.android.commands.pm.Pm
12-12 20:13:29.783 16312 16312 D dalvikvm: VFY: replacing opcode 0x6e at 0x005d
12-12 20:13:29.783 16312 16312 I dalvikvm: Could not find method android.os.PowerManager.isInteractive, referenced from method jih.a
12-12 20:13:29.783 16312 16312 W dalvikvm: VFY: unable to resolve virtual method 2258: Landroid/os/PowerManager;.isInteractive ()Z
12-12 20:13:29.783 16312 16312 D dalvikvm: VFY: replacing opcode 0x6e at 0x0012
12-12 20:13:29.803 16312 16312 I dalvikvm: Could not find method android.content.ContextWrapper.createCredentialProtectedStorageContext, referenced from method com.google.android.chimera.ModuleContext.createCredentialProtectedStorageContext
12-12 20:13:29.803 16312 16312 W dalvikvm: VFY: unable to resolve virtual method 1708: Landroid/content/ContextWrapper;.createCredentialProtectedStorageContext ()Landroid/content/Context;
12-12 20:13:29.803 16312 16312 D dalvikvm: VFY: replacing opcode 0x6f at 0x0002
12-12 20:13:29.803 16312 16312 I dalvikvm: Could not find method android.content.ContextWrapper.createDeviceProtectedStorageContext, referenced from method com.google.android.chimera.ModuleContext.createDeviceProtectedStorageContext
12-12 20:13:29.803 16312 16312 W dalvikvm: VFY: unable to resolve virtual method 1709: Landroid/content/ContextWrapper;.createDeviceProtectedStorageContext ()Landroid/content/Context;
12-12 20:13:29.803 16312 16312 D dalvikvm: VFY: replacing opcode 0x6f at 0x0002
12-12 20:13:29.803 16312 16312 I dalvikvm: Could not find method android.content.Context.isCredentialProtectedStorage, referenced from method cqq.a
12-12 20:13:29.803 16312 16312 W dalvikvm: VFY: unable to resolve virtual method 1688: Landroid/content/Context;.isCredentialProtectedStorage ()Z
12-12 20:13:29.803 16312 16312 D dalvikvm: VFY: replacing opcode 0x6e at 0x0000
12-12 20:13:29.803 16312 16312 I dalvikvm: Could not find method android.os.UserManager.isUserUnlocked, referenced from method cqq.a
12-12 20:13:29.803 16312 16312 W dalvikvm: VFY: unable to resolve virtual method 2311: Landroid/os/UserManager;.isUserUnlocked ()Z
12-12 20:13:29.803 16312 16312 D dalvikvm: VFY: replacing opcode 0x6e at 0x001a
12-12 20:13:29.803 16312 16312 I dalvikvm: Could not find method android.content.Context.isDeviceProtectedStorage, referenced from method cqq.b
12-12 20:13:29.803 16312 16312 W dalvikvm: VFY: unable to resolve virtual method 1689: Landroid/content/Context;.isDeviceProtectedStorage ()Z
12-12 20:13:29.803 16312 16312 D dalvikvm: VFY: replacing opcode 0x6e at 0x0000
12-12 20:13:29.803 16312 16312 I dalvikvm: Could not find method android.content.Context.isDeviceProtectedStorage, referenced from method cqq.c
12-12 20:13:29.803 16312 16312 W dalvikvm: VFY: unable to resolve virtual method 1689: Landroid/content/Context;.isDeviceProtectedStorage ()Z
12-12 20:13:29.803 16312 16312 D dalvikvm: VFY: replacing opcode 0x6e at 0x0000
12-12 20:13:29.813 16312 16312 I MultiDex: VM with version 1.6.0 does not have multidex support
12-12 20:13:29.813 16312 16312 I MultiDex: install
12-12 20:13:29.813 16312 16312 I MultiDex: MultiDexExtractor.load(/data/app/com.google.android.gms-1317.apk, false)
12-12 20:13:29.823 16312 16312 I MultiDex: Blocking on lock /data/data/com.google.android.gms/code_cache/secondary-dexes/MultiDex.lock
12-12 20:13:29.823 16312 16312 I MultiDex: /data/data/com.google.android.gms/code_cache/secondary-dexes/MultiDex.lock locked
12-12 20:13:29.853 16312 16312 I MultiDex: loading existing secondary dex files
12-12 20:13:29.853 16312 16312 I MultiDex: load found 4 secondary dex files
12-12 20:13:29.863 16312 16312 I MultiDex: install done
12-12 20:13:29.883 16312 16312 I dalvikvm: Could not find method android.content.Context.isDeviceProtectedStorage, referenced from method kel.d
12-12 20:13:29.883 16312 16312 W dalvikvm: VFY: unable to resolve virtual method 1689: Landroid/content/Context;.isDeviceProtectedStorage ()Z
12-12 20:13:29.883 16312 16312 D dalvikvm: VFY: replacing opcode 0x6e at 0x0006
12-12 20:13:29.883 16312 16312 I dalvikvm: Could not find method android.os.UserHandle.isOwner, referenced from method kel.i
12-12 20:13:29.883 16312 16312 W dalvikvm: VFY: unable to resolve virtual method 2304: Landroid/os/UserHandle;.isOwner ()Z
12-12 20:13:29.883 16312 16312 D dalvikvm: VFY: replacing opcode 0x6e at 0x000a
12-12 20:13:29.893 16312 16312 I dalvikvm: Could not find method android.content.pm.PackageManager.isInstantApp, referenced from method kkc.a
12-12 20:13:29.893 16312 16312 W dalvikvm: VFY: unable to resolve virtual method 1808: Landroid/content/pm/PackageManager;.isInstantApp (Ljava/lang/String;)Z
12-12 20:13:29.893 16312 16312 D dalvikvm: VFY: replacing opcode 0x6e at 0x002d
12-12 20:13:29.913 16312 16312 I dalvikvm: Could not find method android.content.ContextWrapper.createCredentialProtectedStorageContext, referenced from method jwn.createCredentialProtectedStorageContext
12-12 20:13:29.913 16312 16312 W dalvikvm: VFY: unable to resolve virtual method 1708: Landroid/content/ContextWrapper;.createCredentialProtectedStorageContext ()Landroid/content/Context;
12-12 20:13:29.913 16312 16312 D dalvikvm: VFY: replacing opcode 0x6f at 0x0002
12-12 20:13:29.913 16312 16312 I dalvikvm: Could not find method android.content.ContextWrapper.createDeviceProtectedStorageContext, referenced from method jwn.createDeviceProtectedStorageContext
12-12 20:13:29.913 16312 16312 W dalvikvm: VFY: unable to resolve virtual method 1709: Landroid/content/ContextWrapper;.createDeviceProtectedStorageContext ()Landroid/content/Context;
12-12 20:13:29.913 16312 16312 D dalvikvm: VFY: replacing opcode 0x6f at 0x0002
12-12 20:13:29.923 16312 16312 D dalvikvm: DexOpt: couldn't find static field Landroid/os/Build;.SUPPORTED_ABIS
12-12 20:13:29.923 16312 16312 W dalvikvm: VFY: unable to resolve static field 918 (SUPPORTED_ABIS) in Landroid/os/Build;
12-12 20:13:29.923 16312 16312 D dalvikvm: VFY: replacing opcode 0x62 at 0x0008
12-12 20:13:29.923 16312 16312 D dalvikvm: DexOpt: couldn't find static field Landroid/os/Build;.SUPPORTED_ABIS
12-12 20:13:29.923 16312 16312 W dalvikvm: VFY: unable to resolve static field 918 (SUPPORTED_ABIS) in Landroid/os/Build;
12-12 20:13:29.923 16312 16312 D dalvikvm: VFY: replacing opcode 0x62 at 0x0097
12-12 20:13:29.933 16312 16312 D dalvikvm: DexOpt: couldn't find field Landroid/content/pm/ApplicationInfo;.splitSourceDirs
12-12 20:13:29.933 16312 16312 W dalvikvm: VFY: unable to resolve instance field 849
12-12 20:13:29.933 16312 16312 D dalvikvm: VFY: replacing opcode 0x54 at 0x0053
12-12 20:13:29.933 16312 16312 D dalvikvm: DexOpt: couldn't find field Landroid/content/pm/ApplicationInfo;.splitSourceDirs
12-12 20:13:29.933 16312 16312 I dalvikvm: DexOpt: unable to optimize instance field ref 0x0351 at 0x57 in Lkgr;.d
12-12 20:13:29.943 16312 16312 D dalvikvm: Trying to load lib /data/app-lib/com.google.android.gms-1317/libgmscore.so 0x428b6178
12-12 20:13:29.943 16312 16312 D dalvikvm: Added shared lib /data/app-lib/com.google.android.gms-1317/libgmscore.so 0x428b6178
12-12 20:13:29.953 16312 16312 D dalvikvm: No JNI_OnLoad found in /data/app-lib/com.google.android.gms-1317/libgmscore.so 0x428b6178, skipping init
12-12 20:13:29.953 16312 16312 D dalvikvm: Trying to load lib /data/app-lib/com.google.android.gms-1317/libconscrypt_gmscore_jni.so 0x428b6178
12-12 20:13:29.953 16312 16312 D dalvikvm: Added shared lib /data/app-lib/com.google.android.gms-1317/libconscrypt_gmscore_jni.so 0x428b6178
12-12 20:13:29.953 16063 16073 W ConfigurationChimeraPro: Got null configs for com.google.android.gms.auth.api.credentials
12-12 20:13:29.953 16312 16312 V NativeCrypto: Registering com/google/android/gms/org/conscrypt/NativeCrypto's 276 native methods...
12-12 20:13:29.983 16523 16523 D AndroidRuntime: Shutting down VM
12-12 20:13:29.993 16523 16542 D dalvikvm: GC_CONCURRENT freed 570K, 46% free 682K/1256K, paused 0ms+1ms, total 4ms
12-12 20:13:29.993 16312 16312 E dalvikvm: Could not find class 'javax.net.ssl.SNIServerName', referenced from method com.google.android.gms.org.conscrypt.Platform.getSniHostnameFromParams
12-12 20:13:29.993 16312 16312 W dalvikvm: VFY: unable to resolve check-cast 2222 (Ljavax/net/ssl/SNIServerName;) in Lcom/google/android/gms/org/conscrypt/Platform;
12-12 20:13:29.993 16312 16312 D dalvikvm: VFY: replacing opcode 0x1f at 0x0025
12-12 20:13:29.993 16548 16548 I DBG_DIAGMONDM: [1.140521.0521][Line:70][onCreate] nStatus : 0
12-12 20:13:29.993 16312 16312 E dalvikvm: Could not find class 'javax.net.ssl.SNIHostName', referenced from method com.google.android.gms.org.conscrypt.Platform.setParametersSniHostname
12-12 20:13:29.993 16312 16312 W dalvikvm: VFY: unable to resolve new-instance 2221 (Ljavax/net/ssl/SNIHostName;) in Lcom/google/android/gms/org/conscrypt/Platform;
12-12 20:13:29.993 16312 16312 D dalvikvm: VFY: replacing opcode 0x22 at 0x0024
12-12 20:13:29.993 16312 16312 E dalvikvm: Could not find class 'javax.net.ssl.SNIHostName', referenced from method com.google.android.gms.org.conscrypt.Platform.setParametersSniHostname
12-12 20:13:29.993 16312 16312 W dalvikvm: VFY: unable to resolve new-instance 2221 (Ljavax/net/ssl/SNIHostName;) in Lcom/google/android/gms/org/conscrypt/Platform;
12-12 20:13:29.993 16312 16312 D dalvikvm: VFY: replacing opcode 0x22 at 0x0024
12-12 20:13:30.003 16312 16312 W dalvikvm: Unable to resolve superclass of Lcom/google/android/gms/org/conscrypt/DelegatingExtendedSSLSession; (2212)
12-12 20:13:30.003 16312 16312 W dalvikvm: Link of class 'Lcom/google/android/gms/org/conscrypt/DelegatingExtendedSSLSession;' failed
12-12 20:13:30.003 16312 16312 E dalvikvm: Could not find class 'com.google.android.gms.org.conscrypt.DelegatingExtendedSSLSession', referenced from method com.google.android.gms.org.conscrypt.Platform.unwrapSSLSession
12-12 20:13:30.003 16312 16312 W dalvikvm: VFY: unable to resolve instanceof 1304 (Lcom/google/android/gms/org/conscrypt/DelegatingExtendedSSLSession;) in Lcom/google/android/gms/org/conscrypt/Platform;
12-12 20:13:30.003 16312 16312 D dalvikvm: VFY: replacing opcode 0x20 at 0x0007
12-12 20:13:30.003 16312 16312 W dalvikvm: Unable to resolve superclass of Lcom/google/android/gms/org/conscrypt/DelegatingExtendedSSLSession; (2212)
12-12 20:13:30.003 16312 16312 W dalvikvm: Link of class 'Lcom/google/android/gms/org/conscrypt/DelegatingExtendedSSLSession;' failed
12-12 20:13:30.003 16312 16312 E dalvikvm: Could not find class 'com.google.android.gms.org.conscrypt.DelegatingExtendedSSLSession', referenced from method com.google.android.gms.org.conscrypt.Platform.wrapSSLSession
12-12 20:13:30.003 16312 16312 W dalvikvm: VFY: unable to resolve new-instance 1304 (Lcom/google/android/gms/org/conscrypt/DelegatingExtendedSSLSession;) in Lcom/google/android/gms/org/conscrypt/Platform;
12-12 20:13:30.003 16312 16312 D dalvikvm: VFY: replacing opcode 0x22 at 0x0007
12-12 20:13:30.003 16312 16312 D dalvikvm: DexOpt: unable to opt direct call 0x3096 at 0x2a in Lcom/google/android/gms/org/conscrypt/Platform;.setParametersSniHostname
12-12 20:13:30.003 16312 16312 D dalvikvm: DexOpt: unable to opt direct call 0x3096 at 0x2a in Lcom/google/android/gms/org/conscrypt/Platform;.setParametersSniHostname
12-12 20:13:30.013 16331 16337 I dalvikvm: Total arena pages for JIT: 11
12-12 20:13:30.013 16312 16312 W dalvikvm: Unable to resolve superclass of Lcom/google/android/gms/org/conscrypt/DelegatingExtendedSSLSession; (2212)
12-12 20:13:30.013 16331 16337 I dalvikvm: Total arena pages for JIT: 12
12-12 20:13:30.013 16312 16312 W dalvikvm: Link of class 'Lcom/google/android/gms/org/conscrypt/DelegatingExtendedSSLSession;' failed
12-12 20:13:30.013 16331 16337 I dalvikvm: Total arena pages for JIT: 13
12-12 20:13:30.013 16331 16337 I dalvikvm: Total arena pages for JIT: 14
12-12 20:13:30.013 16312 16312 D dalvikvm: DexOpt: unable to opt direct call 0x1b67 at 0x09 in Lcom/google/android/gms/org/conscrypt/Platform;.wrapSSLSession
12-12 20:13:30.023 16063 16372 W ConfigurationChimeraPro: Got null configs for com.google.android.gms.auth.api.phone
12-12 20:13:30.113 16569 16569 I SELinux : Function: selinux_android_load_priority [0], There is no sepolicy file.
12-12 20:13:30.113 16569 16569 I SELinux :  
12-12 20:13:30.113 16569 16569 I SELinux : Function: selinux_android_load_priority [1], There is no sepolicy version file.
12-12 20:13:30.113 16569 16569 I SELinux :  
12-12 20:13:30.113 16569 16569 I SELinux : Function: selinux_android_load_priority , priority version is VE=SEPF_SM-T530NU_4.4.2_0028
12-12 20:13:30.113 16569 16569 I SELinux :  
12-12 20:13:30.113 16569 16569 I SELinux :  
12-12 20:13:30.113 16569 16569 I SELinux : selinux_android_seapp_context_reload: seapp_contexts file is loaded from /seapp_contexts
12-12 20:13:30.163 16331 16438 I Auth    : [AuthManaged,AuthManagedModuleInitIntentOperation] enabling com.google.android.gms.auth.managed.ui.EmmActivity
12-12 20:13:30.163 16331 16438 I Auth    : [AuthManaged,AuthManagedModuleInitIntentOperation] enabling com.google.android.gms.auth.managed.ui.PhoneskyDpcInstallActivity
12-12 20:13:30.163 16331 16438 I dalvikvm: Could not find method android.os.UserManager.isManagedProfile, referenced from method com.google.android.gms.auth.managed.intentoperations.SetupWorkProfileSettingsIntentOperation.a
12-12 20:13:30.163 16331 16438 W dalvikvm: VFY: unable to resolve virtual method 5003: Landroid/os/UserManager;.isManagedProfile ()Z
12-12 20:13:30.163 16331 16438 D dalvikvm: VFY: replacing opcode 0x6e at 0x0021
12-12 20:13:30.203 16063 16373 W ConfigurationChimeraPro: Got null configs for com.google.android.gms.herrevad
12-12 20:13:30.203 16063 16073 W ConfigurationChimeraPro: Got null configs for com.google.android.gms.auth_cryptauth
12-12 20:13:30.203   787  1048 W ActivityManager: Permission Denial: getCurrentUser() from pid=16569, uid=10007 requires android.permission.INTERACT_ACROSS_USERS
12-12 20:13:30.223 16312 16312 D dalvikvm: Trying to load lib /data/app-lib/com.google.android.gms-1317/libgmscore.so 0x428b6178
12-12 20:13:30.223 16312 16312 D dalvikvm: Shared lib '/data/app-lib/com.google.android.gms-1317/libgmscore.so' already loaded in same CL 0x428b6178
12-12 20:13:30.223 16312 16312 D dalvikvm: Trying to load lib /data/app-lib/com.google.android.gms-1317/libconscrypt_gmscore_jni.so 0x428b6178
12-12 20:13:30.223 16312 16312 D dalvikvm: Shared lib '/data/app-lib/com.google.android.gms-1317/libconscrypt_gmscore_jni.so' already loaded in same CL 0x428b6178
12-12 20:13:30.233 16331 16427 I CryptauthV2: [OldAuthzenDatabase] Deleting SigningKey for handle: device_key
12-12 20:13:30.243 16331 16582 I dalvikvm: Could not find method android.telephony.CellIdentityLte.getEarfcn, referenced from method rrq.a
12-12 20:13:30.243 16331 16582 W dalvikvm: VFY: unable to resolve virtual method 16950: Landroid/telephony/CellIdentityLte;.getEarfcn ()I
12-12 20:13:30.243 16331 16582 D dalvikvm: VFY: replacing opcode 0x6e at 0x0031
12-12 20:13:30.263 16331 16583 I dalvikvm: Could not find method android.app.Notification$Builder.setVisibility, referenced from method gcg.a
12-12 20:13:30.263 16331 16583 W dalvikvm: VFY: unable to resolve virtual method 3136: Landroid/app/Notification$Builder;.setVisibility (I)Landroid/app/Notification$Builder;
12-12 20:13:30.263 16331 16583 D dalvikvm: VFY: replacing opcode 0x6e at 0x002f
12-12 20:13:30.263 16331 16582 I dalvikvm: Could not find method android.telephony.TelephonyManager.getImei, referenced from method rrq.b
12-12 20:13:30.263 16331 16582 W dalvikvm: VFY: unable to resolve virtual method 17010: Landroid/telephony/TelephonyManager;.getImei ()Ljava/lang/String;
12-12 20:13:30.263 16331 16582 D dalvikvm: VFY: replacing opcode 0x6e at 0x0018
12-12 20:13:30.263 16331 16583 E dalvikvm: Could not find class 'android.app.NotificationChannel', referenced from method gcg.a
12-12 20:13:30.263 16331 16583 W dalvikvm: VFY: unable to resolve check-cast 682 (Landroid/app/NotificationChannel;) in Lgcg;
12-12 20:13:30.263 16331 16583 D dalvikvm: VFY: replacing opcode 0x1f at 0x0017
12-12 20:13:30.273 16331 16583 D dalvikvm: DexOpt: unable to opt direct call 0x0c4e at 0x12c in Lgcg;.a
12-12 20:13:30.273 16331 16583 D dalvikvm: DexOpt: couldn't find static field Landroid/app/Notification;.AUDIO_ATTRIBUTES_DEFAULT
12-12 20:13:30.273 16331 16583 I dalvikvm: DexOpt: unable to optimize static field ref 0x0708 at 0x135 in Lgcg;.a
12-12 20:13:30.273 16331 16583 W ChimeraUtils: Non Chimera context
12-12 20:13:30.303 16331 16582 I dalvikvm: Could not find method android.net.ConnectivityManager.getAllNetworks, referenced from method rrq.d
12-12 20:13:30.303 16331 16582 W dalvikvm: VFY: unable to resolve virtual method 16325: Landroid/net/ConnectivityManager;.getAllNetworks ()[Landroid/net/Network;
12-12 20:13:30.303 16331 16582 D dalvikvm: VFY: replacing opcode 0x6e at 0x0059
12-12 20:13:30.303 16312 16312 I ProviderInstaller: Installed default security provider GmsCore_OpenSSL
12-12 20:13:30.303 16586 16586 I SELinux : Function: selinux_android_load_priority [0], There is no sepolicy file.
12-12 20:13:30.303 16586 16586 I SELinux :  
12-12 20:13:30.303 16586 16586 I SELinux : Function: selinux_android_load_priority [1], There is no sepolicy version file.
12-12 20:13:30.303 16586 16586 I SELinux :  
12-12 20:13:30.303 16586 16586 I SELinux : Function: selinux_android_load_priority , priority version is VE=SEPF_SM-T530NU_4.4.2_0028
12-12 20:13:30.303 16586 16586 I SELinux :  
12-12 20:13:30.303 16586 16586 I SELinux :  
12-12 20:13:30.303 16586 16586 I SELinux : selinux_android_seapp_context_reload: seapp_contexts file is loaded from /seapp_contexts
12-12 20:13:30.323 16331 16427 W CryptauthV2: [OldAuthzenDatabase] Unexpected number of rows deleted: 0
12-12 20:13:30.333 16312 16312 I dalvikvm: Could not find method android.app.AppOpsManager.permissionToOp, referenced from method pq.a
12-12 20:13:30.333 16312 16312 W dalvikvm: VFY: unable to resolve static method 1450: Landroid/app/AppOpsManager;.permissionToOp (Ljava/lang/String;)Ljava/lang/String;
12-12 20:13:30.333 16312 16312 D dalvikvm: VFY: replacing opcode 0x71 at 0x000f
12-12 20:13:30.333 16312 16312 I dalvikvm: Could not find method android.content.Context.getSystemService, referenced from method pq.a
12-12 20:13:30.333 16312 16312 W dalvikvm: VFY: unable to resolve virtual method 1684: Landroid/content/Context;.getSystemService (Ljava/lang/Class;)Ljava/lang/Object;
12-12 20:13:30.333 16312 16312 D dalvikvm: VFY: replacing opcode 0x6e at 0x0030
12-12 20:13:30.353 16063 16074 W ConfigurationChimeraPro: Got null configs for com.google.android.gms
12-12 20:13:30.373 16331 16335 D dalvikvm: GC_CONCURRENT freed 1670K, 54% free 6632K/14132K, paused 24ms+8ms, total 88ms
12-12 20:13:30.403 16586 16586 I DBG_DM  : [][Line:95][onCreate] 
12-12 20:13:30.403 16586 16586 E DBG_DM  : BootingfileStream is null
12-12 20:13:30.403 16586 16586 E DBG_DM  : xdmCreateBootingFilestream
12-12 20:13:30.403 16063 16373 W ConfigurationChimeraPro: Got null configs for com.google.android.gms.auth_authzen
12-12 20:13:30.403 16063 16073 W ConfigurationChimeraPro: Got null configs for com.google.android.gms.backup
12-12 20:13:30.413 16312 16312 I dalvikvm: Could not find method android.content.ContextWrapper.createCredentialProtectedStorageContext, referenced from method jia.createCredentialProtectedStorageContext
12-12 20:13:30.413 16312 16312 W dalvikvm: VFY: unable to resolve virtual method 1708: Landroid/content/ContextWrapper;.createCredentialProtectedStorageContext ()Landroid/content/Context;
12-12 20:13:30.413 16312 16312 D dalvikvm: VFY: replacing opcode 0x6f at 0x0002
12-12 20:13:30.413 16312 16312 I dalvikvm: Could not find method android.content.ContextWrapper.createDeviceProtectedStorageContext, referenced from method jia.createDeviceProtectedStorageContext
12-12 20:13:30.413 16312 16312 W dalvikvm: VFY: unable to resolve virtual method 1709: Landroid/content/ContextWrapper;.createDeviceProtectedStorageContext ()Landroid/content/Context;
12-12 20:13:30.413 16312 16312 D dalvikvm: VFY: replacing opcode 0x6f at 0x0002
12-12 20:13:30.423 16331 16427 I Backup  : [PreLComponentEnabler] Enabling pre-L components
12-12 20:13:30.433 16331 16583 W dalvikvm: VFY: unable to find class referenced in signature (Landroid/net/Network;)
12-12 20:13:30.433 16331 16583 I dalvikvm: Could not find method android.net.Network.openConnection, referenced from method rsp.a
12-12 20:13:30.433 16331 16583 W dalvikvm: VFY: unable to resolve virtual method 16338: Landroid/net/Network;.openConnection (Ljava/net/URL;)Ljava/net/URLConnection;
12-12 20:13:30.433 16331 16583 D dalvikvm: VFY: replacing opcode 0x6e at 0x00ab
12-12 20:13:30.453 16331 16583 E BaseAppContext: Tried to stop global GMSCore RequestQueue. This is likely unintended, so ignoring.
12-12 20:13:30.463 16569 16585 W System.err: [DEBUG] GbaRequest - GbaRequest: Constructor Called 222 userAgent null
12-12 20:13:30.463 16569 16585 W System.err: [DEBUG] NafRequest - NafRequest: NafRequest constructor===useragent null
12-12 20:13:30.493 16331 16583 I Authzen : [AuthZenEventHandler] Handling event: com.google.android.chimera.IntentOperation.NEW_MODULE
12-12 20:13:30.523 16312 16380 D dalvikvm: GC_EXPLICIT freed 1295K, 56% free 6261K/14132K, paused 11ms+5ms, total 57ms
12-12 20:13:30.523 16312 16601 D dalvikvm: WAIT_FOR_CONCURRENT_GC blocked 32ms
12-12 20:13:30.603   787  1235 D dalvikvm: GC_EXPLICIT freed 2129K, 47% free 22881K/42952K, paused 6ms+16ms, total 170ms
12-12 20:13:30.633 16312 16312 I dalvikvm: Could not find method android.app.admin.DevicePolicyManager.isProfileOwnerApp, referenced from method gdu.b
12-12 20:13:30.633 16312 16312 W dalvikvm: VFY: unable to resolve virtual method 3247: Landroid/app/admin/DevicePolicyManager;.isProfileOwnerApp (Ljava/lang/String;)Z
12-12 20:13:30.633 16312 16312 D dalvikvm: VFY: replacing opcode 0x6e at 0x0011
12-12 20:13:30.633 16312 16312 I dalvikvm: Could not find method android.app.admin.DevicePolicyManager.getProfileOwner, referenced from method gdu.a
12-12 20:13:30.633 16312 16312 W dalvikvm: VFY: unable to resolve virtual method 3245: Landroid/app/admin/DevicePolicyManager;.getProfileOwner ()Landroid/content/ComponentName;
12-12 20:13:30.633 16312 16312 D dalvikvm: VFY: replacing opcode 0x6e at 0x0012
12-12 20:13:30.643 16569 16585 I System.out: Thread-622(ApacheHTTPLog):Reading from variable values from setDefaultValuesToVariables
12-12 20:13:30.643 16586 16586 I DBG_DM  : [3.19.140441][Line:832][xdmGetCheckWifiOnlyModel] isWifiOnly : true
12-12 20:13:30.653 16586 16586 I DBG_DM  : [3.19.140441][Line:847][xdmGetCheckDataOnly] Voice : false
12-12 20:13:30.653 16586 16586 I DBG_DM  : [3.19.140441][Line:848][xdmGetCheckDataOnly] SMS : false
12-12 20:13:30.653 16586 16586 I DBG_DM  : [3.19.140441][Line:854][xdmGetCheckDataOnly] isDataOnly : false
12-12 20:13:30.693 16569 16585 I System.out: Thread-622(ApacheHTTPLog):isShipBuild true
12-12 20:13:30.703 16569 16585 I System.out: Thread-622(ApacheHTTPLog):SmartBonding Enabling is false, SHIP_BUILD is true, log to file is false, DBG is false
12-12 20:13:30.723 16331 16427 W ChimeraUtils: Non Chimera context
12-12 20:13:30.723 16312 16312 I dalvikvm: Could not find method android.app.Notification.getChannelId, referenced from method jvh.a
12-12 20:13:30.723 16312 16312 W dalvikvm: VFY: unable to resolve virtual method 3148: Landroid/app/Notification;.getChannelId ()Ljava/lang/String;
12-12 20:13:30.723 16312 16312 D dalvikvm: VFY: replacing opcode 0x6e at 0x0006
12-12 20:13:30.723 16312 16312 I dalvikvm: Could not find method android.app.NotificationManager.getNotificationChannel, referenced from method jvh.a
12-12 20:13:30.723 16312 16312 W dalvikvm: VFY: unable to resolve virtual method 3163: Landroid/app/NotificationManager;.getNotificationChannel (Ljava/lang/String;)Landroid/app/NotificationChannel;
12-12 20:13:30.723 16312 16312 D dalvikvm: VFY: replacing opcode 0x6e at 0x0008
12-12 20:13:30.733 16312 16312 W dalvikvm: VFY: unable to find class referenced in signature (Landroid/app/NotificationChannel;)
12-12 20:13:30.733 16312 16312 I dalvikvm: Could not find method android.app.NotificationManager.getNotificationChannels, referenced from method jvh.a
12-12 20:13:30.733 16312 16312 W dalvikvm: VFY: unable to resolve virtual method 3164: Landroid/app/NotificationManager;.getNotificationChannels ()Ljava/util/List;
12-12 20:13:30.733 16312 16312 D dalvikvm: VFY: replacing opcode 0x6e at 0x0008
12-12 20:13:30.733 16312 16312 W dalvikvm: VFY: unable to find class referenced in signature (Landroid/app/NotificationChannel;)
12-12 20:13:30.733 16312 16312 I dalvikvm: Could not find method android.app.NotificationManager.createNotificationChannel, referenced from method jvh.a
12-12 20:13:30.733 16312 16312 W dalvikvm: VFY: unable to resolve virtual method 3160: Landroid/app/NotificationManager;.createNotificationChannel (Landroid/app/NotificationChannel;)V
12-12 20:13:30.733 16312 16312 D dalvikvm: VFY: replacing opcode 0x6e at 0x0008
12-12 20:13:30.733 16312 16312 W dalvikvm: VFY: unable to find class referenced in signature (Landroid/app/NotificationChannelGroup;)
12-12 20:13:30.733 16312 16312 I dalvikvm: Could not find method android.app.NotificationManager.createNotificationChannelGroup, referenced from method jvh.a
12-12 20:13:30.733 16312 16312 W dalvikvm: VFY: unable to resolve virtual method 3161: Landroid/app/NotificationManager;.createNotificationChannelGroup (Landroid/app/NotificationChannelGroup;)V
12-12 20:13:30.733 16312 16312 D dalvikvm: VFY: replacing opcode 0x6e at 0x0008
12-12 20:13:30.733 16312 16312 I dalvikvm: Could not find method android.app.NotificationManager.deleteNotificationChannel, referenced from method jvh.b
12-12 20:13:30.733 16312 16312 W dalvikvm: VFY: unable to resolve virtual method 3162: Landroid/app/NotificationManager;.deleteNotificationChannel (Ljava/lang/String;)V
12-12 20:13:30.733 16312 16312 D dalvikvm: VFY: replacing opcode 0x6e at 0x0008
12-12 20:13:30.733 16312 16312 D dalvikvm: DexOpt: unable to opt direct call 0x0c4e at 0x21 in Ljvh;.a
12-12 20:13:30.743 16312 16312 I dalvikvm: Could not find method android.content.pm.PackageManager.getPackageInstaller, referenced from method izp.a
12-12 20:13:30.743 16312 16312 W dalvikvm: VFY: unable to resolve virtual method 1801: Landroid/content/pm/PackageManager;.getPackageInstaller ()Landroid/content/pm/PackageInstaller;
12-12 20:13:30.743 16312 16312 D dalvikvm: VFY: replacing opcode 0x6e at 0x001c
12-12 20:13:30.743 16586 16586 I DBG_DM  : [3.19.140441][Line:125][xdmCheckFeatureRoamingWifiOnly] get SecProductFeature
12-12 20:13:30.753 16586 16586 I DBG_DM  : [3.19.140441][Line:140][xdmCheckFeatureRoamingUnableNetworkMsg] get SecProductFeature
12-12 20:13:30.783 16331 16427 E dalvikvm: Could not find class 'android.telephony.SubscriptionManager', referenced from method com.google.android.gms.checkin.CheckinChimeraService.c
12-12 20:13:30.783 16331 16427 W dalvikvm: VFY: unable to resolve check-cast 1182 (Landroid/telephony/SubscriptionManager;) in Lcom/google/android/gms/checkin/CheckinChimeraService;
12-12 20:13:30.783 16331 16427 D dalvikvm: VFY: replacing opcode 0x1f at 0x000e
12-12 20:13:30.783 16586 16586 I DBG_DM  : [3.19.140441][Line:36][onCreate] myUserId : 0
12-12 20:13:30.793 16312 16613 I Auth    : [Change,AccountsChange] First snapshot
12-12 20:13:30.793 16312 16312 I dalvikvm: Could not find method android.accounts.AccountManager.removeAccount, referenced from method exi.a
12-12 20:13:30.793 16312 16312 W dalvikvm: VFY: unable to resolve virtual method 2865: Landroid/accounts/AccountManager;.removeAccount (Landroid/accounts/Account;Landroid/app/Activity;Landroid/accounts/AccountManagerCallback;Landroid/os/Handler;)Landroid/accounts/AccountManagerFuture;
12-12 20:13:30.793 16312 16312 D dalvikvm: VFY: replacing opcode 0x6e at 0x0004
12-12 20:13:30.793 16312 16312 I dalvikvm: Could not find method android.os.UserManager.isManagedProfile, referenced from method exi.a
12-12 20:13:30.793 16312 16312 W dalvikvm: VFY: unable to resolve virtual method 5003: Landroid/os/UserManager;.isManagedProfile ()Z
12-12 20:13:30.793 16312 16312 D dalvikvm: VFY: replacing opcode 0x6e at 0x0028
12-12 20:13:30.813 16312 16613 W WakefulBroadcastReceiv.: No active wake lock id #1
12-12 20:13:30.813 16586 16586 I DBG_DM  : [3.19.140441][Line:2658][xdmDbsqlGetFUMOStatus] xdbsqlGetFUMOStatus : 0
12-12 20:13:30.833 16586 16586 I DBG_DM  : [3.19.140441][Line:2697][xdmdbsqlGetDownloadPostponeStatus] xdbsqlGetDownloadPostponeStatus : 0
12-12 20:13:30.843   787   863 D SensorService:   -0.7 0.5 9.5
12-12 20:13:30.873 16586 16586 I DBG_DM  : [3.19.140441][Line:2645][xdmGetUpdateReport] wssGetUpdateReport : 0
12-12 20:13:30.873 16586 16586 I DBG_DM  : [3.19.140441][Line:99][onCreate] DMApplication NOT Start !
12-12 20:13:30.893 16063 16073 W ConfigurationChimeraPro: Got null configs for com.google.android.gms.auth.account.base
12-12 20:13:30.913 16312 16312 I dalvikvm: Could not find method android.os.UserManager.isManagedProfile, referenced from method gjk.run
12-12 20:13:30.913 16312 16312 W dalvikvm: VFY: unable to resolve virtual method 5003: Landroid/os/UserManager;.isManagedProfile ()Z
12-12 20:13:30.913 16312 16312 D dalvikvm: VFY: replacing opcode 0x6e at 0x0100
12-12 20:13:30.923 16331 16331 D dalvikvm: DexOpt: couldn't find field Landroid/os/Message;.sendingUid
12-12 20:13:30.923 16331 16331 W dalvikvm: VFY: unable to resolve instance field 8902
12-12 20:13:30.923 16331 16331 D dalvikvm: VFY: replacing opcode 0x52 at 0x0002
12-12 20:13:30.943 16312 16312 I dalvikvm: Could not find method android.app.AlarmManager.cancel, referenced from method kah.a
12-12 20:13:30.943 16312 16312 W dalvikvm: VFY: unable to resolve virtual method 3008: Landroid/app/AlarmManager;.cancel (Landroid/app/AlarmManager$OnAlarmListener;)V
12-12 20:13:30.943 16312 16312 D dalvikvm: VFY: replacing opcode 0x6e at 0x0002
12-12 20:13:30.943 16312 16312 I dalvikvm: Could not find method android.app.AlarmManager.set, referenced from method kah.a
12-12 20:13:30.943 16312 16312 W dalvikvm: VFY: unable to resolve virtual method 3010: Landroid/app/AlarmManager;.set (IJJJLandroid/app/AlarmManager$OnAlarmListener;Landroid/os/Handler;Landroid/os/WorkSource;)V
12-12 20:13:30.943 16312 16312 D dalvikvm: VFY: replacing opcode 0x74 at 0x0018
12-12 20:13:30.943 16312 16312 I dalvikvm: Could not find method android.app.AlarmManager.setExactAndAllowWhileIdle, referenced from method kah.a
12-12 20:13:30.943 16312 16312 W dalvikvm: VFY: unable to resolve virtual method 3014: Landroid/app/AlarmManager;.setExactAndAllowWhileIdle (IJLandroid/app/PendingIntent;)V
12-12 20:13:30.943 16312 16312 D dalvikvm: VFY: replacing opcode 0x6e at 0x0011
12-12 20:13:30.943 16312 16312 I dalvikvm: Could not find method android.app.AlarmManager.setAndAllowWhileIdle, referenced from method kah.a
12-12 20:13:30.943 16312 16312 W dalvikvm: VFY: unable to resolve virtual method 3013: Landroid/app/AlarmManager;.setAndAllowWhileIdle (IJLandroid/app/PendingIntent;)V
12-12 20:13:30.943 16312 16312 D dalvikvm: VFY: replacing opcode 0x6e at 0x0010
12-12 20:13:30.943 16063 16372 W ConfigurationChimeraPro: Got null configs for com.google.android.gms.auth_authzen
12-12 20:13:30.983 16331 16566 I CheckinCompat: Disabling old GoogleServicesFramework version
12-12 20:13:31.033 16063 16063 W ConfigurationChimeraPro: Got null configs for com.google.android.gms.contextmanager
12-12 20:13:31.083 16638 16638 I SELinux : Function: selinux_android_load_priority [0], There is no sepolicy file.
12-12 20:13:31.083 16638 16638 I SELinux :  
12-12 20:13:31.083 16638 16638 I SELinux : Function: selinux_android_load_priority [1], There is no sepolicy version file.
12-12 20:13:31.083 16638 16638 I SELinux :  
12-12 20:13:31.083 16638 16638 I SELinux : Function: selinux_android_load_priority , priority version is VE=SEPF_SM-T530NU_4.4.2_0028
12-12 20:13:31.083 16638 16638 I SELinux :  
12-12 20:13:31.083 16638 16638 I SELinux :  
12-12 20:13:31.083 16638 16638 I SELinux : selinux_android_seapp_context_reload: seapp_contexts file is loaded from /seapp_contexts
12-12 20:13:31.093 16331 16335 D dalvikvm: GC_CONCURRENT freed 1812K, 52% free 6855K/14132K, paused 7ms+14ms, total 57ms
12-12 20:13:31.133 16331 16426 E ConfigFileUtils: Failed to read config file: /data/data/com.google.android.gms/app_chimera/current_fileapks.pb: open failed: ENOENT (No such file or directory)
12-12 20:13:31.133 16063 16074 W dalvikvm: VFY: unable to find class referenced in signature (Landroid/net/Network;)
12-12 20:13:31.143 16331 16650 I dalvikvm: Could not find method android.app.KeyguardManager.isDeviceSecure, referenced from method kfn.a
12-12 20:13:31.143 16331 16650 W dalvikvm: VFY: unable to resolve virtual method 3105: Landroid/app/KeyguardManager;.isDeviceSecure ()Z
12-12 20:13:31.143 16331 16650 D dalvikvm: VFY: replacing opcode 0x6e at 0x02c0
12-12 20:13:31.153 16331 16427 E ConfigFileUtils: Failed to read config file: /data/data/com.google.android.gms/app_chimera/current_fileapks.pb: open failed: ENOENT (No such file or directory)
12-12 20:13:31.153 16331 16650 D dalvikvm: DexOpt: couldn't find static field Landroid/os/Build$VERSION;.SECURITY_PATCH
12-12 20:13:31.153 16331 16650 W dalvikvm: VFY: unable to resolve static field 1994 (SECURITY_PATCH) in Landroid/os/Build$VERSION;
12-12 20:13:31.153 16331 16650 D dalvikvm: VFY: replacing opcode 0x62 at 0x021f
12-12 20:13:31.153 16331 16650 D dalvikvm: DexOpt: couldn't find static field Landroid/os/Build;.SUPPORTED_ABIS
12-12 20:13:31.153 16331 16650 W dalvikvm: VFY: unable to resolve static field 2011 (SUPPORTED_ABIS) in Landroid/os/Build;
12-12 20:13:31.153 16331 16650 D dalvikvm: VFY: replacing opcode 0x62 at 0x0011
12-12 20:13:31.163 16331 16650 D dalvikvm: DexOpt: couldn't find static field Landroid/os/Build;.SUPPORTED_ABIS
12-12 20:13:31.163 16331 16650 I dalvikvm: DexOpt: unable to optimize static field ref 0x07db at 0x15 in Lkfn;.a
12-12 20:13:31.163 16331 16650 I DeviceConfigUtils: android.os.VintfObject class not found : android.os.VintfObject
12-12 20:13:31.193 16331 16650 I EventLogChimeraService: Accumulating logs since 0
12-12 20:13:31.203 16063 16063 E dalvikvm: Could not find class 'android.app.usage.UsageStatsManager', referenced from method dhl.j
12-12 20:13:31.203 16063 16063 W dalvikvm: VFY: unable to resolve check-cast 702 (Landroid/app/usage/UsageStatsManager;) in Ldhl;
12-12 20:13:31.203 16063 16063 D dalvikvm: VFY: replacing opcode 0x1f at 0x0020
